[2020-03-27T04:53:37.713+0000][1][gc] Using Concurrent Mark Sweep
[2020-03-27T04:53:37.713+0000][1][gc,heap,coops] Heap address: 0x00000000e0000000, size: 512 MB, Compressed Oops mode: 32-bit
[2020-03-27T04:53:37.747+0000][1][safepoint    ] Safepoint "EnableBiasedLocking", Time since last: 22719000 ns, Reaching safepoint: 132800 ns, At safepoint: 16700 ns, Total: 149500 ns
[2020-03-27T04:53:37.752+0000][1][safepoint    ] Safepoint "RevokeBias", Time since last: 5381300 ns, Reaching safepoint: 87200 ns, At safepoint: 25200 ns, Total: 112400 ns
[2020-03-27T04:53:37.755+0000][1][safepoint    ] Safepoint "Deoptimize", Time since last: 1887600 ns, Reaching safepoint: 269600 ns, At safepoint: 23000 ns, Total: 292600 ns
[2020-03-27T04:53:37.808+0000][1][safepoint    ] Safepoint "RevokeBias", Time since last: 53099100 ns, Reaching safepoint: 93700 ns, At safepoint: 34900 ns, Total: 128600 ns
[2020-03-27T04:53:37.813+0000][1][safepoint    ] Safepoint "Deoptimize", Time since last: 5303500 ns, Reaching safepoint: 115500 ns, At safepoint: 32000 ns, Total: 147500 ns
[2020-03-27T04:53:37.828+0000][1][safepoint    ] Safepoint "Deoptimize", Time since last: 14463100 ns, Reaching safepoint: 95800 ns, At safepoint: 32600 ns, Total: 128400 ns
[2020-03-27T04:53:38.026+0000][1][safepoint    ] Safepoint "Deoptimize", Time since last: 197861899 ns, Reaching safepoint: 43100 ns, At safepoint: 57700 ns, Total: 100800 ns
[2020-03-27T04:53:38.048+0000][1][safepoint    ] Safepoint "Deoptimize", Time since last: 21596400 ns, Reaching safepoint: 30700 ns, At safepoint: 48400 ns, Total: 79100 ns
[2020-03-27T04:53:38.154+0000][1][gc,start     ] GC(0) Pause Young (Allocation Failure)
[2020-03-27T04:53:38.155+0000][1][gc,task      ] GC(0) Using 2 workers of 2 for evacuation
[2020-03-27T04:53:38.158+0000][1][gc,age       ] GC(0) Desired survivor size 2228224 bytes, new threshold 1 (max threshold 6)
[2020-03-27T04:53:38.159+0000][1][gc,age       ] GC(0) Age table with threshold 1 (max threshold 6)
[2020-03-27T04:53:38.159+0000][1][gc,age       ] GC(0) - age   1:    4430568 bytes,    4430568 total
[2020-03-27T04:53:38.160+0000][1][gc,heap      ] GC(0) ParNew: 34944K->4350K(39296K)
[2020-03-27T04:53:38.160+0000][1][gc,heap      ] GC(0) CMS: 0K->11K(87424K)
[2020-03-27T04:53:38.160+0000][1][gc,metaspace ] GC(0) Metaspace: 7885K->7885K(1056768K)
[2020-03-27T04:53:38.160+0000][1][gc           ] GC(0) Pause Young (Allocation Failure) 34M->4M(123M) 6.310ms
[2020-03-27T04:53:38.161+0000][1][gc,cpu       ] GC(0) User=0.00s Sys=0.00s Real=0.01s
[2020-03-27T04:53:38.161+0000][1][safepoint    ] Safepoint "GenCollectForAllocation", Time since last: 106325900 ns, Reaching safepoint: 116300 ns, At safepoint: 6834300 ns, Total: 6950600 ns
[2020-03-27T04:53:38.162+0000][1][safepoint    ] Safepoint "RevokeBias", Time since last: 971600 ns, Reaching safepoint: 101000 ns, At safepoint: 51300 ns, Total: 152300 ns
[2020-03-27T04:53:38.163+0000][1][safepoint    ] Safepoint "RevokeBias", Time since last: 454700 ns, Reaching safepoint: 255900 ns, At safepoint: 18000 ns, Total: 273900 ns
[2020-03-27T04:53:38.163+0000][1][safepoint    ] Safepoint "RevokeBias", Time since last: 273200 ns, Reaching safepoint: 100500 ns, At safepoint: 52200 ns, Total: 152700 ns
[2020-03-27T04:53:38.164+0000][1][safepoint    ] Safepoint "RevokeBias", Time since last: 896300 ns, Reaching safepoint: 32400 ns, At safepoint: 23700 ns, Total: 56100 ns
[2020-03-27T04:53:38.164+0000][1][safepoint    ] Safepoint "RevokeBias", Time since last: 287100 ns, Reaching safepoint: 9200 ns, At safepoint: 109000 ns, Total: 118200 ns
[2020-03-27T04:53:38.165+0000][1][safepoint    ] Safepoint "RevokeBias", Time since last: 303800 ns, Reaching safepoint: 213500 ns, At safepoint: 23300 ns, Total: 236800 ns
[2020-03-27T04:53:38.165+0000][1][safepoint    ] Safepoint "RevokeBias", Time since last: 237200 ns, Reaching safepoint: 106600 ns, At safepoint: 13000 ns, Total: 119600 ns
[2020-03-27T04:53:38.166+0000][1][safepoint    ] Safepoint "RevokeBias", Time since last: 330800 ns, Reaching safepoint: 7600 ns, At safepoint: 13700 ns, Total: 21300 ns
[2020-03-27T04:53:38.166+0000][1][safepoint    ] Safepoint "RevokeBias", Time since last: 282400 ns, Reaching safepoint: 101200 ns, At safepoint: 41700 ns, Total: 142900 ns
[2020-03-27T04:53:38.167+0000][1][safepoint    ] Safepoint "RevokeBias", Time since last: 248800 ns, Reaching safepoint: 132800 ns, At safepoint: 14500 ns, Total: 147300 ns
[2020-03-27T04:53:38.167+0000][1][safepoint    ] Safepoint "RevokeBias", Time since last: 221600 ns, Reaching safepoint: 78500 ns, At safepoint: 16600 ns, Total: 95100 ns
[2020-03-27T04:53:38.167+0000][1][safepoint    ] Safepoint "RevokeBias", Time since last: 220000 ns, Reaching safepoint: 93400 ns, At safepoint: 11800 ns, Total: 105200 ns
[2020-03-27T04:53:38.168+0000][1][safepoint    ] Safepoint "RevokeBias", Time since last: 228200 ns, Reaching safepoint: 134800 ns, At safepoint: 14400 ns, Total: 149200 ns
[2020-03-27T04:53:38.168+0000][1][safepoint    ] Safepoint "RevokeBias", Time since last: 221200 ns, Reaching safepoint: 87900 ns, At safepoint: 21000 ns, Total: 108900 ns
[2020-03-27T04:53:38.168+0000][1][safepoint    ] Safepoint "RevokeBias", Time since last: 178600 ns, Reaching safepoint: 64200 ns, At safepoint: 31100 ns, Total: 95300 ns
[2020-03-27T04:53:38.169+0000][1][safepoint    ] Safepoint "RevokeBias", Time since last: 195700 ns, Reaching safepoint: 120400 ns, At safepoint: 51600 ns, Total: 172000 ns
[2020-03-27T04:53:38.169+0000][1][safepoint    ] Safepoint "RevokeBias", Time since last: 721500 ns, Reaching safepoint: 137200 ns, At safepoint: 67900 ns, Total: 205100 ns
[2020-03-27T04:53:38.170+0000][1][safepoint    ] Safepoint "RevokeBias", Time since last: 317000 ns, Reaching safepoint: 83100 ns, At safepoint: 83600 ns, Total: 166700 ns
[2020-03-27T04:53:38.170+0000][1][safepoint    ] Safepoint "RevokeBias", Time since last: 281200 ns, Reaching safepoint: 60600 ns, At safepoint: 53700 ns, Total: 114300 ns
[2020-03-27T04:53:38.171+0000][1][safepoint    ] Safepoint "RevokeBias", Time since last: 370800 ns, Reaching safepoint: 92400 ns, At safepoint: 107300 ns, Total: 199700 ns
[2020-03-27T04:53:38.171+0000][1][safepoint    ] Safepoint "RevokeBias", Time since last: 408800 ns, Reaching safepoint: 107700 ns, At safepoint: 35200 ns, Total: 142900 ns
[2020-03-27T04:53:38.172+0000][1][safepoint    ] Safepoint "RevokeBias", Time since last: 260500 ns, Reaching safepoint: 130100 ns, At safepoint: 32300 ns, Total: 162400 ns
[2020-03-27T04:53:38.172+0000][1][safepoint    ] Safepoint "RevokeBias", Time since last: 262400 ns, Reaching safepoint: 7300 ns, At safepoint: 12700 ns, Total: 20000 ns
[2020-03-27T04:53:38.173+0000][1][safepoint    ] Safepoint "RevokeBias", Time since last: 381400 ns, Reaching safepoint: 218200 ns, At safepoint: 19900 ns, Total: 238100 ns
[2020-03-27T04:53:38.173+0000][1][safepoint    ] Safepoint "RevokeBias", Time since last: 330500 ns, Reaching safepoint: 58800 ns, At safepoint: 43800 ns, Total: 102600 ns
[2020-03-27T04:53:38.174+0000][1][safepoint    ] Safepoint "RevokeBias", Time since last: 278600 ns, Reaching safepoint: 170100 ns, At safepoint: 27300 ns, Total: 197400 ns
[2020-03-27T04:53:38.210+0000][1][safepoint    ] Safepoint "Deoptimize", Time since last: 36258700 ns, Reaching safepoint: 97900 ns, At safepoint: 61300 ns, Total: 159200 ns
[2020-03-27T04:53:38.308+0000][1][safepoint    ] Safepoint "Deoptimize", Time since last: 97743900 ns, Reaching safepoint: 103000 ns, At safepoint: 72600 ns, Total: 175600 ns
[2020-03-27T04:53:38.496+0000][1][safepoint    ] Safepoint "Deoptimize", Time since last: 185483099 ns, Reaching safepoint: 2236400 ns, At safepoint: 124700 ns, Total: 2361100 ns
[2020-03-27T04:53:38.548+0000][1][safepoint    ] Safepoint "Deoptimize", Time since last: 51598700 ns, Reaching safepoint: 23100 ns, At safepoint: 158300 ns, Total: 181400 ns
[2020-03-27T04:53:38.549+0000][1][safepoint    ] Safepoint "Deoptimize", Time since last: 568900 ns, Reaching safepoint: 127400 ns, At safepoint: 187000 ns, Total: 314400 ns
[2020-03-27T04:53:38.576+0000][1][safepoint    ] Safepoint "Deoptimize", Time since last: 27365700 ns, Reaching safepoint: 108200 ns, At safepoint: 103900 ns, Total: 212100 ns
[2020-03-27T04:53:38.578+0000][1][safepoint    ] Safepoint "Deoptimize", Time since last: 1875000 ns, Reaching safepoint: 10700 ns, At safepoint: 100300 ns, Total: 111000 ns
[2020-03-27T04:53:38.583+0000][1][safepoint    ] Safepoint "RevokeBias", Time since last: 5189900 ns, Reaching safepoint: 105000 ns, At safepoint: 66200 ns, Total: 171200 ns
[2020-03-27T04:53:38.585+0000][1][safepoint    ] Safepoint "RevokeBias", Time since last: 636500 ns, Reaching safepoint: 397200 ns, At safepoint: 40400 ns, Total: 437600 ns
[2020-03-27T04:53:38.586+0000][1][safepoint    ] Safepoint "RevokeBias", Time since last: 1718400 ns, Reaching safepoint: 89000 ns, At safepoint: 24100 ns, Total: 113100 ns
[2020-03-27T04:53:38.587+0000][1][safepoint    ] Safepoint "RevokeBias", Time since last: 344400 ns, Reaching safepoint: 5800 ns, At safepoint: 34100 ns, Total: 39900 ns
[2020-03-27T04:53:38.587+0000][1][safepoint    ] Safepoint "RevokeBias", Time since last: 305400 ns, Reaching safepoint: 111600 ns, At safepoint: 25700 ns, Total: 137300 ns
[2020-03-27T04:53:38.631+0000][1][gc,start     ] GC(1) Pause Young (Allocation Failure)
[2020-03-27T04:53:38.632+0000][1][gc,task      ] GC(1) Using 2 workers of 2 for evacuation
[2020-03-27T04:53:38.644+0000][1][gc,age       ] GC(1) Desired survivor size 2228224 bytes, new threshold 1 (max threshold 6)
[2020-03-27T04:53:38.645+0000][1][gc,age       ] GC(1) Age table with threshold 1 (max threshold 6)
[2020-03-27T04:53:38.658+0000][1][gc,age       ] GC(1) - age   1:    3797016 bytes,    3797016 total
[2020-03-27T04:53:38.659+0000][1][gc,heap      ] GC(1) ParNew: 39294K->4352K(39296K)
[2020-03-27T04:53:38.660+0000][1][gc,heap      ] GC(1) CMS: 11K->4605K(87424K)
[2020-03-27T04:53:38.661+0000][1][gc,metaspace ] GC(1) Metaspace: 12393K->12393K(1060864K)
[2020-03-27T04:53:38.662+0000][1][gc           ] GC(1) Pause Young (Allocation Failure) 38M->8M(123M) 30.641ms
[2020-03-27T04:53:38.663+0000][1][gc,cpu       ] GC(1) User=0.03s Sys=0.00s Real=0.03s
[2020-03-27T04:53:38.664+0000][1][safepoint    ] Safepoint "GenCollectForAllocation", Time since last: 43913100 ns, Reaching safepoint: 111700 ns, At safepoint: 32755600 ns, Total: 32867300 ns
[2020-03-27T04:53:38.666+0000][1][safepoint    ] Safepoint "RevokeBias", Time since last: 2022900 ns, Reaching safepoint: 43200 ns, At safepoint: 17000 ns, Total: 60200 ns
[2020-03-27T04:53:38.666+0000][1][safepoint    ] Safepoint "RevokeBias", Time since last: 290600 ns, Reaching safepoint: 78600 ns, At safepoint: 28800 ns, Total: 107400 ns
[2020-03-27T04:53:38.984+0000][1][gc,start     ] GC(2) Pause Young (Allocation Failure)
[2020-03-27T04:53:38.985+0000][1][gc,task      ] GC(2) Using 2 workers of 2 for evacuation
[2020-03-27T04:53:38.990+0000][1][gc,age       ] GC(2) Desired survivor size 2228224 bytes, new threshold 1 (max threshold 6)
[2020-03-27T04:53:38.991+0000][1][gc,age       ] GC(2) Age table with threshold 1 (max threshold 6)
[2020-03-27T04:53:38.991+0000][1][gc,age       ] GC(2) - age   1:    2475936 bytes,    2475936 total
[2020-03-27T04:53:38.991+0000][1][gc,heap      ] GC(2) ParNew: 39296K->3353K(39296K)
[2020-03-27T04:53:38.992+0000][1][gc,heap      ] GC(2) CMS: 4605K->6659K(87424K)
[2020-03-27T04:53:38.992+0000][1][gc,metaspace ] GC(2) Metaspace: 15891K->15891K(1064960K)
[2020-03-27T04:53:38.993+0000][1][gc           ] GC(2) Pause Young (Allocation Failure) 42M->9M(123M) 8.440ms
[2020-03-27T04:53:38.993+0000][1][gc,cpu       ] GC(2) User=0.01s Sys=0.00s Real=0.01s
[2020-03-27T04:53:38.993+0000][1][safepoint    ] Safepoint "GenCollectForAllocation", Time since last: 317683499 ns, Reaching safepoint: 59200 ns, At safepoint: 9118900 ns, Total: 9178100 ns
[2020-03-27T04:53:38.994+0000][1][safepoint    ] Safepoint "BulkRevokeBias", Time since last: 472300 ns, Reaching safepoint: 87400 ns, At safepoint: 36700 ns, Total: 124100 ns
[2020-03-27T04:53:38.994+0000][1][safepoint    ] Safepoint "RevokeBias", Time since last: 286800 ns, Reaching safepoint: 165400 ns, At safepoint: 25600 ns, Total: 191000 ns
[2020-03-27T04:53:38.995+0000][1][safepoint    ] Safepoint "RevokeBias", Time since last: 283300 ns, Reaching safepoint: 100400 ns, At safepoint: 33300 ns, Total: 133700 ns
[2020-03-27T04:53:38.995+0000][1][safepoint    ] Safepoint "RevokeBias", Time since last: 312500 ns, Reaching safepoint: 97400 ns, At safepoint: 33100 ns, Total: 130500 ns
[2020-03-27T04:53:38.996+0000][1][safepoint    ] Safepoint "RevokeBias", Time since last: 268900 ns, Reaching safepoint: 131200 ns, At safepoint: 37600 ns, Total: 168800 ns
[2020-03-27T04:53:38.996+0000][1][safepoint    ] Safepoint "RevokeBias", Time since last: 262400 ns, Reaching safepoint: 88400 ns, At safepoint: 28300 ns, Total: 116700 ns
[2020-03-27T04:53:38.997+0000][1][safepoint    ] Safepoint "RevokeBias", Time since last: 258100 ns, Reaching safepoint: 109300 ns, At safepoint: 76600 ns, Total: 185900 ns
[2020-03-27T04:53:38.997+0000][1][safepoint    ] Safepoint "RevokeBias", Time since last: 292300 ns, Reaching safepoint: 100000 ns, At safepoint: 26200 ns, Total: 126200 ns
[2020-03-27T04:53:38.997+0000][1][safepoint    ] Safepoint "RevokeBias", Time since last: 265600 ns, Reaching safepoint: 95200 ns, At safepoint: 14400 ns, Total: 109600 ns
[2020-03-27T04:53:38.998+0000][1][safepoint    ] Safepoint "RevokeBias", Time since last: 293700 ns, Reaching safepoint: 626700 ns, At safepoint: 26500 ns, Total: 653200 ns
[2020-03-27T04:53:38.999+0000][1][safepoint    ] Safepoint "RevokeBias", Time since last: 309100 ns, Reaching safepoint: 166100 ns, At safepoint: 24200 ns, Total: 190300 ns
[2020-03-27T04:53:39.014+0000][1][safepoint    ] Safepoint "RevokeBias", Time since last: 15567800 ns, Reaching safepoint: 98100 ns, At safepoint: 60100 ns, Total: 158200 ns
[2020-03-27T04:53:39.082+0000][1][gc,start     ] GC(3) Pause Young (Allocation Failure)
[2020-03-27T04:53:39.082+0000][1][gc,task      ] GC(3) Using 2 workers of 2 for evacuation
[2020-03-27T04:53:39.086+0000][1][gc,age       ] GC(3) Desired survivor size 2228224 bytes, new threshold 1 (max threshold 6)
[2020-03-27T04:53:39.086+0000][1][gc,age       ] GC(3) Age table with threshold 1 (max threshold 6)
[2020-03-27T04:53:39.087+0000][1][gc,age       ] GC(3) - age   1:    2615264 bytes,    2615264 total
[2020-03-27T04:53:39.087+0000][1][gc,heap      ] GC(3) ParNew: 38297K->3977K(39296K)
[2020-03-27T04:53:39.087+0000][1][gc,heap      ] GC(3) CMS: 6659K->7908K(87424K)
[2020-03-27T04:53:39.088+0000][1][gc,metaspace ] GC(3) Metaspace: 16973K->16973K(1064960K)
[2020-03-27T04:53:39.088+0000][1][gc           ] GC(3) Pause Young (Allocation Failure) 43M->11M(123M) 6.518ms
[2020-03-27T04:53:39.089+0000][1][gc,cpu       ] GC(3) User=0.00s Sys=0.00s Real=0.01s
[2020-03-27T04:53:39.089+0000][1][safepoint    ] Safepoint "GenCollectForAllocation", Time since last: 67224700 ns, Reaching safepoint: 105800 ns, At safepoint: 7420900 ns, Total: 7526700 ns
[2020-03-27T04:53:39.090+0000][1][safepoint    ] Safepoint "RevokeBias", Time since last: 737100 ns, Reaching safepoint: 147100 ns, At safepoint: 26300 ns, Total: 173400 ns
[2020-03-27T04:53:39.091+0000][1][safepoint    ] Safepoint "BulkRevokeBias", Time since last: 222800 ns, Reaching safepoint: 419500 ns, At safepoint: 32500 ns, Total: 452000 ns
[2020-03-27T04:53:39.104+0000][1][safepoint    ] Safepoint "RevokeBias", Time since last: 13593300 ns, Reaching safepoint: 16600 ns, At safepoint: 62100 ns, Total: 78700 ns
[2020-03-27T04:53:39.121+0000][1][safepoint    ] Safepoint "RevokeBias", Time since last: 16044500 ns, Reaching safepoint: 16600 ns, At safepoint: 37400 ns, Total: 54000 ns
[2020-03-27T04:53:39.127+0000][1][safepoint    ] Safepoint "RevokeBias", Time since last: 6341600 ns, Reaching safepoint: 17000 ns, At safepoint: 15900 ns, Total: 32900 ns
[2020-03-27T04:53:39.201+0000][1][gc,start     ] GC(4) Pause Young (Allocation Failure)
[2020-03-27T04:53:39.202+0000][1][gc,task      ] GC(4) Using 2 workers of 2 for evacuation
[2020-03-27T04:53:39.204+0000][1][gc,age       ] GC(4) Desired survivor size 2228224 bytes, new threshold 6 (max threshold 6)
[2020-03-27T04:53:39.205+0000][1][gc,age       ] GC(4) Age table with threshold 6 (max threshold 6)
[2020-03-27T04:53:39.205+0000][1][gc,age       ] GC(4) - age   1:    1805608 bytes,    1805608 total
[2020-03-27T04:53:39.206+0000][1][gc,heap      ] GC(4) ParNew: 38921K->2578K(39296K)
[2020-03-27T04:53:39.206+0000][1][gc,heap      ] GC(4) CMS: 7908K->9097K(87424K)
[2020-03-27T04:53:39.206+0000][1][gc,metaspace ] GC(4) Metaspace: 18234K->18234K(1067008K)
[2020-03-27T04:53:39.207+0000][1][gc           ] GC(4) Pause Young (Allocation Failure) 45M->11M(123M) 5.725ms
[2020-03-27T04:53:39.207+0000][1][gc,cpu       ] GC(4) User=0.01s Sys=0.00s Real=0.01s
[2020-03-27T04:53:39.208+0000][1][safepoint    ] Safepoint "GenCollectForAllocation", Time since last: 73580000 ns, Reaching safepoint: 424500 ns, At safepoint: 6649800 ns, Total: 7074300 ns
[2020-03-27T04:53:39.208+0000][1][safepoint    ] Safepoint "RevokeBias", Time since last: 343300 ns, Reaching safepoint: 149500 ns, At safepoint: 30200 ns, Total: 179700 ns
[2020-03-27T04:53:39.211+0000][1][safepoint    ] Safepoint "RevokeBias", Time since last: 251700 ns, Reaching safepoint: 2199800 ns, At safepoint: 13200 ns, Total: 2213000 ns
[2020-03-27T04:53:39.211+0000][1][safepoint    ] Safepoint "RevokeBias", Time since last: 302700 ns, Reaching safepoint: 181100 ns, At safepoint: 12600 ns, Total: 193700 ns
[2020-03-27T04:53:39.212+0000][1][safepoint    ] Safepoint "RevokeBias", Time since last: 326800 ns, Reaching safepoint: 89800 ns, At safepoint: 27500 ns, Total: 117300 ns
[2020-03-27T04:53:39.212+0000][1][safepoint    ] Safepoint "RevokeBias", Time since last: 267500 ns, Reaching safepoint: 89500 ns, At safepoint: 75200 ns, Total: 164700 ns
[2020-03-27T04:53:39.212+0000][1][safepoint    ] Safepoint "RevokeBias", Time since last: 326600 ns, Reaching safepoint: 24500 ns, At safepoint: 42200 ns, Total: 66700 ns
[2020-03-27T04:53:39.213+0000][1][safepoint    ] Safepoint "RevokeBias", Time since last: 221200 ns, Reaching safepoint: 103900 ns, At safepoint: 27400 ns, Total: 131300 ns
[2020-03-27T04:53:39.213+0000][1][safepoint    ] Safepoint "RevokeBias", Time since last: 287000 ns, Reaching safepoint: 104900 ns, At safepoint: 13700 ns, Total: 118600 ns
[2020-03-27T04:53:39.214+0000][1][safepoint    ] Safepoint "RevokeBias", Time since last: 342400 ns, Reaching safepoint: 62800 ns, At safepoint: 20800 ns, Total: 83600 ns
[2020-03-27T04:53:39.214+0000][1][safepoint    ] Safepoint "RevokeBias", Time since last: 307700 ns, Reaching safepoint: 74900 ns, At safepoint: 24200 ns, Total: 99100 ns
[2020-03-27T04:53:39.214+0000][1][safepoint    ] Safepoint "RevokeBias", Time since last: 302100 ns, Reaching safepoint: 89400 ns, At safepoint: 54700 ns, Total: 144100 ns
[2020-03-27T04:53:39.215+0000][1][safepoint    ] Safepoint "RevokeBias", Time since last: 295200 ns, Reaching safepoint: 68700 ns, At safepoint: 12600 ns, Total: 81300 ns
[2020-03-27T04:53:39.215+0000][1][safepoint    ] Safepoint "RevokeBias", Time since last: 474400 ns, Reaching safepoint: 86100 ns, At safepoint: 11600 ns, Total: 97700 ns
[2020-03-27T04:53:39.216+0000][1][safepoint    ] Safepoint "RevokeBias", Time since last: 250100 ns, Reaching safepoint: 90600 ns, At safepoint: 39400 ns, Total: 130000 ns
[2020-03-27T04:53:39.216+0000][1][safepoint    ] Safepoint "RevokeBias", Time since last: 308100 ns, Reaching safepoint: 146200 ns, At safepoint: 17000 ns, Total: 163200 ns
[2020-03-27T04:53:39.216+0000][1][safepoint    ] Safepoint "RevokeBias", Time since last: 165300 ns, Reaching safepoint: 81400 ns, At safepoint: 29700 ns, Total: 111100 ns
[2020-03-27T04:53:39.217+0000][1][safepoint    ] Safepoint "RevokeBias", Time since last: 221300 ns, Reaching safepoint: 31300 ns, At safepoint: 37000 ns, Total: 68300 ns
[2020-03-27T04:53:39.254+0000][1][gc,start     ] GC(5) Pause Young (Allocation Failure)
[2020-03-27T04:53:39.255+0000][1][gc,task      ] GC(5) Using 2 workers of 2 for evacuation
[2020-03-27T04:53:39.256+0000][1][gc,age       ] GC(5) Desired survivor size 2228224 bytes, new threshold 6 (max threshold 6)
[2020-03-27T04:53:39.257+0000][1][gc,age       ] GC(5) Age table with threshold 6 (max threshold 6)
[2020-03-27T04:53:39.257+0000][1][gc,age       ] GC(5) - age   1:      69632 bytes,      69632 total
[2020-03-27T04:53:39.257+0000][1][gc,age       ] GC(5) - age   2:    1257808 bytes,    1327440 total
[2020-03-27T04:53:39.258+0000][1][gc,heap      ] GC(5) ParNew: 37522K->1967K(39296K)
[2020-03-27T04:53:39.258+0000][1][gc,heap      ] GC(5) CMS: 9097K->9097K(87424K)
[2020-03-27T04:53:39.258+0000][1][gc,metaspace ] GC(5) Metaspace: 18262K->18262K(1067008K)
[2020-03-27T04:53:39.259+0000][1][gc           ] GC(5) Pause Young (Allocation Failure) 45M->10M(123M) 4.455ms
[2020-03-27T04:53:39.259+0000][1][gc,cpu       ] GC(5) User=0.01s Sys=0.00s Real=0.01s
[2020-03-27T04:53:39.259+0000][1][safepoint    ] Safepoint "GenCollectForAllocation", Time since last: 37496100 ns, Reaching safepoint: 44100 ns, At safepoint: 5031800 ns, Total: 5075900 ns
[2020-03-27T04:53:39.260+0000][1][safepoint    ] Safepoint "RevokeBias", Time since last: 308700 ns, Reaching safepoint: 65200 ns, At safepoint: 35400 ns, Total: 100600 ns
[2020-03-27T04:53:39.260+0000][1][safepoint    ] Safepoint "RevokeBias", Time since last: 226400 ns, Reaching safepoint: 81800 ns, At safepoint: 31000 ns, Total: 112800 ns
[2020-03-27T04:53:39.289+0000][1][gc,start     ] GC(6) Pause Young (Allocation Failure)
[2020-03-27T04:53:39.290+0000][1][gc,task      ] GC(6) Using 2 workers of 2 for evacuation
[2020-03-27T04:53:39.295+0000][1][gc,age       ] GC(6) Desired survivor size 2228224 bytes, new threshold 3 (max threshold 6)
[2020-03-27T04:53:39.295+0000][1][gc,age       ] GC(6) Age table with threshold 3 (max threshold 6)
[2020-03-27T04:53:39.296+0000][1][gc,age       ] GC(6) - age   1:    1782232 bytes,    1782232 total
[2020-03-27T04:53:39.296+0000][1][gc,age       ] GC(6) - age   2:      41616 bytes,    1823848 total
[2020-03-27T04:53:39.296+0000][1][gc,age       ] GC(6) - age   3:    1257808 bytes,    3081656 total
[2020-03-27T04:53:39.297+0000][1][gc,heap      ] GC(6) ParNew: 36911K->3788K(39296K)
[2020-03-27T04:53:39.297+0000][1][gc,heap      ] GC(6) CMS: 9097K->9097K(87424K)
[2020-03-27T04:53:39.297+0000][1][gc,metaspace ] GC(6) Metaspace: 18322K->18322K(1067008K)
[2020-03-27T04:53:39.297+0000][1][gc           ] GC(6) Pause Young (Allocation Failure) 44M->12M(123M) 8.174ms
[2020-03-27T04:53:39.298+0000][1][gc,cpu       ] GC(6) User=0.01s Sys=0.00s Real=0.01s
[2020-03-27T04:53:39.298+0000][1][safepoint    ] Safepoint "GenCollectForAllocation", Time since last: 29188900 ns, Reaching safepoint: 21100 ns, At safepoint: 8837200 ns, Total: 8858300 ns
[2020-03-27T04:53:39.300+0000][1][safepoint    ] Safepoint "RevokeBias", Time since last: 2094700 ns, Reaching safepoint: 87700 ns, At safepoint: 20700 ns, Total: 108400 ns
[2020-03-27T04:53:39.301+0000][1][safepoint    ] Safepoint "RevokeBias", Time since last: 374600 ns, Reaching safepoint: 87400 ns, At safepoint: 18200 ns, Total: 105600 ns
[2020-03-27T04:53:39.301+0000][1][safepoint    ] Safepoint "RevokeBias", Time since last: 417300 ns, Reaching safepoint: 61900 ns, At safepoint: 33300 ns, Total: 95200 ns
[2020-03-27T04:53:39.302+0000][1][safepoint    ] Safepoint "RevokeBias", Time since last: 383600 ns, Reaching safepoint: 146300 ns, At safepoint: 44400 ns, Total: 190700 ns
[2020-03-27T04:53:39.348+0000][1][gc,start     ] GC(7) Pause Young (Allocation Failure)
[2020-03-27T04:53:39.348+0000][1][gc,task      ] GC(7) Using 2 workers of 2 for evacuation
[2020-03-27T04:53:39.352+0000][1][gc,age       ] GC(7) Desired survivor size 2228224 bytes, new threshold 6 (max threshold 6)
[2020-03-27T04:53:39.353+0000][1][gc,age       ] GC(7) Age table with threshold 6 (max threshold 6)
[2020-03-27T04:53:39.353+0000][1][gc,age       ] GC(7) - age   1:    1024352 bytes,    1024352 total
[2020-03-27T04:53:39.353+0000][1][gc,age       ] GC(7) - age   2:      60896 bytes,    1085248 total
[2020-03-27T04:53:39.354+0000][1][gc,age       ] GC(7) - age   3:      41616 bytes,    1126864 total
[2020-03-27T04:53:39.354+0000][1][gc,heap      ] GC(7) ParNew: 38732K->2527K(39296K)
[2020-03-27T04:53:39.354+0000][1][gc,heap      ] GC(7) CMS: 9097K->10335K(87424K)
[2020-03-27T04:53:39.354+0000][1][gc,metaspace ] GC(7) Metaspace: 18392K->18392K(1067008K)
[2020-03-27T04:53:39.355+0000][1][gc           ] GC(7) Pause Young (Allocation Failure) 46M->12M(123M) 7.091ms
[2020-03-27T04:53:39.355+0000][1][gc,cpu       ] GC(7) User=0.01s Sys=0.00s Real=0.00s
[2020-03-27T04:53:39.355+0000][1][safepoint    ] Safepoint "GenCollectForAllocation", Time since last: 45671799 ns, Reaching safepoint: 106400 ns, At safepoint: 7596000 ns, Total: 7702400 ns
[2020-03-27T04:53:39.356+0000][1][safepoint    ] Safepoint "RevokeBias", Time since last: 418600 ns, Reaching safepoint: 131900 ns, At safepoint: 19800 ns, Total: 151700 ns
[2020-03-27T04:53:39.356+0000][1][safepoint    ] Safepoint "RevokeBias", Time since last: 257400 ns, Reaching safepoint: 111100 ns, At safepoint: 29300 ns, Total: 140400 ns
[2020-03-27T04:53:39.357+0000][1][safepoint    ] Safepoint "RevokeBias", Time since last: 304700 ns, Reaching safepoint: 100900 ns, At safepoint: 30100 ns, Total: 131000 ns
[2020-03-27T04:53:39.357+0000][1][safepoint    ] Safepoint "RevokeBias", Time since last: 240200 ns, Reaching safepoint: 89000 ns, At safepoint: 24500 ns, Total: 113500 ns
[2020-03-27T04:53:39.391+0000][1][gc,start     ] GC(8) Pause Young (Allocation Failure)
[2020-03-27T04:53:39.392+0000][1][gc,task      ] GC(8) Using 2 workers of 2 for evacuation
[2020-03-27T04:53:39.393+0000][1][gc,age       ] GC(8) Desired survivor size 2228224 bytes, new threshold 6 (max threshold 6)
[2020-03-27T04:53:39.393+0000][1][gc,age       ] GC(8) Age table with threshold 6 (max threshold 6)
[2020-03-27T04:53:39.394+0000][1][gc,age       ] GC(8) - age   1:     553288 bytes,     553288 total
[2020-03-27T04:53:39.394+0000][1][gc,age       ] GC(8) - age   2:     276640 bytes,     829928 total
[2020-03-27T04:53:39.395+0000][1][gc,age       ] GC(8) - age   3:      60896 bytes,     890824 total
[2020-03-27T04:53:39.395+0000][1][gc,age       ] GC(8) - age   4:      41616 bytes,     932440 total
[2020-03-27T04:53:39.396+0000][1][gc,heap      ] GC(8) ParNew: 37471K->1682K(39296K)
[2020-03-27T04:53:39.396+0000][1][gc,heap      ] GC(8) CMS: 10335K->10335K(87424K)
[2020-03-27T04:53:39.397+0000][1][gc,metaspace ] GC(8) Metaspace: 18401K->18401K(1067008K)
[2020-03-27T04:53:39.397+0000][1][gc           ] GC(8) Pause Young (Allocation Failure) 46M->11M(123M) 5.904ms
[2020-03-27T04:53:39.397+0000][1][gc,cpu       ] GC(8) User=0.00s Sys=0.00s Real=0.01s
[2020-03-27T04:53:39.398+0000][1][safepoint    ] Safepoint "GenCollectForAllocation", Time since last: 34144200 ns, Reaching safepoint: 108500 ns, At safepoint: 6496900 ns, Total: 6605400 ns
[2020-03-27T04:53:39.439+0000][1][gc,start     ] GC(9) Pause Young (Allocation Failure)
[2020-03-27T04:53:39.440+0000][1][gc,task      ] GC(9) Using 2 workers of 2 for evacuation
[2020-03-27T04:53:39.441+0000][1][gc,age       ] GC(9) Desired survivor size 2228224 bytes, new threshold 6 (max threshold 6)
[2020-03-27T04:53:39.441+0000][1][gc,age       ] GC(9) Age table with threshold 6 (max threshold 6)
[2020-03-27T04:53:39.442+0000][1][gc,age       ] GC(9) - age   1:     669536 bytes,     669536 total
[2020-03-27T04:53:39.442+0000][1][gc,age       ] GC(9) - age   2:     551344 bytes,    1220880 total
[2020-03-27T04:53:39.442+0000][1][gc,age       ] GC(9) - age   3:     262952 bytes,    1483832 total
[2020-03-27T04:53:39.443+0000][1][gc,age       ] GC(9) - age   4:      60896 bytes,    1544728 total
[2020-03-27T04:53:39.443+0000][1][gc,age       ] GC(9) - age   5:      41616 bytes,    1586344 total
[2020-03-27T04:53:39.443+0000][1][gc,heap      ] GC(9) ParNew: 36626K->1657K(39296K)
[2020-03-27T04:53:39.443+0000][1][gc,heap      ] GC(9) CMS: 10335K->10335K(87424K)
[2020-03-27T04:53:39.443+0000][1][gc,metaspace ] GC(9) Metaspace: 18719K->18719K(1067008K)
[2020-03-27T04:53:39.444+0000][1][gc           ] GC(9) Pause Young (Allocation Failure) 45M->11M(123M) 4.651ms
[2020-03-27T04:53:39.444+0000][1][gc,cpu       ] GC(9) User=0.01s Sys=0.00s Real=0.00s
[2020-03-27T04:53:39.444+0000][1][safepoint    ] Safepoint "GenCollectForAllocation", Time since last: 41080800 ns, Reaching safepoint: 116700 ns, At safepoint: 5131100 ns, Total: 5247800 ns
[2020-03-27T04:53:39.445+0000][1][safepoint    ] Safepoint "RevokeBias", Time since last: 250400 ns, Reaching safepoint: 365500 ns, At safepoint: 41100 ns, Total: 406600 ns
[2020-03-27T04:53:39.445+0000][1][safepoint    ] Safepoint "RevokeBias", Time since last: 226300 ns, Reaching safepoint: 76500 ns, At safepoint: 13100 ns, Total: 89600 ns
[2020-03-27T04:53:39.445+0000][1][safepoint    ] Safepoint "RevokeBias", Time since last: 220300 ns, Reaching safepoint: 110900 ns, At safepoint: 28900 ns, Total: 139800 ns
[2020-03-27T04:53:39.446+0000][1][safepoint    ] Safepoint "RevokeBias", Time since last: 232200 ns, Reaching safepoint: 78600 ns, At safepoint: 24500 ns, Total: 103100 ns
[2020-03-27T04:53:39.472+0000][1][gc,start     ] GC(10) Pause Young (Allocation Failure)
[2020-03-27T04:53:39.473+0000][1][gc,task      ] GC(10) Using 2 workers of 2 for evacuation
[2020-03-27T04:53:39.475+0000][1][gc,age       ] GC(10) Desired survivor size 2228224 bytes, new threshold 6 (max threshold 6)
[2020-03-27T04:53:39.475+0000][1][gc,age       ] GC(10) Age table with threshold 6 (max threshold 6)
[2020-03-27T04:53:39.476+0000][1][gc,age       ] GC(10) - age   1:     202616 bytes,     202616 total
[2020-03-27T04:53:39.476+0000][1][gc,age       ] GC(10) - age   2:     650896 bytes,     853512 total
[2020-03-27T04:53:39.476+0000][1][gc,age       ] GC(10) - age   3:     550936 bytes,    1404448 total
[2020-03-27T04:53:39.477+0000][1][gc,age       ] GC(10) - age   4:     262952 bytes,    1667400 total
[2020-03-27T04:53:39.477+0000][1][gc,age       ] GC(10) - age   5:      60896 bytes,    1728296 total
[2020-03-27T04:53:39.478+0000][1][gc,age       ] GC(10) - age   6:      41616 bytes,    1769912 total
[2020-03-27T04:53:39.478+0000][1][gc,heap      ] GC(10) ParNew: 36579K->1833K(39296K)
[2020-03-27T04:53:39.478+0000][1][gc,heap      ] GC(10) CMS: 10335K->10335K(87424K)
[2020-03-27T04:53:39.479+0000][1][gc,metaspace ] GC(10) Metaspace: 18817K->18817K(1067008K)
[2020-03-27T04:53:39.479+0000][1][gc           ] GC(10) Pause Young (Allocation Failure) 45M->11M(123M) 7.348ms
[2020-03-27T04:53:39.480+0000][1][gc,cpu       ] GC(10) User=0.00s Sys=0.00s Real=0.01s
[2020-03-27T04:53:39.480+0000][1][safepoint    ] Safepoint "GenCollectForAllocation", Time since last: 26127900 ns, Reaching safepoint: 97200 ns, At safepoint: 8048100 ns, Total: 8145300 ns
[2020-03-27T04:53:39.481+0000][1][safepoint    ] Safepoint "BulkRevokeBias", Time since last: 383300 ns, Reaching safepoint: 452100 ns, At safepoint: 89600 ns, Total: 541700 ns
[2020-03-27T04:53:39.481+0000][1][safepoint    ] Safepoint "RevokeBias", Time since last: 204500 ns, Reaching safepoint: 105900 ns, At safepoint: 47100 ns, Total: 153000 ns
[2020-03-27T04:53:39.506+0000][1][safepoint    ] Safepoint "Deoptimize", Time since last: 24393500 ns, Reaching safepoint: 95500 ns, At safepoint: 154500 ns, Total: 250000 ns
[2020-03-27T04:53:39.528+0000][1][safepoint    ] Safepoint "Deoptimize", Time since last: 21368100 ns, Reaching safepoint: 96900 ns, At safepoint: 194500 ns, Total: 291400 ns
[2020-03-27T04:53:39.535+0000][1][safepoint    ] Safepoint "RevokeBias", Time since last: 7394500 ns, Reaching safepoint: 163100 ns, At safepoint: 18700 ns, Total: 181800 ns
[2020-03-27T04:53:39.541+0000][1][gc,start     ] GC(11) Pause Young (Allocation Failure)
[2020-03-27T04:53:39.544+0000][1][gc,task      ] GC(11) Using 2 workers of 2 for evacuation
[2020-03-27T04:53:39.551+0000][1][gc,age       ] GC(11) Desired survivor size 2228224 bytes, new threshold 2 (max threshold 6)
[2020-03-27T04:53:39.552+0000][1][gc,age       ] GC(11) Age table with threshold 2 (max threshold 6)
[2020-03-27T04:53:39.552+0000][1][gc,age       ] GC(11) - age   1:    2130976 bytes,    2130976 total
[2020-03-27T04:53:39.552+0000][1][gc,age       ] GC(11) - age   2:     183440 bytes,    2314416 total
[2020-03-27T04:53:39.552+0000][1][gc,age       ] GC(11) - age   3:     625256 bytes,    2939672 total
[2020-03-27T04:53:39.553+0000][1][gc,age       ] GC(11) - age   4:     550216 bytes,    3489888 total
[2020-03-27T04:53:39.553+0000][1][gc,age       ] GC(11) - age   5:     258744 bytes,    3748632 total
[2020-03-27T04:53:39.553+0000][1][gc,age       ] GC(11) - age   6:      59160 bytes,    3807792 total
[2020-03-27T04:53:39.554+0000][1][gc,heap      ] GC(11) ParNew: 36777K->4352K(39296K)
[2020-03-27T04:53:39.554+0000][1][gc,heap      ] GC(11) CMS: 10335K->10521K(87424K)
[2020-03-27T04:53:39.554+0000][1][gc,metaspace ] GC(11) Metaspace: 19127K->19127K(1067008K)
[2020-03-27T04:53:39.555+0000][1][gc           ] GC(11) Pause Young (Allocation Failure) 46M->14M(123M) 13.299ms
[2020-03-27T04:53:39.555+0000][1][gc,cpu       ] GC(11) User=0.01s Sys=0.00s Real=0.01s
[2020-03-27T04:53:39.555+0000][1][safepoint    ] Safepoint "GenCollectForAllocation", Time since last: 5968500 ns, Reaching safepoint: 103500 ns, At safepoint: 13810400 ns, Total: 13913900 ns
[2020-03-27T04:53:39.556+0000][1][safepoint    ] Safepoint "RevokeBias", Time since last: 269400 ns, Reaching safepoint: 110900 ns, At safepoint: 33300 ns, Total: 144200 ns
[2020-03-27T04:53:39.556+0000][1][safepoint    ] Safepoint "RevokeBias", Time since last: 306600 ns, Reaching safepoint: 105800 ns, At safepoint: 15800 ns, Total: 121600 ns
[2020-03-27T04:53:39.556+0000][1][safepoint    ] Safepoint "RevokeBias", Time since last: 311500 ns, Reaching safepoint: 84800 ns, At safepoint: 12800 ns, Total: 97600 ns
[2020-03-27T04:53:39.557+0000][1][safepoint    ] Safepoint "RevokeBias", Time since last: 333600 ns, Reaching safepoint: 103700 ns, At safepoint: 15200 ns, Total: 118900 ns
[2020-03-27T04:53:39.557+0000][1][safepoint    ] Safepoint "BulkRevokeBias", Time since last: 316300 ns, Reaching safepoint: 99000 ns, At safepoint: 31100 ns, Total: 130100 ns
[2020-03-27T04:53:39.558+0000][1][safepoint    ] Safepoint "BulkRevokeBias", Time since last: 334700 ns, Reaching safepoint: 99900 ns, At safepoint: 26200 ns, Total: 126100 ns
[2020-03-27T04:53:39.582+0000][1][gc,start     ] GC(12) Pause Young (Allocation Failure)
[2020-03-27T04:53:39.583+0000][1][gc,task      ] GC(12) Using 2 workers of 2 for evacuation
[2020-03-27T04:53:39.586+0000][1][gc,age       ] GC(12) Desired survivor size 2228224 bytes, new threshold 6 (max threshold 6)
[2020-03-27T04:53:39.587+0000][1][gc,age       ] GC(12) Age table with threshold 6 (max threshold 6)
[2020-03-27T04:53:39.587+0000][1][gc,age       ] GC(12) - age   1:      16232 bytes,      16232 total
[2020-03-27T04:53:39.587+0000][1][gc,age       ] GC(12) - age   2:    1640032 bytes,    1656264 total
[2020-03-27T04:53:39.588+0000][1][gc,heap      ] GC(12) ParNew: 39296K->3023K(39296K)
[2020-03-27T04:53:39.588+0000][1][gc,heap      ] GC(12) CMS: 10521K->12175K(87424K)
[2020-03-27T04:53:39.588+0000][1][gc,metaspace ] GC(12) Metaspace: 19128K->19128K(1067008K)
[2020-03-27T04:53:39.588+0000][1][gc           ] GC(12) Pause Young (Allocation Failure) 48M->14M(123M) 6.360ms
[2020-03-27T04:53:39.589+0000][1][gc,cpu       ] GC(12) User=0.01s Sys=0.00s Real=0.01s
[2020-03-27T04:53:39.589+0000][1][safepoint    ] Safepoint "GenCollectForAllocation", Time since last: 24223500 ns, Reaching safepoint: 99000 ns, At safepoint: 6988000 ns, Total: 7087000 ns
[2020-03-27T04:53:39.592+0000][1][safepoint    ] Safepoint "RevokeBias", Time since last: 2624800 ns, Reaching safepoint: 91900 ns, At safepoint: 15500 ns, Total: 107400 ns
[2020-03-27T04:53:39.593+0000][1][safepoint    ] Safepoint "RevokeBias", Time since last: 1086800 ns, Reaching safepoint: 57400 ns, At safepoint: 15000 ns, Total: 72400 ns
[2020-03-27T04:53:39.628+0000][1][safepoint    ] Safepoint "RevokeBias", Time since last: 34770900 ns, Reaching safepoint: 102400 ns, At safepoint: 20900 ns, Total: 123300 ns
[2020-03-27T04:53:39.631+0000][1][safepoint    ] Safepoint "RevokeBias", Time since last: 2837900 ns, Reaching safepoint: 47400 ns, At safepoint: 20100 ns, Total: 67500 ns
[2020-03-27T04:53:39.639+0000][1][gc,start     ] GC(13) Pause Young (Allocation Failure)
[2020-03-27T04:53:39.639+0000][1][gc,task      ] GC(13) Using 2 workers of 2 for evacuation
[2020-03-27T04:53:39.648+0000][1][gc,age       ] GC(13) Desired survivor size 2228224 bytes, new threshold 3 (max threshold 6)
[2020-03-27T04:53:39.648+0000][1][gc,age       ] GC(13) Age table with threshold 3 (max threshold 6)
[2020-03-27T04:53:39.648+0000][1][gc,age       ] GC(13) - age   1:     622720 bytes,     622720 total
[2020-03-27T04:53:39.649+0000][1][gc,age       ] GC(13) - age   2:      11936 bytes,     634656 total
[2020-03-27T04:53:39.649+0000][1][gc,age       ] GC(13) - age   3:    1639944 bytes,    2274600 total
[2020-03-27T04:53:39.649+0000][1][gc,heap      ] GC(13) ParNew: 37967K->2724K(39296K)
[2020-03-27T04:53:39.650+0000][1][gc,heap      ] GC(13) CMS: 12175K->12175K(87424K)
[2020-03-27T04:53:39.650+0000][1][gc,metaspace ] GC(13) Metaspace: 19152K->19152K(1067008K)
[2020-03-27T04:53:39.650+0000][1][gc           ] GC(13) Pause Young (Allocation Failure) 48M->14M(123M) 11.392ms
[2020-03-27T04:53:39.651+0000][1][gc,cpu       ] GC(13) User=0.01s Sys=0.00s Real=0.01s
[2020-03-27T04:53:39.651+0000][1][safepoint    ] Safepoint "GenCollectForAllocation", Time since last: 8114200 ns, Reaching safepoint: 124100 ns, At safepoint: 12090100 ns, Total: 12214200 ns
[2020-03-27T04:53:39.674+0000][1][gc,start     ] GC(14) Pause Young (Allocation Failure)
[2020-03-27T04:53:39.675+0000][1][gc,task      ] GC(14) Using 2 workers of 2 for evacuation
[2020-03-27T04:53:39.681+0000][1][gc,age       ] GC(14) Desired survivor size 2228224 bytes, new threshold 1 (max threshold 6)
[2020-03-27T04:53:39.682+0000][1][gc,age       ] GC(14) Age table with threshold 1 (max threshold 6)
[2020-03-27T04:53:39.682+0000][1][gc,age       ] GC(14) - age   1:    2355352 bytes,    2355352 total
[2020-03-27T04:53:39.683+0000][1][gc,age       ] GC(14) - age   2:     118216 bytes,    2473568 total
[2020-03-27T04:53:39.683+0000][1][gc,age       ] GC(14) - age   3:      11936 bytes,    2485504 total
[2020-03-27T04:53:39.683+0000][1][gc,heap      ] GC(14) ParNew: 37668K->3009K(39296K)
[2020-03-27T04:53:39.684+0000][1][gc,heap      ] GC(14) CMS: 12175K->13786K(87424K)
[2020-03-27T04:53:39.684+0000][1][gc,metaspace ] GC(14) Metaspace: 19153K->19153K(1067008K)
[2020-03-27T04:53:39.684+0000][1][gc           ] GC(14) Pause Young (Allocation Failure) 48M->16M(123M) 10.173ms
[2020-03-27T04:53:39.684+0000][1][gc,cpu       ] GC(14) User=0.01s Sys=0.00s Real=0.01s
[2020-03-27T04:53:39.685+0000][1][safepoint    ] Safepoint "GenCollectForAllocation", Time since last: 22853000 ns, Reaching safepoint: 92900 ns, At safepoint: 10609400 ns, Total: 10702300 ns
[2020-03-27T04:53:39.688+0000][1][safepoint    ] Safepoint "RevokeBias", Time since last: 3397000 ns, Reaching safepoint: 112100 ns, At safepoint: 37700 ns, Total: 149800 ns
[2020-03-27T04:53:39.693+0000][1][safepoint    ] Safepoint "RevokeBias", Time since last: 5126300 ns, Reaching safepoint: 93800 ns, At safepoint: 33400 ns, Total: 127200 ns
[2020-03-27T04:53:39.698+0000][1][safepoint    ] Safepoint "RevokeBias", Time since last: 4243300 ns, Reaching safepoint: 66900 ns, At safepoint: 39100 ns, Total: 106000 ns
[2020-03-27T04:53:39.724+0000][1][safepoint    ] Safepoint "RevokeBias", Time since last: 26029100 ns, Reaching safepoint: 99700 ns, At safepoint: 19600 ns, Total: 119300 ns
[2020-03-27T04:53:39.725+0000][1][safepoint    ] Safepoint "RevokeBias", Time since last: 1307900 ns, Reaching safepoint: 90800 ns, At safepoint: 16700 ns, Total: 107500 ns
[2020-03-27T04:53:39.734+0000][1][gc,start     ] GC(15) Pause Young (Allocation Failure)
[2020-03-27T04:53:39.735+0000][1][gc,task      ] GC(15) Using 2 workers of 2 for evacuation
[2020-03-27T04:53:39.742+0000][1][gc,age       ] GC(15) Desired survivor size 2228224 bytes, new threshold 6 (max threshold 6)
[2020-03-27T04:53:39.743+0000][1][gc,age       ] GC(15) Age table with threshold 6 (max threshold 6)
[2020-03-27T04:53:39.743+0000][1][gc,age       ] GC(15) - age   1:    1816872 bytes,    1816872 total
[2020-03-27T04:53:39.744+0000][1][gc,heap      ] GC(15) ParNew: 37953K->2322K(39296K)
[2020-03-27T04:53:39.744+0000][1][gc,heap      ] GC(15) CMS: 13786K->13891K(87424K)
[2020-03-27T04:53:39.745+0000][1][gc,metaspace ] GC(15) Metaspace: 19408K->19408K(1067008K)
[2020-03-27T04:53:39.745+0000][1][gc           ] GC(15) Pause Young (Allocation Failure) 50M->15M(123M) 10.997ms
[2020-03-27T04:53:39.745+0000][1][gc,cpu       ] GC(15) User=0.01s Sys=0.00s Real=0.01s
[2020-03-27T04:53:39.746+0000][1][safepoint    ] Safepoint "GenCollectForAllocation", Time since last: 8655300 ns, Reaching safepoint: 95600 ns, At safepoint: 11812900 ns, Total: 11908500 ns
[2020-03-27T04:53:39.762+0000][1][safepoint    ] Safepoint "RevokeBias", Time since last: 16405500 ns, Reaching safepoint: 102300 ns, At safepoint: 19400 ns, Total: 121700 ns
[2020-03-27T04:53:39.764+0000][1][safepoint    ] Safepoint "RevokeBias", Time since last: 1689000 ns, Reaching safepoint: 85000 ns, At safepoint: 19200 ns, Total: 104200 ns
[2020-03-27T04:53:39.779+0000][1][gc,start     ] GC(16) Pause Young (Allocation Failure)
[2020-03-27T04:53:39.779+0000][1][gc,task      ] GC(16) Using 2 workers of 2 for evacuation
[2020-03-27T04:53:39.792+0000][1][gc,age       ] GC(16) Desired survivor size 2228224 bytes, new threshold 2 (max threshold 6)
[2020-03-27T04:53:39.792+0000][1][gc,age       ] GC(16) Age table with threshold 2 (max threshold 6)
[2020-03-27T04:53:39.792+0000][1][gc,age       ] GC(16) - age   1:    1499992 bytes,    1499992 total
[2020-03-27T04:53:39.793+0000][1][gc,age       ] GC(16) - age   2:     869016 bytes,    2369008 total
[2020-03-27T04:53:39.793+0000][1][gc,heap      ] GC(16) ParNew: 37266K->2866K(39296K)
[2020-03-27T04:53:39.794+0000][1][gc,heap      ] GC(16) CMS: 13891K->13891K(87424K)
[2020-03-27T04:53:39.794+0000][1][gc,metaspace ] GC(16) Metaspace: 19470K->19470K(1067008K)
[2020-03-27T04:53:39.794+0000][1][gc           ] GC(16) Pause Young (Allocation Failure) 49M->16M(123M) 15.596ms
[2020-03-27T04:53:39.795+0000][1][gc,cpu       ] GC(16) User=0.00s Sys=0.00s Real=0.01s
[2020-03-27T04:53:39.795+0000][1][safepoint    ] Safepoint "GenCollectForAllocation", Time since last: 14581700 ns, Reaching safepoint: 93000 ns, At safepoint: 16515700 ns, Total: 16608700 ns
[2020-03-27T04:53:39.803+0000][1][safepoint    ] Safepoint "RevokeBias", Time since last: 7213400 ns, Reaching safepoint: 94900 ns, At safepoint: 17200 ns, Total: 112100 ns
[2020-03-27T04:53:39.805+0000][1][safepoint    ] Safepoint "RevokeBias", Time since last: 1843000 ns, Reaching safepoint: 91000 ns, At safepoint: 16400 ns, Total: 107400 ns
[2020-03-27T04:53:39.826+0000][1][gc,start     ] GC(17) Pause Young (Allocation Failure)
[2020-03-27T04:53:39.827+0000][1][gc,task      ] GC(17) Using 2 workers of 2 for evacuation
[2020-03-27T04:53:39.832+0000][1][gc,age       ] GC(17) Desired survivor size 2228224 bytes, new threshold 6 (max threshold 6)
[2020-03-27T04:53:39.832+0000][1][gc,age       ] GC(17) Age table with threshold 6 (max threshold 6)
[2020-03-27T04:53:39.833+0000][1][gc,age       ] GC(17) - age   1:    2017712 bytes,    2017712 total
[2020-03-27T04:53:39.833+0000][1][gc,age       ] GC(17) - age   2:      58152 bytes,    2075864 total
[2020-03-27T04:53:39.834+0000][1][gc,heap      ] GC(17) ParNew: 37810K->3319K(39296K)
[2020-03-27T04:53:39.834+0000][1][gc,heap      ] GC(17) CMS: 13891K->14747K(87424K)
[2020-03-27T04:53:39.834+0000][1][gc,metaspace ] GC(17) Metaspace: 19602K->19602K(1067008K)
[2020-03-27T04:53:39.835+0000][1][gc           ] GC(17) Pause Young (Allocation Failure) 50M->17M(123M) 8.457ms
[2020-03-27T04:53:39.835+0000][1][gc,cpu       ] GC(17) User=0.01s Sys=0.00s Real=0.00s
[2020-03-27T04:53:39.836+0000][1][safepoint    ] Safepoint "GenCollectForAllocation", Time since last: 21427699 ns, Reaching safepoint: 106300 ns, At safepoint: 9287200 ns, Total: 9393500 ns
[2020-03-27T04:53:39.838+0000][1][safepoint    ] Safepoint "RevokeBias", Time since last: 2871000 ns, Reaching safepoint: 95500 ns, At safepoint: 21900 ns, Total: 117400 ns
[2020-03-27T04:53:39.841+0000][1][safepoint    ] Safepoint "RevokeBias", Time since last: 2518900 ns, Reaching safepoint: 93900 ns, At safepoint: 29600 ns, Total: 123500 ns
[2020-03-27T04:53:39.859+0000][1][safepoint    ] Safepoint "RevokeBias", Time since last: 17954500 ns, Reaching safepoint: 93100 ns, At safepoint: 26100 ns, Total: 119200 ns
[2020-03-27T04:53:39.862+0000][1][safepoint    ] Safepoint "RevokeBias", Time since last: 2232700 ns, Reaching safepoint: 64300 ns, At safepoint: 36300 ns, Total: 100600 ns
[2020-03-27T04:53:39.864+0000][1][safepoint    ] Safepoint "RevokeBias", Time since last: 2270200 ns, Reaching safepoint: 56200 ns, At safepoint: 24500 ns, Total: 80700 ns
[2020-03-27T04:53:39.867+0000][1][gc,start     ] GC(18) Pause Young (Allocation Failure)
[2020-03-27T04:53:39.868+0000][1][gc,task      ] GC(18) Using 2 workers of 2 for evacuation
[2020-03-27T04:53:39.869+0000][1][gc,age       ] GC(18) Desired survivor size 2228224 bytes, new threshold 6 (max threshold 6)
[2020-03-27T04:53:39.869+0000][1][gc,age       ] GC(18) Age table with threshold 6 (max threshold 6)
[2020-03-27T04:53:39.870+0000][1][gc,age       ] GC(18) - age   1:     405736 bytes,     405736 total
[2020-03-27T04:53:39.870+0000][1][gc,age       ] GC(18) - age   2:      79952 bytes,     485688 total
[2020-03-27T04:53:39.871+0000][1][gc,age       ] GC(18) - age   3:      58048 bytes,     543736 total
[2020-03-27T04:53:39.871+0000][1][gc,heap      ] GC(18) ParNew: 38263K->2073K(39296K)
[2020-03-27T04:53:39.871+0000][1][gc,heap      ] GC(18) CMS: 14747K->14747K(87424K)
[2020-03-27T04:53:39.872+0000][1][gc,metaspace ] GC(18) Metaspace: 19624K->19624K(1067008K)
[2020-03-27T04:53:39.872+0000][1][gc           ] GC(18) Pause Young (Allocation Failure) 51M->16M(123M) 4.736ms
[2020-03-27T04:53:39.872+0000][1][gc,cpu       ] GC(18) User=0.01s Sys=0.00s Real=0.00s
[2020-03-27T04:53:39.873+0000][1][safepoint    ] Safepoint "GenCollectForAllocation", Time since last: 3321300 ns, Reaching safepoint: 130200 ns, At safepoint: 5584300 ns, Total: 5714500 ns
[2020-03-27T04:53:39.886+0000][1][safepoint    ] Safepoint "RevokeBias", Time since last: 13221000 ns, Reaching safepoint: 100400 ns, At safepoint: 108700 ns, Total: 209100 ns
[2020-03-27T04:53:39.888+0000][1][safepoint    ] Safepoint "RevokeBias", Time since last: 1549500 ns, Reaching safepoint: 52100 ns, At safepoint: 19600 ns, Total: 71700 ns
[2020-03-27T04:53:39.899+0000][1][gc,start     ] GC(19) Pause Young (Allocation Failure)
[2020-03-27T04:53:39.900+0000][1][gc,task      ] GC(19) Using 2 workers of 2 for evacuation
[2020-03-27T04:53:39.902+0000][1][gc,age       ] GC(19) Desired survivor size 2228224 bytes, new threshold 3 (max threshold 6)
[2020-03-27T04:53:39.903+0000][1][gc,age       ] GC(19) Age table with threshold 3 (max threshold 6)
[2020-03-27T04:53:39.903+0000][1][gc,age       ] GC(19) - age   1:    2132664 bytes,    2132664 total
[2020-03-27T04:53:39.903+0000][1][gc,age       ] GC(19) - age   2:      69192 bytes,    2201856 total
[2020-03-27T04:53:39.903+0000][1][gc,age       ] GC(19) - age   3:      79952 bytes,    2281808 total
[2020-03-27T04:53:39.904+0000][1][gc,age       ] GC(19) - age   4:      58048 bytes,    2339856 total
[2020-03-27T04:53:39.904+0000][1][gc,heap      ] GC(19) ParNew: 37017K->2604K(39296K)
[2020-03-27T04:53:39.904+0000][1][gc,heap      ] GC(19) CMS: 14747K->14747K(87424K)
[2020-03-27T04:53:39.905+0000][1][gc,metaspace ] GC(19) Metaspace: 19635K->19635K(1067008K)
[2020-03-27T04:53:39.905+0000][1][gc           ] GC(19) Pause Young (Allocation Failure) 50M->16M(123M) 5.468ms
[2020-03-27T04:53:39.905+0000][1][gc,cpu       ] GC(19) User=0.01s Sys=0.00s Real=0.00s
[2020-03-27T04:53:39.905+0000][1][safepoint    ] Safepoint "GenCollectForAllocation", Time since last: 11325000 ns, Reaching safepoint: 95300 ns, At safepoint: 6086300 ns, Total: 6181600 ns
[2020-03-27T04:53:39.908+0000][1][safepoint    ] Safepoint "RevokeBias", Time since last: 2017500 ns, Reaching safepoint: 53900 ns, At safepoint: 21000 ns, Total: 74900 ns
[2020-03-27T04:53:39.910+0000][1][safepoint    ] Safepoint "RevokeBias", Time since last: 2444600 ns, Reaching safepoint: 89900 ns, At safepoint: 18500 ns, Total: 108400 ns
[2020-03-27T04:53:39.913+0000][1][safepoint    ] Safepoint "RevokeBias", Time since last: 2696900 ns, Reaching safepoint: 90300 ns, At safepoint: 25600 ns, Total: 115900 ns
[2020-03-27T04:53:39.941+0000][1][safepoint    ] Safepoint "CollectForMetadataAllocation", Time since last: 27514200 ns, Reaching safepoint: 105400 ns, At safepoint: 43500 ns, Total: 148900 ns
[2020-03-27T04:53:39.957+0000][1][safepoint    ] Safepoint "CollectForMetadataAllocation", Time since last: 16373600 ns, Reaching safepoint: 96800 ns, At safepoint: 69100 ns, Total: 165900 ns
[2020-03-27T04:53:39.965+0000][1][safepoint    ] Safepoint "RevokeBias", Time since last: 7563000 ns, Reaching safepoint: 91600 ns, At safepoint: 20000 ns, Total: 111600 ns
[2020-03-27T04:53:39.966+0000][1][safepoint    ] Safepoint "RevokeBias", Time since last: 1067900 ns, Reaching safepoint: 85000 ns, At safepoint: 19300 ns, Total: 104300 ns
[2020-03-27T04:53:39.979+0000][1][safepoint    ] Safepoint "RevokeBias", Time since last: 13158700 ns, Reaching safepoint: 126700 ns, At safepoint: 70800 ns, Total: 197500 ns
[2020-03-27T04:53:39.982+0000][1][safepoint    ] Safepoint "RevokeBias", Time since last: 2882900 ns, Reaching safepoint: 161200 ns, At safepoint: 34600 ns, Total: 195800 ns
[2020-03-27T04:53:39.984+0000][1][safepoint    ] Safepoint "RevokeBias", Time since last: 1496300 ns, Reaching safepoint: 87600 ns, At safepoint: 24700 ns, Total: 112300 ns
[2020-03-27T04:53:39.996+0000][1][gc,start     ] GC(20) Pause Young (Allocation Failure)
[2020-03-27T04:53:39.997+0000][1][gc,task      ] GC(20) Using 2 workers of 2 for evacuation
[2020-03-27T04:53:39.999+0000][1][gc,age       ] GC(20) Desired survivor size 2228224 bytes, new threshold 6 (max threshold 6)
[2020-03-27T04:53:39.999+0000][1][gc,age       ] GC(20) Age table with threshold 6 (max threshold 6)
[2020-03-27T04:53:40.000+0000][1][gc,age       ] GC(20) - age   1:    1800608 bytes,    1800608 total
[2020-03-27T04:53:40.000+0000][1][gc,age       ] GC(20) - age   2:     291760 bytes,    2092368 total
[2020-03-27T04:53:40.000+0000][1][gc,age       ] GC(20) - age   3:      69192 bytes,    2161560 total
[2020-03-27T04:53:40.001+0000][1][gc,heap      ] GC(20) ParNew: 37548K->2814K(39296K)
[2020-03-27T04:53:40.001+0000][1][gc,heap      ] GC(20) CMS: 14747K->14886K(87424K)
[2020-03-27T04:53:40.001+0000][1][gc,metaspace ] GC(20) Metaspace: 20537K->20537K(1069056K)
[2020-03-27T04:53:40.001+0000][1][gc           ] GC(20) Pause Young (Allocation Failure) 51M->17M(123M) 5.181ms
[2020-03-27T04:53:40.001+0000][1][gc,cpu       ] GC(20) User=0.00s Sys=0.00s Real=0.00s
[2020-03-27T04:53:40.002+0000][1][safepoint    ] Safepoint "GenCollectForAllocation", Time since last: 11964800 ns, Reaching safepoint: 93700 ns, At safepoint: 5621900 ns, Total: 5715600 ns
[2020-03-27T04:53:40.002+0000][1][gc,start     ] GC(21) Pause Initial Mark
[2020-03-27T04:53:40.003+0000][1][gc           ] GC(21) Pause Initial Mark 17M->17M(123M) 0.709ms
[2020-03-27T04:53:40.003+0000][1][gc,cpu       ] GC(21) User=0.00s Sys=0.00s Real=0.00s
[2020-03-27T04:53:40.003+0000][1][safepoint    ] Safepoint "CMS_Initial_Mark", Time since last: 317700 ns, Reaching safepoint: 88100 ns, At safepoint: 1172300 ns, Total: 1260400 ns
[2020-03-27T04:53:40.003+0000][1][gc           ] GC(21) Concurrent Mark
[2020-03-27T04:53:40.008+0000][1][safepoint    ] Safepoint "RevokeBias", Time since last: 4754100 ns, Reaching safepoint: 23000 ns, At safepoint: 20700 ns, Total: 43700 ns
[2020-03-27T04:53:40.010+0000][1][safepoint    ] Safepoint "RevokeBias", Time since last: 1682500 ns, Reaching safepoint: 87200 ns, At safepoint: 15200 ns, Total: 102400 ns
[2020-03-27T04:53:40.014+0000][1][gc           ] GC(21) Concurrent Mark 10.277ms
[2020-03-27T04:53:40.018+0000][1][gc,cpu       ] GC(21) User=0.03s Sys=0.00s Real=0.02s
[2020-03-27T04:53:40.019+0000][1][gc           ] GC(21) Concurrent Preclean
[2020-03-27T04:53:40.019+0000][1][gc           ] GC(21) Concurrent Preclean 0.647ms
[2020-03-27T04:53:40.020+0000][1][gc,cpu       ] GC(21) User=0.00s Sys=0.00s Real=0.00s
[2020-03-27T04:53:40.020+0000][1][gc           ] GC(21) Concurrent Abortable Preclean
[2020-03-27T04:53:40.024+0000][1][safepoint    ] Safepoint "RevokeBias", Time since last: 14301200 ns, Reaching safepoint: 25700 ns, At safepoint: 27300 ns, Total: 53000 ns
[2020-03-27T04:53:40.027+0000][1][safepoint    ] Safepoint "RevokeBias", Time since last: 2844100 ns, Reaching safepoint: 94200 ns, At safepoint: 21000 ns, Total: 115200 ns
[2020-03-27T04:53:40.033+0000][1][gc,start     ] GC(22) Pause Young (Allocation Failure)
[2020-03-27T04:53:40.034+0000][1][gc,task      ] GC(22) Using 2 workers of 2 for evacuation
[2020-03-27T04:53:40.035+0000][1][gc,age       ] GC(22) Desired survivor size 2228224 bytes, new threshold 6 (max threshold 6)
[2020-03-27T04:53:40.036+0000][1][gc,age       ] GC(22) Age table with threshold 6 (max threshold 6)
[2020-03-27T04:53:40.036+0000][1][gc,age       ] GC(22) - age   1:    1116040 bytes,    1116040 total
[2020-03-27T04:53:40.036+0000][1][gc,age       ] GC(22) - age   2:     513712 bytes,    1629752 total
[2020-03-27T04:53:40.037+0000][1][gc,age       ] GC(22) - age   3:     291760 bytes,    1921512 total
[2020-03-27T04:53:40.037+0000][1][gc,age       ] GC(22) - age   4:      69072 bytes,    1990584 total
[2020-03-27T04:53:40.037+0000][1][gc,heap      ] GC(22) ParNew: 37758K->3078K(39296K)
[2020-03-27T04:53:40.038+0000][1][gc,heap      ] GC(22) CMS: 14886K->14886K(87424K)
[2020-03-27T04:53:40.038+0000][1][gc,metaspace ] GC(22) Metaspace: 20559K->20559K(1069056K)
[2020-03-27T04:53:40.038+0000][1][gc           ] GC(22) Pause Young (Allocation Failure) 51M->17M(123M) 5.055ms
[2020-03-27T04:53:40.038+0000][1][gc,cpu       ] GC(22) User=0.00s Sys=0.00s Real=0.01s
[2020-03-27T04:53:40.039+0000][1][safepoint    ] Safepoint "GenCollectForAllocation", Time since last: 5795900 ns, Reaching safepoint: 31800 ns, At safepoint: 5698400 ns, Total: 5730200 ns
[2020-03-27T04:53:40.050+0000][1][safepoint    ] Safepoint "RevokeBias", Time since last: 11067200 ns, Reaching safepoint: 20100 ns, At safepoint: 22000 ns, Total: 42100 ns
[2020-03-27T04:53:40.052+0000][1][safepoint    ] Safepoint "RevokeBias", Time since last: 1951800 ns, Reaching safepoint: 90100 ns, At safepoint: 21500 ns, Total: 111600 ns
[2020-03-27T04:53:40.052+0000][1][gc           ] GC(21) Concurrent Abortable Preclean 31.795ms
[2020-03-27T04:53:40.053+0000][1][gc,cpu       ] GC(21) User=0.05s Sys=0.01s Real=0.03s
[2020-03-27T04:53:40.053+0000][1][gc,start     ] GC(21) Pause Remark
[2020-03-27T04:53:40.058+0000][1][gc           ] GC(21) Pause Remark 40M->40M(123M) 4.783ms
[2020-03-27T04:53:40.058+0000][1][gc,cpu       ] GC(21) User=0.01s Sys=0.00s Real=0.01s
[2020-03-27T04:53:40.059+0000][1][safepoint    ] Safepoint "CMS_Final_Remark", Time since last: 1160200 ns, Reaching safepoint: 90700 ns, At safepoint: 5627200 ns, Total: 5717900 ns
[2020-03-27T04:53:40.059+0000][1][gc           ] GC(21) Concurrent Sweep
[2020-03-27T04:53:40.061+0000][1][safepoint    ] Safepoint "RevokeBias", Time since last: 1687800 ns, Reaching safepoint: 282500 ns, At safepoint: 36200 ns, Total: 318700 ns
[2020-03-27T04:53:40.062+0000][1][gc           ] GC(21) Concurrent Sweep 3.068ms
[2020-03-27T04:53:40.062+0000][1][gc,cpu       ] GC(21) User=0.01s Sys=0.00s Real=0.00s
[2020-03-27T04:53:40.063+0000][1][gc           ] GC(21) Concurrent Reset
[2020-03-27T04:53:40.064+0000][1][gc           ] GC(21) Concurrent Reset 0.898ms
[2020-03-27T04:53:40.064+0000][1][gc,cpu       ] GC(21) User=0.00s Sys=0.00s Real=0.00s
[2020-03-27T04:53:40.064+0000][1][gc,heap      ] GC(21) Old: 14886K->14825K(87424K)
[2020-03-27T04:53:40.069+0000][1][gc,start     ] GC(23) Pause Young (Allocation Failure)
[2020-03-27T04:53:40.070+0000][1][gc,task      ] GC(23) Using 2 workers of 2 for evacuation
[2020-03-27T04:53:40.072+0000][1][gc,age       ] GC(23) Desired survivor size 2228224 bytes, new threshold 3 (max threshold 6)
[2020-03-27T04:53:40.072+0000][1][gc,age       ] GC(23) Age table with threshold 3 (max threshold 6)
[2020-03-27T04:53:40.073+0000][1][gc,age       ] GC(23) - age   1:    1718088 bytes,    1718088 total
[2020-03-27T04:53:40.073+0000][1][gc,age       ] GC(23) - age   2:     173776 bytes,    1891864 total
[2020-03-27T04:53:40.073+0000][1][gc,age       ] GC(23) - age   3:     513616 bytes,    2405480 total
[2020-03-27T04:53:40.074+0000][1][gc,age       ] GC(23) - age   4:     291760 bytes,    2697240 total
[2020-03-27T04:53:40.074+0000][1][gc,age       ] GC(23) - age   5:      69072 bytes,    2766312 total
[2020-03-27T04:53:40.074+0000][1][gc,heap      ] GC(23) ParNew: 38022K->3942K(39296K)
[2020-03-27T04:53:40.074+0000][1][gc,heap      ] GC(23) CMS: 14825K->14825K(87424K)
[2020-03-27T04:53:40.075+0000][1][gc,metaspace ] GC(23) Metaspace: 20562K->20562K(1069056K)
[2020-03-27T04:53:40.075+0000][1][gc           ] GC(23) Pause Young (Allocation Failure) 51M->18M(123M) 5.878ms
[2020-03-27T04:53:40.075+0000][1][gc,cpu       ] GC(23) User=0.01s Sys=0.00s Real=0.00s
[2020-03-27T04:53:40.075+0000][1][safepoint    ] Safepoint "GenCollectForAllocation", Time since last: 8137200 ns, Reaching safepoint: 95300 ns, At safepoint: 6437100 ns, Total: 6532400 ns
[2020-03-27T04:53:40.114+0000][1][gc,start     ] GC(24) Pause Young (Allocation Failure)
[2020-03-27T04:53:40.114+0000][1][gc,task      ] GC(24) Using 2 workers of 2 for evacuation
[2020-03-27T04:53:40.116+0000][1][gc,age       ] GC(24) Desired survivor size 2228224 bytes, new threshold 6 (max threshold 6)
[2020-03-27T04:53:40.117+0000][1][gc,age       ] GC(24) Age table with threshold 6 (max threshold 6)
[2020-03-27T04:53:40.117+0000][1][gc,age       ] GC(24) - age   1:     312648 bytes,     312648 total
[2020-03-27T04:53:40.118+0000][1][gc,age       ] GC(24) - age   2:      32808 bytes,     345456 total
[2020-03-27T04:53:40.118+0000][1][gc,age       ] GC(24) - age   3:     173776 bytes,     519232 total
[2020-03-27T04:53:40.119+0000][1][gc,heap      ] GC(24) ParNew: 38886K->2518K(39296K)
[2020-03-27T04:53:40.119+0000][1][gc,heap      ] GC(24) CMS: 14825K->15689K(87424K)
[2020-03-27T04:53:40.120+0000][1][gc,metaspace ] GC(24) Metaspace: 20571K->20571K(1069056K)
[2020-03-27T04:53:40.120+0000][1][gc           ] GC(24) Pause Young (Allocation Failure) 52M->17M(123M) 6.529ms
[2020-03-27T04:53:40.121+0000][1][gc,cpu       ] GC(24) User=0.01s Sys=0.00s Real=0.01s
[2020-03-27T04:53:40.121+0000][1][safepoint    ] Safepoint "GenCollectForAllocation", Time since last: 38314000 ns, Reaching safepoint: 92500 ns, At safepoint: 7159000 ns, Total: 7251500 ns
[2020-03-27T04:53:40.143+0000][1][gc,start     ] GC(25) Pause Young (Allocation Failure)
[2020-03-27T04:53:40.144+0000][1][gc,task      ] GC(25) Using 2 workers of 2 for evacuation
[2020-03-27T04:53:40.146+0000][1][gc,age       ] GC(25) Desired survivor size 2228224 bytes, new threshold 6 (max threshold 6)
[2020-03-27T04:53:40.146+0000][1][gc,age       ] GC(25) Age table with threshold 6 (max threshold 6)
[2020-03-27T04:53:40.146+0000][1][gc,age       ] GC(25) - age   1:     883808 bytes,     883808 total
[2020-03-27T04:53:40.147+0000][1][gc,age       ] GC(25) - age   2:      71096 bytes,     954904 total
[2020-03-27T04:53:40.147+0000][1][gc,age       ] GC(25) - age   3:      32808 bytes,     987712 total
[2020-03-27T04:53:40.147+0000][1][gc,age       ] GC(25) - age   4:     173664 bytes,    1161376 total
[2020-03-27T04:53:40.148+0000][1][gc,heap      ] GC(25) ParNew: 37462K->1512K(39296K)
[2020-03-27T04:53:40.148+0000][1][gc,heap      ] GC(25) CMS: 15689K->15689K(87424K)
[2020-03-27T04:53:40.149+0000][1][gc,metaspace ] GC(25) Metaspace: 20577K->20577K(1069056K)
[2020-03-27T04:53:40.149+0000][1][gc           ] GC(25) Pause Young (Allocation Failure) 51M->16M(123M) 6.027ms
[2020-03-27T04:53:40.150+0000][1][gc,cpu       ] GC(25) User=0.01s Sys=0.00s Real=0.01s
[2020-03-27T04:53:40.150+0000][1][safepoint    ] Safepoint "GenCollectForAllocation", Time since last: 22198000 ns, Reaching safepoint: 125800 ns, At safepoint: 6880800 ns, Total: 7006600 ns
[2020-03-27T04:53:40.179+0000][1][gc,start     ] GC(26) Pause Young (Allocation Failure)
[2020-03-27T04:53:40.179+0000][1][gc,task      ] GC(26) Using 2 workers of 2 for evacuation
[2020-03-27T04:53:40.181+0000][1][gc,age       ] GC(26) Desired survivor size 2228224 bytes, new threshold 6 (max threshold 6)
[2020-03-27T04:53:40.182+0000][1][gc,age       ] GC(26) Age table with threshold 6 (max threshold 6)
[2020-03-27T04:53:40.182+0000][1][gc,age       ] GC(26) - age   1:     629304 bytes,     629304 total
[2020-03-27T04:53:40.183+0000][1][gc,age       ] GC(26) - age   2:      34584 bytes,     663888 total
[2020-03-27T04:53:40.183+0000][1][gc,age       ] GC(26) - age   3:      71096 bytes,     734984 total
[2020-03-27T04:53:40.184+0000][1][gc,age       ] GC(26) - age   4:      32808 bytes,     767792 total
[2020-03-27T04:53:40.184+0000][1][gc,age       ] GC(26) - age   5:     173664 bytes,     941456 total
[2020-03-27T04:53:40.185+0000][1][gc,heap      ] GC(26) ParNew: 36456K->1039K(39296K)
[2020-03-27T04:53:40.185+0000][1][gc,heap      ] GC(26) CMS: 15689K->15689K(87424K)
[2020-03-27T04:53:40.186+0000][1][gc,metaspace ] GC(26) Metaspace: 20670K->20670K(1069056K)
[2020-03-27T04:53:40.186+0000][1][gc           ] GC(26) Pause Young (Allocation Failure) 50M->16M(123M) 7.293ms
[2020-03-27T04:53:40.186+0000][1][gc,cpu       ] GC(26) User=0.00s Sys=0.00s Real=0.01s
[2020-03-27T04:53:40.187+0000][1][safepoint    ] Safepoint "GenCollectForAllocation", Time since last: 28284300 ns, Reaching safepoint: 101400 ns, At safepoint: 8275400 ns, Total: 8376800 ns
[2020-03-27T04:53:40.212+0000][1][gc,start     ] GC(27) Pause Young (Allocation Failure)
[2020-03-27T04:53:40.213+0000][1][gc,task      ] GC(27) Using 2 workers of 2 for evacuation
[2020-03-27T04:53:40.215+0000][1][gc,age       ] GC(27) Desired survivor size 2228224 bytes, new threshold 6 (max threshold 6)
[2020-03-27T04:53:40.215+0000][1][gc,age       ] GC(27) Age table with threshold 6 (max threshold 6)
[2020-03-27T04:53:40.216+0000][1][gc,age       ] GC(27) - age   1:    1092072 bytes,    1092072 total
[2020-03-27T04:53:40.216+0000][1][gc,age       ] GC(27) - age   2:      67312 bytes,    1159384 total
[2020-03-27T04:53:40.217+0000][1][gc,age       ] GC(27) - age   3:      34584 bytes,    1193968 total
[2020-03-27T04:53:40.218+0000][1][gc,age       ] GC(27) - age   4:      71096 bytes,    1265064 total
[2020-03-27T04:53:40.218+0000][1][gc,age       ] GC(27) - age   5:      32808 bytes,    1297872 total
[2020-03-27T04:53:40.218+0000][1][gc,age       ] GC(27) - age   6:     173664 bytes,    1471536 total
[2020-03-27T04:53:40.219+0000][1][gc,heap      ] GC(27) ParNew: 35983K->1898K(39296K)
[2020-03-27T04:53:40.219+0000][1][gc,heap      ] GC(27) CMS: 15689K->15689K(87424K)
[2020-03-27T04:53:40.220+0000][1][gc,metaspace ] GC(27) Metaspace: 20714K->20714K(1069056K)
[2020-03-27T04:53:40.220+0000][1][gc           ] GC(27) Pause Young (Allocation Failure) 50M->17M(123M) 7.808ms
[2020-03-27T04:53:40.221+0000][1][gc,cpu       ] GC(27) User=0.00s Sys=0.00s Real=0.01s
[2020-03-27T04:53:40.221+0000][1][safepoint    ] Safepoint "GenCollectForAllocation", Time since last: 25365300 ns, Reaching safepoint: 100400 ns, At safepoint: 8611200 ns, Total: 8711600 ns
[2020-03-27T04:53:40.242+0000][1][gc,start     ] GC(28) Pause Young (Allocation Failure)
[2020-03-27T04:53:40.242+0000][1][gc,task      ] GC(28) Using 2 workers of 2 for evacuation
[2020-03-27T04:53:40.245+0000][1][gc,age       ] GC(28) Desired survivor size 2228224 bytes, new threshold 6 (max threshold 6)
[2020-03-27T04:53:40.245+0000][1][gc,age       ] GC(28) Age table with threshold 6 (max threshold 6)
[2020-03-27T04:53:40.245+0000][1][gc,age       ] GC(28) - age   1:    1422488 bytes,    1422488 total
[2020-03-27T04:53:40.246+0000][1][gc,age       ] GC(28) - age   2:     244528 bytes,    1667016 total
[2020-03-27T04:53:40.246+0000][1][gc,age       ] GC(28) - age   3:      67312 bytes,    1734328 total
[2020-03-27T04:53:40.247+0000][1][gc,age       ] GC(28) - age   4:      34584 bytes,    1768912 total
[2020-03-27T04:53:40.247+0000][1][gc,age       ] GC(28) - age   5:      71096 bytes,    1840008 total
[2020-03-27T04:53:40.247+0000][1][gc,age       ] GC(28) - age   6:      32808 bytes,    1872816 total
[2020-03-27T04:53:40.248+0000][1][gc,heap      ] GC(28) ParNew: 36842K->2630K(39296K)
[2020-03-27T04:53:40.248+0000][1][gc,heap      ] GC(28) CMS: 15689K->15861K(87424K)
[2020-03-27T04:53:40.249+0000][1][gc,metaspace ] GC(28) Metaspace: 20721K->20721K(1069056K)
[2020-03-27T04:53:40.249+0000][1][gc           ] GC(28) Pause Young (Allocation Failure) 51M->18M(123M) 7.160ms
[2020-03-27T04:53:40.249+0000][1][gc,cpu       ] GC(28) User=0.01s Sys=0.00s Real=0.01s
[2020-03-27T04:53:40.250+0000][1][safepoint    ] Safepoint "GenCollectForAllocation", Time since last: 20794000 ns, Reaching safepoint: 96000 ns, At safepoint: 8054500 ns, Total: 8150500 ns
[2020-03-27T04:53:40.275+0000][1][gc,start     ] GC(29) Pause Young (Allocation Failure)
[2020-03-27T04:53:40.275+0000][1][gc,task      ] GC(29) Using 2 workers of 2 for evacuation
[2020-03-27T04:53:40.278+0000][1][gc,age       ] GC(29) Desired survivor size 2228224 bytes, new threshold 4 (max threshold 6)
[2020-03-27T04:53:40.279+0000][1][gc,age       ] GC(29) Age table with threshold 4 (max threshold 6)
[2020-03-27T04:53:40.279+0000][1][gc,age       ] GC(29) - age   1:    1911800 bytes,    1911800 total
[2020-03-27T04:53:40.279+0000][1][gc,age       ] GC(29) - age   2:      37232 bytes,    1949032 total
[2020-03-27T04:53:40.280+0000][1][gc,age       ] GC(29) - age   3:     244464 bytes,    2193496 total
[2020-03-27T04:53:40.280+0000][1][gc,age       ] GC(29) - age   4:      67200 bytes,    2260696 total
[2020-03-27T04:53:40.281+0000][1][gc,age       ] GC(29) - age   5:      34584 bytes,    2295280 total
[2020-03-27T04:53:40.281+0000][1][gc,age       ] GC(29) - age   6:      71096 bytes,    2366376 total
[2020-03-27T04:53:40.282+0000][1][gc,heap      ] GC(29) ParNew: 37574K->3400K(39296K)
[2020-03-27T04:53:40.282+0000][1][gc,heap      ] GC(29) CMS: 15861K->15894K(87424K)
[2020-03-27T04:53:40.282+0000][1][gc,metaspace ] GC(29) Metaspace: 20758K->20758K(1069056K)
[2020-03-27T04:53:40.283+0000][1][gc           ] GC(29) Pause Young (Allocation Failure) 52M->18M(123M) 7.604ms
[2020-03-27T04:53:40.283+0000][1][gc,cpu       ] GC(29) User=0.00s Sys=0.00s Real=0.01s
[2020-03-27T04:53:40.283+0000][1][safepoint    ] Safepoint "GenCollectForAllocation", Time since last: 24929500 ns, Reaching safepoint: 103800 ns, At safepoint: 8180300 ns, Total: 8284100 ns
[2020-03-27T04:53:40.311+0000][1][gc,start     ] GC(30) Pause Young (Allocation Failure)
[2020-03-27T04:53:40.311+0000][1][gc,task      ] GC(30) Using 2 workers of 2 for evacuation
[2020-03-27T04:53:40.314+0000][1][gc,age       ] GC(30) Desired survivor size 2228224 bytes, new threshold 6 (max threshold 6)
[2020-03-27T04:53:40.314+0000][1][gc,age       ] GC(30) Age table with threshold 6 (max threshold 6)
[2020-03-27T04:53:40.315+0000][1][gc,age       ] GC(30) - age   1:     814296 bytes,     814296 total
[2020-03-27T04:53:40.315+0000][1][gc,age       ] GC(30) - age   2:      49232 bytes,     863528 total
[2020-03-27T04:53:40.315+0000][1][gc,age       ] GC(30) - age   3:      37232 bytes,     900760 total
[2020-03-27T04:53:40.316+0000][1][gc,age       ] GC(30) - age   4:     244464 bytes,    1145224 total
[2020-03-27T04:53:40.316+0000][1][gc,heap      ] GC(30) ParNew: 38344K->2158K(39296K)
[2020-03-27T04:53:40.317+0000][1][gc,heap      ] GC(30) CMS: 15894K->16069K(87424K)
[2020-03-27T04:53:40.317+0000][1][gc,metaspace ] GC(30) Metaspace: 20810K->20810K(1069056K)
[2020-03-27T04:53:40.318+0000][1][gc           ] GC(30) Pause Young (Allocation Failure) 52M->17M(123M) 6.761ms
[2020-03-27T04:53:40.318+0000][1][gc,cpu       ] GC(30) User=0.01s Sys=0.00s Real=0.01s
[2020-03-27T04:53:40.318+0000][1][safepoint    ] Safepoint "GenCollectForAllocation", Time since last: 27677099 ns, Reaching safepoint: 110500 ns, At safepoint: 7464600 ns, Total: 7575100 ns
[2020-03-27T04:53:40.344+0000][1][gc,start     ] GC(31) Pause Young (Allocation Failure)
[2020-03-27T04:53:40.345+0000][1][gc,task      ] GC(31) Using 2 workers of 2 for evacuation
[2020-03-27T04:53:40.346+0000][1][gc,age       ] GC(31) Desired survivor size 2228224 bytes, new threshold 6 (max threshold 6)
[2020-03-27T04:53:40.347+0000][1][gc,age       ] GC(31) Age table with threshold 6 (max threshold 6)
[2020-03-27T04:53:40.347+0000][1][gc,age       ] GC(31) - age   1:     314288 bytes,     314288 total
[2020-03-27T04:53:40.347+0000][1][gc,age       ] GC(31) - age   2:     143440 bytes,     457728 total
[2020-03-27T04:53:40.348+0000][1][gc,age       ] GC(31) - age   3:      49232 bytes,     506960 total
[2020-03-27T04:53:40.349+0000][1][gc,age       ] GC(31) - age   4:      37232 bytes,     544192 total
[2020-03-27T04:53:40.349+0000][1][gc,age       ] GC(31) - age   5:     244464 bytes,     788656 total
[2020-03-27T04:53:40.350+0000][1][gc,heap      ] GC(31) ParNew: 37102K->1438K(39296K)
[2020-03-27T04:53:40.350+0000][1][gc,heap      ] GC(31) CMS: 16069K->16069K(87424K)
[2020-03-27T04:53:40.350+0000][1][gc,metaspace ] GC(31) Metaspace: 20822K->20822K(1069056K)
[2020-03-27T04:53:40.351+0000][1][gc           ] GC(31) Pause Young (Allocation Failure) 51M->17M(123M) 6.716ms
[2020-03-27T04:53:40.351+0000][1][gc,cpu       ] GC(31) User=0.01s Sys=0.00s Real=0.01s
[2020-03-27T04:53:40.352+0000][1][safepoint    ] Safepoint "GenCollectForAllocation", Time since last: 25669300 ns, Reaching safepoint: 129700 ns, At safepoint: 7404100 ns, Total: 7533800 ns
[2020-03-27T04:53:40.372+0000][1][safepoint    ] Safepoint "Deoptimize", Time since last: 20134100 ns, Reaching safepoint: 133400 ns, At safepoint: 158400 ns, Total: 291800 ns
[2020-03-27T04:53:40.431+0000][1][gc,start     ] GC(32) Pause Young (Allocation Failure)
[2020-03-27T04:53:40.432+0000][1][gc,task      ] GC(32) Using 2 workers of 2 for evacuation
[2020-03-27T04:53:40.434+0000][1][gc,age       ] GC(32) Desired survivor size 2228224 bytes, new threshold 6 (max threshold 6)
[2020-03-27T04:53:40.436+0000][1][gc,age       ] GC(32) Age table with threshold 6 (max threshold 6)
[2020-03-27T04:53:40.437+0000][1][gc,age       ] GC(32) - age   1:     293192 bytes,     293192 total
[2020-03-27T04:53:40.437+0000][1][gc,age       ] GC(32) - age   2:      73720 bytes,     366912 total
[2020-03-27T04:53:40.437+0000][1][gc,age       ] GC(32) - age   3:     143304 bytes,     510216 total
[2020-03-27T04:53:40.438+0000][1][gc,age       ] GC(32) - age   4:      49232 bytes,     559448 total
[2020-03-27T04:53:40.438+0000][1][gc,age       ] GC(32) - age   5:      37232 bytes,     596680 total
[2020-03-27T04:53:40.439+0000][1][gc,age       ] GC(32) - age   6:     244464 bytes,     841144 total
[2020-03-27T04:53:40.439+0000][1][gc,heap      ] GC(32) ParNew: 36382K->1057K(39296K)
[2020-03-27T04:53:40.440+0000][1][gc,heap      ] GC(32) CMS: 16069K->16069K(87424K)
[2020-03-27T04:53:40.440+0000][1][gc,metaspace ] GC(32) Metaspace: 21834K->21834K(1069056K)
[2020-03-27T04:53:40.440+0000][1][gc           ] GC(32) Pause Young (Allocation Failure) 51M->16M(123M) 9.550ms
[2020-03-27T04:53:40.441+0000][1][gc,cpu       ] GC(32) User=0.00s Sys=0.00s Real=0.01s
[2020-03-27T04:53:40.441+0000][1][safepoint    ] Safepoint "GenCollectForAllocation", Time since last: 58776400 ns, Reaching safepoint: 147000 ns, At safepoint: 10250300 ns, Total: 10397300 ns
[2020-03-27T04:53:40.617+0000][1][safepoint    ] Safepoint "Deoptimize", Time since last: 174942000 ns, Reaching safepoint: 305600 ns, At safepoint: 239200 ns, Total: 544800 ns
[2020-03-27T04:53:40.622+0000][1][safepoint    ] Safepoint "Deoptimize", Time since last: 5241200 ns, Reaching safepoint: 92800 ns, At safepoint: 176700 ns, Total: 269500 ns
[2020-03-27T04:53:40.689+0000][1][safepoint    ] Safepoint "RevokeBias", Time since last: 66864700 ns, Reaching safepoint: 301300 ns, At safepoint: 29800 ns, Total: 331100 ns
[2020-03-27T04:53:40.694+0000][1][gc,start     ] GC(33) Pause Young (Allocation Failure)
[2020-03-27T04:53:40.694+0000][1][gc,task      ] GC(33) Using 2 workers of 2 for evacuation
[2020-03-27T04:53:40.699+0000][1][gc,age       ] GC(33) Desired survivor size 2228224 bytes, new threshold 1 (max threshold 6)
[2020-03-27T04:53:40.700+0000][1][gc,age       ] GC(33) Age table with threshold 1 (max threshold 6)
[2020-03-27T04:53:40.701+0000][1][gc,age       ] GC(33) - age   1:    3166480 bytes,    3166480 total
[2020-03-27T04:53:40.702+0000][1][gc,age       ] GC(33) - age   2:     240688 bytes,    3407168 total
[2020-03-27T04:53:40.702+0000][1][gc,age       ] GC(33) - age   3:      73720 bytes,    3480888 total
[2020-03-27T04:53:40.703+0000][1][gc,age       ] GC(33) - age   4:     143272 bytes,    3624160 total
[2020-03-27T04:53:40.703+0000][1][gc,age       ] GC(33) - age   5:      49072 bytes,    3673232 total
[2020-03-27T04:53:40.704+0000][1][gc,age       ] GC(33) - age   6:      37232 bytes,    3710464 total
[2020-03-27T04:53:40.704+0000][1][gc,heap      ] GC(33) ParNew: 36001K->4115K(39296K)
[2020-03-27T04:53:40.705+0000][1][gc,heap      ] GC(33) CMS: 16069K->16310K(87424K)
[2020-03-27T04:53:40.705+0000][1][gc,metaspace ] GC(33) Metaspace: 26986K->26986K(1075200K)
[2020-03-27T04:53:40.706+0000][1][gc           ] GC(33) Pause Young (Allocation Failure) 50M->19M(123M) 11.963ms
[2020-03-27T04:53:40.706+0000][1][gc,cpu       ] GC(33) User=0.01s Sys=0.00s Real=0.02s
[2020-03-27T04:53:40.706+0000][1][safepoint    ] Safepoint "GenCollectForAllocation", Time since last: 4264200 ns, Reaching safepoint: 101600 ns, At safepoint: 12627200 ns, Total: 12728800 ns
[2020-03-27T04:53:40.934+0000][1][gc,start     ] GC(34) Pause Young (Allocation Failure)
[2020-03-27T04:53:40.935+0000][1][gc,task      ] GC(34) Using 2 workers of 2 for evacuation
[2020-03-27T04:53:40.947+0000][1][gc,age       ] GC(34) Desired survivor size 2228224 bytes, new threshold 1 (max threshold 6)
[2020-03-27T04:53:40.948+0000][1][gc,age       ] GC(34) Age table with threshold 1 (max threshold 6)
[2020-03-27T04:53:40.948+0000][1][gc,age       ] GC(34) - age   1:    4456344 bytes,    4456344 total
[2020-03-27T04:53:40.949+0000][1][gc,heap      ] GC(34) ParNew: 39059K->4352K(39296K)
[2020-03-27T04:53:40.949+0000][1][gc,heap      ] GC(34) CMS: 16310K->20999K(87424K)
[2020-03-27T04:53:40.950+0000][1][gc,metaspace ] GC(34) Metaspace: 27800K->27800K(1075200K)
[2020-03-27T04:53:40.950+0000][1][gc           ] GC(34) Pause Young (Allocation Failure) 54M->24M(123M) 16.012ms
[2020-03-27T04:53:40.951+0000][1][gc,cpu       ] GC(34) User=0.02s Sys=0.00s Real=0.02s
[2020-03-27T04:53:40.951+0000][1][safepoint    ] Safepoint "GenCollectForAllocation", Time since last: 227573099 ns, Reaching safepoint: 143400 ns, At safepoint: 16866500 ns, Total: 17009900 ns
[2020-03-27T04:53:41.131+0000][1][gc,start     ] GC(35) Pause Young (Allocation Failure)
[2020-03-27T04:53:41.131+0000][1][gc,task      ] GC(35) Using 2 workers of 2 for evacuation
[2020-03-27T04:53:41.145+0000][1][gc,age       ] GC(35) Desired survivor size 2228224 bytes, new threshold 1 (max threshold 6)
[2020-03-27T04:53:41.146+0000][1][gc,age       ] GC(35) Age table with threshold 1 (max threshold 6)
[2020-03-27T04:53:41.146+0000][1][gc,age       ] GC(35) - age   1:    3834264 bytes,    3834264 total
[2020-03-27T04:53:41.146+0000][1][gc,heap      ] GC(35) ParNew: 39296K->4352K(39296K)
[2020-03-27T04:53:41.147+0000][1][gc,heap      ] GC(35) CMS: 20999K->26059K(87424K)
[2020-03-27T04:53:41.147+0000][1][gc,metaspace ] GC(35) Metaspace: 27811K->27811K(1075200K)
[2020-03-27T04:53:41.147+0000][1][gc           ] GC(35) Pause Young (Allocation Failure) 58M->29M(123M) 16.578ms
[2020-03-27T04:53:41.148+0000][1][gc,cpu       ] GC(35) User=0.03s Sys=0.01s Real=0.02s
[2020-03-27T04:53:41.148+0000][1][safepoint    ] Safepoint "GenCollectForAllocation", Time since last: 179682200 ns, Reaching safepoint: 110400 ns, At safepoint: 17191800 ns, Total: 17302200 ns
[2020-03-27T04:53:41.265+0000][1][safepoint    ] Safepoint "RevokeBias", Time since last: 117392199 ns, Reaching safepoint: 124100 ns, At safepoint: 26600 ns, Total: 150700 ns
[2020-03-27T04:53:41.318+0000][1][gc,start     ] GC(36) Pause Young (Allocation Failure)
[2020-03-27T04:53:41.319+0000][1][gc,task      ] GC(36) Using 2 workers of 2 for evacuation
[2020-03-27T04:53:41.334+0000][1][gc,age       ] GC(36) Desired survivor size 2228224 bytes, new threshold 1 (max threshold 6)
[2020-03-27T04:53:41.334+0000][1][gc,age       ] GC(36) Age table with threshold 1 (max threshold 6)
[2020-03-27T04:53:41.335+0000][1][gc,age       ] GC(36) - age   1:    4353408 bytes,    4353408 total
[2020-03-27T04:53:41.335+0000][1][gc,heap      ] GC(36) ParNew: 39296K->4352K(39296K)
[2020-03-27T04:53:41.335+0000][1][gc,heap      ] GC(36) CMS: 26059K->30025K(87424K)
[2020-03-27T04:53:41.336+0000][1][gc,metaspace ] GC(36) Metaspace: 27998K->27998K(1075200K)
[2020-03-27T04:53:41.336+0000][1][gc           ] GC(36) Pause Young (Allocation Failure) 63M->33M(123M) 17.891ms
[2020-03-27T04:53:41.336+0000][1][gc,cpu       ] GC(36) User=0.04s Sys=0.00s Real=0.02s
[2020-03-27T04:53:41.337+0000][1][safepoint    ] Safepoint "GenCollectForAllocation", Time since last: 52575700 ns, Reaching safepoint: 102800 ns, At safepoint: 18447100 ns, Total: 18549900 ns
[2020-03-27T04:53:41.478+0000][1][gc,start     ] GC(37) Pause Young (Allocation Failure)
[2020-03-27T04:53:41.478+0000][1][gc,task      ] GC(37) Using 2 workers of 2 for evacuation
[2020-03-27T04:53:41.487+0000][1][gc,age       ] GC(37) Desired survivor size 2228224 bytes, new threshold 1 (max threshold 6)
[2020-03-27T04:53:41.487+0000][1][gc,age       ] GC(37) Age table with threshold 1 (max threshold 6)
[2020-03-27T04:53:41.488+0000][1][gc,age       ] GC(37) - age   1:    3417816 bytes,    3417816 total
[2020-03-27T04:53:41.488+0000][1][gc,heap      ] GC(37) ParNew: 39296K->4352K(39296K)
[2020-03-27T04:53:41.488+0000][1][gc,heap      ] GC(37) CMS: 30025K->34797K(87424K)
[2020-03-27T04:53:41.489+0000][1][gc,metaspace ] GC(37) Metaspace: 28009K->28009K(1075200K)
[2020-03-27T04:53:41.490+0000][1][gc           ] GC(37) Pause Young (Allocation Failure) 67M->38M(123M) 11.787ms
[2020-03-27T04:53:41.490+0000][1][gc,cpu       ] GC(37) User=0.02s Sys=0.00s Real=0.01s
[2020-03-27T04:53:41.490+0000][1][safepoint    ] Safepoint "GenCollectForAllocation", Time since last: 141091300 ns, Reaching safepoint: 113000 ns, At safepoint: 12688500 ns, Total: 12801500 ns
[2020-03-27T04:53:41.626+0000][1][gc,start     ] GC(38) Pause Young (Allocation Failure)
[2020-03-27T04:53:41.626+0000][1][gc,task      ] GC(38) Using 2 workers of 2 for evacuation
[2020-03-27T04:53:41.635+0000][1][gc,age       ] GC(38) Desired survivor size 2228224 bytes, new threshold 1 (max threshold 6)
[2020-03-27T04:53:41.636+0000][1][gc,age       ] GC(38) Age table with threshold 1 (max threshold 6)
[2020-03-27T04:53:41.643+0000][1][gc,age       ] GC(38) - age   1:    4307424 bytes,    4307424 total
[2020-03-27T04:53:41.644+0000][1][gc,heap      ] GC(38) ParNew: 39296K->4352K(39296K)
[2020-03-27T04:53:41.644+0000][1][gc,heap      ] GC(38) CMS: 34797K->37916K(87424K)
[2020-03-27T04:53:41.645+0000][1][gc,metaspace ] GC(38) Metaspace: 28022K->28022K(1075200K)
[2020-03-27T04:53:41.645+0000][1][gc           ] GC(38) Pause Young (Allocation Failure) 72M->41M(123M) 19.186ms
[2020-03-27T04:53:41.645+0000][1][gc,cpu       ] GC(38) User=0.01s Sys=0.00s Real=0.01s
[2020-03-27T04:53:41.646+0000][1][safepoint    ] Safepoint "GenCollectForAllocation", Time since last: 135227500 ns, Reaching safepoint: 133100 ns, At safepoint: 20133900 ns, Total: 20267000 ns
[2020-03-27T04:53:41.718+0000][1][safepoint    ] Safepoint "RevokeBias", Time since last: 72170000 ns, Reaching safepoint: 27100 ns, At safepoint: 33500 ns, Total: 60600 ns
[2020-03-27T04:53:41.828+0000][1][gc,start     ] GC(39) Pause Young (Allocation Failure)
[2020-03-27T04:53:41.829+0000][1][gc,task      ] GC(39) Using 2 workers of 2 for evacuation
[2020-03-27T04:53:41.837+0000][1][gc,age       ] GC(39) Desired survivor size 2228224 bytes, new threshold 1 (max threshold 6)
[2020-03-27T04:53:41.838+0000][1][gc,age       ] GC(39) Age table with threshold 1 (max threshold 6)
[2020-03-27T04:53:41.844+0000][1][gc,age       ] GC(39) - age   1:    3042232 bytes,    3042232 total
[2020-03-27T04:53:41.845+0000][1][gc,heap      ] GC(39) ParNew: 39296K->4352K(39296K)
[2020-03-27T04:53:41.845+0000][1][gc,heap      ] GC(39) CMS: 37916K->41881K(87424K)
[2020-03-27T04:53:41.846+0000][1][gc,metaspace ] GC(39) Metaspace: 30697K->30697K(1077248K)
[2020-03-27T04:53:41.846+0000][1][gc           ] GC(39) Pause Young (Allocation Failure) 75M->45M(123M) 17.698ms
[2020-03-27T04:53:41.846+0000][1][gc,cpu       ] GC(39) User=0.02s Sys=0.00s Real=0.02s
[2020-03-27T04:53:41.847+0000][1][safepoint    ] Safepoint "GenCollectForAllocation", Time since last: 109973399 ns, Reaching safepoint: 46800 ns, At safepoint: 18348300 ns, Total: 18395100 ns
[2020-03-27T04:53:41.986+0000][1][gc,start     ] GC(40) Pause Young (Allocation Failure)
[2020-03-27T04:53:41.986+0000][1][gc,task      ] GC(40) Using 2 workers of 2 for evacuation
[2020-03-27T04:53:41.998+0000][1][gc,age       ] GC(40) Desired survivor size 2228224 bytes, new threshold 6 (max threshold 6)
[2020-03-27T04:53:41.998+0000][1][gc,age       ] GC(40) Age table with threshold 6 (max threshold 6)
[2020-03-27T04:53:42.012+0000][1][gc,age       ] GC(40) - age   1:    1074048 bytes,    1074048 total
[2020-03-27T04:53:42.012+0000][1][gc,heap      ] GC(40) ParNew: 39296K->3238K(39296K)
[2020-03-27T04:53:42.013+0000][1][gc,heap      ] GC(40) CMS: 41881K->44851K(87424K)
[2020-03-27T04:53:42.013+0000][1][gc,metaspace ] GC(40) Metaspace: 33299K->33299K(1081344K)
[2020-03-27T04:53:42.013+0000][1][gc           ] GC(40) Pause Young (Allocation Failure) 79M->46M(123M) 27.450ms
[2020-03-27T04:53:42.013+0000][1][gc,cpu       ] GC(40) User=0.02s Sys=0.00s Real=0.02s
[2020-03-27T04:53:42.014+0000][1][safepoint    ] Safepoint "GenCollectForAllocation", Time since last: 138994100 ns, Reaching safepoint: 32200 ns, At safepoint: 28013300 ns, Total: 28045500 ns
[2020-03-27T04:53:42.039+0000][1][gc,start     ] GC(41) Pause Young (Allocation Failure)
[2020-03-27T04:53:42.040+0000][1][gc,task      ] GC(41) Using 2 workers of 2 for evacuation
[2020-03-27T04:53:42.043+0000][1][gc,age       ] GC(41) Desired survivor size 2228224 bytes, new threshold 6 (max threshold 6)
[2020-03-27T04:53:42.044+0000][1][gc,age       ] GC(41) Age table with threshold 6 (max threshold 6)
[2020-03-27T04:53:42.044+0000][1][gc,age       ] GC(41) - age   1:      32824 bytes,      32824 total
[2020-03-27T04:53:42.044+0000][1][gc,age       ] GC(41) - age   2:    1062640 bytes,    1095464 total
[2020-03-27T04:53:42.045+0000][1][gc,heap      ] GC(41) ParNew: 38182K->1607K(39296K)
[2020-03-27T04:53:42.045+0000][1][gc,heap      ] GC(41) CMS: 44851K->44851K(87424K)
[2020-03-27T04:53:42.045+0000][1][gc,metaspace ] GC(41) Metaspace: 33299K->33299K(1081344K)
[2020-03-27T04:53:42.046+0000][1][gc           ] GC(41) Pause Young (Allocation Failure) 81M->45M(123M) 6.664ms
[2020-03-27T04:53:42.046+0000][1][gc,cpu       ] GC(41) User=0.01s Sys=0.00s Real=0.01s
[2020-03-27T04:53:42.046+0000][1][safepoint    ] Safepoint "GenCollectForAllocation", Time since last: 25543200 ns, Reaching safepoint: 23000 ns, At safepoint: 7180900 ns, Total: 7203900 ns
[2020-03-27T04:53:42.067+0000][1][gc,start     ] GC(42) Pause Young (Allocation Failure)
[2020-03-27T04:53:42.068+0000][1][gc,task      ] GC(42) Using 2 workers of 2 for evacuation
[2020-03-27T04:53:42.071+0000][1][gc,age       ] GC(42) Desired survivor size 2228224 bytes, new threshold 6 (max threshold 6)
[2020-03-27T04:53:42.072+0000][1][gc,age       ] GC(42) Age table with threshold 6 (max threshold 6)
[2020-03-27T04:53:42.072+0000][1][gc,age       ] GC(42) - age   1:      20856 bytes,      20856 total
[2020-03-27T04:53:42.072+0000][1][gc,age       ] GC(42) - age   2:      30664 bytes,      51520 total
[2020-03-27T04:53:42.073+0000][1][gc,age       ] GC(42) - age   3:    1062640 bytes,    1114160 total
[2020-03-27T04:53:42.073+0000][1][gc,heap      ] GC(42) ParNew: 36551K->1605K(39296K)
[2020-03-27T04:53:42.073+0000][1][gc,heap      ] GC(42) CMS: 44851K->44851K(87424K)
[2020-03-27T04:53:42.074+0000][1][gc,metaspace ] GC(42) Metaspace: 33299K->33299K(1081344K)
[2020-03-27T04:53:42.074+0000][1][gc           ] GC(42) Pause Young (Allocation Failure) 79M->45M(123M) 6.673ms
[2020-03-27T04:53:42.074+0000][1][gc,cpu       ] GC(42) User=0.01s Sys=0.00s Real=0.00s
[2020-03-27T04:53:42.074+0000][1][safepoint    ] Safepoint "GenCollectForAllocation", Time since last: 20937800 ns, Reaching safepoint: 17200 ns, At safepoint: 7191000 ns, Total: 7208200 ns
[2020-03-27T04:53:42.111+0000][1][safepoint    ] Safepoint "CollectForMetadataAllocation", Time since last: 36353500 ns, Reaching safepoint: 164000 ns, At safepoint: 82800 ns, Total: 246800 ns
[2020-03-27T04:53:42.225+0000][1][safepoint    ] Safepoint "CollectForMetadataAllocation", Time since last: 114161199 ns, Reaching safepoint: 36400 ns, At safepoint: 80900 ns, Total: 117300 ns
[2020-03-27T04:53:42.267+0000][1][safepoint    ] Safepoint "CollectForMetadataAllocation", Time since last: 41183900 ns, Reaching safepoint: 27300 ns, At safepoint: 54100 ns, Total: 81400 ns
[2020-03-27T04:53:42.270+0000][1][gc,start     ] GC(43) Pause Young (Allocation Failure)
[2020-03-27T04:53:42.270+0000][1][gc,task      ] GC(43) Using 2 workers of 2 for evacuation
[2020-03-27T04:53:42.277+0000][1][gc,age       ] GC(43) Desired survivor size 2228224 bytes, new threshold 4 (max threshold 6)
[2020-03-27T04:53:42.277+0000][1][gc,age       ] GC(43) Age table with threshold 4 (max threshold 6)
[2020-03-27T04:53:42.278+0000][1][gc,age       ] GC(43) - age   1:    1798600 bytes,    1798600 total
[2020-03-27T04:53:42.278+0000][1][gc,age       ] GC(43) - age   2:      20704 bytes,    1819304 total
[2020-03-27T04:53:42.279+0000][1][gc,age       ] GC(43) - age   3:      30664 bytes,    1849968 total
[2020-03-27T04:53:42.279+0000][1][gc,age       ] GC(43) - age   4:    1018864 bytes,    2868832 total
[2020-03-27T04:53:42.280+0000][1][gc,heap      ] GC(43) ParNew: 36549K->3250K(39296K)
[2020-03-27T04:53:42.280+0000][1][gc,heap      ] GC(43) CMS: 44851K->44851K(87424K)
[2020-03-27T04:53:42.281+0000][1][gc,metaspace ] GC(43) Metaspace: 34309K->34309K(1081344K)
[2020-03-27T04:53:42.281+0000][1][gc           ] GC(43) Pause Young (Allocation Failure) 79M->46M(123M) 11.055ms
[2020-03-27T04:53:42.282+0000][1][gc,cpu       ] GC(43) User=0.01s Sys=0.00s Real=0.01s
[2020-03-27T04:53:42.282+0000][1][safepoint    ] Safepoint "GenCollectForAllocation", Time since last: 3418000 ns, Reaching safepoint: 13800 ns, At safepoint: 12031700 ns, Total: 12045500 ns
[2020-03-27T04:53:42.283+0000][1][gc,start     ] GC(44) Pause Initial Mark
[2020-03-27T04:53:42.284+0000][1][gc           ] GC(44) Pause Initial Mark 47M->47M(123M) 1.340ms
[2020-03-27T04:53:42.284+0000][1][gc,cpu       ] GC(44) User=0.00s Sys=0.00s Real=0.00s
[2020-03-27T04:53:42.285+0000][1][safepoint    ] Safepoint "CMS_Initial_Mark", Time since last: 418000 ns, Reaching safepoint: 131500 ns, At safepoint: 2110600 ns, Total: 2242100 ns
[2020-03-27T04:53:42.285+0000][1][gc           ] GC(44) Concurrent Mark
[2020-03-27T04:53:42.314+0000][1][safepoint    ] Safepoint "CollectForMetadataAllocation", Time since last: 29114000 ns, Reaching safepoint: 21400 ns, At safepoint: 65500 ns, Total: 86900 ns
[2020-03-27T04:53:42.336+0000][1][gc           ] GC(44) Concurrent Mark 50.670ms
[2020-03-27T04:53:42.336+0000][1][gc,cpu       ] GC(44) User=0.10s Sys=0.00s Real=0.06s
[2020-03-27T04:53:42.336+0000][1][gc           ] GC(44) Concurrent Preclean
[2020-03-27T04:53:42.337+0000][1][gc           ] GC(44) Concurrent Preclean 0.952ms
[2020-03-27T04:53:42.338+0000][1][gc,cpu       ] GC(44) User=0.00s Sys=0.00s Real=0.00s
[2020-03-27T04:53:42.339+0000][1][gc           ] GC(44) Concurrent Abortable Preclean
[2020-03-27T04:53:42.363+0000][1][safepoint    ] Safepoint "CollectForMetadataAllocation", Time since last: 49198000 ns, Reaching safepoint: 30700 ns, At safepoint: 78800 ns, Total: 109500 ns
[2020-03-27T04:53:42.374+0000][1][safepoint    ] Safepoint "CollectForMetadataAllocation", Time since last: 10488700 ns, Reaching safepoint: 34000 ns, At safepoint: 77300 ns, Total: 111300 ns
[2020-03-27T04:53:42.386+0000][1][safepoint    ] Safepoint "CollectForMetadataAllocation", Time since last: 10784300 ns, Reaching safepoint: 915100 ns, At safepoint: 84700 ns, Total: 999800 ns
[2020-03-27T04:53:42.402+0000][1][safepoint    ] Safepoint "CollectForMetadataAllocation", Time since last: 16503100 ns, Reaching safepoint: 23400 ns, At safepoint: 63600 ns, Total: 87000 ns
[2020-03-27T04:53:42.429+0000][1][safepoint    ] Safepoint "CollectForMetadataAllocation", Time since last: 26845300 ns, Reaching safepoint: 23900 ns, At safepoint: 74000 ns, Total: 97900 ns
[2020-03-27T04:53:42.439+0000][1][safepoint    ] Safepoint "CollectForMetadataAllocation", Time since last: 9935900 ns, Reaching safepoint: 27100 ns, At safepoint: 37600 ns, Total: 64700 ns
[2020-03-27T04:53:42.453+0000][1][safepoint    ] Safepoint "CollectForMetadataAllocation", Time since last: 14166000 ns, Reaching safepoint: 24000 ns, At safepoint: 65100 ns, Total: 89100 ns
[2020-03-27T04:53:42.464+0000][1][safepoint    ] Safepoint "Deoptimize", Time since last: 10036200 ns, Reaching safepoint: 22800 ns, At safepoint: 236900 ns, Total: 259700 ns
[2020-03-27T04:53:42.465+0000][1][safepoint    ] Safepoint "CollectForMetadataAllocation", Time since last: 1209500 ns, Reaching safepoint: 102700 ns, At safepoint: 66900 ns, Total: 169600 ns
[2020-03-27T04:53:42.468+0000][1][safepoint    ] Safepoint "Deoptimize", Time since last: 2330100 ns, Reaching safepoint: 93600 ns, At safepoint: 327100 ns, Total: 420700 ns
[2020-03-27T04:53:42.479+0000][1][safepoint    ] Safepoint "CollectForMetadataAllocation", Time since last: 11250700 ns, Reaching safepoint: 26100 ns, At safepoint: 63200 ns, Total: 89300 ns
[2020-03-27T04:53:42.496+0000][1][safepoint    ] Safepoint "CollectForMetadataAllocation", Time since last: 16196800 ns, Reaching safepoint: 131300 ns, At safepoint: 41600 ns, Total: 172900 ns
[2020-03-27T04:53:42.501+0000][1][safepoint    ] Safepoint "Deoptimize", Time since last: 5605700 ns, Reaching safepoint: 25800 ns, At safepoint: 226400 ns, Total: 252200 ns
[2020-03-27T04:53:42.526+0000][1][safepoint    ] Safepoint "CollectForMetadataAllocation", Time since last: 24560500 ns, Reaching safepoint: 100300 ns, At safepoint: 65500 ns, Total: 165800 ns
[2020-03-27T04:53:42.551+0000][1][safepoint    ] Safepoint "CollectForMetadataAllocation", Time since last: 24540700 ns, Reaching safepoint: 106700 ns, At safepoint: 67800 ns, Total: 174500 ns
[2020-03-27T04:53:42.551+0000][1][gc           ] GC(44) Concurrent Abortable Preclean 212.352ms
[2020-03-27T04:53:42.557+0000][1][gc,cpu       ] GC(44) User=0.41s Sys=0.01s Real=0.22s
[2020-03-27T04:53:42.559+0000][1][gc,start     ] GC(44) Pause Remark
[2020-03-27T04:53:42.565+0000][1][gc           ] GC(44) Pause Remark 66M->66M(123M) 6.995ms
[2020-03-27T04:53:42.566+0000][1][gc,cpu       ] GC(44) User=0.01s Sys=0.00s Real=0.01s
[2020-03-27T04:53:42.566+0000][1][safepoint    ] Safepoint "CMS_Final_Remark", Time since last: 7529700 ns, Reaching safepoint: 87800 ns, At safepoint: 7934500 ns, Total: 8022300 ns
[2020-03-27T04:53:42.567+0000][1][gc           ] GC(44) Concurrent Sweep
[2020-03-27T04:53:42.582+0000][1][gc           ] GC(44) Concurrent Sweep 15.730ms
[2020-03-27T04:53:42.584+0000][1][gc,cpu       ] GC(44) User=0.03s Sys=0.00s Real=0.01s
[2020-03-27T04:53:42.585+0000][1][safepoint    ] Safepoint "CollectForMetadataAllocation", Time since last: 17766300 ns, Reaching safepoint: 355200 ns, At safepoint: 4700 ns, Total: 359900 ns
[2020-03-27T04:53:42.585+0000][1][gc           ] GC(44) Concurrent Reset
[2020-03-27T04:53:42.587+0000][1][gc           ] GC(44) Concurrent Reset 1.398ms
[2020-03-27T04:53:42.588+0000][1][gc,cpu       ] GC(44) User=0.01s Sys=0.00s Real=0.01s
[2020-03-27T04:53:42.589+0000][1][gc,heap      ] GC(44) Old: 44851K->44634K(87424K)
[2020-03-27T04:53:42.670+0000][1][gc,start     ] GC(45) Pause Young (Allocation Failure)
[2020-03-27T04:53:42.670+0000][1][gc,task      ] GC(45) Using 2 workers of 2 for evacuation
[2020-03-27T04:53:42.675+0000][1][gc,age       ] GC(45) Desired survivor size 2228224 bytes, new threshold 2 (max threshold 6)
[2020-03-27T04:53:42.676+0000][1][gc,age       ] GC(45) Age table with threshold 2 (max threshold 6)
[2020-03-27T04:53:42.676+0000][1][gc,age       ] GC(45) - age   1:    1253216 bytes,    1253216 total
[2020-03-27T04:53:42.677+0000][1][gc,age       ] GC(45) - age   2:    1785200 bytes,    3038416 total
[2020-03-27T04:53:42.677+0000][1][gc,age       ] GC(45) - age   3:      20704 bytes,    3059120 total
[2020-03-27T04:53:42.677+0000][1][gc,age       ] GC(45) - age   4:      30664 bytes,    3089784 total
[2020-03-27T04:53:42.677+0000][1][gc,heap      ] GC(45) ParNew: 38194K->3558K(39296K)
[2020-03-27T04:53:42.678+0000][1][gc,heap      ] GC(45) CMS: 44634K->45646K(87424K)
[2020-03-27T04:53:42.678+0000][1][gc,metaspace ] GC(45) Metaspace: 40765K->40765K(1087488K)
[2020-03-27T04:53:42.678+0000][1][gc           ] GC(45) Pause Young (Allocation Failure) 80M->48M(123M) 8.689ms
[2020-03-27T04:53:42.679+0000][1][gc,cpu       ] GC(45) User=0.01s Sys=0.00s Real=0.01s
[2020-03-27T04:53:42.679+0000][1][safepoint    ] Safepoint "GenCollectForAllocation", Time since last: 85221400 ns, Reaching safepoint: 22500 ns, At safepoint: 9369300 ns, Total: 9391800 ns
[2020-03-27T04:53:42.827+0000][1][safepoint    ] Safepoint "RevokeBias", Time since last: 147227499 ns, Reaching safepoint: 393600 ns, At safepoint: 35900 ns, Total: 429500 ns
[2020-03-27T04:53:42.876+0000][1][safepoint    ] Safepoint "Deoptimize", Time since last: 48703600 ns, Reaching safepoint: 29100 ns, At safepoint: 237000 ns, Total: 266100 ns
[2020-03-27T04:53:42.878+0000][1][safepoint    ] Safepoint "Deoptimize", Time since last: 2024800 ns, Reaching safepoint: 14000 ns, At safepoint: 234600 ns, Total: 248600 ns
[2020-03-27T04:53:42.986+0000][1][gc,start     ] GC(46) Pause Young (Allocation Failure)
[2020-03-27T04:53:42.986+0000][1][gc,task      ] GC(46) Using 2 workers of 2 for evacuation
[2020-03-27T04:53:42.993+0000][1][gc,age       ] GC(46) Desired survivor size 2228224 bytes, new threshold 1 (max threshold 6)
[2020-03-27T04:53:42.993+0000][1][gc,age       ] GC(46) Age table with threshold 1 (max threshold 6)
[2020-03-27T04:53:42.996+0000][1][gc,age       ] GC(46) - age   1:    2321792 bytes,    2321792 total
[2020-03-27T04:53:42.997+0000][1][gc,age       ] GC(46) - age   2:    1133336 bytes,    3455128 total
[2020-03-27T04:53:42.997+0000][1][gc,heap      ] GC(46) ParNew: 38502K->4352K(39296K)
[2020-03-27T04:53:42.997+0000][1][gc,heap      ] GC(46) CMS: 45646K->47633K(87424K)
[2020-03-27T04:53:42.998+0000][1][gc,metaspace ] GC(46) Metaspace: 45888K->45888K(1091584K)
[2020-03-27T04:53:42.998+0000][1][gc           ] GC(46) Pause Young (Allocation Failure) 82M->50M(123M) 12.556ms
[2020-03-27T04:53:42.999+0000][1][gc,cpu       ] GC(46) User=0.01s Sys=0.00s Real=0.01s
[2020-03-27T04:53:42.999+0000][1][safepoint    ] Safepoint "GenCollectForAllocation", Time since last: 107571400 ns, Reaching safepoint: 35600 ns, At safepoint: 13226300 ns, Total: 13261900 ns
[2020-03-27T04:53:43.000+0000][1][safepoint    ] Safepoint "RevokeBias", Time since last: 1392900 ns, Reaching safepoint: 106500 ns, At safepoint: 34500 ns, Total: 141000 ns
[2020-03-27T04:53:43.002+0000][1][safepoint    ] Safepoint "RevokeBias", Time since last: 1734200 ns, Reaching safepoint: 99800 ns, At safepoint: 19500 ns, Total: 119300 ns
[2020-03-27T04:53:43.003+0000][1][safepoint    ] Safepoint "RevokeBias", Time since last: 313700 ns, Reaching safepoint: 82100 ns, At safepoint: 28500 ns, Total: 110600 ns
[2020-03-27T04:53:43.003+0000][1][safepoint    ] Safepoint "RevokeBias", Time since last: 359100 ns, Reaching safepoint: 105800 ns, At safepoint: 36600 ns, Total: 142400 ns
[2020-03-27T04:53:43.004+0000][1][safepoint    ] Safepoint "RevokeBias", Time since last: 276100 ns, Reaching safepoint: 114300 ns, At safepoint: 49300 ns, Total: 163600 ns
[2020-03-27T04:53:43.004+0000][1][safepoint    ] Safepoint "RevokeBias", Time since last: 235200 ns, Reaching safepoint: 119900 ns, At safepoint: 38500 ns, Total: 158400 ns
[2020-03-27T04:53:43.004+0000][1][safepoint    ] Safepoint "RevokeBias", Time since last: 195300 ns, Reaching safepoint: 110400 ns, At safepoint: 45800 ns, Total: 156200 ns
[2020-03-27T04:53:43.005+0000][1][safepoint    ] Safepoint "RevokeBias", Time since last: 247100 ns, Reaching safepoint: 105900 ns, At safepoint: 19000 ns, Total: 124900 ns
[2020-03-27T04:53:43.005+0000][1][safepoint    ] Safepoint "RevokeBias", Time since last: 251600 ns, Reaching safepoint: 88900 ns, At safepoint: 38800 ns, Total: 127700 ns
[2020-03-27T04:53:43.006+0000][1][safepoint    ] Safepoint "RevokeBias", Time since last: 221500 ns, Reaching safepoint: 108500 ns, At safepoint: 55400 ns, Total: 163900 ns
[2020-03-27T04:53:43.006+0000][1][safepoint    ] Safepoint "RevokeBias", Time since last: 223800 ns, Reaching safepoint: 104900 ns, At safepoint: 29400 ns, Total: 134300 ns
[2020-03-27T04:53:43.006+0000][1][safepoint    ] Safepoint "RevokeBias", Time since last: 237700 ns, Reaching safepoint: 154300 ns, At safepoint: 32200 ns, Total: 186500 ns
[2020-03-27T04:53:43.007+0000][1][safepoint    ] Safepoint "RevokeBias", Time since last: 307600 ns, Reaching safepoint: 70000 ns, At safepoint: 32100 ns, Total: 102100 ns
[2020-03-27T04:53:43.007+0000][1][safepoint    ] Safepoint "RevokeBias", Time since last: 218200 ns, Reaching safepoint: 92200 ns, At safepoint: 30700 ns, Total: 122900 ns
[2020-03-27T04:53:43.007+0000][1][safepoint    ] Safepoint "RevokeBias", Time since last: 210700 ns, Reaching safepoint: 87900 ns, At safepoint: 25800 ns, Total: 113700 ns
[2020-03-27T04:53:43.008+0000][1][safepoint    ] Safepoint "RevokeBias", Time since last: 191400 ns, Reaching safepoint: 86200 ns, At safepoint: 26500 ns, Total: 112700 ns
[2020-03-27T04:53:43.008+0000][1][safepoint    ] Safepoint "BulkRevokeBias", Time since last: 192100 ns, Reaching safepoint: 87600 ns, At safepoint: 65500 ns, Total: 153100 ns
[2020-03-27T04:53:43.416+0000][1][gc,start     ] GC(47) Pause Young (Allocation Failure)
[2020-03-27T04:53:43.417+0000][1][gc,task      ] GC(47) Using 2 workers of 2 for evacuation
[2020-03-27T04:53:43.423+0000][1][gc,age       ] GC(47) Desired survivor size 2228224 bytes, new threshold 6 (max threshold 6)
[2020-03-27T04:53:43.424+0000][1][gc,age       ] GC(47) Age table with threshold 6 (max threshold 6)
[2020-03-27T04:53:43.424+0000][1][gc,age       ] GC(47) - age   1:    1543528 bytes,    1543528 total
[2020-03-27T04:53:43.425+0000][1][gc,heap      ] GC(47) ParNew: 39296K->3244K(39296K)
[2020-03-27T04:53:43.425+0000][1][gc,heap      ] GC(47) CMS: 47633K->51054K(87424K)
[2020-03-27T04:53:43.425+0000][1][gc,metaspace ] GC(47) Metaspace: 47631K->47631K(1093632K)
[2020-03-27T04:53:43.425+0000][1][gc           ] GC(47) Pause Young (Allocation Failure) 84M->53M(123M) 9.331ms
[2020-03-27T04:53:43.426+0000][1][gc,cpu       ] GC(47) User=0.02s Sys=0.00s Real=0.01s
[2020-03-27T04:53:43.426+0000][1][safepoint    ] Safepoint "GenCollectForAllocation", Time since last: 407870099 ns, Reaching safepoint: 168600 ns, At safepoint: 9728300 ns, Total: 9896900 ns
[2020-03-27T04:53:43.448+0000][1][safepoint    ] Safepoint "RevokeBias", Time since last: 21997500 ns, Reaching safepoint: 119100 ns, At safepoint: 39300 ns, Total: 158400 ns
[2020-03-27T04:53:43.450+0000][1][safepoint    ] Safepoint "RevokeBias", Time since last: 2254900 ns, Reaching safepoint: 85500 ns, At safepoint: 33900 ns, Total: 119400 ns
[2020-03-27T04:53:43.467+0000][1][safepoint    ] Safepoint "RevokeBias", Time since last: 17006800 ns, Reaching safepoint: 120900 ns, At safepoint: 14200 ns, Total: 135100 ns
[2020-03-27T04:53:43.504+0000][1][safepoint    ] Safepoint "RevokeBias", Time since last: 36315500 ns, Reaching safepoint: 111400 ns, At safepoint: 28500 ns, Total: 139900 ns
[2020-03-27T04:53:43.507+0000][1][safepoint    ] Safepoint "RevokeBias", Time since last: 3374500 ns, Reaching safepoint: 81500 ns, At safepoint: 20600 ns, Total: 102100 ns
[2020-03-27T04:53:43.591+0000][1][safepoint    ] Safepoint "RevokeBias", Time since last: 83125400 ns, Reaching safepoint: 291800 ns, At safepoint: 28800 ns, Total: 320600 ns
[2020-03-27T04:53:43.597+0000][1][safepoint    ] Safepoint "RevokeBias", Time since last: 5675700 ns, Reaching safepoint: 97200 ns, At safepoint: 25700 ns, Total: 122900 ns
[2020-03-27T04:53:43.598+0000][1][safepoint    ] Safepoint "RevokeBias", Time since last: 760800 ns, Reaching safepoint: 164600 ns, At safepoint: 23500 ns, Total: 188100 ns
[2020-03-27T04:53:43.598+0000][1][safepoint    ] Safepoint "RevokeBias", Time since last: 444300 ns, Reaching safepoint: 158300 ns, At safepoint: 14600 ns, Total: 172900 ns
[2020-03-27T04:53:43.626+0000][1][safepoint    ] Safepoint "RevokeBias", Time since last: 27778200 ns, Reaching safepoint: 100100 ns, At safepoint: 17900 ns, Total: 118000 ns
[2020-03-27T04:53:43.627+0000][1][safepoint    ] Safepoint "RevokeBias", Time since last: 502300 ns, Reaching safepoint: 64300 ns, At safepoint: 18600 ns, Total: 82900 ns
[2020-03-27T04:53:43.627+0000][1][safepoint    ] Safepoint "RevokeBias", Time since last: 420200 ns, Reaching safepoint: 77600 ns, At safepoint: 16300 ns, Total: 93900 ns
[2020-03-27T04:53:43.628+0000][1][safepoint    ] Safepoint "RevokeBias", Time since last: 510000 ns, Reaching safepoint: 118600 ns, At safepoint: 17100 ns, Total: 135700 ns
[2020-03-27T04:53:43.628+0000][1][safepoint    ] Safepoint "RevokeBias", Time since last: 440100 ns, Reaching safepoint: 111400 ns, At safepoint: 19300 ns, Total: 130700 ns
[2020-03-27T04:53:43.630+0000][1][safepoint    ] Safepoint "RevokeBias", Time since last: 1300600 ns, Reaching safepoint: 63100 ns, At safepoint: 36500 ns, Total: 99600 ns
[2020-03-27T04:53:43.631+0000][1][safepoint    ] Safepoint "RevokeBias", Time since last: 609300 ns, Reaching safepoint: 508200 ns, At safepoint: 28500 ns, Total: 536700 ns
[2020-03-27T04:53:43.632+0000][1][safepoint    ] Safepoint "RevokeBias", Time since last: 955800 ns, Reaching safepoint: 166300 ns, At safepoint: 16500 ns, Total: 182800 ns
[2020-03-27T04:53:43.633+0000][1][safepoint    ] Safepoint "RevokeBias", Time since last: 268900 ns, Reaching safepoint: 176000 ns, At safepoint: 13900 ns, Total: 189900 ns
[2020-03-27T04:53:43.633+0000][1][safepoint    ] Safepoint "RevokeBias", Time since last: 292100 ns, Reaching safepoint: 112100 ns, At safepoint: 26100 ns, Total: 138200 ns
[2020-03-27T04:53:43.633+0000][1][safepoint    ] Safepoint "RevokeBias", Time since last: 243600 ns, Reaching safepoint: 148900 ns, At safepoint: 30200 ns, Total: 179100 ns
[2020-03-27T04:53:43.634+0000][1][safepoint    ] Safepoint "RevokeBias", Time since last: 264500 ns, Reaching safepoint: 90400 ns, At safepoint: 19200 ns, Total: 109600 ns
[2020-03-27T04:53:43.634+0000][1][safepoint    ] Safepoint "RevokeBias", Time since last: 422100 ns, Reaching safepoint: 158000 ns, At safepoint: 22000 ns, Total: 180000 ns
[2020-03-27T04:53:43.635+0000][1][safepoint    ] Safepoint "RevokeBias", Time since last: 299300 ns, Reaching safepoint: 176400 ns, At safepoint: 18400 ns, Total: 194800 ns
[2020-03-27T04:53:43.635+0000][1][safepoint    ] Safepoint "RevokeBias", Time since last: 252200 ns, Reaching safepoint: 139700 ns, At safepoint: 14300 ns, Total: 154000 ns
[2020-03-27T04:53:43.636+0000][1][safepoint    ] Safepoint "RevokeBias", Time since last: 266100 ns, Reaching safepoint: 134400 ns, At safepoint: 21600 ns, Total: 156000 ns
[2020-03-27T04:53:43.636+0000][1][safepoint    ] Safepoint "RevokeBias", Time since last: 279600 ns, Reaching safepoint: 122500 ns, At safepoint: 19600 ns, Total: 142100 ns
[2020-03-27T04:53:43.636+0000][1][safepoint    ] Safepoint "RevokeBias", Time since last: 215100 ns, Reaching safepoint: 96500 ns, At safepoint: 21100 ns, Total: 117600 ns
[2020-03-27T04:53:43.637+0000][1][safepoint    ] Safepoint "RevokeBias", Time since last: 219700 ns, Reaching safepoint: 249400 ns, At safepoint: 18500 ns, Total: 267900 ns
[2020-03-27T04:53:43.637+0000][1][safepoint    ] Safepoint "RevokeBias", Time since last: 185400 ns, Reaching safepoint: 59300 ns, At safepoint: 36300 ns, Total: 95600 ns
[2020-03-27T04:53:43.638+0000][1][safepoint    ] Safepoint "RevokeBias", Time since last: 199600 ns, Reaching safepoint: 107700 ns, At safepoint: 24800 ns, Total: 132500 ns
[2020-03-27T04:53:43.638+0000][1][safepoint    ] Safepoint "RevokeBias", Time since last: 179900 ns, Reaching safepoint: 175000 ns, At safepoint: 13500 ns, Total: 188500 ns
[2020-03-27T04:53:43.638+0000][1][safepoint    ] Safepoint "RevokeBias", Time since last: 188800 ns, Reaching safepoint: 58800 ns, At safepoint: 24900 ns, Total: 83700 ns
[2020-03-27T04:53:43.638+0000][1][safepoint    ] Safepoint "RevokeBias", Time since last: 174000 ns, Reaching safepoint: 52000 ns, At safepoint: 20600 ns, Total: 72600 ns
[2020-03-27T04:53:43.639+0000][1][safepoint    ] Safepoint "RevokeBias", Time since last: 190000 ns, Reaching safepoint: 377600 ns, At safepoint: 19900 ns, Total: 397500 ns
[2020-03-27T04:53:43.639+0000][1][safepoint    ] Safepoint "RevokeBias", Time since last: 161400 ns, Reaching safepoint: 96200 ns, At safepoint: 23500 ns, Total: 119700 ns
[2020-03-27T04:53:43.640+0000][1][safepoint    ] Safepoint "BulkRevokeBias", Time since last: 230100 ns, Reaching safepoint: 12700 ns, At safepoint: 76500 ns, Total: 89200 ns
[2020-03-27T04:53:43.640+0000][1][safepoint    ] Safepoint "RevokeBias", Time since last: 230200 ns, Reaching safepoint: 451400 ns, At safepoint: 24000 ns, Total: 475400 ns
[2020-03-27T04:53:43.641+0000][1][safepoint    ] Safepoint "RevokeBias", Time since last: 180100 ns, Reaching safepoint: 84900 ns, At safepoint: 13700 ns, Total: 98600 ns
[2020-03-27T04:53:43.641+0000][1][safepoint    ] Safepoint "RevokeBias", Time since last: 624900 ns, Reaching safepoint: 162500 ns, At safepoint: 15000 ns, Total: 177500 ns
[2020-03-27T04:53:43.642+0000][1][safepoint    ] Safepoint "RevokeBias", Time since last: 171000 ns, Reaching safepoint: 10500 ns, At safepoint: 28700 ns, Total: 39200 ns
[2020-03-27T04:53:43.642+0000][1][safepoint    ] Safepoint "RevokeBias", Time since last: 300100 ns, Reaching safepoint: 12200 ns, At safepoint: 51600 ns, Total: 63800 ns
[2020-03-27T04:53:43.642+0000][1][safepoint    ] Safepoint "RevokeBias", Time since last: 162400 ns, Reaching safepoint: 12600 ns, At safepoint: 15500 ns, Total: 28100 ns
[2020-03-27T04:53:43.643+0000][1][safepoint    ] Safepoint "RevokeBias", Time since last: 190700 ns, Reaching safepoint: 12700 ns, At safepoint: 133700 ns, Total: 146400 ns
[2020-03-27T04:53:43.644+0000][1][gc,start     ] GC(48) Pause Young (Allocation Failure)
[2020-03-27T04:53:43.644+0000][1][gc,task      ] GC(48) Using 2 workers of 2 for evacuation
[2020-03-27T04:53:43.648+0000][1][gc,age       ] GC(48) Desired survivor size 2228224 bytes, new threshold 2 (max threshold 6)
[2020-03-27T04:53:43.648+0000][1][gc,age       ] GC(48) Age table with threshold 2 (max threshold 6)
[2020-03-27T04:53:43.649+0000][1][gc,age       ] GC(48) - age   1:    1776880 bytes,    1776880 total
[2020-03-27T04:53:43.649+0000][1][gc,age       ] GC(48) - age   2:    1518128 bytes,    3295008 total
[2020-03-27T04:53:43.649+0000][1][gc,heap      ] GC(48) ParNew: 38158K->4129K(39296K)
[2020-03-27T04:53:43.649+0000][1][gc,heap      ] GC(48) CMS: 51054K->51054K(87424K)
[2020-03-27T04:53:43.649+0000][1][gc,metaspace ] GC(48) Metaspace: 50743K->50743K(1095680K)
[2020-03-27T04:53:43.650+0000][1][gc           ] GC(48) Pause Young (Allocation Failure) 87M->53M(123M) 5.962ms
[2020-03-27T04:53:43.650+0000][1][gc,cpu       ] GC(48) User=0.01s Sys=0.00s Real=0.01s
[2020-03-27T04:53:43.650+0000][1][safepoint    ] Safepoint "GenCollectForAllocation", Time since last: 1052600 ns, Reaching safepoint: 94600 ns, At safepoint: 6380400 ns, Total: 6475000 ns
[2020-03-27T04:53:43.650+0000][1][safepoint    ] Safepoint "RevokeBias", Time since last: 241800 ns, Reaching safepoint: 20100 ns, At safepoint: 17600 ns, Total: 37700 ns
[2020-03-27T04:53:43.653+0000][1][safepoint    ] Safepoint "RevokeBias", Time since last: 2680800 ns, Reaching safepoint: 95300 ns, At safepoint: 20700 ns, Total: 116000 ns
[2020-03-27T04:53:43.654+0000][1][safepoint    ] Safepoint "RevokeBias", Time since last: 521400 ns, Reaching safepoint: 94700 ns, At safepoint: 18600 ns, Total: 113300 ns
[2020-03-27T04:53:43.654+0000][1][safepoint    ] Safepoint "RevokeBias", Time since last: 341700 ns, Reaching safepoint: 130000 ns, At safepoint: 31700 ns, Total: 161700 ns
[2020-03-27T04:53:43.655+0000][1][safepoint    ] Safepoint "RevokeBias", Time since last: 386500 ns, Reaching safepoint: 88400 ns, At safepoint: 14800 ns, Total: 103200 ns
[2020-03-27T04:53:43.655+0000][1][safepoint    ] Safepoint "RevokeBias", Time since last: 296600 ns, Reaching safepoint: 14500 ns, At safepoint: 16200 ns, Total: 30700 ns
[2020-03-27T04:53:43.655+0000][1][safepoint    ] Safepoint "RevokeBias", Time since last: 188200 ns, Reaching safepoint: 13600 ns, At safepoint: 42000 ns, Total: 55600 ns
[2020-03-27T04:53:43.656+0000][1][safepoint    ] Safepoint "RevokeBias", Time since last: 313900 ns, Reaching safepoint: 12000 ns, At safepoint: 37200 ns, Total: 49200 ns
[2020-03-27T04:53:43.656+0000][1][safepoint    ] Safepoint "RevokeBias", Time since last: 318700 ns, Reaching safepoint: 90600 ns, At safepoint: 14900 ns, Total: 105500 ns
[2020-03-27T04:53:43.656+0000][1][safepoint    ] Safepoint "RevokeBias", Time since last: 213100 ns, Reaching safepoint: 96100 ns, At safepoint: 15700 ns, Total: 111800 ns
[2020-03-27T04:53:43.657+0000][1][safepoint    ] Safepoint "RevokeBias", Time since last: 216100 ns, Reaching safepoint: 95500 ns, At safepoint: 16500 ns, Total: 112000 ns
[2020-03-27T04:53:43.657+0000][1][safepoint    ] Safepoint "RevokeBias", Time since last: 227000 ns, Reaching safepoint: 72100 ns, At safepoint: 14700 ns, Total: 86800 ns
[2020-03-27T04:53:43.657+0000][1][safepoint    ] Safepoint "RevokeBias", Time since last: 195500 ns, Reaching safepoint: 88500 ns, At safepoint: 14300 ns, Total: 102800 ns
[2020-03-27T04:53:43.658+0000][1][safepoint    ] Safepoint "RevokeBias", Time since last: 185400 ns, Reaching safepoint: 88200 ns, At safepoint: 13600 ns, Total: 101800 ns
[2020-03-27T04:53:43.658+0000][1][safepoint    ] Safepoint "RevokeBias", Time since last: 198500 ns, Reaching safepoint: 95300 ns, At safepoint: 15400 ns, Total: 110700 ns
[2020-03-27T04:53:43.658+0000][1][safepoint    ] Safepoint "RevokeBias", Time since last: 182500 ns, Reaching safepoint: 87300 ns, At safepoint: 14000 ns, Total: 101300 ns
[2020-03-27T04:53:43.659+0000][1][safepoint    ] Safepoint "RevokeBias", Time since last: 195200 ns, Reaching safepoint: 93500 ns, At safepoint: 15200 ns, Total: 108700 ns
[2020-03-27T04:53:43.659+0000][1][safepoint    ] Safepoint "RevokeBias", Time since last: 170000 ns, Reaching safepoint: 84100 ns, At safepoint: 14700 ns, Total: 98800 ns
[2020-03-27T04:53:43.659+0000][1][safepoint    ] Safepoint "RevokeBias", Time since last: 152100 ns, Reaching safepoint: 86800 ns, At safepoint: 14100 ns, Total: 100900 ns
[2020-03-27T04:53:43.659+0000][1][safepoint    ] Safepoint "RevokeBias", Time since last: 194900 ns, Reaching safepoint: 102500 ns, At safepoint: 14600 ns, Total: 117100 ns
[2020-03-27T04:53:43.660+0000][1][safepoint    ] Safepoint "RevokeBias", Time since last: 191200 ns, Reaching safepoint: 89000 ns, At safepoint: 14000 ns, Total: 103000 ns
[2020-03-27T04:53:43.660+0000][1][safepoint    ] Safepoint "BulkRevokeBias", Time since last: 200700 ns, Reaching safepoint: 95000 ns, At safepoint: 62600 ns, Total: 157600 ns
[2020-03-27T04:53:43.661+0000][1][safepoint    ] Safepoint "RevokeBias", Time since last: 350800 ns, Reaching safepoint: 95300 ns, At safepoint: 22000 ns, Total: 117300 ns
[2020-03-27T04:53:43.661+0000][1][safepoint    ] Safepoint "RevokeBias", Time since last: 281200 ns, Reaching safepoint: 91000 ns, At safepoint: 21500 ns, Total: 112500 ns
[2020-03-27T04:53:43.662+0000][1][safepoint    ] Safepoint "RevokeBias", Time since last: 183100 ns, Reaching safepoint: 358900 ns, At safepoint: 42900 ns, Total: 401800 ns
[2020-03-27T04:53:43.662+0000][1][safepoint    ] Safepoint "RevokeBias", Time since last: 153700 ns, Reaching safepoint: 89200 ns, At safepoint: 18700 ns, Total: 107900 ns
[2020-03-27T04:53:43.662+0000][1][safepoint    ] Safepoint "RevokeBias", Time since last: 195500 ns, Reaching safepoint: 222000 ns, At safepoint: 13400 ns, Total: 235400 ns
[2020-03-27T04:53:43.663+0000][1][safepoint    ] Safepoint "RevokeBias", Time since last: 483500 ns, Reaching safepoint: 93900 ns, At safepoint: 20600 ns, Total: 114500 ns
[2020-03-27T04:53:43.663+0000][1][safepoint    ] Safepoint "RevokeBias", Time since last: 222500 ns, Reaching safepoint: 156700 ns, At safepoint: 17000 ns, Total: 173700 ns
[2020-03-27T04:53:43.663+0000][1][safepoint    ] Safepoint "RevokeBias", Time since last: 166600 ns, Reaching safepoint: 98900 ns, At safepoint: 22400 ns, Total: 121300 ns
[2020-03-27T04:53:43.664+0000][1][safepoint    ] Safepoint "RevokeBias", Time since last: 190800 ns, Reaching safepoint: 86500 ns, At safepoint: 19400 ns, Total: 105900 ns
[2020-03-27T04:53:43.664+0000][1][safepoint    ] Safepoint "RevokeBias", Time since last: 344000 ns, Reaching safepoint: 87200 ns, At safepoint: 24600 ns, Total: 111800 ns
[2020-03-27T04:53:43.665+0000][1][safepoint    ] Safepoint "RevokeBias", Time since last: 415300 ns, Reaching safepoint: 89700 ns, At safepoint: 19700 ns, Total: 109400 ns
[2020-03-27T04:53:43.665+0000][1][safepoint    ] Safepoint "RevokeBias", Time since last: 175600 ns, Reaching safepoint: 84000 ns, At safepoint: 16600 ns, Total: 100600 ns
[2020-03-27T04:53:43.665+0000][1][safepoint    ] Safepoint "RevokeBias", Time since last: 230900 ns, Reaching safepoint: 85800 ns, At safepoint: 15500 ns, Total: 101300 ns
[2020-03-27T04:53:43.666+0000][1][safepoint    ] Safepoint "RevokeBias", Time since last: 300100 ns, Reaching safepoint: 86200 ns, At safepoint: 15400 ns, Total: 101600 ns
[2020-03-27T04:53:43.668+0000][1][safepoint    ] Safepoint "Deoptimize", Time since last: 1065400 ns, Reaching safepoint: 92500 ns, At safepoint: 602100 ns, Total: 694600 ns
[2020-03-27T04:53:43.668+0000][1][safepoint    ] Safepoint "RevokeBias", Time since last: 361299 ns, Reaching safepoint: 93500 ns, At safepoint: 23900 ns, Total: 117400 ns
[2020-03-27T04:53:43.679+0000][1][safepoint    ] Safepoint "RevokeBias", Time since last: 11321400 ns, Reaching safepoint: 76700 ns, At safepoint: 40500 ns, Total: 117200 ns
[2020-03-27T04:53:43.680+0000][1][safepoint    ] Safepoint "RevokeBias", Time since last: 530100 ns, Reaching safepoint: 15700 ns, At safepoint: 24900 ns, Total: 40600 ns
[2020-03-27T04:53:43.684+0000][1][safepoint    ] Safepoint "RevokeBias", Time since last: 3560700 ns, Reaching safepoint: 299200 ns, At safepoint: 54500 ns, Total: 353700 ns
[2020-03-27T04:53:43.686+0000][1][safepoint    ] Safepoint "RevokeBias", Time since last: 1499200 ns, Reaching safepoint: 442500 ns, At safepoint: 17900 ns, Total: 460400 ns
[2020-03-27T04:53:43.687+0000][1][safepoint    ] Safepoint "RevokeBias", Time since last: 530300 ns, Reaching safepoint: 136500 ns, At safepoint: 26200 ns, Total: 162700 ns
[2020-03-27T04:53:43.687+0000][1][safepoint    ] Safepoint "RevokeBias", Time since last: 425000 ns, Reaching safepoint: 63500 ns, At safepoint: 19900 ns, Total: 83400 ns
[2020-03-27T04:53:43.705+0000][1][safepoint    ] Safepoint "RevokeBias", Time since last: 18078100 ns, Reaching safepoint: 112800 ns, At safepoint: 13700 ns, Total: 126500 ns
[2020-03-27T04:53:43.706+0000][1][safepoint    ] Safepoint "RevokeBias", Time since last: 564100 ns, Reaching safepoint: 117200 ns, At safepoint: 9800 ns, Total: 127000 ns
[2020-03-27T04:53:43.707+0000][1][safepoint    ] Safepoint "RevokeBias", Time since last: 511300 ns, Reaching safepoint: 93600 ns, At safepoint: 7900 ns, Total: 101500 ns
[2020-03-27T04:53:43.804+0000][1][safepoint    ] Safepoint "RevokeBias", Time since last: 97706300 ns, Reaching safepoint: 107000 ns, At safepoint: 10700 ns, Total: 117700 ns
[2020-03-27T04:53:43.810+0000][1][gc,start     ] GC(49) Pause Young (Allocation Failure)
[2020-03-27T04:53:43.811+0000][1][gc,task      ] GC(49) Using 2 workers of 2 for evacuation
[2020-03-27T04:53:43.816+0000][1][gc,age       ] GC(49) Desired survivor size 2228224 bytes, new threshold 2 (max threshold 6)
[2020-03-27T04:53:43.816+0000][1][gc,age       ] GC(49) Age table with threshold 2 (max threshold 6)
[2020-03-27T04:53:43.818+0000][1][gc,age       ] GC(49) - age   1:     610744 bytes,     610744 total
[2020-03-27T04:53:43.818+0000][1][gc,age       ] GC(49) - age   2:    1692304 bytes,    2303048 total
[2020-03-27T04:53:43.819+0000][1][gc,heap      ] GC(49) ParNew: 39073K->4136K(39296K)
[2020-03-27T04:53:43.819+0000][1][gc,heap      ] GC(49) CMS: 51054K->52606K(87424K)
[2020-03-27T04:53:43.819+0000][1][gc,metaspace ] GC(49) Metaspace: 52831K->52831K(1097728K)
[2020-03-27T04:53:43.820+0000][1][gc           ] GC(49) Pause Young (Allocation Failure) 88M->55M(123M) 9.272ms
[2020-03-27T04:53:43.820+0000][1][gc,cpu       ] GC(49) User=0.02s Sys=0.00s Real=0.01s
[2020-03-27T04:53:43.820+0000][1][safepoint    ] Safepoint "GenCollectForAllocation", Time since last: 5763100 ns, Reaching safepoint: 99700 ns, At safepoint: 9824900 ns, Total: 9924600 ns
[2020-03-27T04:53:43.906+0000][1][safepoint    ] Safepoint "RevokeBias", Time since last: 85596100 ns, Reaching safepoint: 348100 ns, At safepoint: 13100 ns, Total: 361200 ns
[2020-03-27T04:53:43.989+0000][1][gc,start     ] GC(50) Pause Young (Allocation Failure)
[2020-03-27T04:53:43.990+0000][1][gc,task      ] GC(50) Using 2 workers of 2 for evacuation
[2020-03-27T04:53:43.995+0000][1][gc,age       ] GC(50) Desired survivor size 2228224 bytes, new threshold 6 (max threshold 6)
[2020-03-27T04:53:43.996+0000][1][gc,age       ] GC(50) Age table with threshold 6 (max threshold 6)
[2020-03-27T04:53:43.997+0000][1][gc,age       ] GC(50) - age   1:     572280 bytes,     572280 total
[2020-03-27T04:53:43.998+0000][1][gc,age       ] GC(50) - age   2:     592248 bytes,    1164528 total
[2020-03-27T04:53:43.998+0000][1][gc,heap      ] GC(50) ParNew: 39080K->2299K(39296K)
[2020-03-27T04:53:43.998+0000][1][gc,heap      ] GC(50) CMS: 52606K->54289K(87424K)
[2020-03-27T04:53:43.999+0000][1][gc,metaspace ] GC(50) Metaspace: 56138K->56138K(1101824K)
[2020-03-27T04:53:43.999+0000][1][gc           ] GC(50) Pause Young (Allocation Failure) 89M->55M(123M) 9.538ms
[2020-03-27T04:53:43.999+0000][1][gc,cpu       ] GC(50) User=0.01s Sys=0.00s Real=0.01s
[2020-03-27T04:53:44.000+0000][1][safepoint    ] Safepoint "GenCollectForAllocation", Time since last: 82802600 ns, Reaching safepoint: 411200 ns, At safepoint: 10289000 ns, Total: 10700200 ns
[2020-03-27T04:53:44.096+0000][1][safepoint    ] Safepoint "RevokeBias", Time since last: 95964902 ns, Reaching safepoint: 145000 ns, At safepoint: 12000 ns, Total: 157000 ns
[2020-03-27T04:53:44.140+0000][1][safepoint    ] Safepoint "RevokeBias", Time since last: 44557400 ns, Reaching safepoint: 111200 ns, At safepoint: 9700 ns, Total: 120900 ns
[2020-03-27T04:53:44.190+0000][1][gc,start     ] GC(51) Pause Young (Allocation Failure)
[2020-03-27T04:53:44.190+0000][1][gc,task      ] GC(51) Using 2 workers of 2 for evacuation
[2020-03-27T04:53:44.195+0000][1][gc,age       ] GC(51) Desired survivor size 2228224 bytes, new threshold 6 (max threshold 6)
[2020-03-27T04:53:44.195+0000][1][gc,age       ] GC(51) Age table with threshold 6 (max threshold 6)
[2020-03-27T04:53:44.195+0000][1][gc,age       ] GC(51) - age   1:     773032 bytes,     773032 total
[2020-03-27T04:53:44.196+0000][1][gc,age       ] GC(51) - age   2:     507600 bytes,    1280632 total
[2020-03-27T04:53:44.196+0000][1][gc,age       ] GC(51) - age   3:     591656 bytes,    1872288 total
[2020-03-27T04:53:44.197+0000][1][gc,heap      ] GC(51) ParNew: 37243K->2428K(39296K)
[2020-03-27T04:53:44.197+0000][1][gc,heap      ] GC(51) CMS: 54289K->54289K(87424K)
[2020-03-27T04:53:44.198+0000][1][gc,metaspace ] GC(51) Metaspace: 60304K->60304K(1103872K)
[2020-03-27T04:53:44.198+0000][1][gc           ] GC(51) Pause Young (Allocation Failure) 89M->55M(123M) 8.430ms
[2020-03-27T04:53:44.199+0000][1][gc,cpu       ] GC(51) User=0.01s Sys=0.00s Real=0.01s
[2020-03-27T04:53:44.199+0000][1][safepoint    ] Safepoint "GenCollectForAllocation", Time since last: 49026901 ns, Reaching safepoint: 199900 ns, At safepoint: 9330800 ns, Total: 9530700 ns
[2020-03-27T04:53:44.279+0000][1][safepoint    ] Safepoint "RevokeBias", Time since last: 78920701 ns, Reaching safepoint: 1059300 ns, At safepoint: 49200 ns, Total: 1108500 ns
[2020-03-27T04:53:44.280+0000][1][safepoint    ] Safepoint "RevokeBias", Time since last: 675900 ns, Reaching safepoint: 86800 ns, At safepoint: 48500 ns, Total: 135300 ns
[2020-03-27T04:53:44.281+0000][1][safepoint    ] Safepoint "RevokeBias", Time since last: 595100 ns, Reaching safepoint: 231500 ns, At safepoint: 29200 ns, Total: 260700 ns
[2020-03-27T04:53:44.283+0000][1][safepoint    ] Safepoint "RevokeBias", Time since last: 2188300 ns, Reaching safepoint: 16000 ns, At safepoint: 33100 ns, Total: 49100 ns
[2020-03-27T04:53:44.396+0000][1][safepoint    ] Safepoint "BulkRevokeBias", Time since last: 113148402 ns, Reaching safepoint: 126400 ns, At safepoint: 76800 ns, Total: 203200 ns
[2020-03-27T04:53:44.408+0000][1][gc,start     ] GC(52) Pause Young (Allocation Failure)
[2020-03-27T04:53:44.408+0000][1][gc,task      ] GC(52) Using 2 workers of 2 for evacuation
[2020-03-27T04:53:44.414+0000][1][gc,age       ] GC(52) Desired survivor size 2228224 bytes, new threshold 2 (max threshold 6)
[2020-03-27T04:53:44.422+0000][1][gc,age       ] GC(52) Age table with threshold 2 (max threshold 6)
[2020-03-27T04:53:44.422+0000][1][gc,age       ] GC(52) - age   1:    2115920 bytes,    2115920 total
[2020-03-27T04:53:44.423+0000][1][gc,age       ] GC(52) - age   2:     733920 bytes,    2849840 total
[2020-03-27T04:53:44.423+0000][1][gc,age       ] GC(52) - age   3:     506824 bytes,    3356664 total
[2020-03-27T04:53:44.423+0000][1][gc,age       ] GC(52) - age   4:     590728 bytes,    3947392 total
[2020-03-27T04:53:44.424+0000][1][gc,heap      ] GC(52) ParNew: 37372K->4352K(39296K)
[2020-03-27T04:53:44.424+0000][1][gc,heap      ] GC(52) CMS: 54289K->54289K(87424K)
[2020-03-27T04:53:44.425+0000][1][gc,metaspace ] GC(52) Metaspace: 63539K->63539K(1107968K)
[2020-03-27T04:53:44.425+0000][1][gc           ] GC(52) Pause Young (Allocation Failure) 89M->57M(123M) 17.011ms
[2020-03-27T04:53:44.425+0000][1][gc,cpu       ] GC(52) User=0.01s Sys=0.00s Real=0.01s
[2020-03-27T04:53:44.425+0000][1][safepoint    ] Safepoint "GenCollectForAllocation", Time since last: 11598600 ns, Reaching safepoint: 107200 ns, At safepoint: 17539300 ns, Total: 17646500 ns
[2020-03-27T04:53:44.453+0000][1][safepoint    ] Safepoint "Deoptimize", Time since last: 27223401 ns, Reaching safepoint: 109500 ns, At safepoint: 258800 ns, Total: 368300 ns
[2020-03-27T04:53:44.520+0000][1][safepoint    ] Safepoint "CollectForMetadataAllocation", Time since last: 66670501 ns, Reaching safepoint: 143100 ns, At safepoint: 79000 ns, Total: 222100 ns
[2020-03-27T04:53:44.564+0000][1][safepoint    ] Safepoint "CollectForMetadataAllocation", Time since last: 43592200 ns, Reaching safepoint: 170900 ns, At safepoint: 68000 ns, Total: 238900 ns
[2020-03-27T04:53:44.615+0000][1][safepoint    ] Safepoint "CollectForMetadataAllocation", Time since last: 50938801 ns, Reaching safepoint: 114900 ns, At safepoint: 43000 ns, Total: 157900 ns
[2020-03-27T04:53:44.639+0000][1][safepoint    ] Safepoint "CollectForMetadataAllocation", Time since last: 24317000 ns, Reaching safepoint: 106800 ns, At safepoint: 69800 ns, Total: 176600 ns
[2020-03-27T04:53:44.660+0000][1][safepoint    ] Safepoint "CollectForMetadataAllocation", Time since last: 20877101 ns, Reaching safepoint: 109300 ns, At safepoint: 94800 ns, Total: 204100 ns
[2020-03-27T04:53:44.675+0000][1][safepoint    ] Safepoint "CollectForMetadataAllocation", Time since last: 14514600 ns, Reaching safepoint: 20900 ns, At safepoint: 76400 ns, Total: 97300 ns
[2020-03-27T04:53:44.695+0000][1][safepoint    ] Safepoint "CollectForMetadataAllocation", Time since last: 19521700 ns, Reaching safepoint: 24600 ns, At safepoint: 78000 ns, Total: 102600 ns
[2020-03-27T04:53:44.708+0000][1][gc,start     ] GC(53) Pause Young (Allocation Failure)
[2020-03-27T04:53:44.709+0000][1][gc,task      ] GC(53) Using 2 workers of 2 for evacuation
[2020-03-27T04:53:44.716+0000][1][gc,age       ] GC(53) Desired survivor size 2228224 bytes, new threshold 2 (max threshold 6)
[2020-03-27T04:53:44.717+0000][1][gc,age       ] GC(53) Age table with threshold 2 (max threshold 6)
[2020-03-27T04:53:44.717+0000][1][gc,age       ] GC(53) - age   1:    1816568 bytes,    1816568 total
[2020-03-27T04:53:44.718+0000][1][gc,age       ] GC(53) - age   2:    1811176 bytes,    3627744 total
[2020-03-27T04:53:44.718+0000][1][gc,heap      ] GC(53) ParNew: 39296K->4352K(39296K)
[2020-03-27T04:53:44.719+0000][1][gc,heap      ] GC(53) CMS: 54289K->56117K(87424K)
[2020-03-27T04:53:44.719+0000][1][gc,metaspace ] GC(53) Metaspace: 66547K->66547K(1110016K)
[2020-03-27T04:53:44.720+0000][1][gc           ] GC(53) Pause Young (Allocation Failure) 91M->59M(123M) 11.572ms
[2020-03-27T04:53:44.720+0000][1][gc,cpu       ] GC(53) User=0.01s Sys=0.00s Real=0.01s
[2020-03-27T04:53:44.720+0000][1][safepoint    ] Safepoint "GenCollectForAllocation", Time since last: 13286800 ns, Reaching safepoint: 23300 ns, At safepoint: 12369100 ns, Total: 12392400 ns
[2020-03-27T04:53:44.721+0000][1][gc,start     ] GC(54) Pause Initial Mark
[2020-03-27T04:53:44.723+0000][1][gc           ] GC(54) Pause Initial Mark 59M->59M(123M) 2.132ms
[2020-03-27T04:53:44.723+0000][1][gc,cpu       ] GC(54) User=0.01s Sys=0.00s Real=0.00s
[2020-03-27T04:53:44.724+0000][1][safepoint    ] Safepoint "CMS_Initial_Mark", Time since last: 309500 ns, Reaching safepoint: 116700 ns, At safepoint: 2974600 ns, Total: 3091300 ns
[2020-03-27T04:53:44.724+0000][1][gc           ] GC(54) Concurrent Mark
[2020-03-27T04:53:44.730+0000][1][safepoint    ] Safepoint "CollectForMetadataAllocation", Time since last: 6356601 ns, Reaching safepoint: 27500 ns, At safepoint: 74000 ns, Total: 101500 ns
[2020-03-27T04:53:44.757+0000][1][safepoint    ] Safepoint "CollectForMetadataAllocation", Time since last: 26873700 ns, Reaching safepoint: 31700 ns, At safepoint: 86100 ns, Total: 117800 ns
[2020-03-27T04:53:44.763+0000][1][gc           ] GC(54) Concurrent Mark 38.953ms
[2020-03-27T04:53:44.764+0000][1][gc,cpu       ] GC(54) User=0.07s Sys=0.00s Real=0.04s
[2020-03-27T04:53:44.764+0000][1][gc           ] GC(54) Concurrent Preclean
[2020-03-27T04:53:44.765+0000][1][gc           ] GC(54) Concurrent Preclean 1.074ms
[2020-03-27T04:53:44.766+0000][1][gc,cpu       ] GC(54) User=0.00s Sys=0.00s Real=0.01s
[2020-03-27T04:53:44.766+0000][1][gc           ] GC(54) Concurrent Abortable Preclean
[2020-03-27T04:53:44.786+0000][1][safepoint    ] Safepoint "CollectForMetadataAllocation", Time since last: 29025900 ns, Reaching safepoint: 104600 ns, At safepoint: 62300 ns, Total: 166900 ns
[2020-03-27T04:53:44.813+0000][1][safepoint    ] Safepoint "CollectForMetadataAllocation", Time since last: 26006001 ns, Reaching safepoint: 27500 ns, At safepoint: 80500 ns, Total: 108000 ns
[2020-03-27T04:53:44.861+0000][1][safepoint    ] Safepoint "CollectForMetadataAllocation", Time since last: 48205100 ns, Reaching safepoint: 28900 ns, At safepoint: 67000 ns, Total: 95900 ns
[2020-03-27T04:53:44.885+0000][1][safepoint    ] Safepoint "CollectForMetadataAllocation", Time since last: 24396801 ns, Reaching safepoint: 33200 ns, At safepoint: 63300 ns, Total: 96500 ns
[2020-03-27T04:53:44.891+0000][1][safepoint    ] Safepoint "RevokeBias", Time since last: 6107900 ns, Reaching safepoint: 35000 ns, At safepoint: 5300 ns, Total: 40300 ns
[2020-03-27T04:53:44.893+0000][1][gc           ] GC(54) Concurrent Abortable Preclean 127.056ms
[2020-03-27T04:53:44.895+0000][1][gc,cpu       ] GC(54) User=0.24s Sys=0.01s Real=0.12s
[2020-03-27T04:53:44.896+0000][1][gc,start     ] GC(54) Pause Remark
[2020-03-27T04:53:44.904+0000][1][gc           ] GC(54) Pause Remark 76M->76M(123M) 7.589ms
[2020-03-27T04:53:44.904+0000][1][gc,cpu       ] GC(54) User=0.02s Sys=0.00s Real=0.00s
[2020-03-27T04:53:44.904+0000][1][safepoint    ] Safepoint "CMS_Final_Remark", Time since last: 4357500 ns, Reaching safepoint: 169200 ns, At safepoint: 8290100 ns, Total: 8459300 ns
[2020-03-27T04:53:44.905+0000][1][gc           ] GC(54) Concurrent Sweep
[2020-03-27T04:53:44.919+0000][1][safepoint    ] Safepoint "CollectForMetadataAllocation", Time since last: 14098800 ns, Reaching safepoint: 566600 ns, At safepoint: 44200 ns, Total: 610800 ns
[2020-03-27T04:53:44.925+0000][1][gc           ] GC(54) Concurrent Sweep 20.406ms
[2020-03-27T04:53:44.928+0000][1][gc,cpu       ] GC(54) User=0.04s Sys=0.00s Real=0.03s
[2020-03-27T04:53:44.930+0000][1][gc           ] GC(54) Concurrent Reset
[2020-03-27T04:53:44.931+0000][1][gc           ] GC(54) Concurrent Reset 1.289ms
[2020-03-27T04:53:44.932+0000][1][gc,cpu       ] GC(54) User=0.00s Sys=0.00s Real=0.00s
[2020-03-27T04:53:44.932+0000][1][gc,heap      ] GC(54) Old: 56117K->55770K(92952K)
[2020-03-27T04:53:44.940+0000][1][safepoint    ] Safepoint "Deoptimize", Time since last: 20793901 ns, Reaching safepoint: 19400 ns, At safepoint: 270300 ns, Total: 289700 ns
[2020-03-27T04:53:44.986+0000][1][safepoint    ] Safepoint "RevokeBias", Time since last: 46002900 ns, Reaching safepoint: 101500 ns, At safepoint: 26100 ns, Total: 127600 ns
[2020-03-27T04:53:44.987+0000][1][safepoint    ] Safepoint "RevokeBias", Time since last: 834100 ns, Reaching safepoint: 114500 ns, At safepoint: 16300 ns, Total: 130800 ns
[2020-03-27T04:53:44.989+0000][1][safepoint    ] Safepoint "RevokeBias", Time since last: 1297600 ns, Reaching safepoint: 100300 ns, At safepoint: 18000 ns, Total: 118300 ns
[2020-03-27T04:53:44.990+0000][1][safepoint    ] Safepoint "RevokeBias", Time since last: 957300 ns, Reaching safepoint: 44100 ns, At safepoint: 16900 ns, Total: 61000 ns
[2020-03-27T04:53:44.990+0000][1][safepoint    ] Safepoint "RevokeBias", Time since last: 358800 ns, Reaching safepoint: 83200 ns, At safepoint: 18200 ns, Total: 101400 ns
[2020-03-27T04:53:44.991+0000][1][safepoint    ] Safepoint "RevokeBias", Time since last: 511200 ns, Reaching safepoint: 158600 ns, At safepoint: 16600 ns, Total: 175200 ns
[2020-03-27T04:53:44.991+0000][1][safepoint    ] Safepoint "RevokeBias", Time since last: 488200 ns, Reaching safepoint: 91700 ns, At safepoint: 18800 ns, Total: 110500 ns
[2020-03-27T04:53:44.992+0000][1][safepoint    ] Safepoint "RevokeBias", Time since last: 488000 ns, Reaching safepoint: 87500 ns, At safepoint: 15700 ns, Total: 103200 ns
[2020-03-27T04:53:44.992+0000][1][safepoint    ] Safepoint "RevokeBias", Time since last: 350600 ns, Reaching safepoint: 91800 ns, At safepoint: 38400 ns, Total: 130200 ns
[2020-03-27T04:53:44.994+0000][1][safepoint    ] Safepoint "BulkRevokeBias", Time since last: 993000 ns, Reaching safepoint: 57100 ns, At safepoint: 68100 ns, Total: 125200 ns
[2020-03-27T04:53:44.995+0000][1][safepoint    ] Safepoint "RevokeBias", Time since last: 1164300 ns, Reaching safepoint: 54000 ns, At safepoint: 15100 ns, Total: 69100 ns
[2020-03-27T04:53:44.995+0000][1][safepoint    ] Safepoint "RevokeBias", Time since last: 333700 ns, Reaching safepoint: 89900 ns, At safepoint: 13800 ns, Total: 103700 ns
[2020-03-27T04:53:44.998+0000][1][safepoint    ] Safepoint "Deoptimize", Time since last: 2744200 ns, Reaching safepoint: 109100 ns, At safepoint: 306000 ns, Total: 415100 ns
[2020-03-27T04:53:44.999+0000][1][safepoint    ] Safepoint "RevokeBias", Time since last: 870300 ns, Reaching safepoint: 71800 ns, At safepoint: 28400 ns, Total: 100200 ns
[2020-03-27T04:53:45.075+0000][1][gc,start     ] GC(55) Pause Young (Allocation Failure)
[2020-03-27T04:53:45.075+0000][1][gc,task      ] GC(55) Using 2 workers of 2 for evacuation
[2020-03-27T04:53:45.083+0000][1][gc,age       ] GC(55) Desired survivor size 2228224 bytes, new threshold 2 (max threshold 6)
[2020-03-27T04:53:45.084+0000][1][gc,age       ] GC(55) Age table with threshold 2 (max threshold 6)
[2020-03-27T04:53:45.091+0000][1][gc,age       ] GC(55) - age   1:    1307968 bytes,    1307968 total
[2020-03-27T04:53:45.091+0000][1][gc,age       ] GC(55) - age   2:    1756008 bytes,    3063976 total
[2020-03-27T04:53:45.092+0000][1][gc,heap      ] GC(55) ParNew: 39296K->4352K(39296K)
[2020-03-27T04:53:45.092+0000][1][gc,heap      ] GC(55) CMS: 55770K->57609K(92952K)
[2020-03-27T04:53:45.093+0000][1][gc,metaspace ] GC(55) Metaspace: 71232K->71232K(1114112K)
[2020-03-27T04:53:45.093+0000][1][gc           ] GC(55) Pause Young (Allocation Failure) 92M->60M(129M) 18.573ms
[2020-03-27T04:53:45.094+0000][1][gc,cpu       ] GC(55) User=0.03s Sys=0.00s Real=0.02s
[2020-03-27T04:53:45.094+0000][1][safepoint    ] Safepoint "GenCollectForAllocation", Time since last: 75333601 ns, Reaching safepoint: 35300 ns, At safepoint: 19188401 ns, Total: 19223701 ns
[2020-03-27T04:53:45.141+0000][1][safepoint    ] Safepoint "Deoptimize", Time since last: 46587800 ns, Reaching safepoint: 43200 ns, At safepoint: 255300 ns, Total: 298500 ns
[2020-03-27T04:53:45.348+0000][1][safepoint    ] Safepoint "RevokeBias", Time since last: 203114903 ns, Reaching safepoint: 4142500 ns, At safepoint: 48300 ns, Total: 4190800 ns
[2020-03-27T04:53:45.349+0000][1][safepoint    ] Safepoint "RevokeBias", Time since last: 549600 ns, Reaching safepoint: 203800 ns, At safepoint: 387600 ns, Total: 591400 ns
[2020-03-27T04:53:45.350+0000][1][safepoint    ] Safepoint "RevokeBias", Time since last: 455600 ns, Reaching safepoint: 119500 ns, At safepoint: 18600 ns, Total: 138100 ns
[2020-03-27T04:53:45.350+0000][1][safepoint    ] Safepoint "RevokeBias", Time since last: 344200 ns, Reaching safepoint: 9100 ns, At safepoint: 12900 ns, Total: 22000 ns
[2020-03-27T04:53:45.351+0000][1][safepoint    ] Safepoint "RevokeBias", Time since last: 373300 ns, Reaching safepoint: 9900 ns, At safepoint: 8000 ns, Total: 17900 ns
[2020-03-27T04:53:45.351+0000][1][safepoint    ] Safepoint "RevokeBias", Time since last: 352000 ns, Reaching safepoint: 9200 ns, At safepoint: 19500 ns, Total: 28700 ns
[2020-03-27T04:53:45.351+0000][1][safepoint    ] Safepoint "RevokeBias", Time since last: 239400 ns, Reaching safepoint: 7900 ns, At safepoint: 18700 ns, Total: 26600 ns
[2020-03-27T04:53:45.352+0000][1][safepoint    ] Safepoint "RevokeBias", Time since last: 283400 ns, Reaching safepoint: 9300 ns, At safepoint: 7700 ns, Total: 17000 ns
[2020-03-27T04:53:45.352+0000][1][safepoint    ] Safepoint "RevokeBias", Time since last: 254800 ns, Reaching safepoint: 10700 ns, At safepoint: 22900 ns, Total: 33600 ns
[2020-03-27T04:53:45.352+0000][1][safepoint    ] Safepoint "RevokeBias", Time since last: 418600 ns, Reaching safepoint: 9600 ns, At safepoint: 7900 ns, Total: 17500 ns
[2020-03-27T04:53:45.353+0000][1][safepoint    ] Safepoint "RevokeBias", Time since last: 258900 ns, Reaching safepoint: 9500 ns, At safepoint: 7200 ns, Total: 16700 ns
[2020-03-27T04:53:45.353+0000][1][safepoint    ] Safepoint "RevokeBias", Time since last: 283500 ns, Reaching safepoint: 8600 ns, At safepoint: 8700 ns, Total: 17300 ns
[2020-03-27T04:53:45.353+0000][1][safepoint    ] Safepoint "RevokeBias", Time since last: 397300 ns, Reaching safepoint: 8500 ns, At safepoint: 8500 ns, Total: 17000 ns
[2020-03-27T04:53:45.354+0000][1][safepoint    ] Safepoint "RevokeBias", Time since last: 306800 ns, Reaching safepoint: 8500 ns, At safepoint: 8500 ns, Total: 17000 ns
[2020-03-27T04:53:45.354+0000][1][safepoint    ] Safepoint "RevokeBias", Time since last: 466600 ns, Reaching safepoint: 114000 ns, At safepoint: 9200 ns, Total: 123200 ns
[2020-03-27T04:53:45.355+0000][1][safepoint    ] Safepoint "RevokeBias", Time since last: 1152000 ns, Reaching safepoint: 74200 ns, At safepoint: 9500 ns, Total: 83700 ns
[2020-03-27T04:53:45.358+0000][1][safepoint    ] Safepoint "RevokeBias", Time since last: 2458000 ns, Reaching safepoint: 130700 ns, At safepoint: 8300 ns, Total: 139000 ns
[2020-03-27T04:53:45.360+0000][1][safepoint    ] Safepoint "RevokeBias", Time since last: 2318301 ns, Reaching safepoint: 12600 ns, At safepoint: 7900 ns, Total: 20500 ns
[2020-03-27T04:53:45.362+0000][1][safepoint    ] Safepoint "RevokeBias", Time since last: 1539300 ns, Reaching safepoint: 123800 ns, At safepoint: 23900 ns, Total: 147700 ns
[2020-03-27T04:53:45.373+0000][1][safepoint    ] Safepoint "RevokeBias", Time since last: 5741900 ns, Reaching safepoint: 4940000 ns, At safepoint: 20800 ns, Total: 4960800 ns
[2020-03-27T04:53:45.375+0000][1][safepoint    ] Safepoint "RevokeBias", Time since last: 593600 ns, Reaching safepoint: 1391600 ns, At safepoint: 19900 ns, Total: 1411500 ns
[2020-03-27T04:53:45.375+0000][1][safepoint    ] Safepoint "RevokeBias", Time since last: 407100 ns, Reaching safepoint: 11000 ns, At safepoint: 7800 ns, Total: 18800 ns
[2020-03-27T04:53:45.375+0000][1][safepoint    ] Safepoint "RevokeBias", Time since last: 291800 ns, Reaching safepoint: 10100 ns, At safepoint: 11400 ns, Total: 21500 ns
[2020-03-27T04:53:45.376+0000][1][safepoint    ] Safepoint "RevokeBias", Time since last: 641700 ns, Reaching safepoint: 89800 ns, At safepoint: 9200 ns, Total: 99000 ns
[2020-03-27T04:53:45.377+0000][1][safepoint    ] Safepoint "RevokeBias", Time since last: 459000 ns, Reaching safepoint: 10800 ns, At safepoint: 6900 ns, Total: 17700 ns
[2020-03-27T04:53:45.377+0000][1][safepoint    ] Safepoint "RevokeBias", Time since last: 635100 ns, Reaching safepoint: 91400 ns, At safepoint: 10300 ns, Total: 101700 ns
[2020-03-27T04:53:45.378+0000][1][safepoint    ] Safepoint "RevokeBias", Time since last: 347900 ns, Reaching safepoint: 89400 ns, At safepoint: 22700 ns, Total: 112100 ns
[2020-03-27T04:53:45.378+0000][1][safepoint    ] Safepoint "RevokeBias", Time since last: 466100 ns, Reaching safepoint: 88800 ns, At safepoint: 12700 ns, Total: 101500 ns
[2020-03-27T04:53:45.379+0000][1][safepoint    ] Safepoint "RevokeBias", Time since last: 363000 ns, Reaching safepoint: 111000 ns, At safepoint: 11900 ns, Total: 122900 ns
[2020-03-27T04:53:45.379+0000][1][safepoint    ] Safepoint "RevokeBias", Time since last: 324500 ns, Reaching safepoint: 88100 ns, At safepoint: 11100 ns, Total: 99200 ns
[2020-03-27T04:53:45.380+0000][1][safepoint    ] Safepoint "RevokeBias", Time since last: 822700 ns, Reaching safepoint: 15900 ns, At safepoint: 11200 ns, Total: 27100 ns
[2020-03-27T04:53:45.381+0000][1][safepoint    ] Safepoint "RevokeBias", Time since last: 332800 ns, Reaching safepoint: 11300 ns, At safepoint: 8500 ns, Total: 19800 ns
[2020-03-27T04:53:45.381+0000][1][safepoint    ] Safepoint "BulkRevokeBias", Time since last: 287800 ns, Reaching safepoint: 9600 ns, At safepoint: 68600 ns, Total: 78200 ns
[2020-03-27T04:53:45.389+0000][1][safepoint    ] Safepoint "RevokeBias", Time since last: 8407300 ns, Reaching safepoint: 115300 ns, At safepoint: 25300 ns, Total: 140600 ns
[2020-03-27T04:53:45.390+0000][1][safepoint    ] Safepoint "RevokeBias", Time since last: 530000 ns, Reaching safepoint: 198200 ns, At safepoint: 21400 ns, Total: 219600 ns
[2020-03-27T04:53:45.391+0000][1][safepoint    ] Safepoint "RevokeBias", Time since last: 376000 ns, Reaching safepoint: 114600 ns, At safepoint: 22100 ns, Total: 136700 ns
[2020-03-27T04:53:45.392+0000][1][safepoint    ] Safepoint "RevokeBias", Time since last: 1157300 ns, Reaching safepoint: 14500 ns, At safepoint: 17900 ns, Total: 32400 ns
[2020-03-27T04:53:45.392+0000][1][safepoint    ] Safepoint "RevokeBias", Time since last: 527500 ns, Reaching safepoint: 31100 ns, At safepoint: 17400 ns, Total: 48500 ns
[2020-03-27T04:53:45.393+0000][1][safepoint    ] Safepoint "RevokeBias", Time since last: 624500 ns, Reaching safepoint: 12900 ns, At safepoint: 18600 ns, Total: 31500 ns
[2020-03-27T04:53:45.394+0000][1][safepoint    ] Safepoint "RevokeBias", Time since last: 806300 ns, Reaching safepoint: 12500 ns, At safepoint: 18600 ns, Total: 31100 ns
[2020-03-27T04:53:45.395+0000][1][safepoint    ] Safepoint "RevokeBias", Time since last: 775700 ns, Reaching safepoint: 11400 ns, At safepoint: 18200 ns, Total: 29600 ns
[2020-03-27T04:53:45.395+0000][1][safepoint    ] Safepoint "RevokeBias", Time since last: 547600 ns, Reaching safepoint: 8700 ns, At safepoint: 8900 ns, Total: 17600 ns
[2020-03-27T04:53:45.396+0000][1][safepoint    ] Safepoint "RevokeBias", Time since last: 872300 ns, Reaching safepoint: 10600 ns, At safepoint: 7600 ns, Total: 18200 ns
[2020-03-27T04:53:45.397+0000][1][safepoint    ] Safepoint "RevokeBias", Time since last: 911700 ns, Reaching safepoint: 9200 ns, At safepoint: 9800 ns, Total: 19000 ns
[2020-03-27T04:53:45.398+0000][1][safepoint    ] Safepoint "RevokeBias", Time since last: 955100 ns, Reaching safepoint: 85700 ns, At safepoint: 22400 ns, Total: 108100 ns
[2020-03-27T04:53:45.399+0000][1][safepoint    ] Safepoint "RevokeBias", Time since last: 391300 ns, Reaching safepoint: 8200 ns, At safepoint: 20000 ns, Total: 28200 ns
[2020-03-27T04:53:45.399+0000][1][safepoint    ] Safepoint "RevokeBias", Time since last: 467400 ns, Reaching safepoint: 8400 ns, At safepoint: 16800 ns, Total: 25200 ns
[2020-03-27T04:53:45.400+0000][1][safepoint    ] Safepoint "RevokeBias", Time since last: 522900 ns, Reaching safepoint: 9100 ns, At safepoint: 9900 ns, Total: 19000 ns
[2020-03-27T04:53:45.400+0000][1][safepoint    ] Safepoint "RevokeBias", Time since last: 296800 ns, Reaching safepoint: 8100 ns, At safepoint: 33000 ns, Total: 41100 ns
[2020-03-27T04:53:45.401+0000][1][safepoint    ] Safepoint "RevokeBias", Time since last: 477000 ns, Reaching safepoint: 8400 ns, At safepoint: 18500 ns, Total: 26900 ns
[2020-03-27T04:53:45.403+0000][1][safepoint    ] Safepoint "RevokeBias", Time since last: 2416500 ns, Reaching safepoint: 10100 ns, At safepoint: 16800 ns, Total: 26900 ns
[2020-03-27T04:53:45.403+0000][1][safepoint    ] Safepoint "RevokeBias", Time since last: 445300 ns, Reaching safepoint: 9900 ns, At safepoint: 33600 ns, Total: 43500 ns
[2020-03-27T04:53:45.404+0000][1][safepoint    ] Safepoint "RevokeBias", Time since last: 390600 ns, Reaching safepoint: 10800 ns, At safepoint: 18900 ns, Total: 29700 ns
[2020-03-27T04:53:45.404+0000][1][safepoint    ] Safepoint "RevokeBias", Time since last: 481300 ns, Reaching safepoint: 9900 ns, At safepoint: 30600 ns, Total: 40500 ns
[2020-03-27T04:53:45.405+0000][1][safepoint    ] Safepoint "RevokeBias", Time since last: 595100 ns, Reaching safepoint: 23300 ns, At safepoint: 16500 ns, Total: 39800 ns
[2020-03-27T04:53:45.419+0000][1][safepoint    ] Safepoint "RevokeBias", Time since last: 13867800 ns, Reaching safepoint: 9600 ns, At safepoint: 10800 ns, Total: 20400 ns
[2020-03-27T04:53:45.420+0000][1][safepoint    ] Safepoint "RevokeBias", Time since last: 771000 ns, Reaching safepoint: 9200 ns, At safepoint: 17400 ns, Total: 26600 ns
[2020-03-27T04:53:45.420+0000][1][safepoint    ] Safepoint "RevokeBias", Time since last: 440400 ns, Reaching safepoint: 7100 ns, At safepoint: 16000 ns, Total: 23100 ns
[2020-03-27T04:53:45.421+0000][1][safepoint    ] Safepoint "RevokeBias", Time since last: 529200 ns, Reaching safepoint: 8400 ns, At safepoint: 7700 ns, Total: 16100 ns
[2020-03-27T04:53:45.423+0000][1][safepoint    ] Safepoint "RevokeBias", Time since last: 1643600 ns, Reaching safepoint: 121900 ns, At safepoint: 17400 ns, Total: 139300 ns
[2020-03-27T04:53:45.423+0000][1][safepoint    ] Safepoint "RevokeBias", Time since last: 420500 ns, Reaching safepoint: 132300 ns, At safepoint: 324800 ns, Total: 457100 ns
[2020-03-27T04:53:45.424+0000][1][safepoint    ] Safepoint "RevokeBias", Time since last: 404200 ns, Reaching safepoint: 8000 ns, At safepoint: 32900 ns, Total: 40900 ns
[2020-03-27T04:53:45.424+0000][1][safepoint    ] Safepoint "RevokeBias", Time since last: 356200 ns, Reaching safepoint: 7500 ns, At safepoint: 69300 ns, Total: 76800 ns
[2020-03-27T04:53:45.425+0000][1][safepoint    ] Safepoint "RevokeBias", Time since last: 260100 ns, Reaching safepoint: 7300 ns, At safepoint: 15000 ns, Total: 22300 ns
[2020-03-27T04:53:45.425+0000][1][safepoint    ] Safepoint "RevokeBias", Time since last: 345400 ns, Reaching safepoint: 96400 ns, At safepoint: 18400 ns, Total: 114800 ns
[2020-03-27T04:53:45.426+0000][1][safepoint    ] Safepoint "RevokeBias", Time since last: 490900 ns, Reaching safepoint: 110500 ns, At safepoint: 12700 ns, Total: 123200 ns
[2020-03-27T04:53:45.428+0000][1][gc,heap,exit ] Heap
[2020-03-27T04:53:45.428+0000][1][gc,heap,exit ]  par new generation   total 39296K, used 21574K [0x00000000e0000000, 0x00000000e2aa0000, 0x00000000ea660000)
[2020-03-27T04:53:45.429+0000][1][gc,heap,exit ]   eden space 34944K,  49% used [0x00000000e0000000, 0x00000000e10d18e0, 0x00000000e2220000)
[2020-03-27T04:53:45.429+0000][1][gc,heap,exit ]   from space 4352K, 100% used [0x00000000e2660000, 0x00000000e2aa0000, 0x00000000e2aa0000)
[2020-03-27T04:53:45.429+0000][1][gc,heap,exit ]   to   space 4352K,   0% used [0x00000000e2220000, 0x00000000e2220000, 0x00000000e2660000)
[2020-03-27T04:53:45.430+0000][1][gc,heap,exit ]  concurrent mark-sweep generation total 92952K, used 57609K [0x00000000ea660000, 0x00000000f0126000, 0x0000000100000000)
[2020-03-27T04:53:45.430+0000][1][gc,heap,exit ]  Metaspace       used 72947K, capacity 78827K, committed 79144K, reserved 1116160K
[2020-03-27T04:53:45.430+0000][1][gc,heap,exit ]   class space    used 9861K, capacity 12304K, committed 12416K, reserved 1048576K
