[2020-03-27T04:57:25.811+0000][1][gc] Using Concurrent Mark Sweep
[2020-03-27T04:57:25.815+0000][1][gc,heap,coops] Heap address: 0x00000000e0000000, size: 512 MB, Compressed Oops mode: 32-bit
[2020-03-27T04:57:25.898+0000][1][safepoint    ] Safepoint "EnableBiasedLocking", Time since last: 58869388 ns, Reaching safepoint: 142500 ns, At safepoint: 23400 ns, Total: 165900 ns
[2020-03-27T04:57:25.904+0000][1][safepoint    ] Safepoint "RevokeBias", Time since last: 2977299 ns, Reaching safepoint: 2895300 ns, At safepoint: 76200 ns, Total: 2971500 ns
[2020-03-27T04:57:25.916+0000][1][safepoint    ] Safepoint "Deoptimize", Time since last: 11846197 ns, Reaching safepoint: 82300 ns, At safepoint: 15200 ns, Total: 97500 ns
[2020-03-27T04:57:26.061+0000][1][safepoint    ] Safepoint "RevokeBias", Time since last: 145518971 ns, Reaching safepoint: 101200 ns, At safepoint: 17600 ns, Total: 118800 ns
[2020-03-27T04:57:26.094+0000][1][safepoint    ] Safepoint "Deoptimize", Time since last: 32321194 ns, Reaching safepoint: 18000 ns, At safepoint: 52800 ns, Total: 70800 ns
[2020-03-27T04:57:26.721+0000][1][safepoint    ] Safepoint "Deoptimize", Time since last: 626750274 ns, Reaching safepoint: 50300 ns, At safepoint: 68100 ns, Total: 118400 ns
[2020-03-27T04:57:26.882+0000][1][safepoint    ] Safepoint "Deoptimize", Time since last: 160852168 ns, Reaching safepoint: 169700 ns, At safepoint: 697000 ns, Total: 866700 ns
[2020-03-27T04:57:27.074+0000][1][safepoint    ] Safepoint "Deoptimize", Time since last: 191997762 ns, Reaching safepoint: 92500 ns, At safepoint: 67400 ns, Total: 159900 ns
[2020-03-27T04:57:27.365+0000][1][safepoint    ] Safepoint "Deoptimize", Time since last: 289468642 ns, Reaching safepoint: 847100 ns, At safepoint: 87400 ns, Total: 934500 ns
[2020-03-27T04:57:27.542+0000][1][safepoint    ] Safepoint "Deoptimize", Time since last: 176593864 ns, Reaching safepoint: 118900 ns, At safepoint: 75000 ns, Total: 193900 ns
[2020-03-27T04:57:27.949+0000][1][safepoint    ] Safepoint "Deoptimize", Time since last: 406967119 ns, Reaching safepoint: 58900 ns, At safepoint: 97400 ns, Total: 156300 ns
[2020-03-27T04:57:28.068+0000][1][safepoint    ] Safepoint "Deoptimize", Time since last: 119140576 ns, Reaching safepoint: 19100 ns, At safepoint: 111500 ns, Total: 130600 ns
[2020-03-27T04:57:28.070+0000][1][safepoint    ] Safepoint "Deoptimize", Time since last: 1589700 ns, Reaching safepoint: 9500 ns, At safepoint: 118200 ns, Total: 127700 ns
[2020-03-27T04:57:28.148+0000][1][safepoint    ] Safepoint "Deoptimize", Time since last: 77813984 ns, Reaching safepoint: 26800 ns, At safepoint: 106300 ns, Total: 133100 ns
[2020-03-27T04:57:28.150+0000][1][safepoint    ] Safepoint "Deoptimize", Time since last: 2209700 ns, Reaching safepoint: 14300 ns, At safepoint: 143100 ns, Total: 157400 ns
[2020-03-27T04:57:28.180+0000][1][safepoint    ] Safepoint "RevokeBias", Time since last: 29485394 ns, Reaching safepoint: 15000 ns, At safepoint: 25800 ns, Total: 40800 ns
[2020-03-27T04:57:28.180+0000][1][safepoint    ] Safepoint "RevokeBias", Time since last: 554000 ns, Reaching safepoint: 7500 ns, At safepoint: 10700 ns, Total: 18200 ns
[2020-03-27T04:57:28.183+0000][1][safepoint    ] Safepoint "RevokeBias", Time since last: 2385899 ns, Reaching safepoint: 18200 ns, At safepoint: 19900 ns, Total: 38100 ns
[2020-03-27T04:57:28.184+0000][1][safepoint    ] Safepoint "RevokeBias", Time since last: 1579500 ns, Reaching safepoint: 274500 ns, At safepoint: 15400 ns, Total: 289900 ns
[2020-03-27T04:57:28.821+0000][1][safepoint    ] Safepoint "RevokeBias", Time since last: 636783898 ns, Reaching safepoint: 78500 ns, At safepoint: 9500 ns, Total: 88000 ns
[2020-03-27T04:57:28.822+0000][1][safepoint    ] Safepoint "RevokeBias", Time since last: 716200 ns, Reaching safepoint: 95300 ns, At safepoint: 22900 ns, Total: 118200 ns
[2020-03-27T04:57:28.958+0000][1][safepoint    ] Safepoint "RevokeBias", Time since last: 134141693 ns, Reaching safepoint: 1445899 ns, At safepoint: 25700 ns, Total: 1471599 ns
[2020-03-27T04:57:28.959+0000][1][safepoint    ] Safepoint "RevokeBias", Time since last: 857200 ns, Reaching safepoint: 194300 ns, At safepoint: 24400 ns, Total: 218700 ns
[2020-03-27T04:57:29.001+0000][1][safepoint    ] Safepoint "RevokeBias", Time since last: 41865098 ns, Reaching safepoint: 25600 ns, At safepoint: 20500 ns, Total: 46100 ns
[2020-03-27T04:57:29.063+0000][1][safepoint    ] Safepoint "RevokeBias", Time since last: 62184696 ns, Reaching safepoint: 100200 ns, At safepoint: 17700 ns, Total: 117900 ns
[2020-03-27T04:57:29.142+0000][1][gc,start     ] GC(0) Pause Young (Allocation Failure)
[2020-03-27T04:57:29.145+0000][1][gc,task      ] GC(0) Using 2 workers of 2 for evacuation
[2020-03-27T04:57:29.165+0000][1][gc,age       ] GC(0) Desired survivor size 8716288 bytes, new threshold 1 (max threshold 6)
[2020-03-27T04:57:29.166+0000][1][gc,age       ] GC(0) Age table with threshold 1 (max threshold 6)
[2020-03-27T04:57:29.166+0000][1][gc,age       ] GC(0) - age   1:    9298288 bytes,    9298288 total
[2020-03-27T04:57:29.167+0000][1][gc,heap      ] GC(0) ParNew: 136320K->9142K(153344K)
[2020-03-27T04:57:29.167+0000][1][gc,heap      ] GC(0) CMS: 0K->0K(353920K)
[2020-03-27T04:57:29.167+0000][1][gc,metaspace ] GC(0) Metaspace: 17111K->17111K(1064960K)
[2020-03-27T04:57:29.168+0000][1][gc           ] GC(0) Pause Young (Allocation Failure) 133M->8M(495M) 26.005ms
[2020-03-27T04:57:29.168+0000][1][gc,cpu       ] GC(0) User=0.01s Sys=0.01s Real=0.03s
[2020-03-27T04:57:29.168+0000][1][safepoint    ] Safepoint "GenCollectForAllocation", Time since last: 77744796 ns, Reaching safepoint: 91800 ns, At safepoint: 27427898 ns, Total: 27519698 ns
[2020-03-27T04:57:29.169+0000][1][safepoint    ] Safepoint "BulkRevokeBias", Time since last: 858300 ns, Reaching safepoint: 85400 ns, At safepoint: 64300 ns, Total: 149700 ns
[2020-03-27T04:57:29.170+0000][1][safepoint    ] Safepoint "RevokeBias", Time since last: 443500 ns, Reaching safepoint: 75700 ns, At safepoint: 13500 ns, Total: 89200 ns
[2020-03-27T04:57:29.170+0000][1][safepoint    ] Safepoint "RevokeBias", Time since last: 231700 ns, Reaching safepoint: 110400 ns, At safepoint: 15500 ns, Total: 125900 ns
[2020-03-27T04:57:29.171+0000][1][safepoint    ] Safepoint "RevokeBias", Time since last: 232400 ns, Reaching safepoint: 85400 ns, At safepoint: 16600 ns, Total: 102000 ns
[2020-03-27T04:57:29.171+0000][1][safepoint    ] Safepoint "RevokeBias", Time since last: 180200 ns, Reaching safepoint: 75700 ns, At safepoint: 13600 ns, Total: 89300 ns
[2020-03-27T04:57:29.171+0000][1][safepoint    ] Safepoint "RevokeBias", Time since last: 164900 ns, Reaching safepoint: 74300 ns, At safepoint: 12600 ns, Total: 86900 ns
[2020-03-27T04:57:29.171+0000][1][safepoint    ] Safepoint "RevokeBias", Time since last: 143100 ns, Reaching safepoint: 73700 ns, At safepoint: 21800 ns, Total: 95500 ns
[2020-03-27T04:57:29.172+0000][1][safepoint    ] Safepoint "RevokeBias", Time since last: 145300 ns, Reaching safepoint: 79400 ns, At safepoint: 15200 ns, Total: 94600 ns
[2020-03-27T04:57:29.172+0000][1][safepoint    ] Safepoint "RevokeBias", Time since last: 167900 ns, Reaching safepoint: 75200 ns, At safepoint: 12100 ns, Total: 87300 ns
[2020-03-27T04:57:29.174+0000][1][safepoint    ] Safepoint "RevokeBias", Time since last: 147500 ns, Reaching safepoint: 1592600 ns, At safepoint: 17100 ns, Total: 1609700 ns
[2020-03-27T04:57:29.176+0000][1][safepoint    ] Safepoint "RevokeBias", Time since last: 1156800 ns, Reaching safepoint: 824700 ns, At safepoint: 24100 ns, Total: 848800 ns
[2020-03-27T04:57:29.176+0000][1][safepoint    ] Safepoint "RevokeBias", Time since last: 427300 ns, Reaching safepoint: 82300 ns, At safepoint: 40100 ns, Total: 122400 ns
[2020-03-27T04:57:29.177+0000][1][safepoint    ] Safepoint "RevokeBias", Time since last: 326000 ns, Reaching safepoint: 103800 ns, At safepoint: 16900 ns, Total: 120700 ns
[2020-03-27T04:57:29.177+0000][1][safepoint    ] Safepoint "RevokeBias", Time since last: 287800 ns, Reaching safepoint: 78700 ns, At safepoint: 16000 ns, Total: 94700 ns
[2020-03-27T04:57:29.177+0000][1][safepoint    ] Safepoint "RevokeBias", Time since last: 168200 ns, Reaching safepoint: 81200 ns, At safepoint: 26600 ns, Total: 107800 ns
[2020-03-27T04:57:29.177+0000][1][safepoint    ] Safepoint "RevokeBias", Time since last: 215700 ns, Reaching safepoint: 7700 ns, At safepoint: 15300 ns, Total: 23000 ns
[2020-03-27T04:57:29.178+0000][1][safepoint    ] Safepoint "RevokeBias", Time since last: 176500 ns, Reaching safepoint: 78200 ns, At safepoint: 15800 ns, Total: 94000 ns
[2020-03-27T04:57:29.178+0000][1][safepoint    ] Safepoint "RevokeBias", Time since last: 172000 ns, Reaching safepoint: 77400 ns, At safepoint: 16800 ns, Total: 94200 ns
[2020-03-27T04:57:29.178+0000][1][safepoint    ] Safepoint "RevokeBias", Time since last: 164400 ns, Reaching safepoint: 77699 ns, At safepoint: 21100 ns, Total: 98799 ns
[2020-03-27T04:57:29.179+0000][1][safepoint    ] Safepoint "RevokeBias", Time since last: 188600 ns, Reaching safepoint: 81700 ns, At safepoint: 21900 ns, Total: 103600 ns
[2020-03-27T04:57:29.179+0000][1][safepoint    ] Safepoint "RevokeBias", Time since last: 232500 ns, Reaching safepoint: 78800 ns, At safepoint: 23600 ns, Total: 102400 ns
[2020-03-27T04:57:29.180+0000][1][safepoint    ] Safepoint "RevokeBias", Time since last: 549800 ns, Reaching safepoint: 97000 ns, At safepoint: 20800 ns, Total: 117800 ns
[2020-03-27T04:57:29.180+0000][1][safepoint    ] Safepoint "RevokeBias", Time since last: 236900 ns, Reaching safepoint: 78500 ns, At safepoint: 20500 ns, Total: 99000 ns
[2020-03-27T04:57:29.180+0000][1][safepoint    ] Safepoint "RevokeBias", Time since last: 205100 ns, Reaching safepoint: 77800 ns, At safepoint: 17300 ns, Total: 95100 ns
[2020-03-27T04:57:29.181+0000][1][safepoint    ] Safepoint "RevokeBias", Time since last: 247700 ns, Reaching safepoint: 84500 ns, At safepoint: 792800 ns, Total: 877300 ns
[2020-03-27T04:57:29.182+0000][1][safepoint    ] Safepoint "RevokeBias", Time since last: 233500 ns, Reaching safepoint: 81300 ns, At safepoint: 27300 ns, Total: 108600 ns
[2020-03-27T04:57:29.185+0000][1][safepoint    ] Safepoint "RevokeBias", Time since last: 1931700 ns, Reaching safepoint: 973500 ns, At safepoint: 32900 ns, Total: 1006400 ns
[2020-03-27T04:57:29.186+0000][1][safepoint    ] Safepoint "RevokeBias", Time since last: 524200 ns, Reaching safepoint: 446600 ns, At safepoint: 25500 ns, Total: 472100 ns
[2020-03-27T04:57:29.187+0000][1][safepoint    ] Safepoint "RevokeBias", Time since last: 468700 ns, Reaching safepoint: 478100 ns, At safepoint: 23200 ns, Total: 501300 ns
[2020-03-27T04:57:29.188+0000][1][safepoint    ] Safepoint "RevokeBias", Time since last: 370800 ns, Reaching safepoint: 1307000 ns, At safepoint: 34800 ns, Total: 1341800 ns
[2020-03-27T04:57:29.189+0000][1][safepoint    ] Safepoint "RevokeBias", Time since last: 451700 ns, Reaching safepoint: 78000 ns, At safepoint: 39900 ns, Total: 117900 ns
[2020-03-27T04:57:29.189+0000][1][safepoint    ] Safepoint "RevokeBias", Time since last: 385600 ns, Reaching safepoint: 74200 ns, At safepoint: 31500 ns, Total: 105700 ns
[2020-03-27T04:57:29.190+0000][1][safepoint    ] Safepoint "RevokeBias", Time since last: 262400 ns, Reaching safepoint: 91600 ns, At safepoint: 38700 ns, Total: 130300 ns
[2020-03-27T04:57:29.190+0000][1][safepoint    ] Safepoint "RevokeBias", Time since last: 294100 ns, Reaching safepoint: 80100 ns, At safepoint: 24300 ns, Total: 104400 ns
[2020-03-27T04:57:29.191+0000][1][safepoint    ] Safepoint "RevokeBias", Time since last: 374200 ns, Reaching safepoint: 44600 ns, At safepoint: 12500 ns, Total: 57100 ns
[2020-03-27T04:57:29.191+0000][1][safepoint    ] Safepoint "RevokeBias", Time since last: 224500 ns, Reaching safepoint: 75300 ns, At safepoint: 11000 ns, Total: 86300 ns
[2020-03-27T04:57:29.195+0000][1][safepoint    ] Safepoint "BulkRevokeBias", Time since last: 3664700 ns, Reaching safepoint: 150600 ns, At safepoint: 32700 ns, Total: 183300 ns
[2020-03-27T04:57:29.199+0000][1][safepoint    ] Safepoint "RevokeBias", Time since last: 3707299 ns, Reaching safepoint: 83400 ns, At safepoint: 36300 ns, Total: 119700 ns
[2020-03-27T04:57:29.199+0000][1][safepoint    ] Safepoint "BulkRevokeBias", Time since last: 459600 ns, Reaching safepoint: 22600 ns, At safepoint: 38100 ns, Total: 60700 ns
[2020-03-27T04:57:29.230+0000][1][safepoint    ] Safepoint "RevokeBias", Time since last: 30790098 ns, Reaching safepoint: 16600 ns, At safepoint: 16500 ns, Total: 33100 ns
[2020-03-27T04:57:29.250+0000][1][safepoint    ] Safepoint "RevokeBias", Time since last: 20120999 ns, Reaching safepoint: 18700 ns, At safepoint: 26800 ns, Total: 45500 ns
[2020-03-27T04:57:29.254+0000][1][safepoint    ] Safepoint "RevokeBias", Time since last: 4402300 ns, Reaching safepoint: 21300 ns, At safepoint: 19000 ns, Total: 40300 ns
[2020-03-27T04:57:29.501+0000][1][safepoint    ] Safepoint "RevokeBias", Time since last: 246745386 ns, Reaching safepoint: 41500 ns, At safepoint: 20500 ns, Total: 62000 ns
[2020-03-27T04:57:29.511+0000][1][safepoint    ] Safepoint "RevokeBias", Time since last: 9404699 ns, Reaching safepoint: 17000 ns, At safepoint: 18800 ns, Total: 35800 ns
[2020-03-27T04:57:29.553+0000][1][safepoint    ] Safepoint "RevokeBias", Time since last: 42003598 ns, Reaching safepoint: 120100 ns, At safepoint: 24100 ns, Total: 144200 ns
[2020-03-27T04:57:29.564+0000][1][safepoint    ] Safepoint "RevokeBias", Time since last: 10092699 ns, Reaching safepoint: 96800 ns, At safepoint: 774400 ns, Total: 871200 ns
[2020-03-27T04:57:29.568+0000][1][safepoint    ] Safepoint "RevokeBias", Time since last: 4275100 ns, Reaching safepoint: 95500 ns, At safepoint: 19000 ns, Total: 114500 ns
[2020-03-27T04:57:29.714+0000][1][gc,start     ] GC(1) Pause Young (Allocation Failure)
[2020-03-27T04:57:29.715+0000][1][gc,task      ] GC(1) Using 2 workers of 2 for evacuation
[2020-03-27T04:57:29.749+0000][1][gc,age       ] GC(1) Desired survivor size 8716288 bytes, new threshold 6 (max threshold 6)
[2020-03-27T04:57:29.750+0000][1][gc,age       ] GC(1) Age table with threshold 6 (max threshold 6)
[2020-03-27T04:57:29.750+0000][1][gc,age       ] GC(1) - age   1:    1624376 bytes,    1624376 total
[2020-03-27T04:57:29.751+0000][1][gc,heap      ] GC(1) ParNew: 145462K->5629K(153344K)
[2020-03-27T04:57:29.751+0000][1][gc,heap      ] GC(1) CMS: 0K->9488K(353920K)
[2020-03-27T04:57:29.751+0000][1][gc,metaspace ] GC(1) Metaspace: 18470K->18470K(1067008K)
[2020-03-27T04:57:29.752+0000][1][gc           ] GC(1) Pause Young (Allocation Failure) 142M->14M(495M) 37.945ms
[2020-03-27T04:57:29.752+0000][1][gc,cpu       ] GC(1) User=0.04s Sys=0.00s Real=0.04s
[2020-03-27T04:57:29.752+0000][1][safepoint    ] Safepoint "GenCollectForAllocation", Time since last: 144830291 ns, Reaching safepoint: 507400 ns, At safepoint: 38660798 ns, Total: 39168198 ns
[2020-03-27T04:57:29.754+0000][1][safepoint    ] Safepoint "RevokeBias", Time since last: 1675600 ns, Reaching safepoint: 12900 ns, At safepoint: 12800 ns, Total: 25700 ns
[2020-03-27T04:57:29.757+0000][1][safepoint    ] Safepoint "RevokeBias", Time since last: 613400 ns, Reaching safepoint: 2028300 ns, At safepoint: 39200 ns, Total: 2067500 ns
[2020-03-27T04:57:29.759+0000][1][safepoint    ] Safepoint "RevokeBias", Time since last: 1946699 ns, Reaching safepoint: 424800 ns, At safepoint: 26400 ns, Total: 451200 ns
[2020-03-27T04:57:29.760+0000][1][safepoint    ] Safepoint "RevokeBias", Time since last: 451400 ns, Reaching safepoint: 71600 ns, At safepoint: 18900 ns, Total: 90500 ns
[2020-03-27T04:57:29.760+0000][1][safepoint    ] Safepoint "RevokeBias", Time since last: 316900 ns, Reaching safepoint: 213100 ns, At safepoint: 15900 ns, Total: 229000 ns
[2020-03-27T04:57:29.761+0000][1][safepoint    ] Safepoint "RevokeBias", Time since last: 370000 ns, Reaching safepoint: 58000 ns, At safepoint: 30600 ns, Total: 88600 ns
[2020-03-27T04:57:29.761+0000][1][safepoint    ] Safepoint "RevokeBias", Time since last: 385100 ns, Reaching safepoint: 124600 ns, At safepoint: 13600 ns, Total: 138200 ns
[2020-03-27T04:57:29.764+0000][1][safepoint    ] Safepoint "RevokeBias", Time since last: 2777600 ns, Reaching safepoint: 125200 ns, At safepoint: 30800 ns, Total: 156000 ns
[2020-03-27T04:57:29.765+0000][1][safepoint    ] Safepoint "RevokeBias", Time since last: 590100 ns, Reaching safepoint: 81500 ns, At safepoint: 18300 ns, Total: 99800 ns
[2020-03-27T04:57:29.765+0000][1][safepoint    ] Safepoint "RevokeBias", Time since last: 475200 ns, Reaching safepoint: 86400 ns, At safepoint: 37900 ns, Total: 124300 ns
[2020-03-27T04:57:29.766+0000][1][safepoint    ] Safepoint "RevokeBias", Time since last: 462300 ns, Reaching safepoint: 106400 ns, At safepoint: 25000 ns, Total: 131400 ns
[2020-03-27T04:57:29.766+0000][1][safepoint    ] Safepoint "RevokeBias", Time since last: 330700 ns, Reaching safepoint: 91600 ns, At safepoint: 38800 ns, Total: 130400 ns
[2020-03-27T04:57:29.767+0000][1][safepoint    ] Safepoint "RevokeBias", Time since last: 400800 ns, Reaching safepoint: 290400 ns, At safepoint: 20700 ns, Total: 311100 ns
[2020-03-27T04:57:29.768+0000][1][safepoint    ] Safepoint "RevokeBias", Time since last: 286700 ns, Reaching safepoint: 154600 ns, At safepoint: 26500 ns, Total: 181100 ns
[2020-03-27T04:57:29.768+0000][1][safepoint    ] Safepoint "RevokeBias", Time since last: 241000 ns, Reaching safepoint: 79900 ns, At safepoint: 24200 ns, Total: 104100 ns
[2020-03-27T04:57:29.769+0000][1][safepoint    ] Safepoint "RevokeBias", Time since last: 185300 ns, Reaching safepoint: 1073200 ns, At safepoint: 26300 ns, Total: 1099500 ns
[2020-03-27T04:57:29.770+0000][1][safepoint    ] Safepoint "RevokeBias", Time since last: 254800 ns, Reaching safepoint: 151500 ns, At safepoint: 22400 ns, Total: 173900 ns
[2020-03-27T04:57:29.770+0000][1][safepoint    ] Safepoint "RevokeBias", Time since last: 266100 ns, Reaching safepoint: 91800 ns, At safepoint: 17000 ns, Total: 108800 ns
[2020-03-27T04:57:29.771+0000][1][safepoint    ] Safepoint "RevokeBias", Time since last: 545900 ns, Reaching safepoint: 79800 ns, At safepoint: 35300 ns, Total: 115100 ns
[2020-03-27T04:57:29.771+0000][1][safepoint    ] Safepoint "RevokeBias", Time since last: 750400 ns, Reaching safepoint: 79600 ns, At safepoint: 18800 ns, Total: 98400 ns
[2020-03-27T04:57:29.773+0000][1][safepoint    ] Safepoint "RevokeBias", Time since last: 1052400 ns, Reaching safepoint: 80900 ns, At safepoint: 22700 ns, Total: 103600 ns
[2020-03-27T04:57:29.774+0000][1][safepoint    ] Safepoint "RevokeBias", Time since last: 1247800 ns, Reaching safepoint: 83700 ns, At safepoint: 27600 ns, Total: 111300 ns
[2020-03-27T04:57:29.775+0000][1][safepoint    ] Safepoint "RevokeBias", Time since last: 535700 ns, Reaching safepoint: 80800 ns, At safepoint: 23300 ns, Total: 104100 ns
[2020-03-27T04:57:29.777+0000][1][safepoint    ] Safepoint "RevokeBias", Time since last: 1882499 ns, Reaching safepoint: 221400 ns, At safepoint: 34800 ns, Total: 256200 ns
[2020-03-27T04:57:29.778+0000][1][safepoint    ] Safepoint "RevokeBias", Time since last: 408600 ns, Reaching safepoint: 404300 ns, At safepoint: 24300 ns, Total: 428600 ns
[2020-03-27T04:57:30.167+0000][1][gc,start     ] GC(2) Pause Young (Allocation Failure)
[2020-03-27T04:57:30.167+0000][1][gc,task      ] GC(2) Using 2 workers of 2 for evacuation
[2020-03-27T04:57:30.177+0000][1][gc,age       ] GC(2) Desired survivor size 8716288 bytes, new threshold 6 (max threshold 6)
[2020-03-27T04:57:30.178+0000][1][gc,age       ] GC(2) Age table with threshold 6 (max threshold 6)
[2020-03-27T04:57:30.192+0000][1][gc,age       ] GC(2) - age   1:    3323304 bytes,    3323304 total
[2020-03-27T04:57:30.206+0000][1][gc,age       ] GC(2) - age   2:    1586016 bytes,    4909320 total
[2020-03-27T04:57:30.228+0000][1][gc,heap      ] GC(2) ParNew: 141949K->5412K(153344K)
[2020-03-27T04:57:30.228+0000][1][gc,heap      ] GC(2) CMS: 9488K->9488K(353920K)
[2020-03-27T04:57:30.229+0000][1][gc,metaspace ] GC(2) Metaspace: 18994K->18994K(1067008K)
[2020-03-27T04:57:30.229+0000][1][gc           ] GC(2) Pause Young (Allocation Failure) 147M->14M(495M) 62.619ms
[2020-03-27T04:57:30.229+0000][1][gc,cpu       ] GC(2) User=0.01s Sys=0.00s Real=0.06s
[2020-03-27T04:57:30.230+0000][1][safepoint    ] Safepoint "GenCollectForAllocation", Time since last: 388786478 ns, Reaching safepoint: 111200 ns, At safepoint: 63276596 ns, Total: 63387796 ns
[2020-03-27T04:57:30.231+0000][1][safepoint    ] Safepoint "BulkRevokeBias", Time since last: 602400 ns, Reaching safepoint: 106800 ns, At safepoint: 57100 ns, Total: 163900 ns
[2020-03-27T04:57:30.231+0000][1][safepoint    ] Safepoint "RevokeBias", Time since last: 344300 ns, Reaching safepoint: 101300 ns, At safepoint: 11700 ns, Total: 113000 ns
[2020-03-27T04:57:30.231+0000][1][safepoint    ] Safepoint "RevokeBias", Time since last: 178300 ns, Reaching safepoint: 124900 ns, At safepoint: 10100 ns, Total: 135000 ns
[2020-03-27T04:57:30.232+0000][1][safepoint    ] Safepoint "RevokeBias", Time since last: 209700 ns, Reaching safepoint: 75800 ns, At safepoint: 10800 ns, Total: 86600 ns
[2020-03-27T04:57:30.232+0000][1][safepoint    ] Safepoint "RevokeBias", Time since last: 167400 ns, Reaching safepoint: 78100 ns, At safepoint: 14200 ns, Total: 92300 ns
[2020-03-27T04:57:30.232+0000][1][safepoint    ] Safepoint "RevokeBias", Time since last: 193100 ns, Reaching safepoint: 82200 ns, At safepoint: 10900 ns, Total: 93100 ns
[2020-03-27T04:57:30.233+0000][1][safepoint    ] Safepoint "RevokeBias", Time since last: 212500 ns, Reaching safepoint: 156500 ns, At safepoint: 13300 ns, Total: 169800 ns
[2020-03-27T04:57:30.233+0000][1][safepoint    ] Safepoint "RevokeBias", Time since last: 163800 ns, Reaching safepoint: 77700 ns, At safepoint: 16200 ns, Total: 93900 ns
[2020-03-27T04:57:30.233+0000][1][safepoint    ] Safepoint "RevokeBias", Time since last: 167200 ns, Reaching safepoint: 148500 ns, At safepoint: 20700 ns, Total: 169200 ns
[2020-03-27T04:57:30.233+0000][1][safepoint    ] Safepoint "RevokeBias", Time since last: 184200 ns, Reaching safepoint: 88900 ns, At safepoint: 30300 ns, Total: 119200 ns
[2020-03-27T04:57:30.292+0000][1][safepoint    ] Safepoint "Deoptimize", Time since last: 58052196 ns, Reaching safepoint: 115100 ns, At safepoint: 366100 ns, Total: 481200 ns
[2020-03-27T04:57:30.304+0000][1][safepoint    ] Safepoint "RevokeBias", Time since last: 10559500 ns, Reaching safepoint: 996300 ns, At safepoint: 24300 ns, Total: 1020600 ns
[2020-03-27T04:57:30.324+0000][1][safepoint    ] Safepoint "RevokeBias", Time since last: 19058098 ns, Reaching safepoint: 930500 ns, At safepoint: 40300 ns, Total: 970800 ns
[2020-03-27T04:57:30.327+0000][1][safepoint    ] Safepoint "RevokeBias", Time since last: 3314400 ns, Reaching safepoint: 250500 ns, At safepoint: 43200 ns, Total: 293700 ns
[2020-03-27T04:57:30.331+0000][1][safepoint    ] Safepoint "RevokeBias", Time since last: 3723500 ns, Reaching safepoint: 72000 ns, At safepoint: 141000 ns, Total: 213000 ns
[2020-03-27T04:57:30.337+0000][1][safepoint    ] Safepoint "RevokeBias", Time since last: 5555300 ns, Reaching safepoint: 460900 ns, At safepoint: 23100 ns, Total: 484000 ns
[2020-03-27T04:57:30.341+0000][1][safepoint    ] Safepoint "RevokeBias", Time since last: 3085199 ns, Reaching safepoint: 219100 ns, At safepoint: 37800 ns, Total: 256900 ns
[2020-03-27T04:57:30.345+0000][1][safepoint    ] Safepoint "RevokeBias", Time since last: 3103700 ns, Reaching safepoint: 1613800 ns, At safepoint: 59400 ns, Total: 1673200 ns
[2020-03-27T04:57:30.348+0000][1][safepoint    ] Safepoint "RevokeBias", Time since last: 2971000 ns, Reaching safepoint: 115400 ns, At safepoint: 36900 ns, Total: 152300 ns
[2020-03-27T04:57:30.366+0000][1][safepoint    ] Safepoint "RevokeBias", Time since last: 16920599 ns, Reaching safepoint: 199000 ns, At safepoint: 23700 ns, Total: 222700 ns
[2020-03-27T04:57:30.380+0000][1][safepoint    ] Safepoint "RevokeBias", Time since last: 13958699 ns, Reaching safepoint: 87100 ns, At safepoint: 21100 ns, Total: 108200 ns
[2020-03-27T04:57:30.409+0000][1][safepoint    ] Safepoint "Deoptimize", Time since last: 29536898 ns, Reaching safepoint: 91700 ns, At safepoint: 238300 ns, Total: 330000 ns
[2020-03-27T04:57:30.484+0000][1][safepoint    ] Safepoint "RevokeBias", Time since last: 74472596 ns, Reaching safepoint: 24800 ns, At safepoint: 20500 ns, Total: 45300 ns
[2020-03-27T04:57:30.491+0000][1][safepoint    ] Safepoint "RevokeBias", Time since last: 6558200 ns, Reaching safepoint: 15900 ns, At safepoint: 28900 ns, Total: 44800 ns
[2020-03-27T04:57:30.509+0000][1][safepoint    ] Safepoint "RevokeBias", Time since last: 18369898 ns, Reaching safepoint: 25300 ns, At safepoint: 48700 ns, Total: 74000 ns
[2020-03-27T04:57:30.606+0000][1][safepoint    ] Safepoint "RevokeBias", Time since last: 96705295 ns, Reaching safepoint: 19100 ns, At safepoint: 17600 ns, Total: 36700 ns
[2020-03-27T04:57:30.625+0000][1][safepoint    ] Safepoint "RevokeBias", Time since last: 18724099 ns, Reaching safepoint: 20700 ns, At safepoint: 22100 ns, Total: 42800 ns
[2020-03-27T04:57:30.839+0000][1][gc,start     ] GC(3) Pause Young (Allocation Failure)
[2020-03-27T04:57:30.839+0000][1][gc,task      ] GC(3) Using 2 workers of 2 for evacuation
[2020-03-27T04:57:30.863+0000][1][gc,age       ] GC(3) Desired survivor size 8716288 bytes, new threshold 6 (max threshold 6)
[2020-03-27T04:57:30.864+0000][1][gc,age       ] GC(3) Age table with threshold 6 (max threshold 6)
[2020-03-27T04:57:30.864+0000][1][gc,age       ] GC(3) - age   1:    2405288 bytes,    2405288 total
[2020-03-27T04:57:30.864+0000][1][gc,age       ] GC(3) - age   2:    1672320 bytes,    4077608 total
[2020-03-27T04:57:30.865+0000][1][gc,age       ] GC(3) - age   3:    1582040 bytes,    5659648 total
[2020-03-27T04:57:30.865+0000][1][gc,heap      ] GC(3) ParNew: 141732K->8093K(153344K)
[2020-03-27T04:57:30.865+0000][1][gc,heap      ] GC(3) CMS: 9488K->9488K(353920K)
[2020-03-27T04:57:30.866+0000][1][gc,metaspace ] GC(3) Metaspace: 19444K->19444K(1067008K)
[2020-03-27T04:57:30.866+0000][1][gc           ] GC(3) Pause Young (Allocation Failure) 147M->17M(495M) 29.152ms
[2020-03-27T04:57:30.866+0000][1][gc,cpu       ] GC(3) User=0.01s Sys=0.00s Real=0.03s
[2020-03-27T04:57:30.866+0000][1][safepoint    ] Safepoint "GenCollectForAllocation", Time since last: 211962587 ns, Reaching safepoint: 119300 ns, At safepoint: 29562599 ns, Total: 29681899 ns
[2020-03-27T04:57:30.867+0000][1][safepoint    ] Safepoint "RevokeBias", Time since last: 340700 ns, Reaching safepoint: 96500 ns, At safepoint: 57800 ns, Total: 154300 ns
[2020-03-27T04:57:30.867+0000][1][safepoint    ] Safepoint "RevokeBias", Time since last: 204700 ns, Reaching safepoint: 47399 ns, At safepoint: 18800 ns, Total: 66199 ns
[2020-03-27T04:57:30.867+0000][1][safepoint    ] Safepoint "RevokeBias", Time since last: 211800 ns, Reaching safepoint: 82300 ns, At safepoint: 15200 ns, Total: 97500 ns
[2020-03-27T04:57:30.868+0000][1][safepoint    ] Safepoint "BulkRevokeBias", Time since last: 182300 ns, Reaching safepoint: 57600 ns, At safepoint: 34400 ns, Total: 92000 ns
[2020-03-27T04:57:30.868+0000][1][safepoint    ] Safepoint "BulkRevokeBias", Time since last: 176300 ns, Reaching safepoint: 106200 ns, At safepoint: 30900 ns, Total: 137100 ns
[2020-03-27T04:57:31.226+0000][1][gc,start     ] GC(4) Pause Young (Allocation Failure)
[2020-03-27T04:57:31.227+0000][1][gc,task      ] GC(4) Using 2 workers of 2 for evacuation
[2020-03-27T04:57:31.236+0000][1][gc,age       ] GC(4) Desired survivor size 8716288 bytes, new threshold 6 (max threshold 6)
[2020-03-27T04:57:31.236+0000][1][gc,age       ] GC(4) Age table with threshold 6 (max threshold 6)
[2020-03-27T04:57:31.237+0000][1][gc,age       ] GC(4) - age   1:    1646712 bytes,    1646712 total
[2020-03-27T04:57:31.237+0000][1][gc,age       ] GC(4) - age   2:    2384496 bytes,    4031208 total
[2020-03-27T04:57:31.237+0000][1][gc,age       ] GC(4) - age   3:    1671664 bytes,    5702872 total
[2020-03-27T04:57:31.238+0000][1][gc,age       ] GC(4) - age   4:    1581680 bytes,    7284552 total
[2020-03-27T04:57:31.238+0000][1][gc,heap      ] GC(4) ParNew: 144413K->7735K(153344K)
[2020-03-27T04:57:31.238+0000][1][gc,heap      ] GC(4) CMS: 9488K->9488K(353920K)
[2020-03-27T04:57:31.238+0000][1][gc,metaspace ] GC(4) Metaspace: 19712K->19712K(1067008K)
[2020-03-27T04:57:31.239+0000][1][gc           ] GC(4) Pause Young (Allocation Failure) 150M->16M(495M) 12.624ms
[2020-03-27T04:57:31.239+0000][1][gc,cpu       ] GC(4) User=0.01s Sys=0.00s Real=0.01s
[2020-03-27T04:57:31.240+0000][1][safepoint    ] Safepoint "GenCollectForAllocation", Time since last: 355401580 ns, Reaching safepoint: 2883199 ns, At safepoint: 13363300 ns, Total: 16246499 ns
[2020-03-27T04:57:31.346+0000][1][safepoint    ] Safepoint "CollectForMetadataAllocation", Time since last: 106251593 ns, Reaching safepoint: 32400 ns, At safepoint: 52300 ns, Total: 84700 ns
[2020-03-27T04:57:31.374+0000][1][safepoint    ] Safepoint "CollectForMetadataAllocation", Time since last: 27908399 ns, Reaching safepoint: 26000 ns, At safepoint: 77500 ns, Total: 103500 ns
[2020-03-27T04:57:31.524+0000][1][gc,start     ] GC(5) Pause Young (Allocation Failure)
[2020-03-27T04:57:31.524+0000][1][gc,task      ] GC(5) Using 2 workers of 2 for evacuation
[2020-03-27T04:57:31.534+0000][1][gc,age       ] GC(5) Desired survivor size 8716288 bytes, new threshold 6 (max threshold 6)
[2020-03-27T04:57:31.535+0000][1][gc,age       ] GC(5) Age table with threshold 6 (max threshold 6)
[2020-03-27T04:57:31.535+0000][1][gc,age       ] GC(5) - age   1:    1076272 bytes,    1076272 total
[2020-03-27T04:57:31.536+0000][1][gc,age       ] GC(5) - age   2:     272920 bytes,    1349192 total
[2020-03-27T04:57:31.536+0000][1][gc,age       ] GC(5) - age   3:    2384040 bytes,    3733232 total
[2020-03-27T04:57:31.537+0000][1][gc,age       ] GC(5) - age   4:    1671664 bytes,    5404896 total
[2020-03-27T04:57:31.537+0000][1][gc,age       ] GC(5) - age   5:    1581680 bytes,    6986576 total
[2020-03-27T04:57:31.539+0000][1][gc,heap      ] GC(5) ParNew: 144055K->9936K(153344K)
[2020-03-27T04:57:31.540+0000][1][gc,heap      ] GC(5) CMS: 9488K->9488K(353920K)
[2020-03-27T04:57:31.540+0000][1][gc,metaspace ] GC(5) Metaspace: 20652K->20652K(1069056K)
[2020-03-27T04:57:31.540+0000][1][gc           ] GC(5) Pause Young (Allocation Failure) 149M->18M(495M) 16.604ms
[2020-03-27T04:57:31.540+0000][1][gc,cpu       ] GC(5) User=0.01s Sys=0.00s Real=0.02s
[2020-03-27T04:57:31.541+0000][1][safepoint    ] Safepoint "GenCollectForAllocation", Time since last: 149688891 ns, Reaching safepoint: 20200 ns, At safepoint: 17103899 ns, Total: 17124099 ns
[2020-03-27T04:57:31.543+0000][1][gc,start     ] GC(6) Pause Initial Mark
[2020-03-27T04:57:31.544+0000][1][gc           ] GC(6) Pause Initial Mark 21M->21M(495M) 1.380ms
[2020-03-27T04:57:31.545+0000][1][gc,cpu       ] GC(6) User=0.01s Sys=0.00s Real=0.00s
[2020-03-27T04:57:31.545+0000][1][safepoint    ] Safepoint "CMS_Initial_Mark", Time since last: 1838800 ns, Reaching safepoint: 80900 ns, At safepoint: 2238300 ns, Total: 2319200 ns
[2020-03-27T04:57:31.546+0000][1][gc           ] GC(6) Concurrent Mark
[2020-03-27T04:57:31.562+0000][1][gc           ] GC(6) Concurrent Mark 15.667ms
[2020-03-27T04:57:31.564+0000][1][gc,cpu       ] GC(6) User=0.02s Sys=0.00s Real=0.01s
[2020-03-27T04:57:31.564+0000][1][gc           ] GC(6) Concurrent Preclean
[2020-03-27T04:57:31.566+0000][1][gc           ] GC(6) Concurrent Preclean 1.943ms
[2020-03-27T04:57:31.568+0000][1][gc,cpu       ] GC(6) User=0.00s Sys=0.00s Real=0.01s
[2020-03-27T04:57:31.571+0000][1][gc           ] GC(6) Concurrent Abortable Preclean
[2020-03-27T04:57:31.760+0000][1][safepoint    ] Safepoint "CollectForMetadataAllocation", Time since last: 215275587 ns, Reaching safepoint: 101700 ns, At safepoint: 74100 ns, Total: 175800 ns
[2020-03-27T04:57:31.770+0000][1][gc,start     ] GC(7) Pause Young (Allocation Failure)
[2020-03-27T04:57:31.771+0000][1][gc,task      ] GC(7) Using 2 workers of 2 for evacuation
[2020-03-27T04:57:31.776+0000][1][gc,age       ] GC(7) Desired survivor size 8716288 bytes, new threshold 6 (max threshold 6)
[2020-03-27T04:57:31.786+0000][1][gc,age       ] GC(7) Age table with threshold 6 (max threshold 6)
[2020-03-27T04:57:31.786+0000][1][gc,age       ] GC(7) - age   1:    1407808 bytes,    1407808 total
[2020-03-27T04:57:31.787+0000][1][gc,age       ] GC(7) - age   2:    1024088 bytes,    2431896 total
[2020-03-27T04:57:31.787+0000][1][gc,age       ] GC(7) - age   3:     272920 bytes,    2704816 total
[2020-03-27T04:57:31.788+0000][1][gc,age       ] GC(7) - age   4:    2383680 bytes,    5088496 total
[2020-03-27T04:57:31.788+0000][1][gc,age       ] GC(7) - age   5:    1671664 bytes,    6760160 total
[2020-03-27T04:57:31.788+0000][1][gc,age       ] GC(7) - age   6:    1581680 bytes,    8341840 total
[2020-03-27T04:57:31.788+0000][1][gc,heap      ] GC(7) ParNew: 146256K->10586K(153344K)
[2020-03-27T04:57:31.789+0000][1][gc,heap      ] GC(7) CMS: 9488K->9488K(353920K)
[2020-03-27T04:57:31.789+0000][1][gc,metaspace ] GC(7) Metaspace: 20836K->20836K(1069056K)
[2020-03-27T04:57:31.789+0000][1][gc           ] GC(7) Pause Young (Allocation Failure) 152M->19M(495M) 18.943ms
[2020-03-27T04:57:31.789+0000][1][gc,cpu       ] GC(7) User=0.01s Sys=0.00s Real=0.02s
[2020-03-27T04:57:31.789+0000][1][safepoint    ] Safepoint "GenCollectForAllocation", Time since last: 9734200 ns, Reaching safepoint: 25500 ns, At safepoint: 19322798 ns, Total: 19348298 ns
[2020-03-27T04:57:32.050+0000][1][gc,start     ] GC(8) Pause Young (Allocation Failure)
[2020-03-27T04:57:32.050+0000][1][gc,task      ] GC(8) Using 2 workers of 2 for evacuation
[2020-03-27T04:57:32.064+0000][1][gc,age       ] GC(8) Desired survivor size 8716288 bytes, new threshold 6 (max threshold 6)
[2020-03-27T04:57:32.065+0000][1][gc,age       ] GC(8) Age table with threshold 6 (max threshold 6)
[2020-03-27T04:57:32.065+0000][1][gc,age       ] GC(8) - age   1:     288160 bytes,     288160 total
[2020-03-27T04:57:32.065+0000][1][gc,age       ] GC(8) - age   2:     405456 bytes,     693616 total
[2020-03-27T04:57:32.066+0000][1][gc,age       ] GC(8) - age   3:    1023936 bytes,    1717552 total
[2020-03-27T04:57:32.066+0000][1][gc,age       ] GC(8) - age   4:     272920 bytes,    1990472 total
[2020-03-27T04:57:32.066+0000][1][gc,age       ] GC(8) - age   5:    2383680 bytes,    4374152 total
[2020-03-27T04:57:32.067+0000][1][gc,age       ] GC(8) - age   6:    1671664 bytes,    6045816 total
[2020-03-27T04:57:32.067+0000][1][gc,heap      ] GC(8) ParNew: 146906K->11224K(153344K)
[2020-03-27T04:57:32.067+0000][1][gc,heap      ] GC(8) CMS: 9488K->11048K(353920K)
[2020-03-27T04:57:32.068+0000][1][gc,metaspace ] GC(8) Metaspace: 20946K->20946K(1069056K)
[2020-03-27T04:57:32.068+0000][1][gc           ] GC(8) Pause Young (Allocation Failure) 152M->21M(495M) 18.263ms
[2020-03-27T04:57:32.068+0000][1][gc,cpu       ] GC(8) User=0.02s Sys=0.00s Real=0.02s
[2020-03-27T04:57:32.068+0000][1][safepoint    ] Safepoint "GenCollectForAllocation", Time since last: 260148285 ns, Reaching safepoint: 28600 ns, At safepoint: 18830099 ns, Total: 18858699 ns
[2020-03-27T04:57:32.068+0000][1][gc           ] GC(6) Concurrent Abortable Preclean 497.668ms
[2020-03-27T04:57:32.069+0000][1][gc,cpu       ] GC(6) User=0.46s Sys=0.02s Real=0.50s
[2020-03-27T04:57:32.071+0000][1][gc,start     ] GC(6) Pause Remark
[2020-03-27T04:57:32.079+0000][1][gc           ] GC(6) Pause Remark 24M->24M(495M) 7.985ms
[2020-03-27T04:57:32.079+0000][1][gc,cpu       ] GC(6) User=0.01s Sys=0.00s Real=0.01s
[2020-03-27T04:57:32.080+0000][1][safepoint    ] Safepoint "CMS_Final_Remark", Time since last: 2138100 ns, Reaching safepoint: 86000 ns, At safepoint: 8942099 ns, Total: 9028099 ns
[2020-03-27T04:57:32.080+0000][1][gc           ] GC(6) Concurrent Sweep
[2020-03-27T04:57:32.083+0000][1][gc           ] GC(6) Concurrent Sweep 2.684ms
[2020-03-27T04:57:32.084+0000][1][gc,cpu       ] GC(6) User=0.00s Sys=0.00s Real=0.00s
[2020-03-27T04:57:32.084+0000][1][gc           ] GC(6) Concurrent Reset
[2020-03-27T04:57:32.085+0000][1][gc           ] GC(6) Concurrent Reset 0.942ms
[2020-03-27T04:57:32.087+0000][1][gc,cpu       ] GC(6) User=0.01s Sys=0.00s Real=0.01s
[2020-03-27T04:57:32.087+0000][1][gc,heap      ] GC(6) Old: 9488K->11045K(353920K)
[2020-03-27T04:57:32.134+0000][1][safepoint    ] Safepoint "Deoptimize", Time since last: 53555297 ns, Reaching safepoint: 939200 ns, At safepoint: 186500 ns, Total: 1125700 ns
[2020-03-27T04:57:32.940+0000][1][safepoint    ] Safepoint "Deoptimize", Time since last: 805016653 ns, Reaching safepoint: 163800 ns, At safepoint: 211000 ns, Total: 374800 ns
[2020-03-27T04:57:32.954+0000][1][safepoint    ] Safepoint "Deoptimize", Time since last: 10873599 ns, Reaching safepoint: 3610200 ns, At safepoint: 194900 ns, Total: 3805100 ns
[2020-03-27T04:57:33.942+0000][1][gc,start     ] GC(9) Pause Young (Allocation Failure)
[2020-03-27T04:57:33.943+0000][1][gc,task      ] GC(9) Using 2 workers of 2 for evacuation
[2020-03-27T04:57:33.995+0000][1][gc,age       ] GC(9) Desired survivor size 8716288 bytes, new threshold 1 (max threshold 6)
[2020-03-27T04:57:33.996+0000][1][gc,age       ] GC(9) Age table with threshold 1 (max threshold 6)
[2020-03-27T04:57:33.996+0000][1][gc,age       ] GC(9) - age   1:   11819112 bytes,   11819112 total
[2020-03-27T04:57:33.996+0000][1][gc,age       ] GC(9) - age   2:     266736 bytes,   12085848 total
[2020-03-27T04:57:33.997+0000][1][gc,age       ] GC(9) - age   3:     402864 bytes,   12488712 total
[2020-03-27T04:57:33.997+0000][1][gc,age       ] GC(9) - age   4:    1020832 bytes,   13509544 total
[2020-03-27T04:57:33.997+0000][1][gc,age       ] GC(9) - age   5:     272368 bytes,   13781912 total
[2020-03-27T04:57:33.997+0000][1][gc,age       ] GC(9) - age   6:    2377728 bytes,   16159640 total
[2020-03-27T04:57:33.998+0000][1][gc,heap      ] GC(9) ParNew: 147544K->17024K(153344K)
[2020-03-27T04:57:33.998+0000][1][gc,heap      ] GC(9) CMS: 11045K->12923K(353920K)
[2020-03-27T04:57:33.998+0000][1][gc,metaspace ] GC(9) Metaspace: 27884K->27884K(1075200K)
[2020-03-27T04:57:33.999+0000][1][gc           ] GC(9) Pause Young (Allocation Failure) 154M->29M(495M) 56.351ms
[2020-03-27T04:57:33.999+0000][1][gc,cpu       ] GC(9) User=0.04s Sys=0.00s Real=0.06s
[2020-03-27T04:57:34.000+0000][1][safepoint    ] Safepoint "GenCollectForAllocation", Time since last: 988004042 ns, Reaching safepoint: 177000 ns, At safepoint: 57101497 ns, Total: 57278497 ns
[2020-03-27T04:57:34.194+0000][1][safepoint    ] Safepoint "RevokeBias", Time since last: 193935288 ns, Reaching safepoint: 20700 ns, At safepoint: 20700 ns, Total: 41400 ns
[2020-03-27T04:57:35.197+0000][1][safepoint    ] Safepoint "Cleanup", Time since last: 1002958742 ns, Reaching safepoint: 50700 ns, At safepoint: 6700 ns, Total: 57400 ns
[2020-03-27T04:57:35.327+0000][1][safepoint    ] Safepoint "RevokeBias", Time since last: 130806692 ns, Reaching safepoint: 31700 ns, At safepoint: 37400 ns, Total: 69100 ns
[2020-03-27T04:57:35.602+0000][1][gc,start     ] GC(10) Pause Young (Allocation Failure)
[2020-03-27T04:57:35.602+0000][1][gc,task      ] GC(10) Using 2 workers of 2 for evacuation
[2020-03-27T04:57:35.686+0000][1][gc,age       ] GC(10) Desired survivor size 8716288 bytes, new threshold 1 (max threshold 6)
[2020-03-27T04:57:35.687+0000][1][gc,age       ] GC(10) Age table with threshold 1 (max threshold 6)
[2020-03-27T04:57:35.687+0000][1][gc,age       ] GC(10) - age   1:   16435744 bytes,   16435744 total
[2020-03-27T04:57:35.687+0000][1][gc,heap      ] GC(10) ParNew: 153344K->17024K(153344K)
[2020-03-27T04:57:35.688+0000][1][gc,heap      ] GC(10) CMS: 12923K->29573K(353920K)
[2020-03-27T04:57:35.688+0000][1][gc,metaspace ] GC(10) Metaspace: 29521K->29521K(1077248K)
[2020-03-27T04:57:35.688+0000][1][gc           ] GC(10) Pause Young (Allocation Failure) 162M->45M(495M) 86.730ms
[2020-03-27T04:57:35.689+0000][1][gc,cpu       ] GC(10) User=0.09s Sys=0.00s Real=0.09s
[2020-03-27T04:57:35.689+0000][1][safepoint    ] Safepoint "GenCollectForAllocation", Time since last: 273969384 ns, Reaching safepoint: 141800 ns, At safepoint: 87194695 ns, Total: 87336495 ns
[2020-03-27T04:57:35.691+0000][1][safepoint    ] Safepoint "RevokeBias", Time since last: 1382800 ns, Reaching safepoint: 797000 ns, At safepoint: 25800 ns, Total: 822800 ns
[2020-03-27T04:57:35.858+0000][1][safepoint    ] Safepoint "RevokeBias", Time since last: 167251590 ns, Reaching safepoint: 95700 ns, At safepoint: 26300 ns, Total: 122000 ns
[2020-03-27T04:57:35.893+0000][1][safepoint    ] Safepoint "RevokeBias", Time since last: 34205698 ns, Reaching safepoint: 51700 ns, At safepoint: 32400 ns, Total: 84100 ns
[2020-03-27T04:57:35.935+0000][1][safepoint    ] Safepoint "RevokeBias", Time since last: 42126397 ns, Reaching safepoint: 37300 ns, At safepoint: 56300 ns, Total: 93600 ns
[2020-03-27T04:57:35.939+0000][1][safepoint    ] Safepoint "RevokeBias", Time since last: 3673900 ns, Reaching safepoint: 248700 ns, At safepoint: 34700 ns, Total: 283400 ns
[2020-03-27T04:57:35.954+0000][1][safepoint    ] Safepoint "RevokeBias", Time since last: 15058499 ns, Reaching safepoint: 99500 ns, At safepoint: 37900 ns, Total: 137400 ns
[2020-03-27T04:57:35.969+0000][1][safepoint    ] Safepoint "RevokeBias", Time since last: 14758399 ns, Reaching safepoint: 24400 ns, At safepoint: 64800 ns, Total: 89200 ns
[2020-03-27T04:57:35.972+0000][1][safepoint    ] Safepoint "RevokeBias", Time since last: 3059300 ns, Reaching safepoint: 15100 ns, At safepoint: 15600 ns, Total: 30700 ns
[2020-03-27T04:57:35.978+0000][1][safepoint    ] Safepoint "RevokeBias", Time since last: 5575700 ns, Reaching safepoint: 15000 ns, At safepoint: 22400 ns, Total: 37400 ns
[2020-03-27T04:57:35.982+0000][1][safepoint    ] Safepoint "RevokeBias", Time since last: 4479600 ns, Reaching safepoint: 86900 ns, At safepoint: 48100 ns, Total: 135000 ns
[2020-03-27T04:57:35.986+0000][1][safepoint    ] Safepoint "RevokeBias", Time since last: 3582799 ns, Reaching safepoint: 46300 ns, At safepoint: 20800 ns, Total: 67100 ns
[2020-03-27T04:57:36.464+0000][1][gc,start     ] GC(11) Pause Young (Allocation Failure)
[2020-03-27T04:57:36.465+0000][1][gc,task      ] GC(11) Using 2 workers of 2 for evacuation
[2020-03-27T04:57:36.520+0000][1][gc,age       ] GC(11) Desired survivor size 8716288 bytes, new threshold 6 (max threshold 6)
[2020-03-27T04:57:36.521+0000][1][gc,age       ] GC(11) Age table with threshold 6 (max threshold 6)
[2020-03-27T04:57:36.521+0000][1][gc,age       ] GC(11) - age   1:    1948656 bytes,    1948656 total
[2020-03-27T04:57:36.521+0000][1][gc,heap      ] GC(11) ParNew: 153344K->15252K(153344K)
[2020-03-27T04:57:36.522+0000][1][gc,heap      ] GC(11) CMS: 29573K->46479K(353920K)
[2020-03-27T04:57:36.522+0000][1][gc,metaspace ] GC(11) Metaspace: 33642K->33642K(1081344K)
[2020-03-27T04:57:36.522+0000][1][gc           ] GC(11) Pause Young (Allocation Failure) 178M->60M(495M) 58.138ms
[2020-03-27T04:57:36.522+0000][1][gc,cpu       ] GC(11) User=0.05s Sys=0.00s Real=0.06s
[2020-03-27T04:57:36.523+0000][1][safepoint    ] Safepoint "GenCollectForAllocation", Time since last: 478108472 ns, Reaching safepoint: 131200 ns, At safepoint: 58641597 ns, Total: 58772797 ns
[2020-03-27T04:57:36.748+0000][1][safepoint    ] Safepoint "CollectForMetadataAllocation", Time since last: 224811397 ns, Reaching safepoint: 45400 ns, At safepoint: 47600 ns, Total: 93000 ns
[2020-03-27T04:57:36.802+0000][1][safepoint    ] Safepoint "CollectForMetadataAllocation", Time since last: 54190805 ns, Reaching safepoint: 87900 ns, At safepoint: 52200 ns, Total: 140100 ns
[2020-03-27T04:57:36.871+0000][1][safepoint    ] Safepoint "CollectForMetadataAllocation", Time since last: 65292505 ns, Reaching safepoint: 3723200 ns, At safepoint: 83500 ns, Total: 3806700 ns
[2020-03-27T04:57:36.905+0000][1][safepoint    ] Safepoint "CollectForMetadataAllocation", Time since last: 27003203 ns, Reaching safepoint: 6508000 ns, At safepoint: 71600 ns, Total: 6579600 ns
[2020-03-27T04:57:36.929+0000][1][safepoint    ] Safepoint "CollectForMetadataAllocation", Time since last: 24407102 ns, Reaching safepoint: 86500 ns, At safepoint: 81500 ns, Total: 168000 ns
[2020-03-27T04:57:36.960+0000][1][safepoint    ] Safepoint "CollectForMetadataAllocation", Time since last: 30319503 ns, Reaching safepoint: 87300 ns, At safepoint: 89300 ns, Total: 176600 ns
[2020-03-27T04:57:37.027+0000][1][safepoint    ] Safepoint "CollectForMetadataAllocation", Time since last: 66814005 ns, Reaching safepoint: 253400 ns, At safepoint: 70200 ns, Total: 323600 ns
[2020-03-27T04:57:37.057+0000][1][safepoint    ] Safepoint "CollectForMetadataAllocation", Time since last: 30029603 ns, Reaching safepoint: 86800 ns, At safepoint: 73800 ns, Total: 160600 ns
[2020-03-27T04:57:37.090+0000][1][safepoint    ] Safepoint "CollectForMetadataAllocation", Time since last: 30763102 ns, Reaching safepoint: 2132400 ns, At safepoint: 67700 ns, Total: 2200100 ns
[2020-03-27T04:57:37.117+0000][1][safepoint    ] Safepoint "CollectForMetadataAllocation", Time since last: 25761203 ns, Reaching safepoint: 1326100 ns, At safepoint: 82200 ns, Total: 1408300 ns
[2020-03-27T04:57:37.120+0000][1][safepoint    ] Safepoint "Deoptimize", Time since last: 2064800 ns, Reaching safepoint: 86800 ns, At safepoint: 267400 ns, Total: 354200 ns
[2020-03-27T04:57:37.126+0000][1][safepoint    ] Safepoint "Deoptimize", Time since last: 5862200 ns, Reaching safepoint: 101600 ns, At safepoint: 224400 ns, Total: 326000 ns
[2020-03-27T04:57:37.132+0000][1][safepoint    ] Safepoint "CollectForMetadataAllocation", Time since last: 6593601 ns, Reaching safepoint: 54000 ns, At safepoint: 96900 ns, Total: 150900 ns
[2020-03-27T04:57:37.157+0000][1][safepoint    ] Safepoint "CollectForMetadataAllocation", Time since last: 23940002 ns, Reaching safepoint: 389800 ns, At safepoint: 73500 ns, Total: 463300 ns
[2020-03-27T04:57:37.185+0000][1][safepoint    ] Safepoint "RevokeBias", Time since last: 28425702 ns, Reaching safepoint: 97400 ns, At safepoint: 37600 ns, Total: 135000 ns
[2020-03-27T04:57:37.188+0000][1][safepoint    ] Safepoint "CollectForMetadataAllocation", Time since last: 2310000 ns, Reaching safepoint: 71000 ns, At safepoint: 77700 ns, Total: 148700 ns
[2020-03-27T04:57:37.190+0000][1][safepoint    ] Safepoint "Deoptimize", Time since last: 1327501 ns, Reaching safepoint: 75000 ns, At safepoint: 276200 ns, Total: 351200 ns
[2020-03-27T04:57:37.261+0000][1][safepoint    ] Safepoint "CollectForMetadataAllocation", Time since last: 71125805 ns, Reaching safepoint: 95700 ns, At safepoint: 72700 ns, Total: 168400 ns
[2020-03-27T04:57:37.287+0000][1][safepoint    ] Safepoint "CollectForMetadataAllocation", Time since last: 26077003 ns, Reaching safepoint: 364900 ns, At safepoint: 67700 ns, Total: 432600 ns
[2020-03-27T04:57:37.388+0000][1][safepoint    ] Safepoint "CollectForMetadataAllocation", Time since last: 100472908 ns, Reaching safepoint: 88700 ns, At safepoint: 70000 ns, Total: 158700 ns
[2020-03-27T04:57:37.431+0000][1][safepoint    ] Safepoint "CollectForMetadataAllocation", Time since last: 43314303 ns, Reaching safepoint: 53000 ns, At safepoint: 92400 ns, Total: 145400 ns
[2020-03-27T04:57:37.465+0000][1][safepoint    ] Safepoint "CollectForMetadataAllocation", Time since last: 33174703 ns, Reaching safepoint: 89400 ns, At safepoint: 83700 ns, Total: 173100 ns
[2020-03-27T04:57:37.504+0000][1][safepoint    ] Safepoint "CollectForMetadataAllocation", Time since last: 39099003 ns, Reaching safepoint: 81500 ns, At safepoint: 89700 ns, Total: 171200 ns
[2020-03-27T04:57:37.531+0000][1][safepoint    ] Safepoint "CollectForMetadataAllocation", Time since last: 25379402 ns, Reaching safepoint: 1845801 ns, At safepoint: 86400 ns, Total: 1932201 ns
[2020-03-27T04:57:37.602+0000][1][safepoint    ] Safepoint "CollectForMetadataAllocation", Time since last: 70606505 ns, Reaching safepoint: 94300 ns, At safepoint: 130900 ns, Total: 225200 ns
[2020-03-27T04:57:37.629+0000][1][safepoint    ] Safepoint "CollectForMetadataAllocation", Time since last: 26333803 ns, Reaching safepoint: 111800 ns, At safepoint: 243400 ns, Total: 355200 ns
[2020-03-27T04:57:37.678+0000][1][safepoint    ] Safepoint "CollectForMetadataAllocation", Time since last: 43778503 ns, Reaching safepoint: 5521101 ns, At safepoint: 52900 ns, Total: 5574001 ns
[2020-03-27T04:57:37.746+0000][1][safepoint    ] Safepoint "CollectForMetadataAllocation", Time since last: 68111205 ns, Reaching safepoint: 18500 ns, At safepoint: 70800 ns, Total: 89300 ns
[2020-03-27T04:57:37.778+0000][1][safepoint    ] Safepoint "CollectForMetadataAllocation", Time since last: 31675003 ns, Reaching safepoint: 17600 ns, At safepoint: 116800 ns, Total: 134400 ns
[2020-03-27T04:57:37.842+0000][1][safepoint    ] Safepoint "CollectForMetadataAllocation", Time since last: 63971105 ns, Reaching safepoint: 22400 ns, At safepoint: 57200 ns, Total: 79600 ns
[2020-03-27T04:57:37.892+0000][1][safepoint    ] Safepoint "CollectForMetadataAllocation", Time since last: 50012004 ns, Reaching safepoint: 32800 ns, At safepoint: 69400 ns, Total: 102200 ns
[2020-03-27T04:57:37.979+0000][1][safepoint    ] Safepoint "CollectForMetadataAllocation", Time since last: 85442307 ns, Reaching safepoint: 549500 ns, At safepoint: 77200 ns, Total: 626700 ns
[2020-03-27T04:57:38.071+0000][1][safepoint    ] Safepoint "CollectForMetadataAllocation", Time since last: 91431208 ns, Reaching safepoint: 576900 ns, At safepoint: 74100 ns, Total: 651000 ns
[2020-03-27T04:57:38.129+0000][1][safepoint    ] Safepoint "CollectForMetadataAllocation", Time since last: 58652305 ns, Reaching safepoint: 101700 ns, At safepoint: 121200 ns, Total: 222900 ns
[2020-03-27T04:57:38.226+0000][1][safepoint    ] Safepoint "CollectForMetadataAllocation", Time since last: 96037908 ns, Reaching safepoint: 86800 ns, At safepoint: 82600 ns, Total: 169400 ns
[2020-03-27T04:57:38.248+0000][1][safepoint    ] Safepoint "CollectForMetadataAllocation", Time since last: 22174401 ns, Reaching safepoint: 71200 ns, At safepoint: 70900 ns, Total: 142100 ns
[2020-03-27T04:57:38.307+0000][1][safepoint    ] Safepoint "CollectForMetadataAllocation", Time since last: 59094505 ns, Reaching safepoint: 22400 ns, At safepoint: 70300 ns, Total: 92700 ns
[2020-03-27T04:57:38.330+0000][1][safepoint    ] Safepoint "RevokeBias", Time since last: 23002502 ns, Reaching safepoint: 90100 ns, At safepoint: 24500 ns, Total: 114600 ns
[2020-03-27T04:57:38.331+0000][1][safepoint    ] Safepoint "RevokeBias", Time since last: 677200 ns, Reaching safepoint: 79100 ns, At safepoint: 9400 ns, Total: 88500 ns
[2020-03-27T04:57:38.373+0000][1][safepoint    ] Safepoint "CollectForMetadataAllocation", Time since last: 41589004 ns, Reaching safepoint: 97900 ns, At safepoint: 96200 ns, Total: 194100 ns
[2020-03-27T04:57:38.436+0000][1][safepoint    ] Safepoint "CollectForMetadataAllocation", Time since last: 62643105 ns, Reaching safepoint: 24100 ns, At safepoint: 66700 ns, Total: 90800 ns
[2020-03-27T04:57:38.496+0000][1][safepoint    ] Safepoint "CollectForMetadataAllocation", Time since last: 59829205 ns, Reaching safepoint: 27000 ns, At safepoint: 78300 ns, Total: 105300 ns
[2020-03-27T04:57:38.519+0000][1][safepoint    ] Safepoint "CollectForMetadataAllocation", Time since last: 23680302 ns, Reaching safepoint: 23600 ns, At safepoint: 107200 ns, Total: 130800 ns
[2020-03-27T04:57:38.524+0000][1][gc,start     ] GC(12) Pause Initial Mark
[2020-03-27T04:57:38.543+0000][1][gc           ] GC(12) Pause Initial Mark 141M->141M(495M) 19.095ms
[2020-03-27T04:57:38.543+0000][1][gc,cpu       ] GC(12) User=0.02s Sys=0.00s Real=0.02s
[2020-03-27T04:57:38.544+0000][1][safepoint    ] Safepoint "CMS_Initial_Mark", Time since last: 4019800 ns, Reaching safepoint: 393400 ns, At safepoint: 20056902 ns, Total: 20450302 ns
[2020-03-27T04:57:38.544+0000][1][gc           ] GC(12) Concurrent Mark
[2020-03-27T04:57:38.566+0000][1][safepoint    ] Safepoint "CollectForMetadataAllocation", Time since last: 21837601 ns, Reaching safepoint: 57600 ns, At safepoint: 70300 ns, Total: 127900 ns
[2020-03-27T04:57:38.583+0000][1][safepoint    ] Safepoint "Deoptimize", Time since last: 16942902 ns, Reaching safepoint: 32700 ns, At safepoint: 315400 ns, Total: 348100 ns
[2020-03-27T04:57:38.592+0000][1][gc           ] GC(12) Concurrent Mark 48.233ms
[2020-03-27T04:57:38.594+0000][1][gc,cpu       ] GC(12) User=0.04s Sys=0.00s Real=0.05s
[2020-03-27T04:57:38.599+0000][1][gc           ] GC(12) Concurrent Preclean
[2020-03-27T04:57:38.602+0000][1][gc           ] GC(12) Concurrent Preclean 3.312ms
[2020-03-27T04:57:38.602+0000][1][gc,cpu       ] GC(12) User=0.00s Sys=0.00s Real=0.00s
[2020-03-27T04:57:38.603+0000][1][gc           ] GC(12) Concurrent Abortable Preclean
[2020-03-27T04:57:38.618+0000][1][safepoint    ] Safepoint "CollectForMetadataAllocation", Time since last: 32276103 ns, Reaching safepoint: 3040700 ns, At safepoint: 72000 ns, Total: 3112700 ns
[2020-03-27T04:57:38.650+0000][1][safepoint    ] Safepoint "CollectForMetadataAllocation", Time since last: 31609002 ns, Reaching safepoint: 150900 ns, At safepoint: 99200 ns, Total: 250100 ns
[2020-03-27T04:57:39.048+0000][1][safepoint    ] Safepoint "CollectForMetadataAllocation", Time since last: 396965833 ns, Reaching safepoint: 142000 ns, At safepoint: 101800 ns, Total: 243800 ns
[2020-03-27T04:57:39.234+0000][1][safepoint    ] Safepoint "CollectForMetadataAllocation", Time since last: 186805315 ns, Reaching safepoint: 28100 ns, At safepoint: 74400 ns, Total: 102500 ns
[2020-03-27T04:57:39.333+0000][1][safepoint    ] Safepoint "Deoptimize", Time since last: 98111608 ns, Reaching safepoint: 139600 ns, At safepoint: 263200 ns, Total: 402800 ns
[2020-03-27T04:57:39.469+0000][1][safepoint    ] Safepoint "CollectForMetadataAllocation", Time since last: 135450911 ns, Reaching safepoint: 109700 ns, At safepoint: 68500 ns, Total: 178200 ns
[2020-03-27T04:57:39.524+0000][1][safepoint    ] Safepoint "CollectForMetadataAllocation", Time since last: 53336305 ns, Reaching safepoint: 1599500 ns, At safepoint: 74300 ns, Total: 1673800 ns
[2020-03-27T04:57:39.571+0000][1][safepoint    ] Safepoint "CollectForMetadataAllocation", Time since last: 46566904 ns, Reaching safepoint: 684100 ns, At safepoint: 71300 ns, Total: 755400 ns
[2020-03-27T04:57:39.633+0000][1][safepoint    ] Safepoint "CollectForMetadataAllocation", Time since last: 61681405 ns, Reaching safepoint: 92600 ns, At safepoint: 73700 ns, Total: 166300 ns
[2020-03-27T04:57:39.756+0000][1][safepoint    ] Safepoint "CollectForMetadataAllocation", Time since last: 123622110 ns, Reaching safepoint: 33500 ns, At safepoint: 68200 ns, Total: 101700 ns
[2020-03-27T04:57:39.841+0000][1][safepoint    ] Safepoint "RevokeBias", Time since last: 84304207 ns, Reaching safepoint: 30200 ns, At safepoint: 20300 ns, Total: 50500 ns
[2020-03-27T04:57:39.843+0000][1][safepoint    ] Safepoint "CollectForMetadataAllocation", Time since last: 2293600 ns, Reaching safepoint: 20400 ns, At safepoint: 88800 ns, Total: 109200 ns
[2020-03-27T04:57:39.845+0000][1][safepoint    ] Safepoint "RevokeBias", Time since last: 1133800 ns, Reaching safepoint: 596700 ns, At safepoint: 17600 ns, Total: 614300 ns
[2020-03-27T04:57:39.868+0000][1][safepoint    ] Safepoint "CollectForMetadataAllocation", Time since last: 22517302 ns, Reaching safepoint: 38800 ns, At safepoint: 69300 ns, Total: 108100 ns
[2020-03-27T04:57:39.901+0000][1][gc,start     ] GC(13) Pause Young (Allocation Failure)
[2020-03-27T04:57:39.904+0000][1][gc,task      ] GC(13) Using 2 workers of 2 for evacuation
[2020-03-27T04:57:39.927+0000][1][gc,age       ] GC(13) Desired survivor size 8716288 bytes, new threshold 2 (max threshold 6)
[2020-03-27T04:57:39.928+0000][1][gc,age       ] GC(13) Age table with threshold 2 (max threshold 6)
[2020-03-27T04:57:39.928+0000][1][gc,age       ] GC(13) - age   1:    7699520 bytes,    7699520 total
[2020-03-27T04:57:39.929+0000][1][gc,age       ] GC(13) - age   2:    1853344 bytes,    9552864 total
[2020-03-27T04:57:39.929+0000][1][gc,heap      ] GC(13) ParNew: 151572K->12516K(153344K)
[2020-03-27T04:57:39.929+0000][1][gc,heap      ] GC(13) CMS: 46479K->46479K(353920K)
[2020-03-27T04:57:39.930+0000][1][gc,metaspace ] GC(13) Metaspace: 48902K->48902K(1095680K)
[2020-03-27T04:57:39.931+0000][1][gc           ] GC(13) Pause Young (Allocation Failure) 193M->57M(495M) 30.174ms
[2020-03-27T04:57:39.932+0000][1][gc,cpu       ] GC(13) User=0.02s Sys=0.00s Real=0.03s
[2020-03-27T04:57:39.932+0000][1][safepoint    ] Safepoint "GenCollectForAllocation", Time since last: 28163703 ns, Reaching safepoint: 3407600 ns, At safepoint: 33298003 ns, Total: 36705603 ns
[2020-03-27T04:57:39.943+0000][1][safepoint    ] Safepoint "RevokeBias", Time since last: 10189600 ns, Reaching safepoint: 30500 ns, At safepoint: 27800 ns, Total: 58300 ns
[2020-03-27T04:57:39.945+0000][1][safepoint    ] Safepoint "RevokeBias", Time since last: 513800 ns, Reaching safepoint: 1965101 ns, At safepoint: 32100 ns, Total: 1997201 ns
[2020-03-27T04:57:39.950+0000][1][safepoint    ] Safepoint "RevokeBias", Time since last: 4525200 ns, Reaching safepoint: 97600 ns, At safepoint: 36200 ns, Total: 133800 ns
[2020-03-27T04:57:39.951+0000][1][safepoint    ] Safepoint "RevokeBias", Time since last: 466300 ns, Reaching safepoint: 140900 ns, At safepoint: 20700 ns, Total: 161600 ns
[2020-03-27T04:57:39.951+0000][1][safepoint    ] Safepoint "RevokeBias", Time since last: 335300 ns, Reaching safepoint: 18700 ns, At safepoint: 16700 ns, Total: 35400 ns
[2020-03-27T04:57:39.951+0000][1][safepoint    ] Safepoint "RevokeBias", Time since last: 376500 ns, Reaching safepoint: 108300 ns, At safepoint: 61600 ns, Total: 169900 ns
[2020-03-27T04:57:39.952+0000][1][safepoint    ] Safepoint "RevokeBias", Time since last: 433800 ns, Reaching safepoint: 25200 ns, At safepoint: 17600 ns, Total: 42800 ns
[2020-03-27T04:57:39.953+0000][1][safepoint    ] Safepoint "RevokeBias", Time since last: 374100 ns, Reaching safepoint: 282100 ns, At safepoint: 13000 ns, Total: 295100 ns
[2020-03-27T04:57:39.953+0000][1][safepoint    ] Safepoint "RevokeBias", Time since last: 254900 ns, Reaching safepoint: 90200 ns, At safepoint: 12300 ns, Total: 102500 ns
[2020-03-27T04:57:39.954+0000][1][safepoint    ] Safepoint "RevokeBias", Time since last: 201600 ns, Reaching safepoint: 388100 ns, At safepoint: 152700 ns, Total: 540800 ns
[2020-03-27T04:57:39.954+0000][1][safepoint    ] Safepoint "RevokeBias", Time since last: 188700 ns, Reaching safepoint: 474700 ns, At safepoint: 17400 ns, Total: 492100 ns
[2020-03-27T04:57:39.958+0000][1][safepoint    ] Safepoint "RevokeBias", Time since last: 274800 ns, Reaching safepoint: 2980001 ns, At safepoint: 20100 ns, Total: 3000101 ns
[2020-03-27T04:57:39.958+0000][1][safepoint    ] Safepoint "RevokeBias", Time since last: 308400 ns, Reaching safepoint: 147800 ns, At safepoint: 15500 ns, Total: 163300 ns
[2020-03-27T04:57:39.959+0000][1][safepoint    ] Safepoint "BulkRevokeBias", Time since last: 234400 ns, Reaching safepoint: 174100 ns, At safepoint: 51300 ns, Total: 225400 ns
[2020-03-27T04:57:39.965+0000][1][safepoint    ] Safepoint "CollectForMetadataAllocation", Time since last: 6220900 ns, Reaching safepoint: 48900 ns, At safepoint: 37200 ns, Total: 86100 ns
[2020-03-27T04:57:40.092+0000][1][safepoint    ] Safepoint "CollectForMetadataAllocation", Time since last: 124862210 ns, Reaching safepoint: 2274401 ns, At safepoint: 76900 ns, Total: 2351301 ns
[2020-03-27T04:57:40.191+0000][1][safepoint    ] Safepoint "CollectForMetadataAllocation", Time since last: 98422108 ns, Reaching safepoint: 26600 ns, At safepoint: 75800 ns, Total: 102400 ns
[2020-03-27T04:57:40.318+0000][1][safepoint    ] Safepoint "CollectForMetadataAllocation", Time since last: 120890210 ns, Reaching safepoint: 6716300 ns, At safepoint: 74600 ns, Total: 6790900 ns
[2020-03-27T04:57:40.335+0000][1][safepoint    ] Safepoint "RevokeBias", Time since last: 16941402 ns, Reaching safepoint: 91300 ns, At safepoint: 28100 ns, Total: 119400 ns
[2020-03-27T04:57:40.338+0000][1][safepoint    ] Safepoint "RevokeBias", Time since last: 2989500 ns, Reaching safepoint: 22800 ns, At safepoint: 21800 ns, Total: 44600 ns
[2020-03-27T04:57:40.346+0000][1][safepoint    ] Safepoint "RevokeBias", Time since last: 7111500 ns, Reaching safepoint: 111200 ns, At safepoint: 18500 ns, Total: 129700 ns
[2020-03-27T04:57:40.347+0000][1][safepoint    ] Safepoint "RevokeBias", Time since last: 802200 ns, Reaching safepoint: 140701 ns, At safepoint: 24600 ns, Total: 165301 ns
[2020-03-27T04:57:40.382+0000][1][safepoint    ] Safepoint "CollectForMetadataAllocation", Time since last: 34916402 ns, Reaching safepoint: 34300 ns, At safepoint: 76800 ns, Total: 111100 ns
[2020-03-27T04:57:40.514+0000][1][safepoint    ] Safepoint "RevokeBias", Time since last: 128739611 ns, Reaching safepoint: 3973600 ns, At safepoint: 34500 ns, Total: 4008100 ns
[2020-03-27T04:57:40.516+0000][1][safepoint    ] Safepoint "RevokeBias", Time since last: 618300 ns, Reaching safepoint: 740600 ns, At safepoint: 23400 ns, Total: 764000 ns
[2020-03-27T04:57:40.517+0000][1][safepoint    ] Safepoint "RevokeBias", Time since last: 869900 ns, Reaching safepoint: 22400 ns, At safepoint: 21900 ns, Total: 44300 ns
[2020-03-27T04:57:40.518+0000][1][safepoint    ] Safepoint "RevokeBias", Time since last: 440100 ns, Reaching safepoint: 1076401 ns, At safepoint: 22400 ns, Total: 1098801 ns
[2020-03-27T04:57:40.520+0000][1][safepoint    ] Safepoint "CollectForMetadataAllocation", Time since last: 1575900 ns, Reaching safepoint: 162500 ns, At safepoint: 109000 ns, Total: 271500 ns
[2020-03-27T04:57:40.527+0000][1][safepoint    ] Safepoint "RevokeBias", Time since last: 2530100 ns, Reaching safepoint: 4430300 ns, At safepoint: 26900 ns, Total: 4457200 ns
[2020-03-27T04:57:40.529+0000][1][safepoint    ] Safepoint "RevokeBias", Time since last: 1124100 ns, Reaching safepoint: 482600 ns, At safepoint: 23000 ns, Total: 505600 ns
[2020-03-27T04:57:40.536+0000][1][safepoint    ] Safepoint "RevokeBias", Time since last: 6821101 ns, Reaching safepoint: 38300 ns, At safepoint: 37700 ns, Total: 76000 ns
[2020-03-27T04:57:40.540+0000][1][safepoint    ] Safepoint "RevokeBias", Time since last: 492800 ns, Reaching safepoint: 3654900 ns, At safepoint: 30800 ns, Total: 3685700 ns
[2020-03-27T04:57:40.542+0000][1][safepoint    ] Safepoint "RevokeBias", Time since last: 625100 ns, Reaching safepoint: 1364301 ns, At safepoint: 24100 ns, Total: 1388401 ns
[2020-03-27T04:57:40.543+0000][1][safepoint    ] Safepoint "RevokeBias", Time since last: 642400 ns, Reaching safepoint: 99400 ns, At safepoint: 16400 ns, Total: 115800 ns
[2020-03-27T04:57:40.544+0000][1][safepoint    ] Safepoint "RevokeBias", Time since last: 1728300 ns, Reaching safepoint: 116300 ns, At safepoint: 29100 ns, Total: 145400 ns
[2020-03-27T04:57:40.546+0000][1][safepoint    ] Safepoint "RevokeBias", Time since last: 1275100 ns, Reaching safepoint: 45200 ns, At safepoint: 38900 ns, Total: 84100 ns
[2020-03-27T04:57:40.547+0000][1][safepoint    ] Safepoint "RevokeBias", Time since last: 458400 ns, Reaching safepoint: 974800 ns, At safepoint: 44600 ns, Total: 1019400 ns
[2020-03-27T04:57:40.548+0000][1][safepoint    ] Safepoint "RevokeBias", Time since last: 661200 ns, Reaching safepoint: 220200 ns, At safepoint: 41400 ns, Total: 261600 ns
[2020-03-27T04:57:40.549+0000][1][safepoint    ] Safepoint "RevokeBias", Time since last: 473700 ns, Reaching safepoint: 449200 ns, At safepoint: 16800 ns, Total: 466000 ns
[2020-03-27T04:57:40.550+0000][1][safepoint    ] Safepoint "RevokeBias", Time since last: 468900 ns, Reaching safepoint: 830600 ns, At safepoint: 13700 ns, Total: 844300 ns
[2020-03-27T04:57:40.551+0000][1][safepoint    ] Safepoint "RevokeBias", Time since last: 371200 ns, Reaching safepoint: 19400 ns, At safepoint: 69300 ns, Total: 88700 ns
[2020-03-27T04:57:40.552+0000][1][safepoint    ] Safepoint "RevokeBias", Time since last: 650100 ns, Reaching safepoint: 222800 ns, At safepoint: 22900 ns, Total: 245700 ns
[2020-03-27T04:57:40.552+0000][1][safepoint    ] Safepoint "RevokeBias", Time since last: 582600 ns, Reaching safepoint: 56000 ns, At safepoint: 42600 ns, Total: 98600 ns
[2020-03-27T04:57:40.553+0000][1][safepoint    ] Safepoint "RevokeBias", Time since last: 387400 ns, Reaching safepoint: 466100 ns, At safepoint: 21800 ns, Total: 487900 ns
[2020-03-27T04:57:40.554+0000][1][safepoint    ] Safepoint "RevokeBias", Time since last: 306100 ns, Reaching safepoint: 291101 ns, At safepoint: 14300 ns, Total: 305401 ns
[2020-03-27T04:57:40.559+0000][1][safepoint    ] Safepoint "RevokeBias", Time since last: 2147000 ns, Reaching safepoint: 2849400 ns, At safepoint: 26300 ns, Total: 2875700 ns
[2020-03-27T04:57:40.560+0000][1][safepoint    ] Safepoint "RevokeBias", Time since last: 511300 ns, Reaching safepoint: 222400 ns, At safepoint: 23200 ns, Total: 245600 ns
[2020-03-27T04:57:40.560+0000][1][safepoint    ] Safepoint "RevokeBias", Time since last: 274300 ns, Reaching safepoint: 172000 ns, At safepoint: 13400 ns, Total: 185400 ns
[2020-03-27T04:57:40.561+0000][1][safepoint    ] Safepoint "BulkRevokeBias", Time since last: 273000 ns, Reaching safepoint: 480500 ns, At safepoint: 66800 ns, Total: 547300 ns
[2020-03-27T04:57:40.562+0000][1][safepoint    ] Safepoint "RevokeBias", Time since last: 530500 ns, Reaching safepoint: 114600 ns, At safepoint: 21000 ns, Total: 135600 ns
[2020-03-27T04:57:40.562+0000][1][safepoint    ] Safepoint "RevokeBias", Time since last: 360200 ns, Reaching safepoint: 92300 ns, At safepoint: 17300 ns, Total: 109600 ns
[2020-03-27T04:57:40.563+0000][1][safepoint    ] Safepoint "RevokeBias", Time since last: 1154500 ns, Reaching safepoint: 24500 ns, At safepoint: 136500 ns, Total: 161000 ns
[2020-03-27T04:57:40.567+0000][1][safepoint    ] Safepoint "RevokeBias", Time since last: 3392501 ns, Reaching safepoint: 91200 ns, At safepoint: 31000 ns, Total: 122200 ns
[2020-03-27T04:57:40.568+0000][1][safepoint    ] Safepoint "RevokeBias", Time since last: 561800 ns, Reaching safepoint: 93800 ns, At safepoint: 17900 ns, Total: 111700 ns
[2020-03-27T04:57:40.568+0000][1][safepoint    ] Safepoint "RevokeBias", Time since last: 479700 ns, Reaching safepoint: 33300 ns, At safepoint: 201100 ns, Total: 234400 ns
[2020-03-27T04:57:40.571+0000][1][safepoint    ] Safepoint "RevokeBias", Time since last: 2159900 ns, Reaching safepoint: 23400 ns, At safepoint: 15800 ns, Total: 39200 ns
[2020-03-27T04:57:40.574+0000][1][safepoint    ] Safepoint "RevokeBias", Time since last: 3710400 ns, Reaching safepoint: 119500 ns, At safepoint: 17200 ns, Total: 136700 ns
[2020-03-27T04:57:40.575+0000][1][safepoint    ] Safepoint "RevokeBias", Time since last: 644200 ns, Reaching safepoint: 21900 ns, At safepoint: 13300 ns, Total: 35200 ns
[2020-03-27T04:57:40.576+0000][1][safepoint    ] Safepoint "RevokeBias", Time since last: 526200 ns, Reaching safepoint: 20900 ns, At safepoint: 12300 ns, Total: 33200 ns
[2020-03-27T04:57:40.576+0000][1][safepoint    ] Safepoint "RevokeBias", Time since last: 446500 ns, Reaching safepoint: 50400 ns, At safepoint: 29200 ns, Total: 79600 ns
[2020-03-27T04:57:40.577+0000][1][safepoint    ] Safepoint "RevokeBias", Time since last: 251900 ns, Reaching safepoint: 636900 ns, At safepoint: 17200 ns, Total: 654100 ns
[2020-03-27T04:57:40.580+0000][1][safepoint    ] Safepoint "RevokeBias", Time since last: 329300 ns, Reaching safepoint: 2115101 ns, At safepoint: 24100 ns, Total: 2139201 ns
[2020-03-27T04:57:40.580+0000][1][safepoint    ] Safepoint "RevokeBias", Time since last: 293000 ns, Reaching safepoint: 630100 ns, At safepoint: 11400 ns, Total: 641500 ns
[2020-03-27T04:57:40.583+0000][1][safepoint    ] Safepoint "RevokeBias", Time since last: 328900 ns, Reaching safepoint: 2112000 ns, At safepoint: 13100 ns, Total: 2125100 ns
[2020-03-27T04:57:40.583+0000][1][safepoint    ] Safepoint "RevokeBias", Time since last: 365600 ns, Reaching safepoint: 68400 ns, At safepoint: 8400 ns, Total: 76800 ns
[2020-03-27T04:57:40.584+0000][1][safepoint    ] Safepoint "RevokeBias", Time since last: 195800 ns, Reaching safepoint: 78400 ns, At safepoint: 23100 ns, Total: 101500 ns
[2020-03-27T04:57:40.584+0000][1][safepoint    ] Safepoint "RevokeBias", Time since last: 380200 ns, Reaching safepoint: 69800 ns, At safepoint: 23200 ns, Total: 93000 ns
[2020-03-27T04:57:40.585+0000][1][safepoint    ] Safepoint "RevokeBias", Time since last: 274400 ns, Reaching safepoint: 43000 ns, At safepoint: 45600 ns, Total: 88600 ns
[2020-03-27T04:57:40.585+0000][1][safepoint    ] Safepoint "RevokeBias", Time since last: 233000 ns, Reaching safepoint: 50300 ns, At safepoint: 6200 ns, Total: 56500 ns
[2020-03-27T04:57:40.585+0000][1][safepoint    ] Safepoint "RevokeBias", Time since last: 396600 ns, Reaching safepoint: 32400 ns, At safepoint: 20500 ns, Total: 52900 ns
[2020-03-27T04:57:40.586+0000][1][safepoint    ] Safepoint "RevokeBias", Time since last: 233700 ns, Reaching safepoint: 54000 ns, At safepoint: 21400 ns, Total: 75400 ns
[2020-03-27T04:57:40.587+0000][1][safepoint    ] Safepoint "CollectForMetadataAllocation", Time since last: 1309000 ns, Reaching safepoint: 19200 ns, At safepoint: 77900 ns, Total: 97100 ns
[2020-03-27T04:57:40.587+0000][1][safepoint    ] Safepoint "RevokeBias", Time since last: 201100 ns, Reaching safepoint: 143500 ns, At safepoint: 16500 ns, Total: 160000 ns
[2020-03-27T04:57:40.588+0000][1][safepoint    ] Safepoint "BulkRevokeBias", Time since last: 283200 ns, Reaching safepoint: 18700 ns, At safepoint: 146800 ns, Total: 165500 ns
[2020-03-27T04:57:40.588+0000][1][safepoint    ] Safepoint "RevokeBias", Time since last: 267900 ns, Reaching safepoint: 129600 ns, At safepoint: 15900 ns, Total: 145500 ns
[2020-03-27T04:57:40.588+0000][1][safepoint    ] Safepoint "RevokeBias", Time since last: 221300 ns, Reaching safepoint: 29700 ns, At safepoint: 12000 ns, Total: 41700 ns
[2020-03-27T04:57:40.590+0000][1][safepoint    ] Safepoint "RevokeBias", Time since last: 1095000 ns, Reaching safepoint: 703800 ns, At safepoint: 23600 ns, Total: 727400 ns
[2020-03-27T04:57:40.591+0000][1][safepoint    ] Safepoint "RevokeBias", Time since last: 266401 ns, Reaching safepoint: 241300 ns, At safepoint: 33500 ns, Total: 274800 ns
[2020-03-27T04:57:40.592+0000][1][safepoint    ] Safepoint "RevokeBias", Time since last: 972500 ns, Reaching safepoint: 212200 ns, At safepoint: 26900 ns, Total: 239100 ns
[2020-03-27T04:57:40.593+0000][1][safepoint    ] Safepoint "RevokeBias", Time since last: 653800 ns, Reaching safepoint: 90200 ns, At safepoint: 24500 ns, Total: 114700 ns
[2020-03-27T04:57:40.593+0000][1][safepoint    ] Safepoint "RevokeBias", Time since last: 495300 ns, Reaching safepoint: 89200 ns, At safepoint: 17300 ns, Total: 106500 ns
[2020-03-27T04:57:40.606+0000][1][safepoint    ] Safepoint "RevokeBias", Time since last: 6189200 ns, Reaching safepoint: 6287301 ns, At safepoint: 24500 ns, Total: 6311801 ns
[2020-03-27T04:57:40.607+0000][1][safepoint    ] Safepoint "RevokeBias", Time since last: 1080500 ns, Reaching safepoint: 49200 ns, At safepoint: 28500 ns, Total: 77700 ns
[2020-03-27T04:57:40.609+0000][1][safepoint    ] Safepoint "RevokeBias", Time since last: 2025500 ns, Reaching safepoint: 30600 ns, At safepoint: 41900 ns, Total: 72500 ns
[2020-03-27T04:57:40.612+0000][1][safepoint    ] Safepoint "RevokeBias", Time since last: 2377600 ns, Reaching safepoint: 38100 ns, At safepoint: 57700 ns, Total: 95800 ns
[2020-03-27T04:57:40.612+0000][1][safepoint    ] Safepoint "RevokeBias", Time since last: 698000 ns, Reaching safepoint: 34700 ns, At safepoint: 40400 ns, Total: 75100 ns
[2020-03-27T04:57:40.627+0000][1][safepoint    ] Safepoint "RevokeBias", Time since last: 14706302 ns, Reaching safepoint: 37300 ns, At safepoint: 28600 ns, Total: 65900 ns
[2020-03-27T04:57:40.628+0000][1][safepoint    ] Safepoint "RevokeBias", Time since last: 619400 ns, Reaching safepoint: 26900 ns, At safepoint: 8200 ns, Total: 35100 ns
[2020-03-27T04:57:40.630+0000][1][safepoint    ] Safepoint "RevokeBias", Time since last: 2044500 ns, Reaching safepoint: 25700 ns, At safepoint: 35700 ns, Total: 61400 ns
[2020-03-27T04:57:40.651+0000][1][safepoint    ] Safepoint "RevokeBias", Time since last: 21379702 ns, Reaching safepoint: 140200 ns, At safepoint: 24600 ns, Total: 164800 ns
[2020-03-27T04:57:40.653+0000][1][safepoint    ] Safepoint "RevokeBias", Time since last: 1623000 ns, Reaching safepoint: 117300 ns, At safepoint: 28600 ns, Total: 145900 ns
[2020-03-27T04:57:40.656+0000][1][safepoint    ] Safepoint "Deoptimize", Time since last: 1948500 ns, Reaching safepoint: 28100 ns, At safepoint: 806900 ns, Total: 835000 ns
[2020-03-27T04:57:40.660+0000][1][safepoint    ] Safepoint "RevokeBias", Time since last: 2915000 ns, Reaching safepoint: 558000 ns, At safepoint: 40800 ns, Total: 598800 ns
[2020-03-27T04:57:40.661+0000][1][safepoint    ] Safepoint "RevokeBias", Time since last: 724900 ns, Reaching safepoint: 256600 ns, At safepoint: 24700 ns, Total: 281300 ns
[2020-03-27T04:57:40.679+0000][1][safepoint    ] Safepoint "RevokeBias", Time since last: 18516602 ns, Reaching safepoint: 132200 ns, At safepoint: 27200 ns, Total: 159400 ns
[2020-03-27T04:57:40.693+0000][1][safepoint    ] Safepoint "RevokeBias", Time since last: 6295700 ns, Reaching safepoint: 7488001 ns, At safepoint: 37300 ns, Total: 7525301 ns
[2020-03-27T04:57:40.695+0000][1][safepoint    ] Safepoint "RevokeBias", Time since last: 556400 ns, Reaching safepoint: 1158900 ns, At safepoint: 24500 ns, Total: 1183400 ns
[2020-03-27T04:57:40.696+0000][1][safepoint    ] Safepoint "RevokeBias", Time since last: 455300 ns, Reaching safepoint: 741100 ns, At safepoint: 22800 ns, Total: 763900 ns
[2020-03-27T04:57:40.719+0000][1][safepoint    ] Safepoint "RevokeBias", Time since last: 22595902 ns, Reaching safepoint: 36800 ns, At safepoint: 8000 ns, Total: 44800 ns
[2020-03-27T04:57:40.720+0000][1][safepoint    ] Safepoint "RevokeBias", Time since last: 911000 ns, Reaching safepoint: 25100 ns, At safepoint: 18100 ns, Total: 43200 ns
[2020-03-27T04:57:40.749+0000][1][safepoint    ] Safepoint "CollectForMetadataAllocation", Time since last: 29151702 ns, Reaching safepoint: 32300 ns, At safepoint: 65101 ns, Total: 97401 ns
[2020-03-27T04:57:40.750+0000][1][safepoint    ] Safepoint "RevokeBias", Time since last: 696500 ns, Reaching safepoint: 97100 ns, At safepoint: 22100 ns, Total: 119200 ns
[2020-03-27T04:57:40.750+0000][1][safepoint    ] Safepoint "RevokeBias", Time since last: 629900 ns, Reaching safepoint: 114500 ns, At safepoint: 5100 ns, Total: 119600 ns
[2020-03-27T04:57:40.751+0000][1][safepoint    ] Safepoint "RevokeBias", Time since last: 747700 ns, Reaching safepoint: 20700 ns, At safepoint: 92700 ns, Total: 113400 ns
[2020-03-27T04:57:40.807+0000][1][safepoint    ] Safepoint "RevokeBias", Time since last: 55413204 ns, Reaching safepoint: 33500 ns, At safepoint: 8300 ns, Total: 41800 ns
[2020-03-27T04:57:40.808+0000][1][safepoint    ] Safepoint "RevokeBias", Time since last: 758500 ns, Reaching safepoint: 82300 ns, At safepoint: 5600 ns, Total: 87900 ns
[2020-03-27T04:57:40.842+0000][1][safepoint    ] Safepoint "CollectForMetadataAllocation", Time since last: 29735903 ns, Reaching safepoint: 4856000 ns, At safepoint: 109100 ns, Total: 4965100 ns
[2020-03-27T04:57:40.883+0000][1][safepoint    ] Safepoint "RevokeBias", Time since last: 40637703 ns, Reaching safepoint: 35800 ns, At safepoint: 5400 ns, Total: 41200 ns
[2020-03-27T04:57:40.920+0000][1][safepoint    ] Safepoint "CollectForMetadataAllocation", Time since last: 36953604 ns, Reaching safepoint: 27600 ns, At safepoint: 68700 ns, Total: 96300 ns
[2020-03-27T04:57:41.012+0000][1][safepoint    ] Safepoint "CollectForMetadataAllocation", Time since last: 91600407 ns, Reaching safepoint: 28900 ns, At safepoint: 62400 ns, Total: 91300 ns
[2020-03-27T04:57:41.081+0000][1][safepoint    ] Safepoint "CollectForMetadataAllocation", Time since last: 69022406 ns, Reaching safepoint: 31400 ns, At safepoint: 63300 ns, Total: 94700 ns
[2020-03-27T04:57:41.115+0000][1][safepoint    ] Safepoint "RevokeBias", Time since last: 34017203 ns, Reaching safepoint: 54100 ns, At safepoint: 9500 ns, Total: 63600 ns
[2020-03-27T04:57:41.147+0000][1][safepoint    ] Safepoint "CollectForMetadataAllocation", Time since last: 28687702 ns, Reaching safepoint: 2979600 ns, At safepoint: 79900 ns, Total: 3059500 ns
[2020-03-27T04:57:41.167+0000][1][safepoint    ] Safepoint "CollectForMetadataAllocation", Time since last: 19483302 ns, Reaching safepoint: 332200 ns, At safepoint: 96200 ns, Total: 428400 ns
[2020-03-27T04:57:41.224+0000][1][safepoint    ] Safepoint "CollectForMetadataAllocation", Time since last: 57772804 ns, Reaching safepoint: 34101 ns, At safepoint: 69800 ns, Total: 103901 ns
[2020-03-27T04:57:41.226+0000][1][gc           ] GC(12) Concurrent Abortable Preclean 2623.242ms
[2020-03-27T04:57:41.228+0000][1][gc,cpu       ] GC(12) User=2.43s Sys=0.07s Real=2.63s
[2020-03-27T04:57:41.228+0000][1][gc,start     ] GC(12) Pause Remark
[2020-03-27T04:57:41.258+0000][1][gc           ] GC(12) Pause Remark 130M->130M(495M) 30.044ms
[2020-03-27T04:57:41.259+0000][1][gc,cpu       ] GC(12) User=0.02s Sys=0.00s Real=0.03s
[2020-03-27T04:57:41.259+0000][1][safepoint    ] Safepoint "CMS_Final_Remark", Time since last: 3962900 ns, Reaching safepoint: 29100 ns, At safepoint: 31059102 ns, Total: 31088202 ns
[2020-03-27T04:57:41.262+0000][1][gc           ] GC(12) Concurrent Sweep
[2020-03-27T04:57:41.282+0000][1][gc           ] GC(12) Concurrent Sweep 19.816ms
[2020-03-27T04:57:41.284+0000][1][gc,cpu       ] GC(12) User=0.02s Sys=0.00s Real=0.02s
[2020-03-27T04:57:41.285+0000][1][gc           ] GC(12) Concurrent Reset
[2020-03-27T04:57:41.286+0000][1][gc           ] GC(12) Concurrent Reset 1.135ms
[2020-03-27T04:57:41.287+0000][1][gc,cpu       ] GC(12) User=0.00s Sys=0.00s Real=0.01s
[2020-03-27T04:57:41.288+0000][1][gc,heap      ] GC(12) Old: 46479K->46285K(353920K)
[2020-03-27T04:57:41.296+0000][1][safepoint    ] Safepoint "RevokeBias", Time since last: 34466403 ns, Reaching safepoint: 2349900 ns, At safepoint: 17300 ns, Total: 2367200 ns
[2020-03-27T04:57:41.381+0000][1][safepoint    ] Safepoint "RevokeBias", Time since last: 84609307 ns, Reaching safepoint: 105900 ns, At safepoint: 12800 ns, Total: 118700 ns
[2020-03-27T04:57:41.723+0000][1][safepoint    ] Safepoint "RevokeBias", Time since last: 341006528 ns, Reaching safepoint: 484600 ns, At safepoint: 13100 ns, Total: 497700 ns
[2020-03-27T04:57:41.827+0000][1][safepoint    ] Safepoint "RevokeBias", Time since last: 104158909 ns, Reaching safepoint: 101100 ns, At safepoint: 9700 ns, Total: 110800 ns
[2020-03-27T04:57:42.094+0000][1][gc,start     ] GC(14) Pause Young (Allocation Failure)
[2020-03-27T04:57:42.094+0000][1][gc,task      ] GC(14) Using 2 workers of 2 for evacuation
[2020-03-27T04:57:42.119+0000][1][gc,age       ] GC(14) Desired survivor size 8716288 bytes, new threshold 2 (max threshold 6)
[2020-03-27T04:57:42.120+0000][1][gc,age       ] GC(14) Age table with threshold 2 (max threshold 6)
[2020-03-27T04:57:42.120+0000][1][gc,age       ] GC(14) - age   1:    2438176 bytes,    2438176 total
[2020-03-27T04:57:42.120+0000][1][gc,age       ] GC(14) - age   2:    7506688 bytes,    9944864 total
[2020-03-27T04:57:42.121+0000][1][gc,heap      ] GC(14) ParNew: 148836K->16068K(153344K)
[2020-03-27T04:57:42.121+0000][1][gc,heap      ] GC(14) CMS: 46285K->48121K(353920K)
[2020-03-27T04:57:42.122+0000][1][gc,metaspace ] GC(14) Metaspace: 60283K->60283K(1105920K)
[2020-03-27T04:57:42.122+0000][1][gc           ] GC(14) Pause Young (Allocation Failure) 190M->62M(495M) 28.291ms
[2020-03-27T04:57:42.122+0000][1][gc,cpu       ] GC(14) User=0.02s Sys=0.00s Real=0.03s
[2020-03-27T04:57:42.122+0000][1][safepoint    ] Safepoint "GenCollectForAllocation", Time since last: 266700522 ns, Reaching safepoint: 43900 ns, At safepoint: 28724602 ns, Total: 28768502 ns
[2020-03-27T04:57:42.123+0000][1][safepoint    ] Safepoint "RevokeBias", Time since last: 1057100 ns, Reaching safepoint: 31700 ns, At safepoint: 28300 ns, Total: 60000 ns
[2020-03-27T04:57:42.125+0000][1][safepoint    ] Safepoint "RevokeBias", Time since last: 1601000 ns, Reaching safepoint: 16600 ns, At safepoint: 36700 ns, Total: 53300 ns
[2020-03-27T04:57:42.128+0000][1][safepoint    ] Safepoint "BulkRevokeBias", Time since last: 455400 ns, Reaching safepoint: 2099501 ns, At safepoint: 92400 ns, Total: 2191901 ns
[2020-03-27T04:57:42.382+0000][1][safepoint    ] Safepoint "RevokeBias", Time since last: 253126020 ns, Reaching safepoint: 1637100 ns, At safepoint: 23800 ns, Total: 1660900 ns
[2020-03-27T04:57:42.384+0000][1][safepoint    ] Safepoint "RevokeBias", Time since last: 1695501 ns, Reaching safepoint: 114400 ns, At safepoint: 18600 ns, Total: 133000 ns
[2020-03-27T04:57:42.385+0000][1][safepoint    ] Safepoint "RevokeBias", Time since last: 684500 ns, Reaching safepoint: 46400 ns, At safepoint: 22300 ns, Total: 68700 ns
[2020-03-27T04:57:42.391+0000][1][safepoint    ] Safepoint "RevokeBias", Time since last: 5736100 ns, Reaching safepoint: 489900 ns, At safepoint: 19400 ns, Total: 509300 ns
[2020-03-27T04:57:42.757+0000][1][safepoint    ] Safepoint "Deoptimize", Time since last: 364970030 ns, Reaching safepoint: 124800 ns, At safepoint: 317600 ns, Total: 442400 ns
[2020-03-27T04:57:43.511+0000][1][safepoint    ] Safepoint "RevokeBias", Time since last: 753793962 ns, Reaching safepoint: 66900 ns, At safepoint: 14000 ns, Total: 80900 ns
[2020-03-27T04:57:43.599+0000][1][safepoint    ] Safepoint "Deoptimize", Time since last: 88467207 ns, Reaching safepoint: 22100 ns, At safepoint: 335400 ns, Total: 357500 ns
[2020-03-27T04:57:43.685+0000][1][safepoint    ] Safepoint "RevokeBias", Time since last: 85317007 ns, Reaching safepoint: 112300 ns, At safepoint: 14800 ns, Total: 127100 ns
[2020-03-27T04:57:43.692+0000][1][safepoint    ] Safepoint "RevokeBias", Time since last: 856300 ns, Reaching safepoint: 5807801 ns, At safepoint: 26300 ns, Total: 5834101 ns
[2020-03-27T04:57:43.699+0000][1][safepoint    ] Safepoint "RevokeBias", Time since last: 7017200 ns, Reaching safepoint: 31600 ns, At safepoint: 21000 ns, Total: 52600 ns
[2020-03-27T04:57:43.699+0000][1][safepoint    ] Safepoint "RevokeBias", Time since last: 809100 ns, Reaching safepoint: 18800 ns, At safepoint: 18700 ns, Total: 37500 ns
[2020-03-27T04:57:43.700+0000][1][safepoint    ] Safepoint "RevokeBias", Time since last: 373701 ns, Reaching safepoint: 12700 ns, At safepoint: 13700 ns, Total: 26400 ns
[2020-03-27T04:57:43.700+0000][1][safepoint    ] Safepoint "RevokeBias", Time since last: 511900 ns, Reaching safepoint: 12700 ns, At safepoint: 13500 ns, Total: 26200 ns
[2020-03-27T04:57:43.701+0000][1][safepoint    ] Safepoint "RevokeBias", Time since last: 566500 ns, Reaching safepoint: 9400 ns, At safepoint: 13700 ns, Total: 23100 ns
[2020-03-27T04:57:43.702+0000][1][safepoint    ] Safepoint "RevokeBias", Time since last: 588200 ns, Reaching safepoint: 13100 ns, At safepoint: 35900 ns, Total: 49000 ns
[2020-03-27T04:57:43.702+0000][1][safepoint    ] Safepoint "RevokeBias", Time since last: 355400 ns, Reaching safepoint: 11800 ns, At safepoint: 12900 ns, Total: 24700 ns
[2020-03-27T04:57:43.703+0000][1][safepoint    ] Safepoint "BulkRevokeBias", Time since last: 669500 ns, Reaching safepoint: 9200 ns, At safepoint: 62900 ns, Total: 72100 ns
[2020-03-27T04:57:43.704+0000][1][safepoint    ] Safepoint "RevokeBias", Time since last: 971500 ns, Reaching safepoint: 12700 ns, At safepoint: 17400 ns, Total: 30100 ns
[2020-03-27T04:57:43.704+0000][1][safepoint    ] Safepoint "RevokeBias", Time since last: 293100 ns, Reaching safepoint: 11500 ns, At safepoint: 30900 ns, Total: 42400 ns
[2020-03-27T04:57:43.708+0000][1][safepoint    ] Safepoint "Deoptimize", Time since last: 2939100 ns, Reaching safepoint: 19200 ns, At safepoint: 476400 ns, Total: 495600 ns
[2020-03-27T04:57:43.708+0000][1][safepoint    ] Safepoint "RevokeBias", Time since last: 860200 ns, Reaching safepoint: 13400 ns, At safepoint: 10700 ns, Total: 24100 ns
[2020-03-27T04:57:43.982+0000][1][safepoint    ] Safepoint "Deoptimize", Time since last: 273408223 ns, Reaching safepoint: 146200 ns, At safepoint: 420200 ns, Total: 566400 ns
[2020-03-27T04:57:44.308+0000][1][safepoint    ] Safepoint "RevokeBias", Time since last: 325011126 ns, Reaching safepoint: 122300 ns, At safepoint: 14300 ns, Total: 136600 ns
[2020-03-27T04:57:44.324+0000][1][safepoint    ] Safepoint "RevokeBias", Time since last: 16120902 ns, Reaching safepoint: 115300 ns, At safepoint: 31500 ns, Total: 146800 ns
[2020-03-27T04:57:44.325+0000][1][safepoint    ] Safepoint "RevokeBias", Time since last: 572300 ns, Reaching safepoint: 89700 ns, At safepoint: 37800 ns, Total: 127500 ns
[2020-03-27T04:57:44.325+0000][1][safepoint    ] Safepoint "RevokeBias", Time since last: 319700 ns, Reaching safepoint: 83600 ns, At safepoint: 26600 ns, Total: 110200 ns
[2020-03-27T04:57:44.359+0000][1][safepoint    ] Safepoint "RevokeBias", Time since last: 34313803 ns, Reaching safepoint: 95700 ns, At safepoint: 42500 ns, Total: 138200 ns
[2020-03-27T04:57:44.477+0000][1][safepoint    ] Safepoint "RevokeBias", Time since last: 117786109 ns, Reaching safepoint: 60900 ns, At safepoint: 26900 ns, Total: 87800 ns
[2020-03-27T04:57:44.478+0000][1][safepoint    ] Safepoint "RevokeBias", Time since last: 244100 ns, Reaching safepoint: 11800 ns, At safepoint: 18100 ns, Total: 29900 ns
[2020-03-27T04:57:44.478+0000][1][safepoint    ] Safepoint "RevokeBias", Time since last: 234600 ns, Reaching safepoint: 11200 ns, At safepoint: 15300 ns, Total: 26500 ns
[2020-03-27T04:57:44.478+0000][1][safepoint    ] Safepoint "RevokeBias", Time since last: 219000 ns, Reaching safepoint: 10400 ns, At safepoint: 18200 ns, Total: 28600 ns
[2020-03-27T04:57:44.478+0000][1][safepoint    ] Safepoint "RevokeBias", Time since last: 220300 ns, Reaching safepoint: 12400 ns, At safepoint: 20300 ns, Total: 32700 ns
[2020-03-27T04:57:44.481+0000][1][safepoint    ] Safepoint "RevokeBias", Time since last: 2687201 ns, Reaching safepoint: 22900 ns, At safepoint: 37100 ns, Total: 60000 ns
[2020-03-27T04:57:44.482+0000][1][safepoint    ] Safepoint "RevokeBias", Time since last: 618700 ns, Reaching safepoint: 59600 ns, At safepoint: 252200 ns, Total: 311800 ns
[2020-03-27T04:57:44.482+0000][1][safepoint    ] Safepoint "RevokeBias", Time since last: 185700 ns, Reaching safepoint: 270500 ns, At safepoint: 23800 ns, Total: 294300 ns
[2020-03-27T04:57:44.519+0000][1][safepoint    ] Safepoint "RevokeBias", Time since last: 36215403 ns, Reaching safepoint: 23900 ns, At safepoint: 16800 ns, Total: 40700 ns
[2020-03-27T04:57:44.521+0000][1][safepoint    ] Safepoint "RevokeBias", Time since last: 2349900 ns, Reaching safepoint: 20000 ns, At safepoint: 13900 ns, Total: 33900 ns
[2020-03-27T04:57:44.522+0000][1][safepoint    ] Safepoint "RevokeBias", Time since last: 679100 ns, Reaching safepoint: 19700 ns, At safepoint: 12900 ns, Total: 32600 ns
[2020-03-27T04:57:44.522+0000][1][safepoint    ] Safepoint "RevokeBias", Time since last: 482900 ns, Reaching safepoint: 15300 ns, At safepoint: 29800 ns, Total: 45100 ns
[2020-03-27T04:57:44.523+0000][1][safepoint    ] Safepoint "RevokeBias", Time since last: 456500 ns, Reaching safepoint: 27400 ns, At safepoint: 9700 ns, Total: 37100 ns
[2020-03-27T04:57:44.523+0000][1][safepoint    ] Safepoint "RevokeBias", Time since last: 529700 ns, Reaching safepoint: 13900 ns, At safepoint: 9500 ns, Total: 23400 ns
[2020-03-27T04:57:44.524+0000][1][safepoint    ] Safepoint "RevokeBias", Time since last: 498100 ns, Reaching safepoint: 13900 ns, At safepoint: 11500 ns, Total: 25400 ns
[2020-03-27T04:57:44.524+0000][1][safepoint    ] Safepoint "RevokeBias", Time since last: 251400 ns, Reaching safepoint: 14400 ns, At safepoint: 11300 ns, Total: 25700 ns
[2020-03-27T04:57:44.533+0000][1][safepoint    ] Safepoint "RevokeBias", Time since last: 8325001 ns, Reaching safepoint: 23600 ns, At safepoint: 14800 ns, Total: 38400 ns
[2020-03-27T04:57:44.540+0000][1][safepoint    ] Safepoint "RevokeBias", Time since last: 7434000 ns, Reaching safepoint: 92600 ns, At safepoint: 22500 ns, Total: 115100 ns
[2020-03-27T04:57:44.565+0000][1][safepoint    ] Safepoint "RevokeBias", Time since last: 25193503 ns, Reaching safepoint: 38100 ns, At safepoint: 21500 ns, Total: 59600 ns
[2020-03-27T04:57:44.567+0000][1][safepoint    ] Safepoint "RevokeBias", Time since last: 1653900 ns, Reaching safepoint: 17300 ns, At safepoint: 12500 ns, Total: 29800 ns
[2020-03-27T04:57:44.568+0000][1][safepoint    ] Safepoint "RevokeBias", Time since last: 488700 ns, Reaching safepoint: 156200 ns, At safepoint: 11500 ns, Total: 167700 ns
[2020-03-27T04:57:44.573+0000][1][safepoint    ] Safepoint "RevokeBias", Time since last: 4927300 ns, Reaching safepoint: 20200 ns, At safepoint: 12200 ns, Total: 32400 ns
[2020-03-27T04:57:44.575+0000][1][safepoint    ] Safepoint "RevokeBias", Time since last: 2105800 ns, Reaching safepoint: 18400 ns, At safepoint: 15300 ns, Total: 33700 ns
[2020-03-27T04:57:44.575+0000][1][safepoint    ] Safepoint "RevokeBias", Time since last: 486400 ns, Reaching safepoint: 13300 ns, At safepoint: 12300 ns, Total: 25600 ns
[2020-03-27T04:57:44.576+0000][1][safepoint    ] Safepoint "RevokeBias", Time since last: 322000 ns, Reaching safepoint: 147800 ns, At safepoint: 12600 ns, Total: 160400 ns
[2020-03-27T04:57:44.576+0000][1][safepoint    ] Safepoint "RevokeBias", Time since last: 393800 ns, Reaching safepoint: 226200 ns, At safepoint: 13800 ns, Total: 240000 ns
[2020-03-27T04:57:44.577+0000][1][safepoint    ] Safepoint "RevokeBias", Time since last: 345400 ns, Reaching safepoint: 104200 ns, At safepoint: 10400 ns, Total: 114600 ns
[2020-03-27T04:57:44.577+0000][1][safepoint    ] Safepoint "RevokeBias", Time since last: 312400 ns, Reaching safepoint: 24800 ns, At safepoint: 7300 ns, Total: 32100 ns
[2020-03-27T04:57:44.578+0000][1][safepoint    ] Safepoint "RevokeBias", Time since last: 317701 ns, Reaching safepoint: 103500 ns, At safepoint: 9800 ns, Total: 113300 ns
[2020-03-27T04:57:44.578+0000][1][safepoint    ] Safepoint "RevokeBias", Time since last: 281000 ns, Reaching safepoint: 11000 ns, At safepoint: 22400 ns, Total: 33400 ns
[2020-03-27T04:57:44.579+0000][1][safepoint    ] Safepoint "RevokeBias", Time since last: 258700 ns, Reaching safepoint: 392600 ns, At safepoint: 10200 ns, Total: 402800 ns
[2020-03-27T04:57:44.581+0000][1][safepoint    ] Safepoint "RevokeBias", Time since last: 1876000 ns, Reaching safepoint: 16400 ns, At safepoint: 23900 ns, Total: 40300 ns
[2020-03-27T04:57:44.606+0000][1][safepoint    ] Safepoint "RevokeBias", Time since last: 25492402 ns, Reaching safepoint: 34000 ns, At safepoint: 16300 ns, Total: 50300 ns
[2020-03-27T04:57:44.642+0000][1][safepoint    ] Safepoint "RevokeBias", Time since last: 35708803 ns, Reaching safepoint: 89300 ns, At safepoint: 34200 ns, Total: 123500 ns
[2020-03-27T04:57:44.648+0000][1][safepoint    ] Safepoint "RevokeBias", Time since last: 5831400 ns, Reaching safepoint: 384200 ns, At safepoint: 13900 ns, Total: 398100 ns
[2020-03-27T04:57:44.652+0000][1][safepoint    ] Safepoint "RevokeBias", Time since last: 3364001 ns, Reaching safepoint: 92800 ns, At safepoint: 12900 ns, Total: 105700 ns
[2020-03-27T04:57:44.654+0000][1][gc,start     ] GC(15) Pause Young (Allocation Failure)
[2020-03-27T04:57:44.654+0000][1][gc,task      ] GC(15) Using 2 workers of 2 for evacuation
[2020-03-27T04:57:44.697+0000][1][gc,age       ] GC(15) Desired survivor size 8716288 bytes, new threshold 6 (max threshold 6)
[2020-03-27T04:57:44.698+0000][1][gc,age       ] GC(15) Age table with threshold 6 (max threshold 6)
[2020-03-27T04:57:44.700+0000][1][gc,age       ] GC(15) - age   1:    5575072 bytes,    5575072 total
[2020-03-27T04:57:44.701+0000][1][gc,age       ] GC(15) - age   2:    2241856 bytes,    7816928 total
[2020-03-27T04:57:44.701+0000][1][gc,heap      ] GC(15) ParNew: 152388K->9292K(153344K)
[2020-03-27T04:57:44.702+0000][1][gc,heap      ] GC(15) CMS: 48121K->55555K(353920K)
[2020-03-27T04:57:44.702+0000][1][gc,metaspace ] GC(15) Metaspace: 73580K->73580K(1118208K)
[2020-03-27T04:57:44.702+0000][1][gc           ] GC(15) Pause Young (Allocation Failure) 195M->63M(495M) 48.631ms
[2020-03-27T04:57:44.703+0000][1][gc,cpu       ] GC(15) User=0.04s Sys=0.00s Real=0.05s
[2020-03-27T04:57:44.703+0000][1][safepoint    ] Safepoint "GenCollectForAllocation", Time since last: 1910300 ns, Reaching safepoint: 76100 ns, At safepoint: 49363811 ns, Total: 49439911 ns
[2020-03-27T04:57:44.740+0000][1][safepoint    ] Safepoint "RevokeBias", Time since last: 36836416 ns, Reaching safepoint: 42000 ns, At safepoint: 21000 ns, Total: 63000 ns
[2020-03-27T04:57:44.745+0000][1][safepoint    ] Safepoint "RevokeBias", Time since last: 5183002 ns, Reaching safepoint: 93300 ns, At safepoint: 11800 ns, Total: 105100 ns
[2020-03-27T04:57:44.751+0000][1][safepoint    ] Safepoint "RevokeBias", Time since last: 5667003 ns, Reaching safepoint: 92000 ns, At safepoint: 11600 ns, Total: 103600 ns
[2020-03-27T04:57:44.753+0000][1][safepoint    ] Safepoint "RevokeBias", Time since last: 1859401 ns, Reaching safepoint: 103300 ns, At safepoint: 16300 ns, Total: 119600 ns
[2020-03-27T04:57:44.754+0000][1][safepoint    ] Safepoint "RevokeBias", Time since last: 564800 ns, Reaching safepoint: 82500 ns, At safepoint: 13900 ns, Total: 96400 ns
[2020-03-27T04:57:44.762+0000][1][safepoint    ] Safepoint "RevokeBias", Time since last: 7861003 ns, Reaching safepoint: 94700 ns, At safepoint: 13000 ns, Total: 107700 ns
[2020-03-27T04:57:44.823+0000][1][safepoint    ] Safepoint "RevokeBias", Time since last: 61006126 ns, Reaching safepoint: 41400 ns, At safepoint: 21000 ns, Total: 62400 ns
[2020-03-27T04:57:44.842+0000][1][safepoint    ] Safepoint "RevokeBias", Time since last: 18910409 ns, Reaching safepoint: 32900 ns, At safepoint: 19800 ns, Total: 52700 ns
[2020-03-27T04:57:45.001+0000][1][safepoint    ] Safepoint "RevokeBias", Time since last: 155426966 ns, Reaching safepoint: 3538102 ns, At safepoint: 19800 ns, Total: 3557902 ns
[2020-03-27T04:57:45.008+0000][1][safepoint    ] Safepoint "RevokeBias", Time since last: 7101203 ns, Reaching safepoint: 42800 ns, At safepoint: 10500 ns, Total: 53300 ns
[2020-03-27T04:57:45.012+0000][1][safepoint    ] Safepoint "RevokeBias", Time since last: 3810602 ns, Reaching safepoint: 28100 ns, At safepoint: 29300 ns, Total: 57400 ns
[2020-03-27T04:57:45.017+0000][1][safepoint    ] Safepoint "RevokeBias", Time since last: 5177702 ns, Reaching safepoint: 29600 ns, At safepoint: 10500 ns, Total: 40100 ns
[2020-03-27T04:57:45.021+0000][1][safepoint    ] Safepoint "BulkRevokeBias", Time since last: 4167202 ns, Reaching safepoint: 24700 ns, At safepoint: 96300 ns, Total: 121000 ns
[2020-03-27T04:57:45.026+0000][1][safepoint    ] Safepoint "RevokeBias", Time since last: 5171702 ns, Reaching safepoint: 32500 ns, At safepoint: 15200 ns, Total: 47700 ns
[2020-03-27T04:57:45.027+0000][1][safepoint    ] Safepoint "RevokeBias", Time since last: 1001200 ns, Reaching safepoint: 24200 ns, At safepoint: 11800 ns, Total: 36000 ns
[2020-03-27T04:57:45.029+0000][1][safepoint    ] Safepoint "RevokeBias", Time since last: 1435701 ns, Reaching safepoint: 19700 ns, At safepoint: 11800 ns, Total: 31500 ns
[2020-03-27T04:57:45.030+0000][1][safepoint    ] Safepoint "RevokeBias", Time since last: 1637601 ns, Reaching safepoint: 20500 ns, At safepoint: 9800 ns, Total: 30300 ns
[2020-03-27T04:57:45.032+0000][1][safepoint    ] Safepoint "RevokeBias", Time since last: 1323300 ns, Reaching safepoint: 19400 ns, At safepoint: 12200 ns, Total: 31600 ns
[2020-03-27T04:57:45.032+0000][1][safepoint    ] Safepoint "RevokeBias", Time since last: 363100 ns, Reaching safepoint: 14000 ns, At safepoint: 10900 ns, Total: 24900 ns
[2020-03-27T04:57:45.059+0000][1][safepoint    ] Safepoint "RevokeBias", Time since last: 23863311 ns, Reaching safepoint: 2773801 ns, At safepoint: 17300 ns, Total: 2791101 ns
[2020-03-27T04:57:45.066+0000][1][safepoint    ] Safepoint "RevokeBias", Time since last: 6829503 ns, Reaching safepoint: 106600 ns, At safepoint: 33600 ns, Total: 140200 ns
[2020-03-27T04:57:45.069+0000][1][safepoint    ] Safepoint "RevokeBias", Time since last: 1523601 ns, Reaching safepoint: 1804300 ns, At safepoint: 58700 ns, Total: 1863000 ns
[2020-03-27T04:57:45.070+0000][1][safepoint    ] Safepoint "RevokeBias", Time since last: 391900 ns, Reaching safepoint: 372901 ns, At safepoint: 28800 ns, Total: 401701 ns
[2020-03-27T04:57:45.072+0000][1][safepoint    ] Safepoint "RevokeBias", Time since last: 792300 ns, Reaching safepoint: 768800 ns, At safepoint: 48800 ns, Total: 817600 ns
[2020-03-27T04:57:45.080+0000][1][safepoint    ] Safepoint "RevokeBias", Time since last: 7914504 ns, Reaching safepoint: 104400 ns, At safepoint: 12500 ns, Total: 116900 ns
[2020-03-27T04:57:45.130+0000][1][safepoint    ] Safepoint "RevokeBias", Time since last: 50008421 ns, Reaching safepoint: 32100 ns, At safepoint: 16000 ns, Total: 48100 ns
[2020-03-27T04:57:45.131+0000][1][safepoint    ] Safepoint "RevokeBias", Time since last: 953501 ns, Reaching safepoint: 25100 ns, At safepoint: 28000 ns, Total: 53100 ns
[2020-03-27T04:57:45.149+0000][1][safepoint    ] Safepoint "RevokeBias", Time since last: 17681707 ns, Reaching safepoint: 283400 ns, At safepoint: 33200 ns, Total: 316600 ns
[2020-03-27T04:57:45.169+0000][1][safepoint    ] Safepoint "RevokeBias", Time since last: 10816805 ns, Reaching safepoint: 8995404 ns, At safepoint: 16900 ns, Total: 9012304 ns
[2020-03-27T04:57:45.183+0000][1][safepoint    ] Safepoint "RevokeBias", Time since last: 12351605 ns, Reaching safepoint: 2081901 ns, At safepoint: 10500 ns, Total: 2092401 ns
[2020-03-27T04:57:45.184+0000][1][safepoint    ] Safepoint "RevokeBias", Time since last: 643400 ns, Reaching safepoint: 98300 ns, At safepoint: 3500 ns, Total: 101800 ns
[2020-03-27T04:57:45.207+0000][1][safepoint    ] Safepoint "RevokeBias", Time since last: 23307310 ns, Reaching safepoint: 267001 ns, At safepoint: 6900 ns, Total: 273901 ns
[2020-03-27T04:57:45.233+0000][1][safepoint    ] Safepoint "RevokeBias", Time since last: 19528708 ns, Reaching safepoint: 5847302 ns, At safepoint: 26900 ns, Total: 5874202 ns
[2020-03-27T04:57:45.233+0000][1][safepoint    ] Safepoint "RevokeBias", Time since last: 590901 ns, Reaching safepoint: 62500 ns, At safepoint: 4300 ns, Total: 66800 ns
[2020-03-27T04:57:45.234+0000][1][safepoint    ] Safepoint "RevokeBias", Time since last: 288500 ns, Reaching safepoint: 75300 ns, At safepoint: 4000 ns, Total: 79300 ns
[2020-03-27T04:57:45.234+0000][1][safepoint    ] Safepoint "RevokeBias", Time since last: 497000 ns, Reaching safepoint: 55000 ns, At safepoint: 4400 ns, Total: 59400 ns
[2020-03-27T04:57:45.253+0000][1][safepoint    ] Safepoint "RevokeBias", Time since last: 17256008 ns, Reaching safepoint: 1886900 ns, At safepoint: 10400 ns, Total: 1897300 ns
[2020-03-27T04:57:45.260+0000][1][safepoint    ] Safepoint "RevokeBias", Time since last: 5302003 ns, Reaching safepoint: 767000 ns, At safepoint: 5900 ns, Total: 772900 ns
[2020-03-27T04:57:45.278+0000][1][safepoint    ] Safepoint "RevokeBias", Time since last: 18226108 ns, Reaching safepoint: 637500 ns, At safepoint: 6800 ns, Total: 644300 ns
[2020-03-27T04:57:45.279+0000][1][safepoint    ] Safepoint "RevokeBias", Time since last: 559000 ns, Reaching safepoint: 73100 ns, At safepoint: 4500 ns, Total: 77600 ns
[2020-03-27T04:57:45.280+0000][1][safepoint    ] Safepoint "RevokeBias", Time since last: 380301 ns, Reaching safepoint: 104600 ns, At safepoint: 5000 ns, Total: 109600 ns
[2020-03-27T04:57:45.280+0000][1][safepoint    ] Safepoint "RevokeBias", Time since last: 840200 ns, Reaching safepoint: 62800 ns, At safepoint: 4900 ns, Total: 67700 ns
[2020-03-27T04:57:45.341+0000][1][safepoint    ] Safepoint "RevokeBias", Time since last: 53684323 ns, Reaching safepoint: 2968001 ns, At safepoint: 3641002 ns, Total: 6609003 ns
[2020-03-27T04:57:45.343+0000][1][safepoint    ] Safepoint "RevokeBias", Time since last: 2477401 ns, Reaching safepoint: 88100 ns, At safepoint: 15300 ns, Total: 103400 ns
[2020-03-27T04:57:45.344+0000][1][safepoint    ] Safepoint "RevokeBias", Time since last: 362200 ns, Reaching safepoint: 24100 ns, At safepoint: 13200 ns, Total: 37300 ns
[2020-03-27T04:57:45.344+0000][1][safepoint    ] Safepoint "RevokeBias", Time since last: 322700 ns, Reaching safepoint: 21500 ns, At safepoint: 13700 ns, Total: 35200 ns
[2020-03-27T04:57:45.345+0000][1][safepoint    ] Safepoint "RevokeBias", Time since last: 1164601 ns, Reaching safepoint: 29100 ns, At safepoint: 13300 ns, Total: 42400 ns
[2020-03-27T04:57:45.356+0000][1][safepoint    ] Safepoint "RevokeBias", Time since last: 10941404 ns, Reaching safepoint: 82701 ns, At safepoint: 30500 ns, Total: 113201 ns
[2020-03-27T04:57:45.362+0000][1][safepoint    ] Safepoint "RevokeBias", Time since last: 5309402 ns, Reaching safepoint: 34800 ns, At safepoint: 14600 ns, Total: 49400 ns
[2020-03-27T04:57:45.371+0000][1][safepoint    ] Safepoint "RevokeBias", Time since last: 9227804 ns, Reaching safepoint: 38400 ns, At safepoint: 11400 ns, Total: 49800 ns
[2020-03-27T04:57:45.382+0000][1][safepoint    ] Safepoint "RevokeBias", Time since last: 10485704 ns, Reaching safepoint: 431600 ns, At safepoint: 223001 ns, Total: 654601 ns
[2020-03-27T04:57:45.404+0000][1][safepoint    ] Safepoint "RevokeBias", Time since last: 21781909 ns, Reaching safepoint: 110400 ns, At safepoint: 22200 ns, Total: 132600 ns
[2020-03-27T04:57:45.407+0000][1][safepoint    ] Safepoint "RevokeBias", Time since last: 1247001 ns, Reaching safepoint: 2126400 ns, At safepoint: 60700 ns, Total: 2187100 ns
[2020-03-27T04:57:45.412+0000][1][safepoint    ] Safepoint "RevokeBias", Time since last: 4004102 ns, Reaching safepoint: 75800 ns, At safepoint: 103600 ns, Total: 179400 ns
[2020-03-27T04:57:45.413+0000][1][safepoint    ] Safepoint "RevokeBias", Time since last: 1216501 ns, Reaching safepoint: 148100 ns, At safepoint: 223600 ns, Total: 371700 ns
[2020-03-27T04:57:45.517+0000][1][safepoint    ] Safepoint "RevokeBias", Time since last: 103647544 ns, Reaching safepoint: 114900 ns, At safepoint: 10300 ns, Total: 125200 ns
[2020-03-27T04:57:45.519+0000][1][safepoint    ] Safepoint "RevokeBias", Time since last: 1548601 ns, Reaching safepoint: 101400 ns, At safepoint: 5700 ns, Total: 107100 ns
[2020-03-27T04:57:45.519+0000][1][safepoint    ] Safepoint "RevokeBias", Time since last: 371000 ns, Reaching safepoint: 91000 ns, At safepoint: 4100 ns, Total: 95100 ns
[2020-03-27T04:57:45.534+0000][1][safepoint    ] Safepoint "Deoptimize", Time since last: 13637206 ns, Reaching safepoint: 811501 ns, At safepoint: 675500 ns, Total: 1487001 ns
[2020-03-27T04:57:45.574+0000][1][safepoint    ] Safepoint "RevokeBias", Time since last: 39200717 ns, Reaching safepoint: 368300 ns, At safepoint: 5600 ns, Total: 373900 ns
[2020-03-27T04:57:45.576+0000][1][safepoint    ] Safepoint "RevokeBias", Time since last: 1875201 ns, Reaching safepoint: 102600 ns, At safepoint: 5600 ns, Total: 108200 ns
[2020-03-27T04:57:45.605+0000][1][safepoint    ] Safepoint "RevokeBias", Time since last: 29135012 ns, Reaching safepoint: 162300 ns, At safepoint: 8700 ns, Total: 171000 ns
[2020-03-27T04:57:45.657+0000][1][safepoint    ] Safepoint "RevokeBias", Time since last: 51434222 ns, Reaching safepoint: 898201 ns, At safepoint: 7500 ns, Total: 905701 ns
[2020-03-27T04:57:45.658+0000][1][safepoint    ] Safepoint "RevokeBias", Time since last: 782900 ns, Reaching safepoint: 132000 ns, At safepoint: 5800 ns, Total: 137800 ns
[2020-03-27T04:57:45.662+0000][1][safepoint    ] Safepoint "RevokeBias", Time since last: 3653302 ns, Reaching safepoint: 257100 ns, At safepoint: 7100 ns, Total: 264200 ns
[2020-03-27T04:57:45.663+0000][1][safepoint    ] Safepoint "RevokeBias", Time since last: 542700 ns, Reaching safepoint: 193500 ns, At safepoint: 4800 ns, Total: 198300 ns
[2020-03-27T04:57:45.671+0000][1][safepoint    ] Safepoint "BulkRevokeBias", Time since last: 7219603 ns, Reaching safepoint: 964601 ns, At safepoint: 154300 ns, Total: 1118901 ns
[2020-03-27T04:57:45.673+0000][1][safepoint    ] Safepoint "RevokeBias", Time since last: 976800 ns, Reaching safepoint: 356300 ns, At safepoint: 5400 ns, Total: 361700 ns
[2020-03-27T04:57:45.680+0000][1][safepoint    ] Safepoint "RevokeBias", Time since last: 7445403 ns, Reaching safepoint: 191201 ns, At safepoint: 5400 ns, Total: 196601 ns
[2020-03-27T04:57:45.682+0000][1][safepoint    ] Safepoint "RevokeBias", Time since last: 1202600 ns, Reaching safepoint: 179500 ns, At safepoint: 7300 ns, Total: 186800 ns
[2020-03-27T04:57:45.693+0000][1][safepoint    ] Safepoint "BulkRevokeBias", Time since last: 11350405 ns, Reaching safepoint: 101400 ns, At safepoint: 128400 ns, Total: 229800 ns
[2020-03-27T04:57:45.800+0000][1][safepoint    ] Safepoint "RevokeBias", Time since last: 106686846 ns, Reaching safepoint: 99700 ns, At safepoint: 4800 ns, Total: 104500 ns
[2020-03-27T04:57:45.801+0000][1][safepoint    ] Safepoint "RevokeBias", Time since last: 976900 ns, Reaching safepoint: 135000 ns, At safepoint: 5500 ns, Total: 140500 ns
[2020-03-27T04:57:45.951+0000][1][safepoint    ] Safepoint "RevokeBias", Time since last: 149688665 ns, Reaching safepoint: 48300 ns, At safepoint: 10000 ns, Total: 58300 ns
[2020-03-27T04:57:45.951+0000][1][safepoint    ] Safepoint "RevokeBias", Time since last: 397900 ns, Reaching safepoint: 33500 ns, At safepoint: 7900 ns, Total: 41400 ns
[2020-03-27T04:57:46.071+0000][1][safepoint    ] Safepoint "RevokeBias", Time since last: 117895850 ns, Reaching safepoint: 1799201 ns, At safepoint: 15000 ns, Total: 1814201 ns
[2020-03-27T04:57:46.072+0000][1][safepoint    ] Safepoint "RevokeBias", Time since last: 530000 ns, Reaching safepoint: 24700 ns, At safepoint: 8900 ns, Total: 33600 ns
[2020-03-27T04:57:46.190+0000][1][safepoint    ] Safepoint "RevokeBias", Time since last: 118628151 ns, Reaching safepoint: 106900 ns, At safepoint: 9000 ns, Total: 115900 ns
[2020-03-27T04:57:46.191+0000][1][safepoint    ] Safepoint "RevokeBias", Time since last: 868901 ns, Reaching safepoint: 20300 ns, At safepoint: 7000 ns, Total: 27300 ns
[2020-03-27T04:57:46.308+0000][1][safepoint    ] Safepoint "RevokeBias", Time since last: 116613250 ns, Reaching safepoint: 115000 ns, At safepoint: 12800 ns, Total: 127800 ns
[2020-03-27T04:57:46.310+0000][1][safepoint    ] Safepoint "RevokeBias", Time since last: 2374501 ns, Reaching safepoint: 29700 ns, At safepoint: 10200 ns, Total: 39900 ns
[2020-03-27T04:57:46.437+0000][1][safepoint    ] Safepoint "RevokeBias", Time since last: 126190254 ns, Reaching safepoint: 87100 ns, At safepoint: 11300 ns, Total: 98400 ns
[2020-03-27T04:57:46.437+0000][1][safepoint    ] Safepoint "RevokeBias", Time since last: 567000 ns, Reaching safepoint: 28400 ns, At safepoint: 9400 ns, Total: 37800 ns
[2020-03-27T04:57:46.570+0000][1][safepoint    ] Safepoint "RevokeBias", Time since last: 132146857 ns, Reaching safepoint: 110000 ns, At safepoint: 9700 ns, Total: 119700 ns
[2020-03-27T04:57:46.570+0000][1][safepoint    ] Safepoint "RevokeBias", Time since last: 415500 ns, Reaching safepoint: 17200 ns, At safepoint: 7900 ns, Total: 25100 ns
[2020-03-27T04:57:46.724+0000][1][safepoint    ] Safepoint "RevokeBias", Time since last: 153582366 ns, Reaching safepoint: 60000 ns, At safepoint: 11700 ns, Total: 71700 ns
[2020-03-27T04:57:46.724+0000][1][safepoint    ] Safepoint "RevokeBias", Time since last: 326800 ns, Reaching safepoint: 76900 ns, At safepoint: 8300 ns, Total: 85200 ns
[2020-03-27T04:57:46.863+0000][1][safepoint    ] Safepoint "RevokeBias", Time since last: 138358560 ns, Reaching safepoint: 40900 ns, At safepoint: 13300 ns, Total: 54200 ns
[2020-03-27T04:57:46.864+0000][1][safepoint    ] Safepoint "RevokeBias", Time since last: 902200 ns, Reaching safepoint: 251400 ns, At safepoint: 10100 ns, Total: 261500 ns
[2020-03-27T04:57:46.984+0000][1][gc,start     ] GC(16) Pause Young (Allocation Failure)
[2020-03-27T04:57:46.984+0000][1][gc,task      ] GC(16) Using 2 workers of 2 for evacuation
[2020-03-27T04:57:47.017+0000][1][gc,age       ] GC(16) Desired survivor size 8716288 bytes, new threshold 2 (max threshold 6)
[2020-03-27T04:57:47.018+0000][1][gc,age       ] GC(16) Age table with threshold 2 (max threshold 6)
[2020-03-27T04:57:47.018+0000][1][gc,age       ] GC(16) - age   1:    7035928 bytes,    7035928 total
[2020-03-27T04:57:47.018+0000][1][gc,age       ] GC(16) - age   2:    5174728 bytes,   12210656 total
[2020-03-27T04:57:47.019+0000][1][gc,age       ] GC(16) - age   3:    2127352 bytes,   14338008 total
[2020-03-27T04:57:47.019+0000][1][gc,heap      ] GC(16) ParNew: 145612K->17024K(153344K)
[2020-03-27T04:57:47.019+0000][1][gc,heap      ] GC(16) CMS: 55555K->56040K(353920K)
[2020-03-27T04:57:47.020+0000][1][gc,metaspace ] GC(16) Metaspace: 78689K->78689K(1122304K)
[2020-03-27T04:57:47.020+0000][1][gc           ] GC(16) Pause Young (Allocation Failure) 196M->71M(495M) 36.456ms
[2020-03-27T04:57:47.020+0000][1][gc,cpu       ] GC(16) User=0.03s Sys=0.00s Real=0.04s
[2020-03-27T04:57:47.021+0000][1][safepoint    ] Safepoint "GenCollectForAllocation", Time since last: 117691651 ns, Reaching safepoint: 2106601 ns, At safepoint: 37115716 ns, Total: 39222317 ns
[2020-03-27T04:57:47.048+0000][1][safepoint    ] Safepoint "RevokeBias", Time since last: 27305811 ns, Reaching safepoint: 42900 ns, At safepoint: 12600 ns, Total: 55500 ns
[2020-03-27T04:57:47.052+0000][1][safepoint    ] Safepoint "RevokeBias", Time since last: 3684402 ns, Reaching safepoint: 32900 ns, At safepoint: 10500 ns, Total: 43400 ns
[2020-03-27T04:57:47.175+0000][1][safepoint    ] Safepoint "RevokeBias", Time since last: 123183653 ns, Reaching safepoint: 86100 ns, At safepoint: 12500 ns, Total: 98600 ns
[2020-03-27T04:57:47.310+0000][1][safepoint    ] Safepoint "RevokeBias", Time since last: 133616757 ns, Reaching safepoint: 1102201 ns, At safepoint: 34200 ns, Total: 1136401 ns
[2020-03-27T04:57:47.452+0000][1][safepoint    ] Safepoint "RevokeBias", Time since last: 140185060 ns, Reaching safepoint: 1595201 ns, At safepoint: 18800 ns, Total: 1614001 ns
[2020-03-27T04:57:47.584+0000][1][safepoint    ] Safepoint "RevokeBias", Time since last: 131211156 ns, Reaching safepoint: 758600 ns, At safepoint: 5600 ns, Total: 764200 ns
[2020-03-27T04:57:47.586+0000][1][safepoint    ] Safepoint "RevokeBias", Time since last: 665501 ns, Reaching safepoint: 1321300 ns, At safepoint: 5300 ns, Total: 1326600 ns
[2020-03-27T04:57:47.586+0000][1][safepoint    ] Safepoint "RevokeBias", Time since last: 817200 ns, Reaching safepoint: 90700 ns, At safepoint: 3900 ns, Total: 94600 ns
[2020-03-27T04:57:47.587+0000][1][safepoint    ] Safepoint "RevokeBias", Time since last: 415401 ns, Reaching safepoint: 100300 ns, At safepoint: 3600 ns, Total: 103900 ns
[2020-03-27T04:57:47.588+0000][1][safepoint    ] Safepoint "RevokeBias", Time since last: 468800 ns, Reaching safepoint: 109800 ns, At safepoint: 4500 ns, Total: 114300 ns
[2020-03-27T04:57:47.588+0000][1][safepoint    ] Safepoint "RevokeBias", Time since last: 445400 ns, Reaching safepoint: 88600 ns, At safepoint: 16800 ns, Total: 105400 ns
[2020-03-27T04:57:47.588+0000][1][safepoint    ] Safepoint "RevokeBias", Time since last: 273700 ns, Reaching safepoint: 88800 ns, At safepoint: 4000 ns, Total: 92800 ns
[2020-03-27T04:57:47.589+0000][1][safepoint    ] Safepoint "RevokeBias", Time since last: 393601 ns, Reaching safepoint: 120000 ns, At safepoint: 4200 ns, Total: 124200 ns
[2020-03-27T04:57:47.753+0000][1][safepoint    ] Safepoint "RevokeBias", Time since last: 159530668 ns, Reaching safepoint: 4046102 ns, At safepoint: 8300 ns, Total: 4054402 ns
[2020-03-27T04:57:47.756+0000][1][safepoint    ] Safepoint "RevokeBias", Time since last: 2772401 ns, Reaching safepoint: 187200 ns, At safepoint: 12900 ns, Total: 200100 ns
[2020-03-27T04:57:47.876+0000][1][safepoint    ] Safepoint "RevokeBias", Time since last: 120470852 ns, Reaching safepoint: 109700 ns, At safepoint: 10500 ns, Total: 120200 ns
[2020-03-27T04:57:48.877+0000][1][safepoint    ] Safepoint "Cleanup", Time since last: 1000606029 ns, Reaching safepoint: 72100 ns, At safepoint: 2600 ns, Total: 74700 ns
[2020-03-27T04:57:49.877+0000][1][safepoint    ] Safepoint "Cleanup", Time since last: 1000627530 ns, Reaching safepoint: 39100 ns, At safepoint: 5300 ns, Total: 44400 ns
[2020-03-27T04:57:50.058+0000][1][safepoint    ] Safepoint "RevokeBias", Time since last: 180882577 ns, Reaching safepoint: 41700 ns, At safepoint: 7300 ns, Total: 49000 ns
[2020-03-27T04:57:50.069+0000][1][safepoint    ] Safepoint "RevokeBias", Time since last: 10819205 ns, Reaching safepoint: 107100 ns, At safepoint: 21100 ns, Total: 128200 ns
[2020-03-27T04:57:50.070+0000][1][safepoint    ] Safepoint "RevokeBias", Time since last: 672800 ns, Reaching safepoint: 108600 ns, At safepoint: 7700 ns, Total: 116300 ns
[2020-03-27T04:57:50.076+0000][1][safepoint    ] Safepoint "RevokeBias", Time since last: 5529703 ns, Reaching safepoint: 88800 ns, At safepoint: 33700 ns, Total: 122500 ns
[2020-03-27T04:57:50.077+0000][1][safepoint    ] Safepoint "RevokeBias", Time since last: 1211600 ns, Reaching safepoint: 85500 ns, At safepoint: 4600 ns, Total: 90100 ns
[2020-03-27T04:57:50.083+0000][1][safepoint    ] Safepoint "RevokeBias", Time since last: 5598603 ns, Reaching safepoint: 144100 ns, At safepoint: 6400 ns, Total: 150500 ns
[2020-03-27T04:57:50.154+0000][1][safepoint    ] Safepoint "Deoptimize", Time since last: 69571130 ns, Reaching safepoint: 39400 ns, At safepoint: 1218100 ns, Total: 1257500 ns
[2020-03-27T04:57:50.168+0000][1][safepoint    ] Safepoint "RevokeBias", Time since last: 14316206 ns, Reaching safepoint: 54000 ns, At safepoint: 9800 ns, Total: 63800 ns
[2020-03-27T04:57:50.184+0000][1][safepoint    ] Safepoint "RevokeBias", Time since last: 16074107 ns, Reaching safepoint: 102100 ns, At safepoint: 5000 ns, Total: 107100 ns
[2020-03-27T04:57:50.306+0000][1][safepoint    ] Safepoint "RevokeBias", Time since last: 121857252 ns, Reaching safepoint: 228701 ns, At safepoint: 5400 ns, Total: 234101 ns
[2020-03-27T04:57:50.359+0000][1][safepoint    ] Safepoint "Deoptimize", Time since last: 52349722 ns, Reaching safepoint: 37400 ns, At safepoint: 394000 ns, Total: 431400 ns
[2020-03-27T04:57:50.462+0000][1][safepoint    ] Safepoint "RevokeBias", Time since last: 102706844 ns, Reaching safepoint: 62700 ns, At safepoint: 12300 ns, Total: 75000 ns
[2020-03-27T04:57:51.475+0000][1][safepoint    ] Safepoint "Cleanup", Time since last: 1007617633 ns, Reaching safepoint: 4547802 ns, At safepoint: 12900 ns, Total: 4560702 ns
[2020-03-27T04:57:52.507+0000][1][safepoint    ] Safepoint "Cleanup", Time since last: 1031443442 ns, Reaching safepoint: 1259501 ns, At safepoint: 7400 ns, Total: 1266901 ns
[2020-03-27T04:57:53.509+0000][1][safepoint    ] Safepoint "Cleanup", Time since last: 1002193653 ns, Reaching safepoint: 42500 ns, At safepoint: 3800 ns, Total: 46300 ns
[2020-03-27T04:57:53.540+0000][1][safepoint    ] Safepoint "RevokeBias", Time since last: 30836406 ns, Reaching safepoint: 105700 ns, At safepoint: 5100 ns, Total: 110800 ns
[2020-03-27T04:57:53.543+0000][1][safepoint    ] Safepoint "RevokeBias", Time since last: 2466601 ns, Reaching safepoint: 182000 ns, At safepoint: 8400 ns, Total: 190400 ns
[2020-03-27T04:57:53.549+0000][1][safepoint    ] Safepoint "RevokeBias", Time since last: 5962401 ns, Reaching safepoint: 39400 ns, At safepoint: 7200 ns, Total: 46600 ns
[2020-03-27T04:57:53.675+0000][1][safepoint    ] Safepoint "RevokeBias", Time since last: 125829326 ns, Reaching safepoint: 74300 ns, At safepoint: 7700 ns, Total: 82000 ns
[2020-03-27T04:57:53.676+0000][1][safepoint    ] Safepoint "RevokeBias", Time since last: 1432000 ns, Reaching safepoint: 167300 ns, At safepoint: 7200 ns, Total: 174500 ns
[2020-03-27T04:57:53.678+0000][1][safepoint    ] Safepoint "RevokeBias", Time since last: 2102500 ns, Reaching safepoint: 24600 ns, At safepoint: 16300 ns, Total: 40900 ns
[2020-03-27T04:57:53.679+0000][1][safepoint    ] Safepoint "RevokeBias", Time since last: 428401 ns, Reaching safepoint: 73900 ns, At safepoint: 26000 ns, Total: 99900 ns
[2020-03-27T04:57:53.689+0000][1][safepoint    ] Safepoint "RevokeBias", Time since last: 10308302 ns, Reaching safepoint: 36000 ns, At safepoint: 9000 ns, Total: 45000 ns
[2020-03-27T04:57:53.706+0000][1][safepoint    ] Safepoint "RevokeBias", Time since last: 17131203 ns, Reaching safepoint: 103700 ns, At safepoint: 38900 ns, Total: 142600 ns
[2020-03-27T04:57:53.730+0000][1][safepoint    ] Safepoint "RevokeBias", Time since last: 23976705 ns, Reaching safepoint: 41600 ns, At safepoint: 5200 ns, Total: 46800 ns
[2020-03-27T04:57:53.731+0000][1][safepoint    ] Safepoint "RevokeBias", Time since last: 642800 ns, Reaching safepoint: 67200 ns, At safepoint: 4600 ns, Total: 71800 ns
[2020-03-27T04:57:53.732+0000][1][safepoint    ] Safepoint "RevokeBias", Time since last: 286100 ns, Reaching safepoint: 65100 ns, At safepoint: 4000 ns, Total: 69100 ns
[2020-03-27T04:57:53.744+0000][1][safepoint    ] Safepoint "RevokeBias", Time since last: 12207403 ns, Reaching safepoint: 39100 ns, At safepoint: 6000 ns, Total: 45100 ns
[2020-03-27T04:57:53.745+0000][1][safepoint    ] Safepoint "RevokeBias", Time since last: 1028700 ns, Reaching safepoint: 27000 ns, At safepoint: 12000 ns, Total: 39000 ns
[2020-03-27T04:57:53.746+0000][1][safepoint    ] Safepoint "RevokeBias", Time since last: 700600 ns, Reaching safepoint: 22200 ns, At safepoint: 10000 ns, Total: 32200 ns
[2020-03-27T04:57:53.746+0000][1][safepoint    ] Safepoint "RevokeBias", Time since last: 768400 ns, Reaching safepoint: 18200 ns, At safepoint: 11000 ns, Total: 29200 ns
[2020-03-27T04:57:53.747+0000][1][safepoint    ] Safepoint "RevokeBias", Time since last: 468300 ns, Reaching safepoint: 45000 ns, At safepoint: 9800 ns, Total: 54800 ns
[2020-03-27T04:57:53.748+0000][1][safepoint    ] Safepoint "RevokeBias", Time since last: 548401 ns, Reaching safepoint: 172000 ns, At safepoint: 7800 ns, Total: 179800 ns
[2020-03-27T04:57:53.748+0000][1][safepoint    ] Safepoint "RevokeBias", Time since last: 389200 ns, Reaching safepoint: 257600 ns, At safepoint: 22800 ns, Total: 280400 ns
[2020-03-27T04:57:53.749+0000][1][safepoint    ] Safepoint "RevokeBias", Time since last: 397300 ns, Reaching safepoint: 17800 ns, At safepoint: 5900 ns, Total: 23700 ns
[2020-03-27T04:57:53.749+0000][1][safepoint    ] Safepoint "RevokeBias", Time since last: 266900 ns, Reaching safepoint: 85800 ns, At safepoint: 20900 ns, Total: 106700 ns
[2020-03-27T04:57:53.750+0000][1][safepoint    ] Safepoint "RevokeBias", Time since last: 440500 ns, Reaching safepoint: 17100 ns, At safepoint: 6100 ns, Total: 23200 ns
[2020-03-27T04:57:53.750+0000][1][safepoint    ] Safepoint "RevokeBias", Time since last: 223500 ns, Reaching safepoint: 17600 ns, At safepoint: 6100 ns, Total: 23700 ns
[2020-03-27T04:57:53.750+0000][1][safepoint    ] Safepoint "RevokeBias", Time since last: 250800 ns, Reaching safepoint: 152500 ns, At safepoint: 8000 ns, Total: 160500 ns
[2020-03-27T04:57:53.751+0000][1][safepoint    ] Safepoint "RevokeBias", Time since last: 289500 ns, Reaching safepoint: 17300 ns, At safepoint: 5800 ns, Total: 23100 ns
[2020-03-27T04:57:53.751+0000][1][safepoint    ] Safepoint "RevokeBias", Time since last: 836800 ns, Reaching safepoint: 88000 ns, At safepoint: 8900 ns, Total: 96900 ns
[2020-03-27T04:57:53.752+0000][1][safepoint    ] Safepoint "RevokeBias", Time since last: 363600 ns, Reaching safepoint: 152901 ns, At safepoint: 8300 ns, Total: 161201 ns
[2020-03-27T04:57:53.752+0000][1][safepoint    ] Safepoint "RevokeBias", Time since last: 198800 ns, Reaching safepoint: 17300 ns, At safepoint: 6500 ns, Total: 23800 ns
[2020-03-27T04:57:53.753+0000][1][safepoint    ] Safepoint "RevokeBias", Time since last: 221300 ns, Reaching safepoint: 196900 ns, At safepoint: 7700 ns, Total: 204600 ns
[2020-03-27T04:57:53.753+0000][1][safepoint    ] Safepoint "RevokeBias", Time since last: 164100 ns, Reaching safepoint: 17000 ns, At safepoint: 5700 ns, Total: 22700 ns
[2020-03-27T04:57:53.753+0000][1][safepoint    ] Safepoint "RevokeBias", Time since last: 193300 ns, Reaching safepoint: 16600 ns, At safepoint: 6600 ns, Total: 23200 ns
[2020-03-27T04:57:53.753+0000][1][safepoint    ] Safepoint "RevokeBias", Time since last: 168000 ns, Reaching safepoint: 26100 ns, At safepoint: 6600 ns, Total: 32700 ns
[2020-03-27T04:57:53.754+0000][1][safepoint    ] Safepoint "RevokeBias", Time since last: 544100 ns, Reaching safepoint: 20100 ns, At safepoint: 6000 ns, Total: 26100 ns
[2020-03-27T04:57:53.754+0000][1][safepoint    ] Safepoint "RevokeBias", Time since last: 265200 ns, Reaching safepoint: 17000 ns, At safepoint: 6900 ns, Total: 23900 ns
[2020-03-27T04:57:53.754+0000][1][safepoint    ] Safepoint "RevokeBias", Time since last: 236900 ns, Reaching safepoint: 20400 ns, At safepoint: 8100 ns, Total: 28500 ns
[2020-03-27T04:57:53.755+0000][1][safepoint    ] Safepoint "RevokeBias", Time since last: 215800 ns, Reaching safepoint: 17000 ns, At safepoint: 6900 ns, Total: 23900 ns
[2020-03-27T04:57:53.755+0000][1][safepoint    ] Safepoint "RevokeBias", Time since last: 167600 ns, Reaching safepoint: 16300 ns, At safepoint: 6000 ns, Total: 22300 ns
[2020-03-27T04:57:53.755+0000][1][safepoint    ] Safepoint "RevokeBias", Time since last: 156100 ns, Reaching safepoint: 16600 ns, At safepoint: 6800 ns, Total: 23400 ns
[2020-03-27T04:57:53.755+0000][1][safepoint    ] Safepoint "RevokeBias", Time since last: 349800 ns, Reaching safepoint: 16900 ns, At safepoint: 6300 ns, Total: 23200 ns
[2020-03-27T04:57:53.757+0000][1][safepoint    ] Safepoint "RevokeBias", Time since last: 1586901 ns, Reaching safepoint: 81800 ns, At safepoint: 9400 ns, Total: 91200 ns
[2020-03-27T04:57:53.759+0000][1][safepoint    ] Safepoint "RevokeBias", Time since last: 1930700 ns, Reaching safepoint: 89500 ns, At safepoint: 7300 ns, Total: 96800 ns
[2020-03-27T04:57:53.764+0000][1][safepoint    ] Safepoint "RevokeBias", Time since last: 4459301 ns, Reaching safepoint: 124800 ns, At safepoint: 15800 ns, Total: 140600 ns
[2020-03-27T04:57:53.764+0000][1][safepoint    ] Safepoint "RevokeBias", Time since last: 597800 ns, Reaching safepoint: 97200 ns, At safepoint: 10800 ns, Total: 108000 ns
[2020-03-27T04:57:53.814+0000][1][safepoint    ] Safepoint "BulkRevokeBias", Time since last: 48244810 ns, Reaching safepoint: 213300 ns, At safepoint: 663900 ns, Total: 877200 ns
[2020-03-27T04:57:53.907+0000][1][safepoint    ] Safepoint "RevokeBias", Time since last: 93012919 ns, Reaching safepoint: 51700 ns, At safepoint: 13000 ns, Total: 64700 ns
[2020-03-27T04:57:54.011+0000][1][safepoint    ] Safepoint "RevokeBias", Time since last: 103866721 ns, Reaching safepoint: 109500 ns, At safepoint: 239400 ns, Total: 348900 ns
[2020-03-27T04:57:54.011+0000][1][safepoint    ] Safepoint "RevokeBias", Time since last: 495401 ns, Reaching safepoint: 36600 ns, At safepoint: 16300 ns, Total: 52900 ns
[2020-03-27T04:57:54.069+0000][1][safepoint    ] Safepoint "RevokeBias", Time since last: 55165811 ns, Reaching safepoint: 2051200 ns, At safepoint: 12500 ns, Total: 2063700 ns
[2020-03-27T04:57:54.072+0000][1][safepoint    ] Safepoint "RevokeBias", Time since last: 2831701 ns, Reaching safepoint: 276000 ns, At safepoint: 10600 ns, Total: 286600 ns
[2020-03-27T04:57:54.083+0000][1][safepoint    ] Safepoint "RevokeBias", Time since last: 11700602 ns, Reaching safepoint: 45800 ns, At safepoint: 4900 ns, Total: 50700 ns
[2020-03-27T04:57:54.232+0000][1][safepoint    ] Safepoint "RevokeBias", Time since last: 148531231 ns, Reaching safepoint: 116000 ns, At safepoint: 16400 ns, Total: 132400 ns
[2020-03-27T04:57:54.233+0000][1][safepoint    ] Safepoint "RevokeBias", Time since last: 352200 ns, Reaching safepoint: 65500 ns, At safepoint: 13500 ns, Total: 79000 ns
[2020-03-27T04:57:54.234+0000][1][safepoint    ] Safepoint "RevokeBias", Time since last: 1459000 ns, Reaching safepoint: 191100 ns, At safepoint: 16500 ns, Total: 207600 ns
[2020-03-27T04:57:54.235+0000][1][safepoint    ] Safepoint "RevokeBias", Time since last: 207300 ns, Reaching safepoint: 99600 ns, At safepoint: 14200 ns, Total: 113800 ns
[2020-03-27T04:57:54.235+0000][1][safepoint    ] Safepoint "RevokeBias", Time since last: 218000 ns, Reaching safepoint: 105200 ns, At safepoint: 12300 ns, Total: 117500 ns
[2020-03-27T04:57:54.235+0000][1][safepoint    ] Safepoint "RevokeBias", Time since last: 170300 ns, Reaching safepoint: 91000 ns, At safepoint: 11500 ns, Total: 102500 ns
[2020-03-27T04:57:54.235+0000][1][safepoint    ] Safepoint "RevokeBias", Time since last: 250300 ns, Reaching safepoint: 90500 ns, At safepoint: 11400 ns, Total: 101900 ns
[2020-03-27T04:57:54.236+0000][1][safepoint    ] Safepoint "RevokeBias", Time since last: 202200 ns, Reaching safepoint: 89300 ns, At safepoint: 12300 ns, Total: 101600 ns
[2020-03-27T04:57:54.236+0000][1][safepoint    ] Safepoint "RevokeBias", Time since last: 205300 ns, Reaching safepoint: 168100 ns, At safepoint: 11600 ns, Total: 179700 ns
[2020-03-27T04:57:54.236+0000][1][safepoint    ] Safepoint "RevokeBias", Time since last: 186601 ns, Reaching safepoint: 56900 ns, At safepoint: 15400 ns, Total: 72300 ns
[2020-03-27T04:57:54.239+0000][1][safepoint    ] Safepoint "RevokeBias", Time since last: 283000 ns, Reaching safepoint: 2053400 ns, At safepoint: 17800 ns, Total: 2071200 ns
[2020-03-27T04:57:54.239+0000][1][safepoint    ] Safepoint "RevokeBias", Time since last: 352100 ns, Reaching safepoint: 153300 ns, At safepoint: 18400 ns, Total: 171700 ns
[2020-03-27T04:57:54.240+0000][1][safepoint    ] Safepoint "RevokeBias", Time since last: 233600 ns, Reaching safepoint: 146600 ns, At safepoint: 17800 ns, Total: 164400 ns
[2020-03-27T04:57:54.240+0000][1][safepoint    ] Safepoint "RevokeBias", Time since last: 193900 ns, Reaching safepoint: 94000 ns, At safepoint: 16700 ns, Total: 110700 ns
[2020-03-27T04:57:54.240+0000][1][safepoint    ] Safepoint "RevokeBias", Time since last: 186300 ns, Reaching safepoint: 80500 ns, At safepoint: 14200 ns, Total: 94700 ns
[2020-03-27T04:57:54.241+0000][1][safepoint    ] Safepoint "RevokeBias", Time since last: 411800 ns, Reaching safepoint: 83400 ns, At safepoint: 14000 ns, Total: 97400 ns
[2020-03-27T04:57:54.241+0000][1][safepoint    ] Safepoint "RevokeBias", Time since last: 235300 ns, Reaching safepoint: 117501 ns, At safepoint: 11600 ns, Total: 129101 ns
[2020-03-27T04:57:54.242+0000][1][safepoint    ] Safepoint "RevokeBias", Time since last: 285400 ns, Reaching safepoint: 144600 ns, At safepoint: 15300 ns, Total: 159900 ns
[2020-03-27T04:57:54.242+0000][1][safepoint    ] Safepoint "RevokeBias", Time since last: 220900 ns, Reaching safepoint: 110200 ns, At safepoint: 13400 ns, Total: 123600 ns
[2020-03-27T04:57:54.243+0000][1][safepoint    ] Safepoint "RevokeBias", Time since last: 444400 ns, Reaching safepoint: 121000 ns, At safepoint: 12600 ns, Total: 133600 ns
[2020-03-27T04:57:54.243+0000][1][safepoint    ] Safepoint "RevokeBias", Time since last: 193900 ns, Reaching safepoint: 151100 ns, At safepoint: 21300 ns, Total: 172400 ns
[2020-03-27T04:57:54.243+0000][1][safepoint    ] Safepoint "RevokeBias", Time since last: 177700 ns, Reaching safepoint: 91400 ns, At safepoint: 12200 ns, Total: 103600 ns
[2020-03-27T04:57:54.244+0000][1][safepoint    ] Safepoint "RevokeBias", Time since last: 213800 ns, Reaching safepoint: 98500 ns, At safepoint: 18800 ns, Total: 117300 ns
[2020-03-27T04:57:54.244+0000][1][safepoint    ] Safepoint "RevokeBias", Time since last: 152100 ns, Reaching safepoint: 89600 ns, At safepoint: 11500 ns, Total: 101100 ns
[2020-03-27T04:57:54.244+0000][1][safepoint    ] Safepoint "RevokeBias", Time since last: 270600 ns, Reaching safepoint: 102900 ns, At safepoint: 11700 ns, Total: 114600 ns
[2020-03-27T04:57:54.245+0000][1][safepoint    ] Safepoint "RevokeBias", Time since last: 276900 ns, Reaching safepoint: 94300 ns, At safepoint: 12400 ns, Total: 106700 ns
[2020-03-27T04:57:54.245+0000][1][safepoint    ] Safepoint "RevokeBias", Time since last: 218900 ns, Reaching safepoint: 94300 ns, At safepoint: 11400 ns, Total: 105700 ns
[2020-03-27T04:57:54.245+0000][1][safepoint    ] Safepoint "RevokeBias", Time since last: 188000 ns, Reaching safepoint: 87300 ns, At safepoint: 19400 ns, Total: 106700 ns
[2020-03-27T04:57:54.245+0000][1][safepoint    ] Safepoint "RevokeBias", Time since last: 214100 ns, Reaching safepoint: 88100 ns, At safepoint: 13300 ns, Total: 101400 ns
[2020-03-27T04:57:54.246+0000][1][safepoint    ] Safepoint "RevokeBias", Time since last: 236900 ns, Reaching safepoint: 89400 ns, At safepoint: 11600 ns, Total: 101000 ns
[2020-03-27T04:57:54.255+0000][1][safepoint    ] Safepoint "RevokeBias", Time since last: 5208302 ns, Reaching safepoint: 4238900 ns, At safepoint: 22200 ns, Total: 4261100 ns
[2020-03-27T04:57:54.256+0000][1][safepoint    ] Safepoint "RevokeBias", Time since last: 689901 ns, Reaching safepoint: 134500 ns, At safepoint: 30200 ns, Total: 164700 ns
[2020-03-27T04:57:54.257+0000][1][safepoint    ] Safepoint "RevokeBias", Time since last: 517500 ns, Reaching safepoint: 105100 ns, At safepoint: 13000 ns, Total: 118100 ns
[2020-03-27T04:57:54.257+0000][1][safepoint    ] Safepoint "RevokeBias", Time since last: 373900 ns, Reaching safepoint: 106500 ns, At safepoint: 29300 ns, Total: 135800 ns
[2020-03-27T04:57:54.258+0000][1][safepoint    ] Safepoint "RevokeBias", Time since last: 436800 ns, Reaching safepoint: 331900 ns, At safepoint: 13100 ns, Total: 345000 ns
[2020-03-27T04:57:54.259+0000][1][safepoint    ] Safepoint "RevokeBias", Time since last: 422700 ns, Reaching safepoint: 668900 ns, At safepoint: 15600 ns, Total: 684500 ns
[2020-03-27T04:57:54.260+0000][1][safepoint    ] Safepoint "RevokeBias", Time since last: 340500 ns, Reaching safepoint: 115600 ns, At safepoint: 12900 ns, Total: 128500 ns
[2020-03-27T04:57:54.260+0000][1][safepoint    ] Safepoint "RevokeBias", Time since last: 310800 ns, Reaching safepoint: 88100 ns, At safepoint: 31700 ns, Total: 119800 ns
[2020-03-27T04:57:54.261+0000][1][safepoint    ] Safepoint "BulkRevokeBias", Time since last: 362500 ns, Reaching safepoint: 164100 ns, At safepoint: 180701 ns, Total: 344801 ns
[2020-03-27T04:57:54.262+0000][1][safepoint    ] Safepoint "RevokeBias", Time since last: 867900 ns, Reaching safepoint: 93300 ns, At safepoint: 13100 ns, Total: 106400 ns
[2020-03-27T04:57:54.262+0000][1][safepoint    ] Safepoint "RevokeBias", Time since last: 332600 ns, Reaching safepoint: 91400 ns, At safepoint: 4700 ns, Total: 96100 ns
[2020-03-27T04:57:54.263+0000][1][safepoint    ] Safepoint "RevokeBias", Time since last: 493200 ns, Reaching safepoint: 89100 ns, At safepoint: 13600 ns, Total: 102700 ns
[2020-03-27T04:57:54.263+0000][1][safepoint    ] Safepoint "RevokeBias", Time since last: 322500 ns, Reaching safepoint: 197200 ns, At safepoint: 43000 ns, Total: 240200 ns
[2020-03-27T04:57:54.264+0000][1][safepoint    ] Safepoint "RevokeBias", Time since last: 230600 ns, Reaching safepoint: 88600 ns, At safepoint: 12100 ns, Total: 100700 ns
[2020-03-27T04:57:54.264+0000][1][safepoint    ] Safepoint "RevokeBias", Time since last: 214300 ns, Reaching safepoint: 88900 ns, At safepoint: 11600 ns, Total: 100500 ns
[2020-03-27T04:57:54.264+0000][1][safepoint    ] Safepoint "RevokeBias", Time since last: 280500 ns, Reaching safepoint: 110100 ns, At safepoint: 11500 ns, Total: 121600 ns
[2020-03-27T04:57:54.265+0000][1][safepoint    ] Safepoint "RevokeBias", Time since last: 274400 ns, Reaching safepoint: 166300 ns, At safepoint: 12000 ns, Total: 178300 ns
[2020-03-27T04:57:54.265+0000][1][safepoint    ] Safepoint "RevokeBias", Time since last: 302400 ns, Reaching safepoint: 89800 ns, At safepoint: 11100 ns, Total: 100900 ns
[2020-03-27T04:57:54.266+0000][1][safepoint    ] Safepoint "RevokeBias", Time since last: 286100 ns, Reaching safepoint: 88901 ns, At safepoint: 12800 ns, Total: 101701 ns
[2020-03-27T04:57:54.266+0000][1][safepoint    ] Safepoint "RevokeBias", Time since last: 336700 ns, Reaching safepoint: 89500 ns, At safepoint: 21600 ns, Total: 111100 ns
[2020-03-27T04:57:54.267+0000][1][safepoint    ] Safepoint "RevokeBias", Time since last: 296100 ns, Reaching safepoint: 159600 ns, At safepoint: 12500 ns, Total: 172100 ns
[2020-03-27T04:57:54.267+0000][1][safepoint    ] Safepoint "RevokeBias", Time since last: 231000 ns, Reaching safepoint: 95200 ns, At safepoint: 13000 ns, Total: 108200 ns
[2020-03-27T04:57:54.267+0000][1][safepoint    ] Safepoint "RevokeBias", Time since last: 293900 ns, Reaching safepoint: 89400 ns, At safepoint: 12500 ns, Total: 101900 ns
[2020-03-27T04:57:54.268+0000][1][safepoint    ] Safepoint "RevokeBias", Time since last: 272100 ns, Reaching safepoint: 87600 ns, At safepoint: 10100 ns, Total: 97700 ns
[2020-03-27T04:57:54.268+0000][1][safepoint    ] Safepoint "RevokeBias", Time since last: 222300 ns, Reaching safepoint: 87500 ns, At safepoint: 10900 ns, Total: 98400 ns
[2020-03-27T04:57:54.268+0000][1][safepoint    ] Safepoint "RevokeBias", Time since last: 288700 ns, Reaching safepoint: 94600 ns, At safepoint: 11900 ns, Total: 106500 ns
[2020-03-27T04:57:54.269+0000][1][safepoint    ] Safepoint "BulkRevokeBias", Time since last: 214800 ns, Reaching safepoint: 89100 ns, At safepoint: 197700 ns, Total: 286800 ns
[2020-03-27T04:57:54.277+0000][1][safepoint    ] Safepoint "RevokeBias", Time since last: 7846402 ns, Reaching safepoint: 152400 ns, At safepoint: 22300 ns, Total: 174700 ns
[2020-03-27T04:57:54.451+0000][1][safepoint    ] Safepoint "RevokeBias", Time since last: 168770834 ns, Reaching safepoint: 4948601 ns, At safepoint: 24700 ns, Total: 4973301 ns
[2020-03-27T04:57:54.453+0000][1][safepoint    ] Safepoint "RevokeBias", Time since last: 595700 ns, Reaching safepoint: 1352601 ns, At safepoint: 22800 ns, Total: 1375401 ns
[2020-03-27T04:57:54.469+0000][1][safepoint    ] Safepoint "RevokeBias", Time since last: 13974203 ns, Reaching safepoint: 2013200 ns, At safepoint: 59300 ns, Total: 2072500 ns
[2020-03-27T04:57:54.480+0000][1][safepoint    ] Safepoint "RevokeBias", Time since last: 11347302 ns, Reaching safepoint: 134000 ns, At safepoint: 13300 ns, Total: 147300 ns
[2020-03-27T04:57:54.483+0000][1][safepoint    ] Safepoint "RevokeBias", Time since last: 2741301 ns, Reaching safepoint: 97600 ns, At safepoint: 74200 ns, Total: 171800 ns
[2020-03-27T04:57:54.496+0000][1][safepoint    ] Safepoint "RevokeBias", Time since last: 12864203 ns, Reaching safepoint: 148200 ns, At safepoint: 358900 ns, Total: 507100 ns
[2020-03-27T04:57:54.497+0000][1][safepoint    ] Safepoint "RevokeBias", Time since last: 663400 ns, Reaching safepoint: 122800 ns, At safepoint: 33300 ns, Total: 156100 ns
[2020-03-27T04:57:54.500+0000][1][safepoint    ] Safepoint "RevokeBias", Time since last: 1758300 ns, Reaching safepoint: 220300 ns, At safepoint: 476400 ns, Total: 696700 ns
[2020-03-27T04:57:54.502+0000][1][safepoint    ] Safepoint "BulkRevokeBias", Time since last: 2163501 ns, Reaching safepoint: 125900 ns, At safepoint: 309500 ns, Total: 435400 ns
[2020-03-27T04:57:54.504+0000][1][gc,start     ] GC(17) Pause Young (Allocation Failure)
[2020-03-27T04:57:54.505+0000][1][gc,task      ] GC(17) Using 2 workers of 2 for evacuation
[2020-03-27T04:57:54.563+0000][1][gc,age       ] GC(17) Desired survivor size 8716288 bytes, new threshold 2 (max threshold 6)
[2020-03-27T04:57:54.563+0000][1][gc,age       ] GC(17) Age table with threshold 2 (max threshold 6)
[2020-03-27T04:57:54.564+0000][1][gc,age       ] GC(17) - age   1:    2511760 bytes,    2511760 total
[2020-03-27T04:57:54.567+0000][1][gc,age       ] GC(17) - age   2:    6802680 bytes,    9314440 total
[2020-03-27T04:57:54.567+0000][1][gc,heap      ] GC(17) ParNew: 153344K->11425K(153344K)
[2020-03-27T04:57:54.567+0000][1][gc,heap      ] GC(17) CMS: 56040K->63411K(353920K)
[2020-03-27T04:57:54.568+0000][1][gc,metaspace ] GC(17) Metaspace: 84177K->84177K(1126400K)
[2020-03-27T04:57:54.568+0000][1][gc           ] GC(17) Pause Young (Allocation Failure) 204M->73M(495M) 63.946ms
[2020-03-27T04:57:54.568+0000][1][gc,cpu       ] GC(17) User=0.05s Sys=0.00s Real=0.07s
[2020-03-27T04:57:54.568+0000][1][safepoint    ] Safepoint "GenCollectForAllocation", Time since last: 599600 ns, Reaching safepoint: 53100 ns, At safepoint: 65364613 ns, Total: 65417713 ns
[2020-03-27T04:57:54.677+0000][1][safepoint    ] Safepoint "RevokeBias", Time since last: 108634023 ns, Reaching safepoint: 335200 ns, At safepoint: 11200 ns, Total: 346400 ns
[2020-03-27T04:57:54.688+0000][1][safepoint    ] Safepoint "RevokeBias", Time since last: 10971302 ns, Reaching safepoint: 191200 ns, At safepoint: 6100 ns, Total: 197300 ns
[2020-03-27T04:57:54.698+0000][1][safepoint    ] Safepoint "RevokeBias", Time since last: 9232902 ns, Reaching safepoint: 143900 ns, At safepoint: 11000 ns, Total: 154900 ns
[2020-03-27T04:57:54.732+0000][1][safepoint    ] Safepoint "RevokeBias", Time since last: 34134207 ns, Reaching safepoint: 250300 ns, At safepoint: 11300 ns, Total: 261600 ns
[2020-03-27T04:57:54.751+0000][1][safepoint    ] Safepoint "RevokeBias", Time since last: 18876204 ns, Reaching safepoint: 118000 ns, At safepoint: 7500 ns, Total: 125500 ns
[2020-03-27T04:57:54.752+0000][1][safepoint    ] Safepoint "RevokeBias", Time since last: 950400 ns, Reaching safepoint: 73100 ns, At safepoint: 10800 ns, Total: 83900 ns
[2020-03-27T04:57:54.772+0000][1][safepoint    ] Safepoint "RevokeBias", Time since last: 19018504 ns, Reaching safepoint: 113700 ns, At safepoint: 245000 ns, Total: 358700 ns
[2020-03-27T04:57:54.780+0000][1][safepoint    ] Safepoint "RevokeBias", Time since last: 8384902 ns, Reaching safepoint: 147400 ns, At safepoint: 17100 ns, Total: 164500 ns
[2020-03-27T04:57:54.783+0000][1][safepoint    ] Safepoint "RevokeBias", Time since last: 317200 ns, Reaching safepoint: 2172300 ns, At safepoint: 30100 ns, Total: 2202400 ns
[2020-03-27T04:57:54.783+0000][1][safepoint    ] Safepoint "RevokeBias", Time since last: 295100 ns, Reaching safepoint: 41200 ns, At safepoint: 59100 ns, Total: 100300 ns
[2020-03-27T04:57:54.784+0000][1][safepoint    ] Safepoint "RevokeBias", Time since last: 604600 ns, Reaching safepoint: 23300 ns, At safepoint: 202900 ns, Total: 226200 ns
[2020-03-27T04:57:54.785+0000][1][safepoint    ] Safepoint "RevokeBias", Time since last: 562701 ns, Reaching safepoint: 80200 ns, At safepoint: 9600 ns, Total: 89800 ns
[2020-03-27T04:57:54.785+0000][1][safepoint    ] Safepoint "RevokeBias", Time since last: 405600 ns, Reaching safepoint: 124000 ns, At safepoint: 8600 ns, Total: 132600 ns
[2020-03-27T04:57:54.791+0000][1][safepoint    ] Safepoint "RevokeBias", Time since last: 5395101 ns, Reaching safepoint: 235200 ns, At safepoint: 24400 ns, Total: 259600 ns
[2020-03-27T04:57:54.793+0000][1][safepoint    ] Safepoint "RevokeBias", Time since last: 1780400 ns, Reaching safepoint: 97000 ns, At safepoint: 9100 ns, Total: 106100 ns
[2020-03-27T04:57:54.795+0000][1][safepoint    ] Safepoint "RevokeBias", Time since last: 1900401 ns, Reaching safepoint: 99100 ns, At safepoint: 9900 ns, Total: 109000 ns
[2020-03-27T04:57:54.796+0000][1][safepoint    ] Safepoint "RevokeBias", Time since last: 899000 ns, Reaching safepoint: 28800 ns, At safepoint: 9300 ns, Total: 38100 ns
[2020-03-27T04:57:54.796+0000][1][safepoint    ] Safepoint "RevokeBias", Time since last: 714400 ns, Reaching safepoint: 65400 ns, At safepoint: 9600 ns, Total: 75000 ns
[2020-03-27T04:57:54.799+0000][1][safepoint    ] Safepoint "RevokeBias", Time since last: 2186800 ns, Reaching safepoint: 86700 ns, At safepoint: 10500 ns, Total: 97200 ns
[2020-03-27T04:57:54.799+0000][1][safepoint    ] Safepoint "RevokeBias", Time since last: 399001 ns, Reaching safepoint: 115500 ns, At safepoint: 8700 ns, Total: 124200 ns
[2020-03-27T04:57:54.802+0000][1][safepoint    ] Safepoint "RevokeBias", Time since last: 2400000 ns, Reaching safepoint: 103500 ns, At safepoint: 8800 ns, Total: 112300 ns
[2020-03-27T04:57:54.804+0000][1][safepoint    ] Safepoint "RevokeBias", Time since last: 1786500 ns, Reaching safepoint: 59100 ns, At safepoint: 10700 ns, Total: 69800 ns
[2020-03-27T04:57:54.806+0000][1][safepoint    ] Safepoint "RevokeBias", Time since last: 2057101 ns, Reaching safepoint: 43600 ns, At safepoint: 9000 ns, Total: 52600 ns
[2020-03-27T04:57:54.808+0000][1][safepoint    ] Safepoint "RevokeBias", Time since last: 1898300 ns, Reaching safepoint: 33100 ns, At safepoint: 9600 ns, Total: 42700 ns
[2020-03-27T04:57:54.810+0000][1][safepoint    ] Safepoint "RevokeBias", Time since last: 1868501 ns, Reaching safepoint: 604900 ns, At safepoint: 8200 ns, Total: 613100 ns
[2020-03-27T04:57:54.812+0000][1][safepoint    ] Safepoint "RevokeBias", Time since last: 1383500 ns, Reaching safepoint: 25000 ns, At safepoint: 8000 ns, Total: 33000 ns
[2020-03-27T04:57:54.814+0000][1][safepoint    ] Safepoint "BulkRevokeBias", Time since last: 1966201 ns, Reaching safepoint: 231900 ns, At safepoint: 327000 ns, Total: 558900 ns
[2020-03-27T04:57:54.885+0000][1][safepoint    ] Safepoint "RevokeBias", Time since last: 70666214 ns, Reaching safepoint: 276000 ns, At safepoint: 6800 ns, Total: 282800 ns
[2020-03-27T04:57:54.891+0000][1][safepoint    ] Safepoint "BulkRevokeBias", Time since last: 5704201 ns, Reaching safepoint: 154300 ns, At safepoint: 273400 ns, Total: 427700 ns
[2020-03-27T04:57:54.916+0000][1][safepoint    ] Safepoint "RevokeBias", Time since last: 24547405 ns, Reaching safepoint: 208300 ns, At safepoint: 19200 ns, Total: 227500 ns
[2020-03-27T04:57:54.919+0000][1][safepoint    ] Safepoint "RevokeBias", Time since last: 2077401 ns, Reaching safepoint: 616400 ns, At safepoint: 47900 ns, Total: 664300 ns
[2020-03-27T04:57:54.961+0000][1][safepoint    ] Safepoint "RevokeBias", Time since last: 42075609 ns, Reaching safepoint: 122000 ns, At safepoint: 17300 ns, Total: 139300 ns
[2020-03-27T04:57:55.035+0000][1][safepoint    ] Safepoint "RevokeBias", Time since last: 73431815 ns, Reaching safepoint: 298900 ns, At safepoint: 11000 ns, Total: 309900 ns
[2020-03-27T04:57:55.057+0000][1][safepoint    ] Safepoint "BulkRevokeBias", Time since last: 20978604 ns, Reaching safepoint: 612500 ns, At safepoint: 429900 ns, Total: 1042400 ns
[2020-03-27T04:57:55.125+0000][1][safepoint    ] Safepoint "RevokeBias", Time since last: 67974614 ns, Reaching safepoint: 105800 ns, At safepoint: 9900 ns, Total: 115700 ns
[2020-03-27T04:57:55.178+0000][1][safepoint    ] Safepoint "RevokeBias", Time since last: 51785411 ns, Reaching safepoint: 880500 ns, At safepoint: 99800 ns, Total: 980300 ns
[2020-03-27T04:57:55.182+0000][1][safepoint    ] Safepoint "RevokeBias", Time since last: 3959501 ns, Reaching safepoint: 410900 ns, At safepoint: 34100 ns, Total: 445000 ns
[2020-03-27T04:57:55.183+0000][1][safepoint    ] Safepoint "RevokeBias", Time since last: 458200 ns, Reaching safepoint: 437000 ns, At safepoint: 52500 ns, Total: 489500 ns
[2020-03-27T04:57:55.183+0000][1][safepoint    ] Safepoint "RevokeBias", Time since last: 447800 ns, Reaching safepoint: 120900 ns, At safepoint: 38200 ns, Total: 159100 ns
[2020-03-27T04:57:55.185+0000][1][safepoint    ] Safepoint "RevokeBias", Time since last: 1241700 ns, Reaching safepoint: 115200 ns, At safepoint: 29300 ns, Total: 144500 ns
[2020-03-27T04:57:55.264+0000][1][safepoint    ] Safepoint "RevokeBias", Time since last: 78403816 ns, Reaching safepoint: 768401 ns, At safepoint: 20500 ns, Total: 788901 ns
[2020-03-27T04:57:55.273+0000][1][safepoint    ] Safepoint "RevokeBias", Time since last: 8548801 ns, Reaching safepoint: 175800 ns, At safepoint: 16300 ns, Total: 192100 ns
[2020-03-27T04:57:55.284+0000][1][safepoint    ] Safepoint "RevokeBias", Time since last: 10656003 ns, Reaching safepoint: 244500 ns, At safepoint: 18900 ns, Total: 263400 ns
[2020-03-27T04:57:55.285+0000][1][safepoint    ] Safepoint "RevokeBias", Time since last: 1094500 ns, Reaching safepoint: 488100 ns, At safepoint: 13500 ns, Total: 501600 ns
[2020-03-27T04:57:55.289+0000][1][safepoint    ] Safepoint "RevokeBias", Time since last: 3597601 ns, Reaching safepoint: 122900 ns, At safepoint: 24900 ns, Total: 147800 ns
[2020-03-27T04:57:55.289+0000][1][safepoint    ] Safepoint "RevokeBias", Time since last: 191800 ns, Reaching safepoint: 139300 ns, At safepoint: 11600 ns, Total: 150900 ns
[2020-03-27T04:57:55.290+0000][1][safepoint    ] Safepoint "RevokeBias", Time since last: 365600 ns, Reaching safepoint: 102500 ns, At safepoint: 10200 ns, Total: 112700 ns
[2020-03-27T04:57:55.343+0000][1][safepoint    ] Safepoint "RevokeBias", Time since last: 50963710 ns, Reaching safepoint: 1713401 ns, At safepoint: 106500 ns, Total: 1819901 ns
[2020-03-27T04:57:55.367+0000][1][safepoint    ] Safepoint "Deoptimize", Time since last: 23357804 ns, Reaching safepoint: 137200 ns, At safepoint: 406501 ns, Total: 543701 ns
[2020-03-27T04:57:55.412+0000][1][safepoint    ] Safepoint "RevokeBias", Time since last: 44873709 ns, Reaching safepoint: 197400 ns, At safepoint: 27600 ns, Total: 225000 ns
[2020-03-27T04:57:55.414+0000][1][safepoint    ] Safepoint "RevokeBias", Time since last: 1721200 ns, Reaching safepoint: 158200 ns, At safepoint: 14700 ns, Total: 172900 ns
[2020-03-27T04:57:55.419+0000][1][safepoint    ] Safepoint "RevokeBias", Time since last: 4461801 ns, Reaching safepoint: 918300 ns, At safepoint: 13700 ns, Total: 932000 ns
[2020-03-27T04:57:55.445+0000][1][safepoint    ] Safepoint "RevokeBias", Time since last: 25396205 ns, Reaching safepoint: 514601 ns, At safepoint: 30200 ns, Total: 544801 ns
[2020-03-27T04:57:55.448+0000][1][safepoint    ] Safepoint "RevokeBias", Time since last: 3282700 ns, Reaching safepoint: 130500 ns, At safepoint: 14300 ns, Total: 144800 ns
[2020-03-27T04:57:55.449+0000][1][safepoint    ] Safepoint "RevokeBias", Time since last: 273500 ns, Reaching safepoint: 192400 ns, At safepoint: 11000 ns, Total: 203400 ns
[2020-03-27T04:57:55.449+0000][1][safepoint    ] Safepoint "RevokeBias", Time since last: 361300 ns, Reaching safepoint: 136600 ns, At safepoint: 12000 ns, Total: 148600 ns
[2020-03-27T04:57:55.461+0000][1][safepoint    ] Safepoint "RevokeBias", Time since last: 11511703 ns, Reaching safepoint: 420000 ns, At safepoint: 25900 ns, Total: 445900 ns
[2020-03-27T04:57:55.464+0000][1][safepoint    ] Safepoint "RevokeBias", Time since last: 2961201 ns, Reaching safepoint: 119600 ns, At safepoint: 32100 ns, Total: 151700 ns
[2020-03-27T04:57:55.490+0000][1][safepoint    ] Safepoint "RevokeBias", Time since last: 25306105 ns, Reaching safepoint: 185800 ns, At safepoint: 17800 ns, Total: 203600 ns
[2020-03-27T04:57:55.495+0000][1][safepoint    ] Safepoint "RevokeBias", Time since last: 5248001 ns, Reaching safepoint: 145100 ns, At safepoint: 31900 ns, Total: 177000 ns
[2020-03-27T04:57:55.500+0000][1][safepoint    ] Safepoint "RevokeBias", Time since last: 4063101 ns, Reaching safepoint: 328700 ns, At safepoint: 306700 ns, Total: 635400 ns
[2020-03-27T04:57:55.501+0000][1][safepoint    ] Safepoint "RevokeBias", Time since last: 730000 ns, Reaching safepoint: 114400 ns, At safepoint: 21900 ns, Total: 136300 ns
[2020-03-27T04:57:55.504+0000][1][safepoint    ] Safepoint "RevokeBias", Time since last: 2884701 ns, Reaching safepoint: 307500 ns, At safepoint: 38000 ns, Total: 345500 ns
[2020-03-27T04:57:55.505+0000][1][safepoint    ] Safepoint "RevokeBias", Time since last: 279800 ns, Reaching safepoint: 189500 ns, At safepoint: 12400 ns, Total: 201900 ns
[2020-03-27T04:57:55.523+0000][1][safepoint    ] Safepoint "RevokeBias", Time since last: 18163803 ns, Reaching safepoint: 150501 ns, At safepoint: 14600 ns, Total: 165101 ns
[2020-03-27T04:57:55.524+0000][1][safepoint    ] Safepoint "RevokeBias", Time since last: 556800 ns, Reaching safepoint: 158200 ns, At safepoint: 11600 ns, Total: 169800 ns
[2020-03-27T04:57:55.525+0000][1][safepoint    ] Safepoint "RevokeBias", Time since last: 699400 ns, Reaching safepoint: 146400 ns, At safepoint: 35100 ns, Total: 181500 ns
[2020-03-27T04:57:55.529+0000][1][safepoint    ] Safepoint "RevokeBias", Time since last: 3863401 ns, Reaching safepoint: 301000 ns, At safepoint: 63900 ns, Total: 364900 ns
[2020-03-27T04:57:55.543+0000][1][safepoint    ] Safepoint "RevokeBias", Time since last: 6938701 ns, Reaching safepoint: 7717902 ns, At safepoint: 22800 ns, Total: 7740702 ns
[2020-03-27T04:57:55.544+0000][1][safepoint    ] Safepoint "RevokeBias", Time since last: 838300 ns, Reaching safepoint: 172700 ns, At safepoint: 15400 ns, Total: 188100 ns
[2020-03-27T04:57:55.551+0000][1][safepoint    ] Safepoint "RevokeBias", Time since last: 6504401 ns, Reaching safepoint: 193400 ns, At safepoint: 26000 ns, Total: 219400 ns
[2020-03-27T04:57:55.553+0000][1][safepoint    ] Safepoint "RevokeBias", Time since last: 1066301 ns, Reaching safepoint: 353400 ns, At safepoint: 11900 ns, Total: 365300 ns
[2020-03-27T04:57:55.556+0000][1][safepoint    ] Safepoint "RevokeBias", Time since last: 2878200 ns, Reaching safepoint: 228700 ns, At safepoint: 101800 ns, Total: 330500 ns
[2020-03-27T04:57:55.633+0000][1][safepoint    ] Safepoint "RevokeBias", Time since last: 76489516 ns, Reaching safepoint: 256600 ns, At safepoint: 229700 ns, Total: 486300 ns
[2020-03-27T04:57:55.638+0000][1][safepoint    ] Safepoint "RevokeBias", Time since last: 5239901 ns, Reaching safepoint: 202700 ns, At safepoint: 15200 ns, Total: 217900 ns
[2020-03-27T04:57:55.639+0000][1][safepoint    ] Safepoint "RevokeBias", Time since last: 839200 ns, Reaching safepoint: 63300 ns, At safepoint: 20500 ns, Total: 83800 ns
[2020-03-27T04:57:55.668+0000][1][safepoint    ] Safepoint "Deoptimize", Time since last: 28182106 ns, Reaching safepoint: 505200 ns, At safepoint: 529400 ns, Total: 1034600 ns
[2020-03-27T04:57:55.672+0000][1][safepoint    ] Safepoint "Deoptimize", Time since last: 2674601 ns, Reaching safepoint: 197200 ns, At safepoint: 672000 ns, Total: 869200 ns
[2020-03-27T04:57:55.692+0000][1][safepoint    ] Safepoint "RevokeBias", Time since last: 18374304 ns, Reaching safepoint: 1100600 ns, At safepoint: 124300 ns, Total: 1224900 ns
[2020-03-27T04:57:55.694+0000][1][safepoint    ] Safepoint "RevokeBias", Time since last: 2197700 ns, Reaching safepoint: 185300 ns, At safepoint: 26500 ns, Total: 211800 ns
[2020-03-27T04:57:55.696+0000][1][safepoint    ] Safepoint "RevokeBias", Time since last: 1391101 ns, Reaching safepoint: 231100 ns, At safepoint: 47000 ns, Total: 278100 ns
[2020-03-27T04:57:55.708+0000][1][safepoint    ] Safepoint "RevokeBias", Time since last: 12367102 ns, Reaching safepoint: 340600 ns, At safepoint: 74600 ns, Total: 415200 ns
[2020-03-27T04:57:55.717+0000][1][safepoint    ] Safepoint "RevokeBias", Time since last: 5844502 ns, Reaching safepoint: 2225600 ns, At safepoint: 358300 ns, Total: 2583900 ns
[2020-03-27T04:57:55.718+0000][1][safepoint    ] Safepoint "RevokeBias", Time since last: 468900 ns, Reaching safepoint: 306300 ns, At safepoint: 12000 ns, Total: 318300 ns
[2020-03-27T04:57:55.724+0000][1][safepoint    ] Safepoint "RevokeBias", Time since last: 5713001 ns, Reaching safepoint: 203201 ns, At safepoint: 47700 ns, Total: 250901 ns
[2020-03-27T04:57:55.724+0000][1][safepoint    ] Safepoint "RevokeBias", Time since last: 385400 ns, Reaching safepoint: 324800 ns, At safepoint: 46400 ns, Total: 371200 ns
[2020-03-27T04:57:55.725+0000][1][safepoint    ] Safepoint "RevokeBias", Time since last: 375000 ns, Reaching safepoint: 215600 ns, At safepoint: 19900 ns, Total: 235500 ns
[2020-03-27T04:57:55.726+0000][1][safepoint    ] Safepoint "RevokeBias", Time since last: 501300 ns, Reaching safepoint: 107300 ns, At safepoint: 36400 ns, Total: 143700 ns
[2020-03-27T04:57:55.749+0000][1][safepoint    ] Safepoint "RevokeBias", Time since last: 23128605 ns, Reaching safepoint: 125600 ns, At safepoint: 51000 ns, Total: 176600 ns
[2020-03-27T04:57:55.804+0000][1][safepoint    ] Safepoint "RevokeBias", Time since last: 55015311 ns, Reaching safepoint: 52000 ns, At safepoint: 37400 ns, Total: 89400 ns
[2020-03-27T04:57:55.827+0000][1][safepoint    ] Safepoint "RevokeBias", Time since last: 22868905 ns, Reaching safepoint: 225100 ns, At safepoint: 27600 ns, Total: 252700 ns
[2020-03-27T04:57:55.924+0000][1][safepoint    ] Safepoint "RevokeBias", Time since last: 96220219 ns, Reaching safepoint: 141100 ns, At safepoint: 31100 ns, Total: 172200 ns
[2020-03-27T04:57:55.924+0000][1][safepoint    ] Safepoint "RevokeBias", Time since last: 233300 ns, Reaching safepoint: 59000 ns, At safepoint: 13100 ns, Total: 72100 ns
[2020-03-27T04:57:55.924+0000][1][safepoint    ] Safepoint "RevokeBias", Time since last: 377401 ns, Reaching safepoint: 24300 ns, At safepoint: 9000 ns, Total: 33300 ns
[2020-03-27T04:57:55.925+0000][1][safepoint    ] Safepoint "RevokeBias", Time since last: 325400 ns, Reaching safepoint: 22800 ns, At safepoint: 8600 ns, Total: 31400 ns
[2020-03-27T04:57:55.928+0000][1][safepoint    ] Safepoint "RevokeBias", Time since last: 2922400 ns, Reaching safepoint: 471900 ns, At safepoint: 57800 ns, Total: 529700 ns
[2020-03-27T04:57:55.941+0000][1][safepoint    ] Safepoint "RevokeBias", Time since last: 12658003 ns, Reaching safepoint: 149200 ns, At safepoint: 41400 ns, Total: 190600 ns
[2020-03-27T04:57:55.981+0000][1][safepoint    ] Safepoint "RevokeBias", Time since last: 39846908 ns, Reaching safepoint: 135300 ns, At safepoint: 50700 ns, Total: 186000 ns
[2020-03-27T04:57:55.990+0000][1][safepoint    ] Safepoint "RevokeBias", Time since last: 8464102 ns, Reaching safepoint: 232700 ns, At safepoint: 34800 ns, Total: 267500 ns
[2020-03-27T04:57:55.992+0000][1][safepoint    ] Safepoint "RevokeBias", Time since last: 2098600 ns, Reaching safepoint: 149200 ns, At safepoint: 19300 ns, Total: 168500 ns
[2020-03-27T04:57:55.992+0000][1][safepoint    ] Safepoint "RevokeBias", Time since last: 349400 ns, Reaching safepoint: 94300 ns, At safepoint: 15400 ns, Total: 109700 ns
[2020-03-27T04:57:56.005+0000][1][gc,start     ] GC(18) Pause Young (Allocation Failure)
[2020-03-27T04:57:56.005+0000][1][gc,task      ] GC(18) Using 2 workers of 2 for evacuation
[2020-03-27T04:57:56.020+0000][1][gc,age       ] GC(18) Desired survivor size 8716288 bytes, new threshold 6 (max threshold 6)
[2020-03-27T04:57:56.021+0000][1][gc,age       ] GC(18) Age table with threshold 6 (max threshold 6)
[2020-03-27T04:57:56.022+0000][1][gc,age       ] GC(18) - age   1:    4207224 bytes,    4207224 total
[2020-03-27T04:57:56.022+0000][1][gc,age       ] GC(18) - age   2:    2270008 bytes,    6477232 total
[2020-03-27T04:57:56.022+0000][1][gc,heap      ] GC(18) ParNew: 147740K->11253K(153344K)
[2020-03-27T04:57:56.023+0000][1][gc,heap      ] GC(18) CMS: 63411K->70078K(353920K)
[2020-03-27T04:57:56.023+0000][1][gc,metaspace ] GC(18) Metaspace: 87505K->87505K(1130496K)
[2020-03-27T04:57:56.024+0000][1][gc           ] GC(18) Pause Young (Allocation Failure) 206M->79M(495M) 18.936ms
[2020-03-27T04:57:56.024+0000][1][gc,cpu       ] GC(18) User=0.02s Sys=0.00s Real=0.02s
[2020-03-27T04:57:56.024+0000][1][safepoint    ] Safepoint "GenCollectForAllocation", Time since last: 12043103 ns, Reaching safepoint: 146700 ns, At safepoint: 19664404 ns, Total: 19811104 ns
[2020-03-27T04:57:56.034+0000][1][safepoint    ] Safepoint "RevokeBias", Time since last: 9854202 ns, Reaching safepoint: 143700 ns, At safepoint: 61300 ns, Total: 205000 ns
[2020-03-27T04:57:56.035+0000][1][safepoint    ] Safepoint "RevokeBias", Time since last: 956600 ns, Reaching safepoint: 58100 ns, At safepoint: 26100 ns, Total: 84200 ns
[2020-03-27T04:57:56.037+0000][1][safepoint    ] Safepoint "RevokeBias", Time since last: 1523501 ns, Reaching safepoint: 133700 ns, At safepoint: 19100 ns, Total: 152800 ns
[2020-03-27T04:57:56.038+0000][1][safepoint    ] Safepoint "RevokeBias", Time since last: 1091100 ns, Reaching safepoint: 114600 ns, At safepoint: 24200 ns, Total: 138800 ns
[2020-03-27T04:57:56.119+0000][1][safepoint    ] Safepoint "RevokeBias", Time since last: 80540516 ns, Reaching safepoint: 611500 ns, At safepoint: 89900 ns, Total: 701400 ns
[2020-03-27T04:57:56.120+0000][1][safepoint    ] Safepoint "RevokeBias", Time since last: 417601 ns, Reaching safepoint: 271700 ns, At safepoint: 17000 ns, Total: 288700 ns
[2020-03-27T04:57:56.147+0000][1][safepoint    ] Safepoint "RevokeBias", Time since last: 27129005 ns, Reaching safepoint: 70800 ns, At safepoint: 16100 ns, Total: 86900 ns
[2020-03-27T04:57:56.158+0000][1][safepoint    ] Safepoint "RevokeBias", Time since last: 10234102 ns, Reaching safepoint: 85300 ns, At safepoint: 12700 ns, Total: 98000 ns
[2020-03-27T04:57:56.158+0000][1][safepoint    ] Safepoint "RevokeBias", Time since last: 499700 ns, Reaching safepoint: 81600 ns, At safepoint: 9300 ns, Total: 90900 ns
[2020-03-27T04:57:56.163+0000][1][safepoint    ] Safepoint "RevokeBias", Time since last: 4059501 ns, Reaching safepoint: 155700 ns, At safepoint: 31700 ns, Total: 187400 ns
[2020-03-27T04:57:56.166+0000][1][safepoint    ] Safepoint "RevokeBias", Time since last: 2839601 ns, Reaching safepoint: 75800 ns, At safepoint: 40800 ns, Total: 116600 ns
[2020-03-27T04:57:56.169+0000][1][safepoint    ] Safepoint "RevokeBias", Time since last: 3753201 ns, Reaching safepoint: 63600 ns, At safepoint: 35600 ns, Total: 99200 ns
[2020-03-27T04:57:56.180+0000][1][safepoint    ] Safepoint "RevokeBias", Time since last: 10347302 ns, Reaching safepoint: 605700 ns, At safepoint: 19500 ns, Total: 625200 ns
[2020-03-27T04:57:56.310+0000][1][safepoint    ] Safepoint "RevokeBias", Time since last: 129653426 ns, Reaching safepoint: 163200 ns, At safepoint: 29500 ns, Total: 192700 ns
[2020-03-27T04:57:56.317+0000][1][safepoint    ] Safepoint "RevokeBias", Time since last: 6953402 ns, Reaching safepoint: 140300 ns, At safepoint: 31100 ns, Total: 171400 ns
[2020-03-27T04:57:56.474+0000][1][safepoint    ] Safepoint "RevokeBias", Time since last: 156646832 ns, Reaching safepoint: 54000 ns, At safepoint: 29500 ns, Total: 83500 ns
[2020-03-27T04:57:56.481+0000][1][safepoint    ] Safepoint "RevokeBias", Time since last: 6948501 ns, Reaching safepoint: 135200 ns, At safepoint: 21900 ns, Total: 157100 ns
[2020-03-27T04:57:56.628+0000][1][safepoint    ] Safepoint "RevokeBias", Time since last: 147148230 ns, Reaching safepoint: 146900 ns, At safepoint: 35000 ns, Total: 181900 ns
[2020-03-27T04:57:56.637+0000][1][safepoint    ] Safepoint "RevokeBias", Time since last: 8105102 ns, Reaching safepoint: 124700 ns, At safepoint: 23100 ns, Total: 147800 ns
[2020-03-27T04:57:57.277+0000][1][safepoint    ] Safepoint "RevokeBias", Time since last: 639922731 ns, Reaching safepoint: 205700 ns, At safepoint: 114200 ns, Total: 319900 ns
[2020-03-27T04:57:58.279+0000][1][safepoint    ] Safepoint "Cleanup", Time since last: 1001763605 ns, Reaching safepoint: 131200 ns, At safepoint: 9100 ns, Total: 140300 ns
[2020-03-27T04:57:59.280+0000][1][safepoint    ] Safepoint "Cleanup", Time since last: 1001060704 ns, Reaching safepoint: 326301 ns, At safepoint: 86600 ns, Total: 412901 ns
[2020-03-27T04:58:01.283+0000][1][safepoint    ] Safepoint "Cleanup", Time since last: 2002613726 ns, Reaching safepoint: 52100 ns, At safepoint: 18900 ns, Total: 71000 ns
[2020-03-27T04:58:03.284+0000][1][safepoint    ] Safepoint "Cleanup", Time since last: 2001182372 ns, Reaching safepoint: 85600 ns, At safepoint: 39300 ns, Total: 124900 ns
[2020-03-27T04:58:03.491+0000][1][safepoint    ] Safepoint "RevokeBias", Time since last: 206910949 ns, Reaching safepoint: 47800 ns, At safepoint: 24400 ns, Total: 72200 ns
[2020-03-27T04:58:03.492+0000][1][safepoint    ] Safepoint "RevokeBias", Time since last: 487900 ns, Reaching safepoint: 48100 ns, At safepoint: 27300 ns, Total: 75400 ns
[2020-03-27T04:58:03.500+0000][1][safepoint    ] Safepoint "RevokeBias", Time since last: 7970502 ns, Reaching safepoint: 66900 ns, At safepoint: 49500 ns, Total: 116400 ns
[2020-03-27T04:58:03.501+0000][1][safepoint    ] Safepoint "RevokeBias", Time since last: 737100 ns, Reaching safepoint: 39300 ns, At safepoint: 21300 ns, Total: 60600 ns
[2020-03-27T04:58:03.502+0000][1][safepoint    ] Safepoint "RevokeBias", Time since last: 594700 ns, Reaching safepoint: 176300 ns, At safepoint: 14000 ns, Total: 190300 ns
[2020-03-27T04:58:03.502+0000][1][safepoint    ] Safepoint "RevokeBias", Time since last: 673100 ns, Reaching safepoint: 48500 ns, At safepoint: 20200 ns, Total: 68700 ns
[2020-03-27T04:58:03.503+0000][1][safepoint    ] Safepoint "RevokeBias", Time since last: 731101 ns, Reaching safepoint: 24200 ns, At safepoint: 19100 ns, Total: 43300 ns
[2020-03-27T04:58:03.504+0000][1][safepoint    ] Safepoint "RevokeBias", Time since last: 384200 ns, Reaching safepoint: 113500 ns, At safepoint: 22200 ns, Total: 135700 ns
[2020-03-27T04:58:03.515+0000][1][safepoint    ] Safepoint "RevokeBias", Time since last: 11338002 ns, Reaching safepoint: 87100 ns, At safepoint: 12600 ns, Total: 99700 ns
[2020-03-27T04:58:03.516+0000][1][safepoint    ] Safepoint "RevokeBias", Time since last: 536201 ns, Reaching safepoint: 25600 ns, At safepoint: 9700 ns, Total: 35300 ns
[2020-03-27T04:58:03.517+0000][1][safepoint    ] Safepoint "RevokeBias", Time since last: 1797800 ns, Reaching safepoint: 24700 ns, At safepoint: 6200 ns, Total: 30900 ns
[2020-03-27T04:58:03.545+0000][1][safepoint    ] Safepoint "RevokeBias", Time since last: 27090506 ns, Reaching safepoint: 127100 ns, At safepoint: 11800 ns, Total: 138900 ns
[2020-03-27T04:58:03.547+0000][1][safepoint    ] Safepoint "RevokeBias", Time since last: 2200501 ns, Reaching safepoint: 129200 ns, At safepoint: 37500 ns, Total: 166700 ns
[2020-03-27T04:58:03.548+0000][1][safepoint    ] Safepoint "RevokeBias", Time since last: 713900 ns, Reaching safepoint: 70600 ns, At safepoint: 20800 ns, Total: 91400 ns
[2020-03-27T04:58:03.549+0000][1][safepoint    ] Safepoint "RevokeBias", Time since last: 368000 ns, Reaching safepoint: 307200 ns, At safepoint: 24200 ns, Total: 331400 ns
[2020-03-27T04:58:03.550+0000][1][safepoint    ] Safepoint "RevokeBias", Time since last: 909201 ns, Reaching safepoint: 130900 ns, At safepoint: 24200 ns, Total: 155100 ns
[2020-03-27T04:58:03.550+0000][1][safepoint    ] Safepoint "RevokeBias", Time since last: 440600 ns, Reaching safepoint: 113000 ns, At safepoint: 23400 ns, Total: 136400 ns
[2020-03-27T04:58:03.552+0000][1][safepoint    ] Safepoint "RevokeBias", Time since last: 1798000 ns, Reaching safepoint: 49600 ns, At safepoint: 27900 ns, Total: 77500 ns
[2020-03-27T04:58:03.712+0000][1][safepoint    ] Safepoint "RevokeBias", Time since last: 159617038 ns, Reaching safepoint: 73400 ns, At safepoint: 14800 ns, Total: 88200 ns
[2020-03-27T04:58:03.743+0000][1][safepoint    ] Safepoint "RevokeBias", Time since last: 30864207 ns, Reaching safepoint: 54900 ns, At safepoint: 25500 ns, Total: 80400 ns
[2020-03-27T04:58:03.750+0000][1][safepoint    ] Safepoint "RevokeBias", Time since last: 6908902 ns, Reaching safepoint: 61500 ns, At safepoint: 13100 ns, Total: 74600 ns
[2020-03-27T04:58:03.755+0000][1][safepoint    ] Safepoint "RevokeBias", Time since last: 4775501 ns, Reaching safepoint: 75300 ns, At safepoint: 20800 ns, Total: 96100 ns
[2020-03-27T04:58:04.175+0000][1][safepoint    ] Safepoint "RevokeBias", Time since last: 420439899 ns, Reaching safepoint: 116900 ns, At safepoint: 21700 ns, Total: 138600 ns
[2020-03-27T04:58:04.194+0000][1][gc,start     ] GC(19) Pause Young (Allocation Failure)
[2020-03-27T04:58:04.195+0000][1][gc,task      ] GC(19) Using 2 workers of 2 for evacuation
[2020-03-27T04:58:04.202+0000][1][gc,age       ] GC(19) Desired survivor size 8716288 bytes, new threshold 6 (max threshold 6)
[2020-03-27T04:58:04.202+0000][1][gc,age       ] GC(19) Age table with threshold 6 (max threshold 6)
[2020-03-27T04:58:04.206+0000][1][gc,age       ] GC(19) - age   1:    4753608 bytes,    4753608 total
[2020-03-27T04:58:04.206+0000][1][gc,age       ] GC(19) - age   2:    1399792 bytes,    6153400 total
[2020-03-27T04:58:04.207+0000][1][gc,age       ] GC(19) - age   3:    2223224 bytes,    8376624 total
[2020-03-27T04:58:04.207+0000][1][gc,heap      ] GC(19) ParNew: 147573K->10619K(153344K)
[2020-03-27T04:58:04.208+0000][1][gc,heap      ] GC(19) CMS: 70078K->70078K(353920K)
[2020-03-27T04:58:04.208+0000][1][gc,metaspace ] GC(19) Metaspace: 87910K->87910K(1130496K)
[2020-03-27T04:58:04.209+0000][1][gc           ] GC(19) Pause Young (Allocation Failure) 212M->78M(495M) 14.105ms
[2020-03-27T04:58:04.209+0000][1][gc,cpu       ] GC(19) User=0.01s Sys=0.00s Real=0.02s
[2020-03-27T04:58:04.210+0000][1][safepoint    ] Safepoint "GenCollectForAllocation", Time since last: 19186505 ns, Reaching safepoint: 128600 ns, At safepoint: 15058203 ns, Total: 15186803 ns
[2020-03-27T04:58:04.232+0000][1][safepoint    ] Safepoint "RevokeBias", Time since last: 22626305 ns, Reaching safepoint: 157201 ns, At safepoint: 14300 ns, Total: 171501 ns
[2020-03-27T04:58:04.234+0000][1][safepoint    ] Safepoint "RevokeBias", Time since last: 1149200 ns, Reaching safepoint: 65500 ns, At safepoint: 12400 ns, Total: 77900 ns
[2020-03-27T04:58:04.235+0000][1][safepoint    ] Safepoint "RevokeBias", Time since last: 1062400 ns, Reaching safepoint: 30600 ns, At safepoint: 19800 ns, Total: 50400 ns
[2020-03-27T04:58:04.235+0000][1][safepoint    ] Safepoint "RevokeBias", Time since last: 665800 ns, Reaching safepoint: 30400 ns, At safepoint: 22200 ns, Total: 52600 ns
[2020-03-27T04:58:04.280+0000][1][safepoint    ] Safepoint "RevokeBias", Time since last: 44902311 ns, Reaching safepoint: 69900 ns, At safepoint: 17200 ns, Total: 87100 ns
[2020-03-27T04:58:04.307+0000][1][safepoint    ] Safepoint "RevokeBias", Time since last: 26144506 ns, Reaching safepoint: 129700 ns, At safepoint: 16100 ns, Total: 145800 ns
[2020-03-27T04:58:04.313+0000][1][safepoint    ] Safepoint "RevokeBias", Time since last: 6451502 ns, Reaching safepoint: 131100 ns, At safepoint: 16500 ns, Total: 147600 ns
[2020-03-27T04:58:04.324+0000][1][safepoint    ] Safepoint "RevokeBias", Time since last: 10528202 ns, Reaching safepoint: 162100 ns, At safepoint: 27800 ns, Total: 189900 ns
[2020-03-27T04:58:04.325+0000][1][safepoint    ] Safepoint "RevokeBias", Time since last: 626400 ns, Reaching safepoint: 25700 ns, At safepoint: 26400 ns, Total: 52100 ns
[2020-03-27T04:58:04.580+0000][1][safepoint    ] Safepoint "RevokeBias", Time since last: 254902460 ns, Reaching safepoint: 51400 ns, At safepoint: 25500 ns, Total: 76900 ns
[2020-03-27T04:58:04.581+0000][1][safepoint    ] Safepoint "RevokeBias", Time since last: 1002001 ns, Reaching safepoint: 52600 ns, At safepoint: 46900 ns, Total: 99500 ns
[2020-03-27T04:58:04.589+0000][1][safepoint    ] Safepoint "RevokeBias", Time since last: 8017702 ns, Reaching safepoint: 124000 ns, At safepoint: 9900 ns, Total: 133900 ns
[2020-03-27T04:58:04.590+0000][1][safepoint    ] Safepoint "RevokeBias", Time since last: 504700 ns, Reaching safepoint: 123000 ns, At safepoint: 9300 ns, Total: 132300 ns
[2020-03-27T04:58:04.603+0000][1][safepoint    ] Safepoint "RevokeBias", Time since last: 13662503 ns, Reaching safepoint: 140700 ns, At safepoint: 14300 ns, Total: 155000 ns
[2020-03-27T04:58:04.604+0000][1][safepoint    ] Safepoint "RevokeBias", Time since last: 682300 ns, Reaching safepoint: 177800 ns, At safepoint: 11200 ns, Total: 189000 ns
[2020-03-27T04:58:04.705+0000][1][safepoint    ] Safepoint "RevokeBias", Time since last: 100232824 ns, Reaching safepoint: 83300 ns, At safepoint: 23900 ns, Total: 107200 ns
[2020-03-27T04:58:04.716+0000][1][safepoint    ] Safepoint "RevokeBias", Time since last: 11501703 ns, Reaching safepoint: 55300 ns, At safepoint: 20800 ns, Total: 76100 ns
[2020-03-27T04:58:04.813+0000][1][safepoint    ] Safepoint "RevokeBias", Time since last: 96567022 ns, Reaching safepoint: 161500 ns, At safepoint: 24600 ns, Total: 186100 ns
[2020-03-27T04:58:04.830+0000][1][safepoint    ] Safepoint "RevokeBias", Time since last: 16587404 ns, Reaching safepoint: 71600 ns, At safepoint: 12800 ns, Total: 84400 ns
[2020-03-27T04:58:04.877+0000][1][safepoint    ] Safepoint "RevokeBias", Time since last: 46982411 ns, Reaching safepoint: 135400 ns, At safepoint: 27600 ns, Total: 163000 ns
[2020-03-27T04:58:04.942+0000][1][safepoint    ] Safepoint "RevokeBias", Time since last: 64681016 ns, Reaching safepoint: 157000 ns, At safepoint: 15000 ns, Total: 172000 ns
[2020-03-27T04:58:04.945+0000][1][safepoint    ] Safepoint "RevokeBias", Time since last: 3871201 ns, Reaching safepoint: 41500 ns, At safepoint: 20000 ns, Total: 61500 ns
[2020-03-27T04:58:04.946+0000][1][safepoint    ] Safepoint "RevokeBias", Time since last: 255700 ns, Reaching safepoint: 29400 ns, At safepoint: 19700 ns, Total: 49100 ns
[2020-03-27T04:58:04.986+0000][1][safepoint    ] Safepoint "RevokeBias", Time since last: 39514909 ns, Reaching safepoint: 234900 ns, At safepoint: 35000 ns, Total: 269900 ns
[2020-03-27T04:58:04.989+0000][1][safepoint    ] Safepoint "RevokeBias", Time since last: 3219701 ns, Reaching safepoint: 210700 ns, At safepoint: 14800 ns, Total: 225500 ns
[2020-03-27T04:58:04.993+0000][1][safepoint    ] Safepoint "RevokeBias", Time since last: 3238301 ns, Reaching safepoint: 557600 ns, At safepoint: 31700 ns, Total: 589300 ns
[2020-03-27T04:58:04.997+0000][1][safepoint    ] Safepoint "RevokeBias", Time since last: 4158601 ns, Reaching safepoint: 269800 ns, At safepoint: 15900 ns, Total: 285700 ns
[2020-03-27T04:58:05.004+0000][1][safepoint    ] Safepoint "RevokeBias", Time since last: 6542101 ns, Reaching safepoint: 302400 ns, At safepoint: 32900 ns, Total: 335300 ns
[2020-03-27T04:58:05.005+0000][1][safepoint    ] Safepoint "RevokeBias", Time since last: 541901 ns, Reaching safepoint: 202700 ns, At safepoint: 18100 ns, Total: 220800 ns
[2020-03-27T04:58:05.008+0000][1][safepoint    ] Safepoint "RevokeBias", Time since last: 2629400 ns, Reaching safepoint: 68900 ns, At safepoint: 14200 ns, Total: 83100 ns
[2020-03-27T04:58:05.009+0000][1][safepoint    ] Safepoint "RevokeBias", Time since last: 1728401 ns, Reaching safepoint: 51400 ns, At safepoint: 14400 ns, Total: 65800 ns
[2020-03-27T04:58:05.011+0000][1][safepoint    ] Safepoint "RevokeBias", Time since last: 1011100 ns, Reaching safepoint: 117400 ns, At safepoint: 141600 ns, Total: 259000 ns
[2020-03-27T04:58:05.011+0000][1][safepoint    ] Safepoint "RevokeBias", Time since last: 239300 ns, Reaching safepoint: 97800 ns, At safepoint: 130300 ns, Total: 228100 ns
[2020-03-27T04:58:05.020+0000][1][safepoint    ] Safepoint "RevokeBias", Time since last: 9008602 ns, Reaching safepoint: 147800 ns, At safepoint: 129900 ns, Total: 277700 ns
[2020-03-27T04:58:05.711+0000][1][safepoint    ] Safepoint "RevokeBias", Time since last: 690239963 ns, Reaching safepoint: 148800 ns, At safepoint: 108200 ns, Total: 257000 ns
[2020-03-27T04:58:05.713+0000][1][safepoint    ] Safepoint "RevokeBias", Time since last: 2102901 ns, Reaching safepoint: 120400 ns, At safepoint: 63500 ns, Total: 183900 ns
[2020-03-27T04:58:05.716+0000][1][safepoint    ] Safepoint "RevokeBias", Time since last: 2545100 ns, Reaching safepoint: 134000 ns, At safepoint: 101700 ns, Total: 235700 ns
[2020-03-27T04:58:05.718+0000][1][safepoint    ] Safepoint "RevokeBias", Time since last: 1970501 ns, Reaching safepoint: 118200 ns, At safepoint: 101200 ns, Total: 219400 ns
[2020-03-27T04:58:05.733+0000][1][safepoint    ] Safepoint "RevokeBias", Time since last: 14866903 ns, Reaching safepoint: 125900 ns, At safepoint: 44700 ns, Total: 170600 ns
[2020-03-27T04:58:05.772+0000][1][safepoint    ] Safepoint "RevokeBias", Time since last: 38327409 ns, Reaching safepoint: 63500 ns, At safepoint: 27200 ns, Total: 90700 ns
[2020-03-27T04:58:05.772+0000][1][safepoint    ] Safepoint "RevokeBias", Time since last: 706801 ns, Reaching safepoint: 60300 ns, At safepoint: 22700 ns, Total: 83000 ns
[2020-03-27T04:58:05.774+0000][1][safepoint    ] Safepoint "RevokeBias", Time since last: 1227200 ns, Reaching safepoint: 38200 ns, At safepoint: 21600 ns, Total: 59800 ns
[2020-03-27T04:58:05.775+0000][1][safepoint    ] Safepoint "RevokeBias", Time since last: 1150000 ns, Reaching safepoint: 40300 ns, At safepoint: 37600 ns, Total: 77900 ns
[2020-03-27T04:58:05.819+0000][1][safepoint    ] Safepoint "RevokeBias", Time since last: 43599310 ns, Reaching safepoint: 52501 ns, At safepoint: 14100 ns, Total: 66601 ns
[2020-03-27T04:58:05.819+0000][1][safepoint    ] Safepoint "RevokeBias", Time since last: 683500 ns, Reaching safepoint: 35500 ns, At safepoint: 21100 ns, Total: 56600 ns
[2020-03-27T04:58:05.841+0000][1][safepoint    ] Safepoint "RevokeBias", Time since last: 21663305 ns, Reaching safepoint: 47300 ns, At safepoint: 15800 ns, Total: 63100 ns
[2020-03-27T04:58:05.851+0000][1][safepoint    ] Safepoint "RevokeBias", Time since last: 9633102 ns, Reaching safepoint: 127000 ns, At safepoint: 14800 ns, Total: 141800 ns
[2020-03-27T04:58:05.852+0000][1][safepoint    ] Safepoint "RevokeBias", Time since last: 1471100 ns, Reaching safepoint: 100900 ns, At safepoint: 19000 ns, Total: 119900 ns
[2020-03-27T04:58:05.854+0000][1][safepoint    ] Safepoint "RevokeBias", Time since last: 1730701 ns, Reaching safepoint: 122700 ns, At safepoint: 12700 ns, Total: 135400 ns
[2020-03-27T04:58:06.855+0000][1][safepoint    ] Safepoint "Cleanup", Time since last: 1000570336 ns, Reaching safepoint: 60600 ns, At safepoint: 8800 ns, Total: 69400 ns
[2020-03-27T04:58:07.856+0000][1][safepoint    ] Safepoint "Cleanup", Time since last: 1000799236 ns, Reaching safepoint: 52000 ns, At safepoint: 18200 ns, Total: 70200 ns
[2020-03-27T04:58:08.857+0000][1][safepoint    ] Safepoint "Cleanup", Time since last: 1000759116 ns, Reaching safepoint: 279000 ns, At safepoint: 54700 ns, Total: 333700 ns
[2020-03-27T04:58:09.859+0000][1][safepoint    ] Safepoint "Cleanup", Time since last: 1001686150 ns, Reaching safepoint: 52700 ns, At safepoint: 6300 ns, Total: 59000 ns
[2020-03-27T04:58:10.860+0000][1][safepoint    ] Safepoint "Cleanup", Time since last: 1000719150 ns, Reaching safepoint: 316900 ns, At safepoint: 88300 ns, Total: 405200 ns
[2020-03-27T04:58:11.862+0000][1][safepoint    ] Safepoint "Cleanup", Time since last: 1001796050 ns, Reaching safepoint: 153700 ns, At safepoint: 97200 ns, Total: 250900 ns
[2020-03-27T04:58:13.342+0000][1][safepoint    ] Safepoint "Cleanup", Time since last: 1479210775 ns, Reaching safepoint: 371200 ns, At safepoint: 150900 ns, Total: 522100 ns
[2020-03-27T04:58:13.500+0000][1][safepoint    ] Safepoint "RevokeBias", Time since last: 158229908 ns, Reaching safepoint: 311400 ns, At safepoint: 68900 ns, Total: 380300 ns
[2020-03-27T04:58:13.503+0000][1][safepoint    ] Safepoint "RevokeBias", Time since last: 2044300 ns, Reaching safepoint: 229500 ns, At safepoint: 101700 ns, Total: 331200 ns
[2020-03-27T04:58:13.515+0000][1][safepoint    ] Safepoint "RevokeBias", Time since last: 12650600 ns, Reaching safepoint: 75400 ns, At safepoint: 47100 ns, Total: 122500 ns
[2020-03-27T04:58:13.557+0000][1][safepoint    ] Safepoint "RevokeBias", Time since last: 41221702 ns, Reaching safepoint: 59700 ns, At safepoint: 26600 ns, Total: 86300 ns
[2020-03-27T04:58:13.558+0000][1][safepoint    ] Safepoint "RevokeBias", Time since last: 1141101 ns, Reaching safepoint: 131700 ns, At safepoint: 22100 ns, Total: 153800 ns
[2020-03-27T04:58:13.560+0000][1][safepoint    ] Safepoint "RevokeBias", Time since last: 1962400 ns, Reaching safepoint: 225500 ns, At safepoint: 18100 ns, Total: 243600 ns
[2020-03-27T04:58:13.562+0000][1][safepoint    ] Safepoint "RevokeBias", Time since last: 1519100 ns, Reaching safepoint: 119400 ns, At safepoint: 13000 ns, Total: 132400 ns
[2020-03-27T04:58:13.570+0000][1][safepoint    ] Safepoint "RevokeBias", Time since last: 7729100 ns, Reaching safepoint: 170300 ns, At safepoint: 18000 ns, Total: 188300 ns
[2020-03-27T04:58:13.580+0000][1][safepoint    ] Safepoint "RevokeBias", Time since last: 10671801 ns, Reaching safepoint: 57200 ns, At safepoint: 26500 ns, Total: 83700 ns
[2020-03-27T04:58:13.586+0000][1][safepoint    ] Safepoint "RevokeBias", Time since last: 5265200 ns, Reaching safepoint: 70200 ns, At safepoint: 14400 ns, Total: 84600 ns
[2020-03-27T04:58:14.351+0000][1][safepoint    ] Safepoint "RevokeBias", Time since last: 764935938 ns, Reaching safepoint: 365300 ns, At safepoint: 61600 ns, Total: 426900 ns
[2020-03-27T04:58:14.371+0000][1][gc,start     ] GC(20) Pause Young (Allocation Failure)
[2020-03-27T04:58:14.372+0000][1][gc,task      ] GC(20) Using 2 workers of 2 for evacuation
[2020-03-27T04:58:14.384+0000][1][gc,age       ] GC(20) Desired survivor size 8716288 bytes, new threshold 1 (max threshold 6)
[2020-03-27T04:58:14.384+0000][1][gc,age       ] GC(20) Age table with threshold 1 (max threshold 6)
[2020-03-27T04:58:14.398+0000][1][gc,age       ] GC(20) - age   1:    9218680 bytes,    9218680 total
[2020-03-27T04:58:14.398+0000][1][gc,age       ] GC(20) - age   2:     572904 bytes,    9791584 total
[2020-03-27T04:58:14.399+0000][1][gc,age       ] GC(20) - age   3:    1273424 bytes,   11065008 total
[2020-03-27T04:58:14.399+0000][1][gc,age       ] GC(20) - age   4:    2221056 bytes,   13286064 total
[2020-03-27T04:58:14.400+0000][1][gc,heap      ] GC(20) ParNew: 146744K->14394K(153344K)
[2020-03-27T04:58:14.400+0000][1][gc,heap      ] GC(20) CMS: 70078K->70078K(353920K)
[2020-03-27T04:58:14.401+0000][1][gc,metaspace ] GC(20) Metaspace: 88353K->88353K(1130496K)
[2020-03-27T04:58:14.401+0000][1][gc           ] GC(20) Pause Young (Allocation Failure) 211M->82M(495M) 30.220ms
[2020-03-27T04:58:14.402+0000][1][gc,cpu       ] GC(20) User=0.03s Sys=0.00s Real=0.03s
[2020-03-27T04:58:14.402+0000][1][safepoint    ] Safepoint "GenCollectForAllocation", Time since last: 19536501 ns, Reaching safepoint: 205500 ns, At safepoint: 31289602 ns, Total: 31495102 ns
[2020-03-27T04:58:14.424+0000][1][safepoint    ] Safepoint "RevokeBias", Time since last: 21978401 ns, Reaching safepoint: 127900 ns, At safepoint: 15800 ns, Total: 143700 ns
[2020-03-27T04:58:14.425+0000][1][safepoint    ] Safepoint "RevokeBias", Time since last: 683500 ns, Reaching safepoint: 75100 ns, At safepoint: 10700 ns, Total: 85800 ns
[2020-03-27T04:58:14.426+0000][1][safepoint    ] Safepoint "RevokeBias", Time since last: 1143100 ns, Reaching safepoint: 53900 ns, At safepoint: 11600 ns, Total: 65500 ns
[2020-03-27T04:58:14.427+0000][1][safepoint    ] Safepoint "RevokeBias", Time since last: 1074400 ns, Reaching safepoint: 29100 ns, At safepoint: 12300 ns, Total: 41400 ns
[2020-03-27T04:58:14.487+0000][1][safepoint    ] Safepoint "RevokeBias", Time since last: 59012503 ns, Reaching safepoint: 99300 ns, At safepoint: 36500 ns, Total: 135800 ns
[2020-03-27T04:58:14.527+0000][1][safepoint    ] Safepoint "RevokeBias", Time since last: 40716802 ns, Reaching safepoint: 48200 ns, At safepoint: 17800 ns, Total: 66000 ns
[2020-03-27T04:58:14.636+0000][1][safepoint    ] Safepoint "RevokeBias", Time since last: 108095506 ns, Reaching safepoint: 161400 ns, At safepoint: 149800 ns, Total: 311200 ns
[2020-03-27T04:58:14.870+0000][1][safepoint    ] Safepoint "RevokeBias", Time since last: 233895211 ns, Reaching safepoint: 194000 ns, At safepoint: 17100 ns, Total: 211100 ns
[2020-03-27T04:58:14.889+0000][1][safepoint    ] Safepoint "RevokeBias", Time since last: 19134901 ns, Reaching safepoint: 101100 ns, At safepoint: 14900 ns, Total: 116000 ns
[2020-03-27T04:58:14.890+0000][1][safepoint    ] Safepoint "RevokeBias", Time since last: 985200 ns, Reaching safepoint: 156900 ns, At safepoint: 102000 ns, Total: 258900 ns
[2020-03-27T04:58:14.892+0000][1][safepoint    ] Safepoint "RevokeBias", Time since last: 1195900 ns, Reaching safepoint: 42200 ns, At safepoint: 21700 ns, Total: 63900 ns
[2020-03-27T04:58:14.893+0000][1][safepoint    ] Safepoint "RevokeBias", Time since last: 970400 ns, Reaching safepoint: 35400 ns, At safepoint: 12000 ns, Total: 47400 ns
[2020-03-27T04:58:14.939+0000][1][safepoint    ] Safepoint "RevokeBias", Time since last: 46208003 ns, Reaching safepoint: 76900 ns, At safepoint: 22000 ns, Total: 98900 ns
[2020-03-27T04:58:14.974+0000][1][safepoint    ] Safepoint "BulkRevokeBias", Time since last: 35059101 ns, Reaching safepoint: 47400 ns, At safepoint: 201401 ns, Total: 248801 ns
[2020-03-27T04:58:15.976+0000][1][safepoint    ] Safepoint "Cleanup", Time since last: 1001802950 ns, Reaching safepoint: 72200 ns, At safepoint: 25600 ns, Total: 97800 ns
[2020-03-27T04:58:16.977+0000][1][safepoint    ] Safepoint "Cleanup", Time since last: 1000687547 ns, Reaching safepoint: 179400 ns, At safepoint: 49100 ns, Total: 228500 ns
[2020-03-27T04:58:17.978+0000][1][safepoint    ] Safepoint "Cleanup", Time since last: 1000776534 ns, Reaching safepoint: 65300 ns, At safepoint: 6800 ns, Total: 72100 ns
[2020-03-27T04:58:18.982+0000][1][safepoint    ] Safepoint "Cleanup", Time since last: 1004085335 ns, Reaching safepoint: 234900 ns, At safepoint: 86600 ns, Total: 321500 ns
[2020-03-27T04:58:19.985+0000][1][safepoint    ] Safepoint "Cleanup", Time since last: 1001931034 ns, Reaching safepoint: 170700 ns, At safepoint: 183300 ns, Total: 354000 ns
[2020-03-27T04:58:20.987+0000][1][safepoint    ] Safepoint "Cleanup", Time since last: 1002302635 ns, Reaching safepoint: 177300 ns, At safepoint: 67700 ns, Total: 245000 ns
[2020-03-27T04:58:21.989+0000][1][safepoint    ] Safepoint "Cleanup", Time since last: 1001874934 ns, Reaching safepoint: 274400 ns, At safepoint: 28200 ns, Total: 302600 ns
[2020-03-27T04:58:22.992+0000][1][safepoint    ] Safepoint "Cleanup", Time since last: 1002328935 ns, Reaching safepoint: 183200 ns, At safepoint: 84000 ns, Total: 267200 ns
[2020-03-27T04:58:23.498+0000][1][safepoint    ] Safepoint "RevokeBias", Time since last: 506047817 ns, Reaching safepoint: 192600 ns, At safepoint: 64900 ns, Total: 257500 ns
[2020-03-27T04:58:23.506+0000][1][safepoint    ] Safepoint "RevokeBias", Time since last: 7281401 ns, Reaching safepoint: 121300 ns, At safepoint: 44800 ns, Total: 166100 ns
[2020-03-27T04:58:23.512+0000][1][safepoint    ] Safepoint "RevokeBias", Time since last: 6212300 ns, Reaching safepoint: 265000 ns, At safepoint: 53400 ns, Total: 318400 ns
[2020-03-27T04:58:23.565+0000][1][safepoint    ] Safepoint "RevokeBias", Time since last: 52849802 ns, Reaching safepoint: 150600 ns, At safepoint: 26100 ns, Total: 176700 ns
[2020-03-27T04:58:24.271+0000][1][safepoint    ] Safepoint "RevokeBias", Time since last: 705517024 ns, Reaching safepoint: 425700 ns, At safepoint: 124400 ns, Total: 550100 ns
[2020-03-27T04:58:24.273+0000][1][safepoint    ] Safepoint "RevokeBias", Time since last: 1755500 ns, Reaching safepoint: 131700 ns, At safepoint: 124500 ns, Total: 256200 ns
[2020-03-27T04:58:24.539+0000][1][safepoint    ] Safepoint "RevokeBias", Time since last: 265611709 ns, Reaching safepoint: 72400 ns, At safepoint: 16800 ns, Total: 89200 ns
[2020-03-27T04:58:24.565+0000][1][gc,start     ] GC(21) Pause Young (Allocation Failure)
[2020-03-27T04:58:24.566+0000][1][gc,task      ] GC(21) Using 2 workers of 2 for evacuation
[2020-03-27T04:58:24.620+0000][1][gc,age       ] GC(21) Desired survivor size 8716288 bytes, new threshold 6 (max threshold 6)
[2020-03-27T04:58:24.620+0000][1][gc,age       ] GC(21) Age table with threshold 6 (max threshold 6)
[2020-03-27T04:58:24.621+0000][1][gc,age       ] GC(21) - age   1:    3141192 bytes,    3141192 total
[2020-03-27T04:58:24.621+0000][1][gc,heap      ] GC(21) ParNew: 150714K->11530K(153344K)
[2020-03-27T04:58:24.621+0000][1][gc,heap      ] GC(21) CMS: 70078K->75177K(353920K)
[2020-03-27T04:58:24.623+0000][1][gc,metaspace ] GC(21) Metaspace: 88719K->88719K(1130496K)
[2020-03-27T04:58:24.623+0000][1][gc           ] GC(21) Pause Young (Allocation Failure) 215M->84M(495M) 57.763ms
[2020-03-27T04:58:24.623+0000][1][gc,cpu       ] GC(21) User=0.02s Sys=0.01s Real=0.06s
[2020-03-27T04:58:24.624+0000][1][safepoint    ] Safepoint "GenCollectForAllocation", Time since last: 25970601 ns, Reaching safepoint: 208100 ns, At safepoint: 58584302 ns, Total: 58792402 ns
[2020-03-27T04:58:24.644+0000][1][safepoint    ] Safepoint "RevokeBias", Time since last: 19432001 ns, Reaching safepoint: 108300 ns, At safepoint: 238300 ns, Total: 346600 ns
[2020-03-27T04:58:24.646+0000][1][safepoint    ] Safepoint "RevokeBias", Time since last: 2442200 ns, Reaching safepoint: 149000 ns, At safepoint: 117400 ns, Total: 266400 ns
[2020-03-27T04:58:24.648+0000][1][safepoint    ] Safepoint "RevokeBias", Time since last: 1671400 ns, Reaching safepoint: 89700 ns, At safepoint: 186900 ns, Total: 276600 ns
[2020-03-27T04:58:24.650+0000][1][safepoint    ] Safepoint "RevokeBias", Time since last: 1498200 ns, Reaching safepoint: 67700 ns, At safepoint: 17000 ns, Total: 84700 ns
[2020-03-27T04:58:24.652+0000][1][safepoint    ] Safepoint "RevokeBias", Time since last: 2342700 ns, Reaching safepoint: 209000 ns, At safepoint: 34000 ns, Total: 243000 ns
[2020-03-27T04:58:24.699+0000][1][safepoint    ] Safepoint "RevokeBias", Time since last: 46002502 ns, Reaching safepoint: 110300 ns, At safepoint: 27900 ns, Total: 138200 ns
[2020-03-27T04:58:24.773+0000][1][safepoint    ] Safepoint "RevokeBias", Time since last: 73839402 ns, Reaching safepoint: 158300 ns, At safepoint: 16300 ns, Total: 174600 ns
[2020-03-27T04:58:24.794+0000][1][safepoint    ] Safepoint "RevokeBias", Time since last: 21762300 ns, Reaching safepoint: 68600 ns, At safepoint: 30400 ns, Total: 99000 ns
[2020-03-27T04:58:24.924+0000][1][safepoint    ] Safepoint "RevokeBias", Time since last: 129572097 ns, Reaching safepoint: 166400 ns, At safepoint: 126800 ns, Total: 293200 ns
[2020-03-27T04:58:24.992+0000][1][safepoint    ] Safepoint "RevokeBias", Time since last: 67144198 ns, Reaching safepoint: 56700 ns, At safepoint: 55600 ns, Total: 112300 ns
[2020-03-27T04:58:25.011+0000][1][safepoint    ] Safepoint "RevokeBias", Time since last: 19782700 ns, Reaching safepoint: 58300 ns, At safepoint: 24000 ns, Total: 82300 ns
[2020-03-27T04:58:25.012+0000][1][safepoint    ] Safepoint "RevokeBias", Time since last: 747900 ns, Reaching safepoint: 32900 ns, At safepoint: 18700 ns, Total: 51600 ns
[2020-03-27T04:58:25.014+0000][1][safepoint    ] Safepoint "RevokeBias", Time since last: 1434999 ns, Reaching safepoint: 34800 ns, At safepoint: 19900 ns, Total: 54700 ns
[2020-03-27T04:58:25.015+0000][1][safepoint    ] Safepoint "RevokeBias", Time since last: 976700 ns, Reaching safepoint: 34500 ns, At safepoint: 11200 ns, Total: 45700 ns
[2020-03-27T04:58:25.064+0000][1][safepoint    ] Safepoint "RevokeBias", Time since last: 49056799 ns, Reaching safepoint: 66300 ns, At safepoint: 13500 ns, Total: 79800 ns
[2020-03-27T04:58:25.100+0000][1][safepoint    ] Safepoint "RevokeBias", Time since last: 36549299 ns, Reaching safepoint: 50000 ns, At safepoint: 30600 ns, Total: 80600 ns
[2020-03-27T04:58:26.102+0000][1][safepoint    ] Safepoint "Cleanup", Time since last: 1001185574 ns, Reaching safepoint: 191800 ns, At safepoint: 82600 ns, Total: 274400 ns
[2020-03-27T04:58:27.104+0000][1][safepoint    ] Safepoint "Cleanup", Time since last: 1002021675 ns, Reaching safepoint: 89400 ns, At safepoint: 13700 ns, Total: 103100 ns
[2020-03-27T04:58:28.105+0000][1][safepoint    ] Safepoint "Cleanup", Time since last: 1000623574 ns, Reaching safepoint: 88200 ns, At safepoint: 17400 ns, Total: 105600 ns
[2020-03-27T04:58:28.186+0000][1][safepoint    ] Safepoint "RevokeBias", Time since last: 81023598 ns, Reaching safepoint: 54600 ns, At safepoint: 21000 ns, Total: 75600 ns
[2020-03-27T04:58:29.187+0000][1][safepoint    ] Safepoint "Cleanup", Time since last: 1000830774 ns, Reaching safepoint: 188500 ns, At safepoint: 85600 ns, Total: 274100 ns
[2020-03-27T04:58:30.189+0000][1][safepoint    ] Safepoint "Cleanup", Time since last: 1002193974 ns, Reaching safepoint: 141200 ns, At safepoint: 63500 ns, Total: 204700 ns
[2020-03-27T04:58:31.192+0000][1][safepoint    ] Safepoint "Cleanup", Time since last: 1001864274 ns, Reaching safepoint: 191300 ns, At safepoint: 221600 ns, Total: 412900 ns
[2020-03-27T04:58:32.194+0000][1][safepoint    ] Safepoint "Cleanup", Time since last: 1002111674 ns, Reaching safepoint: 79500 ns, At safepoint: 33700 ns, Total: 113200 ns
[2020-03-27T04:58:33.195+0000][1][safepoint    ] Safepoint "Cleanup", Time since last: 1000943676 ns, Reaching safepoint: 180600 ns, At safepoint: 122500 ns, Total: 303100 ns
[2020-03-27T04:58:33.493+0000][1][safepoint    ] Safepoint "RevokeBias", Time since last: 297788145 ns, Reaching safepoint: 382100 ns, At safepoint: 65200 ns, Total: 447300 ns
[2020-03-27T04:58:33.496+0000][1][safepoint    ] Safepoint "RevokeBias", Time since last: 2280199 ns, Reaching safepoint: 91099 ns, At safepoint: 20800 ns, Total: 111899 ns
[2020-03-27T04:58:33.529+0000][1][safepoint    ] Safepoint "RevokeBias", Time since last: 32761283 ns, Reaching safepoint: 142500 ns, At safepoint: 25300 ns, Total: 167800 ns
[2020-03-27T04:58:33.804+0000][1][safepoint    ] Safepoint "RevokeBias", Time since last: 274881757 ns, Reaching safepoint: 91600 ns, At safepoint: 14800 ns, Total: 106400 ns
[2020-03-27T04:58:34.652+0000][1][safepoint    ] Safepoint "RevokeBias", Time since last: 847891959 ns, Reaching safepoint: 146600 ns, At safepoint: 136000 ns, Total: 282600 ns
[2020-03-27T04:58:34.710+0000][1][safepoint    ] Safepoint "RevokeBias", Time since last: 58307669 ns, Reaching safepoint: 187400 ns, At safepoint: 29300 ns, Total: 216700 ns
[2020-03-27T04:58:35.711+0000][1][safepoint    ] Safepoint "Cleanup", Time since last: 1000713479 ns, Reaching safepoint: 197200 ns, At safepoint: 77400 ns, Total: 274600 ns
[2020-03-27T04:58:36.714+0000][1][safepoint    ] Safepoint "Cleanup", Time since last: 1001997078 ns, Reaching safepoint: 278400 ns, At safepoint: 82900 ns, Total: 361300 ns
[2020-03-27T04:58:37.716+0000][1][safepoint    ] Safepoint "Cleanup", Time since last: 1002064878 ns, Reaching safepoint: 194400 ns, At safepoint: 84400 ns, Total: 278800 ns
[2020-03-27T04:58:38.719+0000][1][safepoint    ] Safepoint "Cleanup", Time since last: 1002185478 ns, Reaching safepoint: 193000 ns, At safepoint: 172100 ns, Total: 365100 ns
[2020-03-27T04:58:39.721+0000][1][safepoint    ] Safepoint "Cleanup", Time since last: 1002416378 ns, Reaching safepoint: 65500 ns, At safepoint: 21200 ns, Total: 86700 ns
[2020-03-27T04:58:40.722+0000][1][safepoint    ] Safepoint "Cleanup", Time since last: 1000841579 ns, Reaching safepoint: 188300 ns, At safepoint: 82000 ns, Total: 270300 ns
[2020-03-27T04:58:41.724+0000][1][safepoint    ] Safepoint "Cleanup", Time since last: 1001929559 ns, Reaching safepoint: 70100 ns, At safepoint: 21400 ns, Total: 91500 ns
[2020-03-27T04:58:42.725+0000][1][safepoint    ] Safepoint "Cleanup", Time since last: 1000853405 ns, Reaching safepoint: 58500 ns, At safepoint: 18000 ns, Total: 76500 ns
[2020-03-27T04:58:43.540+0000][1][safepoint    ] Safepoint "RevokeBias", Time since last: 814316504 ns, Reaching safepoint: 87900 ns, At safepoint: 13600 ns, Total: 101500 ns
[2020-03-27T04:58:44.359+0000][1][safepoint    ] Safepoint "RevokeBias", Time since last: 819144904 ns, Reaching safepoint: 90000 ns, At safepoint: 17000 ns, Total: 107000 ns
[2020-03-27T04:58:44.657+0000][1][safepoint    ] Safepoint "RevokeBias", Time since last: 297746801 ns, Reaching safepoint: 185900 ns, At safepoint: 16800 ns, Total: 202700 ns
[2020-03-27T04:58:45.658+0000][1][safepoint    ] Safepoint "Cleanup", Time since last: 1000780605 ns, Reaching safepoint: 196200 ns, At safepoint: 109900 ns, Total: 306100 ns
[2020-03-27T04:58:46.660+0000][1][safepoint    ] Safepoint "Cleanup", Time since last: 1001823205 ns, Reaching safepoint: 205700 ns, At safepoint: 78000 ns, Total: 283700 ns
[2020-03-27T04:58:47.662+0000][1][safepoint    ] Safepoint "Cleanup", Time since last: 1001877405 ns, Reaching safepoint: 117400 ns, At safepoint: 45000 ns, Total: 162400 ns
[2020-03-27T04:58:48.664+0000][1][safepoint    ] Safepoint "Cleanup", Time since last: 1001355505 ns, Reaching safepoint: 275300 ns, At safepoint: 81200 ns, Total: 356500 ns
[2020-03-27T04:58:49.666+0000][1][safepoint    ] Safepoint "Cleanup", Time since last: 1002214347 ns, Reaching safepoint: 245500 ns, At safepoint: 84000 ns, Total: 329500 ns
[2020-03-27T04:58:50.669+0000][1][safepoint    ] Safepoint "Cleanup", Time since last: 1002225976 ns, Reaching safepoint: 261500 ns, At safepoint: 84200 ns, Total: 345700 ns
[2020-03-27T04:58:51.671+0000][1][safepoint    ] Safepoint "Cleanup", Time since last: 1001695075 ns, Reaching safepoint: 204300 ns, At safepoint: 78700 ns, Total: 283000 ns
[2020-03-27T04:58:52.673+0000][1][safepoint    ] Safepoint "Cleanup", Time since last: 1001842175 ns, Reaching safepoint: 69900 ns, At safepoint: 15400 ns, Total: 85300 ns
[2020-03-27T04:58:53.545+0000][1][safepoint    ] Safepoint "BulkRevokeBias", Time since last: 872217352 ns, Reaching safepoint: 115700 ns, At safepoint: 232500 ns, Total: 348200 ns
[2020-03-27T04:58:54.546+0000][1][safepoint    ] Safepoint "Cleanup", Time since last: 1000647275 ns, Reaching safepoint: 94800 ns, At safepoint: 9600 ns, Total: 104400 ns
[2020-03-27T04:58:54.669+0000][1][safepoint    ] Safepoint "RevokeBias", Time since last: 122080221 ns, Reaching safepoint: 271801 ns, At safepoint: 249800 ns, Total: 521601 ns
[2020-03-27T04:58:55.670+0000][1][safepoint    ] Safepoint "Cleanup", Time since last: 1000613674 ns, Reaching safepoint: 351800 ns, At safepoint: 80400 ns, Total: 432200 ns
[2020-03-27T04:58:55.966+0000][1][safepoint    ] Safepoint "RevokeBias", Time since last: 295902152 ns, Reaching safepoint: 56000 ns, At safepoint: 24900 ns, Total: 80900 ns
[2020-03-27T04:58:55.971+0000][1][safepoint    ] Safepoint "RevokeBias", Time since last: 5022801 ns, Reaching safepoint: 177800 ns, At safepoint: 13400 ns, Total: 191200 ns
[2020-03-27T04:58:55.972+0000][1][safepoint    ] Safepoint "RevokeBias", Time since last: 864100 ns, Reaching safepoint: 37500 ns, At safepoint: 20400 ns, Total: 57900 ns
[2020-03-27T04:58:55.973+0000][1][safepoint    ] Safepoint "RevokeBias", Time since last: 639400 ns, Reaching safepoint: 38800 ns, At safepoint: 21400 ns, Total: 60200 ns
[2020-03-27T04:58:55.973+0000][1][safepoint    ] Safepoint "RevokeBias", Time since last: 512800 ns, Reaching safepoint: 28500 ns, At safepoint: 20800 ns, Total: 49300 ns
[2020-03-27T04:58:55.974+0000][1][safepoint    ] Safepoint "RevokeBias", Time since last: 636901 ns, Reaching safepoint: 156200 ns, At safepoint: 10300 ns, Total: 166500 ns
[2020-03-27T04:58:55.975+0000][1][safepoint    ] Safepoint "RevokeBias", Time since last: 587000 ns, Reaching safepoint: 42600 ns, At safepoint: 34700 ns, Total: 77300 ns
[2020-03-27T04:58:55.975+0000][1][safepoint    ] Safepoint "RevokeBias", Time since last: 714800 ns, Reaching safepoint: 31400 ns, At safepoint: 20000 ns, Total: 51400 ns
[2020-03-27T04:58:55.976+0000][1][safepoint    ] Safepoint "RevokeBias", Time since last: 538800 ns, Reaching safepoint: 28400 ns, At safepoint: 24500 ns, Total: 52900 ns
[2020-03-27T04:58:55.980+0000][1][safepoint    ] Safepoint "RevokeBias", Time since last: 3484601 ns, Reaching safepoint: 80100 ns, At safepoint: 19800 ns, Total: 99900 ns
[2020-03-27T04:58:55.980+0000][1][safepoint    ] Safepoint "RevokeBias", Time since last: 667200 ns, Reaching safepoint: 59000 ns, At safepoint: 22700 ns, Total: 81700 ns
[2020-03-27T04:58:56.077+0000][1][safepoint    ] Safepoint "RevokeBias", Time since last: 96716017 ns, Reaching safepoint: 92900 ns, At safepoint: 27900 ns, Total: 120800 ns
[2020-03-27T04:58:56.080+0000][1][safepoint    ] Safepoint "RevokeBias", Time since last: 2949000 ns, Reaching safepoint: 90800 ns, At safepoint: 17800 ns, Total: 108600 ns
[2020-03-27T04:58:56.178+0000][1][safepoint    ] Safepoint "RevokeBias", Time since last: 97542617 ns, Reaching safepoint: 64200 ns, At safepoint: 11500 ns, Total: 75700 ns
[2020-03-27T04:58:56.204+0000][1][safepoint    ] Safepoint "RevokeBias", Time since last: 26329905 ns, Reaching safepoint: 60100 ns, At safepoint: 15100 ns, Total: 75200 ns
[2020-03-27T04:58:56.240+0000][1][gc,start     ] GC(22) Pause Young (Allocation Failure)
[2020-03-27T04:58:56.240+0000][1][gc,task      ] GC(22) Using 2 workers of 2 for evacuation
[2020-03-27T04:58:56.254+0000][1][gc,age       ] GC(22) Desired survivor size 8716288 bytes, new threshold 1 (max threshold 6)
[2020-03-27T04:58:56.254+0000][1][gc,age       ] GC(22) Age table with threshold 1 (max threshold 6)
[2020-03-27T04:58:56.255+0000][1][gc,age       ] GC(22) - age   1:   14271296 bytes,   14271296 total
[2020-03-27T04:58:56.255+0000][1][gc,age       ] GC(22) - age   2:     547320 bytes,   14818616 total
[2020-03-27T04:58:56.256+0000][1][gc,heap      ] GC(22) ParNew: 147850K->16422K(153344K)
[2020-03-27T04:58:56.256+0000][1][gc,heap      ] GC(22) CMS: 75177K->75177K(353920K)
[2020-03-27T04:58:56.257+0000][1][gc,metaspace ] GC(22) Metaspace: 89437K->89437K(1132544K)
[2020-03-27T04:58:56.257+0000][1][gc           ] GC(22) Pause Young (Allocation Failure) 217M->89M(495M) 17.558ms
[2020-03-27T04:58:56.258+0000][1][gc,cpu       ] GC(22) User=0.01s Sys=0.00s Real=0.02s
[2020-03-27T04:58:56.258+0000][1][safepoint    ] Safepoint "GenCollectForAllocation", Time since last: 35263906 ns, Reaching safepoint: 99100 ns, At safepoint: 18472103 ns, Total: 18571203 ns
[2020-03-27T04:58:56.268+0000][1][safepoint    ] Safepoint "RevokeBias", Time since last: 9702202 ns, Reaching safepoint: 69400 ns, At safepoint: 21100 ns, Total: 90500 ns
[2020-03-27T04:58:56.329+0000][1][safepoint    ] Safepoint "RevokeBias", Time since last: 60611411 ns, Reaching safepoint: 72900 ns, At safepoint: 20700 ns, Total: 93600 ns
[2020-03-27T04:58:56.333+0000][1][safepoint    ] Safepoint "RevokeBias", Time since last: 3872700 ns, Reaching safepoint: 162800 ns, At safepoint: 14900 ns, Total: 177700 ns
[2020-03-27T04:58:56.333+0000][1][safepoint    ] Safepoint "RevokeBias", Time since last: 231500 ns, Reaching safepoint: 33700 ns, At safepoint: 11400 ns, Total: 45100 ns
[2020-03-27T04:58:56.365+0000][1][safepoint    ] Safepoint "RevokeBias", Time since last: 32139106 ns, Reaching safepoint: 237600 ns, At safepoint: 21900 ns, Total: 259500 ns
[2020-03-27T04:58:56.368+0000][1][safepoint    ] Safepoint "RevokeBias", Time since last: 2439600 ns, Reaching safepoint: 142100 ns, At safepoint: 13100 ns, Total: 155200 ns
[2020-03-27T04:58:56.373+0000][1][safepoint    ] Safepoint "RevokeBias", Time since last: 4603901 ns, Reaching safepoint: 118500 ns, At safepoint: 26400 ns, Total: 144900 ns
[2020-03-27T04:58:56.377+0000][1][safepoint    ] Safepoint "RevokeBias", Time since last: 3985501 ns, Reaching safepoint: 164400 ns, At safepoint: 26900 ns, Total: 191300 ns
[2020-03-27T04:58:56.380+0000][1][safepoint    ] Safepoint "RevokeBias", Time since last: 2698400 ns, Reaching safepoint: 102100 ns, At safepoint: 23700 ns, Total: 125800 ns
[2020-03-27T04:58:56.382+0000][1][safepoint    ] Safepoint "RevokeBias", Time since last: 2445401 ns, Reaching safepoint: 71200 ns, At safepoint: 34700 ns, Total: 105900 ns
[2020-03-27T04:58:56.385+0000][1][safepoint    ] Safepoint "RevokeBias", Time since last: 3058200 ns, Reaching safepoint: 99400 ns, At safepoint: 17900 ns, Total: 117300 ns
[2020-03-27T04:58:56.388+0000][1][safepoint    ] Safepoint "RevokeBias", Time since last: 2249501 ns, Reaching safepoint: 72200 ns, At safepoint: 124900 ns, Total: 197100 ns
[2020-03-27T04:58:56.393+0000][1][safepoint    ] Safepoint "RevokeBias", Time since last: 1046100 ns, Reaching safepoint: 3911201 ns, At safepoint: 125100 ns, Total: 4036301 ns
[2020-03-27T04:58:56.399+0000][1][safepoint    ] Safepoint "RevokeBias", Time since last: 5113101 ns, Reaching safepoint: 844500 ns, At safepoint: 24400 ns, Total: 868900 ns
[2020-03-27T04:58:56.405+0000][1][safepoint    ] Safepoint "RevokeBias", Time since last: 6003001 ns, Reaching safepoint: 142300 ns, At safepoint: 19100 ns, Total: 161400 ns
[2020-03-27T04:58:56.414+0000][1][safepoint    ] Safepoint "RevokeBias", Time since last: 8843301 ns, Reaching safepoint: 60200 ns, At safepoint: 16300 ns, Total: 76500 ns
[2020-03-27T04:58:56.420+0000][1][safepoint    ] Safepoint "RevokeBias", Time since last: 5921502 ns, Reaching safepoint: 150300 ns, At safepoint: 27300 ns, Total: 177600 ns
[2020-03-27T04:58:56.421+0000][1][safepoint    ] Safepoint "RevokeBias", Time since last: 750300 ns, Reaching safepoint: 173800 ns, At safepoint: 39400 ns, Total: 213200 ns
[2020-03-27T04:58:56.422+0000][1][safepoint    ] Safepoint "RevokeBias", Time since last: 764300 ns, Reaching safepoint: 39400 ns, At safepoint: 38300 ns, Total: 77700 ns
[2020-03-27T04:58:56.422+0000][1][safepoint    ] Safepoint "RevokeBias", Time since last: 544200 ns, Reaching safepoint: 34900 ns, At safepoint: 38000 ns, Total: 72900 ns
[2020-03-27T04:58:56.443+0000][1][safepoint    ] Safepoint "CollectForMetadataAllocation", Time since last: 19825103 ns, Reaching safepoint: 154500 ns, At safepoint: 72800 ns, Total: 227300 ns
[2020-03-27T04:58:56.456+0000][1][safepoint    ] Safepoint "RevokeBias", Time since last: 13527403 ns, Reaching safepoint: 64100 ns, At safepoint: 19400 ns, Total: 83500 ns
[2020-03-27T04:58:56.457+0000][1][safepoint    ] Safepoint "RevokeBias", Time since last: 1131300 ns, Reaching safepoint: 69300 ns, At safepoint: 14100 ns, Total: 83400 ns
[2020-03-27T04:58:56.459+0000][1][safepoint    ] Safepoint "RevokeBias", Time since last: 1124800 ns, Reaching safepoint: 75900 ns, At safepoint: 13800 ns, Total: 89700 ns
[2020-03-27T04:58:56.465+0000][1][safepoint    ] Safepoint "RevokeBias", Time since last: 6066701 ns, Reaching safepoint: 66400 ns, At safepoint: 15300 ns, Total: 81700 ns
[2020-03-27T04:58:56.467+0000][1][safepoint    ] Safepoint "RevokeBias", Time since last: 2571801 ns, Reaching safepoint: 143600 ns, At safepoint: 6500 ns, Total: 150100 ns
[2020-03-27T04:58:56.482+0000][1][safepoint    ] Safepoint "RevokeBias", Time since last: 14545802 ns, Reaching safepoint: 165100 ns, At safepoint: 27100 ns, Total: 192200 ns
[2020-03-27T04:58:56.483+0000][1][safepoint    ] Safepoint "RevokeBias", Time since last: 813801 ns, Reaching safepoint: 141200 ns, At safepoint: 15100 ns, Total: 156300 ns
[2020-03-27T04:58:56.493+0000][1][safepoint    ] Safepoint "RevokeBias", Time since last: 9888601 ns, Reaching safepoint: 181500 ns, At safepoint: 39700 ns, Total: 221200 ns
[2020-03-27T04:58:56.494+0000][1][safepoint    ] Safepoint "RevokeBias", Time since last: 1070001 ns, Reaching safepoint: 69900 ns, At safepoint: 15800 ns, Total: 85700 ns
[2020-03-27T04:58:56.510+0000][1][safepoint    ] Safepoint "CollectForMetadataAllocation", Time since last: 14534102 ns, Reaching safepoint: 754900 ns, At safepoint: 41800 ns, Total: 796700 ns
[2020-03-27T04:58:56.514+0000][1][safepoint    ] Safepoint "CollectForMetadataAllocation", Time since last: 512400 ns, Reaching safepoint: 3385801 ns, At safepoint: 8000 ns, Total: 3393801 ns
[2020-03-27T04:58:56.563+0000][1][safepoint    ] Safepoint "RevokeBias", Time since last: 49114908 ns, Reaching safepoint: 77401 ns, At safepoint: 26000 ns, Total: 103401 ns
[2020-03-27T04:58:56.564+0000][1][safepoint    ] Safepoint "RevokeBias", Time since last: 724200 ns, Reaching safepoint: 49400 ns, At safepoint: 22300 ns, Total: 71700 ns
[2020-03-27T04:58:56.568+0000][1][safepoint    ] Safepoint "RevokeBias", Time since last: 4668100 ns, Reaching safepoint: 67300 ns, At safepoint: 11000 ns, Total: 78300 ns
[2020-03-27T04:58:56.569+0000][1][safepoint    ] Safepoint "RevokeBias", Time since last: 562001 ns, Reaching safepoint: 43400 ns, At safepoint: 19100 ns, Total: 62500 ns
[2020-03-27T04:58:56.570+0000][1][safepoint    ] Safepoint "RevokeBias", Time since last: 442300 ns, Reaching safepoint: 125700 ns, At safepoint: 25600 ns, Total: 151300 ns
[2020-03-27T04:58:56.570+0000][1][safepoint    ] Safepoint "RevokeBias", Time since last: 498900 ns, Reaching safepoint: 110100 ns, At safepoint: 11000 ns, Total: 121100 ns
[2020-03-27T04:58:56.571+0000][1][safepoint    ] Safepoint "RevokeBias", Time since last: 369600 ns, Reaching safepoint: 564400 ns, At safepoint: 50200 ns, Total: 614600 ns
[2020-03-27T04:58:56.572+0000][1][safepoint    ] Safepoint "RevokeBias", Time since last: 388200 ns, Reaching safepoint: 149300 ns, At safepoint: 27900 ns, Total: 177200 ns
[2020-03-27T04:58:56.572+0000][1][safepoint    ] Safepoint "RevokeBias", Time since last: 609300 ns, Reaching safepoint: 53800 ns, At safepoint: 10800 ns, Total: 64600 ns
[2020-03-27T04:58:56.573+0000][1][safepoint    ] Safepoint "RevokeBias", Time since last: 346000 ns, Reaching safepoint: 51800 ns, At safepoint: 11200 ns, Total: 63000 ns
[2020-03-27T04:58:56.573+0000][1][safepoint    ] Safepoint "RevokeBias", Time since last: 395700 ns, Reaching safepoint: 52200 ns, At safepoint: 10300 ns, Total: 62500 ns
[2020-03-27T04:58:56.574+0000][1][safepoint    ] Safepoint "RevokeBias", Time since last: 375400 ns, Reaching safepoint: 51000 ns, At safepoint: 10300 ns, Total: 61300 ns
[2020-03-27T04:58:56.574+0000][1][safepoint    ] Safepoint "RevokeBias", Time since last: 456000 ns, Reaching safepoint: 113101 ns, At safepoint: 24400 ns, Total: 137501 ns
[2020-03-27T04:58:56.575+0000][1][safepoint    ] Safepoint "RevokeBias", Time since last: 413400 ns, Reaching safepoint: 51700 ns, At safepoint: 51700 ns, Total: 103400 ns
[2020-03-27T04:58:56.575+0000][1][safepoint    ] Safepoint "RevokeBias", Time since last: 360900 ns, Reaching safepoint: 64500 ns, At safepoint: 11800 ns, Total: 76300 ns
[2020-03-27T04:58:56.576+0000][1][safepoint    ] Safepoint "BulkRevokeBias", Time since last: 297900 ns, Reaching safepoint: 228200 ns, At safepoint: 278300 ns, Total: 506500 ns
[2020-03-27T04:58:56.673+0000][1][safepoint    ] Safepoint "RevokeBias", Time since last: 96285917 ns, Reaching safepoint: 124100 ns, At safepoint: 31400 ns, Total: 155500 ns
[2020-03-27T04:58:56.677+0000][1][safepoint    ] Safepoint "RevokeBias", Time since last: 4673800 ns, Reaching safepoint: 100601 ns, At safepoint: 15000 ns, Total: 115601 ns
[2020-03-27T04:58:56.787+0000][1][safepoint    ] Safepoint "RevokeBias", Time since last: 109265719 ns, Reaching safepoint: 191200 ns, At safepoint: 27300 ns, Total: 218500 ns
[2020-03-27T04:58:56.815+0000][1][safepoint    ] Safepoint "BulkRevokeBias", Time since last: 26994904 ns, Reaching safepoint: 90900 ns, At safepoint: 610000 ns, Total: 700900 ns
[2020-03-27T04:58:56.817+0000][1][safepoint    ] Safepoint "RevokeBias", Time since last: 1941201 ns, Reaching safepoint: 178900 ns, At safepoint: 13900 ns, Total: 192800 ns
[2020-03-27T04:58:56.819+0000][1][safepoint    ] Safepoint "RevokeBias", Time since last: 2695800 ns, Reaching safepoint: 84200 ns, At safepoint: 20500 ns, Total: 104700 ns
[2020-03-27T04:58:56.820+0000][1][safepoint    ] Safepoint "RevokeBias", Time since last: 586400 ns, Reaching safepoint: 61200 ns, At safepoint: 21300 ns, Total: 82500 ns
[2020-03-27T04:58:56.824+0000][1][safepoint    ] Safepoint "RevokeBias", Time since last: 4031101 ns, Reaching safepoint: 103900 ns, At safepoint: 16500 ns, Total: 120400 ns
[2020-03-27T04:58:56.880+0000][1][safepoint    ] Safepoint "RevokeBias", Time since last: 54796204 ns, Reaching safepoint: 402800 ns, At safepoint: 72200 ns, Total: 475000 ns
[2020-03-27T04:58:56.886+0000][1][safepoint    ] Safepoint "RevokeBias", Time since last: 6094801 ns, Reaching safepoint: 103400 ns, At safepoint: 27600 ns, Total: 131000 ns
[2020-03-27T04:58:56.888+0000][1][safepoint    ] Safepoint "RevokeBias", Time since last: 1693500 ns, Reaching safepoint: 173900 ns, At safepoint: 15100 ns, Total: 189000 ns
[2020-03-27T04:58:56.891+0000][1][safepoint    ] Safepoint "BulkRevokeBias", Time since last: 2339300 ns, Reaching safepoint: 195500 ns, At safepoint: 521300 ns, Total: 716800 ns
[2020-03-27T04:58:56.894+0000][1][safepoint    ] Safepoint "CollectForMetadataAllocation", Time since last: 3280700 ns, Reaching safepoint: 216200 ns, At safepoint: 120200 ns, Total: 336400 ns
[2020-03-27T04:58:56.901+0000][1][safepoint    ] Safepoint "RevokeBias", Time since last: 6024300 ns, Reaching safepoint: 162100 ns, At safepoint: 16900 ns, Total: 179000 ns
[2020-03-27T04:58:56.968+0000][1][safepoint    ] Safepoint "RevokeBias", Time since last: 66984703 ns, Reaching safepoint: 134300 ns, At safepoint: 25500 ns, Total: 159800 ns
[2020-03-27T04:58:57.039+0000][1][safepoint    ] Safepoint "RevokeBias", Time since last: 71092503 ns, Reaching safepoint: 265200 ns, At safepoint: 16700 ns, Total: 281900 ns
[2020-03-27T04:58:57.054+0000][1][safepoint    ] Safepoint "RevokeBias", Time since last: 14463701 ns, Reaching safepoint: 337100 ns, At safepoint: 58300 ns, Total: 395400 ns
[2020-03-27T04:58:57.075+0000][1][safepoint    ] Safepoint "RevokeBias", Time since last: 20478401 ns, Reaching safepoint: 442300 ns, At safepoint: 79200 ns, Total: 521500 ns
[2020-03-27T04:58:57.089+0000][1][safepoint    ] Safepoint "RevokeBias", Time since last: 12006901 ns, Reaching safepoint: 1593500 ns, At safepoint: 21900 ns, Total: 1615400 ns
[2020-03-27T04:58:57.093+0000][1][safepoint    ] Safepoint "RevokeBias", Time since last: 671800 ns, Reaching safepoint: 3803100 ns, At safepoint: 45400 ns, Total: 3848500 ns
[2020-03-27T04:58:57.095+0000][1][safepoint    ] Safepoint "RevokeBias", Time since last: 1192300 ns, Reaching safepoint: 511000 ns, At safepoint: 40400 ns, Total: 551400 ns
[2020-03-27T04:58:57.095+0000][1][safepoint    ] Safepoint "RevokeBias", Time since last: 244200 ns, Reaching safepoint: 127100 ns, At safepoint: 59400 ns, Total: 186500 ns
[2020-03-27T04:58:57.100+0000][1][safepoint    ] Safepoint "RevokeBias", Time since last: 775000 ns, Reaching safepoint: 93900 ns, At safepoint: 4028300 ns, Total: 4122200 ns
[2020-03-27T04:58:57.101+0000][1][safepoint    ] Safepoint "RevokeBias", Time since last: 427200 ns, Reaching safepoint: 382700 ns, At safepoint: 40100 ns, Total: 422800 ns
[2020-03-27T04:58:57.105+0000][1][safepoint    ] Safepoint "RevokeBias", Time since last: 2699600 ns, Reaching safepoint: 623600 ns, At safepoint: 235400 ns, Total: 859000 ns
[2020-03-27T04:58:57.119+0000][1][safepoint    ] Safepoint "RevokeBias", Time since last: 13775201 ns, Reaching safepoint: 978500 ns, At safepoint: 66100 ns, Total: 1044600 ns
[2020-03-27T04:58:57.121+0000][1][safepoint    ] Safepoint "RevokeBias", Time since last: 1840500 ns, Reaching safepoint: 227200 ns, At safepoint: 32800 ns, Total: 260000 ns
[2020-03-27T04:58:57.126+0000][1][safepoint    ] Safepoint "RevokeBias", Time since last: 4725100 ns, Reaching safepoint: 132000 ns, At safepoint: 34400 ns, Total: 166400 ns
[2020-03-27T04:58:57.134+0000][1][safepoint    ] Safepoint "RevokeBias", Time since last: 7640901 ns, Reaching safepoint: 451400 ns, At safepoint: 44600 ns, Total: 496000 ns
[2020-03-27T04:58:57.152+0000][1][safepoint    ] Safepoint "CollectForMetadataAllocation", Time since last: 17235800 ns, Reaching safepoint: 575200 ns, At safepoint: 96800 ns, Total: 672000 ns
[2020-03-27T04:58:57.154+0000][1][safepoint    ] Safepoint "RevokeBias", Time since last: 1018700 ns, Reaching safepoint: 403600 ns, At safepoint: 116300 ns, Total: 519900 ns
[2020-03-27T04:58:57.156+0000][1][safepoint    ] Safepoint "RevokeBias", Time since last: 1868501 ns, Reaching safepoint: 201400 ns, At safepoint: 63700 ns, Total: 265100 ns
[2020-03-27T04:58:57.165+0000][1][safepoint    ] Safepoint "RevokeBias", Time since last: 9071200 ns, Reaching safepoint: 304300 ns, At safepoint: 49800 ns, Total: 354100 ns
[2020-03-27T04:58:57.171+0000][1][safepoint    ] Safepoint "RevokeBias", Time since last: 5406400 ns, Reaching safepoint: 516200 ns, At safepoint: 22800 ns, Total: 539000 ns
[2020-03-27T04:58:57.173+0000][1][safepoint    ] Safepoint "RevokeBias", Time since last: 632100 ns, Reaching safepoint: 710600 ns, At safepoint: 19600 ns, Total: 730200 ns
[2020-03-27T04:58:57.174+0000][1][safepoint    ] Safepoint "RevokeBias", Time since last: 811300 ns, Reaching safepoint: 719500 ns, At safepoint: 97000 ns, Total: 816500 ns
[2020-03-27T04:58:57.222+0000][1][safepoint    ] Safepoint "RevokeBias", Time since last: 46843302 ns, Reaching safepoint: 281400 ns, At safepoint: 23700 ns, Total: 305100 ns
[2020-03-27T04:58:57.223+0000][1][safepoint    ] Safepoint "RevokeBias", Time since last: 976501 ns, Reaching safepoint: 210000 ns, At safepoint: 18100 ns, Total: 228100 ns
[2020-03-27T04:58:57.232+0000][1][safepoint    ] Safepoint "RevokeBias", Time since last: 8674800 ns, Reaching safepoint: 161500 ns, At safepoint: 25100 ns, Total: 186600 ns
[2020-03-27T04:58:57.232+0000][1][safepoint    ] Safepoint "RevokeBias", Time since last: 671000 ns, Reaching safepoint: 125400 ns, At safepoint: 31100 ns, Total: 156500 ns
[2020-03-27T04:58:57.233+0000][1][safepoint    ] Safepoint "RevokeBias", Time since last: 493600 ns, Reaching safepoint: 114900 ns, At safepoint: 48800 ns, Total: 163700 ns
[2020-03-27T04:58:57.234+0000][1][safepoint    ] Safepoint "RevokeBias", Time since last: 223900 ns, Reaching safepoint: 180800 ns, At safepoint: 19500 ns, Total: 200300 ns
[2020-03-27T04:58:57.234+0000][1][safepoint    ] Safepoint "RevokeBias", Time since last: 391400 ns, Reaching safepoint: 105500 ns, At safepoint: 21700 ns, Total: 127200 ns
[2020-03-27T04:58:57.235+0000][1][safepoint    ] Safepoint "RevokeBias", Time since last: 232400 ns, Reaching safepoint: 181100 ns, At safepoint: 44000 ns, Total: 225100 ns
[2020-03-27T04:58:57.235+0000][1][safepoint    ] Safepoint "RevokeBias", Time since last: 269500 ns, Reaching safepoint: 117600 ns, At safepoint: 41300 ns, Total: 158900 ns
[2020-03-27T04:58:57.236+0000][1][safepoint    ] Safepoint "RevokeBias", Time since last: 676500 ns, Reaching safepoint: 118100 ns, At safepoint: 32600 ns, Total: 150700 ns
[2020-03-27T04:58:57.236+0000][1][safepoint    ] Safepoint "RevokeBias", Time since last: 299600 ns, Reaching safepoint: 296500 ns, At safepoint: 30700 ns, Total: 327200 ns
[2020-03-27T04:58:57.238+0000][1][safepoint    ] Safepoint "RevokeBias", Time since last: 971400 ns, Reaching safepoint: 178600 ns, At safepoint: 40700 ns, Total: 219300 ns
[2020-03-27T04:58:57.239+0000][1][safepoint    ] Safepoint "RevokeBias", Time since last: 1651500 ns, Reaching safepoint: 176600 ns, At safepoint: 23700 ns, Total: 200300 ns
[2020-03-27T04:58:57.240+0000][1][safepoint    ] Safepoint "RevokeBias", Time since last: 645200 ns, Reaching safepoint: 147700 ns, At safepoint: 74000 ns, Total: 221700 ns
[2020-03-27T04:58:57.241+0000][1][safepoint    ] Safepoint "RevokeBias", Time since last: 388900 ns, Reaching safepoint: 161100 ns, At safepoint: 50400 ns, Total: 211500 ns
[2020-03-27T04:58:57.249+0000][1][safepoint    ] Safepoint "CollectForMetadataAllocation", Time since last: 7867801 ns, Reaching safepoint: 161300 ns, At safepoint: 49400 ns, Total: 210700 ns
[2020-03-27T04:58:57.254+0000][1][safepoint    ] Safepoint "RevokeBias", Time since last: 4259300 ns, Reaching safepoint: 280900 ns, At safepoint: 23200 ns, Total: 304100 ns
[2020-03-27T04:58:57.261+0000][1][safepoint    ] Safepoint "RevokeBias", Time since last: 6925800 ns, Reaching safepoint: 235600 ns, At safepoint: 22300 ns, Total: 257900 ns
[2020-03-27T04:58:57.262+0000][1][safepoint    ] Safepoint "RevokeBias", Time since last: 798500 ns, Reaching safepoint: 234300 ns, At safepoint: 21500 ns, Total: 255800 ns
[2020-03-27T04:58:57.263+0000][1][safepoint    ] Safepoint "RevokeBias", Time since last: 497100 ns, Reaching safepoint: 364800 ns, At safepoint: 101200 ns, Total: 466000 ns
[2020-03-27T04:58:57.266+0000][1][safepoint    ] Safepoint "RevokeBias", Time since last: 3097300 ns, Reaching safepoint: 364800 ns, At safepoint: 17300 ns, Total: 382100 ns
[2020-03-27T04:58:57.270+0000][1][safepoint    ] Safepoint "RevokeBias", Time since last: 3887601 ns, Reaching safepoint: 297100 ns, At safepoint: 41100 ns, Total: 338200 ns
[2020-03-27T04:58:57.272+0000][1][safepoint    ] Safepoint "RevokeBias", Time since last: 735200 ns, Reaching safepoint: 514700 ns, At safepoint: 22500 ns, Total: 537200 ns
[2020-03-27T04:58:57.273+0000][1][safepoint    ] Safepoint "RevokeBias", Time since last: 478800 ns, Reaching safepoint: 360100 ns, At safepoint: 30900 ns, Total: 391000 ns
[2020-03-27T04:58:57.276+0000][1][safepoint    ] Safepoint "RevokeBias", Time since last: 2489900 ns, Reaching safepoint: 254700 ns, At safepoint: 236200 ns, Total: 490900 ns
[2020-03-27T04:58:57.277+0000][1][safepoint    ] Safepoint "RevokeBias", Time since last: 1117700 ns, Reaching safepoint: 447500 ns, At safepoint: 112900 ns, Total: 560400 ns
[2020-03-27T04:58:57.280+0000][1][safepoint    ] Safepoint "RevokeBias", Time since last: 2188900 ns, Reaching safepoint: 639900 ns, At safepoint: 29900 ns, Total: 669800 ns
[2020-03-27T04:58:57.287+0000][1][safepoint    ] Safepoint "RevokeBias", Time since last: 6483200 ns, Reaching safepoint: 118600 ns, At safepoint: 14700 ns, Total: 133300 ns
[2020-03-27T04:58:57.290+0000][1][safepoint    ] Safepoint "RevokeBias", Time since last: 3337401 ns, Reaching safepoint: 143200 ns, At safepoint: 14400 ns, Total: 157600 ns
[2020-03-27T04:58:57.292+0000][1][safepoint    ] Safepoint "RevokeBias", Time since last: 1708000 ns, Reaching safepoint: 299100 ns, At safepoint: 35500 ns, Total: 334600 ns
[2020-03-27T04:58:57.308+0000][1][gc,start     ] GC(23) Pause Young (Allocation Failure)
[2020-03-27T04:58:57.308+0000][1][gc,task      ] GC(23) Using 2 workers of 2 for evacuation
[2020-03-27T04:58:57.365+0000][1][gc,age       ] GC(23) Desired survivor size 8716288 bytes, new threshold 6 (max threshold 6)
[2020-03-27T04:58:57.365+0000][1][gc,age       ] GC(23) Age table with threshold 6 (max threshold 6)
[2020-03-27T04:58:57.366+0000][1][gc,age       ] GC(23) - age   1:    5939496 bytes,    5939496 total
[2020-03-27T04:58:57.366+0000][1][gc,heap      ] GC(23) ParNew: 152742K->11741K(153344K)
[2020-03-27T04:58:57.367+0000][1][gc,heap      ] GC(23) CMS: 75177K->80525K(353920K)
[2020-03-27T04:58:57.367+0000][1][gc,metaspace ] GC(23) Metaspace: 91130K->91130K(1132544K)
[2020-03-27T04:58:57.368+0000][1][gc           ] GC(23) Pause Young (Allocation Failure) 222M->90M(495M) 59.637ms
[2020-03-27T04:58:57.368+0000][1][gc,cpu       ] GC(23) User=0.04s Sys=0.01s Real=0.06s
[2020-03-27T04:58:57.369+0000][1][safepoint    ] Safepoint "GenCollectForAllocation", Time since last: 15410000 ns, Reaching safepoint: 200300 ns, At safepoint: 61492103 ns, Total: 61692403 ns
[2020-03-27T04:58:57.371+0000][1][gc,start     ] GC(24) Pause Initial Mark
[2020-03-27T04:58:57.374+0000][1][gc           ] GC(24) Pause Initial Mark 92M->92M(495M) 2.558ms
[2020-03-27T04:58:57.374+0000][1][gc,cpu       ] GC(24) User=0.00s Sys=0.00s Real=0.00s
[2020-03-27T04:58:57.375+0000][1][safepoint    ] Safepoint "CMS_Initial_Mark", Time since last: 1394600 ns, Reaching safepoint: 254900 ns, At safepoint: 3587400 ns, Total: 3842300 ns
[2020-03-27T04:58:57.375+0000][1][gc           ] GC(24) Concurrent Mark
[2020-03-27T04:58:57.386+0000][1][safepoint    ] Safepoint "RevokeBias", Time since last: 11042101 ns, Reaching safepoint: 196400 ns, At safepoint: 16200 ns, Total: 212600 ns
[2020-03-27T04:58:57.390+0000][1][safepoint    ] Safepoint "RevokeBias", Time since last: 3369400 ns, Reaching safepoint: 735800 ns, At safepoint: 30900 ns, Total: 766700 ns
[2020-03-27T04:58:57.401+0000][1][safepoint    ] Safepoint "RevokeBias", Time since last: 10716000 ns, Reaching safepoint: 514600 ns, At safepoint: 24500 ns, Total: 539100 ns
[2020-03-27T04:58:57.402+0000][1][safepoint    ] Safepoint "RevokeBias", Time since last: 226700 ns, Reaching safepoint: 288200 ns, At safepoint: 15300 ns, Total: 303500 ns
[2020-03-27T04:58:57.449+0000][1][safepoint    ] Safepoint "BulkRevokeBias", Time since last: 45762502 ns, Reaching safepoint: 454700 ns, At safepoint: 751301 ns, Total: 1206001 ns
[2020-03-27T04:58:57.512+0000][1][safepoint    ] Safepoint "RevokeBias", Time since last: 63314402 ns, Reaching safepoint: 224800 ns, At safepoint: 19500 ns, Total: 244300 ns
[2020-03-27T04:58:57.565+0000][1][safepoint    ] Safepoint "RevokeBias", Time since last: 46684702 ns, Reaching safepoint: 6209601 ns, At safepoint: 41900 ns, Total: 6251501 ns
[2020-03-27T04:58:57.568+0000][1][safepoint    ] Safepoint "RevokeBias", Time since last: 1401000 ns, Reaching safepoint: 1568700 ns, At safepoint: 37000 ns, Total: 1605700 ns
[2020-03-27T04:58:57.572+0000][1][safepoint    ] Safepoint "RevokeBias", Time since last: 3288000 ns, Reaching safepoint: 256000 ns, At safepoint: 458500 ns, Total: 714500 ns
[2020-03-27T04:58:57.577+0000][1][safepoint    ] Safepoint "RevokeBias", Time since last: 3620000 ns, Reaching safepoint: 917000 ns, At safepoint: 20400 ns, Total: 937400 ns
[2020-03-27T04:58:57.579+0000][1][safepoint    ] Safepoint "RevokeBias", Time since last: 1320400 ns, Reaching safepoint: 929200 ns, At safepoint: 17400 ns, Total: 946600 ns
[2020-03-27T04:58:57.636+0000][1][safepoint    ] Safepoint "RevokeBias", Time since last: 54876803 ns, Reaching safepoint: 2403500 ns, At safepoint: 39200 ns, Total: 2442700 ns
[2020-03-27T04:58:57.651+0000][1][safepoint    ] Safepoint "CollectForMetadataAllocation", Time since last: 14523800 ns, Reaching safepoint: 346200 ns, At safepoint: 101600 ns, Total: 447800 ns
[2020-03-27T04:58:57.654+0000][1][safepoint    ] Safepoint "CollectForMetadataAllocation", Time since last: 2153301 ns, Reaching safepoint: 566500 ns, At safepoint: 8500 ns, Total: 575000 ns
[2020-03-27T04:58:57.661+0000][1][safepoint    ] Safepoint "RevokeBias", Time since last: 6568300 ns, Reaching safepoint: 347300 ns, At safepoint: 167200 ns, Total: 514500 ns
[2020-03-27T04:58:57.676+0000][1][safepoint    ] Safepoint "RevokeBias", Time since last: 14441401 ns, Reaching safepoint: 493900 ns, At safepoint: 15400 ns, Total: 509300 ns
[2020-03-27T04:58:57.677+0000][1][safepoint    ] Safepoint "RevokeBias", Time since last: 273700 ns, Reaching safepoint: 243100 ns, At safepoint: 15000 ns, Total: 258100 ns
[2020-03-27T04:58:57.677+0000][1][safepoint    ] Safepoint "RevokeBias", Time since last: 377500 ns, Reaching safepoint: 121300 ns, At safepoint: 25800 ns, Total: 147100 ns
[2020-03-27T04:58:57.678+0000][1][safepoint    ] Safepoint "RevokeBias", Time since last: 468900 ns, Reaching safepoint: 290100 ns, At safepoint: 13400 ns, Total: 303500 ns
[2020-03-27T04:58:57.681+0000][1][safepoint    ] Safepoint "RevokeBias", Time since last: 2968700 ns, Reaching safepoint: 494000 ns, At safepoint: 16200 ns, Total: 510200 ns
[2020-03-27T04:58:57.723+0000][1][safepoint    ] Safepoint "Deoptimize", Time since last: 40976402 ns, Reaching safepoint: 283700 ns, At safepoint: 650200 ns, Total: 933900 ns
[2020-03-27T04:58:57.746+0000][1][safepoint    ] Safepoint "RevokeBias", Time since last: 21947801 ns, Reaching safepoint: 906000 ns, At safepoint: 18400 ns, Total: 924400 ns
[2020-03-27T04:58:57.748+0000][1][safepoint    ] Safepoint "RevokeBias", Time since last: 1835100 ns, Reaching safepoint: 343400 ns, At safepoint: 28300 ns, Total: 371700 ns
[2020-03-27T04:58:57.750+0000][1][safepoint    ] Safepoint "RevokeBias", Time since last: 1127900 ns, Reaching safepoint: 262500 ns, At safepoint: 26600 ns, Total: 289100 ns
[2020-03-27T04:58:57.764+0000][1][safepoint    ] Safepoint "Deoptimize", Time since last: 12826500 ns, Reaching safepoint: 452000 ns, At safepoint: 873300 ns, Total: 1325300 ns
[2020-03-27T04:58:57.775+0000][1][safepoint    ] Safepoint "CollectForMetadataAllocation", Time since last: 11221401 ns, Reaching safepoint: 129800 ns, At safepoint: 88100 ns, Total: 217900 ns
[2020-03-27T04:58:57.801+0000][1][safepoint    ] Safepoint "RevokeBias", Time since last: 23605501 ns, Reaching safepoint: 1587900 ns, At safepoint: 29400 ns, Total: 1617300 ns
[2020-03-27T04:58:57.801+0000][1][safepoint    ] Safepoint "RevokeBias", Time since last: 249100 ns, Reaching safepoint: 459800 ns, At safepoint: 28900 ns, Total: 488700 ns
[2020-03-27T04:58:57.802+0000][1][safepoint    ] Safepoint "RevokeBias", Time since last: 306800 ns, Reaching safepoint: 283200 ns, At safepoint: 35800 ns, Total: 319000 ns
[2020-03-27T04:58:57.803+0000][1][safepoint    ] Safepoint "RevokeBias", Time since last: 282900 ns, Reaching safepoint: 405200 ns, At safepoint: 34000 ns, Total: 439200 ns
[2020-03-27T04:58:57.803+0000][1][safepoint    ] Safepoint "RevokeBias", Time since last: 196200 ns, Reaching safepoint: 284400 ns, At safepoint: 39100 ns, Total: 323500 ns
[2020-03-27T04:58:57.804+0000][1][safepoint    ] Safepoint "RevokeBias", Time since last: 283700 ns, Reaching safepoint: 294700 ns, At safepoint: 34400 ns, Total: 329100 ns
[2020-03-27T04:58:57.804+0000][1][safepoint    ] Safepoint "RevokeBias", Time since last: 243300 ns, Reaching safepoint: 215400 ns, At safepoint: 33100 ns, Total: 248500 ns
[2020-03-27T04:58:57.807+0000][1][safepoint    ] Safepoint "RevokeBias", Time since last: 2692200 ns, Reaching safepoint: 106200 ns, At safepoint: 18200 ns, Total: 124400 ns
[2020-03-27T04:58:57.837+0000][1][safepoint    ] Safepoint "RevokeBias", Time since last: 29091002 ns, Reaching safepoint: 597100 ns, At safepoint: 17800 ns, Total: 614900 ns
[2020-03-27T04:58:57.867+0000][1][safepoint    ] Safepoint "RevokeBias", Time since last: 30149701 ns, Reaching safepoint: 181600 ns, At safepoint: 15100 ns, Total: 196700 ns
[2020-03-27T04:58:57.876+0000][1][safepoint    ] Safepoint "RevokeBias", Time since last: 8329100 ns, Reaching safepoint: 349300 ns, At safepoint: 193800 ns, Total: 543100 ns
[2020-03-27T04:58:57.877+0000][1][safepoint    ] Safepoint "RevokeBias", Time since last: 628700 ns, Reaching safepoint: 474200 ns, At safepoint: 20000 ns, Total: 494200 ns
[2020-03-27T04:58:57.878+0000][1][safepoint    ] Safepoint "RevokeBias", Time since last: 486100 ns, Reaching safepoint: 232500 ns, At safepoint: 10900 ns, Total: 243400 ns
[2020-03-27T04:58:58.090+0000][1][gc           ] GC(24) Concurrent Mark 715.061ms
[2020-03-27T04:58:58.091+0000][1][gc,cpu       ] GC(24) User=0.66s Sys=0.12s Real=0.72s
[2020-03-27T04:58:58.091+0000][1][gc           ] GC(24) Concurrent Preclean
[2020-03-27T04:58:58.094+0000][1][gc           ] GC(24) Concurrent Preclean 2.607ms
[2020-03-27T04:58:58.094+0000][1][gc,cpu       ] GC(24) User=0.00s Sys=0.00s Real=0.00s
[2020-03-27T04:58:58.095+0000][1][gc           ] GC(24) Concurrent Abortable Preclean
[2020-03-27T04:58:58.407+0000][1][safepoint    ] Safepoint "RevokeBias", Time since last: 528917424 ns, Reaching safepoint: 339400 ns, At safepoint: 23900 ns, Total: 363300 ns
[2020-03-27T04:58:58.432+0000][1][safepoint    ] Safepoint "RevokeBias", Time since last: 25033701 ns, Reaching safepoint: 80600 ns, At safepoint: 24100 ns, Total: 104700 ns
[2020-03-27T04:58:58.434+0000][1][safepoint    ] Safepoint "RevokeBias", Time since last: 1467600 ns, Reaching safepoint: 120700 ns, At safepoint: 20600 ns, Total: 141300 ns
[2020-03-27T04:58:58.538+0000][1][safepoint    ] Safepoint "RevokeBias", Time since last: 104262805 ns, Reaching safepoint: 69100 ns, At safepoint: 14600 ns, Total: 83700 ns
[2020-03-27T04:58:58.569+0000][1][safepoint    ] Safepoint "RevokeBias", Time since last: 30454001 ns, Reaching safepoint: 158700 ns, At safepoint: 32200 ns, Total: 190900 ns
[2020-03-27T04:58:58.587+0000][1][safepoint    ] Safepoint "RevokeBias", Time since last: 17670901 ns, Reaching safepoint: 175900 ns, At safepoint: 16200 ns, Total: 192100 ns
[2020-03-27T04:58:58.606+0000][1][safepoint    ] Safepoint "RevokeBias", Time since last: 18727401 ns, Reaching safepoint: 171800 ns, At safepoint: 22900 ns, Total: 194700 ns
[2020-03-27T04:58:58.620+0000][1][safepoint    ] Safepoint "RevokeBias", Time since last: 14199000 ns, Reaching safepoint: 86600 ns, At safepoint: 24600 ns, Total: 111200 ns
[2020-03-27T04:58:58.654+0000][1][safepoint    ] Safepoint "RevokeBias", Time since last: 34176002 ns, Reaching safepoint: 73100 ns, At safepoint: 12600 ns, Total: 85700 ns
[2020-03-27T04:58:58.655+0000][1][safepoint    ] Safepoint "RevokeBias", Time since last: 287900 ns, Reaching safepoint: 55200 ns, At safepoint: 8500 ns, Total: 63700 ns
[2020-03-27T04:58:58.655+0000][1][safepoint    ] Safepoint "RevokeBias", Time since last: 269800 ns, Reaching safepoint: 36700 ns, At safepoint: 6500 ns, Total: 43200 ns
[2020-03-27T04:58:58.656+0000][1][safepoint    ] Safepoint "RevokeBias", Time since last: 377300 ns, Reaching safepoint: 82400 ns, At safepoint: 34500 ns, Total: 116900 ns
[2020-03-27T04:58:58.656+0000][1][safepoint    ] Safepoint "RevokeBias", Time since last: 349800 ns, Reaching safepoint: 42400 ns, At safepoint: 7000 ns, Total: 49400 ns
[2020-03-27T04:58:58.883+0000][1][safepoint    ] Safepoint "BulkRevokeBias", Time since last: 226388510 ns, Reaching safepoint: 211900 ns, At safepoint: 413400 ns, Total: 625300 ns
[2020-03-27T04:58:58.900+0000][1][gc,start     ] GC(25) Pause Young (Allocation Failure)
[2020-03-27T04:58:58.901+0000][1][gc,task      ] GC(25) Using 2 workers of 2 for evacuation
[2020-03-27T04:58:58.908+0000][1][gc,age       ] GC(25) Desired survivor size 8716288 bytes, new threshold 6 (max threshold 6)
[2020-03-27T04:58:58.908+0000][1][gc,age       ] GC(25) Age table with threshold 6 (max threshold 6)
[2020-03-27T04:58:58.908+0000][1][gc,age       ] GC(25) - age   1:    3450920 bytes,    3450920 total
[2020-03-27T04:58:58.909+0000][1][gc,age       ] GC(25) - age   2:    2326016 bytes,    5776936 total
[2020-03-27T04:58:58.909+0000][1][gc,heap      ] GC(25) ParNew: 147761K->7665K(153344K)
[2020-03-27T04:58:58.910+0000][1][gc,heap      ] GC(25) CMS: 80525K->80525K(353920K)
[2020-03-27T04:58:58.910+0000][1][gc,metaspace ] GC(25) Metaspace: 91889K->91889K(1134592K)
[2020-03-27T04:58:58.910+0000][1][gc           ] GC(25) Pause Young (Allocation Failure) 222M->86M(495M) 10.046ms
[2020-03-27T04:58:58.911+0000][1][gc,cpu       ] GC(25) User=0.01s Sys=0.00s Real=0.01s
[2020-03-27T04:58:58.911+0000][1][safepoint    ] Safepoint "GenCollectForAllocation", Time since last: 17331301 ns, Reaching safepoint: 98500 ns, At safepoint: 10631200 ns, Total: 10729700 ns
[2020-03-27T04:58:58.929+0000][1][safepoint    ] Safepoint "RevokeBias", Time since last: 17587001 ns, Reaching safepoint: 322600 ns, At safepoint: 29200 ns, Total: 351800 ns
[2020-03-27T04:58:58.930+0000][1][safepoint    ] Safepoint "RevokeBias", Time since last: 693700 ns, Reaching safepoint: 79300 ns, At safepoint: 11000 ns, Total: 90300 ns
[2020-03-27T04:58:58.931+0000][1][safepoint    ] Safepoint "RevokeBias", Time since last: 1252300 ns, Reaching safepoint: 96500 ns, At safepoint: 11100 ns, Total: 107600 ns
[2020-03-27T04:58:58.932+0000][1][safepoint    ] Safepoint "RevokeBias", Time since last: 934700 ns, Reaching safepoint: 66300 ns, At safepoint: 10700 ns, Total: 77000 ns
[2020-03-27T04:58:58.989+0000][1][safepoint    ] Safepoint "RevokeBias", Time since last: 56918502 ns, Reaching safepoint: 85400 ns, At safepoint: 28400 ns, Total: 113800 ns
[2020-03-27T04:58:59.990+0000][1][safepoint    ] Safepoint "Cleanup", Time since last: 1000608445 ns, Reaching safepoint: 142900 ns, At safepoint: 29200 ns, Total: 172100 ns
[2020-03-27T04:59:00.695+0000][1][safepoint    ] Safepoint "RevokeBias", Time since last: 702660731 ns, Reaching safepoint: 2289900 ns, At safepoint: 44900 ns, Total: 2334800 ns
[2020-03-27T04:59:00.696+0000][1][safepoint    ] Safepoint "RevokeBias", Time since last: 738800 ns, Reaching safepoint: 161500 ns, At safepoint: 21200 ns, Total: 182700 ns
[2020-03-27T04:59:00.723+0000][1][safepoint    ] Safepoint "CollectForMetadataAllocation", Time since last: 26502201 ns, Reaching safepoint: 118100 ns, At safepoint: 89200 ns, Total: 207300 ns
[2020-03-27T04:59:00.817+0000][1][safepoint    ] Safepoint "RevokeBias", Time since last: 94377704 ns, Reaching safepoint: 84100 ns, At safepoint: 34800 ns, Total: 118900 ns
[2020-03-27T04:59:00.833+0000][1][safepoint    ] Safepoint "RevokeBias", Time since last: 15623701 ns, Reaching safepoint: 99400 ns, At safepoint: 24300 ns, Total: 123700 ns
[2020-03-27T04:59:00.919+0000][1][safepoint    ] Safepoint "RevokeBias", Time since last: 85917204 ns, Reaching safepoint: 165700 ns, At safepoint: 12800 ns, Total: 178500 ns
[2020-03-27T04:59:00.937+0000][1][safepoint    ] Safepoint "RevokeBias", Time since last: 17558600 ns, Reaching safepoint: 138800 ns, At safepoint: 67600 ns, Total: 206400 ns
[2020-03-27T04:59:00.947+0000][1][safepoint    ] Safepoint "RevokeBias", Time since last: 10039001 ns, Reaching safepoint: 393600 ns, At safepoint: 67200 ns, Total: 460800 ns
[2020-03-27T04:59:00.948+0000][1][safepoint    ] Safepoint "RevokeBias", Time since last: 365900 ns, Reaching safepoint: 176100 ns, At safepoint: 17200 ns, Total: 193300 ns
[2020-03-27T04:59:00.952+0000][1][safepoint    ] Safepoint "RevokeBias", Time since last: 4255200 ns, Reaching safepoint: 97100 ns, At safepoint: 11400 ns, Total: 108500 ns
[2020-03-27T04:59:01.017+0000][1][safepoint    ] Safepoint "RevokeBias", Time since last: 65277403 ns, Reaching safepoint: 103500 ns, At safepoint: 29000 ns, Total: 132500 ns
[2020-03-27T04:59:01.230+0000][1][safepoint    ] Safepoint "RevokeBias", Time since last: 211994509 ns, Reaching safepoint: 346400 ns, At safepoint: 28300 ns, Total: 374700 ns
[2020-03-27T04:59:01.234+0000][1][safepoint    ] Safepoint "BulkRevokeBias", Time since last: 2970800 ns, Reaching safepoint: 465301 ns, At safepoint: 1092500 ns, Total: 1557801 ns
[2020-03-27T04:59:01.239+0000][1][safepoint    ] Safepoint "RevokeBias", Time since last: 3562700 ns, Reaching safepoint: 206100 ns, At safepoint: 518500 ns, Total: 724600 ns
[2020-03-27T04:59:01.245+0000][1][safepoint    ] Safepoint "RevokeBias", Time since last: 4886400 ns, Reaching safepoint: 957700 ns, At safepoint: 80100 ns, Total: 1037800 ns
[2020-03-27T04:59:01.246+0000][1][safepoint    ] Safepoint "RevokeBias", Time since last: 1019900 ns, Reaching safepoint: 306000 ns, At safepoint: 215600 ns, Total: 521600 ns
[2020-03-27T04:59:01.250+0000][1][safepoint    ] Safepoint "RevokeBias", Time since last: 3254300 ns, Reaching safepoint: 170600 ns, At safepoint: 33700 ns, Total: 204300 ns
[2020-03-27T04:59:01.252+0000][1][safepoint    ] Safepoint "RevokeBias", Time since last: 1474200 ns, Reaching safepoint: 646600 ns, At safepoint: 32100 ns, Total: 678700 ns
[2020-03-27T04:59:01.253+0000][1][safepoint    ] Safepoint "RevokeBias", Time since last: 808600 ns, Reaching safepoint: 377300 ns, At safepoint: 15200 ns, Total: 392500 ns
[2020-03-27T04:59:01.254+0000][1][safepoint    ] Safepoint "RevokeBias", Time since last: 569000 ns, Reaching safepoint: 631100 ns, At safepoint: 19300 ns, Total: 650400 ns
[2020-03-27T04:59:01.278+0000][1][gc           ] GC(24) Concurrent Abortable Preclean 3183.221ms
[2020-03-27T04:59:01.280+0000][1][gc,cpu       ] GC(24) User=1.00s Sys=0.08s Real=3.19s
[2020-03-27T04:59:01.280+0000][1][gc,start     ] GC(24) Pause Remark
[2020-03-27T04:59:01.318+0000][1][gc           ] GC(24) Pause Remark 153M->153M(495M) 37.713ms
[2020-03-27T04:59:01.319+0000][1][gc,cpu       ] GC(24) User=0.03s Sys=0.00s Real=0.04s
[2020-03-27T04:59:01.319+0000][1][safepoint    ] Safepoint "CMS_Final_Remark", Time since last: 26085102 ns, Reaching safepoint: 148600 ns, At safepoint: 38814001 ns, Total: 38962601 ns
[2020-03-27T04:59:01.320+0000][1][gc           ] GC(24) Concurrent Sweep
[2020-03-27T04:59:01.376+0000][1][gc           ] GC(24) Concurrent Sweep 55.995ms
[2020-03-27T04:59:01.376+0000][1][gc,cpu       ] GC(24) User=0.06s Sys=0.01s Real=0.06s
[2020-03-27T04:59:01.376+0000][1][gc           ] GC(24) Concurrent Reset
[2020-03-27T04:59:01.378+0000][1][gc           ] GC(24) Concurrent Reset 2.099ms
[2020-03-27T04:59:01.378+0000][1][gc,cpu       ] GC(24) User=0.00s Sys=0.00s Real=0.00s
[2020-03-27T04:59:01.380+0000][1][gc,heap      ] GC(24) Old: 80525K->75937K(353920K)
[2020-03-27T04:59:01.834+0000][1][safepoint    ] Safepoint "RevokeBias", Time since last: 512899523 ns, Reaching safepoint: 1363500 ns, At safepoint: 40000 ns, Total: 1403500 ns
[2020-03-27T04:59:01.835+0000][1][safepoint    ] Safepoint "RevokeBias", Time since last: 868400 ns, Reaching safepoint: 245000 ns, At safepoint: 29300 ns, Total: 274300 ns
[2020-03-27T04:59:01.836+0000][1][safepoint    ] Safepoint "RevokeBias", Time since last: 1252600 ns, Reaching safepoint: 40900 ns, At safepoint: 9000 ns, Total: 49900 ns
[2020-03-27T04:59:01.837+0000][1][safepoint    ] Safepoint "RevokeBias", Time since last: 530700 ns, Reaching safepoint: 124200 ns, At safepoint: 9900 ns, Total: 134100 ns
[2020-03-27T04:59:01.837+0000][1][safepoint    ] Safepoint "RevokeBias", Time since last: 640200 ns, Reaching safepoint: 39700 ns, At safepoint: 8900 ns, Total: 48600 ns
[2020-03-27T04:59:01.868+0000][1][safepoint    ] Safepoint "RevokeBias", Time since last: 30545502 ns, Reaching safepoint: 151800 ns, At safepoint: 18700 ns, Total: 170500 ns
[2020-03-27T04:59:01.869+0000][1][safepoint    ] Safepoint "RevokeBias", Time since last: 769600 ns, Reaching safepoint: 63000 ns, At safepoint: 11400 ns, Total: 74400 ns
[2020-03-27T04:59:01.870+0000][1][safepoint    ] Safepoint "RevokeBias", Time since last: 802800 ns, Reaching safepoint: 264600 ns, At safepoint: 23400 ns, Total: 288000 ns
[2020-03-27T04:59:01.871+0000][1][safepoint    ] Safepoint "RevokeBias", Time since last: 1083000 ns, Reaching safepoint: 193400 ns, At safepoint: 14600 ns, Total: 208000 ns
[2020-03-27T04:59:01.934+0000][1][safepoint    ] Safepoint "RevokeBias", Time since last: 62726402 ns, Reaching safepoint: 145200 ns, At safepoint: 15400 ns, Total: 160600 ns
[2020-03-27T04:59:01.935+0000][1][safepoint    ] Safepoint "RevokeBias", Time since last: 347700 ns, Reaching safepoint: 128800 ns, At safepoint: 13400 ns, Total: 142200 ns
[2020-03-27T04:59:01.967+0000][1][safepoint    ] Safepoint "RevokeBias", Time since last: 32664002 ns, Reaching safepoint: 87400 ns, At safepoint: 14500 ns, Total: 101900 ns
[2020-03-27T04:59:01.976+0000][1][safepoint    ] Safepoint "RevokeBias", Time since last: 8436100 ns, Reaching safepoint: 77400 ns, At safepoint: 26100 ns, Total: 103500 ns
[2020-03-27T04:59:01.977+0000][1][safepoint    ] Safepoint "RevokeBias", Time since last: 608000 ns, Reaching safepoint: 56800 ns, At safepoint: 23400 ns, Total: 80200 ns
[2020-03-27T04:59:02.977+0000][1][safepoint    ] Safepoint "Cleanup", Time since last: 1000451644 ns, Reaching safepoint: 115700 ns, At safepoint: 31800 ns, Total: 147500 ns
[2020-03-27T04:59:03.526+0000][1][safepoint    ] Safepoint "RevokeBias", Time since last: 548522425 ns, Reaching safepoint: 307700 ns, At safepoint: 28700 ns, Total: 336400 ns
[2020-03-27T04:59:03.536+0000][1][safepoint    ] Safepoint "RevokeBias", Time since last: 9702700 ns, Reaching safepoint: 273400 ns, At safepoint: 18000 ns, Total: 291400 ns
[2020-03-27T04:59:03.567+0000][1][safepoint    ] Safepoint "RevokeBias", Time since last: 30349701 ns, Reaching safepoint: 77100 ns, At safepoint: 51200 ns, Total: 128300 ns
[2020-03-27T04:59:03.567+0000][1][safepoint    ] Safepoint "RevokeBias", Time since last: 537601 ns, Reaching safepoint: 47900 ns, At safepoint: 20500 ns, Total: 68400 ns
[2020-03-27T04:59:03.574+0000][1][safepoint    ] Safepoint "RevokeBias", Time since last: 6440500 ns, Reaching safepoint: 133500 ns, At safepoint: 16300 ns, Total: 149800 ns
[2020-03-27T04:59:03.577+0000][1][safepoint    ] Safepoint "RevokeBias", Time since last: 3209200 ns, Reaching safepoint: 67500 ns, At safepoint: 20700 ns, Total: 88200 ns
[2020-03-27T04:59:03.628+0000][1][safepoint    ] Safepoint "RevokeBias", Time since last: 50556802 ns, Reaching safepoint: 220200 ns, At safepoint: 23100 ns, Total: 243300 ns
[2020-03-27T04:59:03.642+0000][1][safepoint    ] Safepoint "RevokeBias", Time since last: 13744201 ns, Reaching safepoint: 92600 ns, At safepoint: 13100 ns, Total: 105700 ns
[2020-03-27T04:59:04.099+0000][1][gc,start     ] GC(26) Pause Young (Allocation Failure)
[2020-03-27T04:59:04.099+0000][1][gc,task      ] GC(26) Using 2 workers of 2 for evacuation
[2020-03-27T04:59:04.113+0000][1][gc,age       ] GC(26) Desired survivor size 8716288 bytes, new threshold 1 (max threshold 6)
[2020-03-27T04:59:04.114+0000][1][gc,age       ] GC(26) Age table with threshold 1 (max threshold 6)
[2020-03-27T04:59:04.114+0000][1][gc,age       ] GC(26) - age   1:    8755016 bytes,    8755016 total
[2020-03-27T04:59:04.114+0000][1][gc,age       ] GC(26) - age   2:    1105376 bytes,    9860392 total
[2020-03-27T04:59:04.115+0000][1][gc,age       ] GC(26) - age   3:    2256200 bytes,   12116592 total
[2020-03-27T04:59:04.115+0000][1][gc,heap      ] GC(26) ParNew: 143578K->13771K(153344K)
[2020-03-27T04:59:04.115+0000][1][gc,heap      ] GC(26) CMS: 75937K->75937K(353920K)
[2020-03-27T04:59:04.116+0000][1][gc,metaspace ] GC(26) Metaspace: 92121K->92121K(1134592K)
[2020-03-27T04:59:04.116+0000][1][gc           ] GC(26) Pause Young (Allocation Failure) 214M->87M(495M) 17.168ms
[2020-03-27T04:59:04.116+0000][1][gc,cpu       ] GC(26) User=0.02s Sys=0.00s Real=0.02s
[2020-03-27T04:59:04.117+0000][1][safepoint    ] Safepoint "GenCollectForAllocation", Time since last: 456949020 ns, Reaching safepoint: 164800 ns, At safepoint: 17955801 ns, Total: 18120601 ns
[2020-03-27T04:59:04.135+0000][1][safepoint    ] Safepoint "RevokeBias", Time since last: 17731501 ns, Reaching safepoint: 184900 ns, At safepoint: 16900 ns, Total: 201800 ns
[2020-03-27T04:59:04.136+0000][1][safepoint    ] Safepoint "RevokeBias", Time since last: 1150600 ns, Reaching safepoint: 127600 ns, At safepoint: 11100 ns, Total: 138700 ns
[2020-03-27T04:59:04.137+0000][1][safepoint    ] Safepoint "RevokeBias", Time since last: 771900 ns, Reaching safepoint: 138200 ns, At safepoint: 10000 ns, Total: 148200 ns
[2020-03-27T04:59:04.138+0000][1][safepoint    ] Safepoint "RevokeBias", Time since last: 993700 ns, Reaching safepoint: 177700 ns, At safepoint: 10400 ns, Total: 188100 ns
[2020-03-27T04:59:04.184+0000][1][safepoint    ] Safepoint "RevokeBias", Time since last: 46058902 ns, Reaching safepoint: 151700 ns, At safepoint: 16600 ns, Total: 168300 ns
[2020-03-27T04:59:05.185+0000][1][safepoint    ] Safepoint "Cleanup", Time since last: 1000365642 ns, Reaching safepoint: 109600 ns, At safepoint: 18100 ns, Total: 127700 ns
[2020-03-27T04:59:06.235+0000][1][safepoint    ] Safepoint "RevokeBias", Time since last: 1049216741 ns, Reaching safepoint: 852600 ns, At safepoint: 175100 ns, Total: 1027700 ns
[2020-03-27T04:59:06.247+0000][1][safepoint    ] Safepoint "RevokeBias", Time since last: 11851400 ns, Reaching safepoint: 109700 ns, At safepoint: 33200 ns, Total: 142900 ns
[2020-03-27T04:59:06.251+0000][1][safepoint    ] Safepoint "RevokeBias", Time since last: 3491900 ns, Reaching safepoint: 211200 ns, At safepoint: 29800 ns, Total: 241000 ns
[2020-03-27T04:59:07.044+0000][1][safepoint    ] Safepoint "RevokeBias", Time since last: 792474231 ns, Reaching safepoint: 338100 ns, At safepoint: 46100 ns, Total: 384200 ns
[2020-03-27T04:59:07.046+0000][1][safepoint    ] Safepoint "RevokeBias", Time since last: 1850600 ns, Reaching safepoint: 164100 ns, At safepoint: 79000 ns, Total: 243100 ns
[2020-03-27T04:59:07.049+0000][1][safepoint    ] Safepoint "RevokeBias", Time since last: 3337800 ns, Reaching safepoint: 102600 ns, At safepoint: 39200 ns, Total: 141800 ns
[2020-03-27T04:59:07.051+0000][1][safepoint    ] Safepoint "RevokeBias", Time since last: 1525700 ns, Reaching safepoint: 64600 ns, At safepoint: 13300 ns, Total: 77900 ns
[2020-03-27T04:59:07.107+0000][1][safepoint    ] Safepoint "RevokeBias", Time since last: 56356102 ns, Reaching safepoint: 121300 ns, At safepoint: 18500 ns, Total: 139800 ns
[2020-03-27T04:59:12.478+0000][1][safepoint    ] Safepoint "RevokeBias", Time since last: 5370261908 ns, Reaching safepoint: 91300 ns, At safepoint: 24500 ns, Total: 115800 ns
[2020-03-27T04:59:12.478+0000][1][safepoint    ] Safepoint "RevokeBias", Time since last: 608500 ns, Reaching safepoint: 90200 ns, At safepoint: 8700 ns, Total: 98900 ns
[2020-03-27T04:59:12.479+0000][1][safepoint    ] Safepoint "RevokeBias", Time since last: 731300 ns, Reaching safepoint: 291700 ns, At safepoint: 9700 ns, Total: 301400 ns
[2020-03-27T04:59:12.480+0000][1][safepoint    ] Safepoint "RevokeBias", Time since last: 379800 ns, Reaching safepoint: 92000 ns, At safepoint: 18700 ns, Total: 110700 ns
[2020-03-27T04:59:12.481+0000][1][safepoint    ] Safepoint "RevokeBias", Time since last: 642500 ns, Reaching safepoint: 155200 ns, At safepoint: 17700 ns, Total: 172900 ns
[2020-03-27T04:59:12.481+0000][1][safepoint    ] Safepoint "RevokeBias", Time since last: 477100 ns, Reaching safepoint: 48100 ns, At safepoint: 7500 ns, Total: 55600 ns
[2020-03-27T04:59:12.482+0000][1][safepoint    ] Safepoint "RevokeBias", Time since last: 684000 ns, Reaching safepoint: 198500 ns, At safepoint: 18600 ns, Total: 217100 ns
[2020-03-27T04:59:12.484+0000][1][safepoint    ] Safepoint "RevokeBias", Time since last: 1133200 ns, Reaching safepoint: 201300 ns, At safepoint: 31000 ns, Total: 232300 ns
[2020-03-27T04:59:12.484+0000][1][safepoint    ] Safepoint "RevokeBias", Time since last: 564700 ns, Reaching safepoint: 169000 ns, At safepoint: 25100 ns, Total: 194100 ns
[2020-03-27T04:59:12.486+0000][1][safepoint    ] Safepoint "RevokeBias", Time since last: 1453800 ns, Reaching safepoint: 175300 ns, At safepoint: 533000 ns, Total: 708300 ns
[2020-03-27T04:59:12.487+0000][1][safepoint    ] Safepoint "RevokeBias", Time since last: 481100 ns, Reaching safepoint: 57200 ns, At safepoint: 17400 ns, Total: 74600 ns
[2020-03-27T04:59:12.488+0000][1][safepoint    ] Safepoint "RevokeBias", Time since last: 530200 ns, Reaching safepoint: 62900 ns, At safepoint: 13700 ns, Total: 76600 ns
[2020-03-27T04:59:12.488+0000][1][safepoint    ] Safepoint "RevokeBias", Time since last: 435500 ns, Reaching safepoint: 48300 ns, At safepoint: 30100 ns, Total: 78400 ns
[2020-03-27T04:59:12.489+0000][1][safepoint    ] Safepoint "RevokeBias", Time since last: 445200 ns, Reaching safepoint: 94700 ns, At safepoint: 6300 ns, Total: 101000 ns
[2020-03-27T04:59:12.489+0000][1][safepoint    ] Safepoint "RevokeBias", Time since last: 441300 ns, Reaching safepoint: 35400 ns, At safepoint: 4600 ns, Total: 40000 ns
[2020-03-27T04:59:12.490+0000][1][safepoint    ] Safepoint "RevokeBias", Time since last: 323300 ns, Reaching safepoint: 49300 ns, At safepoint: 6600 ns, Total: 55900 ns
[2020-03-27T04:59:12.490+0000][1][safepoint    ] Safepoint "RevokeBias", Time since last: 302400 ns, Reaching safepoint: 60700 ns, At safepoint: 17500 ns, Total: 78200 ns
[2020-03-27T04:59:12.490+0000][1][safepoint    ] Safepoint "RevokeBias", Time since last: 325600 ns, Reaching safepoint: 34200 ns, At safepoint: 24400 ns, Total: 58600 ns
[2020-03-27T04:59:12.992+0000][1][safepoint    ] Safepoint "RevokeBias", Time since last: 500808523 ns, Reaching safepoint: 515800 ns, At safepoint: 131900 ns, Total: 647700 ns
[2020-03-27T04:59:12.994+0000][1][safepoint    ] Safepoint "RevokeBias", Time since last: 1988601 ns, Reaching safepoint: 182400 ns, At safepoint: 109300 ns, Total: 291700 ns
[2020-03-27T04:59:12.997+0000][1][safepoint    ] Safepoint "RevokeBias", Time since last: 2205800 ns, Reaching safepoint: 191700 ns, At safepoint: 147400 ns, Total: 339100 ns
[2020-03-27T04:59:12.998+0000][1][safepoint    ] Safepoint "RevokeBias", Time since last: 895600 ns, Reaching safepoint: 75500 ns, At safepoint: 7300 ns, Total: 82800 ns
[2020-03-27T04:59:12.998+0000][1][safepoint    ] Safepoint "RevokeBias", Time since last: 883300 ns, Reaching safepoint: 32200 ns, At safepoint: 14400 ns, Total: 46600 ns
[2020-03-27T04:59:12.999+0000][1][safepoint    ] Safepoint "RevokeBias", Time since last: 876100 ns, Reaching safepoint: 51100 ns, At safepoint: 28200 ns, Total: 79300 ns
[2020-03-27T04:59:13.000+0000][1][safepoint    ] Safepoint "RevokeBias", Time since last: 591000 ns, Reaching safepoint: 44500 ns, At safepoint: 26800 ns, Total: 71300 ns
[2020-03-27T04:59:13.001+0000][1][safepoint    ] Safepoint "RevokeBias", Time since last: 1037100 ns, Reaching safepoint: 35200 ns, At safepoint: 14400 ns, Total: 49600 ns
[2020-03-27T04:59:13.002+0000][1][safepoint    ] Safepoint "RevokeBias", Time since last: 581200 ns, Reaching safepoint: 31600 ns, At safepoint: 14300 ns, Total: 45900 ns
[2020-03-27T04:59:13.003+0000][1][safepoint    ] Safepoint "RevokeBias", Time since last: 642200 ns, Reaching safepoint: 31700 ns, At safepoint: 33900 ns, Total: 65600 ns
[2020-03-27T04:59:13.003+0000][1][safepoint    ] Safepoint "RevokeBias", Time since last: 578100 ns, Reaching safepoint: 44100 ns, At safepoint: 14400 ns, Total: 58500 ns
[2020-03-27T04:59:13.004+0000][1][safepoint    ] Safepoint "RevokeBias", Time since last: 460400 ns, Reaching safepoint: 30000 ns, At safepoint: 14400 ns, Total: 44400 ns
[2020-03-27T04:59:13.004+0000][1][safepoint    ] Safepoint "RevokeBias", Time since last: 440700 ns, Reaching safepoint: 107300 ns, At safepoint: 4900 ns, Total: 112200 ns
[2020-03-27T04:59:13.005+0000][1][safepoint    ] Safepoint "RevokeBias", Time since last: 816100 ns, Reaching safepoint: 34700 ns, At safepoint: 15000 ns, Total: 49700 ns
[2020-03-27T04:59:13.006+0000][1][safepoint    ] Safepoint "BulkRevokeBias", Time since last: 825400 ns, Reaching safepoint: 33900 ns, At safepoint: 417800 ns, Total: 451700 ns
[2020-03-27T04:59:13.007+0000][1][safepoint    ] Safepoint "RevokeBias", Time since last: 1049301 ns, Reaching safepoint: 38200 ns, At safepoint: 26000 ns, Total: 64200 ns
[2020-03-27T04:59:13.009+0000][1][safepoint    ] Safepoint "RevokeBias", Time since last: 1011100 ns, Reaching safepoint: 188000 ns, At safepoint: 87900 ns, Total: 275900 ns
[2020-03-27T04:59:13.010+0000][1][safepoint    ] Safepoint "RevokeBias", Time since last: 1548100 ns, Reaching safepoint: 78200 ns, At safepoint: 29200 ns, Total: 107400 ns
[2020-03-27T04:59:13.011+0000][1][safepoint    ] Safepoint "RevokeBias", Time since last: 389000 ns, Reaching safepoint: 195400 ns, At safepoint: 47500 ns, Total: 242900 ns
[2020-03-27T04:59:13.012+0000][1][safepoint    ] Safepoint "RevokeBias", Time since last: 695900 ns, Reaching safepoint: 171800 ns, At safepoint: 13100 ns, Total: 184900 ns
[2020-03-27T04:59:13.025+0000][1][safepoint    ] Safepoint "RevokeBias", Time since last: 13138701 ns, Reaching safepoint: 155400 ns, At safepoint: 33000 ns, Total: 188400 ns
[2020-03-27T04:59:13.026+0000][1][safepoint    ] Safepoint "RevokeBias", Time since last: 560000 ns, Reaching safepoint: 304100 ns, At safepoint: 21200 ns, Total: 325300 ns
[2020-03-27T04:59:13.027+0000][1][safepoint    ] Safepoint "RevokeBias", Time since last: 506900 ns, Reaching safepoint: 140400 ns, At safepoint: 20200 ns, Total: 160600 ns
[2020-03-27T04:59:13.061+0000][1][safepoint    ] Safepoint "RevokeBias", Time since last: 34010902 ns, Reaching safepoint: 177500 ns, At safepoint: 20900 ns, Total: 198400 ns
[2020-03-27T04:59:13.062+0000][1][safepoint    ] Safepoint "RevokeBias", Time since last: 268200 ns, Reaching safepoint: 277800 ns, At safepoint: 28100 ns, Total: 305900 ns
[2020-03-27T04:59:13.062+0000][1][safepoint    ] Safepoint "RevokeBias", Time since last: 394400 ns, Reaching safepoint: 236900 ns, At safepoint: 44600 ns, Total: 281500 ns
[2020-03-27T04:59:13.064+0000][1][safepoint    ] Safepoint "RevokeBias", Time since last: 1380100 ns, Reaching safepoint: 178200 ns, At safepoint: 31000 ns, Total: 209200 ns
[2020-03-27T04:59:13.065+0000][1][safepoint    ] Safepoint "RevokeBias", Time since last: 932500 ns, Reaching safepoint: 193000 ns, At safepoint: 24700 ns, Total: 217700 ns
[2020-03-27T04:59:13.066+0000][1][safepoint    ] Safepoint "RevokeBias", Time since last: 863201 ns, Reaching safepoint: 120500 ns, At safepoint: 11400 ns, Total: 131900 ns
[2020-03-27T04:59:13.071+0000][1][safepoint    ] Safepoint "RevokeBias", Time since last: 4301200 ns, Reaching safepoint: 179300 ns, At safepoint: 103900 ns, Total: 283200 ns
[2020-03-27T04:59:13.072+0000][1][safepoint    ] Safepoint "RevokeBias", Time since last: 1139400 ns, Reaching safepoint: 333700 ns, At safepoint: 27700 ns, Total: 361400 ns
[2020-03-27T04:59:13.074+0000][1][safepoint    ] Safepoint "RevokeBias", Time since last: 1747500 ns, Reaching safepoint: 136300 ns, At safepoint: 31300 ns, Total: 167600 ns
[2020-03-27T04:59:13.088+0000][1][safepoint    ] Safepoint "RevokeBias", Time since last: 13824601 ns, Reaching safepoint: 377300 ns, At safepoint: 30400 ns, Total: 407700 ns
[2020-03-27T04:59:13.089+0000][1][safepoint    ] Safepoint "RevokeBias", Time since last: 629100 ns, Reaching safepoint: 52600 ns, At safepoint: 22000 ns, Total: 74600 ns
[2020-03-27T04:59:13.093+0000][1][safepoint    ] Safepoint "RevokeBias", Time since last: 3986900 ns, Reaching safepoint: 67900 ns, At safepoint: 16300 ns, Total: 84200 ns
[2020-03-27T04:59:13.094+0000][1][safepoint    ] Safepoint "RevokeBias", Time since last: 706300 ns, Reaching safepoint: 58500 ns, At safepoint: 14600 ns, Total: 73100 ns
[2020-03-27T04:59:13.095+0000][1][safepoint    ] Safepoint "RevokeBias", Time since last: 1486401 ns, Reaching safepoint: 106400 ns, At safepoint: 13600 ns, Total: 120000 ns
[2020-03-27T04:59:13.096+0000][1][safepoint    ] Safepoint "RevokeBias", Time since last: 862900 ns, Reaching safepoint: 141900 ns, At safepoint: 25800 ns, Total: 167700 ns
[2020-03-27T04:59:13.101+0000][1][safepoint    ] Safepoint "RevokeBias", Time since last: 4141300 ns, Reaching safepoint: 69500 ns, At safepoint: 13700 ns, Total: 83200 ns
[2020-03-27T04:59:13.102+0000][1][safepoint    ] Safepoint "RevokeBias", Time since last: 778400 ns, Reaching safepoint: 149900 ns, At safepoint: 27600 ns, Total: 177500 ns
[2020-03-27T04:59:13.107+0000][1][safepoint    ] Safepoint "RevokeBias", Time since last: 4848600 ns, Reaching safepoint: 101600 ns, At safepoint: 14900 ns, Total: 116500 ns
[2020-03-27T04:59:13.109+0000][1][safepoint    ] Safepoint "RevokeBias", Time since last: 1997901 ns, Reaching safepoint: 164700 ns, At safepoint: 19200 ns, Total: 183900 ns
[2020-03-27T04:59:13.109+0000][1][safepoint    ] Safepoint "RevokeBias", Time since last: 563200 ns, Reaching safepoint: 99400 ns, At safepoint: 15200 ns, Total: 114600 ns
[2020-03-27T04:59:13.111+0000][1][safepoint    ] Safepoint "RevokeBias", Time since last: 996300 ns, Reaching safepoint: 109400 ns, At safepoint: 20100 ns, Total: 129500 ns
[2020-03-27T04:59:13.111+0000][1][safepoint    ] Safepoint "RevokeBias", Time since last: 774600 ns, Reaching safepoint: 61300 ns, At safepoint: 15200 ns, Total: 76500 ns
[2020-03-27T04:59:13.112+0000][1][safepoint    ] Safepoint "RevokeBias", Time since last: 639300 ns, Reaching safepoint: 57900 ns, At safepoint: 12000 ns, Total: 69900 ns
[2020-03-27T04:59:13.125+0000][1][safepoint    ] Safepoint "RevokeBias", Time since last: 12711401 ns, Reaching safepoint: 77900 ns, At safepoint: 18700 ns, Total: 96600 ns
[2020-03-27T04:59:13.125+0000][1][safepoint    ] Safepoint "RevokeBias", Time since last: 456200 ns, Reaching safepoint: 83200 ns, At safepoint: 16900 ns, Total: 100100 ns
[2020-03-27T04:59:13.132+0000][1][safepoint    ] Safepoint "RevokeBias", Time since last: 5862700 ns, Reaching safepoint: 157300 ns, At safepoint: 49200 ns, Total: 206500 ns
[2020-03-27T04:59:13.135+0000][1][safepoint    ] Safepoint "RevokeBias", Time since last: 1232600 ns, Reaching safepoint: 2217800 ns, At safepoint: 18000 ns, Total: 2235800 ns
[2020-03-27T04:59:13.140+0000][1][safepoint    ] Safepoint "RevokeBias", Time since last: 2636801 ns, Reaching safepoint: 2134400 ns, At safepoint: 18800 ns, Total: 2153200 ns
[2020-03-27T04:59:13.140+0000][1][safepoint    ] Safepoint "RevokeBias", Time since last: 354700 ns, Reaching safepoint: 193900 ns, At safepoint: 13300 ns, Total: 207200 ns
[2020-03-27T04:59:13.142+0000][1][safepoint    ] Safepoint "RevokeBias", Time since last: 1167300 ns, Reaching safepoint: 151900 ns, At safepoint: 13900 ns, Total: 165800 ns
[2020-03-27T04:59:13.143+0000][1][safepoint    ] Safepoint "RevokeBias", Time since last: 413500 ns, Reaching safepoint: 422200 ns, At safepoint: 15100 ns, Total: 437300 ns
[2020-03-27T04:59:13.143+0000][1][safepoint    ] Safepoint "RevokeBias", Time since last: 637300 ns, Reaching safepoint: 165600 ns, At safepoint: 17900 ns, Total: 183500 ns
[2020-03-27T04:59:13.145+0000][1][safepoint    ] Safepoint "RevokeBias", Time since last: 1736600 ns, Reaching safepoint: 191900 ns, At safepoint: 38000 ns, Total: 229900 ns
[2020-03-27T04:59:13.146+0000][1][safepoint    ] Safepoint "RevokeBias", Time since last: 584400 ns, Reaching safepoint: 148400 ns, At safepoint: 12400 ns, Total: 160800 ns
[2020-03-27T04:59:13.147+0000][1][safepoint    ] Safepoint "RevokeBias", Time since last: 383900 ns, Reaching safepoint: 184700 ns, At safepoint: 27900 ns, Total: 212600 ns
[2020-03-27T04:59:13.147+0000][1][safepoint    ] Safepoint "RevokeBias", Time since last: 253600 ns, Reaching safepoint: 130000 ns, At safepoint: 76200 ns, Total: 206200 ns
[2020-03-27T04:59:13.148+0000][1][safepoint    ] Safepoint "RevokeBias", Time since last: 864700 ns, Reaching safepoint: 124400 ns, At safepoint: 27200 ns, Total: 151600 ns
[2020-03-27T04:59:13.149+0000][1][safepoint    ] Safepoint "RevokeBias", Time since last: 233400 ns, Reaching safepoint: 185800 ns, At safepoint: 24500 ns, Total: 210300 ns
[2020-03-27T04:59:13.150+0000][1][safepoint    ] Safepoint "RevokeBias", Time since last: 1365600 ns, Reaching safepoint: 68300 ns, At safepoint: 15400 ns, Total: 83700 ns
[2020-03-27T04:59:13.151+0000][1][safepoint    ] Safepoint "RevokeBias", Time since last: 667200 ns, Reaching safepoint: 56800 ns, At safepoint: 7000 ns, Total: 63800 ns
[2020-03-27T04:59:13.152+0000][1][safepoint    ] Safepoint "RevokeBias", Time since last: 1058801 ns, Reaching safepoint: 60300 ns, At safepoint: 24000 ns, Total: 84300 ns
[2020-03-27T04:59:13.158+0000][1][safepoint    ] Safepoint "Deoptimize", Time since last: 4181600 ns, Reaching safepoint: 283500 ns, At safepoint: 1250000 ns, Total: 1533500 ns
[2020-03-27T04:59:13.158+0000][1][safepoint    ] Safepoint "RevokeBias", Time since last: 454600 ns, Reaching safepoint: 79200 ns, At safepoint: 16600 ns, Total: 95800 ns
[2020-03-27T04:59:13.166+0000][1][safepoint    ] Safepoint "RevokeBias", Time since last: 5689600 ns, Reaching safepoint: 2204200 ns, At safepoint: 15300 ns, Total: 2219500 ns
[2020-03-27T04:59:13.168+0000][1][safepoint    ] Safepoint "RevokeBias", Time since last: 1325701 ns, Reaching safepoint: 235700 ns, At safepoint: 19000 ns, Total: 254700 ns
[2020-03-27T04:59:13.169+0000][1][safepoint    ] Safepoint "RevokeBias", Time since last: 815800 ns, Reaching safepoint: 94400 ns, At safepoint: 13500 ns, Total: 107900 ns
[2020-03-27T04:59:13.170+0000][1][safepoint    ] Safepoint "RevokeBias", Time since last: 1337500 ns, Reaching safepoint: 64500 ns, At safepoint: 25200 ns, Total: 89700 ns
[2020-03-27T04:59:13.171+0000][1][safepoint    ] Safepoint "RevokeBias", Time since last: 1033600 ns, Reaching safepoint: 83200 ns, At safepoint: 11600 ns, Total: 94800 ns
[2020-03-27T04:59:13.172+0000][1][safepoint    ] Safepoint "RevokeBias", Time since last: 988800 ns, Reaching safepoint: 52200 ns, At safepoint: 12100 ns, Total: 64300 ns
[2020-03-27T04:59:13.173+0000][1][safepoint    ] Safepoint "RevokeBias", Time since last: 827500 ns, Reaching safepoint: 250100 ns, At safepoint: 39600 ns, Total: 289700 ns
[2020-03-27T04:59:13.183+0000][1][safepoint    ] Safepoint "RevokeBias", Time since last: 9302301 ns, Reaching safepoint: 70200 ns, At safepoint: 14800 ns, Total: 85000 ns
[2020-03-27T04:59:13.183+0000][1][safepoint    ] Safepoint "RevokeBias", Time since last: 561000 ns, Reaching safepoint: 65200 ns, At safepoint: 12500 ns, Total: 77700 ns
[2020-03-27T04:59:13.184+0000][1][safepoint    ] Safepoint "RevokeBias", Time since last: 734400 ns, Reaching safepoint: 64600 ns, At safepoint: 20600 ns, Total: 85200 ns
[2020-03-27T04:59:13.209+0000][1][safepoint    ] Safepoint "RevokeBias", Time since last: 24373701 ns, Reaching safepoint: 149700 ns, At safepoint: 25200 ns, Total: 174900 ns
[2020-03-27T04:59:13.210+0000][1][safepoint    ] Safepoint "RevokeBias", Time since last: 1187801 ns, Reaching safepoint: 240700 ns, At safepoint: 31800 ns, Total: 272500 ns
[2020-03-27T04:59:13.211+0000][1][safepoint    ] Safepoint "RevokeBias", Time since last: 976400 ns, Reaching safepoint: 56800 ns, At safepoint: 12000 ns, Total: 68800 ns
[2020-03-27T04:59:13.213+0000][1][safepoint    ] Safepoint "RevokeBias", Time since last: 1297500 ns, Reaching safepoint: 47100 ns, At safepoint: 22400 ns, Total: 69500 ns
[2020-03-27T04:59:13.213+0000][1][safepoint    ] Safepoint "RevokeBias", Time since last: 765100 ns, Reaching safepoint: 43400 ns, At safepoint: 26600 ns, Total: 70000 ns
[2020-03-27T04:59:13.214+0000][1][safepoint    ] Safepoint "RevokeBias", Time since last: 579500 ns, Reaching safepoint: 156700 ns, At safepoint: 8800 ns, Total: 165500 ns
[2020-03-27T04:59:13.216+0000][1][safepoint    ] Safepoint "BulkRevokeBias", Time since last: 1177900 ns, Reaching safepoint: 130800 ns, At safepoint: 362100 ns, Total: 492900 ns
[2020-03-27T04:59:13.217+0000][1][safepoint    ] Safepoint "RevokeBias", Time since last: 1023300 ns, Reaching safepoint: 132900 ns, At safepoint: 16400 ns, Total: 149300 ns
[2020-03-27T04:59:13.218+0000][1][safepoint    ] Safepoint "RevokeBias", Time since last: 742700 ns, Reaching safepoint: 121200 ns, At safepoint: 24200 ns, Total: 145400 ns
[2020-03-27T04:59:13.219+0000][1][safepoint    ] Safepoint "RevokeBias", Time since last: 775000 ns, Reaching safepoint: 140600 ns, At safepoint: 6700 ns, Total: 147300 ns
[2020-03-27T04:59:13.255+0000][1][safepoint    ] Safepoint "RevokeBias", Time since last: 35554203 ns, Reaching safepoint: 167500 ns, At safepoint: 21700 ns, Total: 189200 ns
[2020-03-27T04:59:13.255+0000][1][safepoint    ] Safepoint "RevokeBias", Time since last: 753800 ns, Reaching safepoint: 55000 ns, At safepoint: 22500 ns, Total: 77500 ns
[2020-03-27T04:59:13.302+0000][1][safepoint    ] Safepoint "RevokeBias", Time since last: 46955303 ns, Reaching safepoint: 77000 ns, At safepoint: 25500 ns, Total: 102500 ns
[2020-03-27T04:59:13.317+0000][1][safepoint    ] Safepoint "RevokeBias", Time since last: 14288501 ns, Reaching safepoint: 69900 ns, At safepoint: 14900 ns, Total: 84800 ns
[2020-03-27T04:59:13.318+0000][1][safepoint    ] Safepoint "RevokeBias", Time since last: 643600 ns, Reaching safepoint: 70500 ns, At safepoint: 20700 ns, Total: 91200 ns
[2020-03-27T04:59:13.329+0000][1][safepoint    ] Safepoint "RevokeBias", Time since last: 11367701 ns, Reaching safepoint: 149800 ns, At safepoint: 25000 ns, Total: 174800 ns
[2020-03-27T04:59:13.350+0000][1][safepoint    ] Safepoint "RevokeBias", Time since last: 20641201 ns, Reaching safepoint: 67900 ns, At safepoint: 26500 ns, Total: 94400 ns
[2020-03-27T04:59:13.351+0000][1][safepoint    ] Safepoint "RevokeBias", Time since last: 783000 ns, Reaching safepoint: 124500 ns, At safepoint: 13300 ns, Total: 137800 ns
[2020-03-27T04:59:13.351+0000][1][safepoint    ] Safepoint "RevokeBias", Time since last: 341100 ns, Reaching safepoint: 122200 ns, At safepoint: 11700 ns, Total: 133900 ns
[2020-03-27T04:59:13.352+0000][1][safepoint    ] Safepoint "RevokeBias", Time since last: 467100 ns, Reaching safepoint: 34200 ns, At safepoint: 14900 ns, Total: 49100 ns
[2020-03-27T04:59:13.352+0000][1][safepoint    ] Safepoint "RevokeBias", Time since last: 355400 ns, Reaching safepoint: 34200 ns, At safepoint: 5200 ns, Total: 39400 ns
[2020-03-27T04:59:13.353+0000][1][safepoint    ] Safepoint "RevokeBias", Time since last: 398000 ns, Reaching safepoint: 41400 ns, At safepoint: 4900 ns, Total: 46300 ns
[2020-03-27T04:59:13.353+0000][1][safepoint    ] Safepoint "RevokeBias", Time since last: 369900 ns, Reaching safepoint: 120900 ns, At safepoint: 7500 ns, Total: 128400 ns
[2020-03-27T04:59:13.354+0000][1][safepoint    ] Safepoint "RevokeBias", Time since last: 598900 ns, Reaching safepoint: 121600 ns, At safepoint: 74900 ns, Total: 196500 ns
[2020-03-27T04:59:13.354+0000][1][safepoint    ] Safepoint "RevokeBias", Time since last: 340301 ns, Reaching safepoint: 124700 ns, At safepoint: 22900 ns, Total: 147600 ns
[2020-03-27T04:59:13.361+0000][1][safepoint    ] Safepoint "RevokeBias", Time since last: 6645000 ns, Reaching safepoint: 182100 ns, At safepoint: 23100 ns, Total: 205200 ns
[2020-03-27T04:59:13.362+0000][1][safepoint    ] Safepoint "RevokeBias", Time since last: 916700 ns, Reaching safepoint: 134600 ns, At safepoint: 5900 ns, Total: 140500 ns
[2020-03-27T04:59:13.363+0000][1][safepoint    ] Safepoint "RevokeBias", Time since last: 509400 ns, Reaching safepoint: 62300 ns, At safepoint: 7800 ns, Total: 70100 ns
[2020-03-27T04:59:13.365+0000][1][safepoint    ] Safepoint "RevokeBias", Time since last: 1605400 ns, Reaching safepoint: 57800 ns, At safepoint: 4900 ns, Total: 62700 ns
[2020-03-27T04:59:13.366+0000][1][safepoint    ] Safepoint "RevokeBias", Time since last: 1738400 ns, Reaching safepoint: 45000 ns, At safepoint: 15000 ns, Total: 60000 ns
[2020-03-27T04:59:13.370+0000][1][safepoint    ] Safepoint "RevokeBias", Time since last: 3528001 ns, Reaching safepoint: 173900 ns, At safepoint: 48500 ns, Total: 222400 ns
[2020-03-27T04:59:13.374+0000][1][safepoint    ] Safepoint "RevokeBias", Time since last: 2018300 ns, Reaching safepoint: 1492700 ns, At safepoint: 9700 ns, Total: 1502400 ns
[2020-03-27T04:59:13.375+0000][1][safepoint    ] Safepoint "RevokeBias", Time since last: 1421900 ns, Reaching safepoint: 192700 ns, At safepoint: 13200 ns, Total: 205900 ns
[2020-03-27T04:59:13.381+0000][1][gc,heap,exit ] Heap
[2020-03-27T04:59:13.381+0000][1][gc,heap,exit ]  par new generation   total 153344K, used 98835K [0x00000000e0000000, 0x00000000ea660000, 0x00000000ea660000)
[2020-03-27T04:59:13.381+0000][1][gc,heap,exit ]   eden space 136320K,  62% used [0x00000000e0000000, 0x00000000e5311fd8, 0x00000000e8520000)
[2020-03-27T04:59:13.382+0000][1][gc,heap,exit ]   from space 17024K,  80% used [0x00000000e8520000, 0x00000000e9292fd0, 0x00000000e95c0000)
[2020-03-27T04:59:13.382+0000][1][gc,heap,exit ]   to   space 17024K,   0% used [0x00000000e95c0000, 0x00000000e95c0000, 0x00000000ea660000)
[2020-03-27T04:59:13.382+0000][1][gc,heap,exit ]  concurrent mark-sweep generation total 353920K, used 75937K [0x00000000ea660000, 0x0000000100000000, 0x0000000100000000)
[2020-03-27T04:59:13.383+0000][1][gc,heap,exit ]  Metaspace       used 92401K, capacity 99767K, committed 99988K, reserved 1134592K
[2020-03-27T04:59:13.383+0000][1][gc,heap,exit ]   class space    used 12299K, capacity 15416K, committed 15444K, reserved 1048576K
