[2020-03-27T07:53:22.682+0000][1][gc] Using Concurrent Mark Sweep
[2020-03-27T07:53:22.684+0000][1][gc,heap,coops] Heap address: 0x00000000e0000000, size: 512 MB, Compressed Oops mode: 32-bit
[2020-03-27T07:53:22.740+0000][1][safepoint    ] Safepoint "EnableBiasedLocking", Time since last: 44881568 ns, Reaching safepoint: 19900 ns, At safepoint: 24800 ns, Total: 44700 ns
[2020-03-27T07:53:22.744+0000][1][safepoint    ] Safepoint "RevokeBias", Time since last: 4721497 ns, Reaching safepoint: 84800 ns, At safepoint: 19400 ns, Total: 104200 ns
[2020-03-27T07:53:22.756+0000][1][safepoint    ] Safepoint "Deoptimize", Time since last: 10931892 ns, Reaching safepoint: 206100 ns, At safepoint: 13500 ns, Total: 219600 ns
[2020-03-27T07:53:23.031+0000][1][safepoint    ] Safepoint "Deoptimize", Time since last: 275270403 ns, Reaching safepoint: 19100 ns, At safepoint: 24300 ns, Total: 43400 ns
[2020-03-27T07:53:23.034+0000][1][safepoint    ] Safepoint "Deoptimize", Time since last: 3466097 ns, Reaching safepoint: 13000 ns, At safepoint: 67400 ns, Total: 80400 ns
[2020-03-27T07:53:23.078+0000][1][safepoint    ] Safepoint "Deoptimize", Time since last: 43322269 ns, Reaching safepoint: 19300 ns, At safepoint: 41600 ns, Total: 60900 ns
[2020-03-27T07:53:23.700+0000][1][safepoint    ] Safepoint "Deoptimize", Time since last: 620807756 ns, Reaching safepoint: 869399 ns, At safepoint: 83100 ns, Total: 952499 ns
[2020-03-27T07:53:23.741+0000][1][safepoint    ] Safepoint "Deoptimize", Time since last: 41486871 ns, Reaching safepoint: 96000 ns, At safepoint: 61900 ns, Total: 157900 ns
[2020-03-27T07:53:23.986+0000][1][safepoint    ] Safepoint "Deoptimize", Time since last: 244333625 ns, Reaching safepoint: 36300 ns, At safepoint: 75200 ns, Total: 111500 ns
[2020-03-27T07:53:24.183+0000][1][safepoint    ] Safepoint "Deoptimize", Time since last: 196887259 ns, Reaching safepoint: 19900 ns, At safepoint: 75300 ns, Total: 95200 ns
[2020-03-27T07:53:24.578+0000][1][safepoint    ] Safepoint "Deoptimize", Time since last: 395049017 ns, Reaching safepoint: 118900 ns, At safepoint: 95100 ns, Total: 214000 ns
[2020-03-27T07:53:24.707+0000][1][safepoint    ] Safepoint "Deoptimize", Time since last: 129399207 ns, Reaching safepoint: 91700 ns, At safepoint: 100300 ns, Total: 192000 ns
[2020-03-27T07:53:24.709+0000][1][safepoint    ] Safepoint "Deoptimize", Time since last: 1169299 ns, Reaching safepoint: 38700 ns, At safepoint: 115700 ns, Total: 154400 ns
[2020-03-27T07:53:24.808+0000][1][safepoint    ] Safepoint "Deoptimize", Time since last: 99416129 ns, Reaching safepoint: 28900 ns, At safepoint: 124900 ns, Total: 153800 ns
[2020-03-27T07:53:24.811+0000][1][safepoint    ] Safepoint "Deoptimize", Time since last: 2419698 ns, Reaching safepoint: 15800 ns, At safepoint: 224900 ns, Total: 240700 ns
[2020-03-27T07:53:24.828+0000][1][safepoint    ] Safepoint "RevokeBias", Time since last: 16679988 ns, Reaching safepoint: 82400 ns, At safepoint: 11700 ns, Total: 94100 ns
[2020-03-27T07:53:24.829+0000][1][safepoint    ] Safepoint "RevokeBias", Time since last: 708900 ns, Reaching safepoint: 121700 ns, At safepoint: 30100 ns, Total: 151800 ns
[2020-03-27T07:53:24.829+0000][1][safepoint    ] Safepoint "RevokeBias", Time since last: 381399 ns, Reaching safepoint: 91500 ns, At safepoint: 14400 ns, Total: 105900 ns
[2020-03-27T07:53:24.830+0000][1][safepoint    ] Safepoint "RevokeBias", Time since last: 392800 ns, Reaching safepoint: 41600 ns, At safepoint: 11900 ns, Total: 53500 ns
[2020-03-27T07:53:24.830+0000][1][safepoint    ] Safepoint "RevokeBias", Time since last: 423500 ns, Reaching safepoint: 5800 ns, At safepoint: 10100 ns, Total: 15900 ns
[2020-03-27T07:53:24.830+0000][1][safepoint    ] Safepoint "RevokeBias", Time since last: 245299 ns, Reaching safepoint: 8200 ns, At safepoint: 10300 ns, Total: 18500 ns
[2020-03-27T07:53:25.227+0000][1][safepoint    ] Safepoint "RevokeBias", Time since last: 393938819 ns, Reaching safepoint: 2341198 ns, At safepoint: 26400 ns, Total: 2367598 ns
[2020-03-27T07:53:25.642+0000][1][safepoint    ] Safepoint "RevokeBias", Time since last: 414818903 ns, Reaching safepoint: 118900 ns, At safepoint: 27300 ns, Total: 146200 ns
[2020-03-27T07:53:25.743+0000][1][safepoint    ] Safepoint "RevokeBias", Time since last: 101258928 ns, Reaching safepoint: 64700 ns, At safepoint: 8800 ns, Total: 73500 ns
[2020-03-27T07:53:25.745+0000][1][safepoint    ] Safepoint "RevokeBias", Time since last: 1610498 ns, Reaching safepoint: 70300 ns, At safepoint: 9800 ns, Total: 80100 ns
[2020-03-27T07:53:25.884+0000][1][safepoint    ] Safepoint "RevokeBias", Time since last: 139047301 ns, Reaching safepoint: 106400 ns, At safepoint: 18500 ns, Total: 124900 ns
[2020-03-27T07:53:25.887+0000][1][safepoint    ] Safepoint "RevokeBias", Time since last: 808499 ns, Reaching safepoint: 2517998 ns, At safepoint: 37400 ns, Total: 2555398 ns
[2020-03-27T07:53:25.927+0000][1][safepoint    ] Safepoint "RevokeBias", Time since last: 39827972 ns, Reaching safepoint: 94700 ns, At safepoint: 32900 ns, Total: 127600 ns
[2020-03-27T07:53:25.991+0000][1][safepoint    ] Safepoint "RevokeBias", Time since last: 64038454 ns, Reaching safepoint: 17600 ns, At safepoint: 20300 ns, Total: 37900 ns
[2020-03-27T07:53:26.013+0000][1][gc,start     ] GC(0) Pause Young (Allocation Failure)
[2020-03-27T07:53:26.014+0000][1][gc,task      ] GC(0) Using 2 workers of 2 for evacuation
[2020-03-27T07:53:26.038+0000][1][gc,age       ] GC(0) Desired survivor size 8716288 bytes, new threshold 1 (max threshold 6)
[2020-03-27T07:53:26.039+0000][1][gc,age       ] GC(0) Age table with threshold 1 (max threshold 6)
[2020-03-27T07:53:26.039+0000][1][gc,age       ] GC(0) - age   1:    8971536 bytes,    8971536 total
[2020-03-27T07:53:26.039+0000][1][gc,heap      ] GC(0) ParNew: 136320K->8823K(153344K)
[2020-03-27T07:53:26.040+0000][1][gc,heap      ] GC(0) CMS: 0K->0K(353920K)
[2020-03-27T07:53:26.040+0000][1][gc,metaspace ] GC(0) Metaspace: 17200K->17200K(1064960K)
[2020-03-27T07:53:26.040+0000][1][gc           ] GC(0) Pause Young (Allocation Failure) 133M->8M(495M) 26.937ms
[2020-03-27T07:53:26.041+0000][1][gc,cpu       ] GC(0) User=0.02s Sys=0.00s Real=0.03s
[2020-03-27T07:53:26.041+0000][1][safepoint    ] Safepoint "GenCollectForAllocation", Time since last: 22293484 ns, Reaching safepoint: 21800 ns, At safepoint: 27757780 ns, Total: 27779580 ns
[2020-03-27T07:53:26.043+0000][1][safepoint    ] Safepoint "RevokeBias", Time since last: 1210799 ns, Reaching safepoint: 14300 ns, At safepoint: 84300 ns, Total: 98600 ns
[2020-03-27T07:53:26.043+0000][1][safepoint    ] Safepoint "RevokeBias", Time since last: 255300 ns, Reaching safepoint: 8600 ns, At safepoint: 12500 ns, Total: 21100 ns
[2020-03-27T07:53:26.043+0000][1][safepoint    ] Safepoint "RevokeBias", Time since last: 390900 ns, Reaching safepoint: 7700 ns, At safepoint: 13500 ns, Total: 21200 ns
[2020-03-27T07:53:26.043+0000][1][safepoint    ] Safepoint "RevokeBias", Time since last: 231000 ns, Reaching safepoint: 7500 ns, At safepoint: 12200 ns, Total: 19700 ns
[2020-03-27T07:53:26.044+0000][1][safepoint    ] Safepoint "RevokeBias", Time since last: 362599 ns, Reaching safepoint: 7900 ns, At safepoint: 27100 ns, Total: 35000 ns
[2020-03-27T07:53:26.044+0000][1][safepoint    ] Safepoint "RevokeBias", Time since last: 271100 ns, Reaching safepoint: 9000 ns, At safepoint: 16400 ns, Total: 25400 ns
[2020-03-27T07:53:26.047+0000][1][safepoint    ] Safepoint "RevokeBias", Time since last: 276600 ns, Reaching safepoint: 2141498 ns, At safepoint: 23200 ns, Total: 2164698 ns
[2020-03-27T07:53:26.047+0000][1][safepoint    ] Safepoint "RevokeBias", Time since last: 314300 ns, Reaching safepoint: 103900 ns, At safepoint: 14000 ns, Total: 117900 ns
[2020-03-27T07:53:26.047+0000][1][safepoint    ] Safepoint "RevokeBias", Time since last: 229400 ns, Reaching safepoint: 90500 ns, At safepoint: 29100 ns, Total: 119600 ns
[2020-03-27T07:53:26.048+0000][1][safepoint    ] Safepoint "RevokeBias", Time since last: 605399 ns, Reaching safepoint: 8000 ns, At safepoint: 23200 ns, Total: 31200 ns
[2020-03-27T07:53:26.048+0000][1][safepoint    ] Safepoint "RevokeBias", Time since last: 229400 ns, Reaching safepoint: 7100 ns, At safepoint: 10600 ns, Total: 17700 ns
[2020-03-27T07:53:26.049+0000][1][safepoint    ] Safepoint "RevokeBias", Time since last: 886900 ns, Reaching safepoint: 12599 ns, At safepoint: 18500 ns, Total: 31099 ns
[2020-03-27T07:53:26.050+0000][1][safepoint    ] Safepoint "RevokeBias", Time since last: 337500 ns, Reaching safepoint: 47700 ns, At safepoint: 16300 ns, Total: 64000 ns
[2020-03-27T07:53:26.050+0000][1][safepoint    ] Safepoint "RevokeBias", Time since last: 179800 ns, Reaching safepoint: 8100 ns, At safepoint: 26300 ns, Total: 34400 ns
[2020-03-27T07:53:26.050+0000][1][safepoint    ] Safepoint "RevokeBias", Time since last: 246000 ns, Reaching safepoint: 80100 ns, At safepoint: 18300 ns, Total: 98400 ns
[2020-03-27T07:53:26.051+0000][1][safepoint    ] Safepoint "RevokeBias", Time since last: 301700 ns, Reaching safepoint: 66100 ns, At safepoint: 16300 ns, Total: 82400 ns
[2020-03-27T07:53:26.051+0000][1][safepoint    ] Safepoint "RevokeBias", Time since last: 163599 ns, Reaching safepoint: 154600 ns, At safepoint: 20300 ns, Total: 174900 ns
[2020-03-27T07:53:26.052+0000][1][safepoint    ] Safepoint "RevokeBias", Time since last: 219200 ns, Reaching safepoint: 364000 ns, At safepoint: 33900 ns, Total: 397900 ns
[2020-03-27T07:53:26.052+0000][1][safepoint    ] Safepoint "RevokeBias", Time since last: 285100 ns, Reaching safepoint: 68500 ns, At safepoint: 25600 ns, Total: 94100 ns
[2020-03-27T07:53:26.052+0000][1][safepoint    ] Safepoint "RevokeBias", Time since last: 205299 ns, Reaching safepoint: 87700 ns, At safepoint: 21400 ns, Total: 109100 ns
[2020-03-27T07:53:26.053+0000][1][safepoint    ] Safepoint "RevokeBias", Time since last: 223000 ns, Reaching safepoint: 79500 ns, At safepoint: 27800 ns, Total: 107300 ns
[2020-03-27T07:53:26.053+0000][1][safepoint    ] Safepoint "RevokeBias", Time since last: 211700 ns, Reaching safepoint: 160400 ns, At safepoint: 21100 ns, Total: 181500 ns
[2020-03-27T07:53:26.053+0000][1][safepoint    ] Safepoint "RevokeBias", Time since last: 235700 ns, Reaching safepoint: 75100 ns, At safepoint: 17900 ns, Total: 93000 ns
[2020-03-27T07:53:26.054+0000][1][safepoint    ] Safepoint "RevokeBias", Time since last: 220999 ns, Reaching safepoint: 145600 ns, At safepoint: 17300 ns, Total: 162900 ns
[2020-03-27T07:53:26.054+0000][1][safepoint    ] Safepoint "RevokeBias", Time since last: 194500 ns, Reaching safepoint: 103300 ns, At safepoint: 34900 ns, Total: 138200 ns
[2020-03-27T07:53:26.054+0000][1][safepoint    ] Safepoint "RevokeBias", Time since last: 213700 ns, Reaching safepoint: 162200 ns, At safepoint: 33700 ns, Total: 195900 ns
[2020-03-27T07:53:26.056+0000][1][safepoint    ] Safepoint "RevokeBias", Time since last: 1314999 ns, Reaching safepoint: 15800 ns, At safepoint: 29100 ns, Total: 44900 ns
[2020-03-27T07:53:26.056+0000][1][safepoint    ] Safepoint "RevokeBias", Time since last: 424000 ns, Reaching safepoint: 295499 ns, At safepoint: 43700 ns, Total: 339199 ns
[2020-03-27T07:53:26.057+0000][1][safepoint    ] Safepoint "RevokeBias", Time since last: 279300 ns, Reaching safepoint: 68500 ns, At safepoint: 24500 ns, Total: 93000 ns
[2020-03-27T07:53:26.057+0000][1][safepoint    ] Safepoint "RevokeBias", Time since last: 227100 ns, Reaching safepoint: 37900 ns, At safepoint: 165400 ns, Total: 203300 ns
[2020-03-27T07:53:26.058+0000][1][safepoint    ] Safepoint "RevokeBias", Time since last: 515299 ns, Reaching safepoint: 115900 ns, At safepoint: 35900 ns, Total: 151800 ns
[2020-03-27T07:53:26.058+0000][1][safepoint    ] Safepoint "RevokeBias", Time since last: 220300 ns, Reaching safepoint: 198500 ns, At safepoint: 25700 ns, Total: 224200 ns
[2020-03-27T07:53:26.060+0000][1][safepoint    ] Safepoint "RevokeBias", Time since last: 418000 ns, Reaching safepoint: 726699 ns, At safepoint: 26600 ns, Total: 753299 ns
[2020-03-27T07:53:26.060+0000][1][safepoint    ] Safepoint "RevokeBias", Time since last: 318400 ns, Reaching safepoint: 249700 ns, At safepoint: 26400 ns, Total: 276100 ns
[2020-03-27T07:53:26.064+0000][1][safepoint    ] Safepoint "RevokeBias", Time since last: 1375899 ns, Reaching safepoint: 2002798 ns, At safepoint: 34200 ns, Total: 2036998 ns
[2020-03-27T07:53:26.064+0000][1][safepoint    ] Safepoint "RevokeBias", Time since last: 392000 ns, Reaching safepoint: 87800 ns, At safepoint: 28900 ns, Total: 116700 ns
[2020-03-27T07:53:26.066+0000][1][safepoint    ] Safepoint "BulkRevokeBias", Time since last: 853099 ns, Reaching safepoint: 588600 ns, At safepoint: 40900 ns, Total: 629500 ns
[2020-03-27T07:53:26.066+0000][1][safepoint    ] Safepoint "RevokeBias", Time since last: 332500 ns, Reaching safepoint: 7900 ns, At safepoint: 19200 ns, Total: 27100 ns
[2020-03-27T07:53:26.068+0000][1][safepoint    ] Safepoint "BulkRevokeBias", Time since last: 550699 ns, Reaching safepoint: 1048399 ns, At safepoint: 40400 ns, Total: 1088799 ns
[2020-03-27T07:53:26.182+0000][1][safepoint    ] Safepoint "RevokeBias", Time since last: 114054819 ns, Reaching safepoint: 26800 ns, At safepoint: 34500 ns, Total: 61300 ns
[2020-03-27T07:53:26.199+0000][1][safepoint    ] Safepoint "RevokeBias", Time since last: 17596887 ns, Reaching safepoint: 114200 ns, At safepoint: 10200 ns, Total: 124400 ns
[2020-03-27T07:53:26.564+0000][1][gc,start     ] GC(1) Pause Young (Allocation Failure)
[2020-03-27T07:53:26.564+0000][1][gc,task      ] GC(1) Using 2 workers of 2 for evacuation
[2020-03-27T07:53:26.605+0000][1][gc,age       ] GC(1) Desired survivor size 8716288 bytes, new threshold 6 (max threshold 6)
[2020-03-27T07:53:26.606+0000][1][gc,age       ] GC(1) Age table with threshold 6 (max threshold 6)
[2020-03-27T07:53:26.606+0000][1][gc,age       ] GC(1) - age   1:    2722992 bytes,    2722992 total
[2020-03-27T07:53:26.606+0000][1][gc,heap      ] GC(1) ParNew: 145143K->5425K(153344K)
[2020-03-27T07:53:26.607+0000][1][gc,heap      ] GC(1) CMS: 0K->9480K(353920K)
[2020-03-27T07:53:26.607+0000][1][gc,metaspace ] GC(1) Metaspace: 18570K->18570K(1067008K)
[2020-03-27T07:53:26.608+0000][1][gc           ] GC(1) Pause Young (Allocation Failure) 141M->14M(495M) 44.251ms
[2020-03-27T07:53:26.608+0000][1][gc,cpu       ] GC(1) User=0.04s Sys=0.00s Real=0.05s
[2020-03-27T07:53:26.609+0000][1][safepoint    ] Safepoint "GenCollectForAllocation", Time since last: 362208041 ns, Reaching safepoint: 1960499 ns, At safepoint: 45164967 ns, Total: 47125466 ns
[2020-03-27T07:53:26.610+0000][1][safepoint    ] Safepoint "RevokeBias", Time since last: 1429199 ns, Reaching safepoint: 89000 ns, At safepoint: 21000 ns, Total: 110000 ns
[2020-03-27T07:53:26.611+0000][1][safepoint    ] Safepoint "RevokeBias", Time since last: 821900 ns, Reaching safepoint: 89699 ns, At safepoint: 23100 ns, Total: 112799 ns
[2020-03-27T07:53:26.614+0000][1][safepoint    ] Safepoint "RevokeBias", Time since last: 2379999 ns, Reaching safepoint: 86500 ns, At safepoint: 18600 ns, Total: 105100 ns
[2020-03-27T07:53:26.614+0000][1][safepoint    ] Safepoint "RevokeBias", Time since last: 481999 ns, Reaching safepoint: 82000 ns, At safepoint: 32900 ns, Total: 114900 ns
[2020-03-27T07:53:26.615+0000][1][safepoint    ] Safepoint "RevokeBias", Time since last: 554500 ns, Reaching safepoint: 86400 ns, At safepoint: 87200 ns, Total: 173600 ns
[2020-03-27T07:53:26.616+0000][1][safepoint    ] Safepoint "RevokeBias", Time since last: 458199 ns, Reaching safepoint: 132200 ns, At safepoint: 74900 ns, Total: 207100 ns
[2020-03-27T07:53:26.619+0000][1][safepoint    ] Safepoint "RevokeBias", Time since last: 2931898 ns, Reaching safepoint: 166900 ns, At safepoint: 29700 ns, Total: 196600 ns
[2020-03-27T07:53:26.620+0000][1][safepoint    ] Safepoint "RevokeBias", Time since last: 663600 ns, Reaching safepoint: 124599 ns, At safepoint: 113200 ns, Total: 237799 ns
[2020-03-27T07:53:26.621+0000][1][safepoint    ] Safepoint "RevokeBias", Time since last: 744400 ns, Reaching safepoint: 234200 ns, At safepoint: 20000 ns, Total: 254200 ns
[2020-03-27T07:53:26.624+0000][1][safepoint    ] Safepoint "RevokeBias", Time since last: 3285997 ns, Reaching safepoint: 407100 ns, At safepoint: 20800 ns, Total: 427900 ns
[2020-03-27T07:53:26.627+0000][1][safepoint    ] Safepoint "RevokeBias", Time since last: 2161398 ns, Reaching safepoint: 174500 ns, At safepoint: 21300 ns, Total: 195800 ns
[2020-03-27T07:53:26.627+0000][1][safepoint    ] Safepoint "RevokeBias", Time since last: 529200 ns, Reaching safepoint: 133000 ns, At safepoint: 16100 ns, Total: 149100 ns
[2020-03-27T07:53:26.629+0000][1][safepoint    ] Safepoint "RevokeBias", Time since last: 1222499 ns, Reaching safepoint: 147100 ns, At safepoint: 17400 ns, Total: 164500 ns
[2020-03-27T07:53:26.629+0000][1][safepoint    ] Safepoint "RevokeBias", Time since last: 395300 ns, Reaching safepoint: 110099 ns, At safepoint: 27200 ns, Total: 137299 ns
[2020-03-27T07:53:26.630+0000][1][safepoint    ] Safepoint "RevokeBias", Time since last: 410200 ns, Reaching safepoint: 23700 ns, At safepoint: 13000 ns, Total: 36700 ns
[2020-03-27T07:53:26.633+0000][1][safepoint    ] Safepoint "RevokeBias", Time since last: 2727398 ns, Reaching safepoint: 80700 ns, At safepoint: 17500 ns, Total: 98200 ns
[2020-03-27T07:53:26.633+0000][1][safepoint    ] Safepoint "RevokeBias", Time since last: 498100 ns, Reaching safepoint: 144300 ns, At safepoint: 19900 ns, Total: 164200 ns
[2020-03-27T07:53:26.634+0000][1][safepoint    ] Safepoint "RevokeBias", Time since last: 379899 ns, Reaching safepoint: 190200 ns, At safepoint: 44800 ns, Total: 235000 ns
[2020-03-27T07:53:26.635+0000][1][safepoint    ] Safepoint "RevokeBias", Time since last: 328400 ns, Reaching safepoint: 546300 ns, At safepoint: 17200 ns, Total: 563500 ns
[2020-03-27T07:53:26.637+0000][1][safepoint    ] Safepoint "RevokeBias", Time since last: 1729198 ns, Reaching safepoint: 158200 ns, At safepoint: 14700 ns, Total: 172900 ns
[2020-03-27T07:53:26.638+0000][1][safepoint    ] Safepoint "RevokeBias", Time since last: 394100 ns, Reaching safepoint: 659099 ns, At safepoint: 17000 ns, Total: 676099 ns
[2020-03-27T07:53:26.638+0000][1][safepoint    ] Safepoint "RevokeBias", Time since last: 371300 ns, Reaching safepoint: 74900 ns, At safepoint: 31100 ns, Total: 106000 ns
[2020-03-27T07:53:26.641+0000][1][safepoint    ] Safepoint "RevokeBias", Time since last: 2283798 ns, Reaching safepoint: 149200 ns, At safepoint: 18500 ns, Total: 167700 ns
[2020-03-27T07:53:26.642+0000][1][safepoint    ] Safepoint "RevokeBias", Time since last: 555900 ns, Reaching safepoint: 473800 ns, At safepoint: 13400 ns, Total: 487200 ns
[2020-03-27T07:53:26.642+0000][1][safepoint    ] Safepoint "RevokeBias", Time since last: 362199 ns, Reaching safepoint: 121200 ns, At safepoint: 14900 ns, Total: 136100 ns
[2020-03-27T07:53:26.923+0000][1][safepoint    ] Safepoint "RevokeBias", Time since last: 280945599 ns, Reaching safepoint: 34600 ns, At safepoint: 12300 ns, Total: 46900 ns
[2020-03-27T07:53:27.256+0000][1][gc,start     ] GC(2) Pause Young (Allocation Failure)
[2020-03-27T07:53:27.264+0000][1][gc,task      ] GC(2) Using 2 workers of 2 for evacuation
[2020-03-27T07:53:27.274+0000][1][gc,age       ] GC(2) Desired survivor size 8716288 bytes, new threshold 6 (max threshold 6)
[2020-03-27T07:53:27.275+0000][1][gc,age       ] GC(2) Age table with threshold 6 (max threshold 6)
[2020-03-27T07:53:27.276+0000][1][gc,age       ] GC(2) - age   1:    2742848 bytes,    2742848 total
[2020-03-27T07:53:27.277+0000][1][gc,age       ] GC(2) - age   2:    1596504 bytes,    4339352 total
[2020-03-27T07:53:27.278+0000][1][gc,heap      ] GC(2) ParNew: 141745K->4707K(153344K)
[2020-03-27T07:53:27.278+0000][1][gc,heap      ] GC(2) CMS: 9480K->9480K(353920K)
[2020-03-27T07:53:27.278+0000][1][gc,metaspace ] GC(2) Metaspace: 19099K->19099K(1067008K)
[2020-03-27T07:53:27.279+0000][1][gc           ] GC(2) Pause Young (Allocation Failure) 147M->13M(495M) 22.896ms
[2020-03-27T07:53:27.279+0000][1][gc,cpu       ] GC(2) User=0.02s Sys=0.00s Real=0.02s
[2020-03-27T07:53:27.279+0000][1][safepoint    ] Safepoint "GenCollectForAllocation", Time since last: 331923663 ns, Reaching safepoint: 537799 ns, At safepoint: 23729783 ns, Total: 24267582 ns
[2020-03-27T07:53:27.283+0000][1][safepoint    ] Safepoint "BulkRevokeBias", Time since last: 2405999 ns, Reaching safepoint: 937599 ns, At safepoint: 97200 ns, Total: 1034799 ns
[2020-03-27T07:53:27.291+0000][1][safepoint    ] Safepoint "RevokeBias", Time since last: 3681597 ns, Reaching safepoint: 4038297 ns, At safepoint: 90700 ns, Total: 4128997 ns
[2020-03-27T07:53:27.297+0000][1][safepoint    ] Safepoint "RevokeBias", Time since last: 3949498 ns, Reaching safepoint: 1921698 ns, At safepoint: 71000 ns, Total: 1992698 ns
[2020-03-27T07:53:27.297+0000][1][safepoint    ] Safepoint "RevokeBias", Time since last: 456500 ns, Reaching safepoint: 79500 ns, At safepoint: 76500 ns, Total: 156000 ns
[2020-03-27T07:53:27.299+0000][1][safepoint    ] Safepoint "RevokeBias", Time since last: 1284499 ns, Reaching safepoint: 37500 ns, At safepoint: 50800 ns, Total: 88300 ns
[2020-03-27T07:53:27.299+0000][1][safepoint    ] Safepoint "RevokeBias", Time since last: 425099 ns, Reaching safepoint: 181300 ns, At safepoint: 172900 ns, Total: 354200 ns
[2020-03-27T07:53:27.300+0000][1][safepoint    ] Safepoint "RevokeBias", Time since last: 325000 ns, Reaching safepoint: 163100 ns, At safepoint: 90000 ns, Total: 253100 ns
[2020-03-27T07:53:27.302+0000][1][safepoint    ] Safepoint "RevokeBias", Time since last: 1576099 ns, Reaching safepoint: 209599 ns, At safepoint: 24400 ns, Total: 233999 ns
[2020-03-27T07:53:27.303+0000][1][safepoint    ] Safepoint "RevokeBias", Time since last: 425100 ns, Reaching safepoint: 237200 ns, At safepoint: 82600 ns, Total: 319800 ns
[2020-03-27T07:53:27.303+0000][1][safepoint    ] Safepoint "RevokeBias", Time since last: 275100 ns, Reaching safepoint: 74200 ns, At safepoint: 35000 ns, Total: 109200 ns
[2020-03-27T07:53:27.442+0000][1][safepoint    ] Safepoint "Deoptimize", Time since last: 139208300 ns, Reaching safepoint: 14500 ns, At safepoint: 177500 ns, Total: 192000 ns
[2020-03-27T07:53:27.453+0000][1][safepoint    ] Safepoint "RevokeBias", Time since last: 11031492 ns, Reaching safepoint: 92300 ns, At safepoint: 21400 ns, Total: 113700 ns
[2020-03-27T07:53:27.465+0000][1][safepoint    ] Safepoint "RevokeBias", Time since last: 10468092 ns, Reaching safepoint: 1033600 ns, At safepoint: 29100 ns, Total: 1062700 ns
[2020-03-27T07:53:27.471+0000][1][safepoint    ] Safepoint "RevokeBias", Time since last: 3612197 ns, Reaching safepoint: 2102199 ns, At safepoint: 26300 ns, Total: 2128499 ns
[2020-03-27T07:53:27.487+0000][1][safepoint    ] Safepoint "RevokeBias", Time since last: 16297188 ns, Reaching safepoint: 90600 ns, At safepoint: 39400 ns, Total: 130000 ns
[2020-03-27T07:53:27.490+0000][1][safepoint    ] Safepoint "RevokeBias", Time since last: 2728998 ns, Reaching safepoint: 82400 ns, At safepoint: 23300 ns, Total: 105700 ns
[2020-03-27T07:53:27.493+0000][1][safepoint    ] Safepoint "RevokeBias", Time since last: 1858598 ns, Reaching safepoint: 1165700 ns, At safepoint: 27900 ns, Total: 1193600 ns
[2020-03-27T07:53:27.497+0000][1][safepoint    ] Safepoint "RevokeBias", Time since last: 2607698 ns, Reaching safepoint: 856699 ns, At safepoint: 23100 ns, Total: 879799 ns
[2020-03-27T07:53:27.509+0000][1][safepoint    ] Safepoint "RevokeBias", Time since last: 12181291 ns, Reaching safepoint: 89800 ns, At safepoint: 25300 ns, Total: 115100 ns
[2020-03-27T07:53:27.513+0000][1][safepoint    ] Safepoint "RevokeBias", Time since last: 1635199 ns, Reaching safepoint: 2043799 ns, At safepoint: 26300 ns, Total: 2070099 ns
[2020-03-27T07:53:27.522+0000][1][safepoint    ] Safepoint "Deoptimize", Time since last: 9494893 ns, Reaching safepoint: 110200 ns, At safepoint: 233700 ns, Total: 343900 ns
[2020-03-27T07:53:27.582+0000][1][safepoint    ] Safepoint "RevokeBias", Time since last: 59127057 ns, Reaching safepoint: 98400 ns, At safepoint: 23500 ns, Total: 121900 ns
[2020-03-27T07:53:27.587+0000][1][safepoint    ] Safepoint "RevokeBias", Time since last: 2487898 ns, Reaching safepoint: 2394099 ns, At safepoint: 21700 ns, Total: 2415799 ns
[2020-03-27T07:53:27.597+0000][1][safepoint    ] Safepoint "RevokeBias", Time since last: 6401295 ns, Reaching safepoint: 3585998 ns, At safepoint: 29700 ns, Total: 3615698 ns
[2020-03-27T07:53:27.633+0000][1][safepoint    ] Safepoint "RevokeBias", Time since last: 30719778 ns, Reaching safepoint: 5274596 ns, At safepoint: 44900 ns, Total: 5319496 ns
[2020-03-27T07:53:27.634+0000][1][safepoint    ] Safepoint "RevokeBias", Time since last: 1473499 ns, Reaching safepoint: 81100 ns, At safepoint: 18000 ns, Total: 99100 ns
[2020-03-27T07:53:27.710+0000][1][gc,start     ] GC(3) Pause Young (Allocation Failure)
[2020-03-27T07:53:27.711+0000][1][gc,task      ] GC(3) Using 2 workers of 2 for evacuation
[2020-03-27T07:53:27.721+0000][1][gc,age       ] GC(3) Desired survivor size 8716288 bytes, new threshold 6 (max threshold 6)
[2020-03-27T07:53:27.721+0000][1][gc,age       ] GC(3) Age table with threshold 6 (max threshold 6)
[2020-03-27T07:53:27.736+0000][1][gc,age       ] GC(3) - age   1:    2303128 bytes,    2303128 total
[2020-03-27T07:53:27.737+0000][1][gc,age       ] GC(3) - age   2:    1674560 bytes,    3977688 total
[2020-03-27T07:53:27.737+0000][1][gc,age       ] GC(3) - age   3:    1596344 bytes,    5574032 total
[2020-03-27T07:53:27.737+0000][1][gc,heap      ] GC(3) ParNew: 141027K->7533K(153344K)
[2020-03-27T07:53:27.738+0000][1][gc,heap      ] GC(3) CMS: 9480K->9480K(353920K)
[2020-03-27T07:53:27.739+0000][1][gc,metaspace ] GC(3) Metaspace: 19355K->19355K(1067008K)
[2020-03-27T07:53:27.739+0000][1][gc           ] GC(3) Pause Young (Allocation Failure) 146M->16M(495M) 28.839ms
[2020-03-27T07:53:27.739+0000][1][gc,cpu       ] GC(3) User=0.02s Sys=0.01s Real=0.03s
[2020-03-27T07:53:27.740+0000][1][safepoint    ] Safepoint "GenCollectForAllocation", Time since last: 74888546 ns, Reaching safepoint: 1279699 ns, At safepoint: 29389879 ns, Total: 30669578 ns
[2020-03-27T07:53:27.740+0000][1][safepoint    ] Safepoint "BulkRevokeBias", Time since last: 391800 ns, Reaching safepoint: 92000 ns, At safepoint: 50500 ns, Total: 142500 ns
[2020-03-27T07:53:27.741+0000][1][safepoint    ] Safepoint "RevokeBias", Time since last: 319300 ns, Reaching safepoint: 81799 ns, At safepoint: 30400 ns, Total: 112199 ns
[2020-03-27T07:53:27.741+0000][1][safepoint    ] Safepoint "RevokeBias", Time since last: 334100 ns, Reaching safepoint: 7900 ns, At safepoint: 14900 ns, Total: 22800 ns
[2020-03-27T07:53:27.741+0000][1][safepoint    ] Safepoint "BulkRevokeBias", Time since last: 298000 ns, Reaching safepoint: 76800 ns, At safepoint: 27400 ns, Total: 104200 ns
[2020-03-27T07:53:27.744+0000][1][safepoint    ] Safepoint "RevokeBias", Time since last: 750199 ns, Reaching safepoint: 2033799 ns, At safepoint: 24900 ns, Total: 2058699 ns
[2020-03-27T07:53:27.822+0000][1][safepoint    ] Safepoint "RevokeBias", Time since last: 77938844 ns, Reaching safepoint: 85800 ns, At safepoint: 25600 ns, Total: 111400 ns
[2020-03-27T07:53:27.834+0000][1][safepoint    ] Safepoint "RevokeBias", Time since last: 8954294 ns, Reaching safepoint: 2256698 ns, At safepoint: 28200 ns, Total: 2284898 ns
[2020-03-27T07:53:27.867+0000][1][safepoint    ] Safepoint "RevokeBias", Time since last: 33605876 ns, Reaching safepoint: 19400 ns, At safepoint: 24800 ns, Total: 44200 ns
[2020-03-27T07:53:27.875+0000][1][safepoint    ] Safepoint "RevokeBias", Time since last: 7447895 ns, Reaching safepoint: 15300 ns, At safepoint: 17900 ns, Total: 33200 ns
[2020-03-27T07:53:27.907+0000][1][safepoint    ] Safepoint "RevokeBias", Time since last: 31860477 ns, Reaching safepoint: 18300 ns, At safepoint: 24300 ns, Total: 42600 ns
[2020-03-27T07:53:27.909+0000][1][safepoint    ] Safepoint "RevokeBias", Time since last: 2688498 ns, Reaching safepoint: 96300 ns, At safepoint: 16800 ns, Total: 113100 ns
[2020-03-27T07:53:27.914+0000][1][safepoint    ] Safepoint "RevokeBias", Time since last: 4093197 ns, Reaching safepoint: 89200 ns, At safepoint: 18700 ns, Total: 107900 ns
[2020-03-27T07:53:27.958+0000][1][safepoint    ] Safepoint "RevokeBias", Time since last: 44673968 ns, Reaching safepoint: 87200 ns, At safepoint: 20700 ns, Total: 107900 ns
[2020-03-27T07:53:27.960+0000][1][safepoint    ] Safepoint "RevokeBias", Time since last: 1541599 ns, Reaching safepoint: 49500 ns, At safepoint: 16900 ns, Total: 66400 ns
[2020-03-27T07:53:27.998+0000][1][safepoint    ] Safepoint "RevokeBias", Time since last: 37539773 ns, Reaching safepoint: 84900 ns, At safepoint: 20200 ns, Total: 105100 ns
[2020-03-27T07:53:28.000+0000][1][safepoint    ] Safepoint "RevokeBias", Time since last: 1961998 ns, Reaching safepoint: 83000 ns, At safepoint: 18100 ns, Total: 101100 ns
[2020-03-27T07:53:28.035+0000][1][gc,start     ] GC(4) Pause Young (Allocation Failure)
[2020-03-27T07:53:28.036+0000][1][gc,task      ] GC(4) Using 2 workers of 2 for evacuation
[2020-03-27T07:53:28.043+0000][1][gc,age       ] GC(4) Desired survivor size 8716288 bytes, new threshold 6 (max threshold 6)
[2020-03-27T07:53:28.044+0000][1][gc,age       ] GC(4) Age table with threshold 6 (max threshold 6)
[2020-03-27T07:53:28.051+0000][1][gc,age       ] GC(4) - age   1:     698624 bytes,     698624 total
[2020-03-27T07:53:28.051+0000][1][gc,age       ] GC(4) - age   2:    2279784 bytes,    2978408 total
[2020-03-27T07:53:28.052+0000][1][gc,age       ] GC(4) - age   3:    1673712 bytes,    4652120 total
[2020-03-27T07:53:28.052+0000][1][gc,age       ] GC(4) - age   4:    1592032 bytes,    6244152 total
[2020-03-27T07:53:28.052+0000][1][gc,heap      ] GC(4) ParNew: 143853K->7536K(153344K)
[2020-03-27T07:53:28.052+0000][1][gc,heap      ] GC(4) CMS: 9480K->9480K(353920K)
[2020-03-27T07:53:28.053+0000][1][gc,metaspace ] GC(4) Metaspace: 19822K->19822K(1067008K)
[2020-03-27T07:53:28.053+0000][1][gc           ] GC(4) Pause Young (Allocation Failure) 149M->16M(495M) 17.865ms
[2020-03-27T07:53:28.053+0000][1][gc,cpu       ] GC(4) User=0.01s Sys=0.00s Real=0.02s
[2020-03-27T07:53:28.054+0000][1][safepoint    ] Safepoint "GenCollectForAllocation", Time since last: 35495775 ns, Reaching safepoint: 17800 ns, At safepoint: 18451287 ns, Total: 18469087 ns
[2020-03-27T07:53:28.142+0000][1][safepoint    ] Safepoint "CollectForMetadataAllocation", Time since last: 87888637 ns, Reaching safepoint: 97900 ns, At safepoint: 42700 ns, Total: 140600 ns
[2020-03-27T07:53:28.181+0000][1][safepoint    ] Safepoint "CollectForMetadataAllocation", Time since last: 37838973 ns, Reaching safepoint: 1015099 ns, At safepoint: 73700 ns, Total: 1088799 ns
[2020-03-27T07:53:28.221+0000][1][safepoint    ] Safepoint "CollectForMetadataAllocation", Time since last: 37158973 ns, Reaching safepoint: 2778098 ns, At safepoint: 82900 ns, Total: 2860998 ns
[2020-03-27T07:53:28.369+0000][1][gc,start     ] GC(5) Pause Young (Allocation Failure)
[2020-03-27T07:53:28.369+0000][1][gc,task      ] GC(5) Using 2 workers of 2 for evacuation
[2020-03-27T07:53:28.377+0000][1][gc,age       ] GC(5) Desired survivor size 8716288 bytes, new threshold 6 (max threshold 6)
[2020-03-27T07:53:28.377+0000][1][gc,age       ] GC(5) Age table with threshold 6 (max threshold 6)
[2020-03-27T07:53:28.384+0000][1][gc,age       ] GC(5) - age   1:    2554840 bytes,    2554840 total
[2020-03-27T07:53:28.385+0000][1][gc,age       ] GC(5) - age   2:     377064 bytes,    2931904 total
[2020-03-27T07:53:28.385+0000][1][gc,age       ] GC(5) - age   3:    2279328 bytes,    5211232 total
[2020-03-27T07:53:28.385+0000][1][gc,age       ] GC(5) - age   4:    1673712 bytes,    6884944 total
[2020-03-27T07:53:28.386+0000][1][gc,age       ] GC(5) - age   5:    1592032 bytes,    8476976 total
[2020-03-27T07:53:28.386+0000][1][gc,heap      ] GC(5) ParNew: 143856K->11658K(153344K)
[2020-03-27T07:53:28.386+0000][1][gc,heap      ] GC(5) CMS: 9480K->9480K(353920K)
[2020-03-27T07:53:28.386+0000][1][gc,metaspace ] GC(5) Metaspace: 20757K->20757K(1069056K)
[2020-03-27T07:53:28.387+0000][1][gc           ] GC(5) Pause Young (Allocation Failure) 149M->20M(495M) 18.069ms
[2020-03-27T07:53:28.387+0000][1][gc,cpu       ] GC(5) User=0.01s Sys=0.00s Real=0.02s
[2020-03-27T07:53:28.387+0000][1][safepoint    ] Safepoint "GenCollectForAllocation", Time since last: 146963095 ns, Reaching safepoint: 966399 ns, At safepoint: 18776887 ns, Total: 19743286 ns
[2020-03-27T07:53:28.388+0000][1][gc,start     ] GC(6) Pause Initial Mark
[2020-03-27T07:53:28.389+0000][1][gc           ] GC(6) Pause Initial Mark 20M->20M(495M) 1.386ms
[2020-03-27T07:53:28.389+0000][1][gc,cpu       ] GC(6) User=0.00s Sys=0.00s Real=0.00s
[2020-03-27T07:53:28.390+0000][1][safepoint    ] Safepoint "CMS_Initial_Mark", Time since last: 310500 ns, Reaching safepoint: 65800 ns, At safepoint: 1894898 ns, Total: 1960698 ns
[2020-03-27T07:53:28.390+0000][1][gc           ] GC(6) Concurrent Mark
[2020-03-27T07:53:28.399+0000][1][gc           ] GC(6) Concurrent Mark 8.970ms
[2020-03-27T07:53:28.401+0000][1][gc,cpu       ] GC(6) User=0.02s Sys=0.00s Real=0.01s
[2020-03-27T07:53:28.404+0000][1][gc           ] GC(6) Concurrent Preclean
[2020-03-27T07:53:28.405+0000][1][gc           ] GC(6) Concurrent Preclean 1.702ms
[2020-03-27T07:53:28.408+0000][1][gc,cpu       ] GC(6) User=0.00s Sys=0.00s Real=0.01s
[2020-03-27T07:53:28.408+0000][1][gc           ] GC(6) Concurrent Abortable Preclean
[2020-03-27T07:53:28.663+0000][1][gc,start     ] GC(7) Pause Young (Allocation Failure)
[2020-03-27T07:53:28.666+0000][1][gc,task      ] GC(7) Using 2 workers of 2 for evacuation
[2020-03-27T07:53:28.672+0000][1][gc,age       ] GC(7) Desired survivor size 8716288 bytes, new threshold 6 (max threshold 6)
[2020-03-27T07:53:28.672+0000][1][gc,age       ] GC(7) Age table with threshold 6 (max threshold 6)
[2020-03-27T07:53:28.674+0000][1][gc,age       ] GC(7) - age   1:     341336 bytes,     341336 total
[2020-03-27T07:53:28.674+0000][1][gc,age       ] GC(7) - age   2:    1012968 bytes,    1354304 total
[2020-03-27T07:53:28.675+0000][1][gc,age       ] GC(7) - age   3:     377064 bytes,    1731368 total
[2020-03-27T07:53:28.675+0000][1][gc,age       ] GC(7) - age   4:    2278992 bytes,    4010360 total
[2020-03-27T07:53:28.675+0000][1][gc,age       ] GC(7) - age   5:    1673712 bytes,    5684072 total
[2020-03-27T07:53:28.676+0000][1][gc,age       ] GC(7) - age   6:    1592032 bytes,    7276104 total
[2020-03-27T07:53:28.676+0000][1][gc,heap      ] GC(7) ParNew: 147978K->11499K(153344K)
[2020-03-27T07:53:28.676+0000][1][gc,heap      ] GC(7) CMS: 9480K->9480K(353920K)
[2020-03-27T07:53:28.676+0000][1][gc,metaspace ] GC(7) Metaspace: 20870K->20870K(1069056K)
[2020-03-27T07:53:28.677+0000][1][gc           ] GC(7) Pause Young (Allocation Failure) 153M->20M(495M) 14.129ms
[2020-03-27T07:53:28.677+0000][1][gc,cpu       ] GC(7) User=0.02s Sys=0.00s Real=0.02s
[2020-03-27T07:53:28.677+0000][1][safepoint    ] Safepoint "GenCollectForAllocation", Time since last: 272873005 ns, Reaching safepoint: 68200 ns, At safepoint: 14604990 ns, Total: 14673190 ns
[2020-03-27T07:53:28.677+0000][1][gc           ] GC(6) Concurrent Abortable Preclean 269.254ms
[2020-03-27T07:53:28.678+0000][1][gc,cpu       ] GC(6) User=0.25s Sys=0.01s Real=0.27s
[2020-03-27T07:53:28.679+0000][1][gc,start     ] GC(6) Pause Remark
[2020-03-27T07:53:28.684+0000][1][gc           ] GC(6) Pause Remark 23M->23M(495M) 4.897ms
[2020-03-27T07:53:28.684+0000][1][gc,cpu       ] GC(6) User=0.00s Sys=0.00s Real=0.00s
[2020-03-27T07:53:28.685+0000][1][safepoint    ] Safepoint "CMS_Final_Remark", Time since last: 1708798 ns, Reaching safepoint: 83400 ns, At safepoint: 5900796 ns, Total: 5984196 ns
[2020-03-27T07:53:28.686+0000][1][gc           ] GC(6) Concurrent Sweep
[2020-03-27T07:53:28.689+0000][1][gc           ] GC(6) Concurrent Sweep 2.390ms
[2020-03-27T07:53:28.689+0000][1][gc,cpu       ] GC(6) User=0.00s Sys=0.00s Real=0.00s
[2020-03-27T07:53:28.690+0000][1][gc           ] GC(6) Concurrent Reset
[2020-03-27T07:53:28.693+0000][1][gc           ] GC(6) Concurrent Reset 3.000ms
[2020-03-27T07:53:28.693+0000][1][gc,cpu       ] GC(6) User=0.00s Sys=0.00s Real=0.00s
[2020-03-27T07:53:28.693+0000][1][gc,heap      ] GC(6) Old: 9480K->9477K(353920K)
[2020-03-27T07:53:28.905+0000][1][gc,start     ] GC(8) Pause Young (Allocation Failure)
[2020-03-27T07:53:28.905+0000][1][gc,task      ] GC(8) Using 2 workers of 2 for evacuation
[2020-03-27T07:53:28.918+0000][1][gc,age       ] GC(8) Desired survivor size 8716288 bytes, new threshold 6 (max threshold 6)
[2020-03-27T07:53:28.918+0000][1][gc,age       ] GC(8) Age table with threshold 6 (max threshold 6)
[2020-03-27T07:53:28.931+0000][1][gc,age       ] GC(8) - age   1:    1756200 bytes,    1756200 total
[2020-03-27T07:53:28.931+0000][1][gc,age       ] GC(8) - age   2:     320848 bytes,    2077048 total
[2020-03-27T07:53:28.931+0000][1][gc,age       ] GC(8) - age   3:    1012720 bytes,    3089768 total
[2020-03-27T07:53:28.932+0000][1][gc,age       ] GC(8) - age   4:     377008 bytes,    3466776 total
[2020-03-27T07:53:28.932+0000][1][gc,age       ] GC(8) - age   5:    2278048 bytes,    5744824 total
[2020-03-27T07:53:28.932+0000][1][gc,age       ] GC(8) - age   6:    1673712 bytes,    7418536 total
[2020-03-27T07:53:28.933+0000][1][gc,heap      ] GC(8) ParNew: 147819K->10868K(153344K)
[2020-03-27T07:53:28.933+0000][1][gc,heap      ] GC(8) CMS: 9477K->11047K(353920K)
[2020-03-27T07:53:28.933+0000][1][gc,metaspace ] GC(8) Metaspace: 21052K->21052K(1069056K)
[2020-03-27T07:53:28.933+0000][1][gc           ] GC(8) Pause Young (Allocation Failure) 153M->21M(495M) 28.597ms
[2020-03-27T07:53:28.934+0000][1][gc,cpu       ] GC(8) User=0.02s Sys=0.00s Real=0.03s
[2020-03-27T07:53:28.934+0000][1][safepoint    ] Safepoint "GenCollectForAllocation", Time since last: 219675110 ns, Reaching safepoint: 337402 ns, At safepoint: 29022694 ns, Total: 29360096 ns
[2020-03-27T07:53:28.999+0000][1][safepoint    ] Safepoint "Deoptimize", Time since last: 64664132 ns, Reaching safepoint: 25100 ns, At safepoint: 169401 ns, Total: 194501 ns
[2020-03-27T07:53:29.644+0000][1][safepoint    ] Safepoint "Deoptimize", Time since last: 645055012 ns, Reaching safepoint: 167801 ns, At safepoint: 186302 ns, Total: 354103 ns
[2020-03-27T07:53:29.652+0000][1][safepoint    ] Safepoint "Deoptimize", Time since last: 7866252 ns, Reaching safepoint: 23300 ns, At safepoint: 176701 ns, Total: 200001 ns
[2020-03-27T07:53:30.442+0000][1][gc,start     ] GC(9) Pause Young (Allocation Failure)
[2020-03-27T07:53:30.444+0000][1][gc,task      ] GC(9) Using 2 workers of 2 for evacuation
[2020-03-27T07:53:30.472+0000][1][gc,age       ] GC(9) Desired survivor size 8716288 bytes, new threshold 1 (max threshold 6)
[2020-03-27T07:53:30.473+0000][1][gc,age       ] GC(9) Age table with threshold 1 (max threshold 6)
[2020-03-27T07:53:30.473+0000][1][gc,age       ] GC(9) - age   1:   10893480 bytes,   10893480 total
[2020-03-27T07:53:30.473+0000][1][gc,age       ] GC(9) - age   2:     357544 bytes,   11251024 total
[2020-03-27T07:53:30.474+0000][1][gc,age       ] GC(9) - age   3:     320496 bytes,   11571520 total
[2020-03-27T07:53:30.474+0000][1][gc,age       ] GC(9) - age   4:    1008976 bytes,   12580496 total
[2020-03-27T07:53:30.474+0000][1][gc,age       ] GC(9) - age   5:     373152 bytes,   12953648 total
[2020-03-27T07:53:30.474+0000][1][gc,age       ] GC(9) - age   6:    2275224 bytes,   15228872 total
[2020-03-27T07:53:30.475+0000][1][gc,heap      ] GC(9) ParNew: 147188K->17024K(153344K)
[2020-03-27T07:53:30.475+0000][1][gc,heap      ] GC(9) CMS: 11047K->12691K(353920K)
[2020-03-27T07:53:30.475+0000][1][gc,metaspace ] GC(9) Metaspace: 28045K->28045K(1075200K)
[2020-03-27T07:53:30.476+0000][1][gc           ] GC(9) Pause Young (Allocation Failure) 154M->29M(495M) 34.202ms
[2020-03-27T07:53:30.476+0000][1][gc,cpu       ] GC(9) User=0.03s Sys=0.00s Real=0.04s
[2020-03-27T07:53:30.476+0000][1][safepoint    ] Safepoint "GenCollectForAllocation", Time since last: 788814973 ns, Reaching safepoint: 645604 ns, At safepoint: 34722232 ns, Total: 35367836 ns
[2020-03-27T07:53:30.975+0000][1][safepoint    ] Safepoint "RevokeBias", Time since last: 498511933 ns, Reaching safepoint: 102500 ns, At safepoint: 22900 ns, Total: 125400 ns
[2020-03-27T07:53:31.373+0000][1][safepoint    ] Safepoint "RevokeBias", Time since last: 397484157 ns, Reaching safepoint: 105201 ns, At safepoint: 30300 ns, Total: 135501 ns
[2020-03-27T07:53:31.399+0000][1][gc,start     ] GC(10) Pause Young (Allocation Failure)
[2020-03-27T07:53:31.399+0000][1][gc,task      ] GC(10) Using 2 workers of 2 for evacuation
[2020-03-27T07:53:31.464+0000][1][gc,age       ] GC(10) Desired survivor size 8716288 bytes, new threshold 1 (max threshold 6)
[2020-03-27T07:53:31.466+0000][1][gc,age       ] GC(10) Age table with threshold 1 (max threshold 6)
[2020-03-27T07:53:31.468+0000][1][gc,age       ] GC(10) - age   1:   16525208 bytes,   16525208 total
[2020-03-27T07:53:31.470+0000][1][gc,heap      ] GC(10) ParNew: 153344K->17024K(153344K)
[2020-03-27T07:53:31.470+0000][1][gc,heap      ] GC(10) CMS: 12691K->29329K(353920K)
[2020-03-27T07:53:31.470+0000][1][gc,metaspace ] GC(10) Metaspace: 28905K->28905K(1077248K)
[2020-03-27T07:53:31.470+0000][1][gc           ] GC(10) Pause Young (Allocation Failure) 162M->45M(495M) 71.810ms
[2020-03-27T07:53:31.471+0000][1][gc,cpu       ] GC(10) User=0.09s Sys=0.00s Real=0.07s
[2020-03-27T07:53:31.471+0000][1][safepoint    ] Safepoint "GenCollectForAllocation", Time since last: 25867973 ns, Reaching safepoint: 99801 ns, At safepoint: 72483084 ns, Total: 72582885 ns
[2020-03-27T07:53:32.038+0000][1][gc,start     ] GC(11) Pause Young (Allocation Failure)
[2020-03-27T07:53:32.038+0000][1][gc,task      ] GC(11) Using 2 workers of 2 for evacuation
[2020-03-27T07:53:32.081+0000][1][gc,age       ] GC(11) Desired survivor size 8716288 bytes, new threshold 6 (max threshold 6)
[2020-03-27T07:53:32.081+0000][1][gc,age       ] GC(11) Age table with threshold 6 (max threshold 6)
[2020-03-27T07:53:32.082+0000][1][gc,age       ] GC(11) - age   1:    1598328 bytes,    1598328 total
[2020-03-27T07:53:32.082+0000][1][gc,heap      ] GC(11) ParNew: 153344K->15344K(153344K)
[2020-03-27T07:53:32.082+0000][1][gc,heap      ] GC(11) CMS: 29329K->46361K(353920K)
[2020-03-27T07:53:32.083+0000][1][gc,metaspace ] GC(11) Metaspace: 33408K->33408K(1081344K)
[2020-03-27T07:53:32.083+0000][1][gc           ] GC(11) Pause Young (Allocation Failure) 178M->60M(495M) 45.290ms
[2020-03-27T07:53:32.083+0000][1][gc,cpu       ] GC(11) User=0.05s Sys=0.00s Real=0.04s
[2020-03-27T07:53:32.083+0000][1][safepoint    ] Safepoint "GenCollectForAllocation", Time since last: 566308786 ns, Reaching safepoint: 129201 ns, At safepoint: 45852106 ns, Total: 45981307 ns
[2020-03-27T07:53:32.331+0000][1][safepoint    ] Safepoint "CollectForMetadataAllocation", Time since last: 247346253 ns, Reaching safepoint: 45101 ns, At safepoint: 66900 ns, Total: 112001 ns
[2020-03-27T07:53:32.370+0000][1][safepoint    ] Safepoint "CollectForMetadataAllocation", Time since last: 38659459 ns, Reaching safepoint: 24300 ns, At safepoint: 69100 ns, Total: 93400 ns
[2020-03-27T07:53:32.414+0000][1][safepoint    ] Safepoint "CollectForMetadataAllocation", Time since last: 43976794 ns, Reaching safepoint: 89201 ns, At safepoint: 42300 ns, Total: 131501 ns
[2020-03-27T07:53:32.440+0000][1][safepoint    ] Safepoint "CollectForMetadataAllocation", Time since last: 22239049 ns, Reaching safepoint: 3578824 ns, At safepoint: 77500 ns, Total: 3656324 ns
[2020-03-27T07:53:32.463+0000][1][safepoint    ] Safepoint "CollectForMetadataAllocation", Time since last: 23293956 ns, Reaching safepoint: 22000 ns, At safepoint: 66300 ns, Total: 88300 ns
[2020-03-27T07:53:32.495+0000][1][safepoint    ] Safepoint "CollectForMetadataAllocation", Time since last: 31530711 ns, Reaching safepoint: 126901 ns, At safepoint: 87201 ns, Total: 214102 ns
[2020-03-27T07:53:32.515+0000][1][safepoint    ] Safepoint "CollectForMetadataAllocation", Time since last: 20203135 ns, Reaching safepoint: 18700 ns, At safepoint: 65100 ns, Total: 83800 ns
[2020-03-27T07:53:32.546+0000][1][safepoint    ] Safepoint "CollectForMetadataAllocation", Time since last: 31235909 ns, Reaching safepoint: 44300 ns, At safepoint: 71601 ns, Total: 115901 ns
[2020-03-27T07:53:32.571+0000][1][safepoint    ] Safepoint "CollectForMetadataAllocation", Time since last: 24414863 ns, Reaching safepoint: 16900 ns, At safepoint: 65500 ns, Total: 82400 ns
[2020-03-27T07:53:32.590+0000][1][safepoint    ] Safepoint "CollectForMetadataAllocation", Time since last: 19301129 ns, Reaching safepoint: 17901 ns, At safepoint: 71100 ns, Total: 89001 ns
[2020-03-27T07:53:32.610+0000][1][safepoint    ] Safepoint "Deoptimize", Time since last: 19411530 ns, Reaching safepoint: 23000 ns, At safepoint: 338902 ns, Total: 361902 ns
[2020-03-27T07:53:32.611+0000][1][safepoint    ] Safepoint "CollectForMetadataAllocation", Time since last: 762205 ns, Reaching safepoint: 12800 ns, At safepoint: 69601 ns, Total: 82401 ns
[2020-03-27T07:53:32.615+0000][1][safepoint    ] Safepoint "Deoptimize", Time since last: 3782025 ns, Reaching safepoint: 16800 ns, At safepoint: 229702 ns, Total: 246502 ns
[2020-03-27T07:53:32.627+0000][1][safepoint    ] Safepoint "CollectForMetadataAllocation", Time since last: 11874879 ns, Reaching safepoint: 20800 ns, At safepoint: 74001 ns, Total: 94801 ns
[2020-03-27T07:53:32.658+0000][1][safepoint    ] Safepoint "Deoptimize", Time since last: 31232009 ns, Reaching safepoint: 26600 ns, At safepoint: 240601 ns, Total: 267201 ns
[2020-03-27T07:53:32.664+0000][1][safepoint    ] Safepoint "RevokeBias", Time since last: 5788339 ns, Reaching safepoint: 19900 ns, At safepoint: 50101 ns, Total: 70001 ns
[2020-03-27T07:53:32.666+0000][1][safepoint    ] Safepoint "CollectForMetadataAllocation", Time since last: 1784911 ns, Reaching safepoint: 28001 ns, At safepoint: 78200 ns, Total: 106201 ns
[2020-03-27T07:53:32.681+0000][1][safepoint    ] Safepoint "RevokeBias", Time since last: 14919200 ns, Reaching safepoint: 22300 ns, At safepoint: 24000 ns, Total: 46300 ns
[2020-03-27T07:53:32.706+0000][1][safepoint    ] Safepoint "CollectForMetadataAllocation", Time since last: 25067068 ns, Reaching safepoint: 97000 ns, At safepoint: 73901 ns, Total: 170901 ns
[2020-03-27T07:53:32.720+0000][1][safepoint    ] Safepoint "CollectForMetadataAllocation", Time since last: 9580264 ns, Reaching safepoint: 3614024 ns, At safepoint: 125301 ns, Total: 3739325 ns
[2020-03-27T07:53:32.750+0000][1][safepoint    ] Safepoint "CollectForMetadataAllocation", Time since last: 30141801 ns, Reaching safepoint: 21901 ns, At safepoint: 88600 ns, Total: 110501 ns
[2020-03-27T07:53:32.764+0000][1][safepoint    ] Safepoint "CollectForMetadataAllocation", Time since last: 13519791 ns, Reaching safepoint: 23800 ns, At safepoint: 160201 ns, Total: 184001 ns
[2020-03-27T07:53:32.789+0000][1][safepoint    ] Safepoint "CollectForMetadataAllocation", Time since last: 25358169 ns, Reaching safepoint: 140901 ns, At safepoint: 80701 ns, Total: 221602 ns
[2020-03-27T07:53:32.805+0000][1][safepoint    ] Safepoint "CollectForMetadataAllocation", Time since last: 15459503 ns, Reaching safepoint: 93101 ns, At safepoint: 188101 ns, Total: 281202 ns
[2020-03-27T07:53:32.818+0000][1][safepoint    ] Safepoint "CollectForMetadataAllocation", Time since last: 12689185 ns, Reaching safepoint: 19400 ns, At safepoint: 75000 ns, Total: 94400 ns
[2020-03-27T07:53:32.837+0000][1][safepoint    ] Safepoint "CollectForMetadataAllocation", Time since last: 19675632 ns, Reaching safepoint: 19200 ns, At safepoint: 71401 ns, Total: 90601 ns
[2020-03-27T07:53:32.853+0000][1][safepoint    ] Safepoint "CollectForMetadataAllocation", Time since last: 14976900 ns, Reaching safepoint: 21100 ns, At safepoint: 98800 ns, Total: 119900 ns
[2020-03-27T07:53:32.876+0000][1][safepoint    ] Safepoint "CollectForMetadataAllocation", Time since last: 23390957 ns, Reaching safepoint: 26200 ns, At safepoint: 85401 ns, Total: 111601 ns
[2020-03-27T07:53:32.890+0000][1][safepoint    ] Safepoint "CollectForMetadataAllocation", Time since last: 13438289 ns, Reaching safepoint: 15500 ns, At safepoint: 74601 ns, Total: 90101 ns
[2020-03-27T07:53:32.922+0000][1][safepoint    ] Safepoint "CollectForMetadataAllocation", Time since last: 32252816 ns, Reaching safepoint: 18200 ns, At safepoint: 72800 ns, Total: 91000 ns
[2020-03-27T07:53:32.963+0000][1][safepoint    ] Safepoint "CollectForMetadataAllocation", Time since last: 40778573 ns, Reaching safepoint: 19200 ns, At safepoint: 64300 ns, Total: 83500 ns
[2020-03-27T07:53:32.997+0000][1][safepoint    ] Safepoint "CollectForMetadataAllocation", Time since last: 33703007 ns, Reaching safepoint: 25000 ns, At safepoint: 74400 ns, Total: 99400 ns
[2020-03-27T07:53:33.028+0000][1][safepoint    ] Safepoint "CollectForMetadataAllocation", Time since last: 31031082 ns, Reaching safepoint: 20800 ns, At safepoint: 69100 ns, Total: 89900 ns
[2020-03-27T07:53:33.064+0000][1][safepoint    ] Safepoint "CollectForMetadataAllocation", Time since last: 36144878 ns, Reaching safepoint: 20300 ns, At safepoint: 69100 ns, Total: 89400 ns
[2020-03-27T07:53:33.093+0000][1][safepoint    ] Safepoint "CollectForMetadataAllocation", Time since last: 28984883 ns, Reaching safepoint: 29100 ns, At safepoint: 74600 ns, Total: 103700 ns
[2020-03-27T07:53:33.110+0000][1][safepoint    ] Safepoint "CollectForMetadataAllocation", Time since last: 16546690 ns, Reaching safepoint: 21200 ns, At safepoint: 68500 ns, Total: 89700 ns
[2020-03-27T07:53:33.136+0000][1][safepoint    ] Safepoint "CollectForMetadataAllocation", Time since last: 25060085 ns, Reaching safepoint: 775600 ns, At safepoint: 74200 ns, Total: 849800 ns
[2020-03-27T07:53:33.171+0000][1][safepoint    ] Safepoint "CollectForMetadataAllocation", Time since last: 33915979 ns, Reaching safepoint: 1580999 ns, At safepoint: 78200 ns, Total: 1659199 ns
[2020-03-27T07:53:33.192+0000][1][safepoint    ] Safepoint "CollectForMetadataAllocation", Time since last: 18166590 ns, Reaching safepoint: 2174998 ns, At safepoint: 76500 ns, Total: 2251498 ns
[2020-03-27T07:53:33.235+0000][1][safepoint    ] Safepoint "CollectForMetadataAllocation", Time since last: 42764075 ns, Reaching safepoint: 88600 ns, At safepoint: 87700 ns, Total: 176300 ns
[2020-03-27T07:53:33.344+0000][1][safepoint    ] Safepoint "CollectForMetadataAllocation", Time since last: 108865835 ns, Reaching safepoint: 583700 ns, At safepoint: 71200 ns, Total: 654900 ns
[2020-03-27T07:53:33.380+0000][1][safepoint    ] Safepoint "CollectForMetadataAllocation", Time since last: 35529279 ns, Reaching safepoint: 95600 ns, At safepoint: 73500 ns, Total: 169100 ns
[2020-03-27T07:53:33.401+0000][1][safepoint    ] Safepoint "CollectForMetadataAllocation", Time since last: 21503387 ns, Reaching safepoint: 102400 ns, At safepoint: 74600 ns, Total: 177000 ns
[2020-03-27T07:53:33.418+0000][1][safepoint    ] Safepoint "CollectForMetadataAllocation", Time since last: 16340390 ns, Reaching safepoint: 90400 ns, At safepoint: 72200 ns, Total: 162600 ns
[2020-03-27T07:53:33.434+0000][1][safepoint    ] Safepoint "Deoptimize", Time since last: 15920290 ns, Reaching safepoint: 94000 ns, At safepoint: 248400 ns, Total: 342400 ns
[2020-03-27T07:53:33.437+0000][1][safepoint    ] Safepoint "Deoptimize", Time since last: 2334599 ns, Reaching safepoint: 62900 ns, At safepoint: 277400 ns, Total: 340300 ns
[2020-03-27T07:53:33.441+0000][1][safepoint    ] Safepoint "CollectForMetadataAllocation", Time since last: 4355897 ns, Reaching safepoint: 65100 ns, At safepoint: 138100 ns, Total: 203200 ns
[2020-03-27T07:53:33.472+0000][1][safepoint    ] Safepoint "CollectForMetadataAllocation", Time since last: 30650882 ns, Reaching safepoint: 113800 ns, At safepoint: 74200 ns, Total: 188000 ns
[2020-03-27T07:53:34.075+0000][1][safepoint    ] Safepoint "CollectForMetadataAllocation", Time since last: 602253442 ns, Reaching safepoint: 86200 ns, At safepoint: 90400 ns, Total: 176600 ns
[2020-03-27T07:53:34.085+0000][1][gc,start     ] GC(12) Pause Initial Mark
[2020-03-27T07:53:34.115+0000][1][gc           ] GC(12) Pause Initial Mark 159M->159M(495M) 27.840ms
[2020-03-27T07:53:34.116+0000][1][gc,cpu       ] GC(12) User=0.02s Sys=0.00s Real=0.04s
[2020-03-27T07:53:34.117+0000][1][safepoint    ] Safepoint "CMS_Initial_Mark", Time since last: 10313994 ns, Reaching safepoint: 31400 ns, At safepoint: 31581681 ns, Total: 31613081 ns
[2020-03-27T07:53:34.121+0000][1][gc           ] GC(12) Concurrent Mark
[2020-03-27T07:53:34.167+0000][1][safepoint    ] Safepoint "CollectForMetadataAllocation", Time since last: 49969270 ns, Reaching safepoint: 35100 ns, At safepoint: 70400 ns, Total: 105500 ns
[2020-03-27T07:53:34.224+0000][1][gc           ] GC(12) Concurrent Mark 103.277ms
[2020-03-27T07:53:34.229+0000][1][gc,cpu       ] GC(12) User=0.09s Sys=0.01s Real=0.10s
[2020-03-27T07:53:34.229+0000][1][gc           ] GC(12) Concurrent Preclean
[2020-03-27T07:53:34.234+0000][1][gc           ] GC(12) Concurrent Preclean 4.811ms
[2020-03-27T07:53:34.244+0000][1][gc,cpu       ] GC(12) User=0.01s Sys=0.00s Real=0.02s
[2020-03-27T07:53:34.237+0000][1][safepoint    ] Safepoint "Deoptimize", Time since last: 69707559 ns, Reaching safepoint: 131000 ns, At safepoint: 251100 ns, Total: 382100 ns
[2020-03-27T07:53:34.254+0000][1][gc           ] GC(12) Concurrent Abortable Preclean
[2020-03-27T07:53:34.410+0000][1][safepoint    ] Safepoint "CollectForMetadataAllocation", Time since last: 172279797 ns, Reaching safepoint: 1124100 ns, At safepoint: 73100 ns, Total: 1197200 ns
[2020-03-27T07:53:34.489+0000][1][safepoint    ] Safepoint "CollectForMetadataAllocation", Time since last: 77110154 ns, Reaching safepoint: 1096199 ns, At safepoint: 99700 ns, Total: 1195899 ns
[2020-03-27T07:53:34.561+0000][1][safepoint    ] Safepoint "CollectForMetadataAllocation", Time since last: 71224758 ns, Reaching safepoint: 737799 ns, At safepoint: 76400 ns, Total: 814199 ns
[2020-03-27T07:53:34.615+0000][1][safepoint    ] Safepoint "CollectForMetadataAllocation", Time since last: 54378268 ns, Reaching safepoint: 88400 ns, At safepoint: 88100 ns, Total: 176500 ns
[2020-03-27T07:53:34.697+0000][1][safepoint    ] Safepoint "Deoptimize", Time since last: 81614351 ns, Reaching safepoint: 101500 ns, At safepoint: 310600 ns, Total: 412100 ns
[2020-03-27T07:53:34.727+0000][1][safepoint    ] Safepoint "CollectForMetadataAllocation", Time since last: 29311283 ns, Reaching safepoint: 27400 ns, At safepoint: 59200 ns, Total: 86600 ns
[2020-03-27T07:53:34.787+0000][1][safepoint    ] Safepoint "RevokeBias", Time since last: 60309464 ns, Reaching safepoint: 33600 ns, At safepoint: 28400 ns, Total: 62000 ns
[2020-03-27T07:53:34.795+0000][1][safepoint    ] Safepoint "RevokeBias", Time since last: 8336595 ns, Reaching safepoint: 26900 ns, At safepoint: 20300 ns, Total: 47200 ns
[2020-03-27T07:53:34.802+0000][1][safepoint    ] Safepoint "CollectForMetadataAllocation", Time since last: 6897396 ns, Reaching safepoint: 28500 ns, At safepoint: 77600 ns, Total: 106100 ns
[2020-03-27T07:53:34.851+0000][1][safepoint    ] Safepoint "CollectForMetadataAllocation", Time since last: 48584971 ns, Reaching safepoint: 21300 ns, At safepoint: 72200 ns, Total: 93500 ns
[2020-03-27T07:53:34.878+0000][1][gc,start     ] GC(13) Pause Young (Allocation Failure)
[2020-03-27T07:53:34.879+0000][1][gc,task      ] GC(13) Using 2 workers of 2 for evacuation
[2020-03-27T07:53:34.903+0000][1][gc,age       ] GC(13) Desired survivor size 8716288 bytes, new threshold 2 (max threshold 6)
[2020-03-27T07:53:34.903+0000][1][gc,age       ] GC(13) Age table with threshold 2 (max threshold 6)
[2020-03-27T07:53:34.904+0000][1][gc,age       ] GC(13) - age   1:    8191440 bytes,    8191440 total
[2020-03-27T07:53:34.904+0000][1][gc,age       ] GC(13) - age   2:    1518800 bytes,    9710240 total
[2020-03-27T07:53:34.904+0000][1][gc,heap      ] GC(13) ParNew: 151664K->12393K(153344K)
[2020-03-27T07:53:34.905+0000][1][gc,heap      ] GC(13) CMS: 46361K->46361K(353920K)
[2020-03-27T07:53:34.905+0000][1][gc,metaspace ] GC(13) Metaspace: 48935K->48935K(1095680K)
[2020-03-27T07:53:34.905+0000][1][gc           ] GC(13) Pause Young (Allocation Failure) 193M->57M(495M) 27.224ms
[2020-03-27T07:53:34.905+0000][1][gc,cpu       ] GC(13) User=0.03s Sys=0.00s Real=0.02s
[2020-03-27T07:53:34.906+0000][1][safepoint    ] Safepoint "GenCollectForAllocation", Time since last: 26828684 ns, Reaching safepoint: 23600 ns, At safepoint: 27781183 ns, Total: 27804783 ns
[2020-03-27T07:53:34.917+0000][1][safepoint    ] Safepoint "RevokeBias", Time since last: 11694293 ns, Reaching safepoint: 34700 ns, At safepoint: 31500 ns, Total: 66200 ns
[2020-03-27T07:53:34.919+0000][1][safepoint    ] Safepoint "RevokeBias", Time since last: 529300 ns, Reaching safepoint: 788900 ns, At safepoint: 25300 ns, Total: 814200 ns
[2020-03-27T07:53:34.921+0000][1][safepoint    ] Safepoint "RevokeBias", Time since last: 1758799 ns, Reaching safepoint: 742299 ns, At safepoint: 23300 ns, Total: 765599 ns
[2020-03-27T07:53:34.922+0000][1][safepoint    ] Safepoint "RevokeBias", Time since last: 425600 ns, Reaching safepoint: 19500 ns, At safepoint: 18800 ns, Total: 38300 ns
[2020-03-27T07:53:34.924+0000][1][safepoint    ] Safepoint "RevokeBias", Time since last: 1842699 ns, Reaching safepoint: 22700 ns, At safepoint: 25200 ns, Total: 47900 ns
[2020-03-27T07:53:34.924+0000][1][safepoint    ] Safepoint "RevokeBias", Time since last: 351599 ns, Reaching safepoint: 31300 ns, At safepoint: 37500 ns, Total: 68800 ns
[2020-03-27T07:53:34.928+0000][1][safepoint    ] Safepoint "RevokeBias", Time since last: 391700 ns, Reaching safepoint: 3020398 ns, At safepoint: 51800 ns, Total: 3072198 ns
[2020-03-27T07:53:34.937+0000][1][safepoint    ] Safepoint "RevokeBias", Time since last: 2989099 ns, Reaching safepoint: 6286896 ns, At safepoint: 27500 ns, Total: 6314396 ns
[2020-03-27T07:53:34.939+0000][1][safepoint    ] Safepoint "RevokeBias", Time since last: 2547298 ns, Reaching safepoint: 26100 ns, At safepoint: 5800 ns, Total: 31900 ns
[2020-03-27T07:53:34.942+0000][1][safepoint    ] Safepoint "RevokeBias", Time since last: 550300 ns, Reaching safepoint: 2014899 ns, At safepoint: 25400 ns, Total: 2040299 ns
[2020-03-27T07:53:34.956+0000][1][safepoint    ] Safepoint "CollectForMetadataAllocation", Time since last: 12573392 ns, Reaching safepoint: 1252300 ns, At safepoint: 48400 ns, Total: 1300700 ns
[2020-03-27T07:53:35.044+0000][1][safepoint    ] Safepoint "CollectForMetadataAllocation", Time since last: 87695547 ns, Reaching safepoint: 28800 ns, At safepoint: 71700 ns, Total: 100500 ns
[2020-03-27T07:53:35.113+0000][1][safepoint    ] Safepoint "CollectForMetadataAllocation", Time since last: 68776560 ns, Reaching safepoint: 48700 ns, At safepoint: 76200 ns, Total: 124900 ns
[2020-03-27T07:53:35.165+0000][1][safepoint    ] Safepoint "CollectForMetadataAllocation", Time since last: 48631071 ns, Reaching safepoint: 3183298 ns, At safepoint: 119500 ns, Total: 3302798 ns
[2020-03-27T07:53:35.166+0000][1][safepoint    ] Safepoint "RevokeBias", Time since last: 808199 ns, Reaching safepoint: 290400 ns, At safepoint: 19700 ns, Total: 310100 ns
[2020-03-27T07:53:35.166+0000][1][safepoint    ] Safepoint "RevokeBias", Time since last: 479800 ns, Reaching safepoint: 186000 ns, At safepoint: 19400 ns, Total: 205400 ns
[2020-03-27T07:53:35.167+0000][1][safepoint    ] Safepoint "RevokeBias", Time since last: 376399 ns, Reaching safepoint: 73000 ns, At safepoint: 19300 ns, Total: 92300 ns
[2020-03-27T07:53:35.228+0000][1][safepoint    ] Safepoint "CollectForMetadataAllocation", Time since last: 60647064 ns, Reaching safepoint: 32500 ns, At safepoint: 77600 ns, Total: 110100 ns
[2020-03-27T07:53:35.284+0000][1][safepoint    ] Safepoint "RevokeBias", Time since last: 56127067 ns, Reaching safepoint: 56500 ns, At safepoint: 27600 ns, Total: 84100 ns
[2020-03-27T07:53:35.289+0000][1][safepoint    ] Safepoint "RevokeBias", Time since last: 4757297 ns, Reaching safepoint: 30700 ns, At safepoint: 25500 ns, Total: 56200 ns
[2020-03-27T07:53:35.294+0000][1][safepoint    ] Safepoint "RevokeBias", Time since last: 4947497 ns, Reaching safepoint: 35500 ns, At safepoint: 101500 ns, Total: 137000 ns
[2020-03-27T07:53:35.296+0000][1][safepoint    ] Safepoint "RevokeBias", Time since last: 2498198 ns, Reaching safepoint: 31800 ns, At safepoint: 30900 ns, Total: 62700 ns
[2020-03-27T07:53:35.297+0000][1][safepoint    ] Safepoint "RevokeBias", Time since last: 1154000 ns, Reaching safepoint: 18900 ns, At safepoint: 20900 ns, Total: 39800 ns
[2020-03-27T07:53:35.303+0000][1][safepoint    ] Safepoint "RevokeBias", Time since last: 3277298 ns, Reaching safepoint: 1846599 ns, At safepoint: 21500 ns, Total: 1868099 ns
[2020-03-27T07:53:35.305+0000][1][safepoint    ] Safepoint "RevokeBias", Time since last: 716299 ns, Reaching safepoint: 1253800 ns, At safepoint: 27599 ns, Total: 1281399 ns
[2020-03-27T07:53:35.306+0000][1][safepoint    ] Safepoint "RevokeBias", Time since last: 1841999 ns, Reaching safepoint: 24800 ns, At safepoint: 21600 ns, Total: 46400 ns
[2020-03-27T07:53:35.310+0000][1][safepoint    ] Safepoint "RevokeBias", Time since last: 542600 ns, Reaching safepoint: 2497799 ns, At safepoint: 34000 ns, Total: 2531799 ns
[2020-03-27T07:53:35.311+0000][1][safepoint    ] Safepoint "RevokeBias", Time since last: 604299 ns, Reaching safepoint: 720000 ns, At safepoint: 23700 ns, Total: 743700 ns
[2020-03-27T07:53:35.312+0000][1][safepoint    ] Safepoint "RevokeBias", Time since last: 466799 ns, Reaching safepoint: 207600 ns, At safepoint: 30000 ns, Total: 237600 ns
[2020-03-27T07:53:35.313+0000][1][safepoint    ] Safepoint "RevokeBias", Time since last: 517700 ns, Reaching safepoint: 434500 ns, At safepoint: 14500 ns, Total: 449000 ns
[2020-03-27T07:53:35.315+0000][1][safepoint    ] Safepoint "RevokeBias", Time since last: 646499 ns, Reaching safepoint: 1342500 ns, At safepoint: 21100 ns, Total: 1363600 ns
[2020-03-27T07:53:35.315+0000][1][safepoint    ] Safepoint "RevokeBias", Time since last: 483099 ns, Reaching safepoint: 23200 ns, At safepoint: 21500 ns, Total: 44700 ns
[2020-03-27T07:53:35.317+0000][1][safepoint    ] Safepoint "RevokeBias", Time since last: 491200 ns, Reaching safepoint: 960199 ns, At safepoint: 21700 ns, Total: 981899 ns
[2020-03-27T07:53:35.319+0000][1][safepoint    ] Safepoint "RevokeBias", Time since last: 436200 ns, Reaching safepoint: 1542299 ns, At safepoint: 22800 ns, Total: 1565099 ns
[2020-03-27T07:53:35.319+0000][1][safepoint    ] Safepoint "RevokeBias", Time since last: 641400 ns, Reaching safepoint: 208600 ns, At safepoint: 19400 ns, Total: 228000 ns
[2020-03-27T07:53:35.320+0000][1][safepoint    ] Safepoint "RevokeBias", Time since last: 394299 ns, Reaching safepoint: 16900 ns, At safepoint: 18300 ns, Total: 35200 ns
[2020-03-27T07:53:35.323+0000][1][safepoint    ] Safepoint "RevokeBias", Time since last: 731100 ns, Reaching safepoint: 1949899 ns, At safepoint: 20200 ns, Total: 1970099 ns
[2020-03-27T07:53:35.324+0000][1][safepoint    ] Safepoint "RevokeBias", Time since last: 611699 ns, Reaching safepoint: 571500 ns, At safepoint: 15200 ns, Total: 586700 ns
[2020-03-27T07:53:35.325+0000][1][safepoint    ] Safepoint "RevokeBias", Time since last: 1013899 ns, Reaching safepoint: 19200 ns, At safepoint: 16600 ns, Total: 35800 ns
[2020-03-27T07:53:35.329+0000][1][safepoint    ] Safepoint "RevokeBias", Time since last: 298600 ns, Reaching safepoint: 3424198 ns, At safepoint: 32500 ns, Total: 3456698 ns
[2020-03-27T07:53:35.329+0000][1][safepoint    ] Safepoint "RevokeBias", Time since last: 453700 ns, Reaching safepoint: 88500 ns, At safepoint: 23300 ns, Total: 111800 ns
[2020-03-27T07:53:35.330+0000][1][safepoint    ] Safepoint "RevokeBias", Time since last: 521400 ns, Reaching safepoint: 31300 ns, At safepoint: 18600 ns, Total: 49900 ns
[2020-03-27T07:53:35.331+0000][1][safepoint    ] Safepoint "RevokeBias", Time since last: 318099 ns, Reaching safepoint: 1462700 ns, At safepoint: 22500 ns, Total: 1485200 ns
[2020-03-27T07:53:35.332+0000][1][safepoint    ] Safepoint "RevokeBias", Time since last: 609999 ns, Reaching safepoint: 224700 ns, At safepoint: 19000 ns, Total: 243700 ns
[2020-03-27T07:53:35.334+0000][1][safepoint    ] Safepoint "BulkRevokeBias", Time since last: 357400 ns, Reaching safepoint: 820999 ns, At safepoint: 62200 ns, Total: 883199 ns
[2020-03-27T07:53:35.335+0000][1][safepoint    ] Safepoint "RevokeBias", Time since last: 577900 ns, Reaching safepoint: 361500 ns, At safepoint: 24600 ns, Total: 386100 ns
[2020-03-27T07:53:35.336+0000][1][safepoint    ] Safepoint "RevokeBias", Time since last: 465599 ns, Reaching safepoint: 511400 ns, At safepoint: 22700 ns, Total: 534100 ns
[2020-03-27T07:53:35.336+0000][1][safepoint    ] Safepoint "RevokeBias", Time since last: 349400 ns, Reaching safepoint: 17000 ns, At safepoint: 13600 ns, Total: 30600 ns
[2020-03-27T07:53:35.338+0000][1][safepoint    ] Safepoint "RevokeBias", Time since last: 810599 ns, Reaching safepoint: 780800 ns, At safepoint: 11900 ns, Total: 792700 ns
[2020-03-27T07:53:35.339+0000][1][safepoint    ] Safepoint "RevokeBias", Time since last: 454400 ns, Reaching safepoint: 1408399 ns, At safepoint: 10000 ns, Total: 1418399 ns
[2020-03-27T07:53:35.342+0000][1][safepoint    ] Safepoint "RevokeBias", Time since last: 1303299 ns, Reaching safepoint: 817900 ns, At safepoint: 29400 ns, Total: 847300 ns
[2020-03-27T07:53:35.343+0000][1][safepoint    ] Safepoint "RevokeBias", Time since last: 570299 ns, Reaching safepoint: 394700 ns, At safepoint: 22800 ns, Total: 417500 ns
[2020-03-27T07:53:35.344+0000][1][safepoint    ] Safepoint "RevokeBias", Time since last: 496200 ns, Reaching safepoint: 480199 ns, At safepoint: 16300 ns, Total: 496499 ns
[2020-03-27T07:53:35.345+0000][1][safepoint    ] Safepoint "RevokeBias", Time since last: 809000 ns, Reaching safepoint: 555800 ns, At safepoint: 22400 ns, Total: 578200 ns
[2020-03-27T07:53:35.345+0000][1][safepoint    ] Safepoint "RevokeBias", Time since last: 434999 ns, Reaching safepoint: 19400 ns, At safepoint: 15900 ns, Total: 35300 ns
[2020-03-27T07:53:35.349+0000][1][safepoint    ] Safepoint "RevokeBias", Time since last: 1287099 ns, Reaching safepoint: 1851999 ns, At safepoint: 29100 ns, Total: 1881099 ns
[2020-03-27T07:53:35.351+0000][1][safepoint    ] Safepoint "RevokeBias", Time since last: 537200 ns, Reaching safepoint: 1429199 ns, At safepoint: 21200 ns, Total: 1450399 ns
[2020-03-27T07:53:35.351+0000][1][safepoint    ] Safepoint "RevokeBias", Time since last: 547800 ns, Reaching safepoint: 87100 ns, At safepoint: 15400 ns, Total: 102500 ns
[2020-03-27T07:53:35.353+0000][1][safepoint    ] Safepoint "RevokeBias", Time since last: 340100 ns, Reaching safepoint: 1611399 ns, At safepoint: 17800 ns, Total: 1629199 ns
[2020-03-27T07:53:35.354+0000][1][safepoint    ] Safepoint "RevokeBias", Time since last: 608699 ns, Reaching safepoint: 88700 ns, At safepoint: 13600 ns, Total: 102300 ns
[2020-03-27T07:53:35.354+0000][1][safepoint    ] Safepoint "RevokeBias", Time since last: 406700 ns, Reaching safepoint: 86800 ns, At safepoint: 12500 ns, Total: 99300 ns
[2020-03-27T07:53:35.356+0000][1][safepoint    ] Safepoint "RevokeBias", Time since last: 538400 ns, Reaching safepoint: 597399 ns, At safepoint: 17200 ns, Total: 614599 ns
[2020-03-27T07:53:35.358+0000][1][safepoint    ] Safepoint "RevokeBias", Time since last: 416200 ns, Reaching safepoint: 1571299 ns, At safepoint: 35900 ns, Total: 1607199 ns
[2020-03-27T07:53:35.358+0000][1][safepoint    ] Safepoint "RevokeBias", Time since last: 484100 ns, Reaching safepoint: 110200 ns, At safepoint: 67500 ns, Total: 177700 ns
[2020-03-27T07:53:35.360+0000][1][safepoint    ] Safepoint "RevokeBias", Time since last: 528399 ns, Reaching safepoint: 771600 ns, At safepoint: 22300 ns, Total: 793900 ns
[2020-03-27T07:53:35.361+0000][1][safepoint    ] Safepoint "RevokeBias", Time since last: 634799 ns, Reaching safepoint: 1250900 ns, At safepoint: 23900 ns, Total: 1274800 ns
[2020-03-27T07:53:35.362+0000][1][safepoint    ] Safepoint "RevokeBias", Time since last: 403899 ns, Reaching safepoint: 89600 ns, At safepoint: 29500 ns, Total: 119100 ns
[2020-03-27T07:53:35.362+0000][1][safepoint    ] Safepoint "RevokeBias", Time since last: 394500 ns, Reaching safepoint: 17100 ns, At safepoint: 19800 ns, Total: 36900 ns
[2020-03-27T07:53:35.363+0000][1][safepoint    ] Safepoint "RevokeBias", Time since last: 398800 ns, Reaching safepoint: 171400 ns, At safepoint: 19300 ns, Total: 190700 ns
[2020-03-27T07:53:35.372+0000][1][safepoint    ] Safepoint "RevokeBias", Time since last: 9354594 ns, Reaching safepoint: 34100 ns, At safepoint: 22000 ns, Total: 56100 ns
[2020-03-27T07:53:35.378+0000][1][safepoint    ] Safepoint "BulkRevokeBias", Time since last: 5105097 ns, Reaching safepoint: 37200 ns, At safepoint: 66700 ns, Total: 103900 ns
[2020-03-27T07:53:35.378+0000][1][safepoint    ] Safepoint "RevokeBias", Time since last: 580800 ns, Reaching safepoint: 17400 ns, At safepoint: 15800 ns, Total: 33200 ns
[2020-03-27T07:53:35.379+0000][1][safepoint    ] Safepoint "RevokeBias", Time since last: 362100 ns, Reaching safepoint: 22700 ns, At safepoint: 11200 ns, Total: 33900 ns
[2020-03-27T07:53:35.382+0000][1][safepoint    ] Safepoint "RevokeBias", Time since last: 2884898 ns, Reaching safepoint: 29000 ns, At safepoint: 17300 ns, Total: 46300 ns
[2020-03-27T07:53:35.384+0000][1][safepoint    ] Safepoint "RevokeBias", Time since last: 424300 ns, Reaching safepoint: 1549799 ns, At safepoint: 26200 ns, Total: 1575999 ns
[2020-03-27T07:53:35.387+0000][1][safepoint    ] Safepoint "RevokeBias", Time since last: 3221798 ns, Reaching safepoint: 38300 ns, At safepoint: 28300 ns, Total: 66600 ns
[2020-03-27T07:53:35.387+0000][1][safepoint    ] Safepoint "RevokeBias", Time since last: 469499 ns, Reaching safepoint: 18700 ns, At safepoint: 15300 ns, Total: 34000 ns
[2020-03-27T07:53:35.390+0000][1][safepoint    ] Safepoint "RevokeBias", Time since last: 2260099 ns, Reaching safepoint: 311900 ns, At safepoint: 30300 ns, Total: 342200 ns
[2020-03-27T07:53:35.397+0000][1][safepoint    ] Safepoint "CollectForMetadataAllocation", Time since last: 7048796 ns, Reaching safepoint: 30800 ns, At safepoint: 90500 ns, Total: 121300 ns
[2020-03-27T07:53:35.400+0000][1][safepoint    ] Safepoint "RevokeBias", Time since last: 2952798 ns, Reaching safepoint: 30300 ns, At safepoint: 25200 ns, Total: 55500 ns
[2020-03-27T07:53:35.405+0000][1][safepoint    ] Safepoint "RevokeBias", Time since last: 4024697 ns, Reaching safepoint: 1136200 ns, At safepoint: 23200 ns, Total: 1159400 ns
[2020-03-27T07:53:35.408+0000][1][safepoint    ] Safepoint "RevokeBias", Time since last: 509899 ns, Reaching safepoint: 1701999 ns, At safepoint: 28500 ns, Total: 1730499 ns
[2020-03-27T07:53:35.411+0000][1][safepoint    ] Safepoint "RevokeBias", Time since last: 1837299 ns, Reaching safepoint: 1135500 ns, At safepoint: 22600 ns, Total: 1158100 ns
[2020-03-27T07:53:35.415+0000][1][safepoint    ] Safepoint "RevokeBias", Time since last: 4787097 ns, Reaching safepoint: 33300 ns, At safepoint: 21400 ns, Total: 54700 ns
[2020-03-27T07:53:35.418+0000][1][safepoint    ] Safepoint "RevokeBias", Time since last: 2507498 ns, Reaching safepoint: 29800 ns, At safepoint: 19500 ns, Total: 49300 ns
[2020-03-27T07:53:35.421+0000][1][safepoint    ] Safepoint "BulkRevokeBias", Time since last: 3382898 ns, Reaching safepoint: 34500 ns, At safepoint: 57400 ns, Total: 91900 ns
[2020-03-27T07:53:35.422+0000][1][safepoint    ] Safepoint "RevokeBias", Time since last: 454600 ns, Reaching safepoint: 17100 ns, At safepoint: 16200 ns, Total: 33300 ns
[2020-03-27T07:53:35.422+0000][1][safepoint    ] Safepoint "RevokeBias", Time since last: 369000 ns, Reaching safepoint: 12900 ns, At safepoint: 10400 ns, Total: 23300 ns
[2020-03-27T07:53:35.425+0000][1][safepoint    ] Safepoint "RevokeBias", Time since last: 2384198 ns, Reaching safepoint: 21600 ns, At safepoint: 13400 ns, Total: 35000 ns
[2020-03-27T07:53:35.429+0000][1][safepoint    ] Safepoint "Deoptimize", Time since last: 3804998 ns, Reaching safepoint: 26300 ns, At safepoint: 360000 ns, Total: 386300 ns
[2020-03-27T07:53:35.441+0000][1][safepoint    ] Safepoint "RevokeBias", Time since last: 4552097 ns, Reaching safepoint: 7664895 ns, At safepoint: 29300 ns, Total: 7694195 ns
[2020-03-27T07:53:35.442+0000][1][safepoint    ] Safepoint "RevokeBias", Time since last: 518700 ns, Reaching safepoint: 22300 ns, At safepoint: 21100 ns, Total: 43400 ns
[2020-03-27T07:53:35.446+0000][1][safepoint    ] Safepoint "RevokeBias", Time since last: 4305097 ns, Reaching safepoint: 36100 ns, At safepoint: 26900 ns, Total: 63000 ns
[2020-03-27T07:53:35.449+0000][1][safepoint    ] Safepoint "RevokeBias", Time since last: 2452299 ns, Reaching safepoint: 30400 ns, At safepoint: 27800 ns, Total: 58200 ns
[2020-03-27T07:53:35.456+0000][1][safepoint    ] Safepoint "RevokeBias", Time since last: 5909596 ns, Reaching safepoint: 1293200 ns, At safepoint: 27100 ns, Total: 1320300 ns
[2020-03-27T07:53:35.489+0000][1][safepoint    ] Safepoint "CollectForMetadataAllocation", Time since last: 32683180 ns, Reaching safepoint: 39200 ns, At safepoint: 77600 ns, Total: 116800 ns
[2020-03-27T07:53:35.510+0000][1][safepoint    ] Safepoint "RevokeBias", Time since last: 20882688 ns, Reaching safepoint: 39800 ns, At safepoint: 7600 ns, Total: 47400 ns
[2020-03-27T07:53:35.510+0000][1][safepoint    ] Safepoint "RevokeBias", Time since last: 618499 ns, Reaching safepoint: 20600 ns, At safepoint: 4600 ns, Total: 25200 ns
[2020-03-27T07:53:35.511+0000][1][safepoint    ] Safepoint "RevokeBias", Time since last: 626100 ns, Reaching safepoint: 15700 ns, At safepoint: 3800 ns, Total: 19500 ns
[2020-03-27T07:53:35.593+0000][1][safepoint    ] Safepoint "CollectForMetadataAllocation", Time since last: 81663051 ns, Reaching safepoint: 39800 ns, At safepoint: 45300 ns, Total: 85100 ns
[2020-03-27T07:53:35.663+0000][1][safepoint    ] Safepoint "CollectForMetadataAllocation", Time since last: 69912259 ns, Reaching safepoint: 36700 ns, At safepoint: 47600 ns, Total: 84300 ns
[2020-03-27T07:53:35.726+0000][1][safepoint    ] Safepoint "CollectForMetadataAllocation", Time since last: 60926364 ns, Reaching safepoint: 2022098 ns, At safepoint: 71600 ns, Total: 2093698 ns
[2020-03-27T07:53:35.788+0000][1][safepoint    ] Safepoint "CollectForMetadataAllocation", Time since last: 62106464 ns, Reaching safepoint: 32800 ns, At safepoint: 73499 ns, Total: 106299 ns
[2020-03-27T07:53:35.851+0000][1][safepoint    ] Safepoint "CollectForMetadataAllocation", Time since last: 60368865 ns, Reaching safepoint: 2345098 ns, At safepoint: 61200 ns, Total: 2406298 ns
[2020-03-27T07:53:35.887+0000][1][gc           ] GC(12) Concurrent Abortable Preclean 1633.101ms
[2020-03-27T07:53:35.891+0000][1][gc,cpu       ] GC(12) User=1.47s Sys=0.03s Real=1.64s
[2020-03-27T07:53:35.893+0000][1][gc,start     ] GC(12) Pause Remark
[2020-03-27T07:53:35.918+0000][1][gc           ] GC(12) Pause Remark 127M->127M(495M) 25.269ms
[2020-03-27T07:53:35.919+0000][1][gc,cpu       ] GC(12) User=0.03s Sys=0.00s Real=0.03s
[2020-03-27T07:53:35.919+0000][1][safepoint    ] Safepoint "CMS_Final_Remark", Time since last: 41920175 ns, Reaching safepoint: 339900 ns, At safepoint: 26222085 ns, Total: 26561985 ns
[2020-03-27T07:53:35.919+0000][1][gc           ] GC(12) Concurrent Sweep
[2020-03-27T07:53:35.930+0000][1][safepoint    ] Safepoint "CollectForMetadataAllocation", Time since last: 9282594 ns, Reaching safepoint: 1186699 ns, At safepoint: 44800 ns, Total: 1231499 ns
[2020-03-27T07:53:35.943+0000][1][gc           ] GC(12) Concurrent Sweep 23.259ms
[2020-03-27T07:53:35.944+0000][1][gc,cpu       ] GC(12) User=0.02s Sys=0.00s Real=0.02s
[2020-03-27T07:53:35.944+0000][1][gc           ] GC(12) Concurrent Reset
[2020-03-27T07:53:35.945+0000][1][gc           ] GC(12) Concurrent Reset 1.233ms
[2020-03-27T07:53:35.947+0000][1][gc,cpu       ] GC(12) User=0.01s Sys=0.00s Real=0.01s
[2020-03-27T07:53:35.948+0000][1][gc,heap      ] GC(12) Old: 46361K->46158K(353920K)
[2020-03-27T07:53:36.155+0000][1][safepoint    ] Safepoint "RevokeBias", Time since last: 225146167 ns, Reaching safepoint: 390499 ns, At safepoint: 30000 ns, Total: 420499 ns
[2020-03-27T07:53:36.713+0000][1][gc,start     ] GC(14) Pause Young (Allocation Failure)
[2020-03-27T07:53:36.714+0000][1][gc,task      ] GC(14) Using 2 workers of 2 for evacuation
[2020-03-27T07:53:36.744+0000][1][gc,age       ] GC(14) Desired survivor size 8716288 bytes, new threshold 2 (max threshold 6)
[2020-03-27T07:53:36.745+0000][1][gc,age       ] GC(14) Age table with threshold 2 (max threshold 6)
[2020-03-27T07:53:36.745+0000][1][gc,age       ] GC(14) - age   1:    2531464 bytes,    2531464 total
[2020-03-27T07:53:36.746+0000][1][gc,age       ] GC(14) - age   2:    7977856 bytes,   10509320 total
[2020-03-27T07:53:36.746+0000][1][gc,heap      ] GC(14) ParNew: 148713K->16278K(153344K)
[2020-03-27T07:53:36.746+0000][1][gc,heap      ] GC(14) CMS: 46158K->47653K(353920K)
[2020-03-27T07:53:36.747+0000][1][gc,metaspace ] GC(14) Metaspace: 60536K->60536K(1105920K)
[2020-03-27T07:53:36.747+0000][1][gc           ] GC(14) Pause Young (Allocation Failure) 190M->62M(495M) 34.354ms
[2020-03-27T07:53:36.748+0000][1][gc,cpu       ] GC(14) User=0.02s Sys=0.00s Real=0.04s
[2020-03-27T07:53:36.748+0000][1][safepoint    ] Safepoint "GenCollectForAllocation", Time since last: 557384269 ns, Reaching safepoint: 336500 ns, At safepoint: 35095179 ns, Total: 35431679 ns
[2020-03-27T07:53:36.749+0000][1][safepoint    ] Safepoint "RevokeBias", Time since last: 810900 ns, Reaching safepoint: 129100 ns, At safepoint: 11700 ns, Total: 140800 ns
[2020-03-27T07:53:36.750+0000][1][safepoint    ] Safepoint "RevokeBias", Time since last: 606099 ns, Reaching safepoint: 65100 ns, At safepoint: 15800 ns, Total: 80900 ns
[2020-03-27T07:53:36.750+0000][1][safepoint    ] Safepoint "RevokeBias", Time since last: 321900 ns, Reaching safepoint: 113400 ns, At safepoint: 21900 ns, Total: 135300 ns
[2020-03-27T07:53:36.751+0000][1][safepoint    ] Safepoint "RevokeBias", Time since last: 1048299 ns, Reaching safepoint: 85600 ns, At safepoint: 14000 ns, Total: 99600 ns
[2020-03-27T07:53:36.752+0000][1][safepoint    ] Safepoint "RevokeBias", Time since last: 317000 ns, Reaching safepoint: 169200 ns, At safepoint: 22500 ns, Total: 191700 ns
[2020-03-27T07:53:36.752+0000][1][safepoint    ] Safepoint "RevokeBias", Time since last: 326700 ns, Reaching safepoint: 25200 ns, At safepoint: 187800 ns, Total: 213000 ns
[2020-03-27T07:53:36.755+0000][1][safepoint    ] Safepoint "RevokeBias", Time since last: 352200 ns, Reaching safepoint: 2203798 ns, At safepoint: 29200 ns, Total: 2232998 ns
[2020-03-27T07:53:36.757+0000][1][safepoint    ] Safepoint "RevokeBias", Time since last: 463100 ns, Reaching safepoint: 1517199 ns, At safepoint: 118800 ns, Total: 1635999 ns
[2020-03-27T07:53:36.758+0000][1][safepoint    ] Safepoint "RevokeBias", Time since last: 429600 ns, Reaching safepoint: 98500 ns, At safepoint: 126300 ns, Total: 224800 ns
[2020-03-27T07:53:36.761+0000][1][safepoint    ] Safepoint "RevokeBias", Time since last: 2930898 ns, Reaching safepoint: 56500 ns, At safepoint: 24600 ns, Total: 81100 ns
[2020-03-27T07:53:36.761+0000][1][safepoint    ] Safepoint "RevokeBias", Time since last: 478599 ns, Reaching safepoint: 230700 ns, At safepoint: 25400 ns, Total: 256100 ns
[2020-03-27T07:53:36.762+0000][1][safepoint    ] Safepoint "RevokeBias", Time since last: 252600 ns, Reaching safepoint: 81800 ns, At safepoint: 159600 ns, Total: 241400 ns
[2020-03-27T07:53:36.765+0000][1][safepoint    ] Safepoint "RevokeBias", Time since last: 2798698 ns, Reaching safepoint: 49000 ns, At safepoint: 21300 ns, Total: 70300 ns
[2020-03-27T07:53:36.765+0000][1][safepoint    ] Safepoint "RevokeBias", Time since last: 336900 ns, Reaching safepoint: 306500 ns, At safepoint: 29500 ns, Total: 336000 ns
[2020-03-27T07:53:36.766+0000][1][safepoint    ] Safepoint "RevokeBias", Time since last: 506600 ns, Reaching safepoint: 13100 ns, At safepoint: 33300 ns, Total: 46400 ns
[2020-03-27T07:53:36.767+0000][1][safepoint    ] Safepoint "BulkRevokeBias", Time since last: 407599 ns, Reaching safepoint: 232600 ns, At safepoint: 167200 ns, Total: 399800 ns
[2020-03-27T07:53:36.962+0000][1][safepoint    ] Safepoint "RevokeBias", Time since last: 189537187 ns, Reaching safepoint: 5250924 ns, At safepoint: 23600 ns, Total: 5274524 ns
[2020-03-27T07:53:36.962+0000][1][safepoint    ] Safepoint "RevokeBias", Time since last: 566103 ns, Reaching safepoint: 55700 ns, At safepoint: 17200 ns, Total: 72900 ns
[2020-03-27T07:53:36.963+0000][1][safepoint    ] Safepoint "RevokeBias", Time since last: 397202 ns, Reaching safepoint: 86700 ns, At safepoint: 16500 ns, Total: 103200 ns
[2020-03-27T07:53:36.965+0000][1][safepoint    ] Safepoint "RevokeBias", Time since last: 2142210 ns, Reaching safepoint: 59400 ns, At safepoint: 15901 ns, Total: 75301 ns
[2020-03-27T07:53:37.259+0000][1][safepoint    ] Safepoint "Deoptimize", Time since last: 292307740 ns, Reaching safepoint: 1351006 ns, At safepoint: 297702 ns, Total: 1648708 ns
[2020-03-27T07:53:37.937+0000][1][safepoint    ] Safepoint "RevokeBias", Time since last: 678142910 ns, Reaching safepoint: 73201 ns, At safepoint: 9700 ns, Total: 82901 ns
[2020-03-27T07:53:38.002+0000][1][safepoint    ] Safepoint "Deoptimize", Time since last: 64187094 ns, Reaching safepoint: 22400 ns, At safepoint: 311602 ns, Total: 334002 ns
[2020-03-27T07:53:38.085+0000][1][safepoint    ] Safepoint "RevokeBias", Time since last: 82890480 ns, Reaching safepoint: 30700 ns, At safepoint: 19700 ns, Total: 50400 ns
[2020-03-27T07:53:38.086+0000][1][safepoint    ] Safepoint "RevokeBias", Time since last: 944504 ns, Reaching safepoint: 13601 ns, At safepoint: 16900 ns, Total: 30501 ns
[2020-03-27T07:53:38.087+0000][1][safepoint    ] Safepoint "RevokeBias", Time since last: 1590707 ns, Reaching safepoint: 13700 ns, At safepoint: 16800 ns, Total: 30500 ns
[2020-03-27T07:53:38.088+0000][1][safepoint    ] Safepoint "RevokeBias", Time since last: 845704 ns, Reaching safepoint: 16800 ns, At safepoint: 16500 ns, Total: 33300 ns
[2020-03-27T07:53:38.089+0000][1][safepoint    ] Safepoint "RevokeBias", Time since last: 466402 ns, Reaching safepoint: 12900 ns, At safepoint: 22100 ns, Total: 35000 ns
[2020-03-27T07:53:38.089+0000][1][safepoint    ] Safepoint "RevokeBias", Time since last: 552303 ns, Reaching safepoint: 13500 ns, At safepoint: 15900 ns, Total: 29400 ns
[2020-03-27T07:53:38.090+0000][1][safepoint    ] Safepoint "RevokeBias", Time since last: 631303 ns, Reaching safepoint: 10000 ns, At safepoint: 22300 ns, Total: 32300 ns
[2020-03-27T07:53:38.090+0000][1][safepoint    ] Safepoint "RevokeBias", Time since last: 532203 ns, Reaching safepoint: 12500 ns, At safepoint: 12100 ns, Total: 24600 ns
[2020-03-27T07:53:38.091+0000][1][safepoint    ] Safepoint "RevokeBias", Time since last: 464102 ns, Reaching safepoint: 11800 ns, At safepoint: 11700 ns, Total: 23500 ns
[2020-03-27T07:53:38.092+0000][1][safepoint    ] Safepoint "BulkRevokeBias", Time since last: 749303 ns, Reaching safepoint: 10200 ns, At safepoint: 50201 ns, Total: 60401 ns
[2020-03-27T07:53:38.093+0000][1][safepoint    ] Safepoint "RevokeBias", Time since last: 915504 ns, Reaching safepoint: 15700 ns, At safepoint: 17700 ns, Total: 33400 ns
[2020-03-27T07:53:38.093+0000][1][safepoint    ] Safepoint "RevokeBias", Time since last: 451602 ns, Reaching safepoint: 12000 ns, At safepoint: 12600 ns, Total: 24600 ns
[2020-03-27T07:53:38.097+0000][1][safepoint    ] Safepoint "Deoptimize", Time since last: 3982318 ns, Reaching safepoint: 20501 ns, At safepoint: 299301 ns, Total: 319802 ns
[2020-03-27T07:53:38.098+0000][1][safepoint    ] Safepoint "RevokeBias", Time since last: 862704 ns, Reaching safepoint: 14100 ns, At safepoint: 9200 ns, Total: 23300 ns
[2020-03-27T07:53:38.267+0000][1][safepoint    ] Safepoint "Deoptimize", Time since last: 168256672 ns, Reaching safepoint: 64700 ns, At safepoint: 340702 ns, Total: 405402 ns
[2020-03-27T07:53:38.853+0000][1][safepoint    ] Safepoint "RevokeBias", Time since last: 585649886 ns, Reaching safepoint: 186601 ns, At safepoint: 23400 ns, Total: 210001 ns
[2020-03-27T07:53:38.859+0000][1][safepoint    ] Safepoint "RevokeBias", Time since last: 5484025 ns, Reaching safepoint: 953404 ns, At safepoint: 35101 ns, Total: 988505 ns
[2020-03-27T07:53:38.860+0000][1][safepoint    ] Safepoint "RevokeBias", Time since last: 515302 ns, Reaching safepoint: 170601 ns, At safepoint: 12400 ns, Total: 183001 ns
[2020-03-27T07:53:38.864+0000][1][safepoint    ] Safepoint "RevokeBias", Time since last: 3874317 ns, Reaching safepoint: 24701 ns, At safepoint: 12200 ns, Total: 36901 ns
[2020-03-27T07:53:38.866+0000][1][safepoint    ] Safepoint "RevokeBias", Time since last: 2429711 ns, Reaching safepoint: 20200 ns, At safepoint: 15100 ns, Total: 35300 ns
[2020-03-27T07:53:38.870+0000][1][safepoint    ] Safepoint "RevokeBias", Time since last: 3095314 ns, Reaching safepoint: 96801 ns, At safepoint: 12600 ns, Total: 109401 ns
[2020-03-27T07:53:38.870+0000][1][safepoint    ] Safepoint "RevokeBias", Time since last: 761803 ns, Reaching safepoint: 77201 ns, At safepoint: 11700 ns, Total: 88901 ns
[2020-03-27T07:53:38.871+0000][1][safepoint    ] Safepoint "RevokeBias", Time since last: 359901 ns, Reaching safepoint: 65901 ns, At safepoint: 9900 ns, Total: 75801 ns
[2020-03-27T07:53:38.871+0000][1][safepoint    ] Safepoint "RevokeBias", Time since last: 342501 ns, Reaching safepoint: 86901 ns, At safepoint: 23600 ns, Total: 110501 ns
[2020-03-27T07:53:38.872+0000][1][safepoint    ] Safepoint "RevokeBias", Time since last: 907204 ns, Reaching safepoint: 158001 ns, At safepoint: 10000 ns, Total: 168001 ns
[2020-03-27T07:53:38.873+0000][1][safepoint    ] Safepoint "RevokeBias", Time since last: 747103 ns, Reaching safepoint: 90400 ns, At safepoint: 11300 ns, Total: 101700 ns
[2020-03-27T07:53:38.874+0000][1][safepoint    ] Safepoint "RevokeBias", Time since last: 543903 ns, Reaching safepoint: 132201 ns, At safepoint: 9400 ns, Total: 141601 ns
[2020-03-27T07:53:38.918+0000][1][safepoint    ] Safepoint "RevokeBias", Time since last: 43933001 ns, Reaching safepoint: 148201 ns, At safepoint: 14300 ns, Total: 162501 ns
[2020-03-27T07:53:38.920+0000][1][safepoint    ] Safepoint "RevokeBias", Time since last: 1506207 ns, Reaching safepoint: 101800 ns, At safepoint: 17400 ns, Total: 119200 ns
[2020-03-27T07:53:38.920+0000][1][safepoint    ] Safepoint "RevokeBias", Time since last: 723304 ns, Reaching safepoint: 15100 ns, At safepoint: 103800 ns, Total: 118900 ns
[2020-03-27T07:53:38.921+0000][1][safepoint    ] Safepoint "RevokeBias", Time since last: 419702 ns, Reaching safepoint: 99201 ns, At safepoint: 20900 ns, Total: 120101 ns
[2020-03-27T07:53:38.922+0000][1][safepoint    ] Safepoint "RevokeBias", Time since last: 448702 ns, Reaching safepoint: 95800 ns, At safepoint: 10500 ns, Total: 106300 ns
[2020-03-27T07:53:38.922+0000][1][safepoint    ] Safepoint "RevokeBias", Time since last: 314602 ns, Reaching safepoint: 91400 ns, At safepoint: 13300 ns, Total: 104700 ns
[2020-03-27T07:53:38.923+0000][1][safepoint    ] Safepoint "RevokeBias", Time since last: 464902 ns, Reaching safepoint: 97301 ns, At safepoint: 14100 ns, Total: 111401 ns
[2020-03-27T07:53:38.923+0000][1][safepoint    ] Safepoint "RevokeBias", Time since last: 394502 ns, Reaching safepoint: 86900 ns, At safepoint: 14200 ns, Total: 101100 ns
[2020-03-27T07:53:38.923+0000][1][safepoint    ] Safepoint "RevokeBias", Time since last: 239901 ns, Reaching safepoint: 110101 ns, At safepoint: 13300 ns, Total: 123401 ns
[2020-03-27T07:53:38.950+0000][1][safepoint    ] Safepoint "RevokeBias", Time since last: 26759722 ns, Reaching safepoint: 42801 ns, At safepoint: 20100 ns, Total: 62901 ns
[2020-03-27T07:53:38.974+0000][1][safepoint    ] Safepoint "RevokeBias", Time since last: 23328907 ns, Reaching safepoint: 98900 ns, At safepoint: 18000 ns, Total: 116900 ns
[2020-03-27T07:53:38.975+0000][1][safepoint    ] Safepoint "RevokeBias", Time since last: 1605108 ns, Reaching safepoint: 53300 ns, At safepoint: 19700 ns, Total: 73000 ns
[2020-03-27T07:53:38.976+0000][1][safepoint    ] Safepoint "RevokeBias", Time since last: 397402 ns, Reaching safepoint: 81200 ns, At safepoint: 29500 ns, Total: 110700 ns
[2020-03-27T07:53:38.995+0000][1][safepoint    ] Safepoint "RevokeBias", Time since last: 18906587 ns, Reaching safepoint: 23200 ns, At safepoint: 15300 ns, Total: 38500 ns
[2020-03-27T07:53:38.995+0000][1][safepoint    ] Safepoint "RevokeBias", Time since last: 582403 ns, Reaching safepoint: 80300 ns, At safepoint: 14500 ns, Total: 94800 ns
[2020-03-27T07:53:38.996+0000][1][safepoint    ] Safepoint "RevokeBias", Time since last: 400102 ns, Reaching safepoint: 59500 ns, At safepoint: 28901 ns, Total: 88401 ns
[2020-03-27T07:53:38.996+0000][1][safepoint    ] Safepoint "RevokeBias", Time since last: 471802 ns, Reaching safepoint: 10900 ns, At safepoint: 24300 ns, Total: 35200 ns
[2020-03-27T07:53:38.997+0000][1][safepoint    ] Safepoint "RevokeBias", Time since last: 479902 ns, Reaching safepoint: 50600 ns, At safepoint: 67801 ns, Total: 118401 ns
[2020-03-27T07:53:38.997+0000][1][safepoint    ] Safepoint "RevokeBias", Time since last: 336801 ns, Reaching safepoint: 11200 ns, At safepoint: 10500 ns, Total: 21700 ns
[2020-03-27T07:53:38.998+0000][1][safepoint    ] Safepoint "RevokeBias", Time since last: 929705 ns, Reaching safepoint: 12400 ns, At safepoint: 10200 ns, Total: 22600 ns
[2020-03-27T07:53:38.999+0000][1][safepoint    ] Safepoint "RevokeBias", Time since last: 448802 ns, Reaching safepoint: 11500 ns, At safepoint: 9600 ns, Total: 21100 ns
[2020-03-27T07:53:39.000+0000][1][safepoint    ] Safepoint "RevokeBias", Time since last: 693603 ns, Reaching safepoint: 12800 ns, At safepoint: 8500 ns, Total: 21300 ns
[2020-03-27T07:53:39.000+0000][1][safepoint    ] Safepoint "RevokeBias", Time since last: 233501 ns, Reaching safepoint: 12400 ns, At safepoint: 8700 ns, Total: 21100 ns
[2020-03-27T07:53:39.004+0000][1][safepoint    ] Safepoint "RevokeBias", Time since last: 3722817 ns, Reaching safepoint: 27900 ns, At safepoint: 28501 ns, Total: 56401 ns
[2020-03-27T07:53:39.021+0000][1][safepoint    ] Safepoint "RevokeBias", Time since last: 17114878 ns, Reaching safepoint: 56700 ns, At safepoint: 38001 ns, Total: 94701 ns
[2020-03-27T07:53:39.028+0000][1][safepoint    ] Safepoint "RevokeBias", Time since last: 6114928 ns, Reaching safepoint: 618802 ns, At safepoint: 16800 ns, Total: 635602 ns
[2020-03-27T07:53:39.031+0000][1][safepoint    ] Safepoint "RevokeBias", Time since last: 1568308 ns, Reaching safepoint: 1720108 ns, At safepoint: 23000 ns, Total: 1743108 ns
[2020-03-27T07:53:39.046+0000][1][safepoint    ] Safepoint "RevokeBias", Time since last: 15232970 ns, Reaching safepoint: 90600 ns, At safepoint: 16200 ns, Total: 106800 ns
[2020-03-27T07:53:39.048+0000][1][safepoint    ] Safepoint "RevokeBias", Time since last: 1708608 ns, Reaching safepoint: 99600 ns, At safepoint: 44001 ns, Total: 143601 ns
[2020-03-27T07:53:39.049+0000][1][safepoint    ] Safepoint "RevokeBias", Time since last: 632502 ns, Reaching safepoint: 90001 ns, At safepoint: 12800 ns, Total: 102801 ns
[2020-03-27T07:53:39.049+0000][1][safepoint    ] Safepoint "RevokeBias", Time since last: 344101 ns, Reaching safepoint: 113601 ns, At safepoint: 7700 ns, Total: 121301 ns
[2020-03-27T07:53:39.050+0000][1][safepoint    ] Safepoint "RevokeBias", Time since last: 267601 ns, Reaching safepoint: 70501 ns, At safepoint: 6800 ns, Total: 77301 ns
[2020-03-27T07:53:39.050+0000][1][safepoint    ] Safepoint "RevokeBias", Time since last: 211201 ns, Reaching safepoint: 98500 ns, At safepoint: 7100 ns, Total: 105600 ns
[2020-03-27T07:53:39.051+0000][1][safepoint    ] Safepoint "RevokeBias", Time since last: 484202 ns, Reaching safepoint: 106601 ns, At safepoint: 11600 ns, Total: 118201 ns
[2020-03-27T07:53:39.051+0000][1][safepoint    ] Safepoint "RevokeBias", Time since last: 200201 ns, Reaching safepoint: 73500 ns, At safepoint: 10800 ns, Total: 84300 ns
[2020-03-27T07:53:39.054+0000][1][gc,start     ] GC(15) Pause Young (Allocation Failure)
[2020-03-27T07:53:39.055+0000][1][gc,task      ] GC(15) Using 2 workers of 2 for evacuation
[2020-03-27T07:53:39.095+0000][1][gc,age       ] GC(15) Desired survivor size 8716288 bytes, new threshold 6 (max threshold 6)
[2020-03-27T07:53:39.096+0000][1][gc,age       ] GC(15) Age table with threshold 6 (max threshold 6)
[2020-03-27T07:53:39.096+0000][1][gc,age       ] GC(15) - age   1:    5718160 bytes,    5718160 total
[2020-03-27T07:53:39.097+0000][1][gc,age       ] GC(15) - age   2:    2317544 bytes,    8035704 total
[2020-03-27T07:53:39.097+0000][1][gc,heap      ] GC(15) ParNew: 152598K->14598K(153344K)
[2020-03-27T07:53:39.097+0000][1][gc,heap      ] GC(15) CMS: 47653K->55573K(353920K)
[2020-03-27T07:53:39.098+0000][1][gc,metaspace ] GC(15) Metaspace: 73957K->73957K(1118208K)
[2020-03-27T07:53:39.098+0000][1][gc           ] GC(15) Pause Young (Allocation Failure) 195M->68M(495M) 43.509ms
[2020-03-27T07:53:39.098+0000][1][gc,cpu       ] GC(15) User=0.04s Sys=0.00s Real=0.05s
[2020-03-27T07:53:39.099+0000][1][safepoint    ] Safepoint "GenCollectForAllocation", Time since last: 3568517 ns, Reaching safepoint: 96700 ns, At safepoint: 44710905 ns, Total: 44807605 ns
[2020-03-27T07:53:39.118+0000][1][safepoint    ] Safepoint "RevokeBias", Time since last: 18402984 ns, Reaching safepoint: 24301 ns, At safepoint: 14900 ns, Total: 39201 ns
[2020-03-27T07:53:39.128+0000][1][safepoint    ] Safepoint "RevokeBias", Time since last: 9818845 ns, Reaching safepoint: 31100 ns, At safepoint: 247501 ns, Total: 278601 ns
[2020-03-27T07:53:39.141+0000][1][safepoint    ] Safepoint "RevokeBias", Time since last: 13077060 ns, Reaching safepoint: 101200 ns, At safepoint: 16600 ns, Total: 117800 ns
[2020-03-27T07:53:39.142+0000][1][safepoint    ] Safepoint "RevokeBias", Time since last: 1177206 ns, Reaching safepoint: 15300 ns, At safepoint: 10600 ns, Total: 25900 ns
[2020-03-27T07:53:39.153+0000][1][safepoint    ] Safepoint "RevokeBias", Time since last: 11010950 ns, Reaching safepoint: 58601 ns, At safepoint: 16700 ns, Total: 75301 ns
[2020-03-27T07:53:39.179+0000][1][safepoint    ] Safepoint "RevokeBias", Time since last: 25070715 ns, Reaching safepoint: 393802 ns, At safepoint: 13700 ns, Total: 407502 ns
[2020-03-27T07:53:39.270+0000][1][safepoint    ] Safepoint "RevokeBias", Time since last: 91338619 ns, Reaching safepoint: 109200 ns, At safepoint: 106901 ns, Total: 216101 ns
[2020-03-27T07:53:39.287+0000][1][safepoint    ] Safepoint "RevokeBias", Time since last: 16867777 ns, Reaching safepoint: 188201 ns, At safepoint: 18400 ns, Total: 206601 ns
[2020-03-27T07:53:39.332+0000][1][safepoint    ] Safepoint "RevokeBias", Time since last: 44275203 ns, Reaching safepoint: 98100 ns, At safepoint: 12201 ns, Total: 110301 ns
[2020-03-27T07:53:39.333+0000][1][safepoint    ] Safepoint "RevokeBias", Time since last: 991204 ns, Reaching safepoint: 92701 ns, At safepoint: 6900 ns, Total: 99601 ns
[2020-03-27T07:53:39.334+0000][1][safepoint    ] Safepoint "RevokeBias", Time since last: 633802 ns, Reaching safepoint: 95901 ns, At safepoint: 5700 ns, Total: 101601 ns
[2020-03-27T07:53:39.336+0000][1][safepoint    ] Safepoint "RevokeBias", Time since last: 2454611 ns, Reaching safepoint: 88301 ns, At safepoint: 20500 ns, Total: 108801 ns
[2020-03-27T07:53:39.341+0000][1][safepoint    ] Safepoint "RevokeBias", Time since last: 4850922 ns, Reaching safepoint: 92500 ns, At safepoint: 10400 ns, Total: 102900 ns
[2020-03-27T07:53:39.345+0000][1][safepoint    ] Safepoint "RevokeBias", Time since last: 3603017 ns, Reaching safepoint: 185801 ns, At safepoint: 9900 ns, Total: 195701 ns
[2020-03-27T07:53:39.345+0000][1][safepoint    ] Safepoint "RevokeBias", Time since last: 480202 ns, Reaching safepoint: 94000 ns, At safepoint: 8500 ns, Total: 102500 ns
[2020-03-27T07:53:39.346+0000][1][safepoint    ] Safepoint "RevokeBias", Time since last: 283202 ns, Reaching safepoint: 87800 ns, At safepoint: 6900 ns, Total: 94700 ns
[2020-03-27T07:53:39.353+0000][1][safepoint    ] Safepoint "RevokeBias", Time since last: 6611431 ns, Reaching safepoint: 117800 ns, At safepoint: 14200 ns, Total: 132000 ns
[2020-03-27T07:53:39.355+0000][1][safepoint    ] Safepoint "RevokeBias", Time since last: 660803 ns, Reaching safepoint: 1317706 ns, At safepoint: 12800 ns, Total: 1330506 ns
[2020-03-27T07:53:39.356+0000][1][safepoint    ] Safepoint "RevokeBias", Time since last: 413602 ns, Reaching safepoint: 825304 ns, At safepoint: 12300 ns, Total: 837604 ns
[2020-03-27T07:53:39.383+0000][1][safepoint    ] Safepoint "RevokeBias", Time since last: 20619795 ns, Reaching safepoint: 6130528 ns, At safepoint: 124000 ns, Total: 6254528 ns
[2020-03-27T07:53:39.389+0000][1][safepoint    ] Safepoint "RevokeBias", Time since last: 5980428 ns, Reaching safepoint: 49400 ns, At safepoint: 48100 ns, Total: 97500 ns
[2020-03-27T07:53:39.390+0000][1][safepoint    ] Safepoint "RevokeBias", Time since last: 995005 ns, Reaching safepoint: 574202 ns, At safepoint: 46301 ns, Total: 620503 ns
[2020-03-27T07:53:39.398+0000][1][safepoint    ] Safepoint "RevokeBias", Time since last: 2876313 ns, Reaching safepoint: 4308920 ns, At safepoint: 62200 ns, Total: 4371120 ns
[2020-03-27T07:53:39.401+0000][1][safepoint    ] Safepoint "RevokeBias", Time since last: 1122505 ns, Reaching safepoint: 1813608 ns, At safepoint: 40400 ns, Total: 1854008 ns
[2020-03-27T07:53:39.425+0000][1][safepoint    ] Safepoint "RevokeBias", Time since last: 23433908 ns, Reaching safepoint: 1380506 ns, At safepoint: 40300 ns, Total: 1420806 ns
[2020-03-27T07:53:39.432+0000][1][safepoint    ] Safepoint "RevokeBias", Time since last: 2303311 ns, Reaching safepoint: 3807018 ns, At safepoint: 21800 ns, Total: 3828818 ns
[2020-03-27T07:53:39.453+0000][1][safepoint    ] Safepoint "RevokeBias", Time since last: 19221788 ns, Reaching safepoint: 2088309 ns, At safepoint: 9200 ns, Total: 2097509 ns
[2020-03-27T07:53:39.454+0000][1][safepoint    ] Safepoint "RevokeBias", Time since last: 532803 ns, Reaching safepoint: 106900 ns, At safepoint: 7200 ns, Total: 114100 ns
[2020-03-27T07:53:39.488+0000][1][safepoint    ] Safepoint "RevokeBias", Time since last: 30682641 ns, Reaching safepoint: 3722717 ns, At safepoint: 10100 ns, Total: 3732817 ns
[2020-03-27T07:53:39.504+0000][1][safepoint    ] Safepoint "RevokeBias", Time since last: 15019269 ns, Reaching safepoint: 619803 ns, At safepoint: 7200 ns, Total: 627003 ns
[2020-03-27T07:53:39.511+0000][1][safepoint    ] Safepoint "RevokeBias", Time since last: 921204 ns, Reaching safepoint: 6535530 ns, At safepoint: 146701 ns, Total: 6682231 ns
[2020-03-27T07:53:39.536+0000][1][safepoint    ] Safepoint "RevokeBias", Time since last: 24742413 ns, Reaching safepoint: 116101 ns, At safepoint: 21400 ns, Total: 137501 ns
[2020-03-27T07:53:39.553+0000][1][safepoint    ] Safepoint "RevokeBias", Time since last: 16506576 ns, Reaching safepoint: 100500 ns, At safepoint: 18900 ns, Total: 119400 ns
[2020-03-27T07:53:39.558+0000][1][safepoint    ] Safepoint "RevokeBias", Time since last: 5435325 ns, Reaching safepoint: 122301 ns, At safepoint: 8100 ns, Total: 130401 ns
[2020-03-27T07:53:39.571+0000][1][safepoint    ] Safepoint "RevokeBias", Time since last: 12290256 ns, Reaching safepoint: 222901 ns, At safepoint: 18300 ns, Total: 241201 ns
[2020-03-27T07:53:39.582+0000][1][safepoint    ] Safepoint "RevokeBias", Time since last: 10943650 ns, Reaching safepoint: 113801 ns, At safepoint: 17700 ns, Total: 131501 ns
[2020-03-27T07:53:39.586+0000][1][safepoint    ] Safepoint "RevokeBias", Time since last: 1569407 ns, Reaching safepoint: 2154310 ns, At safepoint: 18500 ns, Total: 2172810 ns
[2020-03-27T07:53:39.602+0000][1][safepoint    ] Safepoint "RevokeBias", Time since last: 15929073 ns, Reaching safepoint: 213601 ns, At safepoint: 19900 ns, Total: 233501 ns
[2020-03-27T07:53:39.608+0000][1][safepoint    ] Safepoint "RevokeBias", Time since last: 6581231 ns, Reaching safepoint: 56500 ns, At safepoint: 14900 ns, Total: 71400 ns
[2020-03-27T07:53:39.612+0000][1][safepoint    ] Safepoint "RevokeBias", Time since last: 3322315 ns, Reaching safepoint: 92801 ns, At safepoint: 5900 ns, Total: 98701 ns
[2020-03-27T07:53:39.613+0000][1][safepoint    ] Safepoint "RevokeBias", Time since last: 605802 ns, Reaching safepoint: 65501 ns, At safepoint: 4500 ns, Total: 70001 ns
[2020-03-27T07:53:39.613+0000][1][safepoint    ] Safepoint "RevokeBias", Time since last: 393101 ns, Reaching safepoint: 80801 ns, At safepoint: 4200 ns, Total: 85001 ns
[2020-03-27T07:53:39.614+0000][1][safepoint    ] Safepoint "RevokeBias", Time since last: 682803 ns, Reaching safepoint: 69800 ns, At safepoint: 4000 ns, Total: 73800 ns
[2020-03-27T07:53:39.616+0000][1][safepoint    ] Safepoint "RevokeBias", Time since last: 2077410 ns, Reaching safepoint: 70200 ns, At safepoint: 4300 ns, Total: 74500 ns
[2020-03-27T07:53:39.618+0000][1][safepoint    ] Safepoint "RevokeBias", Time since last: 1649108 ns, Reaching safepoint: 94800 ns, At safepoint: 5000 ns, Total: 99800 ns
[2020-03-27T07:53:39.628+0000][1][safepoint    ] Safepoint "RevokeBias", Time since last: 10420948 ns, Reaching safepoint: 128901 ns, At safepoint: 4900 ns, Total: 133801 ns
[2020-03-27T07:53:39.629+0000][1][safepoint    ] Safepoint "RevokeBias", Time since last: 475902 ns, Reaching safepoint: 45800 ns, At safepoint: 3000 ns, Total: 48800 ns
[2020-03-27T07:53:39.702+0000][1][safepoint    ] Safepoint "Deoptimize", Time since last: 72981935 ns, Reaching safepoint: 101900 ns, At safepoint: 342402 ns, Total: 444302 ns
[2020-03-27T07:53:39.770+0000][1][safepoint    ] Safepoint "RevokeBias", Time since last: 67437809 ns, Reaching safepoint: 122201 ns, At safepoint: 4600 ns, Total: 126801 ns
[2020-03-27T07:53:39.770+0000][1][safepoint    ] Safepoint "RevokeBias", Time since last: 474602 ns, Reaching safepoint: 77100 ns, At safepoint: 4200 ns, Total: 81300 ns
[2020-03-27T07:53:39.774+0000][1][safepoint    ] Safepoint "RevokeBias", Time since last: 3317816 ns, Reaching safepoint: 75700 ns, At safepoint: 4400 ns, Total: 80100 ns
[2020-03-27T07:53:39.774+0000][1][safepoint    ] Safepoint "RevokeBias", Time since last: 453502 ns, Reaching safepoint: 157101 ns, At safepoint: 3900 ns, Total: 161001 ns
[2020-03-27T07:53:39.781+0000][1][safepoint    ] Safepoint "RevokeBias", Time since last: 6120628 ns, Reaching safepoint: 107300 ns, At safepoint: 5000 ns, Total: 112300 ns
[2020-03-27T07:53:39.781+0000][1][safepoint    ] Safepoint "RevokeBias", Time since last: 567303 ns, Reaching safepoint: 113100 ns, At safepoint: 4800 ns, Total: 117900 ns
[2020-03-27T07:53:39.784+0000][1][safepoint    ] Safepoint "RevokeBias", Time since last: 3215815 ns, Reaching safepoint: 27800 ns, At safepoint: 3800 ns, Total: 31600 ns
[2020-03-27T07:53:39.786+0000][1][safepoint    ] Safepoint "RevokeBias", Time since last: 1165606 ns, Reaching safepoint: 43400 ns, At safepoint: 5100 ns, Total: 48500 ns
[2020-03-27T07:53:39.793+0000][1][safepoint    ] Safepoint "RevokeBias", Time since last: 6894932 ns, Reaching safepoint: 99400 ns, At safepoint: 5600 ns, Total: 105000 ns
[2020-03-27T07:53:39.801+0000][1][safepoint    ] Safepoint "RevokeBias", Time since last: 8169837 ns, Reaching safepoint: 104001 ns, At safepoint: 21200 ns, Total: 125201 ns
[2020-03-27T07:53:39.802+0000][1][safepoint    ] Safepoint "RevokeBias", Time since last: 586503 ns, Reaching safepoint: 76400 ns, At safepoint: 3800 ns, Total: 80200 ns
[2020-03-27T07:53:39.802+0000][1][safepoint    ] Safepoint "RevokeBias", Time since last: 347802 ns, Reaching safepoint: 32600 ns, At safepoint: 2900 ns, Total: 35500 ns
[2020-03-27T07:53:39.803+0000][1][safepoint    ] Safepoint "RevokeBias", Time since last: 672003 ns, Reaching safepoint: 18600 ns, At safepoint: 3000 ns, Total: 21600 ns
[2020-03-27T07:53:39.815+0000][1][safepoint    ] Safepoint "RevokeBias", Time since last: 12376757 ns, Reaching safepoint: 105500 ns, At safepoint: 5300 ns, Total: 110800 ns
[2020-03-27T07:53:39.827+0000][1][safepoint    ] Safepoint "RevokeBias", Time since last: 12089856 ns, Reaching safepoint: 39000 ns, At safepoint: 5000 ns, Total: 44000 ns
[2020-03-27T07:53:39.828+0000][1][safepoint    ] Safepoint "RevokeBias", Time since last: 453402 ns, Reaching safepoint: 50700 ns, At safepoint: 3100 ns, Total: 53800 ns
[2020-03-27T07:53:39.828+0000][1][safepoint    ] Safepoint "RevokeBias", Time since last: 377702 ns, Reaching safepoint: 31600 ns, At safepoint: 2900 ns, Total: 34500 ns
[2020-03-27T07:53:39.829+0000][1][safepoint    ] Safepoint "RevokeBias", Time since last: 376702 ns, Reaching safepoint: 29800 ns, At safepoint: 3000 ns, Total: 32800 ns
[2020-03-27T07:53:39.829+0000][1][safepoint    ] Safepoint "RevokeBias", Time since last: 375502 ns, Reaching safepoint: 50800 ns, At safepoint: 7400 ns, Total: 58200 ns
[2020-03-27T07:53:39.829+0000][1][safepoint    ] Safepoint "RevokeBias", Time since last: 318102 ns, Reaching safepoint: 17000 ns, At safepoint: 3500 ns, Total: 20500 ns
[2020-03-27T07:53:39.830+0000][1][safepoint    ] Safepoint "RevokeBias", Time since last: 280001 ns, Reaching safepoint: 16900 ns, At safepoint: 3300 ns, Total: 20200 ns
[2020-03-27T07:53:39.830+0000][1][safepoint    ] Safepoint "RevokeBias", Time since last: 340002 ns, Reaching safepoint: 19400 ns, At safepoint: 3500 ns, Total: 22900 ns
[2020-03-27T07:53:39.848+0000][1][safepoint    ] Safepoint "RevokeBias", Time since last: 17484480 ns, Reaching safepoint: 97800 ns, At safepoint: 5300 ns, Total: 103100 ns
[2020-03-27T07:53:39.849+0000][1][safepoint    ] Safepoint "RevokeBias", Time since last: 816504 ns, Reaching safepoint: 92301 ns, At safepoint: 4800 ns, Total: 97101 ns
[2020-03-27T07:53:39.860+0000][1][safepoint    ] Safepoint "RevokeBias", Time since last: 11662453 ns, Reaching safepoint: 102300 ns, At safepoint: 5701 ns, Total: 108001 ns
[2020-03-27T07:53:39.861+0000][1][safepoint    ] Safepoint "RevokeBias", Time since last: 510602 ns, Reaching safepoint: 90000 ns, At safepoint: 3500 ns, Total: 93500 ns
[2020-03-27T07:53:39.861+0000][1][safepoint    ] Safepoint "RevokeBias", Time since last: 389202 ns, Reaching safepoint: 95601 ns, At safepoint: 4200 ns, Total: 99801 ns
[2020-03-27T07:53:39.864+0000][1][safepoint    ] Safepoint "RevokeBias", Time since last: 2922713 ns, Reaching safepoint: 90700 ns, At safepoint: 3600 ns, Total: 94300 ns
[2020-03-27T07:53:39.866+0000][1][safepoint    ] Safepoint "RevokeBias", Time since last: 1698208 ns, Reaching safepoint: 88501 ns, At safepoint: 4200 ns, Total: 92701 ns
[2020-03-27T07:53:39.868+0000][1][safepoint    ] Safepoint "RevokeBias", Time since last: 1924108 ns, Reaching safepoint: 23901 ns, At safepoint: 3600 ns, Total: 27501 ns
[2020-03-27T07:53:39.913+0000][1][safepoint    ] Safepoint "RevokeBias", Time since last: 44462603 ns, Reaching safepoint: 104301 ns, At safepoint: 7300 ns, Total: 111601 ns
[2020-03-27T07:53:40.037+0000][1][safepoint    ] Safepoint "RevokeBias", Time since last: 123582067 ns, Reaching safepoint: 1004704 ns, At safepoint: 14501 ns, Total: 1019205 ns
[2020-03-27T07:53:40.179+0000][1][safepoint    ] Safepoint "RevokeBias", Time since last: 141174847 ns, Reaching safepoint: 54700 ns, At safepoint: 9000 ns, Total: 63700 ns
[2020-03-27T07:53:40.179+0000][1][safepoint    ] Safepoint "RevokeBias", Time since last: 262402 ns, Reaching safepoint: 19100 ns, At safepoint: 5400 ns, Total: 24500 ns
[2020-03-27T07:53:40.255+0000][1][safepoint    ] Safepoint "RevokeBias", Time since last: 74443941 ns, Reaching safepoint: 1156805 ns, At safepoint: 7600 ns, Total: 1164405 ns
[2020-03-27T07:53:40.257+0000][1][safepoint    ] Safepoint "BulkRevokeBias", Time since last: 1905009 ns, Reaching safepoint: 83201 ns, At safepoint: 172200 ns, Total: 255401 ns
[2020-03-27T07:53:40.257+0000][1][safepoint    ] Safepoint "RevokeBias", Time since last: 406102 ns, Reaching safepoint: 101301 ns, At safepoint: 6600 ns, Total: 107901 ns
[2020-03-27T07:53:40.303+0000][1][safepoint    ] Safepoint "RevokeBias", Time since last: 45176007 ns, Reaching safepoint: 119001 ns, At safepoint: 8600 ns, Total: 127601 ns
[2020-03-27T07:53:40.304+0000][1][safepoint    ] Safepoint "RevokeBias", Time since last: 1102405 ns, Reaching safepoint: 68000 ns, At safepoint: 6800 ns, Total: 74800 ns
[2020-03-27T07:53:40.335+0000][1][safepoint    ] Safepoint "RevokeBias", Time since last: 30880542 ns, Reaching safepoint: 406801 ns, At safepoint: 10001 ns, Total: 416802 ns
[2020-03-27T07:53:40.373+0000][1][safepoint    ] Safepoint "BulkRevokeBias", Time since last: 37855773 ns, Reaching safepoint: 110901 ns, At safepoint: 159700 ns, Total: 270601 ns
[2020-03-27T07:53:40.506+0000][1][safepoint    ] Safepoint "RevokeBias", Time since last: 132688209 ns, Reaching safepoint: 404102 ns, At safepoint: 8800 ns, Total: 412902 ns
[2020-03-27T07:53:40.507+0000][1][safepoint    ] Safepoint "RevokeBias", Time since last: 975904 ns, Reaching safepoint: 102701 ns, At safepoint: 7700 ns, Total: 110401 ns
[2020-03-27T07:53:40.641+0000][1][safepoint    ] Safepoint "RevokeBias", Time since last: 132863909 ns, Reaching safepoint: 403102 ns, At safepoint: 162201 ns, Total: 565303 ns
[2020-03-27T07:53:40.703+0000][1][safepoint    ] Safepoint "RevokeBias", Time since last: 61779783 ns, Reaching safepoint: 41700 ns, At safepoint: 19101 ns, Total: 60801 ns
[2020-03-27T07:53:40.703+0000][1][safepoint    ] Safepoint "RevokeBias", Time since last: 364901 ns, Reaching safepoint: 96301 ns, At safepoint: 22200 ns, Total: 118501 ns
[2020-03-27T07:53:40.722+0000][1][safepoint    ] Safepoint "RevokeBias", Time since last: 18308484 ns, Reaching safepoint: 148100 ns, At safepoint: 18901 ns, Total: 167001 ns
[2020-03-27T07:53:40.745+0000][1][safepoint    ] Safepoint "RevokeBias", Time since last: 22827504 ns, Reaching safepoint: 120801 ns, At safepoint: 28700 ns, Total: 149501 ns
[2020-03-27T07:53:40.746+0000][1][safepoint    ] Safepoint "RevokeBias", Time since last: 1263806 ns, Reaching safepoint: 142700 ns, At safepoint: 22600 ns, Total: 165300 ns
[2020-03-27T07:53:40.747+0000][1][safepoint    ] Safepoint "RevokeBias", Time since last: 535903 ns, Reaching safepoint: 30000 ns, At safepoint: 46000 ns, Total: 76000 ns
[2020-03-27T07:53:40.753+0000][1][safepoint    ] Safepoint "RevokeBias", Time since last: 5816727 ns, Reaching safepoint: 92500 ns, At safepoint: 24400 ns, Total: 116900 ns
[2020-03-27T07:53:40.753+0000][1][safepoint    ] Safepoint "RevokeBias", Time since last: 298902 ns, Reaching safepoint: 28500 ns, At safepoint: 23600 ns, Total: 52100 ns
[2020-03-27T07:53:40.762+0000][1][safepoint    ] Safepoint "RevokeBias", Time since last: 8480239 ns, Reaching safepoint: 294601 ns, At safepoint: 41801 ns, Total: 336402 ns
[2020-03-27T07:53:40.763+0000][1][safepoint    ] Safepoint "RevokeBias", Time since last: 748303 ns, Reaching safepoint: 193601 ns, At safepoint: 28100 ns, Total: 221701 ns
[2020-03-27T07:53:40.804+0000][1][safepoint    ] Safepoint "RevokeBias", Time since last: 41061388 ns, Reaching safepoint: 174101 ns, At safepoint: 16700 ns, Total: 190801 ns
[2020-03-27T07:53:40.806+0000][1][safepoint    ] Safepoint "RevokeBias", Time since last: 1379507 ns, Reaching safepoint: 434302 ns, At safepoint: 16800 ns, Total: 451102 ns
[2020-03-27T07:53:40.928+0000][1][gc,start     ] GC(16) Pause Young (Allocation Failure)
[2020-03-27T07:53:40.928+0000][1][gc,task      ] GC(16) Using 2 workers of 2 for evacuation
[2020-03-27T07:53:40.950+0000][1][gc,age       ] GC(16) Desired survivor size 8716288 bytes, new threshold 2 (max threshold 6)
[2020-03-27T07:53:40.951+0000][1][gc,age       ] GC(16) Age table with threshold 2 (max threshold 6)
[2020-03-27T07:53:40.952+0000][1][gc,age       ] GC(16) - age   1:    8061160 bytes,    8061160 total
[2020-03-27T07:53:40.952+0000][1][gc,age       ] GC(16) - age   2:    5497656 bytes,   13558816 total
[2020-03-27T07:53:40.953+0000][1][gc,age       ] GC(16) - age   3:    2299824 bytes,   15858640 total
[2020-03-27T07:53:40.953+0000][1][gc,heap      ] GC(16) ParNew: 150918K->16127K(153344K)
[2020-03-27T07:53:40.953+0000][1][gc,heap      ] GC(16) CMS: 55573K->55573K(353920K)
[2020-03-27T07:53:40.954+0000][1][gc,metaspace ] GC(16) Metaspace: 80116K->80116K(1122304K)
[2020-03-27T07:53:40.954+0000][1][gc           ] GC(16) Pause Young (Allocation Failure) 201M->70M(495M) 26.297ms
[2020-03-27T07:53:40.955+0000][1][gc,cpu       ] GC(16) User=0.03s Sys=0.00s Real=0.02s
[2020-03-27T07:53:40.955+0000][1][safepoint    ] Safepoint "GenCollectForAllocation", Time since last: 121854459 ns, Reaching safepoint: 218601 ns, At safepoint: 27219424 ns, Total: 27438025 ns
[2020-03-27T07:53:40.965+0000][1][safepoint    ] Safepoint "Deoptimize", Time since last: 9222743 ns, Reaching safepoint: 145900 ns, At safepoint: 1003605 ns, Total: 1149505 ns
[2020-03-27T07:53:40.977+0000][1][safepoint    ] Safepoint "RevokeBias", Time since last: 8135137 ns, Reaching safepoint: 3187715 ns, At safepoint: 18900 ns, Total: 3206615 ns
[2020-03-27T07:53:41.054+0000][1][safepoint    ] Safepoint "RevokeBias", Time since last: 75845348 ns, Reaching safepoint: 908304 ns, At safepoint: 34800 ns, Total: 943104 ns
[2020-03-27T07:53:41.062+0000][1][safepoint    ] Safepoint "RevokeBias", Time since last: 7189233 ns, Reaching safepoint: 909304 ns, At safepoint: 13100 ns, Total: 922404 ns
[2020-03-27T07:53:41.063+0000][1][safepoint    ] Safepoint "RevokeBias", Time since last: 1259106 ns, Reaching safepoint: 512503 ns, At safepoint: 28800 ns, Total: 541303 ns
[2020-03-27T07:53:41.068+0000][1][safepoint    ] Safepoint "RevokeBias", Time since last: 4369720 ns, Reaching safepoint: 587302 ns, At safepoint: 8200 ns, Total: 595502 ns
[2020-03-27T07:53:41.069+0000][1][safepoint    ] Safepoint "RevokeBias", Time since last: 554603 ns, Reaching safepoint: 231501 ns, At safepoint: 7400 ns, Total: 238901 ns
[2020-03-27T07:53:41.089+0000][1][safepoint    ] Safepoint "RevokeBias", Time since last: 19103288 ns, Reaching safepoint: 245101 ns, At safepoint: 29800 ns, Total: 274901 ns
[2020-03-27T07:53:41.092+0000][1][safepoint    ] Safepoint "RevokeBias", Time since last: 3186115 ns, Reaching safepoint: 258001 ns, At safepoint: 8300 ns, Total: 266301 ns
[2020-03-27T07:53:41.108+0000][1][safepoint    ] Safepoint "RevokeBias", Time since last: 15719572 ns, Reaching safepoint: 112300 ns, At safepoint: 14800 ns, Total: 127100 ns
[2020-03-27T07:53:41.129+0000][1][safepoint    ] Safepoint "RevokeBias", Time since last: 20590695 ns, Reaching safepoint: 124701 ns, At safepoint: 14400 ns, Total: 139101 ns
[2020-03-27T07:53:41.165+0000][1][safepoint    ] Safepoint "RevokeBias", Time since last: 36273366 ns, Reaching safepoint: 38800 ns, At safepoint: 11400 ns, Total: 50200 ns
[2020-03-27T07:53:41.340+0000][1][safepoint    ] Safepoint "RevokeBias", Time since last: 175403744 ns, Reaching safepoint: 43200 ns, At safepoint: 9600 ns, Total: 52800 ns
[2020-03-27T07:53:41.343+0000][1][safepoint    ] Safepoint "RevokeBias", Time since last: 2177700 ns, Reaching safepoint: 31100 ns, At safepoint: 19200 ns, Total: 50300 ns
[2020-03-27T07:53:41.358+0000][1][safepoint    ] Safepoint "RevokeBias", Time since last: 15110402 ns, Reaching safepoint: 48800 ns, At safepoint: 9600 ns, Total: 58400 ns
[2020-03-27T07:53:41.358+0000][1][safepoint    ] Safepoint "RevokeBias", Time since last: 511500 ns, Reaching safepoint: 37800 ns, At safepoint: 8400 ns, Total: 46200 ns
[2020-03-27T07:53:41.376+0000][1][safepoint    ] Safepoint "RevokeBias", Time since last: 17304902 ns, Reaching safepoint: 45400 ns, At safepoint: 10400 ns, Total: 55800 ns
[2020-03-27T07:53:41.376+0000][1][safepoint    ] Safepoint "RevokeBias", Time since last: 366100 ns, Reaching safepoint: 30900 ns, At safepoint: 8300 ns, Total: 39200 ns
[2020-03-27T07:53:41.392+0000][1][safepoint    ] Safepoint "RevokeBias", Time since last: 15684202 ns, Reaching safepoint: 60500 ns, At safepoint: 19400 ns, Total: 79900 ns
[2020-03-27T07:53:41.392+0000][1][safepoint    ] Safepoint "RevokeBias", Time since last: 310400 ns, Reaching safepoint: 22800 ns, At safepoint: 6400 ns, Total: 29200 ns
[2020-03-27T07:53:41.392+0000][1][safepoint    ] Safepoint "RevokeBias", Time since last: 282200 ns, Reaching safepoint: 19100 ns, At safepoint: 7000 ns, Total: 26100 ns
[2020-03-27T07:53:41.393+0000][1][safepoint    ] Safepoint "RevokeBias", Time since last: 356000 ns, Reaching safepoint: 18300 ns, At safepoint: 6600 ns, Total: 24900 ns
[2020-03-27T07:53:41.393+0000][1][safepoint    ] Safepoint "RevokeBias", Time since last: 295300 ns, Reaching safepoint: 16800 ns, At safepoint: 6000 ns, Total: 22800 ns
[2020-03-27T07:53:41.409+0000][1][safepoint    ] Safepoint "RevokeBias", Time since last: 15927503 ns, Reaching safepoint: 34800 ns, At safepoint: 11700 ns, Total: 46500 ns
[2020-03-27T07:53:41.411+0000][1][safepoint    ] Safepoint "RevokeBias", Time since last: 1526900 ns, Reaching safepoint: 31500 ns, At safepoint: 10600 ns, Total: 42100 ns
[2020-03-27T07:53:41.411+0000][1][safepoint    ] Safepoint "RevokeBias", Time since last: 363700 ns, Reaching safepoint: 34000 ns, At safepoint: 8900 ns, Total: 42900 ns
[2020-03-27T07:53:41.411+0000][1][safepoint    ] Safepoint "RevokeBias", Time since last: 266900 ns, Reaching safepoint: 18200 ns, At safepoint: 7400 ns, Total: 25600 ns
[2020-03-27T07:53:41.412+0000][1][safepoint    ] Safepoint "RevokeBias", Time since last: 364000 ns, Reaching safepoint: 20000 ns, At safepoint: 7300 ns, Total: 27300 ns
[2020-03-27T07:53:41.412+0000][1][safepoint    ] Safepoint "RevokeBias", Time since last: 265700 ns, Reaching safepoint: 18300 ns, At safepoint: 7100 ns, Total: 25400 ns
[2020-03-27T07:53:41.412+0000][1][safepoint    ] Safepoint "RevokeBias", Time since last: 314800 ns, Reaching safepoint: 16500 ns, At safepoint: 5700 ns, Total: 22200 ns
[2020-03-27T07:53:41.413+0000][1][safepoint    ] Safepoint "RevokeBias", Time since last: 273400 ns, Reaching safepoint: 17300 ns, At safepoint: 6400 ns, Total: 23700 ns
[2020-03-27T07:53:41.413+0000][1][safepoint    ] Safepoint "RevokeBias", Time since last: 262200 ns, Reaching safepoint: 16500 ns, At safepoint: 6500 ns, Total: 23000 ns
[2020-03-27T07:53:41.552+0000][1][safepoint    ] Safepoint "RevokeBias", Time since last: 138889318 ns, Reaching safepoint: 47600 ns, At safepoint: 10800 ns, Total: 58400 ns
[2020-03-27T07:53:41.566+0000][1][safepoint    ] Safepoint "RevokeBias", Time since last: 14452202 ns, Reaching safepoint: 42700 ns, At safepoint: 10200 ns, Total: 52900 ns
[2020-03-27T07:53:41.568+0000][1][safepoint    ] Safepoint "RevokeBias", Time since last: 1651200 ns, Reaching safepoint: 64300 ns, At safepoint: 12300 ns, Total: 76600 ns
[2020-03-27T07:53:41.569+0000][1][safepoint    ] Safepoint "RevokeBias", Time since last: 485500 ns, Reaching safepoint: 37600 ns, At safepoint: 8600 ns, Total: 46200 ns
[2020-03-27T07:53:41.570+0000][1][safepoint    ] Safepoint "RevokeBias", Time since last: 824300 ns, Reaching safepoint: 29000 ns, At safepoint: 10100 ns, Total: 39100 ns
[2020-03-27T07:53:41.570+0000][1][safepoint    ] Safepoint "RevokeBias", Time since last: 264600 ns, Reaching safepoint: 37100 ns, At safepoint: 9100 ns, Total: 46200 ns
[2020-03-27T07:53:41.570+0000][1][safepoint    ] Safepoint "RevokeBias", Time since last: 310800 ns, Reaching safepoint: 89400 ns, At safepoint: 6800 ns, Total: 96200 ns
[2020-03-27T07:53:41.602+0000][1][safepoint    ] Safepoint "RevokeBias", Time since last: 31831604 ns, Reaching safepoint: 98400 ns, At safepoint: 14600 ns, Total: 113000 ns
[2020-03-27T07:53:41.603+0000][1][safepoint    ] Safepoint "RevokeBias", Time since last: 586300 ns, Reaching safepoint: 92700 ns, At safepoint: 8800 ns, Total: 101500 ns
[2020-03-27T07:53:41.608+0000][1][safepoint    ] Safepoint "RevokeBias", Time since last: 4638901 ns, Reaching safepoint: 170800 ns, At safepoint: 21700 ns, Total: 192500 ns
[2020-03-27T07:53:41.620+0000][1][safepoint    ] Safepoint "RevokeBias", Time since last: 12082802 ns, Reaching safepoint: 107200 ns, At safepoint: 12100 ns, Total: 119300 ns
[2020-03-27T07:53:41.621+0000][1][safepoint    ] Safepoint "RevokeBias", Time since last: 423900 ns, Reaching safepoint: 114300 ns, At safepoint: 26600 ns, Total: 140900 ns
[2020-03-27T07:53:41.737+0000][1][safepoint    ] Safepoint "RevokeBias", Time since last: 116277015 ns, Reaching safepoint: 123300 ns, At safepoint: 11400 ns, Total: 134700 ns
[2020-03-27T07:53:41.786+0000][1][safepoint    ] Safepoint "RevokeBias", Time since last: 48451106 ns, Reaching safepoint: 373400 ns, At safepoint: 37500 ns, Total: 410900 ns
[2020-03-27T07:53:41.802+0000][1][safepoint    ] Safepoint "RevokeBias", Time since last: 16500002 ns, Reaching safepoint: 92800 ns, At safepoint: 20700 ns, Total: 113500 ns
[2020-03-27T07:53:41.822+0000][1][safepoint    ] Safepoint "RevokeBias", Time since last: 19749403 ns, Reaching safepoint: 187800 ns, At safepoint: 28500 ns, Total: 216300 ns
[2020-03-27T07:53:41.823+0000][1][safepoint    ] Safepoint "RevokeBias", Time since last: 738700 ns, Reaching safepoint: 209600 ns, At safepoint: 22800 ns, Total: 232400 ns
[2020-03-27T07:53:41.834+0000][1][safepoint    ] Safepoint "RevokeBias", Time since last: 10185301 ns, Reaching safepoint: 193800 ns, At safepoint: 30300 ns, Total: 224100 ns
[2020-03-27T07:53:41.835+0000][1][safepoint    ] Safepoint "RevokeBias", Time since last: 493100 ns, Reaching safepoint: 721800 ns, At safepoint: 25000 ns, Total: 746800 ns
[2020-03-27T07:53:41.890+0000][1][safepoint    ] Safepoint "RevokeBias", Time since last: 54057207 ns, Reaching safepoint: 375100 ns, At safepoint: 60400 ns, Total: 435500 ns
[2020-03-27T07:53:41.890+0000][1][safepoint    ] Safepoint "RevokeBias", Time since last: 353700 ns, Reaching safepoint: 175200 ns, At safepoint: 22000 ns, Total: 197200 ns
[2020-03-27T07:53:42.095+0000][1][safepoint    ] Safepoint "RevokeBias", Time since last: 204826427 ns, Reaching safepoint: 157400 ns, At safepoint: 29300 ns, Total: 186700 ns
[2020-03-27T07:53:42.104+0000][1][safepoint    ] Safepoint "RevokeBias", Time since last: 8749701 ns, Reaching safepoint: 96500 ns, At safepoint: 38900 ns, Total: 135400 ns
[2020-03-27T07:53:42.105+0000][1][safepoint    ] Safepoint "RevokeBias", Time since last: 684300 ns, Reaching safepoint: 97700 ns, At safepoint: 20400 ns, Total: 118100 ns
[2020-03-27T07:53:42.106+0000][1][safepoint    ] Safepoint "RevokeBias", Time since last: 805900 ns, Reaching safepoint: 239700 ns, At safepoint: 19900 ns, Total: 259600 ns
[2020-03-27T07:53:42.112+0000][1][safepoint    ] Safepoint "RevokeBias", Time since last: 6437201 ns, Reaching safepoint: 80700 ns, At safepoint: 12600 ns, Total: 93300 ns
[2020-03-27T07:53:42.179+0000][1][safepoint    ] Safepoint "RevokeBias", Time since last: 63614308 ns, Reaching safepoint: 2704001 ns, At safepoint: 15700 ns, Total: 2719701 ns
[2020-03-27T07:53:42.198+0000][1][safepoint    ] Safepoint "RevokeBias", Time since last: 18845302 ns, Reaching safepoint: 439000 ns, At safepoint: 31300 ns, Total: 470300 ns
[2020-03-27T07:53:42.199+0000][1][safepoint    ] Safepoint "RevokeBias", Time since last: 789500 ns, Reaching safepoint: 174000 ns, At safepoint: 23000 ns, Total: 197000 ns
[2020-03-27T07:53:42.202+0000][1][safepoint    ] Safepoint "RevokeBias", Time since last: 3208801 ns, Reaching safepoint: 91900 ns, At safepoint: 12800 ns, Total: 104700 ns
[2020-03-27T07:53:42.203+0000][1][safepoint    ] Safepoint "RevokeBias", Time since last: 288600 ns, Reaching safepoint: 249600 ns, At safepoint: 11900 ns, Total: 261500 ns
[2020-03-27T07:53:42.206+0000][1][safepoint    ] Safepoint "RevokeBias", Time since last: 2913500 ns, Reaching safepoint: 248300 ns, At safepoint: 23100 ns, Total: 271400 ns
[2020-03-27T07:53:42.209+0000][1][safepoint    ] Safepoint "RevokeBias", Time since last: 2700501 ns, Reaching safepoint: 42900 ns, At safepoint: 50100 ns, Total: 93000 ns
[2020-03-27T07:53:42.213+0000][1][safepoint    ] Safepoint "RevokeBias", Time since last: 3888800 ns, Reaching safepoint: 292500 ns, At safepoint: 23600 ns, Total: 316100 ns
[2020-03-27T07:53:42.215+0000][1][safepoint    ] Safepoint "RevokeBias", Time since last: 1548700 ns, Reaching safepoint: 155000 ns, At safepoint: 23000 ns, Total: 178000 ns
[2020-03-27T07:53:42.216+0000][1][safepoint    ] Safepoint "RevokeBias", Time since last: 1542000 ns, Reaching safepoint: 133201 ns, At safepoint: 25100 ns, Total: 158301 ns
[2020-03-27T07:53:42.219+0000][1][safepoint    ] Safepoint "RevokeBias", Time since last: 1911500 ns, Reaching safepoint: 119600 ns, At safepoint: 23600 ns, Total: 143200 ns
[2020-03-27T07:53:42.220+0000][1][safepoint    ] Safepoint "RevokeBias", Time since last: 1168400 ns, Reaching safepoint: 77700 ns, At safepoint: 11000 ns, Total: 88700 ns
[2020-03-27T07:53:42.220+0000][1][safepoint    ] Safepoint "RevokeBias", Time since last: 258500 ns, Reaching safepoint: 131600 ns, At safepoint: 10300 ns, Total: 141900 ns
[2020-03-27T07:53:42.222+0000][1][safepoint    ] Safepoint "RevokeBias", Time since last: 1503600 ns, Reaching safepoint: 138500 ns, At safepoint: 21600 ns, Total: 160100 ns
[2020-03-27T07:53:42.223+0000][1][gc,start     ] GC(17) Pause Young (Allocation Failure)
[2020-03-27T07:53:42.223+0000][1][gc,task      ] GC(17) Using 2 workers of 2 for evacuation
[2020-03-27T07:53:42.267+0000][1][gc,age       ] GC(17) Desired survivor size 8716288 bytes, new threshold 2 (max threshold 6)
[2020-03-27T07:53:42.267+0000][1][gc,age       ] GC(17) Age table with threshold 2 (max threshold 6)
[2020-03-27T07:53:42.268+0000][1][gc,age       ] GC(17) - age   1:    6106784 bytes,    6106784 total
[2020-03-27T07:53:42.268+0000][1][gc,age       ] GC(17) - age   2:    7844168 bytes,   13950952 total
[2020-03-27T07:53:42.268+0000][1][gc,heap      ] GC(17) ParNew: 152447K->17024K(153344K)
[2020-03-27T07:53:42.269+0000][1][gc,heap      ] GC(17) CMS: 55573K->63457K(353920K)
[2020-03-27T07:53:42.269+0000][1][gc,metaspace ] GC(17) Metaspace: 81224K->81224K(1124352K)
[2020-03-27T07:53:42.269+0000][1][gc           ] GC(17) Pause Young (Allocation Failure) 203M->78M(495M) 46.629ms
[2020-03-27T07:53:42.270+0000][1][gc,cpu       ] GC(17) User=0.04s Sys=0.00s Real=0.05s
[2020-03-27T07:53:42.270+0000][1][safepoint    ] Safepoint "GenCollectForAllocation", Time since last: 708000 ns, Reaching safepoint: 110300 ns, At safepoint: 47475806 ns, Total: 47586106 ns
[2020-03-27T07:53:42.279+0000][1][safepoint    ] Safepoint "RevokeBias", Time since last: 7732001 ns, Reaching safepoint: 674601 ns, At safepoint: 41500 ns, Total: 716101 ns
[2020-03-27T07:53:42.281+0000][1][safepoint    ] Safepoint "RevokeBias", Time since last: 2378300 ns, Reaching safepoint: 156000 ns, At safepoint: 15500 ns, Total: 171500 ns
[2020-03-27T07:53:42.308+0000][1][safepoint    ] Safepoint "RevokeBias", Time since last: 27110303 ns, Reaching safepoint: 39600 ns, At safepoint: 14400 ns, Total: 54000 ns
[2020-03-27T07:53:42.324+0000][1][safepoint    ] Safepoint "RevokeBias", Time since last: 15748902 ns, Reaching safepoint: 131700 ns, At safepoint: 24600 ns, Total: 156300 ns
[2020-03-27T07:53:42.325+0000][1][safepoint    ] Safepoint "RevokeBias", Time since last: 317100 ns, Reaching safepoint: 353000 ns, At safepoint: 9100 ns, Total: 362100 ns
[2020-03-27T07:53:42.345+0000][1][safepoint    ] Safepoint "RevokeBias", Time since last: 19502703 ns, Reaching safepoint: 172000 ns, At safepoint: 132400 ns, Total: 304400 ns
[2020-03-27T07:53:42.347+0000][1][safepoint    ] Safepoint "RevokeBias", Time since last: 2344500 ns, Reaching safepoint: 104500 ns, At safepoint: 50200 ns, Total: 154700 ns
[2020-03-27T07:53:42.348+0000][1][safepoint    ] Safepoint "RevokeBias", Time since last: 515200 ns, Reaching safepoint: 115400 ns, At safepoint: 18000 ns, Total: 133400 ns
[2020-03-27T07:53:42.348+0000][1][safepoint    ] Safepoint "RevokeBias", Time since last: 355000 ns, Reaching safepoint: 106200 ns, At safepoint: 22100 ns, Total: 128300 ns
[2020-03-27T07:53:42.349+0000][1][safepoint    ] Safepoint "RevokeBias", Time since last: 591901 ns, Reaching safepoint: 152800 ns, At safepoint: 88600 ns, Total: 241400 ns
[2020-03-27T07:53:42.351+0000][1][safepoint    ] Safepoint "BulkRevokeBias", Time since last: 1521500 ns, Reaching safepoint: 164800 ns, At safepoint: 229900 ns, Total: 394700 ns
[2020-03-27T07:53:42.351+0000][1][safepoint    ] Safepoint "RevokeBias", Time since last: 243500 ns, Reaching safepoint: 63700 ns, At safepoint: 11400 ns, Total: 75100 ns
[2020-03-27T07:53:42.352+0000][1][safepoint    ] Safepoint "RevokeBias", Time since last: 385200 ns, Reaching safepoint: 98000 ns, At safepoint: 10500 ns, Total: 108500 ns
[2020-03-27T07:53:42.352+0000][1][safepoint    ] Safepoint "RevokeBias", Time since last: 247200 ns, Reaching safepoint: 107600 ns, At safepoint: 41500 ns, Total: 149100 ns
[2020-03-27T07:53:42.353+0000][1][safepoint    ] Safepoint "RevokeBias", Time since last: 284400 ns, Reaching safepoint: 91000 ns, At safepoint: 18800 ns, Total: 109800 ns
[2020-03-27T07:53:42.353+0000][1][safepoint    ] Safepoint "RevokeBias", Time since last: 323600 ns, Reaching safepoint: 99100 ns, At safepoint: 10700 ns, Total: 109800 ns
[2020-03-27T07:53:42.354+0000][1][safepoint    ] Safepoint "RevokeBias", Time since last: 327800 ns, Reaching safepoint: 94900 ns, At safepoint: 9800 ns, Total: 104700 ns
[2020-03-27T07:53:42.429+0000][1][safepoint    ] Safepoint "RevokeBias", Time since last: 75075610 ns, Reaching safepoint: 116900 ns, At safepoint: 5100 ns, Total: 122000 ns
[2020-03-27T07:53:42.458+0000][1][safepoint    ] Safepoint "RevokeBias", Time since last: 29266404 ns, Reaching safepoint: 96400 ns, At safepoint: 12400 ns, Total: 108800 ns
[2020-03-27T07:53:42.465+0000][1][safepoint    ] Safepoint "RevokeBias", Time since last: 7050401 ns, Reaching safepoint: 39900 ns, At safepoint: 5700 ns, Total: 45600 ns
[2020-03-27T07:53:42.479+0000][1][safepoint    ] Safepoint "RevokeBias", Time since last: 14074501 ns, Reaching safepoint: 45500 ns, At safepoint: 6200 ns, Total: 51700 ns
[2020-03-27T07:53:42.564+0000][1][safepoint    ] Safepoint "RevokeBias", Time since last: 84326311 ns, Reaching safepoint: 56700 ns, At safepoint: 12600 ns, Total: 69300 ns
[2020-03-27T07:53:42.564+0000][1][safepoint    ] Safepoint "RevokeBias", Time since last: 262300 ns, Reaching safepoint: 23100 ns, At safepoint: 43600 ns, Total: 66700 ns
[2020-03-27T07:53:42.608+0000][1][safepoint    ] Safepoint "RevokeBias", Time since last: 43635006 ns, Reaching safepoint: 164700 ns, At safepoint: 54900 ns, Total: 219600 ns
[2020-03-27T07:53:42.615+0000][1][safepoint    ] Safepoint "RevokeBias", Time since last: 3311300 ns, Reaching safepoint: 3617901 ns, At safepoint: 22900 ns, Total: 3640801 ns
[2020-03-27T07:53:42.615+0000][1][safepoint    ] Safepoint "RevokeBias", Time since last: 366700 ns, Reaching safepoint: 191500 ns, At safepoint: 12500 ns, Total: 204000 ns
[2020-03-27T07:53:42.616+0000][1][safepoint    ] Safepoint "RevokeBias", Time since last: 406900 ns, Reaching safepoint: 341800 ns, At safepoint: 12600 ns, Total: 354400 ns
[2020-03-27T07:53:42.617+0000][1][safepoint    ] Safepoint "RevokeBias", Time since last: 340500 ns, Reaching safepoint: 171500 ns, At safepoint: 11500 ns, Total: 183000 ns
[2020-03-27T07:53:42.617+0000][1][safepoint    ] Safepoint "RevokeBias", Time since last: 302900 ns, Reaching safepoint: 333700 ns, At safepoint: 13900 ns, Total: 347600 ns
[2020-03-27T07:53:42.618+0000][1][safepoint    ] Safepoint "RevokeBias", Time since last: 304200 ns, Reaching safepoint: 135700 ns, At safepoint: 12000 ns, Total: 147700 ns
[2020-03-27T07:53:42.618+0000][1][safepoint    ] Safepoint "RevokeBias", Time since last: 238400 ns, Reaching safepoint: 180200 ns, At safepoint: 11200 ns, Total: 191400 ns
[2020-03-27T07:53:42.619+0000][1][safepoint    ] Safepoint "RevokeBias", Time since last: 272900 ns, Reaching safepoint: 165400 ns, At safepoint: 12800 ns, Total: 178200 ns
[2020-03-27T07:53:42.620+0000][1][safepoint    ] Safepoint "BulkRevokeBias", Time since last: 274900 ns, Reaching safepoint: 158800 ns, At safepoint: 436000 ns, Total: 594800 ns
[2020-03-27T07:53:42.661+0000][1][safepoint    ] Safepoint "RevokeBias", Time since last: 40922306 ns, Reaching safepoint: 50600 ns, At safepoint: 23600 ns, Total: 74200 ns
[2020-03-27T07:53:42.661+0000][1][safepoint    ] Safepoint "RevokeBias", Time since last: 665400 ns, Reaching safepoint: 28600 ns, At safepoint: 3900 ns, Total: 32500 ns
[2020-03-27T07:53:42.676+0000][1][safepoint    ] Safepoint "Deoptimize", Time since last: 14328902 ns, Reaching safepoint: 152700 ns, At safepoint: 389700 ns, Total: 542400 ns
[2020-03-27T07:53:42.680+0000][1][safepoint    ] Safepoint "RevokeBias", Time since last: 3434300 ns, Reaching safepoint: 37100 ns, At safepoint: 8800 ns, Total: 45900 ns
[2020-03-27T07:53:42.697+0000][1][safepoint    ] Safepoint "RevokeBias", Time since last: 17295302 ns, Reaching safepoint: 259300 ns, At safepoint: 12300 ns, Total: 271600 ns
[2020-03-27T07:53:42.698+0000][1][safepoint    ] Safepoint "RevokeBias", Time since last: 489400 ns, Reaching safepoint: 28500 ns, At safepoint: 7600 ns, Total: 36100 ns
[2020-03-27T07:53:42.707+0000][1][safepoint    ] Safepoint "RevokeBias", Time since last: 9256002 ns, Reaching safepoint: 107600 ns, At safepoint: 10400 ns, Total: 118000 ns
[2020-03-27T07:53:42.708+0000][1][safepoint    ] Safepoint "RevokeBias", Time since last: 493400 ns, Reaching safepoint: 102600 ns, At safepoint: 24800 ns, Total: 127400 ns
[2020-03-27T07:53:42.713+0000][1][safepoint    ] Safepoint "RevokeBias", Time since last: 5302200 ns, Reaching safepoint: 68300 ns, At safepoint: 13400 ns, Total: 81700 ns
[2020-03-27T07:53:42.714+0000][1][safepoint    ] Safepoint "RevokeBias", Time since last: 786601 ns, Reaching safepoint: 110400 ns, At safepoint: 11600 ns, Total: 122000 ns
[2020-03-27T07:53:42.714+0000][1][safepoint    ] Safepoint "RevokeBias", Time since last: 310300 ns, Reaching safepoint: 92800 ns, At safepoint: 7600 ns, Total: 100400 ns
[2020-03-27T07:53:42.720+0000][1][safepoint    ] Safepoint "RevokeBias", Time since last: 4995300 ns, Reaching safepoint: 108400 ns, At safepoint: 5300 ns, Total: 113700 ns
[2020-03-27T07:53:42.726+0000][1][safepoint    ] Safepoint "RevokeBias", Time since last: 6049601 ns, Reaching safepoint: 102000 ns, At safepoint: 13300 ns, Total: 115300 ns
[2020-03-27T07:53:42.728+0000][1][safepoint    ] Safepoint "RevokeBias", Time since last: 1066200 ns, Reaching safepoint: 928500 ns, At safepoint: 10400 ns, Total: 938900 ns
[2020-03-27T07:53:42.729+0000][1][safepoint    ] Safepoint "RevokeBias", Time since last: 893800 ns, Reaching safepoint: 97700 ns, At safepoint: 9900 ns, Total: 107600 ns
[2020-03-27T07:53:42.729+0000][1][safepoint    ] Safepoint "RevokeBias", Time since last: 577101 ns, Reaching safepoint: 93000 ns, At safepoint: 7100 ns, Total: 100100 ns
[2020-03-27T07:53:42.730+0000][1][safepoint    ] Safepoint "RevokeBias", Time since last: 597500 ns, Reaching safepoint: 92800 ns, At safepoint: 7600 ns, Total: 100400 ns
[2020-03-27T07:53:42.746+0000][1][safepoint    ] Safepoint "BulkRevokeBias", Time since last: 15528502 ns, Reaching safepoint: 104800 ns, At safepoint: 172100 ns, Total: 276900 ns
[2020-03-27T07:53:42.762+0000][1][safepoint    ] Safepoint "RevokeBias", Time since last: 15576502 ns, Reaching safepoint: 75900 ns, At safepoint: 10800 ns, Total: 86700 ns
[2020-03-27T07:53:42.763+0000][1][safepoint    ] Safepoint "RevokeBias", Time since last: 1147900 ns, Reaching safepoint: 96400 ns, At safepoint: 22600 ns, Total: 119000 ns
[2020-03-27T07:53:42.764+0000][1][safepoint    ] Safepoint "RevokeBias", Time since last: 780500 ns, Reaching safepoint: 86900 ns, At safepoint: 25300 ns, Total: 112200 ns
[2020-03-27T07:53:42.765+0000][1][safepoint    ] Safepoint "RevokeBias", Time since last: 809500 ns, Reaching safepoint: 74000 ns, At safepoint: 5500 ns, Total: 79500 ns
[2020-03-27T07:53:42.765+0000][1][safepoint    ] Safepoint "RevokeBias", Time since last: 275500 ns, Reaching safepoint: 117700 ns, At safepoint: 5600 ns, Total: 123300 ns
[2020-03-27T07:53:42.765+0000][1][safepoint    ] Safepoint "RevokeBias", Time since last: 286200 ns, Reaching safepoint: 86000 ns, At safepoint: 5400 ns, Total: 91400 ns
[2020-03-27T07:53:42.766+0000][1][safepoint    ] Safepoint "RevokeBias", Time since last: 410800 ns, Reaching safepoint: 86400 ns, At safepoint: 8000 ns, Total: 94400 ns
[2020-03-27T07:53:42.766+0000][1][safepoint    ] Safepoint "RevokeBias", Time since last: 188400 ns, Reaching safepoint: 44500 ns, At safepoint: 7400 ns, Total: 51900 ns
[2020-03-27T07:53:42.767+0000][1][safepoint    ] Safepoint "RevokeBias", Time since last: 824500 ns, Reaching safepoint: 54100 ns, At safepoint: 6600 ns, Total: 60700 ns
[2020-03-27T07:53:42.767+0000][1][safepoint    ] Safepoint "RevokeBias", Time since last: 176400 ns, Reaching safepoint: 45800 ns, At safepoint: 6300 ns, Total: 52100 ns
[2020-03-27T07:53:42.768+0000][1][safepoint    ] Safepoint "RevokeBias", Time since last: 192500 ns, Reaching safepoint: 88800 ns, At safepoint: 7500 ns, Total: 96300 ns
[2020-03-27T07:53:42.768+0000][1][safepoint    ] Safepoint "RevokeBias", Time since last: 455401 ns, Reaching safepoint: 51300 ns, At safepoint: 6300 ns, Total: 57600 ns
[2020-03-27T07:53:42.770+0000][1][safepoint    ] Safepoint "RevokeBias", Time since last: 1954200 ns, Reaching safepoint: 87400 ns, At safepoint: 8100 ns, Total: 95500 ns
[2020-03-27T07:53:42.771+0000][1][safepoint    ] Safepoint "RevokeBias", Time since last: 1147100 ns, Reaching safepoint: 90600 ns, At safepoint: 7300 ns, Total: 97900 ns
[2020-03-27T07:53:42.772+0000][1][safepoint    ] Safepoint "RevokeBias", Time since last: 298800 ns, Reaching safepoint: 109200 ns, At safepoint: 7600 ns, Total: 116800 ns
[2020-03-27T07:53:42.772+0000][1][safepoint    ] Safepoint "RevokeBias", Time since last: 557300 ns, Reaching safepoint: 58100 ns, At safepoint: 5900 ns, Total: 64000 ns
[2020-03-27T07:53:42.773+0000][1][safepoint    ] Safepoint "RevokeBias", Time since last: 214900 ns, Reaching safepoint: 106600 ns, At safepoint: 5900 ns, Total: 112500 ns
[2020-03-27T07:53:42.773+0000][1][safepoint    ] Safepoint "RevokeBias", Time since last: 227100 ns, Reaching safepoint: 98200 ns, At safepoint: 5500 ns, Total: 103700 ns
[2020-03-27T07:53:42.773+0000][1][safepoint    ] Safepoint "RevokeBias", Time since last: 206600 ns, Reaching safepoint: 89600 ns, At safepoint: 5900 ns, Total: 95500 ns
[2020-03-27T07:53:42.776+0000][1][safepoint    ] Safepoint "RevokeBias", Time since last: 2545601 ns, Reaching safepoint: 118100 ns, At safepoint: 10500 ns, Total: 128600 ns
[2020-03-27T07:53:42.777+0000][1][safepoint    ] Safepoint "RevokeBias", Time since last: 1131400 ns, Reaching safepoint: 51600 ns, At safepoint: 9700 ns, Total: 61300 ns
[2020-03-27T07:53:42.778+0000][1][safepoint    ] Safepoint "RevokeBias", Time since last: 391500 ns, Reaching safepoint: 135300 ns, At safepoint: 8900 ns, Total: 144200 ns
[2020-03-27T07:53:42.778+0000][1][safepoint    ] Safepoint "RevokeBias", Time since last: 217100 ns, Reaching safepoint: 87800 ns, At safepoint: 6900 ns, Total: 94700 ns
[2020-03-27T07:53:42.778+0000][1][safepoint    ] Safepoint "RevokeBias", Time since last: 196000 ns, Reaching safepoint: 121400 ns, At safepoint: 6500 ns, Total: 127900 ns
[2020-03-27T07:53:42.779+0000][1][safepoint    ] Safepoint "RevokeBias", Time since last: 239200 ns, Reaching safepoint: 86800 ns, At safepoint: 6300 ns, Total: 93100 ns
[2020-03-27T07:53:42.779+0000][1][safepoint    ] Safepoint "RevokeBias", Time since last: 482100 ns, Reaching safepoint: 79300 ns, At safepoint: 7400 ns, Total: 86700 ns
[2020-03-27T07:53:42.782+0000][1][safepoint    ] Safepoint "RevokeBias", Time since last: 2373900 ns, Reaching safepoint: 112600 ns, At safepoint: 9800 ns, Total: 122400 ns
[2020-03-27T07:53:42.785+0000][1][safepoint    ] Safepoint "RevokeBias", Time since last: 3000901 ns, Reaching safepoint: 74900 ns, At safepoint: 10200 ns, Total: 85100 ns
[2020-03-27T07:53:42.788+0000][1][safepoint    ] Safepoint "RevokeBias", Time since last: 2940200 ns, Reaching safepoint: 245800 ns, At safepoint: 11500 ns, Total: 257300 ns
[2020-03-27T07:53:42.789+0000][1][safepoint    ] Safepoint "RevokeBias", Time since last: 543200 ns, Reaching safepoint: 188000 ns, At safepoint: 58800 ns, Total: 246800 ns
[2020-03-27T07:53:42.823+0000][1][safepoint    ] Safepoint "BulkRevokeBias", Time since last: 34038805 ns, Reaching safepoint: 110100 ns, At safepoint: 150600 ns, Total: 260700 ns
[2020-03-27T07:53:42.887+0000][1][safepoint    ] Safepoint "RevokeBias", Time since last: 63904808 ns, Reaching safepoint: 112500 ns, At safepoint: 9100 ns, Total: 121600 ns
[2020-03-27T07:53:43.203+0000][1][safepoint    ] Safepoint "RevokeBias", Time since last: 315347541 ns, Reaching safepoint: 144000 ns, At safepoint: 14200 ns, Total: 158200 ns
[2020-03-27T07:53:43.204+0000][1][safepoint    ] Safepoint "RevokeBias", Time since last: 667500 ns, Reaching safepoint: 46600 ns, At safepoint: 134200 ns, Total: 180800 ns
[2020-03-27T07:53:43.204+0000][1][safepoint    ] Safepoint "RevokeBias", Time since last: 576800 ns, Reaching safepoint: 167500 ns, At safepoint: 33600 ns, Total: 201100 ns
[2020-03-27T07:53:43.205+0000][1][safepoint    ] Safepoint "RevokeBias", Time since last: 555300 ns, Reaching safepoint: 416400 ns, At safepoint: 34200 ns, Total: 450600 ns
[2020-03-27T07:53:43.206+0000][1][safepoint    ] Safepoint "RevokeBias", Time since last: 490000 ns, Reaching safepoint: 144800 ns, At safepoint: 11300 ns, Total: 156100 ns
[2020-03-27T07:53:43.206+0000][1][safepoint    ] Safepoint "RevokeBias", Time since last: 367500 ns, Reaching safepoint: 25900 ns, At safepoint: 23300 ns, Total: 49200 ns
[2020-03-27T07:53:43.207+0000][1][safepoint    ] Safepoint "RevokeBias", Time since last: 297900 ns, Reaching safepoint: 143000 ns, At safepoint: 25100 ns, Total: 168100 ns
[2020-03-27T07:53:43.216+0000][1][safepoint    ] Safepoint "RevokeBias", Time since last: 8810501 ns, Reaching safepoint: 41300 ns, At safepoint: 10300 ns, Total: 51600 ns
[2020-03-27T07:53:43.217+0000][1][safepoint    ] Safepoint "RevokeBias", Time since last: 1081700 ns, Reaching safepoint: 33000 ns, At safepoint: 6800 ns, Total: 39800 ns
[2020-03-27T07:53:43.218+0000][1][safepoint    ] Safepoint "RevokeBias", Time since last: 735600 ns, Reaching safepoint: 29900 ns, At safepoint: 7700 ns, Total: 37600 ns
[2020-03-27T07:53:43.218+0000][1][safepoint    ] Safepoint "RevokeBias", Time since last: 379700 ns, Reaching safepoint: 52001 ns, At safepoint: 5400 ns, Total: 57401 ns
[2020-03-27T07:53:44.218+0000][1][safepoint    ] Safepoint "Cleanup", Time since last: 1000369428 ns, Reaching safepoint: 62200 ns, At safepoint: 4100 ns, Total: 66300 ns
[2020-03-27T07:53:45.180+0000][1][safepoint    ] Safepoint "RevokeBias", Time since last: 961677812 ns, Reaching safepoint: 112000 ns, At safepoint: 8500 ns, Total: 120500 ns
[2020-03-27T07:53:45.187+0000][1][safepoint    ] Safepoint "RevokeBias", Time since last: 6961606 ns, Reaching safepoint: 113101 ns, At safepoint: 23700 ns, Total: 136801 ns
[2020-03-27T07:53:45.190+0000][1][safepoint    ] Safepoint "RevokeBias", Time since last: 2292102 ns, Reaching safepoint: 104800 ns, At safepoint: 24900 ns, Total: 129700 ns
[2020-03-27T07:53:45.190+0000][1][safepoint    ] Safepoint "RevokeBias", Time since last: 450900 ns, Reaching safepoint: 112700 ns, At safepoint: 9900 ns, Total: 122600 ns
[2020-03-27T07:53:45.197+0000][1][safepoint    ] Safepoint "RevokeBias", Time since last: 6222206 ns, Reaching safepoint: 102300 ns, At safepoint: 7600 ns, Total: 109900 ns
[2020-03-27T07:53:45.201+0000][1][safepoint    ] Safepoint "RevokeBias", Time since last: 4152804 ns, Reaching safepoint: 126700 ns, At safepoint: 7200 ns, Total: 133900 ns
[2020-03-27T07:53:45.203+0000][1][safepoint    ] Safepoint "RevokeBias", Time since last: 2115102 ns, Reaching safepoint: 134200 ns, At safepoint: 8400 ns, Total: 142600 ns
[2020-03-27T07:53:45.231+0000][1][safepoint    ] Safepoint "Deoptimize", Time since last: 26857124 ns, Reaching safepoint: 42900 ns, At safepoint: 440801 ns, Total: 483701 ns
[2020-03-27T07:53:45.238+0000][1][safepoint    ] Safepoint "RevokeBias", Time since last: 7226506 ns, Reaching safepoint: 55500 ns, At safepoint: 20200 ns, Total: 75700 ns
[2020-03-27T07:53:45.321+0000][1][safepoint    ] Safepoint "RevokeBias", Time since last: 83459476 ns, Reaching safepoint: 128500 ns, At safepoint: 8700 ns, Total: 137200 ns
[2020-03-27T07:53:45.392+0000][1][safepoint    ] Safepoint "Deoptimize", Time since last: 69867963 ns, Reaching safepoint: 48900 ns, At safepoint: 441900 ns, Total: 490800 ns
[2020-03-27T07:53:46.443+0000][1][safepoint    ] Safepoint "Cleanup", Time since last: 1051227951 ns, Reaching safepoint: 86800 ns, At safepoint: 6400 ns, Total: 93200 ns
[2020-03-27T07:53:47.456+0000][1][safepoint    ] Safepoint "Cleanup", Time since last: 1006748610 ns, Reaching safepoint: 3785103 ns, At safepoint: 11700 ns, Total: 3796803 ns
[2020-03-27T07:53:47.940+0000][1][safepoint    ] Safepoint "RevokeBias", Time since last: 484462238 ns, Reaching safepoint: 1576002 ns, At safepoint: 14600 ns, Total: 1590602 ns
[2020-03-27T07:53:48.003+0000][1][safepoint    ] Safepoint "RevokeBias", Time since last: 62770756 ns, Reaching safepoint: 78901 ns, At safepoint: 36100 ns, Total: 115001 ns
[2020-03-27T07:53:48.047+0000][1][safepoint    ] Safepoint "RevokeBias", Time since last: 42507338 ns, Reaching safepoint: 1555401 ns, At safepoint: 108300 ns, Total: 1663701 ns
[2020-03-27T07:53:48.113+0000][1][safepoint    ] Safepoint "RevokeBias", Time since last: 65397360 ns, Reaching safepoint: 400600 ns, At safepoint: 15400 ns, Total: 416000 ns
[2020-03-27T07:53:48.117+0000][1][safepoint    ] Safepoint "RevokeBias", Time since last: 4428004 ns, Reaching safepoint: 99500 ns, At safepoint: 12500 ns, Total: 112000 ns
[2020-03-27T07:53:48.118+0000][1][safepoint    ] Safepoint "RevokeBias", Time since last: 395900 ns, Reaching safepoint: 61100 ns, At safepoint: 7000 ns, Total: 68100 ns
[2020-03-27T07:53:48.118+0000][1][safepoint    ] Safepoint "RevokeBias", Time since last: 369301 ns, Reaching safepoint: 100200 ns, At safepoint: 6900 ns, Total: 107100 ns
[2020-03-27T07:53:48.130+0000][1][safepoint    ] Safepoint "RevokeBias", Time since last: 11529110 ns, Reaching safepoint: 161600 ns, At safepoint: 16101 ns, Total: 177701 ns
[2020-03-27T07:53:48.135+0000][1][safepoint    ] Safepoint "RevokeBias", Time since last: 4841004 ns, Reaching safepoint: 59700 ns, At safepoint: 12600 ns, Total: 72300 ns
[2020-03-27T07:53:48.146+0000][1][safepoint    ] Safepoint "RevokeBias", Time since last: 10875310 ns, Reaching safepoint: 269200 ns, At safepoint: 33000 ns, Total: 302200 ns
[2020-03-27T07:53:48.150+0000][1][safepoint    ] Safepoint "RevokeBias", Time since last: 3458503 ns, Reaching safepoint: 172700 ns, At safepoint: 15700 ns, Total: 188400 ns
[2020-03-27T07:53:48.157+0000][1][safepoint    ] Safepoint "RevokeBias", Time since last: 7247107 ns, Reaching safepoint: 69900 ns, At safepoint: 13900 ns, Total: 83800 ns
[2020-03-27T07:53:48.158+0000][1][safepoint    ] Safepoint "RevokeBias", Time since last: 1067401 ns, Reaching safepoint: 74400 ns, At safepoint: 11100 ns, Total: 85500 ns
[2020-03-27T07:53:48.159+0000][1][safepoint    ] Safepoint "RevokeBias", Time since last: 508400 ns, Reaching safepoint: 78101 ns, At safepoint: 8700 ns, Total: 86801 ns
[2020-03-27T07:53:48.188+0000][1][safepoint    ] Safepoint "RevokeBias", Time since last: 29735126 ns, Reaching safepoint: 48400 ns, At safepoint: 29601 ns, Total: 78001 ns
[2020-03-27T07:53:48.190+0000][1][safepoint    ] Safepoint "RevokeBias", Time since last: 1413701 ns, Reaching safepoint: 32800 ns, At safepoint: 25900 ns, Total: 58700 ns
[2020-03-27T07:53:48.191+0000][1][safepoint    ] Safepoint "BulkRevokeBias", Time since last: 607600 ns, Reaching safepoint: 24600 ns, At safepoint: 193401 ns, Total: 218001 ns
[2020-03-27T07:53:48.221+0000][1][safepoint    ] Safepoint "RevokeBias", Time since last: 29878727 ns, Reaching safepoint: 63500 ns, At safepoint: 14900 ns, Total: 78400 ns
[2020-03-27T07:53:48.233+0000][1][safepoint    ] Safepoint "RevokeBias", Time since last: 11493410 ns, Reaching safepoint: 361000 ns, At safepoint: 16000 ns, Total: 377000 ns
[2020-03-27T07:53:48.684+0000][1][safepoint    ] Safepoint "RevokeBias", Time since last: 450861108 ns, Reaching safepoint: 78900 ns, At safepoint: 5900 ns, Total: 84800 ns
[2020-03-27T07:53:48.721+0000][1][safepoint    ] Safepoint "RevokeBias", Time since last: 37342734 ns, Reaching safepoint: 47500 ns, At safepoint: 16300 ns, Total: 63800 ns
[2020-03-27T07:53:48.881+0000][1][safepoint    ] Safepoint "RevokeBias", Time since last: 156756142 ns, Reaching safepoint: 3312303 ns, At safepoint: 14300 ns, Total: 3326603 ns
[2020-03-27T07:53:48.882+0000][1][safepoint    ] Safepoint "RevokeBias", Time since last: 548700 ns, Reaching safepoint: 242500 ns, At safepoint: 11000 ns, Total: 253500 ns
[2020-03-27T07:53:48.883+0000][1][safepoint    ] Safepoint "RevokeBias", Time since last: 885501 ns, Reaching safepoint: 95600 ns, At safepoint: 12400 ns, Total: 108000 ns
[2020-03-27T07:53:48.884+0000][1][safepoint    ] Safepoint "RevokeBias", Time since last: 394001 ns, Reaching safepoint: 437900 ns, At safepoint: 11900 ns, Total: 449800 ns
[2020-03-27T07:53:48.884+0000][1][safepoint    ] Safepoint "RevokeBias", Time since last: 375100 ns, Reaching safepoint: 179700 ns, At safepoint: 22900 ns, Total: 202600 ns
[2020-03-27T07:53:48.885+0000][1][safepoint    ] Safepoint "RevokeBias", Time since last: 218901 ns, Reaching safepoint: 145900 ns, At safepoint: 8400 ns, Total: 154300 ns
[2020-03-27T07:53:48.890+0000][1][safepoint    ] Safepoint "RevokeBias", Time since last: 5047504 ns, Reaching safepoint: 431301 ns, At safepoint: 31200 ns, Total: 462501 ns
[2020-03-27T07:53:48.895+0000][1][safepoint    ] Safepoint "RevokeBias", Time since last: 5079604 ns, Reaching safepoint: 249101 ns, At safepoint: 50500 ns, Total: 299601 ns
[2020-03-27T07:53:48.896+0000][1][safepoint    ] Safepoint "RevokeBias", Time since last: 465500 ns, Reaching safepoint: 139700 ns, At safepoint: 74100 ns, Total: 213800 ns
[2020-03-27T07:53:48.955+0000][1][safepoint    ] Safepoint "RevokeBias", Time since last: 58417753 ns, Reaching safepoint: 648201 ns, At safepoint: 11200 ns, Total: 659401 ns
[2020-03-27T07:53:48.956+0000][1][safepoint    ] Safepoint "RevokeBias", Time since last: 574300 ns, Reaching safepoint: 234700 ns, At safepoint: 9500 ns, Total: 244200 ns
[2020-03-27T07:53:48.956+0000][1][safepoint    ] Safepoint "RevokeBias", Time since last: 366201 ns, Reaching safepoint: 39900 ns, At safepoint: 17400 ns, Total: 57300 ns
[2020-03-27T07:53:48.961+0000][1][safepoint    ] Safepoint "RevokeBias", Time since last: 2116702 ns, Reaching safepoint: 2160702 ns, At safepoint: 41900 ns, Total: 2202602 ns
[2020-03-27T07:53:48.962+0000][1][safepoint    ] Safepoint "RevokeBias", Time since last: 468600 ns, Reaching safepoint: 223100 ns, At safepoint: 52200 ns, Total: 275300 ns
[2020-03-27T07:53:48.996+0000][1][safepoint    ] Safepoint "RevokeBias", Time since last: 34119931 ns, Reaching safepoint: 260100 ns, At safepoint: 29600 ns, Total: 289700 ns
[2020-03-27T07:53:48.997+0000][1][safepoint    ] Safepoint "RevokeBias", Time since last: 467301 ns, Reaching safepoint: 355400 ns, At safepoint: 209200 ns, Total: 564600 ns
[2020-03-27T07:53:48.998+0000][1][safepoint    ] Safepoint "RevokeBias", Time since last: 325301 ns, Reaching safepoint: 321900 ns, At safepoint: 181100 ns, Total: 503000 ns
[2020-03-27T07:53:49.024+0000][1][safepoint    ] Safepoint "RevokeBias", Time since last: 15400014 ns, Reaching safepoint: 11008110 ns, At safepoint: 34400 ns, Total: 11042510 ns
[2020-03-27T07:53:49.067+0000][1][safepoint    ] Safepoint "RevokeBias", Time since last: 42347238 ns, Reaching safepoint: 632501 ns, At safepoint: 18000 ns, Total: 650501 ns
[2020-03-27T07:53:49.068+0000][1][safepoint    ] Safepoint "RevokeBias", Time since last: 669001 ns, Reaching safepoint: 330800 ns, At safepoint: 50400 ns, Total: 381200 ns
[2020-03-27T07:53:49.074+0000][1][safepoint    ] Safepoint "RevokeBias", Time since last: 5336205 ns, Reaching safepoint: 337400 ns, At safepoint: 16300 ns, Total: 353700 ns
[2020-03-27T07:53:49.076+0000][1][safepoint    ] Safepoint "RevokeBias", Time since last: 2030102 ns, Reaching safepoint: 185700 ns, At safepoint: 110400 ns, Total: 296100 ns
[2020-03-27T07:53:49.078+0000][1][safepoint    ] Safepoint "RevokeBias", Time since last: 1034501 ns, Reaching safepoint: 200100 ns, At safepoint: 26300 ns, Total: 226400 ns
[2020-03-27T07:53:49.084+0000][1][safepoint    ] Safepoint "RevokeBias", Time since last: 6012206 ns, Reaching safepoint: 255200 ns, At safepoint: 14500 ns, Total: 269700 ns
[2020-03-27T07:53:49.111+0000][1][safepoint    ] Safepoint "RevokeBias", Time since last: 26171124 ns, Reaching safepoint: 609100 ns, At safepoint: 86700 ns, Total: 695800 ns
[2020-03-27T07:53:49.142+0000][1][safepoint    ] Safepoint "RevokeBias", Time since last: 30930328 ns, Reaching safepoint: 351501 ns, At safepoint: 246300 ns, Total: 597801 ns
[2020-03-27T07:53:49.143+0000][1][safepoint    ] Safepoint "RevokeBias", Time since last: 630400 ns, Reaching safepoint: 288701 ns, At safepoint: 47600 ns, Total: 336301 ns
[2020-03-27T07:53:49.152+0000][1][safepoint    ] Safepoint "RevokeBias", Time since last: 6533806 ns, Reaching safepoint: 2261002 ns, At safepoint: 24800 ns, Total: 2285802 ns
[2020-03-27T07:53:49.156+0000][1][safepoint    ] Safepoint "RevokeBias", Time since last: 591600 ns, Reaching safepoint: 3226903 ns, At safepoint: 17100 ns, Total: 3244003 ns
[2020-03-27T07:53:49.161+0000][1][safepoint    ] Safepoint "RevokeBias", Time since last: 2539102 ns, Reaching safepoint: 2132202 ns, At safepoint: 151500 ns, Total: 2283702 ns
[2020-03-27T07:53:49.163+0000][1][safepoint    ] Safepoint "RevokeBias", Time since last: 380901 ns, Reaching safepoint: 2150102 ns, At safepoint: 28500 ns, Total: 2178602 ns
[2020-03-27T07:53:49.203+0000][1][safepoint    ] Safepoint "RevokeBias", Time since last: 39941636 ns, Reaching safepoint: 97300 ns, At safepoint: 15800 ns, Total: 113100 ns
[2020-03-27T07:53:49.204+0000][1][safepoint    ] Safepoint "RevokeBias", Time since last: 775701 ns, Reaching safepoint: 217800 ns, At safepoint: 10400 ns, Total: 228200 ns
[2020-03-27T07:53:49.215+0000][1][safepoint    ] Safepoint "RevokeBias", Time since last: 11026410 ns, Reaching safepoint: 64700 ns, At safepoint: 13300 ns, Total: 78000 ns
[2020-03-27T07:53:49.254+0000][1][safepoint    ] Safepoint "RevokeBias", Time since last: 38673935 ns, Reaching safepoint: 304800 ns, At safepoint: 31800 ns, Total: 336600 ns
[2020-03-27T07:53:49.262+0000][1][safepoint    ] Safepoint "RevokeBias", Time since last: 7258807 ns, Reaching safepoint: 137500 ns, At safepoint: 16700 ns, Total: 154200 ns
[2020-03-27T07:53:49.264+0000][1][safepoint    ] Safepoint "RevokeBias", Time since last: 817601 ns, Reaching safepoint: 953100 ns, At safepoint: 14800 ns, Total: 967900 ns
[2020-03-27T07:53:49.264+0000][1][safepoint    ] Safepoint "RevokeBias", Time since last: 435301 ns, Reaching safepoint: 104500 ns, At safepoint: 19700 ns, Total: 124200 ns
[2020-03-27T07:53:49.266+0000][1][safepoint    ] Safepoint "RevokeBias", Time since last: 1236101 ns, Reaching safepoint: 135900 ns, At safepoint: 12500 ns, Total: 148400 ns
[2020-03-27T07:53:49.269+0000][1][safepoint    ] Safepoint "RevokeBias", Time since last: 3105103 ns, Reaching safepoint: 129200 ns, At safepoint: 13200 ns, Total: 142400 ns
[2020-03-27T07:53:49.281+0000][1][safepoint    ] Safepoint "RevokeBias", Time since last: 11016110 ns, Reaching safepoint: 1052001 ns, At safepoint: 20800 ns, Total: 1072801 ns
[2020-03-27T07:53:49.285+0000][1][safepoint    ] Safepoint "RevokeBias", Time since last: 1905602 ns, Reaching safepoint: 2137502 ns, At safepoint: 28900 ns, Total: 2166402 ns
[2020-03-27T07:53:49.286+0000][1][safepoint    ] Safepoint "RevokeBias", Time since last: 870801 ns, Reaching safepoint: 211200 ns, At safepoint: 14400 ns, Total: 225600 ns
[2020-03-27T07:53:49.287+0000][1][safepoint    ] Safepoint "RevokeBias", Time since last: 1173901 ns, Reaching safepoint: 172300 ns, At safepoint: 17900 ns, Total: 190200 ns
[2020-03-27T07:53:49.289+0000][1][safepoint    ] Safepoint "RevokeBias", Time since last: 1047201 ns, Reaching safepoint: 422900 ns, At safepoint: 48300 ns, Total: 471200 ns
[2020-03-27T07:53:49.290+0000][1][safepoint    ] Safepoint "RevokeBias", Time since last: 377101 ns, Reaching safepoint: 640200 ns, At safepoint: 20600 ns, Total: 660800 ns
[2020-03-27T07:53:49.291+0000][1][safepoint    ] Safepoint "RevokeBias", Time since last: 352001 ns, Reaching safepoint: 205800 ns, At safepoint: 11400 ns, Total: 217200 ns
[2020-03-27T07:53:49.291+0000][1][safepoint    ] Safepoint "RevokeBias", Time since last: 738000 ns, Reaching safepoint: 120001 ns, At safepoint: 11100 ns, Total: 131101 ns
[2020-03-27T07:53:49.292+0000][1][safepoint    ] Safepoint "RevokeBias", Time since last: 529200 ns, Reaching safepoint: 150800 ns, At safepoint: 11900 ns, Total: 162700 ns
[2020-03-27T07:53:49.293+0000][1][safepoint    ] Safepoint "RevokeBias", Time since last: 350401 ns, Reaching safepoint: 74700 ns, At safepoint: 10200 ns, Total: 84900 ns
[2020-03-27T07:53:49.294+0000][1][safepoint    ] Safepoint "RevokeBias", Time since last: 648500 ns, Reaching safepoint: 490001 ns, At safepoint: 11500 ns, Total: 501501 ns
[2020-03-27T07:53:49.294+0000][1][safepoint    ] Safepoint "RevokeBias", Time since last: 403400 ns, Reaching safepoint: 76800 ns, At safepoint: 27400 ns, Total: 104200 ns
[2020-03-27T07:53:49.313+0000][1][safepoint    ] Safepoint "RevokeBias", Time since last: 19045617 ns, Reaching safepoint: 71000 ns, At safepoint: 13700 ns, Total: 84700 ns
[2020-03-27T07:53:49.636+0000][1][safepoint    ] Safepoint "RevokeBias", Time since last: 321687391 ns, Reaching safepoint: 1004101 ns, At safepoint: 17500 ns, Total: 1021601 ns
[2020-03-27T07:53:49.645+0000][1][safepoint    ] Safepoint "RevokeBias", Time since last: 2816603 ns, Reaching safepoint: 6541106 ns, At safepoint: 19000 ns, Total: 6560106 ns
[2020-03-27T07:53:49.734+0000][1][gc,start     ] GC(18) Pause Young (Allocation Failure)
[2020-03-27T07:53:49.735+0000][1][gc,task      ] GC(18) Using 2 workers of 2 for evacuation
[2020-03-27T07:53:50.010+0000][1][gc,age       ] GC(18) Desired survivor size 8716288 bytes, new threshold 2 (max threshold 6)
[2020-03-27T07:53:50.011+0000][1][gc,age       ] GC(18) Age table with threshold 2 (max threshold 6)
[2020-03-27T07:53:50.011+0000][1][gc,age       ] GC(18) - age   1:    4931112 bytes,    4931112 total
[2020-03-27T07:53:50.011+0000][1][gc,age       ] GC(18) - age   2:    5779096 bytes,   10710208 total
[2020-03-27T07:53:50.011+0000][1][gc,heap      ] GC(18) ParNew: 153344K->13457K(153344K)
[2020-03-27T07:53:50.012+0000][1][gc,heap      ] GC(18) CMS: 63457K->71132K(353920K)
[2020-03-27T07:53:50.012+0000][1][gc,metaspace ] GC(18) Metaspace: 87962K->87962K(1130496K)
[2020-03-27T07:53:50.012+0000][1][gc           ] GC(18) Pause Young (Allocation Failure) 211M->82M(495M) 278.603ms
[2020-03-27T07:53:50.013+0000][1][gc,cpu       ] GC(18) User=0.07s Sys=0.03s Real=0.28s
[2020-03-27T07:53:50.013+0000][1][safepoint    ] Safepoint "GenCollectForAllocation", Time since last: 86346278 ns, Reaching safepoint: 144200 ns, At safepoint: 281346154 ns, Total: 281490354 ns
[2020-03-27T07:53:50.064+0000][1][safepoint    ] Safepoint "Deoptimize", Time since last: 50099845 ns, Reaching safepoint: 99000 ns, At safepoint: 484301 ns, Total: 583301 ns
[2020-03-27T07:53:50.127+0000][1][safepoint    ] Safepoint "RevokeBias", Time since last: 62890757 ns, Reaching safepoint: 125700 ns, At safepoint: 334400 ns, Total: 460100 ns
[2020-03-27T07:53:50.152+0000][1][safepoint    ] Safepoint "RevokeBias", Time since last: 24640422 ns, Reaching safepoint: 148101 ns, At safepoint: 126400 ns, Total: 274501 ns
[2020-03-27T07:53:50.153+0000][1][safepoint    ] Safepoint "RevokeBias", Time since last: 577500 ns, Reaching safepoint: 116300 ns, At safepoint: 120500 ns, Total: 236800 ns
[2020-03-27T07:53:50.154+0000][1][safepoint    ] Safepoint "RevokeBias", Time since last: 1061701 ns, Reaching safepoint: 148101 ns, At safepoint: 114200 ns, Total: 262301 ns
[2020-03-27T07:53:50.156+0000][1][safepoint    ] Safepoint "RevokeBias", Time since last: 1171201 ns, Reaching safepoint: 142600 ns, At safepoint: 110200 ns, Total: 252800 ns
[2020-03-27T07:53:50.246+0000][1][safepoint    ] Safepoint "RevokeBias", Time since last: 89516681 ns, Reaching safepoint: 464900 ns, At safepoint: 28700 ns, Total: 493600 ns
[2020-03-27T07:53:50.354+0000][1][safepoint    ] Safepoint "RevokeBias", Time since last: 107477097 ns, Reaching safepoint: 317501 ns, At safepoint: 13200 ns, Total: 330701 ns
[2020-03-27T07:53:50.397+0000][1][safepoint    ] Safepoint "RevokeBias", Time since last: 43618639 ns, Reaching safepoint: 175000 ns, At safepoint: 15200 ns, Total: 190200 ns
[2020-03-27T07:53:50.404+0000][1][safepoint    ] Safepoint "RevokeBias", Time since last: 6566206 ns, Reaching safepoint: 130500 ns, At safepoint: 27100 ns, Total: 157600 ns
[2020-03-27T07:53:50.441+0000][1][safepoint    ] Safepoint "RevokeBias", Time since last: 36676234 ns, Reaching safepoint: 152000 ns, At safepoint: 28900 ns, Total: 180900 ns
[2020-03-27T07:53:50.442+0000][1][safepoint    ] Safepoint "RevokeBias", Time since last: 601000 ns, Reaching safepoint: 106000 ns, At safepoint: 26000 ns, Total: 132000 ns
[2020-03-27T07:53:50.442+0000][1][safepoint    ] Safepoint "RevokeBias", Time since last: 443701 ns, Reaching safepoint: 159200 ns, At safepoint: 10800 ns, Total: 170000 ns
[2020-03-27T07:53:50.443+0000][1][safepoint    ] Safepoint "RevokeBias", Time since last: 443700 ns, Reaching safepoint: 104700 ns, At safepoint: 103601 ns, Total: 208301 ns
[2020-03-27T07:53:50.451+0000][1][safepoint    ] Safepoint "RevokeBias", Time since last: 8165707 ns, Reaching safepoint: 132500 ns, At safepoint: 16100 ns, Total: 148600 ns
[2020-03-27T07:53:50.469+0000][1][safepoint    ] Safepoint "RevokeBias", Time since last: 17453816 ns, Reaching safepoint: 254600 ns, At safepoint: 102000 ns, Total: 356600 ns
[2020-03-27T07:53:50.500+0000][1][safepoint    ] Safepoint "RevokeBias", Time since last: 30827328 ns, Reaching safepoint: 136200 ns, At safepoint: 148000 ns, Total: 284200 ns
[2020-03-27T07:53:50.502+0000][1][safepoint    ] Safepoint "RevokeBias", Time since last: 1492302 ns, Reaching safepoint: 59300 ns, At safepoint: 144700 ns, Total: 204000 ns
[2020-03-27T07:53:50.505+0000][1][safepoint    ] Safepoint "RevokeBias", Time since last: 2452702 ns, Reaching safepoint: 199800 ns, At safepoint: 193900 ns, Total: 393700 ns
[2020-03-27T07:53:50.528+0000][1][safepoint    ] Safepoint "RevokeBias", Time since last: 22482121 ns, Reaching safepoint: 271400 ns, At safepoint: 267700 ns, Total: 539100 ns
[2020-03-27T07:53:50.529+0000][1][safepoint    ] Safepoint "RevokeBias", Time since last: 1203401 ns, Reaching safepoint: 76000 ns, At safepoint: 162801 ns, Total: 238801 ns
[2020-03-27T07:53:50.531+0000][1][safepoint    ] Safepoint "RevokeBias", Time since last: 1173301 ns, Reaching safepoint: 69600 ns, At safepoint: 123700 ns, Total: 193300 ns
[2020-03-27T07:53:50.532+0000][1][safepoint    ] Safepoint "RevokeBias", Time since last: 1132401 ns, Reaching safepoint: 141400 ns, At safepoint: 177600 ns, Total: 319000 ns
[2020-03-27T07:53:50.735+0000][1][safepoint    ] Safepoint "RevokeBias", Time since last: 202351783 ns, Reaching safepoint: 108700 ns, At safepoint: 121600 ns, Total: 230300 ns
[2020-03-27T07:53:50.882+0000][1][safepoint    ] Safepoint "RevokeBias", Time since last: 147077533 ns, Reaching safepoint: 168800 ns, At safepoint: 26200 ns, Total: 195000 ns
[2020-03-27T07:53:50.899+0000][1][safepoint    ] Safepoint "RevokeBias", Time since last: 17297416 ns, Reaching safepoint: 182600 ns, At safepoint: 18700 ns, Total: 201300 ns
[2020-03-27T07:53:50.934+0000][1][safepoint    ] Safepoint "RevokeBias", Time since last: 34025831 ns, Reaching safepoint: 58800 ns, At safepoint: 142800 ns, Total: 201600 ns
[2020-03-27T07:53:50.935+0000][1][safepoint    ] Safepoint "RevokeBias", Time since last: 1090401 ns, Reaching safepoint: 46100 ns, At safepoint: 77600 ns, Total: 123700 ns
[2020-03-27T07:53:50.936+0000][1][safepoint    ] Safepoint "RevokeBias", Time since last: 839901 ns, Reaching safepoint: 37500 ns, At safepoint: 70800 ns, Total: 108300 ns
[2020-03-27T07:53:50.936+0000][1][safepoint    ] Safepoint "RevokeBias", Time since last: 375300 ns, Reaching safepoint: 33700 ns, At safepoint: 50500 ns, Total: 84200 ns
[2020-03-27T07:53:50.942+0000][1][safepoint    ] Safepoint "RevokeBias", Time since last: 5933106 ns, Reaching safepoint: 51600 ns, At safepoint: 82900 ns, Total: 134500 ns
[2020-03-27T07:53:50.943+0000][1][safepoint    ] Safepoint "RevokeBias", Time since last: 500100 ns, Reaching safepoint: 43000 ns, At safepoint: 70401 ns, Total: 113401 ns
[2020-03-27T07:53:50.944+0000][1][safepoint    ] Safepoint "RevokeBias", Time since last: 537000 ns, Reaching safepoint: 99400 ns, At safepoint: 10600 ns, Total: 110000 ns
[2020-03-27T07:53:50.968+0000][1][safepoint    ] Safepoint "RevokeBias", Time since last: 24086022 ns, Reaching safepoint: 71900 ns, At safepoint: 103500 ns, Total: 175400 ns
[2020-03-27T07:53:50.969+0000][1][safepoint    ] Safepoint "RevokeBias", Time since last: 404400 ns, Reaching safepoint: 98500 ns, At safepoint: 207901 ns, Total: 306401 ns
[2020-03-27T07:53:50.969+0000][1][safepoint    ] Safepoint "RevokeBias", Time since last: 401400 ns, Reaching safepoint: 34000 ns, At safepoint: 68800 ns, Total: 102800 ns
[2020-03-27T07:53:50.970+0000][1][safepoint    ] Safepoint "RevokeBias", Time since last: 371700 ns, Reaching safepoint: 32200 ns, At safepoint: 131301 ns, Total: 163501 ns
[2020-03-27T07:53:50.971+0000][1][safepoint    ] Safepoint "BulkRevokeBias", Time since last: 466200 ns, Reaching safepoint: 33000 ns, At safepoint: 684501 ns, Total: 717501 ns
[2020-03-27T07:53:50.972+0000][1][safepoint    ] Safepoint "RevokeBias", Time since last: 809600 ns, Reaching safepoint: 38800 ns, At safepoint: 152101 ns, Total: 190901 ns
[2020-03-27T07:53:50.983+0000][1][safepoint    ] Safepoint "RevokeBias", Time since last: 8390307 ns, Reaching safepoint: 2581802 ns, At safepoint: 187001 ns, Total: 2768803 ns
[2020-03-27T07:53:50.993+0000][1][safepoint    ] Safepoint "RevokeBias", Time since last: 9963209 ns, Reaching safepoint: 149500 ns, At safepoint: 133800 ns, Total: 283300 ns
[2020-03-27T07:53:51.223+0000][1][safepoint    ] Safepoint "RevokeBias", Time since last: 229169407 ns, Reaching safepoint: 218500 ns, At safepoint: 124100 ns, Total: 342600 ns
[2020-03-27T07:53:51.240+0000][1][safepoint    ] Safepoint "RevokeBias", Time since last: 17374916 ns, Reaching safepoint: 193700 ns, At safepoint: 17400 ns, Total: 211100 ns
[2020-03-27T07:53:51.284+0000][1][safepoint    ] Safepoint "RevokeBias", Time since last: 43617040 ns, Reaching safepoint: 208900 ns, At safepoint: 18500 ns, Total: 227400 ns
[2020-03-27T07:53:51.312+0000][1][safepoint    ] Safepoint "RevokeBias", Time since last: 28021425 ns, Reaching safepoint: 157800 ns, At safepoint: 92400 ns, Total: 250200 ns
[2020-03-27T07:53:51.319+0000][1][safepoint    ] Safepoint "RevokeBias", Time since last: 6361806 ns, Reaching safepoint: 142000 ns, At safepoint: 26500 ns, Total: 168500 ns
[2020-03-27T07:53:51.329+0000][1][safepoint    ] Safepoint "RevokeBias", Time since last: 9461009 ns, Reaching safepoint: 197100 ns, At safepoint: 29500 ns, Total: 226600 ns
[2020-03-27T07:53:51.332+0000][1][safepoint    ] Safepoint "RevokeBias", Time since last: 3360603 ns, Reaching safepoint: 431701 ns, At safepoint: 18100 ns, Total: 449801 ns
[2020-03-27T07:53:51.335+0000][1][safepoint    ] Safepoint "RevokeBias", Time since last: 2091501 ns, Reaching safepoint: 107301 ns, At safepoint: 16300 ns, Total: 123601 ns
[2020-03-27T07:53:51.335+0000][1][safepoint    ] Safepoint "RevokeBias", Time since last: 476900 ns, Reaching safepoint: 120000 ns, At safepoint: 13900 ns, Total: 133900 ns
[2020-03-27T07:53:51.336+0000][1][safepoint    ] Safepoint "RevokeBias", Time since last: 333200 ns, Reaching safepoint: 102401 ns, At safepoint: 11300 ns, Total: 113701 ns
[2020-03-27T07:53:51.364+0000][1][safepoint    ] Safepoint "RevokeBias", Time since last: 28330825 ns, Reaching safepoint: 141300 ns, At safepoint: 18400 ns, Total: 159700 ns
[2020-03-27T07:53:51.396+0000][1][safepoint    ] Safepoint "RevokeBias", Time since last: 31813629 ns, Reaching safepoint: 131900 ns, At safepoint: 26100 ns, Total: 158000 ns
[2020-03-27T07:53:51.397+0000][1][safepoint    ] Safepoint "RevokeBias", Time since last: 383001 ns, Reaching safepoint: 66800 ns, At safepoint: 10000 ns, Total: 76800 ns
[2020-03-27T07:53:51.436+0000][1][gc,start     ] GC(19) Pause Young (Allocation Failure)
[2020-03-27T07:53:51.437+0000][1][gc,task      ] GC(19) Using 2 workers of 2 for evacuation
[2020-03-27T07:53:51.483+0000][1][gc,age       ] GC(19) Desired survivor size 8716288 bytes, new threshold 2 (max threshold 6)
[2020-03-27T07:53:51.483+0000][1][gc,age       ] GC(19) Age table with threshold 2 (max threshold 6)
[2020-03-27T07:53:51.483+0000][1][gc,age       ] GC(19) - age   1:    7426960 bytes,    7426960 total
[2020-03-27T07:53:51.484+0000][1][gc,age       ] GC(19) - age   2:    3598720 bytes,   11025680 total
[2020-03-27T07:53:51.484+0000][1][gc,heap      ] GC(19) ParNew: 149777K->16813K(153344K)
[2020-03-27T07:53:51.485+0000][1][gc,heap      ] GC(19) CMS: 71132K->76745K(353920K)
[2020-03-27T07:53:51.485+0000][1][gc,metaspace ] GC(19) Metaspace: 88399K->88399K(1130496K)
[2020-03-27T07:53:51.486+0000][1][gc           ] GC(19) Pause Young (Allocation Failure) 215M->91M(495M) 49.283ms
[2020-03-27T07:53:51.486+0000][1][gc,cpu       ] GC(19) User=0.03s Sys=0.00s Real=0.05s
[2020-03-27T07:53:51.487+0000][1][safepoint    ] Safepoint "GenCollectForAllocation", Time since last: 39623635 ns, Reaching safepoint: 61300 ns, At safepoint: 50331946 ns, Total: 50393246 ns
[2020-03-27T07:53:51.619+0000][1][safepoint    ] Safepoint "RevokeBias", Time since last: 130850018 ns, Reaching safepoint: 1029201 ns, At safepoint: 18600 ns, Total: 1047801 ns
[2020-03-27T07:53:51.645+0000][1][safepoint    ] Safepoint "RevokeBias", Time since last: 26726724 ns, Reaching safepoint: 145901 ns, At safepoint: 44100 ns, Total: 190001 ns
[2020-03-27T07:53:51.647+0000][1][safepoint    ] Safepoint "RevokeBias", Time since last: 835800 ns, Reaching safepoint: 427001 ns, At safepoint: 36500 ns, Total: 463501 ns
[2020-03-27T07:53:51.647+0000][1][safepoint    ] Safepoint "RevokeBias", Time since last: 376000 ns, Reaching safepoint: 115300 ns, At safepoint: 177600 ns, Total: 292900 ns
[2020-03-27T07:53:51.650+0000][1][safepoint    ] Safepoint "RevokeBias", Time since last: 2645003 ns, Reaching safepoint: 177700 ns, At safepoint: 26200 ns, Total: 203900 ns
[2020-03-27T07:53:51.653+0000][1][safepoint    ] Safepoint "RevokeBias", Time since last: 2546902 ns, Reaching safepoint: 169000 ns, At safepoint: 21200 ns, Total: 190200 ns
[2020-03-27T07:53:51.662+0000][1][safepoint    ] Safepoint "RevokeBias", Time since last: 9224509 ns, Reaching safepoint: 117700 ns, At safepoint: 30800 ns, Total: 148500 ns
[2020-03-27T07:53:51.666+0000][1][safepoint    ] Safepoint "RevokeBias", Time since last: 3817603 ns, Reaching safepoint: 149400 ns, At safepoint: 16000 ns, Total: 165400 ns
[2020-03-27T07:53:51.675+0000][1][safepoint    ] Safepoint "RevokeBias", Time since last: 8009308 ns, Reaching safepoint: 162300 ns, At safepoint: 15500 ns, Total: 177800 ns
[2020-03-27T07:53:51.739+0000][1][safepoint    ] Safepoint "RevokeBias", Time since last: 64132758 ns, Reaching safepoint: 210300 ns, At safepoint: 88000 ns, Total: 298300 ns
[2020-03-27T07:53:51.741+0000][1][safepoint    ] Safepoint "RevokeBias", Time since last: 1408201 ns, Reaching safepoint: 298601 ns, At safepoint: 30600 ns, Total: 329201 ns
[2020-03-27T07:53:51.757+0000][1][safepoint    ] Safepoint "RevokeBias", Time since last: 16199214 ns, Reaching safepoint: 76400 ns, At safepoint: 63200 ns, Total: 139600 ns
[2020-03-27T07:53:51.759+0000][1][safepoint    ] Safepoint "RevokeBias", Time since last: 1655302 ns, Reaching safepoint: 47100 ns, At safepoint: 129200 ns, Total: 176300 ns
[2020-03-27T07:53:51.760+0000][1][safepoint    ] Safepoint "RevokeBias", Time since last: 497001 ns, Reaching safepoint: 183200 ns, At safepoint: 114400 ns, Total: 297600 ns
[2020-03-27T07:53:52.762+0000][1][safepoint    ] Safepoint "Cleanup", Time since last: 1002313006 ns, Reaching safepoint: 209700 ns, At safepoint: 6700 ns, Total: 216400 ns
[2020-03-27T07:53:52.775+0000][1][safepoint    ] Safepoint "RevokeBias", Time since last: 12810412 ns, Reaching safepoint: 238200 ns, At safepoint: 54300 ns, Total: 292500 ns
[2020-03-27T07:53:52.777+0000][1][safepoint    ] Safepoint "RevokeBias", Time since last: 1054001 ns, Reaching safepoint: 192200 ns, At safepoint: 11400 ns, Total: 203600 ns
[2020-03-27T07:53:52.778+0000][1][safepoint    ] Safepoint "RevokeBias", Time since last: 997501 ns, Reaching safepoint: 132200 ns, At safepoint: 13200 ns, Total: 145400 ns
[2020-03-27T07:53:52.779+0000][1][safepoint    ] Safepoint "RevokeBias", Time since last: 981601 ns, Reaching safepoint: 125800 ns, At safepoint: 10500 ns, Total: 136300 ns
[2020-03-27T07:53:52.820+0000][1][safepoint    ] Safepoint "RevokeBias", Time since last: 41265037 ns, Reaching safepoint: 178101 ns, At safepoint: 60500 ns, Total: 238601 ns
[2020-03-27T07:53:52.821+0000][1][safepoint    ] Safepoint "RevokeBias", Time since last: 791800 ns, Reaching safepoint: 36400 ns, At safepoint: 13800 ns, Total: 50200 ns
[2020-03-27T07:53:52.860+0000][1][safepoint    ] Safepoint "RevokeBias", Time since last: 38399625 ns, Reaching safepoint: 181400 ns, At safepoint: 27400 ns, Total: 208800 ns
[2020-03-27T07:53:52.860+0000][1][safepoint    ] Safepoint "RevokeBias", Time since last: 220000 ns, Reaching safepoint: 112100 ns, At safepoint: 24501 ns, Total: 136601 ns
[2020-03-27T07:53:53.861+0000][1][safepoint    ] Safepoint "Cleanup", Time since last: 1000362286 ns, Reaching safepoint: 90000 ns, At safepoint: 31000 ns, Total: 121000 ns
[2020-03-27T07:53:54.862+0000][1][safepoint    ] Safepoint "Cleanup", Time since last: 1000940887 ns, Reaching safepoint: 155200 ns, At safepoint: 62700 ns, Total: 217900 ns
[2020-03-27T07:53:55.863+0000][1][safepoint    ] Safepoint "Cleanup", Time since last: 1001171487 ns, Reaching safepoint: 68700 ns, At safepoint: 25700 ns, Total: 94400 ns
[2020-03-27T07:53:56.864+0000][1][safepoint    ] Safepoint "Cleanup", Time since last: 1000764787 ns, Reaching safepoint: 182900 ns, At safepoint: 35200 ns, Total: 218100 ns
[2020-03-27T07:53:57.865+0000][1][safepoint    ] Safepoint "Cleanup", Time since last: 1000959987 ns, Reaching safepoint: 269400 ns, At safepoint: 32300 ns, Total: 301700 ns
[2020-03-27T07:53:57.948+0000][1][safepoint    ] Safepoint "RevokeBias", Time since last: 82863649 ns, Reaching safepoint: 149800 ns, At safepoint: 40100 ns, Total: 189900 ns
[2020-03-27T07:53:57.950+0000][1][safepoint    ] Safepoint "RevokeBias", Time since last: 1627501 ns, Reaching safepoint: 96700 ns, At safepoint: 51400 ns, Total: 148100 ns
[2020-03-27T07:53:57.952+0000][1][safepoint    ] Safepoint "RevokeBias", Time since last: 1209301 ns, Reaching safepoint: 245800 ns, At safepoint: 28200 ns, Total: 274000 ns
[2020-03-27T07:53:57.953+0000][1][safepoint    ] Safepoint "RevokeBias", Time since last: 1168801 ns, Reaching safepoint: 82800 ns, At safepoint: 59700 ns, Total: 142500 ns
[2020-03-27T07:53:57.954+0000][1][safepoint    ] Safepoint "RevokeBias", Time since last: 1122600 ns, Reaching safepoint: 260200 ns, At safepoint: 38200 ns, Total: 298400 ns
[2020-03-27T07:53:57.955+0000][1][safepoint    ] Safepoint "RevokeBias", Time since last: 994501 ns, Reaching safepoint: 58500 ns, At safepoint: 26500 ns, Total: 85000 ns
[2020-03-27T07:53:57.957+0000][1][safepoint    ] Safepoint "RevokeBias", Time since last: 974801 ns, Reaching safepoint: 129500 ns, At safepoint: 42600 ns, Total: 172100 ns
[2020-03-27T07:53:57.972+0000][1][safepoint    ] Safepoint "RevokeBias", Time since last: 15275509 ns, Reaching safepoint: 59400 ns, At safepoint: 29400 ns, Total: 88800 ns
[2020-03-27T07:53:57.973+0000][1][safepoint    ] Safepoint "RevokeBias", Time since last: 693300 ns, Reaching safepoint: 43000 ns, At safepoint: 27600 ns, Total: 70600 ns
[2020-03-27T07:53:57.974+0000][1][safepoint    ] Safepoint "RevokeBias", Time since last: 954601 ns, Reaching safepoint: 125200 ns, At safepoint: 31600 ns, Total: 156800 ns
[2020-03-27T07:53:57.977+0000][1][safepoint    ] Safepoint "RevokeBias", Time since last: 2782902 ns, Reaching safepoint: 51800 ns, At safepoint: 15300 ns, Total: 67100 ns
[2020-03-27T07:53:57.978+0000][1][safepoint    ] Safepoint "RevokeBias", Time since last: 1165200 ns, Reaching safepoint: 34300 ns, At safepoint: 24200 ns, Total: 58500 ns
[2020-03-27T07:53:57.979+0000][1][safepoint    ] Safepoint "RevokeBias", Time since last: 553301 ns, Reaching safepoint: 204700 ns, At safepoint: 14900 ns, Total: 219600 ns
[2020-03-27T07:53:57.980+0000][1][safepoint    ] Safepoint "RevokeBias", Time since last: 746000 ns, Reaching safepoint: 37000 ns, At safepoint: 68100 ns, Total: 105100 ns
[2020-03-27T07:53:57.980+0000][1][safepoint    ] Safepoint "RevokeBias", Time since last: 544901 ns, Reaching safepoint: 28500 ns, At safepoint: 20600 ns, Total: 49100 ns
[2020-03-27T07:53:57.984+0000][1][safepoint    ] Safepoint "RevokeBias", Time since last: 3419002 ns, Reaching safepoint: 31700 ns, At safepoint: 21400 ns, Total: 53100 ns
[2020-03-27T07:53:57.984+0000][1][safepoint    ] Safepoint "RevokeBias", Time since last: 620500 ns, Reaching safepoint: 29700 ns, At safepoint: 22900 ns, Total: 52600 ns
[2020-03-27T07:53:57.985+0000][1][safepoint    ] Safepoint "BulkRevokeBias", Time since last: 535000 ns, Reaching safepoint: 29000 ns, At safepoint: 322401 ns, Total: 351401 ns
[2020-03-27T07:53:57.986+0000][1][safepoint    ] Safepoint "RevokeBias", Time since last: 553900 ns, Reaching safepoint: 26200 ns, At safepoint: 24500 ns, Total: 50700 ns
[2020-03-27T07:53:57.986+0000][1][safepoint    ] Safepoint "RevokeBias", Time since last: 633100 ns, Reaching safepoint: 25900 ns, At safepoint: 19000 ns, Total: 44900 ns
[2020-03-27T07:53:57.987+0000][1][safepoint    ] Safepoint "RevokeBias", Time since last: 519101 ns, Reaching safepoint: 26100 ns, At safepoint: 22900 ns, Total: 49000 ns
[2020-03-27T07:53:57.993+0000][1][safepoint    ] Safepoint "RevokeBias", Time since last: 6380303 ns, Reaching safepoint: 55800 ns, At safepoint: 26700 ns, Total: 82500 ns
[2020-03-27T07:53:57.994+0000][1][safepoint    ] Safepoint "RevokeBias", Time since last: 460301 ns, Reaching safepoint: 51600 ns, At safepoint: 24000 ns, Total: 75600 ns
[2020-03-27T07:53:58.029+0000][1][safepoint    ] Safepoint "RevokeBias", Time since last: 34456920 ns, Reaching safepoint: 83800 ns, At safepoint: 34500 ns, Total: 118300 ns
[2020-03-27T07:53:58.036+0000][1][safepoint    ] Safepoint "RevokeBias", Time since last: 6781504 ns, Reaching safepoint: 239800 ns, At safepoint: 25800 ns, Total: 265600 ns
[2020-03-27T07:53:58.931+0000][1][gc,start     ] GC(20) Pause Young (Allocation Failure)
[2020-03-27T07:53:58.932+0000][1][gc,task      ] GC(20) Using 2 workers of 2 for evacuation
[2020-03-27T07:53:58.945+0000][1][gc,age       ] GC(20) Desired survivor size 8716288 bytes, new threshold 6 (max threshold 6)
[2020-03-27T07:53:58.946+0000][1][gc,age       ] GC(20) Age table with threshold 6 (max threshold 6)
[2020-03-27T07:53:58.946+0000][1][gc,age       ] GC(20) - age   1:    1761392 bytes,    1761392 total
[2020-03-27T07:53:58.947+0000][1][gc,age       ] GC(20) - age   2:     357480 bytes,    2118872 total
[2020-03-27T07:53:58.947+0000][1][gc,heap      ] GC(20) ParNew: 153101K->10877K(153344K)
[2020-03-27T07:53:58.948+0000][1][gc,heap      ] GC(20) CMS: 76745K->80309K(353920K)
[2020-03-27T07:53:58.948+0000][1][gc,metaspace ] GC(20) Metaspace: 88811K->88811K(1130496K)
[2020-03-27T07:53:58.949+0000][1][gc           ] GC(20) Pause Young (Allocation Failure) 224M->89M(495M) 17.336ms
[2020-03-27T07:53:58.949+0000][1][gc,cpu       ] GC(20) User=0.01s Sys=0.00s Real=0.02s
[2020-03-27T07:53:58.950+0000][1][safepoint    ] Safepoint "GenCollectForAllocation", Time since last: 895715025 ns, Reaching safepoint: 77300 ns, At safepoint: 18278211 ns, Total: 18355511 ns
[2020-03-27T07:53:58.965+0000][1][safepoint    ] Safepoint "RevokeBias", Time since last: 15672709 ns, Reaching safepoint: 56000 ns, At safepoint: 16700 ns, Total: 72700 ns
[2020-03-27T07:53:58.967+0000][1][safepoint    ] Safepoint "RevokeBias", Time since last: 1659001 ns, Reaching safepoint: 101300 ns, At safepoint: 21200 ns, Total: 122500 ns
[2020-03-27T07:53:58.969+0000][1][safepoint    ] Safepoint "RevokeBias", Time since last: 2024602 ns, Reaching safepoint: 83900 ns, At safepoint: 20700 ns, Total: 104600 ns
[2020-03-27T07:53:58.970+0000][1][safepoint    ] Safepoint "RevokeBias", Time since last: 902200 ns, Reaching safepoint: 91600 ns, At safepoint: 21700 ns, Total: 113300 ns
[2020-03-27T07:53:59.022+0000][1][safepoint    ] Safepoint "RevokeBias", Time since last: 51367230 ns, Reaching safepoint: 152000 ns, At safepoint: 17800 ns, Total: 169800 ns
[2020-03-27T07:54:00.022+0000][1][safepoint    ] Safepoint "Cleanup", Time since last: 1000462887 ns, Reaching safepoint: 63700 ns, At safepoint: 6300 ns, Total: 70000 ns
[2020-03-27T07:54:00.524+0000][1][safepoint    ] Safepoint "RevokeBias", Time since last: 501805894 ns, Reaching safepoint: 154800 ns, At safepoint: 16100 ns, Total: 170900 ns
[2020-03-27T07:54:00.525+0000][1][safepoint    ] Safepoint "RevokeBias", Time since last: 659901 ns, Reaching safepoint: 35000 ns, At safepoint: 26100 ns, Total: 61100 ns
[2020-03-27T07:54:00.539+0000][1][safepoint    ] Safepoint "RevokeBias", Time since last: 14003108 ns, Reaching safepoint: 171700 ns, At safepoint: 19500 ns, Total: 191200 ns
[2020-03-27T07:54:00.542+0000][1][safepoint    ] Safepoint "RevokeBias", Time since last: 2321902 ns, Reaching safepoint: 173300 ns, At safepoint: 12800 ns, Total: 186100 ns
[2020-03-27T07:54:00.551+0000][1][safepoint    ] Safepoint "RevokeBias", Time since last: 9030105 ns, Reaching safepoint: 110200 ns, At safepoint: 29700 ns, Total: 139900 ns
[2020-03-27T07:54:00.565+0000][1][safepoint    ] Safepoint "RevokeBias", Time since last: 13809008 ns, Reaching safepoint: 154800 ns, At safepoint: 15100 ns, Total: 169900 ns
[2020-03-27T07:54:00.587+0000][1][safepoint    ] Safepoint "RevokeBias", Time since last: 21986913 ns, Reaching safepoint: 442500 ns, At safepoint: 31500 ns, Total: 474000 ns
[2020-03-27T07:54:00.592+0000][1][safepoint    ] Safepoint "RevokeBias", Time since last: 4541403 ns, Reaching safepoint: 59100 ns, At safepoint: 15000 ns, Total: 74100 ns
[2020-03-27T07:54:00.595+0000][1][safepoint    ] Safepoint "RevokeBias", Time since last: 2745902 ns, Reaching safepoint: 110800 ns, At safepoint: 15600 ns, Total: 126400 ns
[2020-03-27T07:54:00.595+0000][1][safepoint    ] Safepoint "RevokeBias", Time since last: 369900 ns, Reaching safepoint: 36000 ns, At safepoint: 10500 ns, Total: 46500 ns
[2020-03-27T07:54:00.597+0000][1][safepoint    ] Safepoint "RevokeBias", Time since last: 1306201 ns, Reaching safepoint: 68800 ns, At safepoint: 13800 ns, Total: 82600 ns
[2020-03-27T07:54:00.599+0000][1][safepoint    ] Safepoint "RevokeBias", Time since last: 2156601 ns, Reaching safepoint: 106500 ns, At safepoint: 40600 ns, Total: 147100 ns
[2020-03-27T07:54:00.601+0000][1][safepoint    ] Safepoint "RevokeBias", Time since last: 1319101 ns, Reaching safepoint: 128700 ns, At safepoint: 489400 ns, Total: 618100 ns
[2020-03-27T07:54:00.602+0000][1][safepoint    ] Safepoint "RevokeBias", Time since last: 370801 ns, Reaching safepoint: 126300 ns, At safepoint: 228300 ns, Total: 354600 ns
[2020-03-27T07:54:00.607+0000][1][safepoint    ] Safepoint "RevokeBias", Time since last: 5441603 ns, Reaching safepoint: 58300 ns, At safepoint: 16100 ns, Total: 74400 ns
[2020-03-27T07:54:01.097+0000][1][safepoint    ] Safepoint "RevokeBias", Time since last: 489076889 ns, Reaching safepoint: 169499 ns, At safepoint: 282098 ns, Total: 451597 ns
[2020-03-27T07:54:01.099+0000][1][safepoint    ] Safepoint "RevokeBias", Time since last: 2253588 ns, Reaching safepoint: 140899 ns, At safepoint: 59599 ns, Total: 200498 ns
[2020-03-27T07:54:01.146+0000][1][safepoint    ] Safepoint "RevokeBias", Time since last: 46228735 ns, Reaching safepoint: 143600 ns, At safepoint: 32299 ns, Total: 175899 ns
[2020-03-27T07:54:01.146+0000][1][safepoint    ] Safepoint "RevokeBias", Time since last: 598897 ns, Reaching safepoint: 60200 ns, At safepoint: 11700 ns, Total: 71900 ns
[2020-03-27T07:54:01.148+0000][1][safepoint    ] Safepoint "BulkRevokeBias", Time since last: 1343592 ns, Reaching safepoint: 36600 ns, At safepoint: 250498 ns, Total: 287098 ns
[2020-03-27T07:54:01.195+0000][1][safepoint    ] Safepoint "RevokeBias", Time since last: 47204030 ns, Reaching safepoint: 142699 ns, At safepoint: 18400 ns, Total: 161099 ns
[2020-03-27T07:54:01.197+0000][1][safepoint    ] Safepoint "RevokeBias", Time since last: 1745090 ns, Reaching safepoint: 33599 ns, At safepoint: 27000 ns, Total: 60599 ns
[2020-03-27T07:54:01.242+0000][1][safepoint    ] Safepoint "RevokeBias", Time since last: 44584545 ns, Reaching safepoint: 66199 ns, At safepoint: 13600 ns, Total: 79799 ns
[2020-03-27T07:54:02.243+0000][1][safepoint    ] Safepoint "Cleanup", Time since last: 1000587764 ns, Reaching safepoint: 335398 ns, At safepoint: 80299 ns, Total: 415697 ns
[2020-03-27T07:54:03.245+0000][1][safepoint    ] Safepoint "Cleanup", Time since last: 1001527859 ns, Reaching safepoint: 404997 ns, At safepoint: 96300 ns, Total: 501297 ns
[2020-03-27T07:54:04.248+0000][1][safepoint    ] Safepoint "Cleanup", Time since last: 1002619434 ns, Reaching safepoint: 321000 ns, At safepoint: 78200 ns, Total: 399200 ns
[2020-03-27T07:54:05.004+0000][1][safepoint    ] Safepoint "RevokeBias", Time since last: 756279520 ns, Reaching safepoint: 139200 ns, At safepoint: 42400 ns, Total: 181600 ns
[2020-03-27T07:54:05.005+0000][1][safepoint    ] Safepoint "RevokeBias", Time since last: 849100 ns, Reaching safepoint: 205700 ns, At safepoint: 40100 ns, Total: 245800 ns
[2020-03-27T07:54:05.088+0000][1][safepoint    ] Safepoint "RevokeBias", Time since last: 82368213 ns, Reaching safepoint: 184201 ns, At safepoint: 29800 ns, Total: 214001 ns
[2020-03-27T07:54:05.089+0000][1][safepoint    ] Safepoint "RevokeBias", Time since last: 910500 ns, Reaching safepoint: 98600 ns, At safepoint: 26500 ns, Total: 125100 ns
[2020-03-27T07:54:06.090+0000][1][safepoint    ] Safepoint "Cleanup", Time since last: 1000571559 ns, Reaching safepoint: 151300 ns, At safepoint: 58800 ns, Total: 210100 ns
[2020-03-27T07:54:07.092+0000][1][safepoint    ] Safepoint "Cleanup", Time since last: 1001693559 ns, Reaching safepoint: 109700 ns, At safepoint: 23200 ns, Total: 132900 ns
[2020-03-27T07:54:07.978+0000][1][safepoint    ] Safepoint "RevokeBias", Time since last: 886315841 ns, Reaching safepoint: 180400 ns, At safepoint: 27300 ns, Total: 207700 ns
[2020-03-27T07:54:07.979+0000][1][safepoint    ] Safepoint "RevokeBias", Time since last: 648000 ns, Reaching safepoint: 241800 ns, At safepoint: 22900 ns, Total: 264700 ns
[2020-03-27T07:54:07.991+0000][1][safepoint    ] Safepoint "RevokeBias", Time since last: 11802602 ns, Reaching safepoint: 131200 ns, At safepoint: 17200 ns, Total: 148400 ns
[2020-03-27T07:54:07.992+0000][1][safepoint    ] Safepoint "RevokeBias", Time since last: 645400 ns, Reaching safepoint: 107400 ns, At safepoint: 11300 ns, Total: 118700 ns
[2020-03-27T07:54:08.044+0000][1][safepoint    ] Safepoint "RevokeBias", Time since last: 52567609 ns, Reaching safepoint: 74500 ns, At safepoint: 27200 ns, Total: 101700 ns
[2020-03-27T07:54:08.047+0000][1][safepoint    ] Safepoint "RevokeBias", Time since last: 2316900 ns, Reaching safepoint: 83500 ns, At safepoint: 14000 ns, Total: 97500 ns
[2020-03-27T07:54:08.047+0000][1][safepoint    ] Safepoint "RevokeBias", Time since last: 557200 ns, Reaching safepoint: 30400 ns, At safepoint: 21800 ns, Total: 52200 ns
[2020-03-27T07:54:08.049+0000][1][safepoint    ] Safepoint "RevokeBias", Time since last: 1416200 ns, Reaching safepoint: 31400 ns, At safepoint: 20900 ns, Total: 52300 ns
[2020-03-27T07:54:08.119+0000][1][gc,start     ] GC(21) Pause Young (Allocation Failure)
[2020-03-27T07:54:08.120+0000][1][gc,task      ] GC(21) Using 2 workers of 2 for evacuation
[2020-03-27T07:54:08.129+0000][1][gc,age       ] GC(21) Desired survivor size 8716288 bytes, new threshold 6 (max threshold 6)
[2020-03-27T07:54:08.130+0000][1][gc,age       ] GC(21) Age table with threshold 6 (max threshold 6)
[2020-03-27T07:54:08.130+0000][1][gc,age       ] GC(21) - age   1:    7237272 bytes,    7237272 total
[2020-03-27T07:54:08.130+0000][1][gc,age       ] GC(21) - age   2:     659104 bytes,    7896376 total
[2020-03-27T07:54:08.131+0000][1][gc,age       ] GC(21) - age   3:     350680 bytes,    8247056 total
[2020-03-27T07:54:08.131+0000][1][gc,heap      ] GC(21) ParNew: 147197K->10875K(153344K)
[2020-03-27T07:54:08.131+0000][1][gc,heap      ] GC(21) CMS: 80309K->80309K(353920K)
[2020-03-27T07:54:08.132+0000][1][gc,metaspace ] GC(21) Metaspace: 89246K->89246K(1130496K)
[2020-03-27T07:54:08.132+0000][1][gc           ] GC(21) Pause Young (Allocation Failure) 222M->89M(495M) 12.655ms
[2020-03-27T07:54:08.132+0000][1][gc,cpu       ] GC(21) User=0.02s Sys=0.00s Real=0.01s
[2020-03-27T07:54:08.133+0000][1][safepoint    ] Safepoint "GenCollectForAllocation", Time since last: 70208312 ns, Reaching safepoint: 202900 ns, At safepoint: 13316302 ns, Total: 13519202 ns
[2020-03-27T07:54:08.178+0000][1][safepoint    ] Safepoint "RevokeBias", Time since last: 45223207 ns, Reaching safepoint: 117500 ns, At safepoint: 49800 ns, Total: 167300 ns
[2020-03-27T07:54:08.180+0000][1][safepoint    ] Safepoint "RevokeBias", Time since last: 1357300 ns, Reaching safepoint: 133200 ns, At safepoint: 35600 ns, Total: 168800 ns
[2020-03-27T07:54:08.181+0000][1][safepoint    ] Safepoint "RevokeBias", Time since last: 1083500 ns, Reaching safepoint: 112800 ns, At safepoint: 14300 ns, Total: 127100 ns
[2020-03-27T07:54:08.182+0000][1][safepoint    ] Safepoint "RevokeBias", Time since last: 992800 ns, Reaching safepoint: 170600 ns, At safepoint: 13700 ns, Total: 184300 ns
[2020-03-27T07:54:08.229+0000][1][safepoint    ] Safepoint "RevokeBias", Time since last: 47168608 ns, Reaching safepoint: 156700 ns, At safepoint: 21600 ns, Total: 178300 ns
[2020-03-27T07:54:08.309+0000][1][safepoint    ] Safepoint "RevokeBias", Time since last: 79115813 ns, Reaching safepoint: 172900 ns, At safepoint: 27400 ns, Total: 200300 ns
[2020-03-27T07:54:08.313+0000][1][safepoint    ] Safepoint "RevokeBias", Time since last: 4135700 ns, Reaching safepoint: 49500 ns, At safepoint: 21100 ns, Total: 70600 ns
[2020-03-27T07:54:08.326+0000][1][safepoint    ] Safepoint "RevokeBias", Time since last: 12410802 ns, Reaching safepoint: 520000 ns, At safepoint: 52200 ns, Total: 572200 ns
[2020-03-27T07:54:08.662+0000][1][safepoint    ] Safepoint "BulkRevokeBias", Time since last: 335700254 ns, Reaching safepoint: 129000 ns, At safepoint: 268500 ns, Total: 397500 ns
[2020-03-27T07:54:08.989+0000][1][safepoint    ] Safepoint "Deoptimize", Time since last: 326804741 ns, Reaching safepoint: 109000 ns, At safepoint: 619498 ns, Total: 728498 ns
[2020-03-27T07:54:09.018+0000][1][safepoint    ] Safepoint "CollectForMetadataAllocation", Time since last: 28059117 ns, Reaching safepoint: 121500 ns, At safepoint: 72100 ns, Total: 193600 ns
[2020-03-27T07:54:09.376+0000][1][safepoint    ] Safepoint "ICBufferFull", Time since last: 358465241 ns, Reaching safepoint: 160499 ns, At safepoint: 5800 ns, Total: 166299 ns
[2020-03-27T07:54:09.710+0000][1][safepoint    ] Safepoint "CollectForMetadataAllocation", Time since last: 333262216 ns, Reaching safepoint: 84699 ns, At safepoint: 99900 ns, Total: 184599 ns
[2020-03-27T07:54:09.756+0000][1][safepoint    ] Safepoint "RevokeBias", Time since last: 46502863 ns, Reaching safepoint: 87200 ns, At safepoint: 23999 ns, Total: 111199 ns
[2020-03-27T07:54:09.757+0000][1][safepoint    ] Safepoint "RevokeBias", Time since last: 581699 ns, Reaching safepoint: 38000 ns, At safepoint: 13200 ns, Total: 51200 ns
[2020-03-27T07:54:10.133+0000][1][gc,start     ] GC(22) Pause Initial Mark
[2020-03-27T07:54:10.145+0000][1][gc           ] GC(22) Pause Initial Mark 207M->207M(495M) 11.882ms
[2020-03-27T07:54:10.145+0000][1][gc,cpu       ] GC(22) User=0.02s Sys=0.00s Real=0.01s
[2020-03-27T07:54:10.146+0000][1][safepoint    ] Safepoint "CMS_Initial_Mark", Time since last: 375700490 ns, Reaching safepoint: 101599 ns, At safepoint: 13065562 ns, Total: 13167161 ns
[2020-03-27T07:54:10.146+0000][1][gc           ] GC(22) Concurrent Mark
[2020-03-27T07:54:10.342+0000][1][safepoint    ] Safepoint "RevokeBias", Time since last: 195608922 ns, Reaching safepoint: 268499 ns, At safepoint: 48400 ns, Total: 316899 ns
[2020-03-27T07:54:10.343+0000][1][safepoint    ] Safepoint "RevokeBias", Time since last: 820598 ns, Reaching safepoint: 304799 ns, At safepoint: 15400 ns, Total: 320199 ns
[2020-03-27T07:54:10.346+0000][1][safepoint    ] Safepoint "RevokeBias", Time since last: 3107890 ns, Reaching safepoint: 294200 ns, At safepoint: 5900 ns, Total: 300100 ns
[2020-03-27T07:54:10.349+0000][1][safepoint    ] Safepoint "RevokeBias", Time since last: 2324193 ns, Reaching safepoint: 399798 ns, At safepoint: 6100 ns, Total: 405898 ns
[2020-03-27T07:54:10.350+0000][1][safepoint    ] Safepoint "RevokeBias", Time since last: 689198 ns, Reaching safepoint: 166800 ns, At safepoint: 3000 ns, Total: 169800 ns
[2020-03-27T07:54:10.352+0000][1][safepoint    ] Safepoint "RevokeBias", Time since last: 1495395 ns, Reaching safepoint: 121200 ns, At safepoint: 12900 ns, Total: 134100 ns
[2020-03-27T07:54:10.412+0000][1][safepoint    ] Safepoint "RevokeBias", Time since last: 59168625 ns, Reaching safepoint: 1147797 ns, At safepoint: 18100 ns, Total: 1165897 ns
[2020-03-27T07:54:10.427+0000][1][safepoint    ] Safepoint "RevokeBias", Time since last: 14377357 ns, Reaching safepoint: 394999 ns, At safepoint: 142200 ns, Total: 537199 ns
[2020-03-27T07:54:10.433+0000][1][gc,start     ] GC(23) Pause Young (Allocation Failure)
[2020-03-27T07:54:10.434+0000][1][gc,task      ] GC(23) Using 2 workers of 2 for evacuation
[2020-03-27T07:54:10.445+0000][1][gc,age       ] GC(23) Desired survivor size 8716288 bytes, new threshold 6 (max threshold 6)
[2020-03-27T07:54:10.445+0000][1][gc,age       ] GC(23) Age table with threshold 6 (max threshold 6)
[2020-03-27T07:54:10.459+0000][1][gc,age       ] GC(23) - age   1:    4455552 bytes,    4455552 total
[2020-03-27T07:54:10.460+0000][1][gc,age       ] GC(23) - age   2:     419296 bytes,    4874848 total
[2020-03-27T07:54:10.460+0000][1][gc,age       ] GC(23) - age   3:      46744 bytes,    4921592 total
[2020-03-27T07:54:10.461+0000][1][gc,age       ] GC(23) - age   4:     350680 bytes,    5272272 total
[2020-03-27T07:54:10.461+0000][1][gc,heap      ] GC(23) ParNew: 146898K->10225K(153344K)
[2020-03-27T07:54:10.462+0000][1][gc,heap      ] GC(23) CMS: 80309K->80309K(353920K)
[2020-03-27T07:54:10.462+0000][1][gc,metaspace ] GC(23) Metaspace: 90096K->90096K(1132544K)
[2020-03-27T07:54:10.462+0000][1][gc           ] GC(23) Pause Young (Allocation Failure) 221M->88M(495M) 28.993ms
[2020-03-27T07:54:10.463+0000][1][gc,cpu       ] GC(23) User=0.02s Sys=0.01s Real=0.03s
[2020-03-27T07:54:10.463+0000][1][safepoint    ] Safepoint "GenCollectForAllocation", Time since last: 3514889 ns, Reaching safepoint: 3110091 ns, At safepoint: 30042511 ns, Total: 33152602 ns
[2020-03-27T07:54:10.474+0000][1][safepoint    ] Safepoint "RevokeBias", Time since last: 1345696 ns, Reaching safepoint: 9241273 ns, At safepoint: 23500 ns, Total: 9264773 ns
[2020-03-27T07:54:10.488+0000][1][safepoint    ] Safepoint "RevokeBias", Time since last: 13665160 ns, Reaching safepoint: 541298 ns, At safepoint: 14700 ns, Total: 555998 ns
[2020-03-27T07:54:10.489+0000][1][safepoint    ] Safepoint "RevokeBias", Time since last: 394199 ns, Reaching safepoint: 181499 ns, At safepoint: 10800 ns, Total: 192299 ns
[2020-03-27T07:54:10.490+0000][1][safepoint    ] Safepoint "RevokeBias", Time since last: 1017297 ns, Reaching safepoint: 295599 ns, At safepoint: 25700 ns, Total: 321299 ns
[2020-03-27T07:54:10.492+0000][1][safepoint    ] Safepoint "RevokeBias", Time since last: 1341196 ns, Reaching safepoint: 318800 ns, At safepoint: 28899 ns, Total: 347699 ns
[2020-03-27T07:54:10.564+0000][1][safepoint    ] Safepoint "RevokeBias", Time since last: 71927788 ns, Reaching safepoint: 473099 ns, At safepoint: 12800 ns, Total: 485899 ns
[2020-03-27T07:54:10.567+0000][1][safepoint    ] Safepoint "RevokeBias", Time since last: 1760194 ns, Reaching safepoint: 1035897 ns, At safepoint: 54000 ns, Total: 1089897 ns
[2020-03-27T07:54:10.568+0000][1][safepoint    ] Safepoint "RevokeBias", Time since last: 666098 ns, Reaching safepoint: 266999 ns, At safepoint: 17700 ns, Total: 284699 ns
[2020-03-27T07:54:10.602+0000][1][safepoint    ] Safepoint "RevokeBias", Time since last: 33194102 ns, Reaching safepoint: 448399 ns, At safepoint: 20900 ns, Total: 469299 ns
[2020-03-27T07:54:10.604+0000][1][safepoint    ] Safepoint "RevokeBias", Time since last: 1715695 ns, Reaching safepoint: 155899 ns, At safepoint: 20400 ns, Total: 176299 ns
[2020-03-27T07:54:10.634+0000][1][safepoint    ] Safepoint "RevokeBias", Time since last: 30346311 ns, Reaching safepoint: 407498 ns, At safepoint: 19700 ns, Total: 427198 ns
[2020-03-27T07:54:10.637+0000][1][safepoint    ] Safepoint "RevokeBias", Time since last: 955397 ns, Reaching safepoint: 759398 ns, At safepoint: 417199 ns, Total: 1176597 ns
[2020-03-27T07:54:11.308+0000][1][gc           ] GC(22) Concurrent Mark 1161.354ms
[2020-03-27T07:54:11.308+0000][1][gc,cpu       ] GC(22) User=0.30s Sys=0.12s Real=1.16s
[2020-03-27T07:54:11.309+0000][1][gc           ] GC(22) Concurrent Preclean
[2020-03-27T07:54:11.311+0000][1][gc           ] GC(22) Concurrent Preclean 1.854ms
[2020-03-27T07:54:11.311+0000][1][gc,cpu       ] GC(22) User=0.00s Sys=0.00s Real=0.00s
[2020-03-27T07:54:11.311+0000][1][gc           ] GC(22) Concurrent Abortable Preclean
[2020-03-27T07:54:11.608+0000][1][safepoint    ] Safepoint "RevokeBias", Time since last: 971255931 ns, Reaching safepoint: 179099 ns, At safepoint: 96300 ns, Total: 275399 ns
[2020-03-27T07:54:11.680+0000][1][safepoint    ] Safepoint "RevokeBias", Time since last: 71688688 ns, Reaching safepoint: 77900 ns, At safepoint: 38100 ns, Total: 116000 ns
[2020-03-27T07:54:11.712+0000][1][safepoint    ] Safepoint "RevokeBias", Time since last: 31589306 ns, Reaching safepoint: 67600 ns, At safepoint: 26700 ns, Total: 94300 ns
[2020-03-27T07:54:11.712+0000][1][safepoint    ] Safepoint "RevokeBias", Time since last: 571898 ns, Reaching safepoint: 247400 ns, At safepoint: 22600 ns, Total: 270000 ns
[2020-03-27T07:54:12.713+0000][1][safepoint    ] Safepoint "Cleanup", Time since last: 1000573144 ns, Reaching safepoint: 67199 ns, At safepoint: 19300 ns, Total: 86499 ns
[2020-03-27T07:54:13.714+0000][1][safepoint    ] Safepoint "Cleanup", Time since last: 1000717444 ns, Reaching safepoint: 60700 ns, At safepoint: 14700 ns, Total: 75400 ns
[2020-03-27T07:54:14.715+0000][1][safepoint    ] Safepoint "Cleanup", Time since last: 1000793451 ns, Reaching safepoint: 67300 ns, At safepoint: 4600 ns, Total: 71900 ns
[2020-03-27T07:54:15.716+0000][1][safepoint    ] Safepoint "Cleanup", Time since last: 1000976967 ns, Reaching safepoint: 83700 ns, At safepoint: 18000 ns, Total: 101700 ns
[2020-03-27T07:54:16.391+0000][1][gc           ] GC(22) Concurrent Abortable Preclean 5079.660ms
[2020-03-27T07:54:16.392+0000][1][gc,cpu       ] GC(22) User=0.54s Sys=0.01s Real=5.08s
[2020-03-27T07:54:16.392+0000][1][gc,start     ] GC(22) Pause Remark
[2020-03-27T07:54:16.434+0000][1][gc           ] GC(22) Pause Remark 126M->126M(495M) 41.565ms
[2020-03-27T07:54:16.435+0000][1][gc,cpu       ] GC(22) User=0.02s Sys=0.01s Real=0.04s
[2020-03-27T07:54:16.435+0000][1][safepoint    ] Safepoint "CMS_Final_Remark", Time since last: 676381643 ns, Reaching safepoint: 139400 ns, At safepoint: 43085690 ns, Total: 43225090 ns
[2020-03-27T07:54:16.436+0000][1][gc           ] GC(22) Concurrent Sweep
[2020-03-27T07:54:16.467+0000][1][gc           ] GC(22) Concurrent Sweep 31.234ms
[2020-03-27T07:54:16.468+0000][1][gc,cpu       ] GC(22) User=0.03s Sys=0.00s Real=0.03s
[2020-03-27T07:54:16.468+0000][1][gc           ] GC(22) Concurrent Reset
[2020-03-27T07:54:16.469+0000][1][gc           ] GC(22) Concurrent Reset 0.958ms
[2020-03-27T07:54:16.470+0000][1][gc,cpu       ] GC(22) User=0.01s Sys=0.00s Real=0.00s
[2020-03-27T07:54:16.471+0000][1][gc,heap      ] GC(22) Old: 80309K->79221K(353920K)
[2020-03-27T07:54:17.438+0000][1][safepoint    ] Safepoint "Cleanup", Time since last: 1000647672 ns, Reaching safepoint: 1558800 ns, At safepoint: 30200 ns, Total: 1589000 ns
[2020-03-27T07:54:17.950+0000][1][safepoint    ] Safepoint "RevokeBias", Time since last: 511652766 ns, Reaching safepoint: 327100 ns, At safepoint: 40100 ns, Total: 367200 ns
[2020-03-27T07:54:17.993+0000][1][safepoint    ] Safepoint "RevokeBias", Time since last: 42830006 ns, Reaching safepoint: 190300 ns, At safepoint: 13300 ns, Total: 203600 ns
[2020-03-27T07:54:18.994+0000][1][safepoint    ] Safepoint "Cleanup", Time since last: 1000939929 ns, Reaching safepoint: 129600 ns, At safepoint: 16500 ns, Total: 146100 ns
[2020-03-27T07:54:19.995+0000][1][safepoint    ] Safepoint "Cleanup", Time since last: 1001070328 ns, Reaching safepoint: 166300 ns, At safepoint: 62200 ns, Total: 228500 ns
[2020-03-27T07:54:20.433+0000][1][safepoint    ] Safepoint "RevokeBias", Time since last: 437738157 ns, Reaching safepoint: 144100 ns, At safepoint: 142100 ns, Total: 286200 ns
[2020-03-27T07:54:21.434+0000][1][safepoint    ] Safepoint "Cleanup", Time since last: 1000403828 ns, Reaching safepoint: 68100 ns, At safepoint: 15200 ns, Total: 83300 ns
[2020-03-27T07:54:22.435+0000][1][safepoint    ] Safepoint "Cleanup", Time since last: 1000946129 ns, Reaching safepoint: 199200 ns, At safepoint: 28100 ns, Total: 227300 ns
[2020-03-27T07:54:23.437+0000][1][safepoint    ] Safepoint "Cleanup", Time since last: 1001688829 ns, Reaching safepoint: 95100 ns, At safepoint: 25000 ns, Total: 120100 ns
[2020-03-27T07:54:24.438+0000][1][safepoint    ] Safepoint "Cleanup", Time since last: 1000883329 ns, Reaching safepoint: 90000 ns, At safepoint: 15300 ns, Total: 105300 ns
[2020-03-27T07:54:24.832+0000][1][safepoint    ] Safepoint "RevokeBias", Time since last: 394017050 ns, Reaching safepoint: 193000 ns, At safepoint: 87900 ns, Total: 280900 ns
[2020-03-27T07:54:25.834+0000][1][safepoint    ] Safepoint "Cleanup", Time since last: 1001818147 ns, Reaching safepoint: 68500 ns, At safepoint: 15500 ns, Total: 84000 ns
[2020-03-27T07:54:26.835+0000][1][safepoint    ] Safepoint "Cleanup", Time since last: 1000969291 ns, Reaching safepoint: 123200 ns, At safepoint: 46600 ns, Total: 169800 ns
[2020-03-27T07:54:27.837+0000][1][safepoint    ] Safepoint "Cleanup", Time since last: 1001563591 ns, Reaching safepoint: 280000 ns, At safepoint: 80999 ns, Total: 360999 ns
[2020-03-27T07:54:28.018+0000][1][safepoint    ] Safepoint "RevokeBias", Time since last: 181408536 ns, Reaching safepoint: 77000 ns, At safepoint: 24000 ns, Total: 101000 ns
[2020-03-27T07:54:29.020+0000][1][safepoint    ] Safepoint "Cleanup", Time since last: 1001103091 ns, Reaching safepoint: 329600 ns, At safepoint: 77700 ns, Total: 407300 ns
[2020-03-27T07:54:30.022+0000][1][safepoint    ] Safepoint "Cleanup", Time since last: 1002160690 ns, Reaching safepoint: 90100 ns, At safepoint: 25700 ns, Total: 115800 ns
[2020-03-27T07:54:30.414+0000][1][safepoint    ] Safepoint "RevokeBias", Time since last: 390515145 ns, Reaching safepoint: 1350999 ns, At safepoint: 222100 ns, Total: 1573099 ns
[2020-03-27T07:54:31.415+0000][1][safepoint    ] Safepoint "Cleanup", Time since last: 1000776491 ns, Reaching safepoint: 243300 ns, At safepoint: 95200 ns, Total: 338500 ns
[2020-03-27T07:54:32.418+0000][1][safepoint    ] Safepoint "Cleanup", Time since last: 1002119990 ns, Reaching safepoint: 277300 ns, At safepoint: 77100 ns, Total: 354400 ns
[2020-03-27T07:54:33.420+0000][1][safepoint    ] Safepoint "Cleanup", Time since last: 1001720266 ns, Reaching safepoint: 74100 ns, At safepoint: 15500 ns, Total: 89600 ns
[2020-03-27T07:54:34.421+0000][1][safepoint    ] Safepoint "Cleanup", Time since last: 1001041487 ns, Reaching safepoint: 216200 ns, At safepoint: 79700 ns, Total: 295900 ns
[2020-03-27T07:54:35.423+0000][1][safepoint    ] Safepoint "Cleanup", Time since last: 1001908487 ns, Reaching safepoint: 266601 ns, At safepoint: 76400 ns, Total: 343001 ns
[2020-03-27T07:54:36.426+0000][1][safepoint    ] Safepoint "Cleanup", Time since last: 1002016387 ns, Reaching safepoint: 217600 ns, At safepoint: 177301 ns, Total: 394901 ns
[2020-03-27T07:54:37.428+0000][1][safepoint    ] Safepoint "Cleanup", Time since last: 1002038587 ns, Reaching safepoint: 218400 ns, At safepoint: 82500 ns, Total: 300900 ns
[2020-03-27T07:54:37.992+0000][1][safepoint    ] Safepoint "BulkRevokeBias", Time since last: 562598743 ns, Reaching safepoint: 643500 ns, At safepoint: 428801 ns, Total: 1072301 ns
[2020-03-27T07:54:38.883+0000][1][safepoint    ] Safepoint "RevokeBias", Time since last: 891459600 ns, Reaching safepoint: 118600 ns, At safepoint: 22100 ns, Total: 140700 ns
[2020-03-27T07:54:39.885+0000][1][safepoint    ] Safepoint "Cleanup", Time since last: 1001001387 ns, Reaching safepoint: 336901 ns, At safepoint: 80000 ns, Total: 416901 ns
[2020-03-27T07:54:40.441+0000][1][safepoint    ] Safepoint "RevokeBias", Time since last: 554278935 ns, Reaching safepoint: 2235302 ns, At safepoint: 117500 ns, Total: 2352802 ns
[2020-03-27T07:54:41.442+0000][1][safepoint    ] Safepoint "Cleanup", Time since last: 1000830729 ns, Reaching safepoint: 230900 ns, At safepoint: 83900 ns, Total: 314800 ns
[2020-03-27T07:54:42.445+0000][1][safepoint    ] Safepoint "Cleanup", Time since last: 1002240320 ns, Reaching safepoint: 260900 ns, At safepoint: 84900 ns, Total: 345800 ns
[2020-03-27T07:54:43.053+0000][1][gc,start     ] GC(24) Pause Young (Allocation Failure)
[2020-03-27T07:54:43.054+0000][1][gc,task      ] GC(24) Using 2 workers of 2 for evacuation
[2020-03-27T07:54:43.062+0000][1][gc,age       ] GC(24) Desired survivor size 8716288 bytes, new threshold 1 (max threshold 6)
[2020-03-27T07:54:43.063+0000][1][gc,age       ] GC(24) Age table with threshold 1 (max threshold 6)
[2020-03-27T07:54:43.063+0000][1][gc,age       ] GC(24) - age   1:   13500376 bytes,   13500376 total
[2020-03-27T07:54:43.064+0000][1][gc,age       ] GC(24) - age   2:     405752 bytes,   13906128 total
[2020-03-27T07:54:43.064+0000][1][gc,age       ] GC(24) - age   3:     400048 bytes,   14306176 total
[2020-03-27T07:54:43.065+0000][1][gc,age       ] GC(24) - age   4:      43056 bytes,   14349232 total
[2020-03-27T07:54:43.065+0000][1][gc,age       ] GC(24) - age   5:     348464 bytes,   14697696 total
[2020-03-27T07:54:43.066+0000][1][gc,heap      ] GC(24) ParNew: 146545K->16357K(153344K)
[2020-03-27T07:54:43.066+0000][1][gc,heap      ] GC(24) CMS: 79221K->79221K(353920K)
[2020-03-27T07:54:43.067+0000][1][gc,metaspace ] GC(24) Metaspace: 90273K->90273K(1132544K)
[2020-03-27T07:54:43.067+0000][1][gc           ] GC(24) Pause Young (Allocation Failure) 220M->93M(495M) 13.876ms
[2020-03-27T07:54:43.068+0000][1][gc,cpu       ] GC(24) User=0.01s Sys=0.00s Real=0.02s
[2020-03-27T07:54:43.068+0000][1][safepoint    ] Safepoint "GenCollectForAllocation", Time since last: 608101130 ns, Reaching safepoint: 65000 ns, At safepoint: 15299195 ns, Total: 15364195 ns
[2020-03-27T07:54:43.260+0000][1][safepoint    ] Safepoint "RevokeBias", Time since last: 190934047 ns, Reaching safepoint: 101400 ns, At safepoint: 23800 ns, Total: 125200 ns
[2020-03-27T07:54:43.261+0000][1][safepoint    ] Safepoint "RevokeBias", Time since last: 1217300 ns, Reaching safepoint: 100300 ns, At safepoint: 20799 ns, Total: 121099 ns
[2020-03-27T07:54:43.262+0000][1][safepoint    ] Safepoint "RevokeBias", Time since last: 1031900 ns, Reaching safepoint: 59600 ns, At safepoint: 9200 ns, Total: 68800 ns
[2020-03-27T07:54:43.266+0000][1][safepoint    ] Safepoint "RevokeBias", Time since last: 4339799 ns, Reaching safepoint: 129300 ns, At safepoint: 25300 ns, Total: 154600 ns
[2020-03-27T07:54:43.268+0000][1][safepoint    ] Safepoint "RevokeBias", Time since last: 1386700 ns, Reaching safepoint: 183299 ns, At safepoint: 138600 ns, Total: 321899 ns
[2020-03-27T07:54:43.269+0000][1][safepoint    ] Safepoint "RevokeBias", Time since last: 211300 ns, Reaching safepoint: 152200 ns, At safepoint: 116200 ns, Total: 268400 ns
[2020-03-27T07:54:43.274+0000][1][safepoint    ] Safepoint "RevokeBias", Time since last: 5391299 ns, Reaching safepoint: 339700 ns, At safepoint: 23400 ns, Total: 363100 ns
[2020-03-27T07:54:43.281+0000][1][safepoint    ] Safepoint "RevokeBias", Time since last: 5062098 ns, Reaching safepoint: 1307600 ns, At safepoint: 24000 ns, Total: 1331600 ns
[2020-03-27T07:54:43.290+0000][1][safepoint    ] Safepoint "RevokeBias", Time since last: 8796397 ns, Reaching safepoint: 156300 ns, At safepoint: 16800 ns, Total: 173100 ns
[2020-03-27T07:54:43.294+0000][1][safepoint    ] Safepoint "RevokeBias", Time since last: 3522199 ns, Reaching safepoint: 177300 ns, At safepoint: 41900 ns, Total: 219200 ns
[2020-03-27T07:54:43.294+0000][1][safepoint    ] Safepoint "RevokeBias", Time since last: 552200 ns, Reaching safepoint: 174000 ns, At safepoint: 41800 ns, Total: 215800 ns
[2020-03-27T07:54:43.296+0000][1][safepoint    ] Safepoint "RevokeBias", Time since last: 752100 ns, Reaching safepoint: 500200 ns, At safepoint: 32700 ns, Total: 532900 ns
[2020-03-27T07:54:43.299+0000][1][safepoint    ] Safepoint "RevokeBias", Time since last: 2785799 ns, Reaching safepoint: 382400 ns, At safepoint: 25200 ns, Total: 407600 ns
[2020-03-27T07:54:43.303+0000][1][safepoint    ] Safepoint "RevokeBias", Time since last: 4353399 ns, Reaching safepoint: 173600 ns, At safepoint: 110500 ns, Total: 284100 ns
[2020-03-27T07:54:43.354+0000][1][safepoint    ] Safepoint "RevokeBias", Time since last: 50791085 ns, Reaching safepoint: 167400 ns, At safepoint: 19000 ns, Total: 186400 ns
[2020-03-27T07:54:43.357+0000][1][safepoint    ] Safepoint "RevokeBias", Time since last: 2478800 ns, Reaching safepoint: 220800 ns, At safepoint: 9700 ns, Total: 230500 ns
[2020-03-27T07:54:43.358+0000][1][safepoint    ] Safepoint "RevokeBias", Time since last: 807999 ns, Reaching safepoint: 131100 ns, At safepoint: 19900 ns, Total: 151000 ns
[2020-03-27T07:54:43.360+0000][1][safepoint    ] Safepoint "RevokeBias", Time since last: 1774100 ns, Reaching safepoint: 43300 ns, At safepoint: 20900 ns, Total: 64200 ns
[2020-03-27T07:54:43.372+0000][1][safepoint    ] Safepoint "RevokeBias", Time since last: 11619997 ns, Reaching safepoint: 74800 ns, At safepoint: 15900 ns, Total: 90700 ns
[2020-03-27T07:54:43.374+0000][1][safepoint    ] Safepoint "RevokeBias", Time since last: 2190799 ns, Reaching safepoint: 53700 ns, At safepoint: 7500 ns, Total: 61200 ns
[2020-03-27T07:54:43.382+0000][1][safepoint    ] Safepoint "RevokeBias", Time since last: 8491398 ns, Reaching safepoint: 73600 ns, At safepoint: 16000 ns, Total: 89600 ns
[2020-03-27T07:54:43.446+0000][1][safepoint    ] Safepoint "RevokeBias", Time since last: 63745782 ns, Reaching safepoint: 177300 ns, At safepoint: 55800 ns, Total: 233100 ns
[2020-03-27T07:54:43.449+0000][1][safepoint    ] Safepoint "RevokeBias", Time since last: 2633999 ns, Reaching safepoint: 281900 ns, At safepoint: 16600 ns, Total: 298500 ns
[2020-03-27T07:54:43.450+0000][1][safepoint    ] Safepoint "RevokeBias", Time since last: 625100 ns, Reaching safepoint: 256200 ns, At safepoint: 13200 ns, Total: 269400 ns
[2020-03-27T07:54:43.453+0000][1][safepoint    ] Safepoint "RevokeBias", Time since last: 2358299 ns, Reaching safepoint: 221300 ns, At safepoint: 20200 ns, Total: 241500 ns
[2020-03-27T07:54:43.454+0000][1][safepoint    ] Safepoint "RevokeBias", Time since last: 1079900 ns, Reaching safepoint: 189599 ns, At safepoint: 170400 ns, Total: 359999 ns
[2020-03-27T07:54:43.455+0000][1][safepoint    ] Safepoint "RevokeBias", Time since last: 351100 ns, Reaching safepoint: 212000 ns, At safepoint: 297600 ns, Total: 509600 ns
[2020-03-27T07:54:43.481+0000][1][safepoint    ] Safepoint "RevokeBias", Time since last: 25543193 ns, Reaching safepoint: 429900 ns, At safepoint: 24000 ns, Total: 453900 ns
[2020-03-27T07:54:43.482+0000][1][safepoint    ] Safepoint "RevokeBias", Time since last: 551700 ns, Reaching safepoint: 143300 ns, At safepoint: 13900 ns, Total: 157200 ns
[2020-03-27T07:54:43.482+0000][1][safepoint    ] Safepoint "RevokeBias", Time since last: 310000 ns, Reaching safepoint: 78100 ns, At safepoint: 12000 ns, Total: 90100 ns
[2020-03-27T07:54:43.483+0000][1][safepoint    ] Safepoint "RevokeBias", Time since last: 931799 ns, Reaching safepoint: 54100 ns, At safepoint: 36200 ns, Total: 90300 ns
[2020-03-27T07:54:43.484+0000][1][safepoint    ] Safepoint "RevokeBias", Time since last: 993400 ns, Reaching safepoint: 68600 ns, At safepoint: 11600 ns, Total: 80200 ns
[2020-03-27T07:54:43.530+0000][1][safepoint    ] Safepoint "RevokeBias", Time since last: 44961787 ns, Reaching safepoint: 505500 ns, At safepoint: 25500 ns, Total: 531000 ns
[2020-03-27T07:54:43.619+0000][1][safepoint    ] Safepoint "RevokeBias", Time since last: 88579676 ns, Reaching safepoint: 204199 ns, At safepoint: 59700 ns, Total: 263899 ns
[2020-03-27T07:54:43.625+0000][1][safepoint    ] Safepoint "Deoptimize", Time since last: 5550599 ns, Reaching safepoint: 105500 ns, At safepoint: 684400 ns, Total: 789900 ns
[2020-03-27T07:54:43.628+0000][1][safepoint    ] Safepoint "RevokeBias", Time since last: 3217799 ns, Reaching safepoint: 84200 ns, At safepoint: 9000 ns, Total: 93200 ns
[2020-03-27T07:54:43.629+0000][1][safepoint    ] Safepoint "RevokeBias", Time since last: 351200 ns, Reaching safepoint: 80100 ns, At safepoint: 40200 ns, Total: 120300 ns
[2020-03-27T07:54:43.634+0000][1][safepoint    ] Safepoint "RevokeBias", Time since last: 2968599 ns, Reaching safepoint: 2551199 ns, At safepoint: 25800 ns, Total: 2576999 ns
[2020-03-27T07:54:43.649+0000][1][safepoint    ] Safepoint "RevokeBias", Time since last: 14591596 ns, Reaching safepoint: 190500 ns, At safepoint: 39400 ns, Total: 229900 ns
[2020-03-27T07:54:43.652+0000][1][safepoint    ] Safepoint "RevokeBias", Time since last: 2733599 ns, Reaching safepoint: 229900 ns, At safepoint: 31000 ns, Total: 260900 ns
[2020-03-27T07:54:43.671+0000][1][safepoint    ] Safepoint "RevokeBias", Time since last: 18825395 ns, Reaching safepoint: 270000 ns, At safepoint: 30000 ns, Total: 300000 ns
[2020-03-27T07:54:43.679+0000][1][safepoint    ] Safepoint "RevokeBias", Time since last: 7073598 ns, Reaching safepoint: 174600 ns, At safepoint: 54200 ns, Total: 228800 ns
[2020-03-27T07:54:43.679+0000][1][safepoint    ] Safepoint "RevokeBias", Time since last: 411500 ns, Reaching safepoint: 154300 ns, At safepoint: 36700 ns, Total: 191000 ns
[2020-03-27T07:54:43.682+0000][1][safepoint    ] Safepoint "RevokeBias", Time since last: 2034299 ns, Reaching safepoint: 418800 ns, At safepoint: 25400 ns, Total: 444200 ns
[2020-03-27T07:54:43.686+0000][1][safepoint    ] Safepoint "RevokeBias", Time since last: 3525899 ns, Reaching safepoint: 348300 ns, At safepoint: 22400 ns, Total: 370700 ns
[2020-03-27T07:54:43.687+0000][1][safepoint    ] Safepoint "RevokeBias", Time since last: 975499 ns, Reaching safepoint: 353400 ns, At safepoint: 19700 ns, Total: 373100 ns
[2020-03-27T07:54:43.688+0000][1][safepoint    ] Safepoint "RevokeBias", Time since last: 458100 ns, Reaching safepoint: 246600 ns, At safepoint: 38700 ns, Total: 285300 ns
[2020-03-27T07:54:43.688+0000][1][safepoint    ] Safepoint "RevokeBias", Time since last: 514000 ns, Reaching safepoint: 159300 ns, At safepoint: 28100 ns, Total: 187400 ns
[2020-03-27T07:54:43.689+0000][1][safepoint    ] Safepoint "RevokeBias", Time since last: 481200 ns, Reaching safepoint: 188900 ns, At safepoint: 26700 ns, Total: 215600 ns
[2020-03-27T07:54:43.690+0000][1][safepoint    ] Safepoint "RevokeBias", Time since last: 826300 ns, Reaching safepoint: 131600 ns, At safepoint: 19500 ns, Total: 151100 ns
[2020-03-27T07:54:43.697+0000][1][safepoint    ] Safepoint "BulkRevokeBias", Time since last: 5944198 ns, Reaching safepoint: 236800 ns, At safepoint: 734300 ns, Total: 971100 ns
[2020-03-27T07:54:43.705+0000][1][safepoint    ] Safepoint "RevokeBias", Time since last: 7470797 ns, Reaching safepoint: 305100 ns, At safepoint: 32900 ns, Total: 338000 ns
[2020-03-27T07:54:43.706+0000][1][safepoint    ] Safepoint "RevokeBias", Time since last: 711200 ns, Reaching safepoint: 318100 ns, At safepoint: 28900 ns, Total: 347000 ns
[2020-03-27T07:54:43.708+0000][1][safepoint    ] Safepoint "RevokeBias", Time since last: 1532500 ns, Reaching safepoint: 214900 ns, At safepoint: 29100 ns, Total: 244000 ns
[2020-03-27T07:54:43.709+0000][1][safepoint    ] Safepoint "RevokeBias", Time since last: 845699 ns, Reaching safepoint: 412800 ns, At safepoint: 16300 ns, Total: 429100 ns
[2020-03-27T07:54:43.715+0000][1][safepoint    ] Safepoint "RevokeBias", Time since last: 5891699 ns, Reaching safepoint: 228000 ns, At safepoint: 43200 ns, Total: 271200 ns
[2020-03-27T07:54:43.717+0000][1][safepoint    ] Safepoint "RevokeBias", Time since last: 1598999 ns, Reaching safepoint: 210800 ns, At safepoint: 17600 ns, Total: 228400 ns
[2020-03-27T07:54:43.719+0000][1][safepoint    ] Safepoint "RevokeBias", Time since last: 2257599 ns, Reaching safepoint: 294700 ns, At safepoint: 38800 ns, Total: 333500 ns
[2020-03-27T07:54:43.721+0000][1][safepoint    ] Safepoint "RevokeBias", Time since last: 1388900 ns, Reaching safepoint: 195000 ns, At safepoint: 32400 ns, Total: 227400 ns
[2020-03-27T07:54:43.730+0000][1][safepoint    ] Safepoint "RevokeBias", Time since last: 8384897 ns, Reaching safepoint: 126700 ns, At safepoint: 16600 ns, Total: 143300 ns
[2020-03-27T07:54:43.744+0000][1][safepoint    ] Safepoint "RevokeBias", Time since last: 14022797 ns, Reaching safepoint: 163099 ns, At safepoint: 27700 ns, Total: 190799 ns
[2020-03-27T07:54:43.753+0000][1][safepoint    ] Safepoint "RevokeBias", Time since last: 8106798 ns, Reaching safepoint: 557900 ns, At safepoint: 63500 ns, Total: 621400 ns
[2020-03-27T07:54:43.778+0000][1][safepoint    ] Safepoint "RevokeBias", Time since last: 23880593 ns, Reaching safepoint: 978300 ns, At safepoint: 147300 ns, Total: 1125600 ns
[2020-03-27T07:54:43.779+0000][1][safepoint    ] Safepoint "RevokeBias", Time since last: 1361900 ns, Reaching safepoint: 313600 ns, At safepoint: 41800 ns, Total: 355400 ns
[2020-03-27T07:54:43.780+0000][1][safepoint    ] Safepoint "RevokeBias", Time since last: 779099 ns, Reaching safepoint: 225100 ns, At safepoint: 84400 ns, Total: 309500 ns
[2020-03-27T07:54:43.788+0000][1][safepoint    ] Safepoint "RevokeBias", Time since last: 7520398 ns, Reaching safepoint: 186000 ns, At safepoint: 39900 ns, Total: 225900 ns
[2020-03-27T07:54:43.789+0000][1][safepoint    ] Safepoint "RevokeBias", Time since last: 815000 ns, Reaching safepoint: 137300 ns, At safepoint: 34200 ns, Total: 171500 ns
[2020-03-27T07:54:43.790+0000][1][safepoint    ] Safepoint "RevokeBias", Time since last: 252200 ns, Reaching safepoint: 137400 ns, At safepoint: 60100 ns, Total: 197500 ns
[2020-03-27T07:54:43.790+0000][1][safepoint    ] Safepoint "RevokeBias", Time since last: 712000 ns, Reaching safepoint: 136499 ns, At safepoint: 45000 ns, Total: 181499 ns
[2020-03-27T07:54:43.819+0000][1][safepoint    ] Safepoint "RevokeBias", Time since last: 28474792 ns, Reaching safepoint: 346900 ns, At safepoint: 38000 ns, Total: 384900 ns
[2020-03-27T07:54:43.820+0000][1][safepoint    ] Safepoint "RevokeBias", Time since last: 760700 ns, Reaching safepoint: 342900 ns, At safepoint: 34700 ns, Total: 377600 ns
[2020-03-27T07:54:43.821+0000][1][safepoint    ] Safepoint "RevokeBias", Time since last: 595100 ns, Reaching safepoint: 389900 ns, At safepoint: 20300 ns, Total: 410200 ns
[2020-03-27T07:54:43.823+0000][1][safepoint    ] Safepoint "RevokeBias", Time since last: 1033699 ns, Reaching safepoint: 569900 ns, At safepoint: 37400 ns, Total: 607300 ns
[2020-03-27T07:54:43.825+0000][1][safepoint    ] Safepoint "BulkRevokeBias", Time since last: 665700 ns, Reaching safepoint: 164000 ns, At safepoint: 1028900 ns, Total: 1192900 ns
[2020-03-27T07:54:43.826+0000][1][safepoint    ] Safepoint "RevokeBias", Time since last: 983600 ns, Reaching safepoint: 473099 ns, At safepoint: 41800 ns, Total: 514899 ns
[2020-03-27T07:54:43.827+0000][1][safepoint    ] Safepoint "RevokeBias", Time since last: 221900 ns, Reaching safepoint: 219400 ns, At safepoint: 14500 ns, Total: 233900 ns
[2020-03-27T07:54:43.828+0000][1][safepoint    ] Safepoint "RevokeBias", Time since last: 978000 ns, Reaching safepoint: 209400 ns, At safepoint: 47200 ns, Total: 256600 ns
[2020-03-27T07:54:43.829+0000][1][safepoint    ] Safepoint "RevokeBias", Time since last: 743500 ns, Reaching safepoint: 268400 ns, At safepoint: 282000 ns, Total: 550400 ns
[2020-03-27T07:54:43.868+0000][1][safepoint    ] Safepoint "RevokeBias", Time since last: 38112289 ns, Reaching safepoint: 445500 ns, At safepoint: 32600 ns, Total: 478100 ns
[2020-03-27T07:54:43.869+0000][1][safepoint    ] Safepoint "RevokeBias", Time since last: 702600 ns, Reaching safepoint: 446199 ns, At safepoint: 23000 ns, Total: 469199 ns
[2020-03-27T07:54:43.876+0000][1][safepoint    ] Safepoint "RevokeBias", Time since last: 5916999 ns, Reaching safepoint: 391100 ns, At safepoint: 109600 ns, Total: 500700 ns
[2020-03-27T07:54:43.877+0000][1][safepoint    ] Safepoint "RevokeBias", Time since last: 691299 ns, Reaching safepoint: 439500 ns, At safepoint: 61600 ns, Total: 501100 ns
[2020-03-27T07:54:43.885+0000][1][safepoint    ] Safepoint "Deoptimize", Time since last: 7147498 ns, Reaching safepoint: 189100 ns, At safepoint: 794200 ns, Total: 983300 ns
[2020-03-27T07:54:43.894+0000][1][safepoint    ] Safepoint "RevokeBias", Time since last: 8457398 ns, Reaching safepoint: 555100 ns, At safepoint: 20500 ns, Total: 575600 ns
[2020-03-27T07:54:43.953+0000][1][gc,start     ] GC(25) Pause Young (Allocation Failure)
[2020-03-27T07:54:43.953+0000][1][gc,task      ] GC(25) Using 2 workers of 2 for evacuation
[2020-03-27T07:54:43.971+0000][1][gc,age       ] GC(25) Desired survivor size 8716288 bytes, new threshold 6 (max threshold 6)
[2020-03-27T07:54:43.972+0000][1][gc,age       ] GC(25) Age table with threshold 6 (max threshold 6)
[2020-03-27T07:54:43.972+0000][1][gc,age       ] GC(25) - age   1:    7943952 bytes,    7943952 total
[2020-03-27T07:54:43.973+0000][1][gc,heap      ] GC(25) ParNew: 152677K->11673K(153344K)
[2020-03-27T07:54:43.973+0000][1][gc,heap      ] GC(25) CMS: 79221K->80695K(353920K)
[2020-03-27T07:54:43.973+0000][1][gc,metaspace ] GC(25) Metaspace: 92383K->92383K(1134592K)
[2020-03-27T07:54:43.973+0000][1][gc           ] GC(25) Pause Young (Allocation Failure) 226M->90M(495M) 20.766ms
[2020-03-27T07:54:43.974+0000][1][gc,cpu       ] GC(25) User=0.03s Sys=0.00s Real=0.02s
[2020-03-27T07:54:43.974+0000][1][safepoint    ] Safepoint "GenCollectForAllocation", Time since last: 58326683 ns, Reaching safepoint: 307100 ns, At safepoint: 21202094 ns, Total: 21509194 ns
[2020-03-27T07:54:43.974+0000][1][safepoint    ] Safepoint "RevokeBias", Time since last: 204400 ns, Reaching safepoint: 154900 ns, At safepoint: 25200 ns, Total: 180100 ns
[2020-03-27T07:54:43.989+0000][1][safepoint    ] Safepoint "RevokeBias", Time since last: 14848296 ns, Reaching safepoint: 196400 ns, At safepoint: 17300 ns, Total: 213700 ns
[2020-03-27T07:54:44.003+0000][1][safepoint    ] Safepoint "RevokeBias", Time since last: 13626796 ns, Reaching safepoint: 214500 ns, At safepoint: 77900 ns, Total: 292400 ns
[2020-03-27T07:54:44.019+0000][1][safepoint    ] Safepoint "BulkRevokeBias", Time since last: 14813296 ns, Reaching safepoint: 218200 ns, At safepoint: 1045799 ns, Total: 1263999 ns
[2020-03-27T07:54:44.615+0000][1][safepoint    ] Safepoint "RevokeBias", Time since last: 595713934 ns, Reaching safepoint: 100200 ns, At safepoint: 29200 ns, Total: 129400 ns
[2020-03-27T07:54:44.616+0000][1][safepoint    ] Safepoint "RevokeBias", Time since last: 602400 ns, Reaching safepoint: 132900 ns, At safepoint: 29500 ns, Total: 162400 ns
[2020-03-27T07:54:44.616+0000][1][safepoint    ] Safepoint "RevokeBias", Time since last: 515600 ns, Reaching safepoint: 52400 ns, At safepoint: 13300 ns, Total: 65700 ns
[2020-03-27T07:54:44.644+0000][1][safepoint    ] Safepoint "RevokeBias", Time since last: 27699092 ns, Reaching safepoint: 179800 ns, At safepoint: 19400 ns, Total: 199200 ns
[2020-03-27T07:54:44.646+0000][1][safepoint    ] Safepoint "RevokeBias", Time since last: 1273699 ns, Reaching safepoint: 178000 ns, At safepoint: 27000 ns, Total: 205000 ns
[2020-03-27T07:54:44.704+0000][1][safepoint    ] Safepoint "RevokeBias", Time since last: 57603584 ns, Reaching safepoint: 170300 ns, At safepoint: 17800 ns, Total: 188100 ns
[2020-03-27T07:54:44.705+0000][1][safepoint    ] Safepoint "RevokeBias", Time since last: 799600 ns, Reaching safepoint: 159400 ns, At safepoint: 14800 ns, Total: 174200 ns
[2020-03-27T07:54:44.751+0000][1][safepoint    ] Safepoint "RevokeBias", Time since last: 46397087 ns, Reaching safepoint: 183300 ns, At safepoint: 18900 ns, Total: 202200 ns
[2020-03-27T07:54:44.791+0000][1][safepoint    ] Safepoint "RevokeBias", Time since last: 39980389 ns, Reaching safepoint: 84500 ns, At safepoint: 6400 ns, Total: 90900 ns
[2020-03-27T07:54:44.808+0000][1][safepoint    ] Safepoint "RevokeBias", Time since last: 16478595 ns, Reaching safepoint: 92500 ns, At safepoint: 30300 ns, Total: 122800 ns
[2020-03-27T07:54:44.810+0000][1][safepoint    ] Safepoint "RevokeBias", Time since last: 2337799 ns, Reaching safepoint: 50500 ns, At safepoint: 5000 ns, Total: 55500 ns
[2020-03-27T07:54:45.092+0000][1][safepoint    ] Safepoint "RevokeBias", Time since last: 281731622 ns, Reaching safepoint: 100400 ns, At safepoint: 29200 ns, Total: 129600 ns
[2020-03-27T07:54:45.093+0000][1][safepoint    ] Safepoint "RevokeBias", Time since last: 550599 ns, Reaching safepoint: 80100 ns, At safepoint: 21100 ns, Total: 101200 ns
[2020-03-27T07:54:45.095+0000][1][safepoint    ] Safepoint "RevokeBias", Time since last: 1997200 ns, Reaching safepoint: 146600 ns, At safepoint: 13700 ns, Total: 160300 ns
[2020-03-27T07:54:45.096+0000][1][safepoint    ] Safepoint "RevokeBias", Time since last: 1163299 ns, Reaching safepoint: 53700 ns, At safepoint: 22200 ns, Total: 75900 ns
[2020-03-27T07:54:45.151+0000][1][safepoint    ] Safepoint "RevokeBias", Time since last: 55121885 ns, Reaching safepoint: 154500 ns, At safepoint: 28100 ns, Total: 182600 ns
[2020-03-27T07:54:46.153+0000][1][safepoint    ] Safepoint "Cleanup", Time since last: 1000732820 ns, Reaching safepoint: 267000 ns, At safepoint: 184600 ns, Total: 451600 ns
[2020-03-27T07:54:47.156+0000][1][safepoint    ] Safepoint "Cleanup", Time since last: 1002484120 ns, Reaching safepoint: 311400 ns, At safepoint: 180800 ns, Total: 492200 ns
[2020-03-27T07:54:48.045+0000][1][safepoint    ] Safepoint "RevokeBias", Time since last: 889291051 ns, Reaching safepoint: 94900 ns, At safepoint: 27700 ns, Total: 122600 ns
[2020-03-27T07:54:48.160+0000][1][safepoint    ] Safepoint "RevokeBias", Time since last: 114747468 ns, Reaching safepoint: 197800 ns, At safepoint: 27500 ns, Total: 225300 ns
[2020-03-27T07:54:48.161+0000][1][safepoint    ] Safepoint "RevokeBias", Time since last: 902900 ns, Reaching safepoint: 249700 ns, At safepoint: 18600 ns, Total: 268300 ns
[2020-03-27T07:54:48.653+0000][1][gc,start     ] GC(26) Pause Young (Allocation Failure)
[2020-03-27T07:54:48.654+0000][1][gc,task      ] GC(26) Using 2 workers of 2 for evacuation
[2020-03-27T07:54:48.665+0000][1][gc,age       ] GC(26) Desired survivor size 8716288 bytes, new threshold 2 (max threshold 6)
[2020-03-27T07:54:48.665+0000][1][gc,age       ] GC(26) Age table with threshold 2 (max threshold 6)
[2020-03-27T07:54:48.666+0000][1][gc,age       ] GC(26) - age   1:    8169672 bytes,    8169672 total
[2020-03-27T07:54:48.666+0000][1][gc,age       ] GC(26) - age   2:    5652920 bytes,   13822592 total
[2020-03-27T07:54:48.667+0000][1][gc,heap      ] GC(26) ParNew: 147652K->17024K(153344K)
[2020-03-27T07:54:48.667+0000][1][gc,heap      ] GC(26) CMS: 80695K->80695K(353920K)
[2020-03-27T07:54:48.668+0000][1][gc,metaspace ] GC(26) Metaspace: 92523K->92523K(1134592K)
[2020-03-27T07:54:48.669+0000][1][gc           ] GC(26) Pause Young (Allocation Failure) 222M->95M(495M) 15.700ms
[2020-03-27T07:54:48.669+0000][1][gc,cpu       ] GC(26) User=0.02s Sys=0.00s Real=0.02s
[2020-03-27T07:54:48.670+0000][1][safepoint    ] Safepoint "GenCollectForAllocation", Time since last: 491512162 ns, Reaching safepoint: 143400 ns, At safepoint: 16751495 ns, Total: 16894895 ns
[2020-03-27T07:54:48.702+0000][1][safepoint    ] Safepoint "RevokeBias", Time since last: 31692992 ns, Reaching safepoint: 617899 ns, At safepoint: 32700 ns, Total: 650599 ns
[2020-03-27T07:54:48.703+0000][1][safepoint    ] Safepoint "RevokeBias", Time since last: 767300 ns, Reaching safepoint: 123400 ns, At safepoint: 25500 ns, Total: 148900 ns
[2020-03-27T07:54:48.704+0000][1][safepoint    ] Safepoint "RevokeBias", Time since last: 992600 ns, Reaching safepoint: 137800 ns, At safepoint: 13100 ns, Total: 150900 ns
[2020-03-27T07:54:48.705+0000][1][safepoint    ] Safepoint "RevokeBias", Time since last: 472300 ns, Reaching safepoint: 194600 ns, At safepoint: 30800 ns, Total: 225400 ns
[2020-03-27T07:54:48.752+0000][1][safepoint    ] Safepoint "RevokeBias", Time since last: 47486486 ns, Reaching safepoint: 268300 ns, At safepoint: 37300 ns, Total: 305600 ns
[2020-03-27T07:54:49.753+0000][1][safepoint    ] Safepoint "Cleanup", Time since last: 1000561060 ns, Reaching safepoint: 99199 ns, At safepoint: 6100 ns, Total: 105299 ns
[2020-03-27T07:54:50.459+0000][1][safepoint    ] Safepoint "RevokeBias", Time since last: 705691120 ns, Reaching safepoint: 264100 ns, At safepoint: 40700 ns, Total: 304800 ns
[2020-03-27T07:54:50.855+0000][1][safepoint    ] Safepoint "RevokeBias", Time since last: 395724219 ns, Reaching safepoint: 96199 ns, At safepoint: 29200 ns, Total: 125399 ns
[2020-03-27T07:54:50.856+0000][1][safepoint    ] Safepoint "RevokeBias", Time since last: 825600 ns, Reaching safepoint: 63700 ns, At safepoint: 23600 ns, Total: 87300 ns
[2020-03-27T07:54:50.857+0000][1][safepoint    ] Safepoint "RevokeBias", Time since last: 929399 ns, Reaching safepoint: 47200 ns, At safepoint: 12700 ns, Total: 59900 ns
[2020-03-27T07:54:50.858+0000][1][safepoint    ] Safepoint "RevokeBias", Time since last: 1198498 ns, Reaching safepoint: 49700 ns, At safepoint: 12600 ns, Total: 62300 ns
[2020-03-27T07:54:50.902+0000][1][safepoint    ] Safepoint "RevokeBias", Time since last: 44016958 ns, Reaching safepoint: 92400 ns, At safepoint: 15900 ns, Total: 108300 ns
[2020-03-27T07:54:51.903+0000][1][safepoint    ] Safepoint "Cleanup", Time since last: 1000718235 ns, Reaching safepoint: 96100 ns, At safepoint: 22300 ns, Total: 118400 ns
[2020-03-27T07:54:52.904+0000][1][safepoint    ] Safepoint "Cleanup", Time since last: 1000977035 ns, Reaching safepoint: 259900 ns, At safepoint: 85400 ns, Total: 345300 ns
[2020-03-27T07:54:53.907+0000][1][safepoint    ] Safepoint "Cleanup", Time since last: 1002032034 ns, Reaching safepoint: 150000 ns, At safepoint: 13200 ns, Total: 163200 ns
[2020-03-27T07:54:54.908+0000][1][safepoint    ] Safepoint "Cleanup", Time since last: 1000807635 ns, Reaching safepoint: 103100 ns, At safepoint: 17600 ns, Total: 120700 ns
[2020-03-27T07:54:55.909+0000][1][safepoint    ] Safepoint "Cleanup", Time since last: 1000918736 ns, Reaching safepoint: 326899 ns, At safepoint: 23000 ns, Total: 349899 ns
[2020-03-27T07:54:56.911+0000][1][safepoint    ] Safepoint "Cleanup", Time since last: 1002228334 ns, Reaching safepoint: 202900 ns, At safepoint: 63600 ns, Total: 266500 ns
[2020-03-27T07:54:57.915+0000][1][safepoint    ] Safepoint "Cleanup", Time since last: 1003117839 ns, Reaching safepoint: 220500 ns, At safepoint: 54200 ns, Total: 274700 ns
[2020-03-27T07:54:58.001+0000][1][safepoint    ] Safepoint "RevokeBias", Time since last: 85776171 ns, Reaching safepoint: 159300 ns, At safepoint: 26000 ns, Total: 185300 ns
[2020-03-27T07:54:58.848+0000][1][gc,start     ] GC(27) Pause Young (Allocation Failure)
[2020-03-27T07:54:58.848+0000][1][gc,task      ] GC(27) Using 2 workers of 2 for evacuation
[2020-03-27T07:54:58.917+0000][1][gc,age       ] GC(27) Desired survivor size 8716288 bytes, new threshold 6 (max threshold 6)
[2020-03-27T07:54:58.917+0000][1][gc,age       ] GC(27) Age table with threshold 6 (max threshold 6)
[2020-03-27T07:54:58.918+0000][1][gc,age       ] GC(27) - age   1:    6094976 bytes,    6094976 total
[2020-03-27T07:54:58.918+0000][1][gc,age       ] GC(27) - age   2:     523192 bytes,    6618168 total
[2020-03-27T07:54:58.919+0000][1][gc,heap      ] GC(27) ParNew: 153344K->12308K(153344K)
[2020-03-27T07:54:58.919+0000][1][gc,heap      ] GC(27) CMS: 80695K->86185K(353920K)
[2020-03-27T07:54:58.920+0000][1][gc,metaspace ] GC(27) Metaspace: 92724K->92724K(1134592K)
[2020-03-27T07:54:58.920+0000][1][gc           ] GC(27) Pause Young (Allocation Failure) 228M->96M(495M) 72.402ms
[2020-03-27T07:54:58.921+0000][1][gc,cpu       ] GC(27) User=0.03s Sys=0.00s Real=0.07s
[2020-03-27T07:54:58.921+0000][1][safepoint    ] Safepoint "GenCollectForAllocation", Time since last: 847015615 ns, Reaching safepoint: 123300 ns, At safepoint: 73399975 ns, Total: 73523275 ns
[2020-03-27T07:54:58.941+0000][1][safepoint    ] Safepoint "RevokeBias", Time since last: 19536294 ns, Reaching safepoint: 518899 ns, At safepoint: 16500 ns, Total: 535399 ns
[2020-03-27T07:54:58.942+0000][1][safepoint    ] Safepoint "RevokeBias", Time since last: 802800 ns, Reaching safepoint: 96200 ns, At safepoint: 13400 ns, Total: 109600 ns
[2020-03-27T07:54:58.943+0000][1][safepoint    ] Safepoint "RevokeBias", Time since last: 1073800 ns, Reaching safepoint: 109500 ns, At safepoint: 11900 ns, Total: 121400 ns
[2020-03-27T07:54:58.945+0000][1][safepoint    ] Safepoint "RevokeBias", Time since last: 1035599 ns, Reaching safepoint: 299000 ns, At safepoint: 13600 ns, Total: 312600 ns
[2020-03-27T07:54:58.992+0000][1][safepoint    ] Safepoint "RevokeBias", Time since last: 47469884 ns, Reaching safepoint: 118400 ns, At safepoint: 30700 ns, Total: 149100 ns
[2020-03-27T07:54:59.994+0000][1][safepoint    ] Safepoint "Cleanup", Time since last: 1000863163 ns, Reaching safepoint: 367500 ns, At safepoint: 87300 ns, Total: 454800 ns
[2020-03-27T07:55:00.454+0000][1][safepoint    ] Safepoint "RevokeBias", Time since last: 460154745 ns, Reaching safepoint: 133000 ns, At safepoint: 16300 ns, Total: 149300 ns
[2020-03-27T07:55:01.082+0000][1][safepoint    ] Safepoint "RevokeBias", Time since last: 628132188 ns, Reaching safepoint: 214700 ns, At safepoint: 61600 ns, Total: 276300 ns
[2020-03-27T07:55:01.083+0000][1][safepoint    ] Safepoint "RevokeBias", Time since last: 834400 ns, Reaching safepoint: 56700 ns, At safepoint: 11800 ns, Total: 68500 ns
[2020-03-27T07:55:01.084+0000][1][safepoint    ] Safepoint "RevokeBias", Time since last: 1069500 ns, Reaching safepoint: 65400 ns, At safepoint: 19500 ns, Total: 84900 ns
[2020-03-27T07:55:01.085+0000][1][safepoint    ] Safepoint "RevokeBias", Time since last: 491499 ns, Reaching safepoint: 78800 ns, At safepoint: 19700 ns, Total: 98500 ns
[2020-03-27T07:55:01.133+0000][1][safepoint    ] Safepoint "RevokeBias", Time since last: 47734984 ns, Reaching safepoint: 86400 ns, At safepoint: 26700 ns, Total: 113100 ns
[2020-03-27T07:55:02.134+0000][1][safepoint    ] Safepoint "Cleanup", Time since last: 1000673863 ns, Reaching safepoint: 88000 ns, At safepoint: 30300 ns, Total: 118300 ns
[2020-03-27T07:55:03.135+0000][1][safepoint    ] Safepoint "Cleanup", Time since last: 1001001563 ns, Reaching safepoint: 95400 ns, At safepoint: 31800 ns, Total: 127200 ns
[2020-03-27T07:55:04.136+0000][1][safepoint    ] Safepoint "Cleanup", Time since last: 1000915963 ns, Reaching safepoint: 100100 ns, At safepoint: 23600 ns, Total: 123700 ns
[2020-03-27T07:55:05.137+0000][1][safepoint    ] Safepoint "Cleanup", Time since last: 1000977478 ns, Reaching safepoint: 323400 ns, At safepoint: 81700 ns, Total: 405100 ns
[2020-03-27T07:55:05.452+0000][1][safepoint    ] Safepoint "RevokeBias", Time since last: 314128813 ns, Reaching safepoint: 220700 ns, At safepoint: 23100 ns, Total: 243800 ns
[2020-03-27T07:55:05.452+0000][1][safepoint    ] Safepoint "RevokeBias", Time since last: 619900 ns, Reaching safepoint: 79500 ns, At safepoint: 14200 ns, Total: 93700 ns
[2020-03-27T07:55:06.453+0000][1][safepoint    ] Safepoint "Cleanup", Time since last: 1000298258 ns, Reaching safepoint: 104900 ns, At safepoint: 7700 ns, Total: 112600 ns
[2020-03-27T07:55:07.454+0000][1][safepoint    ] Safepoint "Cleanup", Time since last: 1001067259 ns, Reaching safepoint: 322000 ns, At safepoint: 98500 ns, Total: 420500 ns
[2020-03-27T07:55:08.011+0000][1][safepoint    ] Safepoint "RevokeBias", Time since last: 556306700 ns, Reaching safepoint: 102500 ns, At safepoint: 71300 ns, Total: 173800 ns
[2020-03-27T07:55:08.089+0000][1][gc,start     ] GC(28) Pause Young (Allocation Failure)
[2020-03-27T07:55:08.089+0000][1][gc,task      ] GC(28) Using 2 workers of 2 for evacuation
[2020-03-27T07:55:08.093+0000][1][gc,age       ] GC(28) Desired survivor size 8716288 bytes, new threshold 6 (max threshold 6)
[2020-03-27T07:55:08.094+0000][1][gc,age       ] GC(28) Age table with threshold 6 (max threshold 6)
[2020-03-27T07:55:08.094+0000][1][gc,age       ] GC(28) - age   1:    1477232 bytes,    1477232 total
[2020-03-27T07:55:08.094+0000][1][gc,age       ] GC(28) - age   2:     558440 bytes,    2035672 total
[2020-03-27T07:55:08.095+0000][1][gc,age       ] GC(28) - age   3:     516144 bytes,    2551816 total
[2020-03-27T07:55:08.095+0000][1][gc,heap      ] GC(28) ParNew: 148628K->5500K(153344K)
[2020-03-27T07:55:08.095+0000][1][gc,heap      ] GC(28) CMS: 86185K->86185K(353920K)
[2020-03-27T07:55:08.095+0000][1][gc,metaspace ] GC(28) Metaspace: 92850K->92850K(1134592K)
[2020-03-27T07:55:08.096+0000][1][gc           ] GC(28) Pause Young (Allocation Failure) 229M->89M(495M) 6.645ms
[2020-03-27T07:55:08.096+0000][1][gc,cpu       ] GC(28) User=0.01s Sys=0.00s Real=0.01s
[2020-03-27T07:55:08.097+0000][1][safepoint    ] Safepoint "GenCollectForAllocation", Time since last: 78322928 ns, Reaching safepoint: 162900 ns, At safepoint: 7371903 ns, Total: 7534803 ns
[2020-03-27T07:55:08.107+0000][1][safepoint    ] Safepoint "RevokeBias", Time since last: 10439303 ns, Reaching safepoint: 356900 ns, At safepoint: 42300 ns, Total: 399200 ns
[2020-03-27T07:55:08.109+0000][1][safepoint    ] Safepoint "RevokeBias", Time since last: 1348601 ns, Reaching safepoint: 269900 ns, At safepoint: 25700 ns, Total: 295600 ns
[2020-03-27T07:55:08.110+0000][1][safepoint    ] Safepoint "RevokeBias", Time since last: 1015100 ns, Reaching safepoint: 181200 ns, At safepoint: 25800 ns, Total: 207000 ns
[2020-03-27T07:55:08.114+0000][1][safepoint    ] Safepoint "BulkRevokeBias", Time since last: 2580601 ns, Reaching safepoint: 234800 ns, At safepoint: 1195701 ns, Total: 1430501 ns
[2020-03-27T07:55:08.166+0000][1][safepoint    ] Safepoint "BulkRevokeBias", Time since last: 48688117 ns, Reaching safepoint: 171500 ns, At safepoint: 2618701 ns, Total: 2790201 ns
[2020-03-27T07:55:09.167+0000][1][safepoint    ] Safepoint "Cleanup", Time since last: 1000719159 ns, Reaching safepoint: 474200 ns, At safepoint: 80700 ns, Total: 554900 ns
[2020-03-27T07:55:10.170+0000][1][safepoint    ] Safepoint "Cleanup", Time since last: 1002333459 ns, Reaching safepoint: 358000 ns, At safepoint: 81600 ns, Total: 439600 ns
[2020-03-27T07:55:10.464+0000][1][safepoint    ] Safepoint "RevokeBias", Time since last: 294186006 ns, Reaching safepoint: 96600 ns, At safepoint: 13600 ns, Total: 110200 ns
[2020-03-27T07:55:11.246+0000][1][safepoint    ] Safepoint "RevokeBias", Time since last: 781433280 ns, Reaching safepoint: 174200 ns, At safepoint: 28200 ns, Total: 202400 ns
[2020-03-27T07:55:11.247+0000][1][safepoint    ] Safepoint "RevokeBias", Time since last: 718200 ns, Reaching safepoint: 79100 ns, At safepoint: 12700 ns, Total: 91800 ns
[2020-03-27T07:55:11.248+0000][1][safepoint    ] Safepoint "RevokeBias", Time since last: 1298901 ns, Reaching safepoint: 55000 ns, At safepoint: 21800 ns, Total: 76800 ns
[2020-03-27T07:55:11.249+0000][1][safepoint    ] Safepoint "RevokeBias", Time since last: 1454000 ns, Reaching safepoint: 69000 ns, At safepoint: 23200 ns, Total: 92200 ns
[2020-03-27T07:55:11.294+0000][1][safepoint    ] Safepoint "RevokeBias", Time since last: 44934517 ns, Reaching safepoint: 88800 ns, At safepoint: 20500 ns, Total: 109300 ns
[2020-03-27T07:55:12.296+0000][1][safepoint    ] Safepoint "Cleanup", Time since last: 1000966058 ns, Reaching safepoint: 368700 ns, At safepoint: 85200 ns, Total: 453900 ns
[2020-03-27T07:55:13.299+0000][1][safepoint    ] Safepoint "Cleanup", Time since last: 1002364862 ns, Reaching safepoint: 357900 ns, At safepoint: 84700 ns, Total: 442600 ns
[2020-03-27T07:55:14.301+0000][1][safepoint    ] Safepoint "Cleanup", Time since last: 1001878727 ns, Reaching safepoint: 273200 ns, At safepoint: 82000 ns, Total: 355200 ns
[2020-03-27T07:55:15.304+0000][1][safepoint    ] Safepoint "Cleanup", Time since last: 1002345027 ns, Reaching safepoint: 365800 ns, At safepoint: 85400 ns, Total: 451200 ns
[2020-03-27T07:55:16.306+0000][1][safepoint    ] Safepoint "Cleanup", Time since last: 1002167827 ns, Reaching safepoint: 287900 ns, At safepoint: 84700 ns, Total: 372600 ns
[2020-03-27T07:55:17.309+0000][1][safepoint    ] Safepoint "Cleanup", Time since last: 1002652227 ns, Reaching safepoint: 312200 ns, At safepoint: 83700 ns, Total: 395900 ns
[2020-03-27T07:55:18.030+0000][1][safepoint    ] Safepoint "RevokeBias", Time since last: 720067603 ns, Reaching safepoint: 137200 ns, At safepoint: 12700 ns, Total: 149900 ns
[2020-03-27T07:55:19.031+0000][1][safepoint    ] Safepoint "Cleanup", Time since last: 1001061828 ns, Reaching safepoint: 318199 ns, At safepoint: 84700 ns, Total: 402899 ns
[2020-03-27T07:55:20.034+0000][1][safepoint    ] Safepoint "Cleanup", Time since last: 1002207427 ns, Reaching safepoint: 361700 ns, At safepoint: 112300 ns, Total: 474000 ns
[2020-03-27T07:55:20.513+0000][1][safepoint    ] Safepoint "RevokeBias", Time since last: 478862470 ns, Reaching safepoint: 246300 ns, At safepoint: 323200 ns, Total: 569500 ns
[2020-03-27T07:55:21.514+0000][1][safepoint    ] Safepoint "Cleanup", Time since last: 1000466808 ns, Reaching safepoint: 292099 ns, At safepoint: 81200 ns, Total: 373299 ns
[2020-03-27T07:55:22.517+0000][1][safepoint    ] Safepoint "Cleanup", Time since last: 1002163489 ns, Reaching safepoint: 271600 ns, At safepoint: 81000 ns, Total: 352600 ns
[2020-03-27T07:55:23.519+0000][1][safepoint    ] Safepoint "Cleanup", Time since last: 1002028788 ns, Reaching safepoint: 99700 ns, At safepoint: 4900 ns, Total: 104600 ns
[2020-03-27T07:55:24.520+0000][1][safepoint    ] Safepoint "Cleanup", Time since last: 1001122689 ns, Reaching safepoint: 346100 ns, At safepoint: 82100 ns, Total: 428200 ns
[2020-03-27T07:55:25.522+0000][1][safepoint    ] Safepoint "Cleanup", Time since last: 1001934188 ns, Reaching safepoint: 102500 ns, At safepoint: 6900 ns, Total: 109400 ns
[2020-03-27T07:55:26.523+0000][1][safepoint    ] Safepoint "Cleanup", Time since last: 1001010589 ns, Reaching safepoint: 84300 ns, At safepoint: 18400 ns, Total: 102700 ns
[2020-03-27T07:55:27.525+0000][1][safepoint    ] Safepoint "Cleanup", Time since last: 1000982589 ns, Reaching safepoint: 370600 ns, At safepoint: 84700 ns, Total: 455300 ns
[2020-03-27T07:55:27.989+0000][1][safepoint    ] Safepoint "RevokeBias", Time since last: 463600856 ns, Reaching safepoint: 101600 ns, At safepoint: 38100 ns, Total: 139700 ns
[2020-03-27T07:55:28.990+0000][1][safepoint    ] Safepoint "Cleanup", Time since last: 1000730189 ns, Reaching safepoint: 411300 ns, At safepoint: 82200 ns, Total: 493500 ns
[2020-03-27T07:55:29.992+0000][1][safepoint    ] Safepoint "Cleanup", Time since last: 1001646618 ns, Reaching safepoint: 92100 ns, At safepoint: 16300 ns, Total: 108400 ns
[2020-03-27T07:55:30.515+0000][1][safepoint    ] Safepoint "RevokeBias", Time since last: 523327553 ns, Reaching safepoint: 290400 ns, At safepoint: 33000 ns, Total: 323400 ns
[2020-03-27T07:55:31.516+0000][1][safepoint    ] Safepoint "Cleanup", Time since last: 1000933019 ns, Reaching safepoint: 289200 ns, At safepoint: 88800 ns, Total: 378000 ns
[2020-03-27T07:55:32.519+0000][1][safepoint    ] Safepoint "Cleanup", Time since last: 1002143019 ns, Reaching safepoint: 339600 ns, At safepoint: 25000 ns, Total: 364600 ns
[2020-03-27T07:55:33.521+0000][1][safepoint    ] Safepoint "Cleanup", Time since last: 1001419319 ns, Reaching safepoint: 161000 ns, At safepoint: 29100 ns, Total: 190100 ns
[2020-03-27T07:55:34.522+0000][1][safepoint    ] Safepoint "Cleanup", Time since last: 1001253119 ns, Reaching safepoint: 348300 ns, At safepoint: 94900 ns, Total: 443200 ns
[2020-03-27T07:55:35.525+0000][1][safepoint    ] Safepoint "Cleanup", Time since last: 1002277219 ns, Reaching safepoint: 290900 ns, At safepoint: 83700 ns, Total: 374600 ns
[2020-03-27T07:55:36.528+0000][1][safepoint    ] Safepoint "Cleanup", Time since last: 1002321219 ns, Reaching safepoint: 445300 ns, At safepoint: 26500 ns, Total: 471800 ns
[2020-03-27T07:55:37.531+0000][1][safepoint    ] Safepoint "Cleanup", Time since last: 1003229723 ns, Reaching safepoint: 482700 ns, At safepoint: 26200 ns, Total: 508900 ns
[2020-03-27T07:55:37.952+0000][1][gc,start     ] GC(29) Pause Young (Allocation Failure)
[2020-03-27T07:55:37.952+0000][1][gc,task      ] GC(29) Using 2 workers of 2 for evacuation
[2020-03-27T07:55:38.001+0000][1][gc,age       ] GC(29) Desired survivor size 8716288 bytes, new threshold 1 (max threshold 6)
[2020-03-27T07:55:38.002+0000][1][gc,age       ] GC(29) Age table with threshold 1 (max threshold 6)
[2020-03-27T07:55:38.003+0000][1][gc,age       ] GC(29) - age   1:   14018136 bytes,   14018136 total
[2020-03-27T07:55:38.003+0000][1][gc,age       ] GC(29) - age   2:     561128 bytes,   14579264 total
[2020-03-27T07:55:38.003+0000][1][gc,age       ] GC(29) - age   3:     557120 bytes,   15136384 total
[2020-03-27T07:55:38.004+0000][1][gc,age       ] GC(29) - age   4:     514592 bytes,   15650976 total
[2020-03-27T07:55:38.004+0000][1][gc,heap      ] GC(29) ParNew: 141820K->17024K(153344K)
[2020-03-27T07:55:38.005+0000][1][gc,heap      ] GC(29) CMS: 86185K->86185K(353920K)
[2020-03-27T07:55:38.005+0000][1][gc,metaspace ] GC(29) Metaspace: 93094K->93094K(1134592K)
[2020-03-27T07:55:38.006+0000][1][gc           ] GC(29) Pause Young (Allocation Failure) 222M->100M(495M) 53.827ms
[2020-03-27T07:55:38.006+0000][1][gc,cpu       ] GC(29) User=0.02s Sys=0.01s Real=0.06s
[2020-03-27T07:55:38.007+0000][1][safepoint    ] Safepoint "GenCollectForAllocation", Time since last: 420137386 ns, Reaching safepoint: 198800 ns, At safepoint: 54796985 ns, Total: 54995785 ns
[2020-03-27T07:55:38.067+0000][1][safepoint    ] Safepoint "RevokeBias", Time since last: 60029983 ns, Reaching safepoint: 194000 ns, At safepoint: 25900 ns, Total: 219900 ns
[2020-03-27T07:55:39.068+0000][1][safepoint    ] Safepoint "Cleanup", Time since last: 1000951729 ns, Reaching safepoint: 390700 ns, At safepoint: 92900 ns, Total: 483600 ns
[2020-03-27T07:55:40.071+0000][1][safepoint    ] Safepoint "Cleanup", Time since last: 1002076728 ns, Reaching safepoint: 389900 ns, At safepoint: 84400 ns, Total: 474300 ns
[2020-03-27T07:55:40.501+0000][1][safepoint    ] Safepoint "RevokeBias", Time since last: 429889783 ns, Reaching safepoint: 108800 ns, At safepoint: 21200 ns, Total: 130000 ns
[2020-03-27T07:55:41.502+0000][1][safepoint    ] Safepoint "Cleanup", Time since last: 1000651029 ns, Reaching safepoint: 415300 ns, At safepoint: 89800 ns, Total: 505100 ns
[2020-03-27T07:55:42.504+0000][1][safepoint    ] Safepoint "Cleanup", Time since last: 1001574228 ns, Reaching safepoint: 126400 ns, At safepoint: 9200 ns, Total: 135600 ns
[2020-03-27T07:55:43.379+0000][1][safepoint    ] Safepoint "RevokeBias", Time since last: 874857363 ns, Reaching safepoint: 134300 ns, At safepoint: 27000 ns, Total: 161300 ns
[2020-03-27T07:55:43.380+0000][1][safepoint    ] Safepoint "RevokeBias", Time since last: 670499 ns, Reaching safepoint: 86800 ns, At safepoint: 13400 ns, Total: 100200 ns
[2020-03-27T07:55:43.381+0000][1][safepoint    ] Safepoint "RevokeBias", Time since last: 1275800 ns, Reaching safepoint: 82100 ns, At safepoint: 21800 ns, Total: 103900 ns
[2020-03-27T07:55:43.382+0000][1][safepoint    ] Safepoint "RevokeBias", Time since last: 601500 ns, Reaching safepoint: 82600 ns, At safepoint: 22200 ns, Total: 104800 ns
[2020-03-27T07:55:43.424+0000][1][safepoint    ] Safepoint "RevokeBias", Time since last: 41940488 ns, Reaching safepoint: 245900 ns, At safepoint: 24700 ns, Total: 270600 ns
[2020-03-27T07:55:43.463+0000][1][safepoint    ] Safepoint "RevokeBias", Time since last: 38681590 ns, Reaching safepoint: 152600 ns, At safepoint: 20800 ns, Total: 173400 ns
[2020-03-27T07:55:43.465+0000][1][safepoint    ] Safepoint "RevokeBias", Time since last: 1794899 ns, Reaching safepoint: 263500 ns, At safepoint: 18300 ns, Total: 281800 ns
[2020-03-27T07:55:43.506+0000][1][safepoint    ] Safepoint "RevokeBias", Time since last: 40849589 ns, Reaching safepoint: 320100 ns, At safepoint: 59600 ns, Total: 379700 ns
[2020-03-27T07:55:43.507+0000][1][safepoint    ] Safepoint "RevokeBias", Time since last: 741600 ns, Reaching safepoint: 152900 ns, At safepoint: 27600 ns, Total: 180500 ns
[2020-03-27T07:55:43.508+0000][1][safepoint    ] Safepoint "RevokeBias", Time since last: 1037099 ns, Reaching safepoint: 103700 ns, At safepoint: 28000 ns, Total: 131700 ns
[2020-03-27T07:55:43.509+0000][1][safepoint    ] Safepoint "RevokeBias", Time since last: 1204000 ns, Reaching safepoint: 152900 ns, At safepoint: 18700 ns, Total: 171600 ns
[2020-03-27T07:55:43.564+0000][1][safepoint    ] Safepoint "RevokeBias", Time since last: 53536286 ns, Reaching safepoint: 1030199 ns, At safepoint: 21600 ns, Total: 1051799 ns
[2020-03-27T07:55:44.296+0000][1][safepoint    ] Safepoint "RevokeBias", Time since last: 731202702 ns, Reaching safepoint: 280200 ns, At safepoint: 48400 ns, Total: 328600 ns
[2020-03-27T07:55:44.296+0000][1][safepoint    ] Safepoint "RevokeBias", Time since last: 557300 ns, Reaching safepoint: 149800 ns, At safepoint: 28000 ns, Total: 177800 ns
[2020-03-27T07:55:44.297+0000][1][safepoint    ] Safepoint "RevokeBias", Time since last: 417400 ns, Reaching safepoint: 142599 ns, At safepoint: 23800 ns, Total: 166399 ns
[2020-03-27T07:55:44.298+0000][1][safepoint    ] Safepoint "RevokeBias", Time since last: 985000 ns, Reaching safepoint: 215300 ns, At safepoint: 13000 ns, Total: 228300 ns
[2020-03-27T07:55:44.299+0000][1][safepoint    ] Safepoint "RevokeBias", Time since last: 1007200 ns, Reaching safepoint: 258900 ns, At safepoint: 14300 ns, Total: 273200 ns
[2020-03-27T07:55:44.352+0000][1][safepoint    ] Safepoint "RevokeBias", Time since last: 52400886 ns, Reaching safepoint: 186200 ns, At safepoint: 19100 ns, Total: 205300 ns
[2020-03-27T07:55:44.401+0000][1][gc,start     ] GC(30) Pause Young (Allocation Failure)
[2020-03-27T07:55:44.402+0000][1][gc,task      ] GC(30) Using 2 workers of 2 for evacuation
[2020-03-27T07:55:44.458+0000][1][gc,age       ] GC(30) Desired survivor size 8716288 bytes, new threshold 6 (max threshold 6)
[2020-03-27T07:55:44.458+0000][1][gc,age       ] GC(30) Age table with threshold 6 (max threshold 6)
[2020-03-27T07:55:44.459+0000][1][gc,age       ] GC(30) - age   1:    1754584 bytes,    1754584 total
[2020-03-27T07:55:44.459+0000][1][gc,heap      ] GC(30) ParNew: 153344K->12016K(153344K)
[2020-03-27T07:55:44.459+0000][1][gc,heap      ] GC(30) CMS: 86185K->88634K(353920K)
[2020-03-27T07:55:44.459+0000][1][gc,metaspace ] GC(30) Metaspace: 93252K->93252K(1134592K)
[2020-03-27T07:55:44.460+0000][1][gc           ] GC(30) Pause Young (Allocation Failure) 233M->98M(495M) 58.480ms
[2020-03-27T07:55:44.460+0000][1][gc,cpu       ] GC(30) User=0.06s Sys=0.00s Real=0.06s
[2020-03-27T07:55:44.460+0000][1][safepoint    ] Safepoint "GenCollectForAllocation", Time since last: 49203186 ns, Reaching safepoint: 176100 ns, At safepoint: 59134084 ns, Total: 59310184 ns
[2020-03-27T07:55:44.525+0000][1][safepoint    ] Safepoint "RevokeBias", Time since last: 64154983 ns, Reaching safepoint: 211100 ns, At safepoint: 131800 ns, Total: 342900 ns
[2020-03-27T07:55:44.529+0000][1][safepoint    ] Safepoint "RevokeBias", Time since last: 3303299 ns, Reaching safepoint: 114600 ns, At safepoint: 131200 ns, Total: 245800 ns
[2020-03-27T07:55:44.661+0000][1][safepoint    ] Safepoint "RevokeBias", Time since last: 132387964 ns, Reaching safepoint: 230900 ns, At safepoint: 17400 ns, Total: 248300 ns
[2020-03-27T07:55:44.663+0000][1][safepoint    ] Safepoint "RevokeBias", Time since last: 1063099 ns, Reaching safepoint: 262900 ns, At safepoint: 14300 ns, Total: 277200 ns
[2020-03-27T07:55:44.664+0000][1][safepoint    ] Safepoint "RevokeBias", Time since last: 1529500 ns, Reaching safepoint: 96500 ns, At safepoint: 13600 ns, Total: 110100 ns
[2020-03-27T07:55:45.665+0000][1][safepoint    ] Safepoint "Cleanup", Time since last: 1000247833 ns, Reaching safepoint: 139100 ns, At safepoint: 4500 ns, Total: 143600 ns
[2020-03-27T07:55:46.666+0000][1][safepoint    ] Safepoint "Cleanup", Time since last: 1001061736 ns, Reaching safepoint: 369600 ns, At safepoint: 26200 ns, Total: 395800 ns
[2020-03-27T07:55:47.669+0000][1][safepoint    ] Safepoint "Cleanup", Time since last: 1002436335 ns, Reaching safepoint: 203600 ns, At safepoint: 11600 ns, Total: 215200 ns
[2020-03-27T07:55:48.007+0000][1][safepoint    ] Safepoint "RevokeBias", Time since last: 338006711 ns, Reaching safepoint: 98200 ns, At safepoint: 25200 ns, Total: 123400 ns
[2020-03-27T07:55:48.028+0000][1][safepoint    ] Safepoint "RevokeBias", Time since last: 20833294 ns, Reaching safepoint: 217700 ns, At safepoint: 28400 ns, Total: 246100 ns
[2020-03-27T07:55:48.560+0000][1][safepoint    ] Safepoint "RevokeBias", Time since last: 532145060 ns, Reaching safepoint: 345900 ns, At safepoint: 22300 ns, Total: 368200 ns
[2020-03-27T07:55:48.562+0000][1][safepoint    ] Safepoint "RevokeBias", Time since last: 1001999 ns, Reaching safepoint: 210400 ns, At safepoint: 22500 ns, Total: 232900 ns
[2020-03-27T07:55:48.563+0000][1][safepoint    ] Safepoint "RevokeBias", Time since last: 1559500 ns, Reaching safepoint: 82100 ns, At safepoint: 21800 ns, Total: 103900 ns
[2020-03-27T07:55:48.565+0000][1][safepoint    ] Safepoint "RevokeBias", Time since last: 1021900 ns, Reaching safepoint: 262600 ns, At safepoint: 21000 ns, Total: 283600 ns
[2020-03-27T07:55:48.629+0000][1][safepoint    ] Safepoint "RevokeBias", Time since last: 64355183 ns, Reaching safepoint: 129100 ns, At safepoint: 36100 ns, Total: 165200 ns
[2020-03-27T07:55:49.630+0000][1][safepoint    ] Safepoint "Cleanup", Time since last: 1000512435 ns, Reaching safepoint: 152800 ns, At safepoint: 23500 ns, Total: 176300 ns
[2020-03-27T07:55:50.540+0000][1][safepoint    ] Safepoint "RevokeBias", Time since last: 910166260 ns, Reaching safepoint: 169100 ns, At safepoint: 27800 ns, Total: 196900 ns
[2020-03-27T07:55:50.720+0000][1][gc,start     ] GC(31) Pause Young (Allocation Failure)
[2020-03-27T07:55:50.720+0000][1][gc,task      ] GC(31) Using 2 workers of 2 for evacuation
[2020-03-27T07:55:50.727+0000][1][gc,age       ] GC(31) Desired survivor size 8716288 bytes, new threshold 6 (max threshold 6)
[2020-03-27T07:55:50.728+0000][1][gc,age       ] GC(31) Age table with threshold 6 (max threshold 6)
[2020-03-27T07:55:50.732+0000][1][gc,age       ] GC(31) - age   1:    4328352 bytes,    4328352 total
[2020-03-27T07:55:50.732+0000][1][gc,age       ] GC(31) - age   2:     760808 bytes,    5089160 total
[2020-03-27T07:55:50.732+0000][1][gc,heap      ] GC(31) ParNew: 148108K->6650K(153344K)
[2020-03-27T07:55:50.733+0000][1][gc,heap      ] GC(31) CMS: 88634K->88634K(353920K)
[2020-03-27T07:55:50.733+0000][1][gc,metaspace ] GC(31) Metaspace: 93370K->93370K(1134592K)
[2020-03-27T07:55:50.733+0000][1][gc           ] GC(31) Pause Young (Allocation Failure) 231M->93M(495M) 13.478ms
[2020-03-27T07:55:50.734+0000][1][gc,cpu       ] GC(31) User=0.01s Sys=0.00s Real=0.01s
[2020-03-27T07:55:50.734+0000][1][safepoint    ] Safepoint "GenCollectForAllocation", Time since last: 179477353 ns, Reaching safepoint: 164800 ns, At safepoint: 14045696 ns, Total: 14210496 ns
[2020-03-27T07:55:50.746+0000][1][safepoint    ] Safepoint "RevokeBias", Time since last: 11800797 ns, Reaching safepoint: 268500 ns, At safepoint: 32800 ns, Total: 301300 ns
[2020-03-27T07:55:50.748+0000][1][safepoint    ] Safepoint "RevokeBias", Time since last: 2058299 ns, Reaching safepoint: 276500 ns, At safepoint: 61200 ns, Total: 337700 ns
[2020-03-27T07:55:50.752+0000][1][safepoint    ] Safepoint "RevokeBias", Time since last: 3635499 ns, Reaching safepoint: 194700 ns, At safepoint: 34900 ns, Total: 229600 ns
[2020-03-27T07:55:50.753+0000][1][safepoint    ] Safepoint "RevokeBias", Time since last: 986200 ns, Reaching safepoint: 168300 ns, At safepoint: 77800 ns, Total: 246100 ns
[2020-03-27T07:55:50.815+0000][1][safepoint    ] Safepoint "RevokeBias", Time since last: 61060584 ns, Reaching safepoint: 124200 ns, At safepoint: 27400 ns, Total: 151600 ns
[2020-03-27T07:55:50.837+0000][1][safepoint    ] Safepoint "BulkRevokeBias", Time since last: 21661094 ns, Reaching safepoint: 117100 ns, At safepoint: 535000 ns, Total: 652100 ns
[2020-03-27T07:55:51.838+0000][1][safepoint    ] Safepoint "Cleanup", Time since last: 1000915336 ns, Reaching safepoint: 330200 ns, At safepoint: 82000 ns, Total: 412200 ns
[2020-03-27T07:55:52.841+0000][1][safepoint    ] Safepoint "Cleanup", Time since last: 1002395435 ns, Reaching safepoint: 453500 ns, At safepoint: 31100 ns, Total: 484600 ns
[2020-03-27T07:55:53.844+0000][1][safepoint    ] Safepoint "Cleanup", Time since last: 1002022400 ns, Reaching safepoint: 320400 ns, At safepoint: 118700 ns, Total: 439100 ns
[2020-03-27T07:55:54.846+0000][1][safepoint    ] Safepoint "Cleanup", Time since last: 1002228618 ns, Reaching safepoint: 324300 ns, At safepoint: 29800 ns, Total: 354100 ns
[2020-03-27T07:55:55.848+0000][1][safepoint    ] Safepoint "Cleanup", Time since last: 1001872318 ns, Reaching safepoint: 319600 ns, At safepoint: 87200 ns, Total: 406800 ns
[2020-03-27T07:55:56.851+0000][1][safepoint    ] Safepoint "Cleanup", Time since last: 1002268119 ns, Reaching safepoint: 400899 ns, At safepoint: 92400 ns, Total: 493299 ns
[2020-03-27T07:55:57.854+0000][1][safepoint    ] Safepoint "Cleanup", Time since last: 1002449319 ns, Reaching safepoint: 318600 ns, At safepoint: 85300 ns, Total: 403900 ns
[2020-03-27T07:55:58.072+0000][1][safepoint    ] Safepoint "RevokeBias", Time since last: 217694060 ns, Reaching safepoint: 227400 ns, At safepoint: 15900 ns, Total: 243300 ns
[2020-03-27T07:55:58.756+0000][1][safepoint    ] Safepoint "RevokeBias", Time since last: 683985976 ns, Reaching safepoint: 277200 ns, At safepoint: 20600 ns, Total: 297800 ns
[2020-03-27T07:55:58.758+0000][1][safepoint    ] Safepoint "RevokeBias", Time since last: 1095900 ns, Reaching safepoint: 176300 ns, At safepoint: 13400 ns, Total: 189700 ns
[2020-03-27T07:55:58.759+0000][1][safepoint    ] Safepoint "RevokeBias", Time since last: 1785400 ns, Reaching safepoint: 83300 ns, At safepoint: 13900 ns, Total: 97200 ns
[2020-03-27T07:55:58.761+0000][1][safepoint    ] Safepoint "RevokeBias", Time since last: 1476599 ns, Reaching safepoint: 76000 ns, At safepoint: 14100 ns, Total: 90100 ns
[2020-03-27T07:55:58.808+0000][1][safepoint    ] Safepoint "RevokeBias", Time since last: 46797892 ns, Reaching safepoint: 129600 ns, At safepoint: 28500 ns, Total: 158100 ns
[2020-03-27T07:55:58.882+0000][1][gc,start     ] GC(32) Pause Young (Allocation Failure)
[2020-03-27T07:55:58.882+0000][1][gc,task      ] GC(32) Using 2 workers of 2 for evacuation
[2020-03-27T07:55:58.886+0000][1][gc,age       ] GC(32) Desired survivor size 8716288 bytes, new threshold 6 (max threshold 6)
[2020-03-27T07:55:58.886+0000][1][gc,age       ] GC(32) Age table with threshold 6 (max threshold 6)
[2020-03-27T07:55:58.886+0000][1][gc,age       ] GC(32) - age   1:     902296 bytes,     902296 total
[2020-03-27T07:55:58.887+0000][1][gc,age       ] GC(32) - age   2:    1323960 bytes,    2226256 total
[2020-03-27T07:55:58.888+0000][1][gc,age       ] GC(32) - age   3:     750824 bytes,    2977080 total
[2020-03-27T07:55:58.888+0000][1][gc,heap      ] GC(32) ParNew: 142970K->4558K(153344K)
[2020-03-27T07:55:58.889+0000][1][gc,heap      ] GC(32) CMS: 88634K->88634K(353920K)
[2020-03-27T07:55:58.889+0000][1][gc,metaspace ] GC(32) Metaspace: 93442K->93442K(1134592K)
[2020-03-27T07:55:58.890+0000][1][gc           ] GC(32) Pause Young (Allocation Failure) 226M->91M(495M) 8.101ms
[2020-03-27T07:55:58.890+0000][1][gc,cpu       ] GC(32) User=0.01s Sys=0.00s Real=0.01s
[2020-03-27T07:55:58.891+0000][1][safepoint    ] Safepoint "GenCollectForAllocation", Time since last: 73311386 ns, Reaching safepoint: 228500 ns, At safepoint: 9106799 ns, Total: 9335299 ns
[2020-03-27T07:55:59.893+0000][1][safepoint    ] Safepoint "Cleanup", Time since last: 1001575318 ns, Reaching safepoint: 478900 ns, At safepoint: 117100 ns, Total: 596000 ns
[2020-03-27T07:56:00.541+0000][1][safepoint    ] Safepoint "BulkRevokeBias", Time since last: 646049383 ns, Reaching safepoint: 1949400 ns, At safepoint: 504900 ns, Total: 2454300 ns
[2020-03-27T07:56:00.948+0000][1][safepoint    ] Safepoint "RevokeBias", Time since last: 406234426 ns, Reaching safepoint: 178900 ns, At safepoint: 31300 ns, Total: 210200 ns
[2020-03-27T07:56:00.949+0000][1][safepoint    ] Safepoint "RevokeBias", Time since last: 1223700 ns, Reaching safepoint: 90400 ns, At safepoint: 12800 ns, Total: 103200 ns
[2020-03-27T07:56:00.953+0000][1][safepoint    ] Safepoint "RevokeBias", Time since last: 3581899 ns, Reaching safepoint: 108900 ns, At safepoint: 24000 ns, Total: 132900 ns
[2020-03-27T07:56:00.954+0000][1][safepoint    ] Safepoint "RevokeBias", Time since last: 1176500 ns, Reaching safepoint: 290800 ns, At safepoint: 23000 ns, Total: 313800 ns
[2020-03-27T07:56:01.013+0000][1][safepoint    ] Safepoint "RevokeBias", Time since last: 58095989 ns, Reaching safepoint: 142000 ns, At safepoint: 28100 ns, Total: 170100 ns
[2020-03-27T07:56:02.014+0000][1][safepoint    ] Safepoint "Cleanup", Time since last: 1000766053 ns, Reaching safepoint: 436999 ns, At safepoint: 84700 ns, Total: 521699 ns
[2020-03-27T07:56:03.017+0000][1][safepoint    ] Safepoint "Cleanup", Time since last: 1002298255 ns, Reaching safepoint: 324400 ns, At safepoint: 264200 ns, Total: 588600 ns
[2020-03-27T07:56:04.019+0000][1][safepoint    ] Safepoint "Cleanup", Time since last: 1002140255 ns, Reaching safepoint: 111500 ns, At safepoint: 5000 ns, Total: 116500 ns
[2020-03-27T07:56:05.020+0000][1][safepoint    ] Safepoint "Cleanup", Time since last: 1000691755 ns, Reaching safepoint: 95500 ns, At safepoint: 20200 ns, Total: 115700 ns
[2020-03-27T07:56:06.021+0000][1][safepoint    ] Safepoint "Cleanup", Time since last: 1000999155 ns, Reaching safepoint: 381400 ns, At safepoint: 81500 ns, Total: 462900 ns
[2020-03-27T07:56:07.023+0000][1][safepoint    ] Safepoint "Cleanup", Time since last: 1001938854 ns, Reaching safepoint: 134100 ns, At safepoint: 6600 ns, Total: 140700 ns
[2020-03-27T07:56:08.009+0000][1][safepoint    ] Safepoint "RevokeBias", Time since last: 985246858 ns, Reaching safepoint: 122300 ns, At safepoint: 24600 ns, Total: 146900 ns
[2020-03-27T07:56:08.969+0000][1][safepoint    ] Safepoint "RevokeBias", Time since last: 959376261 ns, Reaching safepoint: 326999 ns, At safepoint: 47600 ns, Total: 374599 ns
[2020-03-27T07:56:08.972+0000][1][safepoint    ] Safepoint "BulkRevokeBias", Time since last: 1635000 ns, Reaching safepoint: 91500 ns, At safepoint: 1698300 ns, Total: 1789800 ns
[2020-03-27T07:56:08.973+0000][1][safepoint    ] Safepoint "RevokeBias", Time since last: 1205900 ns, Reaching safepoint: 73700 ns, At safepoint: 20100 ns, Total: 93800 ns
[2020-03-27T07:56:08.974+0000][1][safepoint    ] Safepoint "RevokeBias", Time since last: 1025400 ns, Reaching safepoint: 60800 ns, At safepoint: 11900 ns, Total: 72700 ns
[2020-03-27T07:56:09.023+0000][1][safepoint    ] Safepoint "RevokeBias", Time since last: 48656393 ns, Reaching safepoint: 257700 ns, At safepoint: 19500 ns, Total: 277200 ns
[2020-03-27T07:56:09.472+0000][1][gc,start     ] GC(33) Pause Young (Allocation Failure)
[2020-03-27T07:56:09.472+0000][1][gc,task      ] GC(33) Using 2 workers of 2 for evacuation
[2020-03-27T07:56:09.476+0000][1][gc,age       ] GC(33) Desired survivor size 8716288 bytes, new threshold 6 (max threshold 6)
[2020-03-27T07:56:09.476+0000][1][gc,age       ] GC(33) Age table with threshold 6 (max threshold 6)
[2020-03-27T07:56:09.477+0000][1][gc,age       ] GC(33) - age   1:    1154488 bytes,    1154488 total
[2020-03-27T07:56:09.477+0000][1][gc,age       ] GC(33) - age   2:     475280 bytes,    1629768 total
[2020-03-27T07:56:09.478+0000][1][gc,age       ] GC(33) - age   3:     981136 bytes,    2610904 total
[2020-03-27T07:56:09.478+0000][1][gc,age       ] GC(33) - age   4:     749856 bytes,    3360760 total
[2020-03-27T07:56:09.479+0000][1][gc,heap      ] GC(33) ParNew: 140878K->4980K(153344K)
[2020-03-27T07:56:09.479+0000][1][gc,heap      ] GC(33) CMS: 88634K->88634K(353920K)
[2020-03-27T07:56:09.480+0000][1][gc,metaspace ] GC(33) Metaspace: 93541K->93541K(1134592K)
[2020-03-27T07:56:09.480+0000][1][gc           ] GC(33) Pause Young (Allocation Failure) 224M->91M(495M) 8.573ms
[2020-03-27T07:56:09.481+0000][1][gc,cpu       ] GC(33) User=0.01s Sys=0.00s Real=0.01s
[2020-03-27T07:56:09.481+0000][1][safepoint    ] Safepoint "GenCollectForAllocation", Time since last: 448160247 ns, Reaching safepoint: 141100 ns, At safepoint: 9529306 ns, Total: 9670406 ns
[2020-03-27T07:56:10.482+0000][1][safepoint    ] Safepoint "Cleanup", Time since last: 1000510395 ns, Reaching safepoint: 117700 ns, At safepoint: 18900 ns, Total: 136600 ns
[2020-03-27T07:56:10.581+0000][1][safepoint    ] Safepoint "RevokeBias", Time since last: 99043168 ns, Reaching safepoint: 106201 ns, At safepoint: 24700 ns, Total: 130901 ns
[2020-03-27T07:56:11.177+0000][1][safepoint    ] Safepoint "RevokeBias", Time since last: 596014413 ns, Reaching safepoint: 160600 ns, At safepoint: 27400 ns, Total: 188000 ns
[2020-03-27T07:56:11.178+0000][1][safepoint    ] Safepoint "RevokeBias", Time since last: 689501 ns, Reaching safepoint: 93900 ns, At safepoint: 21900 ns, Total: 115800 ns
[2020-03-27T07:56:11.179+0000][1][safepoint    ] Safepoint "RevokeBias", Time since last: 1460801 ns, Reaching safepoint: 93300 ns, At safepoint: 22300 ns, Total: 115600 ns
[2020-03-27T07:56:11.181+0000][1][safepoint    ] Safepoint "BulkRevokeBias", Time since last: 1149301 ns, Reaching safepoint: 96500 ns, At safepoint: 411900 ns, Total: 508400 ns
[2020-03-27T07:56:11.239+0000][1][safepoint    ] Safepoint "RevokeBias", Time since last: 57291940 ns, Reaching safepoint: 185400 ns, At safepoint: 31100 ns, Total: 216500 ns
[2020-03-27T07:56:12.253+0000][1][safepoint    ] Safepoint "Cleanup", Time since last: 1012990603 ns, Reaching safepoint: 1343901 ns, At safepoint: 72900 ns, Total: 1416801 ns
[2020-03-27T07:56:13.256+0000][1][safepoint    ] Safepoint "Cleanup", Time since last: 1002056695 ns, Reaching safepoint: 352201 ns, At safepoint: 169700 ns, Total: 521901 ns
[2020-03-27T07:56:14.258+0000][1][safepoint    ] Safepoint "Cleanup", Time since last: 1002476895 ns, Reaching safepoint: 132200 ns, At safepoint: 25100 ns, Total: 157300 ns
[2020-03-27T07:56:15.260+0000][1][safepoint    ] Safepoint "Cleanup", Time since last: 1001095695 ns, Reaching safepoint: 761901 ns, At safepoint: 75200 ns, Total: 837101 ns
[2020-03-27T07:56:16.263+0000][1][safepoint    ] Safepoint "Cleanup", Time since last: 1002278495 ns, Reaching safepoint: 462501 ns, At safepoint: 76900 ns, Total: 539401 ns
[2020-03-27T07:56:17.266+0000][1][safepoint    ] Safepoint "Cleanup", Time since last: 1002017012 ns, Reaching safepoint: 608700 ns, At safepoint: 86400 ns, Total: 695100 ns
[2020-03-27T07:56:18.003+0000][1][safepoint    ] Safepoint "RevokeBias", Time since last: 737172981 ns, Reaching safepoint: 108500 ns, At safepoint: 24900 ns, Total: 133400 ns
[2020-03-27T07:56:19.004+0000][1][safepoint    ] Safepoint "Cleanup", Time since last: 1001085738 ns, Reaching safepoint: 174100 ns, At safepoint: 27200 ns, Total: 201300 ns
[2020-03-27T07:56:20.006+0000][1][safepoint    ] Safepoint "Cleanup", Time since last: 1001106939 ns, Reaching safepoint: 485100 ns, At safepoint: 85600 ns, Total: 570700 ns
[2020-03-27T07:56:20.643+0000][1][safepoint    ] Safepoint "RevokeBias", Time since last: 636448997 ns, Reaching safepoint: 213700 ns, At safepoint: 150200 ns, Total: 363900 ns
[2020-03-27T07:56:21.644+0000][1][safepoint    ] Safepoint "Cleanup", Time since last: 1000599139 ns, Reaching safepoint: 420200 ns, At safepoint: 38000 ns, Total: 458200 ns
[2020-03-27T07:56:22.646+0000][1][safepoint    ] Safepoint "Cleanup", Time since last: 1002114239 ns, Reaching safepoint: 338100 ns, At safepoint: 81900 ns, Total: 420000 ns
[2020-03-27T07:56:23.649+0000][1][safepoint    ] Safepoint "Cleanup", Time since last: 1002488538 ns, Reaching safepoint: 336200 ns, At safepoint: 86300 ns, Total: 422500 ns
[2020-03-27T07:56:24.651+0000][1][safepoint    ] Safepoint "Cleanup", Time since last: 1001883838 ns, Reaching safepoint: 154900 ns, At safepoint: 33700 ns, Total: 188600 ns
[2020-03-27T07:56:25.653+0000][1][safepoint    ] Safepoint "Cleanup", Time since last: 1001395006 ns, Reaching safepoint: 335500 ns, At safepoint: 87600 ns, Total: 423100 ns
[2020-03-27T07:56:26.655+0000][1][safepoint    ] Safepoint "Cleanup", Time since last: 1002137269 ns, Reaching safepoint: 116500 ns, At safepoint: 22400 ns, Total: 138900 ns
[2020-03-27T07:56:27.657+0000][1][safepoint    ] Safepoint "Cleanup", Time since last: 1001140468 ns, Reaching safepoint: 442500 ns, At safepoint: 77500 ns, Total: 520000 ns
[2020-03-27T07:56:28.009+0000][1][safepoint    ] Safepoint "RevokeBias", Time since last: 351606689 ns, Reaching safepoint: 120400 ns, At safepoint: 26100 ns, Total: 146500 ns
[2020-03-27T07:56:29.010+0000][1][safepoint    ] Safepoint "Cleanup", Time since last: 1001008568 ns, Reaching safepoint: 346300 ns, At safepoint: 85400 ns, Total: 431700 ns
[2020-03-27T07:56:30.013+0000][1][safepoint    ] Safepoint "Cleanup", Time since last: 1002251968 ns, Reaching safepoint: 134900 ns, At safepoint: 24600 ns, Total: 159500 ns
[2020-03-27T07:56:30.599+0000][1][safepoint    ] Safepoint "RevokeBias", Time since last: 585715082 ns, Reaching safepoint: 288500 ns, At safepoint: 21400 ns, Total: 309900 ns
[2020-03-27T07:56:31.600+0000][1][safepoint    ] Safepoint "Cleanup", Time since last: 1001067168 ns, Reaching safepoint: 350600 ns, At safepoint: 88400 ns, Total: 439000 ns
[2020-03-27T07:56:32.603+0000][1][safepoint    ] Safepoint "Cleanup", Time since last: 1001955368 ns, Reaching safepoint: 598600 ns, At safepoint: 92000 ns, Total: 690600 ns
[2020-03-27T07:56:33.605+0000][1][safepoint    ] Safepoint "Cleanup", Time since last: 1001807228 ns, Reaching safepoint: 503800 ns, At safepoint: 95700 ns, Total: 599500 ns
[2020-03-27T07:56:34.608+0000][1][safepoint    ] Safepoint "Cleanup", Time since last: 1001911380 ns, Reaching safepoint: 838200 ns, At safepoint: 107300 ns, Total: 945500 ns
[2020-03-27T07:56:35.611+0000][1][safepoint    ] Safepoint "Cleanup", Time since last: 1002049979 ns, Reaching safepoint: 451700 ns, At safepoint: 36100 ns, Total: 487800 ns
[2020-03-27T07:56:36.613+0000][1][safepoint    ] Safepoint "Cleanup", Time since last: 1001926379 ns, Reaching safepoint: 366600 ns, At safepoint: 115500 ns, Total: 482100 ns
[2020-03-27T07:56:37.616+0000][1][safepoint    ] Safepoint "Cleanup", Time since last: 1001957980 ns, Reaching safepoint: 336000 ns, At safepoint: 172500 ns, Total: 508500 ns
[2020-03-27T07:56:37.956+0000][1][gc,start     ] GC(34) Pause Young (Allocation Failure)
[2020-03-27T07:56:37.956+0000][1][gc,task      ] GC(34) Using 2 workers of 2 for evacuation
[2020-03-27T07:56:37.981+0000][1][gc,age       ] GC(34) Desired survivor size 8716288 bytes, new threshold 1 (max threshold 6)
[2020-03-27T07:56:37.982+0000][1][gc,age       ] GC(34) Age table with threshold 1 (max threshold 6)
[2020-03-27T07:56:37.982+0000][1][gc,age       ] GC(34) - age   1:   13379568 bytes,   13379568 total
[2020-03-27T07:56:37.982+0000][1][gc,age       ] GC(34) - age   2:    1120400 bytes,   14499968 total
[2020-03-27T07:56:37.983+0000][1][gc,age       ] GC(34) - age   3:     474352 bytes,   14974320 total
[2020-03-27T07:56:37.984+0000][1][gc,age       ] GC(34) - age   4:     979056 bytes,   15953376 total
[2020-03-27T07:56:37.984+0000][1][gc,age       ] GC(34) - age   5:     744224 bytes,   16697600 total
[2020-03-27T07:56:37.985+0000][1][gc,heap      ] GC(34) ParNew: 141300K->17024K(153344K)
[2020-03-27T07:56:37.985+0000][1][gc,heap      ] GC(34) CMS: 88634K->88764K(353920K)
[2020-03-27T07:56:37.985+0000][1][gc,metaspace ] GC(34) Metaspace: 93766K->93766K(1136640K)
[2020-03-27T07:56:37.986+0000][1][gc           ] GC(34) Pause Young (Allocation Failure) 224M->103M(495M) 29.967ms
[2020-03-27T07:56:37.986+0000][1][gc,cpu       ] GC(34) User=0.01s Sys=0.00s Real=0.03s
[2020-03-27T07:56:37.986+0000][1][safepoint    ] Safepoint "GenCollectForAllocation", Time since last: 339909159 ns, Reaching safepoint: 96100 ns, At safepoint: 30825096 ns, Total: 30921196 ns
[2020-03-27T07:56:38.003+0000][1][safepoint    ] Safepoint "RevokeBias", Time since last: 16641498 ns, Reaching safepoint: 180900 ns, At safepoint: 26700 ns, Total: 207600 ns
[2020-03-27T07:56:39.005+0000][1][safepoint    ] Safepoint "Cleanup", Time since last: 1001105980 ns, Reaching safepoint: 495400 ns, At safepoint: 67700 ns, Total: 563100 ns
[2020-03-27T07:56:40.007+0000][1][safepoint    ] Safepoint "Cleanup", Time since last: 1002009079 ns, Reaching safepoint: 128500 ns, At safepoint: 22300 ns, Total: 150800 ns
[2020-03-27T07:56:40.596+0000][1][safepoint    ] Safepoint "RevokeBias", Time since last: 588663029 ns, Reaching safepoint: 130700 ns, At safepoint: 26500 ns, Total: 157200 ns
[2020-03-27T07:56:41.597+0000][1][safepoint    ] Safepoint "Cleanup", Time since last: 1000928695 ns, Reaching safepoint: 338100 ns, At safepoint: 90400 ns, Total: 428500 ns
[2020-03-27T07:56:42.600+0000][1][safepoint    ] Safepoint "Cleanup", Time since last: 1001811815 ns, Reaching safepoint: 350100 ns, At safepoint: 174200 ns, Total: 524300 ns
[2020-03-27T07:56:43.369+0000][1][safepoint    ] Safepoint "RevokeBias", Time since last: 769174834 ns, Reaching safepoint: 279500 ns, At safepoint: 29600 ns, Total: 309100 ns
[2020-03-27T07:56:43.370+0000][1][safepoint    ] Safepoint "RevokeBias", Time since last: 579400 ns, Reaching safepoint: 128600 ns, At safepoint: 15000 ns, Total: 143600 ns
[2020-03-27T07:56:43.370+0000][1][safepoint    ] Safepoint "RevokeBias", Time since last: 445300 ns, Reaching safepoint: 93800 ns, At safepoint: 12900 ns, Total: 106700 ns
[2020-03-27T07:56:44.201+0000][1][safepoint    ] Safepoint "RevokeBias", Time since last: 830701930 ns, Reaching safepoint: 126700 ns, At safepoint: 16600 ns, Total: 143300 ns
[2020-03-27T07:56:44.202+0000][1][safepoint    ] Safepoint "RevokeBias", Time since last: 800300 ns, Reaching safepoint: 158200 ns, At safepoint: 21400 ns, Total: 179600 ns
[2020-03-27T07:56:44.203+0000][1][safepoint    ] Safepoint "RevokeBias", Time since last: 515200 ns, Reaching safepoint: 57500 ns, At safepoint: 18900 ns, Total: 76400 ns
[2020-03-27T07:56:44.204+0000][1][safepoint    ] Safepoint "RevokeBias", Time since last: 1186000 ns, Reaching safepoint: 60500 ns, At safepoint: 21600 ns, Total: 82100 ns
[2020-03-27T07:56:44.205+0000][1][safepoint    ] Safepoint "RevokeBias", Time since last: 890600 ns, Reaching safepoint: 59900 ns, At safepoint: 21000 ns, Total: 80900 ns
[2020-03-27T07:56:44.251+0000][1][safepoint    ] Safepoint "RevokeBias", Time since last: 46100796 ns, Reaching safepoint: 146400 ns, At safepoint: 29700 ns, Total: 176100 ns
[2020-03-27T07:56:44.366+0000][1][safepoint    ] Safepoint "RevokeBias", Time since last: 100433291 ns, Reaching safepoint: 11508599 ns, At safepoint: 2412600 ns, Total: 13921199 ns
[2020-03-27T07:56:44.430+0000][1][safepoint    ] Safepoint "GenCollectForAllocation", Time since last: 63690995 ns, Reaching safepoint: 660499 ns, At safepoint: 29100 ns, Total: 689599 ns
[2020-03-27T07:56:44.432+0000][1][safepoint    ] Safepoint "RevokeBias", Time since last: 951300 ns, Reaching safepoint: 735700 ns, At safepoint: 28900 ns, Total: 764600 ns
[2020-03-27T07:56:44.432+0000][1][gc,start     ] GC(35) Pause Young (GCLocker Initiated GC)
[2020-03-27T07:56:44.433+0000][1][gc,task      ] GC(35) Using 2 workers of 2 for evacuation
[2020-03-27T07:56:44.486+0000][1][gc,age       ] GC(35) Desired survivor size 8716288 bytes, new threshold 6 (max threshold 6)
[2020-03-27T07:56:44.486+0000][1][gc,age       ] GC(35) Age table with threshold 6 (max threshold 6)
[2020-03-27T07:56:44.487+0000][1][gc,age       ] GC(35) - age   1:    2872832 bytes,    2872832 total
[2020-03-27T07:56:44.487+0000][1][gc,heap      ] GC(35) ParNew: 153344K->13028K(153344K)
[2020-03-27T07:56:44.488+0000][1][gc,heap      ] GC(35) CMS: 88795K->93175K(353920K)
[2020-03-27T07:56:44.488+0000][1][gc,metaspace ] GC(35) Metaspace: 93934K->93934K(1136640K)
[2020-03-27T07:56:44.489+0000][1][gc           ] GC(35) Pause Young (GCLocker Initiated GC) 236M->103M(495M) 56.501ms
[2020-03-27T07:56:44.489+0000][1][gc,cpu       ] GC(35) User=0.03s Sys=0.01s Real=0.06s
[2020-03-27T07:56:44.490+0000][1][safepoint    ] Safepoint "GenCollectFull", Time since last: 411900 ns, Reaching safepoint: 124200 ns, At safepoint: 57703895 ns, Total: 57828095 ns
[2020-03-27T07:56:44.496+0000][1][safepoint    ] Safepoint "RevokeBias", Time since last: 5357500 ns, Reaching safepoint: 214900 ns, At safepoint: 32700 ns, Total: 247600 ns
[2020-03-27T07:56:44.499+0000][1][safepoint    ] Safepoint "RevokeBias", Time since last: 2227900 ns, Reaching safepoint: 360100 ns, At safepoint: 323000 ns, Total: 683100 ns
[2020-03-27T07:56:44.502+0000][1][safepoint    ] Safepoint "RevokeBias", Time since last: 1277800 ns, Reaching safepoint: 282800 ns, At safepoint: 2164099 ns, Total: 2446899 ns
[2020-03-27T07:56:44.505+0000][1][safepoint    ] Safepoint "RevokeBias", Time since last: 351400 ns, Reaching safepoint: 269400 ns, At safepoint: 2103700 ns, Total: 2373100 ns
[2020-03-27T07:56:44.506+0000][1][safepoint    ] Safepoint "RevokeBias", Time since last: 581200 ns, Reaching safepoint: 266000 ns, At safepoint: 142300 ns, Total: 408300 ns
[2020-03-27T07:56:44.533+0000][1][safepoint    ] Safepoint "RevokeBias", Time since last: 23529298 ns, Reaching safepoint: 2639200 ns, At safepoint: 623500 ns, Total: 3262700 ns
[2020-03-27T07:56:44.533+0000][1][safepoint    ] Safepoint "RevokeBias", Time since last: 350600 ns, Reaching safepoint: 305200 ns, At safepoint: 26000 ns, Total: 331200 ns
[2020-03-27T07:56:44.567+0000][1][safepoint    ] Safepoint "RevokeBias", Time since last: 32703897 ns, Reaching safepoint: 535000 ns, At safepoint: 29800 ns, Total: 564800 ns
[2020-03-27T07:56:44.643+0000][1][safepoint    ] Safepoint "RevokeBias", Time since last: 75467093 ns, Reaching safepoint: 311800 ns, At safepoint: 29800 ns, Total: 341600 ns
[2020-03-27T07:56:44.643+0000][1][safepoint    ] Safepoint "RevokeBias", Time since last: 490100 ns, Reaching safepoint: 163000 ns, At safepoint: 25000 ns, Total: 188000 ns
[2020-03-27T07:56:44.645+0000][1][safepoint    ] Safepoint "RevokeBias", Time since last: 1084800 ns, Reaching safepoint: 338700 ns, At safepoint: 18700 ns, Total: 357400 ns
[2020-03-27T07:56:44.646+0000][1][safepoint    ] Safepoint "RevokeBias", Time since last: 1216400 ns, Reaching safepoint: 252400 ns, At safepoint: 32100 ns, Total: 284500 ns
[2020-03-27T07:56:44.727+0000][1][safepoint    ] Safepoint "RevokeBias", Time since last: 81065393 ns, Reaching safepoint: 134800 ns, At safepoint: 43200 ns, Total: 178000 ns
[2020-03-27T07:56:44.728+0000][1][safepoint    ] Safepoint "RevokeBias", Time since last: 414300 ns, Reaching safepoint: 100100 ns, At safepoint: 31100 ns, Total: 131200 ns
[2020-03-27T07:56:44.729+0000][1][safepoint    ] Safepoint "RevokeBias", Time since last: 681500 ns, Reaching safepoint: 183600 ns, At safepoint: 30100 ns, Total: 213700 ns
[2020-03-27T07:56:44.730+0000][1][safepoint    ] Safepoint "RevokeBias", Time since last: 232700 ns, Reaching safepoint: 924200 ns, At safepoint: 29400 ns, Total: 953600 ns
[2020-03-27T07:56:44.730+0000][1][safepoint    ] Safepoint "RevokeBias", Time since last: 267600 ns, Reaching safepoint: 139900 ns, At safepoint: 35500 ns, Total: 175400 ns
[2020-03-27T07:56:44.731+0000][1][safepoint    ] Safepoint "RevokeBias", Time since last: 563000 ns, Reaching safepoint: 299500 ns, At safepoint: 44200 ns, Total: 343700 ns
[2020-03-27T07:56:44.732+0000][1][safepoint    ] Safepoint "RevokeBias", Time since last: 649000 ns, Reaching safepoint: 95400 ns, At safepoint: 49100 ns, Total: 144500 ns
[2020-03-27T07:56:44.733+0000][1][safepoint    ] Safepoint "RevokeBias", Time since last: 535600 ns, Reaching safepoint: 85300 ns, At safepoint: 41500 ns, Total: 126800 ns
[2020-03-27T07:56:44.734+0000][1][safepoint    ] Safepoint "RevokeBias", Time since last: 600700 ns, Reaching safepoint: 140500 ns, At safepoint: 61200 ns, Total: 201700 ns
[2020-03-27T07:56:44.822+0000][1][safepoint    ] Safepoint "RevokeBias", Time since last: 88555292 ns, Reaching safepoint: 102400 ns, At safepoint: 15700 ns, Total: 118100 ns
[2020-03-27T07:56:44.938+0000][1][safepoint    ] Safepoint "RevokeBias", Time since last: 115156890 ns, Reaching safepoint: 230400 ns, At safepoint: 17000 ns, Total: 247400 ns
[2020-03-27T07:56:44.938+0000][1][safepoint    ] Safepoint "RevokeBias", Time since last: 320400 ns, Reaching safepoint: 101100 ns, At safepoint: 45400 ns, Total: 146500 ns
[2020-03-27T07:56:44.939+0000][1][safepoint    ] Safepoint "RevokeBias", Time since last: 382100 ns, Reaching safepoint: 177000 ns, At safepoint: 13700 ns, Total: 190700 ns
[2020-03-27T07:56:44.939+0000][1][safepoint    ] Safepoint "RevokeBias", Time since last: 441000 ns, Reaching safepoint: 79900 ns, At safepoint: 12200 ns, Total: 92100 ns
[2020-03-27T07:56:44.940+0000][1][safepoint    ] Safepoint "RevokeBias", Time since last: 317700 ns, Reaching safepoint: 78300 ns, At safepoint: 11600 ns, Total: 89900 ns
[2020-03-27T07:56:44.940+0000][1][safepoint    ] Safepoint "RevokeBias", Time since last: 373900 ns, Reaching safepoint: 81900 ns, At safepoint: 12000 ns, Total: 93900 ns
[2020-03-27T07:56:45.352+0000][1][safepoint    ] Safepoint "RevokeBias", Time since last: 410928065 ns, Reaching safepoint: 389300 ns, At safepoint: 170300 ns, Total: 559600 ns
[2020-03-27T07:56:45.362+0000][1][safepoint    ] Safepoint "RevokeBias", Time since last: 9676099 ns, Reaching safepoint: 517400 ns, At safepoint: 45700 ns, Total: 563100 ns
[2020-03-27T07:56:45.866+0000][1][safepoint    ] Safepoint "RevokeBias", Time since last: 503825558 ns, Reaching safepoint: 106100 ns, At safepoint: 17300 ns, Total: 123400 ns
[2020-03-27T07:56:45.867+0000][1][safepoint    ] Safepoint "RevokeBias", Time since last: 858300 ns, Reaching safepoint: 78900 ns, At safepoint: 22300 ns, Total: 101200 ns
[2020-03-27T07:56:45.868+0000][1][safepoint    ] Safepoint "RevokeBias", Time since last: 1622899 ns, Reaching safepoint: 81000 ns, At safepoint: 11800 ns, Total: 92800 ns
[2020-03-27T07:56:45.870+0000][1][safepoint    ] Safepoint "RevokeBias", Time since last: 1074900 ns, Reaching safepoint: 89200 ns, At safepoint: 21900 ns, Total: 111100 ns
[2020-03-27T07:56:45.936+0000][1][safepoint    ] Safepoint "RevokeBias", Time since last: 66036995 ns, Reaching safepoint: 189500 ns, At safepoint: 20100 ns, Total: 209600 ns
[2020-03-27T07:56:45.964+0000][1][safepoint    ] Safepoint "RevokeBias", Time since last: 27802897 ns, Reaching safepoint: 168400 ns, At safepoint: 6900 ns, Total: 175300 ns
[2020-03-27T07:56:45.979+0000][1][safepoint    ] Safepoint "RevokeBias", Time since last: 14572199 ns, Reaching safepoint: 128600 ns, At safepoint: 6400 ns, Total: 135000 ns
[2020-03-27T07:56:46.980+0000][1][safepoint    ] Safepoint "Cleanup", Time since last: 1000478615 ns, Reaching safepoint: 351300 ns, At safepoint: 155100 ns, Total: 506400 ns
[2020-03-27T07:56:47.960+0000][1][gc,start     ] GC(36) Pause Young (Allocation Failure)
[2020-03-27T07:56:47.967+0000][1][gc,task      ] GC(36) Using 2 workers of 2 for evacuation
[2020-03-27T07:56:47.971+0000][1][gc,age       ] GC(36) Desired survivor size 8716288 bytes, new threshold 6 (max threshold 6)
[2020-03-27T07:56:47.971+0000][1][gc,age       ] GC(36) Age table with threshold 6 (max threshold 6)
[2020-03-27T07:56:47.972+0000][1][gc,age       ] GC(36) - age   1:     764600 bytes,     764600 total
[2020-03-27T07:56:47.972+0000][1][gc,age       ] GC(36) - age   2:     293576 bytes,    1058176 total
[2020-03-27T07:56:47.973+0000][1][gc,heap      ] GC(36) ParNew: 149348K->3958K(153344K)
[2020-03-27T07:56:47.974+0000][1][gc,heap      ] GC(36) CMS: 93175K->93175K(353920K)
[2020-03-27T07:56:47.974+0000][1][gc,metaspace ] GC(36) Metaspace: 94055K->94055K(1136640K)
[2020-03-27T07:56:47.975+0000][1][gc           ] GC(36) Pause Young (Allocation Failure) 236M->94M(495M) 14.172ms
[2020-03-27T07:56:47.975+0000][1][gc,cpu       ] GC(36) User=0.01s Sys=0.00s Real=0.01s
[2020-03-27T07:56:47.976+0000][1][safepoint    ] Safepoint "GenCollectForAllocation", Time since last: 980698117 ns, Reaching safepoint: 102100 ns, At safepoint: 15496099 ns, Total: 15598199 ns
[2020-03-27T07:56:48.013+0000][1][safepoint    ] Safepoint "RevokeBias", Time since last: 37319596 ns, Reaching safepoint: 169100 ns, At safepoint: 24600 ns, Total: 193700 ns
[2020-03-27T07:56:48.483+0000][1][safepoint    ] Safepoint "RevokeBias", Time since last: 469453261 ns, Reaching safepoint: 129600 ns, At safepoint: 19600 ns, Total: 149200 ns
[2020-03-27T07:56:48.484+0000][1][safepoint    ] Safepoint "RevokeBias", Time since last: 1157699 ns, Reaching safepoint: 97100 ns, At safepoint: 27500 ns, Total: 124600 ns
[2020-03-27T07:56:48.485+0000][1][safepoint    ] Safepoint "RevokeBias", Time since last: 957100 ns, Reaching safepoint: 100500 ns, At safepoint: 12600 ns, Total: 113100 ns
[2020-03-27T07:56:48.487+0000][1][safepoint    ] Safepoint "RevokeBias", Time since last: 1059700 ns, Reaching safepoint: 244300 ns, At safepoint: 16200 ns, Total: 260500 ns
[2020-03-27T07:56:48.530+0000][1][safepoint    ] Safepoint "RevokeBias", Time since last: 43327897 ns, Reaching safepoint: 110000 ns, At safepoint: 13900 ns, Total: 123900 ns
[2020-03-27T07:56:49.532+0000][1][safepoint    ] Safepoint "Cleanup", Time since last: 1001724909 ns, Reaching safepoint: 361800 ns, At safepoint: 90200 ns, Total: 452000 ns
[2020-03-27T07:56:50.534+0000][1][safepoint    ] Safepoint "Cleanup", Time since last: 1002006697 ns, Reaching safepoint: 101800 ns, At safepoint: 19300 ns, Total: 121100 ns
[2020-03-27T07:56:50.628+0000][1][safepoint    ] Safepoint "RevokeBias", Time since last: 91929890 ns, Reaching safepoint: 1167000 ns, At safepoint: 19700 ns, Total: 1186700 ns
[2020-03-27T07:56:51.628+0000][1][safepoint    ] Safepoint "Cleanup", Time since last: 1000312597 ns, Reaching safepoint: 197500 ns, At safepoint: 9600 ns, Total: 207100 ns
[2020-03-27T07:56:51.639+0000][1][safepoint    ] Safepoint "RevokeBias", Time since last: 11171399 ns, Reaching safepoint: 205100 ns, At safepoint: 26000 ns, Total: 231100 ns
[2020-03-27T07:56:51.640+0000][1][safepoint    ] Safepoint "RevokeBias", Time since last: 585200 ns, Reaching safepoint: 191900 ns, At safepoint: 11800 ns, Total: 203700 ns
[2020-03-27T07:56:51.642+0000][1][safepoint    ] Safepoint "RevokeBias", Time since last: 1501300 ns, Reaching safepoint: 201400 ns, At safepoint: 12400 ns, Total: 213800 ns
[2020-03-27T07:56:51.643+0000][1][safepoint    ] Safepoint "RevokeBias", Time since last: 1085400 ns, Reaching safepoint: 87600 ns, At safepoint: 41700 ns, Total: 129300 ns
[2020-03-27T07:56:51.683+0000][1][safepoint    ] Safepoint "RevokeBias", Time since last: 39776096 ns, Reaching safepoint: 113200 ns, At safepoint: 19100 ns, Total: 132300 ns
[2020-03-27T07:56:51.713+0000][1][safepoint    ] Safepoint "RevokeBias", Time since last: 29340797 ns, Reaching safepoint: 180400 ns, At safepoint: 20500 ns, Total: 200900 ns
[2020-03-27T07:56:51.717+0000][1][safepoint    ] Safepoint "RevokeBias", Time since last: 4193999 ns, Reaching safepoint: 163100 ns, At safepoint: 13600 ns, Total: 176700 ns
[2020-03-27T07:56:51.784+0000][1][gc,start     ] GC(37) Pause Young (Allocation Failure)
[2020-03-27T07:56:51.785+0000][1][gc,task      ] GC(37) Using 2 workers of 2 for evacuation
[2020-03-27T07:56:51.789+0000][1][gc,age       ] GC(37) Desired survivor size 8716288 bytes, new threshold 6 (max threshold 6)
[2020-03-27T07:56:51.789+0000][1][gc,age       ] GC(37) Age table with threshold 6 (max threshold 6)
[2020-03-27T07:56:51.790+0000][1][gc,age       ] GC(37) - age   1:    1069088 bytes,    1069088 total
[2020-03-27T07:56:51.790+0000][1][gc,age       ] GC(37) - age   2:     680408 bytes,    1749496 total
[2020-03-27T07:56:51.791+0000][1][gc,age       ] GC(37) - age   3:     288608 bytes,    2038104 total
[2020-03-27T07:56:51.791+0000][1][gc,heap      ] GC(37) ParNew: 140066K->2563K(153344K)
[2020-03-27T07:56:51.792+0000][1][gc,heap      ] GC(37) CMS: 93175K->93175K(353920K)
[2020-03-27T07:56:51.792+0000][1][gc,metaspace ] GC(37) Metaspace: 94118K->94118K(1136640K)
[2020-03-27T07:56:51.792+0000][1][gc           ] GC(37) Pause Young (Allocation Failure) 227M->93M(495M) 8.023ms
[2020-03-27T07:56:51.793+0000][1][gc,cpu       ] GC(37) User=0.00s Sys=0.00s Real=0.01s
[2020-03-27T07:56:51.793+0000][1][safepoint    ] Safepoint "GenCollectForAllocation", Time since last: 67156893 ns, Reaching safepoint: 212100 ns, At safepoint: 8951699 ns, Total: 9163799 ns
[2020-03-27T07:56:52.717+0000][1][safepoint    ] Safepoint "RevokeBias", Time since last: 923818205 ns, Reaching safepoint: 101500 ns, At safepoint: 18500 ns, Total: 120000 ns
[2020-03-27T07:56:52.734+0000][1][safepoint    ] Safepoint "RevokeBias", Time since last: 16496199 ns, Reaching safepoint: 212300 ns, At safepoint: 36100 ns, Total: 248400 ns
[2020-03-27T07:56:52.735+0000][1][safepoint    ] Safepoint "RevokeBias", Time since last: 970100 ns, Reaching safepoint: 98400 ns, At safepoint: 15300 ns, Total: 113700 ns
[2020-03-27T07:56:53.742+0000][1][safepoint    ] Safepoint "Cleanup", Time since last: 1006331696 ns, Reaching safepoint: 462400 ns, At safepoint: 82000 ns, Total: 544400 ns
[2020-03-27T07:56:54.744+0000][1][safepoint    ] Safepoint "Cleanup", Time since last: 1001832697 ns, Reaching safepoint: 206500 ns, At safepoint: 43900 ns, Total: 250400 ns
[2020-03-27T07:56:55.746+0000][1][safepoint    ] Safepoint "Cleanup", Time since last: 1001309598 ns, Reaching safepoint: 374900 ns, At safepoint: 85600 ns, Total: 460500 ns
[2020-03-27T07:56:56.748+0000][1][safepoint    ] Safepoint "Cleanup", Time since last: 1002232097 ns, Reaching safepoint: 327300 ns, At safepoint: 78100 ns, Total: 405400 ns
[2020-03-27T07:56:57.751+0000][1][safepoint    ] Safepoint "Cleanup", Time since last: 1002342016 ns, Reaching safepoint: 380700 ns, At safepoint: 86100 ns, Total: 466800 ns
[2020-03-27T07:56:58.023+0000][1][safepoint    ] Safepoint "RevokeBias", Time since last: 271123581 ns, Reaching safepoint: 195600 ns, At safepoint: 26700 ns, Total: 222300 ns
[2020-03-27T07:56:58.613+0000][1][safepoint    ] Safepoint "RevokeBias", Time since last: 589713460 ns, Reaching safepoint: 226200 ns, At safepoint: 36600 ns, Total: 262800 ns
[2020-03-27T07:56:58.614+0000][1][safepoint    ] Safepoint "RevokeBias", Time since last: 823000 ns, Reaching safepoint: 97900 ns, At safepoint: 21600 ns, Total: 119500 ns
[2020-03-27T07:56:58.615+0000][1][safepoint    ] Safepoint "RevokeBias", Time since last: 931700 ns, Reaching safepoint: 91100 ns, At safepoint: 21000 ns, Total: 112100 ns
[2020-03-27T07:56:58.616+0000][1][safepoint    ] Safepoint "RevokeBias", Time since last: 1251600 ns, Reaching safepoint: 133500 ns, At safepoint: 13700 ns, Total: 147200 ns
[2020-03-27T07:56:58.660+0000][1][safepoint    ] Safepoint "RevokeBias", Time since last: 43716997 ns, Reaching safepoint: 140400 ns, At safepoint: 28500 ns, Total: 168900 ns
[2020-03-27T07:56:58.697+0000][1][gc,start     ] GC(38) Pause Young (Allocation Failure)
[2020-03-27T07:56:58.697+0000][1][gc,task      ] GC(38) Using 2 workers of 2 for evacuation
[2020-03-27T07:56:58.703+0000][1][gc,age       ] GC(38) Desired survivor size 8716288 bytes, new threshold 6 (max threshold 6)
[2020-03-27T07:56:58.703+0000][1][gc,age       ] GC(38) Age table with threshold 6 (max threshold 6)
[2020-03-27T07:56:58.704+0000][1][gc,age       ] GC(38) - age   1:     501360 bytes,     501360 total
[2020-03-27T07:56:58.704+0000][1][gc,age       ] GC(38) - age   2:     487384 bytes,     988744 total
[2020-03-27T07:56:58.704+0000][1][gc,age       ] GC(38) - age   3:     485200 bytes,    1473944 total
[2020-03-27T07:56:58.705+0000][1][gc,age       ] GC(38) - age   4:     288480 bytes,    1762424 total
[2020-03-27T07:56:58.705+0000][1][gc,heap      ] GC(38) ParNew: 138883K->2630K(153344K)
[2020-03-27T07:56:58.705+0000][1][gc,heap      ] GC(38) CMS: 93175K->93175K(353920K)
[2020-03-27T07:56:58.706+0000][1][gc,metaspace ] GC(38) Metaspace: 94162K->94162K(1136640K)
[2020-03-27T07:56:58.706+0000][1][gc           ] GC(38) Pause Young (Allocation Failure) 226M->93M(495M) 9.165ms
[2020-03-27T07:56:58.706+0000][1][gc,cpu       ] GC(38) User=0.01s Sys=0.00s Real=0.01s
[2020-03-27T07:56:58.706+0000][1][safepoint    ] Safepoint "GenCollectForAllocation", Time since last: 36745698 ns, Reaching safepoint: 121200 ns, At safepoint: 9694099 ns, Total: 9815299 ns
[2020-03-27T07:56:59.707+0000][1][safepoint    ] Safepoint "Cleanup", Time since last: 1000766732 ns, Reaching safepoint: 102800 ns, At safepoint: 18200 ns, Total: 121000 ns
[2020-03-27T07:57:00.633+0000][1][safepoint    ] Safepoint "RevokeBias", Time since last: 925388037 ns, Reaching safepoint: 756700 ns, At safepoint: 30900 ns, Total: 787600 ns
[2020-03-27T07:57:00.842+0000][1][safepoint    ] Safepoint "RevokeBias", Time since last: 208343386 ns, Reaching safepoint: 155600 ns, At safepoint: 29800 ns, Total: 185400 ns
[2020-03-27T07:57:00.843+0000][1][safepoint    ] Safepoint "RevokeBias", Time since last: 1243100 ns, Reaching safepoint: 74600 ns, At safepoint: 22800 ns, Total: 97400 ns
[2020-03-27T07:57:00.845+0000][1][safepoint    ] Safepoint "RevokeBias", Time since last: 1733100 ns, Reaching safepoint: 213800 ns, At safepoint: 24600 ns, Total: 238400 ns
[2020-03-27T07:57:00.846+0000][1][safepoint    ] Safepoint "RevokeBias", Time since last: 673500 ns, Reaching safepoint: 73100 ns, At safepoint: 14600 ns, Total: 87700 ns
[2020-03-27T07:57:00.892+0000][1][safepoint    ] Safepoint "RevokeBias", Time since last: 45613697 ns, Reaching safepoint: 117600 ns, At safepoint: 28400 ns, Total: 146000 ns
[2020-03-27T07:57:01.893+0000][1][safepoint    ] Safepoint "Cleanup", Time since last: 1000726532 ns, Reaching safepoint: 392000 ns, At safepoint: 84800 ns, Total: 476800 ns
[2020-03-27T07:57:02.896+0000][1][safepoint    ] Safepoint "Cleanup", Time since last: 1002096232 ns, Reaching safepoint: 331100 ns, At safepoint: 204300 ns, Total: 535400 ns
[2020-03-27T07:57:03.899+0000][1][safepoint    ] Safepoint "Cleanup", Time since last: 1002607732 ns, Reaching safepoint: 417100 ns, At safepoint: 85000 ns, Total: 502100 ns
[2020-03-27T07:57:04.901+0000][1][safepoint    ] Safepoint "Cleanup", Time since last: 1002101532 ns, Reaching safepoint: 329800 ns, At safepoint: 84900 ns, Total: 414700 ns
[2020-03-27T07:57:05.904+0000][1][safepoint    ] Safepoint "Cleanup", Time since last: 1002131181 ns, Reaching safepoint: 138400 ns, At safepoint: 21700 ns, Total: 160100 ns
[2020-03-27T07:57:06.905+0000][1][safepoint    ] Safepoint "Cleanup", Time since last: 1000992203 ns, Reaching safepoint: 469200 ns, At safepoint: 32500 ns, Total: 501700 ns
[2020-03-27T07:57:07.907+0000][1][safepoint    ] Safepoint "Cleanup", Time since last: 1001936904 ns, Reaching safepoint: 104500 ns, At safepoint: 15300 ns, Total: 119800 ns
[2020-03-27T07:57:08.058+0000][1][safepoint    ] Safepoint "RevokeBias", Time since last: 150282600 ns, Reaching safepoint: 295700 ns, At safepoint: 29700 ns, Total: 325400 ns
[2020-03-27T07:57:08.778+0000][1][safepoint    ] Safepoint "RevokeBias", Time since last: 720194703 ns, Reaching safepoint: 145600 ns, At safepoint: 14100 ns, Total: 159700 ns
[2020-03-27T07:57:08.779+0000][1][safepoint    ] Safepoint "RevokeBias", Time since last: 1071500 ns, Reaching safepoint: 74400 ns, At safepoint: 10300 ns, Total: 84700 ns
[2020-03-27T07:57:08.780+0000][1][safepoint    ] Safepoint "RevokeBias", Time since last: 923800 ns, Reaching safepoint: 65800 ns, At safepoint: 12100 ns, Total: 77900 ns
[2020-03-27T07:57:08.782+0000][1][safepoint    ] Safepoint "RevokeBias", Time since last: 1274900 ns, Reaching safepoint: 143700 ns, At safepoint: 16100 ns, Total: 159800 ns
[2020-03-27T07:57:08.828+0000][1][safepoint    ] Safepoint "RevokeBias", Time since last: 46195100 ns, Reaching safepoint: 114000 ns, At safepoint: 28700 ns, Total: 142700 ns
[2020-03-27T07:57:09.829+0000][1][safepoint    ] Safepoint "Cleanup", Time since last: 1000711603 ns, Reaching safepoint: 101700 ns, At safepoint: 38200 ns, Total: 139900 ns
[2020-03-27T07:57:10.627+0000][1][gc,start     ] GC(39) Pause Young (Allocation Failure)
[2020-03-27T07:57:10.628+0000][1][gc,task      ] GC(39) Using 2 workers of 2 for evacuation
[2020-03-27T07:57:10.634+0000][1][gc,age       ] GC(39) Desired survivor size 8716288 bytes, new threshold 6 (max threshold 6)
[2020-03-27T07:57:10.635+0000][1][gc,age       ] GC(39) Age table with threshold 6 (max threshold 6)
[2020-03-27T07:57:10.636+0000][1][gc,age       ] GC(39) - age   1:    1041824 bytes,    1041824 total
[2020-03-27T07:57:10.636+0000][1][gc,age       ] GC(39) - age   2:     412192 bytes,    1454016 total
[2020-03-27T07:57:10.636+0000][1][gc,age       ] GC(39) - age   3:     368256 bytes,    1822272 total
[2020-03-27T07:57:10.637+0000][1][gc,age       ] GC(39) - age   4:     485200 bytes,    2307472 total
[2020-03-27T07:57:10.637+0000][1][gc,age       ] GC(39) - age   5:     284832 bytes,    2592304 total
[2020-03-27T07:57:10.638+0000][1][gc,heap      ] GC(39) ParNew: 138950K->3458K(153344K)
[2020-03-27T07:57:10.638+0000][1][gc,heap      ] GC(39) CMS: 93175K->93175K(353920K)
[2020-03-27T07:57:10.639+0000][1][gc,metaspace ] GC(39) Metaspace: 94298K->94298K(1136640K)
[2020-03-27T07:57:10.639+0000][1][gc           ] GC(39) Pause Young (Allocation Failure) 226M->94M(495M) 11.649ms
[2020-03-27T07:57:10.639+0000][1][gc,cpu       ] GC(39) User=0.00s Sys=0.00s Real=0.01s
[2020-03-27T07:57:10.640+0000][1][safepoint    ] Safepoint "GenCollectForAllocation", Time since last: 798283203 ns, Reaching safepoint: 96700 ns, At safepoint: 12525200 ns, Total: 12621900 ns
[2020-03-27T07:57:10.656+0000][1][safepoint    ] Safepoint "RevokeBias", Time since last: 15665300 ns, Reaching safepoint: 454200 ns, At safepoint: 20700 ns, Total: 474900 ns
[2020-03-27T07:57:10.969+0000][1][safepoint    ] Safepoint "RevokeBias", Time since last: 312865101 ns, Reaching safepoint: 232500 ns, At safepoint: 25600 ns, Total: 258100 ns
[2020-03-27T07:57:10.971+0000][1][safepoint    ] Safepoint "BulkRevokeBias", Time since last: 853000 ns, Reaching safepoint: 89100 ns, At safepoint: 502200 ns, Total: 591300 ns
[2020-03-27T07:57:10.972+0000][1][safepoint    ] Safepoint "RevokeBias", Time since last: 1636400 ns, Reaching safepoint: 69800 ns, At safepoint: 25700 ns, Total: 95500 ns
[2020-03-27T07:57:10.974+0000][1][safepoint    ] Safepoint "BulkRevokeBias", Time since last: 671600 ns, Reaching safepoint: 72700 ns, At safepoint: 562500 ns, Total: 635200 ns
[2020-03-27T07:57:11.017+0000][1][safepoint    ] Safepoint "BulkRevokeBias", Time since last: 42702200 ns, Reaching safepoint: 137500 ns, At safepoint: 517600 ns, Total: 655100 ns
[2020-03-27T07:57:12.018+0000][1][safepoint    ] Safepoint "Cleanup", Time since last: 1000932104 ns, Reaching safepoint: 398000 ns, At safepoint: 87300 ns, Total: 485300 ns
[2020-03-27T07:57:13.021+0000][1][safepoint    ] Safepoint "Cleanup", Time since last: 1002370103 ns, Reaching safepoint: 362000 ns, At safepoint: 85900 ns, Total: 447900 ns
[2020-03-27T07:57:14.024+0000][1][safepoint    ] Safepoint "Cleanup", Time since last: 1002200950 ns, Reaching safepoint: 457200 ns, At safepoint: 88200 ns, Total: 545400 ns
[2020-03-27T07:57:15.026+0000][1][safepoint    ] Safepoint "Cleanup", Time since last: 1002431635 ns, Reaching safepoint: 99100 ns, At safepoint: 19200 ns, Total: 118300 ns
[2020-03-27T07:57:16.028+0000][1][safepoint    ] Safepoint "Cleanup", Time since last: 1001167134 ns, Reaching safepoint: 346500 ns, At safepoint: 88100 ns, Total: 434600 ns
[2020-03-27T07:57:17.031+0000][1][safepoint    ] Safepoint "Cleanup", Time since last: 1002282335 ns, Reaching safepoint: 415300 ns, At safepoint: 86100 ns, Total: 501400 ns
[2020-03-27T07:57:17.988+0000][1][safepoint    ] Safepoint "RevokeBias", Time since last: 956651537 ns, Reaching safepoint: 117600 ns, At safepoint: 23300 ns, Total: 140900 ns
[2020-03-27T07:57:18.989+0000][1][safepoint    ] Safepoint "Cleanup", Time since last: 1001074934 ns, Reaching safepoint: 343800 ns, At safepoint: 86000 ns, Total: 429800 ns
[2020-03-27T07:57:19.992+0000][1][safepoint    ] Safepoint "Cleanup", Time since last: 1002240135 ns, Reaching safepoint: 469200 ns, At safepoint: 82600 ns, Total: 551800 ns
[2020-03-27T07:57:20.679+0000][1][safepoint    ] Safepoint "RevokeBias", Time since last: 687344255 ns, Reaching safepoint: 158700 ns, At safepoint: 45000 ns, Total: 203700 ns
[2020-03-27T07:57:21.681+0000][1][safepoint    ] Safepoint "Cleanup", Time since last: 1001186165 ns, Reaching safepoint: 327400 ns, At safepoint: 92000 ns, Total: 419400 ns
[2020-03-27T07:57:22.684+0000][1][safepoint    ] Safepoint "Cleanup", Time since last: 1002087008 ns, Reaching safepoint: 327200 ns, At safepoint: 143300 ns, Total: 470500 ns
[2020-03-27T07:57:23.686+0000][1][safepoint    ] Safepoint "Cleanup", Time since last: 1002223308 ns, Reaching safepoint: 217100 ns, At safepoint: 50000 ns, Total: 267100 ns
[2020-03-27T07:57:24.688+0000][1][safepoint    ] Safepoint "Cleanup", Time since last: 1001327107 ns, Reaching safepoint: 417600 ns, At safepoint: 63800 ns, Total: 481400 ns
[2020-03-27T07:57:25.691+0000][1][safepoint    ] Safepoint "Cleanup", Time since last: 1002447708 ns, Reaching safepoint: 293900 ns, At safepoint: 40800 ns, Total: 334700 ns
[2020-03-27T07:57:26.692+0000][1][safepoint    ] Safepoint "Cleanup", Time since last: 1001404308 ns, Reaching safepoint: 132200 ns, At safepoint: 27800 ns, Total: 160000 ns
[2020-03-27T07:57:27.693+0000][1][safepoint    ] Safepoint "Cleanup", Time since last: 1001004608 ns, Reaching safepoint: 157600 ns, At safepoint: 11500 ns, Total: 169100 ns
[2020-03-27T07:57:28.016+0000][1][safepoint    ] Safepoint "RevokeBias", Time since last: 322142302 ns, Reaching safepoint: 162200 ns, At safepoint: 11700 ns, Total: 173900 ns
[2020-03-27T07:57:29.018+0000][1][safepoint    ] Safepoint "Cleanup", Time since last: 1001523408 ns, Reaching safepoint: 510300 ns, At safepoint: 75900 ns, Total: 586200 ns
[2020-03-27T07:57:30.020+0000][1][safepoint    ] Safepoint "Cleanup", Time since last: 1001994710 ns, Reaching safepoint: 361301 ns, At safepoint: 23300 ns, Total: 384601 ns
[2020-03-27T07:57:30.666+0000][1][safepoint    ] Safepoint "RevokeBias", Time since last: 645359165 ns, Reaching safepoint: 129800 ns, At safepoint: 27800 ns, Total: 157600 ns
[2020-03-27T07:57:31.667+0000][1][safepoint    ] Safepoint "Cleanup", Time since last: 1001107097 ns, Reaching safepoint: 327301 ns, At safepoint: 80800 ns, Total: 408101 ns
[2020-03-27T07:57:32.669+0000][1][safepoint    ] Safepoint "Cleanup", Time since last: 1002008698 ns, Reaching safepoint: 131400 ns, At safepoint: 7800 ns, Total: 139200 ns
[2020-03-27T07:57:33.671+0000][1][safepoint    ] Safepoint "Cleanup", Time since last: 1000777797 ns, Reaching safepoint: 459800 ns, At safepoint: 80400 ns, Total: 540200 ns
[2020-03-27T07:57:34.674+0000][1][safepoint    ] Safepoint "Cleanup", Time since last: 1002245199 ns, Reaching safepoint: 467701 ns, At safepoint: 113400 ns, Total: 581101 ns
[2020-03-27T07:57:35.676+0000][1][safepoint    ] Safepoint "Cleanup", Time since last: 1001712385 ns, Reaching safepoint: 408600 ns, At safepoint: 117200 ns, Total: 525800 ns
[2020-03-27T07:57:36.678+0000][1][safepoint    ] Safepoint "Cleanup", Time since last: 1002052218 ns, Reaching safepoint: 324100 ns, At safepoint: 85200 ns, Total: 409300 ns
[2020-03-27T07:57:37.681+0000][1][safepoint    ] Safepoint "Cleanup", Time since last: 1002002828 ns, Reaching safepoint: 412600 ns, At safepoint: 149600 ns, Total: 562200 ns
[2020-03-27T07:57:37.997+0000][1][gc,start     ] GC(40) Pause Young (Allocation Failure)
[2020-03-27T07:57:37.998+0000][1][gc,task      ] GC(40) Using 2 workers of 2 for evacuation
[2020-03-27T07:57:38.006+0000][1][gc,age       ] GC(40) Desired survivor size 8716288 bytes, new threshold 1 (max threshold 6)
[2020-03-27T07:57:38.006+0000][1][gc,age       ] GC(40) Age table with threshold 1 (max threshold 6)
[2020-03-27T07:57:38.007+0000][1][gc,age       ] GC(40) - age   1:   13487160 bytes,   13487160 total
[2020-03-27T07:57:38.008+0000][1][gc,age       ] GC(40) - age   2:     934712 bytes,   14421872 total
[2020-03-27T07:57:38.008+0000][1][gc,age       ] GC(40) - age   3:     411760 bytes,   14833632 total
[2020-03-27T07:57:38.008+0000][1][gc,age       ] GC(40) - age   4:     367984 bytes,   15201616 total
[2020-03-27T07:57:38.009+0000][1][gc,age       ] GC(40) - age   5:     483712 bytes,   15685328 total
[2020-03-27T07:57:38.010+0000][1][gc,age       ] GC(40) - age   6:     282184 bytes,   15967512 total
[2020-03-27T07:57:38.010+0000][1][gc,heap      ] GC(40) ParNew: 139778K->16316K(153344K)
[2020-03-27T07:57:38.011+0000][1][gc,heap      ] GC(40) CMS: 93175K->93175K(353920K)
[2020-03-27T07:57:38.011+0000][1][gc,metaspace ] GC(40) Metaspace: 94430K->94430K(1136640K)
[2020-03-27T07:57:38.012+0000][1][gc           ] GC(40) Pause Young (Allocation Failure) 227M->106M(495M) 14.527ms
[2020-03-27T07:57:38.013+0000][1][gc,cpu       ] GC(40) User=0.01s Sys=0.00s Real=0.01s
[2020-03-27T07:57:38.013+0000][1][safepoint    ] Safepoint "GenCollectForAllocation", Time since last: 316295882 ns, Reaching safepoint: 99400 ns, At safepoint: 15811099 ns, Total: 15910499 ns
[2020-03-27T07:57:38.028+0000][1][safepoint    ] Safepoint "RevokeBias", Time since last: 14288899 ns, Reaching safepoint: 211400 ns, At safepoint: 25700 ns, Total: 237100 ns
[2020-03-27T07:57:39.029+0000][1][safepoint    ] Safepoint "Cleanup", Time since last: 1001011444 ns, Reaching safepoint: 336100 ns, At safepoint: 77400 ns, Total: 413500 ns
[2020-03-27T07:57:40.031+0000][1][safepoint    ] Safepoint "Cleanup", Time since last: 1001809244 ns, Reaching safepoint: 500600 ns, At safepoint: 30200 ns, Total: 530800 ns
[2020-03-27T07:57:40.672+0000][1][safepoint    ] Safepoint "RevokeBias", Time since last: 640245364 ns, Reaching safepoint: 235700 ns, At safepoint: 420600 ns, Total: 656300 ns
[2020-03-27T07:57:41.673+0000][1][safepoint    ] Safepoint "Cleanup", Time since last: 1000483044 ns, Reaching safepoint: 102000 ns, At safepoint: 17700 ns, Total: 119700 ns
[2020-03-27T07:57:42.674+0000][1][safepoint    ] Safepoint "Cleanup", Time since last: 1001036144 ns, Reaching safepoint: 371900 ns, At safepoint: 93100 ns, Total: 465000 ns
[2020-03-27T07:57:43.418+0000][1][safepoint    ] Safepoint "RevokeBias", Time since last: 742800759 ns, Reaching safepoint: 530000 ns, At safepoint: 31800 ns, Total: 561800 ns
[2020-03-27T07:57:43.955+0000][1][safepoint    ] Safepoint "RevokeBias", Time since last: 537343170 ns, Reaching safepoint: 272500 ns, At safepoint: 32300 ns, Total: 304800 ns
[2020-03-27T07:57:43.956+0000][1][safepoint    ] Safepoint "RevokeBias", Time since last: 416000 ns, Reaching safepoint: 256600 ns, At safepoint: 24100 ns, Total: 280700 ns
[2020-03-27T07:57:43.959+0000][1][safepoint    ] Safepoint "RevokeBias", Time since last: 2584499 ns, Reaching safepoint: 92300 ns, At safepoint: 14900 ns, Total: 107200 ns
[2020-03-27T07:57:43.960+0000][1][safepoint    ] Safepoint "RevokeBias", Time since last: 1159000 ns, Reaching safepoint: 153700 ns, At safepoint: 14100 ns, Total: 167800 ns
[2020-03-27T07:57:43.961+0000][1][safepoint    ] Safepoint "RevokeBias", Time since last: 1150300 ns, Reaching safepoint: 200700 ns, At safepoint: 28100 ns, Total: 228800 ns
[2020-03-27T07:57:44.004+0000][1][safepoint    ] Safepoint "RevokeBias", Time since last: 42587098 ns, Reaching safepoint: 171500 ns, At safepoint: 16000 ns, Total: 187500 ns
[2020-03-27T07:57:44.090+0000][1][safepoint    ] Safepoint "Deoptimize", Time since last: 84987795 ns, Reaching safepoint: 201900 ns, At safepoint: 910700 ns, Total: 1112600 ns
[2020-03-27T07:57:44.123+0000][1][safepoint    ] Safepoint "RevokeBias", Time since last: 24876199 ns, Reaching safepoint: 213000 ns, At safepoint: 7486299 ns, Total: 7699299 ns
[2020-03-27T07:57:44.151+0000][1][safepoint    ] Safepoint "RevokeBias", Time since last: 12697600 ns, Reaching safepoint: 642699 ns, At safepoint: 15018800 ns, Total: 15661499 ns
[2020-03-27T07:57:44.182+0000][1][safepoint    ] Safepoint "RevokeBias", Time since last: 30043598 ns, Reaching safepoint: 417000 ns, At safepoint: 614500 ns, Total: 1031500 ns
[2020-03-27T07:57:44.183+0000][1][safepoint    ] Safepoint "RevokeBias", Time since last: 653100 ns, Reaching safepoint: 226200 ns, At safepoint: 32600 ns, Total: 258800 ns
[2020-03-27T07:57:44.185+0000][1][safepoint    ] Safepoint "RevokeBias", Time since last: 1706300 ns, Reaching safepoint: 245000 ns, At safepoint: 55500 ns, Total: 300500 ns
[2020-03-27T07:57:44.187+0000][1][safepoint    ] Safepoint "RevokeBias", Time since last: 1026700 ns, Reaching safepoint: 475600 ns, At safepoint: 20500 ns, Total: 496100 ns
[2020-03-27T07:57:44.227+0000][1][safepoint    ] Safepoint "RevokeBias", Time since last: 40200297 ns, Reaching safepoint: 200000 ns, At safepoint: 18200 ns, Total: 218200 ns
[2020-03-27T07:57:44.273+0000][1][safepoint    ] Safepoint "RevokeBias", Time since last: 45319198 ns, Reaching safepoint: 232600 ns, At safepoint: 17900 ns, Total: 250500 ns
[2020-03-27T07:57:44.323+0000][1][safepoint    ] Safepoint "RevokeBias", Time since last: 49963997 ns, Reaching safepoint: 228000 ns, At safepoint: 23700 ns, Total: 251700 ns
[2020-03-27T07:57:44.324+0000][1][safepoint    ] Safepoint "RevokeBias", Time since last: 1302100 ns, Reaching safepoint: 163700 ns, At safepoint: 13700 ns, Total: 177400 ns
[2020-03-27T07:57:44.326+0000][1][safepoint    ] Safepoint "RevokeBias", Time since last: 1114300 ns, Reaching safepoint: 169700 ns, At safepoint: 14000 ns, Total: 183700 ns
[2020-03-27T07:57:45.326+0000][1][safepoint    ] Safepoint "Cleanup", Time since last: 1000390944 ns, Reaching safepoint: 132400 ns, At safepoint: 26100 ns, Total: 158500 ns
[2020-03-27T07:57:46.328+0000][1][safepoint    ] Safepoint "Cleanup", Time since last: 1001356966 ns, Reaching safepoint: 326600 ns, At safepoint: 75900 ns, Total: 402500 ns
[2020-03-27T07:57:47.331+0000][1][safepoint    ] Safepoint "Cleanup", Time since last: 1002393366 ns, Reaching safepoint: 405299 ns, At safepoint: 86100 ns, Total: 491399 ns
[2020-03-27T07:57:47.965+0000][1][gc,start     ] GC(41) Pause Young (Allocation Failure)
[2020-03-27T07:57:47.965+0000][1][gc,task      ] GC(41) Using 2 workers of 2 for evacuation
[2020-03-27T07:57:48.017+0000][1][gc,age       ] GC(41) Desired survivor size 8716288 bytes, new threshold 6 (max threshold 6)
[2020-03-27T07:57:48.018+0000][1][gc,age       ] GC(41) Age table with threshold 6 (max threshold 6)
[2020-03-27T07:57:48.018+0000][1][gc,age       ] GC(41) - age   1:    1462328 bytes,    1462328 total
[2020-03-27T07:57:48.019+0000][1][gc,heap      ] GC(41) ParNew: 152636K->12253K(153344K)
[2020-03-27T07:57:48.019+0000][1][gc,heap      ] GC(41) CMS: 93175K->95628K(353920K)
[2020-03-27T07:57:48.020+0000][1][gc,metaspace ] GC(41) Metaspace: 94590K->94590K(1136640K)
[2020-03-27T07:57:48.020+0000][1][gc           ] GC(41) Pause Young (Allocation Failure) 240M->105M(495M) 55.576ms
[2020-03-27T07:57:48.021+0000][1][gc,cpu       ] GC(41) User=0.02s Sys=0.01s Real=0.06s
[2020-03-27T07:57:48.021+0000][1][safepoint    ] Safepoint "GenCollectForAllocation", Time since last: 633659079 ns, Reaching safepoint: 100400 ns, At safepoint: 56567198 ns, Total: 56667598 ns
[2020-03-27T07:57:48.085+0000][1][safepoint    ] Safepoint "RevokeBias", Time since last: 62874298 ns, Reaching safepoint: 413900 ns, At safepoint: 14600 ns, Total: 428500 ns
[2020-03-27T07:57:48.106+0000][1][safepoint    ] Safepoint "RevokeBias", Time since last: 21416899 ns, Reaching safepoint: 190400 ns, At safepoint: 16900 ns, Total: 207300 ns
[2020-03-27T07:57:48.112+0000][1][safepoint    ] Safepoint "RevokeBias", Time since last: 5077800 ns, Reaching safepoint: 303700 ns, At safepoint: 126700 ns, Total: 430400 ns
[2020-03-27T07:57:48.112+0000][1][safepoint    ] Safepoint "RevokeBias", Time since last: 312300 ns, Reaching safepoint: 219200 ns, At safepoint: 129800 ns, Total: 349000 ns
[2020-03-27T07:57:48.115+0000][1][safepoint    ] Safepoint "RevokeBias", Time since last: 2257600 ns, Reaching safepoint: 295200 ns, At safepoint: 129200 ns, Total: 424400 ns
[2020-03-27T07:57:48.120+0000][1][safepoint    ] Safepoint "RevokeBias", Time since last: 4770599 ns, Reaching safepoint: 158800 ns, At safepoint: 16600 ns, Total: 175400 ns
[2020-03-27T07:57:48.163+0000][1][safepoint    ] Safepoint "RevokeBias", Time since last: 42535199 ns, Reaching safepoint: 117100 ns, At safepoint: 29000 ns, Total: 146100 ns
[2020-03-27T07:57:49.164+0000][1][safepoint    ] Safepoint "Cleanup", Time since last: 1000689466 ns, Reaching safepoint: 398000 ns, At safepoint: 248100 ns, Total: 646100 ns
[2020-03-27T07:57:49.245+0000][1][safepoint    ] Safepoint "RevokeBias", Time since last: 80776397 ns, Reaching safepoint: 323500 ns, At safepoint: 41400 ns, Total: 364900 ns
[2020-03-27T07:57:49.246+0000][1][safepoint    ] Safepoint "RevokeBias", Time since last: 710200 ns, Reaching safepoint: 90000 ns, At safepoint: 22700 ns, Total: 112700 ns
[2020-03-27T07:57:49.247+0000][1][safepoint    ] Safepoint "RevokeBias", Time since last: 1346300 ns, Reaching safepoint: 76400 ns, At safepoint: 20100 ns, Total: 96500 ns
[2020-03-27T07:57:49.248+0000][1][safepoint    ] Safepoint "RevokeBias", Time since last: 607100 ns, Reaching safepoint: 64700 ns, At safepoint: 24800 ns, Total: 89500 ns
[2020-03-27T07:57:49.292+0000][1][safepoint    ] Safepoint "RevokeBias", Time since last: 43922098 ns, Reaching safepoint: 211300 ns, At safepoint: 34400 ns, Total: 245700 ns
[2020-03-27T07:57:50.294+0000][1][safepoint    ] Safepoint "Cleanup", Time since last: 1001014266 ns, Reaching safepoint: 458100 ns, At safepoint: 93200 ns, Total: 551300 ns
[2020-03-27T07:57:50.693+0000][1][safepoint    ] Safepoint "RevokeBias", Time since last: 399059186 ns, Reaching safepoint: 137400 ns, At safepoint: 21100 ns, Total: 158500 ns
[2020-03-27T07:57:50.696+0000][1][safepoint    ] Safepoint "RevokeBias", Time since last: 3042000 ns, Reaching safepoint: 121900 ns, At safepoint: 18800 ns, Total: 140700 ns
[2020-03-27T07:57:51.405+0000][1][gc,start     ] GC(42) Pause Young (Allocation Failure)
[2020-03-27T07:57:51.406+0000][1][gc,task      ] GC(42) Using 2 workers of 2 for evacuation
[2020-03-27T07:57:51.415+0000][1][gc,age       ] GC(42) Desired survivor size 8716288 bytes, new threshold 6 (max threshold 6)
[2020-03-27T07:57:51.415+0000][1][gc,age       ] GC(42) Age table with threshold 6 (max threshold 6)
[2020-03-27T07:57:51.416+0000][1][gc,age       ] GC(42) - age   1:    3243984 bytes,    3243984 total
[2020-03-27T07:57:51.417+0000][1][gc,age       ] GC(42) - age   2:    1054096 bytes,    4298080 total
[2020-03-27T07:57:51.417+0000][1][gc,heap      ] GC(42) ParNew: 148423K->4996K(153344K)
[2020-03-27T07:57:51.418+0000][1][gc,heap      ] GC(42) CMS: 95628K->95628K(353920K)
[2020-03-27T07:57:51.418+0000][1][gc,metaspace ] GC(42) Metaspace: 94639K->94639K(1136640K)
[2020-03-27T07:57:51.419+0000][1][gc           ] GC(42) Pause Young (Allocation Failure) 238M->98M(495M) 13.954ms
[2020-03-27T07:57:51.419+0000][1][gc,cpu       ] GC(42) User=0.01s Sys=0.00s Real=0.02s
[2020-03-27T07:57:51.420+0000][1][safepoint    ] Safepoint "GenCollectForAllocation", Time since last: 708508176 ns, Reaching safepoint: 204900 ns, At safepoint: 15021899 ns, Total: 15226799 ns
[2020-03-27T07:57:51.431+0000][1][safepoint    ] Safepoint "RevokeBias", Time since last: 11040000 ns, Reaching safepoint: 116300 ns, At safepoint: 30400 ns, Total: 146700 ns
[2020-03-27T07:57:51.432+0000][1][safepoint    ] Safepoint "RevokeBias", Time since last: 572400 ns, Reaching safepoint: 105200 ns, At safepoint: 13300 ns, Total: 118500 ns
[2020-03-27T07:57:51.433+0000][1][safepoint    ] Safepoint "RevokeBias", Time since last: 1478300 ns, Reaching safepoint: 104200 ns, At safepoint: 24700 ns, Total: 128900 ns
[2020-03-27T07:57:51.435+0000][1][safepoint    ] Safepoint "RevokeBias", Time since last: 1312400 ns, Reaching safepoint: 81000 ns, At safepoint: 11700 ns, Total: 92700 ns
[2020-03-27T07:57:51.477+0000][1][safepoint    ] Safepoint "RevokeBias", Time since last: 41601998 ns, Reaching safepoint: 228100 ns, At safepoint: 31400 ns, Total: 259500 ns
[2020-03-27T07:57:52.478+0000][1][safepoint    ] Safepoint "Cleanup", Time since last: 1001088066 ns, Reaching safepoint: 349800 ns, At safepoint: 85900 ns, Total: 435700 ns
[2020-03-27T07:57:53.481+0000][1][safepoint    ] Safepoint "Cleanup", Time since last: 1002208565 ns, Reaching safepoint: 131000 ns, At safepoint: 23800 ns, Total: 154800 ns
[2020-03-27T07:57:54.482+0000][1][safepoint    ] Safepoint "Cleanup", Time since last: 1001169164 ns, Reaching safepoint: 332400 ns, At safepoint: 89000 ns, Total: 421400 ns
[2020-03-27T07:57:55.485+0000][1][safepoint    ] Safepoint "Cleanup", Time since last: 1002537963 ns, Reaching safepoint: 383300 ns, At safepoint: 83600 ns, Total: 466900 ns
[2020-03-27T07:57:56.489+0000][1][safepoint    ] Safepoint "Cleanup", Time since last: 1003482663 ns, Reaching safepoint: 328900 ns, At safepoint: 103700 ns, Total: 432600 ns
[2020-03-27T07:57:57.492+0000][1][safepoint    ] Safepoint "Cleanup", Time since last: 1002251263 ns, Reaching safepoint: 146200 ns, At safepoint: 17000 ns, Total: 163200 ns
[2020-03-27T07:57:58.003+0000][1][safepoint    ] Safepoint "RevokeBias", Time since last: 511709781 ns, Reaching safepoint: 186600 ns, At safepoint: 26600 ns, Total: 213200 ns
[2020-03-27T07:57:58.023+0000][1][safepoint    ] Safepoint "RevokeBias", Time since last: 19604299 ns, Reaching safepoint: 216500 ns, At safepoint: 27200 ns, Total: 243700 ns
[2020-03-27T07:57:58.123+0000][1][safepoint    ] Safepoint "RevokeBias", Time since last: 99534497 ns, Reaching safepoint: 218400 ns, At safepoint: 26200 ns, Total: 244600 ns
[2020-03-27T07:57:58.125+0000][1][safepoint    ] Safepoint "RevokeBias", Time since last: 1830399 ns, Reaching safepoint: 164900 ns, At safepoint: 25800 ns, Total: 190700 ns
[2020-03-27T07:57:58.139+0000][1][safepoint    ] Safepoint "BulkRevokeBias", Time since last: 12693500 ns, Reaching safepoint: 231100 ns, At safepoint: 566000 ns, Total: 797100 ns
[2020-03-27T07:57:58.426+0000][1][safepoint    ] Safepoint "RevokeBias", Time since last: 287501789 ns, Reaching safepoint: 260600 ns, At safepoint: 21800 ns, Total: 282400 ns
[2020-03-27T07:57:58.427+0000][1][safepoint    ] Safepoint "RevokeBias", Time since last: 905300 ns, Reaching safepoint: 102100 ns, At safepoint: 22300 ns, Total: 124400 ns
[2020-03-27T07:57:58.429+0000][1][safepoint    ] Safepoint "RevokeBias", Time since last: 1468600 ns, Reaching safepoint: 104500 ns, At safepoint: 21300 ns, Total: 125800 ns
[2020-03-27T07:57:58.430+0000][1][safepoint    ] Safepoint "RevokeBias", Time since last: 1259800 ns, Reaching safepoint: 188100 ns, At safepoint: 14000 ns, Total: 202100 ns
[2020-03-27T07:57:58.484+0000][1][safepoint    ] Safepoint "RevokeBias", Time since last: 52970698 ns, Reaching safepoint: 142700 ns, At safepoint: 23000 ns, Total: 165700 ns
[2020-03-27T07:57:58.510+0000][1][safepoint    ] Safepoint "BulkRevokeBias", Time since last: 25709699 ns, Reaching safepoint: 97900 ns, At safepoint: 495200 ns, Total: 593100 ns
[2020-03-27T07:57:58.558+0000][1][safepoint    ] Safepoint "RevokeBias", Time since last: 47731699 ns, Reaching safepoint: 111500 ns, At safepoint: 15400 ns, Total: 126900 ns
[2020-03-27T07:57:58.559+0000][1][safepoint    ] Safepoint "RevokeBias", Time since last: 1194000 ns, Reaching safepoint: 82300 ns, At safepoint: 21800 ns, Total: 104100 ns
[2020-03-27T07:57:59.560+0000][1][safepoint    ] Safepoint "Cleanup", Time since last: 1000559963 ns, Reaching safepoint: 328600 ns, At safepoint: 85300 ns, Total: 413900 ns
[2020-03-27T07:58:00.563+0000][1][safepoint    ] Safepoint "Cleanup", Time since last: 1002547263 ns, Reaching safepoint: 330400 ns, At safepoint: 83800 ns, Total: 414200 ns
[2020-03-27T07:58:00.719+0000][1][safepoint    ] Safepoint "RevokeBias", Time since last: 155525994 ns, Reaching safepoint: 207000 ns, At safepoint: 21600 ns, Total: 228600 ns
[2020-03-27T07:58:01.579+0000][1][gc,start     ] GC(43) Pause Young (Allocation Failure)
[2020-03-27T07:58:01.580+0000][1][gc,task      ] GC(43) Using 2 workers of 2 for evacuation
[2020-03-27T07:58:01.588+0000][1][gc,age       ] GC(43) Desired survivor size 8716288 bytes, new threshold 6 (max threshold 6)
[2020-03-27T07:58:01.589+0000][1][gc,age       ] GC(43) Age table with threshold 6 (max threshold 6)
[2020-03-27T07:58:01.589+0000][1][gc,age       ] GC(43) - age   1:    3821344 bytes,    3821344 total
[2020-03-27T07:58:01.590+0000][1][gc,age       ] GC(43) - age   2:     487512 bytes,    4308856 total
[2020-03-27T07:58:01.590+0000][1][gc,age       ] GC(43) - age   3:    1044168 bytes,    5353024 total
[2020-03-27T07:58:01.590+0000][1][gc,heap      ] GC(43) ParNew: 141316K->5935K(153344K)
[2020-03-27T07:58:01.591+0000][1][gc,heap      ] GC(43) CMS: 95628K->95628K(353920K)
[2020-03-27T07:58:01.591+0000][1][gc,metaspace ] GC(43) Metaspace: 94676K->94676K(1136640K)
[2020-03-27T07:58:01.592+0000][1][gc           ] GC(43) Pause Young (Allocation Failure) 231M->99M(495M) 12.397ms
[2020-03-27T07:58:01.592+0000][1][gc,cpu       ] GC(43) User=0.01s Sys=0.00s Real=0.01s
[2020-03-27T07:58:01.593+0000][1][safepoint    ] Safepoint "GenCollectForAllocation", Time since last: 860509314 ns, Reaching safepoint: 157701 ns, At safepoint: 13153102 ns, Total: 13310803 ns
[2020-03-27T07:58:01.604+0000][1][safepoint    ] Safepoint "RevokeBias", Time since last: 11307701 ns, Reaching safepoint: 266900 ns, At safepoint: 31000 ns, Total: 297900 ns
[2020-03-27T07:58:01.605+0000][1][safepoint    ] Safepoint "RevokeBias", Time since last: 431601 ns, Reaching safepoint: 63000 ns, At safepoint: 21100 ns, Total: 84100 ns
[2020-03-27T07:58:01.606+0000][1][safepoint    ] Safepoint "RevokeBias", Time since last: 1125300 ns, Reaching safepoint: 115500 ns, At safepoint: 15500 ns, Total: 131000 ns
[2020-03-27T07:58:01.607+0000][1][safepoint    ] Safepoint "RevokeBias", Time since last: 1257700 ns, Reaching safepoint: 158400 ns, At safepoint: 14200 ns, Total: 172600 ns
[2020-03-27T07:58:01.651+0000][1][safepoint    ] Safepoint "RevokeBias", Time since last: 43269807 ns, Reaching safepoint: 166700 ns, At safepoint: 24800 ns, Total: 191500 ns
[2020-03-27T07:58:02.652+0000][1][safepoint    ] Safepoint "Cleanup", Time since last: 1001189760 ns, Reaching safepoint: 335100 ns, At safepoint: 85900 ns, Total: 421000 ns
[2020-03-27T07:58:03.655+0000][1][safepoint    ] Safepoint "Cleanup", Time since last: 1002109260 ns, Reaching safepoint: 356500 ns, At safepoint: 49700 ns, Total: 406200 ns
[2020-03-27T07:58:04.657+0000][1][safepoint    ] Safepoint "Cleanup", Time since last: 1001753760 ns, Reaching safepoint: 142300 ns, At safepoint: 34800 ns, Total: 177100 ns
[2020-03-27T07:58:05.659+0000][1][safepoint    ] Safepoint "Cleanup", Time since last: 1001104960 ns, Reaching safepoint: 575100 ns, At safepoint: 143000 ns, Total: 718100 ns
[2020-03-27T07:58:06.661+0000][1][safepoint    ] Safepoint "Cleanup", Time since last: 1002093260 ns, Reaching safepoint: 328000 ns, At safepoint: 106100 ns, Total: 434100 ns
[2020-03-27T07:58:07.665+0000][1][safepoint    ] Safepoint "Cleanup", Time since last: 1003214960 ns, Reaching safepoint: 906101 ns, At safepoint: 63700 ns, Total: 969801 ns
[2020-03-27T07:58:08.049+0000][1][safepoint    ] Safepoint "RevokeBias", Time since last: 383257061 ns, Reaching safepoint: 102100 ns, At safepoint: 26000 ns, Total: 128100 ns
[2020-03-27T07:58:08.597+0000][1][safepoint    ] Safepoint "RevokeBias", Time since last: 548235787 ns, Reaching safepoint: 119700 ns, At safepoint: 15300 ns, Total: 135000 ns
[2020-03-27T07:58:08.599+0000][1][safepoint    ] Safepoint "RevokeBias", Time since last: 1677901 ns, Reaching safepoint: 72000 ns, At safepoint: 14700 ns, Total: 86700 ns
[2020-03-27T07:58:08.602+0000][1][safepoint    ] Safepoint "RevokeBias", Time since last: 2661400 ns, Reaching safepoint: 161600 ns, At safepoint: 18700 ns, Total: 180300 ns
[2020-03-27T07:58:08.604+0000][1][safepoint    ] Safepoint "RevokeBias", Time since last: 1716100 ns, Reaching safepoint: 83300 ns, At safepoint: 15500 ns, Total: 98800 ns
[2020-03-27T07:58:08.763+0000][1][safepoint    ] Safepoint "RevokeBias", Time since last: 158803426 ns, Reaching safepoint: 168200 ns, At safepoint: 25600 ns, Total: 193800 ns
[2020-03-27T07:58:08.817+0000][1][safepoint    ] Safepoint "RevokeBias", Time since last: 54181808 ns, Reaching safepoint: 114200 ns, At safepoint: 25500 ns, Total: 139700 ns
[2020-03-27T07:58:08.830+0000][1][safepoint    ] Safepoint "RevokeBias", Time since last: 12531602 ns, Reaching safepoint: 169500 ns, At safepoint: 25500 ns, Total: 195000 ns
[2020-03-27T07:58:08.877+0000][1][gc,start     ] GC(44) Pause Young (Allocation Failure)
[2020-03-27T07:58:08.877+0000][1][gc,task      ] GC(44) Using 2 workers of 2 for evacuation
[2020-03-27T07:58:08.884+0000][1][gc,age       ] GC(44) Desired survivor size 8716288 bytes, new threshold 6 (max threshold 6)
[2020-03-27T07:58:08.884+0000][1][gc,age       ] GC(44) Age table with threshold 6 (max threshold 6)
[2020-03-27T07:58:08.885+0000][1][gc,age       ] GC(44) - age   1:    1622680 bytes,    1622680 total
[2020-03-27T07:58:08.885+0000][1][gc,age       ] GC(44) - age   2:     686600 bytes,    2309280 total
[2020-03-27T07:58:08.885+0000][1][gc,age       ] GC(44) - age   3:     486152 bytes,    2795432 total
[2020-03-27T07:58:08.886+0000][1][gc,age       ] GC(44) - age   4:    1043768 bytes,    3839200 total
[2020-03-27T07:58:08.886+0000][1][gc,heap      ] GC(44) ParNew: 142229K->7364K(153344K)
[2020-03-27T07:58:08.886+0000][1][gc,heap      ] GC(44) CMS: 95628K->95628K(353920K)
[2020-03-27T07:58:08.887+0000][1][gc,metaspace ] GC(44) Metaspace: 94714K->94714K(1136640K)
[2020-03-27T07:58:08.887+0000][1][gc           ] GC(44) Pause Young (Allocation Failure) 232M->100M(495M) 10.460ms
[2020-03-27T07:58:08.888+0000][1][gc,cpu       ] GC(44) User=0.01s Sys=0.00s Real=0.01s
[2020-03-27T07:58:08.888+0000][1][safepoint    ] Safepoint "GenCollectForAllocation", Time since last: 46775608 ns, Reaching safepoint: 192100 ns, At safepoint: 11532702 ns, Total: 11724802 ns
[2020-03-27T07:58:08.995+0000][1][safepoint    ] Safepoint "RevokeBias", Time since last: 106471817 ns, Reaching safepoint: 235500 ns, At safepoint: 28800 ns, Total: 264300 ns
[2020-03-27T07:58:08.995+0000][1][safepoint    ] Safepoint "RevokeBias", Time since last: 408800 ns, Reaching safepoint: 65000 ns, At safepoint: 13600 ns, Total: 78600 ns
[2020-03-27T07:58:09.830+0000][1][safepoint    ] Safepoint "RevokeBias", Time since last: 833998876 ns, Reaching safepoint: 462200 ns, At safepoint: 37800 ns, Total: 500000 ns
[2020-03-27T07:58:09.842+0000][1][safepoint    ] Safepoint "RevokeBias", Time since last: 10457800 ns, Reaching safepoint: 1263300 ns, At safepoint: 145700 ns, Total: 1409000 ns
[2020-03-27T07:58:09.847+0000][1][safepoint    ] Safepoint "RevokeBias", Time since last: 5278601 ns, Reaching safepoint: 283600 ns, At safepoint: 51700 ns, Total: 335300 ns
[2020-03-27T07:58:10.699+0000][1][safepoint    ] Safepoint "RevokeBias", Time since last: 851857932 ns, Reaching safepoint: 115400 ns, At safepoint: 36500 ns, Total: 151900 ns
[2020-03-27T07:58:10.979+0000][1][safepoint    ] Safepoint "BulkRevokeBias", Time since last: 279340110 ns, Reaching safepoint: 107200 ns, At safepoint: 658400 ns, Total: 765600 ns
[2020-03-27T07:58:10.981+0000][1][safepoint    ] Safepoint "RevokeBias", Time since last: 1194700 ns, Reaching safepoint: 73600 ns, At safepoint: 27500 ns, Total: 101100 ns
[2020-03-27T07:58:10.983+0000][1][safepoint    ] Safepoint "BulkRevokeBias", Time since last: 1358601 ns, Reaching safepoint: 84000 ns, At safepoint: 580700 ns, Total: 664700 ns
[2020-03-27T07:58:11.028+0000][1][safepoint    ] Safepoint "RevokeBias", Time since last: 45129901 ns, Reaching safepoint: 183700 ns, At safepoint: 36200 ns, Total: 219900 ns
[2020-03-27T07:58:12.030+0000][1][safepoint    ] Safepoint "Cleanup", Time since last: 1001424238 ns, Reaching safepoint: 341200 ns, At safepoint: 80300 ns, Total: 421500 ns
[2020-03-27T07:58:13.032+0000][1][safepoint    ] Safepoint "Cleanup", Time since last: 1001948438 ns, Reaching safepoint: 412100 ns, At safepoint: 82500 ns, Total: 494600 ns
[2020-03-27T07:58:14.035+0000][1][safepoint    ] Safepoint "Cleanup", Time since last: 1002169638 ns, Reaching safepoint: 104200 ns, At safepoint: 21300 ns, Total: 125500 ns
[2020-03-27T07:58:15.036+0000][1][safepoint    ] Safepoint "Cleanup", Time since last: 1000983838 ns, Reaching safepoint: 328700 ns, At safepoint: 79700 ns, Total: 408400 ns
[2020-03-27T07:58:16.038+0000][1][safepoint    ] Safepoint "Cleanup", Time since last: 1001994638 ns, Reaching safepoint: 265200 ns, At safepoint: 55800 ns, Total: 321000 ns
[2020-03-27T07:58:17.041+0000][1][safepoint    ] Safepoint "Cleanup", Time since last: 1001592538 ns, Reaching safepoint: 375300 ns, At safepoint: 171000 ns, Total: 546300 ns
[2020-03-27T07:58:17.987+0000][1][safepoint    ] Safepoint "BulkRevokeBias", Time since last: 945844185 ns, Reaching safepoint: 180300 ns, At safepoint: 458701 ns, Total: 639001 ns
[2020-03-27T07:58:18.989+0000][1][safepoint    ] Safepoint "Cleanup", Time since last: 1001156677 ns, Reaching safepoint: 523400 ns, At safepoint: 80700 ns, Total: 604100 ns
[2020-03-27T07:58:19.991+0000][1][safepoint    ] Safepoint "Cleanup", Time since last: 1001999978 ns, Reaching safepoint: 256300 ns, At safepoint: 72000 ns, Total: 328300 ns
[2020-03-27T07:58:20.717+0000][1][safepoint    ] Safepoint "RevokeBias", Time since last: 725668363 ns, Reaching safepoint: 139200 ns, At safepoint: 29500 ns, Total: 168700 ns
[2020-03-27T07:58:21.718+0000][1][safepoint    ] Safepoint "Cleanup", Time since last: 1000783077 ns, Reaching safepoint: 325800 ns, At safepoint: 88600 ns, Total: 414400 ns
[2020-03-27T07:58:22.721+0000][1][safepoint    ] Safepoint "Cleanup", Time since last: 1002087578 ns, Reaching safepoint: 421800 ns, At safepoint: 82900 ns, Total: 504700 ns
[2020-03-27T07:58:23.331+0000][1][gc,start     ] GC(45) Pause Young (Allocation Failure)
[2020-03-27T07:58:23.332+0000][1][gc,task      ] GC(45) Using 2 workers of 2 for evacuation
[2020-03-27T07:58:23.342+0000][1][gc,age       ] GC(45) Desired survivor size 8716288 bytes, new threshold 1 (max threshold 6)
[2020-03-27T07:58:23.343+0000][1][gc,age       ] GC(45) Age table with threshold 1 (max threshold 6)
[2020-03-27T07:58:23.344+0000][1][gc,age       ] GC(45) - age   1:   13779000 bytes,   13779000 total
[2020-03-27T07:58:23.344+0000][1][gc,age       ] GC(45) - age   2:     204488 bytes,   13983488 total
[2020-03-27T07:58:23.345+0000][1][gc,age       ] GC(45) - age   3:     203160 bytes,   14186648 total
[2020-03-27T07:58:23.345+0000][1][gc,age       ] GC(45) - age   4:      13248 bytes,   14199896 total
[2020-03-27T07:58:23.346+0000][1][gc,age       ] GC(45) - age   5:     448584 bytes,   14648480 total
[2020-03-27T07:58:23.346+0000][1][gc,heap      ] GC(45) ParNew: 143684K->15800K(153344K)
[2020-03-27T07:58:23.347+0000][1][gc,heap      ] GC(45) CMS: 95628K->95628K(353920K)
[2020-03-27T07:58:23.347+0000][1][gc,metaspace ] GC(45) Metaspace: 94754K->94754K(1136640K)
[2020-03-27T07:58:23.348+0000][1][gc           ] GC(45) Pause Young (Allocation Failure) 233M->108M(495M) 16.985ms
[2020-03-27T07:58:23.348+0000][1][gc,cpu       ] GC(45) User=0.02s Sys=0.00s Real=0.02s
[2020-03-27T07:58:23.348+0000][1][safepoint    ] Safepoint "GenCollectForAllocation", Time since last: 609423073 ns, Reaching safepoint: 245700 ns, At safepoint: 17668214 ns, Total: 17913914 ns
[2020-03-27T07:58:24.349+0000][1][safepoint    ] Safepoint "Cleanup", Time since last: 1000682776 ns, Reaching safepoint: 101100 ns, At safepoint: 20200 ns, Total: 121300 ns
[2020-03-27T07:58:25.350+0000][1][safepoint    ] Safepoint "Cleanup", Time since last: 1000914703 ns, Reaching safepoint: 339300 ns, At safepoint: 140400 ns, Total: 479700 ns
[2020-03-27T07:58:26.352+0000][1][safepoint    ] Safepoint "Cleanup", Time since last: 1001939389 ns, Reaching safepoint: 122400 ns, At safepoint: 25101 ns, Total: 147501 ns
[2020-03-27T07:58:27.354+0000][1][safepoint    ] Safepoint "Cleanup", Time since last: 1000764341 ns, Reaching safepoint: 440303 ns, At safepoint: 76600 ns, Total: 516903 ns
[2020-03-27T07:58:28.035+0000][1][safepoint    ] Safepoint "RevokeBias", Time since last: 680604577 ns, Reaching safepoint: 223301 ns, At safepoint: 24100 ns, Total: 247401 ns
[2020-03-27T07:58:29.036+0000][1][safepoint    ] Safepoint "Cleanup", Time since last: 1000813942 ns, Reaching safepoint: 479603 ns, At safepoint: 80001 ns, Total: 559604 ns
[2020-03-27T07:58:30.038+0000][1][safepoint    ] Safepoint "Cleanup", Time since last: 1002212877 ns, Reaching safepoint: 254300 ns, At safepoint: 66800 ns, Total: 321100 ns
[2020-03-27T07:58:30.720+0000][1][safepoint    ] Safepoint "RevokeBias", Time since last: 680787595 ns, Reaching safepoint: 210300 ns, At safepoint: 126500 ns, Total: 336800 ns
[2020-03-27T07:58:31.721+0000][1][safepoint    ] Safepoint "Cleanup", Time since last: 1001289992 ns, Reaching safepoint: 122100 ns, At safepoint: 24100 ns, Total: 146200 ns
[2020-03-27T07:58:32.723+0000][1][safepoint    ] Safepoint "Cleanup", Time since last: 1000999891 ns, Reaching safepoint: 623000 ns, At safepoint: 93600 ns, Total: 716600 ns
[2020-03-27T07:58:33.725+0000][1][safepoint    ] Safepoint "Cleanup", Time since last: 1002267633 ns, Reaching safepoint: 322400 ns, At safepoint: 87400 ns, Total: 409800 ns
[2020-03-27T07:58:34.728+0000][1][safepoint    ] Safepoint "Cleanup", Time since last: 1002139282 ns, Reaching safepoint: 131800 ns, At safepoint: 11200 ns, Total: 143000 ns
[2020-03-27T07:58:35.729+0000][1][safepoint    ] Safepoint "Cleanup", Time since last: 1000896980 ns, Reaching safepoint: 112401 ns, At safepoint: 18400 ns, Total: 130801 ns
[2020-03-27T07:58:36.729+0000][1][safepoint    ] Safepoint "Cleanup", Time since last: 1000589780 ns, Reaching safepoint: 105000 ns, At safepoint: 19200 ns, Total: 124200 ns
[2020-03-27T07:58:37.731+0000][1][safepoint    ] Safepoint "Cleanup", Time since last: 1000858780 ns, Reaching safepoint: 418000 ns, At safepoint: 73001 ns, Total: 491001 ns
[2020-03-27T07:58:37.991+0000][1][safepoint    ] Safepoint "RevokeBias", Time since last: 259742080 ns, Reaching safepoint: 165900 ns, At safepoint: 44600 ns, Total: 210500 ns
[2020-03-27T07:58:38.992+0000][1][safepoint    ] Safepoint "Cleanup", Time since last: 1000911381 ns, Reaching safepoint: 110000 ns, At safepoint: 22100 ns, Total: 132100 ns
[2020-03-27T07:58:39.993+0000][1][safepoint    ] Safepoint "Cleanup", Time since last: 1001166180 ns, Reaching safepoint: 390101 ns, At safepoint: 84700 ns, Total: 474801 ns
[2020-03-27T07:58:40.755+0000][1][safepoint    ] Safepoint "RevokeBias", Time since last: 760453021 ns, Reaching safepoint: 761400 ns, At safepoint: 71701 ns, Total: 833101 ns
[2020-03-27T07:58:41.756+0000][1][safepoint    ] Safepoint "Cleanup", Time since last: 1001059016 ns, Reaching safepoint: 133900 ns, At safepoint: 28800 ns, Total: 162700 ns
[2020-03-27T07:58:42.758+0000][1][safepoint    ] Safepoint "Cleanup", Time since last: 1001257818 ns, Reaching safepoint: 408199 ns, At safepoint: 89400 ns, Total: 497599 ns
[2020-03-27T07:58:43.382+0000][1][safepoint    ] Safepoint "RevokeBias", Time since last: 623969979 ns, Reaching safepoint: 176899 ns, At safepoint: 36600 ns, Total: 213499 ns
[2020-03-27T07:58:43.383+0000][1][safepoint    ] Safepoint "RevokeBias", Time since last: 1186497 ns, Reaching safepoint: 101099 ns, At safepoint: 12200 ns, Total: 113299 ns
[2020-03-27T07:58:44.005+0000][1][safepoint    ] Safepoint "RevokeBias", Time since last: 621609787 ns, Reaching safepoint: 196799 ns, At safepoint: 30900 ns, Total: 227699 ns
[2020-03-27T07:58:44.006+0000][1][safepoint    ] Safepoint "RevokeBias", Time since last: 660898 ns, Reaching safepoint: 78800 ns, At safepoint: 10900 ns, Total: 89700 ns
[2020-03-27T07:58:44.006+0000][1][safepoint    ] Safepoint "RevokeBias", Time since last: 360599 ns, Reaching safepoint: 86300 ns, At safepoint: 22400 ns, Total: 108700 ns
[2020-03-27T07:58:44.007+0000][1][safepoint    ] Safepoint "RevokeBias", Time since last: 1039896 ns, Reaching safepoint: 83500 ns, At safepoint: 20800 ns, Total: 104300 ns
[2020-03-27T07:58:44.008+0000][1][safepoint    ] Safepoint "RevokeBias", Time since last: 973097 ns, Reaching safepoint: 71900 ns, At safepoint: 13200 ns, Total: 85100 ns
[2020-03-27T07:58:44.051+0000][1][safepoint    ] Safepoint "RevokeBias", Time since last: 42087370 ns, Reaching safepoint: 217700 ns, At safepoint: 14999 ns, Total: 232699 ns
[2020-03-27T07:58:44.116+0000][1][gc,start     ] GC(46) Pause Young (Allocation Failure)
[2020-03-27T07:58:44.117+0000][1][gc,task      ] GC(46) Using 2 workers of 2 for evacuation
[2020-03-27T07:58:44.175+0000][1][gc,age       ] GC(46) Desired survivor size 8716288 bytes, new threshold 6 (max threshold 6)
[2020-03-27T07:58:44.175+0000][1][gc,age       ] GC(46) Age table with threshold 6 (max threshold 6)
[2020-03-27T07:58:44.176+0000][1][gc,age       ] GC(46) - age   1:    1363736 bytes,    1363736 total
[2020-03-27T07:58:44.176+0000][1][gc,heap      ] GC(46) ParNew: 152120K->11363K(153344K)
[2020-03-27T07:58:44.177+0000][1][gc,heap      ] GC(46) CMS: 95628K->100887K(353920K)
[2020-03-27T07:58:44.177+0000][1][gc,metaspace ] GC(46) Metaspace: 94863K->94863K(1136640K)
[2020-03-27T07:58:44.178+0000][1][gc           ] GC(46) Pause Young (Allocation Failure) 241M->109M(495M) 61.513ms
[2020-03-27T07:58:44.178+0000][1][gc,cpu       ] GC(46) User=0.02s Sys=0.01s Real=0.06s
[2020-03-27T07:58:44.179+0000][1][safepoint    ] Safepoint "GenCollectForAllocation", Time since last: 65420199 ns, Reaching safepoint: 137600 ns, At safepoint: 62515107 ns, Total: 62652707 ns
[2020-03-27T07:58:44.208+0000][1][safepoint    ] Safepoint "RevokeBias", Time since last: 25442822 ns, Reaching safepoint: 3506089 ns, At safepoint: 117900 ns, Total: 3623989 ns
[2020-03-27T07:58:44.211+0000][1][safepoint    ] Safepoint "RevokeBias", Time since last: 2710791 ns, Reaching safepoint: 252400 ns, At safepoint: 132999 ns, Total: 385399 ns
[2020-03-27T07:58:44.258+0000][1][safepoint    ] Safepoint "RevokeBias", Time since last: 46415957 ns, Reaching safepoint: 428099 ns, At safepoint: 230199 ns, Total: 658298 ns
[2020-03-27T07:58:44.259+0000][1][safepoint    ] Safepoint "RevokeBias", Time since last: 313699 ns, Reaching safepoint: 167600 ns, At safepoint: 14300 ns, Total: 181900 ns
[2020-03-27T07:58:44.261+0000][1][safepoint    ] Safepoint "RevokeBias", Time since last: 1995894 ns, Reaching safepoint: 258799 ns, At safepoint: 142099 ns, Total: 400898 ns
[2020-03-27T07:58:44.264+0000][1][safepoint    ] Safepoint "RevokeBias", Time since last: 2128794 ns, Reaching safepoint: 576098 ns, At safepoint: 144800 ns, Total: 720898 ns
[2020-03-27T07:58:44.308+0000][1][safepoint    ] Safepoint "RevokeBias", Time since last: 43730765 ns, Reaching safepoint: 165800 ns, At safepoint: 23200 ns, Total: 189000 ns
[2020-03-27T07:58:44.378+0000][1][safepoint    ] Safepoint "RevokeBias", Time since last: 69706085 ns, Reaching safepoint: 205299 ns, At safepoint: 17600 ns, Total: 222899 ns
[2020-03-27T07:58:44.379+0000][1][safepoint    ] Safepoint "RevokeBias", Time since last: 1442796 ns, Reaching safepoint: 95900 ns, At safepoint: 22399 ns, Total: 118299 ns
[2020-03-27T07:58:44.381+0000][1][safepoint    ] Safepoint "RevokeBias", Time since last: 1191197 ns, Reaching safepoint: 498398 ns, At safepoint: 14800 ns, Total: 513198 ns
[2020-03-27T07:58:45.501+0000][1][safepoint    ] Safepoint "Cleanup", Time since last: 1119767554 ns, Reaching safepoint: 443598 ns, At safepoint: 34100 ns, Total: 477698 ns
[2020-03-27T07:58:46.504+0000][1][safepoint    ] Safepoint "Cleanup", Time since last: 1002063316 ns, Reaching safepoint: 529398 ns, At safepoint: 72400 ns, Total: 601798 ns
[2020-03-27T07:58:47.506+0000][1][safepoint    ] Safepoint "Cleanup", Time since last: 1001921616 ns, Reaching safepoint: 326399 ns, At safepoint: 38100 ns, Total: 364499 ns
[2020-03-27T07:58:48.004+0000][1][safepoint    ] Safepoint "RevokeBias", Time since last: 497836667 ns, Reaching safepoint: 150900 ns, At safepoint: 25600 ns, Total: 176500 ns
[2020-03-27T07:58:48.241+0000][1][gc,start     ] GC(47) Pause Young (Allocation Failure)
[2020-03-27T07:58:48.242+0000][1][gc,task      ] GC(47) Using 2 workers of 2 for evacuation
[2020-03-27T07:58:48.246+0000][1][gc,age       ] GC(47) Desired survivor size 8716288 bytes, new threshold 6 (max threshold 6)
[2020-03-27T07:58:48.246+0000][1][gc,age       ] GC(47) Age table with threshold 6 (max threshold 6)
[2020-03-27T07:58:48.247+0000][1][gc,age       ] GC(47) - age   1:    2515008 bytes,    2515008 total
[2020-03-27T07:58:48.247+0000][1][gc,age       ] GC(47) - age   2:     451544 bytes,    2966552 total
[2020-03-27T07:58:48.248+0000][1][gc,heap      ] GC(47) ParNew: 147683K->4635K(153344K)
[2020-03-27T07:58:48.248+0000][1][gc,heap      ] GC(47) CMS: 100887K->100887K(353920K)
[2020-03-27T07:58:48.248+0000][1][gc,metaspace ] GC(47) Metaspace: 94945K->94945K(1136640K)
[2020-03-27T07:58:48.249+0000][1][gc           ] GC(47) Pause Young (Allocation Failure) 242M->103M(495M) 7.476ms
[2020-03-27T07:58:48.249+0000][1][gc,cpu       ] GC(47) User=0.01s Sys=0.00s Real=0.01s
[2020-03-27T07:58:48.250+0000][1][safepoint    ] Safepoint "GenCollectForAllocation", Time since last: 237155070 ns, Reaching safepoint: 118500 ns, At safepoint: 8665673 ns, Total: 8784173 ns
[2020-03-27T07:58:48.256+0000][1][safepoint    ] Safepoint "RevokeBias", Time since last: 5992482 ns, Reaching safepoint: 105699 ns, At safepoint: 25600 ns, Total: 131299 ns
[2020-03-27T07:58:48.258+0000][1][safepoint    ] Safepoint "RevokeBias", Time since last: 1259996 ns, Reaching safepoint: 93000 ns, At safepoint: 21600 ns, Total: 114600 ns
[2020-03-27T07:58:48.259+0000][1][safepoint    ] Safepoint "RevokeBias", Time since last: 1230596 ns, Reaching safepoint: 63600 ns, At safepoint: 21600 ns, Total: 85200 ns
[2020-03-27T07:58:48.260+0000][1][safepoint    ] Safepoint "RevokeBias", Time since last: 981397 ns, Reaching safepoint: 77000 ns, At safepoint: 14200 ns, Total: 91200 ns
[2020-03-27T07:58:48.302+0000][1][safepoint    ] Safepoint "RevokeBias", Time since last: 41920070 ns, Reaching safepoint: 212400 ns, At safepoint: 23600 ns, Total: 236000 ns
[2020-03-27T07:58:49.303+0000][1][safepoint    ] Safepoint "Cleanup", Time since last: 1000861336 ns, Reaching safepoint: 391300 ns, At safepoint: 85100 ns, Total: 476400 ns
[2020-03-27T07:58:50.306+0000][1][safepoint    ] Safepoint "Cleanup", Time since last: 1002404513 ns, Reaching safepoint: 163099 ns, At safepoint: 18400 ns, Total: 181499 ns
[2020-03-27T07:58:50.749+0000][1][safepoint    ] Safepoint "RevokeBias", Time since last: 442316512 ns, Reaching safepoint: 160500 ns, At safepoint: 56800 ns, Total: 217300 ns
[2020-03-27T07:58:51.378+0000][1][safepoint    ] Safepoint "RevokeBias", Time since last: 629452497 ns, Reaching safepoint: 188000 ns, At safepoint: 25499 ns, Total: 213499 ns
[2020-03-27T07:58:51.379+0000][1][safepoint    ] Safepoint "RevokeBias", Time since last: 716798 ns, Reaching safepoint: 93899 ns, At safepoint: 58600 ns, Total: 152499 ns
[2020-03-27T07:58:51.381+0000][1][safepoint    ] Safepoint "RevokeBias", Time since last: 1371595 ns, Reaching safepoint: 104300 ns, At safepoint: 28699 ns, Total: 132999 ns
[2020-03-27T07:58:51.381+0000][1][safepoint    ] Safepoint "RevokeBias", Time since last: 635798 ns, Reaching safepoint: 59000 ns, At safepoint: 22400 ns, Total: 81400 ns
[2020-03-27T07:58:51.436+0000][1][safepoint    ] Safepoint "RevokeBias", Time since last: 54662591 ns, Reaching safepoint: 122700 ns, At safepoint: 23200 ns, Total: 145900 ns
[2020-03-27T07:58:52.437+0000][1][safepoint    ] Safepoint "Cleanup", Time since last: 1000924280 ns, Reaching safepoint: 337198 ns, At safepoint: 89700 ns, Total: 426898 ns
[2020-03-27T07:58:53.440+0000][1][safepoint    ] Safepoint "Cleanup", Time since last: 1002588674 ns, Reaching safepoint: 122699 ns, At safepoint: 17000 ns, Total: 139699 ns
[2020-03-27T07:58:54.441+0000][1][safepoint    ] Safepoint "Cleanup", Time since last: 1000870881 ns, Reaching safepoint: 111499 ns, At safepoint: 20800 ns, Total: 132299 ns
[2020-03-27T07:58:55.443+0000][1][safepoint    ] Safepoint "Cleanup", Time since last: 1001123669 ns, Reaching safepoint: 420600 ns, At safepoint: 90500 ns, Total: 511100 ns
[2020-03-27T07:58:56.446+0000][1][safepoint    ] Safepoint "Cleanup", Time since last: 1002457447 ns, Reaching safepoint: 469200 ns, At safepoint: 85800 ns, Total: 555000 ns
[2020-03-27T07:58:57.448+0000][1][safepoint    ] Safepoint "Cleanup", Time since last: 1001843047 ns, Reaching safepoint: 375600 ns, At safepoint: 90000 ns, Total: 465600 ns
[2020-03-27T07:58:58.029+0000][1][safepoint    ] Safepoint "RevokeBias", Time since last: 580966067 ns, Reaching safepoint: 105400 ns, At safepoint: 27000 ns, Total: 132400 ns
[2020-03-27T07:58:58.389+0000][1][safepoint    ] Safepoint "RevokeBias", Time since last: 359425653 ns, Reaching safepoint: 126000 ns, At safepoint: 23700 ns, Total: 149700 ns
[2020-03-27T07:58:58.391+0000][1][safepoint    ] Safepoint "RevokeBias", Time since last: 1599799 ns, Reaching safepoint: 92300 ns, At safepoint: 25100 ns, Total: 117400 ns
[2020-03-27T07:58:58.392+0000][1][safepoint    ] Safepoint "RevokeBias", Time since last: 1423699 ns, Reaching safepoint: 66500 ns, At safepoint: 21900 ns, Total: 88400 ns
[2020-03-27T07:58:58.393+0000][1][safepoint    ] Safepoint "RevokeBias", Time since last: 1052000 ns, Reaching safepoint: 62800 ns, At safepoint: 21400 ns, Total: 84200 ns
[2020-03-27T07:58:58.446+0000][1][safepoint    ] Safepoint "RevokeBias", Time since last: 51442879 ns, Reaching safepoint: 1708799 ns, At safepoint: 31400 ns, Total: 1740199 ns
[2020-03-27T07:58:58.493+0000][1][gc,start     ] GC(48) Pause Young (Allocation Failure)
[2020-03-27T07:58:58.493+0000][1][gc,task      ] GC(48) Using 2 workers of 2 for evacuation
[2020-03-27T07:58:58.499+0000][1][gc,age       ] GC(48) Desired survivor size 8716288 bytes, new threshold 6 (max threshold 6)
[2020-03-27T07:58:58.499+0000][1][gc,age       ] GC(48) Age table with threshold 6 (max threshold 6)
[2020-03-27T07:58:58.499+0000][1][gc,age       ] GC(48) - age   1:    1122464 bytes,    1122464 total
[2020-03-27T07:58:58.500+0000][1][gc,age       ] GC(48) - age   2:     791856 bytes,    1914320 total
[2020-03-27T07:58:58.500+0000][1][gc,age       ] GC(48) - age   3:     371160 bytes,    2285480 total
[2020-03-27T07:58:58.500+0000][1][gc,heap      ] GC(48) ParNew: 140955K->2921K(153344K)
[2020-03-27T07:58:58.500+0000][1][gc,heap      ] GC(48) CMS: 100887K->100887K(353920K)
[2020-03-27T07:58:58.501+0000][1][gc,metaspace ] GC(48) Metaspace: 94974K->94974K(1136640K)
[2020-03-27T07:58:58.501+0000][1][gc           ] GC(48) Pause Young (Allocation Failure) 236M->101M(495M) 8.255ms
[2020-03-27T07:58:58.501+0000][1][gc,cpu       ] GC(48) User=0.01s Sys=0.00s Real=0.01s
[2020-03-27T07:58:58.501+0000][1][safepoint    ] Safepoint "GenCollectForAllocation", Time since last: 46159581 ns, Reaching safepoint: 96600 ns, At safepoint: 8794897 ns, Total: 8891497 ns
[2020-03-27T07:58:59.502+0000][1][safepoint    ] Safepoint "Cleanup", Time since last: 1000396090 ns, Reaching safepoint: 104100 ns, At safepoint: 16300 ns, Total: 120400 ns
[2020-03-27T07:59:00.503+0000][1][safepoint    ] Safepoint "Cleanup", Time since last: 1000994390 ns, Reaching safepoint: 209200 ns, At safepoint: 48800 ns, Total: 258000 ns
[2020-03-27T07:59:00.751+0000][1][safepoint    ] Safepoint "RevokeBias", Time since last: 247245399 ns, Reaching safepoint: 191400 ns, At safepoint: 25900 ns, Total: 217300 ns
[2020-03-27T07:59:01.553+0000][1][safepoint    ] Safepoint "RevokeBias", Time since last: 802120271 ns, Reaching safepoint: 247900 ns, At safepoint: 19700 ns, Total: 267600 ns
[2020-03-27T07:59:01.554+0000][1][safepoint    ] Safepoint "RevokeBias", Time since last: 685200 ns, Reaching safepoint: 79300 ns, At safepoint: 12400 ns, Total: 91700 ns
[2020-03-27T07:59:01.556+0000][1][safepoint    ] Safepoint "RevokeBias", Time since last: 1647499 ns, Reaching safepoint: 90700 ns, At safepoint: 43600 ns, Total: 134300 ns
[2020-03-27T07:59:01.557+0000][1][safepoint    ] Safepoint "RevokeBias", Time since last: 1371200 ns, Reaching safepoint: 89300 ns, At safepoint: 13300 ns, Total: 102600 ns
[2020-03-27T07:59:01.599+0000][1][safepoint    ] Safepoint "RevokeBias", Time since last: 41369083 ns, Reaching safepoint: 106100 ns, At safepoint: 27000 ns, Total: 133100 ns
[2020-03-27T07:59:01.628+0000][1][safepoint    ] Safepoint "RevokeBias", Time since last: 28865688 ns, Reaching safepoint: 216800 ns, At safepoint: 19400 ns, Total: 236200 ns
[2020-03-27T07:59:01.628+0000][1][safepoint    ] Safepoint "RevokeBias", Time since last: 586099 ns, Reaching safepoint: 157500 ns, At safepoint: 19300 ns, Total: 176800 ns
[2020-03-27T07:59:01.634+0000][1][safepoint    ] Safepoint "RevokeBias", Time since last: 5157398 ns, Reaching safepoint: 93700 ns, At safepoint: 25800 ns, Total: 119500 ns
[2020-03-27T07:59:02.629+0000][1][safepoint    ] Safepoint "RevokeBias", Time since last: 995296193 ns, Reaching safepoint: 271899 ns, At safepoint: 41500 ns, Total: 313399 ns
[2020-03-27T07:59:02.659+0000][1][safepoint    ] Safepoint "RevokeBias", Time since last: 29503888 ns, Reaching safepoint: 177600 ns, At safepoint: 72900 ns, Total: 250500 ns
[2020-03-27T07:59:03.661+0000][1][safepoint    ] Safepoint "Cleanup", Time since last: 1001061890 ns, Reaching safepoint: 402000 ns, At safepoint: 32500 ns, Total: 434500 ns
[2020-03-27T07:59:04.663+0000][1][safepoint    ] Safepoint "Cleanup", Time since last: 1002207190 ns, Reaching safepoint: 384000 ns, At safepoint: 80400 ns, Total: 464400 ns
[2020-03-27T07:59:05.666+0000][1][safepoint    ] Safepoint "Cleanup", Time since last: 1002155229 ns, Reaching safepoint: 504301 ns, At safepoint: 78300 ns, Total: 582601 ns
[2020-03-27T07:59:06.668+0000][1][safepoint    ] Safepoint "Cleanup", Time since last: 1001875103 ns, Reaching safepoint: 330700 ns, At safepoint: 86100 ns, Total: 416800 ns
[2020-03-27T07:59:07.671+0000][1][safepoint    ] Safepoint "Cleanup", Time since last: 1002276404 ns, Reaching safepoint: 388800 ns, At safepoint: 32200 ns, Total: 421000 ns
[2020-03-27T07:59:08.012+0000][1][safepoint    ] Safepoint "RevokeBias", Time since last: 340958378 ns, Reaching safepoint: 181500 ns, At safepoint: 26000 ns, Total: 207500 ns
[2020-03-27T07:59:08.531+0000][1][gc,start     ] GC(49) Pause Young (Allocation Failure)
[2020-03-27T07:59:08.531+0000][1][gc,task      ] GC(49) Using 2 workers of 2 for evacuation
[2020-03-27T07:59:08.540+0000][1][gc,age       ] GC(49) Desired survivor size 8716288 bytes, new threshold 1 (max threshold 6)
[2020-03-27T07:59:08.540+0000][1][gc,age       ] GC(49) Age table with threshold 1 (max threshold 6)
[2020-03-27T07:59:08.541+0000][1][gc,age       ] GC(49) - age   1:    9218736 bytes,    9218736 total
[2020-03-27T07:59:08.541+0000][1][gc,age       ] GC(49) - age   2:     715240 bytes,    9933976 total
[2020-03-27T07:59:08.541+0000][1][gc,age       ] GC(49) - age   3:     595840 bytes,   10529816 total
[2020-03-27T07:59:08.542+0000][1][gc,age       ] GC(49) - age   4:     371064 bytes,   10900880 total
[2020-03-27T07:59:08.542+0000][1][gc,heap      ] GC(49) ParNew: 139241K->12021K(153344K)
[2020-03-27T07:59:08.542+0000][1][gc,heap      ] GC(49) CMS: 100887K->100887K(353920K)
[2020-03-27T07:59:08.543+0000][1][gc,metaspace ] GC(49) Metaspace: 94982K->94982K(1136640K)
[2020-03-27T07:59:08.543+0000][1][gc           ] GC(49) Pause Young (Allocation Failure) 234M->110M(495M) 12.559ms
[2020-03-27T07:59:08.544+0000][1][gc,cpu       ] GC(49) User=0.01s Sys=0.00s Real=0.01s
[2020-03-27T07:59:08.544+0000][1][safepoint    ] Safepoint "GenCollectForAllocation", Time since last: 518389726 ns, Reaching safepoint: 122400 ns, At safepoint: 13108718 ns, Total: 13231118 ns
[2020-03-27T07:59:08.560+0000][1][safepoint    ] Safepoint "RevokeBias", Time since last: 16365323 ns, Reaching safepoint: 105100 ns, At safepoint: 31800 ns, Total: 136900 ns
[2020-03-27T07:59:08.562+0000][1][safepoint    ] Safepoint "RevokeBias", Time since last: 1144502 ns, Reaching safepoint: 154700 ns, At safepoint: 15200 ns, Total: 169900 ns
[2020-03-27T07:59:08.563+0000][1][safepoint    ] Safepoint "RevokeBias", Time since last: 1109002 ns, Reaching safepoint: 82800 ns, At safepoint: 11100 ns, Total: 93900 ns
[2020-03-27T07:59:08.563+0000][1][safepoint    ] Safepoint "RevokeBias", Time since last: 478600 ns, Reaching safepoint: 69901 ns, At safepoint: 22100 ns, Total: 92001 ns
[2020-03-27T07:59:08.611+0000][1][safepoint    ] Safepoint "RevokeBias", Time since last: 46994265 ns, Reaching safepoint: 118701 ns, At safepoint: 46100 ns, Total: 164801 ns
[2020-03-27T07:59:09.612+0000][1][safepoint    ] Safepoint "Cleanup", Time since last: 1000879177 ns, Reaching safepoint: 155800 ns, At safepoint: 17500 ns, Total: 173300 ns
[2020-03-27T07:59:10.613+0000][1][safepoint    ] Safepoint "Cleanup", Time since last: 1000818976 ns, Reaching safepoint: 578400 ns, At safepoint: 88500 ns, Total: 666900 ns
[2020-03-27T07:59:10.763+0000][1][safepoint    ] Safepoint "RevokeBias", Time since last: 149677667 ns, Reaching safepoint: 129900 ns, At safepoint: 18500 ns, Total: 148400 ns
[2020-03-27T07:59:11.753+0000][1][safepoint    ] Safepoint "RevokeBias", Time since last: 989506678 ns, Reaching safepoint: 210300 ns, At safepoint: 22000 ns, Total: 232300 ns
[2020-03-27T07:59:11.753+0000][1][safepoint    ] Safepoint "RevokeBias", Time since last: 677200 ns, Reaching safepoint: 88200 ns, At safepoint: 13700 ns, Total: 101900 ns
[2020-03-27T07:59:11.755+0000][1][safepoint    ] Safepoint "RevokeBias", Time since last: 1656600 ns, Reaching safepoint: 67200 ns, At safepoint: 22100 ns, Total: 89300 ns
[2020-03-27T07:59:11.756+0000][1][safepoint    ] Safepoint "RevokeBias", Time since last: 909799 ns, Reaching safepoint: 75900 ns, At safepoint: 29000 ns, Total: 104900 ns
[2020-03-27T07:59:11.800+0000][1][safepoint    ] Safepoint "RevokeBias", Time since last: 43181591 ns, Reaching safepoint: 120000 ns, At safepoint: 32600 ns, Total: 152600 ns
[2020-03-27T07:59:12.801+0000][1][safepoint    ] Safepoint "Cleanup", Time since last: 1000963476 ns, Reaching safepoint: 437100 ns, At safepoint: 90000 ns, Total: 527100 ns
[2020-03-27T07:59:13.803+0000][1][safepoint    ] Safepoint "Cleanup", Time since last: 1002025391 ns, Reaching safepoint: 329001 ns, At safepoint: 88900 ns, Total: 417901 ns
[2020-03-27T07:59:14.806+0000][1][safepoint    ] Safepoint "Cleanup", Time since last: 1002406555 ns, Reaching safepoint: 347600 ns, At safepoint: 86300 ns, Total: 433900 ns
[2020-03-27T07:59:15.809+0000][1][safepoint    ] Safepoint "Cleanup", Time since last: 1002275856 ns, Reaching safepoint: 281200 ns, At safepoint: 57000 ns, Total: 338200 ns
[2020-03-27T07:59:16.811+0000][1][safepoint    ] Safepoint "Cleanup", Time since last: 1001571756 ns, Reaching safepoint: 411500 ns, At safepoint: 83400 ns, Total: 494900 ns
[2020-03-27T07:59:17.814+0000][1][safepoint    ] Safepoint "Cleanup", Time since last: 1002197056 ns, Reaching safepoint: 330100 ns, At safepoint: 170900 ns, Total: 501000 ns
[2020-03-27T07:59:18.001+0000][1][safepoint    ] Safepoint "RevokeBias", Time since last: 187418629 ns, Reaching safepoint: 178700 ns, At safepoint: 13200 ns, Total: 191900 ns
[2020-03-27T07:59:19.002+0000][1][safepoint    ] Safepoint "Cleanup", Time since last: 1000599256 ns, Reaching safepoint: 109000 ns, At safepoint: 18500 ns, Total: 127500 ns
[2020-03-27T07:59:20.003+0000][1][safepoint    ] Safepoint "Cleanup", Time since last: 1000884855 ns, Reaching safepoint: 116800 ns, At safepoint: 21900 ns, Total: 138700 ns
[2020-03-27T07:59:20.804+0000][1][gc,start     ] GC(50) Pause Young (Allocation Failure)
[2020-03-27T07:59:20.804+0000][1][gc,task      ] GC(50) Using 2 workers of 2 for evacuation
[2020-03-27T07:59:20.833+0000][1][gc,age       ] GC(50) Desired survivor size 8716288 bytes, new threshold 1 (max threshold 6)
[2020-03-27T07:59:20.834+0000][1][gc,age       ] GC(50) Age table with threshold 1 (max threshold 6)
[2020-03-27T07:59:20.835+0000][1][gc,age       ] GC(50) - age   1:   10346304 bytes,   10346304 total
[2020-03-27T07:59:20.835+0000][1][gc,heap      ] GC(50) ParNew: 148341K->12877K(153344K)
[2020-03-27T07:59:20.836+0000][1][gc,heap      ] GC(50) CMS: 100887K->102787K(353920K)
[2020-03-27T07:59:20.836+0000][1][gc,metaspace ] GC(50) Metaspace: 94996K->94996K(1136640K)
[2020-03-27T07:59:20.837+0000][1][gc           ] GC(50) Pause Young (Allocation Failure) 243M->112M(495M) 32.604ms
[2020-03-27T07:59:20.837+0000][1][gc,cpu       ] GC(50) User=0.01s Sys=0.00s Real=0.04s
[2020-03-27T07:59:20.838+0000][1][safepoint    ] Safepoint "GenCollectForAllocation", Time since last: 800631725 ns, Reaching safepoint: 192700 ns, At safepoint: 33705505 ns, Total: 33898205 ns
[2020-03-27T07:59:20.843+0000][1][safepoint    ] Safepoint "RevokeBias", Time since last: 4908801 ns, Reaching safepoint: 257700 ns, At safepoint: 17400 ns, Total: 275100 ns
[2020-03-27T07:59:21.844+0000][1][safepoint    ] Safepoint "Cleanup", Time since last: 1000552473 ns, Reaching safepoint: 441100 ns, At safepoint: 119000 ns, Total: 560100 ns
[2020-03-27T07:59:22.846+0000][1][safepoint    ] Safepoint "Cleanup", Time since last: 1001902838 ns, Reaching safepoint: 99800 ns, At safepoint: 17900 ns, Total: 117700 ns
[2020-03-27T07:59:23.847+0000][1][safepoint    ] Safepoint "Cleanup", Time since last: 1001150038 ns, Reaching safepoint: 106000 ns, At safepoint: 20900 ns, Total: 126900 ns
[2020-03-27T07:59:24.848+0000][1][safepoint    ] Safepoint "Cleanup", Time since last: 1000892538 ns, Reaching safepoint: 129900 ns, At safepoint: 19500 ns, Total: 149400 ns
[2020-03-27T07:59:25.850+0000][1][safepoint    ] Safepoint "Cleanup", Time since last: 1001262638 ns, Reaching safepoint: 414400 ns, At safepoint: 104000 ns, Total: 518400 ns
[2020-03-27T07:59:26.852+0000][1][safepoint    ] Safepoint "Cleanup", Time since last: 1001780338 ns, Reaching safepoint: 387000 ns, At safepoint: 82400 ns, Total: 469400 ns
[2020-03-27T07:59:27.855+0000][1][safepoint    ] Safepoint "Cleanup", Time since last: 1002030738 ns, Reaching safepoint: 565600 ns, At safepoint: 28400 ns, Total: 594000 ns
[2020-03-27T07:59:28.036+0000][1][safepoint    ] Safepoint "RevokeBias", Time since last: 180582689 ns, Reaching safepoint: 219500 ns, At safepoint: 23000 ns, Total: 242500 ns
[2020-03-27T07:59:29.037+0000][1][safepoint    ] Safepoint "Cleanup", Time since last: 1001083838 ns, Reaching safepoint: 344400 ns, At safepoint: 83200 ns, Total: 427600 ns
[2020-03-27T07:59:30.040+0000][1][safepoint    ] Safepoint "Cleanup", Time since last: 1002303944 ns, Reaching safepoint: 407900 ns, At safepoint: 84100 ns, Total: 492000 ns
[2020-03-27T07:59:30.828+0000][1][safepoint    ] Safepoint "RevokeBias", Time since last: 787996660 ns, Reaching safepoint: 266400 ns, At safepoint: 32300 ns, Total: 298700 ns
[2020-03-27T07:59:31.830+0000][1][safepoint    ] Safepoint "Cleanup", Time since last: 1001094949 ns, Reaching safepoint: 422400 ns, At safepoint: 90000 ns, Total: 512400 ns
[2020-03-27T07:59:32.832+0000][1][safepoint    ] Safepoint "Cleanup", Time since last: 1001711550 ns, Reaching safepoint: 379200 ns, At safepoint: 80800 ns, Total: 460000 ns
[2020-03-27T07:59:33.835+0000][1][safepoint    ] Safepoint "Cleanup", Time since last: 1002567149 ns, Reaching safepoint: 383800 ns, At safepoint: 84500 ns, Total: 468300 ns
[2020-03-27T07:59:34.837+0000][1][safepoint    ] Safepoint "Cleanup", Time since last: 1002241350 ns, Reaching safepoint: 123200 ns, At safepoint: 26100 ns, Total: 149300 ns
[2020-03-27T07:59:35.839+0000][1][safepoint    ] Safepoint "Cleanup", Time since last: 1000967549 ns, Reaching safepoint: 404800 ns, At safepoint: 97200 ns, Total: 502000 ns
[2020-03-27T07:59:36.842+0000][1][safepoint    ] Safepoint "Cleanup", Time since last: 1002289949 ns, Reaching safepoint: 461300 ns, At safepoint: 86500 ns, Total: 547800 ns
[2020-03-27T07:59:37.844+0000][1][safepoint    ] Safepoint "Cleanup", Time since last: 1002081648 ns, Reaching safepoint: 331000 ns, At safepoint: 87400 ns, Total: 418400 ns
[2020-03-27T07:59:38.017+0000][1][safepoint    ] Safepoint "RevokeBias", Time since last: 172689191 ns, Reaching safepoint: 106400 ns, At safepoint: 26600 ns, Total: 133000 ns
[2020-03-27T07:59:39.018+0000][1][safepoint    ] Safepoint "Cleanup", Time since last: 1000645445 ns, Reaching safepoint: 391900 ns, At safepoint: 76200 ns, Total: 468100 ns
[2020-03-27T07:59:40.021+0000][1][safepoint    ] Safepoint "Cleanup", Time since last: 1002033945 ns, Reaching safepoint: 448000 ns, At safepoint: 75400 ns, Total: 523400 ns
[2020-03-27T07:59:40.832+0000][1][safepoint    ] Safepoint "BulkRevokeBias", Time since last: 810618856 ns, Reaching safepoint: 262700 ns, At safepoint: 487600 ns, Total: 750300 ns
[2020-03-27T07:59:41.834+0000][1][safepoint    ] Safepoint "Cleanup", Time since last: 1001103245 ns, Reaching safepoint: 607300 ns, At safepoint: 93700 ns, Total: 701000 ns
[2020-03-27T07:59:42.836+0000][1][safepoint    ] Safepoint "Cleanup", Time since last: 1002027045 ns, Reaching safepoint: 330400 ns, At safepoint: 79000 ns, Total: 409400 ns
[2020-03-27T07:59:43.735+0000][1][safepoint    ] Safepoint "RevokeBias", Time since last: 898345850 ns, Reaching safepoint: 212700 ns, At safepoint: 20400 ns, Total: 233100 ns
[2020-03-27T07:59:43.736+0000][1][safepoint    ] Safepoint "RevokeBias", Time since last: 613400 ns, Reaching safepoint: 96900 ns, At safepoint: 22700 ns, Total: 119600 ns
[2020-03-27T07:59:43.737+0000][1][safepoint    ] Safepoint "BulkRevokeBias", Time since last: 780200 ns, Reaching safepoint: 78300 ns, At safepoint: 479600 ns, Total: 557900 ns
[2020-03-27T07:59:43.739+0000][1][safepoint    ] Safepoint "RevokeBias", Time since last: 1364400 ns, Reaching safepoint: 82800 ns, At safepoint: 25600 ns, Total: 108400 ns
[2020-03-27T07:59:43.740+0000][1][safepoint    ] Safepoint "BulkRevokeBias", Time since last: 1071600 ns, Reaching safepoint: 106400 ns, At safepoint: 452500 ns, Total: 558900 ns
[2020-03-27T07:59:43.790+0000][1][safepoint    ] Safepoint "BulkRevokeBias", Time since last: 48480797 ns, Reaching safepoint: 284700 ns, At safepoint: 697900 ns, Total: 982600 ns
[2020-03-27T07:59:43.898+0000][1][safepoint    ] Safepoint "RevokeBias", Time since last: 107267094 ns, Reaching safepoint: 724300 ns, At safepoint: 148600 ns, Total: 872900 ns
[2020-03-27T07:59:43.925+0000][1][gc,start     ] GC(51) Pause Young (Allocation Failure)
[2020-03-27T07:59:43.925+0000][1][gc,task      ] GC(51) Using 2 workers of 2 for evacuation
[2020-03-27T07:59:43.942+0000][1][gc,age       ] GC(51) Desired survivor size 8716288 bytes, new threshold 6 (max threshold 6)
[2020-03-27T07:59:43.943+0000][1][gc,age       ] GC(51) Age table with threshold 6 (max threshold 6)
[2020-03-27T07:59:43.943+0000][1][gc,age       ] GC(51) - age   1:    5859816 bytes,    5859816 total
[2020-03-27T07:59:43.944+0000][1][gc,heap      ] GC(51) ParNew: 149197K->9722K(153344K)
[2020-03-27T07:59:43.944+0000][1][gc,heap      ] GC(51) CMS: 102787K->103554K(353920K)
[2020-03-27T07:59:43.944+0000][1][gc,metaspace ] GC(51) Metaspace: 95074K->95074K(1136640K)
[2020-03-27T07:59:43.945+0000][1][gc           ] GC(51) Pause Young (Allocation Failure) 246M->110M(495M) 20.269ms
[2020-03-27T07:59:43.946+0000][1][gc,cpu       ] GC(51) User=0.00s Sys=0.01s Real=0.03s
[2020-03-27T07:59:43.946+0000][1][safepoint    ] Safepoint "GenCollectForAllocation", Time since last: 26668199 ns, Reaching safepoint: 378600 ns, At safepoint: 21129399 ns, Total: 21507999 ns
[2020-03-27T07:59:44.082+0000][1][safepoint    ] Safepoint "RevokeBias", Time since last: 136179992 ns, Reaching safepoint: 218500 ns, At safepoint: 18600 ns, Total: 237100 ns
[2020-03-27T07:59:45.083+0000][1][safepoint    ] Safepoint "Cleanup", Time since last: 1000605245 ns, Reaching safepoint: 130600 ns, At safepoint: 22700 ns, Total: 153300 ns
[2020-03-27T07:59:45.233+0000][1][safepoint    ] Safepoint "RevokeBias", Time since last: 149861792 ns, Reaching safepoint: 184600 ns, At safepoint: 35100 ns, Total: 219700 ns
[2020-03-27T07:59:45.234+0000][1][safepoint    ] Safepoint "RevokeBias", Time since last: 507000 ns, Reaching safepoint: 127600 ns, At safepoint: 14400 ns, Total: 142000 ns
[2020-03-27T07:59:45.235+0000][1][safepoint    ] Safepoint "RevokeBias", Time since last: 1217300 ns, Reaching safepoint: 83700 ns, At safepoint: 22400 ns, Total: 106100 ns
[2020-03-27T07:59:45.236+0000][1][safepoint    ] Safepoint "RevokeBias", Time since last: 1085900 ns, Reaching safepoint: 63600 ns, At safepoint: 11400 ns, Total: 75000 ns
[2020-03-27T07:59:45.288+0000][1][safepoint    ] Safepoint "RevokeBias", Time since last: 51412197 ns, Reaching safepoint: 212700 ns, At safepoint: 31300 ns, Total: 244000 ns
[2020-03-27T07:59:46.289+0000][1][safepoint    ] Safepoint "Cleanup", Time since last: 1001255784 ns, Reaching safepoint: 132000 ns, At safepoint: 22600 ns, Total: 154600 ns
[2020-03-27T07:59:47.291+0000][1][safepoint    ] Safepoint "Cleanup", Time since last: 1001177400 ns, Reaching safepoint: 336800 ns, At safepoint: 86600 ns, Total: 423400 ns
[2020-03-27T07:59:48.052+0000][1][safepoint    ] Safepoint "RevokeBias", Time since last: 761224999 ns, Reaching safepoint: 101200 ns, At safepoint: 25100 ns, Total: 126300 ns
[2020-03-27T07:59:48.479+0000][1][safepoint    ] Safepoint "RevokeBias", Time since last: 426801800 ns, Reaching safepoint: 208700 ns, At safepoint: 16000 ns, Total: 224700 ns
[2020-03-27T07:59:48.480+0000][1][safepoint    ] Safepoint "RevokeBias", Time since last: 316600 ns, Reaching safepoint: 56600 ns, At safepoint: 28000 ns, Total: 84600 ns
[2020-03-27T07:59:48.480+0000][1][safepoint    ] Safepoint "RevokeBias", Time since last: 320000 ns, Reaching safepoint: 75500 ns, At safepoint: 19300 ns, Total: 94800 ns
[2020-03-27T07:59:48.495+0000][1][safepoint    ] Safepoint "RevokeBias", Time since last: 14387400 ns, Reaching safepoint: 101000 ns, At safepoint: 25800 ns, Total: 126800 ns
[2020-03-27T07:59:48.495+0000][1][safepoint    ] Safepoint "RevokeBias", Time since last: 668800 ns, Reaching safepoint: 77000 ns, At safepoint: 21800 ns, Total: 98800 ns
[2020-03-27T07:59:48.502+0000][1][safepoint    ] Safepoint "RevokeBias", Time since last: 6736700 ns, Reaching safepoint: 129100 ns, At safepoint: 30000 ns, Total: 159100 ns
[2020-03-27T07:59:48.529+0000][1][safepoint    ] Safepoint "RevokeBias", Time since last: 26345700 ns, Reaching safepoint: 139300 ns, At safepoint: 16500 ns, Total: 155800 ns
[2020-03-27T07:59:48.530+0000][1][safepoint    ] Safepoint "RevokeBias", Time since last: 656700 ns, Reaching safepoint: 73000 ns, At safepoint: 21400 ns, Total: 94400 ns
[2020-03-27T07:59:48.958+0000][1][gc,start     ] GC(52) Pause Young (Allocation Failure)
[2020-03-27T07:59:48.959+0000][1][gc,task      ] GC(52) Using 2 workers of 2 for evacuation
[2020-03-27T07:59:48.966+0000][1][gc,age       ] GC(52) Desired survivor size 8716288 bytes, new threshold 6 (max threshold 6)
[2020-03-27T07:59:48.966+0000][1][gc,age       ] GC(52) Age table with threshold 6 (max threshold 6)
[2020-03-27T07:59:48.967+0000][1][gc,age       ] GC(52) - age   1:    4711624 bytes,    4711624 total
[2020-03-27T07:59:48.967+0000][1][gc,age       ] GC(52) - age   2:    1433160 bytes,    6144784 total
[2020-03-27T07:59:48.967+0000][1][gc,heap      ] GC(52) ParNew: 146042K->9153K(153344K)
[2020-03-27T07:59:48.968+0000][1][gc,heap      ] GC(52) CMS: 103554K->103554K(353920K)
[2020-03-27T07:59:48.968+0000][1][gc,metaspace ] GC(52) Metaspace: 95158K->95158K(1136640K)
[2020-03-27T07:59:48.968+0000][1][gc           ] GC(52) Pause Young (Allocation Failure) 243M->110M(495M) 10.422ms
[2020-03-27T07:59:48.969+0000][1][gc,cpu       ] GC(52) User=0.01s Sys=0.00s Real=0.01s
[2020-03-27T07:59:48.969+0000][1][safepoint    ] Safepoint "GenCollectForAllocation", Time since last: 428129699 ns, Reaching safepoint: 177300 ns, At safepoint: 11245300 ns, Total: 11422600 ns
[2020-03-27T07:59:48.979+0000][1][safepoint    ] Safepoint "RevokeBias", Time since last: 9214200 ns, Reaching safepoint: 248700 ns, At safepoint: 60000 ns, Total: 308700 ns
[2020-03-27T07:59:48.980+0000][1][safepoint    ] Safepoint "RevokeBias", Time since last: 1264800 ns, Reaching safepoint: 99800 ns, At safepoint: 19000 ns, Total: 118800 ns
[2020-03-27T07:59:48.981+0000][1][safepoint    ] Safepoint "RevokeBias", Time since last: 1237300 ns, Reaching safepoint: 96100 ns, At safepoint: 25700 ns, Total: 121800 ns
[2020-03-27T07:59:48.983+0000][1][safepoint    ] Safepoint "RevokeBias", Time since last: 1216500 ns, Reaching safepoint: 108100 ns, At safepoint: 14800 ns, Total: 122900 ns
[2020-03-27T07:59:49.030+0000][1][safepoint    ] Safepoint "RevokeBias", Time since last: 47134600 ns, Reaching safepoint: 118400 ns, At safepoint: 31100 ns, Total: 149500 ns
[2020-03-27T07:59:50.032+0000][1][safepoint    ] Safepoint "Cleanup", Time since last: 1001694700 ns, Reaching safepoint: 403900 ns, At safepoint: 76500 ns, Total: 480400 ns
[2020-03-27T07:59:50.857+0000][1][safepoint    ] Safepoint "RevokeBias", Time since last: 824661399 ns, Reaching safepoint: 306000 ns, At safepoint: 26100 ns, Total: 332100 ns
[2020-03-27T07:59:51.157+0000][1][safepoint    ] Safepoint "RevokeBias", Time since last: 299764600 ns, Reaching safepoint: 189200 ns, At safepoint: 20200 ns, Total: 209400 ns
[2020-03-27T07:59:51.158+0000][1][safepoint    ] Safepoint "RevokeBias", Time since last: 1139000 ns, Reaching safepoint: 88400 ns, At safepoint: 24500 ns, Total: 112900 ns
[2020-03-27T07:59:51.160+0000][1][safepoint    ] Safepoint "RevokeBias", Time since last: 1606700 ns, Reaching safepoint: 65000 ns, At safepoint: 11900 ns, Total: 76900 ns
[2020-03-27T07:59:51.161+0000][1][safepoint    ] Safepoint "RevokeBias", Time since last: 994700 ns, Reaching safepoint: 60500 ns, At safepoint: 13900 ns, Total: 74400 ns
[2020-03-27T07:59:51.208+0000][1][safepoint    ] Safepoint "RevokeBias", Time since last: 47102100 ns, Reaching safepoint: 107300 ns, At safepoint: 20400 ns, Total: 127700 ns
[2020-03-27T07:59:52.209+0000][1][safepoint    ] Safepoint "Cleanup", Time since last: 1000578899 ns, Reaching safepoint: 130400 ns, At safepoint: 23000 ns, Total: 153400 ns
[2020-03-27T07:59:53.210+0000][1][safepoint    ] Safepoint "Cleanup", Time since last: 1000832000 ns, Reaching safepoint: 340800 ns, At safepoint: 97400 ns, Total: 438200 ns
[2020-03-27T07:59:54.213+0000][1][safepoint    ] Safepoint "Cleanup", Time since last: 1002032199 ns, Reaching safepoint: 163201 ns, At safepoint: 23600 ns, Total: 186801 ns
[2020-03-27T07:59:55.214+0000][1][safepoint    ] Safepoint "Cleanup", Time since last: 1001024620 ns, Reaching safepoint: 340000 ns, At safepoint: 93500 ns, Total: 433500 ns
[2020-03-27T07:59:56.217+0000][1][safepoint    ] Safepoint "Cleanup", Time since last: 1002309921 ns, Reaching safepoint: 148100 ns, At safepoint: 30600 ns, Total: 178700 ns
[2020-03-27T07:59:57.218+0000][1][safepoint    ] Safepoint "Cleanup", Time since last: 1001138820 ns, Reaching safepoint: 336400 ns, At safepoint: 167600 ns, Total: 504000 ns
[2020-03-27T07:59:58.064+0000][1][safepoint    ] Safepoint "RevokeBias", Time since last: 844998271 ns, Reaching safepoint: 251200 ns, At safepoint: 35400 ns, Total: 286600 ns
[2020-03-27T07:59:58.124+0000][1][gc,start     ] GC(53) Pause Young (Allocation Failure)
[2020-03-27T07:59:58.124+0000][1][gc,task      ] GC(53) Using 2 workers of 2 for evacuation
[2020-03-27T07:59:58.132+0000][1][gc,age       ] GC(53) Desired survivor size 8716288 bytes, new threshold 1 (max threshold 6)
[2020-03-27T07:59:58.132+0000][1][gc,age       ] GC(53) Age table with threshold 1 (max threshold 6)
[2020-03-27T07:59:58.136+0000][1][gc,age       ] GC(53) - age   1:    9054520 bytes,    9054520 total
[2020-03-27T07:59:58.138+0000][1][gc,age       ] GC(53) - age   2:     455808 bytes,    9510328 total
[2020-03-27T07:59:58.140+0000][1][gc,age       ] GC(53) - age   3:     980144 bytes,   10490472 total
[2020-03-27T07:59:58.142+0000][1][gc,heap      ] GC(53) ParNew: 145339K->14111K(153344K)
[2020-03-27T07:59:58.144+0000][1][gc,heap      ] GC(53) CMS: 103554K->103554K(353920K)
[2020-03-27T07:59:58.145+0000][1][gc,metaspace ] GC(53) Metaspace: 95203K->95203K(1136640K)
[2020-03-27T07:59:58.147+0000][1][gc           ] GC(53) Pause Young (Allocation Failure) 243M->114M(495M) 23.616ms
[2020-03-27T07:59:58.149+0000][1][gc,cpu       ] GC(53) User=0.01s Sys=0.00s Real=0.03s
[2020-03-27T07:59:58.150+0000][1][safepoint    ] Safepoint "GenCollectForAllocation", Time since last: 59560819 ns, Reaching safepoint: 288800 ns, At safepoint: 26811309 ns, Total: 27100109 ns
[2020-03-27T07:59:58.179+0000][1][safepoint    ] Safepoint "RevokeBias", Time since last: 28349909 ns, Reaching safepoint: 139800 ns, At safepoint: 25900 ns, Total: 165700 ns
[2020-03-27T07:59:58.180+0000][1][safepoint    ] Safepoint "RevokeBias", Time since last: 760000 ns, Reaching safepoint: 89900 ns, At safepoint: 14800 ns, Total: 104700 ns
[2020-03-27T07:59:58.181+0000][1][safepoint    ] Safepoint "RevokeBias", Time since last: 1395200 ns, Reaching safepoint: 66400 ns, At safepoint: 14500 ns, Total: 80900 ns
[2020-03-27T07:59:58.182+0000][1][safepoint    ] Safepoint "RevokeBias", Time since last: 925901 ns, Reaching safepoint: 59900 ns, At safepoint: 21900 ns, Total: 81800 ns
[2020-03-27T07:59:58.230+0000][1][safepoint    ] Safepoint "RevokeBias", Time since last: 47844615 ns, Reaching safepoint: 94300 ns, At safepoint: 24800 ns, Total: 119100 ns
[2020-03-27T07:59:59.231+0000][1][safepoint    ] Safepoint "Cleanup", Time since last: 1000475320 ns, Reaching safepoint: 382200 ns, At safepoint: 82600 ns, Total: 464800 ns
[2020-03-27T08:00:00.233+0000][1][safepoint    ] Safepoint "Cleanup", Time since last: 1002372621 ns, Reaching safepoint: 120200 ns, At safepoint: 23700 ns, Total: 143900 ns
[2020-03-27T08:00:00.885+0000][1][safepoint    ] Safepoint "RevokeBias", Time since last: 648078608 ns, Reaching safepoint: 3438801 ns, At safepoint: 156900 ns, Total: 3595701 ns
[2020-03-27T08:00:01.336+0000][1][safepoint    ] Safepoint "RevokeBias", Time since last: 450590644 ns, Reaching safepoint: 224200 ns, At safepoint: 38500 ns, Total: 262700 ns
[2020-03-27T08:00:01.337+0000][1][safepoint    ] Safepoint "RevokeBias", Time since last: 664600 ns, Reaching safepoint: 102100 ns, At safepoint: 22800 ns, Total: 124900 ns
[2020-03-27T08:00:01.338+0000][1][safepoint    ] Safepoint "RevokeBias", Time since last: 1358501 ns, Reaching safepoint: 72800 ns, At safepoint: 21100 ns, Total: 93900 ns
[2020-03-27T08:00:01.340+0000][1][safepoint    ] Safepoint "RevokeBias", Time since last: 1351600 ns, Reaching safepoint: 58300 ns, At safepoint: 45000 ns, Total: 103300 ns
[2020-03-27T08:00:01.386+0000][1][safepoint    ] Safepoint "RevokeBias", Time since last: 45752015 ns, Reaching safepoint: 107700 ns, At safepoint: 17400 ns, Total: 125100 ns
[2020-03-27T08:00:02.387+0000][1][safepoint    ] Safepoint "Cleanup", Time since last: 1000987833 ns, Reaching safepoint: 252900 ns, At safepoint: 39400 ns, Total: 292300 ns
[2020-03-27T08:00:03.388+0000][1][safepoint    ] Safepoint "Cleanup", Time since last: 1001396774 ns, Reaching safepoint: 176100 ns, At safepoint: 39600 ns, Total: 215700 ns
[2020-03-27T08:00:04.390+0000][1][safepoint    ] Safepoint "Cleanup", Time since last: 1001548675 ns, Reaching safepoint: 145800 ns, At safepoint: 28800 ns, Total: 174600 ns
[2020-03-27T08:00:05.392+0000][1][safepoint    ] Safepoint "Cleanup", Time since last: 1000965374 ns, Reaching safepoint: 495000 ns, At safepoint: 79400 ns, Total: 574400 ns
[2020-03-27T08:00:06.394+0000][1][safepoint    ] Safepoint "Cleanup", Time since last: 1002032774 ns, Reaching safepoint: 338800 ns, At safepoint: 89800 ns, Total: 428600 ns
[2020-03-27T08:00:07.397+0000][1][safepoint    ] Safepoint "Cleanup", Time since last: 1002375475 ns, Reaching safepoint: 131500 ns, At safepoint: 27400 ns, Total: 158900 ns
[2020-03-27T08:00:07.999+0000][1][safepoint    ] Safepoint "RevokeBias", Time since last: 602398384 ns, Reaching safepoint: 226800 ns, At safepoint: 13800 ns, Total: 240600 ns
[2020-03-27T08:00:08.331+0000][1][gc,start     ] GC(54) Pause Young (Allocation Failure)
[2020-03-27T08:00:08.332+0000][1][gc,task      ] GC(54) Using 2 workers of 2 for evacuation
[2020-03-27T08:00:08.374+0000][1][gc,age       ] GC(54) Desired survivor size 8716288 bytes, new threshold 6 (max threshold 6)
[2020-03-27T08:00:08.374+0000][1][gc,age       ] GC(54) Age table with threshold 6 (max threshold 6)
[2020-03-27T08:00:08.375+0000][1][gc,age       ] GC(54) - age   1:    6569384 bytes,    6569384 total
[2020-03-27T08:00:08.375+0000][1][gc,heap      ] GC(54) ParNew: 150431K->13641K(153344K)
[2020-03-27T08:00:08.376+0000][1][gc,heap      ] GC(54) CMS: 103554K->105555K(353920K)
[2020-03-27T08:00:08.376+0000][1][gc,metaspace ] GC(54) Metaspace: 95228K->95228K(1136640K)
[2020-03-27T08:00:08.376+0000][1][gc           ] GC(54) Pause Young (Allocation Failure) 248M->116M(495M) 45.265ms
[2020-03-27T08:00:08.377+0000][1][gc,cpu       ] GC(54) User=0.01s Sys=0.00s Real=0.05s
[2020-03-27T08:00:08.377+0000][1][safepoint    ] Safepoint "GenCollectForAllocation", Time since last: 331558292 ns, Reaching safepoint: 204400 ns, At safepoint: 46094798 ns, Total: 46299198 ns
[2020-03-27T08:00:08.387+0000][1][safepoint    ] Safepoint "RevokeBias", Time since last: 9903800 ns, Reaching safepoint: 129800 ns, At safepoint: 17300 ns, Total: 147100 ns
[2020-03-27T08:00:08.388+0000][1][safepoint    ] Safepoint "RevokeBias", Time since last: 1056000 ns, Reaching safepoint: 84200 ns, At safepoint: 21600 ns, Total: 105800 ns
[2020-03-27T08:00:08.390+0000][1][safepoint    ] Safepoint "RevokeBias", Time since last: 1279400 ns, Reaching safepoint: 84400 ns, At safepoint: 13200 ns, Total: 97600 ns
[2020-03-27T08:00:08.391+0000][1][safepoint    ] Safepoint "RevokeBias", Time since last: 989800 ns, Reaching safepoint: 57500 ns, At safepoint: 224600 ns, Total: 282100 ns
[2020-03-27T08:00:08.434+0000][1][safepoint    ] Safepoint "RevokeBias", Time since last: 42444499 ns, Reaching safepoint: 124100 ns, At safepoint: 19600 ns, Total: 143700 ns
[2020-03-27T08:00:09.450+0000][1][safepoint    ] Safepoint "Cleanup", Time since last: 1016464274 ns, Reaching safepoint: 119900 ns, At safepoint: 14600 ns, Total: 134500 ns
[2020-03-27T08:00:10.451+0000][1][safepoint    ] Safepoint "Cleanup", Time since last: 1000603192 ns, Reaching safepoint: 181400 ns, At safepoint: 8800 ns, Total: 190200 ns
[2020-03-27T08:00:10.884+0000][1][safepoint    ] Safepoint "RevokeBias", Time since last: 432369799 ns, Reaching safepoint: 173000 ns, At safepoint: 34600 ns, Total: 207600 ns
[2020-03-27T08:00:11.553+0000][1][safepoint    ] Safepoint "RevokeBias", Time since last: 668856398 ns, Reaching safepoint: 261300 ns, At safepoint: 33900 ns, Total: 295200 ns
[2020-03-27T08:00:11.554+0000][1][safepoint    ] Safepoint "RevokeBias", Time since last: 803900 ns, Reaching safepoint: 85700 ns, At safepoint: 21100 ns, Total: 106800 ns
[2020-03-27T08:00:11.555+0000][1][safepoint    ] Safepoint "RevokeBias", Time since last: 1585900 ns, Reaching safepoint: 92700 ns, At safepoint: 21500 ns, Total: 114200 ns
[2020-03-27T08:00:11.557+0000][1][safepoint    ] Safepoint "RevokeBias", Time since last: 1086300 ns, Reaching safepoint: 79700 ns, At safepoint: 22000 ns, Total: 101700 ns
[2020-03-27T08:00:11.612+0000][1][safepoint    ] Safepoint "RevokeBias", Time since last: 54754799 ns, Reaching safepoint: 266200 ns, At safepoint: 24800 ns, Total: 291000 ns
[2020-03-27T08:00:11.640+0000][1][safepoint    ] Safepoint "BulkRevokeBias", Time since last: 27296400 ns, Reaching safepoint: 236100 ns, At safepoint: 485200 ns, Total: 721300 ns
[2020-03-27T08:00:12.641+0000][1][safepoint    ] Safepoint "Cleanup", Time since last: 1001191497 ns, Reaching safepoint: 335400 ns, At safepoint: 26300 ns, Total: 361700 ns
[2020-03-27T08:00:13.644+0000][1][safepoint    ] Safepoint "Cleanup", Time since last: 1002112896 ns, Reaching safepoint: 424100 ns, At safepoint: 32100 ns, Total: 456200 ns
[2020-03-27T08:00:14.647+0000][1][safepoint    ] Safepoint "Cleanup", Time since last: 1002458997 ns, Reaching safepoint: 424500 ns, At safepoint: 84600 ns, Total: 509100 ns
[2020-03-27T08:00:15.650+0000][1][safepoint    ] Safepoint "Cleanup", Time since last: 1002333697 ns, Reaching safepoint: 554400 ns, At safepoint: 84500 ns, Total: 638900 ns
[2020-03-27T08:00:16.652+0000][1][safepoint    ] Safepoint "Cleanup", Time since last: 1002117196 ns, Reaching safepoint: 335300 ns, At safepoint: 88600 ns, Total: 423900 ns
[2020-03-27T08:00:17.655+0000][1][safepoint    ] Safepoint "Cleanup", Time since last: 1002188197 ns, Reaching safepoint: 453600 ns, At safepoint: 89000 ns, Total: 542600 ns
[2020-03-27T08:00:18.019+0000][1][safepoint    ] Safepoint "RevokeBias", Time since last: 364032842 ns, Reaching safepoint: 99300 ns, At safepoint: 24600 ns, Total: 123900 ns
[2020-03-27T08:00:19.021+0000][1][safepoint    ] Safepoint "Cleanup", Time since last: 1001206414 ns, Reaching safepoint: 542600 ns, At safepoint: 80700 ns, Total: 623300 ns
[2020-03-27T08:00:20.023+0000][1][safepoint    ] Safepoint "Cleanup", Time since last: 1002233215 ns, Reaching safepoint: 146500 ns, At safepoint: 26300 ns, Total: 172800 ns
[2020-03-27T08:00:20.880+0000][1][safepoint    ] Safepoint "RevokeBias", Time since last: 856554298 ns, Reaching safepoint: 193000 ns, At safepoint: 47200 ns, Total: 240200 ns
[2020-03-27T08:00:21.882+0000][1][safepoint    ] Safepoint "Cleanup", Time since last: 1000875414 ns, Reaching safepoint: 380700 ns, At safepoint: 170200 ns, Total: 550900 ns
[2020-03-27T08:00:22.884+0000][1][safepoint    ] Safepoint "Cleanup", Time since last: 1002287115 ns, Reaching safepoint: 334900 ns, At safepoint: 81200 ns, Total: 416100 ns
[2020-03-27T08:00:23.887+0000][1][safepoint    ] Safepoint "Cleanup", Time since last: 1002335814 ns, Reaching safepoint: 338000 ns, At safepoint: 113000 ns, Total: 451000 ns
[2020-03-27T08:00:24.890+0000][1][safepoint    ] Safepoint "Cleanup", Time since last: 1002347115 ns, Reaching safepoint: 153600 ns, At safepoint: 20800 ns, Total: 174400 ns
[2020-03-27T08:00:25.891+0000][1][safepoint    ] Safepoint "Cleanup", Time since last: 1000791887 ns, Reaching safepoint: 480300 ns, At safepoint: 83100 ns, Total: 563400 ns
[2020-03-27T08:00:26.893+0000][1][safepoint    ] Safepoint "Cleanup", Time since last: 1001922992 ns, Reaching safepoint: 338300 ns, At safepoint: 84400 ns, Total: 422700 ns
[2020-03-27T08:00:27.896+0000][1][safepoint    ] Safepoint "Cleanup", Time since last: 1001951292 ns, Reaching safepoint: 530900 ns, At safepoint: 27400 ns, Total: 558300 ns
[2020-03-27T08:00:27.987+0000][1][gc,start     ] GC(55) Pause Young (Allocation Failure)
[2020-03-27T08:00:27.988+0000][1][gc,task      ] GC(55) Using 2 workers of 2 for evacuation
[2020-03-27T08:00:27.996+0000][1][gc,age       ] GC(55) Desired survivor size 8716288 bytes, new threshold 1 (max threshold 6)
[2020-03-27T08:00:27.996+0000][1][gc,age       ] GC(55) Age table with threshold 1 (max threshold 6)
[2020-03-27T08:00:27.997+0000][1][gc,age       ] GC(55) - age   1:   14285160 bytes,   14285160 total
[2020-03-27T08:00:28.000+0000][1][gc,age       ] GC(55) - age   2:     564344 bytes,   14849504 total
[2020-03-27T08:00:28.000+0000][1][gc,heap      ] GC(55) ParNew: 149961K->17024K(153344K)
[2020-03-27T08:00:28.001+0000][1][gc,heap      ] GC(55) CMS: 105555K->105555K(353920K)
[2020-03-27T08:00:28.002+0000][1][gc,metaspace ] GC(55) Metaspace: 95260K->95260K(1136640K)
[2020-03-27T08:00:28.004+0000][1][gc           ] GC(55) Pause Young (Allocation Failure) 249M->119M(495M) 16.722ms
[2020-03-27T08:00:28.005+0000][1][gc,cpu       ] GC(55) User=0.01s Sys=0.00s Real=0.01s
[2020-03-27T08:00:28.005+0000][1][safepoint    ] Safepoint "GenCollectForAllocation", Time since last: 91245000 ns, Reaching safepoint: 107300 ns, At safepoint: 17932199 ns, Total: 18039499 ns
[2020-03-27T08:00:28.051+0000][1][safepoint    ] Safepoint "RevokeBias", Time since last: 46223400 ns, Reaching safepoint: 100800 ns, At safepoint: 23500 ns, Total: 124300 ns
[2020-03-27T08:00:29.053+0000][1][safepoint    ] Safepoint "Cleanup", Time since last: 1000966292 ns, Reaching safepoint: 432600 ns, At safepoint: 89500 ns, Total: 522100 ns
[2020-03-27T08:00:30.055+0000][1][safepoint    ] Safepoint "Cleanup", Time since last: 1002072793 ns, Reaching safepoint: 393700 ns, At safepoint: 76500 ns, Total: 470200 ns
[2020-03-27T08:00:30.886+0000][1][safepoint    ] Safepoint "RevokeBias", Time since last: 829814393 ns, Reaching safepoint: 227000 ns, At safepoint: 23800 ns, Total: 250800 ns
[2020-03-27T08:00:31.887+0000][1][safepoint    ] Safepoint "Cleanup", Time since last: 1000857592 ns, Reaching safepoint: 430300 ns, At safepoint: 85400 ns, Total: 515700 ns
[2020-03-27T08:00:32.889+0000][1][safepoint    ] Safepoint "Cleanup", Time since last: 1001748092 ns, Reaching safepoint: 384700 ns, At safepoint: 78300 ns, Total: 463000 ns
[2020-03-27T08:00:33.891+0000][1][safepoint    ] Safepoint "Cleanup", Time since last: 1001856193 ns, Reaching safepoint: 337100 ns, At safepoint: 87600 ns, Total: 424700 ns
[2020-03-27T08:00:34.894+0000][1][safepoint    ] Safepoint "Cleanup", Time since last: 1002237094 ns, Reaching safepoint: 103600 ns, At safepoint: 20700 ns, Total: 124300 ns
[2020-03-27T08:00:35.895+0000][1][safepoint    ] Safepoint "Cleanup", Time since last: 1001157593 ns, Reaching safepoint: 379300 ns, At safepoint: 85600 ns, Total: 464900 ns
[2020-03-27T08:00:36.899+0000][1][safepoint    ] Safepoint "Cleanup", Time since last: 1002622194 ns, Reaching safepoint: 440900 ns, At safepoint: 148400 ns, Total: 589300 ns
[2020-03-27T08:00:37.901+0000][1][safepoint    ] Safepoint "Cleanup", Time since last: 1002088093 ns, Reaching safepoint: 337300 ns, At safepoint: 85700 ns, Total: 423000 ns
[2020-03-27T08:00:37.997+0000][1][safepoint    ] Safepoint "RevokeBias", Time since last: 95825000 ns, Reaching safepoint: 226900 ns, At safepoint: 24000 ns, Total: 250900 ns
[2020-03-27T08:00:38.999+0000][1][safepoint    ] Safepoint "Cleanup", Time since last: 1000997693 ns, Reaching safepoint: 519800 ns, At safepoint: 31400 ns, Total: 551200 ns
[2020-03-27T08:00:40.001+0000][1][safepoint    ] Safepoint "Cleanup", Time since last: 1001806194 ns, Reaching safepoint: 335700 ns, At safepoint: 101300 ns, Total: 437000 ns
[2020-03-27T08:00:40.902+0000][1][safepoint    ] Safepoint "RevokeBias", Time since last: 900698494 ns, Reaching safepoint: 228100 ns, At safepoint: 30200 ns, Total: 258300 ns
[2020-03-27T08:00:41.904+0000][1][safepoint    ] Safepoint "Cleanup", Time since last: 1001086495 ns, Reaching safepoint: 432600 ns, At safepoint: 176100 ns, Total: 608700 ns
[2020-03-27T08:00:42.906+0000][1][safepoint    ] Safepoint "Cleanup", Time since last: 1002036398 ns, Reaching safepoint: 99300 ns, At safepoint: 17800 ns, Total: 117100 ns
[2020-03-27T08:00:43.713+0000][1][safepoint    ] Safepoint "RevokeBias", Time since last: 806908599 ns, Reaching safepoint: 322000 ns, At safepoint: 62400 ns, Total: 384400 ns
[2020-03-27T08:00:43.714+0000][1][safepoint    ] Safepoint "RevokeBias", Time since last: 886200 ns, Reaching safepoint: 83000 ns, At safepoint: 23800 ns, Total: 106800 ns
[2020-03-27T08:00:43.716+0000][1][safepoint    ] Safepoint "RevokeBias", Time since last: 1884000 ns, Reaching safepoint: 147100 ns, At safepoint: 17800 ns, Total: 164900 ns
[2020-03-27T08:00:43.717+0000][1][safepoint    ] Safepoint "RevokeBias", Time since last: 1051500 ns, Reaching safepoint: 92600 ns, At safepoint: 14600 ns, Total: 107200 ns
[2020-03-27T08:00:43.763+0000][1][safepoint    ] Safepoint "RevokeBias", Time since last: 45249900 ns, Reaching safepoint: 138500 ns, At safepoint: 17400 ns, Total: 155900 ns
[2020-03-27T08:00:43.820+0000][1][gc,start     ] GC(56) Pause Young (Allocation Failure)
[2020-03-27T08:00:43.821+0000][1][gc,task      ] GC(56) Using 2 workers of 2 for evacuation
[2020-03-27T08:00:43.974+0000][1][gc,age       ] GC(56) Desired survivor size 8716288 bytes, new threshold 6 (max threshold 6)
[2020-03-27T08:00:43.975+0000][1][gc,age       ] GC(56) Age table with threshold 6 (max threshold 6)
[2020-03-27T08:00:43.976+0000][1][gc,age       ] GC(56) - age   1:    1747568 bytes,    1747568 total
[2020-03-27T08:00:43.976+0000][1][gc,heap      ] GC(56) ParNew: 152878K->12021K(153344K)
[2020-03-27T08:00:43.976+0000][1][gc,heap      ] GC(56) CMS: 105555K->116225K(353920K)
[2020-03-27T08:00:43.977+0000][1][gc,metaspace ] GC(56) Metaspace: 95371K->95371K(1136640K)
[2020-03-27T08:00:43.977+0000][1][gc           ] GC(56) Pause Young (Allocation Failure) 252M->125M(495M) 157.180ms
[2020-03-27T08:00:43.978+0000][1][gc,cpu       ] GC(56) User=0.04s Sys=0.03s Real=0.16s
[2020-03-27T08:00:43.978+0000][1][safepoint    ] Safepoint "GenCollectForAllocation", Time since last: 57168500 ns, Reaching safepoint: 158200 ns, At safepoint: 158257299 ns, Total: 158415499 ns
[2020-03-27T08:00:43.987+0000][1][safepoint    ] Safepoint "RevokeBias", Time since last: 8848000 ns, Reaching safepoint: 97900 ns, At safepoint: 16200 ns, Total: 114100 ns
[2020-03-27T08:00:43.988+0000][1][safepoint    ] Safepoint "RevokeBias", Time since last: 726000 ns, Reaching safepoint: 105300 ns, At safepoint: 14100 ns, Total: 119400 ns
[2020-03-27T08:00:43.990+0000][1][safepoint    ] Safepoint "RevokeBias", Time since last: 1610900 ns, Reaching safepoint: 130000 ns, At safepoint: 20800 ns, Total: 150800 ns
[2020-03-27T08:00:43.991+0000][1][safepoint    ] Safepoint "RevokeBias", Time since last: 937100 ns, Reaching safepoint: 75000 ns, At safepoint: 12700 ns, Total: 87700 ns
[2020-03-27T08:00:44.039+0000][1][safepoint    ] Safepoint "RevokeBias", Time since last: 48189600 ns, Reaching safepoint: 115800 ns, At safepoint: 22000 ns, Total: 137800 ns
[2020-03-27T08:00:44.550+0000][1][safepoint    ] Safepoint "RevokeBias", Time since last: 510943500 ns, Reaching safepoint: 103600 ns, At safepoint: 26000 ns, Total: 129600 ns
[2020-03-27T08:00:44.551+0000][1][safepoint    ] Safepoint "RevokeBias", Time since last: 720500 ns, Reaching safepoint: 260500 ns, At safepoint: 80700 ns, Total: 341200 ns
[2020-03-27T08:00:44.552+0000][1][safepoint    ] Safepoint "RevokeBias", Time since last: 683500 ns, Reaching safepoint: 83500 ns, At safepoint: 20400 ns, Total: 103900 ns
[2020-03-27T08:00:44.553+0000][1][safepoint    ] Safepoint "RevokeBias", Time since last: 1044500 ns, Reaching safepoint: 58300 ns, At safepoint: 21900 ns, Total: 80200 ns
[2020-03-27T08:00:44.554+0000][1][safepoint    ] Safepoint "RevokeBias", Time since last: 630700 ns, Reaching safepoint: 59500 ns, At safepoint: 13100 ns, Total: 72600 ns
[2020-03-27T08:00:44.598+0000][1][safepoint    ] Safepoint "RevokeBias", Time since last: 44308999 ns, Reaching safepoint: 115100 ns, At safepoint: 28500 ns, Total: 143600 ns
[2020-03-27T08:00:44.696+0000][1][safepoint    ] Safepoint "RevokeBias", Time since last: 96907800 ns, Reaching safepoint: 232100 ns, At safepoint: 30400 ns, Total: 262500 ns
[2020-03-27T08:00:44.723+0000][1][safepoint    ] Safepoint "RevokeBias", Time since last: 27071500 ns, Reaching safepoint: 314000 ns, At safepoint: 110000 ns, Total: 424000 ns
[2020-03-27T08:00:44.914+0000][1][safepoint    ] Safepoint "RevokeBias", Time since last: 190778800 ns, Reaching safepoint: 135200 ns, At safepoint: 17200 ns, Total: 152400 ns
[2020-03-27T08:00:44.914+0000][1][safepoint    ] Safepoint "RevokeBias", Time since last: 274400 ns, Reaching safepoint: 82000 ns, At safepoint: 20500 ns, Total: 102500 ns
[2020-03-27T08:00:44.915+0000][1][safepoint    ] Safepoint "RevokeBias", Time since last: 425500 ns, Reaching safepoint: 54500 ns, At safepoint: 21300 ns, Total: 75800 ns
[2020-03-27T08:00:44.915+0000][1][safepoint    ] Safepoint "RevokeBias", Time since last: 356300 ns, Reaching safepoint: 67200 ns, At safepoint: 19400 ns, Total: 86600 ns
[2020-03-27T08:00:44.916+0000][1][safepoint    ] Safepoint "RevokeBias", Time since last: 330400 ns, Reaching safepoint: 51300 ns, At safepoint: 20900 ns, Total: 72200 ns
[2020-03-27T08:00:44.916+0000][1][safepoint    ] Safepoint "RevokeBias", Time since last: 374200 ns, Reaching safepoint: 67700 ns, At safepoint: 19000 ns, Total: 86700 ns
[2020-03-27T08:00:44.917+0000][1][safepoint    ] Safepoint "RevokeBias", Time since last: 271300 ns, Reaching safepoint: 71900 ns, At safepoint: 19100 ns, Total: 91000 ns
[2020-03-27T08:00:44.917+0000][1][safepoint    ] Safepoint "RevokeBias", Time since last: 347100 ns, Reaching safepoint: 51200 ns, At safepoint: 28500 ns, Total: 79700 ns
[2020-03-27T08:00:44.917+0000][1][safepoint    ] Safepoint "RevokeBias", Time since last: 355800 ns, Reaching safepoint: 49800 ns, At safepoint: 25800 ns, Total: 75600 ns
[2020-03-27T08:00:45.138+0000][1][gc,start     ] GC(57) Pause Young (Allocation Failure)
[2020-03-27T08:00:45.139+0000][1][gc,task      ] GC(57) Using 2 workers of 2 for evacuation
[2020-03-27T08:00:45.148+0000][1][gc,age       ] GC(57) Desired survivor size 8716288 bytes, new threshold 6 (max threshold 6)
[2020-03-27T08:00:45.149+0000][1][gc,age       ] GC(57) Age table with threshold 6 (max threshold 6)
[2020-03-27T08:00:45.149+0000][1][gc,age       ] GC(57) - age   1:    1808256 bytes,    1808256 total
[2020-03-27T08:00:45.150+0000][1][gc,age       ] GC(57) - age   2:     978432 bytes,    2786688 total
[2020-03-27T08:00:45.150+0000][1][gc,heap      ] GC(57) ParNew: 148341K->3325K(153344K)
[2020-03-27T08:00:45.151+0000][1][gc,heap      ] GC(57) CMS: 116225K->116225K(353920K)
[2020-03-27T08:00:45.152+0000][1][gc,metaspace ] GC(57) Metaspace: 95402K->95402K(1136640K)
[2020-03-27T08:00:45.152+0000][1][gc           ] GC(57) Pause Young (Allocation Failure) 258M->116M(495M) 14.370ms
[2020-03-27T08:00:45.152+0000][1][gc,cpu       ] GC(57) User=0.00s Sys=0.00s Real=0.01s
[2020-03-27T08:00:45.153+0000][1][safepoint    ] Safepoint "GenCollectForAllocation", Time since last: 219886700 ns, Reaching safepoint: 410100 ns, At safepoint: 15453700 ns, Total: 15863800 ns
[2020-03-27T08:00:45.163+0000][1][safepoint    ] Safepoint "RevokeBias", Time since last: 9606300 ns, Reaching safepoint: 118700 ns, At safepoint: 50600 ns, Total: 169300 ns
[2020-03-27T08:00:45.169+0000][1][safepoint    ] Safepoint "RevokeBias", Time since last: 5857699 ns, Reaching safepoint: 103600 ns, At safepoint: 16700 ns, Total: 120300 ns
[2020-03-27T08:00:45.174+0000][1][safepoint    ] Safepoint "RevokeBias", Time since last: 4902500 ns, Reaching safepoint: 184000 ns, At safepoint: 61700 ns, Total: 245700 ns
[2020-03-27T08:00:45.175+0000][1][safepoint    ] Safepoint "RevokeBias", Time since last: 804000 ns, Reaching safepoint: 75900 ns, At safepoint: 14800 ns, Total: 90700 ns
[2020-03-27T08:00:45.695+0000][1][safepoint    ] Safepoint "RevokeBias", Time since last: 520044300 ns, Reaching safepoint: 358800 ns, At safepoint: 94000 ns, Total: 452800 ns
[2020-03-27T08:00:45.703+0000][1][safepoint    ] Safepoint "RevokeBias", Time since last: 7385100 ns, Reaching safepoint: 285600 ns, At safepoint: 86100 ns, Total: 371700 ns
[2020-03-27T08:00:46.706+0000][1][safepoint    ] Safepoint "Cleanup", Time since last: 1002110598 ns, Reaching safepoint: 426700 ns, At safepoint: 85900 ns, Total: 512600 ns
[2020-03-27T08:00:47.709+0000][1][safepoint    ] Safepoint "Cleanup", Time since last: 1002244298 ns, Reaching safepoint: 342000 ns, At safepoint: 177800 ns, Total: 519800 ns
[2020-03-27T08:00:48.026+0000][1][safepoint    ] Safepoint "RevokeBias", Time since last: 317455600 ns, Reaching safepoint: 189600 ns, At safepoint: 26400 ns, Total: 216000 ns
[2020-03-27T08:00:48.855+0000][1][safepoint    ] Safepoint "RevokeBias", Time since last: 828789898 ns, Reaching safepoint: 190000 ns, At safepoint: 31300 ns, Total: 221300 ns
[2020-03-27T08:00:48.856+0000][1][safepoint    ] Safepoint "RevokeBias", Time since last: 830800 ns, Reaching safepoint: 69200 ns, At safepoint: 15000 ns, Total: 84200 ns
[2020-03-27T08:00:48.858+0000][1][safepoint    ] Safepoint "RevokeBias", Time since last: 1397800 ns, Reaching safepoint: 63200 ns, At safepoint: 22500 ns, Total: 85700 ns
[2020-03-27T08:00:48.859+0000][1][safepoint    ] Safepoint "RevokeBias", Time since last: 1055900 ns, Reaching safepoint: 58700 ns, At safepoint: 21700 ns, Total: 80400 ns
[2020-03-27T08:00:48.903+0000][1][safepoint    ] Safepoint "RevokeBias", Time since last: 43597100 ns, Reaching safepoint: 156800 ns, At safepoint: 29000 ns, Total: 185800 ns
[2020-03-27T08:00:49.904+0000][1][safepoint    ] Safepoint "Cleanup", Time since last: 1000582194 ns, Reaching safepoint: 257700 ns, At safepoint: 149600 ns, Total: 407300 ns
[2020-03-27T08:00:50.905+0000][1][safepoint    ] Safepoint "Cleanup", Time since last: 1001423375 ns, Reaching safepoint: 102400 ns, At safepoint: 14400 ns, Total: 116800 ns
[2020-03-27T08:00:50.921+0000][1][safepoint    ] Safepoint "RevokeBias", Time since last: 15818500 ns, Reaching safepoint: 134000 ns, At safepoint: 20300 ns, Total: 154300 ns
[2020-03-27T08:00:50.979+0000][1][gc,start     ] GC(58) Pause Young (Allocation Failure)
[2020-03-27T08:00:50.979+0000][1][gc,task      ] GC(58) Using 2 workers of 2 for evacuation
[2020-03-27T08:00:50.985+0000][1][gc,age       ] GC(58) Desired survivor size 8716288 bytes, new threshold 6 (max threshold 6)
[2020-03-27T08:00:50.986+0000][1][gc,age       ] GC(58) Age table with threshold 6 (max threshold 6)
[2020-03-27T08:00:50.986+0000][1][gc,age       ] GC(58) - age   1:    3676048 bytes,    3676048 total
[2020-03-27T08:00:50.986+0000][1][gc,age       ] GC(58) - age   2:     357360 bytes,    4033408 total
[2020-03-27T08:00:50.987+0000][1][gc,age       ] GC(58) - age   3:     357472 bytes,    4390880 total
[2020-03-27T08:00:50.987+0000][1][gc,heap      ] GC(58) ParNew: 139645K->4308K(153344K)
[2020-03-27T08:00:50.988+0000][1][gc,heap      ] GC(58) CMS: 116225K->116225K(353920K)
[2020-03-27T08:00:50.988+0000][1][gc,metaspace ] GC(58) Metaspace: 95428K->95428K(1136640K)
[2020-03-27T08:00:50.989+0000][1][gc           ] GC(58) Pause Young (Allocation Failure) 249M->117M(495M) 10.124ms
[2020-03-27T08:00:50.989+0000][1][gc,cpu       ] GC(58) User=0.01s Sys=0.00s Real=0.01s
[2020-03-27T08:00:50.990+0000][1][safepoint    ] Safepoint "GenCollectForAllocation", Time since last: 57212899 ns, Reaching safepoint: 237000 ns, At safepoint: 10976599 ns, Total: 11213599 ns
[2020-03-27T08:00:51.001+0000][1][safepoint    ] Safepoint "RevokeBias", Time since last: 10841100 ns, Reaching safepoint: 245500 ns, At safepoint: 29500 ns, Total: 275000 ns
[2020-03-27T08:00:51.001+0000][1][safepoint    ] Safepoint "RevokeBias", Time since last: 499700 ns, Reaching safepoint: 265800 ns, At safepoint: 24100 ns, Total: 289900 ns
[2020-03-27T08:00:51.003+0000][1][safepoint    ] Safepoint "RevokeBias", Time since last: 1377900 ns, Reaching safepoint: 72700 ns, At safepoint: 14500 ns, Total: 87200 ns
[2020-03-27T08:00:51.004+0000][1][safepoint    ] Safepoint "RevokeBias", Time since last: 875400 ns, Reaching safepoint: 261000 ns, At safepoint: 50700 ns, Total: 311700 ns
[2020-03-27T08:00:51.043+0000][1][safepoint    ] Safepoint "RevokeBias", Time since last: 39072299 ns, Reaching safepoint: 110600 ns, At safepoint: 30700 ns, Total: 141300 ns
[2020-03-27T08:00:52.044+0000][1][safepoint    ] Safepoint "Cleanup", Time since last: 1000578575 ns, Reaching safepoint: 107200 ns, At safepoint: 15600 ns, Total: 122800 ns
[2020-03-27T08:00:53.046+0000][1][safepoint    ] Safepoint "Cleanup", Time since last: 1001247775 ns, Reaching safepoint: 490200 ns, At safepoint: 25600 ns, Total: 515800 ns
[2020-03-27T08:00:54.048+0000][1][safepoint    ] Safepoint "Cleanup", Time since last: 1001946275 ns, Reaching safepoint: 109500 ns, At safepoint: 14600 ns, Total: 124100 ns
[2020-03-27T08:00:55.049+0000][1][safepoint    ] Safepoint "Cleanup", Time since last: 1000930775 ns, Reaching safepoint: 339100 ns, At safepoint: 86800 ns, Total: 425900 ns
[2020-03-27T08:00:56.052+0000][1][safepoint    ] Safepoint "Cleanup", Time since last: 1002073375 ns, Reaching safepoint: 689600 ns, At safepoint: 24900 ns, Total: 714500 ns
[2020-03-27T08:00:57.054+0000][1][safepoint    ] Safepoint "Cleanup", Time since last: 1001938574 ns, Reaching safepoint: 117800 ns, At safepoint: 23900 ns, Total: 141700 ns
[2020-03-27T08:00:58.037+0000][1][safepoint    ] Safepoint "RevokeBias", Time since last: 982660427 ns, Reaching safepoint: 95900 ns, At safepoint: 24200 ns, Total: 120100 ns
[2020-03-27T08:00:59.020+0000][1][safepoint    ] Safepoint "RevokeBias", Time since last: 982752542 ns, Reaching safepoint: 105000 ns, At safepoint: 17300 ns, Total: 122300 ns
[2020-03-27T08:00:59.021+0000][1][safepoint    ] Safepoint "RevokeBias", Time since last: 1179600 ns, Reaching safepoint: 72400 ns, At safepoint: 12000 ns, Total: 84400 ns
[2020-03-27T08:00:59.022+0000][1][safepoint    ] Safepoint "RevokeBias", Time since last: 995700 ns, Reaching safepoint: 74800 ns, At safepoint: 20100 ns, Total: 94900 ns
[2020-03-27T08:00:59.023+0000][1][safepoint    ] Safepoint "RevokeBias", Time since last: 529701 ns, Reaching safepoint: 55800 ns, At safepoint: 21100 ns, Total: 76900 ns
[2020-03-27T08:00:59.068+0000][1][safepoint    ] Safepoint "RevokeBias", Time since last: 45313406 ns, Reaching safepoint: 117200 ns, At safepoint: 29600 ns, Total: 146800 ns
[2020-03-27T08:01:00.069+0000][1][safepoint    ] Safepoint "Cleanup", Time since last: 1000506745 ns, Reaching safepoint: 121500 ns, At safepoint: 6700 ns, Total: 128200 ns
[2020-03-27T08:01:00.932+0000][1][safepoint    ] Safepoint "RevokeBias", Time since last: 862929925 ns, Reaching safepoint: 112700 ns, At safepoint: 26500 ns, Total: 139200 ns
[2020-03-27T08:01:01.165+0000][1][gc,start     ] GC(59) Pause Young (Allocation Failure)
[2020-03-27T08:01:01.166+0000][1][gc,task      ] GC(59) Using 2 workers of 2 for evacuation
[2020-03-27T08:01:01.180+0000][1][gc,age       ] GC(59) Desired survivor size 8716288 bytes, new threshold 6 (max threshold 6)
[2020-03-27T08:01:01.181+0000][1][gc,age       ] GC(59) Age table with threshold 6 (max threshold 6)
[2020-03-27T08:01:01.183+0000][1][gc,age       ] GC(59) - age   1:    2849904 bytes,    2849904 total
[2020-03-27T08:01:01.184+0000][1][gc,age       ] GC(59) - age   2:     654856 bytes,    3504760 total
[2020-03-27T08:01:01.185+0000][1][gc,age       ] GC(59) - age   3:     356736 bytes,    3861496 total
[2020-03-27T08:01:01.185+0000][1][gc,age       ] GC(59) - age   4:     345328 bytes,    4206824 total
[2020-03-27T08:01:01.186+0000][1][gc,heap      ] GC(59) ParNew: 140628K->5901K(153344K)
[2020-03-27T08:01:01.186+0000][1][gc,heap      ] GC(59) CMS: 116225K->116225K(353920K)
[2020-03-27T08:01:01.187+0000][1][gc,metaspace ] GC(59) Metaspace: 95437K->95437K(1136640K)
[2020-03-27T08:01:01.187+0000][1][gc           ] GC(59) Pause Young (Allocation Failure) 250M->119M(495M) 21.752ms
[2020-03-27T08:01:01.187+0000][1][gc,cpu       ] GC(59) User=0.01s Sys=0.00s Real=0.03s
[2020-03-27T08:01:01.188+0000][1][safepoint    ] Safepoint "GenCollectForAllocation", Time since last: 233072433 ns, Reaching safepoint: 227700 ns, At safepoint: 22665604 ns, Total: 22893304 ns
[2020-03-27T08:01:01.211+0000][1][safepoint    ] Safepoint "RevokeBias", Time since last: 22811203 ns, Reaching safepoint: 235200 ns, At safepoint: 66300 ns, Total: 301500 ns
[2020-03-27T08:01:01.212+0000][1][safepoint    ] Safepoint "RevokeBias", Time since last: 1145200 ns, Reaching safepoint: 97800 ns, At safepoint: 20900 ns, Total: 118700 ns
[2020-03-27T08:01:01.214+0000][1][safepoint    ] Safepoint "RevokeBias", Time since last: 1885100 ns, Reaching safepoint: 126200 ns, At safepoint: 15700 ns, Total: 141900 ns
[2020-03-27T08:01:01.215+0000][1][safepoint    ] Safepoint "RevokeBias", Time since last: 717701 ns, Reaching safepoint: 59500 ns, At safepoint: 54200 ns, Total: 113700 ns
[2020-03-27T08:01:01.254+0000][1][safepoint    ] Safepoint "RevokeBias", Time since last: 39255905 ns, Reaching safepoint: 140500 ns, At safepoint: 18200 ns, Total: 158700 ns
[2020-03-27T08:01:02.256+0000][1][safepoint    ] Safepoint "Cleanup", Time since last: 1001018145 ns, Reaching safepoint: 429100 ns, At safepoint: 82900 ns, Total: 512000 ns
[2020-03-27T08:01:03.259+0000][1][safepoint    ] Safepoint "Cleanup", Time since last: 1002211545 ns, Reaching safepoint: 424000 ns, At safepoint: 82200 ns, Total: 506200 ns
[2020-03-27T08:01:04.261+0000][1][safepoint    ] Safepoint "Cleanup", Time since last: 1001933345 ns, Reaching safepoint: 389900 ns, At safepoint: 79000 ns, Total: 468900 ns
[2020-03-27T08:01:05.264+0000][1][safepoint    ] Safepoint "Cleanup", Time since last: 1001977745 ns, Reaching safepoint: 521000 ns, At safepoint: 84600 ns, Total: 605600 ns
[2020-03-27T08:01:06.267+0000][1][safepoint    ] Safepoint "Cleanup", Time since last: 1002405270 ns, Reaching safepoint: 338100 ns, At safepoint: 175900 ns, Total: 514000 ns
[2020-03-27T08:01:07.269+0000][1][safepoint    ] Safepoint "Cleanup", Time since last: 1001944998 ns, Reaching safepoint: 207700 ns, At safepoint: 50900 ns, Total: 258600 ns
[2020-03-27T08:01:07.997+0000][1][safepoint    ] Safepoint "RevokeBias", Time since last: 728171598 ns, Reaching safepoint: 124900 ns, At safepoint: 25100 ns, Total: 150000 ns
[2020-03-27T08:01:08.194+0000][1][safepoint    ] Safepoint "RevokeBias", Time since last: 196850900 ns, Reaching safepoint: 218800 ns, At safepoint: 27400 ns, Total: 246200 ns
[2020-03-27T08:01:08.196+0000][1][safepoint    ] Safepoint "BulkRevokeBias", Time since last: 1088400 ns, Reaching safepoint: 85100 ns, At safepoint: 425800 ns, Total: 510900 ns
[2020-03-27T08:01:08.197+0000][1][safepoint    ] Safepoint "RevokeBias", Time since last: 1163400 ns, Reaching safepoint: 58100 ns, At safepoint: 12900 ns, Total: 71000 ns
[2020-03-27T08:01:08.198+0000][1][safepoint    ] Safepoint "BulkRevokeBias", Time since last: 899600 ns, Reaching safepoint: 60700 ns, At safepoint: 473000 ns, Total: 533700 ns
[2020-03-27T08:01:08.243+0000][1][safepoint    ] Safepoint "RevokeBias", Time since last: 44653900 ns, Reaching safepoint: 130300 ns, At safepoint: 30900 ns, Total: 161200 ns
[2020-03-27T08:01:09.244+0000][1][safepoint    ] Safepoint "Cleanup", Time since last: 1000724698 ns, Reaching safepoint: 334300 ns, At safepoint: 82100 ns, Total: 416400 ns
[2020-03-27T08:01:10.247+0000][1][safepoint    ] Safepoint "Cleanup", Time since last: 1002255098 ns, Reaching safepoint: 176300 ns, At safepoint: 34000 ns, Total: 210300 ns
[2020-03-27T08:01:10.968+0000][1][safepoint    ] Safepoint "RevokeBias", Time since last: 719183799 ns, Reaching safepoint: 1839400 ns, At safepoint: 35600 ns, Total: 1875000 ns
[2020-03-27T08:01:11.329+0000][1][gc,start     ] GC(60) Pause Young (Allocation Failure)
[2020-03-27T08:01:11.330+0000][1][gc,task      ] GC(60) Using 2 workers of 2 for evacuation
[2020-03-27T08:01:11.337+0000][1][gc,age       ] GC(60) Desired survivor size 8716288 bytes, new threshold 6 (max threshold 6)
[2020-03-27T08:01:11.338+0000][1][gc,age       ] GC(60) Age table with threshold 6 (max threshold 6)
[2020-03-27T08:01:11.338+0000][1][gc,age       ] GC(60) - age   1:    3359136 bytes,    3359136 total
[2020-03-27T08:01:11.339+0000][1][gc,age       ] GC(60) - age   2:     552992 bytes,    3912128 total
[2020-03-27T08:01:11.339+0000][1][gc,age       ] GC(60) - age   3:     653608 bytes,    4565736 total
[2020-03-27T08:01:11.340+0000][1][gc,age       ] GC(60) - age   4:     356736 bytes,    4922472 total
[2020-03-27T08:01:11.340+0000][1][gc,age       ] GC(60) - age   5:     340264 bytes,    5262736 total
[2020-03-27T08:01:11.341+0000][1][gc,heap      ] GC(60) ParNew: 142221K->8129K(153344K)
[2020-03-27T08:01:11.341+0000][1][gc,heap      ] GC(60) CMS: 116225K->116225K(353920K)
[2020-03-27T08:01:11.341+0000][1][gc,metaspace ] GC(60) Metaspace: 95470K->95470K(1136640K)
[2020-03-27T08:01:11.342+0000][1][gc           ] GC(60) Pause Young (Allocation Failure) 252M->121M(495M) 13.114ms
[2020-03-27T08:01:11.342+0000][1][gc,cpu       ] GC(60) User=0.01s Sys=0.00s Real=0.01s
[2020-03-27T08:01:11.343+0000][1][safepoint    ] Safepoint "GenCollectForAllocation", Time since last: 360457899 ns, Reaching safepoint: 257600 ns, At safepoint: 13920800 ns, Total: 14178400 ns
[2020-03-27T08:01:11.353+0000][1][safepoint    ] Safepoint "RevokeBias", Time since last: 10752000 ns, Reaching safepoint: 106700 ns, At safepoint: 19800 ns, Total: 126500 ns
[2020-03-27T08:01:11.354+0000][1][safepoint    ] Safepoint "RevokeBias", Time since last: 898400 ns, Reaching safepoint: 68800 ns, At safepoint: 11700 ns, Total: 80500 ns
[2020-03-27T08:01:11.356+0000][1][safepoint    ] Safepoint "RevokeBias", Time since last: 1048000 ns, Reaching safepoint: 60600 ns, At safepoint: 21400 ns, Total: 82000 ns
[2020-03-27T08:01:11.356+0000][1][safepoint    ] Safepoint "RevokeBias", Time since last: 422900 ns, Reaching safepoint: 71300 ns, At safepoint: 21800 ns, Total: 93100 ns
[2020-03-27T08:01:11.406+0000][1][safepoint    ] Safepoint "RevokeBias", Time since last: 49849300 ns, Reaching safepoint: 144900 ns, At safepoint: 41700 ns, Total: 186600 ns
[2020-03-27T08:01:11.434+0000][1][safepoint    ] Safepoint "RevokeBias", Time since last: 28172200 ns, Reaching safepoint: 90200 ns, At safepoint: 21500 ns, Total: 111700 ns
[2020-03-27T08:01:11.435+0000][1][safepoint    ] Safepoint "RevokeBias", Time since last: 532500 ns, Reaching safepoint: 90000 ns, At safepoint: 11500 ns, Total: 101500 ns
[2020-03-27T08:01:11.441+0000][1][safepoint    ] Safepoint "RevokeBias", Time since last: 5545300 ns, Reaching safepoint: 95800 ns, At safepoint: 26000 ns, Total: 121800 ns
[2020-03-27T08:01:12.436+0000][1][safepoint    ] Safepoint "RevokeBias", Time since last: 994518598 ns, Reaching safepoint: 562500 ns, At safepoint: 90700 ns, Total: 653200 ns
[2020-03-27T08:01:12.477+0000][1][safepoint    ] Safepoint "RevokeBias", Time since last: 40874300 ns, Reaching safepoint: 152700 ns, At safepoint: 33500 ns, Total: 186200 ns
[2020-03-27T08:01:13.480+0000][1][safepoint    ] Safepoint "Cleanup", Time since last: 1002701998 ns, Reaching safepoint: 348000 ns, At safepoint: 83600 ns, Total: 431600 ns
[2020-03-27T08:01:14.483+0000][1][safepoint    ] Safepoint "Cleanup", Time since last: 1002247863 ns, Reaching safepoint: 513199 ns, At safepoint: 82900 ns, Total: 596099 ns
[2020-03-27T08:01:15.485+0000][1][safepoint    ] Safepoint "Cleanup", Time since last: 1002141748 ns, Reaching safepoint: 174200 ns, At safepoint: 36300 ns, Total: 210500 ns
[2020-03-27T08:01:16.487+0000][1][safepoint    ] Safepoint "Cleanup", Time since last: 1001310347 ns, Reaching safepoint: 344900 ns, At safepoint: 86600 ns, Total: 431500 ns
[2020-03-27T08:01:17.489+0000][1][safepoint    ] Safepoint "Cleanup", Time since last: 1001849847 ns, Reaching safepoint: 336500 ns, At safepoint: 84800 ns, Total: 421300 ns
[2020-03-27T08:01:18.012+0000][1][safepoint    ] Safepoint "RevokeBias", Time since last: 522090973 ns, Reaching safepoint: 193600 ns, At safepoint: 25600 ns, Total: 219200 ns
[2020-03-27T08:01:19.013+0000][1][safepoint    ] Safepoint "Cleanup", Time since last: 1001102747 ns, Reaching safepoint: 348600 ns, At safepoint: 89900 ns, Total: 438500 ns
[2020-03-27T08:01:20.015+0000][1][safepoint    ] Safepoint "Cleanup", Time since last: 1001967948 ns, Reaching safepoint: 104300 ns, At safepoint: 19700 ns, Total: 124000 ns
[2020-03-27T08:01:20.990+0000][1][safepoint    ] Safepoint "RevokeBias", Time since last: 974873948 ns, Reaching safepoint: 202600 ns, At safepoint: 16500 ns, Total: 219100 ns
[2020-03-27T08:01:21.992+0000][1][safepoint    ] Safepoint "Cleanup", Time since last: 1001592451 ns, Reaching safepoint: 336500 ns, At safepoint: 90400 ns, Total: 426900 ns
[2020-03-27T08:01:22.995+0000][1][safepoint    ] Safepoint "Cleanup", Time since last: 1002201766 ns, Reaching safepoint: 336200 ns, At safepoint: 84300 ns, Total: 420500 ns
[2020-03-27T08:01:23.999+0000][1][safepoint    ] Safepoint "Cleanup", Time since last: 1003218366 ns, Reaching safepoint: 416100 ns, At safepoint: 82400 ns, Total: 498500 ns
[2020-03-27T08:01:25.001+0000][1][safepoint    ] Safepoint "Cleanup", Time since last: 1002289066 ns, Reaching safepoint: 379900 ns, At safepoint: 80400 ns, Total: 460300 ns
[2020-03-27T08:01:26.004+0000][1][safepoint    ] Safepoint "Cleanup", Time since last: 1002238866 ns, Reaching safepoint: 178300 ns, At safepoint: 43000 ns, Total: 221300 ns
[2020-03-27T08:01:27.006+0000][1][safepoint    ] Safepoint "Cleanup", Time since last: 1001480466 ns, Reaching safepoint: 420300 ns, At safepoint: 85400 ns, Total: 505700 ns
[2020-03-27T08:01:28.008+0000][1][safepoint    ] Safepoint "Cleanup", Time since last: 1002141266 ns, Reaching safepoint: 136600 ns, At safepoint: 17500 ns, Total: 154100 ns
[2020-03-27T08:01:28.012+0000][1][gc,start     ] GC(61) Pause Young (Allocation Failure)
[2020-03-27T08:01:28.012+0000][1][gc,task      ] GC(61) Using 2 workers of 2 for evacuation
[2020-03-27T08:01:28.019+0000][1][gc,age       ] GC(61) Desired survivor size 8716288 bytes, new threshold 1 (max threshold 6)
[2020-03-27T08:01:28.020+0000][1][gc,age       ] GC(61) Age table with threshold 1 (max threshold 6)
[2020-03-27T08:01:28.020+0000][1][gc,age       ] GC(61) - age   1:   13399312 bytes,   13399312 total
[2020-03-27T08:01:28.021+0000][1][gc,age       ] GC(61) - age   2:     591568 bytes,   13990880 total
[2020-03-27T08:01:28.022+0000][1][gc,age       ] GC(61) - age   3:     355584 bytes,   14346464 total
[2020-03-27T08:01:28.022+0000][1][gc,age       ] GC(61) - age   4:     650528 bytes,   14996992 total
[2020-03-27T08:01:28.023+0000][1][gc,age       ] GC(61) - age   5:     356720 bytes,   15353712 total
[2020-03-27T08:01:28.023+0000][1][gc,age       ] GC(61) - age   6:     144760 bytes,   15498472 total
[2020-03-27T08:01:28.024+0000][1][gc,heap      ] GC(61) ParNew: 144449K->17024K(153344K)
[2020-03-27T08:01:28.024+0000][1][gc,heap      ] GC(61) CMS: 116225K->116257K(353920K)
[2020-03-27T08:01:28.025+0000][1][gc,metaspace ] GC(61) Metaspace: 95491K->95491K(1136640K)
[2020-03-27T08:01:28.025+0000][1][gc           ] GC(61) Pause Young (Allocation Failure) 254M->130M(495M) 13.555ms
[2020-03-27T08:01:28.026+0000][1][gc,cpu       ] GC(61) User=0.01s Sys=0.00s Real=0.02s
[2020-03-27T08:01:28.026+0000][1][safepoint    ] Safepoint "GenCollectForAllocation", Time since last: 3277400 ns, Reaching safepoint: 96100 ns, At safepoint: 14355899 ns, Total: 14451999 ns
[2020-03-27T08:01:28.055+0000][1][safepoint    ] Safepoint "RevokeBias", Time since last: 28596199 ns, Reaching safepoint: 96300 ns, At safepoint: 20700 ns, Total: 117000 ns
[2020-03-27T08:01:29.056+0000][1][safepoint    ] Safepoint "Cleanup", Time since last: 1001334966 ns, Reaching safepoint: 396700 ns, At safepoint: 79200 ns, Total: 475900 ns
[2020-03-27T08:01:30.059+0000][1][safepoint    ] Safepoint "Cleanup", Time since last: 1002300086 ns, Reaching safepoint: 342500 ns, At safepoint: 83200 ns, Total: 425700 ns
[2020-03-27T08:01:30.981+0000][1][safepoint    ] Safepoint "RevokeBias", Time since last: 921999744 ns, Reaching safepoint: 237600 ns, At safepoint: 27500 ns, Total: 265100 ns
[2020-03-27T08:01:31.983+0000][1][safepoint    ] Safepoint "Cleanup", Time since last: 1000942448 ns, Reaching safepoint: 439600 ns, At safepoint: 41800 ns, Total: 481400 ns
[2020-03-27T08:01:32.985+0000][1][safepoint    ] Safepoint "Cleanup", Time since last: 1001977648 ns, Reaching safepoint: 118300 ns, At safepoint: 13900 ns, Total: 132200 ns
[2020-03-27T08:01:33.986+0000][1][safepoint    ] Safepoint "Cleanup", Time since last: 1000862448 ns, Reaching safepoint: 337700 ns, At safepoint: 84900 ns, Total: 422600 ns
[2020-03-27T08:01:34.989+0000][1][safepoint    ] Safepoint "Cleanup", Time since last: 1002567348 ns, Reaching safepoint: 388700 ns, At safepoint: 87000 ns, Total: 475700 ns
[2020-03-27T08:01:35.992+0000][1][safepoint    ] Safepoint "Cleanup", Time since last: 1002324248 ns, Reaching safepoint: 336500 ns, At safepoint: 80700 ns, Total: 417200 ns
[2020-03-27T08:01:36.994+0000][1][safepoint    ] Safepoint "Cleanup", Time since last: 1001961248 ns, Reaching safepoint: 92600 ns, At safepoint: 14700 ns, Total: 107300 ns
[2020-03-27T08:01:37.995+0000][1][safepoint    ] Safepoint "Cleanup", Time since last: 1000796042 ns, Reaching safepoint: 175100 ns, At safepoint: 18500 ns, Total: 193600 ns
[2020-03-27T08:01:38.001+0000][1][safepoint    ] Safepoint "RevokeBias", Time since last: 5260800 ns, Reaching safepoint: 220200 ns, At safepoint: 24200 ns, Total: 244400 ns
[2020-03-27T08:01:39.002+0000][1][safepoint    ] Safepoint "Cleanup", Time since last: 1001103113 ns, Reaching safepoint: 349700 ns, At safepoint: 86200 ns, Total: 435900 ns
[2020-03-27T08:01:40.004+0000][1][safepoint    ] Safepoint "Cleanup", Time since last: 1001920213 ns, Reaching safepoint: 335000 ns, At safepoint: 86000 ns, Total: 421000 ns
[2020-03-27T08:01:40.976+0000][1][safepoint    ] Safepoint "RevokeBias", Time since last: 970876812 ns, Reaching safepoint: 253900 ns, At safepoint: 19000 ns, Total: 272900 ns
[2020-03-27T08:01:41.977+0000][1][safepoint    ] Safepoint "Cleanup", Time since last: 1001160713 ns, Reaching safepoint: 556900 ns, At safepoint: 92300 ns, Total: 649200 ns
[2020-03-27T08:01:42.980+0000][1][safepoint    ] Safepoint "Cleanup", Time since last: 1001988312 ns, Reaching safepoint: 456200 ns, At safepoint: 83700 ns, Total: 539900 ns
[2020-03-27T08:01:43.983+0000][1][safepoint    ] Safepoint "Cleanup", Time since last: 1002309213 ns, Reaching safepoint: 526400 ns, At safepoint: 26000 ns, Total: 552400 ns
[2020-03-27T08:01:44.370+0000][1][safepoint    ] Safepoint "RevokeBias", Time since last: 386882305 ns, Reaching safepoint: 251800 ns, At safepoint: 17100 ns, Total: 268900 ns
[2020-03-27T08:01:44.371+0000][1][safepoint    ] Safepoint "RevokeBias", Time since last: 964300 ns, Reaching safepoint: 212800 ns, At safepoint: 24800 ns, Total: 237600 ns
[2020-03-27T08:01:44.372+0000][1][safepoint    ] Safepoint "RevokeBias", Time since last: 717000 ns, Reaching safepoint: 58200 ns, At safepoint: 13400 ns, Total: 71600 ns
[2020-03-27T08:01:44.374+0000][1][safepoint    ] Safepoint "RevokeBias", Time since last: 1396100 ns, Reaching safepoint: 151600 ns, At safepoint: 28200 ns, Total: 179800 ns
[2020-03-27T08:01:44.374+0000][1][safepoint    ] Safepoint "RevokeBias", Time since last: 493300 ns, Reaching safepoint: 76700 ns, At safepoint: 11100 ns, Total: 87800 ns
[2020-03-27T08:01:44.420+0000][1][safepoint    ] Safepoint "RevokeBias", Time since last: 45269001 ns, Reaching safepoint: 130000 ns, At safepoint: 28900 ns, Total: 158900 ns
[2020-03-27T08:01:44.506+0000][1][safepoint    ] Safepoint "RevokeBias", Time since last: 83843501 ns, Reaching safepoint: 2649900 ns, At safepoint: 128300 ns, Total: 2778200 ns
[2020-03-27T08:01:44.601+0000][1][gc,start     ] GC(62) Pause Young (Allocation Failure)
[2020-03-27T08:01:44.602+0000][1][gc,task      ] GC(62) Using 2 workers of 2 for evacuation
[2020-03-27T08:01:44.666+0000][1][gc,age       ] GC(62) Desired survivor size 8716288 bytes, new threshold 6 (max threshold 6)
[2020-03-27T08:01:44.667+0000][1][gc,age       ] GC(62) Age table with threshold 6 (max threshold 6)
[2020-03-27T08:01:44.667+0000][1][gc,age       ] GC(62) - age   1:    2928928 bytes,    2928928 total
[2020-03-27T08:01:44.668+0000][1][gc,heap      ] GC(62) ParNew: 152888K->12545K(153344K)
[2020-03-27T08:01:44.668+0000][1][gc,heap      ] GC(62) CMS: 116257K->120799K(353920K)
[2020-03-27T08:01:44.669+0000][1][gc,metaspace ] GC(62) Metaspace: 95584K->95584K(1136640K)
[2020-03-27T08:01:44.669+0000][1][gc           ] GC(62) Pause Young (Allocation Failure) 262M->130M(495M) 67.642ms
[2020-03-27T08:01:44.670+0000][1][gc,cpu       ] GC(62) User=0.02s Sys=0.01s Real=0.07s
[2020-03-27T08:01:44.670+0000][1][safepoint    ] Safepoint "GenCollectForAllocation", Time since last: 94919801 ns, Reaching safepoint: 336300 ns, At safepoint: 68790501 ns, Total: 69126801 ns
[2020-03-27T08:01:44.680+0000][1][safepoint    ] Safepoint "RevokeBias", Time since last: 9578000 ns, Reaching safepoint: 144100 ns, At safepoint: 16300 ns, Total: 160400 ns
[2020-03-27T08:01:44.681+0000][1][safepoint    ] Safepoint "RevokeBias", Time since last: 991400 ns, Reaching safepoint: 85300 ns, At safepoint: 57500 ns, Total: 142800 ns
[2020-03-27T08:01:44.683+0000][1][safepoint    ] Safepoint "RevokeBias", Time since last: 1590500 ns, Reaching safepoint: 99800 ns, At safepoint: 14900 ns, Total: 114700 ns
[2020-03-27T08:01:44.684+0000][1][safepoint    ] Safepoint "RevokeBias", Time since last: 988200 ns, Reaching safepoint: 75300 ns, At safepoint: 12500 ns, Total: 87800 ns
[2020-03-27T08:01:44.724+0000][1][safepoint    ] Safepoint "RevokeBias", Time since last: 39553000 ns, Reaching safepoint: 113700 ns, At safepoint: 27200 ns, Total: 140900 ns
[2020-03-27T08:01:44.798+0000][1][safepoint    ] Safepoint "RevokeBias", Time since last: 74519001 ns, Reaching safepoint: 177700 ns, At safepoint: 134500 ns, Total: 312200 ns
[2020-03-27T08:01:44.799+0000][1][safepoint    ] Safepoint "RevokeBias", Time since last: 378900 ns, Reaching safepoint: 141300 ns, At safepoint: 133100 ns, Total: 274400 ns
[2020-03-27T08:01:44.802+0000][1][safepoint    ] Safepoint "RevokeBias", Time since last: 2338200 ns, Reaching safepoint: 137800 ns, At safepoint: 139300 ns, Total: 277100 ns
[2020-03-27T08:01:44.803+0000][1][safepoint    ] Safepoint "RevokeBias", Time since last: 1420100 ns, Reaching safepoint: 94700 ns, At safepoint: 100000 ns, Total: 194700 ns
[2020-03-27T08:01:44.960+0000][1][safepoint    ] Safepoint "RevokeBias", Time since last: 156875202 ns, Reaching safepoint: 215800 ns, At safepoint: 36900 ns, Total: 252700 ns
[2020-03-27T08:01:44.964+0000][1][safepoint    ] Safepoint "RevokeBias", Time since last: 3106600 ns, Reaching safepoint: 99000 ns, At safepoint: 32900 ns, Total: 131900 ns
[2020-03-27T08:01:44.965+0000][1][safepoint    ] Safepoint "RevokeBias", Time since last: 719000 ns, Reaching safepoint: 219100 ns, At safepoint: 89600 ns, Total: 308700 ns
[2020-03-27T08:01:44.982+0000][1][safepoint    ] Safepoint "RevokeBias", Time since last: 16878601 ns, Reaching safepoint: 145600 ns, At safepoint: 123400 ns, Total: 269000 ns
[2020-03-27T08:01:45.025+0000][1][safepoint    ] Safepoint "RevokeBias", Time since last: 42716000 ns, Reaching safepoint: 236500 ns, At safepoint: 28800 ns, Total: 265300 ns
[2020-03-27T08:01:45.119+0000][1][safepoint    ] Safepoint "RevokeBias", Time since last: 94043901 ns, Reaching safepoint: 104700 ns, At safepoint: 26100 ns, Total: 130800 ns
[2020-03-27T08:01:45.119+0000][1][safepoint    ] Safepoint "RevokeBias", Time since last: 422500 ns, Reaching safepoint: 60500 ns, At safepoint: 12200 ns, Total: 72700 ns
[2020-03-27T08:01:45.120+0000][1][safepoint    ] Safepoint "RevokeBias", Time since last: 426500 ns, Reaching safepoint: 70400 ns, At safepoint: 10600 ns, Total: 81000 ns
[2020-03-27T08:01:45.120+0000][1][safepoint    ] Safepoint "RevokeBias", Time since last: 333800 ns, Reaching safepoint: 49800 ns, At safepoint: 26200 ns, Total: 76000 ns
[2020-03-27T08:01:45.121+0000][1][safepoint    ] Safepoint "RevokeBias", Time since last: 339500 ns, Reaching safepoint: 49800 ns, At safepoint: 20400 ns, Total: 70200 ns
[2020-03-27T08:01:45.121+0000][1][safepoint    ] Safepoint "RevokeBias", Time since last: 251700 ns, Reaching safepoint: 67600 ns, At safepoint: 19400 ns, Total: 87000 ns
[2020-03-27T08:01:45.122+0000][1][safepoint    ] Safepoint "RevokeBias", Time since last: 313400 ns, Reaching safepoint: 71200 ns, At safepoint: 19300 ns, Total: 90500 ns
[2020-03-27T08:01:45.122+0000][1][safepoint    ] Safepoint "RevokeBias", Time since last: 261100 ns, Reaching safepoint: 48600 ns, At safepoint: 25400 ns, Total: 74000 ns
[2020-03-27T08:01:46.054+0000][1][safepoint    ] Safepoint "RevokeBias", Time since last: 931844214 ns, Reaching safepoint: 158600 ns, At safepoint: 26500 ns, Total: 185100 ns
[2020-03-27T08:01:46.055+0000][1][safepoint    ] Safepoint "RevokeBias", Time since last: 817800 ns, Reaching safepoint: 178200 ns, At safepoint: 58200 ns, Total: 236400 ns
[2020-03-27T08:01:46.059+0000][1][safepoint    ] Safepoint "RevokeBias", Time since last: 3834400 ns, Reaching safepoint: 88600 ns, At safepoint: 15200 ns, Total: 103800 ns
[2020-03-27T08:01:46.060+0000][1][safepoint    ] Safepoint "RevokeBias", Time since last: 1120500 ns, Reaching safepoint: 76500 ns, At safepoint: 13300 ns, Total: 89800 ns
[2020-03-27T08:01:46.109+0000][1][safepoint    ] Safepoint "RevokeBias", Time since last: 48612101 ns, Reaching safepoint: 215800 ns, At safepoint: 19300 ns, Total: 235100 ns
[2020-03-27T08:01:46.137+0000][1][safepoint    ] Safepoint "RevokeBias", Time since last: 28382300 ns, Reaching safepoint: 107000 ns, At safepoint: 17700 ns, Total: 124700 ns
[2020-03-27T08:01:46.150+0000][1][safepoint    ] Safepoint "RevokeBias", Time since last: 12087701 ns, Reaching safepoint: 201800 ns, At safepoint: 18700 ns, Total: 220500 ns
[2020-03-27T08:01:47.151+0000][1][safepoint    ] Safepoint "Cleanup", Time since last: 1000656919 ns, Reaching safepoint: 385200 ns, At safepoint: 83600 ns, Total: 468800 ns
[2020-03-27T08:01:48.029+0000][1][safepoint    ] Safepoint "RevokeBias", Time since last: 878078718 ns, Reaching safepoint: 253300 ns, At safepoint: 14900 ns, Total: 268200 ns
[2020-03-27T08:01:48.548+0000][1][gc,start     ] GC(63) Pause Young (Allocation Failure)
[2020-03-27T08:01:48.549+0000][1][gc,task      ] GC(63) Using 2 workers of 2 for evacuation
[2020-03-27T08:01:48.555+0000][1][gc,age       ] GC(63) Desired survivor size 8716288 bytes, new threshold 2 (max threshold 6)
[2020-03-27T08:01:48.556+0000][1][gc,age       ] GC(63) Age table with threshold 2 (max threshold 6)
[2020-03-27T08:01:48.556+0000][1][gc,age       ] GC(63) - age   1:    7869440 bytes,    7869440 total
[2020-03-27T08:01:48.560+0000][1][gc,age       ] GC(63) - age   2:    1147120 bytes,    9016560 total
[2020-03-27T08:01:48.561+0000][1][gc,heap      ] GC(63) ParNew: 148543K->11553K(153344K)
[2020-03-27T08:01:48.561+0000][1][gc,heap      ] GC(63) CMS: 120799K->120799K(353920K)
[2020-03-27T08:01:48.562+0000][1][gc,metaspace ] GC(63) Metaspace: 95639K->95639K(1136640K)
[2020-03-27T08:01:48.562+0000][1][gc           ] GC(63) Pause Young (Allocation Failure) 263M->129M(495M) 14.585ms
[2020-03-27T08:01:48.563+0000][1][gc,cpu       ] GC(63) User=0.01s Sys=0.00s Real=0.01s
[2020-03-27T08:01:48.563+0000][1][safepoint    ] Safepoint "GenCollectForAllocation", Time since last: 517923210 ns, Reaching safepoint: 360000 ns, At safepoint: 15782901 ns, Total: 16142901 ns
[2020-03-27T08:01:48.586+0000][1][safepoint    ] Safepoint "RevokeBias", Time since last: 22699400 ns, Reaching safepoint: 108400 ns, At safepoint: 27400 ns, Total: 135800 ns
[2020-03-27T08:01:48.588+0000][1][safepoint    ] Safepoint "RevokeBias", Time since last: 1317300 ns, Reaching safepoint: 90600 ns, At safepoint: 12600 ns, Total: 103200 ns
[2020-03-27T08:01:48.589+0000][1][safepoint    ] Safepoint "RevokeBias", Time since last: 1182000 ns, Reaching safepoint: 67100 ns, At safepoint: 14300 ns, Total: 81400 ns
[2020-03-27T08:01:48.590+0000][1][safepoint    ] Safepoint "RevokeBias", Time since last: 1108300 ns, Reaching safepoint: 117100 ns, At safepoint: 16800 ns, Total: 133900 ns
[2020-03-27T08:01:48.636+0000][1][safepoint    ] Safepoint "RevokeBias", Time since last: 45689801 ns, Reaching safepoint: 108000 ns, At safepoint: 31000 ns, Total: 139000 ns
[2020-03-27T08:01:49.637+0000][1][safepoint    ] Safepoint "Cleanup", Time since last: 1000867420 ns, Reaching safepoint: 463600 ns, At safepoint: 174200 ns, Total: 637800 ns
[2020-03-27T08:01:50.640+0000][1][safepoint    ] Safepoint "Cleanup", Time since last: 1001822920 ns, Reaching safepoint: 434900 ns, At safepoint: 62400 ns, Total: 497300 ns
[2020-03-27T08:01:51.013+0000][1][safepoint    ] Safepoint "RevokeBias", Time since last: 373011107 ns, Reaching safepoint: 126900 ns, At safepoint: 15800 ns, Total: 142700 ns
[2020-03-27T08:01:51.785+0000][1][safepoint    ] Safepoint "RevokeBias", Time since last: 771833716 ns, Reaching safepoint: 197400 ns, At safepoint: 34300 ns, Total: 231700 ns
[2020-03-27T08:01:51.786+0000][1][safepoint    ] Safepoint "RevokeBias", Time since last: 618100 ns, Reaching safepoint: 158400 ns, At safepoint: 14100 ns, Total: 172500 ns
[2020-03-27T08:01:51.787+0000][1][safepoint    ] Safepoint "RevokeBias", Time since last: 1194400 ns, Reaching safepoint: 81400 ns, At safepoint: 21500 ns, Total: 102900 ns
[2020-03-27T08:01:51.788+0000][1][safepoint    ] Safepoint "RevokeBias", Time since last: 988900 ns, Reaching safepoint: 60900 ns, At safepoint: 12300 ns, Total: 73200 ns
[2020-03-27T08:01:51.831+0000][1][safepoint    ] Safepoint "RevokeBias", Time since last: 42273100 ns, Reaching safepoint: 102100 ns, At safepoint: 41200 ns, Total: 143300 ns
[2020-03-27T08:01:51.856+0000][1][safepoint    ] Safepoint "BulkRevokeBias", Time since last: 25251101 ns, Reaching safepoint: 111600 ns, At safepoint: 515700 ns, Total: 627300 ns
[2020-03-27T08:01:52.857+0000][1][safepoint    ] Safepoint "Cleanup", Time since last: 1000490220 ns, Reaching safepoint: 122600 ns, At safepoint: 24600 ns, Total: 147200 ns
[2020-03-27T08:01:53.858+0000][1][safepoint    ] Safepoint "Cleanup", Time since last: 1001107920 ns, Reaching safepoint: 136200 ns, At safepoint: 24400 ns, Total: 160600 ns
[2020-03-27T08:01:54.860+0000][1][safepoint    ] Safepoint "Cleanup", Time since last: 1001345644 ns, Reaching safepoint: 326200 ns, At safepoint: 78100 ns, Total: 404300 ns
[2020-03-27T08:01:55.862+0000][1][safepoint    ] Safepoint "Cleanup", Time since last: 1001906145 ns, Reaching safepoint: 413800 ns, At safepoint: 82000 ns, Total: 495800 ns
[2020-03-27T08:01:56.865+0000][1][safepoint    ] Safepoint "Cleanup", Time since last: 1002139546 ns, Reaching safepoint: 394500 ns, At safepoint: 82400 ns, Total: 476900 ns
[2020-03-27T08:01:57.867+0000][1][safepoint    ] Safepoint "Cleanup", Time since last: 1001799145 ns, Reaching safepoint: 330000 ns, At safepoint: 102700 ns, Total: 432700 ns
[2020-03-27T08:01:58.050+0000][1][safepoint    ] Safepoint "BulkRevokeBias", Time since last: 181612626 ns, Reaching safepoint: 219400 ns, At safepoint: 492400 ns, Total: 711800 ns
[2020-03-27T08:01:58.711+0000][1][gc,start     ] GC(64) Pause Young (Allocation Failure)
[2020-03-27T08:01:58.711+0000][1][gc,task      ] GC(64) Using 2 workers of 2 for evacuation
[2020-03-27T08:01:58.723+0000][1][gc,age       ] GC(64) Desired survivor size 8716288 bytes, new threshold 1 (max threshold 6)
[2020-03-27T08:01:58.724+0000][1][gc,age       ] GC(64) Age table with threshold 1 (max threshold 6)
[2020-03-27T08:01:58.724+0000][1][gc,age       ] GC(64) - age   1:    9073256 bytes,    9073256 total
[2020-03-27T08:01:58.725+0000][1][gc,age       ] GC(64) - age   2:     352520 bytes,    9425776 total
[2020-03-27T08:01:58.725+0000][1][gc,heap      ] GC(64) ParNew: 147873K->15133K(153344K)
[2020-03-27T08:01:58.726+0000][1][gc,heap      ] GC(64) CMS: 120799K->121540K(353920K)
[2020-03-27T08:01:58.726+0000][1][gc,metaspace ] GC(64) Metaspace: 95657K->95657K(1136640K)
[2020-03-27T08:01:58.727+0000][1][gc           ] GC(64) Pause Young (Allocation Failure) 262M->133M(495M) 16.336ms
[2020-03-27T08:01:58.727+0000][1][gc,cpu       ] GC(64) User=0.00s Sys=0.01s Real=0.02s
[2020-03-27T08:01:58.728+0000][1][safepoint    ] Safepoint "GenCollectForAllocation", Time since last: 660743196 ns, Reaching safepoint: 182800 ns, At safepoint: 17446302 ns, Total: 17629102 ns
[2020-03-27T08:01:58.762+0000][1][safepoint    ] Safepoint "RevokeBias", Time since last: 33941705 ns, Reaching safepoint: 160300 ns, At safepoint: 36200 ns, Total: 196500 ns
[2020-03-27T08:01:58.763+0000][1][safepoint    ] Safepoint "RevokeBias", Time since last: 1064401 ns, Reaching safepoint: 193400 ns, At safepoint: 15300 ns, Total: 208700 ns
[2020-03-27T08:01:58.765+0000][1][safepoint    ] Safepoint "RevokeBias", Time since last: 1765700 ns, Reaching safepoint: 68000 ns, At safepoint: 29500 ns, Total: 97500 ns
[2020-03-27T08:01:58.767+0000][1][safepoint    ] Safepoint "RevokeBias", Time since last: 1285200 ns, Reaching safepoint: 180600 ns, At safepoint: 23700 ns, Total: 204300 ns
[2020-03-27T08:01:58.813+0000][1][safepoint    ] Safepoint "RevokeBias", Time since last: 45760707 ns, Reaching safepoint: 128500 ns, At safepoint: 28900 ns, Total: 157400 ns
[2020-03-27T08:01:59.814+0000][1][safepoint    ] Safepoint "Cleanup", Time since last: 1001029845 ns, Reaching safepoint: 432100 ns, At safepoint: 76000 ns, Total: 508100 ns
[2020-03-27T08:02:00.817+0000][1][safepoint    ] Safepoint "Cleanup", Time since last: 1003117245 ns, Reaching safepoint: 117100 ns, At safepoint: 21600 ns, Total: 138700 ns
[2020-03-27T08:02:01.003+0000][1][safepoint    ] Safepoint "RevokeBias", Time since last: 184815427 ns, Reaching safepoint: 306800 ns, At safepoint: 15200 ns, Total: 322000 ns
[2020-03-27T08:02:01.886+0000][1][safepoint    ] Safepoint "RevokeBias", Time since last: 883244227 ns, Reaching safepoint: 137300 ns, At safepoint: 35300 ns, Total: 172600 ns
[2020-03-27T08:02:01.887+0000][1][safepoint    ] Safepoint "RevokeBias", Time since last: 869100 ns, Reaching safepoint: 72400 ns, At safepoint: 12300 ns, Total: 84700 ns
[2020-03-27T08:02:01.889+0000][1][safepoint    ] Safepoint "RevokeBias", Time since last: 1929900 ns, Reaching safepoint: 164200 ns, At safepoint: 15500 ns, Total: 179700 ns
[2020-03-27T08:02:01.890+0000][1][safepoint    ] Safepoint "RevokeBias", Time since last: 674700 ns, Reaching safepoint: 94200 ns, At safepoint: 26200 ns, Total: 120400 ns
[2020-03-27T08:02:01.931+0000][1][safepoint    ] Safepoint "RevokeBias", Time since last: 40770301 ns, Reaching safepoint: 190600 ns, At safepoint: 28400 ns, Total: 219000 ns
[2020-03-27T08:02:02.932+0000][1][safepoint    ] Safepoint "Cleanup", Time since last: 1000716828 ns, Reaching safepoint: 328500 ns, At safepoint: 86600 ns, Total: 415100 ns
[2020-03-27T08:02:03.935+0000][1][safepoint    ] Safepoint "Cleanup", Time since last: 1002421128 ns, Reaching safepoint: 494600 ns, At safepoint: 74000 ns, Total: 568600 ns
[2020-03-27T08:02:04.937+0000][1][safepoint    ] Safepoint "Cleanup", Time since last: 1002146829 ns, Reaching safepoint: 122000 ns, At safepoint: 23800 ns, Total: 145800 ns
[2020-03-27T08:02:05.938+0000][1][safepoint    ] Safepoint "Cleanup", Time since last: 1000837328 ns, Reaching safepoint: 100500 ns, At safepoint: 16700 ns, Total: 117200 ns
[2020-03-27T08:02:06.939+0000][1][safepoint    ] Safepoint "Cleanup", Time since last: 1000748228 ns, Reaching safepoint: 336000 ns, At safepoint: 84800 ns, Total: 420800 ns
[2020-03-27T08:02:07.942+0000][1][safepoint    ] Safepoint "Cleanup", Time since last: 1002221828 ns, Reaching safepoint: 151000 ns, At safepoint: 35600 ns, Total: 186600 ns
[2020-03-27T08:02:07.998+0000][1][safepoint    ] Safepoint "RevokeBias", Time since last: 56373902 ns, Reaching safepoint: 93500 ns, At safepoint: 23500 ns, Total: 117000 ns
[2020-03-27T08:02:08.895+0000][1][gc,start     ] GC(65) Pause Young (Allocation Failure)
[2020-03-27T08:02:08.896+0000][1][gc,task      ] GC(65) Using 2 workers of 2 for evacuation
[2020-03-27T08:02:08.917+0000][1][gc,age       ] GC(65) Desired survivor size 8716288 bytes, new threshold 6 (max threshold 6)
[2020-03-27T08:02:08.917+0000][1][gc,age       ] GC(65) Age table with threshold 6 (max threshold 6)
[2020-03-27T08:02:08.918+0000][1][gc,age       ] GC(65) - age   1:    6781560 bytes,    6781560 total
[2020-03-27T08:02:08.918+0000][1][gc,heap      ] GC(65) ParNew: 151026K->8771K(153344K)
[2020-03-27T08:02:08.919+0000][1][gc,heap      ] GC(65) CMS: 121540K->122468K(353920K)
[2020-03-27T08:02:08.919+0000][1][gc,metaspace ] GC(65) Metaspace: 95672K->95672K(1136640K)
[2020-03-27T08:02:08.920+0000][1][gc           ] GC(65) Pause Young (Allocation Failure) 266M->128M(495M) 24.971ms
[2020-03-27T08:02:08.920+0000][1][gc,cpu       ] GC(65) User=0.02s Sys=0.00s Real=0.03s
[2020-03-27T08:02:08.921+0000][1][safepoint    ] Safepoint "GenCollectForAllocation", Time since last: 896358825 ns, Reaching safepoint: 182100 ns, At safepoint: 25898100 ns, Total: 26080200 ns
[2020-03-27T08:02:08.935+0000][1][safepoint    ] Safepoint "RevokeBias", Time since last: 13692901 ns, Reaching safepoint: 168600 ns, At safepoint: 19700 ns, Total: 188300 ns
[2020-03-27T08:02:08.936+0000][1][safepoint    ] Safepoint "RevokeBias", Time since last: 1052500 ns, Reaching safepoint: 291600 ns, At safepoint: 30400 ns, Total: 322000 ns
[2020-03-27T08:02:08.937+0000][1][safepoint    ] Safepoint "RevokeBias", Time since last: 1054500 ns, Reaching safepoint: 54700 ns, At safepoint: 46500 ns, Total: 101200 ns
[2020-03-27T08:02:08.939+0000][1][safepoint    ] Safepoint "RevokeBias", Time since last: 1252000 ns, Reaching safepoint: 138600 ns, At safepoint: 21100 ns, Total: 159700 ns
[2020-03-27T08:02:08.989+0000][1][safepoint    ] Safepoint "BulkRevokeBias", Time since last: 50292101 ns, Reaching safepoint: 95100 ns, At safepoint: 504100 ns, Total: 599200 ns
[2020-03-27T08:02:09.991+0000][1][safepoint    ] Safepoint "Cleanup", Time since last: 1000756034 ns, Reaching safepoint: 433000 ns, At safepoint: 24700 ns, Total: 457700 ns
[2020-03-27T08:02:10.996+0000][1][safepoint    ] Safepoint "Cleanup", Time since last: 1005226089 ns, Reaching safepoint: 459000 ns, At safepoint: 27300 ns, Total: 486300 ns
[2020-03-27T08:02:11.013+0000][1][safepoint    ] Safepoint "RevokeBias", Time since last: 16028501 ns, Reaching safepoint: 132100 ns, At safepoint: 15500 ns, Total: 147600 ns
[2020-03-27T08:02:11.070+0000][1][safepoint    ] Safepoint "RevokeBias", Time since last: 56894505 ns, Reaching safepoint: 191400 ns, At safepoint: 20400 ns, Total: 211800 ns
[2020-03-27T08:02:11.071+0000][1][safepoint    ] Safepoint "BulkRevokeBias", Time since last: 538800 ns, Reaching safepoint: 150400 ns, At safepoint: 414200 ns, Total: 564600 ns
[2020-03-27T08:02:11.072+0000][1][safepoint    ] Safepoint "RevokeBias", Time since last: 1173200 ns, Reaching safepoint: 83600 ns, At safepoint: 21800 ns, Total: 105400 ns
[2020-03-27T08:02:11.074+0000][1][safepoint    ] Safepoint "BulkRevokeBias", Time since last: 976900 ns, Reaching safepoint: 60900 ns, At safepoint: 718000 ns, Total: 778900 ns
[2020-03-27T08:02:11.127+0000][1][safepoint    ] Safepoint "RevokeBias", Time since last: 53311005 ns, Reaching safepoint: 263200 ns, At safepoint: 23600 ns, Total: 286800 ns
[2020-03-27T08:02:12.129+0000][1][safepoint    ] Safepoint "Cleanup", Time since last: 1000874688 ns, Reaching safepoint: 409800 ns, At safepoint: 82300 ns, Total: 492100 ns
[2020-03-27T08:02:13.131+0000][1][safepoint    ] Safepoint "Cleanup", Time since last: 1002284988 ns, Reaching safepoint: 325200 ns, At safepoint: 87200 ns, Total: 412400 ns
[2020-03-27T08:02:14.135+0000][1][safepoint    ] Safepoint "Cleanup", Time since last: 1002720188 ns, Reaching safepoint: 415400 ns, At safepoint: 85400 ns, Total: 500800 ns
[2020-03-27T08:02:15.138+0000][1][safepoint    ] Safepoint "Cleanup", Time since last: 1002580288 ns, Reaching safepoint: 412000 ns, At safepoint: 81400 ns, Total: 493400 ns
[2020-03-27T08:02:16.141+0000][1][safepoint    ] Safepoint "Cleanup", Time since last: 1002155888 ns, Reaching safepoint: 554500 ns, At safepoint: 75500 ns, Total: 630000 ns
[2020-03-27T08:02:17.143+0000][1][safepoint    ] Safepoint "Cleanup", Time since last: 1002421688 ns, Reaching safepoint: 450401 ns, At safepoint: 32800 ns, Total: 483201 ns
[2020-03-27T08:02:18.027+0000][1][safepoint    ] Safepoint "RevokeBias", Time since last: 883058474 ns, Reaching safepoint: 227900 ns, At safepoint: 41200 ns, Total: 269100 ns
[2020-03-27T08:02:19.028+0000][1][safepoint    ] Safepoint "Cleanup", Time since last: 1001260157 ns, Reaching safepoint: 328900 ns, At safepoint: 88500 ns, Total: 417400 ns
[2020-03-27T08:02:20.031+0000][1][safepoint    ] Safepoint "Cleanup", Time since last: 1001914358 ns, Reaching safepoint: 111300 ns, At safepoint: 34400 ns, Total: 145700 ns
[2020-03-27T08:02:21.019+0000][1][safepoint    ] Safepoint "RevokeBias", Time since last: 987756157 ns, Reaching safepoint: 342900 ns, At safepoint: 31300 ns, Total: 374200 ns
[2020-03-27T08:02:22.020+0000][1][safepoint    ] Safepoint "Cleanup", Time since last: 1000575158 ns, Reaching safepoint: 427700 ns, At safepoint: 91100 ns, Total: 518800 ns
[2020-03-27T08:02:23.022+0000][1][safepoint    ] Safepoint "Cleanup", Time since last: 1001682457 ns, Reaching safepoint: 192600 ns, At safepoint: 34400 ns, Total: 227000 ns
[2020-03-27T08:02:24.023+0000][1][safepoint    ] Safepoint "Cleanup", Time since last: 1001104258 ns, Reaching safepoint: 334300 ns, At safepoint: 83500 ns, Total: 417800 ns
[2020-03-27T08:02:25.025+0000][1][safepoint    ] Safepoint "Cleanup", Time since last: 1002060858 ns, Reaching safepoint: 110900 ns, At safepoint: 17500 ns, Total: 128400 ns
[2020-03-27T08:02:26.026+0000][1][safepoint    ] Safepoint "Cleanup", Time since last: 1000925555 ns, Reaching safepoint: 128800 ns, At safepoint: 29500 ns, Total: 158300 ns
[2020-03-27T08:02:27.028+0000][1][safepoint    ] Safepoint "Cleanup", Time since last: 1001315029 ns, Reaching safepoint: 161300 ns, At safepoint: 31100 ns, Total: 192400 ns
[2020-03-27T08:02:28.015+0000][1][gc,start     ] GC(66) Pause Young (Allocation Failure)
[2020-03-27T08:02:28.016+0000][1][gc,task      ] GC(66) Using 2 workers of 2 for evacuation
[2020-03-27T08:02:28.042+0000][1][gc,age       ] GC(66) Desired survivor size 8716288 bytes, new threshold 1 (max threshold 6)
[2020-03-27T08:02:28.043+0000][1][gc,age       ] GC(66) Age table with threshold 1 (max threshold 6)
[2020-03-27T08:02:28.050+0000][1][gc,age       ] GC(66) - age   1:   14194912 bytes,   14194912 total
[2020-03-27T08:02:28.051+0000][1][gc,age       ] GC(66) - age   2:     554744 bytes,   14749656 total
[2020-03-27T08:02:28.051+0000][1][gc,heap      ] GC(66) ParNew: 145091K->17024K(153344K)
[2020-03-27T08:02:28.052+0000][1][gc,heap      ] GC(66) CMS: 122468K->122468K(353920K)
[2020-03-27T08:02:28.052+0000][1][gc,metaspace ] GC(66) Metaspace: 95723K->95723K(1138688K)
[2020-03-27T08:02:28.053+0000][1][gc           ] GC(66) Pause Young (Allocation Failure) 261M->136M(495M) 37.753ms
[2020-03-27T08:02:28.054+0000][1][gc,cpu       ] GC(66) User=0.01s Sys=0.00s Real=0.04s
[2020-03-27T08:02:28.054+0000][1][safepoint    ] Safepoint "GenCollectForAllocation", Time since last: 987204429 ns, Reaching safepoint: 117200 ns, At safepoint: 38916302 ns, Total: 39033502 ns
[2020-03-27T08:02:28.103+0000][1][safepoint    ] Safepoint "RevokeBias", Time since last: 48268501 ns, Reaching safepoint: 111000 ns, At safepoint: 48800 ns, Total: 159800 ns
[2020-03-27T08:02:29.104+0000][1][safepoint    ] Safepoint "Cleanup", Time since last: 1000777629 ns, Reaching safepoint: 432100 ns, At safepoint: 84100 ns, Total: 516200 ns
[2020-03-27T08:02:30.107+0000][1][safepoint    ] Safepoint "Cleanup", Time since last: 1002413930 ns, Reaching safepoint: 412700 ns, At safepoint: 91000 ns, Total: 503700 ns
[2020-03-27T08:02:31.027+0000][1][safepoint    ] Safepoint "RevokeBias", Time since last: 919831727 ns, Reaching safepoint: 301400 ns, At safepoint: 16000 ns, Total: 317400 ns
[2020-03-27T08:02:32.028+0000][1][safepoint    ] Safepoint "Cleanup", Time since last: 1000934230 ns, Reaching safepoint: 108300 ns, At safepoint: 21600 ns, Total: 129900 ns
[2020-03-27T08:02:33.029+0000][1][safepoint    ] Safepoint "Cleanup", Time since last: 1000756329 ns, Reaching safepoint: 95400 ns, At safepoint: 16700 ns, Total: 112100 ns
[2020-03-27T08:02:34.030+0000][1][safepoint    ] Safepoint "Cleanup", Time since last: 1001139429 ns, Reaching safepoint: 102600 ns, At safepoint: 16600 ns, Total: 119200 ns
[2020-03-27T08:02:35.032+0000][1][safepoint    ] Safepoint "Cleanup", Time since last: 1000995320 ns, Reaching safepoint: 407700 ns, At safepoint: 37800 ns, Total: 445500 ns
[2020-03-27T08:02:36.034+0000][1][safepoint    ] Safepoint "Cleanup", Time since last: 1001954921 ns, Reaching safepoint: 451200 ns, At safepoint: 25500 ns, Total: 476700 ns
[2020-03-27T08:02:37.037+0000][1][safepoint    ] Safepoint "Cleanup", Time since last: 1001966320 ns, Reaching safepoint: 320900 ns, At safepoint: 73700 ns, Total: 394600 ns
[2020-03-27T08:02:38.024+0000][1][safepoint    ] Safepoint "RevokeBias", Time since last: 987739020 ns, Reaching safepoint: 112700 ns, At safepoint: 32600 ns, Total: 145300 ns
[2020-03-27T08:02:39.026+0000][1][safepoint    ] Safepoint "Cleanup", Time since last: 1001015620 ns, Reaching safepoint: 420100 ns, At safepoint: 83300 ns, Total: 503400 ns
[2020-03-27T08:02:40.028+0000][1][safepoint    ] Safepoint "Cleanup", Time since last: 1001956421 ns, Reaching safepoint: 129500 ns, At safepoint: 13100 ns, Total: 142600 ns
[2020-03-27T08:02:41.024+0000][1][safepoint    ] Safepoint "RevokeBias", Time since last: 995286220 ns, Reaching safepoint: 317600 ns, At safepoint: 63800 ns, Total: 381400 ns
[2020-03-27T08:02:42.025+0000][1][safepoint    ] Safepoint "Cleanup", Time since last: 1001081520 ns, Reaching safepoint: 377900 ns, At safepoint: 94300 ns, Total: 472200 ns
[2020-03-27T08:02:43.028+0000][1][safepoint    ] Safepoint "Cleanup", Time since last: 1002049815 ns, Reaching safepoint: 407500 ns, At safepoint: 167200 ns, Total: 574700 ns
[2020-03-27T08:02:43.718+0000][1][safepoint    ] Safepoint "RevokeBias", Time since last: 690372511 ns, Reaching safepoint: 138900 ns, At safepoint: 33900 ns, Total: 172800 ns
[2020-03-27T08:02:43.733+0000][1][safepoint    ] Safepoint "RevokeBias", Time since last: 14794600 ns, Reaching safepoint: 93200 ns, At safepoint: 23400 ns, Total: 116600 ns
[2020-03-27T08:02:43.734+0000][1][safepoint    ] Safepoint "RevokeBias", Time since last: 790300 ns, Reaching safepoint: 168800 ns, At safepoint: 17100 ns, Total: 185900 ns
[2020-03-27T08:02:43.735+0000][1][safepoint    ] Safepoint "RevokeBias", Time since last: 493700 ns, Reaching safepoint: 279100 ns, At safepoint: 29100 ns, Total: 308200 ns
[2020-03-27T08:02:44.115+0000][1][safepoint    ] Safepoint "RevokeBias", Time since last: 379767006 ns, Reaching safepoint: 116500 ns, At safepoint: 27000 ns, Total: 143500 ns
[2020-03-27T08:02:44.116+0000][1][safepoint    ] Safepoint "RevokeBias", Time since last: 800600 ns, Reaching safepoint: 134900 ns, At safepoint: 24000 ns, Total: 158900 ns
[2020-03-27T08:02:44.117+0000][1][safepoint    ] Safepoint "RevokeBias", Time since last: 803500 ns, Reaching safepoint: 58900 ns, At safepoint: 13200 ns, Total: 72100 ns
[2020-03-27T08:02:44.118+0000][1][safepoint    ] Safepoint "RevokeBias", Time since last: 1246700 ns, Reaching safepoint: 75900 ns, At safepoint: 20900 ns, Total: 96800 ns
[2020-03-27T08:02:44.119+0000][1][safepoint    ] Safepoint "RevokeBias", Time since last: 1009200 ns, Reaching safepoint: 76600 ns, At safepoint: 25000 ns, Total: 101600 ns
[2020-03-27T08:02:44.168+0000][1][safepoint    ] Safepoint "RevokeBias", Time since last: 48154601 ns, Reaching safepoint: 135200 ns, At safepoint: 31800 ns, Total: 167000 ns
[2020-03-27T08:02:44.273+0000][1][safepoint    ] Safepoint "RevokeBias", Time since last: 102704801 ns, Reaching safepoint: 2360100 ns, At safepoint: 112800 ns, Total: 2472900 ns
[2020-03-27T08:02:44.275+0000][1][safepoint    ] Safepoint "RevokeBias", Time since last: 1820100 ns, Reaching safepoint: 237200 ns, At safepoint: 101200 ns, Total: 338400 ns
[2020-03-27T08:02:44.316+0000][1][gc,start     ] GC(67) Pause Young (Allocation Failure)
[2020-03-27T08:02:44.317+0000][1][gc,task      ] GC(67) Using 2 workers of 2 for evacuation
[2020-03-27T08:02:44.366+0000][1][gc,age       ] GC(67) Desired survivor size 8716288 bytes, new threshold 6 (max threshold 6)
[2020-03-27T08:02:44.367+0000][1][gc,age       ] GC(67) Age table with threshold 6 (max threshold 6)
[2020-03-27T08:02:44.368+0000][1][gc,age       ] GC(67) - age   1:    2408160 bytes,    2408160 total
[2020-03-27T08:02:44.368+0000][1][gc,heap      ] GC(67) ParNew: 152926K->12586K(153344K)
[2020-03-27T08:02:44.369+0000][1][gc,heap      ] GC(67) CMS: 122468K->125992K(353920K)
[2020-03-27T08:02:44.369+0000][1][gc,metaspace ] GC(67) Metaspace: 95828K->95828K(1138688K)
[2020-03-27T08:02:44.370+0000][1][gc           ] GC(67) Pause Young (Allocation Failure) 268M->135M(495M) 53.187ms
[2020-03-27T08:02:44.370+0000][1][gc,cpu       ] GC(67) User=0.05s Sys=0.01s Real=0.05s
[2020-03-27T08:02:44.371+0000][1][safepoint    ] Safepoint "GenCollectForAllocation", Time since last: 41113001 ns, Reaching safepoint: 391100 ns, At safepoint: 54276101 ns, Total: 54667201 ns
[2020-03-27T08:02:44.391+0000][1][safepoint    ] Safepoint "RevokeBias", Time since last: 20284900 ns, Reaching safepoint: 146300 ns, At safepoint: 25600 ns, Total: 171900 ns
[2020-03-27T08:02:44.392+0000][1][safepoint    ] Safepoint "RevokeBias", Time since last: 770200 ns, Reaching safepoint: 64400 ns, At safepoint: 21800 ns, Total: 86200 ns
[2020-03-27T08:02:44.393+0000][1][safepoint    ] Safepoint "RevokeBias", Time since last: 1102700 ns, Reaching safepoint: 83900 ns, At safepoint: 19600 ns, Total: 103500 ns
[2020-03-27T08:02:44.394+0000][1][safepoint    ] Safepoint "RevokeBias", Time since last: 1088900 ns, Reaching safepoint: 78000 ns, At safepoint: 9900 ns, Total: 87900 ns
[2020-03-27T08:02:44.437+0000][1][safepoint    ] Safepoint "RevokeBias", Time since last: 42494901 ns, Reaching safepoint: 101900 ns, At safepoint: 29800 ns, Total: 131700 ns
[2020-03-27T08:02:44.504+0000][1][safepoint    ] Safepoint "RevokeBias", Time since last: 66525401 ns, Reaching safepoint: 119000 ns, At safepoint: 15600 ns, Total: 134600 ns
[2020-03-27T08:02:44.506+0000][1][safepoint    ] Safepoint "RevokeBias", Time since last: 2052200 ns, Reaching safepoint: 107600 ns, At safepoint: 25000 ns, Total: 132600 ns
[2020-03-27T08:02:44.507+0000][1][safepoint    ] Safepoint "RevokeBias", Time since last: 1052500 ns, Reaching safepoint: 79500 ns, At safepoint: 26600 ns, Total: 106100 ns
[2020-03-27T08:02:45.508+0000][1][safepoint    ] Safepoint "Cleanup", Time since last: 1000894515 ns, Reaching safepoint: 368300 ns, At safepoint: 86100 ns, Total: 454400 ns
[2020-03-27T08:02:45.675+0000][1][safepoint    ] Safepoint "RevokeBias", Time since last: 166904803 ns, Reaching safepoint: 137300 ns, At safepoint: 29400 ns, Total: 166700 ns
[2020-03-27T08:02:45.676+0000][1][safepoint    ] Safepoint "RevokeBias", Time since last: 825000 ns, Reaching safepoint: 88000 ns, At safepoint: 21000 ns, Total: 109000 ns
[2020-03-27T08:02:45.678+0000][1][safepoint    ] Safepoint "RevokeBias", Time since last: 1363900 ns, Reaching safepoint: 64600 ns, At safepoint: 12200 ns, Total: 76800 ns
[2020-03-27T08:02:45.679+0000][1][safepoint    ] Safepoint "RevokeBias", Time since last: 1057500 ns, Reaching safepoint: 60400 ns, At safepoint: 11800 ns, Total: 72200 ns
[2020-03-27T08:02:45.740+0000][1][safepoint    ] Safepoint "RevokeBias", Time since last: 60877001 ns, Reaching safepoint: 159000 ns, At safepoint: 78500 ns, Total: 237500 ns
[2020-03-27T08:02:46.741+0000][1][safepoint    ] Safepoint "Cleanup", Time since last: 1001023015 ns, Reaching safepoint: 326600 ns, At safepoint: 83200 ns, Total: 409800 ns
[2020-03-27T08:02:47.744+0000][1][safepoint    ] Safepoint "Cleanup", Time since last: 1001991915 ns, Reaching safepoint: 454500 ns, At safepoint: 81400 ns, Total: 535900 ns
[2020-03-27T08:02:48.041+0000][1][safepoint    ] Safepoint "RevokeBias", Time since last: 296470805 ns, Reaching safepoint: 126300 ns, At safepoint: 22800 ns, Total: 149100 ns
[2020-03-27T08:02:48.319+0000][1][safepoint    ] Safepoint "RevokeBias", Time since last: 277995404 ns, Reaching safepoint: 116300 ns, At safepoint: 21200 ns, Total: 137500 ns
[2020-03-27T08:02:48.320+0000][1][safepoint    ] Safepoint "RevokeBias", Time since last: 1206200 ns, Reaching safepoint: 128200 ns, At safepoint: 13800 ns, Total: 142000 ns
[2020-03-27T08:02:48.322+0000][1][safepoint    ] Safepoint "RevokeBias", Time since last: 1389500 ns, Reaching safepoint: 98300 ns, At safepoint: 25000 ns, Total: 123300 ns
[2020-03-27T08:02:48.323+0000][1][safepoint    ] Safepoint "RevokeBias", Time since last: 1091200 ns, Reaching safepoint: 69000 ns, At safepoint: 11700 ns, Total: 80700 ns
[2020-03-27T08:02:48.370+0000][1][safepoint    ] Safepoint "RevokeBias", Time since last: 47595201 ns, Reaching safepoint: 92400 ns, At safepoint: 17300 ns, Total: 109700 ns
[2020-03-27T08:02:48.425+0000][1][gc,start     ] GC(68) Pause Young (Allocation Failure)
[2020-03-27T08:02:48.426+0000][1][gc,task      ] GC(68) Using 2 workers of 2 for evacuation
[2020-03-27T08:02:48.432+0000][1][gc,age       ] GC(68) Desired survivor size 8716288 bytes, new threshold 6 (max threshold 6)
[2020-03-27T08:02:48.433+0000][1][gc,age       ] GC(68) Age table with threshold 6 (max threshold 6)
[2020-03-27T08:02:48.433+0000][1][gc,age       ] GC(68) - age   1:    1239536 bytes,    1239536 total
[2020-03-27T08:02:48.433+0000][1][gc,age       ] GC(68) - age   2:    1300544 bytes,    2540080 total
[2020-03-27T08:02:48.434+0000][1][gc,heap      ] GC(68) ParNew: 148906K->3587K(153344K)
[2020-03-27T08:02:48.434+0000][1][gc,heap      ] GC(68) CMS: 125992K->125992K(353920K)
[2020-03-27T08:02:48.434+0000][1][gc,metaspace ] GC(68) Metaspace: 95865K->95865K(1138688K)
[2020-03-27T08:02:48.435+0000][1][gc           ] GC(68) Pause Young (Allocation Failure) 268M->126M(495M) 9.499ms
[2020-03-27T08:02:48.435+0000][1][gc,cpu       ] GC(68) User=0.02s Sys=0.00s Real=0.01s
[2020-03-27T08:02:48.436+0000][1][safepoint    ] Safepoint "GenCollectForAllocation", Time since last: 54816501 ns, Reaching safepoint: 99800 ns, At safepoint: 10322300 ns, Total: 10422100 ns
[2020-03-27T08:02:48.444+0000][1][safepoint    ] Safepoint "RevokeBias", Time since last: 8312300 ns, Reaching safepoint: 95400 ns, At safepoint: 16700 ns, Total: 112100 ns
[2020-03-27T08:02:48.630+0000][1][safepoint    ] Safepoint "BulkRevokeBias", Time since last: 185260003 ns, Reaching safepoint: 205600 ns, At safepoint: 398300 ns, Total: 603900 ns
[2020-03-27T08:02:49.444+0000][1][safepoint    ] Safepoint "RevokeBias", Time since last: 813779713 ns, Reaching safepoint: 316700 ns, At safepoint: 92500 ns, Total: 409200 ns
[2020-03-27T08:02:49.457+0000][1][safepoint    ] Safepoint "RevokeBias", Time since last: 11998600 ns, Reaching safepoint: 552000 ns, At safepoint: 102800 ns, Total: 654800 ns
[2020-03-27T08:02:49.461+0000][1][safepoint    ] Safepoint "RevokeBias", Time since last: 4093000 ns, Reaching safepoint: 381500 ns, At safepoint: 136900 ns, Total: 518400 ns
[2020-03-27T08:02:49.464+0000][1][safepoint    ] Safepoint "RevokeBias", Time since last: 2552200 ns, Reaching safepoint: 252700 ns, At safepoint: 24500 ns, Total: 277200 ns
[2020-03-27T08:02:49.467+0000][1][safepoint    ] Safepoint "RevokeBias", Time since last: 2201100 ns, Reaching safepoint: 394800 ns, At safepoint: 22200 ns, Total: 417000 ns
[2020-03-27T08:02:49.469+0000][1][safepoint    ] Safepoint "RevokeBias", Time since last: 1736000 ns, Reaching safepoint: 298500 ns, At safepoint: 20100 ns, Total: 318600 ns
[2020-03-27T08:02:49.471+0000][1][safepoint    ] Safepoint "RevokeBias", Time since last: 1450000 ns, Reaching safepoint: 278900 ns, At safepoint: 18800 ns, Total: 297700 ns
[2020-03-27T08:02:49.472+0000][1][safepoint    ] Safepoint "RevokeBias", Time since last: 1332300 ns, Reaching safepoint: 207500 ns, At safepoint: 13400 ns, Total: 220900 ns
[2020-03-27T08:02:49.474+0000][1][safepoint    ] Safepoint "RevokeBias", Time since last: 1369600 ns, Reaching safepoint: 121800 ns, At safepoint: 33700 ns, Total: 155500 ns
[2020-03-27T08:02:50.475+0000][1][safepoint    ] Safepoint "Cleanup", Time since last: 1001134317 ns, Reaching safepoint: 322100 ns, At safepoint: 84200 ns, Total: 406300 ns
[2020-03-27T08:02:51.049+0000][1][safepoint    ] Safepoint "RevokeBias", Time since last: 573101810 ns, Reaching safepoint: 191100 ns, At safepoint: 17800 ns, Total: 208900 ns
[2020-03-27T08:02:51.612+0000][1][safepoint    ] Safepoint "RevokeBias", Time since last: 563136910 ns, Reaching safepoint: 204500 ns, At safepoint: 31600 ns, Total: 236100 ns
[2020-03-27T08:02:51.613+0000][1][safepoint    ] Safepoint "RevokeBias", Time since last: 507500 ns, Reaching safepoint: 177000 ns, At safepoint: 23400 ns, Total: 200400 ns
[2020-03-27T08:02:51.614+0000][1][safepoint    ] Safepoint "RevokeBias", Time since last: 1166300 ns, Reaching safepoint: 163000 ns, At safepoint: 14400 ns, Total: 177400 ns
[2020-03-27T08:02:51.615+0000][1][safepoint    ] Safepoint "RevokeBias", Time since last: 1023900 ns, Reaching safepoint: 137700 ns, At safepoint: 12700 ns, Total: 150400 ns
[2020-03-27T08:02:51.654+0000][1][safepoint    ] Safepoint "RevokeBias", Time since last: 38628901 ns, Reaching safepoint: 213200 ns, At safepoint: 28100 ns, Total: 241300 ns
[2020-03-27T08:02:52.656+0000][1][safepoint    ] Safepoint "Cleanup", Time since last: 1001189518 ns, Reaching safepoint: 370400 ns, At safepoint: 65400 ns, Total: 435800 ns
[2020-03-27T08:02:53.658+0000][1][safepoint    ] Safepoint "Cleanup", Time since last: 1001933818 ns, Reaching safepoint: 322400 ns, At safepoint: 83400 ns, Total: 405800 ns
[2020-03-27T08:02:54.661+0000][1][safepoint    ] Safepoint "Cleanup", Time since last: 1002396918 ns, Reaching safepoint: 554000 ns, At safepoint: 24800 ns, Total: 578800 ns
[2020-03-27T08:02:55.664+0000][1][safepoint    ] Safepoint "Cleanup", Time since last: 1002645419 ns, Reaching safepoint: 323300 ns, At safepoint: 85700 ns, Total: 409000 ns
[2020-03-27T08:02:56.667+0000][1][safepoint    ] Safepoint "Cleanup", Time since last: 1002342018 ns, Reaching safepoint: 293100 ns, At safepoint: 58600 ns, Total: 351700 ns
[2020-03-27T08:02:57.669+0000][1][safepoint    ] Safepoint "Cleanup", Time since last: 1001921918 ns, Reaching safepoint: 169700 ns, At safepoint: 42600 ns, Total: 212300 ns
[2020-03-27T08:02:58.030+0000][1][gc,start     ] GC(69) Pause Young (Allocation Failure)
[2020-03-27T08:02:58.031+0000][1][gc,task      ] GC(69) Using 2 workers of 2 for evacuation
[2020-03-27T08:02:58.034+0000][1][gc,age       ] GC(69) Desired survivor size 8716288 bytes, new threshold 6 (max threshold 6)
[2020-03-27T08:02:58.046+0000][1][gc,age       ] GC(69) Age table with threshold 6 (max threshold 6)
[2020-03-27T08:02:58.047+0000][1][gc,age       ] GC(69) - age   1:     656368 bytes,     656368 total
[2020-03-27T08:02:58.047+0000][1][gc,age       ] GC(69) - age   2:     393000 bytes,    1049368 total
[2020-03-27T08:02:58.048+0000][1][gc,age       ] GC(69) - age   3:     148656 bytes,    1198024 total
[2020-03-27T08:02:58.049+0000][1][gc,heap      ] GC(69) ParNew: 139907K->2757K(153344K)
[2020-03-27T08:02:58.049+0000][1][gc,heap      ] GC(69) CMS: 125992K->125992K(353920K)
[2020-03-27T08:02:58.049+0000][1][gc,metaspace ] GC(69) Metaspace: 95884K->95884K(1138688K)
[2020-03-27T08:02:58.050+0000][1][gc           ] GC(69) Pause Young (Allocation Failure) 259M->125M(495M) 19.976ms
[2020-03-27T08:02:58.050+0000][1][gc,cpu       ] GC(69) User=0.00s Sys=0.00s Real=0.02s
[2020-03-27T08:02:58.051+0000][1][safepoint    ] Safepoint "GenCollectForAllocation", Time since last: 360829534 ns, Reaching safepoint: 137900 ns, At safepoint: 20966920 ns, Total: 21104820 ns
[2020-03-27T08:02:58.075+0000][1][safepoint    ] Safepoint "RevokeBias", Time since last: 23943523 ns, Reaching safepoint: 177800 ns, At safepoint: 15000 ns, Total: 192800 ns
[2020-03-27T08:02:58.622+0000][1][safepoint    ] Safepoint "RevokeBias", Time since last: 547074218 ns, Reaching safepoint: 230700 ns, At safepoint: 26400 ns, Total: 257100 ns
[2020-03-27T08:02:58.623+0000][1][safepoint    ] Safepoint "RevokeBias", Time since last: 951901 ns, Reaching safepoint: 125900 ns, At safepoint: 23200 ns, Total: 149100 ns
[2020-03-27T08:02:58.625+0000][1][safepoint    ] Safepoint "RevokeBias", Time since last: 1174901 ns, Reaching safepoint: 81100 ns, At safepoint: 20900 ns, Total: 102000 ns
[2020-03-27T08:02:58.626+0000][1][safepoint    ] Safepoint "RevokeBias", Time since last: 1031301 ns, Reaching safepoint: 174301 ns, At safepoint: 12400 ns, Total: 186701 ns
[2020-03-27T08:02:58.671+0000][1][safepoint    ] Safepoint "RevokeBias", Time since last: 45437743 ns, Reaching safepoint: 114000 ns, At safepoint: 24700 ns, Total: 138700 ns
[2020-03-27T08:02:59.673+0000][1][safepoint    ] Safepoint "Cleanup", Time since last: 1000992048 ns, Reaching safepoint: 404000 ns, At safepoint: 84800 ns, Total: 488800 ns
[2020-03-27T08:03:00.675+0000][1][safepoint    ] Safepoint "Cleanup", Time since last: 1001994249 ns, Reaching safepoint: 253700 ns, At safepoint: 52400 ns, Total: 306100 ns
[2020-03-27T08:03:01.050+0000][1][safepoint    ] Safepoint "RevokeBias", Time since last: 374485155 ns, Reaching safepoint: 170800 ns, At safepoint: 25700 ns, Total: 196500 ns
[2020-03-27T08:03:01.769+0000][1][safepoint    ] Safepoint "RevokeBias", Time since last: 718490680 ns, Reaching safepoint: 171700 ns, At safepoint: 18100 ns, Total: 189800 ns
[2020-03-27T08:03:01.770+0000][1][safepoint    ] Safepoint "RevokeBias", Time since last: 801701 ns, Reaching safepoint: 150100 ns, At safepoint: 23100 ns, Total: 173200 ns
[2020-03-27T08:03:01.772+0000][1][safepoint    ] Safepoint "RevokeBias", Time since last: 1942302 ns, Reaching safepoint: 159500 ns, At safepoint: 10700 ns, Total: 170200 ns
[2020-03-27T08:03:01.774+0000][1][safepoint    ] Safepoint "RevokeBias", Time since last: 1979002 ns, Reaching safepoint: 94500 ns, At safepoint: 24300 ns, Total: 118800 ns
[2020-03-27T08:03:01.818+0000][1][safepoint    ] Safepoint "RevokeBias", Time since last: 43924442 ns, Reaching safepoint: 122300 ns, At safepoint: 19700 ns, Total: 142000 ns
[2020-03-27T08:03:02.819+0000][1][safepoint    ] Safepoint "Cleanup", Time since last: 1000701248 ns, Reaching safepoint: 332700 ns, At safepoint: 85500 ns, Total: 418200 ns
[2020-03-27T08:03:03.822+0000][1][safepoint    ] Safepoint "Cleanup", Time since last: 1002239949 ns, Reaching safepoint: 457101 ns, At safepoint: 82000 ns, Total: 539101 ns
[2020-03-27T08:03:04.825+0000][1][safepoint    ] Safepoint "Cleanup", Time since last: 1002855649 ns, Reaching safepoint: 320501 ns, At safepoint: 83400 ns, Total: 403901 ns
[2020-03-27T08:03:05.828+0000][1][safepoint    ] Safepoint "Cleanup", Time since last: 1002314549 ns, Reaching safepoint: 474900 ns, At safepoint: 81500 ns, Total: 556400 ns
[2020-03-27T08:03:06.831+0000][1][safepoint    ] Safepoint "Cleanup", Time since last: 1002742087 ns, Reaching safepoint: 337002 ns, At safepoint: 92501 ns, Total: 429503 ns
[2020-03-27T08:03:07.834+0000][1][safepoint    ] Safepoint "Cleanup", Time since last: 1002566887 ns, Reaching safepoint: 329502 ns, At safepoint: 85901 ns, Total: 415403 ns
[2020-03-27T08:03:08.027+0000][1][safepoint    ] Safepoint "RevokeBias", Time since last: 192903002 ns, Reaching safepoint: 182901 ns, At safepoint: 21500 ns, Total: 204401 ns
[2020-03-27T08:03:08.739+0000][1][gc,start     ] GC(70) Pause Young (Allocation Failure)
[2020-03-27T08:03:08.740+0000][1][gc,task      ] GC(70) Using 2 workers of 2 for evacuation
[2020-03-27T08:03:08.748+0000][1][gc,age       ] GC(70) Desired survivor size 8716288 bytes, new threshold 1 (max threshold 6)
[2020-03-27T08:03:08.749+0000][1][gc,age       ] GC(70) Age table with threshold 1 (max threshold 6)
[2020-03-27T08:03:08.752+0000][1][gc,age       ] GC(70) - age   1:    9291728 bytes,    9291728 total
[2020-03-27T08:03:08.753+0000][1][gc,age       ] GC(70) - age   2:     526840 bytes,    9818568 total
[2020-03-27T08:03:08.753+0000][1][gc,age       ] GC(70) - age   3:     386224 bytes,   10204792 total
[2020-03-27T08:03:08.754+0000][1][gc,age       ] GC(70) - age   4:     148560 bytes,   10353352 total
[2020-03-27T08:03:08.755+0000][1][gc,heap      ] GC(70) ParNew: 138765K->10716K(153344K)
[2020-03-27T08:03:08.755+0000][1][gc,heap      ] GC(70) CMS: 125992K->125992K(353920K)
[2020-03-27T08:03:08.756+0000][1][gc,metaspace ] GC(70) Metaspace: 95893K->95893K(1138688K)
[2020-03-27T08:03:08.756+0000][1][gc           ] GC(70) Pause Young (Allocation Failure) 258M->133M(495M) 16.824ms
[2020-03-27T08:03:08.757+0000][1][gc,cpu       ] GC(70) User=0.01s Sys=0.00s Real=0.02s
[2020-03-27T08:03:08.757+0000][1][safepoint    ] Safepoint "GenCollectForAllocation", Time since last: 711994562 ns, Reaching safepoint: 261800 ns, At safepoint: 17853900 ns, Total: 18115700 ns
[2020-03-27T08:03:08.773+0000][1][safepoint    ] Safepoint "RevokeBias", Time since last: 15759001 ns, Reaching safepoint: 119200 ns, At safepoint: 18100 ns, Total: 137300 ns
[2020-03-27T08:03:08.774+0000][1][safepoint    ] Safepoint "RevokeBias", Time since last: 934800 ns, Reaching safepoint: 69700 ns, At safepoint: 12600 ns, Total: 82300 ns
[2020-03-27T08:03:08.775+0000][1][safepoint    ] Safepoint "RevokeBias", Time since last: 1226000 ns, Reaching safepoint: 60900 ns, At safepoint: 31400 ns, Total: 92300 ns
[2020-03-27T08:03:08.776+0000][1][safepoint    ] Safepoint "RevokeBias", Time since last: 566500 ns, Reaching safepoint: 76000 ns, At safepoint: 21500 ns, Total: 97500 ns
[2020-03-27T08:03:08.824+0000][1][safepoint    ] Safepoint "RevokeBias", Time since last: 48157101 ns, Reaching safepoint: 107700 ns, At safepoint: 30300 ns, Total: 138000 ns
[2020-03-27T08:03:09.826+0000][1][safepoint    ] Safepoint "Cleanup", Time since last: 1000682328 ns, Reaching safepoint: 318700 ns, At safepoint: 186000 ns, Total: 504700 ns
[2020-03-27T08:03:10.827+0000][1][safepoint    ] Safepoint "Cleanup", Time since last: 1001716427 ns, Reaching safepoint: 96200 ns, At safepoint: 4800 ns, Total: 101000 ns
[2020-03-27T08:03:11.076+0000][1][safepoint    ] Safepoint "RevokeBias", Time since last: 248238507 ns, Reaching safepoint: 484000 ns, At safepoint: 22500 ns, Total: 506500 ns
[2020-03-27T08:03:11.906+0000][1][safepoint    ] Safepoint "RevokeBias", Time since last: 829678723 ns, Reaching safepoint: 152000 ns, At safepoint: 33800 ns, Total: 185800 ns
[2020-03-27T08:03:11.907+0000][1][safepoint    ] Safepoint "BulkRevokeBias", Time since last: 921400 ns, Reaching safepoint: 71100 ns, At safepoint: 397900 ns, Total: 469000 ns
[2020-03-27T08:03:11.909+0000][1][safepoint    ] Safepoint "RevokeBias", Time since last: 1476500 ns, Reaching safepoint: 72200 ns, At safepoint: 13800 ns, Total: 86000 ns
[2020-03-27T08:03:11.911+0000][1][safepoint    ] Safepoint "BulkRevokeBias", Time since last: 1237300 ns, Reaching safepoint: 191600 ns, At safepoint: 432700 ns, Total: 624300 ns
[2020-03-27T08:03:11.951+0000][1][safepoint    ] Safepoint "RevokeBias", Time since last: 40375901 ns, Reaching safepoint: 117100 ns, At safepoint: 29000 ns, Total: 146100 ns
[2020-03-27T08:03:12.953+0000][1][safepoint    ] Safepoint "Cleanup", Time since last: 1000719728 ns, Reaching safepoint: 513900 ns, At safepoint: 90200 ns, Total: 604100 ns
[2020-03-27T08:03:13.955+0000][1][safepoint    ] Safepoint "Cleanup", Time since last: 1002019928 ns, Reaching safepoint: 99800 ns, At safepoint: 20300 ns, Total: 120100 ns
[2020-03-27T08:03:14.956+0000][1][safepoint    ] Safepoint "Cleanup", Time since last: 1001033320 ns, Reaching safepoint: 212900 ns, At safepoint: 57300 ns, Total: 270200 ns
[2020-03-27T08:03:15.958+0000][1][safepoint    ] Safepoint "Cleanup", Time since last: 1001823532 ns, Reaching safepoint: 330100 ns, At safepoint: 81300 ns, Total: 411400 ns
[2020-03-27T08:03:16.961+0000][1][safepoint    ] Safepoint "Cleanup", Time since last: 1001960631 ns, Reaching safepoint: 447000 ns, At safepoint: 83600 ns, Total: 530600 ns
[2020-03-27T08:03:17.964+0000][1][safepoint    ] Safepoint "Cleanup", Time since last: 1002553332 ns, Reaching safepoint: 415400 ns, At safepoint: 86000 ns, Total: 501400 ns
[2020-03-27T08:03:18.002+0000][1][safepoint    ] Safepoint "RevokeBias", Time since last: 37739105 ns, Reaching safepoint: 94300 ns, At safepoint: 22100 ns, Total: 116400 ns
[2020-03-27T08:03:18.014+0000][1][gc,start     ] GC(71) Pause Young (Allocation Failure)
[2020-03-27T08:03:18.016+0000][1][gc,task      ] GC(71) Using 2 workers of 2 for evacuation
[2020-03-27T08:03:18.042+0000][1][gc,age       ] GC(71) Desired survivor size 8716288 bytes, new threshold 6 (max threshold 6)
[2020-03-27T08:03:18.043+0000][1][gc,age       ] GC(71) Age table with threshold 6 (max threshold 6)
[2020-03-27T08:03:18.043+0000][1][gc,age       ] GC(71) - age   1:    8112704 bytes,    8112704 total
[2020-03-27T08:03:18.044+0000][1][gc,heap      ] GC(71) ParNew: 147036K->11797K(153344K)
[2020-03-27T08:03:18.044+0000][1][gc,heap      ] GC(71) CMS: 125992K->127621K(353920K)
[2020-03-27T08:03:18.045+0000][1][gc,metaspace ] GC(71) Metaspace: 95913K->95913K(1138688K)
[2020-03-27T08:03:18.045+0000][1][gc           ] GC(71) Pause Young (Allocation Failure) 266M->136M(495M) 31.076ms
[2020-03-27T08:03:18.046+0000][1][gc,cpu       ] GC(71) User=0.01s Sys=0.00s Real=0.04s
[2020-03-27T08:03:18.046+0000][1][safepoint    ] Safepoint "GenCollectForAllocation", Time since last: 12064102 ns, Reaching safepoint: 130100 ns, At safepoint: 32136904 ns, Total: 32267004 ns
[2020-03-27T08:03:19.047+0000][1][safepoint    ] Safepoint "Cleanup", Time since last: 1000671231 ns, Reaching safepoint: 338100 ns, At safepoint: 5300 ns, Total: 343400 ns
[2020-03-27T08:03:20.048+0000][1][safepoint    ] Safepoint "Cleanup", Time since last: 1000765032 ns, Reaching safepoint: 112400 ns, At safepoint: 23300 ns, Total: 135700 ns
[2020-03-27T08:03:21.049+0000][1][safepoint    ] Safepoint "Cleanup", Time since last: 1000725031 ns, Reaching safepoint: 214200 ns, At safepoint: 9700 ns, Total: 223900 ns
[2020-03-27T08:03:21.063+0000][1][safepoint    ] Safepoint "BulkRevokeBias", Time since last: 13275402 ns, Reaching safepoint: 122300 ns, At safepoint: 589900 ns, Total: 712200 ns
[2020-03-27T08:03:22.064+0000][1][safepoint    ] Safepoint "Cleanup", Time since last: 1000636331 ns, Reaching safepoint: 99100 ns, At safepoint: 16800 ns, Total: 115900 ns
[2020-03-27T08:03:23.065+0000][1][safepoint    ] Safepoint "Cleanup", Time since last: 1001099242 ns, Reaching safepoint: 323800 ns, At safepoint: 91200 ns, Total: 415000 ns
[2020-03-27T08:03:24.068+0000][1][safepoint    ] Safepoint "Cleanup", Time since last: 1001962344 ns, Reaching safepoint: 518600 ns, At safepoint: 73200 ns, Total: 591800 ns
[2020-03-27T08:03:25.071+0000][1][safepoint    ] Safepoint "Cleanup", Time since last: 1002405544 ns, Reaching safepoint: 453000 ns, At safepoint: 80800 ns, Total: 533800 ns
[2020-03-27T08:03:26.073+0000][1][safepoint    ] Safepoint "Cleanup", Time since last: 1002103244 ns, Reaching safepoint: 361200 ns, At safepoint: 89000 ns, Total: 450200 ns
[2020-03-27T08:03:27.076+0000][1][safepoint    ] Safepoint "Cleanup", Time since last: 1002345544 ns, Reaching safepoint: 372100 ns, At safepoint: 84100 ns, Total: 456200 ns
[2020-03-27T08:03:28.075+0000][1][safepoint    ] Safepoint "RevokeBias", Time since last: 998356443 ns, Reaching safepoint: 129600 ns, At safepoint: 13100 ns, Total: 142700 ns
[2020-03-27T08:03:29.076+0000][1][safepoint    ] Safepoint "Cleanup", Time since last: 1001012344 ns, Reaching safepoint: 318300 ns, At safepoint: 85000 ns, Total: 403300 ns
[2020-03-27T08:03:30.079+0000][1][safepoint    ] Safepoint "Cleanup", Time since last: 1002293244 ns, Reaching safepoint: 471600 ns, At safepoint: 74400 ns, Total: 546000 ns
[2020-03-27T08:03:31.068+0000][1][safepoint    ] Safepoint "RevokeBias", Time since last: 988453463 ns, Reaching safepoint: 227400 ns, At safepoint: 16400 ns, Total: 243800 ns
[2020-03-27T08:03:32.069+0000][1][safepoint    ] Safepoint "Cleanup", Time since last: 1000795051 ns, Reaching safepoint: 405200 ns, At safepoint: 86600 ns, Total: 491800 ns
[2020-03-27T08:03:33.071+0000][1][safepoint    ] Safepoint "Cleanup", Time since last: 1001929851 ns, Reaching safepoint: 314100 ns, At safepoint: 83800 ns, Total: 397900 ns
[2020-03-27T08:03:34.074+0000][1][safepoint    ] Safepoint "Cleanup", Time since last: 1002133551 ns, Reaching safepoint: 413700 ns, At safepoint: 82500 ns, Total: 496200 ns
[2020-03-27T08:03:35.076+0000][1][safepoint    ] Safepoint "Cleanup", Time since last: 1002322651 ns, Reaching safepoint: 167100 ns, At safepoint: 40100 ns, Total: 207200 ns
[2020-03-27T08:03:36.078+0000][1][safepoint    ] Safepoint "Cleanup", Time since last: 1001242851 ns, Reaching safepoint: 318400 ns, At safepoint: 85200 ns, Total: 403600 ns
[2020-03-27T08:03:37.081+0000][1][safepoint    ] Safepoint "Cleanup", Time since last: 1002075852 ns, Reaching safepoint: 376100 ns, At safepoint: 177399 ns, Total: 553499 ns
[2020-03-27T08:03:38.028+0000][1][safepoint    ] Safepoint "RevokeBias", Time since last: 947322260 ns, Reaching safepoint: 181900 ns, At safepoint: 27200 ns, Total: 209100 ns
[2020-03-27T08:03:39.030+0000][1][safepoint    ] Safepoint "Cleanup", Time since last: 1001096960 ns, Reaching safepoint: 486400 ns, At safepoint: 83300 ns, Total: 569700 ns
[2020-03-27T08:03:40.032+0000][1][safepoint    ] Safepoint "Cleanup", Time since last: 1002207356 ns, Reaching safepoint: 142800 ns, At safepoint: 7000 ns, Total: 149800 ns
[2020-03-27T08:03:40.411+0000][1][safepoint    ] Safepoint "RevokeBias", Time since last: 378120131 ns, Reaching safepoint: 370100 ns, At safepoint: 98499 ns, Total: 468599 ns
[2020-03-27T08:03:40.567+0000][1][safepoint    ] Safepoint "RevokeBias", Time since last: 155799007 ns, Reaching safepoint: 314800 ns, At safepoint: 105300 ns, Total: 420100 ns
[2020-03-27T08:03:40.602+0000][1][safepoint    ] Safepoint "RevokeBias", Time since last: 34615457 ns, Reaching safepoint: 118000 ns, At safepoint: 24300 ns, Total: 142300 ns
[2020-03-27T08:03:40.634+0000][1][safepoint    ] Safepoint "RevokeBias", Time since last: 32211160 ns, Reaching safepoint: 249399 ns, At safepoint: 32800 ns, Total: 282199 ns
[2020-03-27T08:03:40.635+0000][1][safepoint    ] Safepoint "RevokeBias", Time since last: 752999 ns, Reaching safepoint: 82000 ns, At safepoint: 29600 ns, Total: 111600 ns
[2020-03-27T08:03:41.087+0000][1][safepoint    ] Safepoint "RevokeBias", Time since last: 451045541 ns, Reaching safepoint: 556099 ns, At safepoint: 20900 ns, Total: 576999 ns
[2020-03-27T08:03:41.608+0000][1][safepoint    ] Safepoint "RevokeBias", Time since last: 521285053 ns, Reaching safepoint: 338300 ns, At safepoint: 115700 ns, Total: 454000 ns
[2020-03-27T08:03:41.612+0000][1][safepoint    ] Safepoint "RevokeBias", Time since last: 2568396 ns, Reaching safepoint: 344800 ns, At safepoint: 198300 ns, Total: 543100 ns
[2020-03-27T08:03:41.680+0000][1][safepoint    ] Safepoint "RevokeBias", Time since last: 67942715 ns, Reaching safepoint: 89500 ns, At safepoint: 24100 ns, Total: 113600 ns
[2020-03-27T08:03:41.680+0000][1][safepoint    ] Safepoint "RevokeBias", Time since last: 488200 ns, Reaching safepoint: 82200 ns, At safepoint: 13400 ns, Total: 95600 ns
[2020-03-27T08:03:41.711+0000][1][safepoint    ] Safepoint "RevokeBias", Time since last: 31100361 ns, Reaching safepoint: 138200 ns, At safepoint: 22800 ns, Total: 161000 ns
[2020-03-27T08:03:41.712+0000][1][safepoint    ] Safepoint "RevokeBias", Time since last: 491699 ns, Reaching safepoint: 76700 ns, At safepoint: 21200 ns, Total: 97900 ns
[2020-03-27T08:03:42.713+0000][1][safepoint    ] Safepoint "Cleanup", Time since last: 1000919258 ns, Reaching safepoint: 372800 ns, At safepoint: 85500 ns, Total: 458300 ns
[2020-03-27T08:03:43.716+0000][1][safepoint    ] Safepoint "Cleanup", Time since last: 1002382156 ns, Reaching safepoint: 587199 ns, At safepoint: 39400 ns, Total: 626599 ns
[2020-03-27T08:03:43.925+0000][1][gc,start     ] GC(72) Pause Young (Allocation Failure)
[2020-03-27T08:03:43.926+0000][1][gc,task      ] GC(72) Using 2 workers of 2 for evacuation
[2020-03-27T08:03:43.935+0000][1][gc,age       ] GC(72) Desired survivor size 8716288 bytes, new threshold 2 (max threshold 6)
[2020-03-27T08:03:43.936+0000][1][gc,age       ] GC(72) Age table with threshold 2 (max threshold 6)
[2020-03-27T08:03:43.936+0000][1][gc,age       ] GC(72) - age   1:    6519672 bytes,    6519672 total
[2020-03-27T08:03:43.936+0000][1][gc,age       ] GC(72) - age   2:    6717696 bytes,   13237368 total
[2020-03-27T08:03:43.937+0000][1][gc,heap      ] GC(72) ParNew: 148117K->17024K(153344K)
[2020-03-27T08:03:43.937+0000][1][gc,heap      ] GC(72) CMS: 127621K->127621K(353920K)
[2020-03-27T08:03:43.938+0000][1][gc,metaspace ] GC(72) Metaspace: 96040K->96040K(1138688K)
[2020-03-27T08:03:43.938+0000][1][gc           ] GC(72) Pause Young (Allocation Failure) 269M->141M(495M) 13.093ms
[2020-03-27T08:03:43.939+0000][1][gc,cpu       ] GC(72) User=0.01s Sys=0.00s Real=0.02s
[2020-03-27T08:03:43.939+0000][1][safepoint    ] Safepoint "GenCollectForAllocation", Time since last: 207872342 ns, Reaching safepoint: 682700 ns, At safepoint: 14135982 ns, Total: 14818682 ns
[2020-03-27T08:03:43.955+0000][1][safepoint    ] Safepoint "RevokeBias", Time since last: 15277481 ns, Reaching safepoint: 156200 ns, At safepoint: 17600 ns, Total: 173800 ns
[2020-03-27T08:03:43.955+0000][1][safepoint    ] Safepoint "RevokeBias", Time since last: 600099 ns, Reaching safepoint: 94700 ns, At safepoint: 12000 ns, Total: 106700 ns
[2020-03-27T08:03:43.956+0000][1][safepoint    ] Safepoint "RevokeBias", Time since last: 863399 ns, Reaching safepoint: 56400 ns, At safepoint: 21100 ns, Total: 77500 ns
[2020-03-27T08:03:43.957+0000][1][safepoint    ] Safepoint "RevokeBias", Time since last: 1153998 ns, Reaching safepoint: 59300 ns, At safepoint: 21100 ns, Total: 80400 ns
[2020-03-27T08:03:43.959+0000][1][safepoint    ] Safepoint "RevokeBias", Time since last: 879699 ns, Reaching safepoint: 268200 ns, At safepoint: 13500 ns, Total: 281700 ns
[2020-03-27T08:03:44.003+0000][1][safepoint    ] Safepoint "RevokeBias", Time since last: 43766445 ns, Reaching safepoint: 126500 ns, At safepoint: 29100 ns, Total: 155600 ns
[2020-03-27T08:03:44.088+0000][1][safepoint    ] Safepoint "RevokeBias", Time since last: 84509695 ns, Reaching safepoint: 906099 ns, At safepoint: 104600 ns, Total: 1010699 ns
[2020-03-27T08:03:44.131+0000][1][safepoint    ] Safepoint "RevokeBias", Time since last: 42681047 ns, Reaching safepoint: 258500 ns, At safepoint: 17700 ns, Total: 276200 ns
[2020-03-27T08:03:44.132+0000][1][safepoint    ] Safepoint "RevokeBias", Time since last: 796199 ns, Reaching safepoint: 297500 ns, At safepoint: 14800 ns, Total: 312300 ns
[2020-03-27T08:03:44.133+0000][1][safepoint    ] Safepoint "RevokeBias", Time since last: 1166698 ns, Reaching safepoint: 58300 ns, At safepoint: 22000 ns, Total: 80300 ns
[2020-03-27T08:03:44.135+0000][1][safepoint    ] Safepoint "RevokeBias", Time since last: 1006699 ns, Reaching safepoint: 171200 ns, At safepoint: 13000 ns, Total: 184200 ns
[2020-03-27T08:03:44.174+0000][1][safepoint    ] Safepoint "RevokeBias", Time since last: 39221151 ns, Reaching safepoint: 117500 ns, At safepoint: 28600 ns, Total: 146100 ns
[2020-03-27T08:03:44.206+0000][1][safepoint    ] Safepoint "RevokeBias", Time since last: 31529661 ns, Reaching safepoint: 186699 ns, At safepoint: 34700 ns, Total: 221399 ns
[2020-03-27T08:03:44.208+0000][1][safepoint    ] Safepoint "RevokeBias", Time since last: 1832498 ns, Reaching safepoint: 176500 ns, At safepoint: 44900 ns, Total: 221400 ns
[2020-03-27T08:03:44.218+0000][1][safepoint    ] Safepoint "RevokeBias", Time since last: 9434188 ns, Reaching safepoint: 302000 ns, At safepoint: 74600 ns, Total: 376600 ns
[2020-03-27T08:03:44.241+0000][1][safepoint    ] Safepoint "RevokeBias", Time since last: 22959871 ns, Reaching safepoint: 130400 ns, At safepoint: 26400 ns, Total: 156800 ns
[2020-03-27T08:03:44.242+0000][1][safepoint    ] Safepoint "RevokeBias", Time since last: 858599 ns, Reaching safepoint: 104600 ns, At safepoint: 13800 ns, Total: 118400 ns
[2020-03-27T08:03:44.244+0000][1][safepoint    ] Safepoint "RevokeBias", Time since last: 1862797 ns, Reaching safepoint: 77900 ns, At safepoint: 12300 ns, Total: 90200 ns
[2020-03-27T08:03:44.245+0000][1][safepoint    ] Safepoint "RevokeBias", Time since last: 1360199 ns, Reaching safepoint: 181099 ns, At safepoint: 16600 ns, Total: 197699 ns
[2020-03-27T08:03:44.354+0000][1][gc,start     ] GC(73) Pause Young (Allocation Failure)
[2020-03-27T08:03:44.354+0000][1][gc,task      ] GC(73) Using 2 workers of 2 for evacuation
[2020-03-27T08:03:44.364+0000][1][gc,age       ] GC(73) Desired survivor size 8716288 bytes, new threshold 6 (max threshold 6)
[2020-03-27T08:03:44.365+0000][1][gc,age       ] GC(73) Age table with threshold 6 (max threshold 6)
[2020-03-27T08:03:44.365+0000][1][gc,age       ] GC(73) - age   1:    2006880 bytes,    2006880 total
[2020-03-27T08:03:44.365+0000][1][gc,age       ] GC(73) - age   2:     236104 bytes,    2242984 total
[2020-03-27T08:03:44.366+0000][1][gc,heap      ] GC(73) ParNew: 153344K->11672K(153344K)
[2020-03-27T08:03:44.366+0000][1][gc,heap      ] GC(73) CMS: 127621K->128191K(353920K)
[2020-03-27T08:03:44.367+0000][1][gc,metaspace ] GC(73) Metaspace: 96058K->96058K(1138688K)
[2020-03-27T08:03:44.367+0000][1][gc           ] GC(73) Pause Young (Allocation Failure) 274M->136M(495M) 12.699ms
[2020-03-27T08:03:44.367+0000][1][gc,cpu       ] GC(73) User=0.01s Sys=0.00s Real=0.02s
[2020-03-27T08:03:44.367+0000][1][safepoint    ] Safepoint "GenCollectForAllocation", Time since last: 108821665 ns, Reaching safepoint: 204500 ns, At safepoint: 13248484 ns, Total: 13452984 ns
[2020-03-27T08:03:44.425+0000][1][safepoint    ] Safepoint "RevokeBias", Time since last: 57842028 ns, Reaching safepoint: 99500 ns, At safepoint: 16900 ns, Total: 116400 ns
[2020-03-27T08:03:44.426+0000][1][safepoint    ] Safepoint "RevokeBias", Time since last: 451199 ns, Reaching safepoint: 133800 ns, At safepoint: 15900 ns, Total: 149700 ns
[2020-03-27T08:03:44.431+0000][1][safepoint    ] Safepoint "RevokeBias", Time since last: 4976094 ns, Reaching safepoint: 155100 ns, At safepoint: 13300 ns, Total: 168400 ns
[2020-03-27T08:03:44.432+0000][1][safepoint    ] Safepoint "RevokeBias", Time since last: 465999 ns, Reaching safepoint: 145600 ns, At safepoint: 15300 ns, Total: 160900 ns
[2020-03-27T08:03:45.207+0000][1][safepoint    ] Safepoint "RevokeBias", Time since last: 775265038 ns, Reaching safepoint: 323600 ns, At safepoint: 91999 ns, Total: 415599 ns
[2020-03-27T08:03:45.244+0000][1][safepoint    ] Safepoint "RevokeBias", Time since last: 36071856 ns, Reaching safepoint: 127400 ns, At safepoint: 49399 ns, Total: 176799 ns
[2020-03-27T08:03:45.485+0000][1][safepoint    ] Safepoint "RevokeBias", Time since last: 240689702 ns, Reaching safepoint: 252600 ns, At safepoint: 29300 ns, Total: 281900 ns
[2020-03-27T08:03:45.485+0000][1][safepoint    ] Safepoint "RevokeBias", Time since last: 457599 ns, Reaching safepoint: 110500 ns, At safepoint: 11900 ns, Total: 122400 ns
[2020-03-27T08:03:45.487+0000][1][safepoint    ] Safepoint "RevokeBias", Time since last: 1458898 ns, Reaching safepoint: 179500 ns, At safepoint: 14300 ns, Total: 193800 ns
[2020-03-27T08:03:45.488+0000][1][safepoint    ] Safepoint "RevokeBias", Time since last: 956199 ns, Reaching safepoint: 79999 ns, At safepoint: 20700 ns, Total: 100699 ns
[2020-03-27T08:03:45.559+0000][1][safepoint    ] Safepoint "RevokeBias", Time since last: 70943712 ns, Reaching safepoint: 112700 ns, At safepoint: 28000 ns, Total: 140700 ns
[2020-03-27T08:03:45.628+0000][1][safepoint    ] Safepoint "RevokeBias", Time since last: 68435415 ns, Reaching safepoint: 114000 ns, At safepoint: 26700 ns, Total: 140700 ns
[2020-03-27T08:03:46.629+0000][1][safepoint    ] Safepoint "Cleanup", Time since last: 1000610550 ns, Reaching safepoint: 596900 ns, At safepoint: 96900 ns, Total: 693800 ns
[2020-03-27T08:03:47.631+0000][1][safepoint    ] Safepoint "Cleanup", Time since last: 1001934667 ns, Reaching safepoint: 99100 ns, At safepoint: 14600 ns, Total: 113700 ns
[2020-03-27T08:03:48.033+0000][1][safepoint    ] Safepoint "RevokeBias", Time since last: 402272406 ns, Reaching safepoint: 138900 ns, At safepoint: 38200 ns, Total: 177100 ns
[2020-03-27T08:03:48.102+0000][1][safepoint    ] Safepoint "RevokeBias", Time since last: 68557884 ns, Reaching safepoint: 231300 ns, At safepoint: 39700 ns, Total: 271000 ns
[2020-03-27T08:03:48.103+0000][1][safepoint    ] Safepoint "RevokeBias", Time since last: 995800 ns, Reaching safepoint: 63100 ns, At safepoint: 58900 ns, Total: 122000 ns
[2020-03-27T08:03:48.105+0000][1][safepoint    ] Safepoint "RevokeBias", Time since last: 1620700 ns, Reaching safepoint: 100500 ns, At safepoint: 38800 ns, Total: 139300 ns
[2020-03-27T08:03:48.106+0000][1][safepoint    ] Safepoint "RevokeBias", Time since last: 820699 ns, Reaching safepoint: 80800 ns, At safepoint: 12900 ns, Total: 93700 ns
[2020-03-27T08:03:48.148+0000][1][safepoint    ] Safepoint "RevokeBias", Time since last: 42211191 ns, Reaching safepoint: 105700 ns, At safepoint: 28900 ns, Total: 134600 ns
[2020-03-27T08:03:49.150+0000][1][safepoint    ] Safepoint "Cleanup", Time since last: 1000822367 ns, Reaching safepoint: 407400 ns, At safepoint: 83000 ns, Total: 490400 ns
[2020-03-27T08:03:50.152+0000][1][safepoint    ] Safepoint "Cleanup", Time since last: 1002643266 ns, Reaching safepoint: 113100 ns, At safepoint: 15800 ns, Total: 128900 ns
[2020-03-27T08:03:51.105+0000][1][safepoint    ] Safepoint "RevokeBias", Time since last: 952250879 ns, Reaching safepoint: 224900 ns, At safepoint: 22200 ns, Total: 247100 ns
[2020-03-27T08:03:51.349+0000][1][gc,start     ] GC(74) Pause Young (Allocation Failure)
[2020-03-27T08:03:51.350+0000][1][gc,task      ] GC(74) Using 2 workers of 2 for evacuation
[2020-03-27T08:03:51.354+0000][1][gc,age       ] GC(74) Desired survivor size 8716288 bytes, new threshold 6 (max threshold 6)
[2020-03-27T08:03:51.355+0000][1][gc,age       ] GC(74) Age table with threshold 6 (max threshold 6)
[2020-03-27T08:03:51.356+0000][1][gc,age       ] GC(74) - age   1:    2326624 bytes,    2326624 total
[2020-03-27T08:03:51.356+0000][1][gc,age       ] GC(74) - age   2:     632192 bytes,    2958816 total
[2020-03-27T08:03:51.356+0000][1][gc,age       ] GC(74) - age   3:     173672 bytes,    3132488 total
[2020-03-27T08:03:51.357+0000][1][gc,heap      ] GC(74) ParNew: 147992K->4993K(153344K)
[2020-03-27T08:03:51.357+0000][1][gc,heap      ] GC(74) CMS: 128191K->128191K(353920K)
[2020-03-27T08:03:51.357+0000][1][gc,metaspace ] GC(74) Metaspace: 96088K->96088K(1138688K)
[2020-03-27T08:03:51.358+0000][1][gc           ] GC(74) Pause Young (Allocation Failure) 269M->130M(495M) 8.546ms
[2020-03-27T08:03:51.358+0000][1][gc,cpu       ] GC(74) User=0.01s Sys=0.00s Real=0.01s
[2020-03-27T08:03:51.358+0000][1][safepoint    ] Safepoint "GenCollectForAllocation", Time since last: 243973943 ns, Reaching safepoint: 180300 ns, At safepoint: 9328498 ns, Total: 9508798 ns
[2020-03-27T08:03:51.363+0000][1][safepoint    ] Safepoint "RevokeBias", Time since last: 4699498 ns, Reaching safepoint: 213200 ns, At safepoint: 51800 ns, Total: 265000 ns
[2020-03-27T08:03:51.364+0000][1][safepoint    ] Safepoint "RevokeBias", Time since last: 731700 ns, Reaching safepoint: 135400 ns, At safepoint: 12900 ns, Total: 148300 ns
[2020-03-27T08:03:51.365+0000][1][safepoint    ] Safepoint "RevokeBias", Time since last: 951500 ns, Reaching safepoint: 81000 ns, At safepoint: 19500 ns, Total: 100500 ns
[2020-03-27T08:03:51.367+0000][1][safepoint    ] Safepoint "RevokeBias", Time since last: 1114900 ns, Reaching safepoint: 126100 ns, At safepoint: 21700 ns, Total: 147800 ns
[2020-03-27T08:03:51.408+0000][1][safepoint    ] Safepoint "RevokeBias", Time since last: 41735390 ns, Reaching safepoint: 104000 ns, At safepoint: 28500 ns, Total: 132500 ns
[2020-03-27T08:03:52.409+0000][1][safepoint    ] Safepoint "Cleanup", Time since last: 1000719067 ns, Reaching safepoint: 151900 ns, At safepoint: 15600 ns, Total: 167500 ns
[2020-03-27T08:03:53.410+0000][1][safepoint    ] Safepoint "Cleanup", Time since last: 1000863267 ns, Reaching safepoint: 97100 ns, At safepoint: 16000 ns, Total: 113100 ns
[2020-03-27T08:03:54.412+0000][1][safepoint    ] Safepoint "Cleanup", Time since last: 1001042833 ns, Reaching safepoint: 421000 ns, At safepoint: 37200 ns, Total: 458200 ns
[2020-03-27T08:03:55.414+0000][1][safepoint    ] Safepoint "Cleanup", Time since last: 1001904123 ns, Reaching safepoint: 150800 ns, At safepoint: 9500 ns, Total: 160300 ns
[2020-03-27T08:03:56.415+0000][1][safepoint    ] Safepoint "Cleanup", Time since last: 1001156623 ns, Reaching safepoint: 329000 ns, At safepoint: 29100 ns, Total: 358100 ns
[2020-03-27T08:03:57.418+0000][1][safepoint    ] Safepoint "Cleanup", Time since last: 1002408424 ns, Reaching safepoint: 164300 ns, At safepoint: 9500 ns, Total: 173800 ns
[2020-03-27T08:03:58.046+0000][1][safepoint    ] Safepoint "RevokeBias", Time since last: 627466914 ns, Reaching safepoint: 195000 ns, At safepoint: 24300 ns, Total: 219300 ns
[2020-03-27T08:03:58.267+0000][1][safepoint    ] Safepoint "RevokeBias", Time since last: 221370505 ns, Reaching safepoint: 267900 ns, At safepoint: 27300 ns, Total: 295200 ns
[2020-03-27T08:03:58.268+0000][1][safepoint    ] Safepoint "RevokeBias", Time since last: 942800 ns, Reaching safepoint: 108900 ns, At safepoint: 22200 ns, Total: 131100 ns
[2020-03-27T08:03:58.270+0000][1][safepoint    ] Safepoint "RevokeBias", Time since last: 1427000 ns, Reaching safepoint: 155000 ns, At safepoint: 23100 ns, Total: 178100 ns
[2020-03-27T08:03:58.271+0000][1][safepoint    ] Safepoint "RevokeBias", Time since last: 466300 ns, Reaching safepoint: 61300 ns, At safepoint: 13900 ns, Total: 75200 ns
[2020-03-27T08:03:58.318+0000][1][safepoint    ] Safepoint "RevokeBias", Time since last: 46989302 ns, Reaching safepoint: 145300 ns, At safepoint: 29000 ns, Total: 174300 ns
[2020-03-27T08:03:59.319+0000][1][safepoint    ] Safepoint "Cleanup", Time since last: 1000859323 ns, Reaching safepoint: 322300 ns, At safepoint: 85000 ns, Total: 407300 ns
[2020-03-27T08:04:00.321+0000][1][safepoint    ] Safepoint "Cleanup", Time since last: 1002038123 ns, Reaching safepoint: 320800 ns, At safepoint: 84000 ns, Total: 404800 ns
[2020-03-27T08:04:01.038+0000][1][safepoint    ] Safepoint "RevokeBias", Time since last: 716230417 ns, Reaching safepoint: 125600 ns, At safepoint: 19300 ns, Total: 144900 ns
[2020-03-27T08:04:01.451+0000][1][gc,start     ] GC(75) Pause Young (Allocation Failure)
[2020-03-27T08:04:01.451+0000][1][gc,task      ] GC(75) Using 2 workers of 2 for evacuation
[2020-03-27T08:04:01.458+0000][1][gc,age       ] GC(75) Desired survivor size 8716288 bytes, new threshold 6 (max threshold 6)
[2020-03-27T08:04:01.458+0000][1][gc,age       ] GC(75) Age table with threshold 6 (max threshold 6)
[2020-03-27T08:04:01.459+0000][1][gc,age       ] GC(75) - age   1:    3548504 bytes,    3548504 total
[2020-03-27T08:04:01.459+0000][1][gc,age       ] GC(75) - age   2:     759456 bytes,    4307960 total
[2020-03-27T08:04:01.459+0000][1][gc,age       ] GC(75) - age   3:     631528 bytes,    4939488 total
[2020-03-27T08:04:01.460+0000][1][gc,age       ] GC(75) - age   4:     173208 bytes,    5112696 total
[2020-03-27T08:04:01.460+0000][1][gc,heap      ] GC(75) ParNew: 141313K->7816K(153344K)
[2020-03-27T08:04:01.460+0000][1][gc,heap      ] GC(75) CMS: 128191K->128191K(353920K)
[2020-03-27T08:04:01.460+0000][1][gc,metaspace ] GC(75) Metaspace: 96100K->96100K(1138688K)
[2020-03-27T08:04:01.461+0000][1][gc           ] GC(75) Pause Young (Allocation Failure) 263M->132M(495M) 9.862ms
[2020-03-27T08:04:01.461+0000][1][gc,cpu       ] GC(75) User=0.01s Sys=0.00s Real=0.01s
[2020-03-27T08:04:01.461+0000][1][safepoint    ] Safepoint "GenCollectForAllocation", Time since last: 412809210 ns, Reaching safepoint: 155600 ns, At safepoint: 10361500 ns, Total: 10517100 ns
[2020-03-27T08:04:01.486+0000][1][safepoint    ] Safepoint "RevokeBias", Time since last: 25220200 ns, Reaching safepoint: 95500 ns, At safepoint: 18600 ns, Total: 114100 ns
[2020-03-27T08:04:01.488+0000][1][safepoint    ] Safepoint "RevokeBias", Time since last: 1205800 ns, Reaching safepoint: 71700 ns, At safepoint: 23600 ns, Total: 95300 ns
[2020-03-27T08:04:01.489+0000][1][safepoint    ] Safepoint "RevokeBias", Time since last: 1135900 ns, Reaching safepoint: 167200 ns, At safepoint: 33800 ns, Total: 201000 ns
[2020-03-27T08:04:01.490+0000][1][safepoint    ] Safepoint "RevokeBias", Time since last: 1126500 ns, Reaching safepoint: 86300 ns, At safepoint: 21800 ns, Total: 108100 ns
[2020-03-27T08:04:01.534+0000][1][safepoint    ] Safepoint "RevokeBias", Time since last: 43910502 ns, Reaching safepoint: 90700 ns, At safepoint: 26000 ns, Total: 116700 ns
[2020-03-27T08:04:01.559+0000][1][safepoint    ] Safepoint "BulkRevokeBias", Time since last: 24253300 ns, Reaching safepoint: 121700 ns, At safepoint: 510400 ns, Total: 632100 ns
[2020-03-27T08:04:02.560+0000][1][safepoint    ] Safepoint "Cleanup", Time since last: 1000559365 ns, Reaching safepoint: 327999 ns, At safepoint: 94500 ns, Total: 422499 ns
[2020-03-27T08:04:03.563+0000][1][safepoint    ] Safepoint "Cleanup", Time since last: 1002085995 ns, Reaching safepoint: 411900 ns, At safepoint: 84100 ns, Total: 496000 ns
[2020-03-27T08:04:04.565+0000][1][safepoint    ] Safepoint "Cleanup", Time since last: 1001883995 ns, Reaching safepoint: 321899 ns, At safepoint: 85400 ns, Total: 407299 ns
[2020-03-27T08:04:05.568+0000][1][safepoint    ] Safepoint "Cleanup", Time since last: 1002260995 ns, Reaching safepoint: 94400 ns, At safepoint: 42900 ns, Total: 137300 ns
[2020-03-27T08:04:06.569+0000][1][safepoint    ] Safepoint "Cleanup", Time since last: 1001079595 ns, Reaching safepoint: 547200 ns, At safepoint: 87500 ns, Total: 634700 ns
[2020-03-27T08:04:07.572+0000][1][safepoint    ] Safepoint "Cleanup", Time since last: 1002152095 ns, Reaching safepoint: 142799 ns, At safepoint: 20500 ns, Total: 163299 ns
[2020-03-27T08:04:08.028+0000][1][safepoint    ] Safepoint "RevokeBias", Time since last: 455862789 ns, Reaching safepoint: 115400 ns, At safepoint: 25600 ns, Total: 141000 ns
[2020-03-27T08:04:08.423+0000][1][safepoint    ] Safepoint "RevokeBias", Time since last: 395171743 ns, Reaching safepoint: 181999 ns, At safepoint: 28200 ns, Total: 210199 ns
[2020-03-27T08:04:08.424+0000][1][safepoint    ] Safepoint "RevokeBias", Time since last: 984899 ns, Reaching safepoint: 188200 ns, At safepoint: 14700 ns, Total: 202900 ns
[2020-03-27T08:04:08.425+0000][1][safepoint    ] Safepoint "RevokeBias", Time since last: 1178099 ns, Reaching safepoint: 85900 ns, At safepoint: 12000 ns, Total: 97900 ns
[2020-03-27T08:04:08.427+0000][1][safepoint    ] Safepoint "RevokeBias", Time since last: 1147099 ns, Reaching safepoint: 58600 ns, At safepoint: 10900 ns, Total: 69500 ns
[2020-03-27T08:04:08.471+0000][1][safepoint    ] Safepoint "RevokeBias", Time since last: 44505060 ns, Reaching safepoint: 144300 ns, At safepoint: 29800 ns, Total: 174100 ns
[2020-03-27T08:04:09.473+0000][1][safepoint    ] Safepoint "Cleanup", Time since last: 1001181695 ns, Reaching safepoint: 438600 ns, At safepoint: 84000 ns, Total: 522600 ns
[2020-03-27T08:04:10.475+0000][1][safepoint    ] Safepoint "Cleanup", Time since last: 1002261354 ns, Reaching safepoint: 101400 ns, At safepoint: 21700 ns, Total: 123100 ns
[2020-03-27T08:04:11.035+0000][1][safepoint    ] Safepoint "RevokeBias", Time since last: 559431303 ns, Reaching safepoint: 140600 ns, At safepoint: 18100 ns, Total: 158700 ns
[2020-03-27T08:04:11.581+0000][1][gc,start     ] GC(76) Pause Young (Allocation Failure)
[2020-03-27T08:04:11.582+0000][1][gc,task      ] GC(76) Using 2 workers of 2 for evacuation
[2020-03-27T08:04:11.591+0000][1][gc,age       ] GC(76) Desired survivor size 8716288 bytes, new threshold 6 (max threshold 6)
[2020-03-27T08:04:11.591+0000][1][gc,age       ] GC(76) Age table with threshold 6 (max threshold 6)
[2020-03-27T08:04:11.592+0000][1][gc,age       ] GC(76) - age   1:    3499504 bytes,    3499504 total
[2020-03-27T08:04:11.592+0000][1][gc,age       ] GC(76) - age   2:     552896 bytes,    4052400 total
[2020-03-27T08:04:11.593+0000][1][gc,age       ] GC(76) - age   3:     757992 bytes,    4810392 total
[2020-03-27T08:04:11.593+0000][1][gc,age       ] GC(76) - age   4:     631528 bytes,    5441920 total
[2020-03-27T08:04:11.593+0000][1][gc,age       ] GC(76) - age   5:     168824 bytes,    5610744 total
[2020-03-27T08:04:11.594+0000][1][gc,heap      ] GC(76) ParNew: 144136K->6789K(153344K)
[2020-03-27T08:04:11.594+0000][1][gc,heap      ] GC(76) CMS: 128191K->128191K(353920K)
[2020-03-27T08:04:11.594+0000][1][gc,metaspace ] GC(76) Metaspace: 96131K->96131K(1138688K)
[2020-03-27T08:04:11.595+0000][1][gc           ] GC(76) Pause Young (Allocation Failure) 265M->131M(495M) 13.201ms
[2020-03-27T08:04:11.595+0000][1][gc,cpu       ] GC(76) User=0.01s Sys=0.00s Real=0.01s
[2020-03-27T08:04:11.595+0000][1][safepoint    ] Safepoint "GenCollectForAllocation", Time since last: 546181502 ns, Reaching safepoint: 174900 ns, At safepoint: 13867000 ns, Total: 14041900 ns
[2020-03-27T08:04:11.605+0000][1][safepoint    ] Safepoint "RevokeBias", Time since last: 9863700 ns, Reaching safepoint: 106600 ns, At safepoint: 27300 ns, Total: 133900 ns
[2020-03-27T08:04:11.606+0000][1][safepoint    ] Safepoint "BulkRevokeBias", Time since last: 465500 ns, Reaching safepoint: 78600 ns, At safepoint: 407800 ns, Total: 486400 ns
[2020-03-27T08:04:11.607+0000][1][safepoint    ] Safepoint "RevokeBias", Time since last: 1250100 ns, Reaching safepoint: 70500 ns, At safepoint: 14200 ns, Total: 84700 ns
[2020-03-27T08:04:11.609+0000][1][safepoint    ] Safepoint "BulkRevokeBias", Time since last: 702300 ns, Reaching safepoint: 115200 ns, At safepoint: 532900 ns, Total: 648100 ns
[2020-03-27T08:04:11.652+0000][1][safepoint    ] Safepoint "BulkRevokeBias", Time since last: 42400600 ns, Reaching safepoint: 125800 ns, At safepoint: 525200 ns, Total: 651000 ns
[2020-03-27T08:04:12.653+0000][1][safepoint    ] Safepoint "Cleanup", Time since last: 1000760204 ns, Reaching safepoint: 148600 ns, At safepoint: 29900 ns, Total: 178500 ns
[2020-03-27T08:04:13.655+0000][1][safepoint    ] Safepoint "Cleanup", Time since last: 1001362004 ns, Reaching safepoint: 415000 ns, At safepoint: 79700 ns, Total: 494700 ns
[2020-03-27T08:04:14.658+0000][1][safepoint    ] Safepoint "Cleanup", Time since last: 1002443404 ns, Reaching safepoint: 330700 ns, At safepoint: 133800 ns, Total: 464500 ns
[2020-03-27T08:04:15.660+0000][1][safepoint    ] Safepoint "Cleanup", Time since last: 1002120605 ns, Reaching safepoint: 342700 ns, At safepoint: 87800 ns, Total: 430500 ns
[2020-03-27T08:04:16.662+0000][1][safepoint    ] Safepoint "Cleanup", Time since last: 1001887104 ns, Reaching safepoint: 326000 ns, At safepoint: 84900 ns, Total: 410900 ns
[2020-03-27T08:04:17.665+0000][1][safepoint    ] Safepoint "Cleanup", Time since last: 1001882604 ns, Reaching safepoint: 543300 ns, At safepoint: 77000 ns, Total: 620300 ns
[2020-03-27T08:04:18.020+0000][1][safepoint    ] Safepoint "RevokeBias", Time since last: 355352101 ns, Reaching safepoint: 146900 ns, At safepoint: 43200 ns, Total: 190100 ns
[2020-03-27T08:04:19.022+0000][1][safepoint    ] Safepoint "Cleanup", Time since last: 1000882844 ns, Reaching safepoint: 197500 ns, At safepoint: 33700 ns, Total: 231200 ns
[2020-03-27T08:04:20.023+0000][1][safepoint    ] Safepoint "Cleanup", Time since last: 1001031910 ns, Reaching safepoint: 505300 ns, At safepoint: 29500 ns, Total: 534800 ns
[2020-03-27T08:04:21.025+0000][1][safepoint    ] Safepoint "Cleanup", Time since last: 1001534710 ns, Reaching safepoint: 139100 ns, At safepoint: 8000 ns, Total: 147100 ns
[2020-03-27T08:04:21.043+0000][1][safepoint    ] Safepoint "RevokeBias", Time since last: 17879005 ns, Reaching safepoint: 236700 ns, At safepoint: 18300 ns, Total: 255000 ns
[2020-03-27T08:04:22.045+0000][1][safepoint    ] Safepoint "Cleanup", Time since last: 1001431910 ns, Reaching safepoint: 387000 ns, At safepoint: 79700 ns, Total: 466700 ns
[2020-03-27T08:04:23.047+0000][1][safepoint    ] Safepoint "Cleanup", Time since last: 1001943410 ns, Reaching safepoint: 316901 ns, At safepoint: 113100 ns, Total: 430001 ns
[2020-03-27T08:04:24.050+0000][1][safepoint    ] Safepoint "Cleanup", Time since last: 1002231010 ns, Reaching safepoint: 235800 ns, At safepoint: 34500 ns, Total: 270300 ns
[2020-03-27T08:04:25.051+0000][1][safepoint    ] Safepoint "Cleanup", Time since last: 1001111009 ns, Reaching safepoint: 167401 ns, At safepoint: 12000 ns, Total: 179401 ns
[2020-03-27T08:04:26.053+0000][1][safepoint    ] Safepoint "Cleanup", Time since last: 1001228209 ns, Reaching safepoint: 191000 ns, At safepoint: 99700 ns, Total: 290700 ns
[2020-03-27T08:04:27.055+0000][1][safepoint    ] Safepoint "Cleanup", Time since last: 1001531243 ns, Reaching safepoint: 325500 ns, At safepoint: 187799 ns, Total: 513299 ns
[2020-03-27T08:04:28.057+0000][1][safepoint    ] Safepoint "Cleanup", Time since last: 1001895620 ns, Reaching safepoint: 177900 ns, At safepoint: 8900 ns, Total: 186800 ns
[2020-03-27T08:04:28.070+0000][1][safepoint    ] Safepoint "RevokeBias", Time since last: 12958896 ns, Reaching safepoint: 92300 ns, At safepoint: 22900 ns, Total: 115200 ns
[2020-03-27T08:04:29.076+0000][1][safepoint    ] Safepoint "Cleanup", Time since last: 1005789819 ns, Reaching safepoint: 268900 ns, At safepoint: 57800 ns, Total: 326700 ns
[2020-03-27T08:04:30.078+0000][1][safepoint    ] Safepoint "Cleanup", Time since last: 1001834919 ns, Reaching safepoint: 330000 ns, At safepoint: 82300 ns, Total: 412300 ns
[2020-03-27T08:04:31.058+0000][1][safepoint    ] Safepoint "RevokeBias", Time since last: 979666226 ns, Reaching safepoint: 291400 ns, At safepoint: 29900 ns, Total: 321300 ns
[2020-03-27T08:04:32.060+0000][1][safepoint    ] Safepoint "Cleanup", Time since last: 1001532019 ns, Reaching safepoint: 121700 ns, At safepoint: 21600 ns, Total: 143300 ns
[2020-03-27T08:04:33.061+0000][1][safepoint    ] Safepoint "Cleanup", Time since last: 1001015920 ns, Reaching safepoint: 115500 ns, At safepoint: 23500 ns, Total: 139000 ns
[2020-03-27T08:04:34.062+0000][1][safepoint    ] Safepoint "Cleanup", Time since last: 1001039320 ns, Reaching safepoint: 325900 ns, At safepoint: 88800 ns, Total: 414700 ns
[2020-03-27T08:04:35.065+0000][1][safepoint    ] Safepoint "Cleanup", Time since last: 1001796493 ns, Reaching safepoint: 513600 ns, At safepoint: 95400 ns, Total: 609000 ns
[2020-03-27T08:04:36.067+0000][1][safepoint    ] Safepoint "Cleanup", Time since last: 1001977221 ns, Reaching safepoint: 368200 ns, At safepoint: 82700 ns, Total: 450900 ns
[2020-03-27T08:04:37.070+0000][1][safepoint    ] Safepoint "Cleanup", Time since last: 1001872221 ns, Reaching safepoint: 321900 ns, At safepoint: 149500 ns, Total: 471400 ns
[2020-03-27T08:04:38.025+0000][1][safepoint    ] Safepoint "RevokeBias", Time since last: 955138007 ns, Reaching safepoint: 170100 ns, At safepoint: 26300 ns, Total: 196400 ns
[2020-03-27T08:04:39.026+0000][1][safepoint    ] Safepoint "Cleanup", Time since last: 1000841420 ns, Reaching safepoint: 327700 ns, At safepoint: 87500 ns, Total: 415200 ns
[2020-03-27T08:04:39.947+0000][1][gc,start     ] GC(77) Pause Young (Allocation Failure)
[2020-03-27T08:04:39.948+0000][1][gc,task      ] GC(77) Using 2 workers of 2 for evacuation
[2020-03-27T08:04:39.966+0000][1][gc,age       ] GC(77) Desired survivor size 8716288 bytes, new threshold 1 (max threshold 6)
[2020-03-27T08:04:39.966+0000][1][gc,age       ] GC(77) Age table with threshold 1 (max threshold 6)
[2020-03-27T08:04:39.967+0000][1][gc,age       ] GC(77) - age   1:   13374584 bytes,   13374584 total
[2020-03-27T08:04:39.968+0000][1][gc,age       ] GC(77) - age   2:     956976 bytes,   14331560 total
[2020-03-27T08:04:39.968+0000][1][gc,age       ] GC(77) - age   3:     551416 bytes,   14882976 total
[2020-03-27T08:04:39.969+0000][1][gc,age       ] GC(77) - age   4:     756504 bytes,   15639480 total
[2020-03-27T08:04:39.969+0000][1][gc,age       ] GC(77) - age   5:     631528 bytes,   16271008 total
[2020-03-27T08:04:39.970+0000][1][gc,age       ] GC(77) - age   6:     166256 bytes,   16437264 total
[2020-03-27T08:04:39.970+0000][1][gc,heap      ] GC(77) ParNew: 143109K->17024K(153344K)
[2020-03-27T08:04:39.971+0000][1][gc,heap      ] GC(77) CMS: 128191K->128545K(353920K)
[2020-03-27T08:04:39.971+0000][1][gc,metaspace ] GC(77) Metaspace: 96179K->96179K(1138688K)
[2020-03-27T08:04:39.971+0000][1][gc           ] GC(77) Pause Young (Allocation Failure) 264M->142M(495M) 24.214ms
[2020-03-27T08:04:39.972+0000][1][gc,cpu       ] GC(77) User=0.01s Sys=0.01s Real=0.02s
[2020-03-27T08:04:39.972+0000][1][safepoint    ] Safepoint "GenCollectForAllocation", Time since last: 920909996 ns, Reaching safepoint: 100600 ns, At safepoint: 24963708 ns, Total: 25064308 ns
[2020-03-27T08:04:40.974+0000][1][safepoint    ] Safepoint "Cleanup", Time since last: 1000964220 ns, Reaching safepoint: 322900 ns, At safepoint: 177501 ns, Total: 500401 ns
[2020-03-27T08:04:41.077+0000][1][safepoint    ] Safepoint "RevokeBias", Time since last: 102613032 ns, Reaching safepoint: 158700 ns, At safepoint: 162201 ns, Total: 320901 ns
[2020-03-27T08:04:42.078+0000][1][safepoint    ] Safepoint "Cleanup", Time since last: 1000616120 ns, Reaching safepoint: 526300 ns, At safepoint: 53900 ns, Total: 580200 ns
[2020-03-27T08:04:43.080+0000][1][safepoint    ] Safepoint "Cleanup", Time since last: 1001661859 ns, Reaching safepoint: 132900 ns, At safepoint: 4900 ns, Total: 137800 ns
[2020-03-27T08:04:43.571+0000][1][safepoint    ] Safepoint "RevokeBias", Time since last: 491069444 ns, Reaching safepoint: 117800 ns, At safepoint: 26900 ns, Total: 144700 ns
[2020-03-27T08:04:43.571+0000][1][safepoint    ] Safepoint "RevokeBias", Time since last: 516800 ns, Reaching safepoint: 141101 ns, At safepoint: 17200 ns, Total: 158301 ns
[2020-03-27T08:04:43.572+0000][1][safepoint    ] Safepoint "RevokeBias", Time since last: 915300 ns, Reaching safepoint: 89500 ns, At safepoint: 20700 ns, Total: 110200 ns
[2020-03-27T08:04:43.574+0000][1][safepoint    ] Safepoint "RevokeBias", Time since last: 1123401 ns, Reaching safepoint: 59700 ns, At safepoint: 22000 ns, Total: 81700 ns
[2020-03-27T08:04:43.576+0000][1][safepoint    ] Safepoint "RevokeBias", Time since last: 1871701 ns, Reaching safepoint: 89000 ns, At safepoint: 67100 ns, Total: 156100 ns
[2020-03-27T08:04:43.643+0000][1][safepoint    ] Safepoint "RevokeBias", Time since last: 67049333 ns, Reaching safepoint: 162700 ns, At safepoint: 30900 ns, Total: 193600 ns
[2020-03-27T08:04:43.760+0000][1][safepoint    ] Safepoint "RevokeBias", Time since last: 116335258 ns, Reaching safepoint: 702900 ns, At safepoint: 31900 ns, Total: 734800 ns
[2020-03-27T08:04:43.769+0000][1][safepoint    ] Safepoint "RevokeBias", Time since last: 8836505 ns, Reaching safepoint: 336300 ns, At safepoint: 28200 ns, Total: 364500 ns
[2020-03-27T08:04:43.771+0000][1][safepoint    ] Safepoint "RevokeBias", Time since last: 909100 ns, Reaching safepoint: 363301 ns, At safepoint: 175600 ns, Total: 538901 ns
[2020-03-27T08:04:43.773+0000][1][safepoint    ] Safepoint "RevokeBias", Time since last: 1663400 ns, Reaching safepoint: 272301 ns, At safepoint: 149300 ns, Total: 421601 ns
[2020-03-27T08:04:43.775+0000][1][safepoint    ] Safepoint "RevokeBias", Time since last: 1237700 ns, Reaching safepoint: 1006601 ns, At safepoint: 22800 ns, Total: 1029401 ns
[2020-03-27T08:04:43.826+0000][1][safepoint    ] Safepoint "RevokeBias", Time since last: 50108525 ns, Reaching safepoint: 493900 ns, At safepoint: 18900 ns, Total: 512800 ns
[2020-03-27T08:04:43.889+0000][1][safepoint    ] Safepoint "RevokeBias", Time since last: 62714331 ns, Reaching safepoint: 232200 ns, At safepoint: 27200 ns, Total: 259400 ns
[2020-03-27T08:04:43.889+0000][1][safepoint    ] Safepoint "RevokeBias", Time since last: 549701 ns, Reaching safepoint: 80000 ns, At safepoint: 22200 ns, Total: 102200 ns
[2020-03-27T08:04:43.891+0000][1][safepoint    ] Safepoint "RevokeBias", Time since last: 1896901 ns, Reaching safepoint: 106700 ns, At safepoint: 15900 ns, Total: 122600 ns
[2020-03-27T08:04:43.892+0000][1][safepoint    ] Safepoint "RevokeBias", Time since last: 941700 ns, Reaching safepoint: 92500 ns, At safepoint: 13000 ns, Total: 105500 ns
[2020-03-27T08:04:44.894+0000][1][safepoint    ] Safepoint "Cleanup", Time since last: 1001049398 ns, Reaching safepoint: 240900 ns, At safepoint: 38400 ns, Total: 279300 ns
[2020-03-27T08:04:45.034+0000][1][safepoint    ] Safepoint "RevokeBias", Time since last: 140188870 ns, Reaching safepoint: 235500 ns, At safepoint: 37800 ns, Total: 273300 ns
[2020-03-27T08:04:45.035+0000][1][safepoint    ] Safepoint "RevokeBias", Time since last: 555300 ns, Reaching safepoint: 60500 ns, At safepoint: 12700 ns, Total: 73200 ns
[2020-03-27T08:04:45.036+0000][1][safepoint    ] Safepoint "RevokeBias", Time since last: 1372401 ns, Reaching safepoint: 61700 ns, At safepoint: 22500 ns, Total: 84200 ns
[2020-03-27T08:04:45.037+0000][1][safepoint    ] Safepoint "RevokeBias", Time since last: 1022900 ns, Reaching safepoint: 60800 ns, At safepoint: 11200 ns, Total: 72000 ns
[2020-03-27T08:04:45.051+0000][1][gc,start     ] GC(78) Pause Young (Allocation Failure)
[2020-03-27T08:04:45.051+0000][1][gc,task      ] GC(78) Using 2 workers of 2 for evacuation
[2020-03-27T08:04:45.094+0000][1][gc,age       ] GC(78) Desired survivor size 8716288 bytes, new threshold 6 (max threshold 6)
[2020-03-27T08:04:45.095+0000][1][gc,age       ] GC(78) Age table with threshold 6 (max threshold 6)
[2020-03-27T08:04:45.095+0000][1][gc,age       ] GC(78) - age   1:    2005240 bytes,    2005240 total
[2020-03-27T08:04:45.096+0000][1][gc,heap      ] GC(78) ParNew: 153344K->13325K(153344K)
[2020-03-27T08:04:45.096+0000][1][gc,heap      ] GC(78) CMS: 128545K->131837K(353920K)
[2020-03-27T08:04:45.097+0000][1][gc,metaspace ] GC(78) Metaspace: 96226K->96226K(1138688K)
[2020-03-27T08:04:45.097+0000][1][gc           ] GC(78) Pause Young (Allocation Failure) 275M->141M(495M) 46.004ms
[2020-03-27T08:04:45.097+0000][1][gc,cpu       ] GC(78) User=0.03s Sys=0.00s Real=0.05s
[2020-03-27T08:04:45.098+0000][1][safepoint    ] Safepoint "GenCollectForAllocation", Time since last: 13337607 ns, Reaching safepoint: 196400 ns, At safepoint: 46701923 ns, Total: 46898323 ns
[2020-03-27T08:04:45.133+0000][1][safepoint    ] Safepoint "RevokeBias", Time since last: 35162118 ns, Reaching safepoint: 102200 ns, At safepoint: 20100 ns, Total: 122300 ns
[2020-03-27T08:04:46.134+0000][1][safepoint    ] Safepoint "Cleanup", Time since last: 1001054697 ns, Reaching safepoint: 139500 ns, At safepoint: 27900 ns, Total: 167400 ns
[2020-03-27T08:04:47.135+0000][1][safepoint    ] Safepoint "Cleanup", Time since last: 1000941898 ns, Reaching safepoint: 173000 ns, At safepoint: 44500 ns, Total: 217500 ns
[2020-03-27T08:04:48.057+0000][1][safepoint    ] Safepoint "RevokeBias", Time since last: 922110058 ns, Reaching safepoint: 105701 ns, At safepoint: 24000 ns, Total: 129701 ns
[2020-03-27T08:04:48.785+0000][1][safepoint    ] Safepoint "RevokeBias", Time since last: 727001861 ns, Reaching safepoint: 180800 ns, At safepoint: 29900 ns, Total: 210700 ns
[2020-03-27T08:04:48.786+0000][1][safepoint    ] Safepoint "RevokeBias", Time since last: 960301 ns, Reaching safepoint: 102400 ns, At safepoint: 14600 ns, Total: 117000 ns
[2020-03-27T08:04:48.787+0000][1][safepoint    ] Safepoint "RevokeBias", Time since last: 1186500 ns, Reaching safepoint: 99300 ns, At safepoint: 22300 ns, Total: 121600 ns
[2020-03-27T08:04:48.788+0000][1][safepoint    ] Safepoint "RevokeBias", Time since last: 1367701 ns, Reaching safepoint: 80500 ns, At safepoint: 13600 ns, Total: 94100 ns
[2020-03-27T08:04:48.848+0000][1][safepoint    ] Safepoint "RevokeBias", Time since last: 59524930 ns, Reaching safepoint: 112200 ns, At safepoint: 29900 ns, Total: 142100 ns
[2020-03-27T08:04:49.850+0000][1][safepoint    ] Safepoint "Cleanup", Time since last: 1001016397 ns, Reaching safepoint: 379500 ns, At safepoint: 83300 ns, Total: 462800 ns
[2020-03-27T08:04:50.852+0000][1][safepoint    ] Safepoint "Cleanup", Time since last: 1002061852 ns, Reaching safepoint: 333400 ns, At safepoint: 84100 ns, Total: 417500 ns
[2020-03-27T08:04:51.108+0000][1][safepoint    ] Safepoint "RevokeBias", Time since last: 255035056 ns, Reaching safepoint: 293201 ns, At safepoint: 194700 ns, Total: 487901 ns
[2020-03-27T08:04:51.961+0000][1][safepoint    ] Safepoint "RevokeBias", Time since last: 852710589 ns, Reaching safepoint: 289200 ns, At safepoint: 42500 ns, Total: 331700 ns
[2020-03-27T08:04:51.962+0000][1][safepoint    ] Safepoint "RevokeBias", Time since last: 983300 ns, Reaching safepoint: 60800 ns, At safepoint: 22400 ns, Total: 83200 ns
[2020-03-27T08:04:51.964+0000][1][safepoint    ] Safepoint "RevokeBias", Time since last: 2435701 ns, Reaching safepoint: 91800 ns, At safepoint: 13500 ns, Total: 105300 ns
[2020-03-27T08:04:51.966+0000][1][safepoint    ] Safepoint "RevokeBias", Time since last: 1336500 ns, Reaching safepoint: 90900 ns, At safepoint: 13900 ns, Total: 104800 ns
[2020-03-27T08:04:52.007+0000][1][safepoint    ] Safepoint "RevokeBias", Time since last: 41024509 ns, Reaching safepoint: 131400 ns, At safepoint: 28500 ns, Total: 159900 ns
[2020-03-27T08:04:53.008+0000][1][safepoint    ] Safepoint "Cleanup", Time since last: 1000524322 ns, Reaching safepoint: 194701 ns, At safepoint: 33300 ns, Total: 228001 ns
[2020-03-27T08:04:53.796+0000][1][gc,start     ] GC(79) Pause Young (Allocation Failure)
[2020-03-27T08:04:53.799+0000][1][gc,task      ] GC(79) Using 2 workers of 2 for evacuation
[2020-03-27T08:04:53.817+0000][1][gc,age       ] GC(79) Desired survivor size 8716288 bytes, new threshold 6 (max threshold 6)
[2020-03-27T08:04:53.818+0000][1][gc,age       ] GC(79) Age table with threshold 6 (max threshold 6)
[2020-03-27T08:04:53.818+0000][1][gc,age       ] GC(79) - age   1:    1262336 bytes,    1262336 total
[2020-03-27T08:04:53.819+0000][1][gc,age       ] GC(79) - age   2:    1026896 bytes,    2289232 total
[2020-03-27T08:04:53.820+0000][1][gc,heap      ] GC(79) ParNew: 149645K->3698K(153344K)
[2020-03-27T08:04:53.821+0000][1][gc,heap      ] GC(79) CMS: 131837K->131837K(353920K)
[2020-03-27T08:04:53.822+0000][1][gc,metaspace ] GC(79) Metaspace: 96242K->96242K(1138688K)
[2020-03-27T08:04:53.822+0000][1][gc           ] GC(79) Pause Young (Allocation Failure) 274M->132M(495M) 26.174ms
[2020-03-27T08:04:53.823+0000][1][gc,cpu       ] GC(79) User=0.02s Sys=0.00s Real=0.02s
[2020-03-27T08:04:53.824+0000][1][safepoint    ] Safepoint "GenCollectForAllocation", Time since last: 788218575 ns, Reaching safepoint: 364600 ns, At safepoint: 27618906 ns, Total: 27983506 ns
[2020-03-27T08:04:54.825+0000][1][safepoint    ] Safepoint "Cleanup", Time since last: 1000955822 ns, Reaching safepoint: 111100 ns, At safepoint: 24800 ns, Total: 135900 ns
[2020-03-27T08:04:55.826+0000][1][safepoint    ] Safepoint "Cleanup", Time since last: 1000925422 ns, Reaching safepoint: 427201 ns, At safepoint: 28200 ns, Total: 455401 ns
[2020-03-27T08:04:56.829+0000][1][safepoint    ] Safepoint "Cleanup", Time since last: 1001898822 ns, Reaching safepoint: 530400 ns, At safepoint: 70900 ns, Total: 601300 ns
[2020-03-27T08:04:57.831+0000][1][safepoint    ] Safepoint "Cleanup", Time since last: 1001937423 ns, Reaching safepoint: 88700 ns, At safepoint: 30300 ns, Total: 119000 ns
[2020-03-27T08:04:58.066+0000][1][safepoint    ] Safepoint "RevokeBias", Time since last: 234612352 ns, Reaching safepoint: 95000 ns, At safepoint: 22500 ns, Total: 117500 ns
[2020-03-27T08:04:58.960+0000][1][safepoint    ] Safepoint "RevokeBias", Time since last: 893774437 ns, Reaching safepoint: 200300 ns, At safepoint: 62500 ns, Total: 262800 ns
[2020-03-27T08:04:58.961+0000][1][safepoint    ] Safepoint "RevokeBias", Time since last: 911801 ns, Reaching safepoint: 164900 ns, At safepoint: 13100 ns, Total: 178000 ns
[2020-03-27T08:04:58.962+0000][1][safepoint    ] Safepoint "RevokeBias", Time since last: 1210600 ns, Reaching safepoint: 57300 ns, At safepoint: 20800 ns, Total: 78100 ns
[2020-03-27T08:04:58.963+0000][1][safepoint    ] Safepoint "RevokeBias", Time since last: 904800 ns, Reaching safepoint: 56700 ns, At safepoint: 21600 ns, Total: 78300 ns
[2020-03-27T08:04:59.006+0000][1][safepoint    ] Safepoint "RevokeBias", Time since last: 42795005 ns, Reaching safepoint: 210200 ns, At safepoint: 32400 ns, Total: 242600 ns
[2020-03-27T08:04:59.065+0000][1][safepoint    ] Safepoint "RevokeBias", Time since last: 58785808 ns, Reaching safepoint: 183100 ns, At safepoint: 26500 ns, Total: 209600 ns
[2020-03-27T08:04:59.119+0000][1][gc,start     ] GC(80) Pause Young (Allocation Failure)
[2020-03-27T08:04:59.120+0000][1][gc,task      ] GC(80) Using 2 workers of 2 for evacuation
[2020-03-27T08:04:59.124+0000][1][gc,age       ] GC(80) Desired survivor size 8716288 bytes, new threshold 6 (max threshold 6)
[2020-03-27T08:04:59.124+0000][1][gc,age       ] GC(80) Age table with threshold 6 (max threshold 6)
[2020-03-27T08:04:59.125+0000][1][gc,age       ] GC(80) - age   1:    1740688 bytes,    1740688 total
[2020-03-27T08:04:59.125+0000][1][gc,age       ] GC(80) - age   2:     746152 bytes,    2486840 total
[2020-03-27T08:04:59.126+0000][1][gc,age       ] GC(80) - age   3:    1026240 bytes,    3513080 total
[2020-03-27T08:04:59.127+0000][1][gc,heap      ] GC(80) ParNew: 139669K->3901K(153344K)
[2020-03-27T08:04:59.127+0000][1][gc,heap      ] GC(80) CMS: 131837K->131837K(353920K)
[2020-03-27T08:04:59.128+0000][1][gc,metaspace ] GC(80) Metaspace: 96253K->96253K(1138688K)
[2020-03-27T08:04:59.128+0000][1][gc           ] GC(80) Pause Young (Allocation Failure) 265M->132M(495M) 9.093ms
[2020-03-27T08:04:59.129+0000][1][gc,cpu       ] GC(80) User=0.01s Sys=0.00s Real=0.01s
[2020-03-27T08:04:59.129+0000][1][safepoint    ] Safepoint "GenCollectForAllocation", Time since last: 53651306 ns, Reaching safepoint: 280200 ns, At safepoint: 10308402 ns, Total: 10588602 ns
[2020-03-27T08:04:59.278+0000][1][safepoint    ] Safepoint "RevokeBias", Time since last: 148960218 ns, Reaching safepoint: 108400 ns, At safepoint: 25300 ns, Total: 133700 ns
[2020-03-27T08:04:59.279+0000][1][safepoint    ] Safepoint "RevokeBias", Time since last: 243700 ns, Reaching safepoint: 50700 ns, At safepoint: 19300 ns, Total: 70000 ns
[2020-03-27T08:04:59.282+0000][1][safepoint    ] Safepoint "RevokeBias", Time since last: 3347001 ns, Reaching safepoint: 61700 ns, At safepoint: 11600 ns, Total: 73300 ns
[2020-03-27T08:04:59.283+0000][1][safepoint    ] Safepoint "RevokeBias", Time since last: 553100 ns, Reaching safepoint: 49400 ns, At safepoint: 19300 ns, Total: 68700 ns
[2020-03-27T08:04:59.283+0000][1][safepoint    ] Safepoint "RevokeBias", Time since last: 493000 ns, Reaching safepoint: 104200 ns, At safepoint: 11700 ns, Total: 115900 ns
[2020-03-27T08:04:59.284+0000][1][safepoint    ] Safepoint "RevokeBias", Time since last: 560400 ns, Reaching safepoint: 117000 ns, At safepoint: 18700 ns, Total: 135700 ns
[2020-03-27T08:04:59.285+0000][1][safepoint    ] Safepoint "RevokeBias", Time since last: 584500 ns, Reaching safepoint: 113000 ns, At safepoint: 18400 ns, Total: 131400 ns
[2020-03-27T08:04:59.285+0000][1][safepoint    ] Safepoint "RevokeBias", Time since last: 519000 ns, Reaching safepoint: 68800 ns, At safepoint: 18900 ns, Total: 87700 ns
[2020-03-27T08:04:59.286+0000][1][safepoint    ] Safepoint "RevokeBias", Time since last: 563100 ns, Reaching safepoint: 76600 ns, At safepoint: 9300 ns, Total: 85900 ns
[2020-03-27T08:05:00.065+0000][1][safepoint    ] Safepoint "RevokeBias", Time since last: 778841797 ns, Reaching safepoint: 180400 ns, At safepoint: 37300 ns, Total: 217700 ns
[2020-03-27T08:05:00.070+0000][1][safepoint    ] Safepoint "RevokeBias", Time since last: 4838001 ns, Reaching safepoint: 194800 ns, At safepoint: 21300 ns, Total: 216100 ns
[2020-03-27T08:05:01.071+0000][1][safepoint    ] Safepoint "Cleanup", Time since last: 1000751625 ns, Reaching safepoint: 325500 ns, At safepoint: 67800 ns, Total: 393300 ns
[2020-03-27T08:05:01.099+0000][1][safepoint    ] Safepoint "RevokeBias", Time since last: 27017203 ns, Reaching safepoint: 142700 ns, At safepoint: 64400 ns, Total: 207100 ns
[2020-03-27T08:05:01.190+0000][1][safepoint    ] Safepoint "RevokeBias", Time since last: 91363111 ns, Reaching safepoint: 97300 ns, At safepoint: 17000 ns, Total: 114300 ns
[2020-03-27T08:05:01.191+0000][1][safepoint    ] Safepoint "RevokeBias", Time since last: 468200 ns, Reaching safepoint: 114800 ns, At safepoint: 15500 ns, Total: 130300 ns
[2020-03-27T08:05:01.192+0000][1][safepoint    ] Safepoint "RevokeBias", Time since last: 1361401 ns, Reaching safepoint: 140400 ns, At safepoint: 60500 ns, Total: 200900 ns
[2020-03-27T08:05:01.193+0000][1][safepoint    ] Safepoint "RevokeBias", Time since last: 1192200 ns, Reaching safepoint: 135200 ns, At safepoint: 28900 ns, Total: 164100 ns
[2020-03-27T08:05:01.235+0000][1][safepoint    ] Safepoint "RevokeBias", Time since last: 41158905 ns, Reaching safepoint: 121100 ns, At safepoint: 26800 ns, Total: 147900 ns
[2020-03-27T08:05:02.236+0000][1][safepoint    ] Safepoint "Cleanup", Time since last: 1000655225 ns, Reaching safepoint: 418200 ns, At safepoint: 80700 ns, Total: 498900 ns
[2020-03-27T08:05:03.239+0000][1][safepoint    ] Safepoint "Cleanup", Time since last: 1002243325 ns, Reaching safepoint: 458600 ns, At safepoint: 81600 ns, Total: 540200 ns
[2020-03-27T08:05:04.241+0000][1][safepoint    ] Safepoint "Cleanup", Time since last: 1002263225 ns, Reaching safepoint: 320900 ns, At safepoint: 118600 ns, Total: 439500 ns
[2020-03-27T08:05:05.244+0000][1][safepoint    ] Safepoint "Cleanup", Time since last: 1002346625 ns, Reaching safepoint: 324600 ns, At safepoint: 86600 ns, Total: 411200 ns
[2020-03-27T08:05:06.247+0000][1][safepoint    ] Safepoint "Cleanup", Time since last: 1002205725 ns, Reaching safepoint: 410200 ns, At safepoint: 87000 ns, Total: 497200 ns
[2020-03-27T08:05:07.250+0000][1][safepoint    ] Safepoint "Cleanup", Time since last: 1002233179 ns, Reaching safepoint: 328000 ns, At safepoint: 231900 ns, Total: 559900 ns
[2020-03-27T08:05:08.038+0000][1][safepoint    ] Safepoint "RevokeBias", Time since last: 788355059 ns, Reaching safepoint: 174200 ns, At safepoint: 24900 ns, Total: 199100 ns
[2020-03-27T08:05:08.203+0000][1][gc,start     ] GC(81) Pause Young (Allocation Failure)
[2020-03-27T08:05:08.204+0000][1][gc,task      ] GC(81) Using 2 workers of 2 for evacuation
[2020-03-27T08:05:08.211+0000][1][gc,age       ] GC(81) Desired survivor size 8716288 bytes, new threshold 6 (max threshold 6)
[2020-03-27T08:05:08.211+0000][1][gc,age       ] GC(81) Age table with threshold 6 (max threshold 6)
[2020-03-27T08:05:08.212+0000][1][gc,age       ] GC(81) - age   1:    7797824 bytes,    7797824 total
[2020-03-27T08:05:08.212+0000][1][gc,age       ] GC(81) - age   2:      13168 bytes,    7810992 total
[2020-03-27T08:05:08.213+0000][1][gc,age       ] GC(81) - age   3:     382320 bytes,    8193312 total
[2020-03-27T08:05:08.213+0000][1][gc,age       ] GC(81) - age   4:     437944 bytes,    8631256 total
[2020-03-27T08:05:08.214+0000][1][gc,heap      ] GC(81) ParNew: 140221K->9670K(153344K)
[2020-03-27T08:05:08.214+0000][1][gc,heap      ] GC(81) CMS: 131837K->131837K(353920K)
[2020-03-27T08:05:08.215+0000][1][gc,metaspace ] GC(81) Metaspace: 96260K->96260K(1138688K)
[2020-03-27T08:05:08.215+0000][1][gc           ] GC(81) Pause Young (Allocation Failure) 265M->138M(495M) 11.497ms
[2020-03-27T08:05:08.216+0000][1][gc,cpu       ] GC(81) User=0.00s Sys=0.00s Real=0.02s
[2020-03-27T08:05:08.216+0000][1][safepoint    ] Safepoint "GenCollectForAllocation", Time since last: 164682112 ns, Reaching safepoint: 409701 ns, At safepoint: 12556000 ns, Total: 12965701 ns
[2020-03-27T08:05:08.227+0000][1][safepoint    ] Safepoint "RevokeBias", Time since last: 11150701 ns, Reaching safepoint: 159700 ns, At safepoint: 40000 ns, Total: 199700 ns
[2020-03-27T08:05:08.228+0000][1][safepoint    ] Safepoint "RevokeBias", Time since last: 1044900 ns, Reaching safepoint: 141500 ns, At safepoint: 12700 ns, Total: 154200 ns
[2020-03-27T08:05:08.230+0000][1][safepoint    ] Safepoint "RevokeBias", Time since last: 1515300 ns, Reaching safepoint: 337901 ns, At safepoint: 23000 ns, Total: 360901 ns
[2020-03-27T08:05:08.231+0000][1][safepoint    ] Safepoint "RevokeBias", Time since last: 795300 ns, Reaching safepoint: 85900 ns, At safepoint: 22300 ns, Total: 108200 ns
[2020-03-27T08:05:08.306+0000][1][safepoint    ] Safepoint "RevokeBias", Time since last: 74216605 ns, Reaching safepoint: 155600 ns, At safepoint: 30000 ns, Total: 185600 ns
[2020-03-27T08:05:09.307+0000][1][safepoint    ] Safepoint "Cleanup", Time since last: 1000970575 ns, Reaching safepoint: 323200 ns, At safepoint: 84300 ns, Total: 407500 ns
[2020-03-27T08:05:10.312+0000][1][safepoint    ] Safepoint "Cleanup", Time since last: 1004278075 ns, Reaching safepoint: 477300 ns, At safepoint: 81900 ns, Total: 559200 ns
[2020-03-27T08:05:11.106+0000][1][safepoint    ] Safepoint "RevokeBias", Time since last: 793756259 ns, Reaching safepoint: 102300 ns, At safepoint: 14400 ns, Total: 116700 ns
[2020-03-27T08:05:11.403+0000][1][safepoint    ] Safepoint "RevokeBias", Time since last: 297342722 ns, Reaching safepoint: 212400 ns, At safepoint: 18800 ns, Total: 231200 ns
[2020-03-27T08:05:11.404+0000][1][safepoint    ] Safepoint "BulkRevokeBias", Time since last: 638100 ns, Reaching safepoint: 168700 ns, At safepoint: 395700 ns, Total: 564400 ns
[2020-03-27T08:05:11.406+0000][1][safepoint    ] Safepoint "RevokeBias", Time since last: 1091200 ns, Reaching safepoint: 140300 ns, At safepoint: 10200 ns, Total: 150500 ns
[2020-03-27T08:05:11.407+0000][1][safepoint    ] Safepoint "BulkRevokeBias", Time since last: 889900 ns, Reaching safepoint: 169600 ns, At safepoint: 346900 ns, Total: 516500 ns
[2020-03-27T08:05:11.448+0000][1][safepoint    ] Safepoint "RevokeBias", Time since last: 40783403 ns, Reaching safepoint: 183700 ns, At safepoint: 16500 ns, Total: 200200 ns
[2020-03-27T08:05:12.449+0000][1][safepoint    ] Safepoint "Cleanup", Time since last: 1000728975 ns, Reaching safepoint: 398900 ns, At safepoint: 86300 ns, Total: 485200 ns
[2020-03-27T08:05:13.452+0000][1][safepoint    ] Safepoint "Cleanup", Time since last: 1002339674 ns, Reaching safepoint: 327400 ns, At safepoint: 86100 ns, Total: 413500 ns
[2020-03-27T08:05:14.454+0000][1][safepoint    ] Safepoint "Cleanup", Time since last: 1001837111 ns, Reaching safepoint: 371800 ns, At safepoint: 77999 ns, Total: 449799 ns
[2020-03-27T08:05:15.457+0000][1][safepoint    ] Safepoint "Cleanup", Time since last: 1002184461 ns, Reaching safepoint: 322300 ns, At safepoint: 85600 ns, Total: 407900 ns
[2020-03-27T08:05:16.460+0000][1][safepoint    ] Safepoint "Cleanup", Time since last: 1002280961 ns, Reaching safepoint: 397500 ns, At safepoint: 83299 ns, Total: 480799 ns
[2020-03-27T08:05:17.462+0000][1][safepoint    ] Safepoint "Cleanup", Time since last: 1002072061 ns, Reaching safepoint: 318600 ns, At safepoint: 85300 ns, Total: 403900 ns
[2020-03-27T08:05:18.045+0000][1][safepoint    ] Safepoint "RevokeBias", Time since last: 582781570 ns, Reaching safepoint: 94600 ns, At safepoint: 21400 ns, Total: 116000 ns
[2020-03-27T08:05:18.059+0000][1][gc,start     ] GC(82) Pause Young (Allocation Failure)
[2020-03-27T08:05:18.060+0000][1][gc,task      ] GC(82) Using 2 workers of 2 for evacuation
[2020-03-27T08:05:18.065+0000][1][gc,age       ] GC(82) Desired survivor size 8716288 bytes, new threshold 1 (max threshold 6)
[2020-03-27T08:05:18.065+0000][1][gc,age       ] GC(82) Age table with threshold 1 (max threshold 6)
[2020-03-27T08:05:18.066+0000][1][gc,age       ] GC(82) - age   1:    8756112 bytes,    8756112 total
[2020-03-27T08:05:18.066+0000][1][gc,age       ] GC(82) - age   2:     530936 bytes,    9287048 total
[2020-03-27T08:05:18.067+0000][1][gc,age       ] GC(82) - age   3:      12744 bytes,    9299792 total
[2020-03-27T08:05:18.067+0000][1][gc,age       ] GC(82) - age   4:     380272 bytes,    9680064 total
[2020-03-27T08:05:18.068+0000][1][gc,age       ] GC(82) - age   5:     432416 bytes,   10112480 total
[2020-03-27T08:05:18.068+0000][1][gc,heap      ] GC(82) ParNew: 145987K->14255K(153344K)
[2020-03-27T08:05:18.069+0000][1][gc,heap      ] GC(82) CMS: 131837K->131837K(353920K)
[2020-03-27T08:05:18.069+0000][1][gc,metaspace ] GC(82) Metaspace: 96268K->96268K(1138688K)
[2020-03-27T08:05:18.069+0000][1][gc           ] GC(82) Pause Young (Allocation Failure) 271M->142M(495M) 10.154ms
[2020-03-27T08:05:18.070+0000][1][gc,cpu       ] GC(82) User=0.01s Sys=0.00s Real=0.01s
[2020-03-27T08:05:18.070+0000][1][safepoint    ] Safepoint "GenCollectForAllocation", Time since last: 13835190 ns, Reaching safepoint: 257500 ns, At safepoint: 10928892 ns, Total: 11186392 ns
[2020-03-27T08:05:19.071+0000][1][safepoint    ] Safepoint "Cleanup", Time since last: 1000743062 ns, Reaching safepoint: 373499 ns, At safepoint: 86800 ns, Total: 460299 ns
[2020-03-27T08:05:20.073+0000][1][safepoint    ] Safepoint "Cleanup", Time since last: 1002019461 ns, Reaching safepoint: 93800 ns, At safepoint: 14900 ns, Total: 108700 ns
[2020-03-27T08:05:21.075+0000][1][safepoint    ] Safepoint "Cleanup", Time since last: 1000712762 ns, Reaching safepoint: 392100 ns, At safepoint: 78800 ns, Total: 470900 ns
[2020-03-27T08:05:21.118+0000][1][safepoint    ] Safepoint "RevokeBias", Time since last: 43205368 ns, Reaching safepoint: 228900 ns, At safepoint: 236600 ns, Total: 465500 ns
[2020-03-27T08:05:22.119+0000][1][safepoint    ] Safepoint "Cleanup", Time since last: 1000419996 ns, Reaching safepoint: 141100 ns, At safepoint: 30500 ns, Total: 171600 ns
[2020-03-27T08:05:23.121+0000][1][safepoint    ] Safepoint "Cleanup", Time since last: 1001634453 ns, Reaching safepoint: 326300 ns, At safepoint: 48199 ns, Total: 374499 ns
[2020-03-27T08:05:24.123+0000][1][safepoint    ] Safepoint "Cleanup", Time since last: 1001797832 ns, Reaching safepoint: 324899 ns, At safepoint: 80600 ns, Total: 405499 ns
[2020-03-27T08:05:25.125+0000][1][safepoint    ] Safepoint "Cleanup", Time since last: 1002187431 ns, Reaching safepoint: 112600 ns, At safepoint: 21200 ns, Total: 133800 ns
[2020-03-27T08:05:26.127+0000][1][safepoint    ] Safepoint "Cleanup", Time since last: 1001224231 ns, Reaching safepoint: 322800 ns, At safepoint: 87000 ns, Total: 409800 ns
[2020-03-27T08:05:27.129+0000][1][safepoint    ] Safepoint "Cleanup", Time since last: 1002132931 ns, Reaching safepoint: 94800 ns, At safepoint: 18100 ns, Total: 112900 ns
[2020-03-27T08:05:28.065+0000][1][safepoint    ] Safepoint "RevokeBias", Time since last: 935244456 ns, Reaching safepoint: 111400 ns, At safepoint: 24400 ns, Total: 135800 ns
[2020-03-27T08:05:29.066+0000][1][safepoint    ] Safepoint "Cleanup", Time since last: 1000860931 ns, Reaching safepoint: 320800 ns, At safepoint: 85900 ns, Total: 406700 ns
[2020-03-27T08:05:30.069+0000][1][safepoint    ] Safepoint "Cleanup", Time since last: 1002327131 ns, Reaching safepoint: 418399 ns, At safepoint: 88200 ns, Total: 506599 ns
[2020-03-27T08:05:31.071+0000][1][safepoint    ] Safepoint "Cleanup", Time since last: 1002045293 ns, Reaching safepoint: 276900 ns, At safepoint: 78200 ns, Total: 355100 ns
[2020-03-27T08:05:31.121+0000][1][safepoint    ] Safepoint "RevokeBias", Time since last: 49262379 ns, Reaching safepoint: 113200 ns, At safepoint: 18500 ns, Total: 131700 ns
[2020-03-27T08:05:32.122+0000][1][safepoint    ] Safepoint "Cleanup", Time since last: 1000545570 ns, Reaching safepoint: 322600 ns, At safepoint: 145800 ns, Total: 468400 ns
[2020-03-27T08:05:33.124+0000][1][safepoint    ] Safepoint "Cleanup", Time since last: 1002062369 ns, Reaching safepoint: 489900 ns, At safepoint: 94300 ns, Total: 584200 ns
[2020-03-27T08:05:34.127+0000][1][safepoint    ] Safepoint "Cleanup", Time since last: 1002128269 ns, Reaching safepoint: 532400 ns, At safepoint: 79900 ns, Total: 612300 ns
[2020-03-27T08:05:35.129+0000][1][safepoint    ] Safepoint "Cleanup", Time since last: 1001912670 ns, Reaching safepoint: 329000 ns, At safepoint: 88700 ns, Total: 417700 ns
[2020-03-27T08:05:36.132+0000][1][safepoint    ] Safepoint "Cleanup", Time since last: 1002358869 ns, Reaching safepoint: 374300 ns, At safepoint: 85600 ns, Total: 459900 ns
[2020-03-27T08:05:37.135+0000][1][safepoint    ] Safepoint "Cleanup", Time since last: 1001975170 ns, Reaching safepoint: 321499 ns, At safepoint: 220700 ns, Total: 542199 ns
[2020-03-27T08:05:38.043+0000][1][safepoint    ] Safepoint "BulkRevokeBias", Time since last: 907638710 ns, Reaching safepoint: 104700 ns, At safepoint: 470500 ns, Total: 575200 ns
[2020-03-27T08:05:39.044+0000][1][safepoint    ] Safepoint "Cleanup", Time since last: 1000720516 ns, Reaching safepoint: 322000 ns, At safepoint: 82400 ns, Total: 404400 ns
[2020-03-27T08:05:40.046+0000][1][safepoint    ] Safepoint "Cleanup", Time since last: 1002234590 ns, Reaching safepoint: 97700 ns, At safepoint: 19400 ns, Total: 117100 ns
[2020-03-27T08:05:41.048+0000][1][safepoint    ] Safepoint "Cleanup", Time since last: 1001109790 ns, Reaching safepoint: 405300 ns, At safepoint: 84700 ns, Total: 490000 ns
[2020-03-27T08:05:41.123+0000][1][safepoint    ] Safepoint "RevokeBias", Time since last: 74467799 ns, Reaching safepoint: 242600 ns, At safepoint: 18000 ns, Total: 260600 ns
[2020-03-27T08:05:42.124+0000][1][safepoint    ] Safepoint "Cleanup", Time since last: 1000659990 ns, Reaching safepoint: 484000 ns, At safepoint: 84100 ns, Total: 568100 ns
[2020-03-27T08:05:43.127+0000][1][safepoint    ] Safepoint "Cleanup", Time since last: 1002221390 ns, Reaching safepoint: 287000 ns, At safepoint: 131000 ns, Total: 418000 ns
[2020-03-27T08:05:43.517+0000][1][safepoint    ] Safepoint "RevokeBias", Time since last: 390170696 ns, Reaching safepoint: 216300 ns, At safepoint: 32500 ns, Total: 248800 ns
[2020-03-27T08:05:43.518+0000][1][safepoint    ] Safepoint "RevokeBias", Time since last: 559700 ns, Reaching safepoint: 105700 ns, At safepoint: 41100 ns, Total: 146800 ns
[2020-03-27T08:05:43.519+0000][1][safepoint    ] Safepoint "RevokeBias", Time since last: 1372200 ns, Reaching safepoint: 126800 ns, At safepoint: 12000 ns, Total: 138800 ns
[2020-03-27T08:05:43.520+0000][1][safepoint    ] Safepoint "RevokeBias", Time since last: 596200 ns, Reaching safepoint: 69000 ns, At safepoint: 21900 ns, Total: 90900 ns
[2020-03-27T08:05:43.561+0000][1][safepoint    ] Safepoint "RevokeBias", Time since last: 40935299 ns, Reaching safepoint: 134100 ns, At safepoint: 28600 ns, Total: 162700 ns
[2020-03-27T08:05:43.607+0000][1][gc,start     ] GC(83) Pause Young (Allocation Failure)
[2020-03-27T08:05:43.607+0000][1][gc,task      ] GC(83) Using 2 workers of 2 for evacuation
[2020-03-27T08:05:43.718+0000][1][gc,age       ] GC(83) Desired survivor size 8716288 bytes, new threshold 6 (max threshold 6)
[2020-03-27T08:05:43.719+0000][1][gc,age       ] GC(83) Age table with threshold 6 (max threshold 6)
[2020-03-27T08:05:43.719+0000][1][gc,age       ] GC(83) - age   1:    2353616 bytes,    2353616 total
[2020-03-27T08:05:43.720+0000][1][gc,heap      ] GC(83) ParNew: 150575K->9188K(153344K)
[2020-03-27T08:05:43.720+0000][1][gc,heap      ] GC(83) CMS: 131837K->141677K(353920K)
[2020-03-27T08:05:43.721+0000][1][gc,metaspace ] GC(83) Metaspace: 96303K->96303K(1138688K)
[2020-03-27T08:05:43.721+0000][1][gc           ] GC(83) Pause Young (Allocation Failure) 275M->147M(495M) 114.222ms
[2020-03-27T08:05:43.722+0000][1][gc,cpu       ] GC(83) User=0.02s Sys=0.03s Real=0.11s
[2020-03-27T08:05:43.722+0000][1][safepoint    ] Safepoint "GenCollectForAllocation", Time since last: 45690600 ns, Reaching safepoint: 104300 ns, At safepoint: 115445199 ns, Total: 115549499 ns
[2020-03-27T08:05:43.758+0000][1][safepoint    ] Safepoint "RevokeBias", Time since last: 34811199 ns, Reaching safepoint: 881400 ns, At safepoint: 168200 ns, Total: 1049600 ns
[2020-03-27T08:05:43.759+0000][1][safepoint    ] Safepoint "RevokeBias", Time since last: 560600 ns, Reaching safepoint: 244800 ns, At safepoint: 31000 ns, Total: 275800 ns
[2020-03-27T08:05:43.762+0000][1][safepoint    ] Safepoint "RevokeBias", Time since last: 2117900 ns, Reaching safepoint: 519200 ns, At safepoint: 19000 ns, Total: 538200 ns
[2020-03-27T08:05:43.763+0000][1][safepoint    ] Safepoint "RevokeBias", Time since last: 1159500 ns, Reaching safepoint: 186700 ns, At safepoint: 44400 ns, Total: 231100 ns
[2020-03-27T08:05:43.822+0000][1][safepoint    ] Safepoint "RevokeBias", Time since last: 58469700 ns, Reaching safepoint: 125000 ns, At safepoint: 21800 ns, Total: 146800 ns
[2020-03-27T08:05:44.435+0000][1][safepoint    ] Safepoint "RevokeBias", Time since last: 613467994 ns, Reaching safepoint: 158600 ns, At safepoint: 20700 ns, Total: 179300 ns
[2020-03-27T08:05:44.436+0000][1][safepoint    ] Safepoint "RevokeBias", Time since last: 970200 ns, Reaching safepoint: 114300 ns, At safepoint: 13000 ns, Total: 127300 ns
[2020-03-27T08:05:44.437+0000][1][safepoint    ] Safepoint "RevokeBias", Time since last: 432500 ns, Reaching safepoint: 80100 ns, At safepoint: 21500 ns, Total: 101600 ns
[2020-03-27T08:05:44.439+0000][1][safepoint    ] Safepoint "RevokeBias", Time since last: 1579700 ns, Reaching safepoint: 212000 ns, At safepoint: 22100 ns, Total: 234100 ns
[2020-03-27T08:05:44.440+0000][1][safepoint    ] Safepoint "RevokeBias", Time since last: 1139200 ns, Reaching safepoint: 62200 ns, At safepoint: 21400 ns, Total: 83600 ns
[2020-03-27T08:05:44.483+0000][1][safepoint    ] Safepoint "RevokeBias", Time since last: 43304299 ns, Reaching safepoint: 118000 ns, At safepoint: 17300 ns, Total: 135300 ns
[2020-03-27T08:05:44.578+0000][1][safepoint    ] Safepoint "RevokeBias", Time since last: 94597399 ns, Reaching safepoint: 301300 ns, At safepoint: 111300 ns, Total: 412600 ns
[2020-03-27T08:05:44.932+0000][1][safepoint    ] Safepoint "RevokeBias", Time since last: 353824697 ns, Reaching safepoint: 108900 ns, At safepoint: 15800 ns, Total: 124700 ns
[2020-03-27T08:05:44.934+0000][1][safepoint    ] Safepoint "RevokeBias", Time since last: 1443300 ns, Reaching safepoint: 84700 ns, At safepoint: 21200 ns, Total: 105900 ns
[2020-03-27T08:05:44.936+0000][1][safepoint    ] Safepoint "RevokeBias", Time since last: 1911199 ns, Reaching safepoint: 229200 ns, At safepoint: 13900 ns, Total: 243100 ns
[2020-03-27T08:05:44.937+0000][1][safepoint    ] Safepoint "RevokeBias", Time since last: 912600 ns, Reaching safepoint: 95900 ns, At safepoint: 23500 ns, Total: 119400 ns
[2020-03-27T08:05:45.087+0000][1][safepoint    ] Safepoint "RevokeBias", Time since last: 149235699 ns, Reaching safepoint: 210400 ns, At safepoint: 48800 ns, Total: 259200 ns
[2020-03-27T08:05:45.119+0000][1][safepoint    ] Safepoint "BulkRevokeBias", Time since last: 31672200 ns, Reaching safepoint: 127900 ns, At safepoint: 554700 ns, Total: 682600 ns
[2020-03-27T08:05:45.172+0000][1][safepoint    ] Safepoint "RevokeBias", Time since last: 52475199 ns, Reaching safepoint: 109900 ns, At safepoint: 25000 ns, Total: 134900 ns
[2020-03-27T08:05:45.172+0000][1][safepoint    ] Safepoint "RevokeBias", Time since last: 300900 ns, Reaching safepoint: 57700 ns, At safepoint: 12400 ns, Total: 70100 ns
[2020-03-27T08:05:45.172+0000][1][safepoint    ] Safepoint "RevokeBias", Time since last: 323600 ns, Reaching safepoint: 50000 ns, At safepoint: 21300 ns, Total: 71300 ns
[2020-03-27T08:05:45.173+0000][1][safepoint    ] Safepoint "RevokeBias", Time since last: 311500 ns, Reaching safepoint: 48600 ns, At safepoint: 20500 ns, Total: 69100 ns
[2020-03-27T08:05:45.173+0000][1][safepoint    ] Safepoint "RevokeBias", Time since last: 254000 ns, Reaching safepoint: 48000 ns, At safepoint: 27000 ns, Total: 75000 ns
[2020-03-27T08:05:45.173+0000][1][safepoint    ] Safepoint "RevokeBias", Time since last: 258100 ns, Reaching safepoint: 46700 ns, At safepoint: 19300 ns, Total: 66000 ns
[2020-03-27T08:05:45.174+0000][1][safepoint    ] Safepoint "RevokeBias", Time since last: 378000 ns, Reaching safepoint: 121900 ns, At safepoint: 23300 ns, Total: 145200 ns
[2020-03-27T08:05:46.087+0000][1][safepoint    ] Safepoint "RevokeBias", Time since last: 913148391 ns, Reaching safepoint: 322100 ns, At safepoint: 93800 ns, Total: 415900 ns
[2020-03-27T08:05:46.090+0000][1][safepoint    ] Safepoint "RevokeBias", Time since last: 2542300 ns, Reaching safepoint: 433000 ns, At safepoint: 43500 ns, Total: 476500 ns
[2020-03-27T08:05:46.104+0000][1][safepoint    ] Safepoint "RevokeBias", Time since last: 13188300 ns, Reaching safepoint: 83000 ns, At safepoint: 51400 ns, Total: 134400 ns
[2020-03-27T08:05:46.105+0000][1][safepoint    ] Safepoint "RevokeBias", Time since last: 804600 ns, Reaching safepoint: 59500 ns, At safepoint: 17900 ns, Total: 77400 ns
[2020-03-27T08:05:46.105+0000][1][safepoint    ] Safepoint "RevokeBias", Time since last: 503200 ns, Reaching safepoint: 124100 ns, At safepoint: 12300 ns, Total: 136400 ns
[2020-03-27T08:05:46.106+0000][1][safepoint    ] Safepoint "RevokeBias", Time since last: 612100 ns, Reaching safepoint: 48500 ns, At safepoint: 24100 ns, Total: 72600 ns
[2020-03-27T08:05:46.106+0000][1][safepoint    ] Safepoint "RevokeBias", Time since last: 378600 ns, Reaching safepoint: 134200 ns, At safepoint: 7400 ns, Total: 141600 ns
[2020-03-27T08:05:47.108+0000][1][safepoint    ] Safepoint "Cleanup", Time since last: 1001028613 ns, Reaching safepoint: 177700 ns, At safepoint: 40100 ns, Total: 217800 ns
[2020-03-27T08:05:48.029+0000][1][gc,start     ] GC(84) Pause Young (Allocation Failure)
[2020-03-27T08:05:48.030+0000][1][gc,task      ] GC(84) Using 2 workers of 2 for evacuation
[2020-03-27T08:05:48.035+0000][1][gc,age       ] GC(84) Desired survivor size 8716288 bytes, new threshold 6 (max threshold 6)
[2020-03-27T08:05:48.035+0000][1][gc,age       ] GC(84) Age table with threshold 6 (max threshold 6)
[2020-03-27T08:05:48.036+0000][1][gc,age       ] GC(84) - age   1:    1306392 bytes,    1306392 total
[2020-03-27T08:05:48.036+0000][1][gc,age       ] GC(84) - age   2:     283384 bytes,    1589776 total
[2020-03-27T08:05:48.037+0000][1][gc,heap      ] GC(84) ParNew: 145508K->2871K(153344K)
[2020-03-27T08:05:48.037+0000][1][gc,heap      ] GC(84) CMS: 141677K->141677K(353920K)
[2020-03-27T08:05:48.038+0000][1][gc,metaspace ] GC(84) Metaspace: 96337K->96337K(1138688K)
[2020-03-27T08:05:48.038+0000][1][gc           ] GC(84) Pause Young (Allocation Failure) 280M->141M(495M) 9.373ms
[2020-03-27T08:05:48.039+0000][1][gc,cpu       ] GC(84) User=0.01s Sys=0.00s Real=0.01s
[2020-03-27T08:05:48.039+0000][1][safepoint    ] Safepoint "GenCollectForAllocation", Time since last: 921214124 ns, Reaching safepoint: 104000 ns, At safepoint: 10283001 ns, Total: 10387001 ns
[2020-03-27T08:05:48.058+0000][1][safepoint    ] Safepoint "RevokeBias", Time since last: 18414500 ns, Reaching safepoint: 106800 ns, At safepoint: 23800 ns, Total: 130600 ns
[2020-03-27T08:05:48.606+0000][1][safepoint    ] Safepoint "RevokeBias", Time since last: 547465115 ns, Reaching safepoint: 188200 ns, At safepoint: 58600 ns, Total: 246800 ns
[2020-03-27T08:05:48.607+0000][1][safepoint    ] Safepoint "RevokeBias", Time since last: 997100 ns, Reaching safepoint: 66500 ns, At safepoint: 22700 ns, Total: 89200 ns
[2020-03-27T08:05:48.608+0000][1][safepoint    ] Safepoint "RevokeBias", Time since last: 1221800 ns, Reaching safepoint: 134500 ns, At safepoint: 25300 ns, Total: 159800 ns
[2020-03-27T08:05:48.609+0000][1][safepoint    ] Safepoint "RevokeBias", Time since last: 1252800 ns, Reaching safepoint: 173100 ns, At safepoint: 25200 ns, Total: 198300 ns
[2020-03-27T08:05:48.651+0000][1][safepoint    ] Safepoint "RevokeBias", Time since last: 41458801 ns, Reaching safepoint: 92100 ns, At safepoint: 40200 ns, Total: 132300 ns
[2020-03-27T08:05:49.652+0000][1][safepoint    ] Safepoint "Cleanup", Time since last: 1001043426 ns, Reaching safepoint: 253600 ns, At safepoint: 63600 ns, Total: 317200 ns
[2020-03-27T08:05:50.654+0000][1][safepoint    ] Safepoint "Cleanup", Time since last: 1001554527 ns, Reaching safepoint: 366700 ns, At safepoint: 83200 ns, Total: 449900 ns
[2020-03-27T08:05:51.142+0000][1][safepoint    ] Safepoint "RevokeBias", Time since last: 487254613 ns, Reaching safepoint: 126300 ns, At safepoint: 50300 ns, Total: 176600 ns
[2020-03-27T08:05:51.785+0000][1][safepoint    ] Safepoint "RevokeBias", Time since last: 642997217 ns, Reaching safepoint: 130500 ns, At safepoint: 18300 ns, Total: 148800 ns
[2020-03-27T08:05:51.786+0000][1][safepoint    ] Safepoint "RevokeBias", Time since last: 663300 ns, Reaching safepoint: 86400 ns, At safepoint: 13700 ns, Total: 100100 ns
[2020-03-27T08:05:51.787+0000][1][safepoint    ] Safepoint "RevokeBias", Time since last: 1567300 ns, Reaching safepoint: 63500 ns, At safepoint: 20400 ns, Total: 83900 ns
[2020-03-27T08:05:51.789+0000][1][safepoint    ] Safepoint "RevokeBias", Time since last: 1075100 ns, Reaching safepoint: 71700 ns, At safepoint: 10900 ns, Total: 82600 ns
[2020-03-27T08:05:51.831+0000][1][safepoint    ] Safepoint "RevokeBias", Time since last: 42466501 ns, Reaching safepoint: 133100 ns, At safepoint: 19400 ns, Total: 152500 ns
[2020-03-27T08:05:51.860+0000][1][safepoint    ] Safepoint "BulkRevokeBias", Time since last: 28610601 ns, Reaching safepoint: 179300 ns, At safepoint: 447600 ns, Total: 626900 ns
[2020-03-27T08:05:51.861+0000][1][safepoint    ] Safepoint "RevokeBias", Time since last: 431500 ns, Reaching safepoint: 139600 ns, At safepoint: 28800 ns, Total: 168400 ns
[2020-03-27T08:05:51.930+0000][1][gc,start     ] GC(85) Pause Young (Allocation Failure)
[2020-03-27T08:05:51.930+0000][1][gc,task      ] GC(85) Using 2 workers of 2 for evacuation
[2020-03-27T08:05:51.938+0000][1][gc,age       ] GC(85) Desired survivor size 8716288 bytes, new threshold 6 (max threshold 6)
[2020-03-27T08:05:51.938+0000][1][gc,age       ] GC(85) Age table with threshold 6 (max threshold 6)
[2020-03-27T08:05:51.939+0000][1][gc,age       ] GC(85) - age   1:    1184256 bytes,    1184256 total
[2020-03-27T08:05:51.939+0000][1][gc,age       ] GC(85) - age   2:     939568 bytes,    2123824 total
[2020-03-27T08:05:51.940+0000][1][gc,age       ] GC(85) - age   3:     274768 bytes,    2398592 total
[2020-03-27T08:05:51.940+0000][1][gc,heap      ] GC(85) ParNew: 138854K->3250K(153344K)
[2020-03-27T08:05:51.941+0000][1][gc,heap      ] GC(85) CMS: 141677K->141677K(353920K)
[2020-03-27T08:05:51.941+0000][1][gc,metaspace ] GC(85) Metaspace: 96340K->96340K(1138688K)
[2020-03-27T08:05:51.942+0000][1][gc           ] GC(85) Pause Young (Allocation Failure) 273M->141M(495M) 12.007ms
[2020-03-27T08:05:51.942+0000][1][gc,cpu       ] GC(85) User=0.01s Sys=0.00s Real=0.01s
[2020-03-27T08:05:51.943+0000][1][safepoint    ] Safepoint "GenCollectForAllocation", Time since last: 68270502 ns, Reaching safepoint: 182500 ns, At safepoint: 13132400 ns, Total: 13314900 ns
[2020-03-27T08:05:52.863+0000][1][safepoint    ] Safepoint "RevokeBias", Time since last: 919473824 ns, Reaching safepoint: 383400 ns, At safepoint: 164300 ns, Total: 547700 ns
[2020-03-27T08:05:52.906+0000][1][safepoint    ] Safepoint "RevokeBias", Time since last: 43025002 ns, Reaching safepoint: 108900 ns, At safepoint: 31700 ns, Total: 140600 ns
[2020-03-27T08:05:52.907+0000][1][safepoint    ] Safepoint "RevokeBias", Time since last: 725000 ns, Reaching safepoint: 246300 ns, At safepoint: 7600 ns, Total: 253900 ns
[2020-03-27T08:05:53.908+0000][1][safepoint    ] Safepoint "Cleanup", Time since last: 1000910226 ns, Reaching safepoint: 223500 ns, At safepoint: 66500 ns, Total: 290000 ns
[2020-03-27T08:05:54.910+0000][1][safepoint    ] Safepoint "Cleanup", Time since last: 1001625017 ns, Reaching safepoint: 99200 ns, At safepoint: 20400 ns, Total: 119600 ns
[2020-03-27T08:05:55.911+0000][1][safepoint    ] Safepoint "Cleanup", Time since last: 1001204042 ns, Reaching safepoint: 95800 ns, At safepoint: 18000 ns, Total: 113800 ns
[2020-03-27T08:05:56.912+0000][1][safepoint    ] Safepoint "Cleanup", Time since last: 1000896042 ns, Reaching safepoint: 94700 ns, At safepoint: 17900 ns, Total: 112600 ns
[2020-03-27T08:05:57.913+0000][1][safepoint    ] Safepoint "Cleanup", Time since last: 1000835242 ns, Reaching safepoint: 314000 ns, At safepoint: 82400 ns, Total: 396400 ns
[2020-03-27T08:05:58.069+0000][1][safepoint    ] Safepoint "RevokeBias", Time since last: 155151737 ns, Reaching safepoint: 101500 ns, At safepoint: 22900 ns, Total: 124400 ns
[2020-03-27T08:05:58.784+0000][1][safepoint    ] Safepoint "RevokeBias", Time since last: 714792673 ns, Reaching safepoint: 156300 ns, At safepoint: 16800 ns, Total: 173100 ns
[2020-03-27T08:05:58.785+0000][1][safepoint    ] Safepoint "RevokeBias", Time since last: 1279200 ns, Reaching safepoint: 91201 ns, At safepoint: 12800 ns, Total: 104001 ns
[2020-03-27T08:05:58.786+0000][1][safepoint    ] Safepoint "RevokeBias", Time since last: 1068800 ns, Reaching safepoint: 76600 ns, At safepoint: 11700 ns, Total: 88300 ns
[2020-03-27T08:05:58.787+0000][1][safepoint    ] Safepoint "RevokeBias", Time since last: 1107400 ns, Reaching safepoint: 66700 ns, At safepoint: 11100 ns, Total: 77800 ns
[2020-03-27T08:05:58.830+0000][1][safepoint    ] Safepoint "RevokeBias", Time since last: 42504410 ns, Reaching safepoint: 116300 ns, At safepoint: 18100 ns, Total: 134400 ns
[2020-03-27T08:05:59.831+0000][1][safepoint    ] Safepoint "Cleanup", Time since last: 1000745942 ns, Reaching safepoint: 325400 ns, At safepoint: 85800 ns, Total: 411200 ns
[2020-03-27T08:06:00.834+0000][1][safepoint    ] Safepoint "Cleanup", Time since last: 1002419743 ns, Reaching safepoint: 502400 ns, At safepoint: 80400 ns, Total: 582800 ns
[2020-03-27T08:06:01.154+0000][1][safepoint    ] Safepoint "RevokeBias", Time since last: 319368177 ns, Reaching safepoint: 219300 ns, At safepoint: 30700 ns, Total: 250000 ns
[2020-03-27T08:06:01.998+0000][1][gc,start     ] GC(86) Pause Young (Allocation Failure)
[2020-03-27T08:06:02.000+0000][1][gc,task      ] GC(86) Using 2 workers of 2 for evacuation
[2020-03-27T08:06:02.013+0000][1][gc,age       ] GC(86) Desired survivor size 8716288 bytes, new threshold 6 (max threshold 6)
[2020-03-27T08:06:02.014+0000][1][gc,age       ] GC(86) Age table with threshold 6 (max threshold 6)
[2020-03-27T08:06:02.015+0000][1][gc,age       ] GC(86) - age   1:    4994896 bytes,    4994896 total
[2020-03-27T08:06:02.015+0000][1][gc,age       ] GC(86) - age   2:     362824 bytes,    5357720 total
[2020-03-27T08:06:02.016+0000][1][gc,age       ] GC(86) - age   3:     749112 bytes,    6106832 total
[2020-03-27T08:06:02.017+0000][1][gc,age       ] GC(86) - age   4:     257232 bytes,    6364064 total
[2020-03-27T08:06:02.017+0000][1][gc,heap      ] GC(86) ParNew: 139120K->7286K(153344K)
[2020-03-27T08:06:02.018+0000][1][gc,heap      ] GC(86) CMS: 141677K->141677K(353920K)
[2020-03-27T08:06:02.018+0000][1][gc,metaspace ] GC(86) Metaspace: 96351K->96351K(1138688K)
[2020-03-27T08:06:02.019+0000][1][gc           ] GC(86) Pause Young (Allocation Failure) 274M->145M(495M) 20.785ms
[2020-03-27T08:06:02.020+0000][1][gc,cpu       ] GC(86) User=0.01s Sys=0.00s Real=0.02s
[2020-03-27T08:06:02.020+0000][1][safepoint    ] Safepoint "GenCollectForAllocation", Time since last: 844026804 ns, Reaching safepoint: 393800 ns, At safepoint: 21992406 ns, Total: 22386206 ns
[2020-03-27T08:06:02.032+0000][1][safepoint    ] Safepoint "RevokeBias", Time since last: 12077902 ns, Reaching safepoint: 207901 ns, At safepoint: 37600 ns, Total: 245501 ns
[2020-03-27T08:06:02.033+0000][1][safepoint    ] Safepoint "RevokeBias", Time since last: 837000 ns, Reaching safepoint: 67400 ns, At safepoint: 13900 ns, Total: 81300 ns
[2020-03-27T08:06:02.035+0000][1][safepoint    ] Safepoint "RevokeBias", Time since last: 1754500 ns, Reaching safepoint: 137000 ns, At safepoint: 22000 ns, Total: 159000 ns
[2020-03-27T08:06:02.036+0000][1][safepoint    ] Safepoint "RevokeBias", Time since last: 1062500 ns, Reaching safepoint: 67900 ns, At safepoint: 11700 ns, Total: 79600 ns
[2020-03-27T08:06:02.077+0000][1][safepoint    ] Safepoint "RevokeBias", Time since last: 40671910 ns, Reaching safepoint: 127700 ns, At safepoint: 28300 ns, Total: 156000 ns
[2020-03-27T08:06:03.078+0000][1][safepoint    ] Safepoint "Cleanup", Time since last: 1000884392 ns, Reaching safepoint: 114100 ns, At safepoint: 25000 ns, Total: 139100 ns
[2020-03-27T08:06:04.080+0000][1][safepoint    ] Safepoint "Cleanup", Time since last: 1001099377 ns, Reaching safepoint: 464100 ns, At safepoint: 83000 ns, Total: 547100 ns
[2020-03-27T08:06:05.082+0000][1][safepoint    ] Safepoint "Cleanup", Time since last: 1001978078 ns, Reaching safepoint: 373000 ns, At safepoint: 26400 ns, Total: 399400 ns
[2020-03-27T08:06:06.085+0000][1][safepoint    ] Safepoint "Cleanup", Time since last: 1002352277 ns, Reaching safepoint: 321200 ns, At safepoint: 85400 ns, Total: 406600 ns
[2020-03-27T08:06:07.088+0000][1][safepoint    ] Safepoint "Cleanup", Time since last: 1002521178 ns, Reaching safepoint: 323500 ns, At safepoint: 87100 ns, Total: 410600 ns
[2020-03-27T08:06:08.040+0000][1][safepoint    ] Safepoint "RevokeBias", Time since last: 951972378 ns, Reaching safepoint: 174200 ns, At safepoint: 26600 ns, Total: 200800 ns
[2020-03-27T08:06:08.945+0000][1][safepoint    ] Safepoint "RevokeBias", Time since last: 904887880 ns, Reaching safepoint: 292500 ns, At safepoint: 29300 ns, Total: 321800 ns
[2020-03-27T08:06:08.947+0000][1][safepoint    ] Safepoint "RevokeBias", Time since last: 967200 ns, Reaching safepoint: 178900 ns, At safepoint: 45900 ns, Total: 224800 ns
[2020-03-27T08:06:08.949+0000][1][safepoint    ] Safepoint "BulkRevokeBias", Time since last: 1573300 ns, Reaching safepoint: 87700 ns, At safepoint: 415300 ns, Total: 503000 ns
[2020-03-27T08:06:08.992+0000][1][safepoint    ] Safepoint "RevokeBias", Time since last: 43232899 ns, Reaching safepoint: 123500 ns, At safepoint: 20200 ns, Total: 143700 ns
[2020-03-27T08:06:09.993+0000][1][safepoint    ] Safepoint "Cleanup", Time since last: 1000769777 ns, Reaching safepoint: 339100 ns, At safepoint: 90100 ns, Total: 429200 ns
[2020-03-27T08:06:10.084+0000][1][gc,start     ] GC(87) Pause Young (Allocation Failure)
[2020-03-27T08:06:10.084+0000][1][gc,task      ] GC(87) Using 2 workers of 2 for evacuation
[2020-03-27T08:06:10.091+0000][1][gc,age       ] GC(87) Desired survivor size 8716288 bytes, new threshold 6 (max threshold 6)
[2020-03-27T08:06:10.092+0000][1][gc,age       ] GC(87) Age table with threshold 6 (max threshold 6)
[2020-03-27T08:06:10.092+0000][1][gc,age       ] GC(87) - age   1:     922640 bytes,     922640 total
[2020-03-27T08:06:10.093+0000][1][gc,age       ] GC(87) - age   2:     573816 bytes,    1496456 total
[2020-03-27T08:06:10.093+0000][1][gc,age       ] GC(87) - age   3:     362160 bytes,    1858616 total
[2020-03-27T08:06:10.094+0000][1][gc,age       ] GC(87) - age   4:     749112 bytes,    2607728 total
[2020-03-27T08:06:10.094+0000][1][gc,age       ] GC(87) - age   5:     256648 bytes,    2864376 total
[2020-03-27T08:06:10.095+0000][1][gc,heap      ] GC(87) ParNew: 143606K->5181K(153344K)
[2020-03-27T08:06:10.095+0000][1][gc,heap      ] GC(87) CMS: 141677K->141677K(353920K)
[2020-03-27T08:06:10.096+0000][1][gc,metaspace ] GC(87) Metaspace: 96352K->96352K(1138688K)
[2020-03-27T08:06:10.096+0000][1][gc           ] GC(87) Pause Young (Allocation Failure) 278M->143M(495M) 11.990ms
[2020-03-27T08:06:10.096+0000][1][gc,cpu       ] GC(87) User=0.01s Sys=0.00s Real=0.02s
[2020-03-27T08:06:10.097+0000][1][safepoint    ] Safepoint "GenCollectForAllocation", Time since last: 90645298 ns, Reaching safepoint: 101200 ns, At safepoint: 12810300 ns, Total: 12911500 ns
[2020-03-27T08:06:11.098+0000][1][safepoint    ] Safepoint "Cleanup", Time since last: 1000537370 ns, Reaching safepoint: 429600 ns, At safepoint: 83700 ns, Total: 513300 ns
[2020-03-27T08:06:11.162+0000][1][safepoint    ] Safepoint "RevokeBias", Time since last: 64553398 ns, Reaching safepoint: 124700 ns, At safepoint: 24600 ns, Total: 149300 ns
[2020-03-27T08:06:12.163+0000][1][safepoint    ] Safepoint "Cleanup", Time since last: 1000701766 ns, Reaching safepoint: 99500 ns, At safepoint: 4500 ns, Total: 104000 ns
[2020-03-27T08:06:12.198+0000][1][safepoint    ] Safepoint "RevokeBias", Time since last: 34095999 ns, Reaching safepoint: 228900 ns, At safepoint: 27000 ns, Total: 255900 ns
[2020-03-27T08:06:12.199+0000][1][safepoint    ] Safepoint "BulkRevokeBias", Time since last: 723700 ns, Reaching safepoint: 67000 ns, At safepoint: 463500 ns, Total: 530500 ns
[2020-03-27T08:06:12.208+0000][1][safepoint    ] Safepoint "RevokeBias", Time since last: 8849500 ns, Reaching safepoint: 181600 ns, At safepoint: 16600 ns, Total: 198200 ns
[2020-03-27T08:06:12.210+0000][1][safepoint    ] Safepoint "RevokeBias", Time since last: 2056500 ns, Reaching safepoint: 152200 ns, At safepoint: 16400 ns, Total: 168600 ns
[2020-03-27T08:06:12.263+0000][1][safepoint    ] Safepoint "BulkRevokeBias", Time since last: 51996098 ns, Reaching safepoint: 106900 ns, At safepoint: 703700 ns, Total: 810600 ns
[2020-03-27T08:06:13.264+0000][1][safepoint    ] Safepoint "Cleanup", Time since last: 1000567466 ns, Reaching safepoint: 175800 ns, At safepoint: 35200 ns, Total: 211000 ns
[2020-03-27T08:06:14.265+0000][1][safepoint    ] Safepoint "Cleanup", Time since last: 1001039066 ns, Reaching safepoint: 377700 ns, At safepoint: 86800 ns, Total: 464500 ns
[2020-03-27T08:06:15.268+0000][1][safepoint    ] Safepoint "Cleanup", Time since last: 1002231465 ns, Reaching safepoint: 407300 ns, At safepoint: 83000 ns, Total: 490300 ns
[2020-03-27T08:06:16.271+0000][1][safepoint    ] Safepoint "Cleanup", Time since last: 1002283866 ns, Reaching safepoint: 425000 ns, At safepoint: 84300 ns, Total: 509300 ns
[2020-03-27T08:06:17.273+0000][1][safepoint    ] Safepoint "Cleanup", Time since last: 1002241766 ns, Reaching safepoint: 321100 ns, At safepoint: 87000 ns, Total: 408100 ns
[2020-03-27T08:06:18.024+0000][1][safepoint    ] Safepoint "RevokeBias", Time since last: 749991374 ns, Reaching safepoint: 175000 ns, At safepoint: 14100 ns, Total: 189100 ns
[2020-03-27T08:06:19.025+0000][1][safepoint    ] Safepoint "Cleanup", Time since last: 1000973377 ns, Reaching safepoint: 332300 ns, At safepoint: 83100 ns, Total: 415400 ns
[2020-03-27T08:06:20.027+0000][1][safepoint    ] Safepoint "Cleanup", Time since last: 1001792989 ns, Reaching safepoint: 433000 ns, At safepoint: 81700 ns, Total: 514700 ns
[2020-03-27T08:06:21.029+0000][1][safepoint    ] Safepoint "Cleanup", Time since last: 1001916589 ns, Reaching safepoint: 109900 ns, At safepoint: 20100 ns, Total: 130000 ns
[2020-03-27T08:06:21.171+0000][1][safepoint    ] Safepoint "RevokeBias", Time since last: 141808799 ns, Reaching safepoint: 246500 ns, At safepoint: 19100 ns, Total: 265600 ns
[2020-03-27T08:06:22.173+0000][1][safepoint    ] Safepoint "Cleanup", Time since last: 1000908789 ns, Reaching safepoint: 410300 ns, At safepoint: 83100 ns, Total: 493400 ns
[2020-03-27T08:06:23.175+0000][1][safepoint    ] Safepoint "Cleanup", Time since last: 1001955489 ns, Reaching safepoint: 411000 ns, At safepoint: 81500 ns, Total: 492500 ns
[2020-03-27T08:06:24.178+0000][1][safepoint    ] Safepoint "Cleanup", Time since last: 1002089289 ns, Reaching safepoint: 491200 ns, At safepoint: 80300 ns, Total: 571500 ns
[2020-03-27T08:06:25.180+0000][1][safepoint    ] Safepoint "Cleanup", Time since last: 1002044989 ns, Reaching safepoint: 329300 ns, At safepoint: 91000 ns, Total: 420300 ns
[2020-03-27T08:06:26.183+0000][1][safepoint    ] Safepoint "Cleanup", Time since last: 1002370589 ns, Reaching safepoint: 321700 ns, At safepoint: 86300 ns, Total: 408000 ns
[2020-03-27T08:06:27.186+0000][1][safepoint    ] Safepoint "Cleanup", Time since last: 1002425910 ns, Reaching safepoint: 168000 ns, At safepoint: 48700 ns, Total: 216700 ns
[2020-03-27T08:06:28.062+0000][1][safepoint    ] Safepoint "RevokeBias", Time since last: 876252776 ns, Reaching safepoint: 104100 ns, At safepoint: 25700 ns, Total: 129800 ns
[2020-03-27T08:06:29.063+0000][1][safepoint    ] Safepoint "Cleanup", Time since last: 1000850759 ns, Reaching safepoint: 331900 ns, At safepoint: 88700 ns, Total: 420600 ns
[2020-03-27T08:06:30.066+0000][1][safepoint    ] Safepoint "Cleanup", Time since last: 1002351958 ns, Reaching safepoint: 376500 ns, At safepoint: 86300 ns, Total: 462800 ns
[2020-03-27T08:06:31.069+0000][1][safepoint    ] Safepoint "Cleanup", Time since last: 1002284259 ns, Reaching safepoint: 331600 ns, At safepoint: 26300 ns, Total: 357900 ns
[2020-03-27T08:06:31.194+0000][1][safepoint    ] Safepoint "RevokeBias", Time since last: 124000782 ns, Reaching safepoint: 425100 ns, At safepoint: 370400 ns, Total: 795500 ns
[2020-03-27T08:06:32.195+0000][1][safepoint    ] Safepoint "Cleanup", Time since last: 1000635958 ns, Reaching safepoint: 407100 ns, At safepoint: 85800 ns, Total: 492900 ns
[2020-03-27T08:06:33.198+0000][1][safepoint    ] Safepoint "Cleanup", Time since last: 1002361759 ns, Reaching safepoint: 406100 ns, At safepoint: 83500 ns, Total: 489600 ns
[2020-03-27T08:06:34.200+0000][1][safepoint    ] Safepoint "Cleanup", Time since last: 1001852358 ns, Reaching safepoint: 129300 ns, At safepoint: 29000 ns, Total: 158300 ns
[2020-03-27T08:06:35.201+0000][1][safepoint    ] Safepoint "Cleanup", Time since last: 1001216408 ns, Reaching safepoint: 322200 ns, At safepoint: 78800 ns, Total: 401000 ns
[2020-03-27T08:06:36.204+0000][1][safepoint    ] Safepoint "Cleanup", Time since last: 1002130175 ns, Reaching safepoint: 457100 ns, At safepoint: 84400 ns, Total: 541500 ns
[2020-03-27T08:06:37.213+0000][1][safepoint    ] Safepoint "Cleanup", Time since last: 1008212074 ns, Reaching safepoint: 407800 ns, At safepoint: 103700 ns, Total: 511500 ns
[2020-03-27T08:06:38.032+0000][1][gc,start     ] GC(88) Pause Young (Allocation Failure)
[2020-03-27T08:06:38.033+0000][1][gc,task      ] GC(88) Using 2 workers of 2 for evacuation
[2020-03-27T08:06:38.042+0000][1][gc,age       ] GC(88) Desired survivor size 8716288 bytes, new threshold 1 (max threshold 6)
[2020-03-27T08:06:38.042+0000][1][gc,age       ] GC(88) Age table with threshold 1 (max threshold 6)
[2020-03-27T08:06:38.049+0000][1][gc,age       ] GC(88) - age   1:   13750192 bytes,   13750192 total
[2020-03-27T08:06:38.049+0000][1][gc,age       ] GC(88) - age   2:     896936 bytes,   14647128 total
[2020-03-27T08:06:38.050+0000][1][gc,age       ] GC(88) - age   3:     568480 bytes,   15215608 total
[2020-03-27T08:06:38.050+0000][1][gc,age       ] GC(88) - age   4:     362160 bytes,   15577768 total
[2020-03-27T08:06:38.051+0000][1][gc,age       ] GC(88) - age   5:     747624 bytes,   16325392 total
[2020-03-27T08:06:38.051+0000][1][gc,age       ] GC(88) - age   6:     250280 bytes,   16575672 total
[2020-03-27T08:06:38.052+0000][1][gc,heap      ] GC(88) ParNew: 141501K->17024K(153344K)
[2020-03-27T08:06:38.052+0000][1][gc,heap      ] GC(88) CMS: 141677K->141677K(353920K)
[2020-03-27T08:06:38.053+0000][1][gc,metaspace ] GC(88) Metaspace: 96397K->96397K(1138688K)
[2020-03-27T08:06:38.053+0000][1][gc           ] GC(88) Pause Young (Allocation Failure) 276M->154M(495M) 20.930ms
[2020-03-27T08:06:38.054+0000][1][gc,cpu       ] GC(88) User=0.01s Sys=0.00s Real=0.02s
[2020-03-27T08:06:38.054+0000][1][safepoint    ] Safepoint "GenCollectForAllocation", Time since last: 819486416 ns, Reaching safepoint: 88900 ns, At safepoint: 21897295 ns, Total: 21986195 ns
[2020-03-27T08:06:38.063+0000][1][safepoint    ] Safepoint "RevokeBias", Time since last: 8793398 ns, Reaching safepoint: 91800 ns, At safepoint: 24200 ns, Total: 116000 ns
[2020-03-27T08:06:39.064+0000][1][safepoint    ] Safepoint "Cleanup", Time since last: 1001032075 ns, Reaching safepoint: 186700 ns, At safepoint: 39700 ns, Total: 226400 ns
[2020-03-27T08:06:40.066+0000][1][safepoint    ] Safepoint "Cleanup", Time since last: 1001299376 ns, Reaching safepoint: 417200 ns, At safepoint: 73100 ns, Total: 490300 ns
[2020-03-27T08:06:41.069+0000][1][safepoint    ] Safepoint "Cleanup", Time since last: 1002460575 ns, Reaching safepoint: 366999 ns, At safepoint: 82700 ns, Total: 449699 ns
[2020-03-27T08:06:41.182+0000][1][safepoint    ] Safepoint "RevokeBias", Time since last: 112707575 ns, Reaching safepoint: 383100 ns, At safepoint: 291600 ns, Total: 674700 ns
[2020-03-27T08:06:42.184+0000][1][safepoint    ] Safepoint "Cleanup", Time since last: 1000879375 ns, Reaching safepoint: 256800 ns, At safepoint: 12800 ns, Total: 269600 ns
[2020-03-27T08:06:43.186+0000][1][safepoint    ] Safepoint "Cleanup", Time since last: 1001561280 ns, Reaching safepoint: 321996 ns, At safepoint: 203998 ns, Total: 525994 ns
[2020-03-27T08:06:43.464+0000][1][safepoint    ] Safepoint "RevokeBias", Time since last: 277342584 ns, Reaching safepoint: 380295 ns, At safepoint: 181498 ns, Total: 561793 ns
[2020-03-27T08:06:44.120+0000][1][safepoint    ] Safepoint "RevokeBias", Time since last: 656007556 ns, Reaching safepoint: 108099 ns, At safepoint: 24700 ns, Total: 132799 ns
[2020-03-27T08:06:44.121+0000][1][safepoint    ] Safepoint "RevokeBias", Time since last: 841390 ns, Reaching safepoint: 77099 ns, At safepoint: 12800 ns, Total: 89899 ns
[2020-03-27T08:06:44.121+0000][1][safepoint    ] Safepoint "RevokeBias", Time since last: 415095 ns, Reaching safepoint: 60999 ns, At safepoint: 12300 ns, Total: 73299 ns
[2020-03-27T08:06:44.123+0000][1][safepoint    ] Safepoint "RevokeBias", Time since last: 1386283 ns, Reaching safepoint: 81999 ns, At safepoint: 20200 ns, Total: 102199 ns
[2020-03-27T08:06:44.124+0000][1][safepoint    ] Safepoint "RevokeBias", Time since last: 1031688 ns, Reaching safepoint: 158798 ns, At safepoint: 21899 ns, Total: 180697 ns
[2020-03-27T08:06:44.177+0000][1][safepoint    ] Safepoint "RevokeBias", Time since last: 52821369 ns, Reaching safepoint: 101099 ns, At safepoint: 27999 ns, Total: 129098 ns
[2020-03-27T08:06:44.263+0000][1][safepoint    ] Safepoint "RevokeBias", Time since last: 85432989 ns, Reaching safepoint: 375600 ns, At safepoint: 131000 ns, Total: 506600 ns
[2020-03-27T08:06:44.267+0000][1][safepoint    ] Safepoint "RevokeBias", Time since last: 3726898 ns, Reaching safepoint: 399100 ns, At safepoint: 214800 ns, Total: 613900 ns
[2020-03-27T08:06:44.470+0000][1][safepoint    ] Safepoint "RevokeBias", Time since last: 202910098 ns, Reaching safepoint: 99400 ns, At safepoint: 25800 ns, Total: 125200 ns
[2020-03-27T08:06:44.471+0000][1][safepoint    ] Safepoint "RevokeBias", Time since last: 464600 ns, Reaching safepoint: 94400 ns, At safepoint: 16700 ns, Total: 111100 ns
[2020-03-27T08:06:44.472+0000][1][safepoint    ] Safepoint "RevokeBias", Time since last: 1420499 ns, Reaching safepoint: 63600 ns, At safepoint: 22000 ns, Total: 85600 ns
[2020-03-27T08:06:44.473+0000][1][safepoint    ] Safepoint "RevokeBias", Time since last: 1118400 ns, Reaching safepoint: 59700 ns, At safepoint: 26100 ns, Total: 85800 ns
[2020-03-27T08:06:44.523+0000][1][safepoint    ] Safepoint "RevokeBias", Time since last: 49915175 ns, Reaching safepoint: 116100 ns, At safepoint: 28200 ns, Total: 144300 ns
[2020-03-27T08:06:44.547+0000][1][gc,start     ] GC(89) Pause Young (Allocation Failure)
[2020-03-27T08:06:44.548+0000][1][gc,task      ] GC(89) Using 2 workers of 2 for evacuation
[2020-03-27T08:06:44.575+0000][1][gc,age       ] GC(89) Desired survivor size 8716288 bytes, new threshold 6 (max threshold 6)
[2020-03-27T08:06:44.575+0000][1][gc,age       ] GC(89) Age table with threshold 6 (max threshold 6)
[2020-03-27T08:06:44.576+0000][1][gc,age       ] GC(89) - age   1:    2160176 bytes,    2160176 total
[2020-03-27T08:06:44.576+0000][1][gc,heap      ] GC(89) ParNew: 153344K->12726K(153344K)
[2020-03-27T08:06:44.577+0000][1][gc,heap      ] GC(89) CMS: 141677K->144389K(353920K)
[2020-03-27T08:06:44.577+0000][1][gc,metaspace ] GC(89) Metaspace: 96425K->96425K(1138688K)
[2020-03-27T08:06:44.578+0000][1][gc           ] GC(89) Pause Young (Allocation Failure) 288M->153M(495M) 30.386ms
[2020-03-27T08:06:44.578+0000][1][gc,cpu       ] GC(89) User=0.02s Sys=0.00s Real=0.03s
[2020-03-27T08:06:44.579+0000][1][safepoint    ] Safepoint "GenCollectForAllocation", Time since last: 23690888 ns, Reaching safepoint: 121900 ns, At safepoint: 31309684 ns, Total: 31431584 ns
[2020-03-27T08:06:44.640+0000][1][safepoint    ] Safepoint "RevokeBias", Time since last: 61508470 ns, Reaching safepoint: 148299 ns, At safepoint: 28300 ns, Total: 176599 ns
[2020-03-27T08:06:44.642+0000][1][safepoint    ] Safepoint "RevokeBias", Time since last: 1736500 ns, Reaching safepoint: 126900 ns, At safepoint: 39299 ns, Total: 166199 ns
[2020-03-27T08:06:44.643+0000][1][safepoint    ] Safepoint "RevokeBias", Time since last: 1035100 ns, Reaching safepoint: 158700 ns, At safepoint: 12900 ns, Total: 171600 ns
[2020-03-27T08:06:45.644+0000][1][safepoint    ] Safepoint "Cleanup", Time since last: 1000692700 ns, Reaching safepoint: 157400 ns, At safepoint: 31300 ns, Total: 188700 ns
[2020-03-27T08:06:45.803+0000][1][safepoint    ] Safepoint "RevokeBias", Time since last: 157991922 ns, Reaching safepoint: 256899 ns, At safepoint: 32000 ns, Total: 288899 ns
[2020-03-27T08:06:45.803+0000][1][safepoint    ] Safepoint "RevokeBias", Time since last: 502900 ns, Reaching safepoint: 67400 ns, At safepoint: 11400 ns, Total: 78800 ns
[2020-03-27T08:06:45.804+0000][1][safepoint    ] Safepoint "RevokeBias", Time since last: 1262799 ns, Reaching safepoint: 81700 ns, At safepoint: 21300 ns, Total: 103000 ns
[2020-03-27T08:06:45.806+0000][1][safepoint    ] Safepoint "RevokeBias", Time since last: 1123000 ns, Reaching safepoint: 76500 ns, At safepoint: 20100 ns, Total: 96600 ns
[2020-03-27T08:06:45.855+0000][1][safepoint    ] Safepoint "RevokeBias", Time since last: 48833875 ns, Reaching safepoint: 109300 ns, At safepoint: 25000 ns, Total: 134300 ns
[2020-03-27T08:06:46.856+0000][1][safepoint    ] Safepoint "Cleanup", Time since last: 1000579801 ns, Reaching safepoint: 411700 ns, At safepoint: 81600 ns, Total: 493300 ns
[2020-03-27T08:06:47.858+0000][1][safepoint    ] Safepoint "Cleanup", Time since last: 1002193700 ns, Reaching safepoint: 322599 ns, At safepoint: 86500 ns, Total: 409099 ns
[2020-03-27T08:06:48.068+0000][1][safepoint    ] Safepoint "RevokeBias", Time since last: 209827096 ns, Reaching safepoint: 91400 ns, At safepoint: 23400 ns, Total: 114800 ns
[2020-03-27T08:06:48.305+0000][1][safepoint    ] Safepoint "RevokeBias", Time since last: 236764681 ns, Reaching safepoint: 222200 ns, At safepoint: 32100 ns, Total: 254300 ns
[2020-03-27T08:06:48.307+0000][1][safepoint    ] Safepoint "RevokeBias", Time since last: 1292800 ns, Reaching safepoint: 125200 ns, At safepoint: 20800 ns, Total: 146000 ns
[2020-03-27T08:06:48.310+0000][1][safepoint    ] Safepoint "RevokeBias", Time since last: 2622398 ns, Reaching safepoint: 288300 ns, At safepoint: 24300 ns, Total: 312600 ns
[2020-03-27T08:06:48.311+0000][1][safepoint    ] Safepoint "RevokeBias", Time since last: 1083500 ns, Reaching safepoint: 69000 ns, At safepoint: 13500 ns, Total: 82500 ns
[2020-03-27T08:06:48.357+0000][1][safepoint    ] Safepoint "RevokeBias", Time since last: 46141776 ns, Reaching safepoint: 188900 ns, At safepoint: 30000 ns, Total: 218900 ns
[2020-03-27T08:06:49.358+0000][1][safepoint    ] Safepoint "Cleanup", Time since last: 1000615701 ns, Reaching safepoint: 453900 ns, At safepoint: 81900 ns, Total: 535800 ns
[2020-03-27T08:06:50.361+0000][1][safepoint    ] Safepoint "Cleanup", Time since last: 1002051100 ns, Reaching safepoint: 390899 ns, At safepoint: 86200 ns, Total: 477099 ns
[2020-03-27T08:06:51.202+0000][1][safepoint    ] Safepoint "RevokeBias", Time since last: 840643712 ns, Reaching safepoint: 101800 ns, At safepoint: 15600 ns, Total: 117400 ns
[2020-03-27T08:06:51.611+0000][1][gc,start     ] GC(90) Pause Young (Allocation Failure)
[2020-03-27T08:06:51.612+0000][1][gc,task      ] GC(90) Using 2 workers of 2 for evacuation
[2020-03-27T08:06:51.620+0000][1][gc,age       ] GC(90) Desired survivor size 8716288 bytes, new threshold 6 (max threshold 6)
[2020-03-27T08:06:51.621+0000][1][gc,age       ] GC(90) Age table with threshold 6 (max threshold 6)
[2020-03-27T08:06:51.621+0000][1][gc,age       ] GC(90) - age   1:    4930336 bytes,    4930336 total
[2020-03-27T08:06:51.622+0000][1][gc,age       ] GC(90) - age   2:     692448 bytes,    5622784 total
[2020-03-27T08:06:51.623+0000][1][gc,heap      ] GC(90) ParNew: 149046K->7154K(153344K)
[2020-03-27T08:06:51.623+0000][1][gc,heap      ] GC(90) CMS: 144389K->144389K(353920K)
[2020-03-27T08:06:51.624+0000][1][gc,metaspace ] GC(90) Metaspace: 96455K->96455K(1138688K)
[2020-03-27T08:06:51.624+0000][1][gc           ] GC(90) Pause Young (Allocation Failure) 286M->147M(495M) 13.877ms
[2020-03-27T08:06:51.625+0000][1][gc,cpu       ] GC(90) User=0.01s Sys=0.00s Real=0.01s
[2020-03-27T08:06:51.626+0000][1][safepoint    ] Safepoint "GenCollectForAllocation", Time since last: 408584489 ns, Reaching safepoint: 225900 ns, At safepoint: 15236796 ns, Total: 15462696 ns
[2020-03-27T08:06:51.638+0000][1][safepoint    ] Safepoint "RevokeBias", Time since last: 12475897 ns, Reaching safepoint: 105300 ns, At safepoint: 20200 ns, Total: 125500 ns
[2020-03-27T08:06:51.639+0000][1][safepoint    ] Safepoint "RevokeBias", Time since last: 763900 ns, Reaching safepoint: 75000 ns, At safepoint: 11800 ns, Total: 86800 ns
[2020-03-27T08:06:51.641+0000][1][safepoint    ] Safepoint "RevokeBias", Time since last: 1388099 ns, Reaching safepoint: 145700 ns, At safepoint: 13200 ns, Total: 158900 ns
[2020-03-27T08:06:51.641+0000][1][safepoint    ] Safepoint "RevokeBias", Time since last: 669600 ns, Reaching safepoint: 57400 ns, At safepoint: 21200 ns, Total: 78600 ns
[2020-03-27T08:06:51.685+0000][1][safepoint    ] Safepoint "RevokeBias", Time since last: 43355488 ns, Reaching safepoint: 139500 ns, At safepoint: 24000 ns, Total: 163500 ns
[2020-03-27T08:06:52.686+0000][1][safepoint    ] Safepoint "Cleanup", Time since last: 1000855030 ns, Reaching safepoint: 126700 ns, At safepoint: 27500 ns, Total: 154200 ns
[2020-03-27T08:06:53.687+0000][1][safepoint    ] Safepoint "Cleanup", Time since last: 1000918429 ns, Reaching safepoint: 426200 ns, At safepoint: 29100 ns, Total: 455300 ns
[2020-03-27T08:06:54.690+0000][1][safepoint    ] Safepoint "Cleanup", Time since last: 1002139929 ns, Reaching safepoint: 404400 ns, At safepoint: 83000 ns, Total: 487400 ns
[2020-03-27T08:06:55.693+0000][1][safepoint    ] Safepoint "Cleanup", Time since last: 1002318629 ns, Reaching safepoint: 154100 ns, At safepoint: 35599 ns, Total: 189699 ns
[2020-03-27T08:06:56.694+0000][1][safepoint    ] Safepoint "Cleanup", Time since last: 1001435730 ns, Reaching safepoint: 321900 ns, At safepoint: 86300 ns, Total: 408200 ns
[2020-03-27T08:06:57.697+0000][1][safepoint    ] Safepoint "Cleanup", Time since last: 1002204929 ns, Reaching safepoint: 124899 ns, At safepoint: 26500 ns, Total: 151399 ns
[2020-03-27T08:06:58.067+0000][1][safepoint    ] Safepoint "RevokeBias", Time since last: 370064000 ns, Reaching safepoint: 90800 ns, At safepoint: 23600 ns, Total: 114400 ns
[2020-03-27T08:06:58.476+0000][1][safepoint    ] Safepoint "RevokeBias", Time since last: 408825690 ns, Reaching safepoint: 215400 ns, At safepoint: 30100 ns, Total: 245500 ns
[2020-03-27T08:06:58.477+0000][1][safepoint    ] Safepoint "RevokeBias", Time since last: 903000 ns, Reaching safepoint: 190599 ns, At safepoint: 24800 ns, Total: 215399 ns
[2020-03-27T08:06:58.479+0000][1][safepoint    ] Safepoint "RevokeBias", Time since last: 1423100 ns, Reaching safepoint: 67400 ns, At safepoint: 21300 ns, Total: 88700 ns
[2020-03-27T08:06:58.479+0000][1][safepoint    ] Safepoint "RevokeBias", Time since last: 605900 ns, Reaching safepoint: 69200 ns, At safepoint: 12300 ns, Total: 81500 ns
[2020-03-27T08:06:58.524+0000][1][safepoint    ] Safepoint "RevokeBias", Time since last: 44901588 ns, Reaching safepoint: 111900 ns, At safepoint: 24600 ns, Total: 136500 ns
[2020-03-27T08:06:59.525+0000][1][safepoint    ] Safepoint "Cleanup", Time since last: 1000644450 ns, Reaching safepoint: 338300 ns, At safepoint: 86300 ns, Total: 424600 ns
[2020-03-27T08:07:00.528+0000][1][safepoint    ] Safepoint "Cleanup", Time since last: 1002444576 ns, Reaching safepoint: 323800 ns, At safepoint: 86600 ns, Total: 410400 ns
[2020-03-27T08:07:01.214+0000][1][safepoint    ] Safepoint "BulkRevokeBias", Time since last: 685406531 ns, Reaching safepoint: 115500 ns, At safepoint: 472000 ns, Total: 587500 ns
[2020-03-27T08:07:01.752+0000][1][gc,start     ] GC(91) Pause Young (Allocation Failure)
[2020-03-27T08:07:01.753+0000][1][gc,task      ] GC(91) Using 2 workers of 2 for evacuation
[2020-03-27T08:07:01.761+0000][1][gc,age       ] GC(91) Desired survivor size 8716288 bytes, new threshold 6 (max threshold 6)
[2020-03-27T08:07:01.762+0000][1][gc,age       ] GC(91) Age table with threshold 6 (max threshold 6)
[2020-03-27T08:07:01.762+0000][1][gc,age       ] GC(91) - age   1:    4857776 bytes,    4857776 total
[2020-03-27T08:07:01.763+0000][1][gc,age       ] GC(91) - age   2:     688232 bytes,    5546008 total
[2020-03-27T08:07:01.763+0000][1][gc,age       ] GC(91) - age   3:     689808 bytes,    6235816 total
[2020-03-27T08:07:01.764+0000][1][gc,heap      ] GC(91) ParNew: 143051K->10025K(153344K)
[2020-03-27T08:07:01.764+0000][1][gc,heap      ] GC(91) CMS: 144389K->144389K(353920K)
[2020-03-27T08:07:01.764+0000][1][gc,metaspace ] GC(91) Metaspace: 96460K->96460K(1138688K)
[2020-03-27T08:07:01.765+0000][1][gc           ] GC(91) Pause Young (Allocation Failure) 280M->150M(495M) 12.304ms
[2020-03-27T08:07:01.765+0000][1][gc,cpu       ] GC(91) User=0.00s Sys=0.00s Real=0.01s
[2020-03-27T08:07:01.766+0000][1][safepoint    ] Safepoint "GenCollectForAllocation", Time since last: 538030017 ns, Reaching safepoint: 181900 ns, At safepoint: 13128910 ns, Total: 13310810 ns
[2020-03-27T08:07:01.778+0000][1][safepoint    ] Safepoint "RevokeBias", Time since last: 12015310 ns, Reaching safepoint: 286700 ns, At safepoint: 49400 ns, Total: 336100 ns
[2020-03-27T08:07:01.779+0000][1][safepoint    ] Safepoint "RevokeBias", Time since last: 745700 ns, Reaching safepoint: 75500 ns, At safepoint: 22300 ns, Total: 97800 ns
[2020-03-27T08:07:01.780+0000][1][safepoint    ] Safepoint "RevokeBias", Time since last: 1630702 ns, Reaching safepoint: 83400 ns, At safepoint: 11700 ns, Total: 95100 ns
[2020-03-27T08:07:01.781+0000][1][safepoint    ] Safepoint "RevokeBias", Time since last: 750700 ns, Reaching safepoint: 80500 ns, At safepoint: 20000 ns, Total: 100500 ns
[2020-03-27T08:07:01.824+0000][1][safepoint    ] Safepoint "RevokeBias", Time since last: 42465833 ns, Reaching safepoint: 102100 ns, At safepoint: 27500 ns, Total: 129600 ns
[2020-03-27T08:07:02.825+0000][1][safepoint    ] Safepoint "Cleanup", Time since last: 1000761075 ns, Reaching safepoint: 324300 ns, At safepoint: 117400 ns, Total: 441700 ns
[2020-03-27T08:07:03.827+0000][1][safepoint    ] Safepoint "Cleanup", Time since last: 1001891576 ns, Reaching safepoint: 320400 ns, At safepoint: 88000 ns, Total: 408400 ns
[2020-03-27T08:07:04.830+0000][1][safepoint    ] Safepoint "Cleanup", Time since last: 1002206376 ns, Reaching safepoint: 326601 ns, At safepoint: 88800 ns, Total: 415401 ns
[2020-03-27T08:07:05.833+0000][1][safepoint    ] Safepoint "Cleanup", Time since last: 1002362344 ns, Reaching safepoint: 407300 ns, At safepoint: 84700 ns, Total: 492000 ns
[2020-03-27T08:07:06.836+0000][1][safepoint    ] Safepoint "Cleanup", Time since last: 1002340492 ns, Reaching safepoint: 404203 ns, At safepoint: 73801 ns, Total: 478004 ns
[2020-03-27T08:07:07.839+0000][1][safepoint    ] Safepoint "Cleanup", Time since last: 1002378972 ns, Reaching safepoint: 718305 ns, At safepoint: 35901 ns, Total: 754206 ns
[2020-03-27T08:07:08.079+0000][1][safepoint    ] Safepoint "RevokeBias", Time since last: 239628686 ns, Reaching safepoint: 114301 ns, At safepoint: 23600 ns, Total: 137901 ns
[2020-03-27T08:07:08.646+0000][1][safepoint    ] Safepoint "RevokeBias", Time since last: 567221416 ns, Reaching safepoint: 100300 ns, At safepoint: 51900 ns, Total: 152200 ns
[2020-03-27T08:07:08.647+0000][1][safepoint    ] Safepoint "RevokeBias", Time since last: 905300 ns, Reaching safepoint: 117800 ns, At safepoint: 21400 ns, Total: 139200 ns
[2020-03-27T08:07:08.648+0000][1][safepoint    ] Safepoint "RevokeBias", Time since last: 1153800 ns, Reaching safepoint: 91700 ns, At safepoint: 21000 ns, Total: 112700 ns
[2020-03-27T08:07:08.650+0000][1][safepoint    ] Safepoint "RevokeBias", Time since last: 1175301 ns, Reaching safepoint: 84500 ns, At safepoint: 13900 ns, Total: 98400 ns
[2020-03-27T08:07:08.712+0000][1][safepoint    ] Safepoint "RevokeBias", Time since last: 62513707 ns, Reaching safepoint: 250600 ns, At safepoint: 30300 ns, Total: 280900 ns
[2020-03-27T08:07:08.767+0000][1][safepoint    ] Safepoint "RevokeBias", Time since last: 54735607 ns, Reaching safepoint: 196700 ns, At safepoint: 26600 ns, Total: 223300 ns
[2020-03-27T08:07:08.825+0000][1][gc,start     ] GC(92) Pause Young (Allocation Failure)
[2020-03-27T08:07:08.825+0000][1][gc,task      ] GC(92) Using 2 workers of 2 for evacuation
[2020-03-27T08:07:08.829+0000][1][gc,age       ] GC(92) Desired survivor size 8716288 bytes, new threshold 6 (max threshold 6)
[2020-03-27T08:07:08.830+0000][1][gc,age       ] GC(92) Age table with threshold 6 (max threshold 6)
[2020-03-27T08:07:08.830+0000][1][gc,age       ] GC(92) - age   1:    1937520 bytes,    1937520 total
[2020-03-27T08:07:08.831+0000][1][gc,age       ] GC(92) - age   2:     564880 bytes,    2502400 total
[2020-03-27T08:07:08.831+0000][1][gc,age       ] GC(92) - age   3:     686584 bytes,    3188984 total
[2020-03-27T08:07:08.832+0000][1][gc,age       ] GC(92) - age   4:     689536 bytes,    3878520 total
[2020-03-27T08:07:08.832+0000][1][gc,heap      ] GC(92) ParNew: 146095K->5820K(153344K)
[2020-03-27T08:07:08.833+0000][1][gc,heap      ] GC(92) CMS: 144389K->144389K(353920K)
[2020-03-27T08:07:08.833+0000][1][gc,metaspace ] GC(92) Metaspace: 96472K->96472K(1138688K)
[2020-03-27T08:07:08.834+0000][1][gc           ] GC(92) Pause Young (Allocation Failure) 283M->146M(495M) 8.766ms
[2020-03-27T08:07:08.834+0000][1][gc,cpu       ] GC(92) User=0.01s Sys=0.00s Real=0.01s
[2020-03-27T08:07:08.835+0000][1][safepoint    ] Safepoint "GenCollectForAllocation", Time since last: 57360106 ns, Reaching safepoint: 130600 ns, At safepoint: 9827402 ns, Total: 9958002 ns
[2020-03-27T08:07:08.974+0000][1][safepoint    ] Safepoint "RevokeBias", Time since last: 139069316 ns, Reaching safepoint: 99900 ns, At safepoint: 25300 ns, Total: 125200 ns
[2020-03-27T08:07:08.975+0000][1][safepoint    ] Safepoint "BulkRevokeBias", Time since last: 369600 ns, Reaching safepoint: 77000 ns, At safepoint: 410200 ns, Total: 487200 ns
[2020-03-27T08:07:09.767+0000][1][safepoint    ] Safepoint "RevokeBias", Time since last: 792123294 ns, Reaching safepoint: 339300 ns, At safepoint: 98500 ns, Total: 437800 ns
[2020-03-27T08:07:09.781+0000][1][safepoint    ] Safepoint "RevokeBias", Time since last: 13068402 ns, Reaching safepoint: 402400 ns, At safepoint: 33900 ns, Total: 436300 ns
[2020-03-27T08:07:09.785+0000][1][safepoint    ] Safepoint "RevokeBias", Time since last: 3697300 ns, Reaching safepoint: 279500 ns, At safepoint: 62600 ns, Total: 342100 ns
[2020-03-27T08:07:09.787+0000][1][safepoint    ] Safepoint "RevokeBias", Time since last: 1813801 ns, Reaching safepoint: 254700 ns, At safepoint: 28800 ns, Total: 283500 ns
[2020-03-27T08:07:09.789+0000][1][safepoint    ] Safepoint "RevokeBias", Time since last: 1770900 ns, Reaching safepoint: 135900 ns, At safepoint: 46800 ns, Total: 182700 ns
[2020-03-27T08:07:09.791+0000][1][safepoint    ] Safepoint "RevokeBias", Time since last: 1474700 ns, Reaching safepoint: 248500 ns, At safepoint: 21100 ns, Total: 269600 ns
[2020-03-27T08:07:09.793+0000][1][safepoint    ] Safepoint "RevokeBias", Time since last: 1891000 ns, Reaching safepoint: 135400 ns, At safepoint: 14700 ns, Total: 150100 ns
[2020-03-27T08:07:09.794+0000][1][safepoint    ] Safepoint "RevokeBias", Time since last: 1209500 ns, Reaching safepoint: 150300 ns, At safepoint: 14100 ns, Total: 164400 ns
[2020-03-27T08:07:10.796+0000][1][safepoint    ] Safepoint "Cleanup", Time since last: 1001190419 ns, Reaching safepoint: 227600 ns, At safepoint: 130200 ns, Total: 357800 ns
[2020-03-27T08:07:11.223+0000][1][safepoint    ] Safepoint "RevokeBias", Time since last: 427367251 ns, Reaching safepoint: 111300 ns, At safepoint: 27900 ns, Total: 139200 ns
[2020-03-27T08:07:11.949+0000][1][safepoint    ] Safepoint "RevokeBias", Time since last: 726090286 ns, Reaching safepoint: 97500 ns, At safepoint: 18800 ns, Total: 116300 ns
[2020-03-27T08:07:11.950+0000][1][safepoint    ] Safepoint "BulkRevokeBias", Time since last: 481300 ns, Reaching safepoint: 83400 ns, At safepoint: 411200 ns, Total: 494600 ns
[2020-03-27T08:07:11.952+0000][1][safepoint    ] Safepoint "RevokeBias", Time since last: 1637101 ns, Reaching safepoint: 65100 ns, At safepoint: 12000 ns, Total: 77100 ns
[2020-03-27T08:07:11.954+0000][1][safepoint    ] Safepoint "BulkRevokeBias", Time since last: 1113700 ns, Reaching safepoint: 122700 ns, At safepoint: 411500 ns, Total: 534200 ns
[2020-03-27T08:07:11.993+0000][1][safepoint    ] Safepoint "RevokeBias", Time since last: 39619505 ns, Reaching safepoint: 139400 ns, At safepoint: 26900 ns, Total: 166300 ns
[2020-03-27T08:07:12.995+0000][1][safepoint    ] Safepoint "Cleanup", Time since last: 1001196418 ns, Reaching safepoint: 252600 ns, At safepoint: 52200 ns, Total: 304800 ns
[2020-03-27T08:07:13.997+0000][1][safepoint    ] Safepoint "Cleanup", Time since last: 1001803019 ns, Reaching safepoint: 322400 ns, At safepoint: 25700 ns, Total: 348100 ns
[2020-03-27T08:07:15.000+0000][1][safepoint    ] Safepoint "Cleanup", Time since last: 1002256808 ns, Reaching safepoint: 436300 ns, At safepoint: 84600 ns, Total: 520900 ns
[2020-03-27T08:07:16.002+0000][1][safepoint    ] Safepoint "Cleanup", Time since last: 1002194873 ns, Reaching safepoint: 216600 ns, At safepoint: 12300 ns, Total: 228900 ns
[2020-03-27T08:07:17.004+0000][1][safepoint    ] Safepoint "Cleanup", Time since last: 1001459473 ns, Reaching safepoint: 371600 ns, At safepoint: 93400 ns, Total: 465000 ns
[2020-03-27T08:07:18.007+0000][1][safepoint    ] Safepoint "Cleanup", Time since last: 1001887973 ns, Reaching safepoint: 517300 ns, At safepoint: 101700 ns, Total: 619000 ns
[2020-03-27T08:07:18.047+0000][1][safepoint    ] Safepoint "RevokeBias", Time since last: 40349291 ns, Reaching safepoint: 173500 ns, At safepoint: 22900 ns, Total: 196400 ns
[2020-03-27T08:07:18.059+0000][1][gc,start     ] GC(93) Pause Young (Allocation Failure)
[2020-03-27T08:07:18.059+0000][1][gc,task      ] GC(93) Using 2 workers of 2 for evacuation
[2020-03-27T08:07:18.065+0000][1][gc,age       ] GC(93) Desired survivor size 8716288 bytes, new threshold 6 (max threshold 6)
[2020-03-27T08:07:18.066+0000][1][gc,age       ] GC(93) Age table with threshold 6 (max threshold 6)
[2020-03-27T08:07:18.067+0000][1][gc,age       ] GC(93) - age   1:    4829048 bytes,    4829048 total
[2020-03-27T08:07:18.067+0000][1][gc,age       ] GC(93) - age   2:     217032 bytes,    5046080 total
[2020-03-27T08:07:18.068+0000][1][gc,age       ] GC(93) - age   3:     207168 bytes,    5253248 total
[2020-03-27T08:07:18.068+0000][1][gc,age       ] GC(93) - age   4:     333336 bytes,    5586584 total
[2020-03-27T08:07:18.069+0000][1][gc,age       ] GC(93) - age   5:      95952 bytes,    5682536 total
[2020-03-27T08:07:18.069+0000][1][gc,heap      ] GC(93) ParNew: 142140K->6443K(153344K)
[2020-03-27T08:07:18.070+0000][1][gc,heap      ] GC(93) CMS: 144389K->144389K(353920K)
[2020-03-27T08:07:18.070+0000][1][gc,metaspace ] GC(93) Metaspace: 96489K->96489K(1138688K)
[2020-03-27T08:07:18.071+0000][1][gc           ] GC(93) Pause Young (Allocation Failure) 279M->147M(495M) 11.572ms
[2020-03-27T08:07:18.071+0000][1][gc,cpu       ] GC(93) User=0.00s Sys=0.00s Real=0.01s
[2020-03-27T08:07:18.071+0000][1][safepoint    ] Safepoint "GenCollectForAllocation", Time since last: 11572397 ns, Reaching safepoint: 187800 ns, At safepoint: 12362197 ns, Total: 12549997 ns
[2020-03-27T08:07:19.072+0000][1][safepoint    ] Safepoint "Cleanup", Time since last: 1000588774 ns, Reaching safepoint: 171400 ns, At safepoint: 50500 ns, Total: 221900 ns
[2020-03-27T08:07:20.074+0000][1][safepoint    ] Safepoint "Cleanup", Time since last: 1001432473 ns, Reaching safepoint: 95500 ns, At safepoint: 18000 ns, Total: 113500 ns
[2020-03-27T08:07:21.075+0000][1][safepoint    ] Safepoint "Cleanup", Time since last: 1001218273 ns, Reaching safepoint: 320100 ns, At safepoint: 86800 ns, Total: 406900 ns
[2020-03-27T08:07:21.255+0000][1][safepoint    ] Safepoint "RevokeBias", Time since last: 179137859 ns, Reaching safepoint: 146700 ns, At safepoint: 23500 ns, Total: 170200 ns
[2020-03-27T08:07:22.255+0000][1][safepoint    ] Safepoint "Cleanup", Time since last: 1000481773 ns, Reaching safepoint: 108600 ns, At safepoint: 38000 ns, Total: 146600 ns
[2020-03-27T08:07:23.256+0000][1][safepoint    ] Safepoint "Cleanup", Time since last: 1000637353 ns, Reaching safepoint: 370700 ns, At safepoint: 97700 ns, Total: 468400 ns
[2020-03-27T08:07:24.260+0000][1][safepoint    ] Safepoint "Cleanup", Time since last: 1002509694 ns, Reaching safepoint: 878900 ns, At safepoint: 33400 ns, Total: 912300 ns
[2020-03-27T08:07:25.262+0000][1][safepoint    ] Safepoint "Cleanup", Time since last: 1002027294 ns, Reaching safepoint: 323800 ns, At safepoint: 87400 ns, Total: 411200 ns
[2020-03-27T08:07:26.265+0000][1][safepoint    ] Safepoint "Cleanup", Time since last: 1002249695 ns, Reaching safepoint: 409700 ns, At safepoint: 90000 ns, Total: 499700 ns
[2020-03-27T08:07:27.268+0000][1][safepoint    ] Safepoint "Cleanup", Time since last: 1002169494 ns, Reaching safepoint: 324400 ns, At safepoint: 162100 ns, Total: 486500 ns
[2020-03-27T08:07:28.057+0000][1][safepoint    ] Safepoint "RevokeBias", Time since last: 789403174 ns, Reaching safepoint: 96800 ns, At safepoint: 24500 ns, Total: 121300 ns
[2020-03-27T08:07:29.059+0000][1][safepoint    ] Safepoint "Cleanup", Time since last: 1001050894 ns, Reaching safepoint: 421000 ns, At safepoint: 85600 ns, Total: 506600 ns
[2020-03-27T08:07:30.061+0000][1][safepoint    ] Safepoint "Cleanup", Time since last: 1002233594 ns, Reaching safepoint: 427400 ns, At safepoint: 76100 ns, Total: 503500 ns
[2020-03-27T08:07:31.064+0000][1][safepoint    ] Safepoint "Cleanup", Time since last: 1002491101 ns, Reaching safepoint: 322200 ns, At safepoint: 85600 ns, Total: 407800 ns
[2020-03-27T08:07:31.241+0000][1][safepoint    ] Safepoint "RevokeBias", Time since last: 176340620 ns, Reaching safepoint: 573400 ns, At safepoint: 19100 ns, Total: 592500 ns
[2020-03-27T08:07:32.242+0000][1][safepoint    ] Safepoint "Cleanup", Time since last: 1000580212 ns, Reaching safepoint: 100200 ns, At safepoint: 14900 ns, Total: 115100 ns
[2020-03-27T08:07:33.243+0000][1][safepoint    ] Safepoint "Cleanup", Time since last: 1000921811 ns, Reaching safepoint: 320300 ns, At safepoint: 89100 ns, Total: 409400 ns
[2020-03-27T08:07:34.246+0000][1][safepoint    ] Safepoint "Cleanup", Time since last: 1002209112 ns, Reaching safepoint: 168700 ns, At safepoint: 37100 ns, Total: 205800 ns
[2020-03-27T08:07:35.248+0000][1][safepoint    ] Safepoint "Cleanup", Time since last: 1001425612 ns, Reaching safepoint: 324800 ns, At safepoint: 169600 ns, Total: 494400 ns
[2020-03-27T08:07:36.250+0000][1][safepoint    ] Safepoint "Cleanup", Time since last: 1001768512 ns, Reaching safepoint: 420500 ns, At safepoint: 81800 ns, Total: 502300 ns
[2020-03-27T08:07:37.252+0000][1][safepoint    ] Safepoint "Cleanup", Time since last: 1001713912 ns, Reaching safepoint: 93000 ns, At safepoint: 15500 ns, Total: 108500 ns
[2020-03-27T08:07:38.055+0000][1][safepoint    ] Safepoint "RevokeBias", Time since last: 802977790 ns, Reaching safepoint: 96500 ns, At safepoint: 25900 ns, Total: 122400 ns
[2020-03-27T08:07:39.056+0000][1][safepoint    ] Safepoint "Cleanup", Time since last: 1000734212 ns, Reaching safepoint: 85700 ns, At safepoint: 30200 ns, Total: 115900 ns
[2020-03-27T08:07:40.057+0000][1][safepoint    ] Safepoint "Cleanup", Time since last: 1000877911 ns, Reaching safepoint: 314100 ns, At safepoint: 174100 ns, Total: 488200 ns
[2020-03-27T08:07:41.060+0000][1][safepoint    ] Safepoint "Cleanup", Time since last: 1002019611 ns, Reaching safepoint: 337000 ns, At safepoint: 266600 ns, Total: 603600 ns
[2020-03-27T08:07:41.248+0000][1][safepoint    ] Safepoint "RevokeBias", Time since last: 188119321 ns, Reaching safepoint: 116700 ns, At safepoint: 15700 ns, Total: 132400 ns
[2020-03-27T08:07:42.249+0000][1][safepoint    ] Safepoint "Cleanup", Time since last: 1000896011 ns, Reaching safepoint: 329200 ns, At safepoint: 91600 ns, Total: 420800 ns
[2020-03-27T08:07:43.252+0000][1][safepoint    ] Safepoint "Cleanup", Time since last: 1002377312 ns, Reaching safepoint: 430600 ns, At safepoint: 30800 ns, Total: 461400 ns
[2020-03-27T08:07:43.965+0000][1][gc,start     ] GC(94) Pause Young (Allocation Failure)
[2020-03-27T08:07:43.965+0000][1][gc,task      ] GC(94) Using 2 workers of 2 for evacuation
[2020-03-27T08:07:43.972+0000][1][gc,age       ] GC(94) Desired survivor size 8716288 bytes, new threshold 6 (max threshold 6)
[2020-03-27T08:07:43.972+0000][1][gc,age       ] GC(94) Age table with threshold 6 (max threshold 6)
[2020-03-27T08:07:43.973+0000][1][gc,age       ] GC(94) - age   1:    6081488 bytes,    6081488 total
[2020-03-27T08:07:43.973+0000][1][gc,age       ] GC(94) - age   2:    1579312 bytes,    7660800 total
[2020-03-27T08:07:43.973+0000][1][gc,age       ] GC(94) - age   3:     214176 bytes,    7874976 total
[2020-03-27T08:07:43.974+0000][1][gc,age       ] GC(94) - age   4:     206528 bytes,    8081504 total
[2020-03-27T08:07:43.974+0000][1][gc,age       ] GC(94) - age   5:     330208 bytes,    8411712 total
[2020-03-27T08:07:43.974+0000][1][gc,age       ] GC(94) - age   6:      95376 bytes,    8507088 total
[2020-03-27T08:07:43.975+0000][1][gc,heap      ] GC(94) ParNew: 142763K->10471K(153344K)
[2020-03-27T08:07:43.975+0000][1][gc,heap      ] GC(94) CMS: 144389K->144389K(353920K)
[2020-03-27T08:07:43.975+0000][1][gc,metaspace ] GC(94) Metaspace: 96513K->96513K(1138688K)
[2020-03-27T08:07:43.976+0000][1][gc           ] GC(94) Pause Young (Allocation Failure) 280M->151M(495M) 11.174ms
[2020-03-27T08:07:43.976+0000][1][gc,cpu       ] GC(94) User=0.01s Sys=0.00s Real=0.02s
[2020-03-27T08:07:43.976+0000][1][safepoint    ] Safepoint "GenCollectForAllocation", Time since last: 712294479 ns, Reaching safepoint: 281900 ns, At safepoint: 11812101 ns, Total: 12094001 ns
[2020-03-27T08:07:43.983+0000][1][safepoint    ] Safepoint "RevokeBias", Time since last: 6693301 ns, Reaching safepoint: 201400 ns, At safepoint: 32800 ns, Total: 234200 ns
[2020-03-27T08:07:43.984+0000][1][safepoint    ] Safepoint "RevokeBias", Time since last: 613200 ns, Reaching safepoint: 81200 ns, At safepoint: 11900 ns, Total: 93100 ns
[2020-03-27T08:07:43.985+0000][1][safepoint    ] Safepoint "RevokeBias", Time since last: 897400 ns, Reaching safepoint: 122600 ns, At safepoint: 21900 ns, Total: 144500 ns
[2020-03-27T08:07:43.986+0000][1][safepoint    ] Safepoint "RevokeBias", Time since last: 1037100 ns, Reaching safepoint: 57300 ns, At safepoint: 21900 ns, Total: 79200 ns
[2020-03-27T08:07:43.987+0000][1][safepoint    ] Safepoint "RevokeBias", Time since last: 577200 ns, Reaching safepoint: 150800 ns, At safepoint: 26800 ns, Total: 177600 ns
[2020-03-27T08:07:44.048+0000][1][safepoint    ] Safepoint "RevokeBias", Time since last: 60601607 ns, Reaching safepoint: 222700 ns, At safepoint: 32500 ns, Total: 255200 ns
[2020-03-27T08:07:44.122+0000][1][safepoint    ] Safepoint "RevokeBias", Time since last: 73308008 ns, Reaching safepoint: 296700 ns, At safepoint: 133700 ns, Total: 430400 ns
[2020-03-27T08:07:44.125+0000][1][safepoint    ] Safepoint "RevokeBias", Time since last: 2809801 ns, Reaching safepoint: 308000 ns, At safepoint: 152700 ns, Total: 460700 ns
[2020-03-27T08:07:44.168+0000][1][safepoint    ] Safepoint "RevokeBias", Time since last: 43016104 ns, Reaching safepoint: 335500 ns, At safepoint: 22500 ns, Total: 358000 ns
[2020-03-27T08:07:44.169+0000][1][safepoint    ] Safepoint "RevokeBias", Time since last: 586201 ns, Reaching safepoint: 193500 ns, At safepoint: 12600 ns, Total: 206100 ns
[2020-03-27T08:07:44.170+0000][1][safepoint    ] Safepoint "RevokeBias", Time since last: 906200 ns, Reaching safepoint: 145600 ns, At safepoint: 28400 ns, Total: 174000 ns
[2020-03-27T08:07:44.171+0000][1][safepoint    ] Safepoint "RevokeBias", Time since last: 983700 ns, Reaching safepoint: 190800 ns, At safepoint: 12000 ns, Total: 202800 ns
[2020-03-27T08:07:44.212+0000][1][safepoint    ] Safepoint "RevokeBias", Time since last: 40810004 ns, Reaching safepoint: 104800 ns, At safepoint: 28600 ns, Total: 133400 ns
[2020-03-27T08:07:44.279+0000][1][safepoint    ] Safepoint "RevokeBias", Time since last: 66241908 ns, Reaching safepoint: 159200 ns, At safepoint: 20600 ns, Total: 179800 ns
[2020-03-27T08:07:44.280+0000][1][safepoint    ] Safepoint "RevokeBias", Time since last: 1638800 ns, Reaching safepoint: 112000 ns, At safepoint: 14200 ns, Total: 126200 ns
[2020-03-27T08:07:44.282+0000][1][safepoint    ] Safepoint "RevokeBias", Time since last: 1481500 ns, Reaching safepoint: 105000 ns, At safepoint: 14900 ns, Total: 119900 ns
[2020-03-27T08:07:45.283+0000][1][safepoint    ] Safepoint "Cleanup", Time since last: 1000802311 ns, Reaching safepoint: 337100 ns, At safepoint: 85900 ns, Total: 423000 ns
[2020-03-27T08:07:45.451+0000][1][safepoint    ] Safepoint "RevokeBias", Time since last: 167106719 ns, Reaching safepoint: 139300 ns, At safepoint: 22300 ns, Total: 161600 ns
[2020-03-27T08:07:45.451+0000][1][safepoint    ] Safepoint "RevokeBias", Time since last: 692200 ns, Reaching safepoint: 79300 ns, At safepoint: 16100 ns, Total: 95400 ns
[2020-03-27T08:07:45.453+0000][1][safepoint    ] Safepoint "RevokeBias", Time since last: 1989100 ns, Reaching safepoint: 65200 ns, At safepoint: 13500 ns, Total: 78700 ns
[2020-03-27T08:07:45.455+0000][1][safepoint    ] Safepoint "RevokeBias", Time since last: 1171500 ns, Reaching safepoint: 77700 ns, At safepoint: 20400 ns, Total: 98100 ns
[2020-03-27T08:07:45.504+0000][1][safepoint    ] Safepoint "RevokeBias", Time since last: 48649106 ns, Reaching safepoint: 377900 ns, At safepoint: 21200 ns, Total: 399100 ns
[2020-03-27T08:07:46.505+0000][1][safepoint    ] Safepoint "Cleanup", Time since last: 1000811111 ns, Reaching safepoint: 339000 ns, At safepoint: 85800 ns, Total: 424800 ns
[2020-03-27T08:07:47.508+0000][1][safepoint    ] Safepoint "Cleanup", Time since last: 1002201861 ns, Reaching safepoint: 493901 ns, At safepoint: 26600 ns, Total: 520501 ns
[2020-03-27T08:07:48.063+0000][1][safepoint    ] Safepoint "RevokeBias", Time since last: 555475086 ns, Reaching safepoint: 187600 ns, At safepoint: 25700 ns, Total: 213300 ns
[2020-03-27T08:07:48.085+0000][1][gc,start     ] GC(95) Pause Young (Allocation Failure)
[2020-03-27T08:07:48.085+0000][1][gc,task      ] GC(95) Using 2 workers of 2 for evacuation
[2020-03-27T08:07:48.093+0000][1][gc,age       ] GC(95) Desired survivor size 8716288 bytes, new threshold 6 (max threshold 6)
[2020-03-27T08:07:48.094+0000][1][gc,age       ] GC(95) Age table with threshold 6 (max threshold 6)
[2020-03-27T08:07:48.094+0000][1][gc,age       ] GC(95) - age   1:    3337888 bytes,    3337888 total
[2020-03-27T08:07:48.095+0000][1][gc,age       ] GC(95) - age   2:      93592 bytes,    3431480 total
[2020-03-27T08:07:48.095+0000][1][gc,age       ] GC(95) - age   3:     536696 bytes,    3968176 total
[2020-03-27T08:07:48.096+0000][1][gc,age       ] GC(95) - age   4:     213368 bytes,    4181544 total
[2020-03-27T08:07:48.097+0000][1][gc,age       ] GC(95) - age   5:     206464 bytes,    4388008 total
[2020-03-27T08:07:48.099+0000][1][gc,age       ] GC(95) - age   6:     302456 bytes,    4690464 total
[2020-03-27T08:07:48.100+0000][1][gc,heap      ] GC(95) ParNew: 146791K->7515K(153344K)
[2020-03-27T08:07:48.113+0000][1][gc,heap      ] GC(95) CMS: 144389K->144482K(353920K)
[2020-03-27T08:07:48.114+0000][1][gc,metaspace ] GC(95) Metaspace: 96560K->96560K(1138688K)
[2020-03-27T08:07:48.115+0000][1][gc           ] GC(95) Pause Young (Allocation Failure) 284M->148M(495M) 29.767ms
[2020-03-27T08:07:48.115+0000][1][gc,cpu       ] GC(95) User=0.01s Sys=0.00s Real=0.03s
[2020-03-27T08:07:48.116+0000][1][safepoint    ] Safepoint "GenCollectForAllocation", Time since last: 21231338 ns, Reaching safepoint: 234900 ns, At safepoint: 30845855 ns, Total: 31080755 ns
[2020-03-27T08:07:48.143+0000][1][safepoint    ] Safepoint "RevokeBias", Time since last: 26885948 ns, Reaching safepoint: 112800 ns, At safepoint: 25500 ns, Total: 138300 ns
[2020-03-27T08:07:48.144+0000][1][safepoint    ] Safepoint "RevokeBias", Time since last: 985102 ns, Reaching safepoint: 85300 ns, At safepoint: 21800 ns, Total: 107100 ns
[2020-03-27T08:07:48.145+0000][1][safepoint    ] Safepoint "RevokeBias", Time since last: 1285302 ns, Reaching safepoint: 60300 ns, At safepoint: 20900 ns, Total: 81200 ns
[2020-03-27T08:07:48.146+0000][1][safepoint    ] Safepoint "RevokeBias", Time since last: 989702 ns, Reaching safepoint: 67300 ns, At safepoint: 21100 ns, Total: 88400 ns
[2020-03-27T08:07:48.189+0000][1][safepoint    ] Safepoint "RevokeBias", Time since last: 43000777 ns, Reaching safepoint: 100900 ns, At safepoint: 28000 ns, Total: 128900 ns
[2020-03-27T08:07:49.191+0000][1][safepoint    ] Safepoint "Cleanup", Time since last: 1000843176 ns, Reaching safepoint: 412501 ns, At safepoint: 88700 ns, Total: 501201 ns
[2020-03-27T08:07:50.193+0000][1][safepoint    ] Safepoint "Cleanup", Time since last: 1002239179 ns, Reaching safepoint: 325400 ns, At safepoint: 87700 ns, Total: 413100 ns
[2020-03-27T08:07:51.196+0000][1][safepoint    ] Safepoint "Cleanup", Time since last: 1001920479 ns, Reaching safepoint: 410900 ns, At safepoint: 94901 ns, Total: 505801 ns
[2020-03-27T08:07:51.287+0000][1][safepoint    ] Safepoint "RevokeBias", Time since last: 91438162 ns, Reaching safepoint: 103700 ns, At safepoint: 14000 ns, Total: 117700 ns
[2020-03-27T08:07:51.302+0000][1][safepoint    ] Safepoint "RevokeBias", Time since last: 14744926 ns, Reaching safepoint: 132300 ns, At safepoint: 21100 ns, Total: 153400 ns
[2020-03-27T08:07:51.303+0000][1][safepoint    ] Safepoint "RevokeBias", Time since last: 857702 ns, Reaching safepoint: 120200 ns, At safepoint: 12500 ns, Total: 132700 ns
[2020-03-27T08:07:51.305+0000][1][safepoint    ] Safepoint "RevokeBias", Time since last: 1354803 ns, Reaching safepoint: 77200 ns, At safepoint: 13700 ns, Total: 90900 ns
[2020-03-27T08:07:51.306+0000][1][safepoint    ] Safepoint "RevokeBias", Time since last: 1338702 ns, Reaching safepoint: 163000 ns, At safepoint: 21201 ns, Total: 184201 ns
[2020-03-27T08:07:51.353+0000][1][safepoint    ] Safepoint "RevokeBias", Time since last: 46488182 ns, Reaching safepoint: 217100 ns, At safepoint: 30300 ns, Total: 247400 ns
[2020-03-27T08:07:52.354+0000][1][safepoint    ] Safepoint "Cleanup", Time since last: 1000670044 ns, Reaching safepoint: 322400 ns, At safepoint: 88700 ns, Total: 411100 ns
[2020-03-27T08:07:52.423+0000][1][safepoint    ] Safepoint "RevokeBias", Time since last: 68866610 ns, Reaching safepoint: 174300 ns, At safepoint: 52300 ns, Total: 226600 ns
[2020-03-27T08:07:52.424+0000][1][safepoint    ] Safepoint "RevokeBias", Time since last: 615700 ns, Reaching safepoint: 99500 ns, At safepoint: 15800 ns, Total: 115300 ns
[2020-03-27T08:07:52.426+0000][1][safepoint    ] Safepoint "RevokeBias", Time since last: 1860901 ns, Reaching safepoint: 62900 ns, At safepoint: 13800 ns, Total: 76700 ns
[2020-03-27T08:07:52.427+0000][1][safepoint    ] Safepoint "RevokeBias", Time since last: 1324100 ns, Reaching safepoint: 63200 ns, At safepoint: 22400 ns, Total: 85600 ns
[2020-03-27T08:07:52.467+0000][1][safepoint    ] Safepoint "RevokeBias", Time since last: 39776706 ns, Reaching safepoint: 235000 ns, At safepoint: 30400 ns, Total: 265400 ns
[2020-03-27T08:07:52.495+0000][1][safepoint    ] Safepoint "RevokeBias", Time since last: 27911105 ns, Reaching safepoint: 184800 ns, At safepoint: 42300 ns, Total: 227100 ns
[2020-03-27T08:07:52.496+0000][1][safepoint    ] Safepoint "RevokeBias", Time since last: 658100 ns, Reaching safepoint: 67800 ns, At safepoint: 21200 ns, Total: 89000 ns
[2020-03-27T08:07:52.547+0000][1][gc,start     ] GC(96) Pause Young (Allocation Failure)
[2020-03-27T08:07:52.547+0000][1][gc,task      ] GC(96) Using 2 workers of 2 for evacuation
[2020-03-27T08:07:52.553+0000][1][gc,age       ] GC(96) Desired survivor size 8716288 bytes, new threshold 6 (max threshold 6)
[2020-03-27T08:07:52.553+0000][1][gc,age       ] GC(96) Age table with threshold 6 (max threshold 6)
[2020-03-27T08:07:52.555+0000][1][gc,age       ] GC(96) - age   1:    1221672 bytes,    1221672 total
[2020-03-27T08:07:52.555+0000][1][gc,age       ] GC(96) - age   2:    1007056 bytes,    2228728 total
[2020-03-27T08:07:52.556+0000][1][gc,age       ] GC(96) - age   3:      86376 bytes,    2315104 total
[2020-03-27T08:07:52.556+0000][1][gc,age       ] GC(96) - age   4:     535048 bytes,    2850152 total
[2020-03-27T08:07:52.557+0000][1][gc,age       ] GC(96) - age   5:     213368 bytes,    3063520 total
[2020-03-27T08:07:52.557+0000][1][gc,age       ] GC(96) - age   6:     206400 bytes,    3269920 total
[2020-03-27T08:07:52.558+0000][1][gc,heap      ] GC(96) ParNew: 143835K->5314K(153344K)
[2020-03-27T08:07:52.558+0000][1][gc,heap      ] GC(96) CMS: 144482K->144784K(353920K)
[2020-03-27T08:07:52.558+0000][1][gc,metaspace ] GC(96) Metaspace: 96567K->96567K(1138688K)
[2020-03-27T08:07:52.559+0000][1][gc           ] GC(96) Pause Young (Allocation Failure) 281M->146M(495M) 12.090ms
[2020-03-27T08:07:52.559+0000][1][gc,cpu       ] GC(96) User=0.01s Sys=0.01s Real=0.01s
[2020-03-27T08:07:52.560+0000][1][safepoint    ] Safepoint "GenCollectForAllocation", Time since last: 50404908 ns, Reaching safepoint: 212200 ns, At safepoint: 13011302 ns, Total: 13223502 ns
[2020-03-27T08:07:53.498+0000][1][safepoint    ] Safepoint "RevokeBias", Time since last: 937340345 ns, Reaching safepoint: 501800 ns, At safepoint: 81200 ns, Total: 583000 ns
[2020-03-27T08:07:53.537+0000][1][safepoint    ] Safepoint "RevokeBias", Time since last: 39156606 ns, Reaching safepoint: 106400 ns, At safepoint: 45100 ns, Total: 151500 ns
[2020-03-27T08:07:53.543+0000][1][safepoint    ] Safepoint "RevokeBias", Time since last: 5640601 ns, Reaching safepoint: 194100 ns, At safepoint: 26700 ns, Total: 220800 ns
[2020-03-27T08:07:54.552+0000][1][safepoint    ] Safepoint "Cleanup", Time since last: 1008317857 ns, Reaching safepoint: 454700 ns, At safepoint: 26100 ns, Total: 480800 ns
[2020-03-27T08:07:55.554+0000][1][safepoint    ] Safepoint "Cleanup", Time since last: 1002084285 ns, Reaching safepoint: 175699 ns, At safepoint: 37900 ns, Total: 213599 ns
[2020-03-27T08:07:56.556+0000][1][safepoint    ] Safepoint "Cleanup", Time since last: 1001082572 ns, Reaching safepoint: 374599 ns, At safepoint: 81300 ns, Total: 455899 ns
[2020-03-27T08:07:57.558+0000][1][safepoint    ] Safepoint "Cleanup", Time since last: 1002171269 ns, Reaching safepoint: 324799 ns, At safepoint: 100200 ns, Total: 424999 ns
[2020-03-27T08:07:58.081+0000][1][safepoint    ] Safepoint "RevokeBias", Time since last: 522624819 ns, Reaching safepoint: 178200 ns, At safepoint: 24300 ns, Total: 202500 ns
[2020-03-27T08:07:58.319+0000][1][safepoint    ] Safepoint "RevokeBias", Time since last: 237628481 ns, Reaching safepoint: 264399 ns, At safepoint: 25600 ns, Total: 289999 ns
[2020-03-27T08:07:58.321+0000][1][safepoint    ] Safepoint "RevokeBias", Time since last: 1692795 ns, Reaching safepoint: 77200 ns, At safepoint: 39700 ns, Total: 116900 ns
[2020-03-27T08:07:58.323+0000][1][safepoint    ] Safepoint "RevokeBias", Time since last: 1814794 ns, Reaching safepoint: 112900 ns, At safepoint: 24200 ns, Total: 137100 ns
[2020-03-27T08:07:58.324+0000][1][safepoint    ] Safepoint "RevokeBias", Time since last: 802497 ns, Reaching safepoint: 127100 ns, At safepoint: 24100 ns, Total: 151200 ns
[2020-03-27T08:07:58.367+0000][1][safepoint    ] Safepoint "RevokeBias", Time since last: 43563568 ns, Reaching safepoint: 141100 ns, At safepoint: 19700 ns, Total: 160800 ns
[2020-03-27T08:07:58.395+0000][1][safepoint    ] Safepoint "BulkRevokeBias", Time since last: 26984518 ns, Reaching safepoint: 95300 ns, At safepoint: 462698 ns, Total: 557998 ns
[2020-03-27T08:07:59.396+0000][1][safepoint    ] Safepoint "Cleanup", Time since last: 1000660244 ns, Reaching safepoint: 407600 ns, At safepoint: 85000 ns, Total: 492600 ns
[2020-03-27T08:08:00.398+0000][1][safepoint    ] Safepoint "Cleanup", Time since last: 1001900581 ns, Reaching safepoint: 325600 ns, At safepoint: 112400 ns, Total: 438000 ns
[2020-03-27T08:08:01.289+0000][1][safepoint    ] Safepoint "RevokeBias", Time since last: 890334172 ns, Reaching safepoint: 94800 ns, At safepoint: 30400 ns, Total: 125200 ns
[2020-03-27T08:08:01.651+0000][1][gc,start     ] GC(97) Pause Young (Allocation Failure)
[2020-03-27T08:08:01.652+0000][1][gc,task      ] GC(97) Using 2 workers of 2 for evacuation
[2020-03-27T08:08:01.663+0000][1][gc,age       ] GC(97) Desired survivor size 8716288 bytes, new threshold 6 (max threshold 6)
[2020-03-27T08:08:01.663+0000][1][gc,age       ] GC(97) Age table with threshold 6 (max threshold 6)
[2020-03-27T08:08:01.664+0000][1][gc,age       ] GC(97) - age   1:    4533824 bytes,    4533824 total
[2020-03-27T08:08:01.664+0000][1][gc,age       ] GC(97) - age   2:     360296 bytes,    4894120 total
[2020-03-27T08:08:01.665+0000][1][gc,age       ] GC(97) - age   3:     798848 bytes,    5692968 total
[2020-03-27T08:08:01.666+0000][1][gc,age       ] GC(97) - age   4:      84824 bytes,    5777792 total
[2020-03-27T08:08:01.666+0000][1][gc,age       ] GC(97) - age   5:     331240 bytes,    6109032 total
[2020-03-27T08:08:01.667+0000][1][gc,age       ] GC(97) - age   6:       9504 bytes,    6118536 total
[2020-03-27T08:08:01.667+0000][1][gc,heap      ] GC(97) ParNew: 141634K->7447K(153344K)
[2020-03-27T08:08:01.667+0000][1][gc,heap      ] GC(97) CMS: 144784K->144816K(353920K)
[2020-03-27T08:08:01.668+0000][1][gc,metaspace ] GC(97) Metaspace: 96607K->96607K(1138688K)
[2020-03-27T08:08:01.668+0000][1][gc           ] GC(97) Pause Young (Allocation Failure) 279M->148M(495M) 16.972ms
[2020-03-27T08:08:01.669+0000][1][gc,cpu       ] GC(97) User=0.02s Sys=0.00s Real=0.02s
[2020-03-27T08:08:01.669+0000][1][safepoint    ] Safepoint "GenCollectForAllocation", Time since last: 362226929 ns, Reaching safepoint: 239900 ns, At safepoint: 17918402 ns, Total: 18158302 ns
[2020-03-27T08:08:01.682+0000][1][safepoint    ] Safepoint "RevokeBias", Time since last: 12430201 ns, Reaching safepoint: 208400 ns, At safepoint: 20700 ns, Total: 229100 ns
[2020-03-27T08:08:01.683+0000][1][safepoint    ] Safepoint "RevokeBias", Time since last: 637800 ns, Reaching safepoint: 101600 ns, At safepoint: 13000 ns, Total: 114600 ns
[2020-03-27T08:08:01.686+0000][1][safepoint    ] Safepoint "RevokeBias", Time since last: 3143400 ns, Reaching safepoint: 219100 ns, At safepoint: 25200 ns, Total: 244300 ns
[2020-03-27T08:08:01.687+0000][1][safepoint    ] Safepoint "RevokeBias", Time since last: 861300 ns, Reaching safepoint: 83900 ns, At safepoint: 13400 ns, Total: 97300 ns
[2020-03-27T08:08:01.727+0000][1][safepoint    ] Safepoint "RevokeBias", Time since last: 40232604 ns, Reaching safepoint: 95200 ns, At safepoint: 19800 ns, Total: 115000 ns
[2020-03-27T08:08:02.728+0000][1][safepoint    ] Safepoint "Cleanup", Time since last: 1000643181 ns, Reaching safepoint: 323500 ns, At safepoint: 86400 ns, Total: 409900 ns
[2020-03-27T08:08:03.731+0000][1][safepoint    ] Safepoint "Cleanup", Time since last: 1002293911 ns, Reaching safepoint: 325300 ns, At safepoint: 88800 ns, Total: 414100 ns
[2020-03-27T08:08:04.734+0000][1][safepoint    ] Safepoint "Cleanup", Time since last: 1002375892 ns, Reaching safepoint: 413400 ns, At safepoint: 82800 ns, Total: 496200 ns
[2020-03-27T08:08:05.736+0000][1][safepoint    ] Safepoint "Cleanup", Time since last: 1002297492 ns, Reaching safepoint: 98600 ns, At safepoint: 19300 ns, Total: 117900 ns
[2020-03-27T08:08:06.738+0000][1][safepoint    ] Safepoint "Cleanup", Time since last: 1001143192 ns, Reaching safepoint: 541600 ns, At safepoint: 80800 ns, Total: 622400 ns
[2020-03-27T08:08:07.741+0000][1][safepoint    ] Safepoint "Cleanup", Time since last: 1002216892 ns, Reaching safepoint: 411300 ns, At safepoint: 85200 ns, Total: 496500 ns
[2020-03-27T08:08:08.059+0000][1][safepoint    ] Safepoint "RevokeBias", Time since last: 317685834 ns, Reaching safepoint: 122300 ns, At safepoint: 27000 ns, Total: 149300 ns
[2020-03-27T08:08:08.455+0000][1][safepoint    ] Safepoint "RevokeBias", Time since last: 396686718 ns, Reaching safepoint: 103900 ns, At safepoint: 17800 ns, Total: 121700 ns
[2020-03-27T08:08:08.457+0000][1][safepoint    ] Safepoint "BulkRevokeBias", Time since last: 1063400 ns, Reaching safepoint: 125700 ns, At safepoint: 405799 ns, Total: 531499 ns
[2020-03-27T08:08:08.458+0000][1][safepoint    ] Safepoint "RevokeBias", Time since last: 1118800 ns, Reaching safepoint: 84500 ns, At safepoint: 21700 ns, Total: 106200 ns
[2020-03-27T08:08:08.460+0000][1][safepoint    ] Safepoint "BulkRevokeBias", Time since last: 1189500 ns, Reaching safepoint: 213600 ns, At safepoint: 394700 ns, Total: 608300 ns
[2020-03-27T08:08:08.506+0000][1][safepoint    ] Safepoint "BulkRevokeBias", Time since last: 45123890 ns, Reaching safepoint: 233500 ns, At safepoint: 518900 ns, Total: 752400 ns
[2020-03-27T08:08:09.507+0000][1][safepoint    ] Safepoint "Cleanup", Time since last: 1000687693 ns, Reaching safepoint: 325900 ns, At safepoint: 90600 ns, Total: 416500 ns
[2020-03-27T08:08:10.181+0000][1][gc,start     ] GC(98) Pause Young (Allocation Failure)
[2020-03-27T08:08:10.182+0000][1][gc,task      ] GC(98) Using 2 workers of 2 for evacuation
[2020-03-27T08:08:10.187+0000][1][gc,age       ] GC(98) Desired survivor size 8716288 bytes, new threshold 6 (max threshold 6)
[2020-03-27T08:08:10.187+0000][1][gc,age       ] GC(98) Age table with threshold 6 (max threshold 6)
[2020-03-27T08:08:10.188+0000][1][gc,age       ] GC(98) - age   1:     867104 bytes,     867104 total
[2020-03-27T08:08:10.188+0000][1][gc,age       ] GC(98) - age   2:     571320 bytes,    1438424 total
[2020-03-27T08:08:10.189+0000][1][gc,age       ] GC(98) - age   3:     359632 bytes,    1798056 total
[2020-03-27T08:08:10.189+0000][1][gc,age       ] GC(98) - age   4:     798848 bytes,    2596904 total
[2020-03-27T08:08:10.190+0000][1][gc,age       ] GC(98) - age   5:      84240 bytes,    2681144 total
[2020-03-27T08:08:10.190+0000][1][gc,age       ] GC(98) - age   6:     331240 bytes,    3012384 total
[2020-03-27T08:08:10.190+0000][1][gc,heap      ] GC(98) ParNew: 143767K->5412K(153344K)
[2020-03-27T08:08:10.191+0000][1][gc,heap      ] GC(98) CMS: 144816K->144827K(353920K)
[2020-03-27T08:08:10.191+0000][1][gc,metaspace ] GC(98) Metaspace: 96610K->96610K(1138688K)
[2020-03-27T08:08:10.192+0000][1][gc           ] GC(98) Pause Young (Allocation Failure) 281M->146M(495M) 10.394ms
[2020-03-27T08:08:10.192+0000][1][gc,cpu       ] GC(98) User=0.01s Sys=0.00s Real=0.01s
[2020-03-27T08:08:10.192+0000][1][safepoint    ] Safepoint "GenCollectForAllocation", Time since last: 674120160 ns, Reaching safepoint: 106600 ns, At safepoint: 11204698 ns, Total: 11311298 ns
[2020-03-27T08:08:11.194+0000][1][safepoint    ] Safepoint "Cleanup", Time since last: 1000659420 ns, Reaching safepoint: 341400 ns, At safepoint: 172800 ns, Total: 514200 ns
[2020-03-27T08:08:11.301+0000][1][safepoint    ] Safepoint "RevokeBias", Time since last: 106916913 ns, Reaching safepoint: 318200 ns, At safepoint: 27200 ns, Total: 345400 ns
[2020-03-27T08:08:11.786+0000][1][safepoint    ] Safepoint "RevokeBias", Time since last: 484745062 ns, Reaching safepoint: 140500 ns, At safepoint: 30200 ns, Total: 170700 ns
[2020-03-27T08:08:11.787+0000][1][safepoint    ] Safepoint "RevokeBias", Time since last: 823400 ns, Reaching safepoint: 71300 ns, At safepoint: 24400 ns, Total: 95700 ns
[2020-03-27T08:08:11.788+0000][1][safepoint    ] Safepoint "RevokeBias", Time since last: 1389200 ns, Reaching safepoint: 78300 ns, At safepoint: 12300 ns, Total: 90600 ns
[2020-03-27T08:08:11.789+0000][1][safepoint    ] Safepoint "RevokeBias", Time since last: 646600 ns, Reaching safepoint: 92700 ns, At safepoint: 20700 ns, Total: 113400 ns
[2020-03-27T08:08:11.831+0000][1][safepoint    ] Safepoint "RevokeBias", Time since last: 42186805 ns, Reaching safepoint: 106900 ns, At safepoint: 18700 ns, Total: 125600 ns
[2020-03-27T08:08:12.843+0000][1][safepoint    ] Safepoint "Cleanup", Time since last: 1011446929 ns, Reaching safepoint: 97900 ns, At safepoint: 4900 ns, Total: 102800 ns
[2020-03-27T08:08:13.844+0000][1][safepoint    ] Safepoint "Cleanup", Time since last: 1000750427 ns, Reaching safepoint: 196400 ns, At safepoint: 40400 ns, Total: 236800 ns
[2020-03-27T08:08:14.845+0000][1][safepoint    ] Safepoint "Cleanup", Time since last: 1001270826 ns, Reaching safepoint: 329901 ns, At safepoint: 34600 ns, Total: 364501 ns
[2020-03-27T08:08:15.848+0000][1][safepoint    ] Safepoint "Cleanup", Time since last: 1001995027 ns, Reaching safepoint: 420200 ns, At safepoint: 83200 ns, Total: 503400 ns
[2020-03-27T08:08:16.851+0000][1][safepoint    ] Safepoint "Cleanup", Time since last: 1002926427 ns, Reaching safepoint: 324000 ns, At safepoint: 88400 ns, Total: 412400 ns
[2020-03-27T08:08:17.854+0000][1][safepoint    ] Safepoint "Cleanup", Time since last: 1002191227 ns, Reaching safepoint: 155000 ns, At safepoint: 16300 ns, Total: 171300 ns
[2020-03-27T08:08:18.057+0000][1][safepoint    ] Safepoint "RevokeBias", Time since last: 203227926 ns, Reaching safepoint: 94600 ns, At safepoint: 26600 ns, Total: 121200 ns
[2020-03-27T08:08:19.058+0000][1][safepoint    ] Safepoint "Cleanup", Time since last: 1001121179 ns, Reaching safepoint: 180600 ns, At safepoint: 40300 ns, Total: 220900 ns
[2020-03-27T08:08:20.060+0000][1][safepoint    ] Safepoint "Cleanup", Time since last: 1001243083 ns, Reaching safepoint: 325400 ns, At safepoint: 86600 ns, Total: 412000 ns
[2020-03-27T08:08:21.062+0000][1][safepoint    ] Safepoint "Cleanup", Time since last: 1002039482 ns, Reaching safepoint: 181900 ns, At safepoint: 33300 ns, Total: 215200 ns
[2020-03-27T08:08:21.326+0000][1][safepoint    ] Safepoint "RevokeBias", Time since last: 263355069 ns, Reaching safepoint: 136100 ns, At safepoint: 16300 ns, Total: 152400 ns
[2020-03-27T08:08:22.327+0000][1][safepoint    ] Safepoint "Cleanup", Time since last: 1000510982 ns, Reaching safepoint: 398800 ns, At safepoint: 92400 ns, Total: 491200 ns
[2020-03-27T08:08:23.329+0000][1][safepoint    ] Safepoint "Cleanup", Time since last: 1001827882 ns, Reaching safepoint: 370900 ns, At safepoint: 82600 ns, Total: 453500 ns
[2020-03-27T08:08:24.336+0000][1][safepoint    ] Safepoint "Cleanup", Time since last: 1006278382 ns, Reaching safepoint: 297000 ns, At safepoint: 59600 ns, Total: 356600 ns
[2020-03-27T08:08:25.338+0000][1][safepoint    ] Safepoint "Cleanup", Time since last: 1001799282 ns, Reaching safepoint: 408600 ns, At safepoint: 84800 ns, Total: 493400 ns
[2020-03-27T08:08:26.340+0000][1][safepoint    ] Safepoint "Cleanup", Time since last: 1001964182 ns, Reaching safepoint: 149900 ns, At safepoint: 34300 ns, Total: 184200 ns
[2020-03-27T08:08:27.342+0000][1][safepoint    ] Safepoint "Cleanup", Time since last: 1001102152 ns, Reaching safepoint: 410500 ns, At safepoint: 80600 ns, Total: 491100 ns
[2020-03-27T08:08:28.081+0000][1][safepoint    ] Safepoint "RevokeBias", Time since last: 738766165 ns, Reaching safepoint: 102300 ns, At safepoint: 23400 ns, Total: 125700 ns
[2020-03-27T08:08:29.082+0000][1][safepoint    ] Safepoint "Cleanup", Time since last: 1001006918 ns, Reaching safepoint: 108500 ns, At safepoint: 21400 ns, Total: 129900 ns
[2020-03-27T08:08:30.083+0000][1][safepoint    ] Safepoint "Cleanup", Time since last: 1001009017 ns, Reaching safepoint: 372100 ns, At safepoint: 84500 ns, Total: 456600 ns
[2020-03-27T08:08:31.086+0000][1][safepoint    ] Safepoint "Cleanup", Time since last: 1002138117 ns, Reaching safepoint: 493700 ns, At safepoint: 20600 ns, Total: 514300 ns
[2020-03-27T08:08:31.325+0000][1][safepoint    ] Safepoint "RevokeBias", Time since last: 239141956 ns, Reaching safepoint: 161500 ns, At safepoint: 24800 ns, Total: 186300 ns
[2020-03-27T08:08:32.327+0000][1][safepoint    ] Safepoint "Cleanup", Time since last: 1001184518 ns, Reaching safepoint: 456200 ns, At safepoint: 89700 ns, Total: 545900 ns
[2020-03-27T08:08:33.329+0000][1][safepoint    ] Safepoint "Cleanup", Time since last: 1001974917 ns, Reaching safepoint: 322000 ns, At safepoint: 85900 ns, Total: 407900 ns
[2020-03-27T08:08:34.095+0000][1][gc,start     ] GC(99) Pause Young (Allocation Failure)
[2020-03-27T08:08:34.097+0000][1][gc,task      ] GC(99) Using 2 workers of 2 for evacuation
[2020-03-27T08:08:34.113+0000][1][gc,age       ] GC(99) Desired survivor size 8716288 bytes, new threshold 1 (max threshold 6)
[2020-03-27T08:08:34.115+0000][1][gc,age       ] GC(99) Age table with threshold 1 (max threshold 6)
[2020-03-27T08:08:34.115+0000][1][gc,age       ] GC(99) - age   1:   13679904 bytes,   13679904 total
[2020-03-27T08:08:34.116+0000][1][gc,age       ] GC(99) - age   2:     841816 bytes,   14521720 total
[2020-03-27T08:08:34.116+0000][1][gc,age       ] GC(99) - age   3:     565984 bytes,   15087704 total
[2020-03-27T08:08:34.117+0000][1][gc,age       ] GC(99) - age   4:     359632 bytes,   15447336 total
[2020-03-27T08:08:34.117+0000][1][gc,age       ] GC(99) - age   5:     797088 bytes,   16244424 total
[2020-03-27T08:08:34.118+0000][1][gc,age       ] GC(99) - age   6:      78432 bytes,   16322856 total
[2020-03-27T08:08:34.118+0000][1][gc,heap      ] GC(99) ParNew: 141732K->17024K(153344K)
[2020-03-27T08:08:34.119+0000][1][gc,heap      ] GC(99) CMS: 144827K->145156K(353920K)
[2020-03-27T08:08:34.119+0000][1][gc,metaspace ] GC(99) Metaspace: 96625K->96625K(1138688K)
[2020-03-27T08:08:34.120+0000][1][gc           ] GC(99) Pause Young (Allocation Failure) 279M->158M(495M) 24.622ms
[2020-03-27T08:08:34.120+0000][1][gc,cpu       ] GC(99) User=0.02s Sys=0.00s Real=0.03s
[2020-03-27T08:08:34.121+0000][1][safepoint    ] Safepoint "GenCollectForAllocation", Time since last: 765384260 ns, Reaching safepoint: 330600 ns, At safepoint: 25569595 ns, Total: 25900195 ns
[2020-03-27T08:08:35.122+0000][1][safepoint    ] Safepoint "Cleanup", Time since last: 1000670937 ns, Reaching safepoint: 506700 ns, At safepoint: 90500 ns, Total: 597200 ns
[2020-03-27T08:08:36.124+0000][1][safepoint    ] Safepoint "Cleanup", Time since last: 1002018908 ns, Reaching safepoint: 314800 ns, At safepoint: 85200 ns, Total: 400000 ns
[2020-03-27T08:08:37.127+0000][1][safepoint    ] Safepoint "Cleanup", Time since last: 1002249008 ns, Reaching safepoint: 112000 ns, At safepoint: 25300 ns, Total: 137300 ns
[2020-03-27T08:08:38.053+0000][1][safepoint    ] Safepoint "RevokeBias", Time since last: 925954815 ns, Reaching safepoint: 255000 ns, At safepoint: 26400 ns, Total: 281400 ns
[2020-03-27T08:08:39.054+0000][1][safepoint    ] Safepoint "Cleanup", Time since last: 1001031008 ns, Reaching safepoint: 330500 ns, At safepoint: 87300 ns, Total: 417800 ns
[2020-03-27T08:08:39.389+0000][1][safepoint    ] Safepoint "RevokeBias", Time since last: 334599369 ns, Reaching safepoint: 398000 ns, At safepoint: 95300 ns, Total: 493300 ns
[2020-03-27T08:08:39.395+0000][1][safepoint    ] Safepoint "RevokeBias", Time since last: 5676299 ns, Reaching safepoint: 315600 ns, At safepoint: 39100 ns, Total: 354700 ns
[2020-03-27T08:08:40.398+0000][1][safepoint    ] Safepoint "Cleanup", Time since last: 1002121208 ns, Reaching safepoint: 348200 ns, At safepoint: 87900 ns, Total: 436100 ns
[2020-03-27T08:08:41.348+0000][1][safepoint    ] Safepoint "RevokeBias", Time since last: 948954113 ns, Reaching safepoint: 609500 ns, At safepoint: 17500 ns, Total: 627000 ns
[2020-03-27T08:08:42.349+0000][1][safepoint    ] Safepoint "Cleanup", Time since last: 1001273908 ns, Reaching safepoint: 332800 ns, At safepoint: 95900 ns, Total: 428700 ns
[2020-03-27T08:08:43.352+0000][1][safepoint    ] Safepoint "Cleanup", Time since last: 1002259236 ns, Reaching safepoint: 324000 ns, At safepoint: 87000 ns, Total: 411000 ns
[2020-03-27T08:08:43.919+0000][1][safepoint    ] Safepoint "RevokeBias", Time since last: 566905685 ns, Reaching safepoint: 158500 ns, At safepoint: 29700 ns, Total: 188200 ns
[2020-03-27T08:08:43.920+0000][1][safepoint    ] Safepoint "RevokeBias", Time since last: 1002700 ns, Reaching safepoint: 69000 ns, At safepoint: 29100 ns, Total: 98100 ns
[2020-03-27T08:08:43.922+0000][1][safepoint    ] Safepoint "RevokeBias", Time since last: 1314400 ns, Reaching safepoint: 93500 ns, At safepoint: 12800 ns, Total: 106300 ns
[2020-03-27T08:08:43.923+0000][1][safepoint    ] Safepoint "RevokeBias", Time since last: 1072100 ns, Reaching safepoint: 64900 ns, At safepoint: 22000 ns, Total: 86900 ns
[2020-03-27T08:08:43.967+0000][1][safepoint    ] Safepoint "RevokeBias", Time since last: 43977999 ns, Reaching safepoint: 172500 ns, At safepoint: 32400 ns, Total: 204900 ns
[2020-03-27T08:08:44.038+0000][1][safepoint    ] Safepoint "RevokeBias", Time since last: 70470298 ns, Reaching safepoint: 285300 ns, At safepoint: 21600 ns, Total: 306900 ns
[2020-03-27T08:08:44.038+0000][1][safepoint    ] Safepoint "RevokeBias", Time since last: 524400 ns, Reaching safepoint: 143100 ns, At safepoint: 32600 ns, Total: 175700 ns
[2020-03-27T08:08:44.040+0000][1][safepoint    ] Safepoint "RevokeBias", Time since last: 1349100 ns, Reaching safepoint: 120400 ns, At safepoint: 32500 ns, Total: 152900 ns
[2020-03-27T08:08:44.041+0000][1][safepoint    ] Safepoint "RevokeBias", Time since last: 965500 ns, Reaching safepoint: 273800 ns, At safepoint: 14600 ns, Total: 288400 ns
[2020-03-27T08:08:44.095+0000][1][safepoint    ] Safepoint "RevokeBias", Time since last: 53733599 ns, Reaching safepoint: 108400 ns, At safepoint: 28400 ns, Total: 136800 ns
[2020-03-27T08:08:44.604+0000][1][gc,start     ] GC(100) Pause Young (Allocation Failure)
[2020-03-27T08:08:44.605+0000][1][gc,task      ] GC(100) Using 2 workers of 2 for evacuation
[2020-03-27T08:08:44.680+0000][1][gc,age       ] GC(100) Desired survivor size 8716288 bytes, new threshold 6 (max threshold 6)
[2020-03-27T08:08:44.680+0000][1][gc,age       ] GC(100) Age table with threshold 6 (max threshold 6)
[2020-03-27T08:08:44.681+0000][1][gc,age       ] GC(100) - age   1:    1414280 bytes,    1414280 total
[2020-03-27T08:08:44.682+0000][1][gc,heap      ] GC(100) ParNew: 153344K->12569K(153344K)
[2020-03-27T08:08:44.682+0000][1][gc,heap      ] GC(100) CMS: 145156K->152517K(353920K)
[2020-03-27T08:08:44.683+0000][1][gc,metaspace ] GC(100) Metaspace: 96676K->96676K(1138688K)
[2020-03-27T08:08:44.683+0000][1][gc           ] GC(100) Pause Young (Allocation Failure) 291M->161M(495M) 79.041ms
[2020-03-27T08:08:44.684+0000][1][gc,cpu       ] GC(100) User=0.03s Sys=0.01s Real=0.08s
[2020-03-27T08:08:44.684+0000][1][safepoint    ] Safepoint "GenCollectForAllocation", Time since last: 509068486 ns, Reaching safepoint: 137300 ns, At safepoint: 79958198 ns, Total: 80095498 ns
[2020-03-27T08:08:44.692+0000][1][safepoint    ] Safepoint "RevokeBias", Time since last: 8085000 ns, Reaching safepoint: 113600 ns, At safepoint: 30900 ns, Total: 144500 ns
[2020-03-27T08:08:44.693+0000][1][safepoint    ] Safepoint "RevokeBias", Time since last: 428300 ns, Reaching safepoint: 69500 ns, At safepoint: 12600 ns, Total: 82100 ns
[2020-03-27T08:08:44.694+0000][1][safepoint    ] Safepoint "RevokeBias", Time since last: 869400 ns, Reaching safepoint: 62200 ns, At safepoint: 10500 ns, Total: 72700 ns
[2020-03-27T08:08:44.695+0000][1][safepoint    ] Safepoint "RevokeBias", Time since last: 1091000 ns, Reaching safepoint: 71600 ns, At safepoint: 21300 ns, Total: 92900 ns
[2020-03-27T08:08:44.696+0000][1][safepoint    ] Safepoint "RevokeBias", Time since last: 619500 ns, Reaching safepoint: 57600 ns, At safepoint: 23000 ns, Total: 80600 ns
[2020-03-27T08:08:44.739+0000][1][safepoint    ] Safepoint "RevokeBias", Time since last: 43153699 ns, Reaching safepoint: 105100 ns, At safepoint: 18400 ns, Total: 123500 ns
[2020-03-27T08:08:44.841+0000][1][safepoint    ] Safepoint "RevokeBias", Time since last: 101051497 ns, Reaching safepoint: 307500 ns, At safepoint: 161700 ns, Total: 469200 ns
[2020-03-27T08:08:44.841+0000][1][safepoint    ] Safepoint "RevokeBias", Time since last: 318600 ns, Reaching safepoint: 177200 ns, At safepoint: 93600 ns, Total: 270800 ns
[2020-03-27T08:08:45.202+0000][1][safepoint    ] Safepoint "RevokeBias", Time since last: 360518791 ns, Reaching safepoint: 142400 ns, At safepoint: 19800 ns, Total: 162200 ns
[2020-03-27T08:08:45.204+0000][1][safepoint    ] Safepoint "RevokeBias", Time since last: 1933700 ns, Reaching safepoint: 73100 ns, At safepoint: 13600 ns, Total: 86700 ns
[2020-03-27T08:08:45.205+0000][1][safepoint    ] Safepoint "RevokeBias", Time since last: 1073600 ns, Reaching safepoint: 63500 ns, At safepoint: 21300 ns, Total: 84800 ns
[2020-03-27T08:08:46.206+0000][1][safepoint    ] Safepoint "Cleanup", Time since last: 1000885873 ns, Reaching safepoint: 408500 ns, At safepoint: 82300 ns, Total: 490800 ns
[2020-03-27T08:08:47.209+0000][1][safepoint    ] Safepoint "Cleanup", Time since last: 1002363574 ns, Reaching safepoint: 366000 ns, At safepoint: 84500 ns, Total: 450500 ns
[2020-03-27T08:08:48.092+0000][1][safepoint    ] Safepoint "RevokeBias", Time since last: 882695077 ns, Reaching safepoint: 105600 ns, At safepoint: 23800 ns, Total: 129400 ns
[2020-03-27T08:08:48.853+0000][1][gc,start     ] GC(101) Pause Young (Allocation Failure)
[2020-03-27T08:08:48.853+0000][1][gc,task      ] GC(101) Using 2 workers of 2 for evacuation
[2020-03-27T08:08:48.857+0000][1][gc,age       ] GC(101) Desired survivor size 8716288 bytes, new threshold 6 (max threshold 6)
[2020-03-27T08:08:48.858+0000][1][gc,age       ] GC(101) Age table with threshold 6 (max threshold 6)
[2020-03-27T08:08:48.858+0000][1][gc,age       ] GC(101) - age   1:    4569648 bytes,    4569648 total
[2020-03-27T08:08:48.859+0000][1][gc,age       ] GC(101) - age   2:     417952 bytes,    4987600 total
[2020-03-27T08:08:48.859+0000][1][gc,heap      ] GC(101) ParNew: 148889K->6802K(153344K)
[2020-03-27T08:08:48.860+0000][1][gc,heap      ] GC(101) CMS: 152517K->152517K(353920K)
[2020-03-27T08:08:48.860+0000][1][gc,metaspace ] GC(101) Metaspace: 96684K->96684K(1138688K)
[2020-03-27T08:08:48.860+0000][1][gc           ] GC(101) Pause Young (Allocation Failure) 294M->155M(495M) 7.678ms
[2020-03-27T08:08:48.861+0000][1][gc,cpu       ] GC(101) User=0.01s Sys=0.00s Real=0.01s
[2020-03-27T08:08:48.861+0000][1][safepoint    ] Safepoint "GenCollectForAllocation", Time since last: 760499580 ns, Reaching safepoint: 135600 ns, At safepoint: 8541800 ns, Total: 8677400 ns
[2020-03-27T08:08:48.867+0000][1][safepoint    ] Safepoint "RevokeBias", Time since last: 5175900 ns, Reaching safepoint: 204200 ns, At safepoint: 32200 ns, Total: 236400 ns
[2020-03-27T08:08:48.868+0000][1][safepoint    ] Safepoint "RevokeBias", Time since last: 904500 ns, Reaching safepoint: 77000 ns, At safepoint: 62300 ns, Total: 139300 ns
[2020-03-27T08:08:48.869+0000][1][safepoint    ] Safepoint "RevokeBias", Time since last: 1494300 ns, Reaching safepoint: 72100 ns, At safepoint: 21900 ns, Total: 94000 ns
[2020-03-27T08:08:48.870+0000][1][safepoint    ] Safepoint "RevokeBias", Time since last: 1118900 ns, Reaching safepoint: 76500 ns, At safepoint: 22700 ns, Total: 99200 ns
[2020-03-27T08:08:48.914+0000][1][safepoint    ] Safepoint "RevokeBias", Time since last: 43608999 ns, Reaching safepoint: 101700 ns, At safepoint: 29200 ns, Total: 130900 ns
[2020-03-27T08:08:49.915+0000][1][safepoint    ] Safepoint "Cleanup", Time since last: 1001019873 ns, Reaching safepoint: 181000 ns, At safepoint: 15500 ns, Total: 196500 ns
[2020-03-27T08:08:50.917+0000][1][safepoint    ] Safepoint "Cleanup", Time since last: 1001527274 ns, Reaching safepoint: 378300 ns, At safepoint: 35800 ns, Total: 414100 ns
[2020-03-27T08:08:51.358+0000][1][safepoint    ] Safepoint "RevokeBias", Time since last: 440833440 ns, Reaching safepoint: 231700 ns, At safepoint: 17700 ns, Total: 249400 ns
[2020-03-27T08:08:52.056+0000][1][safepoint    ] Safepoint "RevokeBias", Time since last: 696777069 ns, Reaching safepoint: 299800 ns, At safepoint: 19000 ns, Total: 318800 ns
[2020-03-27T08:08:52.056+0000][1][safepoint    ] Safepoint "RevokeBias", Time since last: 719200 ns, Reaching safepoint: 53200 ns, At safepoint: 34600 ns, Total: 87800 ns
[2020-03-27T08:08:52.058+0000][1][safepoint    ] Safepoint "RevokeBias", Time since last: 1266600 ns, Reaching safepoint: 198500 ns, At safepoint: 14700 ns, Total: 213200 ns
[2020-03-27T08:08:52.059+0000][1][safepoint    ] Safepoint "RevokeBias", Time since last: 1115400 ns, Reaching safepoint: 78300 ns, At safepoint: 23800 ns, Total: 102100 ns
[2020-03-27T08:08:52.105+0000][1][safepoint    ] Safepoint "RevokeBias", Time since last: 45441505 ns, Reaching safepoint: 110100 ns, At safepoint: 15800 ns, Total: 125900 ns
[2020-03-27T08:08:53.108+0000][1][safepoint    ] Safepoint "Cleanup", Time since last: 1002870499 ns, Reaching safepoint: 400600 ns, At safepoint: 82600 ns, Total: 483200 ns
[2020-03-27T08:08:54.111+0000][1][safepoint    ] Safepoint "Cleanup", Time since last: 1002270199 ns, Reaching safepoint: 455300 ns, At safepoint: 81000 ns, Total: 536300 ns
[2020-03-27T08:08:55.114+0000][1][safepoint    ] Safepoint "Cleanup", Time since last: 1002264499 ns, Reaching safepoint: 323500 ns, At safepoint: 125200 ns, Total: 448700 ns
[2020-03-27T08:08:56.116+0000][1][safepoint    ] Safepoint "Cleanup", Time since last: 1002309599 ns, Reaching safepoint: 324601 ns, At safepoint: 83900 ns, Total: 408501 ns
[2020-03-27T08:08:57.119+0000][1][safepoint    ] Safepoint "Cleanup", Time since last: 1002527999 ns, Reaching safepoint: 374900 ns, At safepoint: 87400 ns, Total: 462300 ns
[2020-03-27T08:08:58.070+0000][1][safepoint    ] Safepoint "RevokeBias", Time since last: 951005594 ns, Reaching safepoint: 99100 ns, At safepoint: 24300 ns, Total: 123400 ns
[2020-03-27T08:08:59.042+0000][1][safepoint    ] Safepoint "RevokeBias", Time since last: 971257092 ns, Reaching safepoint: 114700 ns, At safepoint: 26200 ns, Total: 140900 ns
[2020-03-27T08:08:59.043+0000][1][safepoint    ] Safepoint "RevokeBias", Time since last: 822900 ns, Reaching safepoint: 70400 ns, At safepoint: 11500 ns, Total: 81900 ns
[2020-03-27T08:08:59.044+0000][1][safepoint    ] Safepoint "RevokeBias", Time since last: 1002200 ns, Reaching safepoint: 81800 ns, At safepoint: 12700 ns, Total: 94500 ns
[2020-03-27T08:08:59.045+0000][1][safepoint    ] Safepoint "RevokeBias", Time since last: 1243000 ns, Reaching safepoint: 86900 ns, At safepoint: 19000 ns, Total: 105900 ns
[2020-03-27T08:08:59.089+0000][1][safepoint    ] Safepoint "RevokeBias", Time since last: 43382302 ns, Reaching safepoint: 166900 ns, At safepoint: 31100 ns, Total: 198000 ns
[2020-03-27T08:08:59.134+0000][1][gc,start     ] GC(102) Pause Young (Allocation Failure)
[2020-03-27T08:08:59.134+0000][1][gc,task      ] GC(102) Using 2 workers of 2 for evacuation
[2020-03-27T08:08:59.138+0000][1][gc,age       ] GC(102) Desired survivor size 8716288 bytes, new threshold 6 (max threshold 6)
[2020-03-27T08:08:59.138+0000][1][gc,age       ] GC(102) Age table with threshold 6 (max threshold 6)
[2020-03-27T08:08:59.139+0000][1][gc,age       ] GC(102) - age   1:    1292696 bytes,    1292696 total
[2020-03-27T08:08:59.139+0000][1][gc,age       ] GC(102) - age   2:     813368 bytes,    2106064 total
[2020-03-27T08:08:59.140+0000][1][gc,age       ] GC(102) - age   3:     405320 bytes,    2511384 total
[2020-03-27T08:08:59.140+0000][1][gc,heap      ] GC(102) ParNew: 143122K->4479K(153344K)
[2020-03-27T08:08:59.140+0000][1][gc,heap      ] GC(102) CMS: 152517K->152517K(353920K)
[2020-03-27T08:08:59.141+0000][1][gc,metaspace ] GC(102) Metaspace: 96685K->96685K(1138688K)
[2020-03-27T08:08:59.141+0000][1][gc           ] GC(102) Pause Young (Allocation Failure) 288M->153M(495M) 7.466ms
[2020-03-27T08:08:59.142+0000][1][gc,cpu       ] GC(102) User=0.00s Sys=0.00s Real=0.01s
[2020-03-27T08:08:59.142+0000][1][safepoint    ] Safepoint "GenCollectForAllocation", Time since last: 45005302 ns, Reaching safepoint: 114400 ns, At safepoint: 8195600 ns, Total: 8310000 ns
[2020-03-27T08:09:00.143+0000][1][safepoint    ] Safepoint "Cleanup", Time since last: 1000932338 ns, Reaching safepoint: 114800 ns, At safepoint: 5800 ns, Total: 120600 ns
[2020-03-27T08:09:01.145+0000][1][safepoint    ] Safepoint "Cleanup", Time since last: 1001185939 ns, Reaching safepoint: 419600 ns, At safepoint: 79800 ns, Total: 499400 ns
[2020-03-27T08:09:01.368+0000][1][safepoint    ] Safepoint "RevokeBias", Time since last: 222674608 ns, Reaching safepoint: 230700 ns, At safepoint: 469100 ns, Total: 699800 ns
[2020-03-27T08:09:02.195+0000][1][safepoint    ] Safepoint "RevokeBias", Time since last: 826571732 ns, Reaching safepoint: 110700 ns, At safepoint: 27300 ns, Total: 138000 ns
[2020-03-27T08:09:02.196+0000][1][safepoint    ] Safepoint "RevokeBias", Time since last: 741100 ns, Reaching safepoint: 135800 ns, At safepoint: 13900 ns, Total: 149700 ns
[2020-03-27T08:09:02.197+0000][1][safepoint    ] Safepoint "RevokeBias", Time since last: 1156700 ns, Reaching safepoint: 93100 ns, At safepoint: 12100 ns, Total: 105200 ns
[2020-03-27T08:09:02.198+0000][1][safepoint    ] Safepoint "RevokeBias", Time since last: 1041800 ns, Reaching safepoint: 157100 ns, At safepoint: 40400 ns, Total: 197500 ns
[2020-03-27T08:09:02.243+0000][1][safepoint    ] Safepoint "RevokeBias", Time since last: 44230402 ns, Reaching safepoint: 136400 ns, At safepoint: 19900 ns, Total: 156300 ns
[2020-03-27T08:09:03.243+0000][1][safepoint    ] Safepoint "Cleanup", Time since last: 1000538538 ns, Reaching safepoint: 142400 ns, At safepoint: 31600 ns, Total: 174000 ns
[2020-03-27T08:09:04.245+0000][1][safepoint    ] Safepoint "Cleanup", Time since last: 1001240739 ns, Reaching safepoint: 150900 ns, At safepoint: 35700 ns, Total: 186600 ns
[2020-03-27T08:09:05.246+0000][1][safepoint    ] Safepoint "Cleanup", Time since last: 1001359938 ns, Reaching safepoint: 128100 ns, At safepoint: 17600 ns, Total: 145700 ns
[2020-03-27T08:09:06.248+0000][1][safepoint    ] Safepoint "Cleanup", Time since last: 1001102138 ns, Reaching safepoint: 378500 ns, At safepoint: 87400 ns, Total: 465900 ns
[2020-03-27T08:09:07.250+0000][1][safepoint    ] Safepoint "Cleanup", Time since last: 1002050130 ns, Reaching safepoint: 324400 ns, At safepoint: 80600 ns, Total: 405000 ns
[2020-03-27T08:09:08.092+0000][1][safepoint    ] Safepoint "RevokeBias", Time since last: 841835205 ns, Reaching safepoint: 95700 ns, At safepoint: 23700 ns, Total: 119400 ns
[2020-03-27T08:09:08.191+0000][1][gc,start     ] GC(103) Pause Young (Allocation Failure)
[2020-03-27T08:09:08.192+0000][1][gc,task      ] GC(103) Using 2 workers of 2 for evacuation
[2020-03-27T08:09:08.197+0000][1][gc,age       ] GC(103) Desired survivor size 8716288 bytes, new threshold 4 (max threshold 6)
[2020-03-27T08:09:08.198+0000][1][gc,age       ] GC(103) Age table with threshold 4 (max threshold 6)
[2020-03-27T08:09:08.198+0000][1][gc,age       ] GC(103) - age   1:    6977528 bytes,    6977528 total
[2020-03-27T08:09:08.198+0000][1][gc,age       ] GC(103) - age   2:     856032 bytes,    7833560 total
[2020-03-27T08:09:08.199+0000][1][gc,age       ] GC(103) - age   3:     812880 bytes,    8646440 total
[2020-03-27T08:09:08.199+0000][1][gc,age       ] GC(103) - age   4:     404824 bytes,    9051264 total
[2020-03-27T08:09:08.200+0000][1][gc,heap      ] GC(103) ParNew: 140538K->10197K(153344K)
[2020-03-27T08:09:08.200+0000][1][gc,heap      ] GC(103) CMS: 152517K->152517K(353920K)
[2020-03-27T08:09:08.201+0000][1][gc,metaspace ] GC(103) Metaspace: 96686K->96686K(1138688K)
[2020-03-27T08:09:08.201+0000][1][gc           ] GC(103) Pause Young (Allocation Failure) 286M->158M(495M) 10.136ms
[2020-03-27T08:09:08.201+0000][1][gc,cpu       ] GC(103) User=0.01s Sys=0.00s Real=0.01s
[2020-03-27T08:09:08.202+0000][1][safepoint    ] Safepoint "GenCollectForAllocation", Time since last: 98396501 ns, Reaching safepoint: 205200 ns, At safepoint: 10986500 ns, Total: 11191700 ns
[2020-03-27T08:09:08.213+0000][1][safepoint    ] Safepoint "RevokeBias", Time since last: 11486200 ns, Reaching safepoint: 110500 ns, At safepoint: 26300 ns, Total: 136800 ns
[2020-03-27T08:09:08.215+0000][1][safepoint    ] Safepoint "RevokeBias", Time since last: 1097500 ns, Reaching safepoint: 69200 ns, At safepoint: 22500 ns, Total: 91700 ns
[2020-03-27T08:09:08.216+0000][1][safepoint    ] Safepoint "RevokeBias", Time since last: 1103300 ns, Reaching safepoint: 58200 ns, At safepoint: 21700 ns, Total: 79900 ns
[2020-03-27T08:09:08.217+0000][1][safepoint    ] Safepoint "RevokeBias", Time since last: 1006700 ns, Reaching safepoint: 75600 ns, At safepoint: 11200 ns, Total: 86800 ns
[2020-03-27T08:09:08.266+0000][1][safepoint    ] Safepoint "RevokeBias", Time since last: 49030100 ns, Reaching safepoint: 112400 ns, At safepoint: 20000 ns, Total: 132400 ns
[2020-03-27T08:09:09.267+0000][1][safepoint    ] Safepoint "Cleanup", Time since last: 1000539406 ns, Reaching safepoint: 102000 ns, At safepoint: 8100 ns, Total: 110100 ns
[2020-03-27T08:09:10.268+0000][1][safepoint    ] Safepoint "Cleanup", Time since last: 1001133305 ns, Reaching safepoint: 162900 ns, At safepoint: 38300 ns, Total: 201200 ns
[2020-03-27T08:09:11.270+0000][1][safepoint    ] Safepoint "Cleanup", Time since last: 1001340406 ns, Reaching safepoint: 176400 ns, At safepoint: 30700 ns, Total: 207100 ns
[2020-03-27T08:09:11.376+0000][1][safepoint    ] Safepoint "RevokeBias", Time since last: 105832801 ns, Reaching safepoint: 219200 ns, At safepoint: 23000 ns, Total: 242200 ns
[2020-03-27T08:09:12.345+0000][1][safepoint    ] Safepoint "RevokeBias", Time since last: 969504605 ns, Reaching safepoint: 180200 ns, At safepoint: 26300 ns, Total: 206500 ns
[2020-03-27T08:09:12.347+0000][1][safepoint    ] Safepoint "BulkRevokeBias", Time since last: 1053500 ns, Reaching safepoint: 164500 ns, At safepoint: 467800 ns, Total: 632300 ns
[2020-03-27T08:09:12.349+0000][1][safepoint    ] Safepoint "RevokeBias", Time since last: 2131300 ns, Reaching safepoint: 112300 ns, At safepoint: 17700 ns, Total: 130000 ns
[2020-03-27T08:09:12.354+0000][1][safepoint    ] Safepoint "BulkRevokeBias", Time since last: 4349200 ns, Reaching safepoint: 134000 ns, At safepoint: 439500 ns, Total: 573500 ns
[2020-03-27T08:09:12.399+0000][1][safepoint    ] Safepoint "RevokeBias", Time since last: 45111400 ns, Reaching safepoint: 101600 ns, At safepoint: 37300 ns, Total: 138900 ns
[2020-03-27T08:09:13.400+0000][1][safepoint    ] Safepoint "Cleanup", Time since last: 1000498406 ns, Reaching safepoint: 149700 ns, At safepoint: 7900 ns, Total: 157600 ns
[2020-03-27T08:09:14.401+0000][1][safepoint    ] Safepoint "Cleanup", Time since last: 1000924506 ns, Reaching safepoint: 112000 ns, At safepoint: 19900 ns, Total: 131900 ns
[2020-03-27T08:09:15.403+0000][1][safepoint    ] Safepoint "Cleanup", Time since last: 1001073577 ns, Reaching safepoint: 409700 ns, At safepoint: 87300 ns, Total: 497000 ns
[2020-03-27T08:09:16.405+0000][1][safepoint    ] Safepoint "Cleanup", Time since last: 1001899429 ns, Reaching safepoint: 449400 ns, At safepoint: 80400 ns, Total: 529800 ns
[2020-03-27T08:09:17.408+0000][1][safepoint    ] Safepoint "Cleanup", Time since last: 1002437328 ns, Reaching safepoint: 331400 ns, At safepoint: 86200 ns, Total: 417600 ns
[2020-03-27T08:09:18.129+0000][1][safepoint    ] Safepoint "BulkRevokeBias", Time since last: 720912349 ns, Reaching safepoint: 93800 ns, At safepoint: 407699 ns, Total: 501499 ns
[2020-03-27T08:09:18.142+0000][1][gc,start     ] GC(104) Pause Young (Allocation Failure)
[2020-03-27T08:09:18.143+0000][1][gc,task      ] GC(104) Using 2 workers of 2 for evacuation
[2020-03-27T08:09:18.152+0000][1][gc,age       ] GC(104) Desired survivor size 8716288 bytes, new threshold 3 (max threshold 6)
[2020-03-27T08:09:18.153+0000][1][gc,age       ] GC(104) Age table with threshold 3 (max threshold 6)
[2020-03-27T08:09:18.153+0000][1][gc,age       ] GC(104) - age   1:    7716032 bytes,    7716032 total
[2020-03-27T08:09:18.154+0000][1][gc,age       ] GC(104) - age   2:     307952 bytes,    8023984 total
[2020-03-27T08:09:18.154+0000][1][gc,age       ] GC(104) - age   3:     814656 bytes,    8838640 total
[2020-03-27T08:09:18.154+0000][1][gc,age       ] GC(104) - age   4:     811392 bytes,    9650032 total
[2020-03-27T08:09:18.155+0000][1][gc,heap      ] GC(104) ParNew: 146517K->14278K(153344K)
[2020-03-27T08:09:18.155+0000][1][gc,heap      ] GC(104) CMS: 152517K->152913K(353920K)
[2020-03-27T08:09:18.156+0000][1][gc,metaspace ] GC(104) Metaspace: 96688K->96688K(1138688K)
[2020-03-27T08:09:18.156+0000][1][gc           ] GC(104) Pause Young (Allocation Failure) 292M->163M(495M) 13.914ms
[2020-03-27T08:09:18.157+0000][1][gc,cpu       ] GC(104) User=0.01s Sys=0.00s Real=0.02s
[2020-03-27T08:09:18.157+0000][1][safepoint    ] Safepoint "GenCollectForAllocation", Time since last: 12720900 ns, Reaching safepoint: 155900 ns, At safepoint: 14929299 ns, Total: 15085199 ns
[2020-03-27T08:09:19.158+0000][1][safepoint    ] Safepoint "Cleanup", Time since last: 1000822828 ns, Reaching safepoint: 127200 ns, At safepoint: 27000 ns, Total: 154200 ns
[2020-03-27T08:09:20.159+0000][1][safepoint    ] Safepoint "Cleanup", Time since last: 1000929429 ns, Reaching safepoint: 111500 ns, At safepoint: 17200 ns, Total: 128700 ns
[2020-03-27T08:09:21.160+0000][1][safepoint    ] Safepoint "Cleanup", Time since last: 1000676928 ns, Reaching safepoint: 121400 ns, At safepoint: 25600 ns, Total: 147000 ns
[2020-03-27T08:09:21.384+0000][1][safepoint    ] Safepoint "RevokeBias", Time since last: 223258784 ns, Reaching safepoint: 160300 ns, At safepoint: 20400 ns, Total: 180700 ns
[2020-03-27T08:09:22.384+0000][1][safepoint    ] Safepoint "Cleanup", Time since last: 1000573029 ns, Reaching safepoint: 94300 ns, At safepoint: 25600 ns, Total: 119900 ns
[2020-03-27T08:09:23.386+0000][1][safepoint    ] Safepoint "Cleanup", Time since last: 1001039538 ns, Reaching safepoint: 567000 ns, At safepoint: 91300 ns, Total: 658300 ns
[2020-03-27T08:09:24.389+0000][1][safepoint    ] Safepoint "Cleanup", Time since last: 1002035656 ns, Reaching safepoint: 662900 ns, At safepoint: 62500 ns, Total: 725400 ns
[2020-03-27T08:09:25.392+0000][1][safepoint    ] Safepoint "Cleanup", Time since last: 1002696957 ns, Reaching safepoint: 510800 ns, At safepoint: 52700 ns, Total: 563500 ns
[2020-03-27T08:09:26.395+0000][1][safepoint    ] Safepoint "Cleanup", Time since last: 1002657657 ns, Reaching safepoint: 301700 ns, At safepoint: 79000 ns, Total: 380700 ns
[2020-03-27T08:09:27.398+0000][1][safepoint    ] Safepoint "Cleanup", Time since last: 1002134557 ns, Reaching safepoint: 327000 ns, At safepoint: 146900 ns, Total: 473900 ns
[2020-03-27T08:09:28.071+0000][1][safepoint    ] Safepoint "RevokeBias", Time since last: 673184170 ns, Reaching safepoint: 182700 ns, At safepoint: 25900 ns, Total: 208600 ns
[2020-03-27T08:09:29.072+0000][1][safepoint    ] Safepoint "Cleanup", Time since last: 1000784457 ns, Reaching safepoint: 488300 ns, At safepoint: 32100 ns, Total: 520400 ns
[2020-03-27T08:09:30.075+0000][1][safepoint    ] Safepoint "Cleanup", Time since last: 1002109457 ns, Reaching safepoint: 415200 ns, At safepoint: 82500 ns, Total: 497700 ns
[2020-03-27T08:09:31.077+0000][1][safepoint    ] Safepoint "Cleanup", Time since last: 1002115857 ns, Reaching safepoint: 325000 ns, At safepoint: 87300 ns, Total: 412300 ns
[2020-03-27T08:09:31.381+0000][1][safepoint    ] Safepoint "RevokeBias", Time since last: 302808009 ns, Reaching safepoint: 385200 ns, At safepoint: 322900 ns, Total: 708100 ns
[2020-03-27T08:09:32.382+0000][1][safepoint    ] Safepoint "Cleanup", Time since last: 1000368829 ns, Reaching safepoint: 130100 ns, At safepoint: 27000 ns, Total: 157100 ns
[2020-03-27T08:09:33.382+0000][1][safepoint    ] Safepoint "Cleanup", Time since last: 1000834428 ns, Reaching safepoint: 107000 ns, At safepoint: 16000 ns, Total: 123000 ns
[2020-03-27T08:09:34.384+0000][1][safepoint    ] Safepoint "Cleanup", Time since last: 1000739229 ns, Reaching safepoint: 476500 ns, At safepoint: 84800 ns, Total: 561300 ns
[2020-03-27T08:09:35.386+0000][1][safepoint    ] Safepoint "Cleanup", Time since last: 1001914229 ns, Reaching safepoint: 391400 ns, At safepoint: 75800 ns, Total: 467200 ns
[2020-03-27T08:09:36.389+0000][1][safepoint    ] Safepoint "Cleanup", Time since last: 1002212029 ns, Reaching safepoint: 335700 ns, At safepoint: 59300 ns, Total: 395000 ns
[2020-03-27T08:09:37.390+0000][1][safepoint    ] Safepoint "Cleanup", Time since last: 1001339929 ns, Reaching safepoint: 129900 ns, At safepoint: 30100 ns, Total: 160000 ns
[2020-03-27T08:09:38.089+0000][1][safepoint    ] Safepoint "RevokeBias", Time since last: 698379020 ns, Reaching safepoint: 95100 ns, At safepoint: 27000 ns, Total: 122100 ns
[2020-03-27T08:09:39.090+0000][1][safepoint    ] Safepoint "Cleanup", Time since last: 1000691128 ns, Reaching safepoint: 394500 ns, At safepoint: 119100 ns, Total: 513600 ns
[2020-03-27T08:09:40.093+0000][1][safepoint    ] Safepoint "Cleanup", Time since last: 1002292427 ns, Reaching safepoint: 411100 ns, At safepoint: 81600 ns, Total: 492700 ns
[2020-03-27T08:09:41.095+0000][1][safepoint    ] Safepoint "Cleanup", Time since last: 1001885926 ns, Reaching safepoint: 405400 ns, At safepoint: 41400 ns, Total: 446800 ns
[2020-03-27T08:09:41.400+0000][1][safepoint    ] Safepoint "RevokeBias", Time since last: 305019508 ns, Reaching safepoint: 207100 ns, At safepoint: 24800 ns, Total: 231900 ns
[2020-03-27T08:09:42.401+0000][1][safepoint    ] Safepoint "Cleanup", Time since last: 1000666126 ns, Reaching safepoint: 116300 ns, At safepoint: 24500 ns, Total: 140800 ns
[2020-03-27T08:09:43.264+0000][1][safepoint    ] Safepoint "RevokeBias", Time since last: 862685123 ns, Reaching safepoint: 415200 ns, At safepoint: 125700 ns, Total: 540900 ns
[2020-03-27T08:09:43.365+0000][1][safepoint    ] Safepoint "RevokeBias", Time since last: 100078202 ns, Reaching safepoint: 225900 ns, At safepoint: 29300 ns, Total: 255200 ns
[2020-03-27T08:09:43.365+0000][1][safepoint    ] Safepoint "RevokeBias", Time since last: 467300 ns, Reaching safepoint: 78400 ns, At safepoint: 13500 ns, Total: 91900 ns
[2020-03-27T08:09:43.366+0000][1][safepoint    ] Safepoint "RevokeBias", Time since last: 680700 ns, Reaching safepoint: 58100 ns, At safepoint: 207700 ns, Total: 265800 ns
[2020-03-27T08:09:43.367+0000][1][safepoint    ] Safepoint "RevokeBias", Time since last: 1018300 ns, Reaching safepoint: 90400 ns, At safepoint: 20300 ns, Total: 110700 ns
[2020-03-27T08:09:43.368+0000][1][safepoint    ] Safepoint "RevokeBias", Time since last: 969800 ns, Reaching safepoint: 89600 ns, At safepoint: 12100 ns, Total: 101700 ns
[2020-03-27T08:09:43.413+0000][1][safepoint    ] Safepoint "RevokeBias", Time since last: 44917202 ns, Reaching safepoint: 117800 ns, At safepoint: 28700 ns, Total: 146500 ns
[2020-03-27T08:09:43.493+0000][1][safepoint    ] Safepoint "RevokeBias", Time since last: 79353202 ns, Reaching safepoint: 186300 ns, At safepoint: 36300 ns, Total: 222600 ns
[2020-03-27T08:09:43.513+0000][1][safepoint    ] Safepoint "RevokeBias", Time since last: 20108700 ns, Reaching safepoint: 318100 ns, At safepoint: 34400 ns, Total: 352500 ns
[2020-03-27T08:09:43.522+0000][1][safepoint    ] Safepoint "RevokeBias", Time since last: 7811401 ns, Reaching safepoint: 643600 ns, At safepoint: 309600 ns, Total: 953200 ns
[2020-03-27T08:09:43.523+0000][1][safepoint    ] Safepoint "RevokeBias", Time since last: 432100 ns, Reaching safepoint: 178500 ns, At safepoint: 185800 ns, Total: 364300 ns
[2020-03-27T08:09:43.530+0000][1][safepoint    ] Safepoint "GenCollectForAllocation", Time since last: 6299500 ns, Reaching safepoint: 712800 ns, At safepoint: 12700 ns, Total: 725500 ns
[2020-03-27T08:09:43.532+0000][1][gc,start     ] GC(105) Pause Young (Allocation Failure)
[2020-03-27T08:09:43.532+0000][1][gc,task      ] GC(105) Using 2 workers of 2 for evacuation
[2020-03-27T08:09:43.552+0000][1][gc,age       ] GC(105) Desired survivor size 8716288 bytes, new threshold 6 (max threshold 6)
[2020-03-27T08:09:43.553+0000][1][gc,age       ] GC(105) Age table with threshold 6 (max threshold 6)
[2020-03-27T08:09:43.553+0000][1][gc,age       ] GC(105) - age   1:    6341240 bytes,    6341240 total
[2020-03-27T08:09:43.554+0000][1][gc,age       ] GC(105) - age   2:     574336 bytes,    6915576 total
[2020-03-27T08:09:43.554+0000][1][gc,age       ] GC(105) - age   3:     305360 bytes,    7220936 total
[2020-03-27T08:09:43.555+0000][1][gc,heap      ] GC(105) ParNew: 150630K->13279K(153344K)
[2020-03-27T08:09:43.555+0000][1][gc,heap      ] GC(105) CMS: 152913K->154523K(353920K)
[2020-03-27T08:09:43.556+0000][1][gc,metaspace ] GC(105) Metaspace: 96766K->96766K(1138688K)
[2020-03-27T08:09:43.556+0000][1][gc           ] GC(105) Pause Young (Allocation Failure) 296M->163M(495M) 24.679ms
[2020-03-27T08:09:43.557+0000][1][gc,cpu       ] GC(105) User=0.01s Sys=0.01s Real=0.03s
[2020-03-27T08:09:43.558+0000][1][safepoint    ] Safepoint "GenCollectForAllocation", Time since last: 532200 ns, Reaching safepoint: 1123200 ns, At safepoint: 25920500 ns, Total: 27043700 ns
[2020-03-27T08:09:43.561+0000][1][gc,start     ] GC(106) Pause Young (GCLocker Initiated GC)
[2020-03-27T08:09:43.561+0000][1][gc,task      ] GC(106) Using 2 workers of 2 for evacuation
[2020-03-27T08:09:43.566+0000][1][gc,age       ] GC(106) Desired survivor size 8716288 bytes, new threshold 6 (max threshold 6)
[2020-03-27T08:09:43.566+0000][1][gc,age       ] GC(106) Age table with threshold 6 (max threshold 6)
[2020-03-27T08:09:43.567+0000][1][gc,age       ] GC(106) - age   1:     906104 bytes,     906104 total
[2020-03-27T08:09:43.567+0000][1][gc,age       ] GC(106) - age   2:    5987200 bytes,    6893304 total
[2020-03-27T08:09:43.568+0000][1][gc,age       ] GC(106) - age   3:     574336 bytes,    7467640 total
[2020-03-27T08:09:43.568+0000][1][gc,age       ] GC(106) - age   4:     305360 bytes,    7773000 total
[2020-03-27T08:09:43.568+0000][1][gc,heap      ] GC(106) ParNew: 20605K->12143K(153344K)
[2020-03-27T08:09:43.569+0000][1][gc,heap      ] GC(106) CMS: 154523K->154523K(353920K)
[2020-03-27T08:09:43.569+0000][1][gc,metaspace ] GC(106) Metaspace: 96766K->96766K(1138688K)
[2020-03-27T08:09:43.570+0000][1][gc           ] GC(106) Pause Young (GCLocker Initiated GC) 171M->162M(495M) 8.773ms
[2020-03-27T08:09:43.570+0000][1][gc,cpu       ] GC(106) User=0.01s Sys=0.00s Real=0.01s
[2020-03-27T08:09:43.571+0000][1][safepoint    ] Safepoint "GenCollectFull", Time since last: 2422401 ns, Reaching safepoint: 679300 ns, At safepoint: 9938500 ns, Total: 10617800 ns
[2020-03-27T08:09:43.604+0000][1][safepoint    ] Safepoint "RevokeBias", Time since last: 32479801 ns, Reaching safepoint: 1269800 ns, At safepoint: 30700 ns, Total: 1300500 ns
[2020-03-27T08:09:43.606+0000][1][safepoint    ] Safepoint "RevokeBias", Time since last: 855700 ns, Reaching safepoint: 465600 ns, At safepoint: 17900 ns, Total: 483500 ns
[2020-03-27T08:09:43.609+0000][1][safepoint    ] Safepoint "RevokeBias", Time since last: 3008100 ns, Reaching safepoint: 495900 ns, At safepoint: 53500 ns, Total: 549400 ns
[2020-03-27T08:09:43.611+0000][1][safepoint    ] Safepoint "RevokeBias", Time since last: 1199300 ns, Reaching safepoint: 185700 ns, At safepoint: 108600 ns, Total: 294300 ns
[2020-03-27T08:09:43.656+0000][1][safepoint    ] Safepoint "RevokeBias", Time since last: 44774801 ns, Reaching safepoint: 830600 ns, At safepoint: 25400 ns, Total: 856000 ns
[2020-03-27T08:09:43.725+0000][1][safepoint    ] Safepoint "RevokeBias", Time since last: 67831102 ns, Reaching safepoint: 838900 ns, At safepoint: 35100 ns, Total: 874000 ns
[2020-03-27T08:09:43.728+0000][1][safepoint    ] Safepoint "RevokeBias", Time since last: 1919100 ns, Reaching safepoint: 877700 ns, At safepoint: 58800 ns, Total: 936500 ns
[2020-03-27T08:09:43.730+0000][1][safepoint    ] Safepoint "RevokeBias", Time since last: 1102000 ns, Reaching safepoint: 312600 ns, At safepoint: 96000 ns, Total: 408600 ns
[2020-03-27T08:09:43.743+0000][1][safepoint    ] Safepoint "RevokeBias", Time since last: 12867700 ns, Reaching safepoint: 301500 ns, At safepoint: 20700 ns, Total: 322200 ns
[2020-03-27T08:09:43.743+0000][1][safepoint    ] Safepoint "RevokeBias", Time since last: 364300 ns, Reaching safepoint: 187000 ns, At safepoint: 27700 ns, Total: 214700 ns
[2020-03-27T08:09:43.745+0000][1][safepoint    ] Safepoint "RevokeBias", Time since last: 1287200 ns, Reaching safepoint: 272100 ns, At safepoint: 24300 ns, Total: 296400 ns
[2020-03-27T08:09:43.746+0000][1][safepoint    ] Safepoint "RevokeBias", Time since last: 1169900 ns, Reaching safepoint: 217600 ns, At safepoint: 31900 ns, Total: 249500 ns
[2020-03-27T08:09:43.933+0000][1][safepoint    ] Safepoint "RevokeBias", Time since last: 186276505 ns, Reaching safepoint: 147900 ns, At safepoint: 33700 ns, Total: 181600 ns
[2020-03-27T08:09:43.936+0000][1][safepoint    ] Safepoint "RevokeBias", Time since last: 2774500 ns, Reaching safepoint: 210100 ns, At safepoint: 131100 ns, Total: 341200 ns
[2020-03-27T08:09:43.951+0000][1][safepoint    ] Safepoint "RevokeBias", Time since last: 15048201 ns, Reaching safepoint: 125800 ns, At safepoint: 48500 ns, Total: 174300 ns
[2020-03-27T08:09:43.952+0000][1][safepoint    ] Safepoint "RevokeBias", Time since last: 894800 ns, Reaching safepoint: 102500 ns, At safepoint: 37800 ns, Total: 140300 ns
[2020-03-27T08:09:43.953+0000][1][safepoint    ] Safepoint "RevokeBias", Time since last: 720900 ns, Reaching safepoint: 102000 ns, At safepoint: 37800 ns, Total: 139800 ns
[2020-03-27T08:09:43.954+0000][1][safepoint    ] Safepoint "RevokeBias", Time since last: 513900 ns, Reaching safepoint: 81900 ns, At safepoint: 31900 ns, Total: 113800 ns
[2020-03-27T08:09:43.954+0000][1][safepoint    ] Safepoint "RevokeBias", Time since last: 399700 ns, Reaching safepoint: 54300 ns, At safepoint: 23500 ns, Total: 77800 ns
[2020-03-27T08:09:43.954+0000][1][safepoint    ] Safepoint "RevokeBias", Time since last: 254300 ns, Reaching safepoint: 53000 ns, At safepoint: 34400 ns, Total: 87400 ns
[2020-03-27T08:09:43.955+0000][1][safepoint    ] Safepoint "RevokeBias", Time since last: 314300 ns, Reaching safepoint: 68900 ns, At safepoint: 29100 ns, Total: 98000 ns
[2020-03-27T08:09:43.955+0000][1][safepoint    ] Safepoint "RevokeBias", Time since last: 357600 ns, Reaching safepoint: 62300 ns, At safepoint: 23800 ns, Total: 86100 ns
[2020-03-27T08:09:43.956+0000][1][safepoint    ] Safepoint "RevokeBias", Time since last: 314600 ns, Reaching safepoint: 72800 ns, At safepoint: 36000 ns, Total: 108800 ns
[2020-03-27T08:09:43.956+0000][1][safepoint    ] Safepoint "RevokeBias", Time since last: 400000 ns, Reaching safepoint: 60100 ns, At safepoint: 36400 ns, Total: 96500 ns
[2020-03-27T08:09:43.962+0000][1][safepoint    ] Safepoint "RevokeBias", Time since last: 5862000 ns, Reaching safepoint: 84900 ns, At safepoint: 24700 ns, Total: 109600 ns
[2020-03-27T08:09:44.502+0000][1][safepoint    ] Safepoint "RevokeBias", Time since last: 538742414 ns, Reaching safepoint: 527900 ns, At safepoint: 177400 ns, Total: 705300 ns
[2020-03-27T08:09:44.520+0000][1][safepoint    ] Safepoint "RevokeBias", Time since last: 17511501 ns, Reaching safepoint: 372200 ns, At safepoint: 35100 ns, Total: 407300 ns
[2020-03-27T08:09:45.010+0000][1][gc,start     ] GC(107) Pause Young (Allocation Failure)
[2020-03-27T08:09:45.011+0000][1][gc,task      ] GC(107) Using 2 workers of 2 for evacuation
[2020-03-27T08:09:45.014+0000][1][gc,age       ] GC(107) Desired survivor size 8716288 bytes, new threshold 6 (max threshold 6)
[2020-03-27T08:09:45.014+0000][1][gc,age       ] GC(107) Age table with threshold 6 (max threshold 6)
[2020-03-27T08:09:45.015+0000][1][gc,age       ] GC(107) - age   1:    1370280 bytes,    1370280 total
[2020-03-27T08:09:45.015+0000][1][gc,age       ] GC(107) - age   2:         80 bytes,    1370360 total
[2020-03-27T08:09:45.016+0000][1][gc,age       ] GC(107) - age   3:     134032 bytes,    1504392 total
[2020-03-27T08:09:45.016+0000][1][gc,age       ] GC(107) - age   4:     215272 bytes,    1719664 total
[2020-03-27T08:09:45.016+0000][1][gc,age       ] GC(107) - age   5:     208568 bytes,    1928232 total
[2020-03-27T08:09:45.017+0000][1][gc,heap      ] GC(107) ParNew: 148164K->6907K(153344K)
[2020-03-27T08:09:45.017+0000][1][gc,heap      ] GC(107) CMS: 154523K->154523K(353920K)
[2020-03-27T08:09:45.018+0000][1][gc,metaspace ] GC(107) Metaspace: 96793K->96793K(1138688K)
[2020-03-27T08:09:45.018+0000][1][gc           ] GC(107) Pause Young (Allocation Failure) 295M->157M(495M) 7.710ms
[2020-03-27T08:09:45.018+0000][1][gc,cpu       ] GC(107) User=0.00s Sys=0.00s Real=0.01s
[2020-03-27T08:09:45.019+0000][1][safepoint    ] Safepoint "GenCollectForAllocation", Time since last: 490450513 ns, Reaching safepoint: 103500 ns, At safepoint: 8485500 ns, Total: 8589000 ns
[2020-03-27T08:09:45.030+0000][1][safepoint    ] Safepoint "RevokeBias", Time since last: 11498400 ns, Reaching safepoint: 185400 ns, At safepoint: 29000 ns, Total: 214400 ns
[2020-03-27T08:09:45.031+0000][1][safepoint    ] Safepoint "RevokeBias", Time since last: 509500 ns, Reaching safepoint: 63700 ns, At safepoint: 22000 ns, Total: 85700 ns
[2020-03-27T08:09:45.032+0000][1][safepoint    ] Safepoint "RevokeBias", Time since last: 1250000 ns, Reaching safepoint: 57600 ns, At safepoint: 21700 ns, Total: 79300 ns
[2020-03-27T08:09:45.033+0000][1][safepoint    ] Safepoint "RevokeBias", Time since last: 1080300 ns, Reaching safepoint: 59200 ns, At safepoint: 11700 ns, Total: 70900 ns
[2020-03-27T08:09:45.084+0000][1][safepoint    ] Safepoint "RevokeBias", Time since last: 50695901 ns, Reaching safepoint: 255300 ns, At safepoint: 29900 ns, Total: 285200 ns
[2020-03-27T08:09:45.154+0000][1][safepoint    ] Safepoint "RevokeBias", Time since last: 69871502 ns, Reaching safepoint: 114800 ns, At safepoint: 27000 ns, Total: 141800 ns
[2020-03-27T08:09:45.156+0000][1][safepoint    ] Safepoint "RevokeBias", Time since last: 1247600 ns, Reaching safepoint: 75400 ns, At safepoint: 21000 ns, Total: 96400 ns
[2020-03-27T08:09:45.254+0000][1][safepoint    ] Safepoint "RevokeBias", Time since last: 97679503 ns, Reaching safepoint: 132100 ns, At safepoint: 24300 ns, Total: 156400 ns
[2020-03-27T08:09:45.254+0000][1][safepoint    ] Safepoint "RevokeBias", Time since last: 549800 ns, Reaching safepoint: 62200 ns, At safepoint: 13500 ns, Total: 75700 ns
[2020-03-27T08:09:45.256+0000][1][safepoint    ] Safepoint "RevokeBias", Time since last: 1302100 ns, Reaching safepoint: 69300 ns, At safepoint: 13800 ns, Total: 83100 ns
[2020-03-27T08:09:45.256+0000][1][safepoint    ] Safepoint "RevokeBias", Time since last: 322800 ns, Reaching safepoint: 59100 ns, At safepoint: 13000 ns, Total: 72100 ns
[2020-03-27T08:09:45.257+0000][1][safepoint    ] Safepoint "RevokeBias", Time since last: 449200 ns, Reaching safepoint: 65800 ns, At safepoint: 32600 ns, Total: 98400 ns
[2020-03-27T08:09:45.257+0000][1][safepoint    ] Safepoint "RevokeBias", Time since last: 406500 ns, Reaching safepoint: 49700 ns, At safepoint: 20700 ns, Total: 70400 ns
[2020-03-27T08:09:46.155+0000][1][safepoint    ] Safepoint "RevokeBias", Time since last: 897624524 ns, Reaching safepoint: 114500 ns, At safepoint: 20900 ns, Total: 135400 ns
[2020-03-27T08:09:46.157+0000][1][safepoint    ] Safepoint "RevokeBias", Time since last: 1990100 ns, Reaching safepoint: 116800 ns, At safepoint: 8600 ns, Total: 125400 ns
[2020-03-27T08:09:46.158+0000][1][safepoint    ] Safepoint "RevokeBias", Time since last: 852400 ns, Reaching safepoint: 92700 ns, At safepoint: 7500 ns, Total: 100200 ns
[2020-03-27T08:09:46.158+0000][1][safepoint    ] Safepoint "RevokeBias", Time since last: 558600 ns, Reaching safepoint: 60500 ns, At safepoint: 9200 ns, Total: 69700 ns
[2020-03-27T08:09:46.159+0000][1][safepoint    ] Safepoint "RevokeBias", Time since last: 740800 ns, Reaching safepoint: 95400 ns, At safepoint: 18600 ns, Total: 114000 ns
[2020-03-27T08:09:46.160+0000][1][safepoint    ] Safepoint "RevokeBias", Time since last: 608100 ns, Reaching safepoint: 50600 ns, At safepoint: 15500 ns, Total: 66100 ns
[2020-03-27T08:09:46.161+0000][1][safepoint    ] Safepoint "RevokeBias", Time since last: 515200 ns, Reaching safepoint: 49000 ns, At safepoint: 14800 ns, Total: 63800 ns
[2020-03-27T08:09:47.162+0000][1][safepoint    ] Safepoint "Cleanup", Time since last: 1000809241 ns, Reaching safepoint: 442600 ns, At safepoint: 86500 ns, Total: 529100 ns
[2020-03-27T08:09:48.111+0000][1][safepoint    ] Safepoint "RevokeBias", Time since last: 948571963 ns, Reaching safepoint: 145000 ns, At safepoint: 28300 ns, Total: 173300 ns
[2020-03-27T08:09:48.668+0000][1][safepoint    ] Safepoint "RevokeBias", Time since last: 556906754 ns, Reaching safepoint: 142500 ns, At safepoint: 28900 ns, Total: 171400 ns
[2020-03-27T08:09:48.669+0000][1][safepoint    ] Safepoint "RevokeBias", Time since last: 1136500 ns, Reaching safepoint: 74300 ns, At safepoint: 13100 ns, Total: 87400 ns
[2020-03-27T08:09:48.670+0000][1][safepoint    ] Safepoint "RevokeBias", Time since last: 1237301 ns, Reaching safepoint: 83700 ns, At safepoint: 20200 ns, Total: 103900 ns
[2020-03-27T08:09:48.671+0000][1][safepoint    ] Safepoint "RevokeBias", Time since last: 494600 ns, Reaching safepoint: 76600 ns, At safepoint: 21000 ns, Total: 97600 ns
[2020-03-27T08:09:48.718+0000][1][safepoint    ] Safepoint "RevokeBias", Time since last: 46709613 ns, Reaching safepoint: 122900 ns, At safepoint: 28100 ns, Total: 151000 ns
[2020-03-27T08:09:49.194+0000][1][gc,start     ] GC(108) Pause Young (Allocation Failure)
[2020-03-27T08:09:49.195+0000][1][gc,task      ] GC(108) Using 2 workers of 2 for evacuation
[2020-03-27T08:09:49.202+0000][1][gc,age       ] GC(108) Desired survivor size 8716288 bytes, new threshold 6 (max threshold 6)
[2020-03-27T08:09:49.203+0000][1][gc,age       ] GC(108) Age table with threshold 6 (max threshold 6)
[2020-03-27T08:09:49.204+0000][1][gc,age       ] GC(108) - age   1:     556328 bytes,     556328 total
[2020-03-27T08:09:49.204+0000][1][gc,age       ] GC(108) - age   2:     562464 bytes,    1118792 total
[2020-03-27T08:09:49.205+0000][1][gc,age       ] GC(108) - age   3:         80 bytes,    1118872 total
[2020-03-27T08:09:49.206+0000][1][gc,age       ] GC(108) - age   4:     129008 bytes,    1247880 total
[2020-03-27T08:09:49.207+0000][1][gc,age       ] GC(108) - age   5:     210832 bytes,    1458712 total
[2020-03-27T08:09:49.208+0000][1][gc,age       ] GC(108) - age   6:     208568 bytes,    1667280 total
[2020-03-27T08:09:49.208+0000][1][gc,heap      ] GC(108) ParNew: 143227K->2197K(153344K)
[2020-03-27T08:09:49.209+0000][1][gc,heap      ] GC(108) CMS: 154523K->154523K(353920K)
[2020-03-27T08:09:49.210+0000][1][gc,metaspace ] GC(108) Metaspace: 96800K->96800K(1138688K)
[2020-03-27T08:09:49.211+0000][1][gc           ] GC(108) Pause Young (Allocation Failure) 290M->153M(495M) 16.778ms
[2020-03-27T08:09:49.211+0000][1][gc,cpu       ] GC(108) User=0.01s Sys=0.01s Real=0.02s
[2020-03-27T08:09:49.212+0000][1][safepoint    ] Safepoint "GenCollectForAllocation", Time since last: 475794932 ns, Reaching safepoint: 198200 ns, At safepoint: 18184005 ns, Total: 18382205 ns
[2020-03-27T08:09:50.213+0000][1][safepoint    ] Safepoint "Cleanup", Time since last: 1000905177 ns, Reaching safepoint: 126400 ns, At safepoint: 23100 ns, Total: 149500 ns
[2020-03-27T08:09:51.214+0000][1][safepoint    ] Safepoint "Cleanup", Time since last: 1000728477 ns, Reaching safepoint: 118000 ns, At safepoint: 29800 ns, Total: 147800 ns
[2020-03-27T08:09:51.399+0000][1][safepoint    ] Safepoint "RevokeBias", Time since last: 185375751 ns, Reaching safepoint: 114400 ns, At safepoint: 23200 ns, Total: 137600 ns
[2020-03-27T08:09:51.818+0000][1][safepoint    ] Safepoint "RevokeBias", Time since last: 418380816 ns, Reaching safepoint: 110500 ns, At safepoint: 21100 ns, Total: 131600 ns
[2020-03-27T08:09:51.819+0000][1][safepoint    ] Safepoint "RevokeBias", Time since last: 894201 ns, Reaching safepoint: 71900 ns, At safepoint: 23500 ns, Total: 95400 ns
[2020-03-27T08:09:51.820+0000][1][safepoint    ] Safepoint "RevokeBias", Time since last: 1468700 ns, Reaching safepoint: 109700 ns, At safepoint: 23600 ns, Total: 133300 ns
[2020-03-27T08:09:51.822+0000][1][safepoint    ] Safepoint "RevokeBias", Time since last: 1206700 ns, Reaching safepoint: 92800 ns, At safepoint: 21200 ns, Total: 114000 ns
[2020-03-27T08:09:51.874+0000][1][safepoint    ] Safepoint "RevokeBias", Time since last: 52228115 ns, Reaching safepoint: 119600 ns, At safepoint: 17300 ns, Total: 136900 ns
[2020-03-27T08:09:51.899+0000][1][safepoint    ] Safepoint "BulkRevokeBias", Time since last: 23659206 ns, Reaching safepoint: 121701 ns, At safepoint: 677900 ns, Total: 799601 ns
[2020-03-27T08:09:52.899+0000][1][safepoint    ] Safepoint "Cleanup", Time since last: 1000348177 ns, Reaching safepoint: 96600 ns, At safepoint: 15800 ns, Total: 112400 ns
[2020-03-27T08:09:53.900+0000][1][safepoint    ] Safepoint "Cleanup", Time since last: 1000817077 ns, Reaching safepoint: 371200 ns, At safepoint: 79500 ns, Total: 450700 ns
[2020-03-27T08:09:54.903+0000][1][safepoint    ] Safepoint "Cleanup", Time since last: 1002103978 ns, Reaching safepoint: 374900 ns, At safepoint: 77700 ns, Total: 452600 ns
[2020-03-27T08:09:55.905+0000][1][safepoint    ] Safepoint "Cleanup", Time since last: 1001661087 ns, Reaching safepoint: 153900 ns, At safepoint: 33700 ns, Total: 187600 ns
[2020-03-27T08:09:56.906+0000][1][safepoint    ] Safepoint "Cleanup", Time since last: 1001082063 ns, Reaching safepoint: 117200 ns, At safepoint: 18200 ns, Total: 135400 ns
[2020-03-27T08:09:57.907+0000][1][safepoint    ] Safepoint "Cleanup", Time since last: 1000898762 ns, Reaching safepoint: 376901 ns, At safepoint: 89200 ns, Total: 466101 ns
[2020-03-27T08:09:58.054+0000][1][safepoint    ] Safepoint "RevokeBias", Time since last: 146680223 ns, Reaching safepoint: 95200 ns, At safepoint: 30700 ns, Total: 125900 ns
[2020-03-27T08:09:58.831+0000][1][safepoint    ] Safepoint "RevokeBias", Time since last: 776877727 ns, Reaching safepoint: 206800 ns, At safepoint: 30400 ns, Total: 237200 ns
[2020-03-27T08:09:58.832+0000][1][safepoint    ] Safepoint "RevokeBias", Time since last: 660700 ns, Reaching safepoint: 70700 ns, At safepoint: 22500 ns, Total: 93200 ns
[2020-03-27T08:09:58.833+0000][1][safepoint    ] Safepoint "RevokeBias", Time since last: 1267500 ns, Reaching safepoint: 57700 ns, At safepoint: 20600 ns, Total: 78300 ns
[2020-03-27T08:09:58.835+0000][1][safepoint    ] Safepoint "RevokeBias", Time since last: 1292200 ns, Reaching safepoint: 66000 ns, At safepoint: 20800 ns, Total: 86800 ns
[2020-03-27T08:09:58.886+0000][1][safepoint    ] Safepoint "RevokeBias", Time since last: 51540609 ns, Reaching safepoint: 109900 ns, At safepoint: 28600 ns, Total: 138500 ns
[2020-03-27T08:09:59.888+0000][1][safepoint    ] Safepoint "Cleanup", Time since last: 1000851962 ns, Reaching safepoint: 464300 ns, At safepoint: 79200 ns, Total: 543500 ns
[2020-03-27T08:10:00.890+0000][1][safepoint    ] Safepoint "Cleanup", Time since last: 1001842563 ns, Reaching safepoint: 131700 ns, At safepoint: 31000 ns, Total: 162700 ns
[2020-03-27T08:10:01.413+0000][1][safepoint    ] Safepoint "RevokeBias", Time since last: 523155185 ns, Reaching safepoint: 133900 ns, At safepoint: 26600 ns, Total: 160500 ns
[2020-03-27T08:10:01.964+0000][1][gc,start     ] GC(109) Pause Young (Allocation Failure)
[2020-03-27T08:10:01.965+0000][1][gc,task      ] GC(109) Using 2 workers of 2 for evacuation
[2020-03-27T08:10:01.978+0000][1][gc,age       ] GC(109) Desired survivor size 8716288 bytes, new threshold 6 (max threshold 6)
[2020-03-27T08:10:01.979+0000][1][gc,age       ] GC(109) Age table with threshold 6 (max threshold 6)
[2020-03-27T08:10:01.980+0000][1][gc,age       ] GC(109) - age   1:    4310216 bytes,    4310216 total
[2020-03-27T08:10:01.980+0000][1][gc,age       ] GC(109) - age   2:     429048 bytes,    4739264 total
[2020-03-27T08:10:01.981+0000][1][gc,age       ] GC(109) - age   3:     549784 bytes,    5289048 total
[2020-03-27T08:10:01.981+0000][1][gc,age       ] GC(109) - age   4:         80 bytes,    5289128 total
[2020-03-27T08:10:01.982+0000][1][gc,age       ] GC(109) - age   5:     124360 bytes,    5413488 total
[2020-03-27T08:10:01.982+0000][1][gc,age       ] GC(109) - age   6:     210128 bytes,    5623616 total
[2020-03-27T08:10:01.983+0000][1][gc,heap      ] GC(109) ParNew: 138172K->6196K(153344K)
[2020-03-27T08:10:01.983+0000][1][gc,heap      ] GC(109) CMS: 154523K->154733K(353920K)
[2020-03-27T08:10:01.984+0000][1][gc,metaspace ] GC(109) Metaspace: 96804K->96804K(1138688K)
[2020-03-27T08:10:01.984+0000][1][gc           ] GC(109) Pause Young (Allocation Failure) 285M->157M(495M) 19.651ms
[2020-03-27T08:10:01.984+0000][1][gc,cpu       ] GC(109) User=0.02s Sys=0.00s Real=0.02s
[2020-03-27T08:10:01.985+0000][1][safepoint    ] Safepoint "GenCollectForAllocation", Time since last: 551023090 ns, Reaching safepoint: 258500 ns, At safepoint: 20431303 ns, Total: 20689803 ns
[2020-03-27T08:10:01.996+0000][1][safepoint    ] Safepoint "RevokeBias", Time since last: 10414002 ns, Reaching safepoint: 281300 ns, At safepoint: 28700 ns, Total: 310000 ns
[2020-03-27T08:10:01.996+0000][1][safepoint    ] Safepoint "RevokeBias", Time since last: 780400 ns, Reaching safepoint: 71000 ns, At safepoint: 23900 ns, Total: 94900 ns
[2020-03-27T08:10:01.998+0000][1][safepoint    ] Safepoint "BulkRevokeBias", Time since last: 1297100 ns, Reaching safepoint: 82300 ns, At safepoint: 412401 ns, Total: 494701 ns
[2020-03-27T08:10:02.049+0000][1][safepoint    ] Safepoint "RevokeBias", Time since last: 50176308 ns, Reaching safepoint: 119200 ns, At safepoint: 25400 ns, Total: 144600 ns
[2020-03-27T08:10:02.078+0000][1][safepoint    ] Safepoint "RevokeBias", Time since last: 29561105 ns, Reaching safepoint: 169100 ns, At safepoint: 36400 ns, Total: 205500 ns
[2020-03-27T08:10:02.080+0000][1][safepoint    ] Safepoint "BulkRevokeBias", Time since last: 737600 ns, Reaching safepoint: 59400 ns, At safepoint: 413200 ns, Total: 472600 ns
[2020-03-27T08:10:02.085+0000][1][safepoint    ] Safepoint "RevokeBias", Time since last: 5289001 ns, Reaching safepoint: 81300 ns, At safepoint: 25400 ns, Total: 106700 ns
[2020-03-27T08:10:03.079+0000][1][safepoint    ] Safepoint "RevokeBias", Time since last: 994388061 ns, Reaching safepoint: 118800 ns, At safepoint: 17100 ns, Total: 135900 ns
[2020-03-27T08:10:03.095+0000][1][safepoint    ] Safepoint "RevokeBias", Time since last: 15367003 ns, Reaching safepoint: 115300 ns, At safepoint: 38100 ns, Total: 153400 ns
[2020-03-27T08:10:04.096+0000][1][safepoint    ] Safepoint "Cleanup", Time since last: 1000676539 ns, Reaching safepoint: 242802 ns, At safepoint: 63001 ns, Total: 305803 ns
[2020-03-27T08:10:05.098+0000][1][safepoint    ] Safepoint "Cleanup", Time since last: 1001886332 ns, Reaching safepoint: 324203 ns, At safepoint: 86401 ns, Total: 410604 ns
[2020-03-27T08:10:06.101+0000][1][safepoint    ] Safepoint "Cleanup", Time since last: 1001970487 ns, Reaching safepoint: 456700 ns, At safepoint: 84500 ns, Total: 541200 ns
[2020-03-27T08:10:07.104+0000][1][safepoint    ] Safepoint "Cleanup", Time since last: 1002407630 ns, Reaching safepoint: 403300 ns, At safepoint: 74600 ns, Total: 477900 ns
[2020-03-27T08:10:08.087+0000][1][safepoint    ] Safepoint "RevokeBias", Time since last: 983577229 ns, Reaching safepoint: 182900 ns, At safepoint: 26400 ns, Total: 209300 ns
[2020-03-27T08:10:08.974+0000][1][gc,start     ] GC(110) Pause Young (Allocation Failure)
[2020-03-27T08:10:08.975+0000][1][gc,task      ] GC(110) Using 2 workers of 2 for evacuation
[2020-03-27T08:10:08.986+0000][1][gc,age       ] GC(110) Desired survivor size 8716288 bytes, new threshold 3 (max threshold 6)
[2020-03-27T08:10:08.987+0000][1][gc,age       ] GC(110) Age table with threshold 3 (max threshold 6)
[2020-03-27T08:10:08.988+0000][1][gc,age       ] GC(110) - age   1:    7787024 bytes,    7787024 total
[2020-03-27T08:10:08.988+0000][1][gc,age       ] GC(110) - age   2:     530720 bytes,    8317744 total
[2020-03-27T08:10:08.989+0000][1][gc,age       ] GC(110) - age   3:     427384 bytes,    8745128 total
[2020-03-27T08:10:08.990+0000][1][gc,age       ] GC(110) - age   4:     346352 bytes,    9091480 total
[2020-03-27T08:10:08.990+0000][1][gc,age       ] GC(110) - age   5:         80 bytes,    9091560 total
[2020-03-27T08:10:08.991+0000][1][gc,age       ] GC(110) - age   6:     123504 bytes,    9215064 total
[2020-03-27T08:10:08.991+0000][1][gc,heap      ] GC(110) ParNew: 142516K->11403K(153344K)
[2020-03-27T08:10:08.992+0000][1][gc,heap      ] GC(110) CMS: 154733K->154768K(353920K)
[2020-03-27T08:10:08.992+0000][1][gc,metaspace ] GC(110) Metaspace: 96808K->96808K(1138688K)
[2020-03-27T08:10:08.993+0000][1][gc           ] GC(110) Pause Young (Allocation Failure) 290M->162M(495M) 18.373ms
[2020-03-27T08:10:08.993+0000][1][gc,cpu       ] GC(110) User=0.01s Sys=0.00s Real=0.02s
[2020-03-27T08:10:08.994+0000][1][safepoint    ] Safepoint "GenCollectForAllocation", Time since last: 886523326 ns, Reaching safepoint: 200900 ns, At safepoint: 19365001 ns, Total: 19565901 ns
[2020-03-27T08:10:09.008+0000][1][safepoint    ] Safepoint "BulkRevokeBias", Time since last: 13708400 ns, Reaching safepoint: 195800 ns, At safepoint: 693800 ns, Total: 889600 ns
[2020-03-27T08:10:09.010+0000][1][safepoint    ] Safepoint "RevokeBias", Time since last: 1528400 ns, Reaching safepoint: 74400 ns, At safepoint: 14200 ns, Total: 88600 ns
[2020-03-27T08:10:09.010+0000][1][safepoint    ] Safepoint "RevokeBias", Time since last: 574500 ns, Reaching safepoint: 75800 ns, At safepoint: 20700 ns, Total: 96500 ns
[2020-03-27T08:10:09.054+0000][1][safepoint    ] Safepoint "RevokeBias", Time since last: 43409402 ns, Reaching safepoint: 104900 ns, At safepoint: 20100 ns, Total: 125000 ns
[2020-03-27T08:10:10.055+0000][1][safepoint    ] Safepoint "Cleanup", Time since last: 1000953829 ns, Reaching safepoint: 327600 ns, At safepoint: 85000 ns, Total: 412600 ns
[2020-03-27T08:10:11.058+0000][1][safepoint    ] Safepoint "Cleanup", Time since last: 1002234430 ns, Reaching safepoint: 383800 ns, At safepoint: 83500 ns, Total: 467300 ns
[2020-03-27T08:10:11.420+0000][1][safepoint    ] Safepoint "RevokeBias", Time since last: 361552838 ns, Reaching safepoint: 161200 ns, At safepoint: 31400 ns, Total: 192600 ns
[2020-03-27T08:10:12.181+0000][1][safepoint    ] Safepoint "RevokeBias", Time since last: 761367302 ns, Reaching safepoint: 213800 ns, At safepoint: 19800 ns, Total: 233600 ns
[2020-03-27T08:10:12.182+0000][1][safepoint    ] Safepoint "RevokeBias", Time since last: 586600 ns, Reaching safepoint: 75800 ns, At safepoint: 14000 ns, Total: 89800 ns
[2020-03-27T08:10:12.184+0000][1][safepoint    ] Safepoint "RevokeBias", Time since last: 1916100 ns, Reaching safepoint: 87000 ns, At safepoint: 12700 ns, Total: 99700 ns
[2020-03-27T08:10:12.185+0000][1][safepoint    ] Safepoint "RevokeBias", Time since last: 1047300 ns, Reaching safepoint: 94000 ns, At safepoint: 14700 ns, Total: 108700 ns
[2020-03-27T08:10:12.228+0000][1][safepoint    ] Safepoint "BulkRevokeBias", Time since last: 42250006 ns, Reaching safepoint: 156400 ns, At safepoint: 515500 ns, Total: 671900 ns
[2020-03-27T08:10:13.229+0000][1][safepoint    ] Safepoint "Cleanup", Time since last: 1000767933 ns, Reaching safepoint: 321900 ns, At safepoint: 86200 ns, Total: 408100 ns
[2020-03-27T08:10:14.231+0000][1][safepoint    ] Safepoint "Cleanup", Time since last: 1001811333 ns, Reaching safepoint: 98600 ns, At safepoint: 5500 ns, Total: 104100 ns
[2020-03-27T08:10:15.232+0000][1][safepoint    ] Safepoint "Cleanup", Time since last: 1000660334 ns, Reaching safepoint: 268200 ns, At safepoint: 58000 ns, Total: 326200 ns
[2020-03-27T08:10:16.234+0000][1][safepoint    ] Safepoint "Cleanup", Time since last: 1001420733 ns, Reaching safepoint: 333100 ns, At safepoint: 86800 ns, Total: 419900 ns
[2020-03-27T08:10:17.237+0000][1][safepoint    ] Safepoint "Cleanup", Time since last: 1002114933 ns, Reaching safepoint: 519401 ns, At safepoint: 120800 ns, Total: 640201 ns
[2020-03-27T08:10:18.048+0000][1][safepoint    ] Safepoint "RevokeBias", Time since last: 811312208 ns, Reaching safepoint: 96700 ns, At safepoint: 24700 ns, Total: 121400 ns
[2020-03-27T08:10:19.049+0000][1][safepoint    ] Safepoint "Cleanup", Time since last: 1001029633 ns, Reaching safepoint: 120800 ns, At safepoint: 23100 ns, Total: 143900 ns
[2020-03-27T08:10:20.051+0000][1][safepoint    ] Safepoint "Cleanup", Time since last: 1001057430 ns, Reaching safepoint: 149500 ns, At safepoint: 18800 ns, Total: 168300 ns
[2020-03-27T08:10:21.052+0000][1][safepoint    ] Safepoint "Cleanup", Time since last: 1000813443 ns, Reaching safepoint: 453900 ns, At safepoint: 78500 ns, Total: 532400 ns
[2020-03-27T08:10:21.426+0000][1][safepoint    ] Safepoint "RevokeBias", Time since last: 373828391 ns, Reaching safepoint: 120700 ns, At safepoint: 15800 ns, Total: 136500 ns
[2020-03-27T08:10:22.427+0000][1][safepoint    ] Safepoint "Cleanup", Time since last: 1000705044 ns, Reaching safepoint: 323700 ns, At safepoint: 91600 ns, Total: 415300 ns
[2020-03-27T08:10:23.429+0000][1][safepoint    ] Safepoint "Cleanup", Time since last: 1001747543 ns, Reaching safepoint: 93100 ns, At safepoint: 30300 ns, Total: 123400 ns
[2020-03-27T08:10:24.431+0000][1][safepoint    ] Safepoint "Cleanup", Time since last: 1001140944 ns, Reaching safepoint: 319500 ns, At safepoint: 863700 ns, Total: 1183200 ns
[2020-03-27T08:10:25.433+0000][1][safepoint    ] Safepoint "Cleanup", Time since last: 1001742144 ns, Reaching safepoint: 160300 ns, At safepoint: 5800 ns, Total: 166100 ns
[2020-03-27T08:10:26.434+0000][1][safepoint    ] Safepoint "Cleanup", Time since last: 1000608743 ns, Reaching safepoint: 91300 ns, At safepoint: 15300 ns, Total: 106600 ns
[2020-03-27T08:10:27.435+0000][1][safepoint    ] Safepoint "Cleanup", Time since last: 1000649788 ns, Reaching safepoint: 319000 ns, At safepoint: 111100 ns, Total: 430100 ns
[2020-03-27T08:10:28.057+0000][1][gc,start     ] GC(111) Pause Young (Allocation Failure)
[2020-03-27T08:10:28.057+0000][1][gc,task      ] GC(111) Using 2 workers of 2 for evacuation
[2020-03-27T08:10:28.083+0000][1][gc,age       ] GC(111) Desired survivor size 8716288 bytes, new threshold 1 (max threshold 6)
[2020-03-27T08:10:28.083+0000][1][gc,age       ] GC(111) Age table with threshold 1 (max threshold 6)
[2020-03-27T08:10:28.084+0000][1][gc,age       ] GC(111) - age   1:   14287592 bytes,   14287592 total
[2020-03-27T08:10:28.084+0000][1][gc,age       ] GC(111) - age   2:     224336 bytes,   14511928 total
[2020-03-27T08:10:28.085+0000][1][gc,age       ] GC(111) - age   3:     355264 bytes,   14867192 total
[2020-03-27T08:10:28.085+0000][1][gc,heap      ] GC(111) ParNew: 147723K->17024K(153344K)
[2020-03-27T08:10:28.086+0000][1][gc,heap      ] GC(111) CMS: 154768K->155656K(353920K)
[2020-03-27T08:10:28.086+0000][1][gc,metaspace ] GC(111) Metaspace: 96818K->96818K(1138688K)
[2020-03-27T08:10:28.087+0000][1][gc           ] GC(111) Pause Young (Allocation Failure) 295M->168M(495M) 29.696ms
[2020-03-27T08:10:28.087+0000][1][gc,cpu       ] GC(111) User=0.01s Sys=0.00s Real=0.03s
[2020-03-27T08:10:28.087+0000][1][safepoint    ] Safepoint "GenCollectForAllocation", Time since last: 621751265 ns, Reaching safepoint: 101300 ns, At safepoint: 30467713 ns, Total: 30569013 ns
[2020-03-27T08:10:28.117+0000][1][safepoint    ] Safepoint "RevokeBias", Time since last: 29268513 ns, Reaching safepoint: 94500 ns, At safepoint: 10900 ns, Total: 105400 ns
[2020-03-27T08:10:29.118+0000][1][safepoint    ] Safepoint "Cleanup", Time since last: 1000884526 ns, Reaching safepoint: 198400 ns, At safepoint: 45600 ns, Total: 244000 ns
[2020-03-27T08:10:30.120+0000][1][safepoint    ] Safepoint "Cleanup", Time since last: 1001541027 ns, Reaching safepoint: 195900 ns, At safepoint: 33800 ns, Total: 229700 ns
[2020-03-27T08:10:31.121+0000][1][safepoint    ] Safepoint "Cleanup", Time since last: 1001281927 ns, Reaching safepoint: 323500 ns, At safepoint: 86800 ns, Total: 410300 ns
[2020-03-27T08:10:31.426+0000][1][safepoint    ] Safepoint "RevokeBias", Time since last: 304313630 ns, Reaching safepoint: 194800 ns, At safepoint: 35500 ns, Total: 230300 ns
[2020-03-27T08:10:32.427+0000][1][safepoint    ] Safepoint "Cleanup", Time since last: 1000757626 ns, Reaching safepoint: 330300 ns, At safepoint: 139300 ns, Total: 469600 ns
[2020-03-27T08:10:33.429+0000][1][safepoint    ] Safepoint "Cleanup", Time since last: 1001826827 ns, Reaching safepoint: 318800 ns, At safepoint: 87300 ns, Total: 406100 ns
[2020-03-27T08:10:34.432+0000][1][safepoint    ] Safepoint "Cleanup", Time since last: 1002319827 ns, Reaching safepoint: 331700 ns, At safepoint: 83300 ns, Total: 415000 ns
[2020-03-27T08:10:35.437+0000][1][safepoint    ] Safepoint "Cleanup", Time since last: 1005109787 ns, Reaching safepoint: 181199 ns, At safepoint: 36599 ns, Total: 217798 ns
[2020-03-27T08:10:36.439+0000][1][safepoint    ] Safepoint "Cleanup", Time since last: 1001265709 ns, Reaching safepoint: 143098 ns, At safepoint: 33000 ns, Total: 176098 ns
[2020-03-27T08:10:37.440+0000][1][safepoint    ] Safepoint "Cleanup", Time since last: 1001109410 ns, Reaching safepoint: 323797 ns, At safepoint: 89199 ns, Total: 412996 ns
[2020-03-27T08:10:38.056+0000][1][safepoint    ] Safepoint "RevokeBias", Time since last: 614926094 ns, Reaching safepoint: 237397 ns, At safepoint: 57300 ns, Total: 294697 ns
[2020-03-27T08:10:39.059+0000][1][safepoint    ] Safepoint "Cleanup", Time since last: 1002750839 ns, Reaching safepoint: 431900 ns, At safepoint: 80800 ns, Total: 512700 ns
[2020-03-27T08:10:40.061+0000][1][safepoint    ] Safepoint "Cleanup", Time since last: 1002186323 ns, Reaching safepoint: 121200 ns, At safepoint: 26800 ns, Total: 148000 ns
[2020-03-27T08:10:41.062+0000][1][safepoint    ] Safepoint "Cleanup", Time since last: 1000953922 ns, Reaching safepoint: 321500 ns, At safepoint: 84000 ns, Total: 405500 ns
[2020-03-27T08:10:41.432+0000][1][safepoint    ] Safepoint "BulkRevokeBias", Time since last: 369159809 ns, Reaching safepoint: 138700 ns, At safepoint: 686900 ns, Total: 825600 ns
[2020-03-27T08:10:42.434+0000][1][safepoint    ] Safepoint "Cleanup", Time since last: 1000922222 ns, Reaching safepoint: 417400 ns, At safepoint: 84400 ns, Total: 501800 ns
[2020-03-27T08:10:43.302+0000][1][safepoint    ] Safepoint "RevokeBias", Time since last: 867217866 ns, Reaching safepoint: 367799 ns, At safepoint: 161800 ns, Total: 529599 ns
[2020-03-27T08:10:44.177+0000][1][safepoint    ] Safepoint "RevokeBias", Time since last: 874929925 ns, Reaching safepoint: 264300 ns, At safepoint: 51300 ns, Total: 315600 ns
[2020-03-27T08:10:44.178+0000][1][safepoint    ] Safepoint "RevokeBias", Time since last: 535700 ns, Reaching safepoint: 203500 ns, At safepoint: 13400 ns, Total: 216900 ns
[2020-03-27T08:10:44.178+0000][1][safepoint    ] Safepoint "RevokeBias", Time since last: 380900 ns, Reaching safepoint: 59499 ns, At safepoint: 20700 ns, Total: 80199 ns
[2020-03-27T08:10:44.180+0000][1][safepoint    ] Safepoint "RevokeBias", Time since last: 1537799 ns, Reaching safepoint: 74900 ns, At safepoint: 21600 ns, Total: 96500 ns
[2020-03-27T08:10:44.181+0000][1][safepoint    ] Safepoint "RevokeBias", Time since last: 963100 ns, Reaching safepoint: 77400 ns, At safepoint: 11700 ns, Total: 89100 ns
[2020-03-27T08:10:44.224+0000][1][safepoint    ] Safepoint "RevokeBias", Time since last: 43476971 ns, Reaching safepoint: 107400 ns, At safepoint: 17500 ns, Total: 124900 ns
[2020-03-27T08:10:44.322+0000][1][gc,start     ] GC(112) Pause Young (Allocation Failure)
[2020-03-27T08:10:44.322+0000][1][gc,task      ] GC(112) Using 2 workers of 2 for evacuation
[2020-03-27T08:10:44.379+0000][1][gc,age       ] GC(112) Desired survivor size 8716288 bytes, new threshold 6 (max threshold 6)
[2020-03-27T08:10:44.380+0000][1][gc,age       ] GC(112) Age table with threshold 6 (max threshold 6)
[2020-03-27T08:10:44.380+0000][1][gc,age       ] GC(112) - age   1:    2196664 bytes,    2196664 total
[2020-03-27T08:10:44.380+0000][1][gc,heap      ] GC(112) ParNew: 153344K->12837K(153344K)
[2020-03-27T08:10:44.381+0000][1][gc,heap      ] GC(112) CMS: 155656K->160695K(353920K)
[2020-03-27T08:10:44.381+0000][1][gc,metaspace ] GC(112) Metaspace: 96884K->96884K(1138688K)
[2020-03-27T08:10:44.382+0000][1][gc           ] GC(112) Pause Young (Allocation Failure) 301M->169M(495M) 59.707ms
[2020-03-27T08:10:44.382+0000][1][gc,cpu       ] GC(112) User=0.02s Sys=0.00s Real=0.06s
[2020-03-27T08:10:44.383+0000][1][safepoint    ] Safepoint "GenCollectForAllocation", Time since last: 96898336 ns, Reaching safepoint: 601300 ns, At safepoint: 60827060 ns, Total: 61428360 ns
[2020-03-27T08:10:44.388+0000][1][safepoint    ] Safepoint "RevokeBias", Time since last: 4457197 ns, Reaching safepoint: 451900 ns, At safepoint: 477199 ns, Total: 929099 ns
[2020-03-27T08:10:44.390+0000][1][safepoint    ] Safepoint "RevokeBias", Time since last: 1012200 ns, Reaching safepoint: 295500 ns, At safepoint: 560699 ns, Total: 856199 ns
[2020-03-27T08:10:44.409+0000][1][safepoint    ] Safepoint "RevokeBias", Time since last: 18178988 ns, Reaching safepoint: 549400 ns, At safepoint: 146500 ns, Total: 695900 ns
[2020-03-27T08:10:44.409+0000][1][safepoint    ] Safepoint "RevokeBias", Time since last: 382200 ns, Reaching safepoint: 82800 ns, At safepoint: 83300 ns, Total: 166100 ns
[2020-03-27T08:10:44.412+0000][1][safepoint    ] Safepoint "RevokeBias", Time since last: 1775898 ns, Reaching safepoint: 213900 ns, At safepoint: 425500 ns, Total: 639400 ns
[2020-03-27T08:10:44.414+0000][1][safepoint    ] Safepoint "RevokeBias", Time since last: 1532199 ns, Reaching safepoint: 240500 ns, At safepoint: 65000 ns, Total: 305500 ns
[2020-03-27T08:10:44.459+0000][1][safepoint    ] Safepoint "RevokeBias", Time since last: 44725970 ns, Reaching safepoint: 115400 ns, At safepoint: 34100 ns, Total: 149500 ns
[2020-03-27T08:10:44.533+0000][1][safepoint    ] Safepoint "RevokeBias", Time since last: 74004152 ns, Reaching safepoint: 150900 ns, At safepoint: 116899 ns, Total: 267799 ns
[2020-03-27T08:10:44.534+0000][1][safepoint    ] Safepoint "RevokeBias", Time since last: 1144100 ns, Reaching safepoint: 107900 ns, At safepoint: 91800 ns, Total: 199700 ns
[2020-03-27T08:10:44.536+0000][1][safepoint    ] Safepoint "RevokeBias", Time since last: 1637598 ns, Reaching safepoint: 116600 ns, At safepoint: 88300 ns, Total: 204900 ns
[2020-03-27T08:10:44.537+0000][1][safepoint    ] Safepoint "RevokeBias", Time since last: 811900 ns, Reaching safepoint: 151200 ns, At safepoint: 138400 ns, Total: 289600 ns
[2020-03-27T08:10:44.715+0000][1][safepoint    ] Safepoint "RevokeBias", Time since last: 177488583 ns, Reaching safepoint: 202300 ns, At safepoint: 105500 ns, Total: 307800 ns
[2020-03-27T08:10:44.743+0000][1][safepoint    ] Safepoint "RevokeBias", Time since last: 28376881 ns, Reaching safepoint: 206200 ns, At safepoint: 34000 ns, Total: 240200 ns
[2020-03-27T08:10:45.745+0000][1][safepoint    ] Safepoint "Cleanup", Time since last: 1000787043 ns, Reaching safepoint: 484399 ns, At safepoint: 89800 ns, Total: 574199 ns
[2020-03-27T08:10:45.792+0000][1][safepoint    ] Safepoint "RevokeBias", Time since last: 46430770 ns, Reaching safepoint: 261999 ns, At safepoint: 34900 ns, Total: 296899 ns
[2020-03-27T08:10:45.792+0000][1][safepoint    ] Safepoint "RevokeBias", Time since last: 686200 ns, Reaching safepoint: 87000 ns, At safepoint: 14300 ns, Total: 101300 ns
[2020-03-27T08:10:45.794+0000][1][safepoint    ] Safepoint "RevokeBias", Time since last: 1420099 ns, Reaching safepoint: 77100 ns, At safepoint: 20900 ns, Total: 98000 ns
[2020-03-27T08:10:45.795+0000][1][safepoint    ] Safepoint "RevokeBias", Time since last: 751299 ns, Reaching safepoint: 70800 ns, At safepoint: 12200 ns, Total: 83000 ns
[2020-03-27T08:10:45.847+0000][1][safepoint    ] Safepoint "RevokeBias", Time since last: 52089466 ns, Reaching safepoint: 211600 ns, At safepoint: 30100 ns, Total: 241700 ns
[2020-03-27T08:10:46.849+0000][1][safepoint    ] Safepoint "Cleanup", Time since last: 1001038242 ns, Reaching safepoint: 320900 ns, At safepoint: 85700 ns, Total: 406600 ns
[2020-03-27T08:10:47.852+0000][1][safepoint    ] Safepoint "Cleanup", Time since last: 1002643041 ns, Reaching safepoint: 321200 ns, At safepoint: 176300 ns, Total: 497500 ns
[2020-03-27T08:10:48.078+0000][1][safepoint    ] Safepoint "RevokeBias", Time since last: 226389751 ns, Reaching safepoint: 96100 ns, At safepoint: 24500 ns, Total: 120600 ns
[2020-03-27T08:10:48.323+0000][1][gc,start     ] GC(113) Pause Young (Allocation Failure)
[2020-03-27T08:10:48.325+0000][1][gc,task      ] GC(113) Using 2 workers of 2 for evacuation
[2020-03-27T08:10:48.333+0000][1][gc,age       ] GC(113) Desired survivor size 8716288 bytes, new threshold 1 (max threshold 6)
[2020-03-27T08:10:48.334+0000][1][gc,age       ] GC(113) Age table with threshold 1 (max threshold 6)
[2020-03-27T08:10:48.335+0000][1][gc,age       ] GC(113) - age   1:    8745496 bytes,    8745496 total
[2020-03-27T08:10:48.335+0000][1][gc,age       ] GC(113) - age   2:    1111840 bytes,    9857336 total
[2020-03-27T08:10:48.336+0000][1][gc,heap      ] GC(113) ParNew: 149157K->12640K(153344K)
[2020-03-27T08:10:48.337+0000][1][gc,heap      ] GC(113) CMS: 160695K->160695K(353920K)
[2020-03-27T08:10:48.337+0000][1][gc,metaspace ] GC(113) Metaspace: 96912K->96912K(1138688K)
[2020-03-27T08:10:48.338+0000][1][gc           ] GC(113) Pause Young (Allocation Failure) 302M->169M(495M) 14.342ms
[2020-03-27T08:10:48.338+0000][1][gc,cpu       ] GC(113) User=0.02s Sys=0.00s Real=0.02s
[2020-03-27T08:10:48.339+0000][1][safepoint    ] Safepoint "GenCollectForAllocation", Time since last: 245025839 ns, Reaching safepoint: 267300 ns, At safepoint: 15228990 ns, Total: 15496290 ns
[2020-03-27T08:10:48.354+0000][1][safepoint    ] Safepoint "RevokeBias", Time since last: 15507490 ns, Reaching safepoint: 205800 ns, At safepoint: 36300 ns, Total: 242100 ns
[2020-03-27T08:10:48.356+0000][1][safepoint    ] Safepoint "RevokeBias", Time since last: 1050899 ns, Reaching safepoint: 131400 ns, At safepoint: 14200 ns, Total: 145600 ns
[2020-03-27T08:10:48.357+0000][1][safepoint    ] Safepoint "RevokeBias", Time since last: 975799 ns, Reaching safepoint: 79300 ns, At safepoint: 20900 ns, Total: 100200 ns
[2020-03-27T08:10:48.358+0000][1][safepoint    ] Safepoint "RevokeBias", Time since last: 1142900 ns, Reaching safepoint: 125199 ns, At safepoint: 18900 ns, Total: 144099 ns
[2020-03-27T08:10:48.403+0000][1][safepoint    ] Safepoint "RevokeBias", Time since last: 44651171 ns, Reaching safepoint: 220900 ns, At safepoint: 30100 ns, Total: 251000 ns
[2020-03-27T08:10:49.404+0000][1][safepoint    ] Safepoint "Cleanup", Time since last: 1000780543 ns, Reaching safepoint: 279799 ns, At safepoint: 74200 ns, Total: 353999 ns
[2020-03-27T08:10:50.407+0000][1][safepoint    ] Safepoint "Cleanup", Time since last: 1002333342 ns, Reaching safepoint: 421300 ns, At safepoint: 85399 ns, Total: 506699 ns
[2020-03-27T08:10:51.410+0000][1][safepoint    ] Safepoint "Cleanup", Time since last: 1002341888 ns, Reaching safepoint: 552100 ns, At safepoint: 77500 ns, Total: 629600 ns
[2020-03-27T08:10:51.448+0000][1][safepoint    ] Safepoint "RevokeBias", Time since last: 37667485 ns, Reaching safepoint: 181400 ns, At safepoint: 29000 ns, Total: 210400 ns
[2020-03-27T08:10:51.513+0000][1][safepoint    ] Safepoint "RevokeBias", Time since last: 65594574 ns, Reaching safepoint: 116400 ns, At safepoint: 17100 ns, Total: 133500 ns
[2020-03-27T08:10:51.515+0000][1][safepoint    ] Safepoint "RevokeBias", Time since last: 1052900 ns, Reaching safepoint: 72400 ns, At safepoint: 21700 ns, Total: 94100 ns
[2020-03-27T08:10:51.516+0000][1][safepoint    ] Safepoint "RevokeBias", Time since last: 1192999 ns, Reaching safepoint: 78000 ns, At safepoint: 21700 ns, Total: 99700 ns
[2020-03-27T08:10:51.517+0000][1][safepoint    ] Safepoint "RevokeBias", Time since last: 1163100 ns, Reaching safepoint: 102900 ns, At safepoint: 12500 ns, Total: 115400 ns
[2020-03-27T08:10:51.561+0000][1][safepoint    ] Safepoint "RevokeBias", Time since last: 43662083 ns, Reaching safepoint: 208500 ns, At safepoint: 29400 ns, Total: 237900 ns
[2020-03-27T08:10:52.562+0000][1][safepoint    ] Safepoint "Cleanup", Time since last: 1000891510 ns, Reaching safepoint: 324400 ns, At safepoint: 92000 ns, Total: 416400 ns
[2020-03-27T08:10:53.565+0000][1][safepoint    ] Safepoint "Cleanup", Time since last: 1002331909 ns, Reaching safepoint: 120900 ns, At safepoint: 9200 ns, Total: 130100 ns
[2020-03-27T08:10:54.566+0000][1][safepoint    ] Safepoint "Cleanup", Time since last: 1000958010 ns, Reaching safepoint: 323400 ns, At safepoint: 96900 ns, Total: 420300 ns
[2020-03-27T08:10:55.569+0000][1][safepoint    ] Safepoint "Cleanup", Time since last: 1002057410 ns, Reaching safepoint: 520100 ns, At safepoint: 84199 ns, Total: 604299 ns
[2020-03-27T08:10:56.571+0000][1][safepoint    ] Safepoint "Cleanup", Time since last: 1001896310 ns, Reaching safepoint: 321700 ns, At safepoint: 125200 ns, Total: 446900 ns
[2020-03-27T08:10:57.574+0000][1][safepoint    ] Safepoint "Cleanup", Time since last: 1002388610 ns, Reaching safepoint: 373699 ns, At safepoint: 86200 ns, Total: 459899 ns
[2020-03-27T08:10:58.080+0000][1][safepoint    ] Safepoint "RevokeBias", Time since last: 505893703 ns, Reaching safepoint: 97300 ns, At safepoint: 23200 ns, Total: 120500 ns
[2020-03-27T08:10:58.490+0000][1][gc,start     ] GC(114) Pause Young (Allocation Failure)
[2020-03-27T08:10:58.491+0000][1][gc,task      ] GC(114) Using 2 workers of 2 for evacuation
[2020-03-27T08:10:58.517+0000][1][gc,age       ] GC(114) Desired survivor size 8716288 bytes, new threshold 1 (max threshold 6)
[2020-03-27T08:10:58.518+0000][1][gc,age       ] GC(114) Age table with threshold 1 (max threshold 6)
[2020-03-27T08:10:58.519+0000][1][gc,age       ] GC(114) - age   1:    9036040 bytes,    9036040 total
[2020-03-27T08:10:58.519+0000][1][gc,heap      ] GC(114) ParNew: 148612K->12183K(153344K)
[2020-03-27T08:10:58.520+0000][1][gc,heap      ] GC(114) CMS: 160695K->161833K(353920K)
[2020-03-27T08:10:58.520+0000][1][gc,metaspace ] GC(114) Metaspace: 96922K->96922K(1138688K)
[2020-03-27T08:10:58.521+0000][1][gc           ] GC(114) Pause Young (Allocation Failure) 302M->169M(495M) 30.931ms
[2020-03-27T08:10:58.521+0000][1][gc,cpu       ] GC(114) User=0.01s Sys=0.01s Real=0.03s
[2020-03-27T08:10:58.522+0000][1][safepoint    ] Safepoint "GenCollectForAllocation", Time since last: 409419141 ns, Reaching safepoint: 401100 ns, At safepoint: 31930587 ns, Total: 32331687 ns
[2020-03-27T08:10:58.537+0000][1][safepoint    ] Safepoint "RevokeBias", Time since last: 14571295 ns, Reaching safepoint: 149999 ns, At safepoint: 37600 ns, Total: 187599 ns
[2020-03-27T08:10:58.538+0000][1][safepoint    ] Safepoint "RevokeBias", Time since last: 1111400 ns, Reaching safepoint: 153800 ns, At safepoint: 57000 ns, Total: 210800 ns
[2020-03-27T08:10:58.539+0000][1][safepoint    ] Safepoint "RevokeBias", Time since last: 1323799 ns, Reaching safepoint: 68400 ns, At safepoint: 22500 ns, Total: 90900 ns
[2020-03-27T08:10:58.541+0000][1][safepoint    ] Safepoint "RevokeBias", Time since last: 1206300 ns, Reaching safepoint: 70100 ns, At safepoint: 14500 ns, Total: 84600 ns
[2020-03-27T08:10:58.583+0000][1][safepoint    ] Safepoint "RevokeBias", Time since last: 42675183 ns, Reaching safepoint: 101300 ns, At safepoint: 20300 ns, Total: 121600 ns
[2020-03-27T08:10:59.585+0000][1][safepoint    ] Safepoint "Cleanup", Time since last: 1000660029 ns, Reaching safepoint: 391900 ns, At safepoint: 173700 ns, Total: 565600 ns
[2020-03-27T08:11:00.587+0000][1][safepoint    ] Safepoint "Cleanup", Time since last: 1002268468 ns, Reaching safepoint: 225000 ns, At safepoint: 58899 ns, Total: 283899 ns
[2020-03-27T08:11:01.463+0000][1][safepoint    ] Safepoint "RevokeBias", Time since last: 875829610 ns, Reaching safepoint: 130100 ns, At safepoint: 18500 ns, Total: 148600 ns
[2020-03-27T08:11:01.676+0000][1][safepoint    ] Safepoint "RevokeBias", Time since last: 212332729 ns, Reaching safepoint: 162100 ns, At safepoint: 29500 ns, Total: 191600 ns
[2020-03-27T08:11:01.676+0000][1][safepoint    ] Safepoint "RevokeBias", Time since last: 669800 ns, Reaching safepoint: 62000 ns, At safepoint: 23800 ns, Total: 85800 ns
[2020-03-27T08:11:01.678+0000][1][safepoint    ] Safepoint "RevokeBias", Time since last: 1489300 ns, Reaching safepoint: 59500 ns, At safepoint: 21000 ns, Total: 80500 ns
[2020-03-27T08:11:01.679+0000][1][safepoint    ] Safepoint "RevokeBias", Time since last: 927999 ns, Reaching safepoint: 57200 ns, At safepoint: 22800 ns, Total: 80000 ns
[2020-03-27T08:11:01.720+0000][1][safepoint    ] Safepoint "RevokeBias", Time since last: 40979087 ns, Reaching safepoint: 111800 ns, At safepoint: 20100 ns, Total: 131900 ns
[2020-03-27T08:11:02.722+0000][1][safepoint    ] Safepoint "Cleanup", Time since last: 1001340767 ns, Reaching safepoint: 135300 ns, At safepoint: 18400 ns, Total: 153700 ns
[2020-03-27T08:11:03.723+0000][1][safepoint    ] Safepoint "Cleanup", Time since last: 1000973868 ns, Reaching safepoint: 280500 ns, At safepoint: 75500 ns, Total: 356000 ns
[2020-03-27T08:11:04.726+0000][1][safepoint    ] Safepoint "Cleanup", Time since last: 1002718967 ns, Reaching safepoint: 319100 ns, At safepoint: 81900 ns, Total: 401000 ns
[2020-03-27T08:11:05.728+0000][1][safepoint    ] Safepoint "Cleanup", Time since last: 1002175668 ns, Reaching safepoint: 92700 ns, At safepoint: 15200 ns, Total: 107900 ns
[2020-03-27T08:11:06.729+0000][1][safepoint    ] Safepoint "Cleanup", Time since last: 1000729468 ns, Reaching safepoint: 136100 ns, At safepoint: 15900 ns, Total: 152000 ns
[2020-03-27T08:11:07.731+0000][1][safepoint    ] Safepoint "Cleanup", Time since last: 1000957148 ns, Reaching safepoint: 415500 ns, At safepoint: 34400 ns, Total: 449900 ns
[2020-03-27T08:11:08.108+0000][1][safepoint    ] Safepoint "RevokeBias", Time since last: 377653824 ns, Reaching safepoint: 91700 ns, At safepoint: 24200 ns, Total: 115900 ns
[2020-03-27T08:11:08.118+0000][1][gc,start     ] GC(115) Pause Young (Allocation Failure)
[2020-03-27T08:11:08.118+0000][1][gc,task      ] GC(115) Using 2 workers of 2 for evacuation
[2020-03-27T08:11:08.129+0000][1][gc,age       ] GC(115) Desired survivor size 8716288 bytes, new threshold 6 (max threshold 6)
[2020-03-27T08:11:08.130+0000][1][gc,age       ] GC(115) Age table with threshold 6 (max threshold 6)
[2020-03-27T08:11:08.130+0000][1][gc,age       ] GC(115) - age   1:    2101536 bytes,    2101536 total
[2020-03-27T08:11:08.131+0000][1][gc,heap      ] GC(115) ParNew: 148503K->8624K(153344K)
[2020-03-27T08:11:08.131+0000][1][gc,heap      ] GC(115) CMS: 161833K->162426K(353920K)
[2020-03-27T08:11:08.132+0000][1][gc,metaspace ] GC(115) Metaspace: 96946K->96946K(1138688K)
[2020-03-27T08:11:08.132+0000][1][gc           ] GC(115) Pause Young (Allocation Failure) 303M->167M(495M) 14.523ms
[2020-03-27T08:11:08.133+0000][1][gc,cpu       ] GC(115) User=0.01s Sys=0.00s Real=0.01s
[2020-03-27T08:11:08.134+0000][1][safepoint    ] Safepoint "GenCollectForAllocation", Time since last: 9140900 ns, Reaching safepoint: 322100 ns, At safepoint: 15703701 ns, Total: 16025801 ns
[2020-03-27T08:11:08.670+0000][1][safepoint    ] Safepoint "RevokeBias", Time since last: 535844235 ns, Reaching safepoint: 206500 ns, At safepoint: 31700 ns, Total: 238200 ns
[2020-03-27T08:11:08.671+0000][1][safepoint    ] Safepoint "RevokeBias", Time since last: 1017200 ns, Reaching safepoint: 138700 ns, At safepoint: 42300 ns, Total: 181000 ns
[2020-03-27T08:11:08.672+0000][1][safepoint    ] Safepoint "RevokeBias", Time since last: 1209100 ns, Reaching safepoint: 91300 ns, At safepoint: 20900 ns, Total: 112200 ns
[2020-03-27T08:11:08.673+0000][1][safepoint    ] Safepoint "RevokeBias", Time since last: 647500 ns, Reaching safepoint: 70800 ns, At safepoint: 21900 ns, Total: 92700 ns
[2020-03-27T08:11:08.717+0000][1][safepoint    ] Safepoint "RevokeBias", Time since last: 44046903 ns, Reaching safepoint: 209700 ns, At safepoint: 23500 ns, Total: 233200 ns
[2020-03-27T08:11:09.718+0000][1][safepoint    ] Safepoint "Cleanup", Time since last: 1000805364 ns, Reaching safepoint: 322500 ns, At safepoint: 84100 ns, Total: 406600 ns
[2020-03-27T08:11:10.721+0000][1][safepoint    ] Safepoint "Cleanup", Time since last: 1002050164 ns, Reaching safepoint: 142900 ns, At safepoint: 7900 ns, Total: 150800 ns
[2020-03-27T08:11:11.467+0000][1][safepoint    ] Safepoint "RevokeBias", Time since last: 746456948 ns, Reaching safepoint: 262700 ns, At safepoint: 20600 ns, Total: 283300 ns
[2020-03-27T08:11:11.794+0000][1][safepoint    ] Safepoint "BulkRevokeBias", Time since last: 326264021 ns, Reaching safepoint: 150900 ns, At safepoint: 514500 ns, Total: 665400 ns
[2020-03-27T08:11:11.796+0000][1][safepoint    ] Safepoint "RevokeBias", Time since last: 1590100 ns, Reaching safepoint: 107400 ns, At safepoint: 14100 ns, Total: 121500 ns
[2020-03-27T08:11:11.798+0000][1][safepoint    ] Safepoint "BulkRevokeBias", Time since last: 1353301 ns, Reaching safepoint: 71100 ns, At safepoint: 435100 ns, Total: 506200 ns
[2020-03-27T08:11:11.842+0000][1][safepoint    ] Safepoint "RevokeBias", Time since last: 44389002 ns, Reaching safepoint: 90600 ns, At safepoint: 26400 ns, Total: 117000 ns
[2020-03-27T08:11:12.843+0000][1][safepoint    ] Safepoint "Cleanup", Time since last: 1000568665 ns, Reaching safepoint: 373200 ns, At safepoint: 80000 ns, Total: 453200 ns
[2020-03-27T08:11:13.846+0000][1][safepoint    ] Safepoint "Cleanup", Time since last: 1002017064 ns, Reaching safepoint: 411500 ns, At safepoint: 86100 ns, Total: 497600 ns
[2020-03-27T08:11:14.848+0000][1][safepoint    ] Safepoint "Cleanup", Time since last: 1001999664 ns, Reaching safepoint: 371100 ns, At safepoint: 86600 ns, Total: 457700 ns
[2020-03-27T08:11:15.851+0000][1][safepoint    ] Safepoint "Cleanup", Time since last: 1002239776 ns, Reaching safepoint: 318500 ns, At safepoint: 81800 ns, Total: 400300 ns
[2020-03-27T08:11:16.854+0000][1][safepoint    ] Safepoint "Cleanup", Time since last: 1002306626 ns, Reaching safepoint: 461399 ns, At safepoint: 84300 ns, Total: 545699 ns
[2020-03-27T08:11:17.857+0000][1][safepoint    ] Safepoint "Cleanup", Time since last: 1002262326 ns, Reaching safepoint: 327500 ns, At safepoint: 177100 ns, Total: 504600 ns
[2020-03-27T08:11:18.062+0000][1][safepoint    ] Safepoint "RevokeBias", Time since last: 205410844 ns, Reaching safepoint: 172499 ns, At safepoint: 23900 ns, Total: 196399 ns
[2020-03-27T08:11:19.064+0000][1][safepoint    ] Safepoint "Cleanup", Time since last: 1001006926 ns, Reaching safepoint: 404600 ns, At safepoint: 79500 ns, Total: 484100 ns
[2020-03-27T08:11:19.305+0000][1][gc,start     ] GC(116) Pause Young (Allocation Failure)
[2020-03-27T08:11:19.305+0000][1][gc,task      ] GC(116) Using 2 workers of 2 for evacuation
[2020-03-27T08:11:19.311+0000][1][gc,age       ] GC(116) Desired survivor size 8716288 bytes, new threshold 1 (max threshold 6)
[2020-03-27T08:11:19.311+0000][1][gc,age       ] GC(116) Age table with threshold 1 (max threshold 6)
[2020-03-27T08:11:19.312+0000][1][gc,age       ] GC(116) - age   1:   10344688 bytes,   10344688 total
[2020-03-27T08:11:19.312+0000][1][gc,age       ] GC(116) - age   2:     560080 bytes,   10904768 total
[2020-03-27T08:11:19.313+0000][1][gc,heap      ] GC(116) ParNew: 144944K->12011K(153344K)
[2020-03-27T08:11:19.313+0000][1][gc,heap      ] GC(116) CMS: 162426K->162426K(353920K)
[2020-03-27T08:11:19.314+0000][1][gc,metaspace ] GC(116) Metaspace: 96957K->96957K(1138688K)
[2020-03-27T08:11:19.314+0000][1][gc           ] GC(116) Pause Young (Allocation Failure) 300M->170M(495M) 9.553ms
[2020-03-27T08:11:19.315+0000][1][gc,cpu       ] GC(116) User=0.01s Sys=0.00s Real=0.01s
[2020-03-27T08:11:19.315+0000][1][safepoint    ] Safepoint "GenCollectForAllocation", Time since last: 240735034 ns, Reaching safepoint: 131200 ns, At safepoint: 10549297 ns, Total: 10680497 ns
[2020-03-27T08:11:20.316+0000][1][safepoint    ] Safepoint "Cleanup", Time since last: 1000955826 ns, Reaching safepoint: 117800 ns, At safepoint: 26000 ns, Total: 143800 ns
[2020-03-27T08:11:21.317+0000][1][safepoint    ] Safepoint "Cleanup", Time since last: 1000853826 ns, Reaching safepoint: 99500 ns, At safepoint: 17200 ns, Total: 116700 ns
[2020-03-27T08:11:21.478+0000][1][safepoint    ] Safepoint "RevokeBias", Time since last: 160030756 ns, Reaching safepoint: 220600 ns, At safepoint: 147200 ns, Total: 367800 ns
[2020-03-27T08:11:22.478+0000][1][safepoint    ] Safepoint "Cleanup", Time since last: 1000480726 ns, Reaching safepoint: 153600 ns, At safepoint: 34900 ns, Total: 188500 ns
[2020-03-27T08:11:23.480+0000][1][safepoint    ] Safepoint "Cleanup", Time since last: 1001381487 ns, Reaching safepoint: 495400 ns, At safepoint: 91800 ns, Total: 587200 ns
[2020-03-27T08:11:24.483+0000][1][safepoint    ] Safepoint "Cleanup", Time since last: 1001950782 ns, Reaching safepoint: 463500 ns, At safepoint: 79600 ns, Total: 543100 ns
[2020-03-27T08:11:25.485+0000][1][safepoint    ] Safepoint "Cleanup", Time since last: 1001938082 ns, Reaching safepoint: 365100 ns, At safepoint: 63500 ns, Total: 428600 ns
[2020-03-27T08:11:26.488+0000][1][safepoint    ] Safepoint "Cleanup", Time since last: 1002395582 ns, Reaching safepoint: 435000 ns, At safepoint: 88600 ns, Total: 523600 ns
[2020-03-27T08:11:27.491+0000][1][safepoint    ] Safepoint "Cleanup", Time since last: 1002484882 ns, Reaching safepoint: 454500 ns, At safepoint: 83900 ns, Total: 538400 ns
[2020-03-27T08:11:28.086+0000][1][safepoint    ] Safepoint "RevokeBias", Time since last: 595162849 ns, Reaching safepoint: 91600 ns, At safepoint: 24900 ns, Total: 116500 ns
[2020-03-27T08:11:29.087+0000][1][safepoint    ] Safepoint "Cleanup", Time since last: 1000816481 ns, Reaching safepoint: 194000 ns, At safepoint: 45700 ns, Total: 239700 ns
[2020-03-27T08:11:30.089+0000][1][safepoint    ] Safepoint "Cleanup", Time since last: 1001372782 ns, Reaching safepoint: 171500 ns, At safepoint: 30100 ns, Total: 201600 ns
[2020-03-27T08:11:31.090+0000][1][safepoint    ] Safepoint "Cleanup", Time since last: 1001158782 ns, Reaching safepoint: 114100 ns, At safepoint: 24700 ns, Total: 138800 ns
[2020-03-27T08:11:31.482+0000][1][safepoint    ] Safepoint "RevokeBias", Time since last: 391284370 ns, Reaching safepoint: 315200 ns, At safepoint: 17500 ns, Total: 332700 ns
[2020-03-27T08:11:32.483+0000][1][safepoint    ] Safepoint "Cleanup", Time since last: 1000920020 ns, Reaching safepoint: 322801 ns, At safepoint: 85000 ns, Total: 407801 ns
[2020-03-27T08:11:33.486+0000][1][safepoint    ] Safepoint "Cleanup", Time since last: 1002084321 ns, Reaching safepoint: 456000 ns, At safepoint: 82400 ns, Total: 538400 ns
[2020-03-27T08:11:34.488+0000][1][safepoint    ] Safepoint "Cleanup", Time since last: 1001838921 ns, Reaching safepoint: 373800 ns, At safepoint: 83700 ns, Total: 457500 ns
[2020-03-27T08:11:35.490+0000][1][safepoint    ] Safepoint "Cleanup", Time since last: 1001868921 ns, Reaching safepoint: 321400 ns, At safepoint: 82200 ns, Total: 403600 ns
[2020-03-27T08:11:36.493+0000][1][safepoint    ] Safepoint "Cleanup", Time since last: 1002313621 ns, Reaching safepoint: 317100 ns, At safepoint: 86100 ns, Total: 403200 ns
[2020-03-27T08:11:37.496+0000][1][safepoint    ] Safepoint "Cleanup", Time since last: 1002160121 ns, Reaching safepoint: 414400 ns, At safepoint: 87600 ns, Total: 502000 ns
[2020-03-27T08:11:38.076+0000][1][safepoint    ] Safepoint "RevokeBias", Time since last: 579902486 ns, Reaching safepoint: 104300 ns, At safepoint: 23200 ns, Total: 127500 ns
[2020-03-27T08:11:39.077+0000][1][safepoint    ] Safepoint "Cleanup", Time since last: 1001155319 ns, Reaching safepoint: 319200 ns, At safepoint: 86900 ns, Total: 406100 ns
[2020-03-27T08:11:40.080+0000][1][safepoint    ] Safepoint "Cleanup", Time since last: 1001896410 ns, Reaching safepoint: 376100 ns, At safepoint: 73300 ns, Total: 449400 ns
[2020-03-27T08:11:41.082+0000][1][safepoint    ] Safepoint "Cleanup", Time since last: 1001747643 ns, Reaching safepoint: 403800 ns, At safepoint: 82400 ns, Total: 486200 ns
[2020-03-27T08:11:41.506+0000][1][safepoint    ] Safepoint "RevokeBias", Time since last: 423856602 ns, Reaching safepoint: 373300 ns, At safepoint: 17700 ns, Total: 391000 ns
[2020-03-27T08:11:42.509+0000][1][safepoint    ] Safepoint "Cleanup", Time since last: 1002430843 ns, Reaching safepoint: 444100 ns, At safepoint: 22200 ns, Total: 466300 ns
[2020-03-27T08:11:43.512+0000][1][safepoint    ] Safepoint "Cleanup", Time since last: 1002279742 ns, Reaching safepoint: 245700 ns, At safepoint: 35000 ns, Total: 280700 ns
[2020-03-27T08:11:43.802+0000][1][gc,start     ] GC(117) Pause Young (Allocation Failure)
[2020-03-27T08:11:43.802+0000][1][gc,task      ] GC(117) Using 2 workers of 2 for evacuation
[2020-03-27T08:11:43.908+0000][1][gc,age       ] GC(117) Desired survivor size 8716288 bytes, new threshold 6 (max threshold 6)
[2020-03-27T08:11:43.909+0000][1][gc,age       ] GC(117) Age table with threshold 6 (max threshold 6)
[2020-03-27T08:11:43.909+0000][1][gc,age       ] GC(117) - age   1:    5298816 bytes,    5298816 total
[2020-03-27T08:11:43.910+0000][1][gc,heap      ] GC(117) ParNew: 148116K->8630K(153344K)
[2020-03-27T08:11:43.910+0000][1][gc,heap      ] GC(117) CMS: 162426K->169576K(353920K)
[2020-03-27T08:11:43.911+0000][1][gc,metaspace ] GC(117) Metaspace: 96997K->96997K(1138688K)
[2020-03-27T08:11:43.911+0000][1][gc           ] GC(117) Pause Young (Allocation Failure) 303M->174M(495M) 109.515ms
[2020-03-27T08:11:43.912+0000][1][gc,cpu       ] GC(117) User=0.03s Sys=0.01s Real=0.11s
[2020-03-27T08:11:43.912+0000][1][safepoint    ] Safepoint "GenCollectForAllocation", Time since last: 290096870 ns, Reaching safepoint: 121800 ns, At safepoint: 110261827 ns, Total: 110383627 ns
[2020-03-27T08:11:43.923+0000][1][safepoint    ] Safepoint "RevokeBias", Time since last: 10342302 ns, Reaching safepoint: 115700 ns, At safepoint: 15900 ns, Total: 131600 ns
[2020-03-27T08:11:43.924+0000][1][safepoint    ] Safepoint "RevokeBias", Time since last: 1082201 ns, Reaching safepoint: 106800 ns, At safepoint: 12900 ns, Total: 119700 ns
[2020-03-27T08:11:43.925+0000][1][safepoint    ] Safepoint "RevokeBias", Time since last: 730100 ns, Reaching safepoint: 64900 ns, At safepoint: 10700 ns, Total: 75600 ns
[2020-03-27T08:11:43.926+0000][1][safepoint    ] Safepoint "RevokeBias", Time since last: 1111300 ns, Reaching safepoint: 91900 ns, At safepoint: 13400 ns, Total: 105300 ns
[2020-03-27T08:11:43.927+0000][1][safepoint    ] Safepoint "RevokeBias", Time since last: 1038200 ns, Reaching safepoint: 72900 ns, At safepoint: 11100 ns, Total: 84000 ns
[2020-03-27T08:11:43.973+0000][1][safepoint    ] Safepoint "RevokeBias", Time since last: 45860912 ns, Reaching safepoint: 116700 ns, At safepoint: 17100 ns, Total: 133800 ns
[2020-03-27T08:11:44.081+0000][1][safepoint    ] Safepoint "RevokeBias", Time since last: 107484226 ns, Reaching safepoint: 676700 ns, At safepoint: 138000 ns, Total: 814700 ns
[2020-03-27T08:11:44.082+0000][1][safepoint    ] Safepoint "RevokeBias", Time since last: 721600 ns, Reaching safepoint: 238900 ns, At safepoint: 231800 ns, Total: 470700 ns
[2020-03-27T08:11:44.123+0000][1][safepoint    ] Safepoint "RevokeBias", Time since last: 40229510 ns, Reaching safepoint: 319300 ns, At safepoint: 67600 ns, Total: 386900 ns
[2020-03-27T08:11:44.124+0000][1][safepoint    ] Safepoint "RevokeBias", Time since last: 487100 ns, Reaching safepoint: 170000 ns, At safepoint: 14200 ns, Total: 184200 ns
[2020-03-27T08:11:44.125+0000][1][safepoint    ] Safepoint "RevokeBias", Time since last: 846800 ns, Reaching safepoint: 98900 ns, At safepoint: 23000 ns, Total: 121900 ns
[2020-03-27T08:11:44.126+0000][1][safepoint    ] Safepoint "RevokeBias", Time since last: 951601 ns, Reaching safepoint: 198700 ns, At safepoint: 13400 ns, Total: 212100 ns
[2020-03-27T08:11:44.163+0000][1][safepoint    ] Safepoint "RevokeBias", Time since last: 37140009 ns, Reaching safepoint: 176300 ns, At safepoint: 18500 ns, Total: 194800 ns
[2020-03-27T08:11:44.235+0000][1][safepoint    ] Safepoint "RevokeBias", Time since last: 71515117 ns, Reaching safepoint: 127500 ns, At safepoint: 18100 ns, Total: 145600 ns
[2020-03-27T08:11:44.237+0000][1][safepoint    ] Safepoint "RevokeBias", Time since last: 1636300 ns, Reaching safepoint: 115200 ns, At safepoint: 14800 ns, Total: 130000 ns
[2020-03-27T08:11:44.238+0000][1][safepoint    ] Safepoint "RevokeBias", Time since last: 1166701 ns, Reaching safepoint: 73900 ns, At safepoint: 27400 ns, Total: 101300 ns
[2020-03-27T08:11:44.359+0000][1][safepoint    ] Safepoint "RevokeBias", Time since last: 120874329 ns, Reaching safepoint: 115000 ns, At safepoint: 25200 ns, Total: 140200 ns
[2020-03-27T08:11:45.360+0000][1][safepoint    ] Safepoint "Cleanup", Time since last: 1000852942 ns, Reaching safepoint: 116300 ns, At safepoint: 22100 ns, Total: 138400 ns
[2020-03-27T08:11:46.362+0000][1][safepoint    ] Safepoint "Cleanup", Time since last: 1001252642 ns, Reaching safepoint: 542300 ns, At safepoint: 26500 ns, Total: 568800 ns
[2020-03-27T08:11:47.364+0000][1][safepoint    ] Safepoint "Cleanup", Time since last: 1002097140 ns, Reaching safepoint: 384700 ns, At safepoint: 23300 ns, Total: 408000 ns
[2020-03-27T08:11:48.089+0000][1][safepoint    ] Safepoint "RevokeBias", Time since last: 724588229 ns, Reaching safepoint: 96000 ns, At safepoint: 23800 ns, Total: 119800 ns
[2020-03-27T08:11:49.073+0000][1][gc,start     ] GC(118) Pause Young (Allocation Failure)
[2020-03-27T08:11:49.073+0000][1][gc,task      ] GC(118) Using 2 workers of 2 for evacuation
[2020-03-27T08:11:49.078+0000][1][gc,age       ] GC(118) Desired survivor size 8716288 bytes, new threshold 1 (max threshold 6)
[2020-03-27T08:11:49.079+0000][1][gc,age       ] GC(118) Age table with threshold 1 (max threshold 6)
[2020-03-27T08:11:49.081+0000][1][gc,age       ] GC(118) - age   1:   10310728 bytes,   10310728 total
[2020-03-27T08:11:49.081+0000][1][gc,age       ] GC(118) - age   2:     156720 bytes,   10467448 total
[2020-03-27T08:11:49.082+0000][1][gc,heap      ] GC(118) ParNew: 144893K->12294K(153344K)
[2020-03-27T08:11:49.083+0000][1][gc,heap      ] GC(118) CMS: 169576K->169576K(353920K)
[2020-03-27T08:11:49.083+0000][1][gc,metaspace ] GC(118) Metaspace: 97044K->97044K(1138688K)
[2020-03-27T08:11:49.084+0000][1][gc           ] GC(118) Pause Young (Allocation Failure) 307M->177M(495M) 10.717ms
[2020-03-27T08:11:49.084+0000][1][gc,cpu       ] GC(118) User=0.01s Sys=0.00s Real=0.01s
[2020-03-27T08:11:49.084+0000][1][safepoint    ] Safepoint "GenCollectForAllocation", Time since last: 983781903 ns, Reaching safepoint: 127700 ns, At safepoint: 11467999 ns, Total: 11595699 ns
[2020-03-27T08:11:49.099+0000][1][safepoint    ] Safepoint "RevokeBias", Time since last: 13969499 ns, Reaching safepoint: 330600 ns, At safepoint: 22900 ns, Total: 353500 ns
[2020-03-27T08:11:49.100+0000][1][safepoint    ] Safepoint "RevokeBias", Time since last: 1469600 ns, Reaching safepoint: 194300 ns, At safepoint: 17300 ns, Total: 211600 ns
[2020-03-27T08:11:49.102+0000][1][safepoint    ] Safepoint "RevokeBias", Time since last: 1072000 ns, Reaching safepoint: 174800 ns, At safepoint: 16800 ns, Total: 191600 ns
[2020-03-27T08:11:49.103+0000][1][safepoint    ] Safepoint "RevokeBias", Time since last: 1071100 ns, Reaching safepoint: 129600 ns, At safepoint: 61100 ns, Total: 190700 ns
[2020-03-27T08:11:49.149+0000][1][safepoint    ] Safepoint "RevokeBias", Time since last: 45799795 ns, Reaching safepoint: 102300 ns, At safepoint: 20600 ns, Total: 122900 ns
[2020-03-27T08:11:49.204+0000][1][safepoint    ] Safepoint "RevokeBias", Time since last: 55217495 ns, Reaching safepoint: 193100 ns, At safepoint: 35200 ns, Total: 228300 ns
[2020-03-27T08:11:49.396+0000][1][safepoint    ] Safepoint "BulkRevokeBias", Time since last: 191030981 ns, Reaching safepoint: 101400 ns, At safepoint: 424100 ns, Total: 525500 ns
[2020-03-27T08:11:50.210+0000][1][safepoint    ] Safepoint "RevokeBias", Time since last: 814531520 ns, Reaching safepoint: 93200 ns, At safepoint: 18200 ns, Total: 111400 ns
[2020-03-27T08:11:50.214+0000][1][safepoint    ] Safepoint "RevokeBias", Time since last: 2989500 ns, Reaching safepoint: 150500 ns, At safepoint: 7800 ns, Total: 158300 ns
[2020-03-27T08:11:50.216+0000][1][safepoint    ] Safepoint "RevokeBias", Time since last: 2383800 ns, Reaching safepoint: 79800 ns, At safepoint: 17200 ns, Total: 97000 ns
[2020-03-27T08:11:50.217+0000][1][safepoint    ] Safepoint "RevokeBias", Time since last: 804000 ns, Reaching safepoint: 63999 ns, At safepoint: 4300 ns, Total: 68299 ns
[2020-03-27T08:11:50.218+0000][1][safepoint    ] Safepoint "RevokeBias", Time since last: 804100 ns, Reaching safepoint: 90900 ns, At safepoint: 6100 ns, Total: 97000 ns
[2020-03-27T08:11:50.219+0000][1][safepoint    ] Safepoint "RevokeBias", Time since last: 784000 ns, Reaching safepoint: 76700 ns, At safepoint: 5900 ns, Total: 82600 ns
[2020-03-27T08:11:50.220+0000][1][safepoint    ] Safepoint "RevokeBias", Time since last: 993200 ns, Reaching safepoint: 83400 ns, At safepoint: 7900 ns, Total: 91300 ns
[2020-03-27T08:11:50.221+0000][1][safepoint    ] Safepoint "RevokeBias", Time since last: 692700 ns, Reaching safepoint: 131500 ns, At safepoint: 14800 ns, Total: 146300 ns
[2020-03-27T08:11:50.221+0000][1][safepoint    ] Safepoint "RevokeBias", Time since last: 506200 ns, Reaching safepoint: 93800 ns, At safepoint: 13800 ns, Total: 107600 ns
[2020-03-27T08:11:51.223+0000][1][safepoint    ] Safepoint "Cleanup", Time since last: 1001058002 ns, Reaching safepoint: 459200 ns, At safepoint: 79200 ns, Total: 538400 ns
[2020-03-27T08:11:51.524+0000][1][safepoint    ] Safepoint "RevokeBias", Time since last: 301131171 ns, Reaching safepoint: 116000 ns, At safepoint: 16700 ns, Total: 132700 ns
[2020-03-27T08:11:52.339+0000][1][gc,start     ] GC(119) Pause Young (Allocation Failure)
[2020-03-27T08:11:52.341+0000][1][gc,task      ] GC(119) Using 2 workers of 2 for evacuation
[2020-03-27T08:11:52.361+0000][1][gc,age       ] GC(119) Desired survivor size 8716288 bytes, new threshold 6 (max threshold 6)
[2020-03-27T08:11:52.362+0000][1][gc,age       ] GC(119) Age table with threshold 6 (max threshold 6)
[2020-03-27T08:11:52.362+0000][1][gc,age       ] GC(119) - age   1:    4121768 bytes,    4121768 total
[2020-03-27T08:11:52.363+0000][1][gc,heap      ] GC(119) ParNew: 148614K->8667K(153344K)
[2020-03-27T08:11:52.364+0000][1][gc,heap      ] GC(119) CMS: 169576K->170487K(353920K)
[2020-03-27T08:11:52.364+0000][1][gc,metaspace ] GC(119) Metaspace: 97049K->97049K(1138688K)
[2020-03-27T08:11:52.364+0000][1][gc           ] GC(119) Pause Young (Allocation Failure) 310M->174M(495M) 24.926ms
[2020-03-27T08:11:52.365+0000][1][gc,cpu       ] GC(119) User=0.01s Sys=0.00s Real=0.02s
[2020-03-27T08:11:52.365+0000][1][safepoint    ] Safepoint "GenCollectForAllocation", Time since last: 814917020 ns, Reaching safepoint: 322500 ns, At safepoint: 25874897 ns, Total: 26197397 ns
[2020-03-27T08:11:52.378+0000][1][safepoint    ] Safepoint "RevokeBias", Time since last: 12329299 ns, Reaching safepoint: 286400 ns, At safepoint: 28700 ns, Total: 315100 ns
[2020-03-27T08:11:52.378+0000][1][safepoint    ] Safepoint "RevokeBias", Time since last: 556100 ns, Reaching safepoint: 73000 ns, At safepoint: 13200 ns, Total: 86200 ns
[2020-03-27T08:11:52.381+0000][1][safepoint    ] Safepoint "RevokeBias", Time since last: 2195500 ns, Reaching safepoint: 78300 ns, At safepoint: 21300 ns, Total: 99600 ns
[2020-03-27T08:11:52.382+0000][1][safepoint    ] Safepoint "RevokeBias", Time since last: 1261900 ns, Reaching safepoint: 83700 ns, At safepoint: 20800 ns, Total: 104500 ns
[2020-03-27T08:11:52.437+0000][1][safepoint    ] Safepoint "RevokeBias", Time since last: 54822694 ns, Reaching safepoint: 125500 ns, At safepoint: 28300 ns, Total: 153800 ns
[2020-03-27T08:11:53.438+0000][1][safepoint    ] Safepoint "Cleanup", Time since last: 1000614602 ns, Reaching safepoint: 114900 ns, At safepoint: 6200 ns, Total: 121100 ns
[2020-03-27T08:11:54.439+0000][1][safepoint    ] Safepoint "Cleanup", Time since last: 1001186902 ns, Reaching safepoint: 319800 ns, At safepoint: 117300 ns, Total: 437100 ns
[2020-03-27T08:11:55.442+0000][1][safepoint    ] Safepoint "Cleanup", Time since last: 1002327997 ns, Reaching safepoint: 368500 ns, At safepoint: 84400 ns, Total: 452900 ns
[2020-03-27T08:11:56.445+0000][1][safepoint    ] Safepoint "Cleanup", Time since last: 1002154232 ns, Reaching safepoint: 110500 ns, At safepoint: 56500 ns, Total: 167000 ns
[2020-03-27T08:11:57.446+0000][1][safepoint    ] Safepoint "Cleanup", Time since last: 1000877432 ns, Reaching safepoint: 135800 ns, At safepoint: 31600 ns, Total: 167400 ns
[2020-03-27T08:11:58.099+0000][1][safepoint    ] Safepoint "RevokeBias", Time since last: 653519090 ns, Reaching safepoint: 90700 ns, At safepoint: 23800 ns, Total: 114500 ns
[2020-03-27T08:11:58.346+0000][1][safepoint    ] Safepoint "RevokeBias", Time since last: 246632359 ns, Reaching safepoint: 258600 ns, At safepoint: 29200 ns, Total: 287800 ns
[2020-03-27T08:11:58.347+0000][1][safepoint    ] Safepoint "RevokeBias", Time since last: 811600 ns, Reaching safepoint: 205000 ns, At safepoint: 24900 ns, Total: 229900 ns
[2020-03-27T08:11:58.348+0000][1][safepoint    ] Safepoint "RevokeBias", Time since last: 1169900 ns, Reaching safepoint: 61400 ns, At safepoint: 22100 ns, Total: 83500 ns
[2020-03-27T08:11:58.349+0000][1][safepoint    ] Safepoint "RevokeBias", Time since last: 904300 ns, Reaching safepoint: 55300 ns, At safepoint: 20900 ns, Total: 76200 ns
[2020-03-27T08:11:58.394+0000][1][safepoint    ] Safepoint "RevokeBias", Time since last: 44267392 ns, Reaching safepoint: 121700 ns, At safepoint: 30500 ns, Total: 152200 ns
[2020-03-27T08:11:58.441+0000][1][gc,start     ] GC(120) Pause Young (Allocation Failure)
[2020-03-27T08:11:58.441+0000][1][gc,task      ] GC(120) Using 2 workers of 2 for evacuation
[2020-03-27T08:11:58.444+0000][1][gc,age       ] GC(120) Desired survivor size 8716288 bytes, new threshold 6 (max threshold 6)
[2020-03-27T08:11:58.444+0000][1][gc,age       ] GC(120) Age table with threshold 6 (max threshold 6)
[2020-03-27T08:11:58.445+0000][1][gc,age       ] GC(120) - age   1:     568480 bytes,     568480 total
[2020-03-27T08:11:58.445+0000][1][gc,age       ] GC(120) - age   2:     411816 bytes,     980296 total
[2020-03-27T08:11:58.445+0000][1][gc,heap      ] GC(120) ParNew: 144987K->3676K(153344K)
[2020-03-27T08:11:58.445+0000][1][gc,heap      ] GC(120) CMS: 170487K->170487K(353920K)
[2020-03-27T08:11:58.446+0000][1][gc,metaspace ] GC(120) Metaspace: 97066K->97066K(1138688K)
[2020-03-27T08:11:58.446+0000][1][gc           ] GC(120) Pause Young (Allocation Failure) 308M->170M(495M) 5.273ms
[2020-03-27T08:11:58.446+0000][1][gc,cpu       ] GC(120) User=0.01s Sys=0.00s Real=0.01s
[2020-03-27T08:11:58.447+0000][1][safepoint    ] Safepoint "GenCollectForAllocation", Time since last: 46871992 ns, Reaching safepoint: 93500 ns, At safepoint: 5895099 ns, Total: 5988599 ns
[2020-03-27T08:11:59.448+0000][1][safepoint    ] Safepoint "Cleanup", Time since last: 1000526532 ns, Reaching safepoint: 413600 ns, At safepoint: 84200 ns, Total: 497800 ns
[2020-03-27T08:12:00.450+0000][1][safepoint    ] Safepoint "Cleanup", Time since last: 1001719132 ns, Reaching safepoint: 113100 ns, At safepoint: 16300 ns, Total: 129400 ns
[2020-03-27T08:12:01.451+0000][1][safepoint    ] Safepoint "Cleanup", Time since last: 1000892632 ns, Reaching safepoint: 119300 ns, At safepoint: 19500 ns, Total: 138800 ns
[2020-03-27T08:12:01.523+0000][1][safepoint    ] Safepoint "RevokeBias", Time since last: 72017288 ns, Reaching safepoint: 793600 ns, At safepoint: 32800 ns, Total: 826400 ns
[2020-03-27T08:12:02.515+0000][1][safepoint    ] Safepoint "RevokeBias", Time since last: 991094134 ns, Reaching safepoint: 205000 ns, At safepoint: 18700 ns, Total: 223700 ns
[2020-03-27T08:12:02.516+0000][1][safepoint    ] Safepoint "RevokeBias", Time since last: 862500 ns, Reaching safepoint: 176700 ns, At safepoint: 15800 ns, Total: 192500 ns
[2020-03-27T08:12:02.518+0000][1][safepoint    ] Safepoint "RevokeBias", Time since last: 2012799 ns, Reaching safepoint: 114600 ns, At safepoint: 26200 ns, Total: 140800 ns
[2020-03-27T08:12:02.519+0000][1][safepoint    ] Safepoint "RevokeBias", Time since last: 1284200 ns, Reaching safepoint: 110500 ns, At safepoint: 19600 ns, Total: 130100 ns
[2020-03-27T08:12:02.578+0000][1][safepoint    ] Safepoint "RevokeBias", Time since last: 58621090 ns, Reaching safepoint: 173900 ns, At safepoint: 27100 ns, Total: 201000 ns
[2020-03-27T08:12:03.579+0000][1][safepoint    ] Safepoint "Cleanup", Time since last: 1000596531 ns, Reaching safepoint: 97000 ns, At safepoint: 18100 ns, Total: 115100 ns
[2020-03-27T08:12:04.580+0000][1][safepoint    ] Safepoint "Cleanup", Time since last: 1000738427 ns, Reaching safepoint: 298000 ns, At safepoint: 77000 ns, Total: 375000 ns
[2020-03-27T08:12:05.582+0000][1][safepoint    ] Safepoint "Cleanup", Time since last: 1001969726 ns, Reaching safepoint: 105700 ns, At safepoint: 18600 ns, Total: 124300 ns
[2020-03-27T08:12:06.583+0000][1][safepoint    ] Safepoint "Cleanup", Time since last: 1000752927 ns, Reaching safepoint: 317299 ns, At safepoint: 77300 ns, Total: 394599 ns
[2020-03-27T08:12:07.586+0000][1][safepoint    ] Safepoint "Cleanup", Time since last: 1002357127 ns, Reaching safepoint: 324800 ns, At safepoint: 105100 ns, Total: 429900 ns
[2020-03-27T08:12:08.070+0000][1][safepoint    ] Safepoint "RevokeBias", Time since last: 483873316 ns, Reaching safepoint: 99800 ns, At safepoint: 25500 ns, Total: 125300 ns
[2020-03-27T08:12:08.497+0000][1][safepoint    ] Safepoint "RevokeBias", Time since last: 426622226 ns, Reaching safepoint: 120800 ns, At safepoint: 29500 ns, Total: 150300 ns
[2020-03-27T08:12:08.498+0000][1][safepoint    ] Safepoint "RevokeBias", Time since last: 1119300 ns, Reaching safepoint: 76700 ns, At safepoint: 22100 ns, Total: 98800 ns
[2020-03-27T08:12:08.501+0000][1][safepoint    ] Safepoint "RevokeBias", Time since last: 3257499 ns, Reaching safepoint: 84800 ns, At safepoint: 16000 ns, Total: 100800 ns
[2020-03-27T08:12:08.503+0000][1][safepoint    ] Safepoint "RevokeBias", Time since last: 1116500 ns, Reaching safepoint: 68000 ns, At safepoint: 14700 ns, Total: 82700 ns
[2020-03-27T08:12:08.552+0000][1][safepoint    ] Safepoint "RevokeBias", Time since last: 49451891 ns, Reaching safepoint: 126100 ns, At safepoint: 27300 ns, Total: 153400 ns
[2020-03-27T08:12:08.585+0000][1][safepoint    ] Safepoint "BulkRevokeBias", Time since last: 32273195 ns, Reaching safepoint: 109900 ns, At safepoint: 424899 ns, Total: 534799 ns
[2020-03-27T08:12:09.586+0000][1][safepoint    ] Safepoint "Cleanup", Time since last: 1000556027 ns, Reaching safepoint: 317800 ns, At safepoint: 84500 ns, Total: 402300 ns
[2020-03-27T08:12:10.332+0000][1][gc,start     ] GC(121) Pause Young (Allocation Failure)
[2020-03-27T08:12:10.333+0000][1][gc,task      ] GC(121) Using 2 workers of 2 for evacuation
[2020-03-27T08:12:10.337+0000][1][gc,age       ] GC(121) Desired survivor size 8716288 bytes, new threshold 6 (max threshold 6)
[2020-03-27T08:12:10.337+0000][1][gc,age       ] GC(121) Age table with threshold 6 (max threshold 6)
[2020-03-27T08:12:10.338+0000][1][gc,age       ] GC(121) - age   1:     864696 bytes,     864696 total
[2020-03-27T08:12:10.338+0000][1][gc,age       ] GC(121) - age   2:     464056 bytes,    1328752 total
[2020-03-27T08:12:10.339+0000][1][gc,age       ] GC(121) - age   3:     347624 bytes,    1676376 total
[2020-03-27T08:12:10.339+0000][1][gc,heap      ] GC(121) ParNew: 139996K->2316K(153344K)
[2020-03-27T08:12:10.340+0000][1][gc,heap      ] GC(121) CMS: 170487K->170487K(353920K)
[2020-03-27T08:12:10.340+0000][1][gc,metaspace ] GC(121) Metaspace: 97078K->97078K(1138688K)
[2020-03-27T08:12:10.341+0000][1][gc           ] GC(121) Pause Young (Allocation Failure) 303M->168M(495M) 8.554ms
[2020-03-27T08:12:10.341+0000][1][gc,cpu       ] GC(121) User=0.01s Sys=0.00s Real=0.01s
[2020-03-27T08:12:10.342+0000][1][safepoint    ] Safepoint "GenCollectForAllocation", Time since last: 746036071 ns, Reaching safepoint: 101300 ns, At safepoint: 9604998 ns, Total: 9706298 ns
[2020-03-27T08:12:11.343+0000][1][safepoint    ] Safepoint "Cleanup", Time since last: 1000901226 ns, Reaching safepoint: 98700 ns, At safepoint: 16800 ns, Total: 115500 ns
[2020-03-27T08:12:11.526+0000][1][safepoint    ] Safepoint "RevokeBias", Time since last: 183167969 ns, Reaching safepoint: 283900 ns, At safepoint: 197000 ns, Total: 480900 ns
[2020-03-27T08:12:11.641+0000][1][safepoint    ] Safepoint "RevokeBias", Time since last: 114492980 ns, Reaching safepoint: 183200 ns, At safepoint: 28400 ns, Total: 211600 ns
[2020-03-27T08:12:11.642+0000][1][safepoint    ] Safepoint "RevokeBias", Time since last: 677200 ns, Reaching safepoint: 88800 ns, At safepoint: 23000 ns, Total: 111800 ns
[2020-03-27T08:12:11.643+0000][1][safepoint    ] Safepoint "RevokeBias", Time since last: 1294399 ns, Reaching safepoint: 94100 ns, At safepoint: 21400 ns, Total: 115500 ns
[2020-03-27T08:12:11.645+0000][1][safepoint    ] Safepoint "RevokeBias", Time since last: 1291300 ns, Reaching safepoint: 99800 ns, At safepoint: 25700 ns, Total: 125500 ns
[2020-03-27T08:12:11.692+0000][1][safepoint    ] Safepoint "RevokeBias", Time since last: 46954892 ns, Reaching safepoint: 111700 ns, At safepoint: 16100 ns, Total: 127800 ns
[2020-03-27T08:12:11.725+0000][1][safepoint    ] Safepoint "RevokeBias", Time since last: 32818194 ns, Reaching safepoint: 101100 ns, At safepoint: 23900 ns, Total: 125000 ns
[2020-03-27T08:12:11.725+0000][1][safepoint    ] Safepoint "RevokeBias", Time since last: 467000 ns, Reaching safepoint: 172000 ns, At safepoint: 36300 ns, Total: 208300 ns
[2020-03-27T08:12:11.734+0000][1][safepoint    ] Safepoint "RevokeBias", Time since last: 8601098 ns, Reaching safepoint: 223800 ns, At safepoint: 21100 ns, Total: 244900 ns
[2020-03-27T08:12:12.725+0000][1][safepoint    ] Safepoint "RevokeBias", Time since last: 990599128 ns, Reaching safepoint: 319400 ns, At safepoint: 79800 ns, Total: 399200 ns
[2020-03-27T08:12:12.763+0000][1][safepoint    ] Safepoint "RevokeBias", Time since last: 37643394 ns, Reaching safepoint: 131100 ns, At safepoint: 37500 ns, Total: 168600 ns
[2020-03-27T08:12:13.764+0000][1][safepoint    ] Safepoint "Cleanup", Time since last: 1000857126 ns, Reaching safepoint: 321100 ns, At safepoint: 82400 ns, Total: 403500 ns
[2020-03-27T08:12:14.766+0000][1][safepoint    ] Safepoint "Cleanup", Time since last: 1001963026 ns, Reaching safepoint: 145400 ns, At safepoint: 6200 ns, Total: 151600 ns
[2020-03-27T08:12:15.768+0000][1][safepoint    ] Safepoint "Cleanup", Time since last: 1001205826 ns, Reaching safepoint: 386100 ns, At safepoint: 84000 ns, Total: 470100 ns
[2020-03-27T08:12:16.770+0000][1][safepoint    ] Safepoint "Cleanup", Time since last: 1001778926 ns, Reaching safepoint: 404400 ns, At safepoint: 79799 ns, Total: 484199 ns
[2020-03-27T08:12:17.773+0000][1][safepoint    ] Safepoint "Cleanup", Time since last: 1002243926 ns, Reaching safepoint: 247900 ns, At safepoint: 53800 ns, Total: 301700 ns
[2020-03-27T08:12:18.084+0000][1][gc,start     ] GC(122) Pause Young (Allocation Failure)
[2020-03-27T08:12:18.085+0000][1][gc,task      ] GC(122) Using 2 workers of 2 for evacuation
[2020-03-27T08:12:18.090+0000][1][gc,age       ] GC(122) Desired survivor size 8716288 bytes, new threshold 6 (max threshold 6)
[2020-03-27T08:12:18.091+0000][1][gc,age       ] GC(122) Age table with threshold 6 (max threshold 6)
[2020-03-27T08:12:18.091+0000][1][gc,age       ] GC(122) - age   1:     380840 bytes,     380840 total
[2020-03-27T08:12:18.092+0000][1][gc,age       ] GC(122) - age   2:     630480 bytes,    1011320 total
[2020-03-27T08:12:18.092+0000][1][gc,age       ] GC(122) - age   3:     259504 bytes,    1270824 total
[2020-03-27T08:12:18.093+0000][1][gc,age       ] GC(122) - age   4:     347288 bytes,    1618112 total
[2020-03-27T08:12:18.093+0000][1][gc,heap      ] GC(122) ParNew: 138636K->2276K(153344K)
[2020-03-27T08:12:18.094+0000][1][gc,heap      ] GC(122) CMS: 170487K->170487K(353920K)
[2020-03-27T08:12:18.094+0000][1][gc,metaspace ] GC(122) Metaspace: 97092K->97092K(1138688K)
[2020-03-27T08:12:18.095+0000][1][gc           ] GC(122) Pause Young (Allocation Failure) 301M->168M(495M) 10.275ms
[2020-03-27T08:12:18.095+0000][1][gc,cpu       ] GC(122) User=0.01s Sys=0.00s Real=0.01s
[2020-03-27T08:12:18.096+0000][1][safepoint    ] Safepoint "GenCollectForAllocation", Time since last: 311225446 ns, Reaching safepoint: 90800 ns, At safepoint: 11434798 ns, Total: 11525598 ns
[2020-03-27T08:12:18.098+0000][1][safepoint    ] Safepoint "RevokeBias", Time since last: 2259800 ns, Reaching safepoint: 98200 ns, At safepoint: 22700 ns, Total: 120900 ns
[2020-03-27T08:12:19.099+0000][1][safepoint    ] Safepoint "Cleanup", Time since last: 1000764926 ns, Reaching safepoint: 133400 ns, At safepoint: 24100 ns, Total: 157500 ns
[2020-03-27T08:12:20.101+0000][1][safepoint    ] Safepoint "Cleanup", Time since last: 1001307528 ns, Reaching safepoint: 476800 ns, At safepoint: 74900 ns, Total: 551700 ns
[2020-03-27T08:12:21.104+0000][1][safepoint    ] Safepoint "Cleanup", Time since last: 1002566929 ns, Reaching safepoint: 256300 ns, At safepoint: 49700 ns, Total: 306000 ns
[2020-03-27T08:12:21.528+0000][1][safepoint    ] Safepoint "RevokeBias", Time since last: 423919528 ns, Reaching safepoint: 280600 ns, At safepoint: 152300 ns, Total: 432900 ns
[2020-03-27T08:12:22.529+0000][1][safepoint    ] Safepoint "Cleanup", Time since last: 1000615730 ns, Reaching safepoint: 107300 ns, At safepoint: 16600 ns, Total: 123900 ns
[2020-03-27T08:12:23.530+0000][1][safepoint    ] Safepoint "Cleanup", Time since last: 1001046129 ns, Reaching safepoint: 109300 ns, At safepoint: 17300 ns, Total: 126600 ns
[2020-03-27T08:12:24.531+0000][1][safepoint    ] Safepoint "Cleanup", Time since last: 1000806230 ns, Reaching safepoint: 476600 ns, At safepoint: 59500 ns, Total: 536100 ns
[2020-03-27T08:12:25.533+0000][1][safepoint    ] Safepoint "Cleanup", Time since last: 1001822429 ns, Reaching safepoint: 100100 ns, At safepoint: 15800 ns, Total: 115900 ns
[2020-03-27T08:12:26.534+0000][1][safepoint    ] Safepoint "Cleanup", Time since last: 1000728030 ns, Reaching safepoint: 406200 ns, At safepoint: 72600 ns, Total: 478800 ns
[2020-03-27T08:12:27.536+0000][1][safepoint    ] Safepoint "Cleanup", Time since last: 1001236417 ns, Reaching safepoint: 274100 ns, At safepoint: 59901 ns, Total: 334001 ns
[2020-03-27T08:12:28.089+0000][1][safepoint    ] Safepoint "RevokeBias", Time since last: 552386695 ns, Reaching safepoint: 107801 ns, At safepoint: 24400 ns, Total: 132201 ns
[2020-03-27T08:12:29.090+0000][1][safepoint    ] Safepoint "Cleanup", Time since last: 1001006386 ns, Reaching safepoint: 150800 ns, At safepoint: 34700 ns, Total: 185500 ns
[2020-03-27T08:12:30.091+0000][1][safepoint    ] Safepoint "Cleanup", Time since last: 1001177286 ns, Reaching safepoint: 318201 ns, At safepoint: 100200 ns, Total: 418401 ns
[2020-03-27T08:12:31.094+0000][1][safepoint    ] Safepoint "Cleanup", Time since last: 1002103088 ns, Reaching safepoint: 115001 ns, At safepoint: 6600 ns, Total: 121601 ns
[2020-03-27T08:12:31.528+0000][1][safepoint    ] Safepoint "RevokeBias", Time since last: 434618720 ns, Reaching safepoint: 172600 ns, At safepoint: 14100 ns, Total: 186700 ns
[2020-03-27T08:12:32.530+0000][1][safepoint    ] Safepoint "Cleanup", Time since last: 1000691210 ns, Reaching safepoint: 321200 ns, At safepoint: 213500 ns, Total: 534700 ns
[2020-03-27T08:12:33.532+0000][1][safepoint    ] Safepoint "Cleanup", Time since last: 1001726010 ns, Reaching safepoint: 407700 ns, At safepoint: 87100 ns, Total: 494800 ns
[2020-03-27T08:12:34.534+0000][1][safepoint    ] Safepoint "Cleanup", Time since last: 1001844510 ns, Reaching safepoint: 314900 ns, At safepoint: 82100 ns, Total: 397000 ns
[2020-03-27T08:12:35.537+0000][1][safepoint    ] Safepoint "Cleanup", Time since last: 1002318625 ns, Reaching safepoint: 403400 ns, At safepoint: 83900 ns, Total: 487300 ns
[2020-03-27T08:12:36.539+0000][1][safepoint    ] Safepoint "Cleanup", Time since last: 1002069015 ns, Reaching safepoint: 321700 ns, At safepoint: 84300 ns, Total: 406000 ns
[2020-03-27T08:12:37.542+0000][1][safepoint    ] Safepoint "Cleanup", Time since last: 1002386415 ns, Reaching safepoint: 318900 ns, At safepoint: 87500 ns, Total: 406400 ns
[2020-03-27T08:12:38.056+0000][1][safepoint    ] Safepoint "RevokeBias", Time since last: 513299659 ns, Reaching safepoint: 110000 ns, At safepoint: 23000 ns, Total: 133000 ns
[2020-03-27T08:12:39.057+0000][1][safepoint    ] Safepoint "Cleanup", Time since last: 1001015915 ns, Reaching safepoint: 372000 ns, At safepoint: 83600 ns, Total: 455600 ns
[2020-03-27T08:12:40.059+0000][1][safepoint    ] Safepoint "Cleanup", Time since last: 1001932015 ns, Reaching safepoint: 328800 ns, At safepoint: 87200 ns, Total: 416000 ns
[2020-03-27T08:12:41.062+0000][1][safepoint    ] Safepoint "Cleanup", Time since last: 1002214616 ns, Reaching safepoint: 373600 ns, At safepoint: 30100 ns, Total: 403700 ns
[2020-03-27T08:12:41.546+0000][1][safepoint    ] Safepoint "RevokeBias", Time since last: 483605955 ns, Reaching safepoint: 467500 ns, At safepoint: 34100 ns, Total: 501600 ns
[2020-03-27T08:12:42.547+0000][1][safepoint    ] Safepoint "Cleanup", Time since last: 1000489815 ns, Reaching safepoint: 375500 ns, At safepoint: 85400 ns, Total: 460900 ns
[2020-03-27T08:12:43.550+0000][1][safepoint    ] Safepoint "Cleanup", Time since last: 1002411808 ns, Reaching safepoint: 244901 ns, At safepoint: 17200 ns, Total: 262101 ns
[2020-03-27T08:12:43.639+0000][1][gc,start     ] GC(123) Pause Young (Allocation Failure)
[2020-03-27T08:12:43.639+0000][1][gc,task      ] GC(123) Using 2 workers of 2 for evacuation
[2020-03-27T08:12:43.645+0000][1][gc,age       ] GC(123) Desired survivor size 8716288 bytes, new threshold 1 (max threshold 6)
[2020-03-27T08:12:43.646+0000][1][gc,age       ] GC(123) Age table with threshold 1 (max threshold 6)
[2020-03-27T08:12:43.646+0000][1][gc,age       ] GC(123) - age   1:   12726416 bytes,   12726416 total
[2020-03-27T08:12:43.647+0000][1][gc,age       ] GC(123) - age   2:     230792 bytes,   12957208 total
[2020-03-27T08:12:43.647+0000][1][gc,age       ] GC(123) - age   3:     624776 bytes,   13581984 total
[2020-03-27T08:12:43.648+0000][1][gc,age       ] GC(123) - age   4:     259504 bytes,   13841488 total
[2020-03-27T08:12:43.648+0000][1][gc,age       ] GC(123) - age   5:     347288 bytes,   14188776 total
[2020-03-27T08:12:43.649+0000][1][gc,heap      ] GC(123) ParNew: 138596K->14862K(153344K)
[2020-03-27T08:12:43.649+0000][1][gc,heap      ] GC(123) CMS: 170487K->170487K(353920K)
[2020-03-27T08:12:43.649+0000][1][gc,metaspace ] GC(123) Metaspace: 97108K->97108K(1138688K)
[2020-03-27T08:12:43.650+0000][1][gc           ] GC(123) Pause Young (Allocation Failure) 301M->181M(495M) 10.918ms
[2020-03-27T08:12:43.650+0000][1][gc,cpu       ] GC(123) User=0.01s Sys=0.00s Real=0.01s
[2020-03-27T08:12:43.651+0000][1][safepoint    ] Safepoint "GenCollectForAllocation", Time since last: 89019497 ns, Reaching safepoint: 158200 ns, At safepoint: 11757153 ns, Total: 11915353 ns
[2020-03-27T08:12:43.681+0000][1][safepoint    ] Safepoint "RevokeBias", Time since last: 30260535 ns, Reaching safepoint: 164500 ns, At safepoint: 32301 ns, Total: 196801 ns
[2020-03-27T08:12:43.682+0000][1][safepoint    ] Safepoint "RevokeBias", Time since last: 559802 ns, Reaching safepoint: 81800 ns, At safepoint: 11900 ns, Total: 93700 ns
[2020-03-27T08:12:43.683+0000][1][safepoint    ] Safepoint "BulkRevokeBias", Time since last: 787504 ns, Reaching safepoint: 148801 ns, At safepoint: 436602 ns, Total: 585403 ns
[2020-03-27T08:12:43.684+0000][1][safepoint    ] Safepoint "RevokeBias", Time since last: 1105205 ns, Reaching safepoint: 75600 ns, At safepoint: 21000 ns, Total: 96600 ns
[2020-03-27T08:12:43.686+0000][1][safepoint    ] Safepoint "BulkRevokeBias", Time since last: 623303 ns, Reaching safepoint: 84400 ns, At safepoint: 534402 ns, Total: 618802 ns
[2020-03-27T08:12:43.730+0000][1][safepoint    ] Safepoint "BulkRevokeBias", Time since last: 43729195 ns, Reaching safepoint: 159701 ns, At safepoint: 534303 ns, Total: 694004 ns
[2020-03-27T08:12:43.802+0000][1][safepoint    ] Safepoint "RevokeBias", Time since last: 71698719 ns, Reaching safepoint: 192501 ns, At safepoint: 22700 ns, Total: 215201 ns
[2020-03-27T08:12:43.811+0000][1][safepoint    ] Safepoint "RevokeBias", Time since last: 9005540 ns, Reaching safepoint: 248701 ns, At safepoint: 101101 ns, Total: 349802 ns
[2020-03-27T08:12:43.996+0000][1][safepoint    ] Safepoint "RevokeBias", Time since last: 184169821 ns, Reaching safepoint: 160701 ns, At safepoint: 34400 ns, Total: 195101 ns
[2020-03-27T08:12:44.997+0000][1][safepoint    ] Safepoint "Cleanup", Time since last: 1001054362 ns, Reaching safepoint: 385502 ns, At safepoint: 83500 ns, Total: 469002 ns
[2020-03-27T08:12:45.139+0000][1][safepoint    ] Safepoint "RevokeBias", Time since last: 142010533 ns, Reaching safepoint: 212301 ns, At safepoint: 33000 ns, Total: 245301 ns
[2020-03-27T08:12:45.140+0000][1][safepoint    ] Safepoint "RevokeBias", Time since last: 676904 ns, Reaching safepoint: 64800 ns, At safepoint: 18000 ns, Total: 82800 ns
[2020-03-27T08:12:45.142+0000][1][safepoint    ] Safepoint "RevokeBias", Time since last: 1317006 ns, Reaching safepoint: 144500 ns, At safepoint: 21900 ns, Total: 166400 ns
[2020-03-27T08:12:45.143+0000][1][safepoint    ] Safepoint "RevokeBias", Time since last: 1000205 ns, Reaching safepoint: 66700 ns, At safepoint: 20400 ns, Total: 87100 ns
[2020-03-27T08:12:45.189+0000][1][safepoint    ] Safepoint "RevokeBias", Time since last: 45809105 ns, Reaching safepoint: 103600 ns, At safepoint: 24900 ns, Total: 128500 ns
[2020-03-27T08:12:46.190+0000][1][safepoint    ] Safepoint "Cleanup", Time since last: 1000860362 ns, Reaching safepoint: 333301 ns, At safepoint: 86701 ns, Total: 420002 ns
[2020-03-27T08:12:47.193+0000][1][safepoint    ] Safepoint "Cleanup", Time since last: 1002076067 ns, Reaching safepoint: 371401 ns, At safepoint: 271502 ns, Total: 642903 ns
[2020-03-27T08:12:48.066+0000][1][gc,start     ] GC(124) Pause Young (Allocation Failure)
[2020-03-27T08:12:48.066+0000][1][gc,task      ] GC(124) Using 2 workers of 2 for evacuation
[2020-03-27T08:12:48.094+0000][1][gc,age       ] GC(124) Desired survivor size 8716288 bytes, new threshold 6 (max threshold 6)
[2020-03-27T08:12:48.095+0000][1][gc,age       ] GC(124) Age table with threshold 6 (max threshold 6)
[2020-03-27T08:12:48.095+0000][1][gc,age       ] GC(124) - age   1:    1388712 bytes,    1388712 total
[2020-03-27T08:12:48.096+0000][1][gc,heap      ] GC(124) ParNew: 151182K->10783K(153344K)
[2020-03-27T08:12:48.096+0000][1][gc,heap      ] GC(124) CMS: 170487K->171936K(353920K)
[2020-03-27T08:12:48.097+0000][1][gc,metaspace ] GC(124) Metaspace: 97134K->97134K(1138688K)
[2020-03-27T08:12:48.097+0000][1][gc           ] GC(124) Pause Young (Allocation Failure) 314M->178M(495M) 31.576ms
[2020-03-27T08:12:48.098+0000][1][gc,cpu       ] GC(124) User=0.02s Sys=0.00s Real=0.03s
[2020-03-27T08:12:48.098+0000][1][safepoint    ] Safepoint "GenCollectForAllocation", Time since last: 872729324 ns, Reaching safepoint: 117200 ns, At safepoint: 32806501 ns, Total: 32923701 ns
[2020-03-27T08:12:48.126+0000][1][safepoint    ] Safepoint "RevokeBias", Time since last: 27108000 ns, Reaching safepoint: 175000 ns, At safepoint: 26800 ns, Total: 201800 ns
[2020-03-27T08:12:48.823+0000][1][safepoint    ] Safepoint "RevokeBias", Time since last: 696810105 ns, Reaching safepoint: 194500 ns, At safepoint: 20500 ns, Total: 215000 ns
[2020-03-27T08:12:48.824+0000][1][safepoint    ] Safepoint "RevokeBias", Time since last: 1016800 ns, Reaching safepoint: 97800 ns, At safepoint: 21800 ns, Total: 119600 ns
[2020-03-27T08:12:48.826+0000][1][safepoint    ] Safepoint "RevokeBias", Time since last: 1732400 ns, Reaching safepoint: 112200 ns, At safepoint: 14200 ns, Total: 126400 ns
[2020-03-27T08:12:48.827+0000][1][safepoint    ] Safepoint "RevokeBias", Time since last: 1130400 ns, Reaching safepoint: 106100 ns, At safepoint: 15600 ns, Total: 121700 ns
[2020-03-27T08:12:48.873+0000][1][safepoint    ] Safepoint "RevokeBias", Time since last: 46167901 ns, Reaching safepoint: 194700 ns, At safepoint: 23800 ns, Total: 218500 ns
[2020-03-27T08:12:49.875+0000][1][safepoint    ] Safepoint "Cleanup", Time since last: 1001241408 ns, Reaching safepoint: 331000 ns, At safepoint: 87200 ns, Total: 418200 ns
[2020-03-27T08:12:50.878+0000][1][safepoint    ] Safepoint "Cleanup", Time since last: 1002478508 ns, Reaching safepoint: 423100 ns, At safepoint: 87000 ns, Total: 510100 ns
[2020-03-27T08:12:51.565+0000][1][safepoint    ] Safepoint "RevokeBias", Time since last: 686511104 ns, Reaching safepoint: 123600 ns, At safepoint: 15900 ns, Total: 139500 ns
[2020-03-27T08:12:52.008+0000][1][safepoint    ] Safepoint "RevokeBias", Time since last: 442697097 ns, Reaching safepoint: 278400 ns, At safepoint: 20600 ns, Total: 299000 ns
[2020-03-27T08:12:52.008+0000][1][safepoint    ] Safepoint "RevokeBias", Time since last: 578000 ns, Reaching safepoint: 65900 ns, At safepoint: 22100 ns, Total: 88000 ns
[2020-03-27T08:12:52.010+0000][1][safepoint    ] Safepoint "RevokeBias", Time since last: 1612100 ns, Reaching safepoint: 77800 ns, At safepoint: 12300 ns, Total: 90100 ns
[2020-03-27T08:12:52.011+0000][1][safepoint    ] Safepoint "RevokeBias", Time since last: 1173800 ns, Reaching safepoint: 69600 ns, At safepoint: 11000 ns, Total: 80600 ns
[2020-03-27T08:12:52.054+0000][1][safepoint    ] Safepoint "RevokeBias", Time since last: 42769400 ns, Reaching safepoint: 124800 ns, At safepoint: 20300 ns, Total: 145100 ns
[2020-03-27T08:12:53.055+0000][1][safepoint    ] Safepoint "Cleanup", Time since last: 1000894493 ns, Reaching safepoint: 332500 ns, At safepoint: 85300 ns, Total: 417800 ns
[2020-03-27T08:12:54.058+0000][1][safepoint    ] Safepoint "Cleanup", Time since last: 1002587594 ns, Reaching safepoint: 326600 ns, At safepoint: 87500 ns, Total: 414100 ns
[2020-03-27T08:12:55.061+0000][1][safepoint    ] Safepoint "Cleanup", Time since last: 1002121893 ns, Reaching safepoint: 125500 ns, At safepoint: 27100 ns, Total: 152600 ns
[2020-03-27T08:12:56.062+0000][1][safepoint    ] Safepoint "Cleanup", Time since last: 1001043493 ns, Reaching safepoint: 325800 ns, At safepoint: 86600 ns, Total: 412400 ns
[2020-03-27T08:12:57.065+0000][1][safepoint    ] Safepoint "Cleanup", Time since last: 1002106194 ns, Reaching safepoint: 405400 ns, At safepoint: 23700 ns, Total: 429100 ns
[2020-03-27T08:12:58.062+0000][1][gc,start     ] GC(125) Pause Young (Allocation Failure)
[2020-03-27T08:12:58.062+0000][1][gc,task      ] GC(125) Using 2 workers of 2 for evacuation
[2020-03-27T08:12:58.065+0000][1][gc,age       ] GC(125) Desired survivor size 8716288 bytes, new threshold 6 (max threshold 6)
[2020-03-27T08:12:58.066+0000][1][gc,age       ] GC(125) Age table with threshold 6 (max threshold 6)
[2020-03-27T08:12:58.066+0000][1][gc,age       ] GC(125) - age   1:     873616 bytes,     873616 total
[2020-03-27T08:12:58.067+0000][1][gc,age       ] GC(125) - age   2:    1033280 bytes,    1906896 total
[2020-03-27T08:12:58.067+0000][1][gc,heap      ] GC(125) ParNew: 147103K->2950K(153344K)
[2020-03-27T08:12:58.068+0000][1][gc,heap      ] GC(125) CMS: 171936K->171936K(353920K)
[2020-03-27T08:12:58.068+0000][1][gc,metaspace ] GC(125) Metaspace: 97142K->97142K(1138688K)
[2020-03-27T08:12:58.069+0000][1][gc           ] GC(125) Pause Young (Allocation Failure) 311M->170M(495M) 7.072ms
[2020-03-27T08:12:58.069+0000][1][gc,cpu       ] GC(125) User=0.00s Sys=0.00s Real=0.01s
[2020-03-27T08:12:58.070+0000][1][safepoint    ] Safepoint "GenCollectForAllocation", Time since last: 996748293 ns, Reaching safepoint: 115700 ns, At safepoint: 8151000 ns, Total: 8266700 ns
[2020-03-27T08:12:58.114+0000][1][safepoint    ] Safepoint "BulkRevokeBias", Time since last: 43616300 ns, Reaching safepoint: 91500 ns, At safepoint: 440500 ns, Total: 532000 ns
[2020-03-27T08:12:58.979+0000][1][safepoint    ] Safepoint "RevokeBias", Time since last: 864986294 ns, Reaching safepoint: 118800 ns, At safepoint: 26200 ns, Total: 145000 ns
[2020-03-27T08:12:58.982+0000][1][safepoint    ] Safepoint "RevokeBias", Time since last: 2626800 ns, Reaching safepoint: 84700 ns, At safepoint: 23100 ns, Total: 107800 ns
[2020-03-27T08:12:58.985+0000][1][safepoint    ] Safepoint "RevokeBias", Time since last: 3076400 ns, Reaching safepoint: 91900 ns, At safepoint: 21600 ns, Total: 113500 ns
[2020-03-27T08:12:58.986+0000][1][safepoint    ] Safepoint "RevokeBias", Time since last: 791500 ns, Reaching safepoint: 67200 ns, At safepoint: 22600 ns, Total: 89800 ns
[2020-03-27T08:12:59.029+0000][1][safepoint    ] Safepoint "RevokeBias", Time since last: 43381800 ns, Reaching safepoint: 89700 ns, At safepoint: 25400 ns, Total: 115100 ns
[2020-03-27T08:13:00.030+0000][1][safepoint    ] Safepoint "Cleanup", Time since last: 1000713250 ns, Reaching safepoint: 110000 ns, At safepoint: 20000 ns, Total: 130000 ns
[2020-03-27T08:13:01.032+0000][1][safepoint    ] Safepoint "Cleanup", Time since last: 1001082810 ns, Reaching safepoint: 459600 ns, At safepoint: 83900 ns, Total: 543500 ns
[2020-03-27T08:13:01.566+0000][1][safepoint    ] Safepoint "RevokeBias", Time since last: 534318752 ns, Reaching safepoint: 138600 ns, At safepoint: 20000 ns, Total: 158600 ns
[2020-03-27T08:13:02.114+0000][1][safepoint    ] Safepoint "RevokeBias", Time since last: 547820351 ns, Reaching safepoint: 191100 ns, At safepoint: 32500 ns, Total: 223600 ns
[2020-03-27T08:13:02.115+0000][1][safepoint    ] Safepoint "RevokeBias", Time since last: 667100 ns, Reaching safepoint: 160400 ns, At safepoint: 15400 ns, Total: 175800 ns
[2020-03-27T08:13:02.117+0000][1][safepoint    ] Safepoint "RevokeBias", Time since last: 1749000 ns, Reaching safepoint: 87900 ns, At safepoint: 22500 ns, Total: 110400 ns
[2020-03-27T08:13:02.118+0000][1][safepoint    ] Safepoint "RevokeBias", Time since last: 1163999 ns, Reaching safepoint: 82900 ns, At safepoint: 20400 ns, Total: 103300 ns
[2020-03-27T08:13:02.157+0000][1][safepoint    ] Safepoint "RevokeBias", Time since last: 38157897 ns, Reaching safepoint: 240000 ns, At safepoint: 21800 ns, Total: 261800 ns
[2020-03-27T08:13:03.158+0000][1][safepoint    ] Safepoint "Cleanup", Time since last: 1000974110 ns, Reaching safepoint: 337200 ns, At safepoint: 82400 ns, Total: 419600 ns
[2020-03-27T08:13:04.161+0000][1][safepoint    ] Safepoint "Cleanup", Time since last: 1002335210 ns, Reaching safepoint: 287700 ns, At safepoint: 54600 ns, Total: 342300 ns
[2020-03-27T08:13:05.163+0000][1][safepoint    ] Safepoint "Cleanup", Time since last: 1001950910 ns, Reaching safepoint: 321400 ns, At safepoint: 84000 ns, Total: 405400 ns
[2020-03-27T08:13:06.166+0000][1][safepoint    ] Safepoint "Cleanup", Time since last: 1002215909 ns, Reaching safepoint: 220200 ns, At safepoint: 16500 ns, Total: 236700 ns
[2020-03-27T08:13:07.167+0000][1][safepoint    ] Safepoint "Cleanup", Time since last: 1001295410 ns, Reaching safepoint: 323000 ns, At safepoint: 129700 ns, Total: 452700 ns
[2020-03-27T08:13:08.036+0000][1][gc,start     ] GC(126) Pause Young (Allocation Failure)
[2020-03-27T08:13:08.036+0000][1][gc,task      ] GC(126) Using 2 workers of 2 for evacuation
[2020-03-27T08:13:08.041+0000][1][gc,age       ] GC(126) Desired survivor size 8716288 bytes, new threshold 6 (max threshold 6)
[2020-03-27T08:13:08.042+0000][1][gc,age       ] GC(126) Age table with threshold 6 (max threshold 6)
[2020-03-27T08:13:08.043+0000][1][gc,age       ] GC(126) - age   1:     926016 bytes,     926016 total
[2020-03-27T08:13:08.043+0000][1][gc,age       ] GC(126) - age   2:     564808 bytes,    1490824 total
[2020-03-27T08:13:08.044+0000][1][gc,age       ] GC(126) - age   3:    1032760 bytes,    2523584 total
[2020-03-27T08:13:08.044+0000][1][gc,heap      ] GC(126) ParNew: 139270K->3201K(153344K)
[2020-03-27T08:13:08.045+0000][1][gc,heap      ] GC(126) CMS: 171936K->171936K(353920K)
[2020-03-27T08:13:08.045+0000][1][gc,metaspace ] GC(126) Metaspace: 97151K->97151K(1138688K)
[2020-03-27T08:13:08.046+0000][1][gc           ] GC(126) Pause Young (Allocation Failure) 303M->171M(495M) 10.069ms
[2020-03-27T08:13:08.046+0000][1][gc,cpu       ] GC(126) User=0.00s Sys=0.00s Real=0.01s
[2020-03-27T08:13:08.047+0000][1][safepoint    ] Safepoint "GenCollectForAllocation", Time since last: 868096889 ns, Reaching safepoint: 207000 ns, At safepoint: 11046907 ns, Total: 11253907 ns
[2020-03-27T08:13:08.073+0000][1][safepoint    ] Safepoint "RevokeBias", Time since last: 26478017 ns, Reaching safepoint: 183300 ns, At safepoint: 18600 ns, Total: 201900 ns
[2020-03-27T08:13:08.105+0000][1][safepoint    ] Safepoint "RevokeBias", Time since last: 31237820 ns, Reaching safepoint: 191700 ns, At safepoint: 36000 ns, Total: 227700 ns
[2020-03-27T08:13:08.106+0000][1][safepoint    ] Safepoint "RevokeBias", Time since last: 1307901 ns, Reaching safepoint: 120000 ns, At safepoint: 21400 ns, Total: 141400 ns
[2020-03-27T08:13:08.108+0000][1][safepoint    ] Safepoint "RevokeBias", Time since last: 1227301 ns, Reaching safepoint: 58200 ns, At safepoint: 12600 ns, Total: 70800 ns
[2020-03-27T08:13:08.109+0000][1][safepoint    ] Safepoint "RevokeBias", Time since last: 1036000 ns, Reaching safepoint: 81600 ns, At safepoint: 19400 ns, Total: 101000 ns
[2020-03-27T08:13:08.154+0000][1][safepoint    ] Safepoint "RevokeBias", Time since last: 44862729 ns, Reaching safepoint: 139500 ns, At safepoint: 30100 ns, Total: 169600 ns
[2020-03-27T08:13:09.155+0000][1][safepoint    ] Safepoint "Cleanup", Time since last: 1000951740 ns, Reaching safepoint: 195801 ns, At safepoint: 40000 ns, Total: 235801 ns
[2020-03-27T08:13:10.157+0000][1][safepoint    ] Safepoint "Cleanup", Time since last: 1001461440 ns, Reaching safepoint: 372600 ns, At safepoint: 79500 ns, Total: 452100 ns
[2020-03-27T08:13:11.160+0000][1][safepoint    ] Safepoint "Cleanup", Time since last: 1002717042 ns, Reaching safepoint: 334500 ns, At safepoint: 82700 ns, Total: 417200 ns
[2020-03-27T08:13:11.572+0000][1][safepoint    ] Safepoint "RevokeBias", Time since last: 411622763 ns, Reaching safepoint: 228200 ns, At safepoint: 18200 ns, Total: 246400 ns
[2020-03-27T08:13:12.222+0000][1][gc,start     ] GC(127) Pause Young (Allocation Failure)
[2020-03-27T08:13:12.223+0000][1][gc,task      ] GC(127) Using 2 workers of 2 for evacuation
[2020-03-27T08:13:12.228+0000][1][gc,age       ] GC(127) Desired survivor size 8716288 bytes, new threshold 6 (max threshold 6)
[2020-03-27T08:13:12.228+0000][1][gc,age       ] GC(127) Age table with threshold 6 (max threshold 6)
[2020-03-27T08:13:12.229+0000][1][gc,age       ] GC(127) - age   1:    4497344 bytes,    4497344 total
[2020-03-27T08:13:12.229+0000][1][gc,age       ] GC(127) - age   2:     567024 bytes,    5064368 total
[2020-03-27T08:13:12.230+0000][1][gc,age       ] GC(127) - age   3:     564496 bytes,    5628864 total
[2020-03-27T08:13:12.230+0000][1][gc,age       ] GC(127) - age   4:    1032760 bytes,    6661624 total
[2020-03-27T08:13:12.231+0000][1][gc,heap      ] GC(127) ParNew: 139295K->8336K(153344K)
[2020-03-27T08:13:12.231+0000][1][gc,heap      ] GC(127) CMS: 171936K->171936K(353920K)
[2020-03-27T08:13:12.232+0000][1][gc,metaspace ] GC(127) Metaspace: 97157K->97157K(1138688K)
[2020-03-27T08:13:12.232+0000][1][gc           ] GC(127) Pause Young (Allocation Failure) 303M->176M(495M) 9.984ms
[2020-03-27T08:13:12.233+0000][1][gc,cpu       ] GC(127) User=0.01s Sys=0.00s Real=0.01s
[2020-03-27T08:13:12.233+0000][1][safepoint    ] Safepoint "GenCollectForAllocation", Time since last: 650113516 ns, Reaching safepoint: 158000 ns, At safepoint: 10850607 ns, Total: 11008607 ns
[2020-03-27T08:13:12.251+0000][1][safepoint    ] Safepoint "RevokeBias", Time since last: 18298712 ns, Reaching safepoint: 135700 ns, At safepoint: 30100 ns, Total: 165800 ns
[2020-03-27T08:13:12.252+0000][1][safepoint    ] Safepoint "RevokeBias", Time since last: 433600 ns, Reaching safepoint: 70400 ns, At safepoint: 22200 ns, Total: 92600 ns
[2020-03-27T08:13:12.254+0000][1][safepoint    ] Safepoint "RevokeBias", Time since last: 1462001 ns, Reaching safepoint: 72200 ns, At safepoint: 10700 ns, Total: 82900 ns
[2020-03-27T08:13:12.255+0000][1][safepoint    ] Safepoint "RevokeBias", Time since last: 988901 ns, Reaching safepoint: 91700 ns, At safepoint: 20700 ns, Total: 112400 ns
[2020-03-27T08:13:12.295+0000][1][safepoint    ] Safepoint "RevokeBias", Time since last: 40340426 ns, Reaching safepoint: 211000 ns, At safepoint: 20600 ns, Total: 231600 ns
[2020-03-27T08:13:13.296+0000][1][safepoint    ] Safepoint "Cleanup", Time since last: 1000511440 ns, Reaching safepoint: 106500 ns, At safepoint: 17800 ns, Total: 124300 ns
[2020-03-27T08:13:14.297+0000][1][safepoint    ] Safepoint "Cleanup", Time since last: 1000719340 ns, Reaching safepoint: 193900 ns, At safepoint: 44100 ns, Total: 238000 ns
[2020-03-27T08:13:15.317+0000][1][safepoint    ] Safepoint "Cleanup", Time since last: 1020227353 ns, Reaching safepoint: 127700 ns, At safepoint: 6000 ns, Total: 133700 ns
[2020-03-27T08:13:16.362+0000][1][safepoint    ] Safepoint "Cleanup", Time since last: 1045108819 ns, Reaching safepoint: 148700 ns, At safepoint: 22200 ns, Total: 170900 ns
[2020-03-27T08:13:17.364+0000][1][safepoint    ] Safepoint "Cleanup", Time since last: 1001165734 ns, Reaching safepoint: 322100 ns, At safepoint: 82600 ns, Total: 404700 ns
[2020-03-27T08:13:18.103+0000][1][safepoint    ] Safepoint "RevokeBias", Time since last: 738424946 ns, Reaching safepoint: 175000 ns, At safepoint: 30100 ns, Total: 205100 ns
[2020-03-27T08:13:19.104+0000][1][safepoint    ] Safepoint "Cleanup", Time since last: 1000906233 ns, Reaching safepoint: 148400 ns, At safepoint: 35700 ns, Total: 184100 ns
[2020-03-27T08:13:20.105+0000][1][safepoint    ] Safepoint "Cleanup", Time since last: 1001265834 ns, Reaching safepoint: 433500 ns, At safepoint: 28900 ns, Total: 462400 ns
[2020-03-27T08:13:21.108+0000][1][safepoint    ] Safepoint "Cleanup", Time since last: 1002155934 ns, Reaching safepoint: 327300 ns, At safepoint: 84300 ns, Total: 411600 ns
[2020-03-27T08:13:21.578+0000][1][safepoint    ] Safepoint "RevokeBias", Time since last: 469515057 ns, Reaching safepoint: 208000 ns, At safepoint: 37400 ns, Total: 245400 ns
[2020-03-27T08:13:22.579+0000][1][safepoint    ] Safepoint "Cleanup", Time since last: 1001234234 ns, Reaching safepoint: 196000 ns, At safepoint: 50300 ns, Total: 246300 ns
[2020-03-27T08:13:23.581+0000][1][safepoint    ] Safepoint "Cleanup", Time since last: 1001630839 ns, Reaching safepoint: 322900 ns, At safepoint: 120800 ns, Total: 443700 ns
[2020-03-27T08:13:24.584+0000][1][safepoint    ] Safepoint "Cleanup", Time since last: 1002274553 ns, Reaching safepoint: 322300 ns, At safepoint: 85100 ns, Total: 407400 ns
[2020-03-27T08:13:25.586+0000][1][safepoint    ] Safepoint "Cleanup", Time since last: 1001978253 ns, Reaching safepoint: 322100 ns, At safepoint: 94100 ns, Total: 416200 ns
[2020-03-27T08:13:26.589+0000][1][safepoint    ] Safepoint "Cleanup", Time since last: 1002262153 ns, Reaching safepoint: 368400 ns, At safepoint: 84800 ns, Total: 453200 ns
[2020-03-27T08:13:27.592+0000][1][safepoint    ] Safepoint "Cleanup", Time since last: 1002474553 ns, Reaching safepoint: 323900 ns, At safepoint: 86101 ns, Total: 410001 ns
[2020-03-27T08:13:28.127+0000][1][safepoint    ] Safepoint "RevokeBias", Time since last: 534571848 ns, Reaching safepoint: 172200 ns, At safepoint: 27500 ns, Total: 199700 ns
[2020-03-27T08:13:29.128+0000][1][safepoint    ] Safepoint "Cleanup", Time since last: 1000831052 ns, Reaching safepoint: 323900 ns, At safepoint: 87200 ns, Total: 411100 ns
[2020-03-27T08:13:30.130+0000][1][safepoint    ] Safepoint "Cleanup", Time since last: 1002271053 ns, Reaching safepoint: 97300 ns, At safepoint: 16000 ns, Total: 113300 ns
[2020-03-27T08:13:31.132+0000][1][safepoint    ] Safepoint "Cleanup", Time since last: 1001056352 ns, Reaching safepoint: 146600 ns, At safepoint: 16900 ns, Total: 163500 ns
[2020-03-27T08:13:31.584+0000][1][safepoint    ] Safepoint "RevokeBias", Time since last: 451918192 ns, Reaching safepoint: 210900 ns, At safepoint: 49000 ns, Total: 259900 ns
[2020-03-27T08:13:32.585+0000][1][safepoint    ] Safepoint "Cleanup", Time since last: 1000686718 ns, Reaching safepoint: 407000 ns, At safepoint: 90100 ns, Total: 497100 ns
[2020-03-27T08:13:33.588+0000][1][safepoint    ] Safepoint "Cleanup", Time since last: 1002353618 ns, Reaching safepoint: 420700 ns, At safepoint: 81800 ns, Total: 502500 ns
[2020-03-27T08:13:34.591+0000][1][safepoint    ] Safepoint "Cleanup", Time since last: 1002359518 ns, Reaching safepoint: 413000 ns, At safepoint: 80300 ns, Total: 493300 ns
[2020-03-27T08:13:35.594+0000][1][safepoint    ] Safepoint "Cleanup", Time since last: 1002405318 ns, Reaching safepoint: 332300 ns, At safepoint: 155000 ns, Total: 487300 ns
[2020-03-27T08:13:36.597+0000][1][safepoint    ] Safepoint "Cleanup", Time since last: 1002518018 ns, Reaching safepoint: 329000 ns, At safepoint: 176500 ns, Total: 505500 ns
[2020-03-27T08:13:37.599+0000][1][safepoint    ] Safepoint "Cleanup", Time since last: 1002358918 ns, Reaching safepoint: 362900 ns, At safepoint: 83700 ns, Total: 446600 ns
[2020-03-27T08:13:38.076+0000][1][safepoint    ] Safepoint "RevokeBias", Time since last: 476247514 ns, Reaching safepoint: 180300 ns, At safepoint: 25300 ns, Total: 205600 ns
[2020-03-27T08:13:39.077+0000][1][safepoint    ] Safepoint "Cleanup", Time since last: 1001074818 ns, Reaching safepoint: 332800 ns, At safepoint: 86900 ns, Total: 419700 ns
[2020-03-27T08:13:40.080+0000][1][safepoint    ] Safepoint "Cleanup", Time since last: 1002348757 ns, Reaching safepoint: 117800 ns, At safepoint: 22600 ns, Total: 140400 ns
[2020-03-27T08:13:40.414+0000][1][safepoint    ] Safepoint "RevokeBias", Time since last: 333959051 ns, Reaching safepoint: 322799 ns, At safepoint: 116600 ns, Total: 439399 ns
[2020-03-27T08:13:40.450+0000][1][gc,start     ] GC(128) Pause Young (Allocation Failure)
[2020-03-27T08:13:40.451+0000][1][gc,task      ] GC(128) Using 2 workers of 2 for evacuation
[2020-03-27T08:13:40.468+0000][1][gc,age       ] GC(128) Desired survivor size 8716288 bytes, new threshold 1 (max threshold 6)
[2020-03-27T08:13:40.469+0000][1][gc,age       ] GC(128) Age table with threshold 1 (max threshold 6)
[2020-03-27T08:13:40.469+0000][1][gc,age       ] GC(128) - age   1:   13703080 bytes,   13703080 total
[2020-03-27T08:13:40.469+0000][1][gc,age       ] GC(128) - age   2:     759384 bytes,   14462464 total
[2020-03-27T08:13:40.470+0000][1][gc,age       ] GC(128) - age   3:     560088 bytes,   15022552 total
[2020-03-27T08:13:40.470+0000][1][gc,age       ] GC(128) - age   4:     564176 bytes,   15586728 total
[2020-03-27T08:13:40.471+0000][1][gc,age       ] GC(128) - age   5:    1031272 bytes,   16618000 total
[2020-03-27T08:13:40.471+0000][1][gc,heap      ] GC(128) ParNew: 144656K->17024K(153344K)
[2020-03-27T08:13:40.472+0000][1][gc,heap      ] GC(128) CMS: 171936K->171936K(353920K)
[2020-03-27T08:13:40.472+0000][1][gc,metaspace ] GC(128) Metaspace: 97183K->97183K(1138688K)
[2020-03-27T08:13:40.473+0000][1][gc           ] GC(128) Pause Young (Allocation Failure) 309M->184M(495M) 22.732ms
[2020-03-27T08:13:40.473+0000][1][gc,cpu       ] GC(128) User=0.02s Sys=0.00s Real=0.02s
[2020-03-27T08:13:40.473+0000][1][safepoint    ] Safepoint "GenCollectForAllocation", Time since last: 35560853 ns, Reaching safepoint: 112699 ns, At safepoint: 23433569 ns, Total: 23546268 ns
[2020-03-27T08:13:40.571+0000][1][safepoint    ] Safepoint "RevokeBias", Time since last: 96788470 ns, Reaching safepoint: 434699 ns, At safepoint: 102600 ns, Total: 537299 ns
[2020-03-27T08:13:41.573+0000][1][safepoint    ] Safepoint "Cleanup", Time since last: 1002068053 ns, Reaching safepoint: 320200 ns, At safepoint: 85600 ns, Total: 405800 ns
[2020-03-27T08:13:41.607+0000][1][safepoint    ] Safepoint "RevokeBias", Time since last: 33827854 ns, Reaching safepoint: 179000 ns, At safepoint: 43200 ns, Total: 222200 ns
[2020-03-27T08:13:42.609+0000][1][safepoint    ] Safepoint "Cleanup", Time since last: 1001621854 ns, Reaching safepoint: 370899 ns, At safepoint: 188800 ns, Total: 559699 ns
[2020-03-27T08:13:43.612+0000][1][safepoint    ] Safepoint "Cleanup", Time since last: 1001837854 ns, Reaching safepoint: 400399 ns, At safepoint: 76600 ns, Total: 476999 ns
[2020-03-27T08:13:44.250+0000][1][safepoint    ] Safepoint "RevokeBias", Time since last: 638084942 ns, Reaching safepoint: 391300 ns, At safepoint: 34000 ns, Total: 425300 ns
[2020-03-27T08:13:44.251+0000][1][safepoint    ] Safepoint "BulkRevokeBias", Time since last: 449399 ns, Reaching safepoint: 179100 ns, At safepoint: 427699 ns, Total: 606799 ns
[2020-03-27T08:13:44.252+0000][1][safepoint    ] Safepoint "RevokeBias", Time since last: 713100 ns, Reaching safepoint: 64999 ns, At safepoint: 13200 ns, Total: 78199 ns
[2020-03-27T08:13:44.253+0000][1][safepoint    ] Safepoint "RevokeBias", Time since last: 1264799 ns, Reaching safepoint: 55100 ns, At safepoint: 21600 ns, Total: 76700 ns
[2020-03-27T08:13:44.254+0000][1][safepoint    ] Safepoint "RevokeBias", Time since last: 898698 ns, Reaching safepoint: 55100 ns, At safepoint: 10800 ns, Total: 65900 ns
[2020-03-27T08:13:44.300+0000][1][safepoint    ] Safepoint "RevokeBias", Time since last: 45018740 ns, Reaching safepoint: 239299 ns, At safepoint: 23900 ns, Total: 263199 ns
[2020-03-27T08:13:44.393+0000][1][safepoint    ] Safepoint "RevokeBias", Time since last: 92530276 ns, Reaching safepoint: 222800 ns, At safepoint: 161300 ns, Total: 384100 ns
[2020-03-27T08:13:44.399+0000][1][safepoint    ] Safepoint "RevokeBias", Time since last: 5861292 ns, Reaching safepoint: 302199 ns, At safepoint: 133400 ns, Total: 435599 ns
[2020-03-27T08:13:44.437+0000][1][safepoint    ] Safepoint "RevokeBias", Time since last: 37819549 ns, Reaching safepoint: 287100 ns, At safepoint: 32900 ns, Total: 320000 ns
[2020-03-27T08:13:44.438+0000][1][safepoint    ] Safepoint "RevokeBias", Time since last: 634599 ns, Reaching safepoint: 145100 ns, At safepoint: 23500 ns, Total: 168600 ns
[2020-03-27T08:13:44.440+0000][1][safepoint    ] Safepoint "RevokeBias", Time since last: 1666698 ns, Reaching safepoint: 72299 ns, At safepoint: 21700 ns, Total: 93999 ns
[2020-03-27T08:13:44.441+0000][1][safepoint    ] Safepoint "RevokeBias", Time since last: 1177299 ns, Reaching safepoint: 191300 ns, At safepoint: 39700 ns, Total: 231000 ns
[2020-03-27T08:13:44.483+0000][1][safepoint    ] Safepoint "RevokeBias", Time since last: 41888943 ns, Reaching safepoint: 114500 ns, At safepoint: 19000 ns, Total: 133500 ns
[2020-03-27T08:13:44.546+0000][1][safepoint    ] Safepoint "RevokeBias", Time since last: 62422216 ns, Reaching safepoint: 165800 ns, At safepoint: 26900 ns, Total: 192700 ns
[2020-03-27T08:13:44.547+0000][1][safepoint    ] Safepoint "RevokeBias", Time since last: 1686698 ns, Reaching safepoint: 73200 ns, At safepoint: 13000 ns, Total: 86200 ns
[2020-03-27T08:13:44.549+0000][1][safepoint    ] Safepoint "RevokeBias", Time since last: 1037298 ns, Reaching safepoint: 66600 ns, At safepoint: 27800 ns, Total: 94400 ns
[2020-03-27T08:13:45.550+0000][1][safepoint    ] Safepoint "Cleanup", Time since last: 1000567019 ns, Reaching safepoint: 466200 ns, At safepoint: 89000 ns, Total: 555200 ns
[2020-03-27T08:13:45.681+0000][1][gc,start     ] GC(129) Pause Young (Allocation Failure)
[2020-03-27T08:13:45.682+0000][1][gc,task      ] GC(129) Using 2 workers of 2 for evacuation
[2020-03-27T08:13:45.714+0000][1][gc,age       ] GC(129) Desired survivor size 8716288 bytes, new threshold 6 (max threshold 6)
[2020-03-27T08:13:45.714+0000][1][gc,age       ] GC(129) Age table with threshold 6 (max threshold 6)
[2020-03-27T08:13:45.715+0000][1][gc,age       ] GC(129) - age   1:    2277392 bytes,    2277392 total
[2020-03-27T08:13:45.715+0000][1][gc,heap      ] GC(129) ParNew: 152868K->13540K(153344K)
[2020-03-27T08:13:45.716+0000][1][gc,heap      ] GC(129) CMS: 171936K->174681K(353920K)
[2020-03-27T08:13:45.716+0000][1][gc,metaspace ] GC(129) Metaspace: 97242K->97242K(1138688K)
[2020-03-27T08:13:45.717+0000][1][gc           ] GC(129) Pause Young (Allocation Failure) 317M->183M(495M) 35.370ms
[2020-03-27T08:13:45.717+0000][1][gc,cpu       ] GC(129) User=0.01s Sys=0.01s Real=0.04s
[2020-03-27T08:13:45.718+0000][1][safepoint    ] Safepoint "GenCollectForAllocation", Time since last: 131602223 ns, Reaching safepoint: 147800 ns, At safepoint: 36456206 ns, Total: 36604006 ns
[2020-03-27T08:13:45.729+0000][1][safepoint    ] Safepoint "RevokeBias", Time since last: 10565502 ns, Reaching safepoint: 174700 ns, At safepoint: 19600 ns, Total: 194300 ns
[2020-03-27T08:13:45.729+0000][1][safepoint    ] Safepoint "RevokeBias", Time since last: 616900 ns, Reaching safepoint: 64000 ns, At safepoint: 22100 ns, Total: 86100 ns
[2020-03-27T08:13:45.731+0000][1][safepoint    ] Safepoint "RevokeBias", Time since last: 1268200 ns, Reaching safepoint: 216100 ns, At safepoint: 118500 ns, Total: 334600 ns
[2020-03-27T08:13:45.732+0000][1][safepoint    ] Safepoint "RevokeBias", Time since last: 972100 ns, Reaching safepoint: 64500 ns, At safepoint: 17400 ns, Total: 81900 ns
[2020-03-27T08:13:45.789+0000][1][safepoint    ] Safepoint "RevokeBias", Time since last: 56762010 ns, Reaching safepoint: 134200 ns, At safepoint: 21100 ns, Total: 155300 ns
[2020-03-27T08:13:46.790+0000][1][safepoint    ] Safepoint "Cleanup", Time since last: 1001056871 ns, Reaching safepoint: 380500 ns, At safepoint: 78000 ns, Total: 458500 ns
[2020-03-27T08:13:47.792+0000][1][safepoint    ] Safepoint "Cleanup", Time since last: 1001811697 ns, Reaching safepoint: 118500 ns, At safepoint: 23499 ns, Total: 141999 ns
[2020-03-27T08:13:48.098+0000][1][safepoint    ] Safepoint "RevokeBias", Time since last: 305485270 ns, Reaching safepoint: 95399 ns, At safepoint: 24700 ns, Total: 120099 ns
[2020-03-27T08:13:48.438+0000][1][safepoint    ] Safepoint "RevokeBias", Time since last: 339428311 ns, Reaching safepoint: 411298 ns, At safepoint: 22400 ns, Total: 433698 ns
[2020-03-27T08:13:48.439+0000][1][safepoint    ] Safepoint "RevokeBias", Time since last: 1244594 ns, Reaching safepoint: 190699 ns, At safepoint: 18000 ns, Total: 208699 ns
[2020-03-27T08:13:48.441+0000][1][safepoint    ] Safepoint "RevokeBias", Time since last: 1732792 ns, Reaching safepoint: 226299 ns, At safepoint: 18000 ns, Total: 244299 ns
[2020-03-27T08:13:48.443+0000][1][safepoint    ] Safepoint "RevokeBias", Time since last: 1364293 ns, Reaching safepoint: 181899 ns, At safepoint: 15700 ns, Total: 197599 ns
[2020-03-27T08:13:48.491+0000][1][safepoint    ] Safepoint "RevokeBias", Time since last: 48108075 ns, Reaching safepoint: 244899 ns, At safepoint: 19700 ns, Total: 264599 ns
[2020-03-27T08:13:49.492+0000][1][safepoint    ] Safepoint "Cleanup", Time since last: 1000773113 ns, Reaching safepoint: 110600 ns, At safepoint: 21600 ns, Total: 132200 ns
[2020-03-27T08:13:50.493+0000][1][safepoint    ] Safepoint "Cleanup", Time since last: 1000883813 ns, Reaching safepoint: 116599 ns, At safepoint: 25200 ns, Total: 141799 ns
[2020-03-27T08:13:51.494+0000][1][safepoint    ] Safepoint "Cleanup", Time since last: 1001149732 ns, Reaching safepoint: 121500 ns, At safepoint: 26500 ns, Total: 148000 ns
[2020-03-27T08:13:51.610+0000][1][safepoint    ] Safepoint "RevokeBias", Time since last: 115403704 ns, Reaching safepoint: 112100 ns, At safepoint: 22600 ns, Total: 134700 ns
[2020-03-27T08:13:52.571+0000][1][gc,start     ] GC(130) Pause Young (Allocation Failure)
[2020-03-27T08:13:52.572+0000][1][gc,task      ] GC(130) Using 2 workers of 2 for evacuation
[2020-03-27T08:13:52.583+0000][1][gc,age       ] GC(130) Desired survivor size 8716288 bytes, new threshold 6 (max threshold 6)
[2020-03-27T08:13:52.584+0000][1][gc,age       ] GC(130) Age table with threshold 6 (max threshold 6)
[2020-03-27T08:13:52.585+0000][1][gc,age       ] GC(130) - age   1:    5070088 bytes,    5070088 total
[2020-03-27T08:13:52.585+0000][1][gc,age       ] GC(130) - age   2:     975168 bytes,    6045256 total
[2020-03-27T08:13:52.586+0000][1][gc,heap      ] GC(130) ParNew: 149860K->7604K(153344K)
[2020-03-27T08:13:52.587+0000][1][gc,heap      ] GC(130) CMS: 174681K->174681K(353920K)
[2020-03-27T08:13:52.587+0000][1][gc,metaspace ] GC(130) Metaspace: 97246K->97246K(1138688K)
[2020-03-27T08:13:52.588+0000][1][gc           ] GC(130) Pause Young (Allocation Failure) 316M->178M(495M) 17.009ms
[2020-03-27T08:13:52.589+0000][1][gc,cpu       ] GC(130) User=0.02s Sys=0.00s Real=0.02s
[2020-03-27T08:13:52.590+0000][1][safepoint    ] Safepoint "GenCollectForAllocation", Time since last: 960629630 ns, Reaching safepoint: 390200 ns, At safepoint: 18591801 ns, Total: 18982001 ns
[2020-03-27T08:13:52.604+0000][1][safepoint    ] Safepoint "RevokeBias", Time since last: 14604400 ns, Reaching safepoint: 95400 ns, At safepoint: 25800 ns, Total: 121200 ns
[2020-03-27T08:13:52.605+0000][1][safepoint    ] Safepoint "RevokeBias", Time since last: 449500 ns, Reaching safepoint: 89000 ns, At safepoint: 14000 ns, Total: 103000 ns
[2020-03-27T08:13:52.607+0000][1][safepoint    ] Safepoint "RevokeBias", Time since last: 1673800 ns, Reaching safepoint: 110600 ns, At safepoint: 23900 ns, Total: 134500 ns
[2020-03-27T08:13:52.608+0000][1][safepoint    ] Safepoint "RevokeBias", Time since last: 986400 ns, Reaching safepoint: 60700 ns, At safepoint: 21200 ns, Total: 81900 ns
[2020-03-27T08:13:52.677+0000][1][safepoint    ] Safepoint "RevokeBias", Time since last: 68652702 ns, Reaching safepoint: 113500 ns, At safepoint: 47900 ns, Total: 161400 ns
[2020-03-27T08:13:53.678+0000][1][safepoint    ] Safepoint "Cleanup", Time since last: 1000870632 ns, Reaching safepoint: 496200 ns, At safepoint: 76800 ns, Total: 573000 ns
[2020-03-27T08:13:54.681+0000][1][safepoint    ] Safepoint "Cleanup", Time since last: 1002430732 ns, Reaching safepoint: 406300 ns, At safepoint: 82000 ns, Total: 488300 ns
[2020-03-27T08:13:55.683+0000][1][safepoint    ] Safepoint "Cleanup", Time since last: 1001987201 ns, Reaching safepoint: 322499 ns, At safepoint: 100200 ns, Total: 422699 ns
[2020-03-27T08:13:56.686+0000][1][safepoint    ] Safepoint "Cleanup", Time since last: 1002424962 ns, Reaching safepoint: 226400 ns, At safepoint: 62099 ns, Total: 288499 ns
[2020-03-27T08:13:57.688+0000][1][safepoint    ] Safepoint "Cleanup", Time since last: 1001336362 ns, Reaching safepoint: 127100 ns, At safepoint: 74800 ns, Total: 201900 ns
[2020-03-27T08:13:58.109+0000][1][safepoint    ] Safepoint "RevokeBias", Time since last: 421107674 ns, Reaching safepoint: 93700 ns, At safepoint: 23800 ns, Total: 117500 ns
[2020-03-27T08:13:58.597+0000][1][safepoint    ] Safepoint "RevokeBias", Time since last: 487794138 ns, Reaching safepoint: 95400 ns, At safepoint: 26100 ns, Total: 121500 ns
[2020-03-27T08:13:58.598+0000][1][safepoint    ] Safepoint "RevokeBias", Time since last: 1193199 ns, Reaching safepoint: 67800 ns, At safepoint: 22700 ns, Total: 90500 ns
[2020-03-27T08:13:58.600+0000][1][safepoint    ] Safepoint "RevokeBias", Time since last: 1493999 ns, Reaching safepoint: 77900 ns, At safepoint: 22000 ns, Total: 99900 ns
[2020-03-27T08:13:58.600+0000][1][safepoint    ] Safepoint "RevokeBias", Time since last: 536100 ns, Reaching safepoint: 74700 ns, At safepoint: 21600 ns, Total: 96300 ns
[2020-03-27T08:13:58.642+0000][1][safepoint    ] Safepoint "RevokeBias", Time since last: 42027377 ns, Reaching safepoint: 107500 ns, At safepoint: 20300 ns, Total: 127800 ns
[2020-03-27T08:13:58.708+0000][1][safepoint    ] Safepoint "RevokeBias", Time since last: 65484765 ns, Reaching safepoint: 169400 ns, At safepoint: 24700 ns, Total: 194100 ns
[2020-03-27T08:13:58.716+0000][1][safepoint    ] Safepoint "RevokeBias", Time since last: 7447696 ns, Reaching safepoint: 294900 ns, At safepoint: 16000 ns, Total: 310900 ns
[2020-03-27T08:13:58.779+0000][1][gc,start     ] GC(131) Pause Young (Allocation Failure)
[2020-03-27T08:13:58.779+0000][1][gc,task      ] GC(131) Using 2 workers of 2 for evacuation
[2020-03-27T08:13:58.783+0000][1][gc,age       ] GC(131) Desired survivor size 8716288 bytes, new threshold 6 (max threshold 6)
[2020-03-27T08:13:58.783+0000][1][gc,age       ] GC(131) Age table with threshold 6 (max threshold 6)
[2020-03-27T08:13:58.784+0000][1][gc,age       ] GC(131) - age   1:    1947544 bytes,    1947544 total
[2020-03-27T08:13:58.785+0000][1][gc,age       ] GC(131) - age   2:     549192 bytes,    2496736 total
[2020-03-27T08:13:58.785+0000][1][gc,age       ] GC(131) - age   3:     963640 bytes,    3460376 total
[2020-03-27T08:13:58.786+0000][1][gc,heap      ] GC(131) ParNew: 143902K->5378K(153344K)
[2020-03-27T08:13:58.786+0000][1][gc,heap      ] GC(131) CMS: 174681K->174681K(353920K)
[2020-03-27T08:13:58.787+0000][1][gc,metaspace ] GC(131) Metaspace: 97246K->97246K(1138688K)
[2020-03-27T08:13:58.787+0000][1][gc           ] GC(131) Pause Young (Allocation Failure) 311M->175M(495M) 8.582ms
[2020-03-27T08:13:58.788+0000][1][gc,cpu       ] GC(131) User=0.01s Sys=0.00s Real=0.01s
[2020-03-27T08:13:58.788+0000][1][safepoint    ] Safepoint "GenCollectForAllocation", Time since last: 62731766 ns, Reaching safepoint: 96600 ns, At safepoint: 9753795 ns, Total: 9850395 ns
[2020-03-27T08:13:58.880+0000][1][safepoint    ] Safepoint "RevokeBias", Time since last: 90997851 ns, Reaching safepoint: 139000 ns, At safepoint: 24300 ns, Total: 163300 ns
[2020-03-27T08:13:58.880+0000][1][safepoint    ] Safepoint "RevokeBias", Time since last: 333600 ns, Reaching safepoint: 59799 ns, At safepoint: 21300 ns, Total: 81099 ns
[2020-03-27T08:13:58.880+0000][1][safepoint    ] Safepoint "RevokeBias", Time since last: 334200 ns, Reaching safepoint: 50600 ns, At safepoint: 20300 ns, Total: 70900 ns
[2020-03-27T08:13:58.881+0000][1][safepoint    ] Safepoint "RevokeBias", Time since last: 307900 ns, Reaching safepoint: 48300 ns, At safepoint: 19200 ns, Total: 67500 ns
[2020-03-27T08:13:58.881+0000][1][safepoint    ] Safepoint "RevokeBias", Time since last: 340000 ns, Reaching safepoint: 48800 ns, At safepoint: 11400 ns, Total: 60200 ns
[2020-03-27T08:13:58.882+0000][1][safepoint    ] Safepoint "RevokeBias", Time since last: 325000 ns, Reaching safepoint: 74400 ns, At safepoint: 17700 ns, Total: 92100 ns
[2020-03-27T08:13:58.882+0000][1][safepoint    ] Safepoint "RevokeBias", Time since last: 267799 ns, Reaching safepoint: 65800 ns, At safepoint: 11100 ns, Total: 76900 ns
[2020-03-27T08:13:58.882+0000][1][safepoint    ] Safepoint "RevokeBias", Time since last: 267900 ns, Reaching safepoint: 47100 ns, At safepoint: 19000 ns, Total: 66100 ns
[2020-03-27T08:13:58.883+0000][1][safepoint    ] Safepoint "RevokeBias", Time since last: 243800 ns, Reaching safepoint: 58700 ns, At safepoint: 18600 ns, Total: 77300 ns
[2020-03-27T08:13:59.709+0000][1][safepoint    ] Safepoint "RevokeBias", Time since last: 825920756 ns, Reaching safepoint: 395600 ns, At safepoint: 90100 ns, Total: 485700 ns
[2020-03-27T08:13:59.717+0000][1][safepoint    ] Safepoint "RevokeBias", Time since last: 7446796 ns, Reaching safepoint: 411900 ns, At safepoint: 41500 ns, Total: 453400 ns
[2020-03-27T08:14:00.719+0000][1][safepoint    ] Safepoint "Cleanup", Time since last: 1001762161 ns, Reaching safepoint: 372100 ns, At safepoint: 79300 ns, Total: 451400 ns
[2020-03-27T08:14:01.610+0000][1][safepoint    ] Safepoint "RevokeBias", Time since last: 890949021 ns, Reaching safepoint: 215500 ns, At safepoint: 141700 ns, Total: 357200 ns
[2020-03-27T08:14:01.884+0000][1][safepoint    ] Safepoint "RevokeBias", Time since last: 272977753 ns, Reaching safepoint: 287000 ns, At safepoint: 25700 ns, Total: 312700 ns
[2020-03-27T08:14:01.884+0000][1][safepoint    ] Safepoint "RevokeBias", Time since last: 665000 ns, Reaching safepoint: 64300 ns, At safepoint: 13600 ns, Total: 77900 ns
[2020-03-27T08:14:01.886+0000][1][safepoint    ] Safepoint "RevokeBias", Time since last: 1709299 ns, Reaching safepoint: 91000 ns, At safepoint: 21900 ns, Total: 112900 ns
[2020-03-27T08:14:01.887+0000][1][safepoint    ] Safepoint "RevokeBias", Time since last: 1134299 ns, Reaching safepoint: 71000 ns, At safepoint: 23200 ns, Total: 94200 ns
[2020-03-27T08:14:01.929+0000][1][safepoint    ] Safepoint "RevokeBias", Time since last: 41828778 ns, Reaching safepoint: 108000 ns, At safepoint: 31500 ns, Total: 139500 ns
[2020-03-27T08:14:02.930+0000][1][safepoint    ] Safepoint "Cleanup", Time since last: 1000546862 ns, Reaching safepoint: 120300 ns, At safepoint: 19200 ns, Total: 139500 ns
[2020-03-27T08:14:03.931+0000][1][safepoint    ] Safepoint "Cleanup", Time since last: 1000718873 ns, Reaching safepoint: 91900 ns, At safepoint: 21900 ns, Total: 113800 ns
[2020-03-27T08:14:04.932+0000][1][safepoint    ] Safepoint "Cleanup", Time since last: 1000922244 ns, Reaching safepoint: 419800 ns, At safepoint: 40099 ns, Total: 459899 ns
[2020-03-27T08:14:05.935+0000][1][safepoint    ] Safepoint "Cleanup", Time since last: 1001937843 ns, Reaching safepoint: 409800 ns, At safepoint: 20700 ns, Total: 430500 ns
[2020-03-27T08:14:06.937+0000][1][safepoint    ] Safepoint "Cleanup", Time since last: 1001991643 ns, Reaching safepoint: 591699 ns, At safepoint: 41100 ns, Total: 632799 ns
[2020-03-27T08:14:07.940+0000][1][safepoint    ] Safepoint "Cleanup", Time since last: 1001956443 ns, Reaching safepoint: 383999 ns, At safepoint: 73700 ns, Total: 457699 ns
[2020-03-27T08:14:08.084+0000][1][safepoint    ] Safepoint "RevokeBias", Time since last: 144532377 ns, Reaching safepoint: 91000 ns, At safepoint: 24200 ns, Total: 115200 ns
[2020-03-27T08:14:08.096+0000][1][gc,start     ] GC(132) Pause Young (Allocation Failure)
[2020-03-27T08:14:08.096+0000][1][gc,task      ] GC(132) Using 2 workers of 2 for evacuation
[2020-03-27T08:14:08.100+0000][1][gc,age       ] GC(132) Desired survivor size 8716288 bytes, new threshold 6 (max threshold 6)
[2020-03-27T08:14:08.101+0000][1][gc,age       ] GC(132) Age table with threshold 6 (max threshold 6)
[2020-03-27T08:14:08.101+0000][1][gc,age       ] GC(132) - age   1:    6169056 bytes,    6169056 total
[2020-03-27T08:14:08.102+0000][1][gc,age       ] GC(132) - age   2:     221568 bytes,    6390624 total
[2020-03-27T08:14:08.102+0000][1][gc,age       ] GC(132) - age   3:     192600 bytes,    6583224 total
[2020-03-27T08:14:08.102+0000][1][gc,age       ] GC(132) - age   4:     375384 bytes,    6958608 total
[2020-03-27T08:14:08.103+0000][1][gc,heap      ] GC(132) ParNew: 141669K->9697K(153344K)
[2020-03-27T08:14:08.104+0000][1][gc,heap      ] GC(132) CMS: 174681K->174681K(353920K)
[2020-03-27T08:14:08.104+0000][1][gc,metaspace ] GC(132) Metaspace: 97252K->97252K(1138688K)
[2020-03-27T08:14:08.104+0000][1][gc           ] GC(132) Pause Young (Allocation Failure) 308M->180M(495M) 8.668ms
[2020-03-27T08:14:08.105+0000][1][gc,cpu       ] GC(132) User=0.00s Sys=0.00s Real=0.00s
[2020-03-27T08:14:08.106+0000][1][safepoint    ] Safepoint "GenCollectForAllocation", Time since last: 11141290 ns, Reaching safepoint: 219900 ns, At safepoint: 9815892 ns, Total: 10035792 ns
[2020-03-27T08:14:08.894+0000][1][safepoint    ] Safepoint "RevokeBias", Time since last: 788720225 ns, Reaching safepoint: 110900 ns, At safepoint: 16100 ns, Total: 127000 ns
[2020-03-27T08:14:08.896+0000][1][safepoint    ] Safepoint "BulkRevokeBias", Time since last: 1264299 ns, Reaching safepoint: 68199 ns, At safepoint: 413000 ns, Total: 481199 ns
[2020-03-27T08:14:08.897+0000][1][safepoint    ] Safepoint "RevokeBias", Time since last: 1228199 ns, Reaching safepoint: 75300 ns, At safepoint: 20500 ns, Total: 95800 ns
[2020-03-27T08:14:08.899+0000][1][safepoint    ] Safepoint "BulkRevokeBias", Time since last: 1008599 ns, Reaching safepoint: 68900 ns, At safepoint: 435500 ns, Total: 504400 ns
[2020-03-27T08:14:08.941+0000][1][safepoint    ] Safepoint "RevokeBias", Time since last: 41934764 ns, Reaching safepoint: 96700 ns, At safepoint: 34200 ns, Total: 130900 ns
[2020-03-27T08:14:09.942+0000][1][safepoint    ] Safepoint "Cleanup", Time since last: 1000757043 ns, Reaching safepoint: 342800 ns, At safepoint: 83400 ns, Total: 426200 ns
[2020-03-27T08:14:10.945+0000][1][safepoint    ] Safepoint "Cleanup", Time since last: 1002100143 ns, Reaching safepoint: 140700 ns, At safepoint: 42900 ns, Total: 183600 ns
[2020-03-27T08:14:11.620+0000][1][safepoint    ] Safepoint "RevokeBias", Time since last: 674760922 ns, Reaching safepoint: 343000 ns, At safepoint: 437500 ns, Total: 780500 ns
[2020-03-27T08:14:12.035+0000][1][safepoint    ] Safepoint "RevokeBias", Time since last: 414737630 ns, Reaching safepoint: 292301 ns, At safepoint: 28900 ns, Total: 321201 ns
[2020-03-27T08:14:12.036+0000][1][safepoint    ] Safepoint "RevokeBias", Time since last: 710203 ns, Reaching safepoint: 87801 ns, At safepoint: 14300 ns, Total: 102101 ns
[2020-03-27T08:14:12.037+0000][1][safepoint    ] Safepoint "RevokeBias", Time since last: 1324006 ns, Reaching safepoint: 57800 ns, At safepoint: 20900 ns, Total: 78700 ns
[2020-03-27T08:14:12.038+0000][1][safepoint    ] Safepoint "RevokeBias", Time since last: 993804 ns, Reaching safepoint: 69300 ns, At safepoint: 21401 ns, Total: 90701 ns
[2020-03-27T08:14:12.078+0000][1][safepoint    ] Safepoint "RevokeBias", Time since last: 39488669 ns, Reaching safepoint: 134001 ns, At safepoint: 20000 ns, Total: 154001 ns
[2020-03-27T08:14:13.079+0000][1][safepoint    ] Safepoint "Cleanup", Time since last: 1000508201 ns, Reaching safepoint: 373202 ns, At safepoint: 85600 ns, Total: 458802 ns
[2020-03-27T08:14:14.082+0000][1][safepoint    ] Safepoint "Cleanup", Time since last: 1002572610 ns, Reaching safepoint: 324101 ns, At safepoint: 84700 ns, Total: 408801 ns
[2020-03-27T08:14:15.085+0000][1][safepoint    ] Safepoint "Cleanup", Time since last: 1002754711 ns, Reaching safepoint: 323001 ns, At safepoint: 84701 ns, Total: 407702 ns
[2020-03-27T08:14:16.088+0000][1][safepoint    ] Safepoint "Cleanup", Time since last: 1002471791 ns, Reaching safepoint: 122300 ns, At safepoint: 17900 ns, Total: 140200 ns
[2020-03-27T08:14:17.089+0000][1][safepoint    ] Safepoint "Cleanup", Time since last: 1000824878 ns, Reaching safepoint: 318700 ns, At safepoint: 86200 ns, Total: 404900 ns
[2020-03-27T08:14:18.039+0000][1][gc,start     ] GC(133) Pause Young (Allocation Failure)
[2020-03-27T08:14:18.040+0000][1][gc,task      ] GC(133) Using 2 workers of 2 for evacuation
[2020-03-27T08:14:18.046+0000][1][gc,age       ] GC(133) Desired survivor size 8716288 bytes, new threshold 6 (max threshold 6)
[2020-03-27T08:14:18.046+0000][1][gc,age       ] GC(133) Age table with threshold 6 (max threshold 6)
[2020-03-27T08:14:18.051+0000][1][gc,age       ] GC(133) - age   1:     709000 bytes,     709000 total
[2020-03-27T08:14:18.051+0000][1][gc,age       ] GC(133) - age   2:     549296 bytes,    1258296 total
[2020-03-27T08:14:18.052+0000][1][gc,age       ] GC(133) - age   3:     218504 bytes,    1476800 total
[2020-03-27T08:14:18.053+0000][1][gc,age       ] GC(133) - age   4:     192600 bytes,    1669400 total
[2020-03-27T08:14:18.053+0000][1][gc,age       ] GC(133) - age   5:     368368 bytes,    2037768 total
[2020-03-27T08:14:18.054+0000][1][gc,heap      ] GC(133) ParNew: 146017K->6066K(153344K)
[2020-03-27T08:14:18.054+0000][1][gc,heap      ] GC(133) CMS: 174681K->174681K(353920K)
[2020-03-27T08:14:18.055+0000][1][gc,metaspace ] GC(133) Metaspace: 97258K->97258K(1138688K)
[2020-03-27T08:14:18.055+0000][1][gc           ] GC(133) Pause Young (Allocation Failure) 313M->176M(495M) 16.302ms
[2020-03-27T08:14:18.056+0000][1][gc,cpu       ] GC(133) User=0.01s Sys=0.00s Real=0.02s
[2020-03-27T08:14:18.056+0000][1][safepoint    ] Safepoint "GenCollectForAllocation", Time since last: 949682879 ns, Reaching safepoint: 131900 ns, At safepoint: 17253200 ns, Total: 17385100 ns
[2020-03-27T08:14:18.083+0000][1][safepoint    ] Safepoint "RevokeBias", Time since last: 27032399 ns, Reaching safepoint: 91500 ns, At safepoint: 20700 ns, Total: 112200 ns
[2020-03-27T08:14:19.085+0000][1][safepoint    ] Safepoint "Cleanup", Time since last: 1001004779 ns, Reaching safepoint: 490500 ns, At safepoint: 91600 ns, Total: 582100 ns
[2020-03-27T08:14:20.088+0000][1][safepoint    ] Safepoint "Cleanup", Time since last: 1002269266 ns, Reaching safepoint: 319801 ns, At safepoint: 176201 ns, Total: 496002 ns
[2020-03-27T08:14:21.090+0000][1][safepoint    ] Safepoint "Cleanup", Time since last: 1002354732 ns, Reaching safepoint: 360201 ns, At safepoint: 69700 ns, Total: 429901 ns
[2020-03-27T08:14:21.654+0000][1][safepoint    ] Safepoint "BulkRevokeBias", Time since last: 562291021 ns, Reaching safepoint: 198601 ns, At safepoint: 747602 ns, Total: 946203 ns
[2020-03-27T08:14:22.655+0000][1][safepoint    ] Safepoint "Cleanup", Time since last: 1001441330 ns, Reaching safepoint: 327501 ns, At safepoint: 83600 ns, Total: 411101 ns
[2020-03-27T08:14:23.658+0000][1][safepoint    ] Safepoint "Cleanup", Time since last: 1002123232 ns, Reaching safepoint: 314501 ns, At safepoint: 81700 ns, Total: 396201 ns
[2020-03-27T08:14:24.661+0000][1][safepoint    ] Safepoint "Cleanup", Time since last: 1002244833 ns, Reaching safepoint: 410201 ns, At safepoint: 33400 ns, Total: 443601 ns
[2020-03-27T08:14:25.662+0000][1][safepoint    ] Safepoint "Cleanup", Time since last: 1001595417 ns, Reaching safepoint: 99500 ns, At safepoint: 20200 ns, Total: 119700 ns
[2020-03-27T08:14:26.663+0000][1][safepoint    ] Safepoint "Cleanup", Time since last: 1000658881 ns, Reaching safepoint: 336600 ns, At safepoint: 73300 ns, Total: 409900 ns
[2020-03-27T08:14:27.666+0000][1][safepoint    ] Safepoint "Cleanup", Time since last: 1001803381 ns, Reaching safepoint: 189700 ns, At safepoint: 103100 ns, Total: 292800 ns
[2020-03-27T08:14:28.122+0000][1][safepoint    ] Safepoint "RevokeBias", Time since last: 456081349 ns, Reaching safepoint: 89900 ns, At safepoint: 24200 ns, Total: 114100 ns
[2020-03-27T08:14:29.123+0000][1][safepoint    ] Safepoint "Cleanup", Time since last: 1001257154 ns, Reaching safepoint: 320200 ns, At safepoint: 81801 ns, Total: 402001 ns
[2020-03-27T08:14:30.126+0000][1][safepoint    ] Safepoint "Cleanup", Time since last: 1002083755 ns, Reaching safepoint: 506600 ns, At safepoint: 73900 ns, Total: 580500 ns
[2020-03-27T08:14:31.128+0000][1][safepoint    ] Safepoint "Cleanup", Time since last: 1002122056 ns, Reaching safepoint: 120800 ns, At safepoint: 23900 ns, Total: 144700 ns
[2020-03-27T08:14:31.629+0000][1][safepoint    ] Safepoint "RevokeBias", Time since last: 499572075 ns, Reaching safepoint: 320300 ns, At safepoint: 263701 ns, Total: 584001 ns
[2020-03-27T08:14:32.630+0000][1][safepoint    ] Safepoint "Cleanup", Time since last: 1000845653 ns, Reaching safepoint: 460601 ns, At safepoint: 129400 ns, Total: 590001 ns
[2020-03-27T08:14:33.632+0000][1][safepoint    ] Safepoint "Cleanup", Time since last: 1002017155 ns, Reaching safepoint: 148100 ns, At safepoint: 36400 ns, Total: 184500 ns
[2020-03-27T08:14:34.634+0000][1][safepoint    ] Safepoint "Cleanup", Time since last: 1001337474 ns, Reaching safepoint: 445800 ns, At safepoint: 78800 ns, Total: 524600 ns
[2020-03-27T08:14:35.636+0000][1][safepoint    ] Safepoint "Cleanup", Time since last: 1002179938 ns, Reaching safepoint: 177101 ns, At safepoint: 18500 ns, Total: 195601 ns
[2020-03-27T08:14:36.638+0000][1][safepoint    ] Safepoint "Cleanup", Time since last: 1001061342 ns, Reaching safepoint: 436200 ns, At safepoint: 86000 ns, Total: 522200 ns
[2020-03-27T08:14:37.641+0000][1][safepoint    ] Safepoint "Cleanup", Time since last: 1002287900 ns, Reaching safepoint: 505300 ns, At safepoint: 72800 ns, Total: 578100 ns
[2020-03-27T08:14:38.064+0000][1][safepoint    ] Safepoint "RevokeBias", Time since last: 422749185 ns, Reaching safepoint: 90200 ns, At safepoint: 23800 ns, Total: 114000 ns
[2020-03-27T08:14:39.065+0000][1][safepoint    ] Safepoint "Cleanup", Time since last: 1001093400 ns, Reaching safepoint: 96300 ns, At safepoint: 20000 ns, Total: 116300 ns
[2020-03-27T08:14:40.066+0000][1][safepoint    ] Safepoint "Cleanup", Time since last: 1000941299 ns, Reaching safepoint: 317001 ns, At safepoint: 85100 ns, Total: 402101 ns
[2020-03-27T08:14:41.069+0000][1][safepoint    ] Safepoint "Cleanup", Time since last: 1002102400 ns, Reaching safepoint: 411700 ns, At safepoint: 92200 ns, Total: 503900 ns
[2020-03-27T08:14:41.662+0000][1][safepoint    ] Safepoint "RevokeBias", Time since last: 592608618 ns, Reaching safepoint: 235000 ns, At safepoint: 30800 ns, Total: 265800 ns
[2020-03-27T08:14:42.663+0000][1][safepoint    ] Safepoint "Cleanup", Time since last: 1000914300 ns, Reaching safepoint: 321700 ns, At safepoint: 84500 ns, Total: 406200 ns
[2020-03-27T08:14:43.665+0000][1][safepoint    ] Safepoint "Cleanup", Time since last: 1001830300 ns, Reaching safepoint: 99300 ns, At safepoint: 18100 ns, Total: 117400 ns
[2020-03-27T08:14:44.037+0000][1][gc,start     ] GC(134) Pause Young (Allocation Failure)
[2020-03-27T08:14:44.038+0000][1][gc,task      ] GC(134) Using 2 workers of 2 for evacuation
[2020-03-27T08:14:44.053+0000][1][gc,age       ] GC(134) Desired survivor size 8716288 bytes, new threshold 1 (max threshold 6)
[2020-03-27T08:14:44.054+0000][1][gc,age       ] GC(134) Age table with threshold 1 (max threshold 6)
[2020-03-27T08:14:44.054+0000][1][gc,age       ] GC(134) - age   1:   13122224 bytes,   13122224 total
[2020-03-27T08:14:44.055+0000][1][gc,age       ] GC(134) - age   2:     683920 bytes,   13806144 total
[2020-03-27T08:14:44.056+0000][1][gc,age       ] GC(134) - age   3:     545488 bytes,   14351632 total
[2020-03-27T08:14:44.056+0000][1][gc,age       ] GC(134) - age   4:     218504 bytes,   14570136 total
[2020-03-27T08:14:44.057+0000][1][gc,age       ] GC(134) - age   5:     191784 bytes,   14761920 total
[2020-03-27T08:14:44.057+0000][1][gc,age       ] GC(134) - age   6:     364568 bytes,   15126488 total
[2020-03-27T08:14:44.058+0000][1][gc,heap      ] GC(134) ParNew: 142386K->16112K(153344K)
[2020-03-27T08:14:44.059+0000][1][gc,heap      ] GC(134) CMS: 174681K->174681K(353920K)
[2020-03-27T08:14:44.059+0000][1][gc,metaspace ] GC(134) Metaspace: 97281K->97281K(1138688K)
[2020-03-27T08:14:44.060+0000][1][gc           ] GC(134) Pause Young (Allocation Failure) 309M->186M(495M) 22.321ms
[2020-03-27T08:14:44.060+0000][1][gc,cpu       ] GC(134) User=0.01s Sys=0.00s Real=0.02s
[2020-03-27T08:14:44.061+0000][1][safepoint    ] Safepoint "GenCollectForAllocation", Time since last: 371826317 ns, Reaching safepoint: 366100 ns, At safepoint: 23393783 ns, Total: 23759883 ns
[2020-03-27T08:14:44.074+0000][1][safepoint    ] Safepoint "RevokeBias", Time since last: 12734391 ns, Reaching safepoint: 237500 ns, At safepoint: 37600 ns, Total: 275100 ns
[2020-03-27T08:14:44.074+0000][1][safepoint    ] Safepoint "RevokeBias", Time since last: 681800 ns, Reaching safepoint: 93500 ns, At safepoint: 24000 ns, Total: 117500 ns
[2020-03-27T08:14:44.075+0000][1][safepoint    ] Safepoint "RevokeBias", Time since last: 375699 ns, Reaching safepoint: 157500 ns, At safepoint: 12300 ns, Total: 169800 ns
[2020-03-27T08:14:44.076+0000][1][safepoint    ] Safepoint "RevokeBias", Time since last: 1305599 ns, Reaching safepoint: 75400 ns, At safepoint: 11400 ns, Total: 86800 ns
[2020-03-27T08:14:44.077+0000][1][safepoint    ] Safepoint "RevokeBias", Time since last: 547000 ns, Reaching safepoint: 80500 ns, At safepoint: 12600 ns, Total: 93100 ns
[2020-03-27T08:14:44.121+0000][1][safepoint    ] Safepoint "RevokeBias", Time since last: 43310469 ns, Reaching safepoint: 191100 ns, At safepoint: 36200 ns, Total: 227300 ns
[2020-03-27T08:14:44.158+0000][1][safepoint    ] Safepoint "BulkRevokeBias", Time since last: 37392074 ns, Reaching safepoint: 94600 ns, At safepoint: 438300 ns, Total: 532900 ns
[2020-03-27T08:14:44.203+0000][1][safepoint    ] Safepoint "RevokeBias", Time since last: 44844068 ns, Reaching safepoint: 187200 ns, At safepoint: 13300 ns, Total: 200500 ns
[2020-03-27T08:14:44.211+0000][1][safepoint    ] Safepoint "RevokeBias", Time since last: 6472095 ns, Reaching safepoint: 498000 ns, At safepoint: 187800 ns, Total: 685800 ns
[2020-03-27T08:14:44.224+0000][1][safepoint    ] Safepoint "RevokeBias", Time since last: 13408991 ns, Reaching safepoint: 334999 ns, At safepoint: 120400 ns, Total: 455399 ns
[2020-03-27T08:14:44.247+0000][1][safepoint    ] Safepoint "RevokeBias", Time since last: 22478684 ns, Reaching safepoint: 337500 ns, At safepoint: 25600 ns, Total: 363100 ns
[2020-03-27T08:14:44.250+0000][1][safepoint    ] Safepoint "RevokeBias", Time since last: 2226299 ns, Reaching safepoint: 248299 ns, At safepoint: 122800 ns, Total: 371099 ns
[2020-03-27T08:14:44.251+0000][1][safepoint    ] Safepoint "RevokeBias", Time since last: 936000 ns, Reaching safepoint: 213899 ns, At safepoint: 114200 ns, Total: 328099 ns
[2020-03-27T08:14:44.254+0000][1][safepoint    ] Safepoint "RevokeBias", Time since last: 2593199 ns, Reaching safepoint: 257399 ns, At safepoint: 17400 ns, Total: 274799 ns
[2020-03-27T08:14:44.298+0000][1][safepoint    ] Safepoint "RevokeBias", Time since last: 43484770 ns, Reaching safepoint: 116400 ns, At safepoint: 32000 ns, Total: 148400 ns
[2020-03-27T08:14:44.326+0000][1][safepoint    ] Safepoint "RevokeBias", Time since last: 28146080 ns, Reaching safepoint: 201200 ns, At safepoint: 46700 ns, Total: 247900 ns
[2020-03-27T08:14:44.329+0000][1][safepoint    ] Safepoint "RevokeBias", Time since last: 2494298 ns, Reaching safepoint: 183000 ns, At safepoint: 44500 ns, Total: 227500 ns
[2020-03-27T08:14:44.345+0000][1][safepoint    ] Safepoint "RevokeBias", Time since last: 16184089 ns, Reaching safepoint: 260799 ns, At safepoint: 34900 ns, Total: 295699 ns
[2020-03-27T08:14:44.366+0000][1][safepoint    ] Safepoint "RevokeBias", Time since last: 20859986 ns, Reaching safepoint: 111300 ns, At safepoint: 20700 ns, Total: 132000 ns
[2020-03-27T08:14:44.369+0000][1][safepoint    ] Safepoint "RevokeBias", Time since last: 2183798 ns, Reaching safepoint: 125500 ns, At safepoint: 24300 ns, Total: 149800 ns
[2020-03-27T08:14:44.370+0000][1][safepoint    ] Safepoint "RevokeBias", Time since last: 982999 ns, Reaching safepoint: 94400 ns, At safepoint: 12400 ns, Total: 106800 ns
[2020-03-27T08:14:44.432+0000][1][gc,start     ] GC(135) Pause Young (Allocation Failure)
[2020-03-27T08:14:44.433+0000][1][gc,task      ] GC(135) Using 2 workers of 2 for evacuation
[2020-03-27T08:14:44.471+0000][1][gc,age       ] GC(135) Desired survivor size 8716288 bytes, new threshold 6 (max threshold 6)
[2020-03-27T08:14:44.471+0000][1][gc,age       ] GC(135) Age table with threshold 6 (max threshold 6)
[2020-03-27T08:14:44.472+0000][1][gc,age       ] GC(135) - age   1:    2454272 bytes,    2454272 total
[2020-03-27T08:14:44.472+0000][1][gc,heap      ] GC(135) ParNew: 152429K->11582K(153344K)
[2020-03-27T08:14:44.473+0000][1][gc,heap      ] GC(135) CMS: 174681K->176953K(353920K)
[2020-03-27T08:14:44.473+0000][1][gc,metaspace ] GC(135) Metaspace: 97340K->97340K(1138688K)
[2020-03-27T08:14:44.474+0000][1][gc           ] GC(135) Pause Young (Allocation Failure) 319M->184M(495M) 41.596ms
[2020-03-27T08:14:44.474+0000][1][gc,cpu       ] GC(135) User=0.02s Sys=0.01s Real=0.04s
[2020-03-27T08:14:44.475+0000][1][safepoint    ] Safepoint "GenCollectForAllocation", Time since last: 59079359 ns, Reaching safepoint: 3607497 ns, At safepoint: 42460170 ns, Total: 46067667 ns
[2020-03-27T08:14:44.568+0000][1][safepoint    ] Safepoint "RevokeBias", Time since last: 92862135 ns, Reaching safepoint: 195000 ns, At safepoint: 17500 ns, Total: 212500 ns
[2020-03-27T08:14:44.569+0000][1][safepoint    ] Safepoint "RevokeBias", Time since last: 436000 ns, Reaching safepoint: 614499 ns, At safepoint: 26500 ns, Total: 640999 ns
[2020-03-27T08:14:44.570+0000][1][safepoint    ] Safepoint "RevokeBias", Time since last: 1387499 ns, Reaching safepoint: 71400 ns, At safepoint: 21500 ns, Total: 92900 ns
[2020-03-27T08:14:44.571+0000][1][safepoint    ] Safepoint "RevokeBias", Time since last: 663900 ns, Reaching safepoint: 55700 ns, At safepoint: 17200 ns, Total: 72900 ns
[2020-03-27T08:14:44.573+0000][1][safepoint    ] Safepoint "BulkRevokeBias", Time since last: 434299 ns, Reaching safepoint: 57400 ns, At safepoint: 912800 ns, Total: 970200 ns
[2020-03-27T08:14:44.605+0000][1][safepoint    ] Safepoint "RevokeBias", Time since last: 31759677 ns, Reaching safepoint: 144000 ns, At safepoint: 9200 ns, Total: 153200 ns
[2020-03-27T08:14:44.605+0000][1][safepoint    ] Safepoint "RevokeBias", Time since last: 609800 ns, Reaching safepoint: 85500 ns, At safepoint: 5500 ns, Total: 91000 ns
[2020-03-27T08:14:44.662+0000][1][safepoint    ] Safepoint "RevokeBias", Time since last: 56513960 ns, Reaching safepoint: 112000 ns, At safepoint: 27700 ns, Total: 139700 ns
[2020-03-27T08:14:44.662+0000][1][safepoint    ] Safepoint "RevokeBias", Time since last: 276300 ns, Reaching safepoint: 53100 ns, At safepoint: 22500 ns, Total: 75600 ns
[2020-03-27T08:14:44.663+0000][1][safepoint    ] Safepoint "RevokeBias", Time since last: 299699 ns, Reaching safepoint: 55000 ns, At safepoint: 24900 ns, Total: 79900 ns
[2020-03-27T08:14:44.663+0000][1][safepoint    ] Safepoint "RevokeBias", Time since last: 237900 ns, Reaching safepoint: 46300 ns, At safepoint: 9900 ns, Total: 56200 ns
[2020-03-27T08:14:44.663+0000][1][safepoint    ] Safepoint "RevokeBias", Time since last: 307500 ns, Reaching safepoint: 161500 ns, At safepoint: 13600 ns, Total: 175100 ns
[2020-03-27T08:14:44.664+0000][1][safepoint    ] Safepoint "RevokeBias", Time since last: 253200 ns, Reaching safepoint: 111400 ns, At safepoint: 37599 ns, Total: 148999 ns
[2020-03-27T08:14:45.328+0000][1][safepoint    ] Safepoint "RevokeBias", Time since last: 664043634 ns, Reaching safepoint: 318000 ns, At safepoint: 92000 ns, Total: 410000 ns
[2020-03-27T08:14:45.380+0000][1][safepoint    ] Safepoint "RevokeBias", Time since last: 51271264 ns, Reaching safepoint: 107799 ns, At safepoint: 32500 ns, Total: 140299 ns
[2020-03-27T08:14:45.597+0000][1][safepoint    ] Safepoint "RevokeBias", Time since last: 216735148 ns, Reaching safepoint: 111600 ns, At safepoint: 26000 ns, Total: 137600 ns
[2020-03-27T08:14:45.598+0000][1][safepoint    ] Safepoint "RevokeBias", Time since last: 1516899 ns, Reaching safepoint: 95300 ns, At safepoint: 21600 ns, Total: 116900 ns
[2020-03-27T08:14:45.600+0000][1][safepoint    ] Safepoint "RevokeBias", Time since last: 1606799 ns, Reaching safepoint: 177700 ns, At safepoint: 22100 ns, Total: 199800 ns
[2020-03-27T08:14:45.602+0000][1][safepoint    ] Safepoint "RevokeBias", Time since last: 1419699 ns, Reaching safepoint: 209000 ns, At safepoint: 22800 ns, Total: 231800 ns
[2020-03-27T08:14:45.663+0000][1][safepoint    ] Safepoint "RevokeBias", Time since last: 61221256 ns, Reaching safepoint: 210500 ns, At safepoint: 22700 ns, Total: 233200 ns
[2020-03-27T08:14:45.690+0000][1][safepoint    ] Safepoint "RevokeBias", Time since last: 27231381 ns, Reaching safepoint: 91900 ns, At safepoint: 9400 ns, Total: 101300 ns
[2020-03-27T08:14:45.704+0000][1][safepoint    ] Safepoint "RevokeBias", Time since last: 13231691 ns, Reaching safepoint: 119900 ns, At safepoint: 16000 ns, Total: 135900 ns
[2020-03-27T08:14:45.718+0000][1][safepoint    ] Safepoint "RevokeBias", Time since last: 14083690 ns, Reaching safepoint: 128100 ns, At safepoint: 10000 ns, Total: 138100 ns
[2020-03-27T08:14:45.718+0000][1][safepoint    ] Safepoint "RevokeBias", Time since last: 280600 ns, Reaching safepoint: 88699 ns, At safepoint: 7700 ns, Total: 96399 ns
[2020-03-27T08:14:45.719+0000][1][safepoint    ] Safepoint "RevokeBias", Time since last: 358100 ns, Reaching safepoint: 47100 ns, At safepoint: 14700 ns, Total: 61800 ns
[2020-03-27T08:14:46.720+0000][1][safepoint    ] Safepoint "Cleanup", Time since last: 1000665197 ns, Reaching safepoint: 404300 ns, At safepoint: 84600 ns, Total: 488900 ns
[2020-03-27T08:14:47.729+0000][1][safepoint    ] Safepoint "Cleanup", Time since last: 1008302891 ns, Reaching safepoint: 516700 ns, At safepoint: 81200 ns, Total: 597900 ns
[2020-03-27T08:14:48.094+0000][1][safepoint    ] Safepoint "RevokeBias", Time since last: 365299043 ns, Reaching safepoint: 88100 ns, At safepoint: 20700 ns, Total: 108800 ns
[2020-03-27T08:14:48.242+0000][1][safepoint    ] Safepoint "RevokeBias", Time since last: 147782496 ns, Reaching safepoint: 235300 ns, At safepoint: 20100 ns, Total: 255400 ns
[2020-03-27T08:14:48.243+0000][1][safepoint    ] Safepoint "RevokeBias", Time since last: 963999 ns, Reaching safepoint: 121300 ns, At safepoint: 51400 ns, Total: 172700 ns
[2020-03-27T08:14:48.245+0000][1][safepoint    ] Safepoint "RevokeBias", Time since last: 1254399 ns, Reaching safepoint: 62300 ns, At safepoint: 21300 ns, Total: 83600 ns
[2020-03-27T08:14:48.246+0000][1][safepoint    ] Safepoint "RevokeBias", Time since last: 1140799 ns, Reaching safepoint: 58300 ns, At safepoint: 18600 ns, Total: 76900 ns
[2020-03-27T08:14:48.290+0000][1][safepoint    ] Safepoint "RevokeBias", Time since last: 44176169 ns, Reaching safepoint: 113600 ns, At safepoint: 33100 ns, Total: 146700 ns
[2020-03-27T08:14:49.292+0000][1][safepoint    ] Safepoint "Cleanup", Time since last: 1001089997 ns, Reaching safepoint: 420500 ns, At safepoint: 83499 ns, Total: 503999 ns
[2020-03-27T08:14:50.294+0000][1][safepoint    ] Safepoint "Cleanup", Time since last: 1001832537 ns, Reaching safepoint: 92500 ns, At safepoint: 18500 ns, Total: 111000 ns
[2020-03-27T08:14:51.295+0000][1][safepoint    ] Safepoint "Cleanup", Time since last: 1001068931 ns, Reaching safepoint: 364600 ns, At safepoint: 80800 ns, Total: 445400 ns
[2020-03-27T08:14:51.650+0000][1][gc,start     ] GC(136) Pause Young (Allocation Failure)
[2020-03-27T08:14:51.650+0000][1][gc,task      ] GC(136) Using 2 workers of 2 for evacuation
[2020-03-27T08:14:51.655+0000][1][gc,age       ] GC(136) Desired survivor size 8716288 bytes, new threshold 6 (max threshold 6)
[2020-03-27T08:14:51.655+0000][1][gc,age       ] GC(136) Age table with threshold 6 (max threshold 6)
[2020-03-27T08:14:51.656+0000][1][gc,age       ] GC(136) - age   1:    2903456 bytes,    2903456 total
[2020-03-27T08:14:51.656+0000][1][gc,age       ] GC(136) - age   2:     734840 bytes,    3638296 total
[2020-03-27T08:14:51.657+0000][1][gc,heap      ] GC(136) ParNew: 147896K->5242K(153344K)
[2020-03-27T08:14:51.657+0000][1][gc,heap      ] GC(136) CMS: 176953K->176953K(353920K)
[2020-03-27T08:14:51.658+0000][1][gc,metaspace ] GC(136) Metaspace: 97409K->97409K(1138688K)
[2020-03-27T08:14:51.658+0000][1][gc           ] GC(136) Pause Young (Allocation Failure) 317M->177M(495M) 8.299ms
[2020-03-27T08:14:51.659+0000][1][gc,cpu       ] GC(136) User=0.01s Sys=0.00s Real=0.01s
[2020-03-27T08:14:51.659+0000][1][safepoint    ] Safepoint "GenCollectForAllocation", Time since last: 354163852 ns, Reaching safepoint: 360400 ns, At safepoint: 8942304 ns, Total: 9302704 ns
[2020-03-27T08:14:51.664+0000][1][safepoint    ] Safepoint "RevokeBias", Time since last: 4567402 ns, Reaching safepoint: 151900 ns, At safepoint: 22800 ns, Total: 174700 ns
[2020-03-27T08:14:52.490+0000][1][safepoint    ] Safepoint "RevokeBias", Time since last: 826561294 ns, Reaching safepoint: 194700 ns, At safepoint: 32200 ns, Total: 226900 ns
[2020-03-27T08:14:52.492+0000][1][safepoint    ] Safepoint "RevokeBias", Time since last: 1106000 ns, Reaching safepoint: 83000 ns, At safepoint: 12100 ns, Total: 95100 ns
[2020-03-27T08:14:52.496+0000][1][safepoint    ] Safepoint "RevokeBias", Time since last: 4613300 ns, Reaching safepoint: 229900 ns, At safepoint: 28900 ns, Total: 258800 ns
[2020-03-27T08:14:52.497+0000][1][safepoint    ] Safepoint "RevokeBias", Time since last: 698500 ns, Reaching safepoint: 109300 ns, At safepoint: 19100 ns, Total: 128400 ns
[2020-03-27T08:14:52.537+0000][1][safepoint    ] Safepoint "RevokeBias", Time since last: 39692497 ns, Reaching safepoint: 101600 ns, At safepoint: 37300 ns, Total: 138900 ns
[2020-03-27T08:14:53.538+0000][1][safepoint    ] Safepoint "Cleanup", Time since last: 1000851430 ns, Reaching safepoint: 164000 ns, At safepoint: 39500 ns, Total: 203500 ns
[2020-03-27T08:14:54.539+0000][1][safepoint    ] Safepoint "Cleanup", Time since last: 1001038931 ns, Reaching safepoint: 82800 ns, At safepoint: 16000 ns, Total: 98800 ns
[2020-03-27T08:14:55.541+0000][1][safepoint    ] Safepoint "Cleanup", Time since last: 1001350830 ns, Reaching safepoint: 357400 ns, At safepoint: 86800 ns, Total: 444200 ns
[2020-03-27T08:14:56.544+0000][1][safepoint    ] Safepoint "Cleanup", Time since last: 1002444631 ns, Reaching safepoint: 91700 ns, At safepoint: 18000 ns, Total: 109700 ns
[2020-03-27T08:14:57.545+0000][1][safepoint    ] Safepoint "Cleanup", Time since last: 1000958730 ns, Reaching safepoint: 376900 ns, At safepoint: 82100 ns, Total: 459000 ns
[2020-03-27T08:14:58.105+0000][1][safepoint    ] Safepoint "RevokeBias", Time since last: 559571261 ns, Reaching safepoint: 91400 ns, At safepoint: 24600 ns, Total: 116000 ns
[2020-03-27T08:14:58.399+0000][1][gc,start     ] GC(137) Pause Young (Allocation Failure)
[2020-03-27T08:14:58.399+0000][1][gc,task      ] GC(137) Using 2 workers of 2 for evacuation
[2020-03-27T08:14:58.404+0000][1][gc,age       ] GC(137) Desired survivor size 8716288 bytes, new threshold 6 (max threshold 6)
[2020-03-27T08:14:58.404+0000][1][gc,age       ] GC(137) Age table with threshold 6 (max threshold 6)
[2020-03-27T08:14:58.405+0000][1][gc,age       ] GC(137) - age   1:    5563808 bytes,    5563808 total
[2020-03-27T08:14:58.406+0000][1][gc,age       ] GC(137) - age   2:     929656 bytes,    6493464 total
[2020-03-27T08:14:58.406+0000][1][gc,age       ] GC(137) - age   3:     734176 bytes,    7227640 total
[2020-03-27T08:14:58.407+0000][1][gc,heap      ] GC(137) ParNew: 141562K->8846K(153344K)
[2020-03-27T08:14:58.407+0000][1][gc,heap      ] GC(137) CMS: 176953K->176953K(353920K)
[2020-03-27T08:14:58.408+0000][1][gc,metaspace ] GC(137) Metaspace: 97441K->97441K(1138688K)
[2020-03-27T08:14:58.408+0000][1][gc           ] GC(137) Pause Young (Allocation Failure) 311M->181M(495M) 8.883ms
[2020-03-27T08:14:58.408+0000][1][gc,cpu       ] GC(137) User=0.01s Sys=0.00s Real=0.01s
[2020-03-27T08:14:58.409+0000][1][safepoint    ] Safepoint "GenCollectForAllocation", Time since last: 294134480 ns, Reaching safepoint: 174500 ns, At safepoint: 9709899 ns, Total: 9884399 ns
[2020-03-27T08:14:58.416+0000][1][safepoint    ] Safepoint "RevokeBias", Time since last: 6794299 ns, Reaching safepoint: 230300 ns, At safepoint: 30500 ns, Total: 260800 ns
[2020-03-27T08:14:58.417+0000][1][safepoint    ] Safepoint "RevokeBias", Time since last: 946800 ns, Reaching safepoint: 186000 ns, At safepoint: 22600 ns, Total: 208600 ns
[2020-03-27T08:14:58.418+0000][1][safepoint    ] Safepoint "RevokeBias", Time since last: 1424000 ns, Reaching safepoint: 57500 ns, At safepoint: 20500 ns, Total: 78000 ns
[2020-03-27T08:14:58.420+0000][1][safepoint    ] Safepoint "RevokeBias", Time since last: 1062200 ns, Reaching safepoint: 88200 ns, At safepoint: 13200 ns, Total: 101400 ns
[2020-03-27T08:14:58.464+0000][1][safepoint    ] Safepoint "RevokeBias", Time since last: 44638997 ns, Reaching safepoint: 89800 ns, At safepoint: 25700 ns, Total: 115500 ns
[2020-03-27T08:14:59.466+0000][1][safepoint    ] Safepoint "Cleanup", Time since last: 1001098930 ns, Reaching safepoint: 399300 ns, At safepoint: 81800 ns, Total: 481100 ns
[2020-03-27T08:15:00.468+0000][1][safepoint    ] Safepoint "Cleanup", Time since last: 1002328775 ns, Reaching safepoint: 150699 ns, At safepoint: 17700 ns, Total: 168399 ns
[2020-03-27T08:15:01.470+0000][1][safepoint    ] Safepoint "Cleanup", Time since last: 1001346078 ns, Reaching safepoint: 318897 ns, At safepoint: 124299 ns, Total: 443196 ns
[2020-03-27T08:15:01.661+0000][1][safepoint    ] Safepoint "RevokeBias", Time since last: 190959547 ns, Reaching safepoint: 239898 ns, At safepoint: 18200 ns, Total: 258098 ns
[2020-03-27T08:15:02.604+0000][1][safepoint    ] Safepoint "RevokeBias", Time since last: 941852430 ns, Reaching safepoint: 375497 ns, At safepoint: 46700 ns, Total: 422197 ns
[2020-03-27T08:15:02.605+0000][1][safepoint    ] Safepoint "RevokeBias", Time since last: 883993 ns, Reaching safepoint: 64599 ns, At safepoint: 11300 ns, Total: 75899 ns
[2020-03-27T08:15:02.606+0000][1][safepoint    ] Safepoint "RevokeBias", Time since last: 1667888 ns, Reaching safepoint: 60599 ns, At safepoint: 22000 ns, Total: 82599 ns
[2020-03-27T08:15:02.623+0000][1][safepoint    ] Safepoint "RevokeBias", Time since last: 16391275 ns, Reaching safepoint: 204499 ns, At safepoint: 16800 ns, Total: 221299 ns
[2020-03-27T08:15:02.669+0000][1][safepoint    ] Safepoint "RevokeBias", Time since last: 45700752 ns, Reaching safepoint: 96499 ns, At safepoint: 29100 ns, Total: 125599 ns
[2020-03-27T08:15:03.670+0000][1][safepoint    ] Safepoint "Cleanup", Time since last: 1001158401 ns, Reaching safepoint: 316600 ns, At safepoint: 33200 ns, Total: 349800 ns
[2020-03-27T08:15:04.673+0000][1][safepoint    ] Safepoint "Cleanup", Time since last: 1002458995 ns, Reaching safepoint: 331200 ns, At safepoint: 132400 ns, Total: 463600 ns
[2020-03-27T08:15:05.676+0000][1][safepoint    ] Safepoint "Cleanup", Time since last: 1002235195 ns, Reaching safepoint: 318200 ns, At safepoint: 86800 ns, Total: 405000 ns
[2020-03-27T08:15:06.679+0000][1][safepoint    ] Safepoint "Cleanup", Time since last: 1002444495 ns, Reaching safepoint: 410200 ns, At safepoint: 84400 ns, Total: 494600 ns
[2020-03-27T08:15:07.682+0000][1][safepoint    ] Safepoint "Cleanup", Time since last: 1002498195 ns, Reaching safepoint: 123400 ns, At safepoint: 19600 ns, Total: 143000 ns
[2020-03-27T08:15:08.075+0000][1][safepoint    ] Safepoint "RevokeBias", Time since last: 393620870 ns, Reaching safepoint: 102399 ns, At safepoint: 22600 ns, Total: 124999 ns
[2020-03-27T08:15:08.566+0000][1][safepoint    ] Safepoint "RevokeBias", Time since last: 490721149 ns, Reaching safepoint: 133200 ns, At safepoint: 26400 ns, Total: 159600 ns
[2020-03-27T08:15:08.567+0000][1][safepoint    ] Safepoint "RevokeBias", Time since last: 1132599 ns, Reaching safepoint: 75400 ns, At safepoint: 22100 ns, Total: 97500 ns
[2020-03-27T08:15:08.570+0000][1][safepoint    ] Safepoint "BulkRevokeBias", Time since last: 1277898 ns, Reaching safepoint: 96900 ns, At safepoint: 1150299 ns, Total: 1247199 ns
[2020-03-27T08:15:08.620+0000][1][safepoint    ] Safepoint "BulkRevokeBias", Time since last: 49520644 ns, Reaching safepoint: 113100 ns, At safepoint: 557799 ns, Total: 670899 ns
[2020-03-27T08:15:08.675+0000][1][gc,start     ] GC(138) Pause Young (Allocation Failure)
[2020-03-27T08:15:08.675+0000][1][gc,task      ] GC(138) Using 2 workers of 2 for evacuation
[2020-03-27T08:15:08.679+0000][1][gc,age       ] GC(138) Desired survivor size 8716288 bytes, new threshold 6 (max threshold 6)
[2020-03-27T08:15:08.679+0000][1][gc,age       ] GC(138) Age table with threshold 6 (max threshold 6)
[2020-03-27T08:15:08.680+0000][1][gc,age       ] GC(138) - age   1:    1467136 bytes,    1467136 total
[2020-03-27T08:15:08.680+0000][1][gc,age       ] GC(138) - age   2:     209408 bytes,    1676544 total
[2020-03-27T08:15:08.681+0000][1][gc,age       ] GC(138) - age   3:     700504 bytes,    2377048 total
[2020-03-27T08:15:08.681+0000][1][gc,age       ] GC(138) - age   4:     734176 bytes,    3111224 total
[2020-03-27T08:15:08.682+0000][1][gc,heap      ] GC(138) ParNew: 145166K->6178K(153344K)
[2020-03-27T08:15:08.682+0000][1][gc,heap      ] GC(138) CMS: 176953K->176953K(353920K)
[2020-03-27T08:15:08.683+0000][1][gc,metaspace ] GC(138) Metaspace: 97461K->97461K(1138688K)
[2020-03-27T08:15:08.683+0000][1][gc           ] GC(138) Pause Young (Allocation Failure) 314M->178M(495M) 8.316ms
[2020-03-27T08:15:08.684+0000][1][gc,cpu       ] GC(138) User=0.01s Sys=0.00s Real=0.01s
[2020-03-27T08:15:08.684+0000][1][safepoint    ] Safepoint "GenCollectForAllocation", Time since last: 54575739 ns, Reaching safepoint: 97000 ns, At safepoint: 9185890 ns, Total: 9282890 ns
[2020-03-27T08:15:09.685+0000][1][safepoint    ] Safepoint "Cleanup", Time since last: 1001010675 ns, Reaching safepoint: 319600 ns, At safepoint: 85500 ns, Total: 405100 ns
[2020-03-27T08:15:10.688+0000][1][safepoint    ] Safepoint "Cleanup", Time since last: 1001788374 ns, Reaching safepoint: 709900 ns, At safepoint: 91299 ns, Total: 801199 ns
[2020-03-27T08:15:11.690+0000][1][safepoint    ] Safepoint "Cleanup", Time since last: 1002087975 ns, Reaching safepoint: 249600 ns, At safepoint: 9600 ns, Total: 259200 ns
[2020-03-27T08:15:11.692+0000][1][safepoint    ] Safepoint "RevokeBias", Time since last: 1587698 ns, Reaching safepoint: 195600 ns, At safepoint: 27099 ns, Total: 222699 ns
[2020-03-27T08:15:11.750+0000][1][safepoint    ] Safepoint "RevokeBias", Time since last: 57754236 ns, Reaching safepoint: 128599 ns, At safepoint: 23500 ns, Total: 152099 ns
[2020-03-27T08:15:11.751+0000][1][safepoint    ] Safepoint "BulkRevokeBias", Time since last: 556900 ns, Reaching safepoint: 65400 ns, At safepoint: 471399 ns, Total: 536799 ns
[2020-03-27T08:15:11.753+0000][1][safepoint    ] Safepoint "RevokeBias", Time since last: 1638398 ns, Reaching safepoint: 87900 ns, At safepoint: 27500 ns, Total: 115400 ns
[2020-03-27T08:15:11.754+0000][1][safepoint    ] Safepoint "RevokeBias", Time since last: 721099 ns, Reaching safepoint: 64200 ns, At safepoint: 24600 ns, Total: 88800 ns
[2020-03-27T08:15:11.808+0000][1][safepoint    ] Safepoint "RevokeBias", Time since last: 53707440 ns, Reaching safepoint: 135800 ns, At safepoint: 18600 ns, Total: 154400 ns
[2020-03-27T08:15:12.809+0000][1][safepoint    ] Safepoint "Cleanup", Time since last: 1001003475 ns, Reaching safepoint: 323700 ns, At safepoint: 88400 ns, Total: 412100 ns
[2020-03-27T08:15:13.812+0000][1][safepoint    ] Safepoint "Cleanup", Time since last: 1002440074 ns, Reaching safepoint: 187900 ns, At safepoint: 32900 ns, Total: 220800 ns
[2020-03-27T08:15:14.813+0000][1][safepoint    ] Safepoint "Cleanup", Time since last: 1001168375 ns, Reaching safepoint: 371800 ns, At safepoint: 85599 ns, Total: 457399 ns
[2020-03-27T08:15:15.816+0000][1][safepoint    ] Safepoint "Cleanup", Time since last: 1002314875 ns, Reaching safepoint: 335399 ns, At safepoint: 88500 ns, Total: 423899 ns
[2020-03-27T08:15:16.818+0000][1][safepoint    ] Safepoint "Cleanup", Time since last: 1001814024 ns, Reaching safepoint: 367100 ns, At safepoint: 102500 ns, Total: 469600 ns
[2020-03-27T08:15:17.821+0000][1][safepoint    ] Safepoint "Cleanup", Time since last: 1002556328 ns, Reaching safepoint: 140100 ns, At safepoint: 31700 ns, Total: 171800 ns
[2020-03-27T08:15:18.079+0000][1][safepoint    ] Safepoint "RevokeBias", Time since last: 257493884 ns, Reaching safepoint: 178000 ns, At safepoint: 27300 ns, Total: 205300 ns
[2020-03-27T08:15:19.080+0000][1][safepoint    ] Safepoint "Cleanup", Time since last: 1000920528 ns, Reaching safepoint: 187500 ns, At safepoint: 47100 ns, Total: 234600 ns
[2020-03-27T08:15:20.082+0000][1][safepoint    ] Safepoint "Cleanup", Time since last: 1001431028 ns, Reaching safepoint: 407200 ns, At safepoint: 82600 ns, Total: 489800 ns
[2020-03-27T08:15:21.084+0000][1][safepoint    ] Safepoint "Cleanup", Time since last: 1002000828 ns, Reaching safepoint: 110800 ns, At safepoint: 24300 ns, Total: 135100 ns
[2020-03-27T08:15:21.700+0000][1][safepoint    ] Safepoint "RevokeBias", Time since last: 615342801 ns, Reaching safepoint: 208800 ns, At safepoint: 26200 ns, Total: 235000 ns
[2020-03-27T08:15:22.700+0000][1][safepoint    ] Safepoint "Cleanup", Time since last: 1000490728 ns, Reaching safepoint: 223800 ns, At safepoint: 58800 ns, Total: 282600 ns
[2020-03-27T08:15:23.702+0000][1][safepoint    ] Safepoint "Cleanup", Time since last: 1001479227 ns, Reaching safepoint: 105200 ns, At safepoint: 22400 ns, Total: 127600 ns
[2020-03-27T08:15:24.703+0000][1][safepoint    ] Safepoint "Cleanup", Time since last: 1000821868 ns, Reaching safepoint: 317001 ns, At safepoint: 86800 ns, Total: 403801 ns
[2020-03-27T08:15:25.706+0000][1][safepoint    ] Safepoint "Cleanup", Time since last: 1002123945 ns, Reaching safepoint: 455501 ns, At safepoint: 82000 ns, Total: 537501 ns
[2020-03-27T08:15:26.708+0000][1][safepoint    ] Safepoint "Cleanup", Time since last: 1002178945 ns, Reaching safepoint: 319600 ns, At safepoint: 88900 ns, Total: 408500 ns
[2020-03-27T08:15:27.711+0000][1][safepoint    ] Safepoint "Cleanup", Time since last: 1002381646 ns, Reaching safepoint: 369900 ns, At safepoint: 78701 ns, Total: 448601 ns
[2020-03-27T08:15:28.066+0000][1][gc,start     ] GC(139) Pause Young (Allocation Failure)
[2020-03-27T08:15:28.067+0000][1][gc,task      ] GC(139) Using 2 workers of 2 for evacuation
[2020-03-27T08:15:28.074+0000][1][gc,age       ] GC(139) Desired survivor size 8716288 bytes, new threshold 1 (max threshold 6)
[2020-03-27T08:15:28.074+0000][1][gc,age       ] GC(139) Age table with threshold 1 (max threshold 6)
[2020-03-27T08:15:28.075+0000][1][gc,age       ] GC(139) - age   1:   13779672 bytes,   13779672 total
[2020-03-27T08:15:28.075+0000][1][gc,age       ] GC(139) - age   2:    1146704 bytes,   14926376 total
[2020-03-27T08:15:28.076+0000][1][gc,age       ] GC(139) - age   3:     208584 bytes,   15134960 total
[2020-03-27T08:15:28.076+0000][1][gc,age       ] GC(139) - age   4:     699016 bytes,   15833976 total
[2020-03-27T08:15:28.077+0000][1][gc,age       ] GC(139) - age   5:     734176 bytes,   16568152 total
[2020-03-27T08:15:28.077+0000][1][gc,heap      ] GC(139) ParNew: 142498K->17024K(153344K)
[2020-03-27T08:15:28.078+0000][1][gc,heap      ] GC(139) CMS: 176953K->176953K(353920K)
[2020-03-27T08:15:28.078+0000][1][gc,metaspace ] GC(139) Metaspace: 97464K->97464K(1138688K)
[2020-03-27T08:15:28.078+0000][1][gc           ] GC(139) Pause Young (Allocation Failure) 311M->189M(495M) 12.018ms
[2020-03-27T08:15:28.079+0000][1][gc,cpu       ] GC(139) User=0.01s Sys=0.00s Real=0.01s
[2020-03-27T08:15:28.079+0000][1][safepoint    ] Safepoint "GenCollectForAllocation", Time since last: 355043882 ns, Reaching safepoint: 112600 ns, At safepoint: 12770521 ns, Total: 12883121 ns
[2020-03-27T08:15:28.125+0000][1][safepoint    ] Safepoint "RevokeBias", Time since last: 45766176 ns, Reaching safepoint: 171500 ns, At safepoint: 12100 ns, Total: 183600 ns
[2020-03-27T08:15:29.126+0000][1][safepoint    ] Safepoint "Cleanup", Time since last: 1000875343 ns, Reaching safepoint: 318500 ns, At safepoint: 87700 ns, Total: 406200 ns
[2020-03-27T08:15:30.129+0000][1][safepoint    ] Safepoint "Cleanup", Time since last: 1002231255 ns, Reaching safepoint: 367800 ns, At safepoint: 81100 ns, Total: 448900 ns
[2020-03-27T08:15:31.132+0000][1][safepoint    ] Safepoint "Cleanup", Time since last: 1002156962 ns, Reaching safepoint: 410300 ns, At safepoint: 105400 ns, Total: 515700 ns
[2020-03-27T08:15:31.697+0000][1][safepoint    ] Safepoint "RevokeBias", Time since last: 565077866 ns, Reaching safepoint: 311900 ns, At safepoint: 33300 ns, Total: 345200 ns
[2020-03-27T08:15:32.698+0000][1][safepoint    ] Safepoint "Cleanup", Time since last: 1000627422 ns, Reaching safepoint: 156300 ns, At safepoint: 36800 ns, Total: 193100 ns
[2020-03-27T08:15:33.699+0000][1][safepoint    ] Safepoint "Cleanup", Time since last: 1001106959 ns, Reaching safepoint: 96800 ns, At safepoint: 19200 ns, Total: 116000 ns
[2020-03-27T08:15:34.701+0000][1][safepoint    ] Safepoint "Cleanup", Time since last: 1001527860 ns, Reaching safepoint: 181400 ns, At safepoint: 41600 ns, Total: 223000 ns
[2020-03-27T08:15:35.703+0000][1][safepoint    ] Safepoint "Cleanup", Time since last: 1001355959 ns, Reaching safepoint: 467100 ns, At safepoint: 83500 ns, Total: 550600 ns
[2020-03-27T08:15:36.705+0000][1][safepoint    ] Safepoint "Cleanup", Time since last: 1002317659 ns, Reaching safepoint: 188400 ns, At safepoint: 44100 ns, Total: 232500 ns
[2020-03-27T08:15:37.707+0000][1][safepoint    ] Safepoint "Cleanup", Time since last: 1001523559 ns, Reaching safepoint: 320300 ns, At safepoint: 88000 ns, Total: 408300 ns
[2020-03-27T08:15:38.075+0000][1][safepoint    ] Safepoint "RevokeBias", Time since last: 368009665 ns, Reaching safepoint: 91000 ns, At safepoint: 23800 ns, Total: 114800 ns
[2020-03-27T08:15:39.077+0000][1][safepoint    ] Safepoint "Cleanup", Time since last: 1000758560 ns, Reaching safepoint: 525499 ns, At safepoint: 79200 ns, Total: 604699 ns
[2020-03-27T08:15:40.079+0000][1][safepoint    ] Safepoint "Cleanup", Time since last: 1002208725 ns, Reaching safepoint: 139401 ns, At safepoint: 26900 ns, Total: 166301 ns
[2020-03-27T08:15:41.081+0000][1][safepoint    ] Safepoint "Cleanup", Time since last: 1001313399 ns, Reaching safepoint: 394101 ns, At safepoint: 83900 ns, Total: 478001 ns
[2020-03-27T08:15:41.703+0000][1][safepoint    ] Safepoint "RevokeBias", Time since last: 620414881 ns, Reaching safepoint: 1792402 ns, At safepoint: 142201 ns, Total: 1934603 ns
[2020-03-27T08:15:42.704+0000][1][safepoint    ] Safepoint "Cleanup", Time since last: 1000644699 ns, Reaching safepoint: 94300 ns, At safepoint: 26200 ns, Total: 120500 ns
[2020-03-27T08:15:43.631+0000][1][safepoint    ] Safepoint "RevokeBias", Time since last: 926653018 ns, Reaching safepoint: 90700 ns, At safepoint: 18000 ns, Total: 108700 ns
[2020-03-27T08:15:43.642+0000][1][safepoint    ] Safepoint "RevokeBias", Time since last: 8378909 ns, Reaching safepoint: 2418703 ns, At safepoint: 215700 ns, Total: 2634403 ns
[2020-03-27T08:15:43.722+0000][1][gc,start     ] GC(140) Pause Young (Allocation Failure)
[2020-03-27T08:15:43.723+0000][1][gc,task      ] GC(140) Using 2 workers of 2 for evacuation
[2020-03-27T08:15:43.820+0000][1][gc,age       ] GC(140) Desired survivor size 8716288 bytes, new threshold 6 (max threshold 6)
[2020-03-27T08:15:43.820+0000][1][gc,age       ] GC(140) Age table with threshold 6 (max threshold 6)
[2020-03-27T08:15:43.821+0000][1][gc,age       ] GC(140) - age   1:    1157064 bytes,    1157064 total
[2020-03-27T08:15:43.821+0000][1][gc,heap      ] GC(140) ParNew: 153344K->12805K(153344K)
[2020-03-27T08:15:43.822+0000][1][gc,heap      ] GC(140) CMS: 176953K->184803K(353920K)
[2020-03-27T08:15:43.822+0000][1][gc,metaspace ] GC(140) Metaspace: 97496K->97496K(1138688K)
[2020-03-27T08:15:43.823+0000][1][gc           ] GC(140) Pause Young (Allocation Failure) 322M->192M(495M) 100.224ms
[2020-03-27T08:15:43.823+0000][1][gc,cpu       ] GC(140) User=0.03s Sys=0.02s Real=0.10s
[2020-03-27T08:15:43.823+0000][1][safepoint    ] Safepoint "GenCollectForAllocation", Time since last: 80374788 ns, Reaching safepoint: 107500 ns, At safepoint: 101040711 ns, Total: 101148211 ns
[2020-03-27T08:15:43.829+0000][1][safepoint    ] Safepoint "RevokeBias", Time since last: 5912507 ns, Reaching safepoint: 165100 ns, At safepoint: 28500 ns, Total: 193600 ns
[2020-03-27T08:15:43.830+0000][1][safepoint    ] Safepoint "RevokeBias", Time since last: 495401 ns, Reaching safepoint: 406300 ns, At safepoint: 26900 ns, Total: 433200 ns
[2020-03-27T08:15:43.831+0000][1][safepoint    ] Safepoint "RevokeBias", Time since last: 776101 ns, Reaching safepoint: 57100 ns, At safepoint: 51700 ns, Total: 108800 ns
[2020-03-27T08:15:43.833+0000][1][safepoint    ] Safepoint "RevokeBias", Time since last: 1141201 ns, Reaching safepoint: 81000 ns, At safepoint: 21100 ns, Total: 102100 ns
[2020-03-27T08:15:43.834+0000][1][safepoint    ] Safepoint "RevokeBias", Time since last: 915401 ns, Reaching safepoint: 95900 ns, At safepoint: 11100 ns, Total: 107000 ns
[2020-03-27T08:15:43.885+0000][1][safepoint    ] Safepoint "RevokeBias", Time since last: 51675257 ns, Reaching safepoint: 115200 ns, At safepoint: 30200 ns, Total: 145400 ns
[2020-03-27T08:15:43.974+0000][1][safepoint    ] Safepoint "RevokeBias", Time since last: 87883297 ns, Reaching safepoint: 778901 ns, At safepoint: 132600 ns, Total: 911501 ns
[2020-03-27T08:15:44.015+0000][1][safepoint    ] Safepoint "RevokeBias", Time since last: 40625345 ns, Reaching safepoint: 478700 ns, At safepoint: 16400 ns, Total: 495100 ns
[2020-03-27T08:15:44.016+0000][1][safepoint    ] Safepoint "RevokeBias", Time since last: 465801 ns, Reaching safepoint: 99600 ns, At safepoint: 12000 ns, Total: 111600 ns
[2020-03-27T08:15:44.019+0000][1][safepoint    ] Safepoint "RevokeBias", Time since last: 2688203 ns, Reaching safepoint: 166800 ns, At safepoint: 551300 ns, Total: 718100 ns
[2020-03-27T08:15:44.021+0000][1][safepoint    ] Safepoint "RevokeBias", Time since last: 1283302 ns, Reaching safepoint: 121800 ns, At safepoint: 90400 ns, Total: 212200 ns
[2020-03-27T08:15:44.063+0000][1][safepoint    ] Safepoint "RevokeBias", Time since last: 42416047 ns, Reaching safepoint: 107100 ns, At safepoint: 17600 ns, Total: 124700 ns
[2020-03-27T08:15:44.127+0000][1][safepoint    ] Safepoint "RevokeBias", Time since last: 63537970 ns, Reaching safepoint: 165600 ns, At safepoint: 16900 ns, Total: 182500 ns
[2020-03-27T08:15:44.128+0000][1][safepoint    ] Safepoint "RevokeBias", Time since last: 897701 ns, Reaching safepoint: 65200 ns, At safepoint: 37500 ns, Total: 102700 ns
[2020-03-27T08:15:44.130+0000][1][safepoint    ] Safepoint "RevokeBias", Time since last: 1461102 ns, Reaching safepoint: 75500 ns, At safepoint: 23300 ns, Total: 98800 ns
[2020-03-27T08:15:44.131+0000][1][safepoint    ] Safepoint "RevokeBias", Time since last: 1314501 ns, Reaching safepoint: 110200 ns, At safepoint: 15800 ns, Total: 126000 ns
[2020-03-27T08:15:45.132+0000][1][safepoint    ] Safepoint "Cleanup", Time since last: 1000433799 ns, Reaching safepoint: 361801 ns, At safepoint: 85300 ns, Total: 447101 ns
[2020-03-27T08:15:45.264+0000][1][safepoint    ] Safepoint "RevokeBias", Time since last: 132152445 ns, Reaching safepoint: 143900 ns, At safepoint: 31500 ns, Total: 175400 ns
[2020-03-27T08:15:45.265+0000][1][safepoint    ] Safepoint "RevokeBias", Time since last: 546801 ns, Reaching safepoint: 82500 ns, At safepoint: 21900 ns, Total: 104400 ns
[2020-03-27T08:15:45.267+0000][1][safepoint    ] Safepoint "RevokeBias", Time since last: 1689202 ns, Reaching safepoint: 99000 ns, At safepoint: 17600 ns, Total: 116600 ns
[2020-03-27T08:15:45.268+0000][1][safepoint    ] Safepoint "RevokeBias", Time since last: 1073501 ns, Reaching safepoint: 100800 ns, At safepoint: 23800 ns, Total: 124600 ns
[2020-03-27T08:15:45.321+0000][1][safepoint    ] Safepoint "RevokeBias", Time since last: 52780758 ns, Reaching safepoint: 188600 ns, At safepoint: 22700 ns, Total: 211300 ns
[2020-03-27T08:15:46.322+0000][1][safepoint    ] Safepoint "Cleanup", Time since last: 1000968100 ns, Reaching safepoint: 200400 ns, At safepoint: 50800 ns, Total: 251200 ns
[2020-03-27T08:15:47.324+0000][1][safepoint    ] Safepoint "Cleanup", Time since last: 1001311233 ns, Reaching safepoint: 244700 ns, At safepoint: 40800 ns, Total: 285500 ns
[2020-03-27T08:15:48.090+0000][1][safepoint    ] Safepoint "RevokeBias", Time since last: 765629194 ns, Reaching safepoint: 187600 ns, At safepoint: 27600 ns, Total: 215200 ns
[2020-03-27T08:15:48.983+0000][1][gc,start     ] GC(141) Pause Young (Allocation Failure)
[2020-03-27T08:15:48.984+0000][1][gc,task      ] GC(141) Using 2 workers of 2 for evacuation
[2020-03-27T08:15:48.993+0000][1][gc,age       ] GC(141) Desired survivor size 8716288 bytes, new threshold 1 (max threshold 6)
[2020-03-27T08:15:48.994+0000][1][gc,age       ] GC(141) Age table with threshold 1 (max threshold 6)
[2020-03-27T08:15:48.995+0000][1][gc,age       ] GC(141) - age   1:   10145408 bytes,   10145408 total
[2020-03-27T08:15:48.996+0000][1][gc,age       ] GC(141) - age   2:     148592 bytes,   10294000 total
[2020-03-27T08:15:48.996+0000][1][gc,heap      ] GC(141) ParNew: 148727K->10239K(153344K)
[2020-03-27T08:15:48.997+0000][1][gc,heap      ] GC(141) CMS: 184803K->184803K(353920K)
[2020-03-27T08:15:48.997+0000][1][gc,metaspace ] GC(141) Metaspace: 97528K->97528K(1138688K)
[2020-03-27T08:15:48.998+0000][1][gc           ] GC(141) Pause Young (Allocation Failure) 325M->190M(495M) 14.455ms
[2020-03-27T08:15:48.998+0000][1][gc,cpu       ] GC(141) User=0.01s Sys=0.00s Real=0.02s
[2020-03-27T08:15:48.999+0000][1][safepoint    ] Safepoint "GenCollectForAllocation", Time since last: 893347094 ns, Reaching safepoint: 269500 ns, At safepoint: 15486999 ns, Total: 15756499 ns
[2020-03-27T08:15:49.015+0000][1][safepoint    ] Safepoint "RevokeBias", Time since last: 15998698 ns, Reaching safepoint: 116600 ns, At safepoint: 23300 ns, Total: 139900 ns
[2020-03-27T08:15:49.016+0000][1][safepoint    ] Safepoint "RevokeBias", Time since last: 1059000 ns, Reaching safepoint: 112000 ns, At safepoint: 12900 ns, Total: 124900 ns
[2020-03-27T08:15:49.017+0000][1][safepoint    ] Safepoint "RevokeBias", Time since last: 1231699 ns, Reaching safepoint: 60900 ns, At safepoint: 12800 ns, Total: 73700 ns
[2020-03-27T08:15:49.018+0000][1][safepoint    ] Safepoint "RevokeBias", Time since last: 563400 ns, Reaching safepoint: 73600 ns, At safepoint: 12300 ns, Total: 85900 ns
[2020-03-27T08:15:49.076+0000][1][safepoint    ] Safepoint "RevokeBias", Time since last: 58123193 ns, Reaching safepoint: 173900 ns, At safepoint: 17300 ns, Total: 191200 ns
[2020-03-27T08:15:50.082+0000][1][safepoint    ] Safepoint "Cleanup", Time since last: 1004961682 ns, Reaching safepoint: 417100 ns, At safepoint: 86700 ns, Total: 503800 ns
[2020-03-27T08:15:51.085+0000][1][safepoint    ] Safepoint "Cleanup", Time since last: 1002516481 ns, Reaching safepoint: 408600 ns, At safepoint: 87100 ns, Total: 495700 ns
[2020-03-27T08:15:51.736+0000][1][safepoint    ] Safepoint "RevokeBias", Time since last: 651105123 ns, Reaching safepoint: 261100 ns, At safepoint: 118200 ns, Total: 379300 ns
[2020-03-27T08:15:52.168+0000][1][safepoint    ] Safepoint "RevokeBias", Time since last: 431570149 ns, Reaching safepoint: 115900 ns, At safepoint: 18100 ns, Total: 134000 ns
[2020-03-27T08:15:52.169+0000][1][safepoint    ] Safepoint "RevokeBias", Time since last: 789500 ns, Reaching safepoint: 64600 ns, At safepoint: 22900 ns, Total: 87500 ns
[2020-03-27T08:15:52.170+0000][1][safepoint    ] Safepoint "RevokeBias", Time since last: 1306900 ns, Reaching safepoint: 100400 ns, At safepoint: 46500 ns, Total: 146900 ns
[2020-03-27T08:15:52.171+0000][1][safepoint    ] Safepoint "RevokeBias", Time since last: 952300 ns, Reaching safepoint: 87500 ns, At safepoint: 13100 ns, Total: 100600 ns
[2020-03-27T08:15:52.212+0000][1][safepoint    ] Safepoint "RevokeBias", Time since last: 40151895 ns, Reaching safepoint: 174400 ns, At safepoint: 19100 ns, Total: 193500 ns
[2020-03-27T08:15:53.213+0000][1][safepoint    ] Safepoint "Cleanup", Time since last: 1000719582 ns, Reaching safepoint: 515500 ns, At safepoint: 75700 ns, Total: 591200 ns
[2020-03-27T08:15:54.216+0000][1][safepoint    ] Safepoint "Cleanup", Time since last: 1002160081 ns, Reaching safepoint: 459000 ns, At safepoint: 81600 ns, Total: 540600 ns
[2020-03-27T08:15:55.218+0000][1][safepoint    ] Safepoint "Cleanup", Time since last: 1001746482 ns, Reaching safepoint: 246800 ns, At safepoint: 33500 ns, Total: 280300 ns
[2020-03-27T08:15:56.219+0000][1][safepoint    ] Safepoint "Cleanup", Time since last: 1000949276 ns, Reaching safepoint: 105500 ns, At safepoint: 21300 ns, Total: 126800 ns
[2020-03-27T08:15:57.220+0000][1][safepoint    ] Safepoint "Cleanup", Time since last: 1000745966 ns, Reaching safepoint: 108600 ns, At safepoint: 17300 ns, Total: 125900 ns
[2020-03-27T08:15:58.125+0000][1][gc,start     ] GC(142) Pause Young (Allocation Failure)
[2020-03-27T08:15:58.126+0000][1][gc,task      ] GC(142) Using 2 workers of 2 for evacuation
[2020-03-27T08:15:58.142+0000][1][gc,age       ] GC(142) Desired survivor size 8716288 bytes, new threshold 6 (max threshold 6)
[2020-03-27T08:15:58.143+0000][1][gc,age       ] GC(142) Age table with threshold 6 (max threshold 6)
[2020-03-27T08:15:58.143+0000][1][gc,age       ] GC(142) - age   1:    1149888 bytes,    1149888 total
[2020-03-27T08:15:58.144+0000][1][gc,heap      ] GC(142) ParNew: 146559K->8392K(153344K)
[2020-03-27T08:15:58.144+0000][1][gc,heap      ] GC(142) CMS: 184803K->185984K(353920K)
[2020-03-27T08:15:58.145+0000][1][gc,metaspace ] GC(142) Metaspace: 97555K->97555K(1138688K)
[2020-03-27T08:15:58.145+0000][1][gc           ] GC(142) Pause Young (Allocation Failure) 323M->189M(495M) 19.972ms
[2020-03-27T08:15:58.146+0000][1][gc,cpu       ] GC(142) User=0.02s Sys=0.00s Real=0.03s
[2020-03-27T08:15:58.146+0000][1][safepoint    ] Safepoint "GenCollectForAllocation", Time since last: 905346978 ns, Reaching safepoint: 90300 ns, At safepoint: 20989097 ns, Total: 21079397 ns
[2020-03-27T08:15:58.149+0000][1][safepoint    ] Safepoint "RevokeBias", Time since last: 2627700 ns, Reaching safepoint: 179800 ns, At safepoint: 13900 ns, Total: 193700 ns
[2020-03-27T08:15:59.150+0000][1][safepoint    ] Safepoint "Cleanup", Time since last: 1000756365 ns, Reaching safepoint: 177900 ns, At safepoint: 38900 ns, Total: 216800 ns
[2020-03-27T08:15:59.175+0000][1][safepoint    ] Safepoint "RevokeBias", Time since last: 24829397 ns, Reaching safepoint: 109000 ns, At safepoint: 21000 ns, Total: 130000 ns
[2020-03-27T08:15:59.176+0000][1][safepoint    ] Safepoint "RevokeBias", Time since last: 840200 ns, Reaching safepoint: 133000 ns, At safepoint: 21900 ns, Total: 154900 ns
[2020-03-27T08:15:59.178+0000][1][safepoint    ] Safepoint "RevokeBias", Time since last: 1597000 ns, Reaching safepoint: 65300 ns, At safepoint: 32300 ns, Total: 97600 ns
[2020-03-27T08:15:59.179+0000][1][safepoint    ] Safepoint "RevokeBias", Time since last: 1016700 ns, Reaching safepoint: 74800 ns, At safepoint: 22500 ns, Total: 97300 ns
[2020-03-27T08:15:59.222+0000][1][safepoint    ] Safepoint "RevokeBias", Time since last: 42887594 ns, Reaching safepoint: 96600 ns, At safepoint: 24300 ns, Total: 120900 ns
[2020-03-27T08:16:00.223+0000][1][safepoint    ] Safepoint "Cleanup", Time since last: 1000841465 ns, Reaching safepoint: 405800 ns, At safepoint: 80200 ns, Total: 486000 ns
[2020-03-27T08:16:01.225+0000][1][safepoint    ] Safepoint "Cleanup", Time since last: 1001902766 ns, Reaching safepoint: 373800 ns, At safepoint: 112600 ns, Total: 486400 ns
[2020-03-27T08:16:01.725+0000][1][safepoint    ] Safepoint "RevokeBias", Time since last: 499063233 ns, Reaching safepoint: 138400 ns, At safepoint: 21800 ns, Total: 160200 ns
[2020-03-27T08:16:02.316+0000][1][safepoint    ] Safepoint "RevokeBias", Time since last: 591562220 ns, Reaching safepoint: 117000 ns, At safepoint: 24800 ns, Total: 141800 ns
[2020-03-27T08:16:02.317+0000][1][safepoint    ] Safepoint "RevokeBias", Time since last: 774000 ns, Reaching safepoint: 88100 ns, At safepoint: 13200 ns, Total: 101300 ns
[2020-03-27T08:16:02.319+0000][1][safepoint    ] Safepoint "RevokeBias", Time since last: 1492200 ns, Reaching safepoint: 83900 ns, At safepoint: 10700 ns, Total: 94600 ns
[2020-03-27T08:16:02.320+0000][1][safepoint    ] Safepoint "RevokeBias", Time since last: 861200 ns, Reaching safepoint: 57600 ns, At safepoint: 21300 ns, Total: 78900 ns
[2020-03-27T08:16:02.364+0000][1][safepoint    ] Safepoint "RevokeBias", Time since last: 43890294 ns, Reaching safepoint: 284200 ns, At safepoint: 28500 ns, Total: 312700 ns
[2020-03-27T08:16:03.365+0000][1][safepoint    ] Safepoint "Cleanup", Time since last: 1001089365 ns, Reaching safepoint: 327400 ns, At safepoint: 86600 ns, Total: 414000 ns
[2020-03-27T08:16:04.368+0000][1][safepoint    ] Safepoint "Cleanup", Time since last: 1002062469 ns, Reaching safepoint: 112500 ns, At safepoint: 15900 ns, Total: 128400 ns
[2020-03-27T08:16:05.369+0000][1][safepoint    ] Safepoint "Cleanup", Time since last: 1001127445 ns, Reaching safepoint: 97500 ns, At safepoint: 25300 ns, Total: 122800 ns
[2020-03-27T08:16:06.370+0000][1][safepoint    ] Safepoint "Cleanup", Time since last: 1001184344 ns, Reaching safepoint: 115900 ns, At safepoint: 18100 ns, Total: 134000 ns
[2020-03-27T08:16:07.371+0000][1][safepoint    ] Safepoint "Cleanup", Time since last: 1001035445 ns, Reaching safepoint: 101800 ns, At safepoint: 17100 ns, Total: 118900 ns
[2020-03-27T08:16:08.080+0000][1][safepoint    ] Safepoint "RevokeBias", Time since last: 708440785 ns, Reaching safepoint: 93300 ns, At safepoint: 22600 ns, Total: 115900 ns
[2020-03-27T08:16:08.089+0000][1][gc,start     ] GC(143) Pause Young (Allocation Failure)
[2020-03-27T08:16:08.090+0000][1][gc,task      ] GC(143) Using 2 workers of 2 for evacuation
[2020-03-27T08:16:08.096+0000][1][gc,age       ] GC(143) Desired survivor size 8716288 bytes, new threshold 6 (max threshold 6)
[2020-03-27T08:16:08.096+0000][1][gc,age       ] GC(143) Age table with threshold 6 (max threshold 6)
[2020-03-27T08:16:08.097+0000][1][gc,age       ] GC(143) - age   1:    4344520 bytes,    4344520 total
[2020-03-27T08:16:08.097+0000][1][gc,age       ] GC(143) - age   2:     559336 bytes,    4903856 total
[2020-03-27T08:16:08.098+0000][1][gc,heap      ] GC(143) ParNew: 144705K->5771K(153344K)
[2020-03-27T08:16:08.098+0000][1][gc,heap      ] GC(143) CMS: 185984K->185984K(353920K)
[2020-03-27T08:16:08.099+0000][1][gc,metaspace ] GC(143) Metaspace: 97582K->97582K(1138688K)
[2020-03-27T08:16:08.099+0000][1][gc           ] GC(143) Pause Young (Allocation Failure) 322M->187M(495M) 9.834ms
[2020-03-27T08:16:08.100+0000][1][gc,cpu       ] GC(143) User=0.01s Sys=0.00s Real=0.01s
[2020-03-27T08:16:08.100+0000][1][safepoint    ] Safepoint "GenCollectForAllocation", Time since last: 9269205 ns, Reaching safepoint: 249800 ns, At safepoint: 10816406 ns, Total: 11066206 ns
[2020-03-27T08:16:08.335+0000][1][safepoint    ] Safepoint "RevokeBias", Time since last: 234387027 ns, Reaching safepoint: 125501 ns, At safepoint: 33500 ns, Total: 159001 ns
[2020-03-27T08:16:08.336+0000][1][safepoint    ] Safepoint "RevokeBias", Time since last: 1124200 ns, Reaching safepoint: 67900 ns, At safepoint: 22200 ns, Total: 90100 ns
[2020-03-27T08:16:08.338+0000][1][safepoint    ] Safepoint "RevokeBias", Time since last: 2366502 ns, Reaching safepoint: 84200 ns, At safepoint: 14600 ns, Total: 98800 ns
[2020-03-27T08:16:08.340+0000][1][safepoint    ] Safepoint "RevokeBias", Time since last: 1588700 ns, Reaching safepoint: 74700 ns, At safepoint: 21801 ns, Total: 96501 ns
[2020-03-27T08:16:08.382+0000][1][safepoint    ] Safepoint "RevokeBias", Time since last: 41351122 ns, Reaching safepoint: 163900 ns, At safepoint: 23500 ns, Total: 187400 ns
[2020-03-27T08:16:08.457+0000][1][safepoint    ] Safepoint "RevokeBias", Time since last: 75343941 ns, Reaching safepoint: 88300 ns, At safepoint: 22700 ns, Total: 111000 ns
[2020-03-27T08:16:08.635+0000][1][safepoint    ] Safepoint "RevokeBias", Time since last: 177671397 ns, Reaching safepoint: 114800 ns, At safepoint: 25400 ns, Total: 140200 ns
[2020-03-27T08:16:08.635+0000][1][safepoint    ] Safepoint "RevokeBias", Time since last: 331800 ns, Reaching safepoint: 63000 ns, At safepoint: 22100 ns, Total: 85100 ns
[2020-03-27T08:16:08.636+0000][1][safepoint    ] Safepoint "BulkRevokeBias", Time since last: 293800 ns, Reaching safepoint: 65600 ns, At safepoint: 423200 ns, Total: 488800 ns
[2020-03-27T08:16:09.457+0000][1][safepoint    ] Safepoint "RevokeBias", Time since last: 820527547 ns, Reaching safepoint: 96100 ns, At safepoint: 20600 ns, Total: 116700 ns
[2020-03-27T08:16:09.460+0000][1][safepoint    ] Safepoint "BulkRevokeBias", Time since last: 2336201 ns, Reaching safepoint: 85600 ns, At safepoint: 487800 ns, Total: 573400 ns
[2020-03-27T08:16:09.462+0000][1][safepoint    ] Safepoint "RevokeBias", Time since last: 1869701 ns, Reaching safepoint: 133500 ns, At safepoint: 19300 ns, Total: 152800 ns
[2020-03-27T08:16:09.463+0000][1][safepoint    ] Safepoint "RevokeBias", Time since last: 945501 ns, Reaching safepoint: 124500 ns, At safepoint: 16800 ns, Total: 141300 ns
[2020-03-27T08:16:09.463+0000][1][safepoint    ] Safepoint "RevokeBias", Time since last: 466000 ns, Reaching safepoint: 69900 ns, At safepoint: 17400 ns, Total: 87300 ns
[2020-03-27T08:16:09.464+0000][1][safepoint    ] Safepoint "RevokeBias", Time since last: 532701 ns, Reaching safepoint: 92700 ns, At safepoint: 5100 ns, Total: 97800 ns
[2020-03-27T08:16:09.465+0000][1][safepoint    ] Safepoint "RevokeBias", Time since last: 470500 ns, Reaching safepoint: 91400 ns, At safepoint: 6700 ns, Total: 98100 ns
[2020-03-27T08:16:09.465+0000][1][safepoint    ] Safepoint "RevokeBias", Time since last: 792600 ns, Reaching safepoint: 130300 ns, At safepoint: 17900 ns, Total: 148200 ns
[2020-03-27T08:16:10.467+0000][1][safepoint    ] Safepoint "Cleanup", Time since last: 1000783845 ns, Reaching safepoint: 619800 ns, At safepoint: 89600 ns, Total: 709400 ns
[2020-03-27T08:16:10.591+0000][1][gc,start     ] GC(144) Pause Young (Allocation Failure)
[2020-03-27T08:16:10.592+0000][1][gc,task      ] GC(144) Using 2 workers of 2 for evacuation
[2020-03-27T08:16:10.599+0000][1][gc,age       ] GC(144) Desired survivor size 8716288 bytes, new threshold 6 (max threshold 6)
[2020-03-27T08:16:10.599+0000][1][gc,age       ] GC(144) Age table with threshold 6 (max threshold 6)
[2020-03-27T08:16:10.600+0000][1][gc,age       ] GC(144) - age   1:     415192 bytes,     415192 total
[2020-03-27T08:16:10.600+0000][1][gc,age       ] GC(144) - age   2:     232448 bytes,     647640 total
[2020-03-27T08:16:10.601+0000][1][gc,age       ] GC(144) - age   3:     209648 bytes,     857288 total
[2020-03-27T08:16:10.601+0000][1][gc,heap      ] GC(144) ParNew: 142091K->4168K(153344K)
[2020-03-27T08:16:10.602+0000][1][gc,heap      ] GC(144) CMS: 185984K->185984K(353920K)
[2020-03-27T08:16:10.602+0000][1][gc,metaspace ] GC(144) Metaspace: 97601K->97601K(1138688K)
[2020-03-27T08:16:10.603+0000][1][gc           ] GC(144) Pause Young (Allocation Failure) 320M->185M(495M) 11.831ms
[2020-03-27T08:16:10.603+0000][1][gc,cpu       ] GC(144) User=0.01s Sys=0.00s Real=0.01s
[2020-03-27T08:16:10.603+0000][1][safepoint    ] Safepoint "GenCollectForAllocation", Time since last: 123525067 ns, Reaching safepoint: 231700 ns, At safepoint: 12637207 ns, Total: 12868907 ns
[2020-03-27T08:16:11.604+0000][1][safepoint    ] Safepoint "Cleanup", Time since last: 1000587344 ns, Reaching safepoint: 324100 ns, At safepoint: 39000 ns, Total: 363100 ns
[2020-03-27T08:16:11.734+0000][1][safepoint    ] Safepoint "RevokeBias", Time since last: 128782970 ns, Reaching safepoint: 886901 ns, At safepoint: 43500 ns, Total: 930401 ns
[2020-03-27T08:16:12.622+0000][1][safepoint    ] Safepoint "RevokeBias", Time since last: 888194810 ns, Reaching safepoint: 182100 ns, At safepoint: 49100 ns, Total: 231200 ns
[2020-03-27T08:16:12.624+0000][1][safepoint    ] Safepoint "BulkRevokeBias", Time since last: 1095501 ns, Reaching safepoint: 63000 ns, At safepoint: 481100 ns, Total: 544100 ns
[2020-03-27T08:16:12.626+0000][1][safepoint    ] Safepoint "RevokeBias", Time since last: 1719801 ns, Reaching safepoint: 73900 ns, At safepoint: 14300 ns, Total: 88200 ns
[2020-03-27T08:16:12.628+0000][1][safepoint    ] Safepoint "BulkRevokeBias", Time since last: 1461600 ns, Reaching safepoint: 78000 ns, At safepoint: 408901 ns, Total: 486901 ns
[2020-03-27T08:16:12.672+0000][1][safepoint    ] Safepoint "RevokeBias", Time since last: 44104819 ns, Reaching safepoint: 123500 ns, At safepoint: 29700 ns, Total: 153200 ns
[2020-03-27T08:16:13.673+0000][1][safepoint    ] Safepoint "Cleanup", Time since last: 1000617338 ns, Reaching safepoint: 121700 ns, At safepoint: 20900 ns, Total: 142600 ns
[2020-03-27T08:16:14.674+0000][1][safepoint    ] Safepoint "Cleanup", Time since last: 1000966638 ns, Reaching safepoint: 181401 ns, At safepoint: 31700 ns, Total: 213101 ns
[2020-03-27T08:16:15.675+0000][1][safepoint    ] Safepoint "Cleanup", Time since last: 1001213238 ns, Reaching safepoint: 106600 ns, At safepoint: 19600 ns, Total: 126200 ns
[2020-03-27T08:16:16.676+0000][1][safepoint    ] Safepoint "Cleanup", Time since last: 1000710838 ns, Reaching safepoint: 101000 ns, At safepoint: 5100 ns, Total: 106100 ns
[2020-03-27T08:16:17.677+0000][1][safepoint    ] Safepoint "Cleanup", Time since last: 1000624938 ns, Reaching safepoint: 138000 ns, At safepoint: 20800 ns, Total: 158800 ns
[2020-03-27T08:16:18.079+0000][1][safepoint    ] Safepoint "RevokeBias", Time since last: 401732476 ns, Reaching safepoint: 94700 ns, At safepoint: 41100 ns, Total: 135800 ns
[2020-03-27T08:16:19.080+0000][1][safepoint    ] Safepoint "Cleanup", Time since last: 1000711639 ns, Reaching safepoint: 347400 ns, At safepoint: 71300 ns, Total: 418700 ns
[2020-03-27T08:16:20.082+0000][1][safepoint    ] Safepoint "Cleanup", Time since last: 1001925589 ns, Reaching safepoint: 280600 ns, At safepoint: 71300 ns, Total: 351900 ns
[2020-03-27T08:16:21.084+0000][1][safepoint    ] Safepoint "Cleanup", Time since last: 1001983712 ns, Reaching safepoint: 156200 ns, At safepoint: 46600 ns, Total: 202800 ns
[2020-03-27T08:16:21.735+0000][1][safepoint    ] Safepoint "RevokeBias", Time since last: 650441408 ns, Reaching safepoint: 273700 ns, At safepoint: 234400 ns, Total: 508100 ns
[2020-03-27T08:16:22.736+0000][1][safepoint    ] Safepoint "Cleanup", Time since last: 1000504112 ns, Reaching safepoint: 370300 ns, At safepoint: 133400 ns, Total: 503700 ns
[2020-03-27T08:16:23.739+0000][1][safepoint    ] Safepoint "Cleanup", Time since last: 1002019213 ns, Reaching safepoint: 410300 ns, At safepoint: 124000 ns, Total: 534300 ns
[2020-03-27T08:16:24.742+0000][1][safepoint    ] Safepoint "Cleanup", Time since last: 1002637112 ns, Reaching safepoint: 318200 ns, At safepoint: 80600 ns, Total: 398800 ns
[2020-03-27T08:16:25.744+0000][1][safepoint    ] Safepoint "Cleanup", Time since last: 1001870412 ns, Reaching safepoint: 371500 ns, At safepoint: 86000 ns, Total: 457500 ns
[2020-03-27T08:16:26.747+0000][1][safepoint    ] Safepoint "Cleanup", Time since last: 1002090313 ns, Reaching safepoint: 569700 ns, At safepoint: 79800 ns, Total: 649500 ns
[2020-03-27T08:16:27.749+0000][1][safepoint    ] Safepoint "Cleanup", Time since last: 1002194312 ns, Reaching safepoint: 173400 ns, At safepoint: 41000 ns, Total: 214400 ns
[2020-03-27T08:16:28.081+0000][1][gc,start     ] GC(145) Pause Young (Allocation Failure)
[2020-03-27T08:16:28.081+0000][1][gc,task      ] GC(145) Using 2 workers of 2 for evacuation
[2020-03-27T08:16:28.094+0000][1][gc,age       ] GC(145) Desired survivor size 8716288 bytes, new threshold 1 (max threshold 6)
[2020-03-27T08:16:28.095+0000][1][gc,age       ] GC(145) Age table with threshold 1 (max threshold 6)
[2020-03-27T08:16:28.095+0000][1][gc,age       ] GC(145) - age   1:   13678840 bytes,   13678840 total
[2020-03-27T08:16:28.096+0000][1][gc,age       ] GC(145) - age   2:     407944 bytes,   14086784 total
[2020-03-27T08:16:28.096+0000][1][gc,age       ] GC(145) - age   3:     215920 bytes,   14302704 total
[2020-03-27T08:16:28.097+0000][1][gc,age       ] GC(145) - age   4:     208960 bytes,   14511664 total
[2020-03-27T08:16:28.097+0000][1][gc,heap      ] GC(145) ParNew: 140488K->15018K(153344K)
[2020-03-27T08:16:28.098+0000][1][gc,heap      ] GC(145) CMS: 185984K->185984K(353920K)
[2020-03-27T08:16:28.098+0000][1][gc,metaspace ] GC(145) Metaspace: 97613K->97613K(1138688K)
[2020-03-27T08:16:28.099+0000][1][gc           ] GC(145) Pause Young (Allocation Failure) 318M->196M(495M) 17.882ms
[2020-03-27T08:16:28.099+0000][1][gc,cpu       ] GC(145) User=0.01s Sys=0.01s Real=0.02s
[2020-03-27T08:16:28.100+0000][1][safepoint    ] Safepoint "GenCollectForAllocation", Time since last: 331121302 ns, Reaching safepoint: 108200 ns, At safepoint: 18841999 ns, Total: 18950199 ns
[2020-03-27T08:16:28.132+0000][1][safepoint    ] Safepoint "RevokeBias", Time since last: 32794300 ns, Reaching safepoint: 93000 ns, At safepoint: 21900 ns, Total: 114900 ns
[2020-03-27T08:16:29.134+0000][1][safepoint    ] Safepoint "Cleanup", Time since last: 1000768589 ns, Reaching safepoint: 460300 ns, At safepoint: 85400 ns, Total: 545700 ns
[2020-03-27T08:16:30.137+0000][1][safepoint    ] Safepoint "Cleanup", Time since last: 1002389688 ns, Reaching safepoint: 323300 ns, At safepoint: 266200 ns, Total: 589500 ns
[2020-03-27T08:16:31.139+0000][1][safepoint    ] Safepoint "Cleanup", Time since last: 1002241089 ns, Reaching safepoint: 324400 ns, At safepoint: 36700 ns, Total: 361100 ns
[2020-03-27T08:16:31.733+0000][1][safepoint    ] Safepoint "RevokeBias", Time since last: 593193793 ns, Reaching safepoint: 619300 ns, At safepoint: 240700 ns, Total: 860000 ns
[2020-03-27T08:16:32.735+0000][1][safepoint    ] Safepoint "Cleanup", Time since last: 1000675289 ns, Reaching safepoint: 319500 ns, At safepoint: 269500 ns, Total: 589000 ns
[2020-03-27T08:16:33.737+0000][1][safepoint    ] Safepoint "Cleanup", Time since last: 1001781589 ns, Reaching safepoint: 513900 ns, At safepoint: 83900 ns, Total: 597800 ns
[2020-03-27T08:16:34.739+0000][1][safepoint    ] Safepoint "Cleanup", Time since last: 1001864488 ns, Reaching safepoint: 318000 ns, At safepoint: 88200 ns, Total: 406200 ns
[2020-03-27T08:16:35.742+0000][1][safepoint    ] Safepoint "Cleanup", Time since last: 1002279889 ns, Reaching safepoint: 316200 ns, At safepoint: 86200 ns, Total: 402400 ns
[2020-03-27T08:16:36.744+0000][1][safepoint    ] Safepoint "Cleanup", Time since last: 1002018826 ns, Reaching safepoint: 320299 ns, At safepoint: 89000 ns, Total: 409299 ns
[2020-03-27T08:16:37.747+0000][1][safepoint    ] Safepoint "Cleanup", Time since last: 1002532004 ns, Reaching safepoint: 324400 ns, At safepoint: 88100 ns, Total: 412500 ns
[2020-03-27T08:16:38.079+0000][1][safepoint    ] Safepoint "BulkRevokeBias", Time since last: 331343168 ns, Reaching safepoint: 112200 ns, At safepoint: 439500 ns, Total: 551700 ns
[2020-03-27T08:16:39.080+0000][1][safepoint    ] Safepoint "Cleanup", Time since last: 1000812804 ns, Reaching safepoint: 363200 ns, At safepoint: 40100 ns, Total: 403300 ns
[2020-03-27T08:16:40.084+0000][1][safepoint    ] Safepoint "Cleanup", Time since last: 1002720604 ns, Reaching safepoint: 457500 ns, At safepoint: 83600 ns, Total: 541100 ns
[2020-03-27T08:16:41.086+0000][1][safepoint    ] Safepoint "Cleanup", Time since last: 1002116804 ns, Reaching safepoint: 319200 ns, At safepoint: 87000 ns, Total: 406200 ns
[2020-03-27T08:16:41.753+0000][1][safepoint    ] Safepoint "RevokeBias", Time since last: 666931036 ns, Reaching safepoint: 132600 ns, At safepoint: 33800 ns, Total: 166400 ns
[2020-03-27T08:16:42.755+0000][1][safepoint    ] Safepoint "Cleanup", Time since last: 1001208804 ns, Reaching safepoint: 369500 ns, At safepoint: 82000 ns, Total: 451500 ns
[2020-03-27T08:16:43.749+0000][1][safepoint    ] Safepoint "RevokeBias", Time since last: 993727004 ns, Reaching safepoint: 121400 ns, At safepoint: 16400 ns, Total: 137800 ns
[2020-03-27T08:16:43.750+0000][1][safepoint    ] Safepoint "RevokeBias", Time since last: 845300 ns, Reaching safepoint: 92800 ns, At safepoint: 21800 ns, Total: 114600 ns
[2020-03-27T08:16:43.752+0000][1][safepoint    ] Safepoint "RevokeBias", Time since last: 1742000 ns, Reaching safepoint: 82700 ns, At safepoint: 12400 ns, Total: 95100 ns
[2020-03-27T08:16:43.753+0000][1][safepoint    ] Safepoint "RevokeBias", Time since last: 1102900 ns, Reaching safepoint: 73300 ns, At safepoint: 10900 ns, Total: 84200 ns
[2020-03-27T08:16:43.793+0000][1][safepoint    ] Safepoint "RevokeBias", Time since last: 40072396 ns, Reaching safepoint: 162600 ns, At safepoint: 35200 ns, Total: 197800 ns
[2020-03-27T08:16:43.861+0000][1][safepoint    ] Safepoint "RevokeBias", Time since last: 67484294 ns, Reaching safepoint: 246900 ns, At safepoint: 28300 ns, Total: 275200 ns
[2020-03-27T08:16:43.862+0000][1][safepoint    ] Safepoint "RevokeBias", Time since last: 535100 ns, Reaching safepoint: 91800 ns, At safepoint: 21200 ns, Total: 113000 ns
[2020-03-27T08:16:43.863+0000][1][safepoint    ] Safepoint "RevokeBias", Time since last: 1271199 ns, Reaching safepoint: 91000 ns, At safepoint: 11500 ns, Total: 102500 ns
[2020-03-27T08:16:43.864+0000][1][safepoint    ] Safepoint "RevokeBias", Time since last: 706200 ns, Reaching safepoint: 85400 ns, At safepoint: 15100 ns, Total: 100500 ns
[2020-03-27T08:16:43.919+0000][1][safepoint    ] Safepoint "RevokeBias", Time since last: 55276295 ns, Reaching safepoint: 134500 ns, At safepoint: 19800 ns, Total: 154300 ns
[2020-03-27T08:16:44.602+0000][1][gc,start     ] GC(146) Pause Young (Allocation Failure)
[2020-03-27T08:16:44.603+0000][1][gc,task      ] GC(146) Using 2 workers of 2 for evacuation
[2020-03-27T08:16:44.693+0000][1][gc,age       ] GC(146) Desired survivor size 8716288 bytes, new threshold 6 (max threshold 6)
[2020-03-27T08:16:44.693+0000][1][gc,age       ] GC(146) Age table with threshold 6 (max threshold 6)
[2020-03-27T08:16:44.694+0000][1][gc,age       ] GC(146) - age   1:    1369792 bytes,    1369792 total
[2020-03-27T08:16:44.694+0000][1][gc,heap      ] GC(146) ParNew: 151338K->10941K(153344K)
[2020-03-27T08:16:44.695+0000][1][gc,heap      ] GC(146) CMS: 185984K->193448K(353920K)
[2020-03-27T08:16:44.695+0000][1][gc,metaspace ] GC(146) Metaspace: 97629K->97629K(1138688K)
[2020-03-27T08:16:44.696+0000][1][gc           ] GC(146) Pause Young (Allocation Failure) 329M->199M(495M) 93.344ms
[2020-03-27T08:16:44.696+0000][1][gc,cpu       ] GC(146) User=0.03s Sys=0.02s Real=0.10s
[2020-03-27T08:16:44.696+0000][1][safepoint    ] Safepoint "GenCollectForAllocation", Time since last: 683012221 ns, Reaching safepoint: 106100 ns, At safepoint: 94213989 ns, Total: 94320089 ns
[2020-03-27T08:16:44.709+0000][1][safepoint    ] Safepoint "RevokeBias", Time since last: 12868499 ns, Reaching safepoint: 98600 ns, At safepoint: 17500 ns, Total: 116100 ns
[2020-03-27T08:16:44.710+0000][1][safepoint    ] Safepoint "RevokeBias", Time since last: 856300 ns, Reaching safepoint: 114800 ns, At safepoint: 13300 ns, Total: 128100 ns
[2020-03-27T08:16:44.711+0000][1][safepoint    ] Safepoint "RevokeBias", Time since last: 742799 ns, Reaching safepoint: 59800 ns, At safepoint: 12700 ns, Total: 72500 ns
[2020-03-27T08:16:44.712+0000][1][safepoint    ] Safepoint "RevokeBias", Time since last: 985600 ns, Reaching safepoint: 82500 ns, At safepoint: 21500 ns, Total: 104000 ns
[2020-03-27T08:16:44.713+0000][1][safepoint    ] Safepoint "RevokeBias", Time since last: 923300 ns, Reaching safepoint: 109700 ns, At safepoint: 65500 ns, Total: 175200 ns
[2020-03-27T08:16:44.758+0000][1][safepoint    ] Safepoint "RevokeBias", Time since last: 44279095 ns, Reaching safepoint: 108200 ns, At safepoint: 32200 ns, Total: 140400 ns
[2020-03-27T08:16:44.825+0000][1][safepoint    ] Safepoint "RevokeBias", Time since last: 66979092 ns, Reaching safepoint: 197800 ns, At safepoint: 47800 ns, Total: 245600 ns
[2020-03-27T08:16:44.841+0000][1][safepoint    ] Safepoint "RevokeBias", Time since last: 15802798 ns, Reaching safepoint: 267800 ns, At safepoint: 209900 ns, Total: 477700 ns
[2020-03-27T08:16:44.842+0000][1][safepoint    ] Safepoint "RevokeBias", Time since last: 684500 ns, Reaching safepoint: 106600 ns, At safepoint: 93600 ns, Total: 200200 ns
[2020-03-27T08:16:45.024+0000][1][safepoint    ] Safepoint "RevokeBias", Time since last: 181065979 ns, Reaching safepoint: 195800 ns, At safepoint: 22000 ns, Total: 217800 ns
[2020-03-27T08:16:45.025+0000][1][safepoint    ] Safepoint "RevokeBias", Time since last: 1502599 ns, Reaching safepoint: 66700 ns, At safepoint: 13100 ns, Total: 79800 ns
[2020-03-27T08:16:45.026+0000][1][safepoint    ] Safepoint "RevokeBias", Time since last: 694500 ns, Reaching safepoint: 93600 ns, At safepoint: 13300 ns, Total: 106900 ns
[2020-03-27T08:16:46.027+0000][1][safepoint    ] Safepoint "Cleanup", Time since last: 1000760682 ns, Reaching safepoint: 325200 ns, At safepoint: 86700 ns, Total: 411900 ns
[2020-03-27T08:16:47.029+0000][1][safepoint    ] Safepoint "Cleanup", Time since last: 1002051882 ns, Reaching safepoint: 229700 ns, At safepoint: 60200 ns, Total: 289900 ns
[2020-03-27T08:16:48.031+0000][1][safepoint    ] Safepoint "Cleanup", Time since last: 1001558581 ns, Reaching safepoint: 376100 ns, At safepoint: 87500 ns, Total: 463600 ns
[2020-03-27T08:16:48.081+0000][1][safepoint    ] Safepoint "RevokeBias", Time since last: 49586794 ns, Reaching safepoint: 95000 ns, At safepoint: 26900 ns, Total: 121900 ns
[2020-03-27T08:16:48.106+0000][1][safepoint    ] Safepoint "RevokeBias", Time since last: 24558297 ns, Reaching safepoint: 272800 ns, At safepoint: 28800 ns, Total: 301600 ns
[2020-03-27T08:16:48.856+0000][1][safepoint    ] Safepoint "RevokeBias", Time since last: 749503112 ns, Reaching safepoint: 160700 ns, At safepoint: 34800 ns, Total: 195500 ns
[2020-03-27T08:16:48.857+0000][1][safepoint    ] Safepoint "RevokeBias", Time since last: 970700 ns, Reaching safepoint: 189300 ns, At safepoint: 42600 ns, Total: 231900 ns
[2020-03-27T08:16:48.858+0000][1][safepoint    ] Safepoint "RevokeBias", Time since last: 1251000 ns, Reaching safepoint: 61100 ns, At safepoint: 21399 ns, Total: 82499 ns
[2020-03-27T08:16:48.859+0000][1][safepoint    ] Safepoint "RevokeBias", Time since last: 965400 ns, Reaching safepoint: 56000 ns, At safepoint: 21000 ns, Total: 77000 ns
[2020-03-27T08:16:48.906+0000][1][safepoint    ] Safepoint "RevokeBias", Time since last: 46124395 ns, Reaching safepoint: 127200 ns, At safepoint: 29500 ns, Total: 156700 ns
[2020-03-27T08:16:49.703+0000][1][gc,start     ] GC(147) Pause Young (Allocation Failure)
[2020-03-27T08:16:49.705+0000][1][gc,task      ] GC(147) Using 2 workers of 2 for evacuation
[2020-03-27T08:16:49.711+0000][1][gc,age       ] GC(147) Desired survivor size 8716288 bytes, new threshold 6 (max threshold 6)
[2020-03-27T08:16:49.712+0000][1][gc,age       ] GC(147) Age table with threshold 6 (max threshold 6)
[2020-03-27T08:16:49.712+0000][1][gc,age       ] GC(147) - age   1:    1356584 bytes,    1356584 total
[2020-03-27T08:16:49.713+0000][1][gc,age       ] GC(147) - age   2:     421528 bytes,    1778112 total
[2020-03-27T08:16:49.713+0000][1][gc,heap      ] GC(147) ParNew: 147261K->2986K(153344K)
[2020-03-27T08:16:49.714+0000][1][gc,heap      ] GC(147) CMS: 193448K->193448K(353920K)
[2020-03-27T08:16:49.714+0000][1][gc,metaspace ] GC(147) Metaspace: 97643K->97643K(1138688K)
[2020-03-27T08:16:49.715+0000][1][gc           ] GC(147) Pause Young (Allocation Failure) 332M->191M(495M) 11.564ms
[2020-03-27T08:16:49.715+0000][1][gc,cpu       ] GC(147) User=0.01s Sys=0.00s Real=0.01s
[2020-03-27T08:16:49.716+0000][1][safepoint    ] Safepoint "GenCollectForAllocation", Time since last: 797480806 ns, Reaching safepoint: 200500 ns, At safepoint: 12300098 ns, Total: 12500598 ns
[2020-03-27T08:16:50.717+0000][1][safepoint    ] Safepoint "Cleanup", Time since last: 1000747882 ns, Reaching safepoint: 408000 ns, At safepoint: 86400 ns, Total: 494400 ns
[2020-03-27T08:16:51.719+0000][1][safepoint    ] Safepoint "Cleanup", Time since last: 1001946282 ns, Reaching safepoint: 225900 ns, At safepoint: 48099 ns, Total: 273999 ns
[2020-03-27T08:16:51.759+0000][1][safepoint    ] Safepoint "RevokeBias", Time since last: 38558696 ns, Reaching safepoint: 269200 ns, At safepoint: 1103400 ns, Total: 1372600 ns
[2020-03-27T08:16:51.993+0000][1][safepoint    ] Safepoint "RevokeBias", Time since last: 233936972 ns, Reaching safepoint: 227200 ns, At safepoint: 37900 ns, Total: 265100 ns
[2020-03-27T08:16:51.994+0000][1][safepoint    ] Safepoint "RevokeBias", Time since last: 707800 ns, Reaching safepoint: 84100 ns, At safepoint: 20900 ns, Total: 105000 ns
[2020-03-27T08:16:51.995+0000][1][safepoint    ] Safepoint "RevokeBias", Time since last: 1372100 ns, Reaching safepoint: 117200 ns, At safepoint: 14600 ns, Total: 131800 ns
[2020-03-27T08:16:51.997+0000][1][safepoint    ] Safepoint "RevokeBias", Time since last: 1223100 ns, Reaching safepoint: 71700 ns, At safepoint: 13900 ns, Total: 85600 ns
[2020-03-27T08:16:52.043+0000][1][safepoint    ] Safepoint "RevokeBias", Time since last: 45972877 ns, Reaching safepoint: 118700 ns, At safepoint: 33700 ns, Total: 152400 ns
[2020-03-27T08:16:52.075+0000][1][safepoint    ] Safepoint "BulkRevokeBias", Time since last: 31054561 ns, Reaching safepoint: 249299 ns, At safepoint: 611899 ns, Total: 861198 ns
[2020-03-27T08:16:52.076+0000][1][safepoint    ] Safepoint "RevokeBias", Time since last: 901499 ns, Reaching safepoint: 170700 ns, At safepoint: 36900 ns, Total: 207600 ns
[2020-03-27T08:16:53.077+0000][1][safepoint    ] Safepoint "RevokeBias", Time since last: 1000444542 ns, Reaching safepoint: 157700 ns, At safepoint: 27200 ns, Total: 184900 ns
[2020-03-27T08:16:53.096+0000][1][safepoint    ] Safepoint "RevokeBias", Time since last: 19088476 ns, Reaching safepoint: 96600 ns, At safepoint: 37400 ns, Total: 134000 ns
[2020-03-27T08:16:53.097+0000][1][safepoint    ] Safepoint "RevokeBias", Time since last: 746599 ns, Reaching safepoint: 183299 ns, At safepoint: 16700 ns, Total: 199999 ns
[2020-03-27T08:16:54.098+0000][1][safepoint    ] Safepoint "Cleanup", Time since last: 1001039242 ns, Reaching safepoint: 329299 ns, At safepoint: 87000 ns, Total: 416299 ns
[2020-03-27T08:16:55.101+0000][1][safepoint    ] Safepoint "Cleanup", Time since last: 1002371240 ns, Reaching safepoint: 96399 ns, At safepoint: 19400 ns, Total: 115799 ns
[2020-03-27T08:16:56.102+0000][1][safepoint    ] Safepoint "Cleanup", Time since last: 1000957242 ns, Reaching safepoint: 322399 ns, At safepoint: 82500 ns, Total: 404899 ns
[2020-03-27T08:16:57.105+0000][1][safepoint    ] Safepoint "Cleanup", Time since last: 1002269140 ns, Reaching safepoint: 410199 ns, At safepoint: 79000 ns, Total: 489199 ns
[2020-03-27T08:16:58.097+0000][1][gc,start     ] GC(148) Pause Young (Allocation Failure)
[2020-03-27T08:16:58.097+0000][1][gc,task      ] GC(148) Using 2 workers of 2 for evacuation
[2020-03-27T08:16:58.101+0000][1][gc,age       ] GC(148) Desired survivor size 8716288 bytes, new threshold 6 (max threshold 6)
[2020-03-27T08:16:58.101+0000][1][gc,age       ] GC(148) Age table with threshold 6 (max threshold 6)
[2020-03-27T08:16:58.102+0000][1][gc,age       ] GC(148) - age   1:     249448 bytes,     249448 total
[2020-03-27T08:16:58.102+0000][1][gc,age       ] GC(148) - age   2:    1348568 bytes,    1598016 total
[2020-03-27T08:16:58.103+0000][1][gc,age       ] GC(148) - age   3:     203560 bytes,    1801576 total
[2020-03-27T08:16:58.103+0000][1][gc,heap      ] GC(148) ParNew: 139306K->2096K(153344K)
[2020-03-27T08:16:58.104+0000][1][gc,heap      ] GC(148) CMS: 193448K->193448K(353920K)
[2020-03-27T08:16:58.104+0000][1][gc,metaspace ] GC(148) Metaspace: 97646K->97646K(1138688K)
[2020-03-27T08:16:58.105+0000][1][gc           ] GC(148) Pause Young (Allocation Failure) 324M->190M(495M) 8.290ms
[2020-03-27T08:16:58.105+0000][1][gc,cpu       ] GC(148) User=0.01s Sys=0.00s Real=0.00s
[2020-03-27T08:16:58.106+0000][1][safepoint    ] Safepoint "GenCollectForAllocation", Time since last: 991797453 ns, Reaching safepoint: 114600 ns, At safepoint: 9251288 ns, Total: 9365888 ns
[2020-03-27T08:16:58.128+0000][1][safepoint    ] Safepoint "RevokeBias", Time since last: 22007972 ns, Reaching safepoint: 141200 ns, At safepoint: 23300 ns, Total: 164500 ns
[2020-03-27T08:16:59.018+0000][1][safepoint    ] Safepoint "RevokeBias", Time since last: 889220582 ns, Reaching safepoint: 236000 ns, At safepoint: 18600 ns, Total: 254600 ns
[2020-03-27T08:16:59.018+0000][1][safepoint    ] Safepoint "RevokeBias", Time since last: 572099 ns, Reaching safepoint: 77100 ns, At safepoint: 14000 ns, Total: 91100 ns
[2020-03-27T08:16:59.020+0000][1][safepoint    ] Safepoint "RevokeBias", Time since last: 1374398 ns, Reaching safepoint: 63800 ns, At safepoint: 12700 ns, Total: 76500 ns
[2020-03-27T08:16:59.021+0000][1][safepoint    ] Safepoint "RevokeBias", Time since last: 1142499 ns, Reaching safepoint: 60600 ns, At safepoint: 13000 ns, Total: 73600 ns
[2020-03-27T08:16:59.064+0000][1][safepoint    ] Safepoint "RevokeBias", Time since last: 43091745 ns, Reaching safepoint: 114500 ns, At safepoint: 32000 ns, Total: 146500 ns
[2020-03-27T08:17:00.065+0000][1][safepoint    ] Safepoint "Cleanup", Time since last: 1000657535 ns, Reaching safepoint: 137300 ns, At safepoint: 29400 ns, Total: 166700 ns
[2020-03-27T08:17:01.067+0000][1][safepoint    ] Safepoint "Cleanup", Time since last: 1001098510 ns, Reaching safepoint: 320700 ns, At safepoint: 183300 ns, Total: 504000 ns
[2020-03-27T08:17:01.759+0000][1][safepoint    ] Safepoint "RevokeBias", Time since last: 692336084 ns, Reaching safepoint: 148800 ns, At safepoint: 18300 ns, Total: 167100 ns
[2020-03-27T08:17:02.184+0000][1][safepoint    ] Safepoint "RevokeBias", Time since last: 424290374 ns, Reaching safepoint: 165200 ns, At safepoint: 44600 ns, Total: 209800 ns
[2020-03-27T08:17:02.185+0000][1][safepoint    ] Safepoint "RevokeBias", Time since last: 823000 ns, Reaching safepoint: 86000 ns, At safepoint: 20700 ns, Total: 106700 ns
[2020-03-27T08:17:02.186+0000][1][safepoint    ] Safepoint "RevokeBias", Time since last: 1195501 ns, Reaching safepoint: 159600 ns, At safepoint: 12000 ns, Total: 171600 ns
[2020-03-27T08:17:02.187+0000][1][safepoint    ] Safepoint "RevokeBias", Time since last: 963200 ns, Reaching safepoint: 214400 ns, At safepoint: 21600 ns, Total: 236000 ns
[2020-03-27T08:17:02.225+0000][1][safepoint    ] Safepoint "RevokeBias", Time since last: 38056616 ns, Reaching safepoint: 145100 ns, At safepoint: 29600 ns, Total: 174700 ns
[2020-03-27T08:17:03.226+0000][1][safepoint    ] Safepoint "Cleanup", Time since last: 1000673010 ns, Reaching safepoint: 322700 ns, At safepoint: 83700 ns, Total: 406400 ns
[2020-03-27T08:17:04.230+0000][1][safepoint    ] Safepoint "Cleanup", Time since last: 1003108911 ns, Reaching safepoint: 138400 ns, At safepoint: 27900 ns, Total: 166300 ns
[2020-03-27T08:17:05.231+0000][1][safepoint    ] Safepoint "Cleanup", Time since last: 1000977110 ns, Reaching safepoint: 136000 ns, At safepoint: 29600 ns, Total: 165600 ns
[2020-03-27T08:17:06.232+0000][1][safepoint    ] Safepoint "Cleanup", Time since last: 1000981310 ns, Reaching safepoint: 117100 ns, At safepoint: 24100 ns, Total: 141200 ns
[2020-03-27T08:17:07.233+0000][1][safepoint    ] Safepoint "Cleanup", Time since last: 1001130310 ns, Reaching safepoint: 148400 ns, At safepoint: 35500 ns, Total: 183900 ns
[2020-03-27T08:17:08.072+0000][1][safepoint    ] Safepoint "RevokeBias", Time since last: 838154438 ns, Reaching safepoint: 181900 ns, At safepoint: 27000 ns, Total: 208900 ns
[2020-03-27T08:17:08.084+0000][1][gc,start     ] GC(149) Pause Young (Allocation Failure)
[2020-03-27T08:17:08.084+0000][1][gc,task      ] GC(149) Using 2 workers of 2 for evacuation
[2020-03-27T08:17:08.089+0000][1][gc,age       ] GC(149) Desired survivor size 8716288 bytes, new threshold 3 (max threshold 6)
[2020-03-27T08:17:08.090+0000][1][gc,age       ] GC(149) Age table with threshold 3 (max threshold 6)
[2020-03-27T08:17:08.090+0000][1][gc,age       ] GC(149) - age   1:    8014392 bytes,    8014392 total
[2020-03-27T08:17:08.091+0000][1][gc,age       ] GC(149) - age   2:     222984 bytes,    8237376 total
[2020-03-27T08:17:08.091+0000][1][gc,age       ] GC(149) - age   3:    1170960 bytes,    9408336 total
[2020-03-27T08:17:08.092+0000][1][gc,age       ] GC(149) - age   4:     202944 bytes,    9611280 total
[2020-03-27T08:17:08.092+0000][1][gc,heap      ] GC(149) ParNew: 138416K->10848K(153344K)
[2020-03-27T08:17:08.093+0000][1][gc,heap      ] GC(149) CMS: 193448K->193448K(353920K)
[2020-03-27T08:17:08.093+0000][1][gc,metaspace ] GC(149) Metaspace: 97652K->97652K(1138688K)
[2020-03-27T08:17:08.094+0000][1][gc           ] GC(149) Pause Young (Allocation Failure) 324M->199M(495M) 9.546ms
[2020-03-27T08:17:08.094+0000][1][gc,cpu       ] GC(149) User=0.01s Sys=0.00s Real=0.01s
[2020-03-27T08:17:08.095+0000][1][safepoint    ] Safepoint "GenCollectForAllocation", Time since last: 12157799 ns, Reaching safepoint: 120500 ns, At safepoint: 10647300 ns, Total: 10767800 ns
[2020-03-27T08:17:08.154+0000][1][safepoint    ] Safepoint "RevokeBias", Time since last: 58993597 ns, Reaching safepoint: 252900 ns, At safepoint: 30300 ns, Total: 283200 ns
[2020-03-27T08:17:08.155+0000][1][safepoint    ] Safepoint "RevokeBias", Time since last: 846700 ns, Reaching safepoint: 86900 ns, At safepoint: 12300 ns, Total: 99200 ns
[2020-03-27T08:17:08.156+0000][1][safepoint    ] Safepoint "RevokeBias", Time since last: 1427600 ns, Reaching safepoint: 212900 ns, At safepoint: 24400 ns, Total: 237300 ns
[2020-03-27T08:17:08.158+0000][1][safepoint    ] Safepoint "RevokeBias", Time since last: 992700 ns, Reaching safepoint: 73600 ns, At safepoint: 10600 ns, Total: 84200 ns
[2020-03-27T08:17:08.205+0000][1][safepoint    ] Safepoint "RevokeBias", Time since last: 47609398 ns, Reaching safepoint: 200600 ns, At safepoint: 19800 ns, Total: 220400 ns
[2020-03-27T08:17:09.207+0000][1][safepoint    ] Safepoint "Cleanup", Time since last: 1001070356 ns, Reaching safepoint: 407400 ns, At safepoint: 80000 ns, Total: 487400 ns
[2020-03-27T08:17:10.209+0000][1][safepoint    ] Safepoint "Cleanup", Time since last: 1001889257 ns, Reaching safepoint: 91400 ns, At safepoint: 15200 ns, Total: 106600 ns
[2020-03-27T08:17:11.210+0000][1][safepoint    ] Safepoint "Cleanup", Time since last: 1000950456 ns, Reaching safepoint: 92000 ns, At safepoint: 15300 ns, Total: 107300 ns
[2020-03-27T08:17:11.760+0000][1][safepoint    ] Safepoint "RevokeBias", Time since last: 549720476 ns, Reaching safepoint: 165900 ns, At safepoint: 25100 ns, Total: 191000 ns
[2020-03-27T08:17:12.337+0000][1][safepoint    ] Safepoint "RevokeBias", Time since last: 576753375 ns, Reaching safepoint: 167700 ns, At safepoint: 21000 ns, Total: 188700 ns
[2020-03-27T08:17:12.338+0000][1][safepoint    ] Safepoint "BulkRevokeBias", Time since last: 503800 ns, Reaching safepoint: 144100 ns, At safepoint: 660000 ns, Total: 804100 ns
[2020-03-27T08:17:12.340+0000][1][safepoint    ] Safepoint "RevokeBias", Time since last: 1300499 ns, Reaching safepoint: 147700 ns, At safepoint: 29500 ns, Total: 177200 ns
[2020-03-27T08:17:12.341+0000][1][safepoint    ] Safepoint "BulkRevokeBias", Time since last: 1085100 ns, Reaching safepoint: 114300 ns, At safepoint: 527300 ns, Total: 641600 ns
[2020-03-27T08:17:12.383+0000][1][safepoint    ] Safepoint "BulkRevokeBias", Time since last: 39870999 ns, Reaching safepoint: 135100 ns, At safepoint: 1429200 ns, Total: 1564300 ns
[2020-03-27T08:17:12.395+0000][1][gc,start     ] GC(150) Pause Young (Allocation Failure)
[2020-03-27T08:17:12.396+0000][1][gc,task      ] GC(150) Using 2 workers of 2 for evacuation
[2020-03-27T08:17:12.418+0000][1][gc,age       ] GC(150) Desired survivor size 8716288 bytes, new threshold 6 (max threshold 6)
[2020-03-27T08:17:12.419+0000][1][gc,age       ] GC(150) Age table with threshold 6 (max threshold 6)
[2020-03-27T08:17:12.419+0000][1][gc,age       ] GC(150) - age   1:     664744 bytes,     664744 total
[2020-03-27T08:17:12.419+0000][1][gc,age       ] GC(150) - age   2:     570872 bytes,    1235616 total
[2020-03-27T08:17:12.420+0000][1][gc,age       ] GC(150) - age   3:     222616 bytes,    1458232 total
[2020-03-27T08:17:12.420+0000][1][gc,heap      ] GC(150) ParNew: 147168K->7456K(153344K)
[2020-03-27T08:17:12.420+0000][1][gc,heap      ] GC(150) CMS: 193448K->194804K(353920K)
[2020-03-27T08:17:12.421+0000][1][gc,metaspace ] GC(150) Metaspace: 97654K->97654K(1138688K)
[2020-03-27T08:17:12.421+0000][1][gc           ] GC(150) Pause Young (Allocation Failure) 332M->197M(495M) 25.712ms
[2020-03-27T08:17:12.421+0000][1][gc,cpu       ] GC(150) User=0.04s Sys=0.00s Real=0.03s
[2020-03-27T08:17:12.422+0000][1][safepoint    ] Safepoint "GenCollectForAllocation", Time since last: 12428099 ns, Reaching safepoint: 103000 ns, At safepoint: 26500799 ns, Total: 26603799 ns
[2020-03-27T08:17:13.423+0000][1][safepoint    ] Safepoint "Cleanup", Time since last: 1000879056 ns, Reaching safepoint: 324700 ns, At safepoint: 84400 ns, Total: 409100 ns
[2020-03-27T08:17:14.426+0000][1][safepoint    ] Safepoint "Cleanup", Time since last: 1002026856 ns, Reaching safepoint: 496600 ns, At safepoint: 77800 ns, Total: 574400 ns
[2020-03-27T08:17:15.429+0000][1][safepoint    ] Safepoint "Cleanup", Time since last: 1002436057 ns, Reaching safepoint: 321000 ns, At safepoint: 179799 ns, Total: 500799 ns
[2020-03-27T08:17:16.432+0000][1][safepoint    ] Safepoint "Cleanup", Time since last: 1002483731 ns, Reaching safepoint: 318100 ns, At safepoint: 175100 ns, Total: 493200 ns
[2020-03-27T08:17:17.435+0000][1][safepoint    ] Safepoint "Cleanup", Time since last: 1003064085 ns, Reaching safepoint: 132400 ns, At safepoint: 15800 ns, Total: 148200 ns
[2020-03-27T08:17:18.113+0000][1][safepoint    ] Safepoint "RevokeBias", Time since last: 678377422 ns, Reaching safepoint: 187199 ns, At safepoint: 26400 ns, Total: 213599 ns
[2020-03-27T08:17:19.115+0000][1][safepoint    ] Safepoint "Cleanup", Time since last: 1001348885 ns, Reaching safepoint: 412600 ns, At safepoint: 81000 ns, Total: 493600 ns
[2020-03-27T08:17:20.118+0000][1][safepoint    ] Safepoint "Cleanup", Time since last: 1002304084 ns, Reaching safepoint: 322600 ns, At safepoint: 84200 ns, Total: 406800 ns
[2020-03-27T08:17:21.121+0000][1][safepoint    ] Safepoint "Cleanup", Time since last: 1002629685 ns, Reaching safepoint: 372000 ns, At safepoint: 86800 ns, Total: 458800 ns
[2020-03-27T08:17:21.769+0000][1][safepoint    ] Safepoint "RevokeBias", Time since last: 646363725 ns, Reaching safepoint: 584500 ns, At safepoint: 666400 ns, Total: 1250900 ns
[2020-03-27T08:17:22.770+0000][1][safepoint    ] Safepoint "Cleanup", Time since last: 1000687985 ns, Reaching safepoint: 505800 ns, At safepoint: 87400 ns, Total: 593200 ns
[2020-03-27T08:17:23.772+0000][1][safepoint    ] Safepoint "Cleanup", Time since last: 1001919084 ns, Reaching safepoint: 313400 ns, At safepoint: 80500 ns, Total: 393900 ns
[2020-03-27T08:17:24.775+0000][1][safepoint    ] Safepoint "Cleanup", Time since last: 1002125928 ns, Reaching safepoint: 409900 ns, At safepoint: 83000 ns, Total: 492900 ns
[2020-03-27T08:17:25.777+0000][1][safepoint    ] Safepoint "Cleanup", Time since last: 1001805141 ns, Reaching safepoint: 318600 ns, At safepoint: 85700 ns, Total: 404300 ns
[2020-03-27T08:17:26.780+0000][1][safepoint    ] Safepoint "Cleanup", Time since last: 1001997941 ns, Reaching safepoint: 320100 ns, At safepoint: 172900 ns, Total: 493000 ns
[2020-03-27T08:17:27.782+0000][1][safepoint    ] Safepoint "Cleanup", Time since last: 1002261741 ns, Reaching safepoint: 94100 ns, At safepoint: 30200 ns, Total: 124300 ns
[2020-03-27T08:17:28.142+0000][1][safepoint    ] Safepoint "RevokeBias", Time since last: 360300871 ns, Reaching safepoint: 178100 ns, At safepoint: 25800 ns, Total: 203900 ns
[2020-03-27T08:17:29.144+0000][1][safepoint    ] Safepoint "Cleanup", Time since last: 1000996542 ns, Reaching safepoint: 459300 ns, At safepoint: 77300 ns, Total: 536600 ns
[2020-03-27T08:17:30.146+0000][1][safepoint    ] Safepoint "Cleanup", Time since last: 1001858841 ns, Reaching safepoint: 320500 ns, At safepoint: 84900 ns, Total: 405400 ns
[2020-03-27T08:17:31.149+0000][1][safepoint    ] Safepoint "Cleanup", Time since last: 1002319541 ns, Reaching safepoint: 317600 ns, At safepoint: 88000 ns, Total: 405600 ns
[2020-03-27T08:17:31.764+0000][1][safepoint    ] Safepoint "RevokeBias", Time since last: 614416580 ns, Reaching safepoint: 234500 ns, At safepoint: 29200 ns, Total: 263700 ns
[2020-03-27T08:17:32.765+0000][1][safepoint    ] Safepoint "Cleanup", Time since last: 1000620459 ns, Reaching safepoint: 408400 ns, At safepoint: 159300 ns, Total: 567700 ns
[2020-03-27T08:17:33.767+0000][1][safepoint    ] Safepoint "Cleanup", Time since last: 1002186996 ns, Reaching safepoint: 173800 ns, At safepoint: 37100 ns, Total: 210900 ns
[2020-03-27T08:17:34.769+0000][1][safepoint    ] Safepoint "Cleanup", Time since last: 1001102096 ns, Reaching safepoint: 156100 ns, At safepoint: 15600 ns, Total: 171700 ns
[2020-03-27T08:17:35.770+0000][1][safepoint    ] Safepoint "Cleanup", Time since last: 1001143096 ns, Reaching safepoint: 351500 ns, At safepoint: 93900 ns, Total: 445400 ns
[2020-03-27T08:17:36.773+0000][1][safepoint    ] Safepoint "Cleanup", Time since last: 1002163695 ns, Reaching safepoint: 515400 ns, At safepoint: 24700 ns, Total: 540100 ns
[2020-03-27T08:17:37.776+0000][1][safepoint    ] Safepoint "Cleanup", Time since last: 1002261796 ns, Reaching safepoint: 322500 ns, At safepoint: 176300 ns, Total: 498800 ns
[2020-03-27T08:17:38.103+0000][1][safepoint    ] Safepoint "RevokeBias", Time since last: 327694499 ns, Reaching safepoint: 107600 ns, At safepoint: 31600 ns, Total: 139200 ns
[2020-03-27T08:17:39.105+0000][1][safepoint    ] Safepoint "Cleanup", Time since last: 1000862396 ns, Reaching safepoint: 444700 ns, At safepoint: 85500 ns, Total: 530200 ns
[2020-03-27T08:17:40.107+0000][1][safepoint    ] Safepoint "Cleanup", Time since last: 1002187095 ns, Reaching safepoint: 320500 ns, At safepoint: 79300 ns, Total: 399800 ns
[2020-03-27T08:17:41.110+0000][1][safepoint    ] Safepoint "Cleanup", Time since last: 1002207084 ns, Reaching safepoint: 329300 ns, At safepoint: 109700 ns, Total: 439000 ns
[2020-03-27T08:17:41.770+0000][1][safepoint    ] Safepoint "RevokeBias", Time since last: 659976879 ns, Reaching safepoint: 437701 ns, At safepoint: 16200 ns, Total: 453901 ns
[2020-03-27T08:17:42.772+0000][1][safepoint    ] Safepoint "Cleanup", Time since last: 1000717526 ns, Reaching safepoint: 417900 ns, At safepoint: 115500 ns, Total: 533400 ns
[2020-03-27T08:17:43.331+0000][1][gc,start     ] GC(151) Pause Young (Allocation Failure)
[2020-03-27T08:17:43.332+0000][1][gc,task      ] GC(151) Using 2 workers of 2 for evacuation
[2020-03-27T08:17:43.342+0000][1][gc,age       ] GC(151) Desired survivor size 8716288 bytes, new threshold 1 (max threshold 6)
[2020-03-27T08:17:43.343+0000][1][gc,age       ] GC(151) Age table with threshold 1 (max threshold 6)
[2020-03-27T08:17:43.343+0000][1][gc,age       ] GC(151) - age   1:   13761632 bytes,   13761632 total
[2020-03-27T08:17:43.344+0000][1][gc,age       ] GC(151) - age   2:     645696 bytes,   14407328 total
[2020-03-27T08:17:43.344+0000][1][gc,age       ] GC(151) - age   3:     561496 bytes,   14968824 total
[2020-03-27T08:17:43.345+0000][1][gc,age       ] GC(151) - age   4:     222456 bytes,   15191280 total
[2020-03-27T08:17:43.345+0000][1][gc,heap      ] GC(151) ParNew: 143776K->15983K(153344K)
[2020-03-27T08:17:43.346+0000][1][gc,heap      ] GC(151) CMS: 194804K->194804K(353920K)
[2020-03-27T08:17:43.346+0000][1][gc,metaspace ] GC(151) Metaspace: 97679K->97679K(1138688K)
[2020-03-27T08:17:43.347+0000][1][gc           ] GC(151) Pause Young (Allocation Failure) 330M->205M(495M) 15.208ms
[2020-03-27T08:17:43.347+0000][1][gc,cpu       ] GC(151) User=0.01s Sys=0.00s Real=0.02s
[2020-03-27T08:17:43.348+0000][1][safepoint    ] Safepoint "GenCollectForAllocation", Time since last: 559474006 ns, Reaching safepoint: 191500 ns, At safepoint: 16318812 ns, Total: 16510312 ns
[2020-03-27T08:17:43.382+0000][1][safepoint    ] Safepoint "RevokeBias", Time since last: 33822525 ns, Reaching safepoint: 187000 ns, At safepoint: 20100 ns, Total: 207100 ns
[2020-03-27T08:17:43.383+0000][1][safepoint    ] Safepoint "RevokeBias", Time since last: 585800 ns, Reaching safepoint: 212501 ns, At safepoint: 22800 ns, Total: 235301 ns
[2020-03-27T08:17:43.384+0000][1][safepoint    ] Safepoint "RevokeBias", Time since last: 933300 ns, Reaching safepoint: 72600 ns, At safepoint: 10800 ns, Total: 83400 ns
[2020-03-27T08:17:43.385+0000][1][safepoint    ] Safepoint "RevokeBias", Time since last: 1018801 ns, Reaching safepoint: 60600 ns, At safepoint: 34700 ns, Total: 95300 ns
[2020-03-27T08:17:43.386+0000][1][safepoint    ] Safepoint "RevokeBias", Time since last: 1345001 ns, Reaching safepoint: 140000 ns, At safepoint: 22500 ns, Total: 162500 ns
[2020-03-27T08:17:43.432+0000][1][safepoint    ] Safepoint "RevokeBias", Time since last: 45956334 ns, Reaching safepoint: 137000 ns, At safepoint: 29500 ns, Total: 166500 ns
[2020-03-27T08:17:43.519+0000][1][safepoint    ] Safepoint "RevokeBias", Time since last: 85886262 ns, Reaching safepoint: 422800 ns, At safepoint: 156600 ns, Total: 579400 ns
[2020-03-27T08:17:43.520+0000][1][safepoint    ] Safepoint "RevokeBias", Time since last: 1147701 ns, Reaching safepoint: 311500 ns, At safepoint: 179801 ns, Total: 491301 ns
[2020-03-27T08:17:43.543+0000][1][safepoint    ] Safepoint "RevokeBias", Time since last: 22335516 ns, Reaching safepoint: 125600 ns, At safepoint: 19800 ns, Total: 145400 ns
[2020-03-27T08:17:43.544+0000][1][safepoint    ] Safepoint "RevokeBias", Time since last: 731800 ns, Reaching safepoint: 117301 ns, At safepoint: 24800 ns, Total: 142101 ns
[2020-03-27T08:17:43.547+0000][1][safepoint    ] Safepoint "RevokeBias", Time since last: 2357501 ns, Reaching safepoint: 116100 ns, At safepoint: 266901 ns, Total: 383001 ns
[2020-03-27T08:17:43.549+0000][1][safepoint    ] Safepoint "RevokeBias", Time since last: 1884901 ns, Reaching safepoint: 131900 ns, At safepoint: 13800 ns, Total: 145700 ns
[2020-03-27T08:17:43.594+0000][1][safepoint    ] Safepoint "RevokeBias", Time since last: 45434933 ns, Reaching safepoint: 155700 ns, At safepoint: 22100 ns, Total: 177800 ns
[2020-03-27T08:17:43.663+0000][1][safepoint    ] Safepoint "RevokeBias", Time since last: 68410250 ns, Reaching safepoint: 144300 ns, At safepoint: 21000 ns, Total: 165300 ns
[2020-03-27T08:17:43.664+0000][1][safepoint    ] Safepoint "RevokeBias", Time since last: 1611201 ns, Reaching safepoint: 70500 ns, At safepoint: 23800 ns, Total: 94300 ns
[2020-03-27T08:17:43.666+0000][1][safepoint    ] Safepoint "RevokeBias", Time since last: 1002101 ns, Reaching safepoint: 65600 ns, At safepoint: 11700 ns, Total: 77300 ns
[2020-03-27T08:17:44.667+0000][1][safepoint    ] Safepoint "Cleanup", Time since last: 1000890126 ns, Reaching safepoint: 574501 ns, At safepoint: 112500 ns, Total: 687001 ns
[2020-03-27T08:17:44.831+0000][1][safepoint    ] Safepoint "RevokeBias", Time since last: 164093919 ns, Reaching safepoint: 164400 ns, At safepoint: 41300 ns, Total: 205700 ns
[2020-03-27T08:17:44.832+0000][1][safepoint    ] Safepoint "RevokeBias", Time since last: 521600 ns, Reaching safepoint: 72000 ns, At safepoint: 21801 ns, Total: 93801 ns
[2020-03-27T08:17:44.834+0000][1][safepoint    ] Safepoint "RevokeBias", Time since last: 1465501 ns, Reaching safepoint: 156300 ns, At safepoint: 14100 ns, Total: 170400 ns
[2020-03-27T08:17:44.834+0000][1][safepoint    ] Safepoint "RevokeBias", Time since last: 658800 ns, Reaching safepoint: 58600 ns, At safepoint: 13100 ns, Total: 71700 ns
[2020-03-27T08:17:44.882+0000][1][safepoint    ] Safepoint "RevokeBias", Time since last: 47014434 ns, Reaching safepoint: 111300 ns, At safepoint: 16800 ns, Total: 128100 ns
[2020-03-27T08:17:45.882+0000][1][safepoint    ] Safepoint "Cleanup", Time since last: 1000445827 ns, Reaching safepoint: 118300 ns, At safepoint: 23600 ns, Total: 141900 ns
[2020-03-27T08:17:46.883+0000][1][safepoint    ] Safepoint "Cleanup", Time since last: 1000778426 ns, Reaching safepoint: 134200 ns, At safepoint: 27200 ns, Total: 161400 ns
[2020-03-27T08:17:47.885+0000][1][safepoint    ] Safepoint "Cleanup", Time since last: 1001129727 ns, Reaching safepoint: 410800 ns, At safepoint: 84400 ns, Total: 495200 ns
[2020-03-27T08:17:48.094+0000][1][gc,start     ] GC(152) Pause Young (Allocation Failure)
[2020-03-27T08:17:48.094+0000][1][gc,task      ] GC(152) Using 2 workers of 2 for evacuation
[2020-03-27T08:17:48.115+0000][1][gc,age       ] GC(152) Desired survivor size 8716288 bytes, new threshold 6 (max threshold 6)
[2020-03-27T08:17:48.116+0000][1][gc,age       ] GC(152) Age table with threshold 6 (max threshold 6)
[2020-03-27T08:17:48.116+0000][1][gc,age       ] GC(152) - age   1:    1561360 bytes,    1561360 total
[2020-03-27T08:17:48.117+0000][1][gc,heap      ] GC(152) ParNew: 152303K->11659K(153344K)
[2020-03-27T08:17:48.117+0000][1][gc,heap      ] GC(152) CMS: 194804K->196357K(353920K)
[2020-03-27T08:17:48.118+0000][1][gc,metaspace ] GC(152) Metaspace: 97726K->97726K(1138688K)
[2020-03-27T08:17:48.118+0000][1][gc           ] GC(152) Pause Young (Allocation Failure) 338M->203M(495M) 24.157ms
[2020-03-27T08:17:48.119+0000][1][gc,cpu       ] GC(152) User=0.01s Sys=0.00s Real=0.03s
[2020-03-27T08:17:48.119+0000][1][safepoint    ] Safepoint "GenCollectForAllocation", Time since last: 209232552 ns, Reaching safepoint: 103300 ns, At safepoint: 25156318 ns, Total: 25259618 ns
[2020-03-27T08:17:48.146+0000][1][safepoint    ] Safepoint "RevokeBias", Time since last: 26935720 ns, Reaching safepoint: 94800 ns, At safepoint: 23500 ns, Total: 118300 ns
[2020-03-27T08:17:48.550+0000][1][safepoint    ] Safepoint "RevokeBias", Time since last: 403031491 ns, Reaching safepoint: 400900 ns, At safepoint: 87200 ns, Total: 488100 ns
[2020-03-27T08:17:48.551+0000][1][safepoint    ] Safepoint "RevokeBias", Time since last: 738199 ns, Reaching safepoint: 188200 ns, At safepoint: 93300 ns, Total: 281500 ns
[2020-03-27T08:17:48.552+0000][1][safepoint    ] Safepoint "RevokeBias", Time since last: 1578699 ns, Reaching safepoint: 62000 ns, At safepoint: 21200 ns, Total: 83200 ns
[2020-03-27T08:17:48.553+0000][1][safepoint    ] Safepoint "RevokeBias", Time since last: 838299 ns, Reaching safepoint: 55500 ns, At safepoint: 22000 ns, Total: 77500 ns
[2020-03-27T08:17:48.595+0000][1][safepoint    ] Safepoint "RevokeBias", Time since last: 41746869 ns, Reaching safepoint: 100200 ns, At safepoint: 16500 ns, Total: 116700 ns
[2020-03-27T08:17:49.597+0000][1][safepoint    ] Safepoint "Cleanup", Time since last: 1000954144 ns, Reaching safepoint: 473099 ns, At safepoint: 84300 ns, Total: 557399 ns
[2020-03-27T08:17:50.599+0000][1][safepoint    ] Safepoint "Cleanup", Time since last: 1002293244 ns, Reaching safepoint: 229999 ns, At safepoint: 59700 ns, Total: 289699 ns
[2020-03-27T08:17:51.601+0000][1][safepoint    ] Safepoint "Cleanup", Time since last: 1001545444 ns, Reaching safepoint: 323300 ns, At safepoint: 86800 ns, Total: 410100 ns
[2020-03-27T08:17:51.805+0000][1][safepoint    ] Safepoint "RevokeBias", Time since last: 203575646 ns, Reaching safepoint: 140500 ns, At safepoint: 17500 ns, Total: 158000 ns
[2020-03-27T08:17:52.698+0000][1][safepoint    ] Safepoint "RevokeBias", Time since last: 892725926 ns, Reaching safepoint: 96300 ns, At safepoint: 25900 ns, Total: 122200 ns
[2020-03-27T08:17:52.699+0000][1][safepoint    ] Safepoint "RevokeBias", Time since last: 757599 ns, Reaching safepoint: 186700 ns, At safepoint: 15200 ns, Total: 201900 ns
[2020-03-27T08:17:52.700+0000][1][safepoint    ] Safepoint "RevokeBias", Time since last: 1476499 ns, Reaching safepoint: 61300 ns, At safepoint: 21700 ns, Total: 83000 ns
[2020-03-27T08:17:52.701+0000][1][safepoint    ] Safepoint "RevokeBias", Time since last: 992599 ns, Reaching safepoint: 76400 ns, At safepoint: 21100 ns, Total: 97500 ns
[2020-03-27T08:17:52.742+0000][1][safepoint    ] Safepoint "RevokeBias", Time since last: 40651469 ns, Reaching safepoint: 97700 ns, At safepoint: 17700 ns, Total: 115400 ns
[2020-03-27T08:17:53.744+0000][1][safepoint    ] Safepoint "Cleanup", Time since last: 1001342044 ns, Reaching safepoint: 104800 ns, At safepoint: 21700 ns, Total: 126500 ns
[2020-03-27T08:17:54.745+0000][1][safepoint    ] Safepoint "Cleanup", Time since last: 1001053344 ns, Reaching safepoint: 370800 ns, At safepoint: 84800 ns, Total: 455600 ns
[2020-03-27T08:17:55.748+0000][1][safepoint    ] Safepoint "Cleanup", Time since last: 1002531043 ns, Reaching safepoint: 370400 ns, At safepoint: 83700 ns, Total: 454100 ns
[2020-03-27T08:17:56.751+0000][1][safepoint    ] Safepoint "Cleanup", Time since last: 1002310454 ns, Reaching safepoint: 121500 ns, At safepoint: 19500 ns, Total: 141000 ns
[2020-03-27T08:17:57.752+0000][1][safepoint    ] Safepoint "Cleanup", Time since last: 1001130649 ns, Reaching safepoint: 125500 ns, At safepoint: 14800 ns, Total: 140300 ns
[2020-03-27T08:17:58.084+0000][1][gc,start     ] GC(153) Pause Young (Allocation Failure)
[2020-03-27T08:17:58.084+0000][1][gc,task      ] GC(153) Using 2 workers of 2 for evacuation
[2020-03-27T08:17:58.088+0000][1][gc,age       ] GC(153) Desired survivor size 8716288 bytes, new threshold 6 (max threshold 6)
[2020-03-27T08:17:58.088+0000][1][gc,age       ] GC(153) Age table with threshold 6 (max threshold 6)
[2020-03-27T08:17:58.089+0000][1][gc,age       ] GC(153) - age   1:     992168 bytes,     992168 total
[2020-03-27T08:17:58.089+0000][1][gc,age       ] GC(153) - age   2:    1092080 bytes,    2084248 total
[2020-03-27T08:17:58.090+0000][1][gc,heap      ] GC(153) ParNew: 147979K->3200K(153344K)
[2020-03-27T08:17:58.090+0000][1][gc,heap      ] GC(153) CMS: 196357K->196357K(353920K)
[2020-03-27T08:17:58.091+0000][1][gc,metaspace ] GC(153) Metaspace: 97757K->97757K(1138688K)
[2020-03-27T08:17:58.091+0000][1][gc           ] GC(153) Pause Young (Allocation Failure) 336M->194M(495M) 7.542ms
[2020-03-27T08:17:58.092+0000][1][gc,cpu       ] GC(153) User=0.01s Sys=0.00s Real=0.01s
[2020-03-27T08:17:58.092+0000][1][safepoint    ] Safepoint "GenCollectForAllocation", Time since last: 331685984 ns, Reaching safepoint: 104400 ns, At safepoint: 8593997 ns, Total: 8698397 ns
[2020-03-27T08:17:58.133+0000][1][safepoint    ] Safepoint "RevokeBias", Time since last: 40166086 ns, Reaching safepoint: 104600 ns, At safepoint: 23900 ns, Total: 128500 ns
[2020-03-27T08:17:58.715+0000][1][safepoint    ] Safepoint "RevokeBias", Time since last: 581716896 ns, Reaching safepoint: 171300 ns, At safepoint: 50700 ns, Total: 222000 ns
[2020-03-27T08:17:58.716+0000][1][safepoint    ] Safepoint "RevokeBias", Time since last: 1073599 ns, Reaching safepoint: 152400 ns, At safepoint: 29600 ns, Total: 182000 ns
[2020-03-27T08:17:58.717+0000][1][safepoint    ] Safepoint "RevokeBias", Time since last: 994900 ns, Reaching safepoint: 80000 ns, At safepoint: 20800 ns, Total: 100800 ns
[2020-03-27T08:17:58.718+0000][1][safepoint    ] Safepoint "RevokeBias", Time since last: 834300 ns, Reaching safepoint: 57500 ns, At safepoint: 11000 ns, Total: 68500 ns
[2020-03-27T08:17:58.762+0000][1][safepoint    ] Safepoint "RevokeBias", Time since last: 44321684 ns, Reaching safepoint: 199400 ns, At safepoint: 30400 ns, Total: 229800 ns
[2020-03-27T08:17:59.764+0000][1][safepoint    ] Safepoint "Cleanup", Time since last: 1001014449 ns, Reaching safepoint: 394900 ns, At safepoint: 83600 ns, Total: 478500 ns
[2020-03-27T08:18:00.767+0000][1][safepoint    ] Safepoint "Cleanup", Time since last: 1002384648 ns, Reaching safepoint: 361400 ns, At safepoint: 79300 ns, Total: 440700 ns
[2020-03-27T08:18:01.769+0000][1][safepoint    ] Safepoint "Cleanup", Time since last: 1002139349 ns, Reaching safepoint: 275500 ns, At safepoint: 89100 ns, Total: 364600 ns
[2020-03-27T08:18:01.809+0000][1][safepoint    ] Safepoint "BulkRevokeBias", Time since last: 38431586 ns, Reaching safepoint: 115700 ns, At safepoint: 1227700 ns, Total: 1343400 ns
[2020-03-27T08:18:01.844+0000][1][safepoint    ] Safepoint "RevokeBias", Time since last: 34816488 ns, Reaching safepoint: 203800 ns, At safepoint: 34800 ns, Total: 238600 ns
[2020-03-27T08:18:01.845+0000][1][safepoint    ] Safepoint "RevokeBias", Time since last: 621999 ns, Reaching safepoint: 156400 ns, At safepoint: 24000 ns, Total: 180400 ns
[2020-03-27T08:18:01.846+0000][1][safepoint    ] Safepoint "RevokeBias", Time since last: 1468500 ns, Reaching safepoint: 57600 ns, At safepoint: 21500 ns, Total: 79100 ns
[2020-03-27T08:18:01.848+0000][1][safepoint    ] Safepoint "RevokeBias", Time since last: 1159699 ns, Reaching safepoint: 101900 ns, At safepoint: 12800 ns, Total: 114700 ns
[2020-03-27T08:18:01.888+0000][1][safepoint    ] Safepoint "RevokeBias", Time since last: 40003586 ns, Reaching safepoint: 117400 ns, At safepoint: 31300 ns, Total: 148700 ns
[2020-03-27T08:18:02.889+0000][1][safepoint    ] Safepoint "Cleanup", Time since last: 1000799649 ns, Reaching safepoint: 320600 ns, At safepoint: 97600 ns, Total: 418200 ns
[2020-03-27T08:18:03.891+0000][1][safepoint    ] Safepoint "Cleanup", Time since last: 1002090449 ns, Reaching safepoint: 94700 ns, At safepoint: 19700 ns, Total: 114400 ns
[2020-03-27T08:18:04.892+0000][1][safepoint    ] Safepoint "Cleanup", Time since last: 1000861672 ns, Reaching safepoint: 321100 ns, At safepoint: 84400 ns, Total: 405500 ns
[2020-03-27T08:18:05.895+0000][1][safepoint    ] Safepoint "Cleanup", Time since last: 1002382484 ns, Reaching safepoint: 374400 ns, At safepoint: 82800 ns, Total: 457200 ns
[2020-03-27T08:18:06.898+0000][1][safepoint    ] Safepoint "Cleanup", Time since last: 1002416784 ns, Reaching safepoint: 323200 ns, At safepoint: 82800 ns, Total: 406000 ns
[2020-03-27T08:18:07.901+0000][1][safepoint    ] Safepoint "Cleanup", Time since last: 1002270185 ns, Reaching safepoint: 403700 ns, At safepoint: 80100 ns, Total: 483800 ns
[2020-03-27T08:18:08.068+0000][1][gc,start     ] GC(154) Pause Young (Allocation Failure)
[2020-03-27T08:18:08.070+0000][1][gc,task      ] GC(154) Using 2 workers of 2 for evacuation
[2020-03-27T08:18:08.079+0000][1][gc,age       ] GC(154) Desired survivor size 8716288 bytes, new threshold 6 (max threshold 6)
[2020-03-27T08:18:08.079+0000][1][gc,age       ] GC(154) Age table with threshold 6 (max threshold 6)
[2020-03-27T08:18:08.080+0000][1][gc,age       ] GC(154) - age   1:    1039672 bytes,    1039672 total
[2020-03-27T08:18:08.080+0000][1][gc,age       ] GC(154) - age   2:     569792 bytes,    1609464 total
[2020-03-27T08:18:08.080+0000][1][gc,age       ] GC(154) - age   3:    1091680 bytes,    2701144 total
[2020-03-27T08:18:08.081+0000][1][gc,heap      ] GC(154) ParNew: 139520K->3490K(153344K)
[2020-03-27T08:18:08.082+0000][1][gc,heap      ] GC(154) CMS: 196357K->196357K(353920K)
[2020-03-27T08:18:08.082+0000][1][gc,metaspace ] GC(154) Metaspace: 97757K->97757K(1138688K)
[2020-03-27T08:18:08.083+0000][1][gc           ] GC(154) Pause Young (Allocation Failure) 328M->195M(495M) 14.888ms
[2020-03-27T08:18:08.083+0000][1][gc,cpu       ] GC(154) User=0.01s Sys=0.00s Real=0.01s
[2020-03-27T08:18:08.084+0000][1][safepoint    ] Safepoint "GenCollectForAllocation", Time since last: 166740847 ns, Reaching safepoint: 343000 ns, At safepoint: 15874295 ns, Total: 16217295 ns
[2020-03-27T08:18:08.149+0000][1][safepoint    ] Safepoint "RevokeBias", Time since last: 64626380 ns, Reaching safepoint: 98900 ns, At safepoint: 23900 ns, Total: 122800 ns
[2020-03-27T08:18:08.842+0000][1][safepoint    ] Safepoint "RevokeBias", Time since last: 693187181 ns, Reaching safepoint: 112300 ns, At safepoint: 37600 ns, Total: 149900 ns
[2020-03-27T08:18:08.843+0000][1][safepoint    ] Safepoint "RevokeBias", Time since last: 908100 ns, Reaching safepoint: 113700 ns, At safepoint: 28000 ns, Total: 141700 ns
[2020-03-27T08:18:08.845+0000][1][safepoint    ] Safepoint "RevokeBias", Time since last: 1512899 ns, Reaching safepoint: 130800 ns, At safepoint: 23800 ns, Total: 154600 ns
[2020-03-27T08:18:08.845+0000][1][safepoint    ] Safepoint "RevokeBias", Time since last: 523600 ns, Reaching safepoint: 122500 ns, At safepoint: 23100 ns, Total: 145600 ns
[2020-03-27T08:18:08.892+0000][1][safepoint    ] Safepoint "RevokeBias", Time since last: 46324086 ns, Reaching safepoint: 108300 ns, At safepoint: 31400 ns, Total: 139700 ns
[2020-03-27T08:18:09.893+0000][1][safepoint    ] Safepoint "Cleanup", Time since last: 1000644485 ns, Reaching safepoint: 435399 ns, At safepoint: 270400 ns, Total: 705799 ns
[2020-03-27T08:18:10.896+0000][1][safepoint    ] Safepoint "Cleanup", Time since last: 1002381885 ns, Reaching safepoint: 464900 ns, At safepoint: 82400 ns, Total: 547300 ns
[2020-03-27T08:18:11.800+0000][1][safepoint    ] Safepoint "RevokeBias", Time since last: 904247115 ns, Reaching safepoint: 148400 ns, At safepoint: 18700 ns, Total: 167100 ns
[2020-03-27T08:18:11.980+0000][1][gc,start     ] GC(155) Pause Young (Allocation Failure)
[2020-03-27T08:18:11.981+0000][1][gc,task      ] GC(155) Using 2 workers of 2 for evacuation
[2020-03-27T08:18:11.989+0000][1][gc,age       ] GC(155) Desired survivor size 8716288 bytes, new threshold 6 (max threshold 6)
[2020-03-27T08:18:11.990+0000][1][gc,age       ] GC(155) Age table with threshold 6 (max threshold 6)
[2020-03-27T08:18:11.991+0000][1][gc,age       ] GC(155) - age   1:    3650448 bytes,    3650448 total
[2020-03-27T08:18:11.992+0000][1][gc,age       ] GC(155) - age   2:     568680 bytes,    4219128 total
[2020-03-27T08:18:11.992+0000][1][gc,age       ] GC(155) - age   3:     569760 bytes,    4788888 total
[2020-03-27T08:18:11.993+0000][1][gc,age       ] GC(155) - age   4:    1091680 bytes,    5880568 total
[2020-03-27T08:18:11.993+0000][1][gc,heap      ] GC(155) ParNew: 139583K->7680K(153344K)
[2020-03-27T08:18:11.994+0000][1][gc,heap      ] GC(155) CMS: 196357K->196357K(353920K)
[2020-03-27T08:18:11.995+0000][1][gc,metaspace ] GC(155) Metaspace: 97765K->97765K(1138688K)
[2020-03-27T08:18:11.995+0000][1][gc           ] GC(155) Pause Young (Allocation Failure) 328M->199M(495M) 14.926ms
[2020-03-27T08:18:11.996+0000][1][gc,cpu       ] GC(155) User=0.01s Sys=0.00s Real=0.02s
[2020-03-27T08:18:11.997+0000][1][safepoint    ] Safepoint "GenCollectForAllocation", Time since last: 179757343 ns, Reaching safepoint: 168800 ns, At safepoint: 16187295 ns, Total: 16356095 ns
[2020-03-27T08:18:12.009+0000][1][safepoint    ] Safepoint "RevokeBias", Time since last: 11814996 ns, Reaching safepoint: 147400 ns, At safepoint: 28700 ns, Total: 176100 ns
[2020-03-27T08:18:12.010+0000][1][safepoint    ] Safepoint "BulkRevokeBias", Time since last: 918500 ns, Reaching safepoint: 88300 ns, At safepoint: 423500 ns, Total: 511800 ns
[2020-03-27T08:18:12.011+0000][1][safepoint    ] Safepoint "RevokeBias", Time since last: 1224799 ns, Reaching safepoint: 80000 ns, At safepoint: 21000 ns, Total: 101000 ns
[2020-03-27T08:18:12.013+0000][1][safepoint    ] Safepoint "BulkRevokeBias", Time since last: 1098700 ns, Reaching safepoint: 69300 ns, At safepoint: 412700 ns, Total: 482000 ns
[2020-03-27T08:18:12.051+0000][1][safepoint    ] Safepoint "RevokeBias", Time since last: 38019988 ns, Reaching safepoint: 109400 ns, At safepoint: 30400 ns, Total: 139800 ns
[2020-03-27T08:18:13.052+0000][1][safepoint    ] Safepoint "Cleanup", Time since last: 1000749544 ns, Reaching safepoint: 319100 ns, At safepoint: 83300 ns, Total: 402400 ns
[2020-03-27T08:18:14.055+0000][1][safepoint    ] Safepoint "Cleanup", Time since last: 1002348560 ns, Reaching safepoint: 320600 ns, At safepoint: 89700 ns, Total: 410300 ns
[2020-03-27T08:18:15.057+0000][1][safepoint    ] Safepoint "Cleanup", Time since last: 1002406060 ns, Reaching safepoint: 94700 ns, At safepoint: 17000 ns, Total: 111700 ns
[2020-03-27T08:18:16.059+0000][1][safepoint    ] Safepoint "Cleanup", Time since last: 1000949560 ns, Reaching safepoint: 419200 ns, At safepoint: 86900 ns, Total: 506100 ns
[2020-03-27T08:18:17.062+0000][1][safepoint    ] Safepoint "Cleanup", Time since last: 1002230860 ns, Reaching safepoint: 319300 ns, At safepoint: 167600 ns, Total: 486900 ns
[2020-03-27T08:18:18.064+0000][1][safepoint    ] Safepoint "Cleanup", Time since last: 1002113260 ns, Reaching safepoint: 294700 ns, At safepoint: 9700 ns, Total: 304400 ns
[2020-03-27T08:18:18.090+0000][1][safepoint    ] Safepoint "RevokeBias", Time since last: 26291494 ns, Reaching safepoint: 88900 ns, At safepoint: 23500 ns, Total: 112400 ns
[2020-03-27T08:18:19.092+0000][1][safepoint    ] Safepoint "Cleanup", Time since last: 1001155460 ns, Reaching safepoint: 375500 ns, At safepoint: 81200 ns, Total: 456700 ns
[2020-03-27T08:18:20.095+0000][1][safepoint    ] Safepoint "Cleanup", Time since last: 1002023260 ns, Reaching safepoint: 330000 ns, At safepoint: 174700 ns, Total: 504700 ns
[2020-03-27T08:18:21.097+0000][1][safepoint    ] Safepoint "Cleanup", Time since last: 1002142508 ns, Reaching safepoint: 321300 ns, At safepoint: 83600 ns, Total: 404900 ns
[2020-03-27T08:18:21.804+0000][1][safepoint    ] Safepoint "RevokeBias", Time since last: 706222858 ns, Reaching safepoint: 284400 ns, At safepoint: 19200 ns, Total: 303600 ns
[2020-03-27T08:18:22.805+0000][1][safepoint    ] Safepoint "Cleanup", Time since last: 1000649840 ns, Reaching safepoint: 513000 ns, At safepoint: 24600 ns, Total: 537600 ns
[2020-03-27T08:18:23.808+0000][1][safepoint    ] Safepoint "Cleanup", Time since last: 1002205941 ns, Reaching safepoint: 321700 ns, At safepoint: 86200 ns, Total: 407900 ns
[2020-03-27T08:18:24.810+0000][1][safepoint    ] Safepoint "Cleanup", Time since last: 1002185740 ns, Reaching safepoint: 475300 ns, At safepoint: 33700 ns, Total: 509000 ns
[2020-03-27T08:18:25.813+0000][1][safepoint    ] Safepoint "Cleanup", Time since last: 1002417240 ns, Reaching safepoint: 376200 ns, At safepoint: 85100 ns, Total: 461300 ns
[2020-03-27T08:18:26.815+0000][1][safepoint    ] Safepoint "Cleanup", Time since last: 1002237241 ns, Reaching safepoint: 105100 ns, At safepoint: 19300 ns, Total: 124400 ns
[2020-03-27T08:18:27.816+0000][1][safepoint    ] Safepoint "Cleanup", Time since last: 1000834640 ns, Reaching safepoint: 90500 ns, At safepoint: 15900 ns, Total: 106400 ns
[2020-03-27T08:18:28.130+0000][1][safepoint    ] Safepoint "RevokeBias", Time since last: 313839082 ns, Reaching safepoint: 194700 ns, At safepoint: 25100 ns, Total: 219800 ns
[2020-03-27T08:18:29.132+0000][1][safepoint    ] Safepoint "Cleanup", Time since last: 1000808693 ns, Reaching safepoint: 477700 ns, At safepoint: 74000 ns, Total: 551700 ns
[2020-03-27T08:18:30.134+0000][1][safepoint    ] Safepoint "Cleanup", Time since last: 1001761284 ns, Reaching safepoint: 367400 ns, At safepoint: 84000 ns, Total: 451400 ns
[2020-03-27T08:18:31.136+0000][1][safepoint    ] Safepoint "Cleanup", Time since last: 1002115083 ns, Reaching safepoint: 98000 ns, At safepoint: 20300 ns, Total: 118300 ns
[2020-03-27T08:18:31.820+0000][1][safepoint    ] Safepoint "RevokeBias", Time since last: 683049921 ns, Reaching safepoint: 195600 ns, At safepoint: 28800 ns, Total: 224400 ns
[2020-03-27T08:18:32.821+0000][1][safepoint    ] Safepoint "Cleanup", Time since last: 1001175983 ns, Reaching safepoint: 328000 ns, At safepoint: 92700 ns, Total: 420700 ns
[2020-03-27T08:18:33.823+0000][1][safepoint    ] Safepoint "Cleanup", Time since last: 1001824984 ns, Reaching safepoint: 369900 ns, At safepoint: 78300 ns, Total: 448200 ns
[2020-03-27T08:18:34.826+0000][1][safepoint    ] Safepoint "Cleanup", Time since last: 1001987683 ns, Reaching safepoint: 405200 ns, At safepoint: 84700 ns, Total: 489900 ns
[2020-03-27T08:18:35.828+0000][1][safepoint    ] Safepoint "Cleanup", Time since last: 1002023883 ns, Reaching safepoint: 132000 ns, At safepoint: 27400 ns, Total: 159400 ns
[2020-03-27T08:18:36.829+0000][1][safepoint    ] Safepoint "Cleanup", Time since last: 1000838013 ns, Reaching safepoint: 123400 ns, At safepoint: 25700 ns, Total: 149100 ns
[2020-03-27T08:18:37.830+0000][1][safepoint    ] Safepoint "Cleanup", Time since last: 1000890539 ns, Reaching safepoint: 96700 ns, At safepoint: 19000 ns, Total: 115700 ns
[2020-03-27T08:18:38.085+0000][1][safepoint    ] Safepoint "RevokeBias", Time since last: 254409585 ns, Reaching safepoint: 103000 ns, At safepoint: 23200 ns, Total: 126200 ns
[2020-03-27T08:18:39.085+0000][1][safepoint    ] Safepoint "Cleanup", Time since last: 1000785740 ns, Reaching safepoint: 91900 ns, At safepoint: 16700 ns, Total: 108600 ns
[2020-03-27T08:18:40.087+0000][1][safepoint    ] Safepoint "Cleanup", Time since last: 1001131639 ns, Reaching safepoint: 110000 ns, At safepoint: 45400 ns, Total: 155400 ns
[2020-03-27T08:18:40.726+0000][1][gc,start     ] GC(156) Pause Young (Allocation Failure)
[2020-03-27T08:18:40.727+0000][1][gc,task      ] GC(156) Using 2 workers of 2 for evacuation
[2020-03-27T08:18:40.738+0000][1][gc,age       ] GC(156) Desired survivor size 8716288 bytes, new threshold 1 (max threshold 6)
[2020-03-27T08:18:40.738+0000][1][gc,age       ] GC(156) Age table with threshold 1 (max threshold 6)
[2020-03-27T08:18:40.753+0000][1][gc,age       ] GC(156) - age   1:   13584840 bytes,   13584840 total
[2020-03-27T08:18:40.754+0000][1][gc,age       ] GC(156) - age   2:     868432 bytes,   14453272 total
[2020-03-27T08:18:40.755+0000][1][gc,age       ] GC(156) - age   3:     560512 bytes,   15013784 total
[2020-03-27T08:18:40.755+0000][1][gc,age       ] GC(156) - age   4:     569280 bytes,   15583064 total
[2020-03-27T08:18:40.756+0000][1][gc,age       ] GC(156) - age   5:    1090192 bytes,   16673256 total
[2020-03-27T08:18:40.756+0000][1][gc,heap      ] GC(156) ParNew: 144000K->17024K(153344K)
[2020-03-27T08:18:40.757+0000][1][gc,heap      ] GC(156) CMS: 196357K->196513K(353920K)
[2020-03-27T08:18:40.757+0000][1][gc,metaspace ] GC(156) Metaspace: 97766K->97766K(1138688K)
[2020-03-27T08:18:40.758+0000][1][gc           ] GC(156) Pause Young (Allocation Failure) 332M->208M(495M) 31.505ms
[2020-03-27T08:18:40.758+0000][1][gc,cpu       ] GC(156) User=0.01s Sys=0.00s Real=0.03s
[2020-03-27T08:18:40.759+0000][1][safepoint    ] Safepoint "GenCollectForAllocation", Time since last: 639445762 ns, Reaching safepoint: 118800 ns, At safepoint: 32567998 ns, Total: 32686798 ns
[2020-03-27T08:18:41.760+0000][1][safepoint    ] Safepoint "Cleanup", Time since last: 1000720339 ns, Reaching safepoint: 95700 ns, At safepoint: 20100 ns, Total: 115800 ns
[2020-03-27T08:18:41.813+0000][1][safepoint    ] Safepoint "RevokeBias", Time since last: 52714697 ns, Reaching safepoint: 291100 ns, At safepoint: 43900 ns, Total: 335000 ns
[2020-03-27T08:18:42.814+0000][1][safepoint    ] Safepoint "Cleanup", Time since last: 1000869440 ns, Reaching safepoint: 320500 ns, At safepoint: 82600 ns, Total: 403100 ns
[2020-03-27T08:18:43.816+0000][1][safepoint    ] Safepoint "Cleanup", Time since last: 1002243439 ns, Reaching safepoint: 106800 ns, At safepoint: 18700 ns, Total: 125500 ns
[2020-03-27T08:18:44.001+0000][1][safepoint    ] Safepoint "RevokeBias", Time since last: 184085089 ns, Reaching safepoint: 268800 ns, At safepoint: 46500 ns, Total: 315300 ns
[2020-03-27T08:18:44.002+0000][1][safepoint    ] Safepoint "RevokeBias", Time since last: 595900 ns, Reaching safepoint: 129400 ns, At safepoint: 24800 ns, Total: 154200 ns
[2020-03-27T08:18:44.002+0000][1][safepoint    ] Safepoint "RevokeBias", Time since last: 475300 ns, Reaching safepoint: 110000 ns, At safepoint: 20900 ns, Total: 130900 ns
[2020-03-27T08:18:44.004+0000][1][safepoint    ] Safepoint "RevokeBias", Time since last: 1631600 ns, Reaching safepoint: 78000 ns, At safepoint: 15200 ns, Total: 93200 ns
[2020-03-27T08:18:44.005+0000][1][safepoint    ] Safepoint "RevokeBias", Time since last: 786500 ns, Reaching safepoint: 128800 ns, At safepoint: 17900 ns, Total: 146700 ns
[2020-03-27T08:18:44.055+0000][1][safepoint    ] Safepoint "RevokeBias", Time since last: 49779297 ns, Reaching safepoint: 133100 ns, At safepoint: 23700 ns, Total: 156800 ns
[2020-03-27T08:18:44.135+0000][1][safepoint    ] Safepoint "RevokeBias", Time since last: 79580795 ns, Reaching safepoint: 222500 ns, At safepoint: 38400 ns, Total: 260900 ns
[2020-03-27T08:18:44.147+0000][1][safepoint    ] Safepoint "RevokeBias", Time since last: 11424299 ns, Reaching safepoint: 502800 ns, At safepoint: 132300 ns, Total: 635100 ns
[2020-03-27T08:18:44.156+0000][1][safepoint    ] Safepoint "RevokeBias", Time since last: 8583500 ns, Reaching safepoint: 440600 ns, At safepoint: 165300 ns, Total: 605900 ns
[2020-03-27T08:18:44.201+0000][1][safepoint    ] Safepoint "RevokeBias", Time since last: 44894797 ns, Reaching safepoint: 300900 ns, At safepoint: 29000 ns, Total: 329900 ns
[2020-03-27T08:18:44.202+0000][1][safepoint    ] Safepoint "RevokeBias", Time since last: 615700 ns, Reaching safepoint: 186600 ns, At safepoint: 15100 ns, Total: 201700 ns
[2020-03-27T08:18:44.203+0000][1][safepoint    ] Safepoint "RevokeBias", Time since last: 1049200 ns, Reaching safepoint: 187000 ns, At safepoint: 14100 ns, Total: 201100 ns
[2020-03-27T08:18:44.205+0000][1][safepoint    ] Safepoint "RevokeBias", Time since last: 1853100 ns, Reaching safepoint: 179600 ns, At safepoint: 25400 ns, Total: 205000 ns
[2020-03-27T08:18:44.250+0000][1][safepoint    ] Safepoint "RevokeBias", Time since last: 44818797 ns, Reaching safepoint: 215500 ns, At safepoint: 34000 ns, Total: 249500 ns
[2020-03-27T08:18:44.281+0000][1][gc,start     ] GC(157) Pause Young (Allocation Failure)
[2020-03-27T08:18:44.282+0000][1][gc,task      ] GC(157) Using 2 workers of 2 for evacuation
[2020-03-27T08:18:44.316+0000][1][gc,age       ] GC(157) Desired survivor size 8716288 bytes, new threshold 6 (max threshold 6)
[2020-03-27T08:18:44.317+0000][1][gc,age       ] GC(157) Age table with threshold 6 (max threshold 6)
[2020-03-27T08:18:44.317+0000][1][gc,age       ] GC(157) - age   1:    3356240 bytes,    3356240 total
[2020-03-27T08:18:44.318+0000][1][gc,heap      ] GC(157) ParNew: 153000K->13424K(153344K)
[2020-03-27T08:18:44.318+0000][1][gc,heap      ] GC(157) CMS: 196513K->199738K(353920K)
[2020-03-27T08:18:44.319+0000][1][gc,metaspace ] GC(157) Metaspace: 97771K->97771K(1138688K)
[2020-03-27T08:18:44.319+0000][1][gc           ] GC(157) Pause Young (Allocation Failure) 341M->208M(495M) 37.910ms
[2020-03-27T08:18:44.319+0000][1][gc,cpu       ] GC(157) User=0.01s Sys=0.00s Real=0.04s
[2020-03-27T08:18:44.320+0000][1][safepoint    ] Safepoint "GenCollectForAllocation", Time since last: 30595098 ns, Reaching safepoint: 192300 ns, At safepoint: 38595798 ns, Total: 38788098 ns
[2020-03-27T08:18:44.350+0000][1][safepoint    ] Safepoint "RevokeBias", Time since last: 29981806 ns, Reaching safepoint: 286900 ns, At safepoint: 33500 ns, Total: 320400 ns
[2020-03-27T08:18:44.352+0000][1][safepoint    ] Safepoint "RevokeBias", Time since last: 1418700 ns, Reaching safepoint: 270000 ns, At safepoint: 84800 ns, Total: 354800 ns
[2020-03-27T08:18:44.354+0000][1][safepoint    ] Safepoint "RevokeBias", Time since last: 1323401 ns, Reaching safepoint: 440900 ns, At safepoint: 41800 ns, Total: 482700 ns
[2020-03-27T08:18:44.448+0000][1][safepoint    ] Safepoint "RevokeBias", Time since last: 94310535 ns, Reaching safepoint: 115100 ns, At safepoint: 50100 ns, Total: 165200 ns
[2020-03-27T08:18:44.448+0000][1][safepoint    ] Safepoint "RevokeBias", Time since last: 361300 ns, Reaching safepoint: 87000 ns, At safepoint: 32900 ns, Total: 119900 ns
[2020-03-27T08:18:44.449+0000][1][safepoint    ] Safepoint "RevokeBias", Time since last: 375100 ns, Reaching safepoint: 57300 ns, At safepoint: 36900 ns, Total: 94200 ns
[2020-03-27T08:18:44.450+0000][1][safepoint    ] Safepoint "RevokeBias", Time since last: 397701 ns, Reaching safepoint: 175100 ns, At safepoint: 40300 ns, Total: 215400 ns
[2020-03-27T08:18:44.450+0000][1][safepoint    ] Safepoint "RevokeBias", Time since last: 346300 ns, Reaching safepoint: 167500 ns, At safepoint: 33600 ns, Total: 201100 ns
[2020-03-27T08:18:44.451+0000][1][safepoint    ] Safepoint "RevokeBias", Time since last: 523300 ns, Reaching safepoint: 110400 ns, At safepoint: 32200 ns, Total: 142600 ns
[2020-03-27T08:18:44.451+0000][1][safepoint    ] Safepoint "RevokeBias", Time since last: 558600 ns, Reaching safepoint: 105400 ns, At safepoint: 30600 ns, Total: 136000 ns
[2020-03-27T08:18:44.452+0000][1][safepoint    ] Safepoint "RevokeBias", Time since last: 415200 ns, Reaching safepoint: 99400 ns, At safepoint: 24500 ns, Total: 123900 ns
[2020-03-27T08:18:44.453+0000][1][safepoint    ] Safepoint "RevokeBias", Time since last: 424401 ns, Reaching safepoint: 84800 ns, At safepoint: 32800 ns, Total: 117600 ns
[2020-03-27T08:18:44.453+0000][1][safepoint    ] Safepoint "RevokeBias", Time since last: 324400 ns, Reaching safepoint: 61700 ns, At safepoint: 40100 ns, Total: 101800 ns
[2020-03-27T08:18:45.136+0000][1][safepoint    ] Safepoint "RevokeBias", Time since last: 682062452 ns, Reaching safepoint: 385100 ns, At safepoint: 167600 ns, Total: 552700 ns
[2020-03-27T08:18:45.143+0000][1][safepoint    ] Safepoint "RevokeBias", Time since last: 7032103 ns, Reaching safepoint: 446800 ns, At safepoint: 87300 ns, Total: 534100 ns
[2020-03-27T08:18:45.145+0000][1][safepoint    ] Safepoint "RevokeBias", Time since last: 1514101 ns, Reaching safepoint: 227900 ns, At safepoint: 6400 ns, Total: 234300 ns
[2020-03-27T08:18:45.531+0000][1][safepoint    ] Safepoint "RevokeBias", Time since last: 386073442 ns, Reaching safepoint: 122101 ns, At safepoint: 29400 ns, Total: 151501 ns
[2020-03-27T08:18:45.532+0000][1][safepoint    ] Safepoint "RevokeBias", Time since last: 508200 ns, Reaching safepoint: 70100 ns, At safepoint: 12700 ns, Total: 82800 ns
[2020-03-27T08:18:45.533+0000][1][safepoint    ] Safepoint "RevokeBias", Time since last: 1274700 ns, Reaching safepoint: 58600 ns, At safepoint: 12200 ns, Total: 70800 ns
[2020-03-27T08:18:45.539+0000][1][safepoint    ] Safepoint "RevokeBias", Time since last: 5758302 ns, Reaching safepoint: 219800 ns, At safepoint: 28700 ns, Total: 248500 ns
[2020-03-27T08:18:45.600+0000][1][safepoint    ] Safepoint "RevokeBias", Time since last: 60313323 ns, Reaching safepoint: 148400 ns, At safepoint: 29800 ns, Total: 178200 ns
[2020-03-27T08:18:45.671+0000][1][safepoint    ] Safepoint "RevokeBias", Time since last: 70817626 ns, Reaching safepoint: 292100 ns, At safepoint: 33300 ns, Total: 325400 ns
[2020-03-27T08:18:45.671+0000][1][safepoint    ] Safepoint "RevokeBias", Time since last: 568200 ns, Reaching safepoint: 153300 ns, At safepoint: 23000 ns, Total: 176300 ns
[2020-03-27T08:18:45.758+0000][1][safepoint    ] Safepoint "RevokeBias", Time since last: 85948932 ns, Reaching safepoint: 129200 ns, At safepoint: 24500 ns, Total: 153700 ns
[2020-03-27T08:18:45.758+0000][1][safepoint    ] Safepoint "RevokeBias", Time since last: 341100 ns, Reaching safepoint: 78000 ns, At safepoint: 20300 ns, Total: 98300 ns
[2020-03-27T08:18:45.758+0000][1][safepoint    ] Safepoint "RevokeBias", Time since last: 268501 ns, Reaching safepoint: 46700 ns, At safepoint: 25800 ns, Total: 72500 ns
[2020-03-27T08:18:45.759+0000][1][safepoint    ] Safepoint "RevokeBias", Time since last: 290200 ns, Reaching safepoint: 50600 ns, At safepoint: 20400 ns, Total: 71000 ns
[2020-03-27T08:18:45.759+0000][1][safepoint    ] Safepoint "RevokeBias", Time since last: 332700 ns, Reaching safepoint: 47800 ns, At safepoint: 19200 ns, Total: 67000 ns
[2020-03-27T08:18:45.759+0000][1][safepoint    ] Safepoint "RevokeBias", Time since last: 228200 ns, Reaching safepoint: 48300 ns, At safepoint: 26200 ns, Total: 74500 ns
[2020-03-27T08:18:45.760+0000][1][safepoint    ] Safepoint "RevokeBias", Time since last: 326400 ns, Reaching safepoint: 49000 ns, At safepoint: 20300 ns, Total: 69300 ns
[2020-03-27T08:18:46.672+0000][1][safepoint    ] Safepoint "RevokeBias", Time since last: 912141337 ns, Reaching safepoint: 350001 ns, At safepoint: 71900 ns, Total: 421901 ns
[2020-03-27T08:18:46.678+0000][1][safepoint    ] Safepoint "RevokeBias", Time since last: 5421902 ns, Reaching safepoint: 528800 ns, At safepoint: 28800 ns, Total: 557600 ns
[2020-03-27T08:18:46.681+0000][1][safepoint    ] Safepoint "RevokeBias", Time since last: 2411501 ns, Reaching safepoint: 577700 ns, At safepoint: 38200 ns, Total: 615900 ns
[2020-03-27T08:18:46.683+0000][1][safepoint    ] Safepoint "RevokeBias", Time since last: 1791701 ns, Reaching safepoint: 222600 ns, At safepoint: 36900 ns, Total: 259500 ns
[2020-03-27T08:18:46.685+0000][1][safepoint    ] Safepoint "RevokeBias", Time since last: 1449300 ns, Reaching safepoint: 189900 ns, At safepoint: 14300 ns, Total: 204200 ns
[2020-03-27T08:18:46.686+0000][1][safepoint    ] Safepoint "RevokeBias", Time since last: 681101 ns, Reaching safepoint: 48000 ns, At safepoint: 15200 ns, Total: 63200 ns
[2020-03-27T08:18:46.687+0000][1][safepoint    ] Safepoint "RevokeBias", Time since last: 595000 ns, Reaching safepoint: 125900 ns, At safepoint: 7800 ns, Total: 133700 ns
[2020-03-27T08:18:47.688+0000][1][safepoint    ] Safepoint "Cleanup", Time since last: 1000805170 ns, Reaching safepoint: 411000 ns, At safepoint: 82200 ns, Total: 493200 ns
[2020-03-27T08:18:48.096+0000][1][safepoint    ] Safepoint "RevokeBias", Time since last: 408287351 ns, Reaching safepoint: 88100 ns, At safepoint: 23600 ns, Total: 111700 ns
[2020-03-27T08:18:48.107+0000][1][gc,start     ] GC(158) Pause Young (Allocation Failure)
[2020-03-27T08:18:48.107+0000][1][gc,task      ] GC(158) Using 2 workers of 2 for evacuation
[2020-03-27T08:18:48.115+0000][1][gc,age       ] GC(158) Desired survivor size 8716288 bytes, new threshold 6 (max threshold 6)
[2020-03-27T08:18:48.115+0000][1][gc,age       ] GC(158) Age table with threshold 6 (max threshold 6)
[2020-03-27T08:18:48.116+0000][1][gc,age       ] GC(158) - age   1:    7455144 bytes,    7455144 total
[2020-03-27T08:18:48.116+0000][1][gc,age       ] GC(158) - age   2:     282720 bytes,    7737864 total
[2020-03-27T08:18:48.117+0000][1][gc,heap      ] GC(158) ParNew: 149744K->10438K(153344K)
[2020-03-27T08:18:48.117+0000][1][gc,heap      ] GC(158) CMS: 199738K->199738K(353920K)
[2020-03-27T08:18:48.118+0000][1][gc,metaspace ] GC(158) Metaspace: 97786K->97786K(1138688K)
[2020-03-27T08:18:48.118+0000][1][gc           ] GC(158) Pause Young (Allocation Failure) 341M->205M(495M) 11.539ms
[2020-03-27T08:18:48.119+0000][1][gc,cpu       ] GC(158) User=0.00s Sys=0.00s Real=0.01s
[2020-03-27T08:18:48.119+0000][1][safepoint    ] Safepoint "GenCollectForAllocation", Time since last: 10335304 ns, Reaching safepoint: 182900 ns, At safepoint: 12682105 ns, Total: 12865005 ns
[2020-03-27T08:18:48.302+0000][1][safepoint    ] Safepoint "RevokeBias", Time since last: 182132467 ns, Reaching safepoint: 117300 ns, At safepoint: 21900 ns, Total: 139200 ns
[2020-03-27T08:18:48.303+0000][1][safepoint    ] Safepoint "RevokeBias", Time since last: 1106001 ns, Reaching safepoint: 65200 ns, At safepoint: 24900 ns, Total: 90100 ns
[2020-03-27T08:18:48.304+0000][1][safepoint    ] Safepoint "RevokeBias", Time since last: 1329500 ns, Reaching safepoint: 65300 ns, At safepoint: 13700 ns, Total: 79000 ns
[2020-03-27T08:18:48.305+0000][1][safepoint    ] Safepoint "RevokeBias", Time since last: 992200 ns, Reaching safepoint: 78900 ns, At safepoint: 12200 ns, Total: 91100 ns
[2020-03-27T08:18:48.375+0000][1][safepoint    ] Safepoint "RevokeBias", Time since last: 69346826 ns, Reaching safepoint: 125900 ns, At safepoint: 28400 ns, Total: 154300 ns
[2020-03-27T08:18:49.377+0000][1][safepoint    ] Safepoint "Cleanup", Time since last: 1001400770 ns, Reaching safepoint: 469101 ns, At safepoint: 85400 ns, Total: 554501 ns
[2020-03-27T08:18:50.380+0000][1][safepoint    ] Safepoint "Cleanup", Time since last: 1002198870 ns, Reaching safepoint: 1100601 ns, At safepoint: 93000 ns, Total: 1193601 ns
[2020-03-27T08:18:51.383+0000][1][safepoint    ] Safepoint "Cleanup", Time since last: 1002132370 ns, Reaching safepoint: 409700 ns, At safepoint: 83701 ns, Total: 493401 ns
[2020-03-27T08:18:51.823+0000][1][safepoint    ] Safepoint "RevokeBias", Time since last: 439520962 ns, Reaching safepoint: 590400 ns, At safepoint: 307000 ns, Total: 897400 ns
[2020-03-27T08:18:52.469+0000][1][safepoint    ] Safepoint "RevokeBias", Time since last: 645795003 ns, Reaching safepoint: 126600 ns, At safepoint: 61100 ns, Total: 187700 ns
[2020-03-27T08:18:52.470+0000][1][safepoint    ] Safepoint "RevokeBias", Time since last: 1072200 ns, Reaching safepoint: 88500 ns, At safepoint: 36200 ns, Total: 124700 ns
[2020-03-27T08:18:52.472+0000][1][safepoint    ] Safepoint "RevokeBias", Time since last: 1726700 ns, Reaching safepoint: 64600 ns, At safepoint: 23000 ns, Total: 87600 ns
[2020-03-27T08:18:52.474+0000][1][safepoint    ] Safepoint "RevokeBias", Time since last: 1122300 ns, Reaching safepoint: 109500 ns, At safepoint: 21200 ns, Total: 130700 ns
[2020-03-27T08:18:52.513+0000][1][safepoint    ] Safepoint "RevokeBias", Time since last: 38917103 ns, Reaching safepoint: 202200 ns, At safepoint: 18500 ns, Total: 220700 ns
[2020-03-27T08:18:53.514+0000][1][safepoint    ] Safepoint "Cleanup", Time since last: 1000916667 ns, Reaching safepoint: 324800 ns, At safepoint: 82100 ns, Total: 406900 ns
[2020-03-27T08:18:54.517+0000][1][safepoint    ] Safepoint "Cleanup", Time since last: 1002233668 ns, Reaching safepoint: 415500 ns, At safepoint: 121600 ns, Total: 537100 ns
[2020-03-27T08:18:55.520+0000][1][safepoint    ] Safepoint "Cleanup", Time since last: 1002270968 ns, Reaching safepoint: 318100 ns, At safepoint: 201700 ns, Total: 519800 ns
[2020-03-27T08:18:56.522+0000][1][safepoint    ] Safepoint "Cleanup", Time since last: 1002026068 ns, Reaching safepoint: 107900 ns, At safepoint: 19500 ns, Total: 127400 ns
[2020-03-27T08:18:57.523+0000][1][safepoint    ] Safepoint "Cleanup", Time since last: 1000956768 ns, Reaching safepoint: 327800 ns, At safepoint: 80400 ns, Total: 408200 ns
[2020-03-27T08:18:58.121+0000][1][safepoint    ] Safepoint "RevokeBias", Time since last: 598143440 ns, Reaching safepoint: 220000 ns, At safepoint: 25700 ns, Total: 245700 ns
[2020-03-27T08:18:58.124+0000][1][gc,start     ] GC(159) Pause Young (Allocation Failure)
[2020-03-27T08:18:58.124+0000][1][gc,task      ] GC(159) Using 2 workers of 2 for evacuation
[2020-03-27T08:18:58.130+0000][1][gc,age       ] GC(159) Desired survivor size 8716288 bytes, new threshold 6 (max threshold 6)
[2020-03-27T08:18:58.130+0000][1][gc,age       ] GC(159) Age table with threshold 6 (max threshold 6)
[2020-03-27T08:18:58.131+0000][1][gc,age       ] GC(159) - age   1:     839664 bytes,     839664 total
[2020-03-27T08:18:58.131+0000][1][gc,age       ] GC(159) - age   2:     525192 bytes,    1364856 total
[2020-03-27T08:18:58.132+0000][1][gc,age       ] GC(159) - age   3:     275920 bytes,    1640776 total
[2020-03-27T08:18:58.132+0000][1][gc,heap      ] GC(159) ParNew: 146758K->6711K(153344K)
[2020-03-27T08:18:58.133+0000][1][gc,heap      ] GC(159) CMS: 199738K->199738K(353920K)
[2020-03-27T08:18:58.133+0000][1][gc,metaspace ] GC(159) Metaspace: 97795K->97795K(1138688K)
[2020-03-27T08:18:58.134+0000][1][gc           ] GC(159) Pause Young (Allocation Failure) 338M->201M(495M) 9.760ms
[2020-03-27T08:18:58.134+0000][1][gc,cpu       ] GC(159) User=0.00s Sys=0.00s Real=0.01s
[2020-03-27T08:18:58.135+0000][1][safepoint    ] Safepoint "GenCollectForAllocation", Time since last: 2346900 ns, Reaching safepoint: 66100 ns, At safepoint: 10650401 ns, Total: 10716501 ns
[2020-03-27T08:18:58.471+0000][1][safepoint    ] Safepoint "RevokeBias", Time since last: 336098223 ns, Reaching safepoint: 161700 ns, At safepoint: 26900 ns, Total: 188600 ns
[2020-03-27T08:18:58.472+0000][1][safepoint    ] Safepoint "RevokeBias", Time since last: 994800 ns, Reaching safepoint: 107900 ns, At safepoint: 23300 ns, Total: 131200 ns
[2020-03-27T08:18:58.474+0000][1][safepoint    ] Safepoint "RevokeBias", Time since last: 2076700 ns, Reaching safepoint: 80100 ns, At safepoint: 12000 ns, Total: 92100 ns
[2020-03-27T08:18:58.476+0000][1][safepoint    ] Safepoint "RevokeBias", Time since last: 1262100 ns, Reaching safepoint: 69800 ns, At safepoint: 48200 ns, Total: 118000 ns
[2020-03-27T08:18:58.518+0000][1][safepoint    ] Safepoint "RevokeBias", Time since last: 42152203 ns, Reaching safepoint: 100000 ns, At safepoint: 17400 ns, Total: 117400 ns
[2020-03-27T08:18:59.519+0000][1][safepoint    ] Safepoint "Cleanup", Time since last: 1001201968 ns, Reaching safepoint: 333100 ns, At safepoint: 83700 ns, Total: 416800 ns
[2020-03-27T08:19:00.522+0000][1][safepoint    ] Safepoint "Cleanup", Time since last: 1002208653 ns, Reaching safepoint: 112800 ns, At safepoint: 23200 ns, Total: 136000 ns
[2020-03-27T08:19:01.523+0000][1][safepoint    ] Safepoint "Cleanup", Time since last: 1001037873 ns, Reaching safepoint: 95100 ns, At safepoint: 18300 ns, Total: 113400 ns
[2020-03-27T08:19:01.827+0000][1][safepoint    ] Safepoint "RevokeBias", Time since last: 303580792 ns, Reaching safepoint: 150100 ns, At safepoint: 16800 ns, Total: 166900 ns
[2020-03-27T08:19:02.600+0000][1][safepoint    ] Safepoint "RevokeBias", Time since last: 772759679 ns, Reaching safepoint: 184300 ns, At safepoint: 24600 ns, Total: 208900 ns
[2020-03-27T08:19:02.601+0000][1][safepoint    ] Safepoint "RevokeBias", Time since last: 1161900 ns, Reaching safepoint: 70000 ns, At safepoint: 23000 ns, Total: 93000 ns
[2020-03-27T08:19:02.602+0000][1][safepoint    ] Safepoint "RevokeBias", Time since last: 1331400 ns, Reaching safepoint: 80000 ns, At safepoint: 11200 ns, Total: 91200 ns
[2020-03-27T08:19:02.603+0000][1][safepoint    ] Safepoint "RevokeBias", Time since last: 873000 ns, Reaching safepoint: 60000 ns, At safepoint: 10700 ns, Total: 70700 ns
[2020-03-27T08:19:02.646+0000][1][safepoint    ] Safepoint "RevokeBias", Time since last: 42208199 ns, Reaching safepoint: 176000 ns, At safepoint: 22100 ns, Total: 198100 ns
[2020-03-27T08:19:02.670+0000][1][safepoint    ] Safepoint "BulkRevokeBias", Time since last: 24288999 ns, Reaching safepoint: 109000 ns, At safepoint: 448300 ns, Total: 557300 ns
[2020-03-27T08:19:02.678+0000][1][safepoint    ] Safepoint "RevokeBias", Time since last: 7378600 ns, Reaching safepoint: 166300 ns, At safepoint: 33300 ns, Total: 199600 ns
[2020-03-27T08:19:02.679+0000][1][safepoint    ] Safepoint "RevokeBias", Time since last: 425000 ns, Reaching safepoint: 63700 ns, At safepoint: 20100 ns, Total: 83800 ns
[2020-03-27T08:19:02.730+0000][1][gc,start     ] GC(160) Pause Young (Allocation Failure)
[2020-03-27T08:19:02.730+0000][1][gc,task      ] GC(160) Using 2 workers of 2 for evacuation
[2020-03-27T08:19:02.734+0000][1][gc,age       ] GC(160) Desired survivor size 8716288 bytes, new threshold 6 (max threshold 6)
[2020-03-27T08:19:02.735+0000][1][gc,age       ] GC(160) Age table with threshold 6 (max threshold 6)
[2020-03-27T08:19:02.735+0000][1][gc,age       ] GC(160) - age   1:    1056560 bytes,    1056560 total
[2020-03-27T08:19:02.735+0000][1][gc,age       ] GC(160) - age   2:     562816 bytes,    1619376 total
[2020-03-27T08:19:02.736+0000][1][gc,age       ] GC(160) - age   3:     521976 bytes,    2141352 total
[2020-03-27T08:19:02.736+0000][1][gc,age       ] GC(160) - age   4:     275560 bytes,    2416912 total
[2020-03-27T08:19:02.737+0000][1][gc,heap      ] GC(160) ParNew: 142917K->4156K(153344K)
[2020-03-27T08:19:02.737+0000][1][gc,heap      ] GC(160) CMS: 199738K->199738K(353920K)
[2020-03-27T08:19:02.738+0000][1][gc,metaspace ] GC(160) Metaspace: 97801K->97801K(1138688K)
[2020-03-27T08:19:02.738+0000][1][gc           ] GC(160) Pause Young (Allocation Failure) 334M->199M(495M) 8.342ms
[2020-03-27T08:19:02.739+0000][1][gc,cpu       ] GC(160) User=0.01s Sys=0.00s Real=0.01s
[2020-03-27T08:19:02.739+0000][1][safepoint    ] Safepoint "GenCollectForAllocation", Time since last: 51091699 ns, Reaching safepoint: 121100 ns, At safepoint: 9176500 ns, Total: 9297600 ns
[2020-03-27T08:19:03.680+0000][1][safepoint    ] Safepoint "RevokeBias", Time since last: 940334674 ns, Reaching safepoint: 412800 ns, At safepoint: 92300 ns, Total: 505100 ns
[2020-03-27T08:19:03.715+0000][1][safepoint    ] Safepoint "RevokeBias", Time since last: 34962700 ns, Reaching safepoint: 118600 ns, At safepoint: 46100 ns, Total: 164700 ns
[2020-03-27T08:19:03.716+0000][1][safepoint    ] Safepoint "RevokeBias", Time since last: 851800 ns, Reaching safepoint: 241800 ns, At safepoint: 25400 ns, Total: 267200 ns
[2020-03-27T08:19:04.717+0000][1][safepoint    ] Safepoint "Cleanup", Time since last: 1001018773 ns, Reaching safepoint: 106100 ns, At safepoint: 17700 ns, Total: 123800 ns
[2020-03-27T08:19:05.718+0000][1][safepoint    ] Safepoint "Cleanup", Time since last: 1001054973 ns, Reaching safepoint: 103700 ns, At safepoint: 18100 ns, Total: 121800 ns
[2020-03-27T08:19:06.719+0000][1][safepoint    ] Safepoint "Cleanup", Time since last: 1000894273 ns, Reaching safepoint: 128800 ns, At safepoint: 26700 ns, Total: 155500 ns
[2020-03-27T08:19:07.721+0000][1][safepoint    ] Safepoint "Cleanup", Time since last: 1001079573 ns, Reaching safepoint: 397200 ns, At safepoint: 84100 ns, Total: 481300 ns
[2020-03-27T08:19:08.089+0000][1][safepoint    ] Safepoint "RevokeBias", Time since last: 368210791 ns, Reaching safepoint: 100000 ns, At safepoint: 24600 ns, Total: 124600 ns
[2020-03-27T08:19:08.616+0000][1][safepoint    ] Safepoint "RevokeBias", Time since last: 526506611 ns, Reaching safepoint: 97000 ns, At safepoint: 27500 ns, Total: 124500 ns
[2020-03-27T08:19:08.617+0000][1][safepoint    ] Safepoint "RevokeBias", Time since last: 1126900 ns, Reaching safepoint: 89500 ns, At safepoint: 23300 ns, Total: 112800 ns
[2020-03-27T08:19:08.621+0000][1][safepoint    ] Safepoint "BulkRevokeBias", Time since last: 3051401 ns, Reaching safepoint: 170100 ns, At safepoint: 454700 ns, Total: 624800 ns
[2020-03-27T08:19:08.675+0000][1][safepoint    ] Safepoint "RevokeBias", Time since last: 53509004 ns, Reaching safepoint: 222600 ns, At safepoint: 23100 ns, Total: 245700 ns
[2020-03-27T08:19:09.676+0000][1][safepoint    ] Safepoint "Cleanup", Time since last: 1000688384 ns, Reaching safepoint: 537300 ns, At safepoint: 83600 ns, Total: 620900 ns
[2020-03-27T08:19:10.679+0000][1][safepoint    ] Safepoint "Cleanup", Time since last: 1002245683 ns, Reaching safepoint: 322900 ns, At safepoint: 169300 ns, Total: 492200 ns
[2020-03-27T08:19:11.681+0000][1][safepoint    ] Safepoint "Cleanup", Time since last: 1002293684 ns, Reaching safepoint: 402900 ns, At safepoint: 34600 ns, Total: 437500 ns
[2020-03-27T08:19:11.832+0000][1][gc,start     ] GC(161) Pause Young (Allocation Failure)
[2020-03-27T08:19:11.832+0000][1][gc,task      ] GC(161) Using 2 workers of 2 for evacuation
[2020-03-27T08:19:11.837+0000][1][gc,age       ] GC(161) Desired survivor size 8716288 bytes, new threshold 6 (max threshold 6)
[2020-03-27T08:19:11.837+0000][1][gc,age       ] GC(161) Age table with threshold 6 (max threshold 6)
[2020-03-27T08:19:11.837+0000][1][gc,age       ] GC(161) - age   1:    2051000 bytes,    2051000 total
[2020-03-27T08:19:11.837+0000][1][gc,age       ] GC(161) - age   2:     363552 bytes,    2414552 total
[2020-03-27T08:19:11.838+0000][1][gc,age       ] GC(161) - age   3:     356856 bytes,    2771408 total
[2020-03-27T08:19:11.838+0000][1][gc,age       ] GC(161) - age   4:     423320 bytes,    3194728 total
[2020-03-27T08:19:11.838+0000][1][gc,age       ] GC(161) - age   5:     167632 bytes,    3362360 total
[2020-03-27T08:19:11.839+0000][1][gc,heap      ] GC(161) ParNew: 140476K->4214K(153344K)
[2020-03-27T08:19:11.839+0000][1][gc,heap      ] GC(161) CMS: 199738K->199738K(353920K)
[2020-03-27T08:19:11.839+0000][1][gc,metaspace ] GC(161) Metaspace: 97803K->97803K(1138688K)
[2020-03-27T08:19:11.840+0000][1][gc           ] GC(161) Pause Young (Allocation Failure) 332M->199M(495M) 8.080ms
[2020-03-27T08:19:11.840+0000][1][gc,cpu       ] GC(161) User=0.00s Sys=0.00s Real=0.01s
[2020-03-27T08:19:11.840+0000][1][safepoint    ] Safepoint "GenCollectForAllocation", Time since last: 149963312 ns, Reaching safepoint: 194601 ns, At safepoint: 8804200 ns, Total: 8998801 ns
[2020-03-27T08:19:11.845+0000][1][safepoint    ] Safepoint "RevokeBias", Time since last: 4779101 ns, Reaching safepoint: 116900 ns, At safepoint: 15500 ns, Total: 132400 ns
[2020-03-27T08:19:12.821+0000][1][safepoint    ] Safepoint "RevokeBias", Time since last: 975644781 ns, Reaching safepoint: 158200 ns, At safepoint: 22300 ns, Total: 180500 ns
[2020-03-27T08:19:12.823+0000][1][safepoint    ] Safepoint "BulkRevokeBias", Time since last: 849800 ns, Reaching safepoint: 124200 ns, At safepoint: 478800 ns, Total: 603000 ns
[2020-03-27T08:19:12.824+0000][1][safepoint    ] Safepoint "RevokeBias", Time since last: 1808800 ns, Reaching safepoint: 67100 ns, At safepoint: 13000 ns, Total: 80100 ns
[2020-03-27T08:19:12.825+0000][1][safepoint    ] Safepoint "RevokeBias", Time since last: 947600 ns, Reaching safepoint: 74700 ns, At safepoint: 26300 ns, Total: 101000 ns
[2020-03-27T08:19:12.866+0000][1][safepoint    ] Safepoint "BulkRevokeBias", Time since last: 39603804 ns, Reaching safepoint: 112600 ns, At safepoint: 525400 ns, Total: 638000 ns
[2020-03-27T08:19:13.867+0000][1][safepoint    ] Safepoint "Cleanup", Time since last: 1000655483 ns, Reaching safepoint: 449100 ns, At safepoint: 83200 ns, Total: 532300 ns
[2020-03-27T08:19:14.870+0000][1][safepoint    ] Safepoint "Cleanup", Time since last: 1001794684 ns, Reaching safepoint: 915800 ns, At safepoint: 93700 ns, Total: 1009500 ns
[2020-03-27T08:19:15.871+0000][1][safepoint    ] Safepoint "Cleanup", Time since last: 1001608283 ns, Reaching safepoint: 107700 ns, At safepoint: 22900 ns, Total: 130600 ns
[2020-03-27T08:19:16.873+0000][1][safepoint    ] Safepoint "Cleanup", Time since last: 1001149846 ns, Reaching safepoint: 297700 ns, At safepoint: 77900 ns, Total: 375600 ns
[2020-03-27T08:19:17.875+0000][1][safepoint    ] Safepoint "Cleanup", Time since last: 1002162604 ns, Reaching safepoint: 157000 ns, At safepoint: 15700 ns, Total: 172700 ns
[2020-03-27T08:19:18.080+0000][1][safepoint    ] Safepoint "RevokeBias", Time since last: 204758101 ns, Reaching safepoint: 104300 ns, At safepoint: 24400 ns, Total: 128700 ns
[2020-03-27T08:19:19.081+0000][1][safepoint    ] Safepoint "Cleanup", Time since last: 1000962503 ns, Reaching safepoint: 112700 ns, At safepoint: 23900 ns, Total: 136600 ns
[2020-03-27T08:19:20.083+0000][1][safepoint    ] Safepoint "Cleanup", Time since last: 1001191203 ns, Reaching safepoint: 491200 ns, At safepoint: 86800 ns, Total: 578000 ns
[2020-03-27T08:19:21.086+0000][1][safepoint    ] Safepoint "Cleanup", Time since last: 1002291604 ns, Reaching safepoint: 452500 ns, At safepoint: 83900 ns, Total: 536400 ns
[2020-03-27T08:19:21.838+0000][1][safepoint    ] Safepoint "RevokeBias", Time since last: 751465802 ns, Reaching safepoint: 238100 ns, At safepoint: 204800 ns, Total: 442900 ns
[2020-03-27T08:19:22.839+0000][1][safepoint    ] Safepoint "Cleanup", Time since last: 1000940704 ns, Reaching safepoint: 320900 ns, At safepoint: 89700 ns, Total: 410600 ns
[2020-03-27T08:19:23.842+0000][1][safepoint    ] Safepoint "Cleanup", Time since last: 1002648403 ns, Reaching safepoint: 370900 ns, At safepoint: 83600 ns, Total: 454500 ns
[2020-03-27T08:19:24.845+0000][1][safepoint    ] Safepoint "Cleanup", Time since last: 1002196272 ns, Reaching safepoint: 408700 ns, At safepoint: 85700 ns, Total: 494400 ns
[2020-03-27T08:19:25.847+0000][1][safepoint    ] Safepoint "Cleanup", Time since last: 1001926164 ns, Reaching safepoint: 111300 ns, At safepoint: 22300 ns, Total: 133600 ns
[2020-03-27T08:19:26.849+0000][1][safepoint    ] Safepoint "Cleanup", Time since last: 1001218764 ns, Reaching safepoint: 407501 ns, At safepoint: 86100 ns, Total: 493601 ns
[2020-03-27T08:19:27.851+0000][1][safepoint    ] Safepoint "Cleanup", Time since last: 1002097864 ns, Reaching safepoint: 111600 ns, At safepoint: 25300 ns, Total: 136900 ns
[2020-03-27T08:19:28.123+0000][1][safepoint    ] Safepoint "RevokeBias", Time since last: 271904645 ns, Reaching safepoint: 118600 ns, At safepoint: 25100 ns, Total: 143700 ns
[2020-03-27T08:19:29.124+0000][1][safepoint    ] Safepoint "Cleanup", Time since last: 1001047264 ns, Reaching safepoint: 137100 ns, At safepoint: 19400 ns, Total: 156500 ns
[2020-03-27T08:19:30.126+0000][1][safepoint    ] Safepoint "Cleanup", Time since last: 1001112464 ns, Reaching safepoint: 390500 ns, At safepoint: 125200 ns, Total: 515700 ns
[2020-03-27T08:19:31.128+0000][1][safepoint    ] Safepoint "Cleanup", Time since last: 1001806965 ns, Reaching safepoint: 321000 ns, At safepoint: 88100 ns, Total: 409100 ns
[2020-03-27T08:19:31.853+0000][1][safepoint    ] Safepoint "RevokeBias", Time since last: 724542219 ns, Reaching safepoint: 123300 ns, At safepoint: 15000 ns, Total: 138300 ns
[2020-03-27T08:19:32.853+0000][1][safepoint    ] Safepoint "Cleanup", Time since last: 1000440129 ns, Reaching safepoint: 92400 ns, At safepoint: 6300 ns, Total: 98700 ns
[2020-03-27T08:19:33.855+0000][1][safepoint    ] Safepoint "Cleanup", Time since last: 1000944281 ns, Reaching safepoint: 388800 ns, At safepoint: 82600 ns, Total: 471400 ns
[2020-03-27T08:19:34.857+0000][1][safepoint    ] Safepoint "Cleanup", Time since last: 1001560580 ns, Reaching safepoint: 392500 ns, At safepoint: 33500 ns, Total: 426000 ns
[2020-03-27T08:19:35.859+0000][1][safepoint    ] Safepoint "Cleanup", Time since last: 1002223081 ns, Reaching safepoint: 92300 ns, At safepoint: 30500 ns, Total: 122800 ns
[2020-03-27T08:19:36.861+0000][1][safepoint    ] Safepoint "Cleanup", Time since last: 1001332680 ns, Reaching safepoint: 549600 ns, At safepoint: 30000 ns, Total: 579600 ns
[2020-03-27T08:19:37.864+0000][1][safepoint    ] Safepoint "Cleanup", Time since last: 1002137681 ns, Reaching safepoint: 363400 ns, At safepoint: 181000 ns, Total: 544400 ns
[2020-03-27T08:19:38.077+0000][1][safepoint    ] Safepoint "RevokeBias", Time since last: 213460617 ns, Reaching safepoint: 91500 ns, At safepoint: 24700 ns, Total: 116200 ns
[2020-03-27T08:19:39.079+0000][1][safepoint    ] Safepoint "Cleanup", Time since last: 1000889880 ns, Reaching safepoint: 320000 ns, At safepoint: 88500 ns, Total: 408500 ns
[2020-03-27T08:19:40.082+0000][1][safepoint    ] Safepoint "Cleanup", Time since last: 1002553881 ns, Reaching safepoint: 372200 ns, At safepoint: 177700 ns, Total: 549900 ns
[2020-03-27T08:19:40.810+0000][1][gc,start     ] GC(162) Pause Young (Allocation Failure)
[2020-03-27T08:19:40.810+0000][1][gc,task      ] GC(162) Using 2 workers of 2 for evacuation
[2020-03-27T08:19:40.816+0000][1][gc,age       ] GC(162) Desired survivor size 8716288 bytes, new threshold 1 (max threshold 6)
[2020-03-27T08:19:40.817+0000][1][gc,age       ] GC(162) Age table with threshold 1 (max threshold 6)
[2020-03-27T08:19:40.817+0000][1][gc,age       ] GC(162) - age   1:   13704384 bytes,   13704384 total
[2020-03-27T08:19:40.818+0000][1][gc,age       ] GC(162) - age   2:     796608 bytes,   14500992 total
[2020-03-27T08:19:40.818+0000][1][gc,age       ] GC(162) - age   3:     362008 bytes,   14863000 total
[2020-03-27T08:19:40.819+0000][1][gc,age       ] GC(162) - age   4:     356856 bytes,   15219856 total
[2020-03-27T08:19:40.819+0000][1][gc,age       ] GC(162) - age   5:     421832 bytes,   15641688 total
[2020-03-27T08:19:40.820+0000][1][gc,age       ] GC(162) - age   6:     167632 bytes,   15809320 total
[2020-03-27T08:19:40.820+0000][1][gc,heap      ] GC(162) ParNew: 140534K->16882K(153344K)
[2020-03-27T08:19:40.821+0000][1][gc,heap      ] GC(162) CMS: 199738K->199738K(353920K)
[2020-03-27T08:19:40.821+0000][1][gc,metaspace ] GC(162) Metaspace: 97806K->97806K(1138688K)
[2020-03-27T08:19:40.821+0000][1][gc           ] GC(162) Pause Young (Allocation Failure) 332M->211M(495M) 11.602ms
[2020-03-27T08:19:40.822+0000][1][gc,cpu       ] GC(162) User=0.01s Sys=0.00s Real=0.01s
[2020-03-27T08:19:40.822+0000][1][safepoint    ] Safepoint "GenCollectForAllocation", Time since last: 727977938 ns, Reaching safepoint: 98900 ns, At safepoint: 12340100 ns, Total: 12439000 ns
[2020-03-27T08:19:41.823+0000][1][safepoint    ] Safepoint "Cleanup", Time since last: 1000588323 ns, Reaching safepoint: 320800 ns, At safepoint: 84800 ns, Total: 405600 ns
[2020-03-27T08:19:41.852+0000][1][safepoint    ] Safepoint "RevokeBias", Time since last: 28144601 ns, Reaching safepoint: 277000 ns, At safepoint: 176400 ns, Total: 453400 ns
[2020-03-27T08:19:42.853+0000][1][safepoint    ] Safepoint "Cleanup", Time since last: 1001006523 ns, Reaching safepoint: 321300 ns, At safepoint: 77900 ns, Total: 399200 ns
[2020-03-27T08:19:43.375+0000][1][safepoint    ] Safepoint "RevokeBias", Time since last: 521022412 ns, Reaching safepoint: 377000 ns, At safepoint: 159500 ns, Total: 536500 ns
[2020-03-27T08:19:43.833+0000][1][safepoint    ] Safepoint "RevokeBias", Time since last: 458556410 ns, Reaching safepoint: 251100 ns, At safepoint: 40000 ns, Total: 291100 ns
[2020-03-27T08:19:43.834+0000][1][safepoint    ] Safepoint "RevokeBias", Time since last: 593400 ns, Reaching safepoint: 86900 ns, At safepoint: 23700 ns, Total: 110600 ns
[2020-03-27T08:19:43.835+0000][1][safepoint    ] Safepoint "RevokeBias", Time since last: 989200 ns, Reaching safepoint: 223300 ns, At safepoint: 15000 ns, Total: 238300 ns
[2020-03-27T08:19:43.837+0000][1][safepoint    ] Safepoint "RevokeBias", Time since last: 1237300 ns, Reaching safepoint: 59400 ns, At safepoint: 22000 ns, Total: 81400 ns
[2020-03-27T08:19:43.838+0000][1][safepoint    ] Safepoint "RevokeBias", Time since last: 1061600 ns, Reaching safepoint: 58300 ns, At safepoint: 12200 ns, Total: 70500 ns
[2020-03-27T08:19:43.882+0000][1][safepoint    ] Safepoint "RevokeBias", Time since last: 44045301 ns, Reaching safepoint: 132300 ns, At safepoint: 29200 ns, Total: 161500 ns
[2020-03-27T08:19:43.957+0000][1][safepoint    ] Safepoint "RevokeBias", Time since last: 75040002 ns, Reaching safepoint: 184900 ns, At safepoint: 25900 ns, Total: 210800 ns
[2020-03-27T08:19:43.964+0000][1][safepoint    ] Safepoint "RevokeBias", Time since last: 6139400 ns, Reaching safepoint: 477800 ns, At safepoint: 116600 ns, Total: 594400 ns
[2020-03-27T08:19:43.999+0000][1][safepoint    ] Safepoint "RevokeBias", Time since last: 34091101 ns, Reaching safepoint: 296200 ns, At safepoint: 229100 ns, Total: 525300 ns
[2020-03-27T08:19:44.000+0000][1][safepoint    ] Safepoint "RevokeBias", Time since last: 588600 ns, Reaching safepoint: 278900 ns, At safepoint: 47200 ns, Total: 326100 ns
[2020-03-27T08:19:44.001+0000][1][safepoint    ] Safepoint "RevokeBias", Time since last: 1636200 ns, Reaching safepoint: 165300 ns, At safepoint: 22400 ns, Total: 187700 ns
[2020-03-27T08:19:44.003+0000][1][safepoint    ] Safepoint "RevokeBias", Time since last: 1806800 ns, Reaching safepoint: 145600 ns, At safepoint: 45500 ns, Total: 191100 ns
[2020-03-27T08:19:44.042+0000][1][safepoint    ] Safepoint "RevokeBias", Time since last: 38931801 ns, Reaching safepoint: 122800 ns, At safepoint: 30800 ns, Total: 153600 ns
[2020-03-27T08:19:44.101+0000][1][gc,start     ] GC(163) Pause Young (Allocation Failure)
[2020-03-27T08:19:44.101+0000][1][gc,task      ] GC(163) Using 2 workers of 2 for evacuation
[2020-03-27T08:19:44.134+0000][1][gc,age       ] GC(163) Desired survivor size 8716288 bytes, new threshold 6 (max threshold 6)
[2020-03-27T08:19:44.135+0000][1][gc,age       ] GC(163) Age table with threshold 6 (max threshold 6)
[2020-03-27T08:19:44.135+0000][1][gc,age       ] GC(163) - age   1:    2651088 bytes,    2651088 total
[2020-03-27T08:19:44.136+0000][1][gc,heap      ] GC(163) ParNew: 153202K->12282K(153344K)
[2020-03-27T08:19:44.136+0000][1][gc,heap      ] GC(163) CMS: 199738K->201857K(353920K)
[2020-03-27T08:19:44.136+0000][1][gc,metaspace ] GC(163) Metaspace: 97829K->97829K(1138688K)
[2020-03-27T08:19:44.137+0000][1][gc           ] GC(163) Pause Young (Allocation Failure) 344M->209M(495M) 35.881ms
[2020-03-27T08:19:44.137+0000][1][gc,cpu       ] GC(163) User=0.02s Sys=0.01s Real=0.04s
[2020-03-27T08:19:44.138+0000][1][safepoint    ] Safepoint "GenCollectForAllocation", Time since last: 58010101 ns, Reaching safepoint: 241000 ns, At safepoint: 36878501 ns, Total: 37119501 ns
[2020-03-27T08:19:44.151+0000][1][safepoint    ] Safepoint "RevokeBias", Time since last: 12881501 ns, Reaching safepoint: 228100 ns, At safepoint: 34400 ns, Total: 262500 ns
[2020-03-27T08:19:44.151+0000][1][safepoint    ] Safepoint "RevokeBias", Time since last: 508600 ns, Reaching safepoint: 108600 ns, At safepoint: 13200 ns, Total: 121800 ns
[2020-03-27T08:19:44.153+0000][1][safepoint    ] Safepoint "RevokeBias", Time since last: 1728500 ns, Reaching safepoint: 126700 ns, At safepoint: 13200 ns, Total: 139900 ns
[2020-03-27T08:19:44.155+0000][1][safepoint    ] Safepoint "RevokeBias", Time since last: 1558700 ns, Reaching safepoint: 112700 ns, At safepoint: 35100 ns, Total: 147800 ns
[2020-03-27T08:19:45.156+0000][1][safepoint    ] Safepoint "Cleanup", Time since last: 1000647923 ns, Reaching safepoint: 320700 ns, At safepoint: 86900 ns, Total: 407600 ns
[2020-03-27T08:19:45.284+0000][1][safepoint    ] Safepoint "RevokeBias", Time since last: 128244503 ns, Reaching safepoint: 205700 ns, At safepoint: 31800 ns, Total: 237500 ns
[2020-03-27T08:19:45.285+0000][1][safepoint    ] Safepoint "RevokeBias", Time since last: 471300 ns, Reaching safepoint: 134100 ns, At safepoint: 14400 ns, Total: 148500 ns
[2020-03-27T08:19:45.286+0000][1][safepoint    ] Safepoint "RevokeBias", Time since last: 1098000 ns, Reaching safepoint: 79100 ns, At safepoint: 21300 ns, Total: 100400 ns
[2020-03-27T08:19:45.287+0000][1][safepoint    ] Safepoint "RevokeBias", Time since last: 732700 ns, Reaching safepoint: 84300 ns, At safepoint: 22900 ns, Total: 107200 ns
[2020-03-27T08:19:45.342+0000][1][safepoint    ] Safepoint "RevokeBias", Time since last: 54188501 ns, Reaching safepoint: 248800 ns, At safepoint: 19600 ns, Total: 268400 ns
[2020-03-27T08:19:46.344+0000][1][safepoint    ] Safepoint "Cleanup", Time since last: 1002152423 ns, Reaching safepoint: 333800 ns, At safepoint: 85200 ns, Total: 419000 ns
[2020-03-27T08:19:47.346+0000][1][safepoint    ] Safepoint "Cleanup", Time since last: 1002039823 ns, Reaching safepoint: 182200 ns, At safepoint: 40400 ns, Total: 222600 ns
[2020-03-27T08:19:48.102+0000][1][safepoint    ] Safepoint "RevokeBias", Time since last: 755579417 ns, Reaching safepoint: 186200 ns, At safepoint: 23300 ns, Total: 209500 ns
[2020-03-27T08:19:48.983+0000][1][safepoint    ] Safepoint "RevokeBias", Time since last: 881053425 ns, Reaching safepoint: 100400 ns, At safepoint: 31600 ns, Total: 132000 ns
[2020-03-27T08:19:48.984+0000][1][safepoint    ] Safepoint "RevokeBias", Time since last: 750800 ns, Reaching safepoint: 62600 ns, At safepoint: 22100 ns, Total: 84700 ns
[2020-03-27T08:19:48.986+0000][1][safepoint    ] Safepoint "RevokeBias", Time since last: 1689000 ns, Reaching safepoint: 83700 ns, At safepoint: 20900 ns, Total: 104600 ns
[2020-03-27T08:19:48.987+0000][1][safepoint    ] Safepoint "RevokeBias", Time since last: 709400 ns, Reaching safepoint: 83400 ns, At safepoint: 14100 ns, Total: 97500 ns
[2020-03-27T08:19:49.043+0000][1][safepoint    ] Safepoint "RevokeBias", Time since last: 56431402 ns, Reaching safepoint: 93700 ns, At safepoint: 25800 ns, Total: 119500 ns
[2020-03-27T08:19:50.045+0000][1][safepoint    ] Safepoint "Cleanup", Time since last: 1000965331 ns, Reaching safepoint: 263800 ns, At safepoint: 49600 ns, Total: 313400 ns
[2020-03-27T08:19:51.047+0000][1][safepoint    ] Safepoint "Cleanup", Time since last: 1001699332 ns, Reaching safepoint: 233100 ns, At safepoint: 37900 ns, Total: 271000 ns
[2020-03-27T08:19:51.867+0000][1][safepoint    ] Safepoint "RevokeBias", Time since last: 819738525 ns, Reaching safepoint: 269600 ns, At safepoint: 234600 ns, Total: 504200 ns
[2020-03-27T08:19:52.129+0000][1][gc,start     ] GC(164) Pause Young (Allocation Failure)
[2020-03-27T08:19:52.130+0000][1][gc,task      ] GC(164) Using 2 workers of 2 for evacuation
[2020-03-27T08:19:52.138+0000][1][gc,age       ] GC(164) Desired survivor size 8716288 bytes, new threshold 6 (max threshold 6)
[2020-03-27T08:19:52.139+0000][1][gc,age       ] GC(164) Age table with threshold 6 (max threshold 6)
[2020-03-27T08:19:52.139+0000][1][gc,age       ] GC(164) - age   1:    3825520 bytes,    3825520 total
[2020-03-27T08:19:52.140+0000][1][gc,age       ] GC(164) - age   2:     991720 bytes,    4817240 total
[2020-03-27T08:19:52.141+0000][1][gc,heap      ] GC(164) ParNew: 148442K->7435K(153344K)
[2020-03-27T08:19:52.142+0000][1][gc,heap      ] GC(164) CMS: 201857K->201857K(353920K)
[2020-03-27T08:19:52.142+0000][1][gc,metaspace ] GC(164) Metaspace: 97829K->97829K(1138688K)
[2020-03-27T08:19:52.143+0000][1][gc           ] GC(164) Pause Young (Allocation Failure) 342M->204M(495M) 14.185ms
[2020-03-27T08:19:52.143+0000][1][gc,cpu       ] GC(164) User=0.01s Sys=0.00s Real=0.01s
[2020-03-27T08:19:52.144+0000][1][safepoint    ] Safepoint "GenCollectForAllocation", Time since last: 261534409 ns, Reaching safepoint: 284800 ns, At safepoint: 15202700 ns, Total: 15487500 ns
[2020-03-27T08:19:52.155+0000][1][safepoint    ] Safepoint "RevokeBias", Time since last: 10882000 ns, Reaching safepoint: 176400 ns, At safepoint: 30900 ns, Total: 207300 ns
[2020-03-27T08:19:52.156+0000][1][safepoint    ] Safepoint "RevokeBias", Time since last: 686800 ns, Reaching safepoint: 62400 ns, At safepoint: 13400 ns, Total: 75800 ns
[2020-03-27T08:19:52.157+0000][1][safepoint    ] Safepoint "RevokeBias", Time since last: 1174801 ns, Reaching safepoint: 77900 ns, At safepoint: 23600 ns, Total: 101500 ns
[2020-03-27T08:19:52.158+0000][1][safepoint    ] Safepoint "RevokeBias", Time since last: 932700 ns, Reaching safepoint: 130000 ns, At safepoint: 18000 ns, Total: 148000 ns
[2020-03-27T08:19:52.197+0000][1][safepoint    ] Safepoint "RevokeBias", Time since last: 38556501 ns, Reaching safepoint: 107200 ns, At safepoint: 30100 ns, Total: 137300 ns
[2020-03-27T08:19:53.198+0000][1][safepoint    ] Safepoint "Cleanup", Time since last: 1000972731 ns, Reaching safepoint: 332300 ns, At safepoint: 84900 ns, Total: 417200 ns
[2020-03-27T08:19:54.201+0000][1][safepoint    ] Safepoint "Cleanup", Time since last: 1002266332 ns, Reaching safepoint: 406100 ns, At safepoint: 86800 ns, Total: 492900 ns
[2020-03-27T08:19:55.204+0000][1][safepoint    ] Safepoint "Cleanup", Time since last: 1002543631 ns, Reaching safepoint: 365200 ns, At safepoint: 88500 ns, Total: 453700 ns
[2020-03-27T08:19:56.206+0000][1][safepoint    ] Safepoint "Cleanup", Time since last: 1001924532 ns, Reaching safepoint: 138800 ns, At safepoint: 29500 ns, Total: 168300 ns
[2020-03-27T08:19:57.207+0000][1][safepoint    ] Safepoint "Cleanup", Time since last: 1000961367 ns, Reaching safepoint: 322700 ns, At safepoint: 76300 ns, Total: 399000 ns
[2020-03-27T08:19:58.127+0000][1][safepoint    ] Safepoint "RevokeBias", Time since last: 919865276 ns, Reaching safepoint: 103700 ns, At safepoint: 23900 ns, Total: 127600 ns
[2020-03-27T08:19:59.128+0000][1][safepoint    ] Safepoint "Cleanup", Time since last: 1000655281 ns, Reaching safepoint: 344500 ns, At safepoint: 25500 ns, Total: 370000 ns
[2020-03-27T08:19:59.157+0000][1][safepoint    ] Safepoint "RevokeBias", Time since last: 28504903 ns, Reaching safepoint: 179300 ns, At safepoint: 24300 ns, Total: 203600 ns
[2020-03-27T08:19:59.158+0000][1][safepoint    ] Safepoint "RevokeBias", Time since last: 1049700 ns, Reaching safepoint: 67900 ns, At safepoint: 11000 ns, Total: 78900 ns
[2020-03-27T08:19:59.160+0000][1][safepoint    ] Safepoint "RevokeBias", Time since last: 1591100 ns, Reaching safepoint: 58300 ns, At safepoint: 21900 ns, Total: 80200 ns
[2020-03-27T08:19:59.161+0000][1][safepoint    ] Safepoint "RevokeBias", Time since last: 797600 ns, Reaching safepoint: 66900 ns, At safepoint: 23300 ns, Total: 90200 ns
[2020-03-27T08:19:59.203+0000][1][safepoint    ] Safepoint "RevokeBias", Time since last: 42167503 ns, Reaching safepoint: 216200 ns, At safepoint: 28300 ns, Total: 244500 ns
[2020-03-27T08:19:59.256+0000][1][gc,start     ] GC(165) Pause Young (Allocation Failure)
[2020-03-27T08:19:59.256+0000][1][gc,task      ] GC(165) Using 2 workers of 2 for evacuation
[2020-03-27T08:19:59.259+0000][1][gc,age       ] GC(165) Desired survivor size 8716288 bytes, new threshold 6 (max threshold 6)
[2020-03-27T08:19:59.260+0000][1][gc,age       ] GC(165) Age table with threshold 6 (max threshold 6)
[2020-03-27T08:19:59.260+0000][1][gc,age       ] GC(165) - age   1:     800184 bytes,     800184 total
[2020-03-27T08:19:59.261+0000][1][gc,age       ] GC(165) - age   2:     822824 bytes,    1623008 total
[2020-03-27T08:19:59.261+0000][1][gc,age       ] GC(165) - age   3:     983624 bytes,    2606632 total
[2020-03-27T08:19:59.261+0000][1][gc,heap      ] GC(165) ParNew: 143755K->4457K(153344K)
[2020-03-27T08:19:59.262+0000][1][gc,heap      ] GC(165) CMS: 201857K->201857K(353920K)
[2020-03-27T08:19:59.262+0000][1][gc,metaspace ] GC(165) Metaspace: 97832K->97832K(1138688K)
[2020-03-27T08:19:59.263+0000][1][gc           ] GC(165) Pause Young (Allocation Failure) 337M->201M(495M) 7.150ms
[2020-03-27T08:19:59.263+0000][1][gc,cpu       ] GC(165) User=0.01s Sys=0.00s Real=0.00s
[2020-03-27T08:19:59.263+0000][1][safepoint    ] Safepoint "GenCollectForAllocation", Time since last: 52227705 ns, Reaching safepoint: 113300 ns, At safepoint: 7876200 ns, Total: 7989500 ns
[2020-03-27T08:20:00.264+0000][1][safepoint    ] Safepoint "Cleanup", Time since last: 1000763382 ns, Reaching safepoint: 109200 ns, At safepoint: 21000 ns, Total: 130200 ns
[2020-03-27T08:20:01.266+0000][1][safepoint    ] Safepoint "Cleanup", Time since last: 1000927582 ns, Reaching safepoint: 525100 ns, At safepoint: 74500 ns, Total: 599600 ns
[2020-03-27T08:20:01.882+0000][1][safepoint    ] Safepoint "RevokeBias", Time since last: 616275350 ns, Reaching safepoint: 251900 ns, At safepoint: 19800 ns, Total: 271700 ns
[2020-03-27T08:20:02.312+0000][1][safepoint    ] Safepoint "RevokeBias", Time since last: 428999435 ns, Reaching safepoint: 105400 ns, At safepoint: 32300 ns, Total: 137700 ns
[2020-03-27T08:20:02.312+0000][1][safepoint    ] Safepoint "RevokeBias", Time since last: 571300 ns, Reaching safepoint: 64100 ns, At safepoint: 13600 ns, Total: 77700 ns
[2020-03-27T08:20:02.314+0000][1][safepoint    ] Safepoint "RevokeBias", Time since last: 1582900 ns, Reaching safepoint: 64300 ns, At safepoint: 20900 ns, Total: 85200 ns
[2020-03-27T08:20:02.315+0000][1][safepoint    ] Safepoint "RevokeBias", Time since last: 1198800 ns, Reaching safepoint: 141900 ns, At safepoint: 22400 ns, Total: 164300 ns
[2020-03-27T08:20:02.357+0000][1][safepoint    ] Safepoint "RevokeBias", Time since last: 41393804 ns, Reaching safepoint: 119200 ns, At safepoint: 19300 ns, Total: 138500 ns
[2020-03-27T08:20:03.358+0000][1][safepoint    ] Safepoint "Cleanup", Time since last: 1000829481 ns, Reaching safepoint: 329701 ns, At safepoint: 111500 ns, Total: 441201 ns
[2020-03-27T08:20:04.360+0000][1][safepoint    ] Safepoint "Cleanup", Time since last: 1001918381 ns, Reaching safepoint: 318800 ns, At safepoint: 86800 ns, Total: 405600 ns
[2020-03-27T08:20:05.363+0000][1][safepoint    ] Safepoint "Cleanup", Time since last: 1002449632 ns, Reaching safepoint: 102200 ns, At safepoint: 17900 ns, Total: 120100 ns
[2020-03-27T08:20:06.364+0000][1][safepoint    ] Safepoint "Cleanup", Time since last: 1000780622 ns, Reaching safepoint: 321900 ns, At safepoint: 80500 ns, Total: 402400 ns
[2020-03-27T08:20:07.367+0000][1][safepoint    ] Safepoint "Cleanup", Time since last: 1002191923 ns, Reaching safepoint: 405800 ns, At safepoint: 85400 ns, Total: 491200 ns
[2020-03-27T08:20:08.090+0000][1][safepoint    ] Safepoint "RevokeBias", Time since last: 722933716 ns, Reaching safepoint: 107800 ns, At safepoint: 21800 ns, Total: 129600 ns
[2020-03-27T08:20:08.315+0000][1][safepoint    ] Safepoint "RevokeBias", Time since last: 225515305 ns, Reaching safepoint: 121100 ns, At safepoint: 19300 ns, Total: 140400 ns
[2020-03-27T08:20:08.317+0000][1][safepoint    ] Safepoint "RevokeBias", Time since last: 1414200 ns, Reaching safepoint: 72600 ns, At safepoint: 13400 ns, Total: 86000 ns
[2020-03-27T08:20:08.318+0000][1][safepoint    ] Safepoint "RevokeBias", Time since last: 1170600 ns, Reaching safepoint: 63300 ns, At safepoint: 23000 ns, Total: 86300 ns
[2020-03-27T08:20:08.320+0000][1][safepoint    ] Safepoint "RevokeBias", Time since last: 1127300 ns, Reaching safepoint: 218600 ns, At safepoint: 12500 ns, Total: 231100 ns
[2020-03-27T08:20:08.371+0000][1][safepoint    ] Safepoint "RevokeBias", Time since last: 51178402 ns, Reaching safepoint: 112300 ns, At safepoint: 18800 ns, Total: 131100 ns
[2020-03-27T08:20:09.372+0000][1][safepoint    ] Safepoint "Cleanup", Time since last: 1000703722 ns, Reaching safepoint: 393200 ns, At safepoint: 38500 ns, Total: 431700 ns
[2020-03-27T08:20:10.375+0000][1][safepoint    ] Safepoint "Cleanup", Time since last: 1002782323 ns, Reaching safepoint: 325800 ns, At safepoint: 76200 ns, Total: 402000 ns
[2020-03-27T08:20:10.876+0000][1][gc,start     ] GC(166) Pause Young (Allocation Failure)
[2020-03-27T08:20:10.877+0000][1][gc,task      ] GC(166) Using 2 workers of 2 for evacuation
[2020-03-27T08:20:10.884+0000][1][gc,age       ] GC(166) Desired survivor size 8716288 bytes, new threshold 6 (max threshold 6)
[2020-03-27T08:20:10.885+0000][1][gc,age       ] GC(166) Age table with threshold 6 (max threshold 6)
[2020-03-27T08:20:10.886+0000][1][gc,age       ] GC(166) - age   1:    1143600 bytes,    1143600 total
[2020-03-27T08:20:10.886+0000][1][gc,age       ] GC(166) - age   2:     462600 bytes,    1606200 total
[2020-03-27T08:20:10.886+0000][1][gc,age       ] GC(166) - age   3:     480792 bytes,    2086992 total
[2020-03-27T08:20:10.887+0000][1][gc,age       ] GC(166) - age   4:     982808 bytes,    3069800 total
[2020-03-27T08:20:10.887+0000][1][gc,heap      ] GC(166) ParNew: 140777K->3103K(153344K)
[2020-03-27T08:20:10.888+0000][1][gc,heap      ] GC(166) CMS: 201857K->201857K(353920K)
[2020-03-27T08:20:10.889+0000][1][gc,metaspace ] GC(166) Metaspace: 97835K->97835K(1138688K)
[2020-03-27T08:20:10.889+0000][1][gc           ] GC(166) Pause Young (Allocation Failure) 334M->200M(495M) 12.683ms
[2020-03-27T08:20:10.890+0000][1][gc,cpu       ] GC(166) User=0.00s Sys=0.00s Real=0.01s
[2020-03-27T08:20:10.890+0000][1][safepoint    ] Safepoint "GenCollectForAllocation", Time since last: 500887911 ns, Reaching safepoint: 145600 ns, At safepoint: 13850601 ns, Total: 13996201 ns
[2020-03-27T08:20:11.894+0000][1][safepoint    ] Safepoint "Cleanup", Time since last: 1000514222 ns, Reaching safepoint: 3083100 ns, At safepoint: 25200 ns, Total: 3108300 ns
[2020-03-27T08:20:11.906+0000][1][safepoint    ] Safepoint "RevokeBias", Time since last: 11889500 ns, Reaching safepoint: 176301 ns, At safepoint: 70400 ns, Total: 246701 ns
[2020-03-27T08:20:12.457+0000][1][safepoint    ] Safepoint "RevokeBias", Time since last: 550956912 ns, Reaching safepoint: 121800 ns, At safepoint: 16000 ns, Total: 137800 ns
[2020-03-27T08:20:12.458+0000][1][safepoint    ] Safepoint "BulkRevokeBias", Time since last: 413800 ns, Reaching safepoint: 109000 ns, At safepoint: 426100 ns, Total: 535100 ns
[2020-03-27T08:20:12.460+0000][1][safepoint    ] Safepoint "RevokeBias", Time since last: 1577700 ns, Reaching safepoint: 266100 ns, At safepoint: 21500 ns, Total: 287600 ns
[2020-03-27T08:20:12.461+0000][1][safepoint    ] Safepoint "BulkRevokeBias", Time since last: 1121000 ns, Reaching safepoint: 70500 ns, At safepoint: 404600 ns, Total: 475100 ns
[2020-03-27T08:20:12.502+0000][1][safepoint    ] Safepoint "RevokeBias", Time since last: 40644401 ns, Reaching safepoint: 104100 ns, At safepoint: 15900 ns, Total: 120000 ns
[2020-03-27T08:20:13.503+0000][1][safepoint    ] Safepoint "Cleanup", Time since last: 1000842805 ns, Reaching safepoint: 424300 ns, At safepoint: 36500 ns, Total: 460800 ns
[2020-03-27T08:20:14.507+0000][1][safepoint    ] Safepoint "Cleanup", Time since last: 1002301504 ns, Reaching safepoint: 917400 ns, At safepoint: 323500 ns, Total: 1240900 ns
[2020-03-27T08:20:15.510+0000][1][safepoint    ] Safepoint "Cleanup", Time since last: 1001968905 ns, Reaching safepoint: 968900 ns, At safepoint: 39300 ns, Total: 1008200 ns
[2020-03-27T08:20:16.513+0000][1][safepoint    ] Safepoint "Cleanup", Time since last: 1002337604 ns, Reaching safepoint: 409600 ns, At safepoint: 109300 ns, Total: 518900 ns
[2020-03-27T08:20:17.515+0000][1][safepoint    ] Safepoint "Cleanup", Time since last: 1002198704 ns, Reaching safepoint: 323400 ns, At safepoint: 121200 ns, Total: 444600 ns
[2020-03-27T08:20:18.116+0000][1][safepoint    ] Safepoint "BulkRevokeBias", Time since last: 599577603 ns, Reaching safepoint: 90800 ns, At safepoint: 426400 ns, Total: 517200 ns
[2020-03-27T08:20:19.117+0000][1][safepoint    ] Safepoint "Cleanup", Time since last: 1000924604 ns, Reaching safepoint: 406700 ns, At safepoint: 78000 ns, Total: 484700 ns
[2020-03-27T08:20:20.120+0000][1][safepoint    ] Safepoint "Cleanup", Time since last: 1002074405 ns, Reaching safepoint: 375800 ns, At safepoint: 182200 ns, Total: 558000 ns
[2020-03-27T08:20:21.122+0000][1][safepoint    ] Safepoint "Cleanup", Time since last: 1002090906 ns, Reaching safepoint: 373700 ns, At safepoint: 83600 ns, Total: 457300 ns
[2020-03-27T08:20:21.899+0000][1][safepoint    ] Safepoint "RevokeBias", Time since last: 776966907 ns, Reaching safepoint: 191100 ns, At safepoint: 59100 ns, Total: 250200 ns
[2020-03-27T08:20:22.901+0000][1][safepoint    ] Safepoint "Cleanup", Time since last: 1001175808 ns, Reaching safepoint: 321500 ns, At safepoint: 125700 ns, Total: 447200 ns
[2020-03-27T08:20:23.904+0000][1][safepoint    ] Safepoint "Cleanup", Time since last: 1001873108 ns, Reaching safepoint: 497200 ns, At safepoint: 133600 ns, Total: 630800 ns
[2020-03-27T08:20:24.906+0000][1][safepoint    ] Safepoint "Cleanup", Time since last: 1002085708 ns, Reaching safepoint: 159700 ns, At safepoint: 36300 ns, Total: 196000 ns
[2020-03-27T08:20:25.907+0000][1][safepoint    ] Safepoint "Cleanup", Time since last: 1001072309 ns, Reaching safepoint: 498600 ns, At safepoint: 84000 ns, Total: 582600 ns
[2020-03-27T08:20:26.910+0000][1][safepoint    ] Safepoint "Cleanup", Time since last: 1002203608 ns, Reaching safepoint: 107900 ns, At safepoint: 15200 ns, Total: 123100 ns
[2020-03-27T08:20:27.911+0000][1][safepoint    ] Safepoint "Cleanup", Time since last: 1000811508 ns, Reaching safepoint: 318100 ns, At safepoint: 81100 ns, Total: 399200 ns
[2020-03-27T08:20:28.130+0000][1][gc,start     ] GC(167) Pause Young (Allocation Failure)
[2020-03-27T08:20:28.131+0000][1][gc,task      ] GC(167) Using 2 workers of 2 for evacuation
[2020-03-27T08:20:28.142+0000][1][gc,age       ] GC(167) Desired survivor size 8716288 bytes, new threshold 1 (max threshold 6)
[2020-03-27T08:20:28.143+0000][1][gc,age       ] GC(167) Age table with threshold 1 (max threshold 6)
[2020-03-27T08:20:28.143+0000][1][gc,age       ] GC(167) - age   1:   13718624 bytes,   13718624 total
[2020-03-27T08:20:28.144+0000][1][gc,age       ] GC(167) - age   2:    1109392 bytes,   14828016 total
[2020-03-27T08:20:28.144+0000][1][gc,age       ] GC(167) - age   3:     461800 bytes,   15289816 total
[2020-03-27T08:20:28.145+0000][1][gc,age       ] GC(167) - age   4:     479304 bytes,   15769120 total
[2020-03-27T08:20:28.145+0000][1][gc,age       ] GC(167) - age   5:     979256 bytes,   16748376 total
[2020-03-27T08:20:28.146+0000][1][gc,heap      ] GC(167) ParNew: 139423K->16593K(153344K)
[2020-03-27T08:20:28.146+0000][1][gc,heap      ] GC(167) CMS: 201857K->201857K(353920K)
[2020-03-27T08:20:28.147+0000][1][gc,metaspace ] GC(167) Metaspace: 97843K->97843K(1138688K)
[2020-03-27T08:20:28.147+0000][1][gc           ] GC(167) Pause Young (Allocation Failure) 333M->213M(495M) 16.824ms
[2020-03-27T08:20:28.148+0000][1][gc,cpu       ] GC(167) User=0.01s Sys=0.01s Real=0.02s
[2020-03-27T08:20:28.148+0000][1][safepoint    ] Safepoint "GenCollectForAllocation", Time since last: 219353702 ns, Reaching safepoint: 137600 ns, At safepoint: 17644400 ns, Total: 17782000 ns
[2020-03-27T08:20:28.173+0000][1][safepoint    ] Safepoint "RevokeBias", Time since last: 24352500 ns, Reaching safepoint: 102700 ns, At safepoint: 24100 ns, Total: 126800 ns
[2020-03-27T08:20:29.174+0000][1][safepoint    ] Safepoint "Cleanup", Time since last: 1000963507 ns, Reaching safepoint: 192300 ns, At safepoint: 44300 ns, Total: 236600 ns
[2020-03-27T08:20:30.176+0000][1][safepoint    ] Safepoint "Cleanup", Time since last: 1001316306 ns, Reaching safepoint: 367800 ns, At safepoint: 172000 ns, Total: 539800 ns
[2020-03-27T08:20:31.179+0000][1][safepoint    ] Safepoint "Cleanup", Time since last: 1002436007 ns, Reaching safepoint: 422300 ns, At safepoint: 139800 ns, Total: 562100 ns
[2020-03-27T08:20:31.900+0000][1][safepoint    ] Safepoint "RevokeBias", Time since last: 720490304 ns, Reaching safepoint: 336500 ns, At safepoint: 77700 ns, Total: 414200 ns
[2020-03-27T08:20:32.901+0000][1][safepoint    ] Safepoint "Cleanup", Time since last: 1000538307 ns, Reaching safepoint: 660800 ns, At safepoint: 103700 ns, Total: 764500 ns
[2020-03-27T08:20:33.903+0000][1][safepoint    ] Safepoint "Cleanup", Time since last: 1001725306 ns, Reaching safepoint: 377800 ns, At safepoint: 80400 ns, Total: 458200 ns
[2020-03-27T08:20:34.905+0000][1][safepoint    ] Safepoint "Cleanup", Time since last: 1002091506 ns, Reaching safepoint: 94800 ns, At safepoint: 17600 ns, Total: 112400 ns
[2020-03-27T08:20:35.906+0000][1][safepoint    ] Safepoint "Cleanup", Time since last: 1000747707 ns, Reaching safepoint: 318800 ns, At safepoint: 87000 ns, Total: 405800 ns
[2020-03-27T08:20:36.909+0000][1][safepoint    ] Safepoint "Cleanup", Time since last: 1002071506 ns, Reaching safepoint: 149000 ns, At safepoint: 5900 ns, Total: 154900 ns
[2020-03-27T08:20:37.910+0000][1][safepoint    ] Safepoint "Cleanup", Time since last: 1001027707 ns, Reaching safepoint: 96000 ns, At safepoint: 19200 ns, Total: 115200 ns
[2020-03-27T08:20:38.082+0000][1][safepoint    ] Safepoint "RevokeBias", Time since last: 171903901 ns, Reaching safepoint: 95600 ns, At safepoint: 25200 ns, Total: 120800 ns
[2020-03-27T08:20:39.083+0000][1][safepoint    ] Safepoint "Cleanup", Time since last: 1001048506 ns, Reaching safepoint: 318500 ns, At safepoint: 84100 ns, Total: 402600 ns
[2020-03-27T08:20:40.086+0000][1][safepoint    ] Safepoint "Cleanup", Time since last: 1002142407 ns, Reaching safepoint: 456800 ns, At safepoint: 81700 ns, Total: 538500 ns
[2020-03-27T08:20:41.088+0000][1][safepoint    ] Safepoint "Cleanup", Time since last: 1002055507 ns, Reaching safepoint: 371600 ns, At safepoint: 88300 ns, Total: 459900 ns
[2020-03-27T08:20:41.905+0000][1][safepoint    ] Safepoint "RevokeBias", Time since last: 815833805 ns, Reaching safepoint: 210700 ns, At safepoint: 52500 ns, Total: 263200 ns
[2020-03-27T08:20:42.906+0000][1][safepoint    ] Safepoint "Cleanup", Time since last: 1000774607 ns, Reaching safepoint: 482700 ns, At safepoint: 89500 ns, Total: 572200 ns
[2020-03-27T08:20:43.496+0000][1][safepoint    ] Safepoint "RevokeBias", Time since last: 589919904 ns, Reaching safepoint: 156800 ns, At safepoint: 17300 ns, Total: 174100 ns
[2020-03-27T08:20:43.497+0000][1][safepoint    ] Safepoint "RevokeBias", Time since last: 685400 ns, Reaching safepoint: 162200 ns, At safepoint: 22900 ns, Total: 185100 ns
[2020-03-27T08:20:43.497+0000][1][safepoint    ] Safepoint "RevokeBias", Time since last: 308300 ns, Reaching safepoint: 51200 ns, At safepoint: 20100 ns, Total: 71300 ns
[2020-03-27T08:20:43.498+0000][1][safepoint    ] Safepoint "RevokeBias", Time since last: 1052900 ns, Reaching safepoint: 60800 ns, At safepoint: 19900 ns, Total: 80700 ns
[2020-03-27T08:20:43.499+0000][1][safepoint    ] Safepoint "RevokeBias", Time since last: 603300 ns, Reaching safepoint: 84700 ns, At safepoint: 20100 ns, Total: 104800 ns
[2020-03-27T08:20:43.544+0000][1][safepoint    ] Safepoint "RevokeBias", Time since last: 45039100 ns, Reaching safepoint: 125700 ns, At safepoint: 19000 ns, Total: 144700 ns
[2020-03-27T08:20:43.626+0000][1][safepoint    ] Safepoint "RevokeBias", Time since last: 78629700 ns, Reaching safepoint: 2355800 ns, At safepoint: 256400 ns, Total: 2612200 ns
[2020-03-27T08:20:43.629+0000][1][safepoint    ] Safepoint "RevokeBias", Time since last: 2343300 ns, Reaching safepoint: 668500 ns, At safepoint: 155500 ns, Total: 824000 ns
[2020-03-27T08:20:43.648+0000][1][gc,start     ] GC(168) Pause Young (Allocation Failure)
[2020-03-27T08:20:43.648+0000][1][gc,task      ] GC(168) Using 2 workers of 2 for evacuation
[2020-03-27T08:20:43.732+0000][1][gc,age       ] GC(168) Desired survivor size 8716288 bytes, new threshold 6 (max threshold 6)
[2020-03-27T08:20:43.732+0000][1][gc,age       ] GC(168) Age table with threshold 6 (max threshold 6)
[2020-03-27T08:20:43.733+0000][1][gc,age       ] GC(168) - age   1:    2400568 bytes,    2400568 total
[2020-03-27T08:20:43.733+0000][1][gc,heap      ] GC(168) ParNew: 152913K->12934K(153344K)
[2020-03-27T08:20:43.734+0000][1][gc,heap      ] GC(168) CMS: 201857K->207094K(353920K)
[2020-03-27T08:20:43.734+0000][1][gc,metaspace ] GC(168) Metaspace: 97853K->97853K(1138688K)
[2020-03-27T08:20:43.734+0000][1][gc           ] GC(168) Pause Young (Allocation Failure) 346M->214M(495M) 86.888ms
[2020-03-27T08:20:43.735+0000][1][gc,cpu       ] GC(168) User=0.02s Sys=0.02s Real=0.08s
[2020-03-27T08:20:43.735+0000][1][safepoint    ] Safepoint "GenCollectForAllocation", Time since last: 18284601 ns, Reaching safepoint: 552100 ns, At safepoint: 87800700 ns, Total: 88352800 ns
[2020-03-27T08:20:43.756+0000][1][safepoint    ] Safepoint "RevokeBias", Time since last: 20615600 ns, Reaching safepoint: 235800 ns, At safepoint: 155400 ns, Total: 391200 ns
[2020-03-27T08:20:43.758+0000][1][safepoint    ] Safepoint "RevokeBias", Time since last: 884900 ns, Reaching safepoint: 139400 ns, At safepoint: 198200 ns, Total: 337600 ns
[2020-03-27T08:20:43.760+0000][1][safepoint    ] Safepoint "RevokeBias", Time since last: 2388700 ns, Reaching safepoint: 108500 ns, At safepoint: 20400 ns, Total: 128900 ns
[2020-03-27T08:20:43.761+0000][1][safepoint    ] Safepoint "RevokeBias", Time since last: 1096600 ns, Reaching safepoint: 144700 ns, At safepoint: 53200 ns, Total: 197900 ns
[2020-03-27T08:20:43.801+0000][1][safepoint    ] Safepoint "RevokeBias", Time since last: 39763901 ns, Reaching safepoint: 290300 ns, At safepoint: 38900 ns, Total: 329200 ns
[2020-03-27T08:20:43.871+0000][1][safepoint    ] Safepoint "RevokeBias", Time since last: 69553300 ns, Reaching safepoint: 160400 ns, At safepoint: 18200 ns, Total: 178600 ns
[2020-03-27T08:20:43.873+0000][1][safepoint    ] Safepoint "RevokeBias", Time since last: 2027400 ns, Reaching safepoint: 109600 ns, At safepoint: 15000 ns, Total: 124600 ns
[2020-03-27T08:20:43.874+0000][1][safepoint    ] Safepoint "RevokeBias", Time since last: 1057600 ns, Reaching safepoint: 85700 ns, At safepoint: 12700 ns, Total: 98400 ns
[2020-03-27T08:20:44.876+0000][1][safepoint    ] Safepoint "Cleanup", Time since last: 1000808205 ns, Reaching safepoint: 410600 ns, At safepoint: 85700 ns, Total: 496300 ns
[2020-03-27T08:20:45.023+0000][1][safepoint    ] Safepoint "RevokeBias", Time since last: 146697900 ns, Reaching safepoint: 144500 ns, At safepoint: 15500 ns, Total: 160000 ns
[2020-03-27T08:20:45.024+0000][1][safepoint    ] Safepoint "RevokeBias", Time since last: 870500 ns, Reaching safepoint: 84300 ns, At safepoint: 23200 ns, Total: 107500 ns
[2020-03-27T08:20:45.025+0000][1][safepoint    ] Safepoint "RevokeBias", Time since last: 1099800 ns, Reaching safepoint: 84300 ns, At safepoint: 12100 ns, Total: 96400 ns
[2020-03-27T08:20:45.026+0000][1][safepoint    ] Safepoint "RevokeBias", Time since last: 1198800 ns, Reaching safepoint: 61500 ns, At safepoint: 22100 ns, Total: 83600 ns
[2020-03-27T08:20:45.074+0000][1][safepoint    ] Safepoint "RevokeBias", Time since last: 48122500 ns, Reaching safepoint: 133500 ns, At safepoint: 20200 ns, Total: 153700 ns
[2020-03-27T08:20:46.076+0000][1][safepoint    ] Safepoint "Cleanup", Time since last: 1000739502 ns, Reaching safepoint: 364900 ns, At safepoint: 123100 ns, Total: 488000 ns
[2020-03-27T08:20:47.079+0000][1][safepoint    ] Safepoint "Cleanup", Time since last: 1002826901 ns, Reaching safepoint: 417700 ns, At safepoint: 24500 ns, Total: 442200 ns
[2020-03-27T08:20:48.081+0000][1][safepoint    ] Safepoint "Cleanup", Time since last: 1002299801 ns, Reaching safepoint: 258200 ns, At safepoint: 20200 ns, Total: 278400 ns
[2020-03-27T08:20:48.112+0000][1][safepoint    ] Safepoint "RevokeBias", Time since last: 30297200 ns, Reaching safepoint: 201100 ns, At safepoint: 16200 ns, Total: 217300 ns
[2020-03-27T08:20:48.659+0000][1][safepoint    ] Safepoint "RevokeBias", Time since last: 547230001 ns, Reaching safepoint: 134300 ns, At safepoint: 30900 ns, Total: 165200 ns
[2020-03-27T08:20:48.661+0000][1][safepoint    ] Safepoint "RevokeBias", Time since last: 1051100 ns, Reaching safepoint: 66100 ns, At safepoint: 80500 ns, Total: 146600 ns
[2020-03-27T08:20:48.662+0000][1][safepoint    ] Safepoint "RevokeBias", Time since last: 1388800 ns, Reaching safepoint: 194000 ns, At safepoint: 13100 ns, Total: 207100 ns
[2020-03-27T08:20:48.663+0000][1][safepoint    ] Safepoint "RevokeBias", Time since last: 714000 ns, Reaching safepoint: 74300 ns, At safepoint: 21500 ns, Total: 95800 ns
[2020-03-27T08:20:48.705+0000][1][safepoint    ] Safepoint "RevokeBias", Time since last: 41668000 ns, Reaching safepoint: 111800 ns, At safepoint: 29000 ns, Total: 140800 ns
[2020-03-27T08:20:48.727+0000][1][gc,start     ] GC(169) Pause Young (Allocation Failure)
[2020-03-27T08:20:48.728+0000][1][gc,task      ] GC(169) Using 2 workers of 2 for evacuation
[2020-03-27T08:20:48.734+0000][1][gc,age       ] GC(169) Desired survivor size 8716288 bytes, new threshold 6 (max threshold 6)
[2020-03-27T08:20:48.735+0000][1][gc,age       ] GC(169) Age table with threshold 6 (max threshold 6)
[2020-03-27T08:20:48.735+0000][1][gc,age       ] GC(169) - age   1:     499280 bytes,     499280 total
[2020-03-27T08:20:48.735+0000][1][gc,age       ] GC(169) - age   2:    1317504 bytes,    1816784 total
[2020-03-27T08:20:48.736+0000][1][gc,heap      ] GC(169) ParNew: 149254K->3673K(153344K)
[2020-03-27T08:20:48.736+0000][1][gc,heap      ] GC(169) CMS: 207094K->207094K(353920K)
[2020-03-27T08:20:48.736+0000][1][gc,metaspace ] GC(169) Metaspace: 97857K->97857K(1138688K)
[2020-03-27T08:20:48.737+0000][1][gc           ] GC(169) Pause Young (Allocation Failure) 347M->205M(495M) 9.114ms
[2020-03-27T08:20:48.737+0000][1][gc,cpu       ] GC(169) User=0.01s Sys=0.00s Real=0.01s
[2020-03-27T08:20:48.737+0000][1][safepoint    ] Safepoint "GenCollectForAllocation", Time since last: 22593300 ns, Reaching safepoint: 101400 ns, At safepoint: 9626900 ns, Total: 9728300 ns
[2020-03-27T08:20:48.771+0000][1][safepoint    ] Safepoint "RevokeBias", Time since last: 33226300 ns, Reaching safepoint: 226100 ns, At safepoint: 39300 ns, Total: 265400 ns
[2020-03-27T08:20:48.974+0000][1][safepoint    ] Safepoint "BulkRevokeBias", Time since last: 202712500 ns, Reaching safepoint: 99000 ns, At safepoint: 414100 ns, Total: 513100 ns
[2020-03-27T08:20:49.776+0000][1][safepoint    ] Safepoint "RevokeBias", Time since last: 802067901 ns, Reaching safepoint: 133300 ns, At safepoint: 16400 ns, Total: 149700 ns
[2020-03-27T08:20:49.780+0000][1][safepoint    ] Safepoint "RevokeBias", Time since last: 3827700 ns, Reaching safepoint: 126600 ns, At safepoint: 6700 ns, Total: 133300 ns
[2020-03-27T08:20:49.783+0000][1][safepoint    ] Safepoint "RevokeBias", Time since last: 3030800 ns, Reaching safepoint: 83900 ns, At safepoint: 5400 ns, Total: 89300 ns
[2020-03-27T08:20:49.784+0000][1][safepoint    ] Safepoint "RevokeBias", Time since last: 809400 ns, Reaching safepoint: 69500 ns, At safepoint: 5200 ns, Total: 74700 ns
[2020-03-27T08:20:49.785+0000][1][safepoint    ] Safepoint "RevokeBias", Time since last: 630000 ns, Reaching safepoint: 51000 ns, At safepoint: 7000 ns, Total: 58000 ns
[2020-03-27T08:20:49.785+0000][1][safepoint    ] Safepoint "RevokeBias", Time since last: 729800 ns, Reaching safepoint: 50100 ns, At safepoint: 27400 ns, Total: 77500 ns
[2020-03-27T08:20:49.786+0000][1][safepoint    ] Safepoint "RevokeBias", Time since last: 731700 ns, Reaching safepoint: 133500 ns, At safepoint: 5400 ns, Total: 138900 ns
[2020-03-27T08:20:49.787+0000][1][safepoint    ] Safepoint "RevokeBias", Time since last: 877800 ns, Reaching safepoint: 48400 ns, At safepoint: 7300 ns, Total: 55700 ns
[2020-03-27T08:20:49.788+0000][1][safepoint    ] Safepoint "RevokeBias", Time since last: 876400 ns, Reaching safepoint: 74100 ns, At safepoint: 15700 ns, Total: 89800 ns
[2020-03-27T08:20:49.790+0000][1][safepoint    ] Safepoint "RevokeBias", Time since last: 1133300 ns, Reaching safepoint: 193400 ns, At safepoint: 8700 ns, Total: 202100 ns
[2020-03-27T08:20:50.791+0000][1][safepoint    ] Safepoint "Cleanup", Time since last: 1000812602 ns, Reaching safepoint: 452900 ns, At safepoint: 82000 ns, Total: 534900 ns
[2020-03-27T08:20:51.793+0000][1][safepoint    ] Safepoint "Cleanup", Time since last: 1001899001 ns, Reaching safepoint: 100700 ns, At safepoint: 17900 ns, Total: 118600 ns
[2020-03-27T08:20:51.917+0000][1][safepoint    ] Safepoint "RevokeBias", Time since last: 123626900 ns, Reaching safepoint: 153000 ns, At safepoint: 30800 ns, Total: 183800 ns
[2020-03-27T08:20:51.935+0000][1][safepoint    ] Safepoint "RevokeBias", Time since last: 18331900 ns, Reaching safepoint: 131600 ns, At safepoint: 22100 ns, Total: 153700 ns
[2020-03-27T08:20:51.936+0000][1][safepoint    ] Safepoint "RevokeBias", Time since last: 510200 ns, Reaching safepoint: 100500 ns, At safepoint: 22700 ns, Total: 123200 ns
[2020-03-27T08:20:51.937+0000][1][safepoint    ] Safepoint "RevokeBias", Time since last: 1235300 ns, Reaching safepoint: 78000 ns, At safepoint: 11700 ns, Total: 89700 ns
[2020-03-27T08:20:51.938+0000][1][safepoint    ] Safepoint "RevokeBias", Time since last: 837000 ns, Reaching safepoint: 229600 ns, At safepoint: 11500 ns, Total: 241100 ns
[2020-03-27T08:20:51.977+0000][1][safepoint    ] Safepoint "RevokeBias", Time since last: 38221200 ns, Reaching safepoint: 124900 ns, At safepoint: 35800 ns, Total: 160700 ns
[2020-03-27T08:20:52.978+0000][1][safepoint    ] Safepoint "Cleanup", Time since last: 1000601693 ns, Reaching safepoint: 472500 ns, At safepoint: 82000 ns, Total: 554500 ns
[2020-03-27T08:20:53.980+0000][1][safepoint    ] Safepoint "Cleanup", Time since last: 1001907376 ns, Reaching safepoint: 363100 ns, At safepoint: 83500 ns, Total: 446600 ns
[2020-03-27T08:20:54.983+0000][1][safepoint    ] Safepoint "Cleanup", Time since last: 1002555877 ns, Reaching safepoint: 325700 ns, At safepoint: 78600 ns, Total: 404300 ns
[2020-03-27T08:20:55.986+0000][1][safepoint    ] Safepoint "Cleanup", Time since last: 1002742876 ns, Reaching safepoint: 324200 ns, At safepoint: 88100 ns, Total: 412300 ns
[2020-03-27T08:20:56.989+0000][1][safepoint    ] Safepoint "Cleanup", Time since last: 1002021277 ns, Reaching safepoint: 407500 ns, At safepoint: 81400 ns, Total: 488900 ns
[2020-03-27T08:20:57.992+0000][1][safepoint    ] Safepoint "Cleanup", Time since last: 1002500276 ns, Reaching safepoint: 508400 ns, At safepoint: 75500 ns, Total: 583900 ns
[2020-03-27T08:20:58.082+0000][1][gc,start     ] GC(170) Pause Young (Allocation Failure)
[2020-03-27T08:20:58.082+0000][1][gc,task      ] GC(170) Using 2 workers of 2 for evacuation
[2020-03-27T08:20:58.087+0000][1][gc,age       ] GC(170) Desired survivor size 8716288 bytes, new threshold 6 (max threshold 6)
[2020-03-27T08:20:58.087+0000][1][gc,age       ] GC(170) Age table with threshold 6 (max threshold 6)
[2020-03-27T08:20:58.088+0000][1][gc,age       ] GC(170) - age   1:     648624 bytes,     648624 total
[2020-03-27T08:20:58.088+0000][1][gc,age       ] GC(170) - age   2:     420264 bytes,    1068888 total
[2020-03-27T08:20:58.089+0000][1][gc,age       ] GC(170) - age   3:     111368 bytes,    1180256 total
[2020-03-27T08:20:58.089+0000][1][gc,heap      ] GC(170) ParNew: 139993K->2375K(153344K)
[2020-03-27T08:20:58.090+0000][1][gc,heap      ] GC(170) CMS: 207094K->207094K(353920K)
[2020-03-27T08:20:58.090+0000][1][gc,metaspace ] GC(170) Metaspace: 97859K->97859K(1138688K)
[2020-03-27T08:20:58.090+0000][1][gc           ] GC(170) Pause Young (Allocation Failure) 338M->204M(495M) 8.848ms
[2020-03-27T08:20:58.091+0000][1][gc,cpu       ] GC(170) User=0.01s Sys=0.00s Real=0.01s
[2020-03-27T08:20:58.091+0000][1][safepoint    ] Safepoint "GenCollectForAllocation", Time since last: 89608198 ns, Reaching safepoint: 115100 ns, At safepoint: 9840300 ns, Total: 9955400 ns
[2020-03-27T08:20:58.144+0000][1][safepoint    ] Safepoint "RevokeBias", Time since last: 52093999 ns, Reaching safepoint: 170100 ns, At safepoint: 23500 ns, Total: 193600 ns
[2020-03-27T08:20:58.958+0000][1][safepoint    ] Safepoint "RevokeBias", Time since last: 814375881 ns, Reaching safepoint: 208000 ns, At safepoint: 26600 ns, Total: 234600 ns
[2020-03-27T08:20:58.959+0000][1][safepoint    ] Safepoint "RevokeBias", Time since last: 951400 ns, Reaching safepoint: 93100 ns, At safepoint: 21800 ns, Total: 114900 ns
[2020-03-27T08:20:58.961+0000][1][safepoint    ] Safepoint "RevokeBias", Time since last: 1262500 ns, Reaching safepoint: 70300 ns, At safepoint: 28100 ns, Total: 98400 ns
[2020-03-27T08:20:58.962+0000][1][safepoint    ] Safepoint "RevokeBias", Time since last: 1158600 ns, Reaching safepoint: 240000 ns, At safepoint: 24600 ns, Total: 264600 ns
[2020-03-27T08:20:59.009+0000][1][safepoint    ] Safepoint "RevokeBias", Time since last: 46182098 ns, Reaching safepoint: 120400 ns, At safepoint: 30500 ns, Total: 150900 ns
[2020-03-27T08:21:00.133+0000][1][safepoint    ] Safepoint "Cleanup", Time since last: 1124155174 ns, Reaching safepoint: 322400 ns, At safepoint: 99900 ns, Total: 422300 ns
[2020-03-27T08:21:01.136+0000][1][safepoint    ] Safepoint "Cleanup", Time since last: 1002520970 ns, Reaching safepoint: 322700 ns, At safepoint: 86900 ns, Total: 409600 ns
[2020-03-27T08:21:01.921+0000][1][safepoint    ] Safepoint "RevokeBias", Time since last: 784862472 ns, Reaching safepoint: 350200 ns, At safepoint: 16200 ns, Total: 366400 ns
[2020-03-27T08:21:02.116+0000][1][safepoint    ] Safepoint "RevokeBias", Time since last: 194364493 ns, Reaching safepoint: 97100 ns, At safepoint: 17600 ns, Total: 114700 ns
[2020-03-27T08:21:02.117+0000][1][safepoint    ] Safepoint "RevokeBias", Time since last: 912000 ns, Reaching safepoint: 64500 ns, At safepoint: 13400 ns, Total: 77900 ns
[2020-03-27T08:21:02.119+0000][1][safepoint    ] Safepoint "RevokeBias", Time since last: 1811400 ns, Reaching safepoint: 65000 ns, At safepoint: 13600 ns, Total: 78600 ns
[2020-03-27T08:21:02.120+0000][1][safepoint    ] Safepoint "RevokeBias", Time since last: 857000 ns, Reaching safepoint: 78400 ns, At safepoint: 11700 ns, Total: 90100 ns
[2020-03-27T08:21:02.160+0000][1][safepoint    ] Safepoint "RevokeBias", Time since last: 39919898 ns, Reaching safepoint: 125700 ns, At safepoint: 18700 ns, Total: 144400 ns
[2020-03-27T08:21:02.167+0000][1][gc,start     ] GC(171) Pause Young (Allocation Failure)
[2020-03-27T08:21:02.168+0000][1][gc,task      ] GC(171) Using 2 workers of 2 for evacuation
[2020-03-27T08:21:02.173+0000][1][gc,age       ] GC(171) Desired survivor size 8716288 bytes, new threshold 6 (max threshold 6)
[2020-03-27T08:21:02.173+0000][1][gc,age       ] GC(171) Age table with threshold 6 (max threshold 6)
[2020-03-27T08:21:02.174+0000][1][gc,age       ] GC(171) - age   1:     490496 bytes,     490496 total
[2020-03-27T08:21:02.174+0000][1][gc,age       ] GC(171) - age   2:     569216 bytes,    1059712 total
[2020-03-27T08:21:02.174+0000][1][gc,age       ] GC(171) - age   3:     413544 bytes,    1473256 total
[2020-03-27T08:21:02.175+0000][1][gc,age       ] GC(171) - age   4:     111240 bytes,    1584496 total
[2020-03-27T08:21:02.175+0000][1][gc,heap      ] GC(171) ParNew: 138695K->1656K(153344K)
[2020-03-27T08:21:02.175+0000][1][gc,heap      ] GC(171) CMS: 207094K->207094K(353920K)
[2020-03-27T08:21:02.176+0000][1][gc,metaspace ] GC(171) Metaspace: 97865K->97865K(1138688K)
[2020-03-27T08:21:02.176+0000][1][gc           ] GC(171) Pause Young (Allocation Failure) 337M->203M(495M) 8.646ms
[2020-03-27T08:21:02.176+0000][1][gc,cpu       ] GC(171) User=0.01s Sys=0.00s Real=0.01s
[2020-03-27T08:21:02.176+0000][1][safepoint    ] Safepoint "GenCollectForAllocation", Time since last: 7311700 ns, Reaching safepoint: 197800 ns, At safepoint: 9254800 ns, Total: 9452600 ns
[2020-03-27T08:21:03.177+0000][1][safepoint    ] Safepoint "Cleanup", Time since last: 1000577864 ns, Reaching safepoint: 373400 ns, At safepoint: 84400 ns, Total: 457800 ns
[2020-03-27T08:21:04.180+0000][1][safepoint    ] Safepoint "Cleanup", Time since last: 1002561364 ns, Reaching safepoint: 325500 ns, At safepoint: 91000 ns, Total: 416500 ns
[2020-03-27T08:21:05.183+0000][1][safepoint    ] Safepoint "Cleanup", Time since last: 1002224964 ns, Reaching safepoint: 324500 ns, At safepoint: 84600 ns, Total: 409100 ns
[2020-03-27T08:21:06.185+0000][1][safepoint    ] Safepoint "Cleanup", Time since last: 1002090964 ns, Reaching safepoint: 130900 ns, At safepoint: 17500 ns, Total: 148400 ns
[2020-03-27T08:21:07.186+0000][1][safepoint    ] Safepoint "Cleanup", Time since last: 1000796964 ns, Reaching safepoint: 320900 ns, At safepoint: 82500 ns, Total: 403400 ns
[2020-03-27T08:21:08.091+0000][1][safepoint    ] Safepoint "RevokeBias", Time since last: 904747667 ns, Reaching safepoint: 97000 ns, At safepoint: 25800 ns, Total: 122800 ns
[2020-03-27T08:21:09.093+0000][1][safepoint    ] Safepoint "Cleanup", Time since last: 1000735070 ns, Reaching safepoint: 336200 ns, At safepoint: 158800 ns, Total: 495000 ns
[2020-03-27T08:21:09.125+0000][1][safepoint    ] Safepoint "RevokeBias", Time since last: 31957299 ns, Reaching safepoint: 236700 ns, At safepoint: 32300 ns, Total: 269000 ns
[2020-03-27T08:21:09.126+0000][1][safepoint    ] Safepoint "RevokeBias", Time since last: 896200 ns, Reaching safepoint: 66100 ns, At safepoint: 22500 ns, Total: 88600 ns
[2020-03-27T08:21:09.127+0000][1][safepoint    ] Safepoint "RevokeBias", Time since last: 1263700 ns, Reaching safepoint: 58900 ns, At safepoint: 13600 ns, Total: 72500 ns
[2020-03-27T08:21:09.128+0000][1][safepoint    ] Safepoint "RevokeBias", Time since last: 868700 ns, Reaching safepoint: 201200 ns, At safepoint: 27700 ns, Total: 228900 ns
[2020-03-27T08:21:09.174+0000][1][safepoint    ] Safepoint "RevokeBias", Time since last: 45483999 ns, Reaching safepoint: 111900 ns, At safepoint: 30300 ns, Total: 142200 ns
[2020-03-27T08:21:10.175+0000][1][safepoint    ] Safepoint "Cleanup", Time since last: 1000850877 ns, Reaching safepoint: 154300 ns, At safepoint: 28700 ns, Total: 183000 ns
[2020-03-27T08:21:11.176+0000][1][safepoint    ] Safepoint "Cleanup", Time since last: 1001130078 ns, Reaching safepoint: 354700 ns, At safepoint: 91800 ns, Total: 446500 ns
[2020-03-27T08:21:11.948+0000][1][safepoint    ] Safepoint "RevokeBias", Time since last: 771553882 ns, Reaching safepoint: 106300 ns, At safepoint: 28500 ns, Total: 134800 ns
[2020-03-27T08:21:12.239+0000][1][gc,start     ] GC(172) Pause Young (Allocation Failure)
[2020-03-27T08:21:12.239+0000][1][gc,task      ] GC(172) Using 2 workers of 2 for evacuation
[2020-03-27T08:21:12.247+0000][1][gc,age       ] GC(172) Desired survivor size 8716288 bytes, new threshold 6 (max threshold 6)
[2020-03-27T08:21:12.248+0000][1][gc,age       ] GC(172) Age table with threshold 6 (max threshold 6)
[2020-03-27T08:21:12.248+0000][1][gc,age       ] GC(172) - age   1:    4317360 bytes,    4317360 total
[2020-03-27T08:21:12.249+0000][1][gc,age       ] GC(172) - age   2:     358440 bytes,    4675800 total
[2020-03-27T08:21:12.249+0000][1][gc,age       ] GC(172) - age   3:     559896 bytes,    5235696 total
[2020-03-27T08:21:12.250+0000][1][gc,age       ] GC(172) - age   4:     412904 bytes,    5648600 total
[2020-03-27T08:21:12.250+0000][1][gc,age       ] GC(172) - age   5:     105240 bytes,    5753840 total
[2020-03-27T08:21:12.250+0000][1][gc,heap      ] GC(172) ParNew: 137976K->6153K(153344K)
[2020-03-27T08:21:12.251+0000][1][gc,heap      ] GC(172) CMS: 207094K->207094K(353920K)
[2020-03-27T08:21:12.251+0000][1][gc,metaspace ] GC(172) Metaspace: 97883K->97883K(1140736K)
[2020-03-27T08:21:12.251+0000][1][gc           ] GC(172) Pause Young (Allocation Failure) 336M->208M(495M) 12.331ms
[2020-03-27T08:21:12.252+0000][1][gc,cpu       ] GC(172) User=0.00s Sys=0.00s Real=0.01s
[2020-03-27T08:21:12.252+0000][1][safepoint    ] Safepoint "GenCollectForAllocation", Time since last: 290672894 ns, Reaching safepoint: 122300 ns, At safepoint: 13223699 ns, Total: 13345999 ns
[2020-03-27T08:21:12.263+0000][1][safepoint    ] Safepoint "RevokeBias", Time since last: 10296200 ns, Reaching safepoint: 131900 ns, At safepoint: 21500 ns, Total: 153400 ns
[2020-03-27T08:21:12.264+0000][1][safepoint    ] Safepoint "BulkRevokeBias", Time since last: 829600 ns, Reaching safepoint: 189800 ns, At safepoint: 427400 ns, Total: 617200 ns
[2020-03-27T08:21:12.266+0000][1][safepoint    ] Safepoint "RevokeBias", Time since last: 1337100 ns, Reaching safepoint: 95300 ns, At safepoint: 30400 ns, Total: 125700 ns
[2020-03-27T08:21:12.267+0000][1][safepoint    ] Safepoint "BulkRevokeBias", Time since last: 1070700 ns, Reaching safepoint: 88500 ns, At safepoint: 653200 ns, Total: 741700 ns
[2020-03-27T08:21:12.318+0000][1][safepoint    ] Safepoint "BulkRevokeBias", Time since last: 50389399 ns, Reaching safepoint: 158900 ns, At safepoint: 538900 ns, Total: 697800 ns
[2020-03-27T08:21:12.341+0000][1][safepoint    ] Safepoint "BulkRevokeBias", Time since last: 21483400 ns, Reaching safepoint: 137700 ns, At safepoint: 477199 ns, Total: 614899 ns
[2020-03-27T08:21:12.348+0000][1][safepoint    ] Safepoint "RevokeBias", Time since last: 7079400 ns, Reaching safepoint: 177300 ns, At safepoint: 34500 ns, Total: 211800 ns
[2020-03-27T08:21:12.349+0000][1][safepoint    ] Safepoint "RevokeBias", Time since last: 1064200 ns, Reaching safepoint: 147000 ns, At safepoint: 24200 ns, Total: 171200 ns
[2020-03-27T08:21:12.354+0000][1][safepoint    ] Safepoint "RevokeBias", Time since last: 4893900 ns, Reaching safepoint: 101700 ns, At safepoint: 21200 ns, Total: 122900 ns
[2020-03-27T08:21:13.351+0000][1][safepoint    ] Safepoint "RevokeBias", Time since last: 996019178 ns, Reaching safepoint: 324100 ns, At safepoint: 203500 ns, Total: 527600 ns
[2020-03-27T08:21:13.371+0000][1][safepoint    ] Safepoint "RevokeBias", Time since last: 20215799 ns, Reaching safepoint: 95500 ns, At safepoint: 49400 ns, Total: 144900 ns
[2020-03-27T08:21:14.372+0000][1][safepoint    ] Safepoint "Cleanup", Time since last: 1000862278 ns, Reaching safepoint: 126200 ns, At safepoint: 29000 ns, Total: 155200 ns
[2020-03-27T08:21:15.374+0000][1][safepoint    ] Safepoint "Cleanup", Time since last: 1001221177 ns, Reaching safepoint: 409900 ns, At safepoint: 76900 ns, Total: 486800 ns
[2020-03-27T08:21:16.376+0000][1][safepoint    ] Safepoint "Cleanup", Time since last: 1002147777 ns, Reaching safepoint: 96200 ns, At safepoint: 18900 ns, Total: 115100 ns
[2020-03-27T08:21:17.377+0000][1][safepoint    ] Safepoint "Cleanup", Time since last: 1001011485 ns, Reaching safepoint: 369000 ns, At safepoint: 86400 ns, Total: 455400 ns
[2020-03-27T08:21:18.122+0000][1][safepoint    ] Safepoint "RevokeBias", Time since last: 744027791 ns, Reaching safepoint: 103300 ns, At safepoint: 21100 ns, Total: 124400 ns
[2020-03-27T08:21:19.123+0000][1][safepoint    ] Safepoint "Cleanup", Time since last: 1001190488 ns, Reaching safepoint: 319300 ns, At safepoint: 84200 ns, Total: 403500 ns
[2020-03-27T08:21:20.125+0000][1][safepoint    ] Safepoint "Cleanup", Time since last: 1002109988 ns, Reaching safepoint: 101400 ns, At safepoint: 5700 ns, Total: 107100 ns
[2020-03-27T08:21:21.157+0000][1][safepoint    ] Safepoint "Cleanup", Time since last: 1031409588 ns, Reaching safepoint: 107400 ns, At safepoint: 31200 ns, Total: 138600 ns
[2020-03-27T08:21:21.937+0000][1][safepoint    ] Safepoint "RevokeBias", Time since last: 779754491 ns, Reaching safepoint: 150000 ns, At safepoint: 16900 ns, Total: 166900 ns
[2020-03-27T08:21:22.939+0000][1][safepoint    ] Safepoint "Cleanup", Time since last: 1001463088 ns, Reaching safepoint: 443600 ns, At safepoint: 84200 ns, Total: 527800 ns
[2020-03-27T08:21:23.941+0000][1][safepoint    ] Safepoint "Cleanup", Time since last: 1002144188 ns, Reaching safepoint: 323000 ns, At safepoint: 88000 ns, Total: 411000 ns
[2020-03-27T08:21:24.944+0000][1][safepoint    ] Safepoint "Cleanup", Time since last: 1002034090 ns, Reaching safepoint: 454100 ns, At safepoint: 37500 ns, Total: 491600 ns
[2020-03-27T08:21:25.946+0000][1][safepoint    ] Safepoint "Cleanup", Time since last: 1001808397 ns, Reaching safepoint: 328000 ns, At safepoint: 86700 ns, Total: 414700 ns
[2020-03-27T08:21:26.949+0000][1][safepoint    ] Safepoint "Cleanup", Time since last: 1002215197 ns, Reaching safepoint: 426400 ns, At safepoint: 29800 ns, Total: 456200 ns
[2020-03-27T08:21:27.950+0000][1][safepoint    ] Safepoint "Cleanup", Time since last: 1001484197 ns, Reaching safepoint: 115000 ns, At safepoint: 23200 ns, Total: 138200 ns
[2020-03-27T08:21:28.099+0000][1][gc,start     ] GC(173) Pause Young (Allocation Failure)
[2020-03-27T08:21:28.100+0000][1][gc,task      ] GC(173) Using 2 workers of 2 for evacuation
[2020-03-27T08:21:28.108+0000][1][gc,age       ] GC(173) Desired survivor size 8716288 bytes, new threshold 1 (max threshold 6)
[2020-03-27T08:21:28.109+0000][1][gc,age       ] GC(173) Age table with threshold 1 (max threshold 6)
[2020-03-27T08:21:28.109+0000][1][gc,age       ] GC(173) - age   1:   13683056 bytes,   13683056 total
[2020-03-27T08:21:28.110+0000][1][gc,age       ] GC(173) - age   2:     534224 bytes,   14217280 total
[2020-03-27T08:21:28.110+0000][1][gc,age       ] GC(173) - age   3:     354272 bytes,   14571552 total
[2020-03-27T08:21:28.111+0000][1][gc,age       ] GC(173) - age   4:     356640 bytes,   14928192 total
[2020-03-27T08:21:28.111+0000][1][gc,age       ] GC(173) - age   5:     208472 bytes,   15136664 total
[2020-03-27T08:21:28.112+0000][1][gc,age       ] GC(173) - age   6:     105160 bytes,   15241824 total
[2020-03-27T08:21:28.112+0000][1][gc,heap      ] GC(173) ParNew: 142473K->17024K(153344K)
[2020-03-27T08:21:28.113+0000][1][gc,heap      ] GC(173) CMS: 207094K->207094K(353920K)
[2020-03-27T08:21:28.113+0000][1][gc,metaspace ] GC(173) Metaspace: 97891K->97891K(1140736K)
[2020-03-27T08:21:28.113+0000][1][gc           ] GC(173) Pause Young (Allocation Failure) 341M->218M(495M) 13.883ms
[2020-03-27T08:21:28.113+0000][1][gc,cpu       ] GC(173) User=0.01s Sys=0.00s Real=0.01s
[2020-03-27T08:21:28.114+0000][1][safepoint    ] Safepoint "GenCollectForAllocation", Time since last: 148748899 ns, Reaching safepoint: 102800 ns, At safepoint: 14564000 ns, Total: 14666800 ns
[2020-03-27T08:21:28.140+0000][1][safepoint    ] Safepoint "RevokeBias", Time since last: 26385800 ns, Reaching safepoint: 93700 ns, At safepoint: 25200 ns, Total: 118900 ns
[2020-03-27T08:21:29.142+0000][1][safepoint    ] Safepoint "Cleanup", Time since last: 1001120197 ns, Reaching safepoint: 445600 ns, At safepoint: 84300 ns, Total: 529900 ns
[2020-03-27T08:21:30.144+0000][1][safepoint    ] Safepoint "Cleanup", Time since last: 1001824497 ns, Reaching safepoint: 104900 ns, At safepoint: 18600 ns, Total: 123500 ns
[2020-03-27T08:21:31.145+0000][1][safepoint    ] Safepoint "Cleanup", Time since last: 1000685897 ns, Reaching safepoint: 98000 ns, At safepoint: 18500 ns, Total: 116500 ns
[2020-03-27T08:21:31.943+0000][1][safepoint    ] Safepoint "RevokeBias", Time since last: 797847398 ns, Reaching safepoint: 188400 ns, At safepoint: 20400 ns, Total: 208800 ns
[2020-03-27T08:21:32.944+0000][1][safepoint    ] Safepoint "Cleanup", Time since last: 1000867239 ns, Reaching safepoint: 323600 ns, At safepoint: 91000 ns, Total: 414600 ns
[2020-03-27T08:21:33.946+0000][1][safepoint    ] Safepoint "Cleanup", Time since last: 1002175073 ns, Reaching safepoint: 108500 ns, At safepoint: 17400 ns, Total: 125900 ns
[2020-03-27T08:21:34.947+0000][1][safepoint    ] Safepoint "Cleanup", Time since last: 1000745372 ns, Reaching safepoint: 95300 ns, At safepoint: 18600 ns, Total: 113900 ns
[2020-03-27T08:21:35.948+0000][1][safepoint    ] Safepoint "Cleanup", Time since last: 1000831672 ns, Reaching safepoint: 93000 ns, At safepoint: 16400 ns, Total: 109400 ns
[2020-03-27T08:21:36.950+0000][1][safepoint    ] Safepoint "Cleanup", Time since last: 1001178972 ns, Reaching safepoint: 460400 ns, At safepoint: 85300 ns, Total: 545700 ns
[2020-03-27T08:21:37.953+0000][1][safepoint    ] Safepoint "Cleanup", Time since last: 1002195272 ns, Reaching safepoint: 327400 ns, At safepoint: 183600 ns, Total: 511000 ns
[2020-03-27T08:21:38.102+0000][1][safepoint    ] Safepoint "RevokeBias", Time since last: 149450126 ns, Reaching safepoint: 92600 ns, At safepoint: 25100 ns, Total: 117700 ns
[2020-03-27T08:21:39.104+0000][1][safepoint    ] Safepoint "Cleanup", Time since last: 1001309872 ns, Reaching safepoint: 136400 ns, At safepoint: 31300 ns, Total: 167700 ns
[2020-03-27T08:21:40.105+0000][1][safepoint    ] Safepoint "Cleanup", Time since last: 1001143172 ns, Reaching safepoint: 191000 ns, At safepoint: 48001 ns, Total: 239001 ns
[2020-03-27T08:21:41.107+0000][1][safepoint    ] Safepoint "Cleanup", Time since last: 1001574633 ns, Reaching safepoint: 333000 ns, At safepoint: 27000 ns, Total: 360000 ns
[2020-03-27T08:21:41.965+0000][1][safepoint    ] Safepoint "BulkRevokeBias", Time since last: 856688363 ns, Reaching safepoint: 180000 ns, At safepoint: 1470600 ns, Total: 1650600 ns
[2020-03-27T08:21:42.967+0000][1][safepoint    ] Safepoint "Cleanup", Time since last: 1000730874 ns, Reaching safepoint: 327000 ns, At safepoint: 91300 ns, Total: 418300 ns
[2020-03-27T08:21:43.969+0000][1][safepoint    ] Safepoint "Cleanup", Time since last: 1001875074 ns, Reaching safepoint: 187100 ns, At safepoint: 44100 ns, Total: 231200 ns
[2020-03-27T08:21:44.267+0000][1][safepoint    ] Safepoint "RevokeBias", Time since last: 298042822 ns, Reaching safepoint: 330000 ns, At safepoint: 30700 ns, Total: 360700 ns
[2020-03-27T08:21:44.268+0000][1][safepoint    ] Safepoint "RevokeBias", Time since last: 811700 ns, Reaching safepoint: 136700 ns, At safepoint: 15400 ns, Total: 152100 ns
[2020-03-27T08:21:44.269+0000][1][safepoint    ] Safepoint "RevokeBias", Time since last: 923100 ns, Reaching safepoint: 105400 ns, At safepoint: 24700 ns, Total: 130100 ns
[2020-03-27T08:21:44.270+0000][1][safepoint    ] Safepoint "RevokeBias", Time since last: 1051100 ns, Reaching safepoint: 91400 ns, At safepoint: 14000 ns, Total: 105400 ns
[2020-03-27T08:21:44.272+0000][1][safepoint    ] Safepoint "RevokeBias", Time since last: 1316100 ns, Reaching safepoint: 152100 ns, At safepoint: 15200 ns, Total: 167300 ns
[2020-03-27T08:21:44.318+0000][1][safepoint    ] Safepoint "RevokeBias", Time since last: 46205204 ns, Reaching safepoint: 97000 ns, At safepoint: 26100 ns, Total: 123100 ns
[2020-03-27T08:21:44.403+0000][1][safepoint    ] Safepoint "RevokeBias", Time since last: 84529506 ns, Reaching safepoint: 101200 ns, At safepoint: 23400 ns, Total: 124600 ns
[2020-03-27T08:21:44.421+0000][1][safepoint    ] Safepoint "RevokeBias", Time since last: 17906801 ns, Reaching safepoint: 771500 ns, At safepoint: 22000 ns, Total: 793500 ns
[2020-03-27T08:21:44.422+0000][1][safepoint    ] Safepoint "RevokeBias", Time since last: 443800 ns, Reaching safepoint: 283700 ns, At safepoint: 17300 ns, Total: 301000 ns
[2020-03-27T08:21:44.460+0000][1][gc,start     ] GC(174) Pause Young (Allocation Failure)
[2020-03-27T08:21:44.460+0000][1][gc,task      ] GC(174) Using 2 workers of 2 for evacuation
[2020-03-27T08:21:44.590+0000][1][gc,age       ] GC(174) Desired survivor size 8716288 bytes, new threshold 6 (max threshold 6)
[2020-03-27T08:21:44.591+0000][1][gc,age       ] GC(174) Age table with threshold 6 (max threshold 6)
[2020-03-27T08:21:44.592+0000][1][gc,age       ] GC(174) - age   1:    2042896 bytes,    2042896 total
[2020-03-27T08:21:44.592+0000][1][gc,heap      ] GC(174) ParNew: 152949K->12302K(153344K)
[2020-03-27T08:21:44.593+0000][1][gc,heap      ] GC(174) CMS: 207094K->212538K(353920K)
[2020-03-27T08:21:44.593+0000][1][gc,metaspace ] GC(174) Metaspace: 97929K->97929K(1140736K)
[2020-03-27T08:21:44.594+0000][1][gc           ] GC(174) Pause Young (Allocation Failure) 351M->219M(495M) 134.268ms
[2020-03-27T08:21:44.594+0000][1][gc,cpu       ] GC(174) User=0.02s Sys=0.03s Real=0.13s
[2020-03-27T08:21:44.595+0000][1][safepoint    ] Safepoint "GenCollectForAllocation", Time since last: 37228703 ns, Reaching safepoint: 215200 ns, At safepoint: 135118710 ns, Total: 135333910 ns
[2020-03-27T08:21:44.607+0000][1][safepoint    ] Safepoint "RevokeBias", Time since last: 12539601 ns, Reaching safepoint: 129200 ns, At safepoint: 35100 ns, Total: 164300 ns
[2020-03-27T08:21:44.608+0000][1][safepoint    ] Safepoint "RevokeBias", Time since last: 835700 ns, Reaching safepoint: 133800 ns, At safepoint: 23800 ns, Total: 157600 ns
[2020-03-27T08:21:44.610+0000][1][safepoint    ] Safepoint "RevokeBias", Time since last: 1385400 ns, Reaching safepoint: 102600 ns, At safepoint: 14700 ns, Total: 117300 ns
[2020-03-27T08:21:44.611+0000][1][safepoint    ] Safepoint "RevokeBias", Time since last: 1133000 ns, Reaching safepoint: 186200 ns, At safepoint: 40100 ns, Total: 226300 ns
[2020-03-27T08:21:44.652+0000][1][safepoint    ] Safepoint "RevokeBias", Time since last: 40702203 ns, Reaching safepoint: 130000 ns, At safepoint: 28300 ns, Total: 158300 ns
[2020-03-27T08:21:44.723+0000][1][safepoint    ] Safepoint "RevokeBias", Time since last: 71075406 ns, Reaching safepoint: 141700 ns, At safepoint: 37900 ns, Total: 179600 ns
[2020-03-27T08:21:44.725+0000][1][safepoint    ] Safepoint "RevokeBias", Time since last: 1821700 ns, Reaching safepoint: 99100 ns, At safepoint: 22700 ns, Total: 121800 ns
[2020-03-27T08:21:44.726+0000][1][safepoint    ] Safepoint "RevokeBias", Time since last: 805500 ns, Reaching safepoint: 130000 ns, At safepoint: 16300 ns, Total: 146300 ns
[2020-03-27T08:21:45.727+0000][1][safepoint    ] Safepoint "Cleanup", Time since last: 1000794973 ns, Reaching safepoint: 205600 ns, At safepoint: 45000 ns, Total: 250600 ns
[2020-03-27T08:21:45.866+0000][1][safepoint    ] Safepoint "RevokeBias", Time since last: 138011411 ns, Reaching safepoint: 324600 ns, At safepoint: 46800 ns, Total: 371400 ns
[2020-03-27T08:21:45.867+0000][1][safepoint    ] Safepoint "RevokeBias", Time since last: 805600 ns, Reaching safepoint: 163100 ns, At safepoint: 16200 ns, Total: 179300 ns
[2020-03-27T08:21:45.868+0000][1][safepoint    ] Safepoint "RevokeBias", Time since last: 1476800 ns, Reaching safepoint: 81100 ns, At safepoint: 28100 ns, Total: 109200 ns
[2020-03-27T08:21:45.869+0000][1][safepoint    ] Safepoint "RevokeBias", Time since last: 965300 ns, Reaching safepoint: 112400 ns, At safepoint: 23700 ns, Total: 136100 ns
[2020-03-27T08:21:45.924+0000][1][safepoint    ] Safepoint "RevokeBias", Time since last: 54696504 ns, Reaching safepoint: 226900 ns, At safepoint: 35400 ns, Total: 262300 ns
[2020-03-27T08:21:46.925+0000][1][safepoint    ] Safepoint "Cleanup", Time since last: 1000453074 ns, Reaching safepoint: 95800 ns, At safepoint: 18600 ns, Total: 114400 ns
[2020-03-27T08:21:47.926+0000][1][safepoint    ] Safepoint "Cleanup", Time since last: 1000924873 ns, Reaching safepoint: 364100 ns, At safepoint: 83900 ns, Total: 448000 ns
[2020-03-27T08:21:48.116+0000][1][safepoint    ] Safepoint "RevokeBias", Time since last: 189921214 ns, Reaching safepoint: 119500 ns, At safepoint: 24600 ns, Total: 144100 ns
[2020-03-27T08:21:48.414+0000][1][gc,start     ] GC(175) Pause Young (Allocation Failure)
[2020-03-27T08:21:48.414+0000][1][gc,task      ] GC(175) Using 2 workers of 2 for evacuation
[2020-03-27T08:21:48.419+0000][1][gc,age       ] GC(175) Desired survivor size 8716288 bytes, new threshold 2 (max threshold 6)
[2020-03-27T08:21:48.419+0000][1][gc,age       ] GC(175) Age table with threshold 2 (max threshold 6)
[2020-03-27T08:21:48.420+0000][1][gc,age       ] GC(175) - age   1:    7729288 bytes,    7729288 total
[2020-03-27T08:21:48.420+0000][1][gc,age       ] GC(175) - age   2:    1036096 bytes,    8765384 total
[2020-03-27T08:21:48.421+0000][1][gc,heap      ] GC(175) ParNew: 148312K->10349K(153344K)
[2020-03-27T08:21:48.421+0000][1][gc,heap      ] GC(175) CMS: 212538K->212538K(353920K)
[2020-03-27T08:21:48.422+0000][1][gc,metaspace ] GC(175) Metaspace: 97931K->97931K(1140736K)
[2020-03-27T08:21:48.422+0000][1][gc           ] GC(175) Pause Young (Allocation Failure) 352M->217M(495M) 8.634ms
[2020-03-27T08:21:48.423+0000][1][gc,cpu       ] GC(175) User=0.01s Sys=0.00s Real=0.01s
[2020-03-27T08:21:48.423+0000][1][safepoint    ] Safepoint "GenCollectForAllocation", Time since last: 296985222 ns, Reaching safepoint: 199500 ns, At safepoint: 9697401 ns, Total: 9896901 ns
[2020-03-27T08:21:48.436+0000][1][safepoint    ] Safepoint "RevokeBias", Time since last: 12290101 ns, Reaching safepoint: 244900 ns, At safepoint: 29200 ns, Total: 274100 ns
[2020-03-27T08:21:48.437+0000][1][safepoint    ] Safepoint "RevokeBias", Time since last: 669100 ns, Reaching safepoint: 80900 ns, At safepoint: 53400 ns, Total: 134300 ns
[2020-03-27T08:21:48.438+0000][1][safepoint    ] Safepoint "RevokeBias", Time since last: 1484900 ns, Reaching safepoint: 83000 ns, At safepoint: 21500 ns, Total: 104500 ns
[2020-03-27T08:21:48.439+0000][1][safepoint    ] Safepoint "RevokeBias", Time since last: 1084000 ns, Reaching safepoint: 73200 ns, At safepoint: 36000 ns, Total: 109200 ns
[2020-03-27T08:21:48.488+0000][1][safepoint    ] Safepoint "RevokeBias", Time since last: 49007404 ns, Reaching safepoint: 138700 ns, At safepoint: 19600 ns, Total: 158300 ns
[2020-03-27T08:21:49.490+0000][1][safepoint    ] Safepoint "Cleanup", Time since last: 1000837242 ns, Reaching safepoint: 225500 ns, At safepoint: 41800 ns, Total: 267300 ns
[2020-03-27T08:21:50.491+0000][1][safepoint    ] Safepoint "Cleanup", Time since last: 1001242632 ns, Reaching safepoint: 98200 ns, At safepoint: 20200 ns, Total: 118400 ns
[2020-03-27T08:21:51.493+0000][1][safepoint    ] Safepoint "Cleanup", Time since last: 1001091332 ns, Reaching safepoint: 510200 ns, At safepoint: 78600 ns, Total: 588800 ns
[2020-03-27T08:21:51.982+0000][1][safepoint    ] Safepoint "RevokeBias", Time since last: 489100416 ns, Reaching safepoint: 245300 ns, At safepoint: 18700 ns, Total: 264000 ns
[2020-03-27T08:21:52.738+0000][1][safepoint    ] Safepoint "RevokeBias", Time since last: 755564324 ns, Reaching safepoint: 147500 ns, At safepoint: 18500 ns, Total: 166000 ns
[2020-03-27T08:21:52.739+0000][1][safepoint    ] Safepoint "RevokeBias", Time since last: 929500 ns, Reaching safepoint: 97000 ns, At safepoint: 12500 ns, Total: 109500 ns
[2020-03-27T08:21:52.740+0000][1][safepoint    ] Safepoint "RevokeBias", Time since last: 1327200 ns, Reaching safepoint: 83900 ns, At safepoint: 10900 ns, Total: 94800 ns
[2020-03-27T08:21:52.741+0000][1][safepoint    ] Safepoint "RevokeBias", Time since last: 1101000 ns, Reaching safepoint: 68600 ns, At safepoint: 10600 ns, Total: 79200 ns
[2020-03-27T08:21:52.783+0000][1][safepoint    ] Safepoint "RevokeBias", Time since last: 41179201 ns, Reaching safepoint: 148400 ns, At safepoint: 30800 ns, Total: 179200 ns
[2020-03-27T08:21:53.784+0000][1][safepoint    ] Safepoint "Cleanup", Time since last: 1000979032 ns, Reaching safepoint: 382100 ns, At safepoint: 93700 ns, Total: 475800 ns
[2020-03-27T08:21:54.787+0000][1][safepoint    ] Safepoint "Cleanup", Time since last: 1002068432 ns, Reaching safepoint: 407500 ns, At safepoint: 82500 ns, Total: 490000 ns
[2020-03-27T08:21:55.789+0000][1][safepoint    ] Safepoint "Cleanup", Time since last: 1002077732 ns, Reaching safepoint: 320200 ns, At safepoint: 84500 ns, Total: 404700 ns
[2020-03-27T08:21:56.792+0000][1][safepoint    ] Safepoint "Cleanup", Time since last: 1002164231 ns, Reaching safepoint: 368000 ns, At safepoint: 84000 ns, Total: 452000 ns
[2020-03-27T08:21:57.794+0000][1][safepoint    ] Safepoint "Cleanup", Time since last: 1002201612 ns, Reaching safepoint: 318400 ns, At safepoint: 88300 ns, Total: 406700 ns
[2020-03-27T08:21:58.149+0000][1][safepoint    ] Safepoint "RevokeBias", Time since last: 354294504 ns, Reaching safepoint: 87700 ns, At safepoint: 21100 ns, Total: 108800 ns
[2020-03-27T08:21:58.175+0000][1][gc,start     ] GC(176) Pause Young (Allocation Failure)
[2020-03-27T08:21:58.175+0000][1][gc,task      ] GC(176) Using 2 workers of 2 for evacuation
[2020-03-27T08:21:58.185+0000][1][gc,age       ] GC(176) Desired survivor size 8716288 bytes, new threshold 6 (max threshold 6)
[2020-03-27T08:21:58.185+0000][1][gc,age       ] GC(176) Age table with threshold 6 (max threshold 6)
[2020-03-27T08:21:58.186+0000][1][gc,age       ] GC(176) - age   1:    6349624 bytes,    6349624 total
[2020-03-27T08:21:58.186+0000][1][gc,age       ] GC(176) - age   2:     467752 bytes,    6817376 total
[2020-03-27T08:21:58.186+0000][1][gc,heap      ] GC(176) ParNew: 146669K->10923K(153344K)
[2020-03-27T08:21:58.187+0000][1][gc,heap      ] GC(176) CMS: 212538K->213226K(353920K)
[2020-03-27T08:21:58.187+0000][1][gc,metaspace ] GC(176) Metaspace: 97941K->97941K(1140736K)
[2020-03-27T08:21:58.188+0000][1][gc           ] GC(176) Pause Young (Allocation Failure) 350M->218M(495M) 12.917ms
[2020-03-27T08:21:58.188+0000][1][gc,cpu       ] GC(176) User=0.01s Sys=0.00s Real=0.02s
[2020-03-27T08:21:58.188+0000][1][safepoint    ] Safepoint "GenCollectForAllocation", Time since last: 25621300 ns, Reaching safepoint: 141100 ns, At safepoint: 13773900 ns, Total: 13915000 ns
[2020-03-27T08:21:58.571+0000][1][safepoint    ] Safepoint "RevokeBias", Time since last: 382733805 ns, Reaching safepoint: 137800 ns, At safepoint: 25900 ns, Total: 163700 ns
[2020-03-27T08:21:58.573+0000][1][safepoint    ] Safepoint "RevokeBias", Time since last: 1526100 ns, Reaching safepoint: 86800 ns, At safepoint: 36100 ns, Total: 122900 ns
[2020-03-27T08:21:58.576+0000][1][safepoint    ] Safepoint "RevokeBias", Time since last: 2897500 ns, Reaching safepoint: 116500 ns, At safepoint: 15000 ns, Total: 131500 ns
[2020-03-27T08:21:58.577+0000][1][safepoint    ] Safepoint "RevokeBias", Time since last: 1045300 ns, Reaching safepoint: 203400 ns, At safepoint: 23000 ns, Total: 226400 ns
[2020-03-27T08:21:58.647+0000][1][safepoint    ] Safepoint "RevokeBias", Time since last: 69909400 ns, Reaching safepoint: 129700 ns, At safepoint: 35700 ns, Total: 165400 ns
[2020-03-27T08:21:59.649+0000][1][safepoint    ] Safepoint "Cleanup", Time since last: 1000930212 ns, Reaching safepoint: 420100 ns, At safepoint: 84200 ns, Total: 504300 ns
[2020-03-27T08:22:00.651+0000][1][safepoint    ] Safepoint "Cleanup", Time since last: 1002116111 ns, Reaching safepoint: 370200 ns, At safepoint: 80000 ns, Total: 450200 ns
[2020-03-27T08:22:01.654+0000][1][safepoint    ] Safepoint "Cleanup", Time since last: 1002077911 ns, Reaching safepoint: 470500 ns, At safepoint: 77800 ns, Total: 548300 ns
[2020-03-27T08:22:01.973+0000][1][safepoint    ] Safepoint "RevokeBias", Time since last: 318464504 ns, Reaching safepoint: 341900 ns, At safepoint: 55300 ns, Total: 397200 ns
[2020-03-27T08:22:02.863+0000][1][safepoint    ] Safepoint "RevokeBias", Time since last: 889773510 ns, Reaching safepoint: 208600 ns, At safepoint: 31600 ns, Total: 240200 ns
[2020-03-27T08:22:02.864+0000][1][safepoint    ] Safepoint "RevokeBias", Time since last: 675700 ns, Reaching safepoint: 79300 ns, At safepoint: 23600 ns, Total: 102900 ns
[2020-03-27T08:22:02.865+0000][1][safepoint    ] Safepoint "RevokeBias", Time since last: 1564900 ns, Reaching safepoint: 71200 ns, At safepoint: 11900 ns, Total: 83100 ns
[2020-03-27T08:22:02.866+0000][1][safepoint    ] Safepoint "RevokeBias", Time since last: 1184600 ns, Reaching safepoint: 61300 ns, At safepoint: 13100 ns, Total: 74400 ns
[2020-03-27T08:22:02.909+0000][1][safepoint    ] Safepoint "RevokeBias", Time since last: 42673201 ns, Reaching safepoint: 133200 ns, At safepoint: 17800 ns, Total: 151000 ns
[2020-03-27T08:22:03.910+0000][1][safepoint    ] Safepoint "Cleanup", Time since last: 1000495211 ns, Reaching safepoint: 317100 ns, At safepoint: 81100 ns, Total: 398200 ns
[2020-03-27T08:22:04.913+0000][1][safepoint    ] Safepoint "Cleanup", Time since last: 1002248507 ns, Reaching safepoint: 402900 ns, At safepoint: 87000 ns, Total: 489900 ns
[2020-03-27T08:22:05.915+0000][1][safepoint    ] Safepoint "Cleanup", Time since last: 1001821679 ns, Reaching safepoint: 145500 ns, At safepoint: 29600 ns, Total: 175100 ns
[2020-03-27T08:22:06.917+0000][1][safepoint    ] Safepoint "Cleanup", Time since last: 1001277479 ns, Reaching safepoint: 411100 ns, At safepoint: 80500 ns, Total: 491600 ns
[2020-03-27T08:22:07.919+0000][1][safepoint    ] Safepoint "Cleanup", Time since last: 1002328179 ns, Reaching safepoint: 103000 ns, At safepoint: 20000 ns, Total: 123000 ns
[2020-03-27T08:22:08.100+0000][1][safepoint    ] Safepoint "RevokeBias", Time since last: 180657096 ns, Reaching safepoint: 89400 ns, At safepoint: 22400 ns, Total: 111800 ns
[2020-03-27T08:22:08.731+0000][1][gc,start     ] GC(177) Pause Young (Allocation Failure)
[2020-03-27T08:22:08.733+0000][1][gc,task      ] GC(177) Using 2 workers of 2 for evacuation
[2020-03-27T08:22:08.749+0000][1][gc,age       ] GC(177) Desired survivor size 8716288 bytes, new threshold 1 (max threshold 6)
[2020-03-27T08:22:08.750+0000][1][gc,age       ] GC(177) Age table with threshold 1 (max threshold 6)
[2020-03-27T08:22:08.751+0000][1][gc,age       ] GC(177) - age   1:    9053568 bytes,    9053568 total
[2020-03-27T08:22:08.751+0000][1][gc,age       ] GC(177) - age   2:     559888 bytes,    9613456 total
[2020-03-27T08:22:08.752+0000][1][gc,age       ] GC(177) - age   3:     464408 bytes,   10077864 total
[2020-03-27T08:22:08.752+0000][1][gc,heap      ] GC(177) ParNew: 147243K->13627K(153344K)
[2020-03-27T08:22:08.753+0000][1][gc,heap      ] GC(177) CMS: 213226K->213226K(353920K)
[2020-03-27T08:22:08.753+0000][1][gc,metaspace ] GC(177) Metaspace: 97949K->97949K(1140736K)
[2020-03-27T08:22:08.754+0000][1][gc           ] GC(177) Pause Young (Allocation Failure) 352M->221M(495M) 22.910ms
[2020-03-27T08:22:08.754+0000][1][gc,cpu       ] GC(177) User=0.01s Sys=0.00s Real=0.02s
[2020-03-27T08:22:08.755+0000][1][safepoint    ] Safepoint "GenCollectForAllocation", Time since last: 630710987 ns, Reaching safepoint: 324100 ns, At safepoint: 23911500 ns, Total: 24235600 ns
[2020-03-27T08:22:08.768+0000][1][safepoint    ] Safepoint "RevokeBias", Time since last: 13158399 ns, Reaching safepoint: 160600 ns, At safepoint: 58200 ns, Total: 218800 ns
[2020-03-27T08:22:08.770+0000][1][safepoint    ] Safepoint "RevokeBias", Time since last: 1615400 ns, Reaching safepoint: 81000 ns, At safepoint: 14400 ns, Total: 95400 ns
[2020-03-27T08:22:08.772+0000][1][safepoint    ] Safepoint "RevokeBias", Time since last: 1369100 ns, Reaching safepoint: 155000 ns, At safepoint: 35400 ns, Total: 190400 ns
[2020-03-27T08:22:08.773+0000][1][safepoint    ] Safepoint "RevokeBias", Time since last: 1060800 ns, Reaching safepoint: 70500 ns, At safepoint: 22300 ns, Total: 92800 ns
[2020-03-27T08:22:08.817+0000][1][safepoint    ] Safepoint "RevokeBias", Time since last: 44403999 ns, Reaching safepoint: 229200 ns, At safepoint: 20300 ns, Total: 249500 ns
[2020-03-27T08:22:09.818+0000][1][safepoint    ] Safepoint "Cleanup", Time since last: 1000514879 ns, Reaching safepoint: 318100 ns, At safepoint: 90800 ns, Total: 408900 ns
[2020-03-27T08:22:10.820+0000][1][safepoint    ] Safepoint "Cleanup", Time since last: 1001898080 ns, Reaching safepoint: 95800 ns, At safepoint: 18600 ns, Total: 114400 ns
[2020-03-27T08:22:11.821+0000][1][safepoint    ] Safepoint "Cleanup", Time since last: 1000799079 ns, Reaching safepoint: 154300 ns, At safepoint: 37400 ns, Total: 191700 ns
[2020-03-27T08:22:11.980+0000][1][safepoint    ] Safepoint "RevokeBias", Time since last: 158611496 ns, Reaching safepoint: 127500 ns, At safepoint: 25300 ns, Total: 152800 ns
[2020-03-27T08:22:12.969+0000][1][safepoint    ] Safepoint "RevokeBias", Time since last: 989039766 ns, Reaching safepoint: 314800 ns, At safepoint: 24600 ns, Total: 339400 ns
[2020-03-27T08:22:12.973+0000][1][safepoint    ] Safepoint "BulkRevokeBias", Time since last: 2986500 ns, Reaching safepoint: 82200 ns, At safepoint: 412400 ns, Total: 494600 ns
[2020-03-27T08:22:12.974+0000][1][safepoint    ] Safepoint "RevokeBias", Time since last: 1250700 ns, Reaching safepoint: 115600 ns, At safepoint: 29800 ns, Total: 145400 ns
[2020-03-27T08:22:12.976+0000][1][safepoint    ] Safepoint "BulkRevokeBias", Time since last: 1230700 ns, Reaching safepoint: 63700 ns, At safepoint: 439300 ns, Total: 503000 ns
[2020-03-27T08:22:13.015+0000][1][safepoint    ] Safepoint "RevokeBias", Time since last: 39054596 ns, Reaching safepoint: 118300 ns, At safepoint: 29200 ns, Total: 147500 ns
[2020-03-27T08:22:14.016+0000][1][safepoint    ] Safepoint "Cleanup", Time since last: 1000642806 ns, Reaching safepoint: 101000 ns, At safepoint: 17700 ns, Total: 118700 ns
[2020-03-27T08:22:15.017+0000][1][safepoint    ] Safepoint "Cleanup", Time since last: 1001032207 ns, Reaching safepoint: 117900 ns, At safepoint: 25700 ns, Total: 143600 ns
[2020-03-27T08:22:16.018+0000][1][safepoint    ] Safepoint "Cleanup", Time since last: 1000919806 ns, Reaching safepoint: 298000 ns, At safepoint: 77200 ns, Total: 375200 ns
[2020-03-27T08:22:17.021+0000][1][safepoint    ] Safepoint "Cleanup", Time since last: 1002261106 ns, Reaching safepoint: 97100 ns, At safepoint: 19400 ns, Total: 116500 ns
[2020-03-27T08:22:18.031+0000][1][safepoint    ] Safepoint "Cleanup", Time since last: 1010067705 ns, Reaching safepoint: 408500 ns, At safepoint: 85900 ns, Total: 494400 ns
[2020-03-27T08:22:18.116+0000][1][safepoint    ] Safepoint "RevokeBias", Time since last: 84279292 ns, Reaching safepoint: 94200 ns, At safepoint: 25600 ns, Total: 119800 ns
[2020-03-27T08:22:18.130+0000][1][gc,start     ] GC(178) Pause Young (Allocation Failure)
[2020-03-27T08:22:18.130+0000][1][gc,task      ] GC(178) Using 2 workers of 2 for evacuation
[2020-03-27T08:22:18.153+0000][1][gc,age       ] GC(178) Desired survivor size 8716288 bytes, new threshold 1 (max threshold 6)
[2020-03-27T08:22:18.153+0000][1][gc,age       ] GC(178) Age table with threshold 1 (max threshold 6)
[2020-03-27T08:22:18.154+0000][1][gc,age       ] GC(178) - age   1:   10292208 bytes,   10292208 total
[2020-03-27T08:22:18.155+0000][1][gc,heap      ] GC(178) ParNew: 149947K->17024K(153344K)
[2020-03-27T08:22:18.155+0000][1][gc,heap      ] GC(178) CMS: 213226K->214833K(353920K)
[2020-03-27T08:22:18.155+0000][1][gc,metaspace ] GC(178) Metaspace: 97950K->97950K(1140736K)
[2020-03-27T08:22:18.156+0000][1][gc           ] GC(178) Pause Young (Allocation Failure) 354M->226M(495M) 25.773ms
[2020-03-27T08:22:18.156+0000][1][gc,cpu       ] GC(178) User=0.02s Sys=0.00s Real=0.03s
[2020-03-27T08:22:18.157+0000][1][safepoint    ] Safepoint "GenCollectForAllocation", Time since last: 13929399 ns, Reaching safepoint: 297200 ns, At safepoint: 26857998 ns, Total: 27155198 ns
[2020-03-27T08:22:19.158+0000][1][safepoint    ] Safepoint "Cleanup", Time since last: 1000528506 ns, Reaching safepoint: 522500 ns, At safepoint: 84900 ns, Total: 607400 ns
[2020-03-27T08:22:20.161+0000][1][safepoint    ] Safepoint "Cleanup", Time since last: 1002087806 ns, Reaching safepoint: 318900 ns, At safepoint: 188800 ns, Total: 507700 ns
[2020-03-27T08:22:21.164+0000][1][safepoint    ] Safepoint "Cleanup", Time since last: 1002505591 ns, Reaching safepoint: 449900 ns, At safepoint: 77300 ns, Total: 527200 ns
[2020-03-27T08:22:22.000+0000][1][safepoint    ] Safepoint "RevokeBias", Time since last: 836305188 ns, Reaching safepoint: 209300 ns, At safepoint: 27900 ns, Total: 237200 ns
[2020-03-27T08:22:23.001+0000][1][safepoint    ] Safepoint "Cleanup", Time since last: 1000632565 ns, Reaching safepoint: 421400 ns, At safepoint: 28700 ns, Total: 450100 ns
[2020-03-27T08:22:24.003+0000][1][safepoint    ] Safepoint "Cleanup", Time since last: 1001971365 ns, Reaching safepoint: 171700 ns, At safepoint: 37700 ns, Total: 209400 ns
[2020-03-27T08:22:25.005+0000][1][safepoint    ] Safepoint "Cleanup", Time since last: 1001201265 ns, Reaching safepoint: 92400 ns, At safepoint: 17200 ns, Total: 109600 ns
[2020-03-27T08:22:26.006+0000][1][safepoint    ] Safepoint "Cleanup", Time since last: 1001197366 ns, Reaching safepoint: 315200 ns, At safepoint: 85600 ns, Total: 400800 ns
[2020-03-27T08:22:27.009+0000][1][safepoint    ] Safepoint "Cleanup", Time since last: 1002258965 ns, Reaching safepoint: 329300 ns, At safepoint: 86300 ns, Total: 415600 ns
[2020-03-27T08:22:28.012+0000][1][safepoint    ] Safepoint "Cleanup", Time since last: 1002312165 ns, Reaching safepoint: 445400 ns, At safepoint: 82800 ns, Total: 528200 ns
[2020-03-27T08:22:28.178+0000][1][safepoint    ] Safepoint "RevokeBias", Time since last: 166500277 ns, Reaching safepoint: 94100 ns, At safepoint: 26000 ns, Total: 120100 ns
[2020-03-27T08:22:29.180+0000][1][safepoint    ] Safepoint "Cleanup", Time since last: 1001030405 ns, Reaching safepoint: 117100 ns, At safepoint: 24100 ns, Total: 141200 ns
[2020-03-27T08:22:30.181+0000][1][safepoint    ] Safepoint "Cleanup", Time since last: 1001098275 ns, Reaching safepoint: 370300 ns, At safepoint: 87000 ns, Total: 457300 ns
[2020-03-27T08:22:31.184+0000][1][safepoint    ] Safepoint "Cleanup", Time since last: 1001962975 ns, Reaching safepoint: 429200 ns, At safepoint: 122200 ns, Total: 551400 ns
[2020-03-27T08:22:31.988+0000][1][safepoint    ] Safepoint "RevokeBias", Time since last: 804096880 ns, Reaching safepoint: 265300 ns, At safepoint: 17100 ns, Total: 282400 ns
[2020-03-27T08:22:32.990+0000][1][safepoint    ] Safepoint "Cleanup", Time since last: 1001458975 ns, Reaching safepoint: 320700 ns, At safepoint: 85400 ns, Total: 406100 ns
[2020-03-27T08:22:33.992+0000][1][safepoint    ] Safepoint "Cleanup", Time since last: 1001712274 ns, Reaching safepoint: 319800 ns, At safepoint: 81300 ns, Total: 401100 ns
[2020-03-27T08:22:34.995+0000][1][safepoint    ] Safepoint "Cleanup", Time since last: 1002003875 ns, Reaching safepoint: 320800 ns, At safepoint: 170300 ns, Total: 491100 ns
[2020-03-27T08:22:35.997+0000][1][safepoint    ] Safepoint "Cleanup", Time since last: 1002350675 ns, Reaching safepoint: 325400 ns, At safepoint: 88500 ns, Total: 413900 ns
[2020-03-27T08:22:37.000+0000][1][safepoint    ] Safepoint "Cleanup", Time since last: 1002025078 ns, Reaching safepoint: 507000 ns, At safepoint: 92500 ns, Total: 599500 ns
[2020-03-27T08:22:38.003+0000][1][safepoint    ] Safepoint "Cleanup", Time since last: 1002253991 ns, Reaching safepoint: 406000 ns, At safepoint: 95300 ns, Total: 501300 ns
[2020-03-27T08:22:38.100+0000][1][safepoint    ] Safepoint "RevokeBias", Time since last: 97502799 ns, Reaching safepoint: 175200 ns, At safepoint: 26900 ns, Total: 202100 ns
[2020-03-27T08:22:39.101+0000][1][safepoint    ] Safepoint "Cleanup", Time since last: 1000777192 ns, Reaching safepoint: 90700 ns, At safepoint: 17500 ns, Total: 108200 ns
[2020-03-27T08:22:40.103+0000][1][safepoint    ] Safepoint "Cleanup", Time since last: 1000674591 ns, Reaching safepoint: 482700 ns, At safepoint: 94300 ns, Total: 577000 ns
[2020-03-27T08:22:41.104+0000][1][safepoint    ] Safepoint "Cleanup", Time since last: 1001227991 ns, Reaching safepoint: 102800 ns, At safepoint: 21200 ns, Total: 124000 ns
[2020-03-27T08:22:41.999+0000][1][safepoint    ] Safepoint "RevokeBias", Time since last: 895139493 ns, Reaching safepoint: 107400 ns, At safepoint: 15800 ns, Total: 123200 ns
[2020-03-27T08:22:43.000+0000][1][safepoint    ] Safepoint "Cleanup", Time since last: 1000595291 ns, Reaching safepoint: 201200 ns, At safepoint: 49400 ns, Total: 250600 ns
[2020-03-27T08:22:43.912+0000][1][gc,start     ] GC(179) Pause Young (Allocation Failure)
[2020-03-27T08:22:43.912+0000][1][gc,task      ] GC(179) Using 2 workers of 2 for evacuation
[2020-03-27T08:22:43.962+0000][1][gc,age       ] GC(179) Desired survivor size 8716288 bytes, new threshold 6 (max threshold 6)
[2020-03-27T08:22:43.962+0000][1][gc,age       ] GC(179) Age table with threshold 6 (max threshold 6)
[2020-03-27T08:22:43.963+0000][1][gc,age       ] GC(179) - age   1:    5272160 bytes,    5272160 total
[2020-03-27T08:22:43.964+0000][1][gc,heap      ] GC(179) ParNew: 153344K->9060K(153344K)
[2020-03-27T08:22:43.964+0000][1][gc,heap      ] GC(179) CMS: 214833K->220017K(353920K)
[2020-03-27T08:22:43.965+0000][1][gc,metaspace ] GC(179) Metaspace: 97995K->97995K(1140736K)
[2020-03-27T08:22:43.965+0000][1][gc           ] GC(179) Pause Young (Allocation Failure) 359M->223M(495M) 53.092ms
[2020-03-27T08:22:43.966+0000][1][gc,cpu       ] GC(179) User=0.01s Sys=0.02s Real=0.06s
[2020-03-27T08:22:43.966+0000][1][safepoint    ] Safepoint "GenCollectForAllocation", Time since last: 911751892 ns, Reaching safepoint: 180000 ns, At safepoint: 54116600 ns, Total: 54296600 ns
[2020-03-27T08:22:43.973+0000][1][safepoint    ] Safepoint "RevokeBias", Time since last: 6348600 ns, Reaching safepoint: 145900 ns, At safepoint: 39000 ns, Total: 184900 ns
[2020-03-27T08:22:43.974+0000][1][safepoint    ] Safepoint "RevokeBias", Time since last: 843200 ns, Reaching safepoint: 123000 ns, At safepoint: 12000 ns, Total: 135000 ns
[2020-03-27T08:22:43.974+0000][1][safepoint    ] Safepoint "RevokeBias", Time since last: 633400 ns, Reaching safepoint: 134500 ns, At safepoint: 14800 ns, Total: 149300 ns
[2020-03-27T08:22:43.975+0000][1][safepoint    ] Safepoint "RevokeBias", Time since last: 788100 ns, Reaching safepoint: 106800 ns, At safepoint: 29200 ns, Total: 136000 ns
[2020-03-27T08:22:43.976+0000][1][safepoint    ] Safepoint "RevokeBias", Time since last: 929400 ns, Reaching safepoint: 101600 ns, At safepoint: 12900 ns, Total: 114500 ns
[2020-03-27T08:22:44.022+0000][1][safepoint    ] Safepoint "RevokeBias", Time since last: 45530199 ns, Reaching safepoint: 148100 ns, At safepoint: 29300 ns, Total: 177400 ns
[2020-03-27T08:22:44.101+0000][1][safepoint    ] Safepoint "RevokeBias", Time since last: 78372400 ns, Reaching safepoint: 783200 ns, At safepoint: 105500 ns, Total: 888700 ns
[2020-03-27T08:22:44.106+0000][1][safepoint    ] Safepoint "RevokeBias", Time since last: 4364700 ns, Reaching safepoint: 288300 ns, At safepoint: 112600 ns, Total: 400900 ns
[2020-03-27T08:22:44.155+0000][1][safepoint    ] Safepoint "RevokeBias", Time since last: 49277799 ns, Reaching safepoint: 105000 ns, At safepoint: 17400 ns, Total: 122400 ns
[2020-03-27T08:22:44.156+0000][1][safepoint    ] Safepoint "RevokeBias", Time since last: 876100 ns, Reaching safepoint: 69400 ns, At safepoint: 14200 ns, Total: 83600 ns
[2020-03-27T08:22:44.157+0000][1][safepoint    ] Safepoint "RevokeBias", Time since last: 851900 ns, Reaching safepoint: 55100 ns, At safepoint: 13400 ns, Total: 68500 ns
[2020-03-27T08:22:44.158+0000][1][safepoint    ] Safepoint "RevokeBias", Time since last: 1010400 ns, Reaching safepoint: 62400 ns, At safepoint: 22200 ns, Total: 84600 ns
[2020-03-27T08:22:44.199+0000][1][safepoint    ] Safepoint "RevokeBias", Time since last: 40649300 ns, Reaching safepoint: 129800 ns, At safepoint: 70500 ns, Total: 200300 ns
[2020-03-27T08:22:44.271+0000][1][safepoint    ] Safepoint "RevokeBias", Time since last: 71867499 ns, Reaching safepoint: 149500 ns, At safepoint: 30900 ns, Total: 180400 ns
[2020-03-27T08:22:44.274+0000][1][safepoint    ] Safepoint "RevokeBias", Time since last: 2111900 ns, Reaching safepoint: 145800 ns, At safepoint: 25200 ns, Total: 171000 ns
[2020-03-27T08:22:44.275+0000][1][safepoint    ] Safepoint "RevokeBias", Time since last: 939000 ns, Reaching safepoint: 92800 ns, At safepoint: 23600 ns, Total: 116400 ns
[2020-03-27T08:22:45.276+0000][1][safepoint    ] Safepoint "Cleanup", Time since last: 1000785194 ns, Reaching safepoint: 450300 ns, At safepoint: 80900 ns, Total: 531200 ns
[2020-03-27T08:22:45.437+0000][1][safepoint    ] Safepoint "RevokeBias", Time since last: 160438300 ns, Reaching safepoint: 148000 ns, At safepoint: 32400 ns, Total: 180400 ns
[2020-03-27T08:22:45.437+0000][1][safepoint    ] Safepoint "RevokeBias", Time since last: 657800 ns, Reaching safepoint: 65000 ns, At safepoint: 11400 ns, Total: 76400 ns
[2020-03-27T08:22:45.439+0000][1][safepoint    ] Safepoint "RevokeBias", Time since last: 1339100 ns, Reaching safepoint: 79300 ns, At safepoint: 14300 ns, Total: 93600 ns
[2020-03-27T08:22:45.440+0000][1][safepoint    ] Safepoint "RevokeBias", Time since last: 789000 ns, Reaching safepoint: 88800 ns, At safepoint: 20600 ns, Total: 109400 ns
[2020-03-27T08:22:45.490+0000][1][safepoint    ] Safepoint "RevokeBias", Time since last: 50289700 ns, Reaching safepoint: 111400 ns, At safepoint: 19400 ns, Total: 130800 ns
[2020-03-27T08:22:46.491+0000][1][safepoint    ] Safepoint "Cleanup", Time since last: 1000708898 ns, Reaching safepoint: 372600 ns, At safepoint: 83600 ns, Total: 456200 ns
[2020-03-27T08:22:47.493+0000][1][safepoint    ] Safepoint "Cleanup", Time since last: 1002058298 ns, Reaching safepoint: 127900 ns, At safepoint: 26800 ns, Total: 154700 ns
[2020-03-27T08:22:48.147+0000][1][safepoint    ] Safepoint "RevokeBias", Time since last: 653532498 ns, Reaching safepoint: 220200 ns, At safepoint: 29600 ns, Total: 249800 ns
[2020-03-27T08:22:48.156+0000][1][gc,start     ] GC(180) Pause Young (Allocation Failure)
[2020-03-27T08:22:48.156+0000][1][gc,task      ] GC(180) Using 2 workers of 2 for evacuation
[2020-03-27T08:22:48.164+0000][1][gc,age       ] GC(180) Desired survivor size 8716288 bytes, new threshold 6 (max threshold 6)
[2020-03-27T08:22:48.164+0000][1][gc,age       ] GC(180) Age table with threshold 6 (max threshold 6)
[2020-03-27T08:22:48.165+0000][1][gc,age       ] GC(180) - age   1:    3043296 bytes,    3043296 total
[2020-03-27T08:22:48.165+0000][1][gc,age       ] GC(180) - age   2:     150640 bytes,    3193936 total
[2020-03-27T08:22:48.165+0000][1][gc,heap      ] GC(180) ParNew: 145349K->3440K(153344K)
[2020-03-27T08:22:48.165+0000][1][gc,heap      ] GC(180) CMS: 220017K->220017K(353920K)
[2020-03-27T08:22:48.166+0000][1][gc,metaspace ] GC(180) Metaspace: 98012K->98012K(1140736K)
[2020-03-27T08:22:48.166+0000][1][gc           ] GC(180) Pause Young (Allocation Failure) 356M->218M(495M) 10.119ms
[2020-03-27T08:22:48.166+0000][1][gc,cpu       ] GC(180) User=0.01s Sys=0.00s Real=0.01s
[2020-03-27T08:22:48.167+0000][1][safepoint    ] Safepoint "GenCollectForAllocation", Time since last: 8604900 ns, Reaching safepoint: 156300 ns, At safepoint: 10651300 ns, Total: 10807600 ns
[2020-03-27T08:22:49.125+0000][1][safepoint    ] Safepoint "RevokeBias", Time since last: 958000798 ns, Reaching safepoint: 135300 ns, At safepoint: 19700 ns, Total: 155000 ns
[2020-03-27T08:22:49.126+0000][1][safepoint    ] Safepoint "RevokeBias", Time since last: 920900 ns, Reaching safepoint: 294200 ns, At safepoint: 28300 ns, Total: 322500 ns
[2020-03-27T08:22:49.127+0000][1][safepoint    ] Safepoint "RevokeBias", Time since last: 1278600 ns, Reaching safepoint: 95700 ns, At safepoint: 20700 ns, Total: 116400 ns
[2020-03-27T08:22:49.128+0000][1][safepoint    ] Safepoint "RevokeBias", Time since last: 624400 ns, Reaching safepoint: 58500 ns, At safepoint: 11500 ns, Total: 70000 ns
[2020-03-27T08:22:49.172+0000][1][safepoint    ] Safepoint "RevokeBias", Time since last: 43950800 ns, Reaching safepoint: 118700 ns, At safepoint: 21300 ns, Total: 140000 ns
[2020-03-27T08:22:50.173+0000][1][safepoint    ] Safepoint "Cleanup", Time since last: 1000648398 ns, Reaching safepoint: 157200 ns, At safepoint: 34800 ns, Total: 192000 ns
[2020-03-27T08:22:51.174+0000][1][safepoint    ] Safepoint "Cleanup", Time since last: 1000963898 ns, Reaching safepoint: 131800 ns, At safepoint: 30000 ns, Total: 161800 ns
[2020-03-27T08:22:52.006+0000][1][safepoint    ] Safepoint "RevokeBias", Time since last: 832055898 ns, Reaching safepoint: 121200 ns, At safepoint: 23300 ns, Total: 144500 ns
[2020-03-27T08:22:52.281+0000][1][safepoint    ] Safepoint "RevokeBias", Time since last: 274305800 ns, Reaching safepoint: 169700 ns, At safepoint: 31600 ns, Total: 201300 ns
[2020-03-27T08:22:52.282+0000][1][safepoint    ] Safepoint "RevokeBias", Time since last: 964900 ns, Reaching safepoint: 79400 ns, At safepoint: 14000 ns, Total: 93400 ns
[2020-03-27T08:22:52.284+0000][1][safepoint    ] Safepoint "RevokeBias", Time since last: 1446900 ns, Reaching safepoint: 93700 ns, At safepoint: 11700 ns, Total: 105400 ns
[2020-03-27T08:22:52.285+0000][1][safepoint    ] Safepoint "RevokeBias", Time since last: 1012000 ns, Reaching safepoint: 61200 ns, At safepoint: 13500 ns, Total: 74700 ns
[2020-03-27T08:22:52.327+0000][1][safepoint    ] Safepoint "RevokeBias", Time since last: 41827400 ns, Reaching safepoint: 144100 ns, At safepoint: 29400 ns, Total: 173500 ns
[2020-03-27T08:22:53.328+0000][1][safepoint    ] Safepoint "Cleanup", Time since last: 1000667396 ns, Reaching safepoint: 407400 ns, At safepoint: 82300 ns, Total: 489700 ns
[2020-03-27T08:22:54.330+0000][1][safepoint    ] Safepoint "Cleanup", Time since last: 1001777793 ns, Reaching safepoint: 325100 ns, At safepoint: 82900 ns, Total: 408000 ns
[2020-03-27T08:22:55.331+0000][1][safepoint    ] Safepoint "Cleanup", Time since last: 1000934494 ns, Reaching safepoint: 102200 ns, At safepoint: 17900 ns, Total: 120100 ns
[2020-03-27T08:22:56.333+0000][1][safepoint    ] Safepoint "Cleanup", Time since last: 1001129993 ns, Reaching safepoint: 463500 ns, At safepoint: 81000 ns, Total: 544500 ns
[2020-03-27T08:22:57.335+0000][1][safepoint    ] Safepoint "Cleanup", Time since last: 1002335693 ns, Reaching safepoint: 327300 ns, At safepoint: 83500 ns, Total: 410800 ns
[2020-03-27T08:22:58.111+0000][1][gc,start     ] GC(181) Pause Young (Allocation Failure)
[2020-03-27T08:22:58.112+0000][1][gc,task      ] GC(181) Using 2 workers of 2 for evacuation
[2020-03-27T08:22:58.116+0000][1][gc,age       ] GC(181) Desired survivor size 8716288 bytes, new threshold 6 (max threshold 6)
[2020-03-27T08:22:58.116+0000][1][gc,age       ] GC(181) Age table with threshold 6 (max threshold 6)
[2020-03-27T08:22:58.117+0000][1][gc,age       ] GC(181) - age   1:    1097488 bytes,    1097488 total
[2020-03-27T08:22:58.117+0000][1][gc,age       ] GC(181) - age   2:    1084152 bytes,    2181640 total
[2020-03-27T08:22:58.118+0000][1][gc,age       ] GC(181) - age   3:     145312 bytes,    2326952 total
[2020-03-27T08:22:58.118+0000][1][gc,heap      ] GC(181) ParNew: 139760K->3199K(153344K)
[2020-03-27T08:22:58.119+0000][1][gc,heap      ] GC(181) CMS: 220017K->220017K(353920K)
[2020-03-27T08:22:58.119+0000][1][gc,metaspace ] GC(181) Metaspace: 98019K->98019K(1140736K)
[2020-03-27T08:22:58.120+0000][1][gc           ] GC(181) Pause Young (Allocation Failure) 351M->217M(495M) 8.392ms
[2020-03-27T08:22:58.120+0000][1][gc,cpu       ] GC(181) User=0.00s Sys=0.01s Real=0.01s
[2020-03-27T08:22:58.121+0000][1][safepoint    ] Safepoint "GenCollectForAllocation", Time since last: 775800695 ns, Reaching safepoint: 101800 ns, At safepoint: 9470200 ns, Total: 9572000 ns
[2020-03-27T08:22:58.148+0000][1][safepoint    ] Safepoint "RevokeBias", Time since last: 27307900 ns, Reaching safepoint: 94200 ns, At safepoint: 25200 ns, Total: 119400 ns
[2020-03-27T08:22:58.255+0000][1][safepoint    ] Safepoint "RevokeBias", Time since last: 107063599 ns, Reaching safepoint: 103600 ns, At safepoint: 26900 ns, Total: 130500 ns
[2020-03-27T08:22:58.257+0000][1][safepoint    ] Safepoint "RevokeBias", Time since last: 1160100 ns, Reaching safepoint: 86700 ns, At safepoint: 22200 ns, Total: 108900 ns
[2020-03-27T08:22:58.258+0000][1][safepoint    ] Safepoint "RevokeBias", Time since last: 1021100 ns, Reaching safepoint: 86900 ns, At safepoint: 22000 ns, Total: 108900 ns
[2020-03-27T08:22:58.259+0000][1][safepoint    ] Safepoint "RevokeBias", Time since last: 1113900 ns, Reaching safepoint: 58200 ns, At safepoint: 53900 ns, Total: 112100 ns
[2020-03-27T08:22:58.300+0000][1][safepoint    ] Safepoint "RevokeBias", Time since last: 41123200 ns, Reaching safepoint: 130400 ns, At safepoint: 21900 ns, Total: 152300 ns
[2020-03-27T08:22:58.374+0000][1][safepoint    ] Safepoint "RevokeBias", Time since last: 73763600 ns, Reaching safepoint: 105500 ns, At safepoint: 24000 ns, Total: 129500 ns
[2020-03-27T08:22:58.380+0000][1][safepoint    ] Safepoint "RevokeBias", Time since last: 5223100 ns, Reaching safepoint: 127000 ns, At safepoint: 16400 ns, Total: 143400 ns
[2020-03-27T08:22:58.524+0000][1][gc,start     ] GC(182) Pause Young (Allocation Failure)
[2020-03-27T08:22:58.524+0000][1][gc,task      ] GC(182) Using 2 workers of 2 for evacuation
[2020-03-27T08:22:58.529+0000][1][gc,age       ] GC(182) Desired survivor size 8716288 bytes, new threshold 6 (max threshold 6)
[2020-03-27T08:22:58.530+0000][1][gc,age       ] GC(182) Age table with threshold 6 (max threshold 6)
[2020-03-27T08:22:58.530+0000][1][gc,age       ] GC(182) - age   1:    1513976 bytes,    1513976 total
[2020-03-27T08:22:58.531+0000][1][gc,age       ] GC(182) - age   2:     571112 bytes,    2085088 total
[2020-03-27T08:22:58.531+0000][1][gc,age       ] GC(182) - age   3:    1081712 bytes,    3166800 total
[2020-03-27T08:22:58.531+0000][1][gc,age       ] GC(182) - age   4:     145216 bytes,    3312016 total
[2020-03-27T08:22:58.531+0000][1][gc,heap      ] GC(182) ParNew: 139519K->5008K(153344K)
[2020-03-27T08:22:58.532+0000][1][gc,heap      ] GC(182) CMS: 220017K->220017K(353920K)
[2020-03-27T08:22:58.532+0000][1][gc,metaspace ] GC(182) Metaspace: 98021K->98021K(1140736K)
[2020-03-27T08:22:58.532+0000][1][gc           ] GC(182) Pause Young (Allocation Failure) 351M->219M(495M) 8.487ms
[2020-03-27T08:22:58.533+0000][1][gc,cpu       ] GC(182) User=0.01s Sys=0.01s Real=0.01s
[2020-03-27T08:22:58.533+0000][1][safepoint    ] Safepoint "GenCollectForAllocation", Time since last: 144097399 ns, Reaching safepoint: 113200 ns, At safepoint: 9148300 ns, Total: 9261500 ns
[2020-03-27T08:22:58.591+0000][1][safepoint    ] Safepoint "RevokeBias", Time since last: 57903799 ns, Reaching safepoint: 102100 ns, At safepoint: 24300 ns, Total: 126400 ns
[2020-03-27T08:22:58.591+0000][1][safepoint    ] Safepoint "RevokeBias", Time since last: 293900 ns, Reaching safepoint: 82100 ns, At safepoint: 20300 ns, Total: 102400 ns
[2020-03-27T08:22:58.592+0000][1][safepoint    ] Safepoint "RevokeBias", Time since last: 263600 ns, Reaching safepoint: 67800 ns, At safepoint: 18500 ns, Total: 86300 ns
[2020-03-27T08:22:58.592+0000][1][safepoint    ] Safepoint "RevokeBias", Time since last: 331300 ns, Reaching safepoint: 46500 ns, At safepoint: 18900 ns, Total: 65400 ns
[2020-03-27T08:22:58.593+0000][1][safepoint    ] Safepoint "RevokeBias", Time since last: 283800 ns, Reaching safepoint: 46100 ns, At safepoint: 59500 ns, Total: 105600 ns
[2020-03-27T08:22:58.593+0000][1][safepoint    ] Safepoint "RevokeBias", Time since last: 340900 ns, Reaching safepoint: 49000 ns, At safepoint: 28300 ns, Total: 77300 ns
[2020-03-27T08:22:58.593+0000][1][safepoint    ] Safepoint "RevokeBias", Time since last: 365100 ns, Reaching safepoint: 49300 ns, At safepoint: 27500 ns, Total: 76800 ns
[2020-03-27T08:22:58.594+0000][1][safepoint    ] Safepoint "RevokeBias", Time since last: 358700 ns, Reaching safepoint: 47000 ns, At safepoint: 25800 ns, Total: 72800 ns
[2020-03-27T08:22:58.594+0000][1][safepoint    ] Safepoint "RevokeBias", Time since last: 243500 ns, Reaching safepoint: 146300 ns, At safepoint: 20300 ns, Total: 166600 ns
[2020-03-27T08:22:59.375+0000][1][safepoint    ] Safepoint "RevokeBias", Time since last: 780765295 ns, Reaching safepoint: 340200 ns, At safepoint: 96500 ns, Total: 436700 ns
[2020-03-27T08:22:59.383+0000][1][safepoint    ] Safepoint "RevokeBias", Time since last: 7215500 ns, Reaching safepoint: 321600 ns, At safepoint: 83800 ns, Total: 405400 ns
[2020-03-27T08:23:00.386+0000][1][safepoint    ] Safepoint "Cleanup", Time since last: 1002212694 ns, Reaching safepoint: 423900 ns, At safepoint: 83800 ns, Total: 507700 ns
[2020-03-27T08:23:01.388+0000][1][safepoint    ] Safepoint "Cleanup", Time since last: 1002275388 ns, Reaching safepoint: 320900 ns, At safepoint: 87600 ns, Total: 408500 ns
[2020-03-27T08:23:02.013+0000][1][safepoint    ] Safepoint "RevokeBias", Time since last: 624228789 ns, Reaching safepoint: 98400 ns, At safepoint: 28500 ns, Total: 126900 ns
[2020-03-27T08:23:02.543+0000][1][safepoint    ] Safepoint "RevokeBias", Time since last: 529725090 ns, Reaching safepoint: 114700 ns, At safepoint: 16600 ns, Total: 131300 ns
[2020-03-27T08:23:02.544+0000][1][safepoint    ] Safepoint "RevokeBias", Time since last: 855300 ns, Reaching safepoint: 77900 ns, At safepoint: 11900 ns, Total: 89800 ns
[2020-03-27T08:23:02.545+0000][1][safepoint    ] Safepoint "RevokeBias", Time since last: 1649500 ns, Reaching safepoint: 66400 ns, At safepoint: 21900 ns, Total: 88300 ns
[2020-03-27T08:23:02.546+0000][1][safepoint    ] Safepoint "RevokeBias", Time since last: 652900 ns, Reaching safepoint: 90100 ns, At safepoint: 23800 ns, Total: 113900 ns
[2020-03-27T08:23:02.592+0000][1][safepoint    ] Safepoint "RevokeBias", Time since last: 45591699 ns, Reaching safepoint: 114000 ns, At safepoint: 32400 ns, Total: 146400 ns
[2020-03-27T08:23:03.593+0000][1][safepoint    ] Safepoint "Cleanup", Time since last: 1000800183 ns, Reaching safepoint: 324400 ns, At safepoint: 76700 ns, Total: 401100 ns
[2020-03-27T08:23:04.596+0000][1][safepoint    ] Safepoint "Cleanup", Time since last: 1002321682 ns, Reaching safepoint: 456300 ns, At safepoint: 87500 ns, Total: 543800 ns
[2020-03-27T08:23:05.598+0000][1][safepoint    ] Safepoint "Cleanup", Time since last: 1002283283 ns, Reaching safepoint: 94700 ns, At safepoint: 19300 ns, Total: 114000 ns
[2020-03-27T08:23:06.599+0000][1][safepoint    ] Safepoint "Cleanup", Time since last: 1000843882 ns, Reaching safepoint: 94000 ns, At safepoint: 17000 ns, Total: 111000 ns
[2020-03-27T08:23:07.600+0000][1][safepoint    ] Safepoint "Cleanup", Time since last: 1000695383 ns, Reaching safepoint: 117200 ns, At safepoint: 8000 ns, Total: 125200 ns
[2020-03-27T08:23:08.099+0000][1][safepoint    ] Safepoint "RevokeBias", Time since last: 498701191 ns, Reaching safepoint: 93400 ns, At safepoint: 24200 ns, Total: 117600 ns
[2020-03-27T08:23:08.524+0000][1][safepoint    ] Safepoint "RevokeBias", Time since last: 425143393 ns, Reaching safepoint: 205200 ns, At safepoint: 31000 ns, Total: 236200 ns
[2020-03-27T08:23:08.525+0000][1][safepoint    ] Safepoint "RevokeBias", Time since last: 816600 ns, Reaching safepoint: 170200 ns, At safepoint: 13100 ns, Total: 183300 ns
[2020-03-27T08:23:08.526+0000][1][safepoint    ] Safepoint "RevokeBias", Time since last: 1090100 ns, Reaching safepoint: 55200 ns, At safepoint: 10700 ns, Total: 65900 ns
[2020-03-27T08:23:08.528+0000][1][safepoint    ] Safepoint "RevokeBias", Time since last: 998600 ns, Reaching safepoint: 116400 ns, At safepoint: 11300 ns, Total: 127700 ns
[2020-03-27T08:23:08.569+0000][1][safepoint    ] Safepoint "RevokeBias", Time since last: 41322399 ns, Reaching safepoint: 150700 ns, At safepoint: 31100 ns, Total: 181800 ns
[2020-03-27T08:23:08.630+0000][1][gc,start     ] GC(183) Pause Young (Allocation Failure)
[2020-03-27T08:23:08.631+0000][1][gc,task      ] GC(183) Using 2 workers of 2 for evacuation
[2020-03-27T08:23:08.634+0000][1][gc,age       ] GC(183) Desired survivor size 8716288 bytes, new threshold 6 (max threshold 6)
[2020-03-27T08:23:08.635+0000][1][gc,age       ] GC(183) Age table with threshold 6 (max threshold 6)
[2020-03-27T08:23:08.635+0000][1][gc,age       ] GC(183) - age   1:    1016848 bytes,    1016848 total
[2020-03-27T08:23:08.636+0000][1][gc,age       ] GC(183) - age   2:      13048 bytes,    1029896 total
[2020-03-27T08:23:08.636+0000][1][gc,age       ] GC(183) - age   3:     205624 bytes,    1235520 total
[2020-03-27T08:23:08.637+0000][1][gc,age       ] GC(183) - age   4:     491696 bytes,    1727216 total
[2020-03-27T08:23:08.637+0000][1][gc,age       ] GC(183) - age   5:     145120 bytes,    1872336 total
[2020-03-27T08:23:08.637+0000][1][gc,heap      ] GC(183) ParNew: 141328K->3051K(153344K)
[2020-03-27T08:23:08.638+0000][1][gc,heap      ] GC(183) CMS: 220017K->220017K(353920K)
[2020-03-27T08:23:08.638+0000][1][gc,metaspace ] GC(183) Metaspace: 98040K->98040K(1140736K)
[2020-03-27T08:23:08.639+0000][1][gc           ] GC(183) Pause Young (Allocation Failure) 352M->217M(495M) 8.108ms
[2020-03-27T08:23:08.639+0000][1][gc,cpu       ] GC(183) User=0.00s Sys=0.00s Real=0.01s
[2020-03-27T08:23:08.639+0000][1][safepoint    ] Safepoint "GenCollectForAllocation", Time since last: 61204699 ns, Reaching safepoint: 124800 ns, At safepoint: 8794500 ns, Total: 8919300 ns
[2020-03-27T08:23:09.640+0000][1][safepoint    ] Safepoint "Cleanup", Time since last: 1000308976 ns, Reaching safepoint: 93900 ns, At safepoint: 15900 ns, Total: 109800 ns
[2020-03-27T08:23:10.641+0000][1][safepoint    ] Safepoint "Cleanup", Time since last: 1000812773 ns, Reaching safepoint: 121500 ns, At safepoint: 17800 ns, Total: 139300 ns
[2020-03-27T08:23:11.642+0000][1][safepoint    ] Safepoint "Cleanup", Time since last: 1001079074 ns, Reaching safepoint: 320900 ns, At safepoint: 85700 ns, Total: 406600 ns
[2020-03-27T08:23:12.012+0000][1][safepoint    ] Safepoint "RevokeBias", Time since last: 369283590 ns, Reaching safepoint: 959900 ns, At safepoint: 29200 ns, Total: 989100 ns
[2020-03-27T08:23:12.676+0000][1][safepoint    ] Safepoint "RevokeBias", Time since last: 663442982 ns, Reaching safepoint: 166700 ns, At safepoint: 17900 ns, Total: 184600 ns
[2020-03-27T08:23:12.678+0000][1][safepoint    ] Safepoint "BulkRevokeBias", Time since last: 1029100 ns, Reaching safepoint: 66100 ns, At safepoint: 461900 ns, Total: 528000 ns
[2020-03-27T08:23:12.679+0000][1][safepoint    ] Safepoint "RevokeBias", Time since last: 1453500 ns, Reaching safepoint: 62900 ns, At safepoint: 41400 ns, Total: 104300 ns
[2020-03-27T08:23:12.681+0000][1][safepoint    ] Safepoint "BulkRevokeBias", Time since last: 1136200 ns, Reaching safepoint: 65800 ns, At safepoint: 405200 ns, Total: 471000 ns
[2020-03-27T08:23:12.728+0000][1][safepoint    ] Safepoint "BulkRevokeBias", Time since last: 46324399 ns, Reaching safepoint: 131400 ns, At safepoint: 503800 ns, Total: 635200 ns
[2020-03-27T08:23:12.748+0000][1][safepoint    ] Safepoint "BulkRevokeBias", Time since last: 19401600 ns, Reaching safepoint: 92200 ns, At safepoint: 514400 ns, Total: 606600 ns
[2020-03-27T08:23:13.749+0000][1][safepoint    ] Safepoint "Cleanup", Time since last: 1000759973 ns, Reaching safepoint: 163000 ns, At safepoint: 22100 ns, Total: 185100 ns
[2020-03-27T08:23:14.750+0000][1][safepoint    ] Safepoint "Cleanup", Time since last: 1001126474 ns, Reaching safepoint: 174000 ns, At safepoint: 29200 ns, Total: 203200 ns
[2020-03-27T08:23:15.751+0000][1][safepoint    ] Safepoint "Cleanup", Time since last: 1001218473 ns, Reaching safepoint: 131800 ns, At safepoint: 22000 ns, Total: 153800 ns
[2020-03-27T08:23:16.759+0000][1][safepoint    ] Safepoint "Cleanup", Time since last: 1007027774 ns, Reaching safepoint: 419700 ns, At safepoint: 104200 ns, Total: 523900 ns
[2020-03-27T08:23:17.761+0000][1][safepoint    ] Safepoint "Cleanup", Time since last: 1002043771 ns, Reaching safepoint: 375600 ns, At safepoint: 85200 ns, Total: 460800 ns
[2020-03-27T08:23:18.096+0000][1][safepoint    ] Safepoint "RevokeBias", Time since last: 334222291 ns, Reaching safepoint: 109300 ns, At safepoint: 21900 ns, Total: 131200 ns
[2020-03-27T08:23:19.097+0000][1][safepoint    ] Safepoint "Cleanup", Time since last: 1001225271 ns, Reaching safepoint: 321600 ns, At safepoint: 83700 ns, Total: 405300 ns
[2020-03-27T08:23:20.100+0000][1][safepoint    ] Safepoint "Cleanup", Time since last: 1002307071 ns, Reaching safepoint: 377000 ns, At safepoint: 88500 ns, Total: 465500 ns
[2020-03-27T08:23:21.102+0000][1][safepoint    ] Safepoint "Cleanup", Time since last: 1002119371 ns, Reaching safepoint: 95300 ns, At safepoint: 19800 ns, Total: 115100 ns
[2020-03-27T08:23:22.029+0000][1][safepoint    ] Safepoint "RevokeBias", Time since last: 926612074 ns, Reaching safepoint: 164300 ns, At safepoint: 27000 ns, Total: 191300 ns
[2020-03-27T08:23:23.030+0000][1][safepoint    ] Safepoint "Cleanup", Time since last: 1000456971 ns, Reaching safepoint: 105000 ns, At safepoint: 17900 ns, Total: 122900 ns
[2020-03-27T08:23:24.031+0000][1][safepoint    ] Safepoint "Cleanup", Time since last: 1000763371 ns, Reaching safepoint: 125600 ns, At safepoint: 15000 ns, Total: 140600 ns
[2020-03-27T08:23:25.032+0000][1][safepoint    ] Safepoint "Cleanup", Time since last: 1001099696 ns, Reaching safepoint: 437000 ns, At safepoint: 99100 ns, Total: 536100 ns
[2020-03-27T08:23:26.034+0000][1][safepoint    ] Safepoint "Cleanup", Time since last: 1001814188 ns, Reaching safepoint: 94500 ns, At safepoint: 19500 ns, Total: 114000 ns
[2020-03-27T08:23:27.035+0000][1][safepoint    ] Safepoint "Cleanup", Time since last: 1000739988 ns, Reaching safepoint: 325900 ns, At safepoint: 84000 ns, Total: 409900 ns
[2020-03-27T08:23:28.037+0000][1][safepoint    ] Safepoint "Cleanup", Time since last: 1001812888 ns, Reaching safepoint: 93500 ns, At safepoint: 16500 ns, Total: 110000 ns
[2020-03-27T08:23:28.086+0000][1][gc,start     ] GC(184) Pause Young (Allocation Failure)
[2020-03-27T08:23:28.087+0000][1][gc,task      ] GC(184) Using 2 workers of 2 for evacuation
[2020-03-27T08:23:28.099+0000][1][gc,age       ] GC(184) Desired survivor size 8716288 bytes, new threshold 1 (max threshold 6)
[2020-03-27T08:23:28.100+0000][1][gc,age       ] GC(184) Age table with threshold 1 (max threshold 6)
[2020-03-27T08:23:28.115+0000][1][gc,age       ] GC(184) - age   1:   13811176 bytes,   13811176 total
[2020-03-27T08:23:28.116+0000][1][gc,age       ] GC(184) - age   2:     917672 bytes,   14728848 total
[2020-03-27T08:23:28.116+0000][1][gc,age       ] GC(184) - age   3:      12400 bytes,   14741248 total
[2020-03-27T08:23:28.117+0000][1][gc,age       ] GC(184) - age   4:     204952 bytes,   14946200 total
[2020-03-27T08:23:28.117+0000][1][gc,age       ] GC(184) - age   5:     490152 bytes,   15436352 total
[2020-03-27T08:23:28.118+0000][1][gc,age       ] GC(184) - age   6:     139136 bytes,   15575488 total
[2020-03-27T08:23:28.118+0000][1][gc,heap      ] GC(184) ParNew: 139371K->16659K(153344K)
[2020-03-27T08:23:28.119+0000][1][gc,heap      ] GC(184) CMS: 220017K->220017K(353920K)
[2020-03-27T08:23:28.119+0000][1][gc,metaspace ] GC(184) Metaspace: 98057K->98057K(1140736K)
[2020-03-27T08:23:28.119+0000][1][gc           ] GC(184) Pause Young (Allocation Failure) 350M->231M(495M) 33.515ms
[2020-03-27T08:23:28.120+0000][1][gc,cpu       ] GC(184) User=0.01s Sys=0.00s Real=0.03s
[2020-03-27T08:23:28.120+0000][1][safepoint    ] Safepoint "GenCollectForAllocation", Time since last: 48478314 ns, Reaching safepoint: 110400 ns, At safepoint: 34443810 ns, Total: 34554210 ns
[2020-03-27T08:23:28.178+0000][1][safepoint    ] Safepoint "RevokeBias", Time since last: 57473317 ns, Reaching safepoint: 99700 ns, At safepoint: 24000 ns, Total: 123700 ns
[2020-03-27T08:23:29.179+0000][1][safepoint    ] Safepoint "Cleanup", Time since last: 1000699588 ns, Reaching safepoint: 137900 ns, At safepoint: 30600 ns, Total: 168500 ns
[2020-03-27T08:23:30.180+0000][1][safepoint    ] Safepoint "Cleanup", Time since last: 1001258988 ns, Reaching safepoint: 116200 ns, At safepoint: 44300 ns, Total: 160500 ns
[2020-03-27T08:23:31.182+0000][1][safepoint    ] Safepoint "Cleanup", Time since last: 1001148188 ns, Reaching safepoint: 136000 ns, At safepoint: 70300 ns, Total: 206300 ns
[2020-03-27T08:23:32.045+0000][1][safepoint    ] Safepoint "RevokeBias", Time since last: 863344448 ns, Reaching safepoint: 112800 ns, At safepoint: 16700 ns, Total: 129500 ns
[2020-03-27T08:23:33.046+0000][1][safepoint    ] Safepoint "Cleanup", Time since last: 1000731270 ns, Reaching safepoint: 375500 ns, At safepoint: 89600 ns, Total: 465100 ns
[2020-03-27T08:23:34.048+0000][1][safepoint    ] Safepoint "Cleanup", Time since last: 1001962731 ns, Reaching safepoint: 96200 ns, At safepoint: 16600 ns, Total: 112800 ns
[2020-03-27T08:23:35.049+0000][1][safepoint    ] Safepoint "Cleanup", Time since last: 1000744831 ns, Reaching safepoint: 363600 ns, At safepoint: 83800 ns, Total: 447400 ns
[2020-03-27T08:23:36.052+0000][1][safepoint    ] Safepoint "Cleanup", Time since last: 1002329231 ns, Reaching safepoint: 361200 ns, At safepoint: 85500 ns, Total: 446700 ns
[2020-03-27T08:23:37.055+0000][1][safepoint    ] Safepoint "Cleanup", Time since last: 1002358732 ns, Reaching safepoint: 366900 ns, At safepoint: 86600 ns, Total: 453500 ns
[2020-03-27T08:23:38.058+0000][1][safepoint    ] Safepoint "Cleanup", Time since last: 1002546031 ns, Reaching safepoint: 327100 ns, At safepoint: 84800 ns, Total: 411900 ns
[2020-03-27T08:23:38.100+0000][1][safepoint    ] Safepoint "RevokeBias", Time since last: 41395201 ns, Reaching safepoint: 119700 ns, At safepoint: 24000 ns, Total: 143700 ns
[2020-03-27T08:23:39.101+0000][1][safepoint    ] Safepoint "Cleanup", Time since last: 1001233432 ns, Reaching safepoint: 327400 ns, At safepoint: 87300 ns, Total: 414700 ns
[2020-03-27T08:23:40.104+0000][1][safepoint    ] Safepoint "Cleanup", Time since last: 1002510231 ns, Reaching safepoint: 383800 ns, At safepoint: 83400 ns, Total: 467200 ns
[2020-03-27T08:23:41.106+0000][1][safepoint    ] Safepoint "Cleanup", Time since last: 1002105624 ns, Reaching safepoint: 116700 ns, At safepoint: 24000 ns, Total: 140700 ns
[2020-03-27T08:23:42.034+0000][1][safepoint    ] Safepoint "RevokeBias", Time since last: 927522869 ns, Reaching safepoint: 162100 ns, At safepoint: 36700 ns, Total: 198800 ns
[2020-03-27T08:23:43.036+0000][1][safepoint    ] Safepoint "Cleanup", Time since last: 1001049867 ns, Reaching safepoint: 504900 ns, At safepoint: 80400 ns, Total: 585300 ns
[2020-03-27T08:23:43.801+0000][1][safepoint    ] Safepoint "RevokeBias", Time since last: 765089375 ns, Reaching safepoint: 401500 ns, At safepoint: 21000 ns, Total: 422500 ns
[2020-03-27T08:23:43.802+0000][1][safepoint    ] Safepoint "RevokeBias", Time since last: 694900 ns, Reaching safepoint: 150000 ns, At safepoint: 23000 ns, Total: 173000 ns
[2020-03-27T08:23:43.804+0000][1][safepoint    ] Safepoint "RevokeBias", Time since last: 1550300 ns, Reaching safepoint: 148900 ns, At safepoint: 22400 ns, Total: 171300 ns
[2020-03-27T08:23:43.805+0000][1][safepoint    ] Safepoint "RevokeBias", Time since last: 899000 ns, Reaching safepoint: 192400 ns, At safepoint: 12000 ns, Total: 204400 ns
[2020-03-27T08:23:43.843+0000][1][safepoint    ] Safepoint "RevokeBias", Time since last: 37794899 ns, Reaching safepoint: 167900 ns, At safepoint: 19500 ns, Total: 187400 ns
[2020-03-27T08:23:43.872+0000][1][safepoint    ] Safepoint "RevokeBias", Time since last: 29295199 ns, Reaching safepoint: 174900 ns, At safepoint: 28100 ns, Total: 203000 ns
[2020-03-27T08:23:43.873+0000][1][safepoint    ] Safepoint "RevokeBias", Time since last: 607500 ns, Reaching safepoint: 142600 ns, At safepoint: 31300 ns, Total: 173900 ns
[2020-03-27T08:23:43.883+0000][1][safepoint    ] Safepoint "RevokeBias", Time since last: 9998199 ns, Reaching safepoint: 146700 ns, At safepoint: 34900 ns, Total: 181600 ns
[2020-03-27T08:23:43.901+0000][1][safepoint    ] Safepoint "GenCollectForAllocation", Time since last: 17116600 ns, Reaching safepoint: 187900 ns, At safepoint: 341100 ns, Total: 529000 ns
[2020-03-27T08:23:43.906+0000][1][gc,start     ] GC(185) Pause Young (GCLocker Initiated GC)
[2020-03-27T08:23:43.906+0000][1][gc,task      ] GC(185) Using 2 workers of 2 for evacuation
[2020-03-27T08:23:44.017+0000][1][gc,age       ] GC(185) Desired survivor size 8716288 bytes, new threshold 6 (max threshold 6)
[2020-03-27T08:23:44.018+0000][1][gc,age       ] GC(185) Age table with threshold 6 (max threshold 6)
[2020-03-27T08:23:44.018+0000][1][gc,age       ] GC(185) - age   1:    2123784 bytes,    2123784 total
[2020-03-27T08:23:44.018+0000][1][gc,heap      ] GC(185) ParNew: 152979K->11745K(153344K)
[2020-03-27T08:23:44.019+0000][1][gc,heap      ] GC(185) CMS: 220529K->231646K(353920K)
[2020-03-27T08:23:44.019+0000][1][gc,metaspace ] GC(185) Metaspace: 98072K->98072K(1140736K)
[2020-03-27T08:23:44.020+0000][1][gc           ] GC(185) Pause Young (GCLocker Initiated GC) 364M->237M(495M) 113.688ms
[2020-03-27T08:23:44.020+0000][1][gc,cpu       ] GC(185) User=0.03s Sys=0.03s Real=0.11s
[2020-03-27T08:23:44.021+0000][1][safepoint    ] Safepoint "GenCollectFull", Time since last: 458700 ns, Reaching safepoint: 4420399 ns, At safepoint: 114617597 ns, Total: 119037996 ns
[2020-03-27T08:23:44.032+0000][1][safepoint    ] Safepoint "RevokeBias", Time since last: 11004699 ns, Reaching safepoint: 211900 ns, At safepoint: 62100 ns, Total: 274000 ns
[2020-03-27T08:23:44.033+0000][1][safepoint    ] Safepoint "RevokeBias", Time since last: 742100 ns, Reaching safepoint: 126700 ns, At safepoint: 14800 ns, Total: 141500 ns
[2020-03-27T08:23:44.034+0000][1][safepoint    ] Safepoint "RevokeBias", Time since last: 1460200 ns, Reaching safepoint: 129400 ns, At safepoint: 49800 ns, Total: 179200 ns
[2020-03-27T08:23:44.036+0000][1][safepoint    ] Safepoint "RevokeBias", Time since last: 1177900 ns, Reaching safepoint: 113100 ns, At safepoint: 18600 ns, Total: 131700 ns
[2020-03-27T08:23:44.103+0000][1][safepoint    ] Safepoint "RevokeBias", Time since last: 66972498 ns, Reaching safepoint: 138400 ns, At safepoint: 31300 ns, Total: 169700 ns
[2020-03-27T08:23:44.160+0000][1][safepoint    ] Safepoint "RevokeBias", Time since last: 57115698 ns, Reaching safepoint: 185900 ns, At safepoint: 46500 ns, Total: 232400 ns
[2020-03-27T08:23:44.161+0000][1][safepoint    ] Safepoint "RevokeBias", Time since last: 384600 ns, Reaching safepoint: 164900 ns, At safepoint: 28700 ns, Total: 193600 ns
[2020-03-27T08:23:44.247+0000][1][safepoint    ] Safepoint "RevokeBias", Time since last: 85817797 ns, Reaching safepoint: 152200 ns, At safepoint: 17200 ns, Total: 169400 ns
[2020-03-27T08:23:44.247+0000][1][safepoint    ] Safepoint "RevokeBias", Time since last: 349800 ns, Reaching safepoint: 97000 ns, At safepoint: 20600 ns, Total: 117600 ns
[2020-03-27T08:23:44.248+0000][1][safepoint    ] Safepoint "RevokeBias", Time since last: 338100 ns, Reaching safepoint: 63700 ns, At safepoint: 20300 ns, Total: 84000 ns
[2020-03-27T08:23:44.248+0000][1][safepoint    ] Safepoint "RevokeBias", Time since last: 320000 ns, Reaching safepoint: 69400 ns, At safepoint: 19200 ns, Total: 88600 ns
[2020-03-27T08:23:44.248+0000][1][safepoint    ] Safepoint "RevokeBias", Time since last: 365800 ns, Reaching safepoint: 50900 ns, At safepoint: 19800 ns, Total: 70700 ns
[2020-03-27T08:23:44.249+0000][1][safepoint    ] Safepoint "RevokeBias", Time since last: 392500 ns, Reaching safepoint: 54900 ns, At safepoint: 21200 ns, Total: 76100 ns
[2020-03-27T08:23:44.249+0000][1][safepoint    ] Safepoint "RevokeBias", Time since last: 306900 ns, Reaching safepoint: 69000 ns, At safepoint: 18500 ns, Total: 87500 ns
[2020-03-27T08:23:44.706+0000][1][safepoint    ] Safepoint "RevokeBias", Time since last: 456679085 ns, Reaching safepoint: 303800 ns, At safepoint: 32300 ns, Total: 336100 ns
[2020-03-27T08:23:44.707+0000][1][safepoint    ] Safepoint "RevokeBias", Time since last: 657500 ns, Reaching safepoint: 237500 ns, At safepoint: 13000 ns, Total: 250500 ns
[2020-03-27T08:23:44.708+0000][1][safepoint    ] Safepoint "RevokeBias", Time since last: 370500 ns, Reaching safepoint: 58300 ns, At safepoint: 21700 ns, Total: 80000 ns
[2020-03-27T08:23:44.709+0000][1][safepoint    ] Safepoint "RevokeBias", Time since last: 1061700 ns, Reaching safepoint: 74100 ns, At safepoint: 19100 ns, Total: 93200 ns
[2020-03-27T08:23:44.710+0000][1][safepoint    ] Safepoint "RevokeBias", Time since last: 595000 ns, Reaching safepoint: 83700 ns, At safepoint: 10500 ns, Total: 94200 ns
[2020-03-27T08:23:44.752+0000][1][safepoint    ] Safepoint "RevokeBias", Time since last: 41990598 ns, Reaching safepoint: 142900 ns, At safepoint: 28600 ns, Total: 171500 ns
[2020-03-27T08:23:44.823+0000][1][safepoint    ] Safepoint "BulkRevokeBias", Time since last: 70495198 ns, Reaching safepoint: 191100 ns, At safepoint: 507900 ns, Total: 699000 ns
[2020-03-27T08:23:44.827+0000][1][safepoint    ] Safepoint "RevokeBias", Time since last: 4185200 ns, Reaching safepoint: 113800 ns, At safepoint: 83500 ns, Total: 197300 ns
[2020-03-27T08:23:44.876+0000][1][safepoint    ] Safepoint "RevokeBias", Time since last: 48495398 ns, Reaching safepoint: 89300 ns, At safepoint: 16400 ns, Total: 105700 ns
[2020-03-27T08:23:44.906+0000][1][safepoint    ] Safepoint "RevokeBias", Time since last: 29668799 ns, Reaching safepoint: 126300 ns, At safepoint: 27500 ns, Total: 153800 ns
[2020-03-27T08:23:45.164+0000][1][gc,start     ] GC(186) Pause Young (Allocation Failure)
[2020-03-27T08:23:45.164+0000][1][gc,task      ] GC(186) Using 2 workers of 2 for evacuation
[2020-03-27T08:23:45.170+0000][1][gc,age       ] GC(186) Desired survivor size 8716288 bytes, new threshold 6 (max threshold 6)
[2020-03-27T08:23:45.171+0000][1][gc,age       ] GC(186) Age table with threshold 6 (max threshold 6)
[2020-03-27T08:23:45.171+0000][1][gc,age       ] GC(186) - age   1:    2305448 bytes,    2305448 total
[2020-03-27T08:23:45.172+0000][1][gc,age       ] GC(186) - age   2:     924776 bytes,    3230224 total
[2020-03-27T08:23:45.172+0000][1][gc,heap      ] GC(186) ParNew: 148065K->3325K(153344K)
[2020-03-27T08:23:45.172+0000][1][gc,heap      ] GC(186) CMS: 231646K->231646K(353920K)
[2020-03-27T08:23:45.173+0000][1][gc,metaspace ] GC(186) Metaspace: 98088K->98088K(1140736K)
[2020-03-27T08:23:45.173+0000][1][gc           ] GC(186) Pause Young (Allocation Failure) 370M->229M(495M) 9.572ms
[2020-03-27T08:23:45.174+0000][1][gc,cpu       ] GC(186) User=0.00s Sys=0.00s Real=0.01s
[2020-03-27T08:23:45.174+0000][1][safepoint    ] Safepoint "GenCollectForAllocation", Time since last: 257813892 ns, Reaching safepoint: 221200 ns, At safepoint: 10479000 ns, Total: 10700200 ns
[2020-03-27T08:23:45.195+0000][1][safepoint    ] Safepoint "RevokeBias", Time since last: 20440199 ns, Reaching safepoint: 227400 ns, At safepoint: 22500 ns, Total: 249900 ns
[2020-03-27T08:23:45.196+0000][1][safepoint    ] Safepoint "RevokeBias", Time since last: 515800 ns, Reaching safepoint: 87100 ns, At safepoint: 11500 ns, Total: 98600 ns
[2020-03-27T08:23:45.197+0000][1][safepoint    ] Safepoint "RevokeBias", Time since last: 1481100 ns, Reaching safepoint: 71800 ns, At safepoint: 13000 ns, Total: 84800 ns
[2020-03-27T08:23:45.198+0000][1][safepoint    ] Safepoint "RevokeBias", Time since last: 1096600 ns, Reaching safepoint: 75700 ns, At safepoint: 11800 ns, Total: 87500 ns
[2020-03-27T08:23:45.263+0000][1][safepoint    ] Safepoint "RevokeBias", Time since last: 64893898 ns, Reaching safepoint: 179300 ns, At safepoint: 49700 ns, Total: 229000 ns
[2020-03-27T08:23:45.264+0000][1][safepoint    ] Safepoint "RevokeBias", Time since last: 702400 ns, Reaching safepoint: 102400 ns, At safepoint: 18500 ns, Total: 120900 ns
[2020-03-27T08:23:45.266+0000][1][safepoint    ] Safepoint "RevokeBias", Time since last: 1487499 ns, Reaching safepoint: 81000 ns, At safepoint: 13600 ns, Total: 94600 ns
[2020-03-27T08:23:45.267+0000][1][safepoint    ] Safepoint "RevokeBias", Time since last: 1007700 ns, Reaching safepoint: 144700 ns, At safepoint: 27400 ns, Total: 172100 ns
[2020-03-27T08:23:45.369+0000][1][safepoint    ] Safepoint "RevokeBias", Time since last: 102379097 ns, Reaching safepoint: 96700 ns, At safepoint: 8900 ns, Total: 105600 ns
[2020-03-27T08:23:45.391+0000][1][safepoint    ] Safepoint "RevokeBias", Time since last: 21176099 ns, Reaching safepoint: 200500 ns, At safepoint: 19600 ns, Total: 220100 ns
[2020-03-27T08:23:46.392+0000][1][safepoint    ] Safepoint "Cleanup", Time since last: 1000804767 ns, Reaching safepoint: 379500 ns, At safepoint: 81200 ns, Total: 460700 ns
[2020-03-27T08:23:47.394+0000][1][safepoint    ] Safepoint "Cleanup", Time since last: 1002050767 ns, Reaching safepoint: 91800 ns, At safepoint: 31100 ns, Total: 122900 ns
[2020-03-27T08:23:48.138+0000][1][safepoint    ] Safepoint "RevokeBias", Time since last: 743638576 ns, Reaching safepoint: 99600 ns, At safepoint: 23700 ns, Total: 123300 ns
[2020-03-27T08:23:48.871+0000][1][safepoint    ] Safepoint "RevokeBias", Time since last: 732390275 ns, Reaching safepoint: 241700 ns, At safepoint: 21800 ns, Total: 263500 ns
[2020-03-27T08:23:48.872+0000][1][safepoint    ] Safepoint "RevokeBias", Time since last: 1014000 ns, Reaching safepoint: 72200 ns, At safepoint: 22200 ns, Total: 94400 ns
[2020-03-27T08:23:48.873+0000][1][safepoint    ] Safepoint "RevokeBias", Time since last: 1303200 ns, Reaching safepoint: 63000 ns, At safepoint: 12300 ns, Total: 75300 ns
[2020-03-27T08:23:48.875+0000][1][safepoint    ] Safepoint "RevokeBias", Time since last: 1206500 ns, Reaching safepoint: 58700 ns, At safepoint: 25000 ns, Total: 83700 ns
[2020-03-27T08:23:48.917+0000][1][safepoint    ] Safepoint "RevokeBias", Time since last: 42730599 ns, Reaching safepoint: 96300 ns, At safepoint: 16200 ns, Total: 112500 ns
[2020-03-27T08:23:49.919+0000][1][safepoint    ] Safepoint "Cleanup", Time since last: 1000804487 ns, Reaching safepoint: 318400 ns, At safepoint: 154900 ns, Total: 473300 ns
[2020-03-27T08:23:50.921+0000][1][safepoint    ] Safepoint "Cleanup", Time since last: 1002078889 ns, Reaching safepoint: 315700 ns, At safepoint: 79600 ns, Total: 395300 ns
[2020-03-27T08:23:51.923+0000][1][safepoint    ] Safepoint "Cleanup", Time since last: 1002042588 ns, Reaching safepoint: 98700 ns, At safepoint: 18700 ns, Total: 117400 ns
[2020-03-27T08:23:52.049+0000][1][safepoint    ] Safepoint "RevokeBias", Time since last: 125305499 ns, Reaching safepoint: 234700 ns, At safepoint: 18400 ns, Total: 253100 ns
[2020-03-27T08:23:52.990+0000][1][gc,start     ] GC(187) Pause Young (Allocation Failure)
[2020-03-27T08:23:52.990+0000][1][gc,task      ] GC(187) Using 2 workers of 2 for evacuation
[2020-03-27T08:23:52.998+0000][1][gc,age       ] GC(187) Desired survivor size 8716288 bytes, new threshold 6 (max threshold 6)
[2020-03-27T08:23:52.998+0000][1][gc,age       ] GC(187) Age table with threshold 6 (max threshold 6)
[2020-03-27T08:23:52.999+0000][1][gc,age       ] GC(187) - age   1:    4847624 bytes,    4847624 total
[2020-03-27T08:23:52.999+0000][1][gc,age       ] GC(187) - age   2:     942560 bytes,    5790184 total
[2020-03-27T08:23:53.000+0000][1][gc,age       ] GC(187) - age   3:     152112 bytes,    5942296 total
[2020-03-27T08:23:53.000+0000][1][gc,heap      ] GC(187) ParNew: 139227K->6394K(153344K)
[2020-03-27T08:23:53.001+0000][1][gc,heap      ] GC(187) CMS: 231646K->231646K(353920K)
[2020-03-27T08:23:53.001+0000][1][gc,metaspace ] GC(187) Metaspace: 98115K->98115K(1140736K)
[2020-03-27T08:23:53.002+0000][1][gc           ] GC(187) Pause Young (Allocation Failure) 362M->232M(495M) 12.166ms
[2020-03-27T08:23:53.002+0000][1][gc,cpu       ] GC(187) User=0.01s Sys=0.00s Real=0.01s
[2020-03-27T08:23:53.003+0000][1][safepoint    ] Safepoint "GenCollectForAllocation", Time since last: 940658890 ns, Reaching safepoint: 180600 ns, At safepoint: 13100200 ns, Total: 13280800 ns
[2020-03-27T08:23:53.015+0000][1][safepoint    ] Safepoint "RevokeBias", Time since last: 12132799 ns, Reaching safepoint: 121900 ns, At safepoint: 31100 ns, Total: 153000 ns
[2020-03-27T08:23:53.016+0000][1][safepoint    ] Safepoint "RevokeBias", Time since last: 843900 ns, Reaching safepoint: 65400 ns, At safepoint: 11600 ns, Total: 77000 ns
[2020-03-27T08:23:53.017+0000][1][safepoint    ] Safepoint "RevokeBias", Time since last: 1267100 ns, Reaching safepoint: 83200 ns, At safepoint: 20800 ns, Total: 104000 ns
[2020-03-27T08:23:53.018+0000][1][safepoint    ] Safepoint "RevokeBias", Time since last: 996000 ns, Reaching safepoint: 60600 ns, At safepoint: 21700 ns, Total: 82300 ns
[2020-03-27T08:23:53.058+0000][1][safepoint    ] Safepoint "RevokeBias", Time since last: 39010400 ns, Reaching safepoint: 108000 ns, At safepoint: 26700 ns, Total: 134700 ns
[2020-03-27T08:23:54.059+0000][1][safepoint    ] Safepoint "Cleanup", Time since last: 1000866889 ns, Reaching safepoint: 398100 ns, At safepoint: 119800 ns, Total: 517900 ns
[2020-03-27T08:23:55.062+0000][1][safepoint    ] Safepoint "Cleanup", Time since last: 1002199689 ns, Reaching safepoint: 314400 ns, At safepoint: 150500 ns, Total: 464900 ns
[2020-03-27T08:23:56.064+0000][1][safepoint    ] Safepoint "Cleanup", Time since last: 1002212189 ns, Reaching safepoint: 321300 ns, At safepoint: 83400 ns, Total: 404700 ns
[2020-03-27T08:23:57.069+0000][1][safepoint    ] Safepoint "Cleanup", Time since last: 1004404088 ns, Reaching safepoint: 361400 ns, At safepoint: 83700 ns, Total: 445100 ns
[2020-03-27T08:23:58.072+0000][1][safepoint    ] Safepoint "Cleanup", Time since last: 1002472687 ns, Reaching safepoint: 497100 ns, At safepoint: 92500 ns, Total: 589600 ns
[2020-03-27T08:23:58.150+0000][1][safepoint    ] Safepoint "BulkRevokeBias", Time since last: 77735399 ns, Reaching safepoint: 95800 ns, At safepoint: 432400 ns, Total: 528200 ns
[2020-03-27T08:23:59.017+0000][1][safepoint    ] Safepoint "RevokeBias", Time since last: 866655088 ns, Reaching safepoint: 120600 ns, At safepoint: 16600 ns, Total: 137200 ns
[2020-03-27T08:23:59.018+0000][1][safepoint    ] Safepoint "RevokeBias", Time since last: 886600 ns, Reaching safepoint: 69500 ns, At safepoint: 12800 ns, Total: 82300 ns
[2020-03-27T08:23:59.020+0000][1][safepoint    ] Safepoint "RevokeBias", Time since last: 1518200 ns, Reaching safepoint: 112700 ns, At safepoint: 21900 ns, Total: 134600 ns
[2020-03-27T08:23:59.020+0000][1][safepoint    ] Safepoint "RevokeBias", Time since last: 499000 ns, Reaching safepoint: 61600 ns, At safepoint: 23000 ns, Total: 84600 ns
[2020-03-27T08:23:59.061+0000][1][safepoint    ] Safepoint "RevokeBias", Time since last: 40927899 ns, Reaching safepoint: 93800 ns, At safepoint: 33100 ns, Total: 126900 ns
[2020-03-27T08:24:00.063+0000][1][safepoint    ] Safepoint "Cleanup", Time since last: 1000985087 ns, Reaching safepoint: 448300 ns, At safepoint: 80000 ns, Total: 528300 ns
[2020-03-27T08:24:00.185+0000][1][gc,start     ] GC(188) Pause Young (Allocation Failure)
[2020-03-27T08:24:00.186+0000][1][gc,task      ] GC(188) Using 2 workers of 2 for evacuation
[2020-03-27T08:24:00.192+0000][1][gc,age       ] GC(188) Desired survivor size 8716288 bytes, new threshold 6 (max threshold 6)
[2020-03-27T08:24:00.193+0000][1][gc,age       ] GC(188) Age table with threshold 6 (max threshold 6)
[2020-03-27T08:24:00.193+0000][1][gc,age       ] GC(188) - age   1:     857736 bytes,     857736 total
[2020-03-27T08:24:00.194+0000][1][gc,age       ] GC(188) - age   2:     486144 bytes,    1343880 total
[2020-03-27T08:24:00.194+0000][1][gc,age       ] GC(188) - age   3:     938272 bytes,    2282152 total
[2020-03-27T08:24:00.194+0000][1][gc,age       ] GC(188) - age   4:     151880 bytes,    2434032 total
[2020-03-27T08:24:00.195+0000][1][gc,heap      ] GC(188) ParNew: 142714K->5151K(153344K)
[2020-03-27T08:24:00.195+0000][1][gc,heap      ] GC(188) CMS: 231646K->231646K(353920K)
[2020-03-27T08:24:00.196+0000][1][gc,metaspace ] GC(188) Metaspace: 98115K->98115K(1140736K)
[2020-03-27T08:24:00.197+0000][1][gc           ] GC(188) Pause Young (Allocation Failure) 365M->231M(495M) 11.383ms
[2020-03-27T08:24:00.197+0000][1][gc,cpu       ] GC(188) User=0.01s Sys=0.00s Real=0.02s
[2020-03-27T08:24:00.198+0000][1][safepoint    ] Safepoint "GenCollectForAllocation", Time since last: 122153698 ns, Reaching safepoint: 92000 ns, At safepoint: 12347200 ns, Total: 12439200 ns
[2020-03-27T08:24:01.199+0000][1][safepoint    ] Safepoint "Cleanup", Time since last: 1000985586 ns, Reaching safepoint: 92600 ns, At safepoint: 19300 ns, Total: 111900 ns
[2020-03-27T08:24:02.070+0000][1][safepoint    ] Safepoint "RevokeBias", Time since last: 871654788 ns, Reaching safepoint: 113300 ns, At safepoint: 15600 ns, Total: 128900 ns
[2020-03-27T08:24:02.135+0000][1][safepoint    ] Safepoint "RevokeBias", Time since last: 64159100 ns, Reaching safepoint: 195300 ns, At safepoint: 32900 ns, Total: 228200 ns
[2020-03-27T08:24:02.136+0000][1][safepoint    ] Safepoint "RevokeBias", Time since last: 605199 ns, Reaching safepoint: 99300 ns, At safepoint: 21900 ns, Total: 121200 ns
[2020-03-27T08:24:02.137+0000][1][safepoint    ] Safepoint "RevokeBias", Time since last: 1624100 ns, Reaching safepoint: 90700 ns, At safepoint: 20700 ns, Total: 111400 ns
[2020-03-27T08:24:02.139+0000][1][safepoint    ] Safepoint "RevokeBias", Time since last: 1164000 ns, Reaching safepoint: 119600 ns, At safepoint: 29100 ns, Total: 148700 ns
[2020-03-27T08:24:02.179+0000][1][safepoint    ] Safepoint "RevokeBias", Time since last: 40306400 ns, Reaching safepoint: 95000 ns, At safepoint: 17000 ns, Total: 112000 ns
[2020-03-27T08:24:03.180+0000][1][safepoint    ] Safepoint "Cleanup", Time since last: 1000885086 ns, Reaching safepoint: 325200 ns, At safepoint: 124700 ns, Total: 449900 ns
[2020-03-27T08:24:04.183+0000][1][safepoint    ] Safepoint "Cleanup", Time since last: 1002420487 ns, Reaching safepoint: 316400 ns, At safepoint: 86800 ns, Total: 403200 ns
[2020-03-27T08:24:05.186+0000][1][safepoint    ] Safepoint "Cleanup", Time since last: 1002159785 ns, Reaching safepoint: 402600 ns, At safepoint: 82000 ns, Total: 484600 ns
[2020-03-27T08:24:06.189+0000][1][safepoint    ] Safepoint "Cleanup", Time since last: 1002414477 ns, Reaching safepoint: 405100 ns, At safepoint: 82800 ns, Total: 487900 ns
[2020-03-27T08:24:07.191+0000][1][safepoint    ] Safepoint "Cleanup", Time since last: 1002217077 ns, Reaching safepoint: 320000 ns, At safepoint: 84100 ns, Total: 404100 ns
[2020-03-27T08:24:08.101+0000][1][safepoint    ] Safepoint "RevokeBias", Time since last: 909825679 ns, Reaching safepoint: 90500 ns, At safepoint: 23600 ns, Total: 114100 ns
[2020-03-27T08:24:08.161+0000][1][safepoint    ] Safepoint "RevokeBias", Time since last: 59182198 ns, Reaching safepoint: 118800 ns, At safepoint: 28100 ns, Total: 146900 ns
[2020-03-27T08:24:08.162+0000][1][safepoint    ] Safepoint "BulkRevokeBias", Time since last: 1197300 ns, Reaching safepoint: 132100 ns, At safepoint: 394100 ns, Total: 526200 ns
[2020-03-27T08:24:08.164+0000][1][safepoint    ] Safepoint "RevokeBias", Time since last: 1089900 ns, Reaching safepoint: 82600 ns, At safepoint: 20600 ns, Total: 103200 ns
[2020-03-27T08:24:08.165+0000][1][safepoint    ] Safepoint "BulkRevokeBias", Time since last: 523400 ns, Reaching safepoint: 57200 ns, At safepoint: 547100 ns, Total: 604300 ns
[2020-03-27T08:24:08.208+0000][1][safepoint    ] Safepoint "RevokeBias", Time since last: 43529499 ns, Reaching safepoint: 124500 ns, At safepoint: 19300 ns, Total: 143800 ns
[2020-03-27T08:24:09.209+0000][1][safepoint    ] Safepoint "Cleanup", Time since last: 1000706477 ns, Reaching safepoint: 321500 ns, At safepoint: 87300 ns, Total: 408800 ns
[2020-03-27T08:24:10.212+0000][1][safepoint    ] Safepoint "Cleanup", Time since last: 1002233177 ns, Reaching safepoint: 126400 ns, At safepoint: 31300 ns, Total: 157700 ns
[2020-03-27T08:24:11.165+0000][1][gc,start     ] GC(189) Pause Young (Allocation Failure)
[2020-03-27T08:24:11.165+0000][1][gc,task      ] GC(189) Using 2 workers of 2 for evacuation
[2020-03-27T08:24:11.172+0000][1][gc,age       ] GC(189) Desired survivor size 8716288 bytes, new threshold 6 (max threshold 6)
[2020-03-27T08:24:11.172+0000][1][gc,age       ] GC(189) Age table with threshold 6 (max threshold 6)
[2020-03-27T08:24:11.173+0000][1][gc,age       ] GC(189) - age   1:     933328 bytes,     933328 total
[2020-03-27T08:24:11.173+0000][1][gc,age       ] GC(189) - age   2:     560192 bytes,    1493520 total
[2020-03-27T08:24:11.174+0000][1][gc,age       ] GC(189) - age   3:     481056 bytes,    1974576 total
[2020-03-27T08:24:11.174+0000][1][gc,age       ] GC(189) - age   4:     938112 bytes,    2912688 total
[2020-03-27T08:24:11.175+0000][1][gc,age       ] GC(189) - age   5:     149552 bytes,    3062240 total
[2020-03-27T08:24:11.176+0000][1][gc,heap      ] GC(189) ParNew: 141471K->3268K(153344K)
[2020-03-27T08:24:11.176+0000][1][gc,heap      ] GC(189) CMS: 231646K->231646K(353920K)
[2020-03-27T08:24:11.176+0000][1][gc,metaspace ] GC(189) Metaspace: 98123K->98123K(1140736K)
[2020-03-27T08:24:11.177+0000][1][gc           ] GC(189) Pause Young (Allocation Failure) 364M->229M(495M) 12.260ms
[2020-03-27T08:24:11.177+0000][1][gc,cpu       ] GC(189) User=0.00s Sys=0.00s Real=0.02s
[2020-03-27T08:24:11.178+0000][1][safepoint    ] Safepoint "GenCollectForAllocation", Time since last: 952705378 ns, Reaching safepoint: 103200 ns, At safepoint: 13156400 ns, Total: 13259600 ns
[2020-03-27T08:24:12.086+0000][1][safepoint    ] Safepoint "RevokeBias", Time since last: 906889379 ns, Reaching safepoint: 892700 ns, At safepoint: 19300 ns, Total: 912000 ns
[2020-03-27T08:24:12.292+0000][1][safepoint    ] Safepoint "RevokeBias", Time since last: 206268695 ns, Reaching safepoint: 117900 ns, At safepoint: 32900 ns, Total: 150800 ns
[2020-03-27T08:24:12.293+0000][1][safepoint    ] Safepoint "RevokeBias", Time since last: 838200 ns, Reaching safepoint: 194200 ns, At safepoint: 12900 ns, Total: 207100 ns
[2020-03-27T08:24:12.294+0000][1][safepoint    ] Safepoint "RevokeBias", Time since last: 1173000 ns, Reaching safepoint: 59300 ns, At safepoint: 21900 ns, Total: 81200 ns
[2020-03-27T08:24:12.295+0000][1][safepoint    ] Safepoint "RevokeBias", Time since last: 877100 ns, Reaching safepoint: 62400 ns, At safepoint: 20400 ns, Total: 82800 ns
[2020-03-27T08:24:12.335+0000][1][safepoint    ] Safepoint "RevokeBias", Time since last: 39637799 ns, Reaching safepoint: 98900 ns, At safepoint: 17400 ns, Total: 116300 ns
[2020-03-27T08:24:13.336+0000][1][safepoint    ] Safepoint "Cleanup", Time since last: 1000887978 ns, Reaching safepoint: 319400 ns, At safepoint: 86200 ns, Total: 405600 ns
[2020-03-27T08:24:14.339+0000][1][safepoint    ] Safepoint "Cleanup", Time since last: 1002326581 ns, Reaching safepoint: 318100 ns, At safepoint: 157900 ns, Total: 476000 ns
[2020-03-27T08:24:15.342+0000][1][safepoint    ] Safepoint "Cleanup", Time since last: 1002451881 ns, Reaching safepoint: 373400 ns, At safepoint: 31700 ns, Total: 405100 ns
[2020-03-27T08:24:16.345+0000][1][safepoint    ] Safepoint "Cleanup", Time since last: 1002261781 ns, Reaching safepoint: 453500 ns, At safepoint: 87700 ns, Total: 541200 ns
[2020-03-27T08:24:17.347+0000][1][safepoint    ] Safepoint "Cleanup", Time since last: 1002177681 ns, Reaching safepoint: 331300 ns, At safepoint: 87500 ns, Total: 418800 ns
[2020-03-27T08:24:18.130+0000][1][safepoint    ] Safepoint "RevokeBias", Time since last: 782256385 ns, Reaching safepoint: 98200 ns, At safepoint: 26000 ns, Total: 124200 ns
[2020-03-27T08:24:19.131+0000][1][safepoint    ] Safepoint "Cleanup", Time since last: 1000765181 ns, Reaching safepoint: 321000 ns, At safepoint: 82800 ns, Total: 403800 ns
[2020-03-27T08:24:20.133+0000][1][safepoint    ] Safepoint "Cleanup", Time since last: 1002067881 ns, Reaching safepoint: 159200 ns, At safepoint: 36100 ns, Total: 195300 ns
[2020-03-27T08:24:21.135+0000][1][safepoint    ] Safepoint "Cleanup", Time since last: 1001410882 ns, Reaching safepoint: 103700 ns, At safepoint: 18200 ns, Total: 121900 ns
[2020-03-27T08:24:22.136+0000][1][safepoint    ] Safepoint "Cleanup", Time since last: 1000672300 ns, Reaching safepoint: 125800 ns, At safepoint: 15600 ns, Total: 141400 ns
[2020-03-27T08:24:22.151+0000][1][safepoint    ] Safepoint "RevokeBias", Time since last: 15151700 ns, Reaching safepoint: 195300 ns, At safepoint: 29200 ns, Total: 224500 ns
[2020-03-27T08:24:23.152+0000][1][safepoint    ] Safepoint "Cleanup", Time since last: 1000929801 ns, Reaching safepoint: 318000 ns, At safepoint: 89700 ns, Total: 407700 ns
[2020-03-27T08:24:24.154+0000][1][safepoint    ] Safepoint "Cleanup", Time since last: 1001940500 ns, Reaching safepoint: 183700 ns, At safepoint: 34700 ns, Total: 218400 ns
[2020-03-27T08:24:25.156+0000][1][safepoint    ] Safepoint "Cleanup", Time since last: 1000979900 ns, Reaching safepoint: 238500 ns, At safepoint: 36800 ns, Total: 275300 ns
[2020-03-27T08:24:26.158+0000][1][safepoint    ] Safepoint "Cleanup", Time since last: 1001515801 ns, Reaching safepoint: 404600 ns, At safepoint: 86400 ns, Total: 491000 ns
[2020-03-27T08:24:27.160+0000][1][safepoint    ] Safepoint "Cleanup", Time since last: 1002220800 ns, Reaching safepoint: 467200 ns, At safepoint: 76200 ns, Total: 543400 ns
[2020-03-27T08:24:28.141+0000][1][gc,start     ] GC(190) Pause Young (Allocation Failure)
[2020-03-27T08:24:28.142+0000][1][gc,task      ] GC(190) Using 2 workers of 2 for evacuation
[2020-03-27T08:24:28.149+0000][1][gc,age       ] GC(190) Desired survivor size 8716288 bytes, new threshold 1 (max threshold 6)
[2020-03-27T08:24:28.150+0000][1][gc,age       ] GC(190) Age table with threshold 1 (max threshold 6)
[2020-03-27T08:24:28.150+0000][1][gc,age       ] GC(190) - age   1:   13885816 bytes,   13885816 total
[2020-03-27T08:24:28.151+0000][1][gc,age       ] GC(190) - age   2:     901304 bytes,   14787120 total
[2020-03-27T08:24:28.151+0000][1][gc,age       ] GC(190) - age   3:     559824 bytes,   15346944 total
[2020-03-27T08:24:28.152+0000][1][gc,age       ] GC(190) - age   4:     479296 bytes,   15826240 total
[2020-03-27T08:24:28.152+0000][1][gc,age       ] GC(190) - age   5:     938112 bytes,   16764352 total
[2020-03-27T08:24:28.153+0000][1][gc,age       ] GC(190) - age   6:     145840 bytes,   16910192 total
[2020-03-27T08:24:28.153+0000][1][gc,heap      ] GC(190) ParNew: 139568K->17024K(153344K)
[2020-03-27T08:24:28.154+0000][1][gc,heap      ] GC(190) CMS: 231646K->231646K(353920K)
[2020-03-27T08:24:28.154+0000][1][gc,metaspace ] GC(190) Metaspace: 98162K->98162K(1140736K)
[2020-03-27T08:24:28.155+0000][1][gc           ] GC(190) Pause Young (Allocation Failure) 362M->242M(495M) 13.845ms
[2020-03-27T08:24:28.155+0000][1][gc,cpu       ] GC(190) User=0.01s Sys=0.00s Real=0.01s
[2020-03-27T08:24:28.156+0000][1][safepoint    ] Safepoint "GenCollectForAllocation", Time since last: 980288401 ns, Reaching safepoint: 162600 ns, At safepoint: 14733600 ns, Total: 14896200 ns
[2020-03-27T08:24:28.158+0000][1][safepoint    ] Safepoint "RevokeBias", Time since last: 2698500 ns, Reaching safepoint: 86000 ns, At safepoint: 24500 ns, Total: 110500 ns
[2020-03-27T08:24:29.160+0000][1][safepoint    ] Safepoint "Cleanup", Time since last: 1000664600 ns, Reaching safepoint: 354100 ns, At safepoint: 178600 ns, Total: 532700 ns
[2020-03-27T08:24:30.162+0000][1][safepoint    ] Safepoint "Cleanup", Time since last: 1002334404 ns, Reaching safepoint: 326700 ns, At safepoint: 82400 ns, Total: 409100 ns
[2020-03-27T08:24:31.164+0000][1][safepoint    ] Safepoint "Cleanup", Time since last: 1001887404 ns, Reaching safepoint: 100900 ns, At safepoint: 19300 ns, Total: 120200 ns
[2020-03-27T08:24:32.072+0000][1][safepoint    ] Safepoint "RevokeBias", Time since last: 907725403 ns, Reaching safepoint: 184300 ns, At safepoint: 26400 ns, Total: 210700 ns
[2020-03-27T08:24:33.073+0000][1][safepoint    ] Safepoint "Cleanup", Time since last: 1000399104 ns, Reaching safepoint: 93700 ns, At safepoint: 16500 ns, Total: 110200 ns
[2020-03-27T08:24:34.074+0000][1][safepoint    ] Safepoint "Cleanup", Time since last: 1001018804 ns, Reaching safepoint: 318900 ns, At safepoint: 135900 ns, Total: 454800 ns
[2020-03-27T08:24:35.077+0000][1][safepoint    ] Safepoint "Cleanup", Time since last: 1001941104 ns, Reaching safepoint: 402500 ns, At safepoint: 83600 ns, Total: 486100 ns
[2020-03-27T08:24:36.079+0000][1][safepoint    ] Safepoint "Cleanup", Time since last: 1002277204 ns, Reaching safepoint: 94000 ns, At safepoint: 16600 ns, Total: 110600 ns
[2020-03-27T08:24:37.080+0000][1][safepoint    ] Safepoint "Cleanup", Time since last: 1000754004 ns, Reaching safepoint: 92800 ns, At safepoint: 16500 ns, Total: 109300 ns
[2020-03-27T08:24:38.081+0000][1][safepoint    ] Safepoint "Cleanup", Time since last: 1000868903 ns, Reaching safepoint: 446600 ns, At safepoint: 73500 ns, Total: 520100 ns
[2020-03-27T08:24:38.123+0000][1][safepoint    ] Safepoint "RevokeBias", Time since last: 41105100 ns, Reaching safepoint: 138300 ns, At safepoint: 25500 ns, Total: 163800 ns
[2020-03-27T08:24:39.124+0000][1][safepoint    ] Safepoint "Cleanup", Time since last: 1000984103 ns, Reaching safepoint: 321900 ns, At safepoint: 83000 ns, Total: 404900 ns
[2020-03-27T08:24:40.126+0000][1][safepoint    ] Safepoint "Cleanup", Time since last: 1002088403 ns, Reaching safepoint: 102600 ns, At safepoint: 16800 ns, Total: 119400 ns
[2020-03-27T08:24:41.128+0000][1][safepoint    ] Safepoint "Cleanup", Time since last: 1000801103 ns, Reaching safepoint: 318000 ns, At safepoint: 84700 ns, Total: 402700 ns
[2020-03-27T08:24:42.081+0000][1][safepoint    ] Safepoint "RevokeBias", Time since last: 953604003 ns, Reaching safepoint: 264700 ns, At safepoint: 53200 ns, Total: 317900 ns
[2020-03-27T08:24:43.083+0000][1][safepoint    ] Safepoint "Cleanup", Time since last: 1000716303 ns, Reaching safepoint: 556600 ns, At safepoint: 93800 ns, Total: 650400 ns
[2020-03-27T08:24:43.301+0000][1][safepoint    ] Safepoint "RevokeBias", Time since last: 218170200 ns, Reaching safepoint: 136100 ns, At safepoint: 25200 ns, Total: 161300 ns
[2020-03-27T08:24:43.303+0000][1][safepoint    ] Safepoint "RevokeBias", Time since last: 2212000 ns, Reaching safepoint: 133200 ns, At safepoint: 20600 ns, Total: 153800 ns
[2020-03-27T08:24:43.402+0000][1][safepoint    ] Safepoint "RevokeBias", Time since last: 98564701 ns, Reaching safepoint: 201900 ns, At safepoint: 30300 ns, Total: 232200 ns
[2020-03-27T08:24:43.403+0000][1][safepoint    ] Safepoint "RevokeBias", Time since last: 584100 ns, Reaching safepoint: 80000 ns, At safepoint: 22600 ns, Total: 102600 ns
[2020-03-27T08:24:43.404+0000][1][safepoint    ] Safepoint "RevokeBias", Time since last: 1333800 ns, Reaching safepoint: 77300 ns, At safepoint: 12000 ns, Total: 89300 ns
[2020-03-27T08:24:43.406+0000][1][safepoint    ] Safepoint "RevokeBias", Time since last: 1218800 ns, Reaching safepoint: 77100 ns, At safepoint: 20500 ns, Total: 97600 ns
[2020-03-27T08:24:43.445+0000][1][safepoint    ] Safepoint "RevokeBias", Time since last: 39256100 ns, Reaching safepoint: 139500 ns, At safepoint: 19800 ns, Total: 159300 ns
[2020-03-27T08:24:43.585+0000][1][safepoint    ] Safepoint "RevokeBias", Time since last: 139322900 ns, Reaching safepoint: 180600 ns, At safepoint: 25200 ns, Total: 205800 ns
[2020-03-27T08:24:43.586+0000][1][safepoint    ] Safepoint "RevokeBias", Time since last: 865300 ns, Reaching safepoint: 98900 ns, At safepoint: 13900 ns, Total: 112800 ns
[2020-03-27T08:24:43.587+0000][1][safepoint    ] Safepoint "RevokeBias", Time since last: 1488400 ns, Reaching safepoint: 96200 ns, At safepoint: 20800 ns, Total: 117000 ns
[2020-03-27T08:24:43.588+0000][1][safepoint    ] Safepoint "RevokeBias", Time since last: 854900 ns, Reaching safepoint: 72500 ns, At safepoint: 14200 ns, Total: 86700 ns
[2020-03-27T08:24:43.636+0000][1][safepoint    ] Safepoint "RevokeBias", Time since last: 47824700 ns, Reaching safepoint: 104400 ns, At safepoint: 15400 ns, Total: 119800 ns
[2020-03-27T08:24:44.308+0000][1][gc,start     ] GC(191) Pause Young (Allocation Failure)
[2020-03-27T08:24:44.309+0000][1][gc,task      ] GC(191) Using 2 workers of 2 for evacuation
[2020-03-27T08:24:44.433+0000][1][gc,age       ] GC(191) Desired survivor size 8716288 bytes, new threshold 6 (max threshold 6)
[2020-03-27T08:24:44.433+0000][1][gc,age       ] GC(191) Age table with threshold 6 (max threshold 6)
[2020-03-27T08:24:44.434+0000][1][gc,age       ] GC(191) - age   1:     576144 bytes,     576144 total
[2020-03-27T08:24:44.434+0000][1][gc,heap      ] GC(191) ParNew: 153180K->13058K(153344K)
[2020-03-27T08:24:44.435+0000][1][gc,heap      ] GC(191) CMS: 231646K->242573K(353920K)
[2020-03-27T08:24:44.435+0000][1][gc,metaspace ] GC(191) Metaspace: 98185K->98185K(1140736K)
[2020-03-27T08:24:44.436+0000][1][gc           ] GC(191) Pause Young (Allocation Failure) 375M->249M(495M) 128.140ms
[2020-03-27T08:24:44.436+0000][1][gc,cpu       ] GC(191) User=0.04s Sys=0.02s Real=0.13s
[2020-03-27T08:24:44.437+0000][1][safepoint    ] Safepoint "GenCollectForAllocation", Time since last: 671241102 ns, Reaching safepoint: 397600 ns, At safepoint: 129187001 ns, Total: 129584601 ns
[2020-03-27T08:24:44.453+0000][1][safepoint    ] Safepoint "RevokeBias", Time since last: 15867500 ns, Reaching safepoint: 137200 ns, At safepoint: 31600 ns, Total: 168800 ns
[2020-03-27T08:24:44.454+0000][1][safepoint    ] Safepoint "RevokeBias", Time since last: 525900 ns, Reaching safepoint: 84200 ns, At safepoint: 13200 ns, Total: 97400 ns
[2020-03-27T08:24:44.454+0000][1][safepoint    ] Safepoint "RevokeBias", Time since last: 340900 ns, Reaching safepoint: 52500 ns, At safepoint: 26000 ns, Total: 78500 ns
[2020-03-27T08:24:44.455+0000][1][safepoint    ] Safepoint "RevokeBias", Time since last: 1390200 ns, Reaching safepoint: 67100 ns, At safepoint: 23000 ns, Total: 90100 ns
[2020-03-27T08:24:44.456+0000][1][safepoint    ] Safepoint "RevokeBias", Time since last: 902300 ns, Reaching safepoint: 79300 ns, At safepoint: 20900 ns, Total: 100200 ns
[2020-03-27T08:24:44.502+0000][1][safepoint    ] Safepoint "RevokeBias", Time since last: 44840100 ns, Reaching safepoint: 220600 ns, At safepoint: 36500 ns, Total: 257100 ns
[2020-03-27T08:24:44.579+0000][1][safepoint    ] Safepoint "RevokeBias", Time since last: 77503300 ns, Reaching safepoint: 190700 ns, At safepoint: 20700 ns, Total: 211400 ns
[2020-03-27T08:24:44.582+0000][1][safepoint    ] Safepoint "RevokeBias", Time since last: 2913700 ns, Reaching safepoint: 249700 ns, At safepoint: 17100 ns, Total: 266800 ns
[2020-03-27T08:24:44.596+0000][1][safepoint    ] Safepoint "RevokeBias", Time since last: 13202900 ns, Reaching safepoint: 257900 ns, At safepoint: 133500 ns, Total: 391400 ns
[2020-03-27T08:24:44.733+0000][1][safepoint    ] Safepoint "RevokeBias", Time since last: 136830801 ns, Reaching safepoint: 143700 ns, At safepoint: 30800 ns, Total: 174500 ns
[2020-03-27T08:24:44.734+0000][1][safepoint    ] Safepoint "RevokeBias", Time since last: 538200 ns, Reaching safepoint: 175900 ns, At safepoint: 27300 ns, Total: 203200 ns
[2020-03-27T08:24:44.735+0000][1][safepoint    ] Safepoint "RevokeBias", Time since last: 1340400 ns, Reaching safepoint: 75800 ns, At safepoint: 19100 ns, Total: 94900 ns
[2020-03-27T08:24:44.737+0000][1][safepoint    ] Safepoint "RevokeBias", Time since last: 1110200 ns, Reaching safepoint: 147100 ns, At safepoint: 40900 ns, Total: 188000 ns
[2020-03-27T08:24:44.805+0000][1][safepoint    ] Safepoint "RevokeBias", Time since last: 67831100 ns, Reaching safepoint: 225900 ns, At safepoint: 19600 ns, Total: 245500 ns
[2020-03-27T08:24:44.805+0000][1][safepoint    ] Safepoint "RevokeBias", Time since last: 596200 ns, Reaching safepoint: 66900 ns, At safepoint: 13300 ns, Total: 80200 ns
[2020-03-27T08:24:44.807+0000][1][safepoint    ] Safepoint "RevokeBias", Time since last: 1541700 ns, Reaching safepoint: 60000 ns, At safepoint: 19900 ns, Total: 79900 ns
[2020-03-27T08:24:44.808+0000][1][safepoint    ] Safepoint "RevokeBias", Time since last: 1203100 ns, Reaching safepoint: 62900 ns, At safepoint: 21400 ns, Total: 84300 ns
[2020-03-27T08:24:45.809+0000][1][safepoint    ] Safepoint "Cleanup", Time since last: 1000551499 ns, Reaching safepoint: 334000 ns, At safepoint: 101000 ns, Total: 435000 ns
[2020-03-27T08:24:46.813+0000][1][safepoint    ] Safepoint "Cleanup", Time since last: 1003531098 ns, Reaching safepoint: 317900 ns, At safepoint: 25900 ns, Total: 343800 ns
[2020-03-27T08:24:47.815+0000][1][safepoint    ] Safepoint "Cleanup", Time since last: 1002091897 ns, Reaching safepoint: 104700 ns, At safepoint: 22600 ns, Total: 127300 ns
[2020-03-27T08:24:48.124+0000][1][safepoint    ] Safepoint "RevokeBias", Time since last: 308178299 ns, Reaching safepoint: 141800 ns, At safepoint: 22500 ns, Total: 164300 ns
[2020-03-27T08:24:48.603+0000][1][gc,start     ] GC(192) Pause Young (Allocation Failure)
[2020-03-27T08:24:48.605+0000][1][gc,task      ] GC(192) Using 2 workers of 2 for evacuation
[2020-03-27T08:24:48.620+0000][1][gc,age       ] GC(192) Desired survivor size 8716288 bytes, new threshold 1 (max threshold 6)
[2020-03-27T08:24:48.621+0000][1][gc,age       ] GC(192) Age table with threshold 1 (max threshold 6)
[2020-03-27T08:24:48.621+0000][1][gc,age       ] GC(192) - age   1:    9195064 bytes,    9195064 total
[2020-03-27T08:24:48.622+0000][1][gc,age       ] GC(192) - age   2:     395960 bytes,    9591024 total
[2020-03-27T08:24:48.622+0000][1][gc,heap      ] GC(192) ParNew: 149378K->11795K(153344K)
[2020-03-27T08:24:48.623+0000][1][gc,heap      ] GC(192) CMS: 242573K->242573K(353920K)
[2020-03-27T08:24:48.623+0000][1][gc,metaspace ] GC(192) Metaspace: 98209K->98209K(1140736K)
[2020-03-27T08:24:48.624+0000][1][gc           ] GC(192) Pause Young (Allocation Failure) 382M->248M(495M) 20.680ms
[2020-03-27T08:24:48.625+0000][1][gc,cpu       ] GC(192) User=0.02s Sys=0.00s Real=0.02s
[2020-03-27T08:24:48.625+0000][1][safepoint    ] Safepoint "GenCollectForAllocation", Time since last: 479379199 ns, Reaching safepoint: 262900 ns, At safepoint: 21878900 ns, Total: 22141800 ns
[2020-03-27T08:24:48.640+0000][1][safepoint    ] Safepoint "RevokeBias", Time since last: 14601400 ns, Reaching safepoint: 147100 ns, At safepoint: 31600 ns, Total: 178700 ns
[2020-03-27T08:24:48.641+0000][1][safepoint    ] Safepoint "RevokeBias", Time since last: 1065600 ns, Reaching safepoint: 68700 ns, At safepoint: 14400 ns, Total: 83100 ns
[2020-03-27T08:24:48.642+0000][1][safepoint    ] Safepoint "RevokeBias", Time since last: 1229000 ns, Reaching safepoint: 60400 ns, At safepoint: 22700 ns, Total: 83100 ns
[2020-03-27T08:24:48.643+0000][1][safepoint    ] Safepoint "RevokeBias", Time since last: 959100 ns, Reaching safepoint: 57300 ns, At safepoint: 21200 ns, Total: 78500 ns
[2020-03-27T08:24:48.695+0000][1][safepoint    ] Safepoint "RevokeBias", Time since last: 51596300 ns, Reaching safepoint: 184400 ns, At safepoint: 22900 ns, Total: 207300 ns
[2020-03-27T08:24:48.720+0000][1][safepoint    ] Safepoint "BulkRevokeBias", Time since last: 24407300 ns, Reaching safepoint: 95700 ns, At safepoint: 401900 ns, Total: 497600 ns
[2020-03-27T08:24:49.721+0000][1][safepoint    ] Safepoint "Cleanup", Time since last: 1000575097 ns, Reaching safepoint: 318800 ns, At safepoint: 81200 ns, Total: 400000 ns
[2020-03-27T08:24:50.723+0000][1][safepoint    ] Safepoint "Cleanup", Time since last: 1001995297 ns, Reaching safepoint: 97300 ns, At safepoint: 9500 ns, Total: 106800 ns
[2020-03-27T08:24:51.724+0000][1][safepoint    ] Safepoint "Cleanup", Time since last: 1000814798 ns, Reaching safepoint: 140600 ns, At safepoint: 31300 ns, Total: 171900 ns
[2020-03-27T08:24:52.099+0000][1][safepoint    ] Safepoint "RevokeBias", Time since last: 374498999 ns, Reaching safepoint: 295000 ns, At safepoint: 18900 ns, Total: 313900 ns
[2020-03-27T08:24:52.787+0000][1][safepoint    ] Safepoint "RevokeBias", Time since last: 687507998 ns, Reaching safepoint: 255700 ns, At safepoint: 33200 ns, Total: 288900 ns
[2020-03-27T08:24:52.787+0000][1][safepoint    ] Safepoint "RevokeBias", Time since last: 587200 ns, Reaching safepoint: 70000 ns, At safepoint: 11600 ns, Total: 81600 ns
[2020-03-27T08:24:52.789+0000][1][safepoint    ] Safepoint "RevokeBias", Time since last: 1404500 ns, Reaching safepoint: 79500 ns, At safepoint: 20900 ns, Total: 100400 ns
[2020-03-27T08:24:52.790+0000][1][safepoint    ] Safepoint "RevokeBias", Time since last: 974300 ns, Reaching safepoint: 66400 ns, At safepoint: 17100 ns, Total: 83500 ns
[2020-03-27T08:24:52.828+0000][1][safepoint    ] Safepoint "RevokeBias", Time since last: 38263600 ns, Reaching safepoint: 124400 ns, At safepoint: 20600 ns, Total: 145000 ns
[2020-03-27T08:24:53.830+0000][1][safepoint    ] Safepoint "Cleanup", Time since last: 1000821682 ns, Reaching safepoint: 407200 ns, At safepoint: 81400 ns, Total: 488600 ns
[2020-03-27T08:24:54.833+0000][1][safepoint    ] Safepoint "Cleanup", Time since last: 1002503774 ns, Reaching safepoint: 460500 ns, At safepoint: 77700 ns, Total: 538200 ns
[2020-03-27T08:24:55.835+0000][1][safepoint    ] Safepoint "Cleanup", Time since last: 1002221374 ns, Reaching safepoint: 321500 ns, At safepoint: 82800 ns, Total: 404300 ns
[2020-03-27T08:24:56.838+0000][1][safepoint    ] Safepoint "Cleanup", Time since last: 1002260175 ns, Reaching safepoint: 321800 ns, At safepoint: 85800 ns, Total: 407600 ns
[2020-03-27T08:24:57.840+0000][1][safepoint    ] Safepoint "Cleanup", Time since last: 1002053374 ns, Reaching safepoint: 136600 ns, At safepoint: 18700 ns, Total: 155300 ns
[2020-03-27T08:24:58.168+0000][1][safepoint    ] Safepoint "RevokeBias", Time since last: 326997792 ns, Reaching safepoint: 189700 ns, At safepoint: 45400 ns, Total: 235100 ns
[2020-03-27T08:24:58.177+0000][1][gc,start     ] GC(193) Pause Young (Allocation Failure)
[2020-03-27T08:24:58.178+0000][1][gc,task      ] GC(193) Using 2 workers of 2 for evacuation
[2020-03-27T08:24:58.197+0000][1][gc,age       ] GC(193) Desired survivor size 8716288 bytes, new threshold 6 (max threshold 6)
[2020-03-27T08:24:58.198+0000][1][gc,age       ] GC(193) Age table with threshold 6 (max threshold 6)
[2020-03-27T08:24:58.198+0000][1][gc,age       ] GC(193) - age   1:    1451872 bytes,    1451872 total
[2020-03-27T08:24:58.199+0000][1][gc,heap      ] GC(193) ParNew: 148115K->7843K(153344K)
[2020-03-27T08:24:58.199+0000][1][gc,heap      ] GC(193) CMS: 242573K->243818K(353920K)
[2020-03-27T08:24:58.200+0000][1][gc,metaspace ] GC(193) Metaspace: 98226K->98226K(1140736K)
[2020-03-27T08:24:58.200+0000][1][gc           ] GC(193) Pause Young (Allocation Failure) 381M->245M(495M) 23.107ms
[2020-03-27T08:24:58.201+0000][1][gc,cpu       ] GC(193) User=0.01s Sys=0.01s Real=0.02s
[2020-03-27T08:24:58.201+0000][1][safepoint    ] Safepoint "GenCollectForAllocation", Time since last: 9392199 ns, Reaching safepoint: 172600 ns, At safepoint: 24089200 ns, Total: 24261800 ns
[2020-03-27T08:24:58.804+0000][1][safepoint    ] Safepoint "RevokeBias", Time since last: 602355284 ns, Reaching safepoint: 224700 ns, At safepoint: 20800 ns, Total: 245500 ns
[2020-03-27T08:24:58.805+0000][1][safepoint    ] Safepoint "RevokeBias", Time since last: 897700 ns, Reaching safepoint: 100600 ns, At safepoint: 12900 ns, Total: 113500 ns
[2020-03-27T08:24:58.807+0000][1][safepoint    ] Safepoint "RevokeBias", Time since last: 1784700 ns, Reaching safepoint: 148400 ns, At safepoint: 22800 ns, Total: 171200 ns
[2020-03-27T08:24:58.810+0000][1][safepoint    ] Safepoint "RevokeBias", Time since last: 2711000 ns, Reaching safepoint: 108300 ns, At safepoint: 16500 ns, Total: 124800 ns
[2020-03-27T08:24:58.857+0000][1][safepoint    ] Safepoint "RevokeBias", Time since last: 46861699 ns, Reaching safepoint: 199000 ns, At safepoint: 28100 ns, Total: 227100 ns
[2020-03-27T08:24:59.858+0000][1][safepoint    ] Safepoint "Cleanup", Time since last: 1000997374 ns, Reaching safepoint: 336900 ns, At safepoint: 87400 ns, Total: 424300 ns
[2020-03-27T08:25:00.861+0000][1][safepoint    ] Safepoint "Cleanup", Time since last: 1002370975 ns, Reaching safepoint: 451800 ns, At safepoint: 81100 ns, Total: 532900 ns
[2020-03-27T08:25:01.864+0000][1][safepoint    ] Safepoint "Cleanup", Time since last: 1002146052 ns, Reaching safepoint: 319000 ns, At safepoint: 177100 ns, Total: 496100 ns
[2020-03-27T08:25:02.123+0000][1][safepoint    ] Safepoint "RevokeBias", Time since last: 258989386 ns, Reaching safepoint: 120800 ns, At safepoint: 15600 ns, Total: 136400 ns
[2020-03-27T08:25:02.976+0000][1][safepoint    ] Safepoint "RevokeBias", Time since last: 852605352 ns, Reaching safepoint: 118900 ns, At safepoint: 33300 ns, Total: 152200 ns
[2020-03-27T08:25:02.976+0000][1][safepoint    ] Safepoint "RevokeBias", Time since last: 872600 ns, Reaching safepoint: 68500 ns, At safepoint: 22800 ns, Total: 91300 ns
[2020-03-27T08:25:02.978+0000][1][safepoint    ] Safepoint "RevokeBias", Time since last: 1622500 ns, Reaching safepoint: 88000 ns, At safepoint: 20700 ns, Total: 108700 ns
[2020-03-27T08:25:02.979+0000][1][safepoint    ] Safepoint "RevokeBias", Time since last: 1021500 ns, Reaching safepoint: 64900 ns, At safepoint: 16800 ns, Total: 81700 ns
[2020-03-27T08:25:03.019+0000][1][safepoint    ] Safepoint "RevokeBias", Time since last: 39102797 ns, Reaching safepoint: 132100 ns, At safepoint: 29600 ns, Total: 161700 ns
[2020-03-27T08:25:04.020+0000][1][safepoint    ] Safepoint "Cleanup", Time since last: 1000739544 ns, Reaching safepoint: 478600 ns, At safepoint: 80600 ns, Total: 559200 ns
[2020-03-27T08:25:05.022+0000][1][safepoint    ] Safepoint "Cleanup", Time since last: 1001754144 ns, Reaching safepoint: 94900 ns, At safepoint: 18600 ns, Total: 113500 ns
[2020-03-27T08:25:06.023+0000][1][safepoint    ] Safepoint "Cleanup", Time since last: 1000943343 ns, Reaching safepoint: 315400 ns, At safepoint: 83800 ns, Total: 399200 ns
[2020-03-27T08:25:07.026+0000][1][safepoint    ] Safepoint "Cleanup", Time since last: 1002456444 ns, Reaching safepoint: 321200 ns, At safepoint: 88100 ns, Total: 409300 ns
[2020-03-27T08:25:08.029+0000][1][safepoint    ] Safepoint "Cleanup", Time since last: 1002278844 ns, Reaching safepoint: 407200 ns, At safepoint: 86300 ns, Total: 493500 ns
[2020-03-27T08:25:08.124+0000][1][safepoint    ] Safepoint "RevokeBias", Time since last: 94680294 ns, Reaching safepoint: 131300 ns, At safepoint: 23400 ns, Total: 154700 ns
[2020-03-27T08:25:08.963+0000][1][gc,start     ] GC(194) Pause Young (Allocation Failure)
[2020-03-27T08:25:08.965+0000][1][gc,task      ] GC(194) Using 2 workers of 2 for evacuation
[2020-03-27T08:25:08.974+0000][1][gc,age       ] GC(194) Desired survivor size 8716288 bytes, new threshold 1 (max threshold 6)
[2020-03-27T08:25:08.975+0000][1][gc,age       ] GC(194) Age table with threshold 1 (max threshold 6)
[2020-03-27T08:25:08.975+0000][1][gc,age       ] GC(194) - age   1:    9615744 bytes,    9615744 total
[2020-03-27T08:25:08.976+0000][1][gc,age       ] GC(194) - age   2:     559832 bytes,   10175576 total
[2020-03-27T08:25:08.977+0000][1][gc,heap      ] GC(194) ParNew: 143755K->11133K(153344K)
[2020-03-27T08:25:08.977+0000][1][gc,heap      ] GC(194) CMS: 243818K->243818K(353920K)
[2020-03-27T08:25:08.978+0000][1][gc,metaspace ] GC(194) Metaspace: 98239K->98239K(1140736K)
[2020-03-27T08:25:08.978+0000][1][gc           ] GC(194) Pause Young (Allocation Failure) 378M->248M(495M) 14.954ms
[2020-03-27T08:25:08.979+0000][1][gc,cpu       ] GC(194) User=0.02s Sys=0.00s Real=0.02s
[2020-03-27T08:25:08.979+0000][1][safepoint    ] Safepoint "GenCollectForAllocation", Time since last: 839415353 ns, Reaching safepoint: 305100 ns, At safepoint: 15854999 ns, Total: 16160099 ns
[2020-03-27T08:25:08.994+0000][1][safepoint    ] Safepoint "RevokeBias", Time since last: 14758299 ns, Reaching safepoint: 351100 ns, At safepoint: 32700 ns, Total: 383800 ns
[2020-03-27T08:25:08.996+0000][1][safepoint    ] Safepoint "BulkRevokeBias", Time since last: 943200 ns, Reaching safepoint: 72100 ns, At safepoint: 437900 ns, Total: 510000 ns
[2020-03-27T08:25:08.997+0000][1][safepoint    ] Safepoint "RevokeBias", Time since last: 1132800 ns, Reaching safepoint: 63900 ns, At safepoint: 22000 ns, Total: 85900 ns
[2020-03-27T08:25:08.998+0000][1][safepoint    ] Safepoint "BulkRevokeBias", Time since last: 1013100 ns, Reaching safepoint: 55600 ns, At safepoint: 419900 ns, Total: 475500 ns
[2020-03-27T08:25:09.043+0000][1][safepoint    ] Safepoint "RevokeBias", Time since last: 44669698 ns, Reaching safepoint: 106500 ns, At safepoint: 16500 ns, Total: 123000 ns
[2020-03-27T08:25:09.097+0000][1][safepoint    ] Safepoint "RevokeBias", Time since last: 53836096 ns, Reaching safepoint: 177600 ns, At safepoint: 35400 ns, Total: 213000 ns
[2020-03-27T08:25:09.327+0000][1][safepoint    ] Safepoint "RevokeBias", Time since last: 230012781 ns, Reaching safepoint: 118500 ns, At safepoint: 25000 ns, Total: 143500 ns
[2020-03-27T08:25:09.329+0000][1][safepoint    ] Safepoint "BulkRevokeBias", Time since last: 284100 ns, Reaching safepoint: 56000 ns, At safepoint: 954000 ns, Total: 1010000 ns
[2020-03-27T08:25:10.099+0000][1][safepoint    ] Safepoint "RevokeBias", Time since last: 770211725 ns, Reaching safepoint: 373200 ns, At safepoint: 99700 ns, Total: 472900 ns
[2020-03-27T08:25:10.106+0000][1][safepoint    ] Safepoint "RevokeBias", Time since last: 6447799 ns, Reaching safepoint: 150000 ns, At safepoint: 7700 ns, Total: 157700 ns
[2020-03-27T08:25:10.107+0000][1][safepoint    ] Safepoint "RevokeBias", Time since last: 1127700 ns, Reaching safepoint: 63600 ns, At safepoint: 16500 ns, Total: 80100 ns
[2020-03-27T08:25:10.108+0000][1][safepoint    ] Safepoint "RevokeBias", Time since last: 923800 ns, Reaching safepoint: 62100 ns, At safepoint: 24000 ns, Total: 86100 ns
[2020-03-27T08:25:10.112+0000][1][safepoint    ] Safepoint "RevokeBias", Time since last: 3825999 ns, Reaching safepoint: 188300 ns, At safepoint: 8900 ns, Total: 197200 ns
[2020-03-27T08:25:10.113+0000][1][safepoint    ] Safepoint "RevokeBias", Time since last: 863600 ns, Reaching safepoint: 114300 ns, At safepoint: 5900 ns, Total: 120200 ns
[2020-03-27T08:25:10.114+0000][1][safepoint    ] Safepoint "RevokeBias", Time since last: 794800 ns, Reaching safepoint: 48700 ns, At safepoint: 15100 ns, Total: 63800 ns
[2020-03-27T08:25:10.115+0000][1][safepoint    ] Safepoint "RevokeBias", Time since last: 985000 ns, Reaching safepoint: 103300 ns, At safepoint: 15700 ns, Total: 119000 ns
[2020-03-27T08:25:10.116+0000][1][safepoint    ] Safepoint "RevokeBias", Time since last: 915200 ns, Reaching safepoint: 163100 ns, At safepoint: 30300 ns, Total: 193400 ns
[2020-03-27T08:25:11.118+0000][1][safepoint    ] Safepoint "Cleanup", Time since last: 1000846402 ns, Reaching safepoint: 417500 ns, At safepoint: 83400 ns, Total: 500900 ns
[2020-03-27T08:25:11.249+0000][1][gc,start     ] GC(195) Pause Young (Allocation Failure)
[2020-03-27T08:25:11.250+0000][1][gc,task      ] GC(195) Using 2 workers of 2 for evacuation
[2020-03-27T08:25:11.259+0000][1][gc,age       ] GC(195) Desired survivor size 8716288 bytes, new threshold 6 (max threshold 6)
[2020-03-27T08:25:11.260+0000][1][gc,age       ] GC(195) Age table with threshold 6 (max threshold 6)
[2020-03-27T08:25:11.261+0000][1][gc,age       ] GC(195) - age   1:     430856 bytes,     430856 total
[2020-03-27T08:25:11.261+0000][1][gc,heap      ] GC(195) ParNew: 147453K->7985K(153344K)
[2020-03-27T08:25:11.262+0000][1][gc,heap      ] GC(195) CMS: 243818K->244382K(353920K)
[2020-03-27T08:25:11.262+0000][1][gc,metaspace ] GC(195) Metaspace: 98245K->98245K(1140736K)
[2020-03-27T08:25:11.263+0000][1][gc           ] GC(195) Pause Young (Allocation Failure) 382M->246M(495M) 13.231ms
[2020-03-27T08:25:11.263+0000][1][gc,cpu       ] GC(195) User=0.00s Sys=0.00s Real=0.01s
[2020-03-27T08:25:11.264+0000][1][safepoint    ] Safepoint "GenCollectForAllocation", Time since last: 131628187 ns, Reaching safepoint: 110200 ns, At safepoint: 14253099 ns, Total: 14363299 ns
[2020-03-27T08:25:12.120+0000][1][safepoint    ] Safepoint "RevokeBias", Time since last: 855704716 ns, Reaching safepoint: 270500 ns, At safepoint: 243600 ns, Total: 514100 ns
[2020-03-27T08:25:12.257+0000][1][safepoint    ] Safepoint "RevokeBias", Time since last: 136958886 ns, Reaching safepoint: 109000 ns, At safepoint: 41200 ns, Total: 150200 ns
[2020-03-27T08:25:12.258+0000][1][safepoint    ] Safepoint "RevokeBias", Time since last: 666900 ns, Reaching safepoint: 81200 ns, At safepoint: 20600 ns, Total: 101800 ns
[2020-03-27T08:25:12.260+0000][1][safepoint    ] Safepoint "RevokeBias", Time since last: 1754200 ns, Reaching safepoint: 58800 ns, At safepoint: 21000 ns, Total: 79800 ns
[2020-03-27T08:25:12.261+0000][1][safepoint    ] Safepoint "RevokeBias", Time since last: 891300 ns, Reaching safepoint: 179500 ns, At safepoint: 14100 ns, Total: 193600 ns
[2020-03-27T08:25:12.310+0000][1][safepoint    ] Safepoint "BulkRevokeBias", Time since last: 48177495 ns, Reaching safepoint: 102400 ns, At safepoint: 1275200 ns, Total: 1377600 ns
[2020-03-27T08:25:13.312+0000][1][safepoint    ] Safepoint "Cleanup", Time since last: 1000895602 ns, Reaching safepoint: 495300 ns, At safepoint: 80300 ns, Total: 575600 ns
[2020-03-27T08:25:14.314+0000][1][safepoint    ] Safepoint "Cleanup", Time since last: 1002076802 ns, Reaching safepoint: 97300 ns, At safepoint: 14400 ns, Total: 111700 ns
[2020-03-27T08:25:15.315+0000][1][safepoint    ] Safepoint "Cleanup", Time since last: 1000763402 ns, Reaching safepoint: 130400 ns, At safepoint: 25000 ns, Total: 155400 ns
[2020-03-27T08:25:16.316+0000][1][safepoint    ] Safepoint "Cleanup", Time since last: 1001054002 ns, Reaching safepoint: 128500 ns, At safepoint: 28900 ns, Total: 157400 ns
[2020-03-27T08:25:17.326+0000][1][safepoint    ] Safepoint "Cleanup", Time since last: 1010125700 ns, Reaching safepoint: 165200 ns, At safepoint: 40000 ns, Total: 205200 ns
[2020-03-27T08:25:18.107+0000][1][safepoint    ] Safepoint "RevokeBias", Time since last: 780943921 ns, Reaching safepoint: 95200 ns, At safepoint: 25500 ns, Total: 120700 ns
[2020-03-27T08:25:19.109+0000][1][safepoint    ] Safepoint "Cleanup", Time since last: 1001288699 ns, Reaching safepoint: 441800 ns, At safepoint: 84500 ns, Total: 526300 ns
[2020-03-27T08:25:20.112+0000][1][safepoint    ] Safepoint "Cleanup", Time since last: 1002348998 ns, Reaching safepoint: 362800 ns, At safepoint: 80800 ns, Total: 443600 ns
[2020-03-27T08:25:21.115+0000][1][safepoint    ] Safepoint "Cleanup", Time since last: 1002178399 ns, Reaching safepoint: 405400 ns, At safepoint: 35700 ns, Total: 441100 ns
[2020-03-27T08:25:22.118+0000][1][safepoint    ] Safepoint "Cleanup", Time since last: 1002994098 ns, Reaching safepoint: 251200 ns, At safepoint: 14600 ns, Total: 265800 ns
[2020-03-27T08:25:22.131+0000][1][safepoint    ] Safepoint "BulkRevokeBias", Time since last: 12570999 ns, Reaching safepoint: 146700 ns, At safepoint: 681600 ns, Total: 828300 ns
[2020-03-27T08:25:23.133+0000][1][safepoint    ] Safepoint "Cleanup", Time since last: 1000934298 ns, Reaching safepoint: 544000 ns, At safepoint: 72700 ns, Total: 616700 ns
[2020-03-27T08:25:24.135+0000][1][safepoint    ] Safepoint "Cleanup", Time since last: 1002293799 ns, Reaching safepoint: 99300 ns, At safepoint: 20900 ns, Total: 120200 ns
[2020-03-27T08:25:25.136+0000][1][safepoint    ] Safepoint "Cleanup", Time since last: 1000708398 ns, Reaching safepoint: 314600 ns, At safepoint: 80900 ns, Total: 395500 ns
[2020-03-27T08:25:26.139+0000][1][safepoint    ] Safepoint "Cleanup", Time since last: 1002205146 ns, Reaching safepoint: 395800 ns, At safepoint: 82200 ns, Total: 478000 ns
[2020-03-27T08:25:27.142+0000][1][safepoint    ] Safepoint "Cleanup", Time since last: 1002334150 ns, Reaching safepoint: 140500 ns, At safepoint: 23300 ns, Total: 163800 ns
[2020-03-27T08:25:28.142+0000][1][safepoint    ] Safepoint "Cleanup", Time since last: 1000744450 ns, Reaching safepoint: 171300 ns, At safepoint: 17000 ns, Total: 188300 ns
[2020-03-27T08:25:28.144+0000][1][safepoint    ] Safepoint "RevokeBias", Time since last: 707800 ns, Reaching safepoint: 270700 ns, At safepoint: 34500 ns, Total: 305200 ns
[2020-03-27T08:25:29.145+0000][1][safepoint    ] Safepoint "Cleanup", Time since last: 1001040550 ns, Reaching safepoint: 366700 ns, At safepoint: 83700 ns, Total: 450400 ns
[2020-03-27T08:25:30.147+0000][1][safepoint    ] Safepoint "Cleanup", Time since last: 1002117250 ns, Reaching safepoint: 110200 ns, At safepoint: 21400 ns, Total: 131600 ns
[2020-03-27T08:25:30.293+0000][1][gc,start     ] GC(196) Pause Young (Allocation Failure)
[2020-03-27T08:25:30.294+0000][1][gc,task      ] GC(196) Using 2 workers of 2 for evacuation
[2020-03-27T08:25:30.299+0000][1][gc,age       ] GC(196) Desired survivor size 8716288 bytes, new threshold 1 (max threshold 6)
[2020-03-27T08:25:30.300+0000][1][gc,age       ] GC(196) Age table with threshold 1 (max threshold 6)
[2020-03-27T08:25:30.300+0000][1][gc,age       ] GC(196) - age   1:   13675104 bytes,   13675104 total
[2020-03-27T08:25:30.301+0000][1][gc,age       ] GC(196) - age   2:     414520 bytes,   14089624 total
[2020-03-27T08:25:30.301+0000][1][gc,heap      ] GC(196) ParNew: 144305K->14526K(153344K)
[2020-03-27T08:25:30.302+0000][1][gc,heap      ] GC(196) CMS: 244382K->244382K(353920K)
[2020-03-27T08:25:30.302+0000][1][gc,metaspace ] GC(196) Metaspace: 98272K->98272K(1140736K)
[2020-03-27T08:25:30.303+0000][1][gc           ] GC(196) Pause Young (Allocation Failure) 379M->252M(495M) 9.663ms
[2020-03-27T08:25:30.303+0000][1][gc,cpu       ] GC(196) User=0.01s Sys=0.00s Real=0.01s
[2020-03-27T08:25:30.304+0000][1][safepoint    ] Safepoint "GenCollectForAllocation", Time since last: 145799593 ns, Reaching safepoint: 89700 ns, At safepoint: 10859399 ns, Total: 10949099 ns
[2020-03-27T08:25:31.305+0000][1][safepoint    ] Safepoint "Cleanup", Time since last: 1000921451 ns, Reaching safepoint: 320600 ns, At safepoint: 88600 ns, Total: 409200 ns
[2020-03-27T08:25:32.138+0000][1][safepoint    ] Safepoint "RevokeBias", Time since last: 832471058 ns, Reaching safepoint: 143300 ns, At safepoint: 21100 ns, Total: 164400 ns
[2020-03-27T08:25:33.139+0000][1][safepoint    ] Safepoint "Cleanup", Time since last: 1000950750 ns, Reaching safepoint: 318500 ns, At safepoint: 127600 ns, Total: 446100 ns
[2020-03-27T08:25:34.142+0000][1][safepoint    ] Safepoint "Cleanup", Time since last: 1001915027 ns, Reaching safepoint: 469100 ns, At safepoint: 83200 ns, Total: 552300 ns
[2020-03-27T08:25:35.144+0000][1][safepoint    ] Safepoint "Cleanup", Time since last: 1002237025 ns, Reaching safepoint: 317900 ns, At safepoint: 90000 ns, Total: 407900 ns
[2020-03-27T08:25:36.147+0000][1][safepoint    ] Safepoint "Cleanup", Time since last: 1002412925 ns, Reaching safepoint: 318000 ns, At safepoint: 84300 ns, Total: 402300 ns
[2020-03-27T08:25:37.150+0000][1][safepoint    ] Safepoint "Cleanup", Time since last: 1002446825 ns, Reaching safepoint: 319099 ns, At safepoint: 108500 ns, Total: 427599 ns
[2020-03-27T08:25:38.103+0000][1][safepoint    ] Safepoint "RevokeBias", Time since last: 952204629 ns, Reaching safepoint: 230700 ns, At safepoint: 27000 ns, Total: 257700 ns
[2020-03-27T08:25:39.104+0000][1][safepoint    ] Safepoint "Cleanup", Time since last: 1001452525 ns, Reaching safepoint: 316800 ns, At safepoint: 87700 ns, Total: 404500 ns
[2020-03-27T08:25:40.107+0000][1][safepoint    ] Safepoint "Cleanup", Time since last: 1002065225 ns, Reaching safepoint: 364200 ns, At safepoint: 62200 ns, Total: 426400 ns
[2020-03-27T08:25:41.110+0000][1][safepoint    ] Safepoint "Cleanup", Time since last: 1002381224 ns, Reaching safepoint: 468200 ns, At safepoint: 79200 ns, Total: 547400 ns
[2020-03-27T08:25:42.112+0000][1][safepoint    ] Safepoint "Cleanup", Time since last: 1001959472 ns, Reaching safepoint: 318000 ns, At safepoint: 84100 ns, Total: 402100 ns
[2020-03-27T08:25:42.161+0000][1][safepoint    ] Safepoint "RevokeBias", Time since last: 48231993 ns, Reaching safepoint: 198000 ns, At safepoint: 24300 ns, Total: 222300 ns
[2020-03-27T08:25:43.162+0000][1][safepoint    ] Safepoint "Cleanup", Time since last: 1000897461 ns, Reaching safepoint: 378300 ns, At safepoint: 104400 ns, Total: 482700 ns
[2020-03-27T08:25:43.368+0000][1][safepoint    ] Safepoint "RevokeBias", Time since last: 204090371 ns, Reaching safepoint: 2252400 ns, At safepoint: 50100 ns, Total: 2302500 ns
[2020-03-27T08:25:44.289+0000][1][safepoint    ] Safepoint "RevokeBias", Time since last: 919939872 ns, Reaching safepoint: 257700 ns, At safepoint: 30400 ns, Total: 288100 ns
[2020-03-27T08:25:44.289+0000][1][safepoint    ] Safepoint "RevokeBias", Time since last: 478700 ns, Reaching safepoint: 92800 ns, At safepoint: 13300 ns, Total: 106100 ns
[2020-03-27T08:25:44.290+0000][1][safepoint    ] Safepoint "RevokeBias", Time since last: 562200 ns, Reaching safepoint: 59100 ns, At safepoint: 21500 ns, Total: 80600 ns
[2020-03-27T08:25:44.291+0000][1][safepoint    ] Safepoint "RevokeBias", Time since last: 1155800 ns, Reaching safepoint: 58100 ns, At safepoint: 20700 ns, Total: 78800 ns
[2020-03-27T08:25:44.292+0000][1][safepoint    ] Safepoint "RevokeBias", Time since last: 1032399 ns, Reaching safepoint: 71400 ns, At safepoint: 20800 ns, Total: 92200 ns
[2020-03-27T08:25:44.336+0000][1][safepoint    ] Safepoint "RevokeBias", Time since last: 43878194 ns, Reaching safepoint: 122300 ns, At safepoint: 21800 ns, Total: 144100 ns
[2020-03-27T08:25:44.404+0000][1][safepoint    ] Safepoint "RevokeBias", Time since last: 67078591 ns, Reaching safepoint: 206200 ns, At safepoint: 24800 ns, Total: 231000 ns
[2020-03-27T08:25:44.411+0000][1][safepoint    ] Safepoint "RevokeBias", Time since last: 6564199 ns, Reaching safepoint: 587300 ns, At safepoint: 152900 ns, Total: 740200 ns
[2020-03-27T08:25:44.420+0000][1][safepoint    ] Safepoint "RevokeBias", Time since last: 8149699 ns, Reaching safepoint: 560200 ns, At safepoint: 99200 ns, Total: 659400 ns
[2020-03-27T08:25:44.445+0000][1][safepoint    ] Safepoint "RevokeBias", Time since last: 24606396 ns, Reaching safepoint: 278500 ns, At safepoint: 171900 ns, Total: 450400 ns
[2020-03-27T08:25:44.446+0000][1][safepoint    ] Safepoint "RevokeBias", Time since last: 474100 ns, Reaching safepoint: 192400 ns, At safepoint: 125900 ns, Total: 318300 ns
[2020-03-27T08:25:44.447+0000][1][safepoint    ] Safepoint "RevokeBias", Time since last: 1040400 ns, Reaching safepoint: 141000 ns, At safepoint: 103400 ns, Total: 244400 ns
[2020-03-27T08:25:44.448+0000][1][safepoint    ] Safepoint "RevokeBias", Time since last: 1286800 ns, Reaching safepoint: 154300 ns, At safepoint: 25700 ns, Total: 180000 ns
[2020-03-27T08:25:44.487+0000][1][safepoint    ] Safepoint "RevokeBias", Time since last: 38393094 ns, Reaching safepoint: 99900 ns, At safepoint: 16600 ns, Total: 116500 ns
[2020-03-27T08:25:44.540+0000][1][gc,start     ] GC(197) Pause Young (Allocation Failure)
[2020-03-27T08:25:44.541+0000][1][gc,task      ] GC(197) Using 2 workers of 2 for evacuation
[2020-03-27T08:25:44.552+0000][1][gc,age       ] GC(197) Desired survivor size 8716288 bytes, new threshold 6 (max threshold 6)
[2020-03-27T08:25:44.553+0000][1][gc,age       ] GC(197) Age table with threshold 6 (max threshold 6)
[2020-03-27T08:25:44.553+0000][1][gc,age       ] GC(197) - age   1:    2687120 bytes,    2687120 total
[2020-03-27T08:25:44.553+0000][1][gc,heap      ] GC(197) ParNew: 150846K->10838K(153344K)
[2020-03-27T08:25:44.553+0000][1][gc,heap      ] GC(197) CMS: 244382K->244973K(353920K)
[2020-03-27T08:25:44.554+0000][1][gc,metaspace ] GC(197) Metaspace: 98316K->98316K(1140736K)
[2020-03-27T08:25:44.554+0000][1][gc           ] GC(197) Pause Young (Allocation Failure) 385M->249M(495M) 13.622ms
[2020-03-27T08:25:44.554+0000][1][gc,cpu       ] GC(197) User=0.01s Sys=0.01s Real=0.01s
[2020-03-27T08:25:44.554+0000][1][safepoint    ] Safepoint "GenCollectForAllocation", Time since last: 53287993 ns, Reaching safepoint: 145800 ns, At safepoint: 14171398 ns, Total: 14317198 ns
[2020-03-27T08:25:44.567+0000][1][safepoint    ] Safepoint "RevokeBias", Time since last: 12644298 ns, Reaching safepoint: 156300 ns, At safepoint: 15800 ns, Total: 172100 ns
[2020-03-27T08:25:44.569+0000][1][safepoint    ] Safepoint "RevokeBias", Time since last: 1522900 ns, Reaching safepoint: 73000 ns, At safepoint: 23100 ns, Total: 96100 ns
[2020-03-27T08:25:44.570+0000][1][safepoint    ] Safepoint "RevokeBias", Time since last: 929600 ns, Reaching safepoint: 123600 ns, At safepoint: 23300 ns, Total: 146900 ns
[2020-03-27T08:25:45.571+0000][1][safepoint    ] Safepoint "Cleanup", Time since last: 1000666461 ns, Reaching safepoint: 133700 ns, At safepoint: 19600 ns, Total: 153300 ns
[2020-03-27T08:25:45.767+0000][1][safepoint    ] Safepoint "RevokeBias", Time since last: 196392072 ns, Reaching safepoint: 115100 ns, At safepoint: 29900 ns, Total: 145000 ns
[2020-03-27T08:25:45.768+0000][1][safepoint    ] Safepoint "RevokeBias", Time since last: 821100 ns, Reaching safepoint: 86800 ns, At safepoint: 22500 ns, Total: 109300 ns
[2020-03-27T08:25:45.770+0000][1][safepoint    ] Safepoint "RevokeBias", Time since last: 1267500 ns, Reaching safepoint: 94400 ns, At safepoint: 11800 ns, Total: 106200 ns
[2020-03-27T08:25:45.770+0000][1][safepoint    ] Safepoint "RevokeBias", Time since last: 706200 ns, Reaching safepoint: 72400 ns, At safepoint: 22500 ns, Total: 94900 ns
[2020-03-27T08:25:45.823+0000][1][safepoint    ] Safepoint "RevokeBias", Time since last: 52312393 ns, Reaching safepoint: 112600 ns, At safepoint: 19900 ns, Total: 132500 ns
[2020-03-27T08:25:46.829+0000][1][safepoint    ] Safepoint "Cleanup", Time since last: 1000861761 ns, Reaching safepoint: 322599 ns, At safepoint: 5394600 ns, Total: 5717199 ns
[2020-03-27T08:25:47.831+0000][1][safepoint    ] Safepoint "Cleanup", Time since last: 1001315361 ns, Reaching safepoint: 361299 ns, At safepoint: 83400 ns, Total: 444699 ns
[2020-03-27T08:25:48.130+0000][1][safepoint    ] Safepoint "RevokeBias", Time since last: 298715459 ns, Reaching safepoint: 305500 ns, At safepoint: 21600 ns, Total: 327100 ns
[2020-03-27T08:25:48.428+0000][1][safepoint    ] Safepoint "RevokeBias", Time since last: 297570859 ns, Reaching safepoint: 319399 ns, At safepoint: 16600 ns, Total: 335999 ns
[2020-03-27T08:25:48.429+0000][1][safepoint    ] Safepoint "RevokeBias", Time since last: 815300 ns, Reaching safepoint: 68600 ns, At safepoint: 13100 ns, Total: 81700 ns
[2020-03-27T08:25:48.430+0000][1][safepoint    ] Safepoint "RevokeBias", Time since last: 1314700 ns, Reaching safepoint: 58000 ns, At safepoint: 28900 ns, Total: 86900 ns
[2020-03-27T08:25:48.432+0000][1][safepoint    ] Safepoint "RevokeBias", Time since last: 1096100 ns, Reaching safepoint: 102700 ns, At safepoint: 26700 ns, Total: 129400 ns
[2020-03-27T08:25:48.475+0000][1][safepoint    ] Safepoint "RevokeBias", Time since last: 42966094 ns, Reaching safepoint: 121400 ns, At safepoint: 28300 ns, Total: 149700 ns
[2020-03-27T08:25:49.476+0000][1][safepoint    ] Safepoint "Cleanup", Time since last: 1000787584 ns, Reaching safepoint: 363700 ns, At safepoint: 83500 ns, Total: 447200 ns
[2020-03-27T08:25:50.479+0000][1][safepoint    ] Safepoint "Cleanup", Time since last: 1002348388 ns, Reaching safepoint: 97500 ns, At safepoint: 39000 ns, Total: 136500 ns
[2020-03-27T08:25:51.480+0000][1][safepoint    ] Safepoint "Cleanup", Time since last: 1001372089 ns, Reaching safepoint: 319500 ns, At safepoint: 85200 ns, Total: 404700 ns
[2020-03-27T08:25:52.190+0000][1][safepoint    ] Safepoint "RevokeBias", Time since last: 709876391 ns, Reaching safepoint: 146600 ns, At safepoint: 20700 ns, Total: 167300 ns
[2020-03-27T08:25:52.554+0000][1][gc,start     ] GC(198) Pause Young (Allocation Failure)
[2020-03-27T08:25:52.555+0000][1][gc,task      ] GC(198) Using 2 workers of 2 for evacuation
[2020-03-27T08:25:52.562+0000][1][gc,age       ] GC(198) Desired survivor size 8716288 bytes, new threshold 6 (max threshold 6)
[2020-03-27T08:25:52.563+0000][1][gc,age       ] GC(198) Age table with threshold 6 (max threshold 6)
[2020-03-27T08:25:52.564+0000][1][gc,age       ] GC(198) - age   1:    4476664 bytes,    4476664 total
[2020-03-27T08:25:52.565+0000][1][gc,age       ] GC(198) - age   2:     965864 bytes,    5442528 total
[2020-03-27T08:25:52.566+0000][1][gc,heap      ] GC(198) ParNew: 147143K->6731K(153344K)
[2020-03-27T08:25:52.566+0000][1][gc,heap      ] GC(198) CMS: 244973K->244973K(353920K)
[2020-03-27T08:25:52.567+0000][1][gc,metaspace ] GC(198) Metaspace: 98354K->98354K(1140736K)
[2020-03-27T08:25:52.567+0000][1][gc           ] GC(198) Pause Young (Allocation Failure) 382M->245M(495M) 13.429ms
[2020-03-27T08:25:52.568+0000][1][gc,cpu       ] GC(198) User=0.01s Sys=0.01s Real=0.02s
[2020-03-27T08:25:52.568+0000][1][safepoint    ] Safepoint "GenCollectForAllocation", Time since last: 363255496 ns, Reaching safepoint: 254800 ns, At safepoint: 14429800 ns, Total: 14684600 ns
[2020-03-27T08:25:52.584+0000][1][safepoint    ] Safepoint "RevokeBias", Time since last: 15267700 ns, Reaching safepoint: 102200 ns, At safepoint: 17300 ns, Total: 119500 ns
[2020-03-27T08:25:52.585+0000][1][safepoint    ] Safepoint "RevokeBias", Time since last: 855500 ns, Reaching safepoint: 89700 ns, At safepoint: 12400 ns, Total: 102100 ns
[2020-03-27T08:25:52.586+0000][1][safepoint    ] Safepoint "RevokeBias", Time since last: 1124300 ns, Reaching safepoint: 98100 ns, At safepoint: 12500 ns, Total: 110600 ns
[2020-03-27T08:25:52.587+0000][1][safepoint    ] Safepoint "RevokeBias", Time since last: 979500 ns, Reaching safepoint: 159200 ns, At safepoint: 18100 ns, Total: 177300 ns
[2020-03-27T08:25:52.632+0000][1][safepoint    ] Safepoint "RevokeBias", Time since last: 44513799 ns, Reaching safepoint: 171700 ns, At safepoint: 19200 ns, Total: 190900 ns
[2020-03-27T08:25:52.662+0000][1][safepoint    ] Safepoint "RevokeBias", Time since last: 30280300 ns, Reaching safepoint: 186400 ns, At safepoint: 37500 ns, Total: 223900 ns
[2020-03-27T08:25:52.663+0000][1][safepoint    ] Safepoint "RevokeBias", Time since last: 781200 ns, Reaching safepoint: 65300 ns, At safepoint: 21700 ns, Total: 87000 ns
[2020-03-27T08:25:53.664+0000][1][safepoint    ] Safepoint "RevokeBias", Time since last: 1000464388 ns, Reaching safepoint: 459000 ns, At safepoint: 105100 ns, Total: 564100 ns
[2020-03-27T08:25:53.709+0000][1][safepoint    ] Safepoint "RevokeBias", Time since last: 44833700 ns, Reaching safepoint: 127800 ns, At safepoint: 37700 ns, Total: 165500 ns
[2020-03-27T08:25:53.710+0000][1][safepoint    ] Safepoint "RevokeBias", Time since last: 831900 ns, Reaching safepoint: 251800 ns, At safepoint: 34300 ns, Total: 286100 ns
[2020-03-27T08:25:54.712+0000][1][safepoint    ] Safepoint "Cleanup", Time since last: 1001206488 ns, Reaching safepoint: 400900 ns, At safepoint: 83500 ns, Total: 484400 ns
[2020-03-27T08:25:55.715+0000][1][safepoint    ] Safepoint "Cleanup", Time since last: 1002058088 ns, Reaching safepoint: 462400 ns, At safepoint: 163400 ns, Total: 625800 ns
[2020-03-27T08:25:56.719+0000][1][safepoint    ] Safepoint "Cleanup", Time since last: 1004327988 ns, Reaching safepoint: 337100 ns, At safepoint: 26800 ns, Total: 363900 ns
[2020-03-27T08:25:57.722+0000][1][safepoint    ] Safepoint "Cleanup", Time since last: 1002393387 ns, Reaching safepoint: 319000 ns, At safepoint: 85400 ns, Total: 404400 ns
[2020-03-27T08:25:58.166+0000][1][safepoint    ] Safepoint "RevokeBias", Time since last: 444212894 ns, Reaching safepoint: 91800 ns, At safepoint: 24400 ns, Total: 116200 ns
[2020-03-27T08:25:58.542+0000][1][gc,start     ] GC(199) Pause Young (Allocation Failure)
[2020-03-27T08:25:58.542+0000][1][gc,task      ] GC(199) Using 2 workers of 2 for evacuation
[2020-03-27T08:25:58.547+0000][1][gc,age       ] GC(199) Desired survivor size 8716288 bytes, new threshold 1 (max threshold 6)
[2020-03-27T08:25:58.548+0000][1][gc,age       ] GC(199) Age table with threshold 1 (max threshold 6)
[2020-03-27T08:25:58.548+0000][1][gc,age       ] GC(199) - age   1:    9359240 bytes,    9359240 total
[2020-03-27T08:25:58.549+0000][1][gc,age       ] GC(199) - age   2:     791608 bytes,   10150848 total
[2020-03-27T08:25:58.549+0000][1][gc,age       ] GC(199) - age   3:     750352 bytes,   10901200 total
[2020-03-27T08:25:58.550+0000][1][gc,heap      ] GC(199) ParNew: 143051K->12069K(153344K)
[2020-03-27T08:25:58.550+0000][1][gc,heap      ] GC(199) CMS: 244973K->244973K(353920K)
[2020-03-27T08:25:58.550+0000][1][gc,metaspace ] GC(199) Metaspace: 98364K->98364K(1140736K)
[2020-03-27T08:25:58.551+0000][1][gc           ] GC(199) Pause Young (Allocation Failure) 378M->251M(495M) 9.126ms
[2020-03-27T08:25:58.551+0000][1][gc,cpu       ] GC(199) User=0.01s Sys=0.00s Real=0.01s
[2020-03-27T08:25:58.551+0000][1][safepoint    ] Safepoint "GenCollectForAllocation", Time since last: 374890694 ns, Reaching safepoint: 170200 ns, At safepoint: 9879700 ns, Total: 10049900 ns
[2020-03-27T08:25:58.565+0000][1][safepoint    ] Safepoint "RevokeBias", Time since last: 13653700 ns, Reaching safepoint: 208400 ns, At safepoint: 33900 ns, Total: 242300 ns
[2020-03-27T08:25:58.566+0000][1][safepoint    ] Safepoint "RevokeBias", Time since last: 893000 ns, Reaching safepoint: 222300 ns, At safepoint: 17300 ns, Total: 239600 ns
[2020-03-27T08:25:58.567+0000][1][safepoint    ] Safepoint "RevokeBias", Time since last: 864900 ns, Reaching safepoint: 77600 ns, At safepoint: 21600 ns, Total: 99200 ns
[2020-03-27T08:25:58.569+0000][1][safepoint    ] Safepoint "RevokeBias", Time since last: 1119100 ns, Reaching safepoint: 111000 ns, At safepoint: 11000 ns, Total: 122000 ns
[2020-03-27T08:25:58.627+0000][1][safepoint    ] Safepoint "RevokeBias", Time since last: 58058099 ns, Reaching safepoint: 163500 ns, At safepoint: 15200 ns, Total: 178700 ns
[2020-03-27T08:25:59.629+0000][1][safepoint    ] Safepoint "Cleanup", Time since last: 1001234985 ns, Reaching safepoint: 315400 ns, At safepoint: 83700 ns, Total: 399100 ns
[2020-03-27T08:26:00.631+0000][1][safepoint    ] Safepoint "Cleanup", Time since last: 1002094085 ns, Reaching safepoint: 366400 ns, At safepoint: 82900 ns, Total: 449300 ns
[2020-03-27T08:26:01.634+0000][1][safepoint    ] Safepoint "Cleanup", Time since last: 1002457385 ns, Reaching safepoint: 396600 ns, At safepoint: 25100 ns, Total: 421700 ns
[2020-03-27T08:26:02.175+0000][1][safepoint    ] Safepoint "RevokeBias", Time since last: 540801592 ns, Reaching safepoint: 123700 ns, At safepoint: 23200 ns, Total: 146900 ns
[2020-03-27T08:26:02.807+0000][1][safepoint    ] Safepoint "RevokeBias", Time since last: 631570591 ns, Reaching safepoint: 138400 ns, At safepoint: 21900 ns, Total: 160300 ns
[2020-03-27T08:26:02.808+0000][1][safepoint    ] Safepoint "RevokeBias", Time since last: 820400 ns, Reaching safepoint: 181300 ns, At safepoint: 23600 ns, Total: 204900 ns
[2020-03-27T08:26:02.810+0000][1][safepoint    ] Safepoint "RevokeBias", Time since last: 1816200 ns, Reaching safepoint: 180200 ns, At safepoint: 14300 ns, Total: 194500 ns
[2020-03-27T08:26:02.811+0000][1][safepoint    ] Safepoint "RevokeBias", Time since last: 932700 ns, Reaching safepoint: 65800 ns, At safepoint: 13700 ns, Total: 79500 ns
[2020-03-27T08:26:02.852+0000][1][safepoint    ] Safepoint "RevokeBias", Time since last: 41153199 ns, Reaching safepoint: 120600 ns, At safepoint: 30000 ns, Total: 150600 ns
[2020-03-27T08:26:03.853+0000][1][safepoint    ] Safepoint "Cleanup", Time since last: 1000786085 ns, Reaching safepoint: 367800 ns, At safepoint: 85500 ns, Total: 453300 ns
[2020-03-27T08:26:04.856+0000][1][safepoint    ] Safepoint "Cleanup", Time since last: 1002112585 ns, Reaching safepoint: 404500 ns, At safepoint: 83400 ns, Total: 487900 ns
[2020-03-27T08:26:05.858+0000][1][safepoint    ] Safepoint "Cleanup", Time since last: 1001797088 ns, Reaching safepoint: 317500 ns, At safepoint: 86600 ns, Total: 404100 ns
[2020-03-27T08:26:06.861+0000][1][safepoint    ] Safepoint "Cleanup", Time since last: 1002328091 ns, Reaching safepoint: 407200 ns, At safepoint: 84400 ns, Total: 491600 ns
[2020-03-27T08:26:07.864+0000][1][safepoint    ] Safepoint "Cleanup", Time since last: 1002526990 ns, Reaching safepoint: 409000 ns, At safepoint: 86600 ns, Total: 495600 ns
[2020-03-27T08:26:08.146+0000][1][safepoint    ] Safepoint "RevokeBias", Time since last: 281967097 ns, Reaching safepoint: 92000 ns, At safepoint: 24300 ns, Total: 116300 ns
[2020-03-27T08:26:08.735+0000][1][gc,start     ] GC(200) Pause Young (Allocation Failure)
[2020-03-27T08:26:08.736+0000][1][gc,task      ] GC(200) Using 2 workers of 2 for evacuation
[2020-03-27T08:26:08.772+0000][1][gc,age       ] GC(200) Desired survivor size 8716288 bytes, new threshold 1 (max threshold 6)
[2020-03-27T08:26:08.772+0000][1][gc,age       ] GC(200) Age table with threshold 1 (max threshold 6)
[2020-03-27T08:26:08.773+0000][1][gc,age       ] GC(200) - age   1:    9873952 bytes,    9873952 total
[2020-03-27T08:26:08.773+0000][1][gc,heap      ] GC(200) ParNew: 148381K->13786K(153344K)
[2020-03-27T08:26:08.774+0000][1][gc,heap      ] GC(200) CMS: 244973K->246574K(353920K)
[2020-03-27T08:26:08.774+0000][1][gc,metaspace ] GC(200) Metaspace: 98373K->98373K(1140736K)
[2020-03-27T08:26:08.775+0000][1][gc           ] GC(200) Pause Young (Allocation Failure) 384M->254M(495M) 40.198ms
[2020-03-27T08:26:08.775+0000][1][gc,cpu       ] GC(200) User=0.01s Sys=0.01s Real=0.04s
[2020-03-27T08:26:08.776+0000][1][safepoint    ] Safepoint "GenCollectForAllocation", Time since last: 588290594 ns, Reaching safepoint: 279800 ns, At safepoint: 41219500 ns, Total: 41499300 ns
[2020-03-27T08:26:08.803+0000][1][safepoint    ] Safepoint "RevokeBias", Time since last: 27183200 ns, Reaching safepoint: 209900 ns, At safepoint: 21800 ns, Total: 231700 ns
[2020-03-27T08:26:08.804+0000][1][safepoint    ] Safepoint "RevokeBias", Time since last: 929300 ns, Reaching safepoint: 163900 ns, At safepoint: 25400 ns, Total: 189300 ns
[2020-03-27T08:26:08.806+0000][1][safepoint    ] Safepoint "RevokeBias", Time since last: 2073700 ns, Reaching safepoint: 58400 ns, At safepoint: 28200 ns, Total: 86600 ns
[2020-03-27T08:26:08.808+0000][1][safepoint    ] Safepoint "RevokeBias", Time since last: 1049300 ns, Reaching safepoint: 133000 ns, At safepoint: 14900 ns, Total: 147900 ns
[2020-03-27T08:26:08.851+0000][1][safepoint    ] Safepoint "RevokeBias", Time since last: 43428899 ns, Reaching safepoint: 133000 ns, At safepoint: 19400 ns, Total: 152400 ns
[2020-03-27T08:26:09.853+0000][1][safepoint    ] Safepoint "Cleanup", Time since last: 1001088691 ns, Reaching safepoint: 443000 ns, At safepoint: 84500 ns, Total: 527500 ns
[2020-03-27T08:26:10.855+0000][1][safepoint    ] Safepoint "Cleanup", Time since last: 1002206990 ns, Reaching safepoint: 319800 ns, At safepoint: 86900 ns, Total: 406700 ns
[2020-03-27T08:26:11.858+0000][1][safepoint    ] Safepoint "Cleanup", Time since last: 1002196390 ns, Reaching safepoint: 372100 ns, At safepoint: 82900 ns, Total: 455000 ns
[2020-03-27T08:26:12.184+0000][1][safepoint    ] Safepoint "RevokeBias", Time since last: 325360197 ns, Reaching safepoint: 119100 ns, At safepoint: 18700 ns, Total: 137800 ns
[2020-03-27T08:26:12.950+0000][1][safepoint    ] Safepoint "RevokeBias", Time since last: 766136893 ns, Reaching safepoint: 226900 ns, At safepoint: 40100 ns, Total: 267000 ns
[2020-03-27T08:26:12.951+0000][1][safepoint    ] Safepoint "BulkRevokeBias", Time since last: 846700 ns, Reaching safepoint: 70000 ns, At safepoint: 419400 ns, Total: 489400 ns
[2020-03-27T08:26:12.953+0000][1][safepoint    ] Safepoint "RevokeBias", Time since last: 1470100 ns, Reaching safepoint: 86400 ns, At safepoint: 21600 ns, Total: 108000 ns
[2020-03-27T08:26:12.954+0000][1][safepoint    ] Safepoint "BulkRevokeBias", Time since last: 887600 ns, Reaching safepoint: 85600 ns, At safepoint: 500500 ns, Total: 586100 ns
[2020-03-27T08:26:12.994+0000][1][safepoint    ] Safepoint "RevokeBias", Time since last: 39593299 ns, Reaching safepoint: 111300 ns, At safepoint: 37300 ns, Total: 148600 ns
[2020-03-27T08:26:13.995+0000][1][safepoint    ] Safepoint "Cleanup", Time since last: 1000697691 ns, Reaching safepoint: 370700 ns, At safepoint: 84600 ns, Total: 455300 ns
[2020-03-27T08:26:14.998+0000][1][safepoint    ] Safepoint "Cleanup", Time since last: 1002248890 ns, Reaching safepoint: 400500 ns, At safepoint: 117600 ns, Total: 518100 ns
[2020-03-27T08:26:16.001+0000][1][safepoint    ] Safepoint "Cleanup", Time since last: 1002277490 ns, Reaching safepoint: 415100 ns, At safepoint: 83100 ns, Total: 498200 ns
[2020-03-27T08:26:17.003+0000][1][safepoint    ] Safepoint "Cleanup", Time since last: 1002247190 ns, Reaching safepoint: 317500 ns, At safepoint: 87900 ns, Total: 405400 ns
[2020-03-27T08:26:18.007+0000][1][safepoint    ] Safepoint "Cleanup", Time since last: 1002688491 ns, Reaching safepoint: 319000 ns, At safepoint: 175600 ns, Total: 494600 ns
[2020-03-27T08:26:18.113+0000][1][safepoint    ] Safepoint "RevokeBias", Time since last: 105927099 ns, Reaching safepoint: 99300 ns, At safepoint: 24400 ns, Total: 123700 ns
[2020-03-27T08:26:18.128+0000][1][gc,start     ] GC(201) Pause Young (Allocation Failure)
[2020-03-27T08:26:18.128+0000][1][gc,task      ] GC(201) Using 2 workers of 2 for evacuation
[2020-03-27T08:26:18.149+0000][1][gc,age       ] GC(201) Desired survivor size 8716288 bytes, new threshold 1 (max threshold 6)
[2020-03-27T08:26:18.149+0000][1][gc,age       ] GC(201) Age table with threshold 1 (max threshold 6)
[2020-03-27T08:26:18.150+0000][1][gc,age       ] GC(201) - age   1:    8831744 bytes,    8831744 total
[2020-03-27T08:26:18.151+0000][1][gc,heap      ] GC(201) ParNew: 150080K->14294K(153344K)
[2020-03-27T08:26:18.151+0000][1][gc,heap      ] GC(201) CMS: 246574K->247157K(353920K)
[2020-03-27T08:26:18.151+0000][1][gc,metaspace ] GC(201) Metaspace: 98374K->98374K(1140736K)
[2020-03-27T08:26:18.152+0000][1][gc           ] GC(201) Pause Young (Allocation Failure) 387M->255M(495M) 24.289ms
[2020-03-27T08:26:18.153+0000][1][gc,cpu       ] GC(201) User=0.01s Sys=0.00s Real=0.02s
[2020-03-27T08:26:18.153+0000][1][safepoint    ] Safepoint "GenCollectForAllocation", Time since last: 14821299 ns, Reaching safepoint: 214100 ns, At safepoint: 25450000 ns, Total: 25664100 ns
[2020-03-27T08:26:19.154+0000][1][safepoint    ] Safepoint "Cleanup", Time since last: 1000809390 ns, Reaching safepoint: 323100 ns, At safepoint: 86800 ns, Total: 409900 ns
[2020-03-27T08:26:20.157+0000][1][safepoint    ] Safepoint "Cleanup", Time since last: 1001950791 ns, Reaching safepoint: 449200 ns, At safepoint: 80600 ns, Total: 529800 ns
[2020-03-27T08:26:21.160+0000][1][safepoint    ] Safepoint "Cleanup", Time since last: 1002240090 ns, Reaching safepoint: 399100 ns, At safepoint: 174800 ns, Total: 573900 ns
[2020-03-27T08:26:22.162+0000][1][safepoint    ] Safepoint "Cleanup", Time since last: 1001872291 ns, Reaching safepoint: 91900 ns, At safepoint: 4700 ns, Total: 96600 ns
[2020-03-27T08:26:22.187+0000][1][safepoint    ] Safepoint "RevokeBias", Time since last: 25274800 ns, Reaching safepoint: 206800 ns, At safepoint: 15200 ns, Total: 222000 ns
[2020-03-27T08:26:23.189+0000][1][safepoint    ] Safepoint "Cleanup", Time since last: 1001421991 ns, Reaching safepoint: 473600 ns, At safepoint: 84200 ns, Total: 557800 ns
[2020-03-27T08:26:24.191+0000][1][safepoint    ] Safepoint "Cleanup", Time since last: 1001959191 ns, Reaching safepoint: 148700 ns, At safepoint: 35100 ns, Total: 183800 ns
[2020-03-27T08:26:25.193+0000][1][safepoint    ] Safepoint "Cleanup", Time since last: 1001529691 ns, Reaching safepoint: 371900 ns, At safepoint: 84000 ns, Total: 455900 ns
[2020-03-27T08:26:26.196+0000][1][safepoint    ] Safepoint "Cleanup", Time since last: 1002468091 ns, Reaching safepoint: 273100 ns, At safepoint: 74900 ns, Total: 348000 ns
[2020-03-27T08:26:27.198+0000][1][safepoint    ] Safepoint "Cleanup", Time since last: 1001515891 ns, Reaching safepoint: 92400 ns, At safepoint: 16100 ns, Total: 108500 ns
[2020-03-27T08:26:28.138+0000][1][safepoint    ] Safepoint "RevokeBias", Time since last: 940082691 ns, Reaching safepoint: 92900 ns, At safepoint: 43700 ns, Total: 136600 ns
[2020-03-27T08:26:29.139+0000][1][safepoint    ] Safepoint "Cleanup", Time since last: 1000984491 ns, Reaching safepoint: 188200 ns, At safepoint: 28500 ns, Total: 216700 ns
[2020-03-27T08:26:30.141+0000][1][safepoint    ] Safepoint "Cleanup", Time since last: 1001280493 ns, Reaching safepoint: 359300 ns, At safepoint: 79800 ns, Total: 439100 ns
[2020-03-27T08:26:31.143+0000][1][safepoint    ] Safepoint "Cleanup", Time since last: 1001926393 ns, Reaching safepoint: 353100 ns, At safepoint: 80300 ns, Total: 433400 ns
[2020-03-27T08:26:32.147+0000][1][safepoint    ] Safepoint "Cleanup", Time since last: 1003410093 ns, Reaching safepoint: 170400 ns, At safepoint: 22800 ns, Total: 193200 ns
[2020-03-27T08:26:32.187+0000][1][safepoint    ] Safepoint "RevokeBias", Time since last: 40096000 ns, Reaching safepoint: 561000 ns, At safepoint: 38400 ns, Total: 599400 ns
[2020-03-27T08:26:33.189+0000][1][safepoint    ] Safepoint "Cleanup", Time since last: 1000929693 ns, Reaching safepoint: 417600 ns, At safepoint: 117500 ns, Total: 535100 ns
[2020-03-27T08:26:34.191+0000][1][safepoint    ] Safepoint "Cleanup", Time since last: 1001967192 ns, Reaching safepoint: 317500 ns, At safepoint: 84200 ns, Total: 401700 ns
[2020-03-27T08:26:35.194+0000][1][safepoint    ] Safepoint "Cleanup", Time since last: 1001963493 ns, Reaching safepoint: 354500 ns, At safepoint: 24400 ns, Total: 378900 ns
[2020-03-27T08:26:36.196+0000][1][safepoint    ] Safepoint "Cleanup", Time since last: 1002025993 ns, Reaching safepoint: 317300 ns, At safepoint: 85100 ns, Total: 402400 ns
[2020-03-27T08:26:37.199+0000][1][safepoint    ] Safepoint "Cleanup", Time since last: 1002197093 ns, Reaching safepoint: 457400 ns, At safepoint: 83400 ns, Total: 540800 ns
[2020-03-27T08:26:38.143+0000][1][safepoint    ] Safepoint "RevokeBias", Time since last: 943816203 ns, Reaching safepoint: 186000 ns, At safepoint: 18500 ns, Total: 204500 ns
[2020-03-27T08:26:39.144+0000][1][safepoint    ] Safepoint "Cleanup", Time since last: 1000730905 ns, Reaching safepoint: 317500 ns, At safepoint: 84800 ns, Total: 402300 ns
[2020-03-27T08:26:40.146+0000][1][safepoint    ] Safepoint "Cleanup", Time since last: 1002322405 ns, Reaching safepoint: 102800 ns, At safepoint: 21600 ns, Total: 124400 ns
[2020-03-27T08:26:41.148+0000][1][safepoint    ] Safepoint "Cleanup", Time since last: 1001139705 ns, Reaching safepoint: 366600 ns, At safepoint: 85400 ns, Total: 452000 ns
[2020-03-27T08:26:42.150+0000][1][safepoint    ] Safepoint "Cleanup", Time since last: 1001948905 ns, Reaching safepoint: 101600 ns, At safepoint: 21100 ns, Total: 122700 ns
[2020-03-27T08:26:42.192+0000][1][safepoint    ] Safepoint "RevokeBias", Time since last: 41334701 ns, Reaching safepoint: 377700 ns, At safepoint: 27400 ns, Total: 405100 ns
[2020-03-27T08:26:43.193+0000][1][safepoint    ] Safepoint "Cleanup", Time since last: 1000762005 ns, Reaching safepoint: 517900 ns, At safepoint: 89000 ns, Total: 606900 ns
[2020-03-27T08:26:43.945+0000][1][safepoint    ] Safepoint "RevokeBias", Time since last: 751246704 ns, Reaching safepoint: 254100 ns, At safepoint: 31800 ns, Total: 285900 ns
[2020-03-27T08:26:43.945+0000][1][safepoint    ] Safepoint "RevokeBias", Time since last: 441500 ns, Reaching safepoint: 70800 ns, At safepoint: 21100 ns, Total: 91900 ns
[2020-03-27T08:26:43.946+0000][1][safepoint    ] Safepoint "RevokeBias", Time since last: 379000 ns, Reaching safepoint: 58400 ns, At safepoint: 11600 ns, Total: 70000 ns
[2020-03-27T08:26:43.947+0000][1][safepoint    ] Safepoint "RevokeBias", Time since last: 1314800 ns, Reaching safepoint: 70800 ns, At safepoint: 14200 ns, Total: 85000 ns
[2020-03-27T08:26:43.948+0000][1][safepoint    ] Safepoint "RevokeBias", Time since last: 1033400 ns, Reaching safepoint: 92100 ns, At safepoint: 23500 ns, Total: 115600 ns
[2020-03-27T08:26:43.990+0000][1][safepoint    ] Safepoint "RevokeBias", Time since last: 41645300 ns, Reaching safepoint: 107000 ns, At safepoint: 15700 ns, Total: 122700 ns
[2020-03-27T08:26:44.060+0000][1][gc,start     ] GC(202) Pause Young (Allocation Failure)
[2020-03-27T08:26:44.060+0000][1][gc,task      ] GC(202) Using 2 workers of 2 for evacuation
[2020-03-27T08:26:44.071+0000][1][gc,age       ] GC(202) Desired survivor size 8716288 bytes, new threshold 6 (max threshold 6)
[2020-03-27T08:26:44.071+0000][1][gc,age       ] GC(202) Age table with threshold 6 (max threshold 6)
[2020-03-27T08:26:44.072+0000][1][gc,age       ] GC(202) - age   1:    5927368 bytes,    5927368 total
[2020-03-27T08:26:44.072+0000][1][gc,heap      ] GC(202) ParNew: 150614K->8850K(153344K)
[2020-03-27T08:26:44.072+0000][1][gc,heap      ] GC(202) CMS: 247157K->248007K(353920K)
[2020-03-27T08:26:44.073+0000][1][gc,metaspace ] GC(202) Metaspace: 98392K->98392K(1140736K)
[2020-03-27T08:26:44.073+0000][1][gc           ] GC(202) Pause Young (Allocation Failure) 388M->250M(495M) 13.521ms
[2020-03-27T08:26:44.073+0000][1][gc,cpu       ] GC(202) User=0.01s Sys=0.00s Real=0.01s
[2020-03-27T08:26:44.074+0000][1][safepoint    ] Safepoint "GenCollectForAllocation", Time since last: 69321400 ns, Reaching safepoint: 131600 ns, At safepoint: 14453000 ns, Total: 14584600 ns
[2020-03-27T08:26:44.092+0000][1][safepoint    ] Safepoint "RevokeBias", Time since last: 15517101 ns, Reaching safepoint: 2345100 ns, At safepoint: 45500 ns, Total: 2390600 ns
[2020-03-27T08:26:44.122+0000][1][safepoint    ] Safepoint "RevokeBias", Time since last: 29920200 ns, Reaching safepoint: 241500 ns, At safepoint: 48300 ns, Total: 289800 ns
[2020-03-27T08:26:44.125+0000][1][safepoint    ] Safepoint "RevokeBias", Time since last: 1911600 ns, Reaching safepoint: 390000 ns, At safepoint: 172200 ns, Total: 562200 ns
[2020-03-27T08:26:44.126+0000][1][safepoint    ] Safepoint "RevokeBias", Time since last: 1071700 ns, Reaching safepoint: 327400 ns, At safepoint: 12300 ns, Total: 339700 ns
[2020-03-27T08:26:44.127+0000][1][safepoint    ] Safepoint "RevokeBias", Time since last: 856900 ns, Reaching safepoint: 187400 ns, At safepoint: 220000 ns, Total: 407400 ns
[2020-03-27T08:26:44.172+0000][1][safepoint    ] Safepoint "RevokeBias", Time since last: 44594800 ns, Reaching safepoint: 116600 ns, At safepoint: 19200 ns, Total: 135800 ns
[2020-03-27T08:26:44.233+0000][1][safepoint    ] Safepoint "RevokeBias", Time since last: 61281100 ns, Reaching safepoint: 103100 ns, At safepoint: 18900 ns, Total: 122000 ns
[2020-03-27T08:26:44.234+0000][1][safepoint    ] Safepoint "RevokeBias", Time since last: 662500 ns, Reaching safepoint: 75800 ns, At safepoint: 12300 ns, Total: 88100 ns
[2020-03-27T08:26:44.235+0000][1][safepoint    ] Safepoint "RevokeBias", Time since last: 1198200 ns, Reaching safepoint: 60000 ns, At safepoint: 12900 ns, Total: 72900 ns
[2020-03-27T08:26:44.236+0000][1][safepoint    ] Safepoint "RevokeBias", Time since last: 808700 ns, Reaching safepoint: 85300 ns, At safepoint: 26400 ns, Total: 111700 ns
[2020-03-27T08:26:45.238+0000][1][safepoint    ] Safepoint "Cleanup", Time since last: 1000838705 ns, Reaching safepoint: 490700 ns, At safepoint: 80300 ns, Total: 571000 ns
[2020-03-27T08:26:45.367+0000][1][safepoint    ] Safepoint "RevokeBias", Time since last: 129408301 ns, Reaching safepoint: 201700 ns, At safepoint: 19200 ns, Total: 220900 ns
[2020-03-27T08:26:45.368+0000][1][safepoint    ] Safepoint "RevokeBias", Time since last: 739600 ns, Reaching safepoint: 87500 ns, At safepoint: 22100 ns, Total: 109600 ns
[2020-03-27T08:26:45.370+0000][1][safepoint    ] Safepoint "RevokeBias", Time since last: 1418700 ns, Reaching safepoint: 79200 ns, At safepoint: 13600 ns, Total: 92800 ns
[2020-03-27T08:26:45.371+0000][1][safepoint    ] Safepoint "RevokeBias", Time since last: 1011600 ns, Reaching safepoint: 83300 ns, At safepoint: 22400 ns, Total: 105700 ns
[2020-03-27T08:26:45.420+0000][1][safepoint    ] Safepoint "RevokeBias", Time since last: 49453601 ns, Reaching safepoint: 112200 ns, At safepoint: 29400 ns, Total: 141600 ns
[2020-03-27T08:26:45.477+0000][1][safepoint    ] Safepoint "RevokeBias", Time since last: 56409202 ns, Reaching safepoint: 187400 ns, At safepoint: 44000 ns, Total: 231400 ns
[2020-03-27T08:26:45.479+0000][1][safepoint    ] Safepoint "RevokeBias", Time since last: 2003300 ns, Reaching safepoint: 77400 ns, At safepoint: 23800 ns, Total: 101200 ns
[2020-03-27T08:26:45.605+0000][1][safepoint    ] Safepoint "RevokeBias", Time since last: 126008106 ns, Reaching safepoint: 99900 ns, At safepoint: 23900 ns, Total: 123800 ns
[2020-03-27T08:26:45.606+0000][1][safepoint    ] Safepoint "RevokeBias", Time since last: 330400 ns, Reaching safepoint: 59700 ns, At safepoint: 20900 ns, Total: 80600 ns
[2020-03-27T08:26:45.606+0000][1][safepoint    ] Safepoint "RevokeBias", Time since last: 319400 ns, Reaching safepoint: 47700 ns, At safepoint: 19800 ns, Total: 67500 ns
[2020-03-27T08:26:45.606+0000][1][safepoint    ] Safepoint "RevokeBias", Time since last: 315200 ns, Reaching safepoint: 67300 ns, At safepoint: 21700 ns, Total: 89000 ns
[2020-03-27T08:26:45.607+0000][1][safepoint    ] Safepoint "RevokeBias", Time since last: 264200 ns, Reaching safepoint: 47200 ns, At safepoint: 19000 ns, Total: 66200 ns
[2020-03-27T08:26:45.607+0000][1][safepoint    ] Safepoint "RevokeBias", Time since last: 249600 ns, Reaching safepoint: 80200 ns, At safepoint: 22200 ns, Total: 102400 ns
[2020-03-27T08:26:45.608+0000][1][safepoint    ] Safepoint "RevokeBias", Time since last: 387200 ns, Reaching safepoint: 71200 ns, At safepoint: 11200 ns, Total: 82400 ns
[2020-03-27T08:26:46.479+0000][1][safepoint    ] Safepoint "RevokeBias", Time since last: 870699136 ns, Reaching safepoint: 430601 ns, At safepoint: 85600 ns, Total: 516201 ns
[2020-03-27T08:26:46.485+0000][1][safepoint    ] Safepoint "RevokeBias", Time since last: 6167000 ns, Reaching safepoint: 432600 ns, At safepoint: 32600 ns, Total: 465200 ns
[2020-03-27T08:26:46.489+0000][1][safepoint    ] Safepoint "RevokeBias", Time since last: 2936200 ns, Reaching safepoint: 414300 ns, At safepoint: 80900 ns, Total: 495200 ns
[2020-03-27T08:26:46.492+0000][1][safepoint    ] Safepoint "RevokeBias", Time since last: 2205300 ns, Reaching safepoint: 317100 ns, At safepoint: 162600 ns, Total: 479700 ns
[2020-03-27T08:26:46.494+0000][1][safepoint    ] Safepoint "RevokeBias", Time since last: 2227200 ns, Reaching safepoint: 268800 ns, At safepoint: 126800 ns, Total: 395600 ns
[2020-03-27T08:26:46.496+0000][1][safepoint    ] Safepoint "RevokeBias", Time since last: 1483200 ns, Reaching safepoint: 353700 ns, At safepoint: 80200 ns, Total: 433900 ns
[2020-03-27T08:26:46.499+0000][1][safepoint    ] Safepoint "RevokeBias", Time since last: 2312100 ns, Reaching safepoint: 363800 ns, At safepoint: 84200 ns, Total: 448000 ns
[2020-03-27T08:26:47.501+0000][1][safepoint    ] Safepoint "Cleanup", Time since last: 1001734443 ns, Reaching safepoint: 318800 ns, At safepoint: 87700 ns, Total: 406500 ns
[2020-03-27T08:26:48.145+0000][1][gc,start     ] GC(203) Pause Young (Allocation Failure)
[2020-03-27T08:26:48.146+0000][1][gc,task      ] GC(203) Using 2 workers of 2 for evacuation
[2020-03-27T08:26:48.149+0000][1][gc,age       ] GC(203) Desired survivor size 8716288 bytes, new threshold 6 (max threshold 6)
[2020-03-27T08:26:48.150+0000][1][gc,age       ] GC(203) Age table with threshold 6 (max threshold 6)
[2020-03-27T08:26:48.150+0000][1][gc,age       ] GC(203) - age   1:     734984 bytes,     734984 total
[2020-03-27T08:26:48.151+0000][1][gc,age       ] GC(203) - age   2:     807336 bytes,    1542320 total
[2020-03-27T08:26:48.152+0000][1][gc,heap      ] GC(203) ParNew: 145170K->6554K(153344K)
[2020-03-27T08:26:48.152+0000][1][gc,heap      ] GC(203) CMS: 248007K->248007K(353920K)
[2020-03-27T08:26:48.153+0000][1][gc,metaspace ] GC(203) Metaspace: 98420K->98420K(1140736K)
[2020-03-27T08:26:48.153+0000][1][gc           ] GC(203) Pause Young (Allocation Failure) 383M->248M(495M) 8.165ms
[2020-03-27T08:26:48.154+0000][1][gc,cpu       ] GC(203) User=0.01s Sys=0.00s Real=0.01s
[2020-03-27T08:26:48.154+0000][1][safepoint    ] Safepoint "GenCollectForAllocation", Time since last: 644116527 ns, Reaching safepoint: 117600 ns, At safepoint: 9147700 ns, Total: 9265300 ns
[2020-03-27T08:26:48.182+0000][1][safepoint    ] Safepoint "RevokeBias", Time since last: 26966002 ns, Reaching safepoint: 196700 ns, At safepoint: 25400 ns, Total: 222100 ns
[2020-03-27T08:26:49.101+0000][1][safepoint    ] Safepoint "RevokeBias", Time since last: 919575039 ns, Reaching safepoint: 271700 ns, At safepoint: 43100 ns, Total: 314800 ns
[2020-03-27T08:26:49.103+0000][1][safepoint    ] Safepoint "RevokeBias", Time since last: 909100 ns, Reaching safepoint: 89400 ns, At safepoint: 37600 ns, Total: 127000 ns
[2020-03-27T08:26:49.104+0000][1][safepoint    ] Safepoint "RevokeBias", Time since last: 1238700 ns, Reaching safepoint: 74500 ns, At safepoint: 30700 ns, Total: 105200 ns
[2020-03-27T08:26:49.105+0000][1][safepoint    ] Safepoint "RevokeBias", Time since last: 1242200 ns, Reaching safepoint: 128900 ns, At safepoint: 23000 ns, Total: 151900 ns
[2020-03-27T08:26:49.159+0000][1][safepoint    ] Safepoint "RevokeBias", Time since last: 53254102 ns, Reaching safepoint: 119500 ns, At safepoint: 28300 ns, Total: 147800 ns
[2020-03-27T08:26:50.160+0000][1][safepoint    ] Safepoint "Cleanup", Time since last: 1000766342 ns, Reaching safepoint: 460800 ns, At safepoint: 36900 ns, Total: 497700 ns
[2020-03-27T08:26:51.162+0000][1][safepoint    ] Safepoint "Cleanup", Time since last: 1002054643 ns, Reaching safepoint: 319100 ns, At safepoint: 87400 ns, Total: 406500 ns
[2020-03-27T08:26:52.165+0000][1][safepoint    ] Safepoint "Cleanup", Time since last: 1002324742 ns, Reaching safepoint: 411700 ns, At safepoint: 27300 ns, Total: 439000 ns
[2020-03-27T08:26:52.202+0000][1][safepoint    ] Safepoint "RevokeBias", Time since last: 36418402 ns, Reaching safepoint: 140200 ns, At safepoint: 16100 ns, Total: 156300 ns
[2020-03-27T08:26:52.240+0000][1][safepoint    ] Safepoint "RevokeBias", Time since last: 38128402 ns, Reaching safepoint: 299400 ns, At safepoint: 22400 ns, Total: 321800 ns
[2020-03-27T08:26:52.241+0000][1][safepoint    ] Safepoint "RevokeBias", Time since last: 635600 ns, Reaching safepoint: 96700 ns, At safepoint: 12500 ns, Total: 109200 ns
[2020-03-27T08:26:52.243+0000][1][safepoint    ] Safepoint "RevokeBias", Time since last: 1525500 ns, Reaching safepoint: 146000 ns, At safepoint: 15100 ns, Total: 161100 ns
[2020-03-27T08:26:52.244+0000][1][safepoint    ] Safepoint "RevokeBias", Time since last: 970700 ns, Reaching safepoint: 66500 ns, At safepoint: 24900 ns, Total: 91400 ns
[2020-03-27T08:26:52.283+0000][1][safepoint    ] Safepoint "RevokeBias", Time since last: 39243001 ns, Reaching safepoint: 92700 ns, At safepoint: 25700 ns, Total: 118400 ns
[2020-03-27T08:26:53.284+0000][1][safepoint    ] Safepoint "Cleanup", Time since last: 1000945743 ns, Reaching safepoint: 318700 ns, At safepoint: 101700 ns, Total: 420400 ns
[2020-03-27T08:26:54.287+0000][1][safepoint    ] Safepoint "Cleanup", Time since last: 1002238005 ns, Reaching safepoint: 369600 ns, At safepoint: 89100 ns, Total: 458700 ns
[2020-03-27T08:26:55.290+0000][1][safepoint    ] Safepoint "Cleanup", Time since last: 1002518499 ns, Reaching safepoint: 319500 ns, At safepoint: 88600 ns, Total: 408100 ns
[2020-03-27T08:26:56.292+0000][1][safepoint    ] Safepoint "Cleanup", Time since last: 1001998298 ns, Reaching safepoint: 323000 ns, At safepoint: 25000 ns, Total: 348000 ns
[2020-03-27T08:26:57.295+0000][1][safepoint    ] Safepoint "Cleanup", Time since last: 1001941699 ns, Reaching safepoint: 389600 ns, At safepoint: 23700 ns, Total: 413300 ns
[2020-03-27T08:26:58.134+0000][1][gc,start     ] GC(204) Pause Young (Allocation Failure)
[2020-03-27T08:26:58.134+0000][1][gc,task      ] GC(204) Using 2 workers of 2 for evacuation
[2020-03-27T08:26:58.138+0000][1][gc,age       ] GC(204) Desired survivor size 8716288 bytes, new threshold 6 (max threshold 6)
[2020-03-27T08:26:58.139+0000][1][gc,age       ] GC(204) Age table with threshold 6 (max threshold 6)
[2020-03-27T08:26:58.139+0000][1][gc,age       ] GC(204) - age   1:    1099840 bytes,    1099840 total
[2020-03-27T08:26:58.139+0000][1][gc,age       ] GC(204) - age   2:     649224 bytes,    1749064 total
[2020-03-27T08:26:58.140+0000][1][gc,age       ] GC(204) - age   3:     359344 bytes,    2108408 total
[2020-03-27T08:26:58.140+0000][1][gc,heap      ] GC(204) ParNew: 142874K->3022K(153344K)
[2020-03-27T08:26:58.141+0000][1][gc,heap      ] GC(204) CMS: 248007K->248007K(353920K)
[2020-03-27T08:26:58.141+0000][1][gc,metaspace ] GC(204) Metaspace: 98422K->98422K(1140736K)
[2020-03-27T08:26:58.142+0000][1][gc           ] GC(204) Pause Young (Allocation Failure) 381M->245M(495M) 8.382ms
[2020-03-27T08:26:58.142+0000][1][gc,cpu       ] GC(204) User=0.01s Sys=0.00s Real=0.01s
[2020-03-27T08:26:58.143+0000][1][safepoint    ] Safepoint "GenCollectForAllocation", Time since last: 838650599 ns, Reaching safepoint: 180200 ns, At safepoint: 9371500 ns, Total: 9551700 ns
[2020-03-27T08:26:58.146+0000][1][safepoint    ] Safepoint "RevokeBias", Time since last: 3267100 ns, Reaching safepoint: 140200 ns, At safepoint: 25800 ns, Total: 166000 ns
[2020-03-27T08:26:58.245+0000][1][safepoint    ] Safepoint "RevokeBias", Time since last: 98574700 ns, Reaching safepoint: 318000 ns, At safepoint: 29400 ns, Total: 347400 ns
[2020-03-27T08:26:58.246+0000][1][safepoint    ] Safepoint "RevokeBias", Time since last: 892000 ns, Reaching safepoint: 86300 ns, At safepoint: 22300 ns, Total: 108600 ns
[2020-03-27T08:26:58.248+0000][1][safepoint    ] Safepoint "RevokeBias", Time since last: 1199700 ns, Reaching safepoint: 79000 ns, At safepoint: 22100 ns, Total: 101100 ns
[2020-03-27T08:26:58.248+0000][1][safepoint    ] Safepoint "RevokeBias", Time since last: 567600 ns, Reaching safepoint: 57100 ns, At safepoint: 21500 ns, Total: 78600 ns
[2020-03-27T08:26:58.289+0000][1][safepoint    ] Safepoint "RevokeBias", Time since last: 40755700 ns, Reaching safepoint: 116700 ns, At safepoint: 19900 ns, Total: 136600 ns
[2020-03-27T08:26:59.290+0000][1][safepoint    ] Safepoint "Cleanup", Time since last: 1000837698 ns, Reaching safepoint: 169200 ns, At safepoint: 39800 ns, Total: 209000 ns
[2020-03-27T08:27:00.292+0000][1][safepoint    ] Safepoint "Cleanup", Time since last: 1001197299 ns, Reaching safepoint: 475700 ns, At safepoint: 73500 ns, Total: 549200 ns
[2020-03-27T08:27:01.295+0000][1][safepoint    ] Safepoint "Cleanup", Time since last: 1002307399 ns, Reaching safepoint: 449200 ns, At safepoint: 79200 ns, Total: 528400 ns
[2020-03-27T08:27:02.210+0000][1][safepoint    ] Safepoint "RevokeBias", Time since last: 914876381 ns, Reaching safepoint: 221200 ns, At safepoint: 21100 ns, Total: 242300 ns
[2020-03-27T08:27:02.369+0000][1][safepoint    ] Safepoint "RevokeBias", Time since last: 158447396 ns, Reaching safepoint: 298200 ns, At safepoint: 30500 ns, Total: 328700 ns
[2020-03-27T08:27:02.370+0000][1][safepoint    ] Safepoint "RevokeBias", Time since last: 1160100 ns, Reaching safepoint: 88000 ns, At safepoint: 22600 ns, Total: 110600 ns
[2020-03-27T08:27:02.371+0000][1][safepoint    ] Safepoint "RevokeBias", Time since last: 1404400 ns, Reaching safepoint: 66500 ns, At safepoint: 19800 ns, Total: 86300 ns
[2020-03-27T08:27:02.372+0000][1][safepoint    ] Safepoint "RevokeBias", Time since last: 533300 ns, Reaching safepoint: 57600 ns, At safepoint: 21400 ns, Total: 79000 ns
[2020-03-27T08:27:02.411+0000][1][safepoint    ] Safepoint "RevokeBias", Time since last: 39010799 ns, Reaching safepoint: 136800 ns, At safepoint: 26500 ns, Total: 163300 ns
[2020-03-27T08:27:02.433+0000][1][safepoint    ] Safepoint "BulkRevokeBias", Time since last: 21233399 ns, Reaching safepoint: 180900 ns, At safepoint: 416200 ns, Total: 597100 ns
[2020-03-27T08:27:03.434+0000][1][safepoint    ] Safepoint "Cleanup", Time since last: 1000647176 ns, Reaching safepoint: 315600 ns, At safepoint: 84100 ns, Total: 399700 ns
[2020-03-27T08:27:04.437+0000][1][safepoint    ] Safepoint "Cleanup", Time since last: 1002189075 ns, Reaching safepoint: 403100 ns, At safepoint: 83900 ns, Total: 487000 ns
[2020-03-27T08:27:05.439+0000][1][safepoint    ] Safepoint "Cleanup", Time since last: 1001706676 ns, Reaching safepoint: 96500 ns, At safepoint: 14800 ns, Total: 111300 ns
[2020-03-27T08:27:06.440+0000][1][safepoint    ] Safepoint "Cleanup", Time since last: 1001033275 ns, Reaching safepoint: 412300 ns, At safepoint: 27500 ns, Total: 439800 ns
[2020-03-27T08:27:07.442+0000][1][safepoint    ] Safepoint "Cleanup", Time since last: 1002173676 ns, Reaching safepoint: 102900 ns, At safepoint: 20100 ns, Total: 123000 ns
[2020-03-27T08:27:08.114+0000][1][gc,start     ] GC(205) Pause Young (Allocation Failure)
[2020-03-27T08:27:08.115+0000][1][gc,task      ] GC(205) Using 2 workers of 2 for evacuation
[2020-03-27T08:27:08.126+0000][1][gc,age       ] GC(205) Desired survivor size 8716288 bytes, new threshold 6 (max threshold 6)
[2020-03-27T08:27:08.127+0000][1][gc,age       ] GC(205) Age table with threshold 6 (max threshold 6)
[2020-03-27T08:27:08.127+0000][1][gc,age       ] GC(205) - age   1:    1031336 bytes,    1031336 total
[2020-03-27T08:27:08.128+0000][1][gc,age       ] GC(205) - age   2:     561976 bytes,    1593312 total
[2020-03-27T08:27:08.128+0000][1][gc,age       ] GC(205) - age   3:     648672 bytes,    2241984 total
[2020-03-27T08:27:08.128+0000][1][gc,age       ] GC(205) - age   4:     358976 bytes,    2600960 total
[2020-03-27T08:27:08.129+0000][1][gc,heap      ] GC(205) ParNew: 139342K->3072K(153344K)
[2020-03-27T08:27:08.129+0000][1][gc,heap      ] GC(205) CMS: 248007K->248007K(353920K)
[2020-03-27T08:27:08.130+0000][1][gc,metaspace ] GC(205) Metaspace: 98426K->98426K(1140736K)
[2020-03-27T08:27:08.130+0000][1][gc           ] GC(205) Pause Young (Allocation Failure) 378M->245M(495M) 16.281ms
[2020-03-27T08:27:08.131+0000][1][gc,cpu       ] GC(205) User=0.01s Sys=0.00s Real=0.02s
[2020-03-27T08:27:08.131+0000][1][safepoint    ] Safepoint "GenCollectForAllocation", Time since last: 671690183 ns, Reaching safepoint: 102400 ns, At safepoint: 17214700 ns, Total: 17317100 ns
[2020-03-27T08:27:08.174+0000][1][safepoint    ] Safepoint "RevokeBias", Time since last: 42382499 ns, Reaching safepoint: 92100 ns, At safepoint: 24200 ns, Total: 116300 ns
[2020-03-27T08:27:08.397+0000][1][safepoint    ] Safepoint "RevokeBias", Time since last: 223289194 ns, Reaching safepoint: 241800 ns, At safepoint: 34200 ns, Total: 276000 ns
[2020-03-27T08:27:08.398+0000][1][safepoint    ] Safepoint "RevokeBias", Time since last: 854200 ns, Reaching safepoint: 67200 ns, At safepoint: 22300 ns, Total: 89500 ns
[2020-03-27T08:27:08.401+0000][1][safepoint    ] Safepoint "BulkRevokeBias", Time since last: 1695100 ns, Reaching safepoint: 76200 ns, At safepoint: 443700 ns, Total: 519900 ns
[2020-03-27T08:27:08.443+0000][1][safepoint    ] Safepoint "RevokeBias", Time since last: 41902399 ns, Reaching safepoint: 166500 ns, At safepoint: 45000 ns, Total: 211500 ns
[2020-03-27T08:27:09.444+0000][1][safepoint    ] Safepoint "Cleanup", Time since last: 1000613376 ns, Reaching safepoint: 363499 ns, At safepoint: 128900 ns, Total: 492399 ns
[2020-03-27T08:27:10.446+0000][1][safepoint    ] Safepoint "Cleanup", Time since last: 1001820425 ns, Reaching safepoint: 98100 ns, At safepoint: 19400 ns, Total: 117500 ns
[2020-03-27T08:27:11.447+0000][1][safepoint    ] Safepoint "Cleanup", Time since last: 1000887723 ns, Reaching safepoint: 318400 ns, At safepoint: 83600 ns, Total: 402000 ns
[2020-03-27T08:27:12.223+0000][1][safepoint    ] Safepoint "RevokeBias", Time since last: 775407541 ns, Reaching safepoint: 343300 ns, At safepoint: 18300 ns, Total: 361600 ns
[2020-03-27T08:27:12.525+0000][1][gc,start     ] GC(206) Pause Young (Allocation Failure)
[2020-03-27T08:27:12.526+0000][1][gc,task      ] GC(206) Using 2 workers of 2 for evacuation
[2020-03-27T08:27:12.535+0000][1][gc,age       ] GC(206) Desired survivor size 8716288 bytes, new threshold 6 (max threshold 6)
[2020-03-27T08:27:12.535+0000][1][gc,age       ] GC(206) Age table with threshold 6 (max threshold 6)
[2020-03-27T08:27:12.536+0000][1][gc,age       ] GC(206) - age   1:    3273768 bytes,    3273768 total
[2020-03-27T08:27:12.537+0000][1][gc,age       ] GC(206) - age   2:     563008 bytes,    3836776 total
[2020-03-27T08:27:12.538+0000][1][gc,age       ] GC(206) - age   3:     559504 bytes,    4396280 total
[2020-03-27T08:27:12.538+0000][1][gc,age       ] GC(206) - age   4:     648672 bytes,    5044952 total
[2020-03-27T08:27:12.539+0000][1][gc,age       ] GC(206) - age   5:     352760 bytes,    5397712 total
[2020-03-27T08:27:12.539+0000][1][gc,heap      ] GC(206) ParNew: 139258K->6042K(153344K)
[2020-03-27T08:27:12.540+0000][1][gc,heap      ] GC(206) CMS: 248007K->248007K(353920K)
[2020-03-27T08:27:12.540+0000][1][gc,metaspace ] GC(206) Metaspace: 98435K->98435K(1140736K)
[2020-03-27T08:27:12.541+0000][1][gc           ] GC(206) Pause Young (Allocation Failure) 378M->248M(495M) 15.793ms
[2020-03-27T08:27:12.541+0000][1][gc,cpu       ] GC(206) User=0.01s Sys=0.00s Real=0.02s
[2020-03-27T08:27:12.542+0000][1][safepoint    ] Safepoint "GenCollectForAllocation", Time since last: 302167976 ns, Reaching safepoint: 210700 ns, At safepoint: 16663999 ns, Total: 16874699 ns
[2020-03-27T08:27:12.551+0000][1][safepoint    ] Safepoint "RevokeBias", Time since last: 8882800 ns, Reaching safepoint: 180600 ns, At safepoint: 23200 ns, Total: 203800 ns
[2020-03-27T08:27:12.552+0000][1][safepoint    ] Safepoint "BulkRevokeBias", Time since last: 1012799 ns, Reaching safepoint: 102500 ns, At safepoint: 439100 ns, Total: 541600 ns
[2020-03-27T08:27:12.554+0000][1][safepoint    ] Safepoint "RevokeBias", Time since last: 1130700 ns, Reaching safepoint: 80900 ns, At safepoint: 11600 ns, Total: 92500 ns
[2020-03-27T08:27:12.555+0000][1][safepoint    ] Safepoint "RevokeBias", Time since last: 1017800 ns, Reaching safepoint: 62300 ns, At safepoint: 23200 ns, Total: 85500 ns
[2020-03-27T08:27:12.609+0000][1][safepoint    ] Safepoint "BulkRevokeBias", Time since last: 53759496 ns, Reaching safepoint: 114000 ns, At safepoint: 632400 ns, Total: 746400 ns
[2020-03-27T08:27:13.626+0000][1][safepoint    ] Safepoint "Cleanup", Time since last: 1016312522 ns, Reaching safepoint: 370400 ns, At safepoint: 79000 ns, Total: 449400 ns
[2020-03-27T08:27:14.629+0000][1][safepoint    ] Safepoint "Cleanup", Time since last: 1002438523 ns, Reaching safepoint: 472600 ns, At safepoint: 77800 ns, Total: 550400 ns
[2020-03-27T08:27:15.631+0000][1][safepoint    ] Safepoint "Cleanup", Time since last: 1001827424 ns, Reaching safepoint: 169700 ns, At safepoint: 40700 ns, Total: 210400 ns
[2020-03-27T08:27:16.633+0000][1][safepoint    ] Safepoint "Cleanup", Time since last: 1001531723 ns, Reaching safepoint: 118700 ns, At safepoint: 27200 ns, Total: 145900 ns
[2020-03-27T08:27:17.634+0000][1][safepoint    ] Safepoint "Cleanup", Time since last: 1001111232 ns, Reaching safepoint: 316500 ns, At safepoint: 83500 ns, Total: 400000 ns
[2020-03-27T08:27:18.117+0000][1][safepoint    ] Safepoint "RevokeBias", Time since last: 482844791 ns, Reaching safepoint: 91900 ns, At safepoint: 24800 ns, Total: 116700 ns
[2020-03-27T08:27:19.119+0000][1][safepoint    ] Safepoint "Cleanup", Time since last: 1001150980 ns, Reaching safepoint: 406900 ns, At safepoint: 80400 ns, Total: 487300 ns
[2020-03-27T08:27:20.122+0000][1][safepoint    ] Safepoint "Cleanup", Time since last: 1002310381 ns, Reaching safepoint: 492200 ns, At safepoint: 81400 ns, Total: 573600 ns
[2020-03-27T08:27:21.124+0000][1][safepoint    ] Safepoint "Cleanup", Time since last: 1002224881 ns, Reaching safepoint: 318300 ns, At safepoint: 83500 ns, Total: 401800 ns
[2020-03-27T08:27:22.127+0000][1][safepoint    ] Safepoint "Cleanup", Time since last: 1002216781 ns, Reaching safepoint: 428000 ns, At safepoint: 84500 ns, Total: 512500 ns
[2020-03-27T08:27:22.225+0000][1][safepoint    ] Safepoint "RevokeBias", Time since last: 97283298 ns, Reaching safepoint: 220800 ns, At safepoint: 17200 ns, Total: 238000 ns
[2020-03-27T08:27:23.226+0000][1][safepoint    ] Safepoint "Cleanup", Time since last: 1000717881 ns, Reaching safepoint: 513000 ns, At safepoint: 81500 ns, Total: 594500 ns
[2020-03-27T08:27:24.228+0000][1][safepoint    ] Safepoint "Cleanup", Time since last: 1001749181 ns, Reaching safepoint: 309400 ns, At safepoint: 50300 ns, Total: 359700 ns
[2020-03-27T08:27:25.230+0000][1][safepoint    ] Safepoint "Cleanup", Time since last: 1001588781 ns, Reaching safepoint: 321700 ns, At safepoint: 78100 ns, Total: 399800 ns
[2020-03-27T08:27:26.233+0000][1][safepoint    ] Safepoint "Cleanup", Time since last: 1002418178 ns, Reaching safepoint: 404700 ns, At safepoint: 83200 ns, Total: 487900 ns
[2020-03-27T08:27:27.236+0000][1][safepoint    ] Safepoint "Cleanup", Time since last: 1002179176 ns, Reaching safepoint: 471300 ns, At safepoint: 80600 ns, Total: 551900 ns
[2020-03-27T08:27:28.155+0000][1][safepoint    ] Safepoint "RevokeBias", Time since last: 918627979 ns, Reaching safepoint: 173100 ns, At safepoint: 41600 ns, Total: 214700 ns
[2020-03-27T08:27:29.156+0000][1][safepoint    ] Safepoint "Cleanup", Time since last: 1001065976 ns, Reaching safepoint: 326100 ns, At safepoint: 87400 ns, Total: 413500 ns
[2020-03-27T08:27:30.158+0000][1][safepoint    ] Safepoint "Cleanup", Time since last: 1002008077 ns, Reaching safepoint: 318800 ns, At safepoint: 81600 ns, Total: 400400 ns
[2020-03-27T08:27:31.161+0000][1][safepoint    ] Safepoint "Cleanup", Time since last: 1002177677 ns, Reaching safepoint: 469400 ns, At safepoint: 73900 ns, Total: 543300 ns
[2020-03-27T08:27:32.164+0000][1][safepoint    ] Safepoint "Cleanup", Time since last: 1002043676 ns, Reaching safepoint: 317700 ns, At safepoint: 119400 ns, Total: 437100 ns
[2020-03-27T08:27:32.220+0000][1][safepoint    ] Safepoint "RevokeBias", Time since last: 56476199 ns, Reaching safepoint: 252200 ns, At safepoint: 49200 ns, Total: 301400 ns
[2020-03-27T08:27:33.223+0000][1][safepoint    ] Safepoint "Cleanup", Time since last: 1002376277 ns, Reaching safepoint: 360500 ns, At safepoint: 91100 ns, Total: 451600 ns
[2020-03-27T08:27:34.226+0000][1][safepoint    ] Safepoint "Cleanup", Time since last: 1002370867 ns, Reaching safepoint: 320100 ns, At safepoint: 81100 ns, Total: 401200 ns
[2020-03-27T08:27:35.229+0000][1][safepoint    ] Safepoint "Cleanup", Time since last: 1002216762 ns, Reaching safepoint: 524900 ns, At safepoint: 71700 ns, Total: 596600 ns
[2020-03-27T08:27:36.231+0000][1][safepoint    ] Safepoint "Cleanup", Time since last: 1002264562 ns, Reaching safepoint: 318600 ns, At safepoint: 76600 ns, Total: 395200 ns
[2020-03-27T08:27:37.234+0000][1][safepoint    ] Safepoint "Cleanup", Time since last: 1002576963 ns, Reaching safepoint: 319600 ns, At safepoint: 89500 ns, Total: 409100 ns
[2020-03-27T08:27:38.115+0000][1][safepoint    ] Safepoint "BulkRevokeBias", Time since last: 880418167 ns, Reaching safepoint: 92300 ns, At safepoint: 391100 ns, Total: 483400 ns
[2020-03-27T08:27:39.117+0000][1][safepoint    ] Safepoint "Cleanup", Time since last: 1001215962 ns, Reaching safepoint: 400600 ns, At safepoint: 80100 ns, Total: 480700 ns
[2020-03-27T08:27:40.120+0000][1][safepoint    ] Safepoint "Cleanup", Time since last: 1002163163 ns, Reaching safepoint: 409700 ns, At safepoint: 85500 ns, Total: 495200 ns
[2020-03-27T08:27:41.122+0000][1][safepoint    ] Safepoint "Cleanup", Time since last: 1002281062 ns, Reaching safepoint: 396600 ns, At safepoint: 25600 ns, Total: 422200 ns
[2020-03-27T08:27:41.367+0000][1][gc,start     ] GC(207) Pause Young (Allocation Failure)
[2020-03-27T08:27:41.368+0000][1][gc,task      ] GC(207) Using 2 workers of 2 for evacuation
[2020-03-27T08:27:41.374+0000][1][gc,age       ] GC(207) Desired survivor size 8716288 bytes, new threshold 1 (max threshold 6)
[2020-03-27T08:27:41.375+0000][1][gc,age       ] GC(207) Age table with threshold 1 (max threshold 6)
[2020-03-27T08:27:41.375+0000][1][gc,age       ] GC(207) - age   1:   13741000 bytes,   13741000 total
[2020-03-27T08:27:41.376+0000][1][gc,age       ] GC(207) - age   2:     868608 bytes,   14609608 total
[2020-03-27T08:27:41.377+0000][1][gc,age       ] GC(207) - age   3:     554536 bytes,   15164144 total
[2020-03-27T08:27:41.377+0000][1][gc,age       ] GC(207) - age   4:     559024 bytes,   15723168 total
[2020-03-27T08:27:41.378+0000][1][gc,age       ] GC(207) - age   5:     647184 bytes,   16370352 total
[2020-03-27T08:27:41.378+0000][1][gc,age       ] GC(207) - age   6:     352120 bytes,   16722472 total
[2020-03-27T08:27:41.378+0000][1][gc,heap      ] GC(207) ParNew: 142362K->17024K(153344K)
[2020-03-27T08:27:41.379+0000][1][gc,heap      ] GC(207) CMS: 248007K->248007K(353920K)
[2020-03-27T08:27:41.379+0000][1][gc,metaspace ] GC(207) Metaspace: 98435K->98435K(1140736K)
[2020-03-27T08:27:41.379+0000][1][gc           ] GC(207) Pause Young (Allocation Failure) 381M->258M(495M) 12.407ms
[2020-03-27T08:27:41.380+0000][1][gc,cpu       ] GC(207) User=0.02s Sys=0.00s Real=0.01s
[2020-03-27T08:27:41.380+0000][1][safepoint    ] Safepoint "GenCollectForAllocation", Time since last: 244549491 ns, Reaching safepoint: 103300 ns, At safepoint: 13171999 ns, Total: 13275299 ns
[2020-03-27T08:27:42.236+0000][1][safepoint    ] Safepoint "RevokeBias", Time since last: 855490874 ns, Reaching safepoint: 268000 ns, At safepoint: 56500 ns, Total: 324500 ns
[2020-03-27T08:27:43.237+0000][1][safepoint    ] Safepoint "Cleanup", Time since last: 1000960671 ns, Reaching safepoint: 322700 ns, At safepoint: 87300 ns, Total: 410000 ns
[2020-03-27T08:27:43.471+0000][1][safepoint    ] Safepoint "RevokeBias", Time since last: 233558094 ns, Reaching safepoint: 326300 ns, At safepoint: 96900 ns, Total: 423200 ns
[2020-03-27T08:27:43.545+0000][1][safepoint    ] Safepoint "RevokeBias", Time since last: 72831598 ns, Reaching safepoint: 390400 ns, At safepoint: 15400 ns, Total: 405800 ns
[2020-03-27T08:27:43.548+0000][1][safepoint    ] Safepoint "RevokeBias", Time since last: 3216099 ns, Reaching safepoint: 256600 ns, At safepoint: 45500 ns, Total: 302100 ns
[2020-03-27T08:27:43.549+0000][1][safepoint    ] Safepoint "RevokeBias", Time since last: 526400 ns, Reaching safepoint: 82900 ns, At safepoint: 19600 ns, Total: 102500 ns
[2020-03-27T08:27:43.550+0000][1][safepoint    ] Safepoint "RevokeBias", Time since last: 1153000 ns, Reaching safepoint: 73600 ns, At safepoint: 13100 ns, Total: 86700 ns
[2020-03-27T08:27:43.551+0000][1][safepoint    ] Safepoint "RevokeBias", Time since last: 534500 ns, Reaching safepoint: 83000 ns, At safepoint: 21100 ns, Total: 104100 ns
[2020-03-27T08:27:43.593+0000][1][safepoint    ] Safepoint "RevokeBias", Time since last: 41893099 ns, Reaching safepoint: 103100 ns, At safepoint: 16700 ns, Total: 119800 ns
[2020-03-27T08:27:43.671+0000][1][safepoint    ] Safepoint "RevokeBias", Time since last: 78372498 ns, Reaching safepoint: 227200 ns, At safepoint: 35700 ns, Total: 262900 ns
[2020-03-27T08:27:43.674+0000][1][safepoint    ] Safepoint "RevokeBias", Time since last: 2537500 ns, Reaching safepoint: 262000 ns, At safepoint: 122100 ns, Total: 384100 ns
[2020-03-27T08:27:43.680+0000][1][safepoint    ] Safepoint "RevokeBias", Time since last: 5095700 ns, Reaching safepoint: 304600 ns, At safepoint: 139100 ns, Total: 443700 ns
[2020-03-27T08:27:43.721+0000][1][safepoint    ] Safepoint "RevokeBias", Time since last: 41525298 ns, Reaching safepoint: 133800 ns, At safepoint: 45700 ns, Total: 179500 ns
[2020-03-27T08:27:43.723+0000][1][safepoint    ] Safepoint "RevokeBias", Time since last: 991000 ns, Reaching safepoint: 260200 ns, At safepoint: 29000 ns, Total: 289200 ns
[2020-03-27T08:27:43.724+0000][1][safepoint    ] Safepoint "RevokeBias", Time since last: 1117200 ns, Reaching safepoint: 115600 ns, At safepoint: 13600 ns, Total: 129200 ns
[2020-03-27T08:27:43.725+0000][1][safepoint    ] Safepoint "RevokeBias", Time since last: 1059200 ns, Reaching safepoint: 83400 ns, At safepoint: 15400 ns, Total: 98800 ns
[2020-03-27T08:27:43.765+0000][1][safepoint    ] Safepoint "RevokeBias", Time since last: 39579699 ns, Reaching safepoint: 153500 ns, At safepoint: 18700 ns, Total: 172200 ns
[2020-03-27T08:27:43.832+0000][1][safepoint    ] Safepoint "RevokeBias", Time since last: 66274798 ns, Reaching safepoint: 345900 ns, At safepoint: 17400 ns, Total: 363300 ns
[2020-03-27T08:27:43.833+0000][1][safepoint    ] Safepoint "RevokeBias", Time since last: 1484700 ns, Reaching safepoint: 160600 ns, At safepoint: 211200 ns, Total: 371800 ns
[2020-03-27T08:27:43.835+0000][1][safepoint    ] Safepoint "RevokeBias", Time since last: 1283100 ns, Reaching safepoint: 87300 ns, At safepoint: 263100 ns, Total: 350400 ns
[2020-03-27T08:27:43.909+0000][1][gc,start     ] GC(208) Pause Young (Allocation Failure)
[2020-03-27T08:27:43.910+0000][1][gc,task      ] GC(208) Using 2 workers of 2 for evacuation
[2020-03-27T08:27:43.942+0000][1][gc,age       ] GC(208) Desired survivor size 8716288 bytes, new threshold 6 (max threshold 6)
[2020-03-27T08:27:43.943+0000][1][gc,age       ] GC(208) Age table with threshold 6 (max threshold 6)
[2020-03-27T08:27:43.943+0000][1][gc,age       ] GC(208) - age   1:    3294624 bytes,    3294624 total
[2020-03-27T08:27:43.944+0000][1][gc,heap      ] GC(208) ParNew: 152969K->13363K(153344K)
[2020-03-27T08:27:43.944+0000][1][gc,heap      ] GC(208) CMS: 248007K->250717K(353920K)
[2020-03-27T08:27:43.944+0000][1][gc,metaspace ] GC(208) Metaspace: 98456K->98456K(1140736K)
[2020-03-27T08:27:43.944+0000][1][gc           ] GC(208) Pause Young (Allocation Failure) 391M->257M(495M) 34.986ms
[2020-03-27T08:27:43.945+0000][1][gc,cpu       ] GC(208) User=0.05s Sys=0.00s Real=0.03s
[2020-03-27T08:27:43.945+0000][1][safepoint    ] Safepoint "GenCollectForAllocation", Time since last: 73765398 ns, Reaching safepoint: 623700 ns, At safepoint: 35716999 ns, Total: 36340699 ns
[2020-03-27T08:27:44.093+0000][1][safepoint    ] Safepoint "RevokeBias", Time since last: 147331296 ns, Reaching safepoint: 250300 ns, At safepoint: 43200 ns, Total: 293500 ns
[2020-03-27T08:27:44.093+0000][1][safepoint    ] Safepoint "RevokeBias", Time since last: 298000 ns, Reaching safepoint: 127400 ns, At safepoint: 25200 ns, Total: 152600 ns
[2020-03-27T08:27:44.095+0000][1][safepoint    ] Safepoint "RevokeBias", Time since last: 1901700 ns, Reaching safepoint: 68400 ns, At safepoint: 14800 ns, Total: 83200 ns
[2020-03-27T08:27:44.096+0000][1][safepoint    ] Safepoint "RevokeBias", Time since last: 286500 ns, Reaching safepoint: 178400 ns, At safepoint: 25800 ns, Total: 204200 ns
[2020-03-27T08:27:44.097+0000][1][safepoint    ] Safepoint "RevokeBias", Time since last: 1269100 ns, Reaching safepoint: 90800 ns, At safepoint: 12300 ns, Total: 103100 ns
[2020-03-27T08:27:44.098+0000][1][safepoint    ] Safepoint "RevokeBias", Time since last: 347000 ns, Reaching safepoint: 116700 ns, At safepoint: 11000 ns, Total: 127700 ns
[2020-03-27T08:27:44.098+0000][1][safepoint    ] Safepoint "RevokeBias", Time since last: 252700 ns, Reaching safepoint: 49600 ns, At safepoint: 10200 ns, Total: 59800 ns
[2020-03-27T08:27:44.098+0000][1][safepoint    ] Safepoint "RevokeBias", Time since last: 348700 ns, Reaching safepoint: 93300 ns, At safepoint: 24600 ns, Total: 117900 ns
[2020-03-27T08:27:44.099+0000][1][safepoint    ] Safepoint "RevokeBias", Time since last: 348600 ns, Reaching safepoint: 65500 ns, At safepoint: 9700 ns, Total: 75200 ns
[2020-03-27T08:27:44.099+0000][1][safepoint    ] Safepoint "RevokeBias", Time since last: 202300 ns, Reaching safepoint: 65800 ns, At safepoint: 9900 ns, Total: 75700 ns
[2020-03-27T08:27:44.681+0000][1][safepoint    ] Safepoint "RevokeBias", Time since last: 581863983 ns, Reaching safepoint: 378700 ns, At safepoint: 92000 ns, Total: 470700 ns
[2020-03-27T08:27:44.689+0000][1][safepoint    ] Safepoint "RevokeBias", Time since last: 6930400 ns, Reaching safepoint: 384400 ns, At safepoint: 86600 ns, Total: 471000 ns
[2020-03-27T08:27:44.692+0000][1][safepoint    ] Safepoint "RevokeBias", Time since last: 3452000 ns, Reaching safepoint: 55400 ns, At safepoint: 16100 ns, Total: 71500 ns
[2020-03-27T08:27:45.020+0000][1][safepoint    ] Safepoint "RevokeBias", Time since last: 327962990 ns, Reaching safepoint: 106800 ns, At safepoint: 16900 ns, Total: 123700 ns
[2020-03-27T08:27:45.021+0000][1][safepoint    ] Safepoint "RevokeBias", Time since last: 664400 ns, Reaching safepoint: 92000 ns, At safepoint: 22300 ns, Total: 114300 ns
[2020-03-27T08:27:45.023+0000][1][safepoint    ] Safepoint "RevokeBias", Time since last: 1576100 ns, Reaching safepoint: 186600 ns, At safepoint: 23000 ns, Total: 209600 ns
[2020-03-27T08:27:45.024+0000][1][safepoint    ] Safepoint "RevokeBias", Time since last: 1086100 ns, Reaching safepoint: 60100 ns, At safepoint: 11300 ns, Total: 71400 ns
[2020-03-27T08:27:45.072+0000][1][safepoint    ] Safepoint "RevokeBias", Time since last: 47904899 ns, Reaching safepoint: 97900 ns, At safepoint: 16700 ns, Total: 114600 ns
[2020-03-27T08:27:46.074+0000][1][safepoint    ] Safepoint "Cleanup", Time since last: 1001340371 ns, Reaching safepoint: 416800 ns, At safepoint: 87600 ns, Total: 504400 ns
[2020-03-27T08:27:47.076+0000][1][safepoint    ] Safepoint "Cleanup", Time since last: 1002120771 ns, Reaching safepoint: 318900 ns, At safepoint: 88800 ns, Total: 407700 ns
[2020-03-27T08:27:48.079+0000][1][safepoint    ] Safepoint "Cleanup", Time since last: 1002392071 ns, Reaching safepoint: 321700 ns, At safepoint: 126200 ns, Total: 447900 ns
[2020-03-27T08:27:48.137+0000][1][safepoint    ] Safepoint "RevokeBias", Time since last: 57141199 ns, Reaching safepoint: 116600 ns, At safepoint: 22700 ns, Total: 139300 ns
[2020-03-27T08:27:48.835+0000][1][gc,start     ] GC(209) Pause Young (Allocation Failure)
[2020-03-27T08:27:48.836+0000][1][gc,task      ] GC(209) Using 2 workers of 2 for evacuation
[2020-03-27T08:27:48.842+0000][1][gc,age       ] GC(209) Desired survivor size 8716288 bytes, new threshold 6 (max threshold 6)
[2020-03-27T08:27:48.843+0000][1][gc,age       ] GC(209) Age table with threshold 6 (max threshold 6)
[2020-03-27T08:27:48.844+0000][1][gc,age       ] GC(209) - age   1:    7078080 bytes,    7078080 total
[2020-03-27T08:27:48.845+0000][1][gc,age       ] GC(209) - age   2:     331104 bytes,    7409184 total
[2020-03-27T08:27:48.845+0000][1][gc,heap      ] GC(209) ParNew: 149683K->10362K(153344K)
[2020-03-27T08:27:48.846+0000][1][gc,heap      ] GC(209) CMS: 250717K->250717K(353920K)
[2020-03-27T08:27:48.847+0000][1][gc,metaspace ] GC(209) Metaspace: 98468K->98468K(1140736K)
[2020-03-27T08:27:48.847+0000][1][gc           ] GC(209) Pause Young (Allocation Failure) 391M->254M(495M) 12.088ms
[2020-03-27T08:27:48.848+0000][1][gc,cpu       ] GC(209) User=0.01s Sys=0.00s Real=0.02s
[2020-03-27T08:27:48.848+0000][1][safepoint    ] Safepoint "GenCollectForAllocation", Time since last: 698082680 ns, Reaching safepoint: 200400 ns, At safepoint: 13302299 ns, Total: 13502699 ns
[2020-03-27T08:27:48.861+0000][1][safepoint    ] Safepoint "RevokeBias", Time since last: 12484200 ns, Reaching safepoint: 188200 ns, At safepoint: 33200 ns, Total: 221400 ns
[2020-03-27T08:27:48.862+0000][1][safepoint    ] Safepoint "RevokeBias", Time since last: 943800 ns, Reaching safepoint: 93100 ns, At safepoint: 21500 ns, Total: 114600 ns
[2020-03-27T08:27:48.863+0000][1][safepoint    ] Safepoint "RevokeBias", Time since last: 1076800 ns, Reaching safepoint: 80500 ns, At safepoint: 21700 ns, Total: 102200 ns
[2020-03-27T08:27:48.864+0000][1][safepoint    ] Safepoint "RevokeBias", Time since last: 895000 ns, Reaching safepoint: 58600 ns, At safepoint: 12000 ns, Total: 70600 ns
[2020-03-27T08:27:48.934+0000][1][safepoint    ] Safepoint "RevokeBias", Time since last: 69307398 ns, Reaching safepoint: 200400 ns, At safepoint: 31100 ns, Total: 231500 ns
[2020-03-27T08:27:49.935+0000][1][safepoint    ] Safepoint "Cleanup", Time since last: 1000802275 ns, Reaching safepoint: 474400 ns, At safepoint: 38300 ns, Total: 512700 ns
[2020-03-27T08:27:50.938+0000][1][safepoint    ] Safepoint "Cleanup", Time since last: 1002283482 ns, Reaching safepoint: 411000 ns, At safepoint: 38300 ns, Total: 449300 ns
[2020-03-27T08:27:51.940+0000][1][safepoint    ] Safepoint "Cleanup", Time since last: 1001689582 ns, Reaching safepoint: 428500 ns, At safepoint: 80800 ns, Total: 509300 ns
[2020-03-27T08:27:52.244+0000][1][safepoint    ] Safepoint "RevokeBias", Time since last: 304064395 ns, Reaching safepoint: 275700 ns, At safepoint: 21500 ns, Total: 297200 ns
[2020-03-27T08:27:53.014+0000][1][safepoint    ] Safepoint "RevokeBias", Time since last: 769274586 ns, Reaching safepoint: 184800 ns, At safepoint: 28600 ns, Total: 213400 ns
[2020-03-27T08:27:53.015+0000][1][safepoint    ] Safepoint "RevokeBias", Time since last: 654100 ns, Reaching safepoint: 108200 ns, At safepoint: 37400 ns, Total: 145600 ns
[2020-03-27T08:27:53.016+0000][1][safepoint    ] Safepoint "RevokeBias", Time since last: 1645000 ns, Reaching safepoint: 66000 ns, At safepoint: 21800 ns, Total: 87800 ns
[2020-03-27T08:27:53.017+0000][1][safepoint    ] Safepoint "RevokeBias", Time since last: 729200 ns, Reaching safepoint: 62800 ns, At safepoint: 27100 ns, Total: 89900 ns
[2020-03-27T08:27:53.060+0000][1][safepoint    ] Safepoint "RevokeBias", Time since last: 42524899 ns, Reaching safepoint: 153300 ns, At safepoint: 18100 ns, Total: 171400 ns
[2020-03-27T08:27:54.061+0000][1][safepoint    ] Safepoint "Cleanup", Time since last: 1001134982 ns, Reaching safepoint: 378300 ns, At safepoint: 83800 ns, Total: 462100 ns
[2020-03-27T08:27:55.064+0000][1][safepoint    ] Safepoint "Cleanup", Time since last: 1001857782 ns, Reaching safepoint: 503900 ns, At safepoint: 81600 ns, Total: 585500 ns
[2020-03-27T08:27:56.066+0000][1][safepoint    ] Safepoint "Cleanup", Time since last: 1002240882 ns, Reaching safepoint: 164900 ns, At safepoint: 42500 ns, Total: 207400 ns
[2020-03-27T08:27:57.068+0000][1][safepoint    ] Safepoint "Cleanup", Time since last: 1001224583 ns, Reaching safepoint: 400000 ns, At safepoint: 84500 ns, Total: 484500 ns
[2020-03-27T08:27:58.071+0000][1][safepoint    ] Safepoint "Cleanup", Time since last: 1002563483 ns, Reaching safepoint: 372100 ns, At safepoint: 79700 ns, Total: 451800 ns
[2020-03-27T08:27:58.156+0000][1][safepoint    ] Safepoint "RevokeBias", Time since last: 84840699 ns, Reaching safepoint: 95700 ns, At safepoint: 24500 ns, Total: 120200 ns
[2020-03-27T08:27:59.004+0000][1][gc,start     ] GC(210) Pause Young (Allocation Failure)
[2020-03-27T08:27:59.005+0000][1][gc,task      ] GC(210) Using 2 workers of 2 for evacuation
[2020-03-27T08:27:59.012+0000][1][gc,age       ] GC(210) Desired survivor size 8716288 bytes, new threshold 2 (max threshold 6)
[2020-03-27T08:27:59.013+0000][1][gc,age       ] GC(210) Age table with threshold 2 (max threshold 6)
[2020-03-27T08:27:59.013+0000][1][gc,age       ] GC(210) - age   1:    8651240 bytes,    8651240 total
[2020-03-27T08:27:59.014+0000][1][gc,age       ] GC(210) - age   2:     467728 bytes,    9118968 total
[2020-03-27T08:27:59.017+0000][1][gc,age       ] GC(210) - age   3:     315136 bytes,    9434104 total
[2020-03-27T08:27:59.017+0000][1][gc,heap      ] GC(210) ParNew: 146682K->12877K(153344K)
[2020-03-27T08:27:59.018+0000][1][gc,heap      ] GC(210) CMS: 250717K->250717K(353920K)
[2020-03-27T08:27:59.018+0000][1][gc,metaspace ] GC(210) Metaspace: 98468K->98468K(1140736K)
[2020-03-27T08:27:59.019+0000][1][gc           ] GC(210) Pause Young (Allocation Failure) 388M->257M(495M) 14.558ms
[2020-03-27T08:27:59.019+0000][1][gc,cpu       ] GC(210) User=0.01s Sys=0.00s Real=0.02s
[2020-03-27T08:27:59.020+0000][1][safepoint    ] Safepoint "GenCollectForAllocation", Time since last: 848055587 ns, Reaching safepoint: 237900 ns, At safepoint: 15567500 ns, Total: 15805400 ns
[2020-03-27T08:27:59.034+0000][1][safepoint    ] Safepoint "RevokeBias", Time since last: 14227700 ns, Reaching safepoint: 118600 ns, At safepoint: 18600 ns, Total: 137200 ns
[2020-03-27T08:27:59.035+0000][1][safepoint    ] Safepoint "RevokeBias", Time since last: 1175700 ns, Reaching safepoint: 71200 ns, At safepoint: 12700 ns, Total: 83900 ns
[2020-03-27T08:27:59.037+0000][1][safepoint    ] Safepoint "RevokeBias", Time since last: 1106600 ns, Reaching safepoint: 74800 ns, At safepoint: 20900 ns, Total: 95700 ns
[2020-03-27T08:27:59.038+0000][1][safepoint    ] Safepoint "RevokeBias", Time since last: 1079500 ns, Reaching safepoint: 130500 ns, At safepoint: 11900 ns, Total: 142400 ns
[2020-03-27T08:27:59.100+0000][1][safepoint    ] Safepoint "RevokeBias", Time since last: 62298499 ns, Reaching safepoint: 168500 ns, At safepoint: 28500 ns, Total: 197000 ns
[2020-03-27T08:28:00.101+0000][1][safepoint    ] Safepoint "Cleanup", Time since last: 1000654485 ns, Reaching safepoint: 127200 ns, At safepoint: 24000 ns, Total: 151200 ns
[2020-03-27T08:28:01.103+0000][1][safepoint    ] Safepoint "Cleanup", Time since last: 1001302685 ns, Reaching safepoint: 399500 ns, At safepoint: 85300 ns, Total: 484800 ns
[2020-03-27T08:28:02.106+0000][1][safepoint    ] Safepoint "Cleanup", Time since last: 1002445485 ns, Reaching safepoint: 466000 ns, At safepoint: 84000 ns, Total: 550000 ns
[2020-03-27T08:28:02.263+0000][1][safepoint    ] Safepoint "RevokeBias", Time since last: 156994797 ns, Reaching safepoint: 181000 ns, At safepoint: 34200 ns, Total: 215200 ns
[2020-03-27T08:28:03.199+0000][1][safepoint    ] Safepoint "RevokeBias", Time since last: 935790286 ns, Reaching safepoint: 286900 ns, At safepoint: 31500 ns, Total: 318400 ns
[2020-03-27T08:28:03.200+0000][1][safepoint    ] Safepoint "RevokeBias", Time since last: 403300 ns, Reaching safepoint: 131900 ns, At safepoint: 14100 ns, Total: 146000 ns
[2020-03-27T08:28:03.202+0000][1][safepoint    ] Safepoint "RevokeBias", Time since last: 1674000 ns, Reaching safepoint: 86600 ns, At safepoint: 21600 ns, Total: 108200 ns
[2020-03-27T08:28:03.202+0000][1][safepoint    ] Safepoint "RevokeBias", Time since last: 643800 ns, Reaching safepoint: 80300 ns, At safepoint: 14100 ns, Total: 94400 ns
[2020-03-27T08:28:03.241+0000][1][safepoint    ] Safepoint "RevokeBias", Time since last: 38918100 ns, Reaching safepoint: 96500 ns, At safepoint: 18100 ns, Total: 114600 ns
[2020-03-27T08:28:03.269+0000][1][safepoint    ] Safepoint "RevokeBias", Time since last: 27219299 ns, Reaching safepoint: 198600 ns, At safepoint: 29000 ns, Total: 227600 ns
[2020-03-27T08:28:03.270+0000][1][safepoint    ] Safepoint "BulkRevokeBias", Time since last: 689700 ns, Reaching safepoint: 61200 ns, At safepoint: 442800 ns, Total: 504000 ns
[2020-03-27T08:28:03.275+0000][1][safepoint    ] Safepoint "RevokeBias", Time since last: 5086700 ns, Reaching safepoint: 83300 ns, At safepoint: 14300 ns, Total: 97600 ns
[2020-03-27T08:28:04.271+0000][1][safepoint    ] Safepoint "RevokeBias", Time since last: 995058685 ns, Reaching safepoint: 511400 ns, At safepoint: 93000 ns, Total: 604400 ns
[2020-03-27T08:28:04.307+0000][1][safepoint    ] Safepoint "RevokeBias", Time since last: 35631400 ns, Reaching safepoint: 157200 ns, At safepoint: 34200 ns, Total: 191400 ns
[2020-03-27T08:28:05.308+0000][1][safepoint    ] Safepoint "Cleanup", Time since last: 1000669185 ns, Reaching safepoint: 482400 ns, At safepoint: 25000 ns, Total: 507400 ns
[2020-03-27T08:28:05.489+0000][1][gc,start     ] GC(211) Pause Young (Allocation Failure)
[2020-03-27T08:28:05.491+0000][1][gc,task      ] GC(211) Using 2 workers of 2 for evacuation
[2020-03-27T08:28:05.521+0000][1][gc,age       ] GC(211) Desired survivor size 8716288 bytes, new threshold 6 (max threshold 6)
[2020-03-27T08:28:05.522+0000][1][gc,age       ] GC(211) Age table with threshold 6 (max threshold 6)
[2020-03-27T08:28:05.522+0000][1][gc,age       ] GC(211) - age   1:     752576 bytes,     752576 total
[2020-03-27T08:28:05.523+0000][1][gc,age       ] GC(211) - age   2:     364816 bytes,    1117392 total
[2020-03-27T08:28:05.523+0000][1][gc,heap      ] GC(211) ParNew: 149197K->8519K(153344K)
[2020-03-27T08:28:05.524+0000][1][gc,heap      ] GC(211) CMS: 250717K->251323K(353920K)
[2020-03-27T08:28:05.525+0000][1][gc,metaspace ] GC(211) Metaspace: 98470K->98470K(1140736K)
[2020-03-27T08:28:05.525+0000][1][gc           ] GC(211) Pause Young (Allocation Failure) 390M->253M(495M) 36.667ms
[2020-03-27T08:28:05.526+0000][1][gc,cpu       ] GC(211) User=0.02s Sys=0.01s Real=0.04s
[2020-03-27T08:28:05.526+0000][1][safepoint    ] Safepoint "GenCollectForAllocation", Time since last: 180192597 ns, Reaching safepoint: 415700 ns, At safepoint: 37990799 ns, Total: 38406499 ns
[2020-03-27T08:28:06.527+0000][1][safepoint    ] Safepoint "Cleanup", Time since last: 1000503183 ns, Reaching safepoint: 91500 ns, At safepoint: 17700 ns, Total: 109200 ns
[2020-03-27T08:28:07.528+0000][1][safepoint    ] Safepoint "Cleanup", Time since last: 1000865382 ns, Reaching safepoint: 316000 ns, At safepoint: 153700 ns, Total: 469700 ns
[2020-03-27T08:28:08.175+0000][1][safepoint    ] Safepoint "RevokeBias", Time since last: 646445889 ns, Reaching safepoint: 190700 ns, At safepoint: 15200 ns, Total: 205900 ns
[2020-03-27T08:28:09.176+0000][1][safepoint    ] Safepoint "Cleanup", Time since last: 1000691382 ns, Reaching safepoint: 371600 ns, At safepoint: 23900 ns, Total: 395500 ns
[2020-03-27T08:28:09.199+0000][1][safepoint    ] Safepoint "RevokeBias", Time since last: 23214900 ns, Reaching safepoint: 96500 ns, At safepoint: 19100 ns, Total: 115600 ns
[2020-03-27T08:28:09.201+0000][1][safepoint    ] Safepoint "RevokeBias", Time since last: 1127800 ns, Reaching safepoint: 85800 ns, At safepoint: 22700 ns, Total: 108500 ns
[2020-03-27T08:28:09.202+0000][1][safepoint    ] Safepoint "RevokeBias", Time since last: 1463500 ns, Reaching safepoint: 154300 ns, At safepoint: 23300 ns, Total: 177600 ns
[2020-03-27T08:28:09.203+0000][1][safepoint    ] Safepoint "RevokeBias", Time since last: 991700 ns, Reaching safepoint: 66000 ns, At safepoint: 10500 ns, Total: 76500 ns
[2020-03-27T08:28:09.268+0000][1][safepoint    ] Safepoint "RevokeBias", Time since last: 64273399 ns, Reaching safepoint: 100900 ns, At safepoint: 17500 ns, Total: 118400 ns
[2020-03-27T08:28:10.269+0000][1][safepoint    ] Safepoint "Cleanup", Time since last: 1000634282 ns, Reaching safepoint: 449400 ns, At safepoint: 75900 ns, Total: 525300 ns
[2020-03-27T08:28:11.271+0000][1][safepoint    ] Safepoint "Cleanup", Time since last: 1001986182 ns, Reaching safepoint: 323000 ns, At safepoint: 84800 ns, Total: 407800 ns
[2020-03-27T08:28:12.271+0000][1][safepoint    ] Safepoint "RevokeBias", Time since last: 999720082 ns, Reaching safepoint: 112500 ns, At safepoint: 15000 ns, Total: 127500 ns
[2020-03-27T08:28:12.399+0000][1][gc,start     ] GC(212) Pause Young (Allocation Failure)
[2020-03-27T08:28:12.400+0000][1][gc,task      ] GC(212) Using 2 workers of 2 for evacuation
[2020-03-27T08:28:12.409+0000][1][gc,age       ] GC(212) Desired survivor size 8716288 bytes, new threshold 6 (max threshold 6)
[2020-03-27T08:28:12.409+0000][1][gc,age       ] GC(212) Age table with threshold 6 (max threshold 6)
[2020-03-27T08:28:12.410+0000][1][gc,age       ] GC(212) - age   1:    3373240 bytes,    3373240 total
[2020-03-27T08:28:12.411+0000][1][gc,age       ] GC(212) - age   2:     574400 bytes,    3947640 total
[2020-03-27T08:28:12.412+0000][1][gc,age       ] GC(212) - age   3:     356448 bytes,    4304088 total
[2020-03-27T08:28:12.412+0000][1][gc,heap      ] GC(212) ParNew: 144426K->4668K(153344K)
[2020-03-27T08:28:12.413+0000][1][gc,heap      ] GC(212) CMS: 251323K->251323K(353920K)
[2020-03-27T08:28:12.413+0000][1][gc,metaspace ] GC(212) Metaspace: 98470K->98470K(1140736K)
[2020-03-27T08:28:12.414+0000][1][gc           ] GC(212) Pause Young (Allocation Failure) 386M->249M(495M) 14.995ms
[2020-03-27T08:28:12.414+0000][1][gc,cpu       ] GC(212) User=0.01s Sys=0.00s Real=0.01s
[2020-03-27T08:28:12.415+0000][1][safepoint    ] Safepoint "GenCollectForAllocation", Time since last: 126799198 ns, Reaching safepoint: 591800 ns, At safepoint: 15926500 ns, Total: 16518300 ns
[2020-03-27T08:28:12.424+0000][1][safepoint    ] Safepoint "RevokeBias", Time since last: 8871000 ns, Reaching safepoint: 151100 ns, At safepoint: 29800 ns, Total: 180900 ns
[2020-03-27T08:28:12.425+0000][1][safepoint    ] Safepoint "BulkRevokeBias", Time since last: 463600 ns, Reaching safepoint: 105200 ns, At safepoint: 443400 ns, Total: 548600 ns
[2020-03-27T08:28:12.426+0000][1][safepoint    ] Safepoint "RevokeBias", Time since last: 1541600 ns, Reaching safepoint: 79600 ns, At safepoint: 15100 ns, Total: 94700 ns
[2020-03-27T08:28:12.428+0000][1][safepoint    ] Safepoint "BulkRevokeBias", Time since last: 1229100 ns, Reaching safepoint: 83000 ns, At safepoint: 424300 ns, Total: 507300 ns
[2020-03-27T08:28:12.467+0000][1][safepoint    ] Safepoint "RevokeBias", Time since last: 39028199 ns, Reaching safepoint: 165600 ns, At safepoint: 29100 ns, Total: 194700 ns
[2020-03-27T08:28:13.469+0000][1][safepoint    ] Safepoint "Cleanup", Time since last: 1001006082 ns, Reaching safepoint: 406100 ns, At safepoint: 81900 ns, Total: 488000 ns
[2020-03-27T08:28:14.471+0000][1][safepoint    ] Safepoint "Cleanup", Time since last: 1001798985 ns, Reaching safepoint: 419900 ns, At safepoint: 82700 ns, Total: 502600 ns
[2020-03-27T08:28:15.474+0000][1][safepoint    ] Safepoint "Cleanup", Time since last: 1002409085 ns, Reaching safepoint: 412900 ns, At safepoint: 84900 ns, Total: 497800 ns
[2020-03-27T08:28:16.476+0000][1][safepoint    ] Safepoint "Cleanup", Time since last: 1002134385 ns, Reaching safepoint: 370300 ns, At safepoint: 85800 ns, Total: 456100 ns
[2020-03-27T08:28:17.479+0000][1][safepoint    ] Safepoint "Cleanup", Time since last: 1002139985 ns, Reaching safepoint: 321300 ns, At safepoint: 87500 ns, Total: 408800 ns
[2020-03-27T08:28:18.134+0000][1][safepoint    ] Safepoint "RevokeBias", Time since last: 654433990 ns, Reaching safepoint: 180000 ns, At safepoint: 25600 ns, Total: 205600 ns
[2020-03-27T08:28:19.136+0000][1][safepoint    ] Safepoint "Cleanup", Time since last: 1001431785 ns, Reaching safepoint: 373200 ns, At safepoint: 177300 ns, Total: 550500 ns
[2020-03-27T08:28:20.138+0000][1][safepoint    ] Safepoint "Cleanup", Time since last: 1002035485 ns, Reaching safepoint: 166500 ns, At safepoint: 41100 ns, Total: 207600 ns
[2020-03-27T08:28:21.139+0000][1][safepoint    ] Safepoint "Cleanup", Time since last: 1001405785 ns, Reaching safepoint: 97200 ns, At safepoint: 19200 ns, Total: 116400 ns
[2020-03-27T08:28:22.141+0000][1][safepoint    ] Safepoint "Cleanup", Time since last: 1000831102 ns, Reaching safepoint: 474800 ns, At safepoint: 74500 ns, Total: 549300 ns
[2020-03-27T08:28:22.294+0000][1][safepoint    ] Safepoint "RevokeBias", Time since last: 153001103 ns, Reaching safepoint: 158100 ns, At safepoint: 31100 ns, Total: 189200 ns
[2020-03-27T08:28:23.308+0000][1][safepoint    ] Safepoint "Cleanup", Time since last: 1014203421 ns, Reaching safepoint: 97500 ns, At safepoint: 6900 ns, Total: 104400 ns
[2020-03-27T08:28:24.322+0000][1][safepoint    ] Safepoint "Cleanup", Time since last: 1013310021 ns, Reaching safepoint: 366800 ns, At safepoint: 108400 ns, Total: 475200 ns
[2020-03-27T08:28:25.324+0000][1][safepoint    ] Safepoint "Cleanup", Time since last: 1001752620 ns, Reaching safepoint: 318900 ns, At safepoint: 85600 ns, Total: 404500 ns
[2020-03-27T08:28:26.327+0000][1][safepoint    ] Safepoint "Cleanup", Time since last: 1001947420 ns, Reaching safepoint: 439200 ns, At safepoint: 80800 ns, Total: 520000 ns
[2020-03-27T08:28:27.329+0000][1][safepoint    ] Safepoint "Cleanup", Time since last: 1002210121 ns, Reaching safepoint: 320200 ns, At safepoint: 86400 ns, Total: 406600 ns
[2020-03-27T08:28:28.187+0000][1][safepoint    ] Safepoint "RevokeBias", Time since last: 857203717 ns, Reaching safepoint: 179400 ns, At safepoint: 32200 ns, Total: 211600 ns
[2020-03-27T08:28:29.188+0000][1][safepoint    ] Safepoint "Cleanup", Time since last: 1001205121 ns, Reaching safepoint: 277600 ns, At safepoint: 69700 ns, Total: 347300 ns
[2020-03-27T08:28:30.191+0000][1][safepoint    ] Safepoint "Cleanup", Time since last: 1001915508 ns, Reaching safepoint: 408100 ns, At safepoint: 80600 ns, Total: 488700 ns
[2020-03-27T08:28:31.193+0000][1][safepoint    ] Safepoint "Cleanup", Time since last: 1002311098 ns, Reaching safepoint: 323300 ns, At safepoint: 89500 ns, Total: 412800 ns
[2020-03-27T08:28:32.196+0000][1][safepoint    ] Safepoint "Cleanup", Time since last: 1002155998 ns, Reaching safepoint: 189800 ns, At safepoint: 45600 ns, Total: 235400 ns
[2020-03-27T08:28:32.277+0000][1][safepoint    ] Safepoint "RevokeBias", Time since last: 81159100 ns, Reaching safepoint: 102900 ns, At safepoint: 31200 ns, Total: 134100 ns
[2020-03-27T08:28:33.279+0000][1][safepoint    ] Safepoint "Cleanup", Time since last: 1001000998 ns, Reaching safepoint: 319600 ns, At safepoint: 235700 ns, Total: 555300 ns
[2020-03-27T08:28:34.281+0000][1][safepoint    ] Safepoint "Cleanup", Time since last: 1002308098 ns, Reaching safepoint: 329800 ns, At safepoint: 81600 ns, Total: 411400 ns
[2020-03-27T08:28:35.284+0000][1][safepoint    ] Safepoint "Cleanup", Time since last: 1002372598 ns, Reaching safepoint: 317500 ns, At safepoint: 104300 ns, Total: 421800 ns
[2020-03-27T08:28:36.287+0000][1][safepoint    ] Safepoint "Cleanup", Time since last: 1002147099 ns, Reaching safepoint: 361600 ns, At safepoint: 79800 ns, Total: 441400 ns
[2020-03-27T08:28:37.289+0000][1][safepoint    ] Safepoint "Cleanup", Time since last: 1002098098 ns, Reaching safepoint: 151300 ns, At safepoint: 51000 ns, Total: 202300 ns
[2020-03-27T08:28:38.143+0000][1][safepoint    ] Safepoint "RevokeBias", Time since last: 853562695 ns, Reaching safepoint: 105600 ns, At safepoint: 30700 ns, Total: 136300 ns
[2020-03-27T08:28:39.144+0000][1][safepoint    ] Safepoint "Cleanup", Time since last: 1000894893 ns, Reaching safepoint: 322600 ns, At safepoint: 87500 ns, Total: 410100 ns
[2020-03-27T08:28:40.147+0000][1][safepoint    ] Safepoint "Cleanup", Time since last: 1002185192 ns, Reaching safepoint: 472900 ns, At safepoint: 80900 ns, Total: 553800 ns
[2020-03-27T08:28:41.150+0000][1][safepoint    ] Safepoint "Cleanup", Time since last: 1002564593 ns, Reaching safepoint: 413200 ns, At safepoint: 83000 ns, Total: 496200 ns
[2020-03-27T08:28:41.416+0000][1][gc,start     ] GC(213) Pause Young (Allocation Failure)
[2020-03-27T08:28:41.416+0000][1][gc,task      ] GC(213) Using 2 workers of 2 for evacuation
[2020-03-27T08:28:41.422+0000][1][gc,age       ] GC(213) Desired survivor size 8716288 bytes, new threshold 1 (max threshold 6)
[2020-03-27T08:28:41.423+0000][1][gc,age       ] GC(213) Age table with threshold 1 (max threshold 6)
[2020-03-27T08:28:41.423+0000][1][gc,age       ] GC(213) - age   1:   13699096 bytes,   13699096 total
[2020-03-27T08:28:41.424+0000][1][gc,age       ] GC(213) - age   2:     590704 bytes,   14289800 total
[2020-03-27T08:28:41.425+0000][1][gc,age       ] GC(213) - age   3:     570016 bytes,   14859816 total
[2020-03-27T08:28:41.425+0000][1][gc,age       ] GC(213) - age   4:     356368 bytes,   15216184 total
[2020-03-27T08:28:41.426+0000][1][gc,heap      ] GC(213) ParNew: 140988K->16812K(153344K)
[2020-03-27T08:28:41.426+0000][1][gc,heap      ] GC(213) CMS: 251323K->251323K(353920K)
[2020-03-27T08:28:41.427+0000][1][gc,metaspace ] GC(213) Metaspace: 98471K->98471K(1140736K)
[2020-03-27T08:28:41.427+0000][1][gc           ] GC(213) Pause Young (Allocation Failure) 383M->261M(495M) 11.189ms
[2020-03-27T08:28:41.427+0000][1][gc,cpu       ] GC(213) User=0.01s Sys=0.00s Real=0.01s
[2020-03-27T08:28:41.428+0000][1][safepoint    ] Safepoint "GenCollectForAllocation", Time since last: 265792898 ns, Reaching safepoint: 114400 ns, At safepoint: 11959300 ns, Total: 12073700 ns
[2020-03-27T08:28:42.308+0000][1][safepoint    ] Safepoint "RevokeBias", Time since last: 879637893 ns, Reaching safepoint: 509100 ns, At safepoint: 42900 ns, Total: 552000 ns
[2020-03-27T08:28:43.310+0000][1][safepoint    ] Safepoint "Cleanup", Time since last: 1001368593 ns, Reaching safepoint: 407900 ns, At safepoint: 89300 ns, Total: 497200 ns
[2020-03-27T08:28:44.313+0000][1][safepoint    ] Safepoint "Cleanup", Time since last: 1002263292 ns, Reaching safepoint: 358800 ns, At safepoint: 185900 ns, Total: 544700 ns
[2020-03-27T08:28:44.373+0000][1][safepoint    ] Safepoint "RevokeBias", Time since last: 60575600 ns, Reaching safepoint: 134200 ns, At safepoint: 17700 ns, Total: 151900 ns
[2020-03-27T08:28:44.376+0000][1][safepoint    ] Safepoint "RevokeBias", Time since last: 2119900 ns, Reaching safepoint: 251400 ns, At safepoint: 78800 ns, Total: 330200 ns
[2020-03-27T08:28:44.377+0000][1][safepoint    ] Safepoint "RevokeBias", Time since last: 982300 ns, Reaching safepoint: 180900 ns, At safepoint: 22600 ns, Total: 203500 ns
[2020-03-27T08:28:44.378+0000][1][safepoint    ] Safepoint "RevokeBias", Time since last: 1145000 ns, Reaching safepoint: 145000 ns, At safepoint: 21800 ns, Total: 166800 ns
[2020-03-27T08:28:44.380+0000][1][safepoint    ] Safepoint "RevokeBias", Time since last: 1132500 ns, Reaching safepoint: 88900 ns, At safepoint: 31100 ns, Total: 120000 ns
[2020-03-27T08:28:44.423+0000][1][safepoint    ] Safepoint "RevokeBias", Time since last: 43563600 ns, Reaching safepoint: 114300 ns, At safepoint: 31000 ns, Total: 145300 ns
[2020-03-27T08:28:44.494+0000][1][safepoint    ] Safepoint "RevokeBias", Time since last: 70211399 ns, Reaching safepoint: 197200 ns, At safepoint: 23400 ns, Total: 220600 ns
[2020-03-27T08:28:44.501+0000][1][safepoint    ] Safepoint "RevokeBias", Time since last: 7266400 ns, Reaching safepoint: 189200 ns, At safepoint: 211500 ns, Total: 400700 ns
[2020-03-27T08:28:44.503+0000][1][safepoint    ] Safepoint "RevokeBias", Time since last: 1047600 ns, Reaching safepoint: 404700 ns, At safepoint: 88900 ns, Total: 493600 ns
[2020-03-27T08:28:44.537+0000][1][safepoint    ] Safepoint "RevokeBias", Time since last: 33558900 ns, Reaching safepoint: 225100 ns, At safepoint: 60200 ns, Total: 285300 ns
[2020-03-27T08:28:44.538+0000][1][safepoint    ] Safepoint "RevokeBias", Time since last: 724700 ns, Reaching safepoint: 161700 ns, At safepoint: 49700 ns, Total: 211400 ns
[2020-03-27T08:28:44.540+0000][1][safepoint    ] Safepoint "RevokeBias", Time since last: 1915300 ns, Reaching safepoint: 152600 ns, At safepoint: 100900 ns, Total: 253500 ns
[2020-03-27T08:28:44.541+0000][1][safepoint    ] Safepoint "RevokeBias", Time since last: 972100 ns, Reaching safepoint: 222800 ns, At safepoint: 89000 ns, Total: 311800 ns
[2020-03-27T08:28:44.583+0000][1][safepoint    ] Safepoint "RevokeBias", Time since last: 41747399 ns, Reaching safepoint: 151400 ns, At safepoint: 27400 ns, Total: 178800 ns
[2020-03-27T08:28:44.667+0000][1][safepoint    ] Safepoint "RevokeBias", Time since last: 83638800 ns, Reaching safepoint: 223500 ns, At safepoint: 31200 ns, Total: 254700 ns
[2020-03-27T08:28:44.668+0000][1][safepoint    ] Safepoint "RevokeBias", Time since last: 1436000 ns, Reaching safepoint: 83700 ns, At safepoint: 13300 ns, Total: 97000 ns
[2020-03-27T08:28:44.669+0000][1][safepoint    ] Safepoint "RevokeBias", Time since last: 716200 ns, Reaching safepoint: 101400 ns, At safepoint: 24700 ns, Total: 126100 ns
[2020-03-27T08:28:45.671+0000][1][safepoint    ] Safepoint "Cleanup", Time since last: 1001001192 ns, Reaching safepoint: 353000 ns, At safepoint: 61600 ns, Total: 414600 ns
[2020-03-27T08:28:45.811+0000][1][gc,start     ] GC(214) Pause Young (Allocation Failure)
[2020-03-27T08:28:45.812+0000][1][gc,task      ] GC(214) Using 2 workers of 2 for evacuation
[2020-03-27T08:28:45.855+0000][1][gc,age       ] GC(214) Desired survivor size 8716288 bytes, new threshold 6 (max threshold 6)
[2020-03-27T08:28:45.856+0000][1][gc,age       ] GC(214) Age table with threshold 6 (max threshold 6)
[2020-03-27T08:28:45.857+0000][1][gc,age       ] GC(214) - age   1:    1821832 bytes,    1821832 total
[2020-03-27T08:28:45.858+0000][1][gc,heap      ] GC(214) ParNew: 153132K->12078K(153344K)
[2020-03-27T08:28:45.858+0000][1][gc,heap      ] GC(214) CMS: 251323K->252850K(353920K)
[2020-03-27T08:28:45.859+0000][1][gc,metaspace ] GC(214) Metaspace: 98514K->98514K(1140736K)
[2020-03-27T08:28:45.860+0000][1][gc           ] GC(214) Pause Young (Allocation Failure) 394M->258M(495M) 48.716ms
[2020-03-27T08:28:45.861+0000][1][gc,cpu       ] GC(214) User=0.01s Sys=0.01s Real=0.05s
[2020-03-27T08:28:45.861+0000][1][safepoint    ] Safepoint "GenCollectForAllocation", Time since last: 140353099 ns, Reaching safepoint: 160400 ns, At safepoint: 50245399 ns, Total: 50405799 ns
[2020-03-27T08:28:45.872+0000][1][safepoint    ] Safepoint "RevokeBias", Time since last: 10015200 ns, Reaching safepoint: 143500 ns, At safepoint: 32500 ns, Total: 176000 ns
[2020-03-27T08:28:45.873+0000][1][safepoint    ] Safepoint "RevokeBias", Time since last: 1218700 ns, Reaching safepoint: 68300 ns, At safepoint: 12200 ns, Total: 80500 ns
[2020-03-27T08:28:45.875+0000][1][safepoint    ] Safepoint "RevokeBias", Time since last: 1339000 ns, Reaching safepoint: 261800 ns, At safepoint: 12900 ns, Total: 274700 ns
[2020-03-27T08:28:45.875+0000][1][safepoint    ] Safepoint "RevokeBias", Time since last: 516400 ns, Reaching safepoint: 77300 ns, At safepoint: 26200 ns, Total: 103500 ns
[2020-03-27T08:28:45.945+0000][1][safepoint    ] Safepoint "RevokeBias", Time since last: 69280700 ns, Reaching safepoint: 126300 ns, At safepoint: 24400 ns, Total: 150700 ns
[2020-03-27T08:28:46.946+0000][1][safepoint    ] Safepoint "Cleanup", Time since last: 1001095790 ns, Reaching safepoint: 345100 ns, At safepoint: 75200 ns, Total: 420300 ns
[2020-03-27T08:28:47.949+0000][1][safepoint    ] Safepoint "Cleanup", Time since last: 1002337290 ns, Reaching safepoint: 397000 ns, At safepoint: 84100 ns, Total: 481100 ns
[2020-03-27T08:28:48.145+0000][1][safepoint    ] Safepoint "RevokeBias", Time since last: 195729398 ns, Reaching safepoint: 91800 ns, At safepoint: 23800 ns, Total: 115600 ns
[2020-03-27T08:28:48.539+0000][1][safepoint    ] Safepoint "RevokeBias", Time since last: 393872596 ns, Reaching safepoint: 218900 ns, At safepoint: 21600 ns, Total: 240500 ns
[2020-03-27T08:28:48.540+0000][1][safepoint    ] Safepoint "RevokeBias", Time since last: 773900 ns, Reaching safepoint: 100900 ns, At safepoint: 14700 ns, Total: 115600 ns
[2020-03-27T08:28:48.541+0000][1][safepoint    ] Safepoint "RevokeBias", Time since last: 1203500 ns, Reaching safepoint: 61200 ns, At safepoint: 22200 ns, Total: 83400 ns
[2020-03-27T08:28:48.542+0000][1][safepoint    ] Safepoint "RevokeBias", Time since last: 500000 ns, Reaching safepoint: 58000 ns, At safepoint: 21500 ns, Total: 79500 ns
[2020-03-27T08:28:48.583+0000][1][safepoint    ] Safepoint "RevokeBias", Time since last: 41479099 ns, Reaching safepoint: 179300 ns, At safepoint: 19400 ns, Total: 198700 ns
[2020-03-27T08:28:49.585+0000][1][safepoint    ] Safepoint "Cleanup", Time since last: 1000942390 ns, Reaching safepoint: 415900 ns, At safepoint: 82300 ns, Total: 498200 ns
[2020-03-27T08:28:50.587+0000][1][safepoint    ] Safepoint "Cleanup", Time since last: 1001861391 ns, Reaching safepoint: 127100 ns, At safepoint: 8800 ns, Total: 135900 ns
[2020-03-27T08:28:51.588+0000][1][safepoint    ] Safepoint "Cleanup", Time since last: 1000909090 ns, Reaching safepoint: 303800 ns, At safepoint: 73000 ns, Total: 376800 ns
[2020-03-27T08:28:52.301+0000][1][safepoint    ] Safepoint "RevokeBias", Time since last: 712484693 ns, Reaching safepoint: 173100 ns, At safepoint: 19900 ns, Total: 193000 ns
[2020-03-27T08:28:52.678+0000][1][gc,start     ] GC(215) Pause Young (Allocation Failure)
[2020-03-27T08:28:52.678+0000][1][gc,task      ] GC(215) Using 2 workers of 2 for evacuation
[2020-03-27T08:28:52.682+0000][1][gc,age       ] GC(215) Desired survivor size 8716288 bytes, new threshold 6 (max threshold 6)
[2020-03-27T08:28:52.683+0000][1][gc,age       ] GC(215) Age table with threshold 6 (max threshold 6)
[2020-03-27T08:28:52.684+0000][1][gc,age       ] GC(215) - age   1:    2039824 bytes,    2039824 total
[2020-03-27T08:28:52.684+0000][1][gc,age       ] GC(215) - age   2:     988848 bytes,    3028672 total
[2020-03-27T08:28:52.685+0000][1][gc,heap      ] GC(215) ParNew: 148398K->5029K(153344K)
[2020-03-27T08:28:52.685+0000][1][gc,heap      ] GC(215) CMS: 252850K->252850K(353920K)
[2020-03-27T08:28:52.686+0000][1][gc,metaspace ] GC(215) Metaspace: 98514K->98514K(1140736K)
[2020-03-27T08:28:52.686+0000][1][gc           ] GC(215) Pause Young (Allocation Failure) 391M->251M(495M) 8.248ms
[2020-03-27T08:28:52.686+0000][1][gc,cpu       ] GC(215) User=0.01s Sys=0.00s Real=0.01s
[2020-03-27T08:28:52.687+0000][1][safepoint    ] Safepoint "GenCollectForAllocation", Time since last: 376771996 ns, Reaching safepoint: 214200 ns, At safepoint: 9125100 ns, Total: 9339300 ns
[2020-03-27T08:28:52.691+0000][1][safepoint    ] Safepoint "RevokeBias", Time since last: 4342200 ns, Reaching safepoint: 188600 ns, At safepoint: 17500 ns, Total: 206100 ns
[2020-03-27T08:28:52.692+0000][1][safepoint    ] Safepoint "RevokeBias", Time since last: 798000 ns, Reaching safepoint: 83600 ns, At safepoint: 23100 ns, Total: 106700 ns
[2020-03-27T08:28:52.694+0000][1][safepoint    ] Safepoint "RevokeBias", Time since last: 1099600 ns, Reaching safepoint: 64000 ns, At safepoint: 35000 ns, Total: 99000 ns
[2020-03-27T08:28:52.695+0000][1][safepoint    ] Safepoint "RevokeBias", Time since last: 966200 ns, Reaching safepoint: 74200 ns, At safepoint: 10800 ns, Total: 85000 ns
[2020-03-27T08:28:52.737+0000][1][safepoint    ] Safepoint "RevokeBias", Time since last: 42166499 ns, Reaching safepoint: 95700 ns, At safepoint: 28300 ns, Total: 124000 ns
[2020-03-27T08:28:53.738+0000][1][safepoint    ] Safepoint "Cleanup", Time since last: 1000978090 ns, Reaching safepoint: 325800 ns, At safepoint: 86500 ns, Total: 412300 ns
[2020-03-27T08:28:54.740+0000][1][safepoint    ] Safepoint "Cleanup", Time since last: 1002100091 ns, Reaching safepoint: 123600 ns, At safepoint: 6700 ns, Total: 130300 ns
[2020-03-27T08:28:55.742+0000][1][safepoint    ] Safepoint "Cleanup", Time since last: 1000894791 ns, Reaching safepoint: 507200 ns, At safepoint: 107500 ns, Total: 614700 ns
[2020-03-27T08:28:56.745+0000][1][safepoint    ] Safepoint "Cleanup", Time since last: 1002150991 ns, Reaching safepoint: 315500 ns, At safepoint: 194300 ns, Total: 509800 ns
[2020-03-27T08:28:57.747+0000][1][safepoint    ] Safepoint "Cleanup", Time since last: 1002228391 ns, Reaching safepoint: 93800 ns, At safepoint: 19100 ns, Total: 112900 ns
[2020-03-27T08:28:58.155+0000][1][safepoint    ] Safepoint "RevokeBias", Time since last: 407833596 ns, Reaching safepoint: 90800 ns, At safepoint: 23900 ns, Total: 114700 ns
[2020-03-27T08:28:58.690+0000][1][safepoint    ] Safepoint "RevokeBias", Time since last: 534914996 ns, Reaching safepoint: 100700 ns, At safepoint: 16700 ns, Total: 117400 ns
[2020-03-27T08:28:58.691+0000][1][safepoint    ] Safepoint "RevokeBias", Time since last: 871800 ns, Reaching safepoint: 68100 ns, At safepoint: 13700 ns, Total: 81800 ns
[2020-03-27T08:28:58.693+0000][1][safepoint    ] Safepoint "RevokeBias", Time since last: 1466300 ns, Reaching safepoint: 115800 ns, At safepoint: 15500 ns, Total: 131300 ns
[2020-03-27T08:28:58.694+0000][1][safepoint    ] Safepoint "RevokeBias", Time since last: 1007300 ns, Reaching safepoint: 71400 ns, At safepoint: 12400 ns, Total: 83800 ns
[2020-03-27T08:28:58.751+0000][1][safepoint    ] Safepoint "RevokeBias", Time since last: 57000799 ns, Reaching safepoint: 123700 ns, At safepoint: 18700 ns, Total: 142400 ns
[2020-03-27T08:28:59.752+0000][1][safepoint    ] Safepoint "Cleanup", Time since last: 1001333591 ns, Reaching safepoint: 94400 ns, At safepoint: 19000 ns, Total: 113400 ns
[2020-03-27T08:29:00.754+0000][1][safepoint    ] Safepoint "Cleanup", Time since last: 1000954591 ns, Reaching safepoint: 317500 ns, At safepoint: 266000 ns, Total: 583500 ns
[2020-03-27T08:29:01.756+0000][1][safepoint    ] Safepoint "Cleanup", Time since last: 1002296391 ns, Reaching safepoint: 93800 ns, At safepoint: 14400 ns, Total: 108200 ns
[2020-03-27T08:29:02.311+0000][1][safepoint    ] Safepoint "BulkRevokeBias", Time since last: 553849994 ns, Reaching safepoint: 252500 ns, At safepoint: 497800 ns, Total: 750300 ns
[2020-03-27T08:29:02.831+0000][1][gc,start     ] GC(216) Pause Young (Allocation Failure)
[2020-03-27T08:29:02.832+0000][1][gc,task      ] GC(216) Using 2 workers of 2 for evacuation
[2020-03-27T08:29:02.841+0000][1][gc,age       ] GC(216) Desired survivor size 8716288 bytes, new threshold 6 (max threshold 6)
[2020-03-27T08:29:02.842+0000][1][gc,age       ] GC(216) Age table with threshold 6 (max threshold 6)
[2020-03-27T08:29:02.843+0000][1][gc,age       ] GC(216) - age   1:    3965584 bytes,    3965584 total
[2020-03-27T08:29:02.843+0000][1][gc,age       ] GC(216) - age   2:     485552 bytes,    4451136 total
[2020-03-27T08:29:02.844+0000][1][gc,age       ] GC(216) - age   3:     980472 bytes,    5431608 total
[2020-03-27T08:29:02.845+0000][1][gc,heap      ] GC(216) ParNew: 140862K->5842K(153344K)
[2020-03-27T08:29:02.845+0000][1][gc,heap      ] GC(216) CMS: 252850K->252850K(353920K)
[2020-03-27T08:29:02.846+0000][1][gc,metaspace ] GC(216) Metaspace: 98517K->98517K(1140736K)
[2020-03-27T08:29:02.847+0000][1][gc           ] GC(216) Pause Young (Allocation Failure) 384M->252M(495M) 16.226ms
[2020-03-27T08:29:02.848+0000][1][gc,cpu       ] GC(216) User=0.01s Sys=0.00s Real=0.02s
[2020-03-27T08:29:02.848+0000][1][safepoint    ] Safepoint "GenCollectForAllocation", Time since last: 519133895 ns, Reaching safepoint: 754800 ns, At safepoint: 17647600 ns, Total: 18402400 ns
[2020-03-27T08:29:02.862+0000][1][safepoint    ] Safepoint "RevokeBias", Time since last: 13268100 ns, Reaching safepoint: 111900 ns, At safepoint: 26000 ns, Total: 137900 ns
[2020-03-27T08:29:02.863+0000][1][safepoint    ] Safepoint "RevokeBias", Time since last: 1100500 ns, Reaching safepoint: 89200 ns, At safepoint: 22000 ns, Total: 111200 ns
[2020-03-27T08:29:02.864+0000][1][safepoint    ] Safepoint "RevokeBias", Time since last: 1329000 ns, Reaching safepoint: 162300 ns, At safepoint: 21200 ns, Total: 183500 ns
[2020-03-27T08:29:02.865+0000][1][safepoint    ] Safepoint "RevokeBias", Time since last: 680600 ns, Reaching safepoint: 67100 ns, At safepoint: 22900 ns, Total: 90000 ns
[2020-03-27T08:29:02.906+0000][1][safepoint    ] Safepoint "RevokeBias", Time since last: 40342699 ns, Reaching safepoint: 199700 ns, At safepoint: 23600 ns, Total: 223300 ns
[2020-03-27T08:29:03.907+0000][1][safepoint    ] Safepoint "Cleanup", Time since last: 1001052190 ns, Reaching safepoint: 327700 ns, At safepoint: 86500 ns, Total: 414200 ns
[2020-03-27T08:29:04.910+0000][1][safepoint    ] Safepoint "Cleanup", Time since last: 1002328590 ns, Reaching safepoint: 393200 ns, At safepoint: 29200 ns, Total: 422400 ns
[2020-03-27T08:29:05.913+0000][1][safepoint    ] Safepoint "Cleanup", Time since last: 1002403790 ns, Reaching safepoint: 497500 ns, At safepoint: 81900 ns, Total: 579400 ns
[2020-03-27T08:29:06.916+0000][1][safepoint    ] Safepoint "Cleanup", Time since last: 1002280690 ns, Reaching safepoint: 408400 ns, At safepoint: 85600 ns, Total: 494000 ns
[2020-03-27T08:29:07.918+0000][1][safepoint    ] Safepoint "Cleanup", Time since last: 1002158489 ns, Reaching safepoint: 320100 ns, At safepoint: 86300 ns, Total: 406400 ns
[2020-03-27T08:29:08.126+0000][1][safepoint    ] Safepoint "RevokeBias", Time since last: 207111898 ns, Reaching safepoint: 183200 ns, At safepoint: 13000 ns, Total: 196200 ns
[2020-03-27T08:29:08.840+0000][1][safepoint    ] Safepoint "RevokeBias", Time since last: 714407793 ns, Reaching safepoint: 299900 ns, At safepoint: 30700 ns, Total: 330600 ns
[2020-03-27T08:29:08.841+0000][1][safepoint    ] Safepoint "RevokeBias", Time since last: 823200 ns, Reaching safepoint: 119500 ns, At safepoint: 19700 ns, Total: 139200 ns
[2020-03-27T08:29:08.843+0000][1][safepoint    ] Safepoint "RevokeBias", Time since last: 1469700 ns, Reaching safepoint: 61800 ns, At safepoint: 21200 ns, Total: 83000 ns
[2020-03-27T08:29:08.844+0000][1][safepoint    ] Safepoint "RevokeBias", Time since last: 1051100 ns, Reaching safepoint: 59100 ns, At safepoint: 12800 ns, Total: 71900 ns
[2020-03-27T08:29:08.892+0000][1][safepoint    ] Safepoint "RevokeBias", Time since last: 48253500 ns, Reaching safepoint: 131400 ns, At safepoint: 27800 ns, Total: 159200 ns
[2020-03-27T08:29:08.919+0000][1][safepoint    ] Safepoint "BulkRevokeBias", Time since last: 26195999 ns, Reaching safepoint: 104500 ns, At safepoint: 462900 ns, Total: 567400 ns
[2020-03-27T08:29:09.920+0000][1][safepoint    ] Safepoint "Cleanup", Time since last: 1000837691 ns, Reaching safepoint: 366500 ns, At safepoint: 84000 ns, Total: 450500 ns
[2020-03-27T08:29:10.923+0000][1][safepoint    ] Safepoint "Cleanup", Time since last: 1002503497 ns, Reaching safepoint: 317300 ns, At safepoint: 87800 ns, Total: 405100 ns
[2020-03-27T08:29:11.926+0000][1][safepoint    ] Safepoint "Cleanup", Time since last: 1001977296 ns, Reaching safepoint: 421700 ns, At safepoint: 83100 ns, Total: 504800 ns
[2020-03-27T08:29:12.314+0000][1][safepoint    ] Safepoint "RevokeBias", Time since last: 388005999 ns, Reaching safepoint: 176900 ns, At safepoint: 31400 ns, Total: 208300 ns
[2020-03-27T08:29:12.966+0000][1][gc,start     ] GC(217) Pause Young (Allocation Failure)
[2020-03-27T08:29:12.967+0000][1][gc,task      ] GC(217) Using 2 workers of 2 for evacuation
[2020-03-27T08:29:12.975+0000][1][gc,age       ] GC(217) Desired survivor size 8716288 bytes, new threshold 6 (max threshold 6)
[2020-03-27T08:29:12.976+0000][1][gc,age       ] GC(217) Age table with threshold 6 (max threshold 6)
[2020-03-27T08:29:12.976+0000][1][gc,age       ] GC(217) - age   1:    4821016 bytes,    4821016 total
[2020-03-27T08:29:12.976+0000][1][gc,age       ] GC(217) - age   2:     560944 bytes,    5381960 total
[2020-03-27T08:29:12.977+0000][1][gc,age       ] GC(217) - age   3:     484256 bytes,    5866216 total
[2020-03-27T08:29:12.977+0000][1][gc,age       ] GC(217) - age   4:     976344 bytes,    6842560 total
[2020-03-27T08:29:12.977+0000][1][gc,heap      ] GC(217) ParNew: 142081K->8930K(153344K)
[2020-03-27T08:29:12.978+0000][1][gc,heap      ] GC(217) CMS: 252850K->252850K(353920K)
[2020-03-27T08:29:12.978+0000][1][gc,metaspace ] GC(217) Metaspace: 98522K->98522K(1140736K)
[2020-03-27T08:29:12.979+0000][1][gc           ] GC(217) Pause Young (Allocation Failure) 385M->255M(495M) 12.525ms
[2020-03-27T08:29:12.979+0000][1][gc,cpu       ] GC(217) User=0.01s Sys=0.01s Real=0.01s
[2020-03-27T08:29:12.979+0000][1][safepoint    ] Safepoint "GenCollectForAllocation", Time since last: 651827997 ns, Reaching safepoint: 215900 ns, At safepoint: 13252100 ns, Total: 13468000 ns
[2020-03-27T08:29:12.990+0000][1][safepoint    ] Safepoint "RevokeBias", Time since last: 10898400 ns, Reaching safepoint: 105900 ns, At safepoint: 16600 ns, Total: 122500 ns
[2020-03-27T08:29:12.992+0000][1][safepoint    ] Safepoint "BulkRevokeBias", Time since last: 1111600 ns, Reaching safepoint: 129300 ns, At safepoint: 470400 ns, Total: 599700 ns
[2020-03-27T08:29:12.995+0000][1][safepoint    ] Safepoint "RevokeBias", Time since last: 2980800 ns, Reaching safepoint: 72100 ns, At safepoint: 23400 ns, Total: 95500 ns
[2020-03-27T08:29:12.997+0000][1][safepoint    ] Safepoint "BulkRevokeBias", Time since last: 1168500 ns, Reaching safepoint: 66400 ns, At safepoint: 540400 ns, Total: 606800 ns
[2020-03-27T08:29:13.036+0000][1][safepoint    ] Safepoint "BulkRevokeBias", Time since last: 38699200 ns, Reaching safepoint: 120700 ns, At safepoint: 505600 ns, Total: 626300 ns
[2020-03-27T08:29:14.037+0000][1][safepoint    ] Safepoint "Cleanup", Time since last: 1000659196 ns, Reaching safepoint: 320500 ns, At safepoint: 87400 ns, Total: 407900 ns
[2020-03-27T08:29:15.040+0000][1][safepoint    ] Safepoint "Cleanup", Time since last: 1002267797 ns, Reaching safepoint: 326500 ns, At safepoint: 82200 ns, Total: 408700 ns
[2020-03-27T08:29:16.042+0000][1][safepoint    ] Safepoint "Cleanup", Time since last: 1001801996 ns, Reaching safepoint: 327000 ns, At safepoint: 85900 ns, Total: 412900 ns
[2020-03-27T08:29:17.045+0000][1][safepoint    ] Safepoint "Cleanup", Time since last: 1001919197 ns, Reaching safepoint: 318000 ns, At safepoint: 191500 ns, Total: 509500 ns
[2020-03-27T08:29:18.047+0000][1][safepoint    ] Safepoint "Cleanup", Time since last: 1001841296 ns, Reaching safepoint: 491400 ns, At safepoint: 27500 ns, Total: 518900 ns
[2020-03-27T08:29:18.124+0000][1][safepoint    ] Safepoint "RevokeBias", Time since last: 76404100 ns, Reaching safepoint: 111900 ns, At safepoint: 23700 ns, Total: 135600 ns
[2020-03-27T08:29:19.125+0000][1][safepoint    ] Safepoint "Cleanup", Time since last: 1000996197 ns, Reaching safepoint: 366400 ns, At safepoint: 81300 ns, Total: 447700 ns
[2020-03-27T08:29:20.128+0000][1][safepoint    ] Safepoint "Cleanup", Time since last: 1002351398 ns, Reaching safepoint: 411800 ns, At safepoint: 81800 ns, Total: 493600 ns
[2020-03-27T08:29:21.130+0000][1][safepoint    ] Safepoint "Cleanup", Time since last: 1001825697 ns, Reaching safepoint: 388100 ns, At safepoint: 81100 ns, Total: 469200 ns
[2020-03-27T08:29:22.133+0000][1][safepoint    ] Safepoint "Cleanup", Time since last: 1002054798 ns, Reaching safepoint: 398900 ns, At safepoint: 82900 ns, Total: 481800 ns
[2020-03-27T08:29:22.348+0000][1][safepoint    ] Safepoint "RevokeBias", Time since last: 215359399 ns, Reaching safepoint: 137200 ns, At safepoint: 30600 ns, Total: 167800 ns
[2020-03-27T08:29:23.349+0000][1][safepoint    ] Safepoint "Cleanup", Time since last: 1000610197 ns, Reaching safepoint: 220500 ns, At safepoint: 23900 ns, Total: 244400 ns
[2020-03-27T08:29:24.351+0000][1][safepoint    ] Safepoint "Cleanup", Time since last: 1001532698 ns, Reaching safepoint: 105600 ns, At safepoint: 43100 ns, Total: 148700 ns
[2020-03-27T08:29:25.352+0000][1][safepoint    ] Safepoint "Cleanup", Time since last: 1000764097 ns, Reaching safepoint: 424600 ns, At safepoint: 84900 ns, Total: 509500 ns
[2020-03-27T08:29:26.355+0000][1][safepoint    ] Safepoint "Cleanup", Time since last: 1002209494 ns, Reaching safepoint: 250600 ns, At safepoint: 119600 ns, Total: 370200 ns
[2020-03-27T08:29:27.356+0000][1][safepoint    ] Safepoint "Cleanup", Time since last: 1001448792 ns, Reaching safepoint: 314600 ns, At safepoint: 86200 ns, Total: 400800 ns
[2020-03-27T08:29:28.167+0000][1][safepoint    ] Safepoint "RevokeBias", Time since last: 809645993 ns, Reaching safepoint: 1046400 ns, At safepoint: 28500 ns, Total: 1074900 ns
[2020-03-27T08:29:29.169+0000][1][safepoint    ] Safepoint "Cleanup", Time since last: 1001202692 ns, Reaching safepoint: 577000 ns, At safepoint: 81000 ns, Total: 658000 ns
[2020-03-27T08:29:30.171+0000][1][safepoint    ] Safepoint "Cleanup", Time since last: 1001786691 ns, Reaching safepoint: 99800 ns, At safepoint: 20100 ns, Total: 119900 ns
[2020-03-27T08:29:31.172+0000][1][safepoint    ] Safepoint "Cleanup", Time since last: 1000972892 ns, Reaching safepoint: 369900 ns, At safepoint: 85400 ns, Total: 455300 ns
[2020-03-27T08:29:32.175+0000][1][safepoint    ] Safepoint "Cleanup", Time since last: 1002273092 ns, Reaching safepoint: 318200 ns, At safepoint: 86100 ns, Total: 404300 ns
[2020-03-27T08:29:32.342+0000][1][safepoint    ] Safepoint "RevokeBias", Time since last: 166767498 ns, Reaching safepoint: 338400 ns, At safepoint: 59500 ns, Total: 397900 ns
[2020-03-27T08:29:33.345+0000][1][safepoint    ] Safepoint "Cleanup", Time since last: 1002062592 ns, Reaching safepoint: 406600 ns, At safepoint: 86500 ns, Total: 493100 ns
[2020-03-27T08:29:34.347+0000][1][safepoint    ] Safepoint "Cleanup", Time since last: 1002058591 ns, Reaching safepoint: 370900 ns, At safepoint: 80400 ns, Total: 451300 ns
[2020-03-27T08:29:35.350+0000][1][safepoint    ] Safepoint "Cleanup", Time since last: 1002131991 ns, Reaching safepoint: 406300 ns, At safepoint: 80900 ns, Total: 487200 ns
[2020-03-27T08:29:36.352+0000][1][safepoint    ] Safepoint "Cleanup", Time since last: 1001961191 ns, Reaching safepoint: 317600 ns, At safepoint: 89600 ns, Total: 407200 ns
[2020-03-27T08:29:37.355+0000][1][safepoint    ] Safepoint "Cleanup", Time since last: 1002314291 ns, Reaching safepoint: 320700 ns, At safepoint: 84500 ns, Total: 405200 ns
[2020-03-27T08:29:38.136+0000][1][safepoint    ] Safepoint "RevokeBias", Time since last: 780953393 ns, Reaching safepoint: 95400 ns, At safepoint: 24600 ns, Total: 120000 ns
[2020-03-27T08:29:39.138+0000][1][safepoint    ] Safepoint "Cleanup", Time since last: 1001074791 ns, Reaching safepoint: 318300 ns, At safepoint: 176700 ns, Total: 495000 ns
[2020-03-27T08:29:40.140+0000][1][safepoint    ] Safepoint "Cleanup", Time since last: 1002341591 ns, Reaching safepoint: 320800 ns, At safepoint: 78000 ns, Total: 398800 ns
[2020-03-27T08:29:41.143+0000][1][safepoint    ] Safepoint "Cleanup", Time since last: 1001999791 ns, Reaching safepoint: 395900 ns, At safepoint: 82000 ns, Total: 477900 ns
[2020-03-27T08:29:41.475+0000][1][gc,start     ] GC(218) Pause Young (Allocation Failure)
[2020-03-27T08:29:41.475+0000][1][gc,task      ] GC(218) Using 2 workers of 2 for evacuation
[2020-03-27T08:29:41.483+0000][1][gc,age       ] GC(218) Desired survivor size 8716288 bytes, new threshold 1 (max threshold 6)
[2020-03-27T08:29:41.484+0000][1][gc,age       ] GC(218) Age table with threshold 1 (max threshold 6)
[2020-03-27T08:29:41.484+0000][1][gc,age       ] GC(218) - age   1:   13708328 bytes,   13708328 total
[2020-03-27T08:29:41.485+0000][1][gc,age       ] GC(218) - age   2:    1025416 bytes,   14733744 total
[2020-03-27T08:29:41.485+0000][1][gc,age       ] GC(218) - age   3:     559584 bytes,   15293328 total
[2020-03-27T08:29:41.486+0000][1][gc,age       ] GC(218) - age   4:     484256 bytes,   15777584 total
[2020-03-27T08:29:41.486+0000][1][gc,age       ] GC(218) - age   5:     974584 bytes,   16752168 total
[2020-03-27T08:29:41.487+0000][1][gc,heap      ] GC(218) ParNew: 145250K->17024K(153344K)
[2020-03-27T08:29:41.487+0000][1][gc,heap      ] GC(218) CMS: 252850K->252850K(353920K)
[2020-03-27T08:29:41.487+0000][1][gc,metaspace ] GC(218) Metaspace: 98527K->98527K(1140736K)
[2020-03-27T08:29:41.488+0000][1][gc           ] GC(218) Pause Young (Allocation Failure) 388M->263M(495M) 13.296ms
[2020-03-27T08:29:41.488+0000][1][gc,cpu       ] GC(218) User=0.01s Sys=0.00s Real=0.02s
[2020-03-27T08:29:41.489+0000][1][safepoint    ] Safepoint "GenCollectForAllocation", Time since last: 331624197 ns, Reaching safepoint: 157400 ns, At safepoint: 14461100 ns, Total: 14618500 ns
[2020-03-27T08:29:42.351+0000][1][safepoint    ] Safepoint "RevokeBias", Time since last: 860383697 ns, Reaching safepoint: 1110600 ns, At safepoint: 86000 ns, Total: 1196600 ns
[2020-03-27T08:29:43.352+0000][1][safepoint    ] Safepoint "Cleanup", Time since last: 1001005400 ns, Reaching safepoint: 318100 ns, At safepoint: 94100 ns, Total: 412200 ns
[2020-03-27T08:29:44.016+0000][1][safepoint    ] Safepoint "RevokeBias", Time since last: 664143601 ns, Reaching safepoint: 213600 ns, At safepoint: 26200 ns, Total: 239800 ns
[2020-03-27T08:29:44.017+0000][1][safepoint    ] Safepoint "RevokeBias", Time since last: 644000 ns, Reaching safepoint: 70700 ns, At safepoint: 12400 ns, Total: 83100 ns
[2020-03-27T08:29:44.018+0000][1][safepoint    ] Safepoint "RevokeBias", Time since last: 970900 ns, Reaching safepoint: 59600 ns, At safepoint: 31200 ns, Total: 90800 ns
[2020-03-27T08:29:44.020+0000][1][safepoint    ] Safepoint "RevokeBias", Time since last: 1183300 ns, Reaching safepoint: 60700 ns, At safepoint: 34000 ns, Total: 94700 ns
[2020-03-27T08:29:44.020+0000][1][safepoint    ] Safepoint "RevokeBias", Time since last: 539200 ns, Reaching safepoint: 80000 ns, At safepoint: 21700 ns, Total: 101700 ns
[2020-03-27T08:29:44.065+0000][1][safepoint    ] Safepoint "RevokeBias", Time since last: 44361700 ns, Reaching safepoint: 121700 ns, At safepoint: 19000 ns, Total: 140700 ns
[2020-03-27T08:29:44.151+0000][1][safepoint    ] Safepoint "RevokeBias", Time since last: 85770700 ns, Reaching safepoint: 475200 ns, At safepoint: 172300 ns, Total: 647500 ns
[2020-03-27T08:29:44.157+0000][1][safepoint    ] Safepoint "RevokeBias", Time since last: 6063700 ns, Reaching safepoint: 216000 ns, At safepoint: 129400 ns, Total: 345400 ns
[2020-03-27T08:29:44.195+0000][1][safepoint    ] Safepoint "RevokeBias", Time since last: 37187500 ns, Reaching safepoint: 160700 ns, At safepoint: 23700 ns, Total: 184400 ns
[2020-03-27T08:29:44.196+0000][1][safepoint    ] Safepoint "RevokeBias", Time since last: 942500 ns, Reaching safepoint: 86100 ns, At safepoint: 12900 ns, Total: 99000 ns
[2020-03-27T08:29:44.197+0000][1][safepoint    ] Safepoint "RevokeBias", Time since last: 1341600 ns, Reaching safepoint: 108400 ns, At safepoint: 14300 ns, Total: 122700 ns
[2020-03-27T08:29:44.199+0000][1][safepoint    ] Safepoint "RevokeBias", Time since last: 1221200 ns, Reaching safepoint: 142100 ns, At safepoint: 14700 ns, Total: 156800 ns
[2020-03-27T08:29:44.240+0000][1][safepoint    ] Safepoint "RevokeBias", Time since last: 40532000 ns, Reaching safepoint: 237800 ns, At safepoint: 25400 ns, Total: 263200 ns
[2020-03-27T08:29:44.307+0000][1][safepoint    ] Safepoint "RevokeBias", Time since last: 66544600 ns, Reaching safepoint: 494100 ns, At safepoint: 48800 ns, Total: 542900 ns
[2020-03-27T08:29:44.307+0000][1][safepoint    ] Safepoint "RevokeBias", Time since last: 398800 ns, Reaching safepoint: 212500 ns, At safepoint: 11700 ns, Total: 224200 ns
[2020-03-27T08:29:44.317+0000][1][safepoint    ] Safepoint "RevokeBias", Time since last: 9963400 ns, Reaching safepoint: 251800 ns, At safepoint: 15500 ns, Total: 267300 ns
[2020-03-27T08:29:44.318+0000][1][safepoint    ] Safepoint "RevokeBias", Time since last: 751500 ns, Reaching safepoint: 142200 ns, At safepoint: 13900 ns, Total: 156100 ns
[2020-03-27T08:29:44.419+0000][1][safepoint    ] Safepoint "RevokeBias", Time since last: 100592800 ns, Reaching safepoint: 150300 ns, At safepoint: 19200 ns, Total: 169500 ns
[2020-03-27T08:29:44.438+0000][1][safepoint    ] Safepoint "RevokeBias", Time since last: 18572200 ns, Reaching safepoint: 195000 ns, At safepoint: 16400 ns, Total: 211400 ns
[2020-03-27T08:29:44.445+0000][1][safepoint    ] Safepoint "RevokeBias", Time since last: 6288700 ns, Reaching safepoint: 278400 ns, At safepoint: 33400 ns, Total: 311800 ns
[2020-03-27T08:29:44.460+0000][1][gc,start     ] GC(219) Pause Young (Allocation Failure)
[2020-03-27T08:29:44.460+0000][1][gc,task      ] GC(219) Using 2 workers of 2 for evacuation
[2020-03-27T08:29:44.489+0000][1][gc,age       ] GC(219) Desired survivor size 8716288 bytes, new threshold 6 (max threshold 6)
[2020-03-27T08:29:44.490+0000][1][gc,age       ] GC(219) Age table with threshold 6 (max threshold 6)
[2020-03-27T08:29:44.490+0000][1][gc,age       ] GC(219) - age   1:    1958272 bytes,    1958272 total
[2020-03-27T08:29:44.491+0000][1][gc,heap      ] GC(219) ParNew: 153344K->13801K(153344K)
[2020-03-27T08:29:44.491+0000][1][gc,heap      ] GC(219) CMS: 252850K->255675K(353920K)
[2020-03-27T08:29:44.492+0000][1][gc,metaspace ] GC(219) Metaspace: 98565K->98565K(1140736K)
[2020-03-27T08:29:44.492+0000][1][gc           ] GC(219) Pause Young (Allocation Failure) 396M->263M(495M) 32.469ms
[2020-03-27T08:29:44.493+0000][1][gc,cpu       ] GC(219) User=0.01s Sys=0.01s Real=0.03s
[2020-03-27T08:29:44.493+0000][1][safepoint    ] Safepoint "GenCollectForAllocation", Time since last: 15186900 ns, Reaching safepoint: 122900 ns, At safepoint: 33519500 ns, Total: 33642400 ns
[2020-03-27T08:29:45.495+0000][1][safepoint    ] Safepoint "Cleanup", Time since last: 1000736001 ns, Reaching safepoint: 318200 ns, At safepoint: 82400 ns, Total: 400600 ns
[2020-03-27T08:29:46.497+0000][1][safepoint    ] Safepoint "Cleanup", Time since last: 1002738000 ns, Reaching safepoint: 130200 ns, At safepoint: 26400 ns, Total: 156600 ns
[2020-03-27T08:29:47.498+0000][1][safepoint    ] Safepoint "Cleanup", Time since last: 1000963101 ns, Reaching safepoint: 101300 ns, At safepoint: 21000 ns, Total: 122300 ns
[2020-03-27T08:29:48.151+0000][1][safepoint    ] Safepoint "RevokeBias", Time since last: 652643400 ns, Reaching safepoint: 100700 ns, At safepoint: 23700 ns, Total: 124400 ns
[2020-03-27T08:29:49.152+0000][1][safepoint    ] Safepoint "Cleanup", Time since last: 1000788801 ns, Reaching safepoint: 335000 ns, At safepoint: 33500 ns, Total: 368500 ns
[2020-03-27T08:29:49.184+0000][1][safepoint    ] Safepoint "RevokeBias", Time since last: 31700100 ns, Reaching safepoint: 194900 ns, At safepoint: 18800 ns, Total: 213700 ns
[2020-03-27T08:29:49.186+0000][1][safepoint    ] Safepoint "RevokeBias", Time since last: 1228200 ns, Reaching safepoint: 78400 ns, At safepoint: 13400 ns, Total: 91800 ns
[2020-03-27T08:29:49.189+0000][1][safepoint    ] Safepoint "RevokeBias", Time since last: 2970500 ns, Reaching safepoint: 79100 ns, At safepoint: 14400 ns, Total: 93500 ns
[2020-03-27T08:29:49.189+0000][1][safepoint    ] Safepoint "RevokeBias", Time since last: 498800 ns, Reaching safepoint: 88900 ns, At safepoint: 23000 ns, Total: 111900 ns
[2020-03-27T08:29:49.232+0000][1][safepoint    ] Safepoint "RevokeBias", Time since last: 42794700 ns, Reaching safepoint: 218000 ns, At safepoint: 20200 ns, Total: 238200 ns
[2020-03-27T08:29:49.286+0000][1][safepoint    ] Safepoint "RevokeBias", Time since last: 53817400 ns, Reaching safepoint: 107800 ns, At safepoint: 38900 ns, Total: 146700 ns
[2020-03-27T08:29:49.400+0000][1][gc,start     ] GC(220) Pause Young (Allocation Failure)
[2020-03-27T08:29:49.400+0000][1][gc,task      ] GC(220) Using 2 workers of 2 for evacuation
[2020-03-27T08:29:49.404+0000][1][gc,age       ] GC(220) Desired survivor size 8716288 bytes, new threshold 6 (max threshold 6)
[2020-03-27T08:29:49.404+0000][1][gc,age       ] GC(220) Age table with threshold 6 (max threshold 6)
[2020-03-27T08:29:49.405+0000][1][gc,age       ] GC(220) - age   1:    1957472 bytes,    1957472 total
[2020-03-27T08:29:49.405+0000][1][gc,age       ] GC(220) - age   2:     913464 bytes,    2870936 total
[2020-03-27T08:29:49.406+0000][1][gc,heap      ] GC(220) ParNew: 149786K->5713K(153344K)
[2020-03-27T08:29:49.407+0000][1][gc,heap      ] GC(220) CMS: 255675K->255675K(353920K)
[2020-03-27T08:29:49.407+0000][1][gc,metaspace ] GC(220) Metaspace: 98567K->98567K(1140736K)
[2020-03-27T08:29:49.408+0000][1][gc           ] GC(220) Pause Young (Allocation Failure) 395M->255M(495M) 7.711ms
[2020-03-27T08:29:49.408+0000][1][gc,cpu       ] GC(220) User=0.00s Sys=0.00s Real=0.01s
[2020-03-27T08:29:49.409+0000][1][safepoint    ] Safepoint "GenCollectForAllocation", Time since last: 113424300 ns, Reaching safepoint: 98900 ns, At safepoint: 8686800 ns, Total: 8785700 ns
[2020-03-27T08:29:49.513+0000][1][safepoint    ] Safepoint "BulkRevokeBias", Time since last: 103839000 ns, Reaching safepoint: 125700 ns, At safepoint: 458400 ns, Total: 584100 ns
[2020-03-27T08:29:50.291+0000][1][safepoint    ] Safepoint "RevokeBias", Time since last: 777953005 ns, Reaching safepoint: 324700 ns, At safepoint: 92000 ns, Total: 416700 ns
[2020-03-27T08:29:50.297+0000][1][safepoint    ] Safepoint "RevokeBias", Time since last: 5343200 ns, Reaching safepoint: 184400 ns, At safepoint: 9900 ns, Total: 194300 ns
[2020-03-27T08:29:50.300+0000][1][safepoint    ] Safepoint "RevokeBias", Time since last: 3092400 ns, Reaching safepoint: 360700 ns, At safepoint: 7300 ns, Total: 368000 ns
[2020-03-27T08:29:50.301+0000][1][safepoint    ] Safepoint "RevokeBias", Time since last: 483300 ns, Reaching safepoint: 164200 ns, At safepoint: 5700 ns, Total: 169900 ns
[2020-03-27T08:29:50.302+0000][1][safepoint    ] Safepoint "RevokeBias", Time since last: 701500 ns, Reaching safepoint: 84100 ns, At safepoint: 6000 ns, Total: 90100 ns
[2020-03-27T08:29:50.303+0000][1][safepoint    ] Safepoint "RevokeBias", Time since last: 674100 ns, Reaching safepoint: 191200 ns, At safepoint: 6100 ns, Total: 197300 ns
[2020-03-27T08:29:50.303+0000][1][safepoint    ] Safepoint "RevokeBias", Time since last: 624400 ns, Reaching safepoint: 103600 ns, At safepoint: 5700 ns, Total: 109300 ns
[2020-03-27T08:29:50.304+0000][1][safepoint    ] Safepoint "RevokeBias", Time since last: 558000 ns, Reaching safepoint: 137000 ns, At safepoint: 6200 ns, Total: 143200 ns
[2020-03-27T08:29:50.305+0000][1][safepoint    ] Safepoint "RevokeBias", Time since last: 638900 ns, Reaching safepoint: 108400 ns, At safepoint: 6100 ns, Total: 114500 ns
[2020-03-27T08:29:50.305+0000][1][safepoint    ] Safepoint "RevokeBias", Time since last: 476900 ns, Reaching safepoint: 138700 ns, At safepoint: 11500 ns, Total: 150200 ns
[2020-03-27T08:29:51.306+0000][1][safepoint    ] Safepoint "Cleanup", Time since last: 1000547610 ns, Reaching safepoint: 191600 ns, At safepoint: 43200 ns, Total: 234800 ns
[2020-03-27T08:29:52.308+0000][1][safepoint    ] Safepoint "Cleanup", Time since last: 1001621511 ns, Reaching safepoint: 186700 ns, At safepoint: 45300 ns, Total: 232000 ns
[2020-03-27T08:29:52.346+0000][1][safepoint    ] Safepoint "RevokeBias", Time since last: 38085500 ns, Reaching safepoint: 158700 ns, At safepoint: 17200 ns, Total: 175900 ns
[2020-03-27T08:29:52.440+0000][1][safepoint    ] Safepoint "RevokeBias", Time since last: 93444601 ns, Reaching safepoint: 245600 ns, At safepoint: 23400 ns, Total: 269000 ns
[2020-03-27T08:29:52.441+0000][1][safepoint    ] Safepoint "RevokeBias", Time since last: 835200 ns, Reaching safepoint: 94400 ns, At safepoint: 13400 ns, Total: 107800 ns
[2020-03-27T08:29:52.443+0000][1][safepoint    ] Safepoint "RevokeBias", Time since last: 1597800 ns, Reaching safepoint: 61800 ns, At safepoint: 21000 ns, Total: 82800 ns
[2020-03-27T08:29:52.444+0000][1][safepoint    ] Safepoint "RevokeBias", Time since last: 902700 ns, Reaching safepoint: 78000 ns, At safepoint: 20600 ns, Total: 98600 ns
[2020-03-27T08:29:52.483+0000][1][safepoint    ] Safepoint "RevokeBias", Time since last: 38778401 ns, Reaching safepoint: 119900 ns, At safepoint: 24500 ns, Total: 144400 ns
[2020-03-27T08:29:53.484+0000][1][safepoint    ] Safepoint "Cleanup", Time since last: 1000981310 ns, Reaching safepoint: 506800 ns, At safepoint: 27300 ns, Total: 534100 ns
[2020-03-27T08:29:54.487+0000][1][safepoint    ] Safepoint "Cleanup", Time since last: 1002288810 ns, Reaching safepoint: 520200 ns, At safepoint: 23700 ns, Total: 543900 ns
[2020-03-27T08:29:55.490+0000][1][safepoint    ] Safepoint "Cleanup", Time since last: 1002166911 ns, Reaching safepoint: 537300 ns, At safepoint: 25300 ns, Total: 562600 ns
[2020-03-27T08:29:56.492+0000][1][safepoint    ] Safepoint "Cleanup", Time since last: 1002203910 ns, Reaching safepoint: 374700 ns, At safepoint: 87200 ns, Total: 461900 ns
[2020-03-27T08:29:57.496+0000][1][safepoint    ] Safepoint "Cleanup", Time since last: 1002797811 ns, Reaching safepoint: 460900 ns, At safepoint: 81000 ns, Total: 541900 ns
[2020-03-27T08:29:58.135+0000][1][gc,start     ] GC(221) Pause Young (Allocation Failure)
[2020-03-27T08:29:58.136+0000][1][gc,task      ] GC(221) Using 2 workers of 2 for evacuation
[2020-03-27T08:29:58.139+0000][1][gc,age       ] GC(221) Desired survivor size 8716288 bytes, new threshold 6 (max threshold 6)
[2020-03-27T08:29:58.151+0000][1][gc,age       ] GC(221) Age table with threshold 6 (max threshold 6)
[2020-03-27T08:29:58.151+0000][1][gc,age       ] GC(221) - age   1:     637040 bytes,     637040 total
[2020-03-27T08:29:58.152+0000][1][gc,age       ] GC(221) - age   2:     235768 bytes,     872808 total
[2020-03-27T08:29:58.152+0000][1][gc,age       ] GC(221) - age   3:     310648 bytes,    1183456 total
[2020-03-27T08:29:58.153+0000][1][gc,heap      ] GC(221) ParNew: 142033K->2003K(153344K)
[2020-03-27T08:29:58.153+0000][1][gc,heap      ] GC(221) CMS: 255675K->255675K(353920K)
[2020-03-27T08:29:58.154+0000][1][gc,metaspace ] GC(221) Metaspace: 98571K->98571K(1140736K)
[2020-03-27T08:29:58.154+0000][1][gc           ] GC(221) Pause Young (Allocation Failure) 388M->251M(495M) 19.514ms
[2020-03-27T08:29:58.155+0000][1][gc,cpu       ] GC(221) User=0.01s Sys=0.00s Real=0.02s
[2020-03-27T08:29:58.155+0000][1][safepoint    ] Safepoint "GenCollectForAllocation", Time since last: 639068847 ns, Reaching safepoint: 100900 ns, At safepoint: 20634504 ns, Total: 20735404 ns
[2020-03-27T08:29:58.185+0000][1][safepoint    ] Safepoint "RevokeBias", Time since last: 29042904 ns, Reaching safepoint: 93700 ns, At safepoint: 24000 ns, Total: 117700 ns
[2020-03-27T08:29:58.447+0000][1][safepoint    ] Safepoint "RevokeBias", Time since last: 262124443 ns, Reaching safepoint: 149400 ns, At safepoint: 24400 ns, Total: 173800 ns
[2020-03-27T08:29:58.448+0000][1][safepoint    ] Safepoint "RevokeBias", Time since last: 845500 ns, Reaching safepoint: 71300 ns, At safepoint: 23200 ns, Total: 94500 ns
[2020-03-27T08:29:58.449+0000][1][safepoint    ] Safepoint "RevokeBias", Time since last: 1396600 ns, Reaching safepoint: 82101 ns, At safepoint: 21100 ns, Total: 103201 ns
[2020-03-27T08:29:58.450+0000][1][safepoint    ] Safepoint "RevokeBias", Time since last: 923600 ns, Reaching safepoint: 123300 ns, At safepoint: 41200 ns, Total: 164500 ns
[2020-03-27T08:29:58.494+0000][1][safepoint    ] Safepoint "RevokeBias", Time since last: 43653907 ns, Reaching safepoint: 137500 ns, At safepoint: 28500 ns, Total: 166000 ns
[2020-03-27T08:29:59.495+0000][1][safepoint    ] Safepoint "Cleanup", Time since last: 1000753463 ns, Reaching safepoint: 326100 ns, At safepoint: 79300 ns, Total: 405400 ns
[2020-03-27T08:30:00.498+0000][1][safepoint    ] Safepoint "Cleanup", Time since last: 1002387263 ns, Reaching safepoint: 318100 ns, At safepoint: 87900 ns, Total: 406000 ns
[2020-03-27T08:30:01.501+0000][1][safepoint    ] Safepoint "Cleanup", Time since last: 1002441163 ns, Reaching safepoint: 379300 ns, At safepoint: 81500 ns, Total: 460800 ns
[2020-03-27T08:30:02.358+0000][1][safepoint    ] Safepoint "RevokeBias", Time since last: 856491640 ns, Reaching safepoint: 204500 ns, At safepoint: 31000 ns, Total: 235500 ns
[2020-03-27T08:30:02.565+0000][1][safepoint    ] Safepoint "RevokeBias", Time since last: 206596333 ns, Reaching safepoint: 116500 ns, At safepoint: 26400 ns, Total: 142900 ns
[2020-03-27T08:30:02.566+0000][1][safepoint    ] Safepoint "RevokeBias", Time since last: 940400 ns, Reaching safepoint: 174000 ns, At safepoint: 12900 ns, Total: 186900 ns
[2020-03-27T08:30:02.567+0000][1][safepoint    ] Safepoint "RevokeBias", Time since last: 1140801 ns, Reaching safepoint: 59700 ns, At safepoint: 20800 ns, Total: 80500 ns
[2020-03-27T08:30:02.568+0000][1][safepoint    ] Safepoint "RevokeBias", Time since last: 636700 ns, Reaching safepoint: 58500 ns, At safepoint: 22400 ns, Total: 80900 ns
[2020-03-27T08:30:02.611+0000][1][safepoint    ] Safepoint "RevokeBias", Time since last: 43573207 ns, Reaching safepoint: 96900 ns, At safepoint: 14600 ns, Total: 111500 ns
[2020-03-27T08:30:03.613+0000][1][safepoint    ] Safepoint "Cleanup", Time since last: 1000812663 ns, Reaching safepoint: 318900 ns, At safepoint: 165500 ns, Total: 484400 ns
[2020-03-27T08:30:04.615+0000][1][safepoint    ] Safepoint "Cleanup", Time since last: 1002276063 ns, Reaching safepoint: 318800 ns, At safepoint: 86500 ns, Total: 405300 ns
[2020-03-27T08:30:05.618+0000][1][safepoint    ] Safepoint "Cleanup", Time since last: 1002466663 ns, Reaching safepoint: 319700 ns, At safepoint: 88200 ns, Total: 407900 ns
[2020-03-27T08:30:06.621+0000][1][safepoint    ] Safepoint "Cleanup", Time since last: 1002536272 ns, Reaching safepoint: 182700 ns, At safepoint: 39600 ns, Total: 222300 ns
[2020-03-27T08:30:07.623+0000][1][safepoint    ] Safepoint "Cleanup", Time since last: 1001429040 ns, Reaching safepoint: 284300 ns, At safepoint: 58500 ns, Total: 342800 ns
[2020-03-27T08:30:08.139+0000][1][gc,start     ] GC(222) Pause Young (Allocation Failure)
[2020-03-27T08:30:08.140+0000][1][gc,task      ] GC(222) Using 2 workers of 2 for evacuation
[2020-03-27T08:30:08.145+0000][1][gc,age       ] GC(222) Desired survivor size 8716288 bytes, new threshold 6 (max threshold 6)
[2020-03-27T08:30:08.146+0000][1][gc,age       ] GC(222) Age table with threshold 6 (max threshold 6)
[2020-03-27T08:30:08.146+0000][1][gc,age       ] GC(222) - age   1:     776096 bytes,     776096 total
[2020-03-27T08:30:08.147+0000][1][gc,age       ] GC(222) - age   2:     543424 bytes,    1319520 total
[2020-03-27T08:30:08.147+0000][1][gc,age       ] GC(222) - age   3:     229048 bytes,    1548568 total
[2020-03-27T08:30:08.148+0000][1][gc,age       ] GC(222) - age   4:     309912 bytes,    1858480 total
[2020-03-27T08:30:08.148+0000][1][gc,heap      ] GC(222) ParNew: 138323K->1868K(153344K)
[2020-03-27T08:30:08.149+0000][1][gc,heap      ] GC(222) CMS: 255675K->255675K(353920K)
[2020-03-27T08:30:08.149+0000][1][gc,metaspace ] GC(222) Metaspace: 98591K->98591K(1140736K)
[2020-03-27T08:30:08.150+0000][1][gc           ] GC(222) Pause Young (Allocation Failure) 384M->251M(495M) 10.357ms
[2020-03-27T08:30:08.150+0000][1][gc,cpu       ] GC(222) User=0.00s Sys=0.00s Real=0.01s
[2020-03-27T08:30:08.151+0000][1][safepoint    ] Safepoint "GenCollectForAllocation", Time since last: 516383420 ns, Reaching safepoint: 119700 ns, At safepoint: 11378401 ns, Total: 11498101 ns
[2020-03-27T08:30:08.169+0000][1][safepoint    ] Safepoint "RevokeBias", Time since last: 18658300 ns, Reaching safepoint: 93900 ns, At safepoint: 22900 ns, Total: 116800 ns
[2020-03-27T08:30:08.591+0000][1][safepoint    ] Safepoint "RevokeBias", Time since last: 421172317 ns, Reaching safepoint: 332700 ns, At safepoint: 24500 ns, Total: 357200 ns
[2020-03-27T08:30:08.592+0000][1][safepoint    ] Safepoint "RevokeBias", Time since last: 1130000 ns, Reaching safepoint: 141400 ns, At safepoint: 14200 ns, Total: 155600 ns
[2020-03-27T08:30:08.594+0000][1][safepoint    ] Safepoint "RevokeBias", Time since last: 1415100 ns, Reaching safepoint: 65700 ns, At safepoint: 22600 ns, Total: 88300 ns
[2020-03-27T08:30:08.595+0000][1][safepoint    ] Safepoint "RevokeBias", Time since last: 1010800 ns, Reaching safepoint: 60900 ns, At safepoint: 21200 ns, Total: 82100 ns
[2020-03-27T08:30:08.637+0000][1][safepoint    ] Safepoint "RevokeBias", Time since last: 42334402 ns, Reaching safepoint: 219300 ns, At safepoint: 35400 ns, Total: 254700 ns
[2020-03-27T08:30:09.639+0000][1][safepoint    ] Safepoint "Cleanup", Time since last: 1000941239 ns, Reaching safepoint: 406300 ns, At safepoint: 81900 ns, Total: 488200 ns
[2020-03-27T08:30:10.642+0000][1][safepoint    ] Safepoint "Cleanup", Time since last: 1002307240 ns, Reaching safepoint: 317500 ns, At safepoint: 177900 ns, Total: 495400 ns
[2020-03-27T08:30:11.645+0000][1][safepoint    ] Safepoint "Cleanup", Time since last: 1002411440 ns, Reaching safepoint: 365800 ns, At safepoint: 83700 ns, Total: 449500 ns
[2020-03-27T08:30:12.363+0000][1][safepoint    ] Safepoint "RevokeBias", Time since last: 718072128 ns, Reaching safepoint: 323600 ns, At safepoint: 28600 ns, Total: 352200 ns
[2020-03-27T08:30:12.739+0000][1][safepoint    ] Safepoint "RevokeBias", Time since last: 375859715 ns, Reaching safepoint: 276500 ns, At safepoint: 29900 ns, Total: 306400 ns
[2020-03-27T08:30:12.741+0000][1][safepoint    ] Safepoint "BulkRevokeBias", Time since last: 893000 ns, Reaching safepoint: 268800 ns, At safepoint: 500600 ns, Total: 769400 ns
[2020-03-27T08:30:12.743+0000][1][safepoint    ] Safepoint "RevokeBias", Time since last: 1805900 ns, Reaching safepoint: 139900 ns, At safepoint: 23900 ns, Total: 163800 ns
[2020-03-27T08:30:12.744+0000][1][safepoint    ] Safepoint "BulkRevokeBias", Time since last: 1299800 ns, Reaching safepoint: 61300 ns, At safepoint: 399800 ns, Total: 461100 ns
[2020-03-27T08:30:12.786+0000][1][safepoint    ] Safepoint "RevokeBias", Time since last: 40962602 ns, Reaching safepoint: 200400 ns, At safepoint: 29700 ns, Total: 230100 ns
[2020-03-27T08:30:12.817+0000][1][safepoint    ] Safepoint "RevokeBias", Time since last: 31007301 ns, Reaching safepoint: 193500 ns, At safepoint: 38000 ns, Total: 231500 ns
[2020-03-27T08:30:12.818+0000][1][safepoint    ] Safepoint "RevokeBias", Time since last: 444200 ns, Reaching safepoint: 152000 ns, At safepoint: 22400 ns, Total: 174400 ns
[2020-03-27T08:30:12.823+0000][1][safepoint    ] Safepoint "RevokeBias", Time since last: 5563800 ns, Reaching safepoint: 90300 ns, At safepoint: 29200 ns, Total: 119500 ns
[2020-03-27T08:30:12.849+0000][1][gc,start     ] GC(223) Pause Young (Allocation Failure)
[2020-03-27T08:30:12.850+0000][1][gc,task      ] GC(223) Using 2 workers of 2 for evacuation
[2020-03-27T08:30:12.855+0000][1][gc,age       ] GC(223) Desired survivor size 8716288 bytes, new threshold 6 (max threshold 6)
[2020-03-27T08:30:12.855+0000][1][gc,age       ] GC(223) Age table with threshold 6 (max threshold 6)
[2020-03-27T08:30:12.856+0000][1][gc,age       ] GC(223) - age   1:    1133120 bytes,    1133120 total
[2020-03-27T08:30:12.856+0000][1][gc,age       ] GC(223) - age   2:     573216 bytes,    1706336 total
[2020-03-27T08:30:12.856+0000][1][gc,age       ] GC(223) - age   3:     542400 bytes,    2248736 total
[2020-03-27T08:30:12.857+0000][1][gc,age       ] GC(223) - age   4:     229048 bytes,    2477784 total
[2020-03-27T08:30:12.857+0000][1][gc,age       ] GC(223) - age   5:     305928 bytes,    2783712 total
[2020-03-27T08:30:12.857+0000][1][gc,heap      ] GC(223) ParNew: 138188K->3986K(153344K)
[2020-03-27T08:30:12.858+0000][1][gc,heap      ] GC(223) CMS: 255675K->255675K(353920K)
[2020-03-27T08:30:12.858+0000][1][gc,metaspace ] GC(223) Metaspace: 98599K->98599K(1140736K)
[2020-03-27T08:30:12.858+0000][1][gc           ] GC(223) Pause Young (Allocation Failure) 384M->253M(495M) 9.037ms
[2020-03-27T08:30:12.859+0000][1][gc,cpu       ] GC(223) User=0.01s Sys=0.00s Real=0.01s
[2020-03-27T08:30:12.859+0000][1][safepoint    ] Safepoint "GenCollectForAllocation", Time since last: 25833401 ns, Reaching safepoint: 219600 ns, At safepoint: 9742000 ns, Total: 9961600 ns
[2020-03-27T08:30:13.819+0000][1][safepoint    ] Safepoint "RevokeBias", Time since last: 959182138 ns, Reaching safepoint: 472000 ns, At safepoint: 84300 ns, Total: 556300 ns
[2020-03-27T08:30:13.863+0000][1][safepoint    ] Safepoint "RevokeBias", Time since last: 43936702 ns, Reaching safepoint: 96200 ns, At safepoint: 27300 ns, Total: 123500 ns
[2020-03-27T08:30:14.864+0000][1][safepoint    ] Safepoint "Cleanup", Time since last: 1000650422 ns, Reaching safepoint: 551800 ns, At safepoint: 70700 ns, Total: 622500 ns
[2020-03-27T08:30:15.867+0000][1][safepoint    ] Safepoint "Cleanup", Time since last: 1002214121 ns, Reaching safepoint: 410300 ns, At safepoint: 80600 ns, Total: 490900 ns
[2020-03-27T08:30:16.870+0000][1][safepoint    ] Safepoint "Cleanup", Time since last: 1002372021 ns, Reaching safepoint: 564100 ns, At safepoint: 73000 ns, Total: 637100 ns
[2020-03-27T08:30:17.872+0000][1][safepoint    ] Safepoint "Cleanup", Time since last: 1002005121 ns, Reaching safepoint: 317300 ns, At safepoint: 88100 ns, Total: 405400 ns
[2020-03-27T08:30:18.145+0000][1][safepoint    ] Safepoint "RevokeBias", Time since last: 272280506 ns, Reaching safepoint: 179900 ns, At safepoint: 26300 ns, Total: 206200 ns
[2020-03-27T08:30:19.670+0000][1][safepoint    ] Safepoint "Cleanup", Time since last: 1524383832 ns, Reaching safepoint: 395600 ns, At safepoint: 177900 ns, Total: 573500 ns
[2020-03-27T08:30:20.672+0000][1][safepoint    ] Safepoint "Cleanup", Time since last: 1002070722 ns, Reaching safepoint: 323500 ns, At safepoint: 93700 ns, Total: 417200 ns
[2020-03-27T08:30:21.675+0000][1][safepoint    ] Safepoint "Cleanup", Time since last: 1002196021 ns, Reaching safepoint: 405000 ns, At safepoint: 85700 ns, Total: 490700 ns
[2020-03-27T08:30:22.369+0000][1][safepoint    ] Safepoint "RevokeBias", Time since last: 694400010 ns, Reaching safepoint: 124100 ns, At safepoint: 20600 ns, Total: 144700 ns
[2020-03-27T08:30:23.384+0000][1][safepoint    ] Safepoint "Cleanup", Time since last: 1014486812 ns, Reaching safepoint: 327400 ns, At safepoint: 83000 ns, Total: 410400 ns
[2020-03-27T08:30:24.386+0000][1][safepoint    ] Safepoint "Cleanup", Time since last: 1001827412 ns, Reaching safepoint: 99300 ns, At safepoint: 7000 ns, Total: 106300 ns
[2020-03-27T08:30:25.396+0000][1][safepoint    ] Safepoint "Cleanup", Time since last: 1009223712 ns, Reaching safepoint: 501700 ns, At safepoint: 117800 ns, Total: 619500 ns
[2020-03-27T08:30:26.399+0000][1][safepoint    ] Safepoint "Cleanup", Time since last: 1002252712 ns, Reaching safepoint: 1059400 ns, At safepoint: 101700 ns, Total: 1161100 ns
[2020-03-27T08:30:27.402+0000][1][safepoint    ] Safepoint "Cleanup", Time since last: 1002002112 ns, Reaching safepoint: 389800 ns, At safepoint: 82000 ns, Total: 471800 ns
[2020-03-27T08:30:28.164+0000][1][safepoint    ] Safepoint "RevokeBias", Time since last: 761857109 ns, Reaching safepoint: 92700 ns, At safepoint: 23600 ns, Total: 116300 ns
[2020-03-27T08:30:29.165+0000][1][safepoint    ] Safepoint "Cleanup", Time since last: 1000921111 ns, Reaching safepoint: 317500 ns, At safepoint: 85700 ns, Total: 403200 ns
[2020-03-27T08:30:30.168+0000][1][safepoint    ] Safepoint "Cleanup", Time since last: 1002553111 ns, Reaching safepoint: 418600 ns, At safepoint: 69800 ns, Total: 488400 ns
[2020-03-27T08:30:30.714+0000][1][gc,start     ] GC(224) Pause Young (Allocation Failure)
[2020-03-27T08:30:30.715+0000][1][gc,task      ] GC(224) Using 2 workers of 2 for evacuation
[2020-03-27T08:30:30.723+0000][1][gc,age       ] GC(224) Desired survivor size 8716288 bytes, new threshold 1 (max threshold 6)
[2020-03-27T08:30:30.724+0000][1][gc,age       ] GC(224) Age table with threshold 1 (max threshold 6)
[2020-03-27T08:30:30.733+0000][1][gc,age       ] GC(224) - age   1:   13670800 bytes,   13670800 total
[2020-03-27T08:30:30.733+0000][1][gc,age       ] GC(224) - age   2:     543024 bytes,   14213824 total
[2020-03-27T08:30:30.734+0000][1][gc,age       ] GC(224) - age   3:     364856 bytes,   14578680 total
[2020-03-27T08:30:30.735+0000][1][gc,age       ] GC(224) - age   4:     339968 bytes,   14918648 total
[2020-03-27T08:30:30.736+0000][1][gc,age       ] GC(224) - age   5:     226192 bytes,   15144840 total
[2020-03-27T08:30:30.736+0000][1][gc,age       ] GC(224) - age   6:     104192 bytes,   15249032 total
[2020-03-27T08:30:30.737+0000][1][gc,heap      ] GC(224) ParNew: 140306K->17024K(153344K)
[2020-03-27T08:30:30.737+0000][1][gc,heap      ] GC(224) CMS: 255675K->255675K(353920K)
[2020-03-27T08:30:30.738+0000][1][gc,metaspace ] GC(224) Metaspace: 98599K->98599K(1140736K)
[2020-03-27T08:30:30.738+0000][1][gc           ] GC(224) Pause Young (Allocation Failure) 386M->266M(495M) 24.317ms
[2020-03-27T08:30:30.739+0000][1][gc,cpu       ] GC(224) User=0.01s Sys=0.00s Real=0.03s
[2020-03-27T08:30:30.739+0000][1][safepoint    ] Safepoint "GenCollectForAllocation", Time since last: 545479903 ns, Reaching safepoint: 172600 ns, At safepoint: 25333100 ns, Total: 25505700 ns
[2020-03-27T08:30:31.741+0000][1][safepoint    ] Safepoint "Cleanup", Time since last: 1000913006 ns, Reaching safepoint: 318000 ns, At safepoint: 168200 ns, Total: 486200 ns
[2020-03-27T08:30:32.385+0000][1][safepoint    ] Safepoint "RevokeBias", Time since last: 643598204 ns, Reaching safepoint: 483200 ns, At safepoint: 423000 ns, Total: 906200 ns
[2020-03-27T08:30:33.387+0000][1][safepoint    ] Safepoint "Cleanup", Time since last: 1001592506 ns, Reaching safepoint: 324800 ns, At safepoint: 89600 ns, Total: 414400 ns
[2020-03-27T08:30:34.390+0000][1][safepoint    ] Safepoint "Cleanup", Time since last: 1002004106 ns, Reaching safepoint: 318000 ns, At safepoint: 121700 ns, Total: 439700 ns
[2020-03-27T08:30:35.392+0000][1][safepoint    ] Safepoint "Cleanup", Time since last: 1001965806 ns, Reaching safepoint: 520000 ns, At safepoint: 29700 ns, Total: 549700 ns
[2020-03-27T08:30:36.395+0000][1][safepoint    ] Safepoint "Cleanup", Time since last: 1002366106 ns, Reaching safepoint: 403500 ns, At safepoint: 82100 ns, Total: 485600 ns
[2020-03-27T08:30:37.398+0000][1][safepoint    ] Safepoint "Cleanup", Time since last: 1002451906 ns, Reaching safepoint: 507400 ns, At safepoint: 82200 ns, Total: 589600 ns
[2020-03-27T08:30:38.137+0000][1][safepoint    ] Safepoint "RevokeBias", Time since last: 739171104 ns, Reaching safepoint: 173700 ns, At safepoint: 45000 ns, Total: 218700 ns
[2020-03-27T08:30:39.139+0000][1][safepoint    ] Safepoint "Cleanup", Time since last: 1001278102 ns, Reaching safepoint: 321900 ns, At safepoint: 176600 ns, Total: 498500 ns
[2020-03-27T08:30:40.142+0000][1][safepoint    ] Safepoint "Cleanup", Time since last: 1002422603 ns, Reaching safepoint: 416500 ns, At safepoint: 84800 ns, Total: 501300 ns
[2020-03-27T08:30:41.144+0000][1][safepoint    ] Safepoint "Cleanup", Time since last: 1001911302 ns, Reaching safepoint: 344500 ns, At safepoint: 83100 ns, Total: 427600 ns
[2020-03-27T08:30:42.147+0000][1][safepoint    ] Safepoint "Cleanup", Time since last: 1002174902 ns, Reaching safepoint: 320000 ns, At safepoint: 87800 ns, Total: 407800 ns
[2020-03-27T08:30:42.381+0000][1][safepoint    ] Safepoint "RevokeBias", Time since last: 233366300 ns, Reaching safepoint: 155600 ns, At safepoint: 16300 ns, Total: 171900 ns
[2020-03-27T08:30:43.382+0000][1][safepoint    ] Safepoint "Cleanup", Time since last: 1001115903 ns, Reaching safepoint: 319800 ns, At safepoint: 94600 ns, Total: 414400 ns
[2020-03-27T08:30:43.794+0000][1][safepoint    ] Safepoint "RevokeBias", Time since last: 411936701 ns, Reaching safepoint: 158000 ns, At safepoint: 31400 ns, Total: 189400 ns
[2020-03-27T08:30:43.795+0000][1][safepoint    ] Safepoint "RevokeBias", Time since last: 573700 ns, Reaching safepoint: 71300 ns, At safepoint: 28200 ns, Total: 99500 ns
[2020-03-27T08:30:43.796+0000][1][safepoint    ] Safepoint "RevokeBias", Time since last: 569400 ns, Reaching safepoint: 77000 ns, At safepoint: 20700 ns, Total: 97700 ns
[2020-03-27T08:30:43.796+0000][1][safepoint    ] Safepoint "RevokeBias", Time since last: 793800 ns, Reaching safepoint: 61200 ns, At safepoint: 11500 ns, Total: 72700 ns
[2020-03-27T08:30:43.798+0000][1][safepoint    ] Safepoint "RevokeBias", Time since last: 1027600 ns, Reaching safepoint: 91300 ns, At safepoint: 11600 ns, Total: 102900 ns
[2020-03-27T08:30:43.844+0000][1][safepoint    ] Safepoint "RevokeBias", Time since last: 46321900 ns, Reaching safepoint: 106500 ns, At safepoint: 15200 ns, Total: 121700 ns
[2020-03-27T08:30:43.919+0000][1][safepoint    ] Safepoint "BulkRevokeBias", Time since last: 73667000 ns, Reaching safepoint: 199600 ns, At safepoint: 777700 ns, Total: 977300 ns
[2020-03-27T08:30:43.967+0000][1][safepoint    ] Safepoint "RevokeBias", Time since last: 47501500 ns, Reaching safepoint: 258400 ns, At safepoint: 832100 ns, Total: 1090500 ns
[2020-03-27T08:30:43.990+0000][1][gc,start     ] GC(225) Pause Young (Allocation Failure)
[2020-03-27T08:30:43.991+0000][1][gc,task      ] GC(225) Using 2 workers of 2 for evacuation
[2020-03-27T08:30:44.031+0000][1][gc,age       ] GC(225) Desired survivor size 8716288 bytes, new threshold 6 (max threshold 6)
[2020-03-27T08:30:44.032+0000][1][gc,age       ] GC(225) Age table with threshold 6 (max threshold 6)
[2020-03-27T08:30:44.032+0000][1][gc,age       ] GC(225) - age   1:    2849200 bytes,    2849200 total
[2020-03-27T08:30:44.033+0000][1][gc,heap      ] GC(225) ParNew: 152980K->11778K(153344K)
[2020-03-27T08:30:44.033+0000][1][gc,heap      ] GC(225) CMS: 255675K->259372K(353920K)
[2020-03-27T08:30:44.033+0000][1][gc,metaspace ] GC(225) Metaspace: 98629K->98629K(1140736K)
[2020-03-27T08:30:44.034+0000][1][gc           ] GC(225) Pause Young (Allocation Failure) 399M->264M(495M) 43.474ms
[2020-03-27T08:30:44.034+0000][1][gc,cpu       ] GC(225) User=0.02s Sys=0.00s Real=0.04s
[2020-03-27T08:30:44.034+0000][1][safepoint    ] Safepoint "GenCollectForAllocation", Time since last: 22732900 ns, Reaching safepoint: 286300 ns, At safepoint: 44228100 ns, Total: 44514400 ns
[2020-03-27T08:30:44.045+0000][1][safepoint    ] Safepoint "RevokeBias", Time since last: 10235300 ns, Reaching safepoint: 128300 ns, At safepoint: 29000 ns, Total: 157300 ns
[2020-03-27T08:30:44.046+0000][1][safepoint    ] Safepoint "RevokeBias", Time since last: 845500 ns, Reaching safepoint: 74500 ns, At safepoint: 13700 ns, Total: 88200 ns
[2020-03-27T08:30:44.047+0000][1][safepoint    ] Safepoint "RevokeBias", Time since last: 1128900 ns, Reaching safepoint: 86400 ns, At safepoint: 22300 ns, Total: 108700 ns
[2020-03-27T08:30:44.048+0000][1][safepoint    ] Safepoint "RevokeBias", Time since last: 1171000 ns, Reaching safepoint: 164700 ns, At safepoint: 15300 ns, Total: 180000 ns
[2020-03-27T08:30:44.089+0000][1][safepoint    ] Safepoint "RevokeBias", Time since last: 40655900 ns, Reaching safepoint: 99700 ns, At safepoint: 25800 ns, Total: 125500 ns
[2020-03-27T08:30:44.154+0000][1][safepoint    ] Safepoint "RevokeBias", Time since last: 64694800 ns, Reaching safepoint: 162300 ns, At safepoint: 16300 ns, Total: 178600 ns
[2020-03-27T08:30:44.165+0000][1][safepoint    ] Safepoint "RevokeBias", Time since last: 10410400 ns, Reaching safepoint: 195100 ns, At safepoint: 34800 ns, Total: 229900 ns
[2020-03-27T08:30:44.167+0000][1][safepoint    ] Safepoint "RevokeBias", Time since last: 1987400 ns, Reaching safepoint: 126800 ns, At safepoint: 114900 ns, Total: 241700 ns
[2020-03-27T08:30:44.169+0000][1][safepoint    ] Safepoint "RevokeBias", Time since last: 1543100 ns, Reaching safepoint: 119700 ns, At safepoint: 15500 ns, Total: 135200 ns
[2020-03-27T08:30:44.170+0000][1][safepoint    ] Safepoint "RevokeBias", Time since last: 1126800 ns, Reaching safepoint: 81300 ns, At safepoint: 103800 ns, Total: 185100 ns
[2020-03-27T08:30:44.172+0000][1][safepoint    ] Safepoint "RevokeBias", Time since last: 2366600 ns, Reaching safepoint: 90400 ns, At safepoint: 75500 ns, Total: 165900 ns
[2020-03-27T08:30:44.174+0000][1][safepoint    ] Safepoint "RevokeBias", Time since last: 1144300 ns, Reaching safepoint: 85700 ns, At safepoint: 100200 ns, Total: 185900 ns
[2020-03-27T08:30:44.311+0000][1][safepoint    ] Safepoint "RevokeBias", Time since last: 137247401 ns, Reaching safepoint: 185300 ns, At safepoint: 35700 ns, Total: 221000 ns
[2020-03-27T08:30:44.315+0000][1][safepoint    ] Safepoint "RevokeBias", Time since last: 3061500 ns, Reaching safepoint: 201500 ns, At safepoint: 89200 ns, Total: 290700 ns
[2020-03-27T08:30:44.335+0000][1][safepoint    ] Safepoint "RevokeBias", Time since last: 20571700 ns, Reaching safepoint: 143700 ns, At safepoint: 16500 ns, Total: 160200 ns
[2020-03-27T08:30:45.336+0000][1][safepoint    ] Safepoint "Cleanup", Time since last: 1000663702 ns, Reaching safepoint: 321000 ns, At safepoint: 85800 ns, Total: 406800 ns
[2020-03-27T08:30:45.417+0000][1][safepoint    ] Safepoint "RevokeBias", Time since last: 79962600 ns, Reaching safepoint: 245400 ns, At safepoint: 30800 ns, Total: 276200 ns
[2020-03-27T08:30:45.417+0000][1][safepoint    ] Safepoint "RevokeBias", Time since last: 688300 ns, Reaching safepoint: 67700 ns, At safepoint: 14000 ns, Total: 81700 ns
[2020-03-27T08:30:45.419+0000][1][safepoint    ] Safepoint "RevokeBias", Time since last: 1583500 ns, Reaching safepoint: 71300 ns, At safepoint: 22200 ns, Total: 93500 ns
[2020-03-27T08:30:45.420+0000][1][safepoint    ] Safepoint "RevokeBias", Time since last: 1220500 ns, Reaching safepoint: 162200 ns, At safepoint: 19000 ns, Total: 181200 ns
[2020-03-27T08:30:45.467+0000][1][safepoint    ] Safepoint "RevokeBias", Time since last: 46622600 ns, Reaching safepoint: 100400 ns, At safepoint: 18800 ns, Total: 119200 ns
[2020-03-27T08:30:45.532+0000][1][safepoint    ] Safepoint "RevokeBias", Time since last: 64843500 ns, Reaching safepoint: 111800 ns, At safepoint: 16300 ns, Total: 128100 ns
[2020-03-27T08:30:45.533+0000][1][safepoint    ] Safepoint "RevokeBias", Time since last: 540000 ns, Reaching safepoint: 65500 ns, At safepoint: 28800 ns, Total: 94300 ns
[2020-03-27T08:30:45.633+0000][1][safepoint    ] Safepoint "RevokeBias", Time since last: 99540701 ns, Reaching safepoint: 102900 ns, At safepoint: 31700 ns, Total: 134600 ns
[2020-03-27T08:30:45.633+0000][1][safepoint    ] Safepoint "RevokeBias", Time since last: 290200 ns, Reaching safepoint: 81600 ns, At safepoint: 11900 ns, Total: 93500 ns
[2020-03-27T08:30:45.633+0000][1][safepoint    ] Safepoint "RevokeBias", Time since last: 300700 ns, Reaching safepoint: 54800 ns, At safepoint: 28700 ns, Total: 83500 ns
[2020-03-27T08:30:45.634+0000][1][safepoint    ] Safepoint "RevokeBias", Time since last: 275900 ns, Reaching safepoint: 66300 ns, At safepoint: 19300 ns, Total: 85600 ns
[2020-03-27T08:30:45.634+0000][1][safepoint    ] Safepoint "RevokeBias", Time since last: 294700 ns, Reaching safepoint: 66700 ns, At safepoint: 18600 ns, Total: 85300 ns
[2020-03-27T08:30:45.634+0000][1][safepoint    ] Safepoint "RevokeBias", Time since last: 251200 ns, Reaching safepoint: 48300 ns, At safepoint: 20100 ns, Total: 68400 ns
[2020-03-27T08:30:46.534+0000][1][safepoint    ] Safepoint "RevokeBias", Time since last: 898678101 ns, Reaching safepoint: 406101 ns, At safepoint: 176700 ns, Total: 582801 ns
[2020-03-27T08:30:46.537+0000][1][safepoint    ] Safepoint "RevokeBias", Time since last: 2678903 ns, Reaching safepoint: 332800 ns, At safepoint: 29800 ns, Total: 362600 ns
[2020-03-27T08:30:46.544+0000][1][safepoint    ] Safepoint "RevokeBias", Time since last: 6724108 ns, Reaching safepoint: 344500 ns, At safepoint: 83800 ns, Total: 428300 ns
[2020-03-27T08:30:46.548+0000][1][safepoint    ] Safepoint "RevokeBias", Time since last: 3941805 ns, Reaching safepoint: 273600 ns, At safepoint: 74700 ns, Total: 348300 ns
[2020-03-27T08:30:47.551+0000][1][safepoint    ] Safepoint "Cleanup", Time since last: 1002044938 ns, Reaching safepoint: 330401 ns, At safepoint: 105100 ns, Total: 435501 ns
[2020-03-27T08:30:48.146+0000][1][safepoint    ] Safepoint "RevokeBias", Time since last: 595381276 ns, Reaching safepoint: 91100 ns, At safepoint: 32100 ns, Total: 123200 ns
[2020-03-27T08:30:48.946+0000][1][gc,start     ] GC(226) Pause Young (Allocation Failure)
[2020-03-27T08:30:48.948+0000][1][gc,task      ] GC(226) Using 2 workers of 2 for evacuation
[2020-03-27T08:30:48.955+0000][1][gc,age       ] GC(226) Desired survivor size 8716288 bytes, new threshold 2 (max threshold 6)
[2020-03-27T08:30:48.955+0000][1][gc,age       ] GC(226) Age table with threshold 2 (max threshold 6)
[2020-03-27T08:30:48.956+0000][1][gc,age       ] GC(226) - age   1:    7845184 bytes,    7845184 total
[2020-03-27T08:30:48.957+0000][1][gc,age       ] GC(226) - age   2:    1086088 bytes,    8931272 total
[2020-03-27T08:30:48.958+0000][1][gc,heap      ] GC(226) ParNew: 147672K->9100K(153344K)
[2020-03-27T08:30:48.958+0000][1][gc,heap      ] GC(226) CMS: 259372K->259372K(353920K)
[2020-03-27T08:30:48.959+0000][1][gc,metaspace ] GC(226) Metaspace: 98639K->98639K(1140736K)
[2020-03-27T08:30:48.959+0000][1][gc           ] GC(226) Pause Young (Allocation Failure) 397M->262M(495M) 13.033ms
[2020-03-27T08:30:48.960+0000][1][gc,cpu       ] GC(226) User=0.01s Sys=0.00s Real=0.01s
[2020-03-27T08:30:48.961+0000][1][safepoint    ] Safepoint "GenCollectForAllocation", Time since last: 799956709 ns, Reaching safepoint: 258600 ns, At safepoint: 14359817 ns, Total: 14618417 ns
[2020-03-27T08:30:48.974+0000][1][safepoint    ] Safepoint "RevokeBias", Time since last: 13565915 ns, Reaching safepoint: 106900 ns, At safepoint: 29800 ns, Total: 136700 ns
[2020-03-27T08:30:48.975+0000][1][safepoint    ] Safepoint "RevokeBias", Time since last: 969201 ns, Reaching safepoint: 72100 ns, At safepoint: 22800 ns, Total: 94900 ns
[2020-03-27T08:30:48.976+0000][1][safepoint    ] Safepoint "RevokeBias", Time since last: 932701 ns, Reaching safepoint: 57101 ns, At safepoint: 21700 ns, Total: 78801 ns
[2020-03-27T08:30:48.978+0000][1][safepoint    ] Safepoint "RevokeBias", Time since last: 1163501 ns, Reaching safepoint: 56600 ns, At safepoint: 21300 ns, Total: 77900 ns
[2020-03-27T08:30:49.020+0000][1][safepoint    ] Safepoint "RevokeBias", Time since last: 41996548 ns, Reaching safepoint: 111700 ns, At safepoint: 17700 ns, Total: 129400 ns
[2020-03-27T08:30:49.046+0000][1][safepoint    ] Safepoint "BulkRevokeBias", Time since last: 26131030 ns, Reaching safepoint: 110000 ns, At safepoint: 401700 ns, Total: 511700 ns
[2020-03-27T08:30:50.048+0000][1][safepoint    ] Safepoint "Cleanup", Time since last: 1000697637 ns, Reaching safepoint: 319700 ns, At safepoint: 173200 ns, Total: 492900 ns
[2020-03-27T08:30:51.051+0000][1][safepoint    ] Safepoint "Cleanup", Time since last: 1002505739 ns, Reaching safepoint: 320300 ns, At safepoint: 182201 ns, Total: 502501 ns
[2020-03-27T08:30:52.053+0000][1][safepoint    ] Safepoint "Cleanup", Time since last: 1002210603 ns, Reaching safepoint: 319100 ns, At safepoint: 87400 ns, Total: 406500 ns
[2020-03-27T08:30:52.414+0000][1][safepoint    ] Safepoint "RevokeBias", Time since last: 360092404 ns, Reaching safepoint: 227700 ns, At safepoint: 21600 ns, Total: 249300 ns
[2020-03-27T08:30:53.165+0000][1][safepoint    ] Safepoint "RevokeBias", Time since last: 751238208 ns, Reaching safepoint: 124600 ns, At safepoint: 24700 ns, Total: 149300 ns
[2020-03-27T08:30:53.166+0000][1][safepoint    ] Safepoint "RevokeBias", Time since last: 882200 ns, Reaching safepoint: 81500 ns, At safepoint: 14000 ns, Total: 95500 ns
[2020-03-27T08:30:53.168+0000][1][safepoint    ] Safepoint "RevokeBias", Time since last: 1653500 ns, Reaching safepoint: 83900 ns, At safepoint: 12000 ns, Total: 95900 ns
[2020-03-27T08:30:53.169+0000][1][safepoint    ] Safepoint "RevokeBias", Time since last: 961500 ns, Reaching safepoint: 60400 ns, At safepoint: 20900 ns, Total: 81300 ns
[2020-03-27T08:30:53.209+0000][1][safepoint    ] Safepoint "RevokeBias", Time since last: 39689501 ns, Reaching safepoint: 132100 ns, At safepoint: 30700 ns, Total: 162800 ns
[2020-03-27T08:30:54.210+0000][1][safepoint    ] Safepoint "Cleanup", Time since last: 1000783899 ns, Reaching safepoint: 469000 ns, At safepoint: 83500 ns, Total: 552500 ns
[2020-03-27T08:30:55.212+0000][1][safepoint    ] Safepoint "Cleanup", Time since last: 1001688450 ns, Reaching safepoint: 317800 ns, At safepoint: 87000 ns, Total: 404800 ns
[2020-03-27T08:30:56.215+0000][1][safepoint    ] Safepoint "Cleanup", Time since last: 1002208150 ns, Reaching safepoint: 403000 ns, At safepoint: 84200 ns, Total: 487200 ns
[2020-03-27T08:30:57.217+0000][1][safepoint    ] Safepoint "Cleanup", Time since last: 1002148250 ns, Reaching safepoint: 316400 ns, At safepoint: 84000 ns, Total: 400400 ns
[2020-03-27T08:30:58.186+0000][1][safepoint    ] Safepoint "RevokeBias", Time since last: 968217251 ns, Reaching safepoint: 109500 ns, At safepoint: 30800 ns, Total: 140300 ns
[2020-03-27T08:30:59.092+0000][1][gc,start     ] GC(227) Pause Young (Allocation Failure)
[2020-03-27T08:30:59.092+0000][1][gc,task      ] GC(227) Using 2 workers of 2 for evacuation
[2020-03-27T08:30:59.103+0000][1][gc,age       ] GC(227) Desired survivor size 8716288 bytes, new threshold 1 (max threshold 6)
[2020-03-27T08:30:59.104+0000][1][gc,age       ] GC(227) Age table with threshold 1 (max threshold 6)
[2020-03-27T08:30:59.104+0000][1][gc,age       ] GC(227) - age   1:    9124168 bytes,    9124168 total
[2020-03-27T08:30:59.105+0000][1][gc,age       ] GC(227) - age   2:     295640 bytes,    9419808 total
[2020-03-27T08:30:59.106+0000][1][gc,heap      ] GC(227) ParNew: 145217K->14854K(153344K)
[2020-03-27T08:30:59.106+0000][1][gc,heap      ] GC(227) CMS: 259372K->260108K(353920K)
[2020-03-27T08:30:59.106+0000][1][gc,metaspace ] GC(227) Metaspace: 98644K->98644K(1140736K)
[2020-03-27T08:30:59.107+0000][1][gc           ] GC(227) Pause Young (Allocation Failure) 395M->268M(495M) 15.182ms
[2020-03-27T08:30:59.108+0000][1][gc,cpu       ] GC(227) User=0.01s Sys=0.00s Real=0.02s
[2020-03-27T08:30:59.108+0000][1][safepoint    ] Safepoint "GenCollectForAllocation", Time since last: 905998855 ns, Reaching safepoint: 164900 ns, At safepoint: 16333899 ns, Total: 16498799 ns
[2020-03-27T08:30:59.143+0000][1][safepoint    ] Safepoint "RevokeBias", Time since last: 34465199 ns, Reaching safepoint: 139500 ns, At safepoint: 73900 ns, Total: 213400 ns
[2020-03-27T08:30:59.144+0000][1][safepoint    ] Safepoint "RevokeBias", Time since last: 1068199 ns, Reaching safepoint: 96900 ns, At safepoint: 47500 ns, Total: 144400 ns
[2020-03-27T08:30:59.147+0000][1][safepoint    ] Safepoint "RevokeBias", Time since last: 3015500 ns, Reaching safepoint: 103300 ns, At safepoint: 23900 ns, Total: 127200 ns
[2020-03-27T08:30:59.148+0000][1][safepoint    ] Safepoint "RevokeBias", Time since last: 629000 ns, Reaching safepoint: 76200 ns, At safepoint: 24000 ns, Total: 100200 ns
[2020-03-27T08:30:59.189+0000][1][safepoint    ] Safepoint "RevokeBias", Time since last: 41453098 ns, Reaching safepoint: 117800 ns, At safepoint: 17600 ns, Total: 135400 ns
[2020-03-27T08:31:00.191+0000][1][safepoint    ] Safepoint "Cleanup", Time since last: 1000711250 ns, Reaching safepoint: 425500 ns, At safepoint: 84500 ns, Total: 510000 ns
[2020-03-27T08:31:01.193+0000][1][safepoint    ] Safepoint "Cleanup", Time since last: 1002255350 ns, Reaching safepoint: 318000 ns, At safepoint: 88800 ns, Total: 406800 ns
[2020-03-27T08:31:02.196+0000][1][safepoint    ] Safepoint "Cleanup", Time since last: 1002281618 ns, Reaching safepoint: 362099 ns, At safepoint: 24000 ns, Total: 386099 ns
[2020-03-27T08:31:02.423+0000][1][safepoint    ] Safepoint "RevokeBias", Time since last: 226247342 ns, Reaching safepoint: 912800 ns, At safepoint: 33900 ns, Total: 946700 ns
[2020-03-27T08:31:03.285+0000][1][safepoint    ] Safepoint "RevokeBias", Time since last: 861767879 ns, Reaching safepoint: 122200 ns, At safepoint: 20000 ns, Total: 142200 ns
[2020-03-27T08:31:03.286+0000][1][safepoint    ] Safepoint "RevokeBias", Time since last: 820600 ns, Reaching safepoint: 67600 ns, At safepoint: 22500 ns, Total: 90100 ns
[2020-03-27T08:31:03.288+0000][1][safepoint    ] Safepoint "RevokeBias", Time since last: 1527600 ns, Reaching safepoint: 77900 ns, At safepoint: 21900 ns, Total: 99800 ns
[2020-03-27T08:31:03.289+0000][1][safepoint    ] Safepoint "RevokeBias", Time since last: 963499 ns, Reaching safepoint: 61100 ns, At safepoint: 11500 ns, Total: 72600 ns
[2020-03-27T08:31:03.329+0000][1][safepoint    ] Safepoint "RevokeBias", Time since last: 40508790 ns, Reaching safepoint: 96900 ns, At safepoint: 17600 ns, Total: 114500 ns
[2020-03-27T08:31:04.331+0000][1][safepoint    ] Safepoint "Cleanup", Time since last: 1000962543 ns, Reaching safepoint: 410700 ns, At safepoint: 84200 ns, Total: 494900 ns
[2020-03-27T08:31:05.334+0000][1][safepoint    ] Safepoint "Cleanup", Time since last: 1002312443 ns, Reaching safepoint: 319900 ns, At safepoint: 185000 ns, Total: 504900 ns
[2020-03-27T08:31:06.337+0000][1][safepoint    ] Safepoint "Cleanup", Time since last: 1002823243 ns, Reaching safepoint: 174200 ns, At safepoint: 28300 ns, Total: 202500 ns
[2020-03-27T08:31:07.338+0000][1][safepoint    ] Safepoint "Cleanup", Time since last: 1000938543 ns, Reaching safepoint: 367200 ns, At safepoint: 26500 ns, Total: 393700 ns
[2020-03-27T08:31:08.150+0000][1][safepoint    ] Safepoint "RevokeBias", Time since last: 811875492 ns, Reaching safepoint: 177700 ns, At safepoint: 26100 ns, Total: 203800 ns
[2020-03-27T08:31:08.255+0000][1][gc,start     ] GC(228) Pause Young (Allocation Failure)
[2020-03-27T08:31:08.255+0000][1][gc,task      ] GC(228) Using 2 workers of 2 for evacuation
[2020-03-27T08:31:08.268+0000][1][gc,age       ] GC(228) Desired survivor size 8716288 bytes, new threshold 6 (max threshold 6)
[2020-03-27T08:31:08.269+0000][1][gc,age       ] GC(228) Age table with threshold 6 (max threshold 6)
[2020-03-27T08:31:08.270+0000][1][gc,age       ] GC(228) - age   1:    7963352 bytes,    7963352 total
[2020-03-27T08:31:08.270+0000][1][gc,heap      ] GC(228) ParNew: 151174K->13098K(153344K)
[2020-03-27T08:31:08.271+0000][1][gc,heap      ] GC(228) CMS: 260108K->260983K(353920K)
[2020-03-27T08:31:08.271+0000][1][gc,metaspace ] GC(228) Metaspace: 98645K->98645K(1140736K)
[2020-03-27T08:31:08.271+0000][1][gc           ] GC(228) Pause Young (Allocation Failure) 401M->267M(495M) 16.532ms
[2020-03-27T08:31:08.272+0000][1][gc,cpu       ] GC(228) User=0.01s Sys=0.00s Real=0.02s
[2020-03-27T08:31:08.272+0000][1][safepoint    ] Safepoint "GenCollectForAllocation", Time since last: 104387673 ns, Reaching safepoint: 224300 ns, At safepoint: 17601195 ns, Total: 17825495 ns
[2020-03-27T08:31:08.285+0000][1][safepoint    ] Safepoint "RevokeBias", Time since last: 12470897 ns, Reaching safepoint: 264500 ns, At safepoint: 30600 ns, Total: 295100 ns
[2020-03-27T08:31:08.286+0000][1][safepoint    ] Safepoint "BulkRevokeBias", Time since last: 913300 ns, Reaching safepoint: 87300 ns, At safepoint: 392100 ns, Total: 479400 ns
[2020-03-27T08:31:08.288+0000][1][safepoint    ] Safepoint "RevokeBias", Time since last: 1124699 ns, Reaching safepoint: 82500 ns, At safepoint: 21500 ns, Total: 104000 ns
[2020-03-27T08:31:08.289+0000][1][safepoint    ] Safepoint "BulkRevokeBias", Time since last: 547400 ns, Reaching safepoint: 57800 ns, At safepoint: 534800 ns, Total: 592600 ns
[2020-03-27T08:31:08.335+0000][1][safepoint    ] Safepoint "RevokeBias", Time since last: 45764488 ns, Reaching safepoint: 257100 ns, At safepoint: 31300 ns, Total: 288400 ns
[2020-03-27T08:31:09.336+0000][1][safepoint    ] Safepoint "Cleanup", Time since last: 1000723944 ns, Reaching safepoint: 323800 ns, At safepoint: 88600 ns, Total: 412400 ns
[2020-03-27T08:31:10.338+0000][1][safepoint    ] Safepoint "Cleanup", Time since last: 1002304983 ns, Reaching safepoint: 104400 ns, At safepoint: 24900 ns, Total: 129300 ns
[2020-03-27T08:31:11.340+0000][1][safepoint    ] Safepoint "Cleanup", Time since last: 1001154287 ns, Reaching safepoint: 144800 ns, At safepoint: 22700 ns, Total: 167500 ns
[2020-03-27T08:31:12.341+0000][1][safepoint    ] Safepoint "Cleanup", Time since last: 1000851986 ns, Reaching safepoint: 119600 ns, At safepoint: 7300 ns, Total: 126900 ns
[2020-03-27T08:31:12.422+0000][1][safepoint    ] Safepoint "RevokeBias", Time since last: 80916991 ns, Reaching safepoint: 356700 ns, At safepoint: 301700 ns, Total: 658400 ns
[2020-03-27T08:31:13.415+0000][1][safepoint    ] Safepoint "RevokeBias", Time since last: 992693987 ns, Reaching safepoint: 96800 ns, At safepoint: 16700 ns, Total: 113500 ns
[2020-03-27T08:31:13.416+0000][1][safepoint    ] Safepoint "RevokeBias", Time since last: 712900 ns, Reaching safepoint: 81200 ns, At safepoint: 59700 ns, Total: 140900 ns
[2020-03-27T08:31:13.417+0000][1][safepoint    ] Safepoint "RevokeBias", Time since last: 1381000 ns, Reaching safepoint: 81300 ns, At safepoint: 21100 ns, Total: 102400 ns
[2020-03-27T08:31:13.418+0000][1][safepoint    ] Safepoint "RevokeBias", Time since last: 995200 ns, Reaching safepoint: 58000 ns, At safepoint: 18500 ns, Total: 76500 ns
[2020-03-27T08:31:13.460+0000][1][safepoint    ] Safepoint "RevokeBias", Time since last: 40931295 ns, Reaching safepoint: 172700 ns, At safepoint: 29400 ns, Total: 202100 ns
[2020-03-27T08:31:14.461+0000][1][safepoint    ] Safepoint "Cleanup", Time since last: 1000789187 ns, Reaching safepoint: 126100 ns, At safepoint: 20200 ns, Total: 146300 ns
[2020-03-27T08:31:15.462+0000][1][safepoint    ] Safepoint "Cleanup", Time since last: 1000883786 ns, Reaching safepoint: 402600 ns, At safepoint: 86400 ns, Total: 489000 ns
[2020-03-27T08:31:16.465+0000][1][safepoint    ] Safepoint "Cleanup", Time since last: 1002259587 ns, Reaching safepoint: 426800 ns, At safepoint: 82800 ns, Total: 509600 ns
[2020-03-27T08:31:17.467+0000][1][safepoint    ] Safepoint "Cleanup", Time since last: 1001877486 ns, Reaching safepoint: 116400 ns, At safepoint: 26100 ns, Total: 142500 ns
[2020-03-27T08:31:18.133+0000][1][safepoint    ] Safepoint "BulkRevokeBias", Time since last: 666122920 ns, Reaching safepoint: 91700 ns, At safepoint: 390500 ns, Total: 482200 ns
[2020-03-27T08:31:19.135+0000][1][safepoint    ] Safepoint "Cleanup", Time since last: 1001272401 ns, Reaching safepoint: 316900 ns, At safepoint: 88400 ns, Total: 405300 ns
[2020-03-27T08:31:20.138+0000][1][safepoint    ] Safepoint "Cleanup", Time since last: 1002111201 ns, Reaching safepoint: 415300 ns, At safepoint: 82300 ns, Total: 497600 ns
[2020-03-27T08:31:21.140+0000][1][safepoint    ] Safepoint "Cleanup", Time since last: 1001990301 ns, Reaching safepoint: 416400 ns, At safepoint: 75000 ns, Total: 491400 ns
[2020-03-27T08:31:22.142+0000][1][safepoint    ] Safepoint "Cleanup", Time since last: 1001881501 ns, Reaching safepoint: 320500 ns, At safepoint: 87100 ns, Total: 407600 ns
[2020-03-27T08:31:22.438+0000][1][gc,start     ] GC(229) Pause Young (Allocation Failure)
[2020-03-27T08:31:22.438+0000][1][gc,task      ] GC(229) Using 2 workers of 2 for evacuation
[2020-03-27T08:31:22.444+0000][1][gc,age       ] GC(229) Desired survivor size 8716288 bytes, new threshold 1 (max threshold 6)
[2020-03-27T08:31:22.445+0000][1][gc,age       ] GC(229) Age table with threshold 1 (max threshold 6)
[2020-03-27T08:31:22.445+0000][1][gc,age       ] GC(229) - age   1:   14293128 bytes,   14293128 total
[2020-03-27T08:31:22.446+0000][1][gc,age       ] GC(229) - age   2:     565168 bytes,   14858296 total
[2020-03-27T08:31:22.447+0000][1][gc,heap      ] GC(229) ParNew: 149418K->17024K(153344K)
[2020-03-27T08:31:22.447+0000][1][gc,heap      ] GC(229) CMS: 260983K->260983K(353920K)
[2020-03-27T08:31:22.448+0000][1][gc,metaspace ] GC(229) Metaspace: 98645K->98645K(1140736K)
[2020-03-27T08:31:22.449+0000][1][gc           ] GC(229) Pause Young (Allocation Failure) 400M->271M(495M) 10.826ms
[2020-03-27T08:31:22.449+0000][1][gc,cpu       ] GC(229) User=0.01s Sys=0.00s Real=0.01s
[2020-03-27T08:31:22.450+0000][1][safepoint    ] Safepoint "GenCollectForAllocation", Time since last: 294561242 ns, Reaching safepoint: 718100 ns, At safepoint: 11903397 ns, Total: 12621497 ns
[2020-03-27T08:31:22.453+0000][1][safepoint    ] Safepoint "RevokeBias", Time since last: 3471800 ns, Reaching safepoint: 118900 ns, At safepoint: 23100 ns, Total: 142000 ns
[2020-03-27T08:31:23.455+0000][1][safepoint    ] Safepoint "Cleanup", Time since last: 1000876801 ns, Reaching safepoint: 317400 ns, At safepoint: 233100 ns, Total: 550500 ns
[2020-03-27T08:31:24.457+0000][1][safepoint    ] Safepoint "Cleanup", Time since last: 1001941301 ns, Reaching safepoint: 113300 ns, At safepoint: 14800 ns, Total: 128100 ns
[2020-03-27T08:31:25.474+0000][1][safepoint    ] Safepoint "Cleanup", Time since last: 1017188098 ns, Reaching safepoint: 457500 ns, At safepoint: 84000 ns, Total: 541500 ns
[2020-03-27T08:31:26.478+0000][1][safepoint    ] Safepoint "Cleanup", Time since last: 1002705157 ns, Reaching safepoint: 318400 ns, At safepoint: 178900 ns, Total: 497300 ns
[2020-03-27T08:31:27.481+0000][1][safepoint    ] Safepoint "Cleanup", Time since last: 1002559556 ns, Reaching safepoint: 405200 ns, At safepoint: 84200 ns, Total: 489400 ns
[2020-03-27T08:31:28.230+0000][1][safepoint    ] Safepoint "RevokeBias", Time since last: 748882768 ns, Reaching safepoint: 92600 ns, At safepoint: 42500 ns, Total: 135100 ns
[2020-03-27T08:31:29.231+0000][1][safepoint    ] Safepoint "Cleanup", Time since last: 1000768456 ns, Reaching safepoint: 120800 ns, At safepoint: 17500 ns, Total: 138300 ns
[2020-03-27T08:31:30.232+0000][1][safepoint    ] Safepoint "Cleanup", Time since last: 1000720356 ns, Reaching safepoint: 409400 ns, At safepoint: 86300 ns, Total: 495700 ns
[2020-03-27T08:31:31.235+0000][1][safepoint    ] Safepoint "Cleanup", Time since last: 1002384956 ns, Reaching safepoint: 414400 ns, At safepoint: 84200 ns, Total: 498600 ns
[2020-03-27T08:31:32.237+0000][1][safepoint    ] Safepoint "Cleanup", Time since last: 1002094857 ns, Reaching safepoint: 320599 ns, At safepoint: 87500 ns, Total: 408099 ns
[2020-03-27T08:31:32.438+0000][1][safepoint    ] Safepoint "RevokeBias", Time since last: 200023992 ns, Reaching safepoint: 922800 ns, At safepoint: 221300 ns, Total: 1144100 ns
[2020-03-27T08:31:33.439+0000][1][safepoint    ] Safepoint "Cleanup", Time since last: 1000870756 ns, Reaching safepoint: 101100 ns, At safepoint: 19000 ns, Total: 120100 ns
[2020-03-27T08:31:34.440+0000][1][safepoint    ] Safepoint "Cleanup", Time since last: 1000840066 ns, Reaching safepoint: 91600 ns, At safepoint: 15300 ns, Total: 106900 ns
[2020-03-27T08:31:35.441+0000][1][safepoint    ] Safepoint "Cleanup", Time since last: 1000745986 ns, Reaching safepoint: 142200 ns, At safepoint: 15200 ns, Total: 157400 ns
[2020-03-27T08:31:36.442+0000][1][safepoint    ] Safepoint "Cleanup", Time since last: 1000703487 ns, Reaching safepoint: 115400 ns, At safepoint: 34500 ns, Total: 149900 ns
[2020-03-27T08:31:37.443+0000][1][safepoint    ] Safepoint "Cleanup", Time since last: 1000581387 ns, Reaching safepoint: 314100 ns, At safepoint: 98200 ns, Total: 412300 ns
[2020-03-27T08:31:38.149+0000][1][safepoint    ] Safepoint "RevokeBias", Time since last: 705321691 ns, Reaching safepoint: 108300 ns, At safepoint: 45000 ns, Total: 153300 ns
[2020-03-27T08:31:39.150+0000][1][safepoint    ] Safepoint "Cleanup", Time since last: 1001139787 ns, Reaching safepoint: 363700 ns, At safepoint: 30100 ns, Total: 393800 ns
[2020-03-27T08:31:40.153+0000][1][safepoint    ] Safepoint "Cleanup", Time since last: 1002123287 ns, Reaching safepoint: 384800 ns, At safepoint: 23200 ns, Total: 408000 ns
[2020-03-27T08:31:41.155+0000][1][safepoint    ] Safepoint "Cleanup", Time since last: 1002167786 ns, Reaching safepoint: 324100 ns, At safepoint: 87600 ns, Total: 411700 ns
[2020-03-27T08:31:42.158+0000][1][safepoint    ] Safepoint "Cleanup", Time since last: 1002236990 ns, Reaching safepoint: 480500 ns, At safepoint: 81200 ns, Total: 561700 ns
[2020-03-27T08:31:42.433+0000][1][safepoint    ] Safepoint "RevokeBias", Time since last: 275101075 ns, Reaching safepoint: 282500 ns, At safepoint: 52200 ns, Total: 334700 ns
[2020-03-27T08:31:43.264+0000][1][safepoint    ] Safepoint "RevokeBias", Time since last: 830290927 ns, Reaching safepoint: 329800 ns, At safepoint: 86000 ns, Total: 415800 ns
[2020-03-27T08:31:43.458+0000][1][safepoint    ] Safepoint "RevokeBias", Time since last: 193374753 ns, Reaching safepoint: 132400 ns, At safepoint: 31600 ns, Total: 164000 ns
[2020-03-27T08:31:43.458+0000][1][safepoint    ] Safepoint "RevokeBias", Time since last: 659300 ns, Reaching safepoint: 68900 ns, At safepoint: 14000 ns, Total: 82900 ns
[2020-03-27T08:31:43.460+0000][1][safepoint    ] Safepoint "RevokeBias", Time since last: 1388500 ns, Reaching safepoint: 80300 ns, At safepoint: 24300 ns, Total: 104600 ns
[2020-03-27T08:31:43.461+0000][1][safepoint    ] Safepoint "RevokeBias", Time since last: 1405201 ns, Reaching safepoint: 69200 ns, At safepoint: 22900 ns, Total: 92100 ns
[2020-03-27T08:31:43.462+0000][1][safepoint    ] Safepoint "RevokeBias", Time since last: 542600 ns, Reaching safepoint: 76800 ns, At safepoint: 20000 ns, Total: 96800 ns
[2020-03-27T08:31:43.469+0000][1][gc,start     ] GC(230) Pause Young (Allocation Failure)
[2020-03-27T08:31:43.469+0000][1][gc,task      ] GC(230) Using 2 workers of 2 for evacuation
[2020-03-27T08:31:43.535+0000][1][gc,age       ] GC(230) Desired survivor size 8716288 bytes, new threshold 6 (max threshold 6)
[2020-03-27T08:31:43.535+0000][1][gc,age       ] GC(230) Age table with threshold 6 (max threshold 6)
[2020-03-27T08:31:43.536+0000][1][gc,age       ] GC(230) - age   1:    1276080 bytes,    1276080 total
[2020-03-27T08:31:43.536+0000][1][gc,heap      ] GC(230) ParNew: 153344K->12154K(153344K)
[2020-03-27T08:31:43.537+0000][1][gc,heap      ] GC(230) CMS: 260983K->266893K(353920K)
[2020-03-27T08:31:43.537+0000][1][gc,metaspace ] GC(230) Metaspace: 98645K->98645K(1140736K)
[2020-03-27T08:31:43.538+0000][1][gc           ] GC(230) Pause Young (Allocation Failure) 404M->272M(495M) 68.818ms
[2020-03-27T08:31:43.538+0000][1][gc,cpu       ] GC(230) User=0.02s Sys=0.01s Real=0.07s
[2020-03-27T08:31:43.539+0000][1][safepoint    ] Safepoint "GenCollectForAllocation", Time since last: 6923302 ns, Reaching safepoint: 110800 ns, At safepoint: 69673319 ns, Total: 69784119 ns
[2020-03-27T08:31:43.540+0000][1][gc,start     ] GC(231) Pause Initial Mark
[2020-03-27T08:31:43.542+0000][1][gc           ] GC(231) Pause Initial Mark 273M->273M(495M) 2.087ms
[2020-03-27T08:31:43.542+0000][1][gc,cpu       ] GC(231) User=0.00s Sys=0.00s Real=0.00s
[2020-03-27T08:31:43.543+0000][1][safepoint    ] Safepoint "CMS_Initial_Mark", Time since last: 1094900 ns, Reaching safepoint: 102400 ns, At safepoint: 2849301 ns, Total: 2951701 ns
[2020-03-27T08:31:43.543+0000][1][gc           ] GC(231) Concurrent Mark
[2020-03-27T08:31:43.578+0000][1][safepoint    ] Safepoint "BulkRevokeBias", Time since last: 35024709 ns, Reaching safepoint: 150000 ns, At safepoint: 462501 ns, Total: 612501 ns
[2020-03-27T08:31:43.664+0000][1][safepoint    ] Safepoint "RevokeBias", Time since last: 84962223 ns, Reaching safepoint: 785800 ns, At safepoint: 178300 ns, Total: 964100 ns
[2020-03-27T08:31:43.675+0000][1][safepoint    ] Safepoint "RevokeBias", Time since last: 10346203 ns, Reaching safepoint: 396500 ns, At safepoint: 91200 ns, Total: 487700 ns
[2020-03-27T08:31:43.700+0000][1][safepoint    ] Safepoint "RevokeBias", Time since last: 24148707 ns, Reaching safepoint: 559800 ns, At safepoint: 38400 ns, Total: 598200 ns
[2020-03-27T08:31:43.701+0000][1][safepoint    ] Safepoint "RevokeBias", Time since last: 605000 ns, Reaching safepoint: 220700 ns, At safepoint: 52400 ns, Total: 273100 ns
[2020-03-27T08:31:43.704+0000][1][safepoint    ] Safepoint "RevokeBias", Time since last: 2358801 ns, Reaching safepoint: 363300 ns, At safepoint: 135400 ns, Total: 498700 ns
[2020-03-27T08:31:43.706+0000][1][safepoint    ] Safepoint "RevokeBias", Time since last: 1153000 ns, Reaching safepoint: 1075900 ns, At safepoint: 147100 ns, Total: 1223000 ns
[2020-03-27T08:31:43.759+0000][1][gc           ] GC(231) Concurrent Mark 215.789ms
[2020-03-27T08:31:43.759+0000][1][gc,cpu       ] GC(231) User=0.13s Sys=0.02s Real=0.22s
[2020-03-27T08:31:43.760+0000][1][gc           ] GC(231) Concurrent Preclean
[2020-03-27T08:31:43.762+0000][1][gc           ] GC(231) Concurrent Preclean 2.201ms
[2020-03-27T08:31:43.762+0000][1][gc,cpu       ] GC(231) User=0.00s Sys=0.00s Real=0.00s
[2020-03-27T08:31:43.763+0000][1][gc           ] GC(231) Concurrent Abortable Preclean
[2020-03-27T08:31:43.819+0000][1][safepoint    ] Safepoint "RevokeBias", Time since last: 112578631 ns, Reaching safepoint: 146000 ns, At safepoint: 124800 ns, Total: 270800 ns
[2020-03-27T08:31:43.823+0000][1][safepoint    ] Safepoint "RevokeBias", Time since last: 3931901 ns, Reaching safepoint: 130800 ns, At safepoint: 128100 ns, Total: 258900 ns
[2020-03-27T08:31:43.826+0000][1][safepoint    ] Safepoint "RevokeBias", Time since last: 2354101 ns, Reaching safepoint: 147000 ns, At safepoint: 86600 ns, Total: 233600 ns
[2020-03-27T08:31:43.827+0000][1][safepoint    ] Safepoint "RevokeBias", Time since last: 714400 ns, Reaching safepoint: 131100 ns, At safepoint: 127300 ns, Total: 258400 ns
[2020-03-27T08:31:43.970+0000][1][safepoint    ] Safepoint "RevokeBias", Time since last: 142786239 ns, Reaching safepoint: 145200 ns, At safepoint: 98400 ns, Total: 243600 ns
[2020-03-27T08:31:44.006+0000][1][safepoint    ] Safepoint "RevokeBias", Time since last: 35775710 ns, Reaching safepoint: 202400 ns, At safepoint: 29000 ns, Total: 231400 ns
[2020-03-27T08:31:45.009+0000][1][safepoint    ] Safepoint "Cleanup", Time since last: 1002603674 ns, Reaching safepoint: 317600 ns, At safepoint: 67500 ns, Total: 385100 ns
[2020-03-27T08:31:45.037+0000][1][safepoint    ] Safepoint "RevokeBias", Time since last: 27909508 ns, Reaching safepoint: 138500 ns, At safepoint: 25500 ns, Total: 164000 ns
[2020-03-27T08:31:45.039+0000][1][safepoint    ] Safepoint "RevokeBias", Time since last: 2205300 ns, Reaching safepoint: 91800 ns, At safepoint: 13400 ns, Total: 105200 ns
[2020-03-27T08:31:45.042+0000][1][safepoint    ] Safepoint "RevokeBias", Time since last: 2681401 ns, Reaching safepoint: 90500 ns, At safepoint: 22900 ns, Total: 113400 ns
[2020-03-27T08:31:45.043+0000][1][safepoint    ] Safepoint "RevokeBias", Time since last: 751100 ns, Reaching safepoint: 94300 ns, At safepoint: 12100 ns, Total: 106400 ns
[2020-03-27T08:31:45.088+0000][1][safepoint    ] Safepoint "RevokeBias", Time since last: 45304713 ns, Reaching safepoint: 137300 ns, At safepoint: 18900 ns, Total: 156200 ns
[2020-03-27T08:31:46.091+0000][1][safepoint    ] Safepoint "Cleanup", Time since last: 1002445074 ns, Reaching safepoint: 332200 ns, At safepoint: 34000 ns, Total: 366200 ns
[2020-03-27T08:31:47.094+0000][1][safepoint    ] Safepoint "Cleanup", Time since last: 1002158473 ns, Reaching safepoint: 623100 ns, At safepoint: 85901 ns, Total: 709001 ns
[2020-03-27T08:31:48.096+0000][1][safepoint    ] Safepoint "Cleanup", Time since last: 1001788673 ns, Reaching safepoint: 317300 ns, At safepoint: 85100 ns, Total: 402400 ns
[2020-03-27T08:31:48.162+0000][1][safepoint    ] Safepoint "RevokeBias", Time since last: 65862518 ns, Reaching safepoint: 94800 ns, At safepoint: 24200 ns, Total: 119000 ns
[2020-03-27T08:31:48.175+0000][1][gc,start     ] GC(232) Pause Young (Allocation Failure)
[2020-03-27T08:31:48.176+0000][1][gc,task      ] GC(232) Using 2 workers of 2 for evacuation
[2020-03-27T08:31:48.184+0000][1][gc,age       ] GC(232) Desired survivor size 8716288 bytes, new threshold 1 (max threshold 6)
[2020-03-27T08:31:48.185+0000][1][gc,age       ] GC(232) Age table with threshold 1 (max threshold 6)
[2020-03-27T08:31:48.188+0000][1][gc,age       ] GC(232) - age   1:   10638432 bytes,   10638432 total
[2020-03-27T08:31:48.189+0000][1][gc,age       ] GC(232) - age   2:     190048 bytes,   10828480 total
[2020-03-27T08:31:48.189+0000][1][gc,heap      ] GC(232) ParNew: 148474K->11452K(153344K)
[2020-03-27T08:31:48.190+0000][1][gc,heap      ] GC(232) CMS: 266893K->266893K(353920K)
[2020-03-27T08:31:48.190+0000][1][gc,metaspace ] GC(232) Metaspace: 98657K->98657K(1140736K)
[2020-03-27T08:31:48.190+0000][1][gc           ] GC(232) Pause Young (Allocation Failure) 405M->271M(495M) 15.100ms
[2020-03-27T08:31:48.191+0000][1][gc,cpu       ] GC(232) User=0.01s Sys=0.00s Real=0.02s
[2020-03-27T08:31:48.191+0000][1][safepoint    ] Safepoint "GenCollectForAllocation", Time since last: 13090204 ns, Reaching safepoint: 231700 ns, At safepoint: 15931004 ns, Total: 16162704 ns
[2020-03-27T08:31:48.687+0000][1][safepoint    ] Safepoint "RevokeBias", Time since last: 495070535 ns, Reaching safepoint: 245600 ns, At safepoint: 25400 ns, Total: 271000 ns
[2020-03-27T08:31:48.688+0000][1][safepoint    ] Safepoint "RevokeBias", Time since last: 1217201 ns, Reaching safepoint: 94200 ns, At safepoint: 22300 ns, Total: 116500 ns
[2020-03-27T08:31:48.689+0000][1][safepoint    ] Safepoint "RevokeBias", Time since last: 822400 ns, Reaching safepoint: 81400 ns, At safepoint: 20700 ns, Total: 102100 ns
[2020-03-27T08:31:48.690+0000][1][safepoint    ] Safepoint "RevokeBias", Time since last: 854100 ns, Reaching safepoint: 138000 ns, At safepoint: 13500 ns, Total: 151500 ns
[2020-03-27T08:31:48.734+0000][1][safepoint    ] Safepoint "RevokeBias", Time since last: 44311112 ns, Reaching safepoint: 115800 ns, At safepoint: 36300 ns, Total: 152100 ns
[2020-03-27T08:31:48.850+0000][1][gc           ] GC(231) Concurrent Abortable Preclean 5087.799ms
[2020-03-27T08:31:48.851+0000][1][gc,cpu       ] GC(231) User=0.62s Sys=0.03s Real=5.09s
[2020-03-27T08:31:48.852+0000][1][gc,start     ] GC(231) Pause Remark
[2020-03-27T08:31:49.354+0000][1][gc           ] GC(231) Pause Remark 320M->320M(495M) 502.077ms
[2020-03-27T08:31:49.354+0000][1][gc,cpu       ] GC(231) User=0.10s Sys=0.05s Real=0.50s
[2020-03-27T08:31:49.355+0000][1][safepoint    ] Safepoint "CMS_Final_Remark", Time since last: 117066032 ns, Reaching safepoint: 145000 ns, At safepoint: 503137738 ns, Total: 503282738 ns
[2020-03-27T08:31:49.355+0000][1][gc           ] GC(231) Concurrent Sweep
[2020-03-27T08:31:49.425+0000][1][gc           ] GC(231) Concurrent Sweep 70.017ms
[2020-03-27T08:31:49.426+0000][1][gc,cpu       ] GC(231) User=0.08s Sys=0.00s Real=0.08s
[2020-03-27T08:31:49.427+0000][1][gc           ] GC(231) Concurrent Reset
[2020-03-27T08:31:49.428+0000][1][gc           ] GC(231) Concurrent Reset 1.024ms
[2020-03-27T08:31:49.428+0000][1][gc,cpu       ] GC(231) User=0.00s Sys=0.00s Real=0.00s
[2020-03-27T08:31:49.429+0000][1][gc,heap      ] GC(231) Old: 266893K->84567K(353920K)
[2020-03-27T08:31:50.366+0000][1][safepoint    ] Safepoint "Cleanup", Time since last: 1008001428 ns, Reaching safepoint: 3552701 ns, At safepoint: 143400 ns, Total: 3696101 ns
[2020-03-27T08:31:51.369+0000][1][safepoint    ] Safepoint "Cleanup", Time since last: 1002195037 ns, Reaching safepoint: 168200 ns, At safepoint: 38000 ns, Total: 206200 ns
[2020-03-27T08:31:52.370+0000][1][safepoint    ] Safepoint "Cleanup", Time since last: 1001296738 ns, Reaching safepoint: 317600 ns, At safepoint: 84700 ns, Total: 402300 ns
[2020-03-27T08:31:52.448+0000][1][safepoint    ] Safepoint "ICBufferFull", Time since last: 77463603 ns, Reaching safepoint: 210700 ns, At safepoint: 8700 ns, Total: 219400 ns
[2020-03-27T08:31:52.450+0000][1][safepoint    ] Safepoint "RevokeBias", Time since last: 1256100 ns, Reaching safepoint: 94700 ns, At safepoint: 26600 ns, Total: 121300 ns
[2020-03-27T08:31:52.869+0000][1][safepoint    ] Safepoint "RevokeBias", Time since last: 419618915 ns, Reaching safepoint: 152300 ns, At safepoint: 37600 ns, Total: 189900 ns
[2020-03-27T08:31:52.870+0000][1][safepoint    ] Safepoint "RevokeBias", Time since last: 713400 ns, Reaching safepoint: 75200 ns, At safepoint: 22400 ns, Total: 97600 ns
[2020-03-27T08:31:52.872+0000][1][safepoint    ] Safepoint "RevokeBias", Time since last: 1327301 ns, Reaching safepoint: 91200 ns, At safepoint: 28200 ns, Total: 119400 ns
[2020-03-27T08:31:52.873+0000][1][safepoint    ] Safepoint "RevokeBias", Time since last: 1271300 ns, Reaching safepoint: 79400 ns, At safepoint: 11600 ns, Total: 91000 ns
[2020-03-27T08:31:52.914+0000][1][safepoint    ] Safepoint "RevokeBias", Time since last: 40768101 ns, Reaching safepoint: 128700 ns, At safepoint: 19100 ns, Total: 147800 ns
[2020-03-27T08:31:53.915+0000][1][safepoint    ] Safepoint "Cleanup", Time since last: 1000707738 ns, Reaching safepoint: 415900 ns, At safepoint: 88100 ns, Total: 504000 ns
[2020-03-27T08:31:54.918+0000][1][safepoint    ] Safepoint "Cleanup", Time since last: 1002227737 ns, Reaching safepoint: 415700 ns, At safepoint: 82300 ns, Total: 498000 ns
[2020-03-27T08:31:55.920+0000][1][safepoint    ] Safepoint "Cleanup", Time since last: 1002312538 ns, Reaching safepoint: 228800 ns, At safepoint: 46300 ns, Total: 275100 ns
[2020-03-27T08:31:56.922+0000][1][safepoint    ] Safepoint "Cleanup", Time since last: 1001548637 ns, Reaching safepoint: 317200 ns, At safepoint: 88201 ns, Total: 405401 ns
[2020-03-27T08:31:57.925+0000][1][safepoint    ] Safepoint "Cleanup", Time since last: 1002457437 ns, Reaching safepoint: 314800 ns, At safepoint: 88100 ns, Total: 402900 ns
[2020-03-27T08:31:58.154+0000][1][gc,start     ] GC(233) Pause Young (Allocation Failure)
[2020-03-27T08:31:58.155+0000][1][gc,task      ] GC(233) Using 2 workers of 2 for evacuation
[2020-03-27T08:31:58.160+0000][1][gc,age       ] GC(233) Desired survivor size 8716288 bytes, new threshold 6 (max threshold 6)
[2020-03-27T08:31:58.160+0000][1][gc,age       ] GC(233) Age table with threshold 6 (max threshold 6)
[2020-03-27T08:31:58.161+0000][1][gc,age       ] GC(233) - age   1:    1093592 bytes,    1093592 total
[2020-03-27T08:31:58.161+0000][1][gc,heap      ] GC(233) ParNew: 147772K->8749K(153344K)
[2020-03-27T08:31:58.161+0000][1][gc,heap      ] GC(233) CMS: 84567K->85740K(353920K)
[2020-03-27T08:31:58.162+0000][1][gc,metaspace ] GC(233) Metaspace: 98513K->98513K(1140736K)
[2020-03-27T08:31:58.162+0000][1][gc           ] GC(233) Pause Young (Allocation Failure) 226M->92M(495M) 8.330ms
[2020-03-27T08:31:58.163+0000][1][gc,cpu       ] GC(233) User=0.01s Sys=0.00s Real=0.01s
[2020-03-27T08:31:58.163+0000][1][safepoint    ] Safepoint "GenCollectForAllocation", Time since last: 228624609 ns, Reaching safepoint: 138200 ns, At safepoint: 9277000 ns, Total: 9415200 ns
[2020-03-27T08:31:58.192+0000][1][safepoint    ] Safepoint "RevokeBias", Time since last: 28534601 ns, Reaching safepoint: 169300 ns, At safepoint: 24000 ns, Total: 193300 ns
[2020-03-27T08:31:58.881+0000][1][safepoint    ] Safepoint "RevokeBias", Time since last: 689061911 ns, Reaching safepoint: 117800 ns, At safepoint: 27900 ns, Total: 145700 ns
[2020-03-27T08:31:58.883+0000][1][safepoint    ] Safepoint "RevokeBias", Time since last: 1281200 ns, Reaching safepoint: 93200 ns, At safepoint: 22400 ns, Total: 115600 ns
[2020-03-27T08:31:58.884+0000][1][safepoint    ] Safepoint "RevokeBias", Time since last: 1336300 ns, Reaching safepoint: 59800 ns, At safepoint: 12300 ns, Total: 72100 ns
[2020-03-27T08:31:58.885+0000][1][safepoint    ] Safepoint "RevokeBias", Time since last: 1063200 ns, Reaching safepoint: 77300 ns, At safepoint: 29200 ns, Total: 106500 ns
[2020-03-27T08:31:58.936+0000][1][safepoint    ] Safepoint "RevokeBias", Time since last: 50497101 ns, Reaching safepoint: 109000 ns, At safepoint: 15800 ns, Total: 124800 ns
[2020-03-27T08:31:58.996+0000][1][safepoint    ] Safepoint "RevokeBias", Time since last: 60063101 ns, Reaching safepoint: 213100 ns, At safepoint: 30900 ns, Total: 244000 ns
[2020-03-27T08:31:59.121+0000][1][safepoint    ] Safepoint "ICBufferFull", Time since last: 124352302 ns, Reaching safepoint: 294200 ns, At safepoint: 20200 ns, Total: 314400 ns
[2020-03-27T08:31:59.194+0000][1][gc,start     ] GC(234) Pause Young (Allocation Failure)
[2020-03-27T08:31:59.195+0000][1][gc,task      ] GC(234) Using 2 workers of 2 for evacuation
[2020-03-27T08:31:59.200+0000][1][gc,age       ] GC(234) Desired survivor size 8716288 bytes, new threshold 6 (max threshold 6)
[2020-03-27T08:31:59.200+0000][1][gc,age       ] GC(234) Age table with threshold 6 (max threshold 6)
[2020-03-27T08:31:59.200+0000][1][gc,age       ] GC(234) - age   1:    1681688 bytes,    1681688 total
[2020-03-27T08:31:59.201+0000][1][gc,age       ] GC(234) - age   2:     569976 bytes,    2251664 total
[2020-03-27T08:31:59.202+0000][1][gc,heap      ] GC(234) ParNew: 145069K->3581K(153344K)
[2020-03-27T08:31:59.202+0000][1][gc,heap      ] GC(234) CMS: 85740K->85740K(353920K)
[2020-03-27T08:31:59.202+0000][1][gc,metaspace ] GC(234) Metaspace: 98513K->98513K(1140736K)
[2020-03-27T08:31:59.203+0000][1][gc           ] GC(234) Pause Young (Allocation Failure) 225M->87M(495M) 8.543ms
[2020-03-27T08:31:59.203+0000][1][gc,cpu       ] GC(234) User=0.01s Sys=0.00s Real=0.01s
[2020-03-27T08:31:59.204+0000][1][safepoint    ] Safepoint "GenCollectForAllocation", Time since last: 73398101 ns, Reaching safepoint: 175200 ns, At safepoint: 9387200 ns, Total: 9562400 ns
[2020-03-27T08:31:59.274+0000][1][safepoint    ] Safepoint "RevokeBias", Time since last: 69853001 ns, Reaching safepoint: 216500 ns, At safepoint: 18400 ns, Total: 234900 ns
[2020-03-27T08:31:59.274+0000][1][safepoint    ] Safepoint "RevokeBias", Time since last: 321100 ns, Reaching safepoint: 118900 ns, At safepoint: 11600 ns, Total: 130500 ns
[2020-03-27T08:31:59.275+0000][1][safepoint    ] Safepoint "RevokeBias", Time since last: 326300 ns, Reaching safepoint: 123900 ns, At safepoint: 10800 ns, Total: 134700 ns
[2020-03-27T08:31:59.275+0000][1][safepoint    ] Safepoint "RevokeBias", Time since last: 290300 ns, Reaching safepoint: 108600 ns, At safepoint: 21700 ns, Total: 130300 ns
[2020-03-27T08:31:59.276+0000][1][safepoint    ] Safepoint "RevokeBias", Time since last: 256600 ns, Reaching safepoint: 132000 ns, At safepoint: 11300 ns, Total: 143300 ns
[2020-03-27T08:31:59.276+0000][1][safepoint    ] Safepoint "RevokeBias", Time since last: 273800 ns, Reaching safepoint: 206300 ns, At safepoint: 12200 ns, Total: 218500 ns
[2020-03-27T08:31:59.276+0000][1][safepoint    ] Safepoint "RevokeBias", Time since last: 291900 ns, Reaching safepoint: 120100 ns, At safepoint: 9900 ns, Total: 130000 ns
[2020-03-27T08:31:59.277+0000][1][safepoint    ] Safepoint "RevokeBias", Time since last: 250600 ns, Reaching safepoint: 123500 ns, At safepoint: 9300 ns, Total: 132800 ns
[2020-03-27T08:31:59.277+0000][1][safepoint    ] Safepoint "RevokeBias", Time since last: 240800 ns, Reaching safepoint: 123500 ns, At safepoint: 9400 ns, Total: 132900 ns
[2020-03-27T08:31:59.998+0000][1][safepoint    ] Safepoint "RevokeBias", Time since last: 719997712 ns, Reaching safepoint: 432400 ns, At safepoint: 35800 ns, Total: 468200 ns
[2020-03-27T08:32:00.004+0000][1][safepoint    ] Safepoint "RevokeBias", Time since last: 6590400 ns, Reaching safepoint: 105300 ns, At safepoint: 19300 ns, Total: 124600 ns
[2020-03-27T08:32:00.006+0000][1][safepoint    ] Safepoint "RevokeBias", Time since last: 1368700 ns, Reaching safepoint: 123900 ns, At safepoint: 8400 ns, Total: 132300 ns
[2020-03-27T08:32:01.007+0000][1][safepoint    ] Safepoint "Cleanup", Time since last: 1000994716 ns, Reaching safepoint: 324000 ns, At safepoint: 84400 ns, Total: 408400 ns
[2020-03-27T08:32:02.010+0000][1][safepoint    ] Safepoint "Cleanup", Time since last: 1002262915 ns, Reaching safepoint: 369200 ns, At safepoint: 83500 ns, Total: 452700 ns
[2020-03-27T08:32:02.446+0000][1][safepoint    ] Safepoint "RevokeBias", Time since last: 435787007 ns, Reaching safepoint: 121200 ns, At safepoint: 17500 ns, Total: 138700 ns
[2020-03-27T08:32:03.143+0000][1][safepoint    ] Safepoint "RevokeBias", Time since last: 696850911 ns, Reaching safepoint: 141800 ns, At safepoint: 37500 ns, Total: 179300 ns
[2020-03-27T08:32:03.144+0000][1][safepoint    ] Safepoint "RevokeBias", Time since last: 1077000 ns, Reaching safepoint: 111400 ns, At safepoint: 33200 ns, Total: 144600 ns
[2020-03-27T08:32:03.148+0000][1][safepoint    ] Safepoint "RevokeBias", Time since last: 3212800 ns, Reaching safepoint: 185800 ns, At safepoint: 31800 ns, Total: 217600 ns
[2020-03-27T08:32:03.149+0000][1][safepoint    ] Safepoint "RevokeBias", Time since last: 1343900 ns, Reaching safepoint: 78100 ns, At safepoint: 13900 ns, Total: 92000 ns
[2020-03-27T08:32:03.188+0000][1][safepoint    ] Safepoint "RevokeBias", Time since last: 39012501 ns, Reaching safepoint: 98900 ns, At safepoint: 19900 ns, Total: 118800 ns
[2020-03-27T08:32:04.190+0000][1][safepoint    ] Safepoint "Cleanup", Time since last: 1000811016 ns, Reaching safepoint: 361400 ns, At safepoint: 85700 ns, Total: 447100 ns
[2020-03-27T08:32:05.192+0000][1][safepoint    ] Safepoint "Cleanup", Time since last: 1002597616 ns, Reaching safepoint: 318500 ns, At safepoint: 90400 ns, Total: 408900 ns
[2020-03-27T08:32:06.196+0000][1][safepoint    ] Safepoint "Cleanup", Time since last: 1002927916 ns, Reaching safepoint: 401600 ns, At safepoint: 79700 ns, Total: 481300 ns
[2020-03-27T08:32:07.199+0000][1][safepoint    ] Safepoint "Cleanup", Time since last: 1002385109 ns, Reaching safepoint: 415300 ns, At safepoint: 85900 ns, Total: 501200 ns
[2020-03-27T08:32:08.156+0000][1][safepoint    ] Safepoint "RevokeBias", Time since last: 957443309 ns, Reaching safepoint: 101200 ns, At safepoint: 26400 ns, Total: 127600 ns
[2020-03-27T08:32:09.151+0000][1][safepoint    ] Safepoint "RevokeBias", Time since last: 994779109 ns, Reaching safepoint: 134700 ns, At safepoint: 29300 ns, Total: 164000 ns
[2020-03-27T08:32:09.152+0000][1][safepoint    ] Safepoint "RevokeBias", Time since last: 760200 ns, Reaching safepoint: 88000 ns, At safepoint: 21400 ns, Total: 109400 ns
[2020-03-27T08:32:09.154+0000][1][safepoint    ] Safepoint "RevokeBias", Time since last: 1420500 ns, Reaching safepoint: 71400 ns, At safepoint: 13000 ns, Total: 84400 ns
[2020-03-27T08:32:09.155+0000][1][safepoint    ] Safepoint "RevokeBias", Time since last: 1145000 ns, Reaching safepoint: 59200 ns, At safepoint: 20300 ns, Total: 79500 ns
[2020-03-27T08:32:09.198+0000][1][safepoint    ] Safepoint "RevokeBias", Time since last: 42636600 ns, Reaching safepoint: 96500 ns, At safepoint: 15500 ns, Total: 112000 ns
[2020-03-27T08:32:10.199+0000][1][safepoint    ] Safepoint "Cleanup", Time since last: 1000565809 ns, Reaching safepoint: 469400 ns, At safepoint: 27600 ns, Total: 497000 ns
[2020-03-27T08:32:10.516+0000][1][gc,start     ] GC(235) Pause Young (Allocation Failure)
[2020-03-27T08:32:10.518+0000][1][gc,task      ] GC(235) Using 2 workers of 2 for evacuation
[2020-03-27T08:32:10.528+0000][1][gc,age       ] GC(235) Desired survivor size 8716288 bytes, new threshold 6 (max threshold 6)
[2020-03-27T08:32:10.529+0000][1][gc,age       ] GC(235) Age table with threshold 6 (max threshold 6)
[2020-03-27T08:32:10.530+0000][1][gc,age       ] GC(235) - age   1:    1047208 bytes,    1047208 total
[2020-03-27T08:32:10.530+0000][1][gc,age       ] GC(235) - age   2:      14584 bytes,    1061792 total
[2020-03-27T08:32:10.531+0000][1][gc,age       ] GC(235) - age   3:     207256 bytes,    1269048 total
[2020-03-27T08:32:10.532+0000][1][gc,heap      ] GC(235) ParNew: 139901K->2246K(153344K)
[2020-03-27T08:32:10.533+0000][1][gc,heap      ] GC(235) CMS: 85740K->85740K(353920K)
[2020-03-27T08:32:10.534+0000][1][gc,metaspace ] GC(235) Metaspace: 98516K->98516K(1140736K)
[2020-03-27T08:32:10.535+0000][1][gc           ] GC(235) Pause Young (Allocation Failure) 220M->85M(495M) 18.498ms
[2020-03-27T08:32:10.535+0000][1][gc,cpu       ] GC(235) User=0.01s Sys=0.01s Real=0.01s
[2020-03-27T08:32:10.536+0000][1][safepoint    ] Safepoint "GenCollectForAllocation", Time since last: 316674003 ns, Reaching safepoint: 607200 ns, At safepoint: 19986500 ns, Total: 20593700 ns
[2020-03-27T08:32:11.537+0000][1][safepoint    ] Safepoint "Cleanup", Time since last: 1001036010 ns, Reaching safepoint: 347000 ns, At safepoint: 79700 ns, Total: 426700 ns
[2020-03-27T08:32:12.474+0000][1][safepoint    ] Safepoint "RevokeBias", Time since last: 935541508 ns, Reaching safepoint: 1137800 ns, At safepoint: 98100 ns, Total: 1235900 ns
[2020-03-27T08:32:13.272+0000][1][safepoint    ] Safepoint "BulkRevokeBias", Time since last: 797045707 ns, Reaching safepoint: 167900 ns, At safepoint: 546700 ns, Total: 714600 ns
[2020-03-27T08:32:13.274+0000][1][safepoint    ] Safepoint "RevokeBias", Time since last: 1469500 ns, Reaching safepoint: 90300 ns, At safepoint: 13600 ns, Total: 103900 ns
[2020-03-27T08:32:13.275+0000][1][safepoint    ] Safepoint "BulkRevokeBias", Time since last: 1050100 ns, Reaching safepoint: 77800 ns, At safepoint: 408200 ns, Total: 486000 ns
[2020-03-27T08:32:13.315+0000][1][safepoint    ] Safepoint "RevokeBias", Time since last: 39994501 ns, Reaching safepoint: 117200 ns, At safepoint: 29700 ns, Total: 146900 ns
[2020-03-27T08:32:14.316+0000][1][safepoint    ] Safepoint "Cleanup", Time since last: 1000598808 ns, Reaching safepoint: 402700 ns, At safepoint: 77500 ns, Total: 480200 ns
[2020-03-27T08:32:15.319+0000][1][safepoint    ] Safepoint "Cleanup", Time since last: 1002375202 ns, Reaching safepoint: 324200 ns, At safepoint: 89500 ns, Total: 413700 ns
[2020-03-27T08:32:16.322+0000][1][safepoint    ] Safepoint "Cleanup", Time since last: 1002171303 ns, Reaching safepoint: 522100 ns, At safepoint: 103600 ns, Total: 625700 ns
[2020-03-27T08:32:17.324+0000][1][safepoint    ] Safepoint "Cleanup", Time since last: 1002024102 ns, Reaching safepoint: 317000 ns, At safepoint: 85700 ns, Total: 402700 ns
[2020-03-27T08:32:18.133+0000][1][safepoint    ] Safepoint "RevokeBias", Time since last: 809023002 ns, Reaching safepoint: 100600 ns, At safepoint: 23400 ns, Total: 124000 ns
[2020-03-27T08:32:19.135+0000][1][safepoint    ] Safepoint "Cleanup", Time since last: 1000840002 ns, Reaching safepoint: 431800 ns, At safepoint: 79300 ns, Total: 511100 ns
[2020-03-27T08:32:20.137+0000][1][safepoint    ] Safepoint "Cleanup", Time since last: 1001803402 ns, Reaching safepoint: 316400 ns, At safepoint: 81400 ns, Total: 397800 ns
[2020-03-27T08:32:21.140+0000][1][safepoint    ] Safepoint "Cleanup", Time since last: 1002038702 ns, Reaching safepoint: 373200 ns, At safepoint: 81400 ns, Total: 454600 ns
[2020-03-27T08:32:22.142+0000][1][safepoint    ] Safepoint "Cleanup", Time since last: 1001773702 ns, Reaching safepoint: 410500 ns, At safepoint: 79400 ns, Total: 489900 ns
[2020-03-27T08:32:22.464+0000][1][safepoint    ] Safepoint "RevokeBias", Time since last: 322179703 ns, Reaching safepoint: 114300 ns, At safepoint: 15000 ns, Total: 129300 ns
[2020-03-27T08:32:23.465+0000][1][safepoint    ] Safepoint "Cleanup", Time since last: 1000736008 ns, Reaching safepoint: 318900 ns, At safepoint: 88600 ns, Total: 407500 ns
[2020-03-27T08:32:24.468+0000][1][safepoint    ] Safepoint "Cleanup", Time since last: 1002122509 ns, Reaching safepoint: 387500 ns, At safepoint: 81100 ns, Total: 468600 ns
[2020-03-27T08:32:25.470+0000][1][safepoint    ] Safepoint "Cleanup", Time since last: 1001946209 ns, Reaching safepoint: 211600 ns, At safepoint: 36800 ns, Total: 248400 ns
[2020-03-27T08:32:26.472+0000][1][safepoint    ] Safepoint "Cleanup", Time since last: 1001253808 ns, Reaching safepoint: 396500 ns, At safepoint: 79600 ns, Total: 476100 ns
[2020-03-27T08:32:27.474+0000][1][safepoint    ] Safepoint "Cleanup", Time since last: 1002174209 ns, Reaching safepoint: 125000 ns, At safepoint: 28600 ns, Total: 153600 ns
[2020-03-27T08:32:28.191+0000][1][gc,start     ] GC(236) Pause Young (Allocation Failure)
[2020-03-27T08:32:28.192+0000][1][gc,task      ] GC(236) Using 2 workers of 2 for evacuation
[2020-03-27T08:32:28.198+0000][1][gc,age       ] GC(236) Desired survivor size 8716288 bytes, new threshold 1 (max threshold 6)
[2020-03-27T08:32:28.198+0000][1][gc,age       ] GC(236) Age table with threshold 1 (max threshold 6)
[2020-03-27T08:32:28.199+0000][1][gc,age       ] GC(236) - age   1:   13841064 bytes,   13841064 total
[2020-03-27T08:32:28.199+0000][1][gc,age       ] GC(236) - age   2:    1018104 bytes,   14859168 total
[2020-03-27T08:32:28.199+0000][1][gc,age       ] GC(236) - age   3:      14024 bytes,   14873192 total
[2020-03-27T08:32:28.200+0000][1][gc,age       ] GC(236) - age   4:     206312 bytes,   15079504 total
[2020-03-27T08:32:28.200+0000][1][gc,heap      ] GC(236) ParNew: 138566K->15393K(153344K)
[2020-03-27T08:32:28.201+0000][1][gc,heap      ] GC(236) CMS: 85740K->85740K(353920K)
[2020-03-27T08:32:28.201+0000][1][gc,metaspace ] GC(236) Metaspace: 98516K->98516K(1140736K)
[2020-03-27T08:32:28.202+0000][1][gc           ] GC(236) Pause Young (Allocation Failure) 219M->98M(495M) 10.613ms
[2020-03-27T08:32:28.202+0000][1][gc,cpu       ] GC(236) User=0.01s Sys=0.00s Real=0.01s
[2020-03-27T08:32:28.203+0000][1][safepoint    ] Safepoint "GenCollectForAllocation", Time since last: 717177406 ns, Reaching safepoint: 113400 ns, At safepoint: 11485301 ns, Total: 11598701 ns
[2020-03-27T08:32:28.204+0000][1][safepoint    ] Safepoint "RevokeBias", Time since last: 1415900 ns, Reaching safepoint: 79000 ns, At safepoint: 24400 ns, Total: 103400 ns
[2020-03-27T08:32:29.205+0000][1][safepoint    ] Safepoint "Cleanup", Time since last: 1000583008 ns, Reaching safepoint: 104300 ns, At safepoint: 18400 ns, Total: 122700 ns
[2020-03-27T08:32:30.207+0000][1][safepoint    ] Safepoint "Cleanup", Time since last: 1001103609 ns, Reaching safepoint: 416000 ns, At safepoint: 82500 ns, Total: 498500 ns
[2020-03-27T08:32:31.209+0000][1][safepoint    ] Safepoint "Cleanup", Time since last: 1002168965 ns, Reaching safepoint: 105600 ns, At safepoint: 22700 ns, Total: 128300 ns
[2020-03-27T08:32:32.210+0000][1][safepoint    ] Safepoint "Cleanup", Time since last: 1001130263 ns, Reaching safepoint: 318200 ns, At safepoint: 79500 ns, Total: 397700 ns
[2020-03-27T08:32:32.475+0000][1][safepoint    ] Safepoint "RevokeBias", Time since last: 263109091 ns, Reaching safepoint: 1484800 ns, At safepoint: 76600 ns, Total: 1561400 ns
[2020-03-27T08:32:33.477+0000][1][safepoint    ] Safepoint "Cleanup", Time since last: 1001224963 ns, Reaching safepoint: 408600 ns, At safepoint: 129700 ns, Total: 538300 ns
[2020-03-27T08:32:34.479+0000][1][safepoint    ] Safepoint "Cleanup", Time since last: 1001950963 ns, Reaching safepoint: 396700 ns, At safepoint: 75100 ns, Total: 471800 ns
[2020-03-27T08:32:35.482+0000][1][safepoint    ] Safepoint "Cleanup", Time since last: 1002092463 ns, Reaching safepoint: 406300 ns, At safepoint: 84100 ns, Total: 490400 ns
[2020-03-27T08:32:36.484+0000][1][safepoint    ] Safepoint "Cleanup", Time since last: 1001966263 ns, Reaching safepoint: 318700 ns, At safepoint: 86800 ns, Total: 405500 ns
[2020-03-27T08:32:37.486+0000][1][safepoint    ] Safepoint "Cleanup", Time since last: 1001842863 ns, Reaching safepoint: 92700 ns, At safepoint: 13700 ns, Total: 106400 ns
[2020-03-27T08:32:38.134+0000][1][safepoint    ] Safepoint "RevokeBias", Time since last: 647338276 ns, Reaching safepoint: 92600 ns, At safepoint: 23800 ns, Total: 116400 ns
[2020-03-27T08:32:39.135+0000][1][safepoint    ] Safepoint "Cleanup", Time since last: 1001170663 ns, Reaching safepoint: 337400 ns, At safepoint: 87800 ns, Total: 425200 ns
[2020-03-27T08:32:40.138+0000][1][safepoint    ] Safepoint "Cleanup", Time since last: 1002473162 ns, Reaching safepoint: 320900 ns, At safepoint: 82400 ns, Total: 403300 ns
[2020-03-27T08:32:41.142+0000][1][safepoint    ] Safepoint "Cleanup", Time since last: 1003452062 ns, Reaching safepoint: 328100 ns, At safepoint: 86400 ns, Total: 414500 ns
[2020-03-27T08:32:42.145+0000][1][safepoint    ] Safepoint "Cleanup", Time since last: 1002103862 ns, Reaching safepoint: 319200 ns, At safepoint: 128700 ns, Total: 447900 ns
[2020-03-27T08:32:42.484+0000][1][safepoint    ] Safepoint "BulkRevokeBias", Time since last: 338406887 ns, Reaching safepoint: 188500 ns, At safepoint: 747400 ns, Total: 935900 ns
[2020-03-27T08:32:43.485+0000][1][safepoint    ] Safepoint "Cleanup", Time since last: 1000890762 ns, Reaching safepoint: 147900 ns, At safepoint: 20100 ns, Total: 168000 ns
[2020-03-27T08:32:44.309+0000][1][safepoint    ] Safepoint "RevokeBias", Time since last: 824309869 ns, Reaching safepoint: 124000 ns, At safepoint: 30200 ns, Total: 154200 ns
[2020-03-27T08:32:44.310+0000][1][safepoint    ] Safepoint "RevokeBias", Time since last: 515800 ns, Reaching safepoint: 83800 ns, At safepoint: 33800 ns, Total: 117600 ns
[2020-03-27T08:32:44.311+0000][1][safepoint    ] Safepoint "RevokeBias", Time since last: 710500 ns, Reaching safepoint: 159300 ns, At safepoint: 23100 ns, Total: 182400 ns
[2020-03-27T08:32:44.312+0000][1][safepoint    ] Safepoint "RevokeBias", Time since last: 1390000 ns, Reaching safepoint: 63000 ns, At safepoint: 36300 ns, Total: 99300 ns
[2020-03-27T08:32:44.313+0000][1][safepoint    ] Safepoint "RevokeBias", Time since last: 872700 ns, Reaching safepoint: 109200 ns, At safepoint: 18000 ns, Total: 127200 ns
[2020-03-27T08:32:44.355+0000][1][safepoint    ] Safepoint "RevokeBias", Time since last: 41771598 ns, Reaching safepoint: 126700 ns, At safepoint: 20000 ns, Total: 146700 ns
[2020-03-27T08:32:44.441+0000][1][safepoint    ] Safepoint "RevokeBias", Time since last: 85616297 ns, Reaching safepoint: 381300 ns, At safepoint: 24700 ns, Total: 406000 ns
[2020-03-27T08:32:44.449+0000][1][safepoint    ] Safepoint "RevokeBias", Time since last: 6472299 ns, Reaching safepoint: 593300 ns, At safepoint: 137500 ns, Total: 730800 ns
[2020-03-27T08:32:44.450+0000][1][safepoint    ] Safepoint "RevokeBias", Time since last: 1003000 ns, Reaching safepoint: 205500 ns, At safepoint: 124200 ns, Total: 329700 ns
[2020-03-27T08:32:44.471+0000][1][gc,start     ] GC(237) Pause Young (Allocation Failure)
[2020-03-27T08:32:44.472+0000][1][gc,task      ] GC(237) Using 2 workers of 2 for evacuation
[2020-03-27T08:32:44.477+0000][1][gc,age       ] GC(237) Desired survivor size 8716288 bytes, new threshold 6 (max threshold 6)
[2020-03-27T08:32:44.477+0000][1][gc,age       ] GC(237) Age table with threshold 6 (max threshold 6)
[2020-03-27T08:32:44.478+0000][1][gc,age       ] GC(237) - age   1:    2090680 bytes,    2090680 total
[2020-03-27T08:32:44.478+0000][1][gc,heap      ] GC(237) ParNew: 151713K->11277K(153344K)
[2020-03-27T08:32:44.479+0000][1][gc,heap      ] GC(237) CMS: 85740K->88606K(353920K)
[2020-03-27T08:32:44.479+0000][1][gc,metaspace ] GC(237) Metaspace: 98538K->98538K(1140736K)
[2020-03-27T08:32:44.480+0000][1][gc           ] GC(237) Pause Young (Allocation Failure) 231M->97M(495M) 8.825ms
[2020-03-27T08:32:44.480+0000][1][gc,cpu       ] GC(237) User=0.01s Sys=0.00s Real=0.01s
[2020-03-27T08:32:44.481+0000][1][safepoint    ] Safepoint "GenCollectForAllocation", Time since last: 20795300 ns, Reaching safepoint: 201200 ns, At safepoint: 9765199 ns, Total: 9966399 ns
[2020-03-27T08:32:44.496+0000][1][safepoint    ] Safepoint "RevokeBias", Time since last: 12944100 ns, Reaching safepoint: 693900 ns, At safepoint: 1482000 ns, Total: 2175900 ns
[2020-03-27T08:32:44.497+0000][1][safepoint    ] Safepoint "RevokeBias", Time since last: 528000 ns, Reaching safepoint: 354500 ns, At safepoint: 243000 ns, Total: 597500 ns
[2020-03-27T08:32:44.498+0000][1][safepoint    ] Safepoint "RevokeBias", Time since last: 1203000 ns, Reaching safepoint: 168000 ns, At safepoint: 15800 ns, Total: 183800 ns
[2020-03-27T08:32:44.502+0000][1][safepoint    ] Safepoint "RevokeBias", Time since last: 3421999 ns, Reaching safepoint: 296300 ns, At safepoint: 269300 ns, Total: 565600 ns
[2020-03-27T08:32:44.545+0000][1][safepoint    ] Safepoint "RevokeBias", Time since last: 42991299 ns, Reaching safepoint: 97900 ns, At safepoint: 17900 ns, Total: 115800 ns
[2020-03-27T08:32:44.586+0000][1][safepoint    ] Safepoint "RevokeBias", Time since last: 40547398 ns, Reaching safepoint: 237100 ns, At safepoint: 65400 ns, Total: 302500 ns
[2020-03-27T08:32:44.587+0000][1][safepoint    ] Safepoint "RevokeBias", Time since last: 610400 ns, Reaching safepoint: 196700 ns, At safepoint: 37200 ns, Total: 233900 ns
[2020-03-27T08:32:44.604+0000][1][safepoint    ] Safepoint "RevokeBias", Time since last: 16699100 ns, Reaching safepoint: 453500 ns, At safepoint: 25500 ns, Total: 479000 ns
[2020-03-27T08:32:44.606+0000][1][safepoint    ] Safepoint "RevokeBias", Time since last: 1062599 ns, Reaching safepoint: 262400 ns, At safepoint: 14100 ns, Total: 276500 ns
[2020-03-27T08:32:44.607+0000][1][safepoint    ] Safepoint "RevokeBias", Time since last: 788000 ns, Reaching safepoint: 185200 ns, At safepoint: 13100 ns, Total: 198300 ns
[2020-03-27T08:32:45.575+0000][1][safepoint    ] Safepoint "RevokeBias", Time since last: 968162564 ns, Reaching safepoint: 110200 ns, At safepoint: 18500 ns, Total: 128700 ns
[2020-03-27T08:32:45.598+0000][1][safepoint    ] Safepoint "RevokeBias", Time since last: 23168599 ns, Reaching safepoint: 105800 ns, At safepoint: 35000 ns, Total: 140800 ns
[2020-03-27T08:32:45.599+0000][1][safepoint    ] Safepoint "RevokeBias", Time since last: 422100 ns, Reaching safepoint: 76400 ns, At safepoint: 7100 ns, Total: 83500 ns
[2020-03-27T08:32:45.784+0000][1][safepoint    ] Safepoint "RevokeBias", Time since last: 185306093 ns, Reaching safepoint: 206700 ns, At safepoint: 39200 ns, Total: 245900 ns
[2020-03-27T08:32:45.785+0000][1][safepoint    ] Safepoint "RevokeBias", Time since last: 672300 ns, Reaching safepoint: 82900 ns, At safepoint: 21500 ns, Total: 104400 ns
[2020-03-27T08:32:45.787+0000][1][safepoint    ] Safepoint "RevokeBias", Time since last: 1376900 ns, Reaching safepoint: 86000 ns, At safepoint: 21900 ns, Total: 107900 ns
[2020-03-27T08:32:45.788+0000][1][safepoint    ] Safepoint "RevokeBias", Time since last: 971400 ns, Reaching safepoint: 74400 ns, At safepoint: 13800 ns, Total: 88200 ns
[2020-03-27T08:32:45.837+0000][1][safepoint    ] Safepoint "RevokeBias", Time since last: 49519098 ns, Reaching safepoint: 122600 ns, At safepoint: 30900 ns, Total: 153500 ns
[2020-03-27T08:32:46.839+0000][1][safepoint    ] Safepoint "Cleanup", Time since last: 1000809922 ns, Reaching safepoint: 330900 ns, At safepoint: 176600 ns, Total: 507500 ns
[2020-03-27T08:32:47.841+0000][1][safepoint    ] Safepoint "Cleanup", Time since last: 1001858689 ns, Reaching safepoint: 125600 ns, At safepoint: 19000 ns, Total: 144600 ns
[2020-03-27T08:32:48.174+0000][1][safepoint    ] Safepoint "RevokeBias", Time since last: 332923963 ns, Reaching safepoint: 97700 ns, At safepoint: 24800 ns, Total: 122500 ns
[2020-03-27T08:32:48.184+0000][1][gc,start     ] GC(238) Pause Young (Allocation Failure)
[2020-03-27T08:32:48.184+0000][1][gc,task      ] GC(238) Using 2 workers of 2 for evacuation
[2020-03-27T08:32:48.190+0000][1][gc,age       ] GC(238) Desired survivor size 8716288 bytes, new threshold 6 (max threshold 6)
[2020-03-27T08:32:48.191+0000][1][gc,age       ] GC(238) Age table with threshold 6 (max threshold 6)
[2020-03-27T08:32:48.191+0000][1][gc,age       ] GC(238) - age   1:    5364608 bytes,    5364608 total
[2020-03-27T08:32:48.191+0000][1][gc,age       ] GC(238) - age   2:    1000232 bytes,    6364840 total
[2020-03-27T08:32:48.191+0000][1][gc,heap      ] GC(238) ParNew: 147574K->8005K(153344K)
[2020-03-27T08:32:48.192+0000][1][gc,heap      ] GC(238) CMS: 88606K->88606K(353920K)
[2020-03-27T08:32:48.192+0000][1][gc,metaspace ] GC(238) Metaspace: 98547K->98547K(1140736K)
[2020-03-27T08:32:48.192+0000][1][gc           ] GC(238) Pause Young (Allocation Failure) 230M->94M(495M) 8.393ms
[2020-03-27T08:32:48.193+0000][1][gc,cpu       ] GC(238) User=0.00s Sys=0.00s Real=0.01s
[2020-03-27T08:32:48.193+0000][1][safepoint    ] Safepoint "GenCollectForAllocation", Time since last: 10107899 ns, Reaching safepoint: 234900 ns, At safepoint: 9005499 ns, Total: 9240399 ns
[2020-03-27T08:32:48.486+0000][1][safepoint    ] Safepoint "RevokeBias", Time since last: 292824568 ns, Reaching safepoint: 107600 ns, At safepoint: 14100 ns, Total: 121700 ns
[2020-03-27T08:32:48.487+0000][1][safepoint    ] Safepoint "RevokeBias", Time since last: 1020000 ns, Reaching safepoint: 70100 ns, At safepoint: 11600 ns, Total: 81700 ns
[2020-03-27T08:32:48.488+0000][1][safepoint    ] Safepoint "RevokeBias", Time since last: 1220999 ns, Reaching safepoint: 158900 ns, At safepoint: 15600 ns, Total: 174500 ns
[2020-03-27T08:32:48.490+0000][1][safepoint    ] Safepoint "RevokeBias", Time since last: 1170200 ns, Reaching safepoint: 59100 ns, At safepoint: 21200 ns, Total: 80300 ns
[2020-03-27T08:32:48.532+0000][1][safepoint    ] Safepoint "RevokeBias", Time since last: 41916996 ns, Reaching safepoint: 119400 ns, At safepoint: 19700 ns, Total: 139100 ns
[2020-03-27T08:32:49.533+0000][1][safepoint    ] Safepoint "Cleanup", Time since last: 1000693389 ns, Reaching safepoint: 258400 ns, At safepoint: 48300 ns, Total: 306700 ns
[2020-03-27T08:32:50.535+0000][1][safepoint    ] Safepoint "Cleanup", Time since last: 1001728689 ns, Reaching safepoint: 401300 ns, At safepoint: 83300 ns, Total: 484600 ns
[2020-03-27T08:32:51.537+0000][1][safepoint    ] Safepoint "Cleanup", Time since last: 1002219390 ns, Reaching safepoint: 240000 ns, At safepoint: 63000 ns, Total: 303000 ns
[2020-03-27T08:32:52.493+0000][1][safepoint    ] Safepoint "RevokeBias", Time since last: 954455194 ns, Reaching safepoint: 696800 ns, At safepoint: 18300 ns, Total: 715100 ns
[2020-03-27T08:32:52.712+0000][1][safepoint    ] Safepoint "RevokeBias", Time since last: 219666576 ns, Reaching safepoint: 136100 ns, At safepoint: 30800 ns, Total: 166900 ns
[2020-03-27T08:32:52.714+0000][1][safepoint    ] Safepoint "RevokeBias", Time since last: 960500 ns, Reaching safepoint: 113300 ns, At safepoint: 24100 ns, Total: 137400 ns
[2020-03-27T08:32:52.715+0000][1][safepoint    ] Safepoint "RevokeBias", Time since last: 1535199 ns, Reaching safepoint: 179100 ns, At safepoint: 13300 ns, Total: 192400 ns
[2020-03-27T08:32:52.717+0000][1][safepoint    ] Safepoint "RevokeBias", Time since last: 2031000 ns, Reaching safepoint: 102200 ns, At safepoint: 18800 ns, Total: 121000 ns
[2020-03-27T08:32:52.761+0000][1][safepoint    ] Safepoint "RevokeBias", Time since last: 43684395 ns, Reaching safepoint: 150000 ns, At safepoint: 26700 ns, Total: 176700 ns
[2020-03-27T08:32:53.763+0000][1][safepoint    ] Safepoint "Cleanup", Time since last: 1000724190 ns, Reaching safepoint: 412800 ns, At safepoint: 190900 ns, Total: 603700 ns
[2020-03-27T08:32:54.765+0000][1][safepoint    ] Safepoint "Cleanup", Time since last: 1001998219 ns, Reaching safepoint: 327800 ns, At safepoint: 83200 ns, Total: 411000 ns
[2020-03-27T08:32:55.767+0000][1][safepoint    ] Safepoint "Cleanup", Time since last: 1001951954 ns, Reaching safepoint: 231700 ns, At safepoint: 60500 ns, Total: 292200 ns
[2020-03-27T08:32:56.770+0000][1][safepoint    ] Safepoint "Cleanup", Time since last: 1001782954 ns, Reaching safepoint: 603300 ns, At safepoint: 62900 ns, Total: 666200 ns
[2020-03-27T08:32:57.772+0000][1][safepoint    ] Safepoint "Cleanup", Time since last: 1002230855 ns, Reaching safepoint: 114500 ns, At safepoint: 31300 ns, Total: 145800 ns
[2020-03-27T08:32:58.168+0000][1][gc,start     ] GC(239) Pause Young (Allocation Failure)
[2020-03-27T08:32:58.169+0000][1][gc,task      ] GC(239) Using 2 workers of 2 for evacuation
[2020-03-27T08:32:58.174+0000][1][gc,age       ] GC(239) Desired survivor size 8716288 bytes, new threshold 6 (max threshold 6)
[2020-03-27T08:32:58.175+0000][1][gc,age       ] GC(239) Age table with threshold 6 (max threshold 6)
[2020-03-27T08:32:58.175+0000][1][gc,age       ] GC(239) - age   1:     957352 bytes,     957352 total
[2020-03-27T08:32:58.175+0000][1][gc,age       ] GC(239) - age   2:     467416 bytes,    1424768 total
[2020-03-27T08:32:58.176+0000][1][gc,age       ] GC(239) - age   3:     715712 bytes,    2140480 total
[2020-03-27T08:32:58.176+0000][1][gc,heap      ] GC(239) ParNew: 144315K->2731K(153344K)
[2020-03-27T08:32:58.177+0000][1][gc,heap      ] GC(239) CMS: 88606K->88606K(353920K)
[2020-03-27T08:32:58.177+0000][1][gc,metaspace ] GC(239) Metaspace: 98547K->98547K(1140736K)
[2020-03-27T08:32:58.178+0000][1][gc           ] GC(239) Pause Young (Allocation Failure) 227M->89M(495M) 9.598ms
[2020-03-27T08:32:58.178+0000][1][gc,cpu       ] GC(239) User=0.00s Sys=0.00s Real=0.01s
[2020-03-27T08:32:58.179+0000][1][safepoint    ] Safepoint "GenCollectForAllocation", Time since last: 395807982 ns, Reaching safepoint: 171900 ns, At safepoint: 10883799 ns, Total: 11055699 ns
[2020-03-27T08:32:58.183+0000][1][safepoint    ] Safepoint "RevokeBias", Time since last: 3755200 ns, Reaching safepoint: 415000 ns, At safepoint: 25500 ns, Total: 440500 ns
[2020-03-27T08:32:58.641+0000][1][safepoint    ] Safepoint "RevokeBias", Time since last: 457760379 ns, Reaching safepoint: 160000 ns, At safepoint: 16900 ns, Total: 176900 ns
[2020-03-27T08:32:58.642+0000][1][safepoint    ] Safepoint "RevokeBias", Time since last: 669200 ns, Reaching safepoint: 82800 ns, At safepoint: 13700 ns, Total: 96500 ns
[2020-03-27T08:32:58.643+0000][1][safepoint    ] Safepoint "RevokeBias", Time since last: 1090500 ns, Reaching safepoint: 78000 ns, At safepoint: 13300 ns, Total: 91300 ns
[2020-03-27T08:32:58.644+0000][1][safepoint    ] Safepoint "RevokeBias", Time since last: 869100 ns, Reaching safepoint: 64800 ns, At safepoint: 19600 ns, Total: 84400 ns
[2020-03-27T08:32:58.685+0000][1][safepoint    ] Safepoint "RevokeBias", Time since last: 40550498 ns, Reaching safepoint: 202900 ns, At safepoint: 32500 ns, Total: 235400 ns
[2020-03-27T08:32:59.686+0000][1][safepoint    ] Safepoint "Cleanup", Time since last: 1000839954 ns, Reaching safepoint: 321400 ns, At safepoint: 106500 ns, Total: 427900 ns
[2020-03-27T08:33:00.689+0000][1][safepoint    ] Safepoint "Cleanup", Time since last: 1002208855 ns, Reaching safepoint: 414400 ns, At safepoint: 87300 ns, Total: 501700 ns
[2020-03-27T08:33:01.691+0000][1][safepoint    ] Safepoint "Cleanup", Time since last: 1002190654 ns, Reaching safepoint: 327100 ns, At safepoint: 89100 ns, Total: 416200 ns
[2020-03-27T08:33:02.493+0000][1][safepoint    ] Safepoint "RevokeBias", Time since last: 801528361 ns, Reaching safepoint: 118600 ns, At safepoint: 17700 ns, Total: 136300 ns
[2020-03-27T08:33:02.838+0000][1][safepoint    ] Safepoint "RevokeBias", Time since last: 345092080 ns, Reaching safepoint: 223500 ns, At safepoint: 30500 ns, Total: 254000 ns
[2020-03-27T08:33:02.839+0000][1][safepoint    ] Safepoint "RevokeBias", Time since last: 772400 ns, Reaching safepoint: 73400 ns, At safepoint: 21300 ns, Total: 94700 ns
[2020-03-27T08:33:02.841+0000][1][safepoint    ] Safepoint "RevokeBias", Time since last: 1833399 ns, Reaching safepoint: 98000 ns, At safepoint: 10900 ns, Total: 108900 ns
[2020-03-27T08:33:02.842+0000][1][safepoint    ] Safepoint "RevokeBias", Time since last: 614100 ns, Reaching safepoint: 62500 ns, At safepoint: 22200 ns, Total: 84700 ns
[2020-03-27T08:33:02.882+0000][1][safepoint    ] Safepoint "RevokeBias", Time since last: 40069498 ns, Reaching safepoint: 149800 ns, At safepoint: 20900 ns, Total: 170700 ns
[2020-03-27T08:33:02.904+0000][1][safepoint    ] Safepoint "BulkRevokeBias", Time since last: 21376599 ns, Reaching safepoint: 173700 ns, At safepoint: 410900 ns, Total: 584600 ns
[2020-03-27T08:33:03.905+0000][1][safepoint    ] Safepoint "Cleanup", Time since last: 1000539441 ns, Reaching safepoint: 423999 ns, At safepoint: 110600 ns, Total: 534599 ns
[2020-03-27T08:33:04.908+0000][1][safepoint    ] Safepoint "Cleanup", Time since last: 1002203441 ns, Reaching safepoint: 193500 ns, At safepoint: 35100 ns, Total: 228600 ns
[2020-03-27T08:33:05.909+0000][1][safepoint    ] Safepoint "Cleanup", Time since last: 1001310341 ns, Reaching safepoint: 247600 ns, At safepoint: 64400 ns, Total: 312000 ns
[2020-03-27T08:33:06.911+0000][1][safepoint    ] Safepoint "Cleanup", Time since last: 1001747241 ns, Reaching safepoint: 277800 ns, At safepoint: 90000 ns, Total: 367800 ns
[2020-03-27T08:33:07.913+0000][1][safepoint    ] Safepoint "Cleanup", Time since last: 1001733740 ns, Reaching safepoint: 184800 ns, At safepoint: 41600 ns, Total: 226400 ns
[2020-03-27T08:33:08.167+0000][1][gc,start     ] GC(240) Pause Young (Allocation Failure)
[2020-03-27T08:33:08.167+0000][1][gc,task      ] GC(240) Using 2 workers of 2 for evacuation
[2020-03-27T08:33:08.175+0000][1][gc,age       ] GC(240) Desired survivor size 8716288 bytes, new threshold 6 (max threshold 6)
[2020-03-27T08:33:08.175+0000][1][gc,age       ] GC(240) Age table with threshold 6 (max threshold 6)
[2020-03-27T08:33:08.176+0000][1][gc,age       ] GC(240) - age   1:     927480 bytes,     927480 total
[2020-03-27T08:33:08.176+0000][1][gc,age       ] GC(240) - age   2:     558968 bytes,    1486448 total
[2020-03-27T08:33:08.177+0000][1][gc,age       ] GC(240) - age   3:     465136 bytes,    1951584 total
[2020-03-27T08:33:08.177+0000][1][gc,age       ] GC(240) - age   4:     715616 bytes,    2667200 total
[2020-03-27T08:33:08.178+0000][1][gc,heap      ] GC(240) ParNew: 139051K->2933K(153344K)
[2020-03-27T08:33:08.178+0000][1][gc,heap      ] GC(240) CMS: 88606K->88606K(353920K)
[2020-03-27T08:33:08.179+0000][1][gc,metaspace ] GC(240) Metaspace: 98550K->98550K(1140736K)
[2020-03-27T08:33:08.179+0000][1][gc           ] GC(240) Pause Young (Allocation Failure) 222M->89M(495M) 12.629ms
[2020-03-27T08:33:08.180+0000][1][gc,cpu       ] GC(240) User=0.01s Sys=0.00s Real=0.01s
[2020-03-27T08:33:08.180+0000][1][safepoint    ] Safepoint "GenCollectForAllocation", Time since last: 253088185 ns, Reaching safepoint: 171900 ns, At safepoint: 13379100 ns, Total: 13551000 ns
[2020-03-27T08:33:08.202+0000][1][safepoint    ] Safepoint "RevokeBias", Time since last: 21718998 ns, Reaching safepoint: 89600 ns, At safepoint: 23500 ns, Total: 113100 ns
[2020-03-27T08:33:08.798+0000][1][safepoint    ] Safepoint "RevokeBias", Time since last: 595889165 ns, Reaching safepoint: 495800 ns, At safepoint: 38400 ns, Total: 534200 ns
[2020-03-27T08:33:08.800+0000][1][safepoint    ] Safepoint "RevokeBias", Time since last: 1248900 ns, Reaching safepoint: 114500 ns, At safepoint: 23400 ns, Total: 137900 ns
[2020-03-27T08:33:08.801+0000][1][safepoint    ] Safepoint "RevokeBias", Time since last: 1740000 ns, Reaching safepoint: 69100 ns, At safepoint: 22400 ns, Total: 91500 ns
[2020-03-27T08:33:08.803+0000][1][safepoint    ] Safepoint "RevokeBias", Time since last: 1034800 ns, Reaching safepoint: 237700 ns, At safepoint: 28400 ns, Total: 266100 ns
[2020-03-27T08:33:08.848+0000][1][safepoint    ] Safepoint "RevokeBias", Time since last: 45279897 ns, Reaching safepoint: 120700 ns, At safepoint: 31400 ns, Total: 152100 ns
[2020-03-27T08:33:09.850+0000][1][safepoint    ] Safepoint "Cleanup", Time since last: 1001201541 ns, Reaching safepoint: 109900 ns, At safepoint: 72600 ns, Total: 182500 ns
[2020-03-27T08:33:10.851+0000][1][safepoint    ] Safepoint "Cleanup", Time since last: 1000809139 ns, Reaching safepoint: 261900 ns, At safepoint: 49900 ns, Total: 311800 ns
[2020-03-27T08:33:11.853+0000][1][safepoint    ] Safepoint "Cleanup", Time since last: 1001749038 ns, Reaching safepoint: 285100 ns, At safepoint: 49700 ns, Total: 334800 ns
[2020-03-27T08:33:12.498+0000][1][safepoint    ] Safepoint "RevokeBias", Time since last: 644777360 ns, Reaching safepoint: 109500 ns, At safepoint: 19400 ns, Total: 128900 ns
[2020-03-27T08:33:12.961+0000][1][safepoint    ] Safepoint "RevokeBias", Time since last: 462870271 ns, Reaching safepoint: 283700 ns, At safepoint: 31900 ns, Total: 315600 ns
[2020-03-27T08:33:12.962+0000][1][safepoint    ] Safepoint "BulkRevokeBias", Time since last: 911900 ns, Reaching safepoint: 72600 ns, At safepoint: 390600 ns, Total: 463200 ns
[2020-03-27T08:33:12.964+0000][1][safepoint    ] Safepoint "RevokeBias", Time since last: 1649900 ns, Reaching safepoint: 202500 ns, At safepoint: 23400 ns, Total: 225900 ns
[2020-03-27T08:33:12.965+0000][1][safepoint    ] Safepoint "BulkRevokeBias", Time since last: 781400 ns, Reaching safepoint: 155700 ns, At safepoint: 418600 ns, Total: 574300 ns
[2020-03-27T08:33:13.007+0000][1][safepoint    ] Safepoint "RevokeBias", Time since last: 41727897 ns, Reaching safepoint: 124100 ns, At safepoint: 30900 ns, Total: 155000 ns
[2020-03-27T08:33:14.008+0000][1][safepoint    ] Safepoint "Cleanup", Time since last: 1000728038 ns, Reaching safepoint: 321100 ns, At safepoint: 82800 ns, Total: 403900 ns
[2020-03-27T08:33:15.011+0000][1][safepoint    ] Safepoint "Cleanup", Time since last: 1002091338 ns, Reaching safepoint: 377900 ns, At safepoint: 82900 ns, Total: 460800 ns
[2020-03-27T08:33:16.014+0000][1][safepoint    ] Safepoint "Cleanup", Time since last: 1002541838 ns, Reaching safepoint: 249800 ns, At safepoint: 66500 ns, Total: 316300 ns
[2020-03-27T08:33:17.016+0000][1][safepoint    ] Safepoint "Cleanup", Time since last: 1001413138 ns, Reaching safepoint: 458400 ns, At safepoint: 191899 ns, Total: 650299 ns
[2020-03-27T08:33:18.019+0000][1][safepoint    ] Safepoint "Cleanup", Time since last: 1002235838 ns, Reaching safepoint: 500300 ns, At safepoint: 95200 ns, Total: 595500 ns
[2020-03-27T08:33:18.149+0000][1][gc,start     ] GC(241) Pause Young (Allocation Failure)
[2020-03-27T08:33:18.150+0000][1][gc,task      ] GC(241) Using 2 workers of 2 for evacuation
[2020-03-27T08:33:18.157+0000][1][gc,age       ] GC(241) Desired survivor size 8716288 bytes, new threshold 6 (max threshold 6)
[2020-03-27T08:33:18.157+0000][1][gc,age       ] GC(241) Age table with threshold 6 (max threshold 6)
[2020-03-27T08:33:18.158+0000][1][gc,age       ] GC(241) - age   1:    1104912 bytes,    1104912 total
[2020-03-27T08:33:18.158+0000][1][gc,age       ] GC(241) - age   2:     560968 bytes,    1665880 total
[2020-03-27T08:33:18.159+0000][1][gc,age       ] GC(241) - age   3:     558208 bytes,    2224088 total
[2020-03-27T08:33:18.159+0000][1][gc,age       ] GC(241) - age   4:     463648 bytes,    2687736 total
[2020-03-27T08:33:18.160+0000][1][gc,age       ] GC(241) - age   5:     709048 bytes,    3396784 total
[2020-03-27T08:33:18.160+0000][1][gc,heap      ] GC(241) ParNew: 139246K->4030K(153344K)
[2020-03-27T08:33:18.161+0000][1][gc,heap      ] GC(241) CMS: 88606K->88606K(353920K)
[2020-03-27T08:33:18.161+0000][1][gc,metaspace ] GC(241) Metaspace: 98551K->98551K(1140736K)
[2020-03-27T08:33:18.161+0000][1][gc           ] GC(241) Pause Young (Allocation Failure) 222M->90M(495M) 12.104ms
[2020-03-27T08:33:18.162+0000][1][gc,cpu       ] GC(241) User=0.01s Sys=0.00s Real=0.01s
[2020-03-27T08:33:18.162+0000][1][safepoint    ] Safepoint "GenCollectForAllocation", Time since last: 130391592 ns, Reaching safepoint: 87300 ns, At safepoint: 12984199 ns, Total: 13071499 ns
[2020-03-27T08:33:18.166+0000][1][safepoint    ] Safepoint "RevokeBias", Time since last: 3329300 ns, Reaching safepoint: 210400 ns, At safepoint: 26600 ns, Total: 237000 ns
[2020-03-27T08:33:19.167+0000][1][safepoint    ] Safepoint "Cleanup", Time since last: 1000979336 ns, Reaching safepoint: 318500 ns, At safepoint: 85300 ns, Total: 403800 ns
[2020-03-27T08:33:20.170+0000][1][safepoint    ] Safepoint "Cleanup", Time since last: 1002186635 ns, Reaching safepoint: 492100 ns, At safepoint: 82300 ns, Total: 574400 ns
[2020-03-27T08:33:21.172+0000][1][safepoint    ] Safepoint "Cleanup", Time since last: 1002063435 ns, Reaching safepoint: 314900 ns, At safepoint: 85600 ns, Total: 400500 ns
[2020-03-27T08:33:22.175+0000][1][safepoint    ] Safepoint "Cleanup", Time since last: 1002535336 ns, Reaching safepoint: 375399 ns, At safepoint: 79900 ns, Total: 455299 ns
[2020-03-27T08:33:22.511+0000][1][safepoint    ] Safepoint "RevokeBias", Time since last: 335454779 ns, Reaching safepoint: 162500 ns, At safepoint: 19300 ns, Total: 181800 ns
[2020-03-27T08:33:23.512+0000][1][safepoint    ] Safepoint "Cleanup", Time since last: 1000592935 ns, Reaching safepoint: 393200 ns, At safepoint: 85500 ns, Total: 478700 ns
[2020-03-27T08:33:24.515+0000][1][safepoint    ] Safepoint "Cleanup", Time since last: 1002073935 ns, Reaching safepoint: 444200 ns, At safepoint: 99500 ns, Total: 543700 ns
[2020-03-27T08:33:25.517+0000][1][safepoint    ] Safepoint "Cleanup", Time since last: 1001699036 ns, Reaching safepoint: 113900 ns, At safepoint: 6800 ns, Total: 120700 ns
[2020-03-27T08:33:26.518+0000][1][safepoint    ] Safepoint "Cleanup", Time since last: 1001514934 ns, Reaching safepoint: 153300 ns, At safepoint: 22700 ns, Total: 176000 ns
[2020-03-27T08:33:27.519+0000][1][safepoint    ] Safepoint "Cleanup", Time since last: 1001081032 ns, Reaching safepoint: 101200 ns, At safepoint: 21400 ns, Total: 122600 ns
[2020-03-27T08:33:28.196+0000][1][safepoint    ] Safepoint "RevokeBias", Time since last: 676435454 ns, Reaching safepoint: 102900 ns, At safepoint: 24100 ns, Total: 127000 ns
[2020-03-27T08:33:29.198+0000][1][safepoint    ] Safepoint "Cleanup", Time since last: 1001054832 ns, Reaching safepoint: 357300 ns, At safepoint: 177600 ns, Total: 534900 ns
[2020-03-27T08:33:30.200+0000][1][safepoint    ] Safepoint "Cleanup", Time since last: 1002110832 ns, Reaching safepoint: 318900 ns, At safepoint: 87400 ns, Total: 406300 ns
[2020-03-27T08:33:31.203+0000][1][safepoint    ] Safepoint "Cleanup", Time since last: 1002187232 ns, Reaching safepoint: 446300 ns, At safepoint: 83500 ns, Total: 529800 ns
[2020-03-27T08:33:32.205+0000][1][safepoint    ] Safepoint "Cleanup", Time since last: 1001849331 ns, Reaching safepoint: 319700 ns, At safepoint: 86200 ns, Total: 405900 ns
[2020-03-27T08:33:32.526+0000][1][safepoint    ] Safepoint "RevokeBias", Time since last: 320265879 ns, Reaching safepoint: 179500 ns, At safepoint: 25500 ns, Total: 205000 ns
[2020-03-27T08:33:33.527+0000][1][safepoint    ] Safepoint "Cleanup", Time since last: 1001218232 ns, Reaching safepoint: 163099 ns, At safepoint: 42100 ns, Total: 205199 ns
[2020-03-27T08:33:34.529+0000][1][safepoint    ] Safepoint "Cleanup", Time since last: 1001163540 ns, Reaching safepoint: 530600 ns, At safepoint: 47700 ns, Total: 578300 ns
[2020-03-27T08:33:35.531+0000][1][safepoint    ] Safepoint "Cleanup", Time since last: 1001906087 ns, Reaching safepoint: 137900 ns, At safepoint: 30700 ns, Total: 168600 ns
[2020-03-27T08:33:36.532+0000][1][safepoint    ] Safepoint "Cleanup", Time since last: 1001142188 ns, Reaching safepoint: 260300 ns, At safepoint: 39600 ns, Total: 299900 ns
[2020-03-27T08:33:37.534+0000][1][safepoint    ] Safepoint "Cleanup", Time since last: 1001377687 ns, Reaching safepoint: 322100 ns, At safepoint: 90700 ns, Total: 412800 ns
[2020-03-27T08:33:38.148+0000][1][safepoint    ] Safepoint "RevokeBias", Time since last: 614256592 ns, Reaching safepoint: 93000 ns, At safepoint: 26600 ns, Total: 119600 ns
[2020-03-27T08:33:39.150+0000][1][safepoint    ] Safepoint "Cleanup", Time since last: 1000805288 ns, Reaching safepoint: 407000 ns, At safepoint: 81600 ns, Total: 488600 ns
[2020-03-27T08:33:40.153+0000][1][safepoint    ] Safepoint "Cleanup", Time since last: 1002389987 ns, Reaching safepoint: 548900 ns, At safepoint: 84200 ns, Total: 633100 ns
[2020-03-27T08:33:41.155+0000][1][safepoint    ] Safepoint "Cleanup", Time since last: 1002206488 ns, Reaching safepoint: 509100 ns, At safepoint: 45700 ns, Total: 554800 ns
[2020-03-27T08:33:42.158+0000][1][safepoint    ] Safepoint "Cleanup", Time since last: 1002213387 ns, Reaching safepoint: 327700 ns, At safepoint: 89300 ns, Total: 417000 ns
[2020-03-27T08:33:42.517+0000][1][safepoint    ] Safepoint "RevokeBias", Time since last: 359012717 ns, Reaching safepoint: 106500 ns, At safepoint: 16000 ns, Total: 122500 ns
[2020-03-27T08:33:43.518+0000][1][safepoint    ] Safepoint "Cleanup", Time since last: 1000608384 ns, Reaching safepoint: 106600 ns, At safepoint: 18300 ns, Total: 124900 ns
[2020-03-27T08:33:43.927+0000][1][gc,start     ] GC(242) Pause Young (Allocation Failure)
[2020-03-27T08:33:43.927+0000][1][gc,task      ] GC(242) Using 2 workers of 2 for evacuation
[2020-03-27T08:33:43.935+0000][1][gc,age       ] GC(242) Desired survivor size 8716288 bytes, new threshold 1 (max threshold 6)
[2020-03-27T08:33:43.936+0000][1][gc,age       ] GC(242) Age table with threshold 1 (max threshold 6)
[2020-03-27T08:33:43.936+0000][1][gc,age       ] GC(242) - age   1:   13328192 bytes,   13328192 total
[2020-03-27T08:33:43.937+0000][1][gc,age       ] GC(242) - age   2:     911224 bytes,   14239416 total
[2020-03-27T08:33:43.937+0000][1][gc,age       ] GC(242) - age   3:     560568 bytes,   14799984 total
[2020-03-27T08:33:43.937+0000][1][gc,age       ] GC(242) - age   4:     558208 bytes,   15358192 total
[2020-03-27T08:33:43.938+0000][1][gc,age       ] GC(242) - age   5:     460472 bytes,   15818664 total
[2020-03-27T08:33:43.938+0000][1][gc,age       ] GC(242) - age   6:     707768 bytes,   16526432 total
[2020-03-27T08:33:43.939+0000][1][gc,heap      ] GC(242) ParNew: 140350K->17024K(153344K)
[2020-03-27T08:33:43.939+0000][1][gc,heap      ] GC(242) CMS: 88606K->88606K(353920K)
[2020-03-27T08:33:43.940+0000][1][gc,metaspace ] GC(242) Metaspace: 98554K->98554K(1140736K)
[2020-03-27T08:33:43.940+0000][1][gc           ] GC(242) Pause Young (Allocation Failure) 223M->103M(495M) 13.060ms
[2020-03-27T08:33:43.940+0000][1][gc,cpu       ] GC(242) User=0.02s Sys=0.01s Real=0.01s
[2020-03-27T08:33:43.941+0000][1][safepoint    ] Safepoint "GenCollectForAllocation", Time since last: 408767975 ns, Reaching safepoint: 157300 ns, At safepoint: 13823002 ns, Total: 13980302 ns
[2020-03-27T08:33:43.955+0000][1][safepoint    ] Safepoint "RevokeBias", Time since last: 14181503 ns, Reaching safepoint: 371700 ns, At safepoint: 25300 ns, Total: 397000 ns
[2020-03-27T08:33:43.957+0000][1][safepoint    ] Safepoint "BulkRevokeBias", Time since last: 709100 ns, Reaching safepoint: 110700 ns, At safepoint: 449400 ns, Total: 560100 ns
[2020-03-27T08:33:43.957+0000][1][safepoint    ] Safepoint "RevokeBias", Time since last: 732100 ns, Reaching safepoint: 64200 ns, At safepoint: 21200 ns, Total: 85400 ns
[2020-03-27T08:33:43.958+0000][1][safepoint    ] Safepoint "RevokeBias", Time since last: 1007501 ns, Reaching safepoint: 56900 ns, At safepoint: 21500 ns, Total: 78400 ns
[2020-03-27T08:33:43.959+0000][1][safepoint    ] Safepoint "RevokeBias", Time since last: 550700 ns, Reaching safepoint: 55600 ns, At safepoint: 23400 ns, Total: 79000 ns
[2020-03-27T08:33:44.003+0000][1][safepoint    ] Safepoint "RevokeBias", Time since last: 44085008 ns, Reaching safepoint: 126200 ns, At safepoint: 18600 ns, Total: 144800 ns
[2020-03-27T08:33:44.082+0000][1][safepoint    ] Safepoint "RevokeBias", Time since last: 77953114 ns, Reaching safepoint: 511900 ns, At safepoint: 105600 ns, Total: 617500 ns
[2020-03-27T08:33:44.117+0000][1][safepoint    ] Safepoint "RevokeBias", Time since last: 34670607 ns, Reaching safepoint: 383800 ns, At safepoint: 37100 ns, Total: 420900 ns
[2020-03-27T08:33:44.118+0000][1][safepoint    ] Safepoint "RevokeBias", Time since last: 702200 ns, Reaching safepoint: 215300 ns, At safepoint: 15600 ns, Total: 230900 ns
[2020-03-27T08:33:44.120+0000][1][safepoint    ] Safepoint "RevokeBias", Time since last: 1839000 ns, Reaching safepoint: 685100 ns, At safepoint: 18000 ns, Total: 703100 ns
[2020-03-27T08:33:44.122+0000][1][safepoint    ] Safepoint "RevokeBias", Time since last: 1612701 ns, Reaching safepoint: 194300 ns, At safepoint: 14900 ns, Total: 209200 ns
[2020-03-27T08:33:44.162+0000][1][safepoint    ] Safepoint "RevokeBias", Time since last: 40007207 ns, Reaching safepoint: 137000 ns, At safepoint: 28200 ns, Total: 165200 ns
[2020-03-27T08:33:44.224+0000][1][safepoint    ] Safepoint "RevokeBias", Time since last: 61535711 ns, Reaching safepoint: 149500 ns, At safepoint: 19300 ns, Total: 168800 ns
[2020-03-27T08:33:44.225+0000][1][safepoint    ] Safepoint "RevokeBias", Time since last: 914501 ns, Reaching safepoint: 92100 ns, At safepoint: 23300 ns, Total: 115400 ns
[2020-03-27T08:33:44.227+0000][1][safepoint    ] Safepoint "RevokeBias", Time since last: 1437600 ns, Reaching safepoint: 66700 ns, At safepoint: 22000 ns, Total: 88700 ns
[2020-03-27T08:33:44.228+0000][1][safepoint    ] Safepoint "RevokeBias", Time since last: 966900 ns, Reaching safepoint: 61300 ns, At safepoint: 21200 ns, Total: 82500 ns
[2020-03-27T08:33:45.229+0000][1][safepoint    ] Safepoint "Cleanup", Time since last: 1000690184 ns, Reaching safepoint: 367200 ns, At safepoint: 83600 ns, Total: 450800 ns
[2020-03-27T08:33:45.407+0000][1][safepoint    ] Safepoint "RevokeBias", Time since last: 177475633 ns, Reaching safepoint: 139500 ns, At safepoint: 21000 ns, Total: 160500 ns
[2020-03-27T08:33:45.407+0000][1][safepoint    ] Safepoint "RevokeBias", Time since last: 404900 ns, Reaching safepoint: 80700 ns, At safepoint: 10900 ns, Total: 91600 ns
[2020-03-27T08:33:45.409+0000][1][safepoint    ] Safepoint "RevokeBias", Time since last: 1339800 ns, Reaching safepoint: 82100 ns, At safepoint: 37600 ns, Total: 119700 ns
[2020-03-27T08:33:45.410+0000][1][safepoint    ] Safepoint "RevokeBias", Time since last: 1044600 ns, Reaching safepoint: 81200 ns, At safepoint: 20800 ns, Total: 102000 ns
[2020-03-27T08:33:45.459+0000][1][safepoint    ] Safepoint "RevokeBias", Time since last: 49255909 ns, Reaching safepoint: 204700 ns, At safepoint: 27500 ns, Total: 232200 ns
[2020-03-27T08:33:46.461+0000][1][safepoint    ] Safepoint "Cleanup", Time since last: 1001188985 ns, Reaching safepoint: 408400 ns, At safepoint: 82900 ns, Total: 491300 ns
[2020-03-27T08:33:47.463+0000][1][safepoint    ] Safepoint "Cleanup", Time since last: 1002241784 ns, Reaching safepoint: 318700 ns, At safepoint: 86400 ns, Total: 405100 ns
[2020-03-27T08:33:48.135+0000][1][gc,start     ] GC(243) Pause Young (Allocation Failure)
[2020-03-27T08:33:48.136+0000][1][gc,task      ] GC(243) Using 2 workers of 2 for evacuation
[2020-03-27T08:33:48.142+0000][1][gc,age       ] GC(243) Desired survivor size 8716288 bytes, new threshold 6 (max threshold 6)
[2020-03-27T08:33:48.143+0000][1][gc,age       ] GC(243) Age table with threshold 6 (max threshold 6)
[2020-03-27T08:33:48.143+0000][1][gc,age       ] GC(243) - age   1:    1600976 bytes,    1600976 total
[2020-03-27T08:33:48.144+0000][1][gc,heap      ] GC(243) ParNew: 153344K->12894K(153344K)
[2020-03-27T08:33:48.144+0000][1][gc,heap      ] GC(243) CMS: 88606K->91585K(353920K)
[2020-03-27T08:33:48.145+0000][1][gc,metaspace ] GC(243) Metaspace: 98569K->98569K(1140736K)
[2020-03-27T08:33:48.145+0000][1][gc           ] GC(243) Pause Young (Allocation Failure) 236M->102M(495M) 10.385ms
[2020-03-27T08:33:48.146+0000][1][gc,cpu       ] GC(243) User=0.01s Sys=0.00s Real=0.02s
[2020-03-27T08:33:48.146+0000][1][safepoint    ] Safepoint "GenCollectForAllocation", Time since last: 671425624 ns, Reaching safepoint: 103800 ns, At safepoint: 11367602 ns, Total: 11471402 ns
[2020-03-27T08:33:48.183+0000][1][safepoint    ] Safepoint "RevokeBias", Time since last: 36331706 ns, Reaching safepoint: 226100 ns, At safepoint: 26900 ns, Total: 253000 ns
[2020-03-27T08:33:49.095+0000][1][safepoint    ] Safepoint "RevokeBias", Time since last: 912057068 ns, Reaching safepoint: 198700 ns, At safepoint: 39900 ns, Total: 238600 ns
[2020-03-27T08:33:49.096+0000][1][safepoint    ] Safepoint "RevokeBias", Time since last: 688100 ns, Reaching safepoint: 78100 ns, At safepoint: 12600 ns, Total: 90700 ns
[2020-03-27T08:33:49.098+0000][1][safepoint    ] Safepoint "RevokeBias", Time since last: 1316100 ns, Reaching safepoint: 161501 ns, At safepoint: 11500 ns, Total: 173001 ns
[2020-03-27T08:33:49.099+0000][1][safepoint    ] Safepoint "RevokeBias", Time since last: 1190500 ns, Reaching safepoint: 76500 ns, At safepoint: 14200 ns, Total: 90700 ns
[2020-03-27T08:33:49.141+0000][1][safepoint    ] Safepoint "RevokeBias", Time since last: 42034607 ns, Reaching safepoint: 95201 ns, At safepoint: 29300 ns, Total: 124501 ns
[2020-03-27T08:33:50.142+0000][1][safepoint    ] Safepoint "Cleanup", Time since last: 1000836884 ns, Reaching safepoint: 316900 ns, At safepoint: 85800 ns, Total: 402700 ns
[2020-03-27T08:33:51.145+0000][1][safepoint    ] Safepoint "Cleanup", Time since last: 1001986141 ns, Reaching safepoint: 501500 ns, At safepoint: 77200 ns, Total: 578700 ns
[2020-03-27T08:33:52.147+0000][1][safepoint    ] Safepoint "Cleanup", Time since last: 1002211025 ns, Reaching safepoint: 318700 ns, At safepoint: 84900 ns, Total: 403600 ns
[2020-03-27T08:33:52.605+0000][1][safepoint    ] Safepoint "RevokeBias", Time since last: 457566857 ns, Reaching safepoint: 244900 ns, At safepoint: 18300 ns, Total: 263200 ns
[2020-03-27T08:33:53.222+0000][1][safepoint    ] Safepoint "RevokeBias", Time since last: 616932677 ns, Reaching safepoint: 254500 ns, At safepoint: 37900 ns, Total: 292400 ns
[2020-03-27T08:33:53.223+0000][1][safepoint    ] Safepoint "RevokeBias", Time since last: 866200 ns, Reaching safepoint: 91200 ns, At safepoint: 23200 ns, Total: 114400 ns
[2020-03-27T08:33:53.225+0000][1][safepoint    ] Safepoint "RevokeBias", Time since last: 1763201 ns, Reaching safepoint: 124700 ns, At safepoint: 16000 ns, Total: 140700 ns
[2020-03-27T08:33:53.226+0000][1][safepoint    ] Safepoint "RevokeBias", Time since last: 580100 ns, Reaching safepoint: 87900 ns, At safepoint: 14100 ns, Total: 102000 ns
[2020-03-27T08:33:53.287+0000][1][safepoint    ] Safepoint "RevokeBias", Time since last: 60658907 ns, Reaching safepoint: 269100 ns, At safepoint: 39100 ns, Total: 308200 ns
[2020-03-27T08:33:54.288+0000][1][safepoint    ] Safepoint "Cleanup", Time since last: 1000808125 ns, Reaching safepoint: 326100 ns, At safepoint: 84100 ns, Total: 410200 ns
[2020-03-27T08:33:55.291+0000][1][safepoint    ] Safepoint "Cleanup", Time since last: 1001988225 ns, Reaching safepoint: 470200 ns, At safepoint: 64000 ns, Total: 534200 ns
[2020-03-27T08:33:55.996+0000][1][gc,start     ] GC(244) Pause Young (Allocation Failure)
[2020-03-27T08:33:55.997+0000][1][gc,task      ] GC(244) Using 2 workers of 2 for evacuation
[2020-03-27T08:33:56.010+0000][1][gc,age       ] GC(244) Desired survivor size 8716288 bytes, new threshold 6 (max threshold 6)
[2020-03-27T08:33:56.011+0000][1][gc,age       ] GC(244) Age table with threshold 6 (max threshold 6)
[2020-03-27T08:33:56.011+0000][1][gc,age       ] GC(244) - age   1:    1038672 bytes,    1038672 total
[2020-03-27T08:33:56.012+0000][1][gc,age       ] GC(244) - age   2:    1076952 bytes,    2115624 total
[2020-03-27T08:33:56.012+0000][1][gc,heap      ] GC(244) ParNew: 149214K->5275K(153344K)
[2020-03-27T08:33:56.013+0000][1][gc,heap      ] GC(244) CMS: 91585K->91585K(353920K)
[2020-03-27T08:33:56.013+0000][1][gc,metaspace ] GC(244) Metaspace: 98571K->98571K(1140736K)
[2020-03-27T08:33:56.014+0000][1][gc           ] GC(244) Pause Young (Allocation Failure) 235M->94M(495M) 17.572ms
[2020-03-27T08:33:56.014+0000][1][gc,cpu       ] GC(244) User=0.01s Sys=0.00s Real=0.01s
[2020-03-27T08:33:56.015+0000][1][safepoint    ] Safepoint "GenCollectForAllocation", Time since last: 705113888 ns, Reaching safepoint: 159900 ns, At safepoint: 18613902 ns, Total: 18773802 ns
[2020-03-27T08:33:57.016+0000][1][safepoint    ] Safepoint "Cleanup", Time since last: 1000991125 ns, Reaching safepoint: 369600 ns, At safepoint: 64700 ns, Total: 434300 ns
[2020-03-27T08:33:58.018+0000][1][safepoint    ] Safepoint "Cleanup", Time since last: 1001826725 ns, Reaching safepoint: 476200 ns, At safepoint: 90400 ns, Total: 566600 ns
[2020-03-27T08:33:58.181+0000][1][safepoint    ] Safepoint "RevokeBias", Time since last: 162666120 ns, Reaching safepoint: 96100 ns, At safepoint: 24500 ns, Total: 120600 ns
[2020-03-27T08:33:58.220+0000][1][safepoint    ] Safepoint "RevokeBias", Time since last: 38623205 ns, Reaching safepoint: 153200 ns, At safepoint: 19100 ns, Total: 172300 ns
[2020-03-27T08:33:58.221+0000][1][safepoint    ] Safepoint "RevokeBias", Time since last: 994400 ns, Reaching safepoint: 75400 ns, At safepoint: 11300 ns, Total: 86700 ns
[2020-03-27T08:33:58.222+0000][1][safepoint    ] Safepoint "RevokeBias", Time since last: 1110400 ns, Reaching safepoint: 57100 ns, At safepoint: 20600 ns, Total: 77700 ns
[2020-03-27T08:33:58.223+0000][1][safepoint    ] Safepoint "RevokeBias", Time since last: 1098000 ns, Reaching safepoint: 89600 ns, At safepoint: 25000 ns, Total: 114600 ns
[2020-03-27T08:33:58.267+0000][1][safepoint    ] Safepoint "RevokeBias", Time since last: 42848406 ns, Reaching safepoint: 225100 ns, At safepoint: 19000 ns, Total: 244100 ns
[2020-03-27T08:33:59.268+0000][1][safepoint    ] Safepoint "Cleanup", Time since last: 1000696158 ns, Reaching safepoint: 407700 ns, At safepoint: 81900 ns, Total: 489600 ns
[2020-03-27T08:34:00.270+0000][1][safepoint    ] Safepoint "Cleanup", Time since last: 1002113143 ns, Reaching safepoint: 321800 ns, At safepoint: 87000 ns, Total: 408800 ns
[2020-03-27T08:34:01.273+0000][1][safepoint    ] Safepoint "Cleanup", Time since last: 1002016244 ns, Reaching safepoint: 410800 ns, At safepoint: 85900 ns, Total: 496700 ns
[2020-03-27T08:34:02.275+0000][1][safepoint    ] Safepoint "Cleanup", Time since last: 1002235244 ns, Reaching safepoint: 319400 ns, At safepoint: 86700 ns, Total: 406100 ns
[2020-03-27T08:34:02.547+0000][1][safepoint    ] Safepoint "RevokeBias", Time since last: 271603811 ns, Reaching safepoint: 177000 ns, At safepoint: 30700 ns, Total: 207700 ns
[2020-03-27T08:34:03.349+0000][1][gc,start     ] GC(245) Pause Young (Allocation Failure)
[2020-03-27T08:34:03.351+0000][1][gc,task      ] GC(245) Using 2 workers of 2 for evacuation
[2020-03-27T08:34:03.362+0000][1][gc,age       ] GC(245) Desired survivor size 8716288 bytes, new threshold 6 (max threshold 6)
[2020-03-27T08:34:03.363+0000][1][gc,age       ] GC(245) Age table with threshold 6 (max threshold 6)
[2020-03-27T08:34:03.363+0000][1][gc,age       ] GC(245) - age   1:    3592528 bytes,    3592528 total
[2020-03-27T08:34:03.364+0000][1][gc,age       ] GC(245) - age   2:     574272 bytes,    4166800 total
[2020-03-27T08:34:03.364+0000][1][gc,age       ] GC(245) - age   3:    1076432 bytes,    5243232 total
[2020-03-27T08:34:03.365+0000][1][gc,heap      ] GC(245) ParNew: 141529K->6280K(153344K)
[2020-03-27T08:34:03.365+0000][1][gc,heap      ] GC(245) CMS: 91585K->91585K(353920K)
[2020-03-27T08:34:03.366+0000][1][gc,metaspace ] GC(245) Metaspace: 98574K->98574K(1140736K)
[2020-03-27T08:34:03.366+0000][1][gc           ] GC(245) Pause Young (Allocation Failure) 227M->95M(495M) 16.716ms
[2020-03-27T08:34:03.366+0000][1][gc,cpu       ] GC(245) User=0.00s Sys=0.01s Real=0.02s
[2020-03-27T08:34:03.367+0000][1][safepoint    ] Safepoint "GenCollectForAllocation", Time since last: 801762035 ns, Reaching safepoint: 234600 ns, At safepoint: 17780201 ns, Total: 18014801 ns
[2020-03-27T08:34:03.378+0000][1][safepoint    ] Safepoint "RevokeBias", Time since last: 10204801 ns, Reaching safepoint: 367000 ns, At safepoint: 23300 ns, Total: 390300 ns
[2020-03-27T08:34:03.379+0000][1][safepoint    ] Safepoint "RevokeBias", Time since last: 949200 ns, Reaching safepoint: 68100 ns, At safepoint: 22900 ns, Total: 91000 ns
[2020-03-27T08:34:03.380+0000][1][safepoint    ] Safepoint "RevokeBias", Time since last: 1544000 ns, Reaching safepoint: 154100 ns, At safepoint: 23800 ns, Total: 177900 ns
[2020-03-27T08:34:03.382+0000][1][safepoint    ] Safepoint "RevokeBias", Time since last: 1031800 ns, Reaching safepoint: 144400 ns, At safepoint: 22700 ns, Total: 167100 ns
[2020-03-27T08:34:03.420+0000][1][safepoint    ] Safepoint "BulkRevokeBias", Time since last: 38166201 ns, Reaching safepoint: 133600 ns, At safepoint: 535901 ns, Total: 669501 ns
[2020-03-27T08:34:04.421+0000][1][safepoint    ] Safepoint "Cleanup", Time since last: 1000477243 ns, Reaching safepoint: 314000 ns, At safepoint: 84900 ns, Total: 398900 ns
[2020-03-27T08:34:05.424+0000][1][safepoint    ] Safepoint "Cleanup", Time since last: 1002165744 ns, Reaching safepoint: 192300 ns, At safepoint: 35600 ns, Total: 227900 ns
[2020-03-27T08:34:06.426+0000][1][safepoint    ] Safepoint "Cleanup", Time since last: 1001516743 ns, Reaching safepoint: 463300 ns, At safepoint: 81200 ns, Total: 544500 ns
[2020-03-27T08:34:07.428+0000][1][safepoint    ] Safepoint "Cleanup", Time since last: 1001968781 ns, Reaching safepoint: 326100 ns, At safepoint: 86200 ns, Total: 412300 ns
[2020-03-27T08:34:08.196+0000][1][safepoint    ] Safepoint "RevokeBias", Time since last: 768136462 ns, Reaching safepoint: 97400 ns, At safepoint: 25500 ns, Total: 122900 ns
[2020-03-27T08:34:08.373+0000][1][safepoint    ] Safepoint "RevokeBias", Time since last: 176632015 ns, Reaching safepoint: 262600 ns, At safepoint: 37400 ns, Total: 300000 ns
[2020-03-27T08:34:08.374+0000][1][safepoint    ] Safepoint "RevokeBias", Time since last: 1047100 ns, Reaching safepoint: 63700 ns, At safepoint: 21900 ns, Total: 85600 ns
[2020-03-27T08:34:08.376+0000][1][safepoint    ] Safepoint "RevokeBias", Time since last: 1811500 ns, Reaching safepoint: 64600 ns, At safepoint: 13700 ns, Total: 78300 ns
[2020-03-27T08:34:08.378+0000][1][safepoint    ] Safepoint "RevokeBias", Time since last: 1545000 ns, Reaching safepoint: 88700 ns, At safepoint: 22200 ns, Total: 110900 ns
[2020-03-27T08:34:08.420+0000][1][safepoint    ] Safepoint "RevokeBias", Time since last: 42129503 ns, Reaching safepoint: 114500 ns, At safepoint: 25200 ns, Total: 139700 ns
[2020-03-27T08:34:08.489+0000][1][safepoint    ] Safepoint "RevokeBias", Time since last: 68765306 ns, Reaching safepoint: 185600 ns, At safepoint: 26100 ns, Total: 211700 ns
[2020-03-27T08:34:08.620+0000][1][gc,start     ] GC(246) Pause Young (Allocation Failure)
[2020-03-27T08:34:08.620+0000][1][gc,task      ] GC(246) Using 2 workers of 2 for evacuation
[2020-03-27T08:34:08.625+0000][1][gc,age       ] GC(246) Desired survivor size 8716288 bytes, new threshold 6 (max threshold 6)
[2020-03-27T08:34:08.626+0000][1][gc,age       ] GC(246) Age table with threshold 6 (max threshold 6)
[2020-03-27T08:34:08.626+0000][1][gc,age       ] GC(246) - age   1:    1942616 bytes,    1942616 total
[2020-03-27T08:34:08.627+0000][1][gc,age       ] GC(246) - age   2:     362960 bytes,    2305576 total
[2020-03-27T08:34:08.627+0000][1][gc,age       ] GC(246) - age   3:     566160 bytes,    2871736 total
[2020-03-27T08:34:08.627+0000][1][gc,age       ] GC(246) - age   4:    1075952 bytes,    3947688 total
[2020-03-27T08:34:08.628+0000][1][gc,heap      ] GC(246) ParNew: 142113K->6283K(153344K)
[2020-03-27T08:34:08.628+0000][1][gc,heap      ] GC(246) CMS: 91585K->91585K(353920K)
[2020-03-27T08:34:08.629+0000][1][gc,metaspace ] GC(246) Metaspace: 98577K->98577K(1140736K)
[2020-03-27T08:34:08.629+0000][1][gc           ] GC(246) Pause Young (Allocation Failure) 228M->95M(495M) 9.002ms
[2020-03-27T08:34:08.629+0000][1][gc,cpu       ] GC(246) User=0.01s Sys=0.00s Real=0.01s
[2020-03-27T08:34:08.630+0000][1][safepoint    ] Safepoint "GenCollectForAllocation", Time since last: 130449911 ns, Reaching safepoint: 167200 ns, At safepoint: 9658800 ns, Total: 9826000 ns
[2020-03-27T08:34:08.749+0000][1][safepoint    ] Safepoint "RevokeBias", Time since last: 119710910 ns, Reaching safepoint: 181900 ns, At safepoint: 25800 ns, Total: 207700 ns
[2020-03-27T08:34:08.750+0000][1][safepoint    ] Safepoint "RevokeBias", Time since last: 388900 ns, Reaching safepoint: 55600 ns, At safepoint: 29700 ns, Total: 85300 ns
[2020-03-27T08:34:08.751+0000][1][safepoint    ] Safepoint "BulkRevokeBias", Time since last: 352000 ns, Reaching safepoint: 67200 ns, At safepoint: 413200 ns, Total: 480400 ns
[2020-03-27T08:34:09.491+0000][1][safepoint    ] Safepoint "RevokeBias", Time since last: 739484660 ns, Reaching safepoint: 416300 ns, At safepoint: 91600 ns, Total: 507900 ns
[2020-03-27T08:34:09.502+0000][1][safepoint    ] Safepoint "RevokeBias", Time since last: 10869201 ns, Reaching safepoint: 587600 ns, At safepoint: 87600 ns, Total: 675200 ns
[2020-03-27T08:34:09.506+0000][1][safepoint    ] Safepoint "RevokeBias", Time since last: 3738001 ns, Reaching safepoint: 274300 ns, At safepoint: 24600 ns, Total: 298900 ns
[2020-03-27T08:34:09.510+0000][1][safepoint    ] Safepoint "RevokeBias", Time since last: 3469600 ns, Reaching safepoint: 396200 ns, At safepoint: 42600 ns, Total: 438800 ns
[2020-03-27T08:34:09.512+0000][1][safepoint    ] Safepoint "RevokeBias", Time since last: 1657400 ns, Reaching safepoint: 312300 ns, At safepoint: 25500 ns, Total: 337800 ns
[2020-03-27T08:34:09.514+0000][1][safepoint    ] Safepoint "RevokeBias", Time since last: 1563200 ns, Reaching safepoint: 283200 ns, At safepoint: 32300 ns, Total: 315500 ns
[2020-03-27T08:34:09.516+0000][1][safepoint    ] Safepoint "RevokeBias", Time since last: 1862401 ns, Reaching safepoint: 154200 ns, At safepoint: 48800 ns, Total: 203000 ns
[2020-03-27T08:34:09.518+0000][1][safepoint    ] Safepoint "RevokeBias", Time since last: 1269700 ns, Reaching safepoint: 176500 ns, At safepoint: 62200 ns, Total: 238700 ns
[2020-03-27T08:34:10.519+0000][1][safepoint    ] Safepoint "Cleanup", Time since last: 1001232881 ns, Reaching safepoint: 332800 ns, At safepoint: 31100 ns, Total: 363900 ns
[2020-03-27T08:34:11.522+0000][1][safepoint    ] Safepoint "Cleanup", Time since last: 1001953982 ns, Reaching safepoint: 451300 ns, At safepoint: 82200 ns, Total: 533500 ns
[2020-03-27T08:34:12.524+0000][1][safepoint    ] Safepoint "Cleanup", Time since last: 1002117881 ns, Reaching safepoint: 316800 ns, At safepoint: 84900 ns, Total: 401700 ns
[2020-03-27T08:34:12.568+0000][1][safepoint    ] Safepoint "RevokeBias", Time since last: 43623704 ns, Reaching safepoint: 276300 ns, At safepoint: 70200 ns, Total: 346500 ns
[2020-03-27T08:34:12.666+0000][1][safepoint    ] Safepoint "RevokeBias", Time since last: 97679008 ns, Reaching safepoint: 244100 ns, At safepoint: 21800 ns, Total: 265900 ns
[2020-03-27T08:34:12.667+0000][1][safepoint    ] Safepoint "BulkRevokeBias", Time since last: 514900 ns, Reaching safepoint: 76300 ns, At safepoint: 413200 ns, Total: 489500 ns
[2020-03-27T08:34:12.669+0000][1][safepoint    ] Safepoint "RevokeBias", Time since last: 1493100 ns, Reaching safepoint: 66200 ns, At safepoint: 12100 ns, Total: 78300 ns
[2020-03-27T08:34:12.670+0000][1][safepoint    ] Safepoint "BulkRevokeBias", Time since last: 1078600 ns, Reaching safepoint: 59500 ns, At safepoint: 401400 ns, Total: 460900 ns
[2020-03-27T08:34:12.711+0000][1][safepoint    ] Safepoint "RevokeBias", Time since last: 40604103 ns, Reaching safepoint: 127300 ns, At safepoint: 19100 ns, Total: 146400 ns
[2020-03-27T08:34:13.744+0000][1][safepoint    ] Safepoint "Cleanup", Time since last: 1032075984 ns, Reaching safepoint: 355500 ns, At safepoint: 168700 ns, Total: 524200 ns
[2020-03-27T08:34:14.746+0000][1][safepoint    ] Safepoint "Cleanup", Time since last: 1002159976 ns, Reaching safepoint: 420100 ns, At safepoint: 86600 ns, Total: 506700 ns
[2020-03-27T08:34:15.749+0000][1][safepoint    ] Safepoint "Cleanup", Time since last: 1002279260 ns, Reaching safepoint: 317700 ns, At safepoint: 89600 ns, Total: 407300 ns
[2020-03-27T08:34:16.752+0000][1][safepoint    ] Safepoint "Cleanup", Time since last: 1002406060 ns, Reaching safepoint: 399100 ns, At safepoint: 84300 ns, Total: 483400 ns
[2020-03-27T08:34:17.755+0000][1][safepoint    ] Safepoint "Cleanup", Time since last: 1002325960 ns, Reaching safepoint: 407600 ns, At safepoint: 83400 ns, Total: 491000 ns
[2020-03-27T08:34:18.136+0000][1][safepoint    ] Safepoint "RevokeBias", Time since last: 380891422 ns, Reaching safepoint: 90600 ns, At safepoint: 23700 ns, Total: 114300 ns
[2020-03-27T08:34:18.144+0000][1][gc,start     ] GC(247) Pause Young (Allocation Failure)
[2020-03-27T08:34:18.145+0000][1][gc,task      ] GC(247) Using 2 workers of 2 for evacuation
[2020-03-27T08:34:18.149+0000][1][gc,age       ] GC(247) Desired survivor size 8716288 bytes, new threshold 6 (max threshold 6)
[2020-03-27T08:34:18.150+0000][1][gc,age       ] GC(247) Age table with threshold 6 (max threshold 6)
[2020-03-27T08:34:18.150+0000][1][gc,age       ] GC(247) - age   1:     983296 bytes,     983296 total
[2020-03-27T08:34:18.151+0000][1][gc,age       ] GC(247) - age   2:     222520 bytes,    1205816 total
[2020-03-27T08:34:18.151+0000][1][gc,age       ] GC(247) - age   3:       5984 bytes,    1211800 total
[2020-03-27T08:34:18.151+0000][1][gc,age       ] GC(247) - age   4:     215912 bytes,    1427712 total
[2020-03-27T08:34:18.152+0000][1][gc,age       ] GC(247) - age   5:     486192 bytes,    1913904 total
[2020-03-27T08:34:18.152+0000][1][gc,heap      ] GC(247) ParNew: 142579K->3937K(153344K)
[2020-03-27T08:34:18.153+0000][1][gc,heap      ] GC(247) CMS: 91585K->91585K(353920K)
[2020-03-27T08:34:18.153+0000][1][gc,metaspace ] GC(247) Metaspace: 98581K->98581K(1140736K)
[2020-03-27T08:34:18.154+0000][1][gc           ] GC(247) Pause Young (Allocation Failure) 228M->93M(495M) 9.174ms
[2020-03-27T08:34:18.154+0000][1][gc,cpu       ] GC(247) User=0.01s Sys=0.00s Real=0.01s
[2020-03-27T08:34:18.154+0000][1][safepoint    ] Safepoint "GenCollectForAllocation", Time since last: 8415801 ns, Reaching safepoint: 218200 ns, At safepoint: 10063001 ns, Total: 10281201 ns
[2020-03-27T08:34:19.155+0000][1][safepoint    ] Safepoint "Cleanup", Time since last: 1000634959 ns, Reaching safepoint: 316400 ns, At safepoint: 84700 ns, Total: 401100 ns
[2020-03-27T08:34:20.158+0000][1][safepoint    ] Safepoint "Cleanup", Time since last: 1002217760 ns, Reaching safepoint: 316800 ns, At safepoint: 81600 ns, Total: 398400 ns
[2020-03-27T08:34:21.160+0000][1][safepoint    ] Safepoint "Cleanup", Time since last: 1001849960 ns, Reaching safepoint: 360700 ns, At safepoint: 83500 ns, Total: 444200 ns
[2020-03-27T08:34:22.163+0000][1][safepoint    ] Safepoint "Cleanup", Time since last: 1002213360 ns, Reaching safepoint: 319500 ns, At safepoint: 86500 ns, Total: 406000 ns
[2020-03-27T08:34:22.563+0000][1][safepoint    ] Safepoint "RevokeBias", Time since last: 399487623 ns, Reaching safepoint: 454800 ns, At safepoint: 21700 ns, Total: 476500 ns
[2020-03-27T08:34:23.565+0000][1][safepoint    ] Safepoint "Cleanup", Time since last: 1001208454 ns, Reaching safepoint: 479500 ns, At safepoint: 92700 ns, Total: 572200 ns
[2020-03-27T08:34:24.567+0000][1][safepoint    ] Safepoint "Cleanup", Time since last: 1002084854 ns, Reaching safepoint: 93800 ns, At safepoint: 19800 ns, Total: 113600 ns
[2020-03-27T08:34:25.568+0000][1][safepoint    ] Safepoint "Cleanup", Time since last: 1000896153 ns, Reaching safepoint: 319500 ns, At safepoint: 88400 ns, Total: 407900 ns
[2020-03-27T08:34:26.571+0000][1][safepoint    ] Safepoint "Cleanup", Time since last: 1002349454 ns, Reaching safepoint: 420700 ns, At safepoint: 85000 ns, Total: 505700 ns
[2020-03-27T08:34:27.574+0000][1][safepoint    ] Safepoint "Cleanup", Time since last: 1002429554 ns, Reaching safepoint: 126200 ns, At safepoint: 16400 ns, Total: 142600 ns
[2020-03-27T08:34:28.184+0000][1][safepoint    ] Safepoint "RevokeBias", Time since last: 610434632 ns, Reaching safepoint: 90000 ns, At safepoint: 22800 ns, Total: 112800 ns
[2020-03-27T08:34:29.186+0000][1][safepoint    ] Safepoint "Cleanup", Time since last: 1001046254 ns, Reaching safepoint: 406100 ns, At safepoint: 84200 ns, Total: 490300 ns
[2020-03-27T08:34:30.188+0000][1][safepoint    ] Safepoint "Cleanup", Time since last: 1001892153 ns, Reaching safepoint: 320300 ns, At safepoint: 83200 ns, Total: 403500 ns
[2020-03-27T08:34:31.191+0000][1][safepoint    ] Safepoint "Cleanup", Time since last: 1002053238 ns, Reaching safepoint: 328300 ns, At safepoint: 157800 ns, Total: 486100 ns
[2020-03-27T08:34:32.193+0000][1][safepoint    ] Safepoint "Cleanup", Time since last: 1002007429 ns, Reaching safepoint: 410700 ns, At safepoint: 83200 ns, Total: 493900 ns
[2020-03-27T08:34:32.573+0000][1][safepoint    ] Safepoint "RevokeBias", Time since last: 379256411 ns, Reaching safepoint: 376900 ns, At safepoint: 40900 ns, Total: 417800 ns
[2020-03-27T08:34:33.575+0000][1][safepoint    ] Safepoint "Cleanup", Time since last: 1001349029 ns, Reaching safepoint: 318000 ns, At safepoint: 207700 ns, Total: 525700 ns
[2020-03-27T08:34:34.577+0000][1][safepoint    ] Safepoint "Cleanup", Time since last: 1002276229 ns, Reaching safepoint: 320400 ns, At safepoint: 80200 ns, Total: 400600 ns
[2020-03-27T08:34:35.580+0000][1][safepoint    ] Safepoint "Cleanup", Time since last: 1002175230 ns, Reaching safepoint: 470400 ns, At safepoint: 74000 ns, Total: 544400 ns
[2020-03-27T08:34:36.583+0000][1][safepoint    ] Safepoint "Cleanup", Time since last: 1002196029 ns, Reaching safepoint: 456700 ns, At safepoint: 82400 ns, Total: 539100 ns
[2020-03-27T08:34:37.585+0000][1][safepoint    ] Safepoint "Cleanup", Time since last: 1002305829 ns, Reaching safepoint: 321400 ns, At safepoint: 86700 ns, Total: 408100 ns
[2020-03-27T08:34:38.160+0000][1][safepoint    ] Safepoint "RevokeBias", Time since last: 574381817 ns, Reaching safepoint: 203800 ns, At safepoint: 32000 ns, Total: 235800 ns
[2020-03-27T08:34:39.161+0000][1][safepoint    ] Safepoint "Cleanup", Time since last: 1000983619 ns, Reaching safepoint: 317600 ns, At safepoint: 84700 ns, Total: 402300 ns
[2020-03-27T08:34:40.164+0000][1][safepoint    ] Safepoint "Cleanup", Time since last: 1002324213 ns, Reaching safepoint: 318500 ns, At safepoint: 84000 ns, Total: 402500 ns
[2020-03-27T08:34:41.167+0000][1][safepoint    ] Safepoint "Cleanup", Time since last: 1002129013 ns, Reaching safepoint: 488000 ns, At safepoint: 74000 ns, Total: 562000 ns
[2020-03-27T08:34:42.169+0000][1][safepoint    ] Safepoint "Cleanup", Time since last: 1002074714 ns, Reaching safepoint: 325700 ns, At safepoint: 85000 ns, Total: 410700 ns
[2020-03-27T08:34:42.575+0000][1][safepoint    ] Safepoint "RevokeBias", Time since last: 405265905 ns, Reaching safepoint: 134700 ns, At safepoint: 16000 ns, Total: 150700 ns
[2020-03-27T08:34:43.576+0000][1][safepoint    ] Safepoint "Cleanup", Time since last: 1000652313 ns, Reaching safepoint: 133400 ns, At safepoint: 19800 ns, Total: 153200 ns
[2020-03-27T08:34:43.648+0000][1][gc,start     ] GC(248) Pause Young (Allocation Failure)
[2020-03-27T08:34:43.649+0000][1][gc,task      ] GC(248) Using 2 workers of 2 for evacuation
[2020-03-27T08:34:43.655+0000][1][gc,age       ] GC(248) Desired survivor size 8716288 bytes, new threshold 1 (max threshold 6)
[2020-03-27T08:34:43.656+0000][1][gc,age       ] GC(248) Age table with threshold 1 (max threshold 6)
[2020-03-27T08:34:43.656+0000][1][gc,age       ] GC(248) - age   1:   13093120 bytes,   13093120 total
[2020-03-27T08:34:43.657+0000][1][gc,age       ] GC(248) - age   2:     914960 bytes,   14008080 total
[2020-03-27T08:34:43.657+0000][1][gc,age       ] GC(248) - age   3:     217824 bytes,   14225904 total
[2020-03-27T08:34:43.658+0000][1][gc,age       ] GC(248) - age   4:       5984 bytes,   14231888 total
[2020-03-27T08:34:43.658+0000][1][gc,age       ] GC(248) - age   5:     215720 bytes,   14447608 total
[2020-03-27T08:34:43.659+0000][1][gc,age       ] GC(248) - age   6:     482080 bytes,   14929688 total
[2020-03-27T08:34:43.659+0000][1][gc,heap      ] GC(248) ParNew: 140257K->15167K(153344K)
[2020-03-27T08:34:43.659+0000][1][gc,heap      ] GC(248) CMS: 91585K->91585K(353920K)
[2020-03-27T08:34:43.660+0000][1][gc,metaspace ] GC(248) Metaspace: 98582K->98582K(1140736K)
[2020-03-27T08:34:43.660+0000][1][gc           ] GC(248) Pause Young (Allocation Failure) 226M->104M(495M) 12.142ms
[2020-03-27T08:34:43.661+0000][1][gc,cpu       ] GC(248) User=0.01s Sys=0.00s Real=0.01s
[2020-03-27T08:34:43.661+0000][1][safepoint    ] Safepoint "GenCollectForAllocation", Time since last: 72040401 ns, Reaching safepoint: 309700 ns, At safepoint: 13174100 ns, Total: 13483800 ns
[2020-03-27T08:34:43.676+0000][1][safepoint    ] Safepoint "RevokeBias", Time since last: 14360801 ns, Reaching safepoint: 148800 ns, At safepoint: 33000 ns, Total: 181800 ns
[2020-03-27T08:34:43.676+0000][1][safepoint    ] Safepoint "RevokeBias", Time since last: 642200 ns, Reaching safepoint: 79200 ns, At safepoint: 23400 ns, Total: 102600 ns
[2020-03-27T08:34:43.677+0000][1][safepoint    ] Safepoint "RevokeBias", Time since last: 790300 ns, Reaching safepoint: 62000 ns, At safepoint: 13200 ns, Total: 75200 ns
[2020-03-27T08:34:43.679+0000][1][safepoint    ] Safepoint "RevokeBias", Time since last: 1121600 ns, Reaching safepoint: 58400 ns, At safepoint: 60300 ns, Total: 118700 ns
[2020-03-27T08:34:43.679+0000][1][safepoint    ] Safepoint "RevokeBias", Time since last: 544300 ns, Reaching safepoint: 74500 ns, At safepoint: 19300 ns, Total: 93800 ns
[2020-03-27T08:34:43.721+0000][1][safepoint    ] Safepoint "RevokeBias", Time since last: 42031800 ns, Reaching safepoint: 102700 ns, At safepoint: 18000 ns, Total: 120700 ns
[2020-03-27T08:34:43.800+0000][1][safepoint    ] Safepoint "RevokeBias", Time since last: 78883701 ns, Reaching safepoint: 232400 ns, At safepoint: 27900 ns, Total: 260300 ns
[2020-03-27T08:34:43.812+0000][1][safepoint    ] Safepoint "RevokeBias", Time since last: 10461400 ns, Reaching safepoint: 537500 ns, At safepoint: 134400 ns, Total: 671900 ns
[2020-03-27T08:34:43.822+0000][1][safepoint    ] Safepoint "RevokeBias", Time since last: 10400500 ns, Reaching safepoint: 255200 ns, At safepoint: 130600 ns, Total: 385800 ns
[2020-03-27T08:34:43.833+0000][1][safepoint    ] Safepoint "RevokeBias", Time since last: 10286301 ns, Reaching safepoint: 412100 ns, At safepoint: 142200 ns, Total: 554300 ns
[2020-03-27T08:34:43.835+0000][1][safepoint    ] Safepoint "RevokeBias", Time since last: 1919100 ns, Reaching safepoint: 317900 ns, At safepoint: 34000 ns, Total: 351900 ns
[2020-03-27T08:34:43.838+0000][1][safepoint    ] Safepoint "RevokeBias", Time since last: 1658700 ns, Reaching safepoint: 287900 ns, At safepoint: 118500 ns, Total: 406400 ns
[2020-03-27T08:34:43.839+0000][1][safepoint    ] Safepoint "RevokeBias", Time since last: 1049700 ns, Reaching safepoint: 396500 ns, At safepoint: 131000 ns, Total: 527500 ns
[2020-03-27T08:34:43.887+0000][1][safepoint    ] Safepoint "RevokeBias", Time since last: 47986800 ns, Reaching safepoint: 193700 ns, At safepoint: 17700 ns, Total: 211400 ns
[2020-03-27T08:34:43.952+0000][1][safepoint    ] Safepoint "RevokeBias", Time since last: 64846101 ns, Reaching safepoint: 147500 ns, At safepoint: 28700 ns, Total: 176200 ns
[2020-03-27T08:34:43.954+0000][1][safepoint    ] Safepoint "RevokeBias", Time since last: 1490500 ns, Reaching safepoint: 289700 ns, At safepoint: 14300 ns, Total: 304000 ns
[2020-03-27T08:34:43.955+0000][1][safepoint    ] Safepoint "RevokeBias", Time since last: 1099000 ns, Reaching safepoint: 143400 ns, At safepoint: 12800 ns, Total: 156200 ns
[2020-03-27T08:34:44.957+0000][1][safepoint    ] Safepoint "Cleanup", Time since last: 1000687013 ns, Reaching safepoint: 316900 ns, At safepoint: 84500 ns, Total: 401400 ns
[2020-03-27T08:34:45.117+0000][1][safepoint    ] Safepoint "RevokeBias", Time since last: 160520603 ns, Reaching safepoint: 226700 ns, At safepoint: 32200 ns, Total: 258900 ns
[2020-03-27T08:34:45.119+0000][1][safepoint    ] Safepoint "RevokeBias", Time since last: 1366100 ns, Reaching safepoint: 82100 ns, At safepoint: 13900 ns, Total: 96000 ns
[2020-03-27T08:34:45.120+0000][1][safepoint    ] Safepoint "RevokeBias", Time since last: 1438600 ns, Reaching safepoint: 88300 ns, At safepoint: 21900 ns, Total: 110200 ns
[2020-03-27T08:34:45.121+0000][1][safepoint    ] Safepoint "RevokeBias", Time since last: 890800 ns, Reaching safepoint: 96800 ns, At safepoint: 11900 ns, Total: 108700 ns
[2020-03-27T08:34:45.175+0000][1][safepoint    ] Safepoint "RevokeBias", Time since last: 53104300 ns, Reaching safepoint: 104600 ns, At safepoint: 27000 ns, Total: 131600 ns
[2020-03-27T08:34:45.233+0000][1][safepoint    ] Safepoint "RevokeBias", Time since last: 58015901 ns, Reaching safepoint: 90800 ns, At safepoint: 30500 ns, Total: 121300 ns
[2020-03-27T08:34:45.233+0000][1][safepoint    ] Safepoint "RevokeBias", Time since last: 558100 ns, Reaching safepoint: 58900 ns, At safepoint: 12100 ns, Total: 71000 ns
[2020-03-27T08:34:45.339+0000][1][safepoint    ] Safepoint "RevokeBias", Time since last: 105746902 ns, Reaching safepoint: 119500 ns, At safepoint: 25700 ns, Total: 145200 ns
[2020-03-27T08:34:45.340+0000][1][safepoint    ] Safepoint "RevokeBias", Time since last: 638000 ns, Reaching safepoint: 52200 ns, At safepoint: 21100 ns, Total: 73300 ns
[2020-03-27T08:34:45.341+0000][1][safepoint    ] Safepoint "RevokeBias", Time since last: 694800 ns, Reaching safepoint: 46800 ns, At safepoint: 20000 ns, Total: 66800 ns
[2020-03-27T08:34:45.341+0000][1][safepoint    ] Safepoint "RevokeBias", Time since last: 556900 ns, Reaching safepoint: 53700 ns, At safepoint: 33000 ns, Total: 86700 ns
[2020-03-27T08:34:45.342+0000][1][safepoint    ] Safepoint "RevokeBias", Time since last: 581700 ns, Reaching safepoint: 46700 ns, At safepoint: 20500 ns, Total: 67200 ns
[2020-03-27T08:34:45.343+0000][1][safepoint    ] Safepoint "RevokeBias", Time since last: 536100 ns, Reaching safepoint: 74800 ns, At safepoint: 10600 ns, Total: 85400 ns
[2020-03-27T08:34:45.343+0000][1][safepoint    ] Safepoint "RevokeBias", Time since last: 482800 ns, Reaching safepoint: 58200 ns, At safepoint: 17600 ns, Total: 75800 ns
[2020-03-27T08:34:46.235+0000][1][safepoint    ] Safepoint "RevokeBias", Time since last: 891006811 ns, Reaching safepoint: 478700 ns, At safepoint: 89200 ns, Total: 567900 ns
[2020-03-27T08:34:46.242+0000][1][safepoint    ] Safepoint "RevokeBias", Time since last: 7047200 ns, Reaching safepoint: 364200 ns, At safepoint: 32400 ns, Total: 396600 ns
[2020-03-27T08:34:46.246+0000][1][safepoint    ] Safepoint "RevokeBias", Time since last: 3101500 ns, Reaching safepoint: 681601 ns, At safepoint: 68300 ns, Total: 749901 ns
[2020-03-27T08:34:46.249+0000][1][safepoint    ] Safepoint "RevokeBias", Time since last: 2268000 ns, Reaching safepoint: 457700 ns, At safepoint: 36000 ns, Total: 493700 ns
[2020-03-27T08:34:46.251+0000][1][safepoint    ] Safepoint "RevokeBias", Time since last: 1925800 ns, Reaching safepoint: 309100 ns, At safepoint: 39000 ns, Total: 348100 ns
[2020-03-27T08:34:46.253+0000][1][safepoint    ] Safepoint "RevokeBias", Time since last: 1455500 ns, Reaching safepoint: 271900 ns, At safepoint: 58300 ns, Total: 330200 ns
[2020-03-27T08:34:46.255+0000][1][safepoint    ] Safepoint "RevokeBias", Time since last: 1761300 ns, Reaching safepoint: 192000 ns, At safepoint: 28400 ns, Total: 220400 ns
[2020-03-27T08:34:46.342+0000][1][gc,start     ] GC(249) Pause Young (Allocation Failure)
[2020-03-27T08:34:46.342+0000][1][gc,task      ] GC(249) Using 2 workers of 2 for evacuation
[2020-03-27T08:34:46.346+0000][1][gc,age       ] GC(249) Desired survivor size 8716288 bytes, new threshold 6 (max threshold 6)
[2020-03-27T08:34:46.347+0000][1][gc,age       ] GC(249) Age table with threshold 6 (max threshold 6)
[2020-03-27T08:34:46.348+0000][1][gc,age       ] GC(249) - age   1:    1338328 bytes,    1338328 total
[2020-03-27T08:34:46.348+0000][1][gc,heap      ] GC(249) ParNew: 151487K->11332K(153344K)
[2020-03-27T08:34:46.349+0000][1][gc,heap      ] GC(249) CMS: 91585K->93081K(353920K)
[2020-03-27T08:34:46.349+0000][1][gc,metaspace ] GC(249) Metaspace: 98606K->98606K(1140736K)
[2020-03-27T08:34:46.350+0000][1][gc           ] GC(249) Pause Young (Allocation Failure) 237M->101M(495M) 7.726ms
[2020-03-27T08:34:46.350+0000][1][gc,cpu       ] GC(249) User=0.01s Sys=0.00s Real=0.01s
[2020-03-27T08:34:46.350+0000][1][safepoint    ] Safepoint "GenCollectForAllocation", Time since last: 86888901 ns, Reaching safepoint: 110600 ns, At safepoint: 8701300 ns, Total: 8811900 ns
[2020-03-27T08:34:47.352+0000][1][safepoint    ] Safepoint "Cleanup", Time since last: 1000733505 ns, Reaching safepoint: 394200 ns, At safepoint: 85000 ns, Total: 479200 ns
[2020-03-27T08:34:48.146+0000][1][safepoint    ] Safepoint "RevokeBias", Time since last: 793934803 ns, Reaching safepoint: 96300 ns, At safepoint: 24800 ns, Total: 121100 ns
[2020-03-27T08:34:48.821+0000][1][safepoint    ] Safepoint "RevokeBias", Time since last: 675493102 ns, Reaching safepoint: 118300 ns, At safepoint: 20100 ns, Total: 138400 ns
[2020-03-27T08:34:48.823+0000][1][safepoint    ] Safepoint "RevokeBias", Time since last: 1189500 ns, Reaching safepoint: 123900 ns, At safepoint: 15200 ns, Total: 139100 ns
[2020-03-27T08:34:48.824+0000][1][safepoint    ] Safepoint "RevokeBias", Time since last: 1297700 ns, Reaching safepoint: 81200 ns, At safepoint: 32000 ns, Total: 113200 ns
[2020-03-27T08:34:48.825+0000][1][safepoint    ] Safepoint "RevokeBias", Time since last: 905900 ns, Reaching safepoint: 119600 ns, At safepoint: 12300 ns, Total: 131900 ns
[2020-03-27T08:34:48.869+0000][1][safepoint    ] Safepoint "RevokeBias", Time since last: 43787000 ns, Reaching safepoint: 97900 ns, At safepoint: 46800 ns, Total: 144700 ns
[2020-03-27T08:34:49.870+0000][1][safepoint    ] Safepoint "Cleanup", Time since last: 1000691904 ns, Reaching safepoint: 374200 ns, At safepoint: 89200 ns, Total: 463400 ns
[2020-03-27T08:34:50.873+0000][1][safepoint    ] Safepoint "Cleanup", Time since last: 1002345803 ns, Reaching safepoint: 279100 ns, At safepoint: 74400 ns, Total: 353500 ns
[2020-03-27T08:34:51.875+0000][1][safepoint    ] Safepoint "Cleanup", Time since last: 1001936903 ns, Reaching safepoint: 224300 ns, At safepoint: 56600 ns, Total: 280900 ns
[2020-03-27T08:34:52.590+0000][1][safepoint    ] Safepoint "RevokeBias", Time since last: 714758403 ns, Reaching safepoint: 220300 ns, At safepoint: 22100 ns, Total: 242400 ns
[2020-03-27T08:34:52.969+0000][1][safepoint    ] Safepoint "RevokeBias", Time since last: 378244701 ns, Reaching safepoint: 237800 ns, At safepoint: 21100 ns, Total: 258900 ns
[2020-03-27T08:34:52.969+0000][1][safepoint    ] Safepoint "RevokeBias", Time since last: 635800 ns, Reaching safepoint: 79800 ns, At safepoint: 12100 ns, Total: 91900 ns
[2020-03-27T08:34:52.971+0000][1][safepoint    ] Safepoint "RevokeBias", Time since last: 1582200 ns, Reaching safepoint: 58300 ns, At safepoint: 21000 ns, Total: 79300 ns
[2020-03-27T08:34:52.972+0000][1][safepoint    ] Safepoint "RevokeBias", Time since last: 1011500 ns, Reaching safepoint: 64300 ns, At safepoint: 23100 ns, Total: 87400 ns
[2020-03-27T08:34:53.015+0000][1][safepoint    ] Safepoint "RevokeBias", Time since last: 42944100 ns, Reaching safepoint: 152800 ns, At safepoint: 45700 ns, Total: 198500 ns
[2020-03-27T08:34:53.046+0000][1][safepoint    ] Safepoint "BulkRevokeBias", Time since last: 29999500 ns, Reaching safepoint: 182900 ns, At safepoint: 463700 ns, Total: 646600 ns
[2020-03-27T08:34:53.047+0000][1][safepoint    ] Safepoint "RevokeBias", Time since last: 413800 ns, Reaching safepoint: 169800 ns, At safepoint: 12800 ns, Total: 182600 ns
[2020-03-27T08:34:53.087+0000][1][gc,start     ] GC(250) Pause Young (Allocation Failure)
[2020-03-27T08:34:53.087+0000][1][gc,task      ] GC(250) Using 2 workers of 2 for evacuation
[2020-03-27T08:34:53.091+0000][1][gc,age       ] GC(250) Desired survivor size 8716288 bytes, new threshold 6 (max threshold 6)
[2020-03-27T08:34:53.091+0000][1][gc,age       ] GC(250) Age table with threshold 6 (max threshold 6)
[2020-03-27T08:34:53.091+0000][1][gc,age       ] GC(250) - age   1:    1150424 bytes,    1150424 total
[2020-03-27T08:34:53.091+0000][1][gc,age       ] GC(250) - age   2:     885600 bytes,    2036024 total
[2020-03-27T08:34:53.092+0000][1][gc,heap      ] GC(250) ParNew: 147580K->3078K(153344K)
[2020-03-27T08:34:53.092+0000][1][gc,heap      ] GC(250) CMS: 93081K->93081K(353920K)
[2020-03-27T08:34:53.092+0000][1][gc,metaspace ] GC(250) Metaspace: 98609K->98609K(1140736K)
[2020-03-27T08:34:53.092+0000][1][gc           ] GC(250) Pause Young (Allocation Failure) 235M->93M(495M) 5.696ms
[2020-03-27T08:34:53.093+0000][1][gc,cpu       ] GC(250) User=0.00s Sys=0.00s Real=0.00s
[2020-03-27T08:34:53.093+0000][1][safepoint    ] Safepoint "GenCollectForAllocation", Time since last: 39732600 ns, Reaching safepoint: 273900 ns, At safepoint: 6205900 ns, Total: 6479800 ns
[2020-03-27T08:34:54.047+0000][1][safepoint    ] Safepoint "RevokeBias", Time since last: 954248203 ns, Reaching safepoint: 342800 ns, At safepoint: 94600 ns, Total: 437400 ns
[2020-03-27T08:34:54.094+0000][1][safepoint    ] Safepoint "RevokeBias", Time since last: 46140300 ns, Reaching safepoint: 132300 ns, At safepoint: 35500 ns, Total: 167800 ns
[2020-03-27T08:34:54.095+0000][1][safepoint    ] Safepoint "RevokeBias", Time since last: 826100 ns, Reaching safepoint: 171600 ns, At safepoint: 15700 ns, Total: 187300 ns
[2020-03-27T08:34:55.097+0000][1][safepoint    ] Safepoint "Cleanup", Time since last: 1001519049 ns, Reaching safepoint: 444500 ns, At safepoint: 79200 ns, Total: 523700 ns
[2020-03-27T08:34:56.099+0000][1][safepoint    ] Safepoint "Cleanup", Time since last: 1002202284 ns, Reaching safepoint: 86000 ns, At safepoint: 16900 ns, Total: 102900 ns
[2020-03-27T08:34:57.101+0000][1][safepoint    ] Safepoint "Cleanup", Time since last: 1001065685 ns, Reaching safepoint: 404800 ns, At safepoint: 104400 ns, Total: 509200 ns
[2020-03-27T08:34:58.103+0000][1][safepoint    ] Safepoint "Cleanup", Time since last: 1001761984 ns, Reaching safepoint: 148400 ns, At safepoint: 14400 ns, Total: 162800 ns
[2020-03-27T08:34:58.192+0000][1][safepoint    ] Safepoint "BulkRevokeBias", Time since last: 88808883 ns, Reaching safepoint: 111200 ns, At safepoint: 365100 ns, Total: 476300 ns
[2020-03-27T08:34:58.950+0000][1][gc,start     ] GC(251) Pause Young (Allocation Failure)
[2020-03-27T08:34:58.950+0000][1][gc,task      ] GC(251) Using 2 workers of 2 for evacuation
[2020-03-27T08:34:58.955+0000][1][gc,age       ] GC(251) Desired survivor size 8716288 bytes, new threshold 6 (max threshold 6)
[2020-03-27T08:34:58.955+0000][1][gc,age       ] GC(251) Age table with threshold 6 (max threshold 6)
[2020-03-27T08:34:58.956+0000][1][gc,age       ] GC(251) - age   1:    7084200 bytes,    7084200 total
[2020-03-27T08:34:58.956+0000][1][gc,age       ] GC(251) - age   2:     547552 bytes,    7631752 total
[2020-03-27T08:34:58.957+0000][1][gc,age       ] GC(251) - age   3:     682616 bytes,    8314368 total
[2020-03-27T08:34:58.957+0000][1][gc,heap      ] GC(251) ParNew: 139014K->10173K(153344K)
[2020-03-27T08:34:58.957+0000][1][gc,heap      ] GC(251) CMS: 93081K->93081K(353920K)
[2020-03-27T08:34:58.958+0000][1][gc,metaspace ] GC(251) Metaspace: 98609K->98609K(1140736K)
[2020-03-27T08:34:58.958+0000][1][gc           ] GC(251) Pause Young (Allocation Failure) 226M->100M(495M) 8.577ms
[2020-03-27T08:34:58.959+0000][1][gc,cpu       ] GC(251) User=0.01s Sys=0.00s Real=0.01s
[2020-03-27T08:34:58.959+0000][1][safepoint    ] Safepoint "GenCollectForAllocation", Time since last: 757460305 ns, Reaching safepoint: 179200 ns, At safepoint: 9466788 ns, Total: 9645988 ns
[2020-03-27T08:34:58.972+0000][1][safepoint    ] Safepoint "RevokeBias", Time since last: 12799283 ns, Reaching safepoint: 214200 ns, At safepoint: 32599 ns, Total: 246799 ns
[2020-03-27T08:34:58.973+0000][1][safepoint    ] Safepoint "RevokeBias", Time since last: 998999 ns, Reaching safepoint: 145500 ns, At safepoint: 23200 ns, Total: 168700 ns
[2020-03-27T08:34:58.974+0000][1][safepoint    ] Safepoint "RevokeBias", Time since last: 1057699 ns, Reaching safepoint: 157199 ns, At safepoint: 36800 ns, Total: 193999 ns
[2020-03-27T08:34:58.975+0000][1][safepoint    ] Safepoint "RevokeBias", Time since last: 511500 ns, Reaching safepoint: 79700 ns, At safepoint: 19799 ns, Total: 99499 ns
[2020-03-27T08:34:59.019+0000][1][safepoint    ] Safepoint "RevokeBias", Time since last: 44119543 ns, Reaching safepoint: 222699 ns, At safepoint: 31600 ns, Total: 254299 ns
[2020-03-27T08:35:00.020+0000][1][safepoint    ] Safepoint "Cleanup", Time since last: 1000596686 ns, Reaching safepoint: 126800 ns, At safepoint: 18800 ns, Total: 145600 ns
[2020-03-27T08:35:01.022+0000][1][safepoint    ] Safepoint "Cleanup", Time since last: 1000956068 ns, Reaching safepoint: 320400 ns, At safepoint: 168400 ns, Total: 488800 ns
[2020-03-27T08:35:02.024+0000][1][safepoint    ] Safepoint "Cleanup", Time since last: 1002178477 ns, Reaching safepoint: 318300 ns, At safepoint: 81700 ns, Total: 400000 ns
[2020-03-27T08:35:02.595+0000][1][safepoint    ] Safepoint "RevokeBias", Time since last: 570342987 ns, Reaching safepoint: 155500 ns, At safepoint: 25100 ns, Total: 180600 ns
[2020-03-27T08:35:03.200+0000][1][safepoint    ] Safepoint "RevokeBias", Time since last: 605538530 ns, Reaching safepoint: 141400 ns, At safepoint: 34100 ns, Total: 175500 ns
[2020-03-27T08:35:03.202+0000][1][safepoint    ] Safepoint "RevokeBias", Time since last: 959000 ns, Reaching safepoint: 137000 ns, At safepoint: 23100 ns, Total: 160100 ns
[2020-03-27T08:35:03.203+0000][1][safepoint    ] Safepoint "RevokeBias", Time since last: 1327700 ns, Reaching safepoint: 102500 ns, At safepoint: 14200 ns, Total: 116700 ns
[2020-03-27T08:35:03.204+0000][1][safepoint    ] Safepoint "RevokeBias", Time since last: 1165799 ns, Reaching safepoint: 62400 ns, At safepoint: 12300 ns, Total: 74700 ns
[2020-03-27T08:35:03.244+0000][1][safepoint    ] Safepoint "RevokeBias", Time since last: 39539296 ns, Reaching safepoint: 154600 ns, At safepoint: 19200 ns, Total: 173800 ns
[2020-03-27T08:35:04.245+0000][1][safepoint    ] Safepoint "Cleanup", Time since last: 1000780378 ns, Reaching safepoint: 319000 ns, At safepoint: 78400 ns, Total: 397400 ns
[2020-03-27T08:35:05.248+0000][1][safepoint    ] Safepoint "Cleanup", Time since last: 1002384479 ns, Reaching safepoint: 320400 ns, At safepoint: 86300 ns, Total: 406700 ns
[2020-03-27T08:35:06.251+0000][1][safepoint    ] Safepoint "Cleanup", Time since last: 1003025578 ns, Reaching safepoint: 321200 ns, At safepoint: 84200 ns, Total: 405400 ns
[2020-03-27T08:35:07.254+0000][1][safepoint    ] Safepoint "Cleanup", Time since last: 1002095479 ns, Reaching safepoint: 324500 ns, At safepoint: 72100 ns, Total: 396600 ns
[2020-03-27T08:35:08.205+0000][1][safepoint    ] Safepoint "RevokeBias", Time since last: 950693785 ns, Reaching safepoint: 92500 ns, At safepoint: 24100 ns, Total: 116600 ns
[2020-03-27T08:35:09.089+0000][1][gc,start     ] GC(252) Pause Young (Allocation Failure)
[2020-03-27T08:35:09.090+0000][1][gc,task      ] GC(252) Using 2 workers of 2 for evacuation
[2020-03-27T08:35:09.095+0000][1][gc,age       ] GC(252) Desired survivor size 8716288 bytes, new threshold 1 (max threshold 6)
[2020-03-27T08:35:09.095+0000][1][gc,age       ] GC(252) Age table with threshold 1 (max threshold 6)
[2020-03-27T08:35:09.096+0000][1][gc,age       ] GC(252) - age   1:    8934808 bytes,    8934808 total
[2020-03-27T08:35:09.096+0000][1][gc,age       ] GC(252) - age   2:     214904 bytes,    9149712 total
[2020-03-27T08:35:09.097+0000][1][gc,age       ] GC(252) - age   3:     372376 bytes,    9522088 total
[2020-03-27T08:35:09.097+0000][1][gc,age       ] GC(252) - age   4:     682616 bytes,   10204704 total
[2020-03-27T08:35:09.097+0000][1][gc,heap      ] GC(252) ParNew: 146059K->13309K(153344K)
[2020-03-27T08:35:09.098+0000][1][gc,heap      ] GC(252) CMS: 93081K->93081K(353920K)
[2020-03-27T08:35:09.098+0000][1][gc,metaspace ] GC(252) Metaspace: 98612K->98612K(1140736K)
[2020-03-27T08:35:09.099+0000][1][gc           ] GC(252) Pause Young (Allocation Failure) 233M->103M(495M) 9.382ms
[2020-03-27T08:35:09.099+0000][1][gc,cpu       ] GC(252) User=0.01s Sys=0.00s Real=0.01s
[2020-03-27T08:35:09.099+0000][1][safepoint    ] Safepoint "GenCollectForAllocation", Time since last: 884388793 ns, Reaching safepoint: 185800 ns, At safepoint: 10167098 ns, Total: 10352898 ns
[2020-03-27T08:35:09.114+0000][1][safepoint    ] Safepoint "RevokeBias", Time since last: 13785799 ns, Reaching safepoint: 415900 ns, At safepoint: 18400 ns, Total: 434300 ns
[2020-03-27T08:35:09.116+0000][1][safepoint    ] Safepoint "RevokeBias", Time since last: 1736200 ns, Reaching safepoint: 548099 ns, At safepoint: 14300 ns, Total: 562399 ns
[2020-03-27T08:35:09.118+0000][1][safepoint    ] Safepoint "BulkRevokeBias", Time since last: 1207400 ns, Reaching safepoint: 92500 ns, At safepoint: 425200 ns, Total: 517700 ns
[2020-03-27T08:35:09.160+0000][1][safepoint    ] Safepoint "RevokeBias", Time since last: 42014695 ns, Reaching safepoint: 129600 ns, At safepoint: 28600 ns, Total: 158200 ns
[2020-03-27T08:35:10.161+0000][1][safepoint    ] Safepoint "Cleanup", Time since last: 1000696379 ns, Reaching safepoint: 93000 ns, At safepoint: 16600 ns, Total: 109600 ns
[2020-03-27T08:35:11.161+0000][1][safepoint    ] Safepoint "Cleanup", Time since last: 1000663906 ns, Reaching safepoint: 119700 ns, At safepoint: 6100 ns, Total: 125800 ns
[2020-03-27T08:35:12.163+0000][1][safepoint    ] Safepoint "Cleanup", Time since last: 1000976132 ns, Reaching safepoint: 163400 ns, At safepoint: 29500 ns, Total: 192900 ns
[2020-03-27T08:35:12.607+0000][1][safepoint    ] Safepoint "RevokeBias", Time since last: 444009069 ns, Reaching safepoint: 126500 ns, At safepoint: 111400 ns, Total: 237900 ns
[2020-03-27T08:35:13.299+0000][1][safepoint    ] Safepoint "RevokeBias", Time since last: 692270753 ns, Reaching safepoint: 122800 ns, At safepoint: 28400 ns, Total: 151200 ns
[2020-03-27T08:35:13.301+0000][1][safepoint    ] Safepoint "BulkRevokeBias", Time since last: 649700 ns, Reaching safepoint: 168700 ns, At safepoint: 750700 ns, Total: 919400 ns
[2020-03-27T08:35:13.302+0000][1][safepoint    ] Safepoint "RevokeBias", Time since last: 1113200 ns, Reaching safepoint: 64900 ns, At safepoint: 22100 ns, Total: 87000 ns
[2020-03-27T08:35:13.303+0000][1][safepoint    ] Safepoint "RevokeBias", Time since last: 1144200 ns, Reaching safepoint: 120300 ns, At safepoint: 56100 ns, Total: 176400 ns
[2020-03-27T08:35:13.347+0000][1][safepoint    ] Safepoint "RevokeBias", Time since last: 43583497 ns, Reaching safepoint: 202100 ns, At safepoint: 33500 ns, Total: 235600 ns
[2020-03-27T08:35:14.348+0000][1][safepoint    ] Safepoint "Cleanup", Time since last: 1000566732 ns, Reaching safepoint: 191500 ns, At safepoint: 43800 ns, Total: 235300 ns
[2020-03-27T08:35:15.349+0000][1][safepoint    ] Safepoint "Cleanup", Time since last: 1001203131 ns, Reaching safepoint: 94100 ns, At safepoint: 16900 ns, Total: 111000 ns
[2020-03-27T08:35:16.350+0000][1][safepoint    ] Safepoint "Cleanup", Time since last: 1000750232 ns, Reaching safepoint: 318400 ns, At safepoint: 35100 ns, Total: 353500 ns
[2020-03-27T08:35:17.353+0000][1][safepoint    ] Safepoint "Cleanup", Time since last: 1002309132 ns, Reaching safepoint: 370500 ns, At safepoint: 85600 ns, Total: 456100 ns
[2020-03-27T08:35:18.162+0000][1][safepoint    ] Safepoint "RevokeBias", Time since last: 808591744 ns, Reaching safepoint: 95300 ns, At safepoint: 24900 ns, Total: 120200 ns
[2020-03-27T08:35:19.163+0000][1][safepoint    ] Safepoint "Cleanup", Time since last: 1000977334 ns, Reaching safepoint: 327700 ns, At safepoint: 86500 ns, Total: 414200 ns
[2020-03-27T08:35:20.166+0000][1][safepoint    ] Safepoint "Cleanup", Time since last: 1002499537 ns, Reaching safepoint: 319900 ns, At safepoint: 81100 ns, Total: 401000 ns
[2020-03-27T08:35:21.168+0000][1][safepoint    ] Safepoint "Cleanup", Time since last: 1001964337 ns, Reaching safepoint: 105800 ns, At safepoint: 17500 ns, Total: 123300 ns
[2020-03-27T08:35:22.169+0000][1][safepoint    ] Safepoint "Cleanup", Time since last: 1000717636 ns, Reaching safepoint: 99900 ns, At safepoint: 17900 ns, Total: 117800 ns
[2020-03-27T08:35:22.612+0000][1][safepoint    ] Safepoint "RevokeBias", Time since last: 442772037 ns, Reaching safepoint: 222700 ns, At safepoint: 141400 ns, Total: 364100 ns
[2020-03-27T08:35:23.614+0000][1][safepoint    ] Safepoint "Cleanup", Time since last: 1001314636 ns, Reaching safepoint: 96400 ns, At safepoint: 16900 ns, Total: 113300 ns
[2020-03-27T08:35:24.614+0000][1][safepoint    ] Safepoint "Cleanup", Time since last: 1000621936 ns, Reaching safepoint: 94200 ns, At safepoint: 18200 ns, Total: 112400 ns
[2020-03-27T08:35:25.615+0000][1][safepoint    ] Safepoint "Cleanup", Time since last: 1000645636 ns, Reaching safepoint: 96700 ns, At safepoint: 16700 ns, Total: 113400 ns
[2020-03-27T08:35:26.616+0000][1][safepoint    ] Safepoint "Cleanup", Time since last: 1000796488 ns, Reaching safepoint: 105800 ns, At safepoint: 6700 ns, Total: 112500 ns
[2020-03-27T08:35:27.617+0000][1][safepoint    ] Safepoint "Cleanup", Time since last: 1000819927 ns, Reaching safepoint: 128300 ns, At safepoint: 6900 ns, Total: 135200 ns
[2020-03-27T08:35:28.138+0000][1][gc,start     ] GC(253) Pause Young (Allocation Failure)
[2020-03-27T08:35:28.139+0000][1][gc,task      ] GC(253) Using 2 workers of 2 for evacuation
[2020-03-27T08:35:28.146+0000][1][gc,age       ] GC(253) Desired survivor size 8716288 bytes, new threshold 1 (max threshold 6)
[2020-03-27T08:35:28.147+0000][1][gc,age       ] GC(253) Age table with threshold 1 (max threshold 6)
[2020-03-27T08:35:28.150+0000][1][gc,age       ] GC(253) - age   1:   14310288 bytes,   14310288 total
[2020-03-27T08:35:28.150+0000][1][gc,heap      ] GC(253) ParNew: 149629K->17024K(153344K)
[2020-03-27T08:35:28.151+0000][1][gc,heap      ] GC(253) CMS: 93081K->94924K(353920K)
[2020-03-27T08:35:28.152+0000][1][gc,metaspace ] GC(253) Metaspace: 98616K->98616K(1140736K)
[2020-03-27T08:35:28.152+0000][1][gc           ] GC(253) Pause Young (Allocation Failure) 237M->109M(495M) 13.699ms
[2020-03-27T08:35:28.153+0000][1][gc,cpu       ] GC(253) User=0.02s Sys=0.00s Real=0.01s
[2020-03-27T08:35:28.154+0000][1][safepoint    ] Safepoint "GenCollectForAllocation", Time since last: 521312129 ns, Reaching safepoint: 119200 ns, At safepoint: 15074118 ns, Total: 15193318 ns
[2020-03-27T08:35:28.189+0000][1][safepoint    ] Safepoint "RevokeBias", Time since last: 35692843 ns, Reaching safepoint: 172601 ns, At safepoint: 26200 ns, Total: 198801 ns
[2020-03-27T08:35:29.191+0000][1][safepoint    ] Safepoint "Cleanup", Time since last: 1001080107 ns, Reaching safepoint: 394700 ns, At safepoint: 83200 ns, Total: 477900 ns
[2020-03-27T08:35:30.193+0000][1][safepoint    ] Safepoint "Cleanup", Time since last: 1001922409 ns, Reaching safepoint: 316800 ns, At safepoint: 177000 ns, Total: 493800 ns
[2020-03-27T08:35:31.196+0000][1][safepoint    ] Safepoint "Cleanup", Time since last: 1002276709 ns, Reaching safepoint: 225200 ns, At safepoint: 61500 ns, Total: 286700 ns
[2020-03-27T08:35:32.198+0000][1][safepoint    ] Safepoint "Cleanup", Time since last: 1001421708 ns, Reaching safepoint: 101000 ns, At safepoint: 50000 ns, Total: 151000 ns
[2020-03-27T08:35:32.627+0000][1][safepoint    ] Safepoint "RevokeBias", Time since last: 429346218 ns, Reaching safepoint: 188300 ns, At safepoint: 53200 ns, Total: 241500 ns
[2020-03-27T08:35:33.630+0000][1][safepoint    ] Safepoint "Cleanup", Time since last: 1002480960 ns, Reaching safepoint: 371700 ns, At safepoint: 84700 ns, Total: 456400 ns
[2020-03-27T08:35:34.632+0000][1][safepoint    ] Safepoint "Cleanup", Time since last: 1001897996 ns, Reaching safepoint: 316500 ns, At safepoint: 87300 ns, Total: 403800 ns
[2020-03-27T08:35:35.635+0000][1][safepoint    ] Safepoint "Cleanup", Time since last: 1002013439 ns, Reaching safepoint: 404602 ns, At safepoint: 88700 ns, Total: 493302 ns
[2020-03-27T08:35:36.637+0000][1][safepoint    ] Safepoint "Cleanup", Time since last: 1002140760 ns, Reaching safepoint: 365201 ns, At safepoint: 85400 ns, Total: 450601 ns
[2020-03-27T08:35:37.640+0000][1][safepoint    ] Safepoint "Cleanup", Time since last: 1002059660 ns, Reaching safepoint: 129800 ns, At safepoint: 6100 ns, Total: 135900 ns
[2020-03-27T08:35:38.141+0000][1][safepoint    ] Safepoint "RevokeBias", Time since last: 500741479 ns, Reaching safepoint: 186000 ns, At safepoint: 25801 ns, Total: 211801 ns
[2020-03-27T08:35:39.142+0000][1][safepoint    ] Safepoint "Cleanup", Time since last: 1001000855 ns, Reaching safepoint: 316501 ns, At safepoint: 88201 ns, Total: 404702 ns
[2020-03-27T08:35:40.145+0000][1][safepoint    ] Safepoint "Cleanup", Time since last: 1002185695 ns, Reaching safepoint: 461800 ns, At safepoint: 78900 ns, Total: 540700 ns
[2020-03-27T08:35:41.147+0000][1][safepoint    ] Safepoint "Cleanup", Time since last: 1001949654 ns, Reaching safepoint: 101400 ns, At safepoint: 5800 ns, Total: 107200 ns
[2020-03-27T08:35:42.148+0000][1][safepoint    ] Safepoint "Cleanup", Time since last: 1001166253 ns, Reaching safepoint: 321200 ns, At safepoint: 82100 ns, Total: 403300 ns
[2020-03-27T08:35:42.632+0000][1][safepoint    ] Safepoint "RevokeBias", Time since last: 483197774 ns, Reaching safepoint: 211100 ns, At safepoint: 18400 ns, Total: 229500 ns
[2020-03-27T08:35:43.561+0000][1][safepoint    ] Safepoint "RevokeBias", Time since last: 928443512 ns, Reaching safepoint: 424100 ns, At safepoint: 86400 ns, Total: 510500 ns
[2020-03-27T08:35:44.268+0000][1][safepoint    ] Safepoint "RevokeBias", Time since last: 707089682 ns, Reaching safepoint: 156300 ns, At safepoint: 38200 ns, Total: 194500 ns
[2020-03-27T08:35:44.269+0000][1][safepoint    ] Safepoint "RevokeBias", Time since last: 447000 ns, Reaching safepoint: 88500 ns, At safepoint: 21500 ns, Total: 110000 ns
[2020-03-27T08:35:44.269+0000][1][safepoint    ] Safepoint "RevokeBias", Time since last: 444800 ns, Reaching safepoint: 57900 ns, At safepoint: 27000 ns, Total: 84900 ns
[2020-03-27T08:35:44.271+0000][1][safepoint    ] Safepoint "RevokeBias", Time since last: 1377101 ns, Reaching safepoint: 79200 ns, At safepoint: 21200 ns, Total: 100400 ns
[2020-03-27T08:35:44.272+0000][1][safepoint    ] Safepoint "RevokeBias", Time since last: 873400 ns, Reaching safepoint: 79700 ns, At safepoint: 10600 ns, Total: 90300 ns
[2020-03-27T08:35:44.316+0000][1][safepoint    ] Safepoint "RevokeBias", Time since last: 44021105 ns, Reaching safepoint: 142900 ns, At safepoint: 20300 ns, Total: 163200 ns
[2020-03-27T08:35:44.393+0000][1][safepoint    ] Safepoint "RevokeBias", Time since last: 76646209 ns, Reaching safepoint: 207200 ns, At safepoint: 166100 ns, Total: 373300 ns
[2020-03-27T08:35:44.394+0000][1][safepoint    ] Safepoint "RevokeBias", Time since last: 1187700 ns, Reaching safepoint: 96400 ns, At safepoint: 110400 ns, Total: 206800 ns
[2020-03-27T08:35:44.411+0000][1][gc,start     ] GC(254) Pause Young (Allocation Failure)
[2020-03-27T08:35:44.411+0000][1][gc,task      ] GC(254) Using 2 workers of 2 for evacuation
[2020-03-27T08:35:44.416+0000][1][gc,age       ] GC(254) Desired survivor size 8716288 bytes, new threshold 6 (max threshold 6)
[2020-03-27T08:35:44.417+0000][1][gc,age       ] GC(254) Age table with threshold 6 (max threshold 6)
[2020-03-27T08:35:44.417+0000][1][gc,age       ] GC(254) - age   1:    2245240 bytes,    2245240 total
[2020-03-27T08:35:44.417+0000][1][gc,heap      ] GC(254) ParNew: 153344K->12765K(153344K)
[2020-03-27T08:35:44.418+0000][1][gc,heap      ] GC(254) CMS: 94924K->97926K(353920K)
[2020-03-27T08:35:44.418+0000][1][gc,metaspace ] GC(254) Metaspace: 98624K->98624K(1140736K)
[2020-03-27T08:35:44.419+0000][1][gc           ] GC(254) Pause Young (Allocation Failure) 242M->108M(495M) 8.018ms
[2020-03-27T08:35:44.419+0000][1][gc,cpu       ] GC(254) User=0.00s Sys=0.00s Real=0.01s
[2020-03-27T08:35:44.420+0000][1][safepoint    ] Safepoint "GenCollectForAllocation", Time since last: 16432602 ns, Reaching safepoint: 398800 ns, At safepoint: 8656401 ns, Total: 9055201 ns
[2020-03-27T08:35:44.436+0000][1][safepoint    ] Safepoint "RevokeBias", Time since last: 14942802 ns, Reaching safepoint: 374900 ns, At safepoint: 742500 ns, Total: 1117400 ns
[2020-03-27T08:35:44.438+0000][1][safepoint    ] Safepoint "RevokeBias", Time since last: 1030800 ns, Reaching safepoint: 508100 ns, At safepoint: 819100 ns, Total: 1327200 ns
[2020-03-27T08:35:44.439+0000][1][safepoint    ] Safepoint "RevokeBias", Time since last: 1033000 ns, Reaching safepoint: 169400 ns, At safepoint: 23800 ns, Total: 193200 ns
[2020-03-27T08:35:44.441+0000][1][safepoint    ] Safepoint "RevokeBias", Time since last: 1101100 ns, Reaching safepoint: 206000 ns, At safepoint: 32400 ns, Total: 238400 ns
[2020-03-27T08:35:44.480+0000][1][safepoint    ] Safepoint "RevokeBias", Time since last: 39089805 ns, Reaching safepoint: 158500 ns, At safepoint: 29400 ns, Total: 187900 ns
[2020-03-27T08:35:44.544+0000][1][safepoint    ] Safepoint "RevokeBias", Time since last: 64086907 ns, Reaching safepoint: 99200 ns, At safepoint: 16300 ns, Total: 115500 ns
[2020-03-27T08:35:44.545+0000][1][safepoint    ] Safepoint "RevokeBias", Time since last: 1214101 ns, Reaching safepoint: 74100 ns, At safepoint: 22700 ns, Total: 96800 ns
[2020-03-27T08:35:44.547+0000][1][safepoint    ] Safepoint "RevokeBias", Time since last: 1128800 ns, Reaching safepoint: 77800 ns, At safepoint: 13600 ns, Total: 91400 ns
[2020-03-27T08:35:45.548+0000][1][safepoint    ] Safepoint "Cleanup", Time since last: 1000366216 ns, Reaching safepoint: 650000 ns, At safepoint: 107800 ns, Total: 757800 ns
[2020-03-27T08:35:45.682+0000][1][safepoint    ] Safepoint "RevokeBias", Time since last: 134022916 ns, Reaching safepoint: 345200 ns, At safepoint: 71000 ns, Total: 416200 ns
[2020-03-27T08:35:45.683+0000][1][safepoint    ] Safepoint "RevokeBias", Time since last: 685300 ns, Reaching safepoint: 69300 ns, At safepoint: 24000 ns, Total: 93300 ns
[2020-03-27T08:35:45.684+0000][1][safepoint    ] Safepoint "RevokeBias", Time since last: 1168200 ns, Reaching safepoint: 63500 ns, At safepoint: 22000 ns, Total: 85500 ns
[2020-03-27T08:35:45.686+0000][1][safepoint    ] Safepoint "RevokeBias", Time since last: 1212500 ns, Reaching safepoint: 83900 ns, At safepoint: 22000 ns, Total: 105900 ns
[2020-03-27T08:35:45.734+0000][1][safepoint    ] Safepoint "RevokeBias", Time since last: 48488106 ns, Reaching safepoint: 141000 ns, At safepoint: 20100 ns, Total: 161100 ns
[2020-03-27T08:35:46.736+0000][1][safepoint    ] Safepoint "Cleanup", Time since last: 1001015017 ns, Reaching safepoint: 422000 ns, At safepoint: 80800 ns, Total: 502800 ns
[2020-03-27T08:35:47.739+0000][1][safepoint    ] Safepoint "Cleanup", Time since last: 1002345617 ns, Reaching safepoint: 334700 ns, At safepoint: 90200 ns, Total: 424900 ns
[2020-03-27T08:35:48.156+0000][1][safepoint    ] Safepoint "RevokeBias", Time since last: 417562448 ns, Reaching safepoint: 172900 ns, At safepoint: 25200 ns, Total: 198100 ns
[2020-03-27T08:35:48.428+0000][1][safepoint    ] Safepoint "RevokeBias", Time since last: 271953632 ns, Reaching safepoint: 240100 ns, At safepoint: 21400 ns, Total: 261500 ns
[2020-03-27T08:35:48.429+0000][1][safepoint    ] Safepoint "RevokeBias", Time since last: 879300 ns, Reaching safepoint: 81100 ns, At safepoint: 22800 ns, Total: 103900 ns
[2020-03-27T08:35:48.431+0000][1][safepoint    ] Safepoint "RevokeBias", Time since last: 1273600 ns, Reaching safepoint: 62500 ns, At safepoint: 12700 ns, Total: 75200 ns
[2020-03-27T08:35:48.432+0000][1][safepoint    ] Safepoint "RevokeBias", Time since last: 905001 ns, Reaching safepoint: 154200 ns, At safepoint: 21500 ns, Total: 175700 ns
[2020-03-27T08:35:48.485+0000][1][safepoint    ] Safepoint "RevokeBias", Time since last: 53141106 ns, Reaching safepoint: 190700 ns, At safepoint: 23000 ns, Total: 213700 ns
[2020-03-27T08:35:49.486+0000][1][safepoint    ] Safepoint "Cleanup", Time since last: 1000754517 ns, Reaching safepoint: 317200 ns, At safepoint: 81900 ns, Total: 399100 ns
[2020-03-27T08:35:50.489+0000][1][safepoint    ] Safepoint "Cleanup", Time since last: 1002409416 ns, Reaching safepoint: 391400 ns, At safepoint: 84500 ns, Total: 475900 ns
[2020-03-27T08:35:51.492+0000][1][safepoint    ] Safepoint "Cleanup", Time since last: 1002627940 ns, Reaching safepoint: 360599 ns, At safepoint: 80900 ns, Total: 441499 ns
[2020-03-27T08:35:52.495+0000][1][safepoint    ] Safepoint "Cleanup", Time since last: 1002119261 ns, Reaching safepoint: 524499 ns, At safepoint: 46200 ns, Total: 570699 ns
[2020-03-27T08:35:52.663+0000][1][safepoint    ] Safepoint "RevokeBias", Time since last: 168127124 ns, Reaching safepoint: 132400 ns, At safepoint: 19700 ns, Total: 152100 ns
[2020-03-27T08:35:53.570+0000][1][gc,start     ] GC(255) Pause Young (Allocation Failure)
[2020-03-27T08:35:53.571+0000][1][gc,task      ] GC(255) Using 2 workers of 2 for evacuation
[2020-03-27T08:35:53.579+0000][1][gc,age       ] GC(255) Desired survivor size 8716288 bytes, new threshold 6 (max threshold 6)
[2020-03-27T08:35:53.579+0000][1][gc,age       ] GC(255) Age table with threshold 6 (max threshold 6)
[2020-03-27T08:35:53.580+0000][1][gc,age       ] GC(255) - age   1:    5326000 bytes,    5326000 total
[2020-03-27T08:35:53.581+0000][1][gc,age       ] GC(255) - age   2:     707840 bytes,    6033840 total
[2020-03-27T08:35:53.581+0000][1][gc,heap      ] GC(255) ParNew: 148596K->7205K(153344K)
[2020-03-27T08:35:53.582+0000][1][gc,heap      ] GC(255) CMS: 97926K->97926K(353920K)
[2020-03-27T08:35:53.583+0000][1][gc,metaspace ] GC(255) Metaspace: 98630K->98630K(1140736K)
[2020-03-27T08:35:53.583+0000][1][gc           ] GC(255) Pause Young (Allocation Failure) 240M->102M(495M) 13.525ms
[2020-03-27T08:35:53.584+0000][1][gc,cpu       ] GC(255) User=0.02s Sys=0.00s Real=0.01s
[2020-03-27T08:35:53.584+0000][1][safepoint    ] Safepoint "GenCollectForAllocation", Time since last: 905859476 ns, Reaching safepoint: 250199 ns, At safepoint: 14537968 ns, Total: 14788167 ns
[2020-03-27T08:35:53.598+0000][1][safepoint    ] Safepoint "RevokeBias", Time since last: 13886469 ns, Reaching safepoint: 107299 ns, At safepoint: 16400 ns, Total: 123699 ns
[2020-03-27T08:35:53.599+0000][1][safepoint    ] Safepoint "RevokeBias", Time since last: 790499 ns, Reaching safepoint: 69099 ns, At safepoint: 12100 ns, Total: 81199 ns
[2020-03-27T08:35:53.600+0000][1][safepoint    ] Safepoint "RevokeBias", Time since last: 1141198 ns, Reaching safepoint: 56000 ns, At safepoint: 20300 ns, Total: 76300 ns
[2020-03-27T08:35:53.601+0000][1][safepoint    ] Safepoint "RevokeBias", Time since last: 952798 ns, Reaching safepoint: 60199 ns, At safepoint: 10000 ns, Total: 70199 ns
[2020-03-27T08:35:53.641+0000][1][safepoint    ] Safepoint "RevokeBias", Time since last: 39536712 ns, Reaching safepoint: 206900 ns, At safepoint: 22200 ns, Total: 229100 ns
[2020-03-27T08:35:54.642+0000][1][safepoint    ] Safepoint "Cleanup", Time since last: 1000948763 ns, Reaching safepoint: 325500 ns, At safepoint: 103199 ns, Total: 428699 ns
[2020-03-27T08:35:55.645+0000][1][safepoint    ] Safepoint "Cleanup", Time since last: 1002659460 ns, Reaching safepoint: 452299 ns, At safepoint: 92400 ns, Total: 544699 ns
[2020-03-27T08:35:56.648+0000][1][safepoint    ] Safepoint "Cleanup", Time since last: 1002270761 ns, Reaching safepoint: 109800 ns, At safepoint: 20700 ns, Total: 130500 ns
[2020-03-27T08:35:57.649+0000][1][safepoint    ] Safepoint "Cleanup", Time since last: 1000966763 ns, Reaching safepoint: 359000 ns, At safepoint: 98299 ns, Total: 457299 ns
[2020-03-27T08:35:58.196+0000][1][safepoint    ] Safepoint "RevokeBias", Time since last: 546223097 ns, Reaching safepoint: 114700 ns, At safepoint: 25000 ns, Total: 139700 ns
[2020-03-27T08:35:58.588+0000][1][gc,start     ] GC(256) Pause Young (Allocation Failure)
[2020-03-27T08:35:58.589+0000][1][gc,task      ] GC(256) Using 2 workers of 2 for evacuation
[2020-03-27T08:35:58.594+0000][1][gc,age       ] GC(256) Desired survivor size 8716288 bytes, new threshold 6 (max threshold 6)
[2020-03-27T08:35:58.595+0000][1][gc,age       ] GC(256) Age table with threshold 6 (max threshold 6)
[2020-03-27T08:35:58.595+0000][1][gc,age       ] GC(256) - age   1:    2009728 bytes,    2009728 total
[2020-03-27T08:35:58.596+0000][1][gc,age       ] GC(256) - age   2:    1115256 bytes,    3124984 total
[2020-03-27T08:35:58.596+0000][1][gc,age       ] GC(256) - age   3:     707024 bytes,    3832008 total
[2020-03-27T08:35:58.597+0000][1][gc,heap      ] GC(256) ParNew: 143525K->7979K(153344K)
[2020-03-27T08:35:58.597+0000][1][gc,heap      ] GC(256) CMS: 97926K->97926K(353920K)
[2020-03-27T08:35:58.598+0000][1][gc,metaspace ] GC(256) Metaspace: 98641K->98641K(1140736K)
[2020-03-27T08:35:58.598+0000][1][gc           ] GC(256) Pause Young (Allocation Failure) 235M->103M(495M) 9.944ms
[2020-03-27T08:35:58.598+0000][1][gc,cpu       ] GC(256) User=0.00s Sys=0.00s Real=0.01s
[2020-03-27T08:35:58.599+0000][1][safepoint    ] Safepoint "GenCollectForAllocation", Time since last: 392244356 ns, Reaching safepoint: 119200 ns, At safepoint: 10921702 ns, Total: 11040902 ns
[2020-03-27T08:35:58.604+0000][1][safepoint    ] Safepoint "RevokeBias", Time since last: 5035000 ns, Reaching safepoint: 145900 ns, At safepoint: 34200 ns, Total: 180100 ns
[2020-03-27T08:35:58.605+0000][1][safepoint    ] Safepoint "RevokeBias", Time since last: 1020101 ns, Reaching safepoint: 97800 ns, At safepoint: 15800 ns, Total: 113600 ns
[2020-03-27T08:35:58.607+0000][1][safepoint    ] Safepoint "RevokeBias", Time since last: 1349800 ns, Reaching safepoint: 83200 ns, At safepoint: 21400 ns, Total: 104600 ns
[2020-03-27T08:35:58.607+0000][1][safepoint    ] Safepoint "RevokeBias", Time since last: 577100 ns, Reaching safepoint: 89600 ns, At safepoint: 22200 ns, Total: 111800 ns
[2020-03-27T08:35:58.672+0000][1][safepoint    ] Safepoint "RevokeBias", Time since last: 64905009 ns, Reaching safepoint: 133100 ns, At safepoint: 29800 ns, Total: 162900 ns
[2020-03-27T08:35:59.674+0000][1][safepoint    ] Safepoint "Cleanup", Time since last: 1000645145 ns, Reaching safepoint: 319000 ns, At safepoint: 229199 ns, Total: 548199 ns
[2020-03-27T08:36:00.677+0000][1][safepoint    ] Safepoint "Cleanup", Time since last: 1002432508 ns, Reaching safepoint: 322200 ns, At safepoint: 82499 ns, Total: 404699 ns
[2020-03-27T08:36:01.679+0000][1][safepoint    ] Safepoint "Cleanup", Time since last: 1002517209 ns, Reaching safepoint: 244199 ns, At safepoint: 64400 ns, Total: 308599 ns
[2020-03-27T08:36:02.661+0000][1][safepoint    ] Safepoint "RevokeBias", Time since last: 981299365 ns, Reaching safepoint: 288499 ns, At safepoint: 122400 ns, Total: 410899 ns
[2020-03-27T08:36:02.752+0000][1][safepoint    ] Safepoint "RevokeBias", Time since last: 90876456 ns, Reaching safepoint: 139600 ns, At safepoint: 32299 ns, Total: 171899 ns
[2020-03-27T08:36:02.753+0000][1][safepoint    ] Safepoint "RevokeBias", Time since last: 522399 ns, Reaching safepoint: 120300 ns, At safepoint: 22100 ns, Total: 142400 ns
[2020-03-27T08:36:02.754+0000][1][safepoint    ] Safepoint "RevokeBias", Time since last: 1423996 ns, Reaching safepoint: 74400 ns, At safepoint: 19300 ns, Total: 93700 ns
[2020-03-27T08:36:02.755+0000][1][safepoint    ] Safepoint "RevokeBias", Time since last: 615998 ns, Reaching safepoint: 62200 ns, At safepoint: 21200 ns, Total: 83400 ns
[2020-03-27T08:36:02.798+0000][1][safepoint    ] Safepoint "RevokeBias", Time since last: 42498386 ns, Reaching safepoint: 208199 ns, At safepoint: 19000 ns, Total: 227199 ns
[2020-03-27T08:36:03.833+0000][1][safepoint    ] Safepoint "Cleanup", Time since last: 1034969821 ns, Reaching safepoint: 356099 ns, At safepoint: 89300 ns, Total: 445399 ns
[2020-03-27T08:36:04.835+0000][1][safepoint    ] Safepoint "Cleanup", Time since last: 1001785856 ns, Reaching safepoint: 132100 ns, At safepoint: 19500 ns, Total: 151600 ns
[2020-03-27T08:36:05.836+0000][1][safepoint    ] Safepoint "Cleanup", Time since last: 1000720374 ns, Reaching safepoint: 93000 ns, At safepoint: 16700 ns, Total: 109700 ns
[2020-03-27T08:36:06.837+0000][1][safepoint    ] Safepoint "Cleanup", Time since last: 1000971415 ns, Reaching safepoint: 136200 ns, At safepoint: 30400 ns, Total: 166600 ns
[2020-03-27T08:36:07.838+0000][1][safepoint    ] Safepoint "Cleanup", Time since last: 1000956314 ns, Reaching safepoint: 110800 ns, At safepoint: 19900 ns, Total: 130700 ns
[2020-03-27T08:36:08.149+0000][1][safepoint    ] Safepoint "RevokeBias", Time since last: 310585932 ns, Reaching safepoint: 181400 ns, At safepoint: 16100 ns, Total: 197500 ns
[2020-03-27T08:36:08.780+0000][1][safepoint    ] Safepoint "RevokeBias", Time since last: 630744452 ns, Reaching safepoint: 102600 ns, At safepoint: 26100 ns, Total: 128700 ns
[2020-03-27T08:36:08.781+0000][1][safepoint    ] Safepoint "RevokeBias", Time since last: 1056399 ns, Reaching safepoint: 91000 ns, At safepoint: 21800 ns, Total: 112800 ns
[2020-03-27T08:36:08.782+0000][1][safepoint    ] Safepoint "RevokeBias", Time since last: 1407098 ns, Reaching safepoint: 86300 ns, At safepoint: 21500 ns, Total: 107800 ns
[2020-03-27T08:36:08.784+0000][1][safepoint    ] Safepoint "RevokeBias", Time since last: 997299 ns, Reaching safepoint: 67500 ns, At safepoint: 21200 ns, Total: 88700 ns
[2020-03-27T08:36:08.839+0000][1][safepoint    ] Safepoint "RevokeBias", Time since last: 55452034 ns, Reaching safepoint: 119900 ns, At safepoint: 28600 ns, Total: 148500 ns
[2020-03-27T08:36:08.887+0000][1][gc,start     ] GC(257) Pause Young (Allocation Failure)
[2020-03-27T08:36:08.887+0000][1][gc,task      ] GC(257) Using 2 workers of 2 for evacuation
[2020-03-27T08:36:08.893+0000][1][gc,age       ] GC(257) Desired survivor size 8716288 bytes, new threshold 6 (max threshold 6)
[2020-03-27T08:36:08.894+0000][1][gc,age       ] GC(257) Age table with threshold 6 (max threshold 6)
[2020-03-27T08:36:08.894+0000][1][gc,age       ] GC(257) - age   1:    1539376 bytes,    1539376 total
[2020-03-27T08:36:08.895+0000][1][gc,age       ] GC(257) - age   2:     209872 bytes,    1749248 total
[2020-03-27T08:36:08.895+0000][1][gc,age       ] GC(257) - age   3:     716728 bytes,    2465976 total
[2020-03-27T08:36:08.896+0000][1][gc,age       ] GC(257) - age   4:     706608 bytes,    3172584 total
[2020-03-27T08:36:08.896+0000][1][gc,heap      ] GC(257) ParNew: 144299K->5466K(153344K)
[2020-03-27T08:36:08.896+0000][1][gc,heap      ] GC(257) CMS: 97926K->97926K(353920K)
[2020-03-27T08:36:08.896+0000][1][gc,metaspace ] GC(257) Metaspace: 98649K->98649K(1140736K)
[2020-03-27T08:36:08.897+0000][1][gc           ] GC(257) Pause Young (Allocation Failure) 236M->100M(495M) 10.046ms
[2020-03-27T08:36:08.897+0000][1][gc,cpu       ] GC(257) User=0.01s Sys=0.00s Real=0.01s
[2020-03-27T08:36:08.897+0000][1][safepoint    ] Safepoint "GenCollectForAllocation", Time since last: 47571144 ns, Reaching safepoint: 110700 ns, At safepoint: 10593887 ns, Total: 10704587 ns
[2020-03-27T08:36:09.898+0000][1][safepoint    ] Safepoint "Cleanup", Time since last: 1000493415 ns, Reaching safepoint: 96599 ns, At safepoint: 16200 ns, Total: 112799 ns
[2020-03-27T08:36:10.899+0000][1][safepoint    ] Safepoint "Cleanup", Time since last: 1000868615 ns, Reaching safepoint: 294499 ns, At safepoint: 69800 ns, Total: 364299 ns
[2020-03-27T08:36:11.901+0000][1][safepoint    ] Safepoint "Cleanup", Time since last: 1001941013 ns, Reaching safepoint: 121200 ns, At safepoint: 20900 ns, Total: 142100 ns
[2020-03-27T08:36:12.659+0000][1][safepoint    ] Safepoint "RevokeBias", Time since last: 757691602 ns, Reaching safepoint: 243800 ns, At safepoint: 31000 ns, Total: 274800 ns
[2020-03-27T08:36:12.946+0000][1][safepoint    ] Safepoint "RevokeBias", Time since last: 286142361 ns, Reaching safepoint: 118400 ns, At safepoint: 19700 ns, Total: 138100 ns
[2020-03-27T08:36:12.947+0000][1][safepoint    ] Safepoint "BulkRevokeBias", Time since last: 1037099 ns, Reaching safepoint: 130199 ns, At safepoint: 527400 ns, Total: 657599 ns
[2020-03-27T08:36:12.949+0000][1][safepoint    ] Safepoint "RevokeBias", Time since last: 1693698 ns, Reaching safepoint: 90600 ns, At safepoint: 22300 ns, Total: 112900 ns
[2020-03-27T08:36:12.951+0000][1][safepoint    ] Safepoint "BulkRevokeBias", Time since last: 1159098 ns, Reaching safepoint: 91700 ns, At safepoint: 464600 ns, Total: 556300 ns
[2020-03-27T08:36:12.991+0000][1][safepoint    ] Safepoint "BulkRevokeBias", Time since last: 39321553 ns, Reaching safepoint: 133200 ns, At safepoint: 538099 ns, Total: 671299 ns
[2020-03-27T08:36:13.991+0000][1][safepoint    ] Safepoint "Cleanup", Time since last: 1000552015 ns, Reaching safepoint: 145100 ns, At safepoint: 22400 ns, Total: 167500 ns
[2020-03-27T08:36:14.993+0000][1][safepoint    ] Safepoint "Cleanup", Time since last: 1001114102 ns, Reaching safepoint: 102501 ns, At safepoint: 17500 ns, Total: 120001 ns
[2020-03-27T08:36:15.994+0000][1][safepoint    ] Safepoint "Cleanup", Time since last: 1000747218 ns, Reaching safepoint: 117401 ns, At safepoint: 16700 ns, Total: 134101 ns
[2020-03-27T08:36:16.995+0000][1][safepoint    ] Safepoint "Cleanup", Time since last: 1001149622 ns, Reaching safepoint: 317102 ns, At safepoint: 86900 ns, Total: 404002 ns
[2020-03-27T08:36:17.998+0000][1][safepoint    ] Safepoint "Cleanup", Time since last: 1002470809 ns, Reaching safepoint: 320300 ns, At safepoint: 26000 ns, Total: 346300 ns
[2020-03-27T08:36:18.175+0000][1][safepoint    ] Safepoint "RevokeBias", Time since last: 176438283 ns, Reaching safepoint: 179700 ns, At safepoint: 25200 ns, Total: 204900 ns
[2020-03-27T08:36:19.176+0000][1][safepoint    ] Safepoint "Cleanup", Time since last: 1000992104 ns, Reaching safepoint: 366200 ns, At safepoint: 88600 ns, Total: 454800 ns
[2020-03-27T08:36:20.179+0000][1][safepoint    ] Safepoint "Cleanup", Time since last: 1002053004 ns, Reaching safepoint: 372100 ns, At safepoint: 126600 ns, Total: 498700 ns
[2020-03-27T08:36:21.181+0000][1][safepoint    ] Safepoint "Cleanup", Time since last: 1001972705 ns, Reaching safepoint: 369500 ns, At safepoint: 58800 ns, Total: 428300 ns
[2020-03-27T08:36:22.183+0000][1][safepoint    ] Safepoint "Cleanup", Time since last: 1001645204 ns, Reaching safepoint: 370700 ns, At safepoint: 74600 ns, Total: 445300 ns
[2020-03-27T08:36:22.662+0000][1][safepoint    ] Safepoint "BulkRevokeBias", Time since last: 478594154 ns, Reaching safepoint: 171500 ns, At safepoint: 556100 ns, Total: 727600 ns
[2020-03-27T08:36:23.671+0000][1][safepoint    ] Safepoint "Cleanup", Time since last: 1007723492 ns, Reaching safepoint: 596400 ns, At safepoint: 48500 ns, Total: 644900 ns
[2020-03-27T08:36:24.673+0000][1][safepoint    ] Safepoint "Cleanup", Time since last: 1001797924 ns, Reaching safepoint: 461100 ns, At safepoint: 76700 ns, Total: 537800 ns
[2020-03-27T08:36:25.678+0000][1][safepoint    ] Safepoint "Cleanup", Time since last: 1004904423 ns, Reaching safepoint: 317700 ns, At safepoint: 83900 ns, Total: 401600 ns
[2020-03-27T08:36:26.698+0000][1][safepoint    ] Safepoint "Cleanup", Time since last: 1019551126 ns, Reaching safepoint: 95600 ns, At safepoint: 8600 ns, Total: 104200 ns
[2020-03-27T08:36:27.699+0000][1][safepoint    ] Safepoint "Cleanup", Time since last: 1001027523 ns, Reaching safepoint: 121600 ns, At safepoint: 16900 ns, Total: 138500 ns
[2020-03-27T08:36:28.157+0000][1][gc,start     ] GC(258) Pause Young (Allocation Failure)
[2020-03-27T08:36:28.158+0000][1][gc,task      ] GC(258) Using 2 workers of 2 for evacuation
[2020-03-27T08:36:28.166+0000][1][gc,age       ] GC(258) Desired survivor size 8716288 bytes, new threshold 1 (max threshold 6)
[2020-03-27T08:36:28.166+0000][1][gc,age       ] GC(258) Age table with threshold 1 (max threshold 6)
[2020-03-27T08:36:28.167+0000][1][gc,age       ] GC(258) - age   1:   14092408 bytes,   14092408 total
[2020-03-27T08:36:28.167+0000][1][gc,age       ] GC(258) - age   2:    1044992 bytes,   15137400 total
[2020-03-27T08:36:28.167+0000][1][gc,age       ] GC(258) - age   3:     208808 bytes,   15346208 total
[2020-03-27T08:36:28.168+0000][1][gc,age       ] GC(258) - age   4:     714968 bytes,   16061176 total
[2020-03-27T08:36:28.168+0000][1][gc,age       ] GC(258) - age   5:     700336 bytes,   16761512 total
[2020-03-27T08:36:28.169+0000][1][gc,heap      ] GC(258) ParNew: 141786K->17024K(153344K)
[2020-03-27T08:36:28.169+0000][1][gc,heap      ] GC(258) CMS: 97926K->97926K(353920K)
[2020-03-27T08:36:28.170+0000][1][gc,metaspace ] GC(258) Metaspace: 98755K->98755K(1140736K)
[2020-03-27T08:36:28.170+0000][1][gc           ] GC(258) Pause Young (Allocation Failure) 234M->112M(495M) 12.785ms
[2020-03-27T08:36:28.170+0000][1][gc,cpu       ] GC(258) User=0.01s Sys=0.00s Real=0.01s
[2020-03-27T08:36:28.171+0000][1][safepoint    ] Safepoint "GenCollectForAllocation", Time since last: 457759956 ns, Reaching safepoint: 216700 ns, At safepoint: 13724302 ns, Total: 13941002 ns
[2020-03-27T08:36:28.201+0000][1][safepoint    ] Safepoint "RevokeBias", Time since last: 29901903 ns, Reaching safepoint: 183700 ns, At safepoint: 25400 ns, Total: 209100 ns
[2020-03-27T08:36:29.202+0000][1][safepoint    ] Safepoint "Cleanup", Time since last: 1000651224 ns, Reaching safepoint: 103900 ns, At safepoint: 18000 ns, Total: 121900 ns
[2020-03-27T08:36:30.203+0000][1][safepoint    ] Safepoint "Cleanup", Time since last: 1000910323 ns, Reaching safepoint: 317400 ns, At safepoint: 88200 ns, Total: 405600 ns
[2020-03-27T08:36:31.205+0000][1][safepoint    ] Safepoint "Cleanup", Time since last: 1001837401 ns, Reaching safepoint: 194500 ns, At safepoint: 48200 ns, Total: 242700 ns
[2020-03-27T08:36:32.207+0000][1][safepoint    ] Safepoint "Cleanup", Time since last: 1001474758 ns, Reaching safepoint: 318299 ns, At safepoint: 85200 ns, Total: 403499 ns
[2020-03-27T08:36:32.679+0000][1][safepoint    ] Safepoint "RevokeBias", Time since last: 471722851 ns, Reaching safepoint: 223199 ns, At safepoint: 34500 ns, Total: 257699 ns
[2020-03-27T08:36:33.680+0000][1][safepoint    ] Safepoint "Cleanup", Time since last: 1000737358 ns, Reaching safepoint: 423700 ns, At safepoint: 38900 ns, Total: 462600 ns
[2020-03-27T08:36:34.683+0000][1][safepoint    ] Safepoint "Cleanup", Time since last: 1002342857 ns, Reaching safepoint: 117100 ns, At safepoint: 24599 ns, Total: 141699 ns
[2020-03-27T08:36:35.684+0000][1][safepoint    ] Safepoint "Cleanup", Time since last: 1001126158 ns, Reaching safepoint: 329000 ns, At safepoint: 95500 ns, Total: 424500 ns
[2020-03-27T08:36:36.686+0000][1][safepoint    ] Safepoint "Cleanup", Time since last: 1001937957 ns, Reaching safepoint: 159100 ns, At safepoint: 28600 ns, Total: 187700 ns
[2020-03-27T08:36:37.688+0000][1][safepoint    ] Safepoint "Cleanup", Time since last: 1000841857 ns, Reaching safepoint: 375500 ns, At safepoint: 22400 ns, Total: 397900 ns
[2020-03-27T08:36:38.159+0000][1][safepoint    ] Safepoint "RevokeBias", Time since last: 471525151 ns, Reaching safepoint: 93799 ns, At safepoint: 24800 ns, Total: 118599 ns
[2020-03-27T08:36:39.160+0000][1][safepoint    ] Safepoint "Cleanup", Time since last: 1000879941 ns, Reaching safepoint: 94300 ns, At safepoint: 16400 ns, Total: 110700 ns
[2020-03-27T08:36:40.161+0000][1][safepoint    ] Safepoint "Cleanup", Time since last: 1000637973 ns, Reaching safepoint: 100500 ns, At safepoint: 16200 ns, Total: 116700 ns
[2020-03-27T08:36:41.162+0000][1][safepoint    ] Safepoint "Cleanup", Time since last: 1000972474 ns, Reaching safepoint: 332300 ns, At safepoint: 86200 ns, Total: 418500 ns
[2020-03-27T08:36:42.165+0000][1][safepoint    ] Safepoint "Cleanup", Time since last: 1002169474 ns, Reaching safepoint: 189800 ns, At safepoint: 23100 ns, Total: 212900 ns
[2020-03-27T08:36:42.670+0000][1][safepoint    ] Safepoint "RevokeBias", Time since last: 504827436 ns, Reaching safepoint: 287200 ns, At safepoint: 30500 ns, Total: 317700 ns
[2020-03-27T08:36:43.672+0000][1][safepoint    ] Safepoint "Cleanup", Time since last: 1001352273 ns, Reaching safepoint: 280900 ns, At safepoint: 22600 ns, Total: 303500 ns
[2020-03-27T08:36:43.963+0000][1][safepoint    ] Safepoint "RevokeBias", Time since last: 290880664 ns, Reaching safepoint: 222300 ns, At safepoint: 33000 ns, Total: 255300 ns
[2020-03-27T08:36:43.963+0000][1][safepoint    ] Safepoint "RevokeBias", Time since last: 397199 ns, Reaching safepoint: 212900 ns, At safepoint: 13500 ns, Total: 226400 ns
[2020-03-27T08:36:43.964+0000][1][safepoint    ] Safepoint "RevokeBias", Time since last: 406800 ns, Reaching safepoint: 58000 ns, At safepoint: 19900 ns, Total: 77900 ns
[2020-03-27T08:36:43.965+0000][1][safepoint    ] Safepoint "RevokeBias", Time since last: 1346900 ns, Reaching safepoint: 64300 ns, At safepoint: 12100 ns, Total: 76400 ns
[2020-03-27T08:36:43.967+0000][1][safepoint    ] Safepoint "RevokeBias", Time since last: 1162900 ns, Reaching safepoint: 105900 ns, At safepoint: 12700 ns, Total: 118600 ns
[2020-03-27T08:36:44.014+0000][1][safepoint    ] Safepoint "RevokeBias", Time since last: 47202494 ns, Reaching safepoint: 344000 ns, At safepoint: 60200 ns, Total: 404200 ns
[2020-03-27T08:36:44.138+0000][1][safepoint    ] Safepoint "RevokeBias", Time since last: 123087885 ns, Reaching safepoint: 220399 ns, At safepoint: 44400 ns, Total: 264799 ns
[2020-03-27T08:36:44.150+0000][1][safepoint    ] Safepoint "RevokeBias", Time since last: 11792799 ns, Reaching safepoint: 422400 ns, At safepoint: 117800 ns, Total: 540200 ns
[2020-03-27T08:36:44.182+0000][1][safepoint    ] Safepoint "GenCollectForAllocation", Time since last: 31580796 ns, Reaching safepoint: 250700 ns, At safepoint: 20500 ns, Total: 271200 ns
[2020-03-27T08:36:44.183+0000][1][gc,start     ] GC(259) Pause Young (Allocation Failure)
[2020-03-27T08:36:44.184+0000][1][gc,task      ] GC(259) Using 2 workers of 2 for evacuation
[2020-03-27T08:36:44.191+0000][1][gc,age       ] GC(259) Desired survivor size 8716288 bytes, new threshold 6 (max threshold 6)
[2020-03-27T08:36:44.192+0000][1][gc,age       ] GC(259) Age table with threshold 6 (max threshold 6)
[2020-03-27T08:36:44.195+0000][1][gc,age       ] GC(259) - age   1:    2736032 bytes,    2736032 total
[2020-03-27T08:36:44.196+0000][1][gc,heap      ] GC(259) ParNew: 153344K->12713K(153344K)
[2020-03-27T08:36:44.198+0000][1][gc,heap      ] GC(259) CMS: 100528K->107019K(353920K)
[2020-03-27T08:36:44.199+0000][1][gc,metaspace ] GC(259) Metaspace: 98824K->98824K(1140736K)
[2020-03-27T08:36:44.200+0000][1][gc           ] GC(259) Pause Young (Allocation Failure) 247M->116M(495M) 16.345ms
[2020-03-27T08:36:44.201+0000][1][gc,cpu       ] GC(259) User=0.02s Sys=0.00s Real=0.02s
[2020-03-27T08:36:44.201+0000][1][safepoint    ] Safepoint "GenCollectForAllocation", Time since last: 926200 ns, Reaching safepoint: 505700 ns, At safepoint: 18156497 ns, Total: 18662197 ns
[2020-03-27T08:36:44.205+0000][1][gc,start     ] GC(260) Pause Young (GCLocker Initiated GC)
[2020-03-27T08:36:44.205+0000][1][gc,task      ] GC(260) Using 2 workers of 2 for evacuation
[2020-03-27T08:36:44.211+0000][1][gc,age       ] GC(260) Desired survivor size 8716288 bytes, new threshold 6 (max threshold 6)
[2020-03-27T08:36:44.212+0000][1][gc,age       ] GC(260) Age table with threshold 6 (max threshold 6)
[2020-03-27T08:36:44.212+0000][1][gc,age       ] GC(260) - age   1:     558152 bytes,     558152 total
[2020-03-27T08:36:44.212+0000][1][gc,age       ] GC(260) - age   2:    2735648 bytes,    3293800 total
[2020-03-27T08:36:44.213+0000][1][gc,heap      ] GC(260) ParNew: 13986K->3846K(153344K)
[2020-03-27T08:36:44.213+0000][1][gc,heap      ] GC(260) CMS: 107019K->107019K(353920K)
[2020-03-27T08:36:44.214+0000][1][gc,metaspace ] GC(260) Metaspace: 98829K->98829K(1140736K)
[2020-03-27T08:36:44.214+0000][1][gc           ] GC(260) Pause Young (GCLocker Initiated GC) 118M->108M(495M) 9.362ms
[2020-03-27T08:36:44.214+0000][1][gc,cpu       ] GC(260) User=0.01s Sys=0.00s Real=0.01s
[2020-03-27T08:36:44.215+0000][1][safepoint    ] Safepoint "GenCollectFull", Time since last: 2552200 ns, Reaching safepoint: 577400 ns, At safepoint: 10129299 ns, Total: 10706699 ns
[2020-03-27T08:36:44.244+0000][1][safepoint    ] Safepoint "RevokeBias", Time since last: 27994796 ns, Reaching safepoint: 472400 ns, At safepoint: 693800 ns, Total: 1166200 ns
[2020-03-27T08:36:44.245+0000][1][safepoint    ] Safepoint "RevokeBias", Time since last: 895600 ns, Reaching safepoint: 302100 ns, At safepoint: 22200 ns, Total: 324300 ns
[2020-03-27T08:36:44.247+0000][1][safepoint    ] Safepoint "RevokeBias", Time since last: 1862500 ns, Reaching safepoint: 385800 ns, At safepoint: 31600 ns, Total: 417400 ns
[2020-03-27T08:36:44.249+0000][1][safepoint    ] Safepoint "RevokeBias", Time since last: 1206999 ns, Reaching safepoint: 455200 ns, At safepoint: 16700 ns, Total: 471900 ns
[2020-03-27T08:36:44.295+0000][1][safepoint    ] Safepoint "RevokeBias", Time since last: 46252295 ns, Reaching safepoint: 184100 ns, At safepoint: 23100 ns, Total: 207200 ns
[2020-03-27T08:36:44.397+0000][1][safepoint    ] Safepoint "RevokeBias", Time since last: 101230287 ns, Reaching safepoint: 427600 ns, At safepoint: 199500 ns, Total: 627100 ns
[2020-03-27T08:36:44.398+0000][1][safepoint    ] Safepoint "RevokeBias", Time since last: 634500 ns, Reaching safepoint: 168700 ns, At safepoint: 16700 ns, Total: 185400 ns
[2020-03-27T08:36:44.400+0000][1][safepoint    ] Safepoint "RevokeBias", Time since last: 1271999 ns, Reaching safepoint: 382200 ns, At safepoint: 297700 ns, Total: 679900 ns
[2020-03-27T08:36:44.401+0000][1][safepoint    ] Safepoint "RevokeBias", Time since last: 1023300 ns, Reaching safepoint: 177300 ns, At safepoint: 34000 ns, Total: 211300 ns
[2020-03-27T08:36:44.589+0000][1][safepoint    ] Safepoint "RevokeBias", Time since last: 187788276 ns, Reaching safepoint: 135100 ns, At safepoint: 25300 ns, Total: 160400 ns
[2020-03-27T08:36:44.590+0000][1][safepoint    ] Safepoint "RevokeBias", Time since last: 457900 ns, Reaching safepoint: 60700 ns, At safepoint: 21200 ns, Total: 81900 ns
[2020-03-27T08:36:44.590+0000][1][safepoint    ] Safepoint "RevokeBias", Time since last: 314300 ns, Reaching safepoint: 48600 ns, At safepoint: 26600 ns, Total: 75200 ns
[2020-03-27T08:36:44.590+0000][1][safepoint    ] Safepoint "RevokeBias", Time since last: 269300 ns, Reaching safepoint: 47100 ns, At safepoint: 19200 ns, Total: 66300 ns
[2020-03-27T08:36:44.591+0000][1][safepoint    ] Safepoint "RevokeBias", Time since last: 316800 ns, Reaching safepoint: 47600 ns, At safepoint: 20000 ns, Total: 67600 ns
[2020-03-27T08:36:44.591+0000][1][safepoint    ] Safepoint "RevokeBias", Time since last: 314100 ns, Reaching safepoint: 74900 ns, At safepoint: 19300 ns, Total: 94200 ns
[2020-03-27T08:36:44.592+0000][1][safepoint    ] Safepoint "RevokeBias", Time since last: 350400 ns, Reaching safepoint: 66200 ns, At safepoint: 19000 ns, Total: 85200 ns
[2020-03-27T08:36:44.592+0000][1][safepoint    ] Safepoint "RevokeBias", Time since last: 265200 ns, Reaching safepoint: 47700 ns, At safepoint: 26400 ns, Total: 74100 ns
[2020-03-27T08:36:44.592+0000][1][safepoint    ] Safepoint "RevokeBias", Time since last: 331400 ns, Reaching safepoint: 66200 ns, At safepoint: 18500 ns, Total: 84700 ns
[2020-03-27T08:36:44.593+0000][1][safepoint    ] Safepoint "RevokeBias", Time since last: 358000 ns, Reaching safepoint: 47900 ns, At safepoint: 19500 ns, Total: 67400 ns
[2020-03-27T08:36:45.138+0000][1][safepoint    ] Safepoint "RevokeBias", Time since last: 545355431 ns, Reaching safepoint: 122300 ns, At safepoint: 29300 ns, Total: 151600 ns
[2020-03-27T08:36:45.141+0000][1][safepoint    ] Safepoint "RevokeBias", Time since last: 2071900 ns, Reaching safepoint: 112600 ns, At safepoint: 18100 ns, Total: 130700 ns
[2020-03-27T08:36:45.142+0000][1][safepoint    ] Safepoint "RevokeBias", Time since last: 880000 ns, Reaching safepoint: 78500 ns, At safepoint: 16800 ns, Total: 95300 ns
[2020-03-27T08:36:45.556+0000][1][gc,start     ] GC(261) Pause Young (Allocation Failure)
[2020-03-27T08:36:45.556+0000][1][gc,task      ] GC(261) Using 2 workers of 2 for evacuation
[2020-03-27T08:36:45.562+0000][1][gc,age       ] GC(261) Desired survivor size 8716288 bytes, new threshold 6 (max threshold 6)
[2020-03-27T08:36:45.563+0000][1][gc,age       ] GC(261) Age table with threshold 6 (max threshold 6)
[2020-03-27T08:36:45.563+0000][1][gc,age       ] GC(261) - age   1:    1159416 bytes,    1159416 total
[2020-03-27T08:36:45.563+0000][1][gc,age       ] GC(261) - age   2:      16480 bytes,    1175896 total
[2020-03-27T08:36:45.563+0000][1][gc,age       ] GC(261) - age   3:     140896 bytes,    1316792 total
[2020-03-27T08:36:45.564+0000][1][gc,heap      ] GC(261) ParNew: 139663K->3374K(153344K)
[2020-03-27T08:36:45.564+0000][1][gc,heap      ] GC(261) CMS: 107019K->107019K(353920K)
[2020-03-27T08:36:45.564+0000][1][gc,metaspace ] GC(261) Metaspace: 98858K->98858K(1140736K)
[2020-03-27T08:36:45.564+0000][1][gc           ] GC(261) Pause Young (Allocation Failure) 240M->107M(495M) 8.509ms
[2020-03-27T08:36:45.565+0000][1][gc,cpu       ] GC(261) User=0.01s Sys=0.00s Real=0.00s
[2020-03-27T08:36:45.565+0000][1][safepoint    ] Safepoint "GenCollectForAllocation", Time since last: 414050247 ns, Reaching safepoint: 172500 ns, At safepoint: 9104899 ns, Total: 9277399 ns
[2020-03-27T08:36:45.573+0000][1][safepoint    ] Safepoint "RevokeBias", Time since last: 7788999 ns, Reaching safepoint: 186600 ns, At safepoint: 42000 ns, Total: 228600 ns
[2020-03-27T08:36:45.574+0000][1][safepoint    ] Safepoint "RevokeBias", Time since last: 973700 ns, Reaching safepoint: 88000 ns, At safepoint: 15400 ns, Total: 103400 ns
[2020-03-27T08:36:45.575+0000][1][safepoint    ] Safepoint "RevokeBias", Time since last: 1306800 ns, Reaching safepoint: 91800 ns, At safepoint: 14600 ns, Total: 106400 ns
[2020-03-27T08:36:45.577+0000][1][safepoint    ] Safepoint "RevokeBias", Time since last: 1151800 ns, Reaching safepoint: 71300 ns, At safepoint: 22600 ns, Total: 93900 ns
[2020-03-27T08:36:45.649+0000][1][safepoint    ] Safepoint "RevokeBias", Time since last: 72677991 ns, Reaching safepoint: 117000 ns, At safepoint: 28200 ns, Total: 145200 ns
[2020-03-27T08:36:45.711+0000][1][safepoint    ] Safepoint "RevokeBias", Time since last: 61758292 ns, Reaching safepoint: 95800 ns, At safepoint: 26400 ns, Total: 122200 ns
[2020-03-27T08:36:46.713+0000][1][safepoint    ] Safepoint "Cleanup", Time since last: 1000821673 ns, Reaching safepoint: 422400 ns, At safepoint: 90600 ns, Total: 513000 ns
[2020-03-27T08:36:47.715+0000][1][safepoint    ] Safepoint "Cleanup", Time since last: 1002057928 ns, Reaching safepoint: 312400 ns, At safepoint: 83700 ns, Total: 396100 ns
[2020-03-27T08:36:48.172+0000][1][safepoint    ] Safepoint "RevokeBias", Time since last: 456995272 ns, Reaching safepoint: 93500 ns, At safepoint: 22800 ns, Total: 116300 ns
[2020-03-27T08:36:48.277+0000][1][safepoint    ] Safepoint "RevokeBias", Time since last: 104180094 ns, Reaching safepoint: 243700 ns, At safepoint: 32200 ns, Total: 275900 ns
[2020-03-27T08:36:48.278+0000][1][safepoint    ] Safepoint "RevokeBias", Time since last: 897699 ns, Reaching safepoint: 135600 ns, At safepoint: 22700 ns, Total: 158300 ns
[2020-03-27T08:36:48.279+0000][1][safepoint    ] Safepoint "RevokeBias", Time since last: 1043200 ns, Reaching safepoint: 57300 ns, At safepoint: 27700 ns, Total: 85000 ns
[2020-03-27T08:36:48.280+0000][1][safepoint    ] Safepoint "RevokeBias", Time since last: 958500 ns, Reaching safepoint: 125200 ns, At safepoint: 12100 ns, Total: 137300 ns
[2020-03-27T08:36:48.332+0000][1][safepoint    ] Safepoint "RevokeBias", Time since last: 51702297 ns, Reaching safepoint: 235600 ns, At safepoint: 30100 ns, Total: 265700 ns
[2020-03-27T08:36:49.333+0000][1][safepoint    ] Safepoint "Cleanup", Time since last: 1000749738 ns, Reaching safepoint: 377100 ns, At safepoint: 85100 ns, Total: 462200 ns
[2020-03-27T08:36:50.336+0000][1][safepoint    ] Safepoint "Cleanup", Time since last: 1002264938 ns, Reaching safepoint: 133300 ns, At safepoint: 45100 ns, Total: 178400 ns
[2020-03-27T08:36:51.337+0000][1][safepoint    ] Safepoint "Cleanup", Time since last: 1001275637 ns, Reaching safepoint: 191100 ns, At safepoint: 45900 ns, Total: 237000 ns
[2020-03-27T08:36:52.339+0000][1][safepoint    ] Safepoint "Cleanup", Time since last: 1001265338 ns, Reaching safepoint: 180500 ns, At safepoint: 32400 ns, Total: 212900 ns
[2020-03-27T08:36:52.677+0000][1][safepoint    ] Safepoint "RevokeBias", Time since last: 337871479 ns, Reaching safepoint: 287600 ns, At safepoint: 19500 ns, Total: 307100 ns
[2020-03-27T08:36:53.428+0000][1][safepoint    ] Safepoint "RevokeBias", Time since last: 751231053 ns, Reaching safepoint: 218800 ns, At safepoint: 17300 ns, Total: 236100 ns
[2020-03-27T08:36:53.429+0000][1][safepoint    ] Safepoint "RevokeBias", Time since last: 788900 ns, Reaching safepoint: 74800 ns, At safepoint: 23700 ns, Total: 98500 ns
[2020-03-27T08:36:53.431+0000][1][safepoint    ] Safepoint "RevokeBias", Time since last: 1444100 ns, Reaching safepoint: 117000 ns, At safepoint: 13700 ns, Total: 130700 ns
[2020-03-27T08:36:53.432+0000][1][safepoint    ] Safepoint "RevokeBias", Time since last: 775100 ns, Reaching safepoint: 121300 ns, At safepoint: 13600 ns, Total: 134900 ns
[2020-03-27T08:36:53.453+0000][1][gc,start     ] GC(262) Pause Young (Allocation Failure)
[2020-03-27T08:36:53.453+0000][1][gc,task      ] GC(262) Using 2 workers of 2 for evacuation
[2020-03-27T08:36:53.458+0000][1][gc,age       ] GC(262) Desired survivor size 8716288 bytes, new threshold 6 (max threshold 6)
[2020-03-27T08:36:53.459+0000][1][gc,age       ] GC(262) Age table with threshold 6 (max threshold 6)
[2020-03-27T08:36:53.459+0000][1][gc,age       ] GC(262) - age   1:    1015976 bytes,    1015976 total
[2020-03-27T08:36:53.459+0000][1][gc,age       ] GC(262) - age   2:     661848 bytes,    1677824 total
[2020-03-27T08:36:53.460+0000][1][gc,age       ] GC(262) - age   3:      16480 bytes,    1694304 total
[2020-03-27T08:36:53.460+0000][1][gc,age       ] GC(262) - age   4:     134920 bytes,    1829224 total
[2020-03-27T08:36:53.460+0000][1][gc,heap      ] GC(262) ParNew: 139694K->2329K(153344K)
[2020-03-27T08:36:53.460+0000][1][gc,heap      ] GC(262) CMS: 107019K->107019K(353920K)
[2020-03-27T08:36:53.461+0000][1][gc,metaspace ] GC(262) Metaspace: 98858K->98858K(1140736K)
[2020-03-27T08:36:53.461+0000][1][gc           ] GC(262) Pause Young (Allocation Failure) 240M->106M(495M) 8.131ms
[2020-03-27T08:36:53.461+0000][1][gc,cpu       ] GC(262) User=0.01s Sys=0.01s Real=0.01s
[2020-03-27T08:36:53.461+0000][1][safepoint    ] Safepoint "GenCollectForAllocation", Time since last: 21176699 ns, Reaching safepoint: 97100 ns, At safepoint: 8570099 ns, Total: 8667199 ns
[2020-03-27T08:36:53.481+0000][1][safepoint    ] Safepoint "RevokeBias", Time since last: 19798299 ns, Reaching safepoint: 142100 ns, At safepoint: 30400 ns, Total: 172500 ns
[2020-03-27T08:36:54.482+0000][1][safepoint    ] Safepoint "Cleanup", Time since last: 1000728238 ns, Reaching safepoint: 112100 ns, At safepoint: 20600 ns, Total: 132700 ns
[2020-03-27T08:36:55.484+0000][1][safepoint    ] Safepoint "Cleanup", Time since last: 1001041714 ns, Reaching safepoint: 406100 ns, At safepoint: 85000 ns, Total: 491100 ns
[2020-03-27T08:36:56.486+0000][1][safepoint    ] Safepoint "Cleanup", Time since last: 1002201164 ns, Reaching safepoint: 122700 ns, At safepoint: 22400 ns, Total: 145100 ns
[2020-03-27T08:36:57.488+0000][1][safepoint    ] Safepoint "Cleanup", Time since last: 1001161665 ns, Reaching safepoint: 410700 ns, At safepoint: 78300 ns, Total: 489000 ns
[2020-03-27T08:36:58.178+0000][1][safepoint    ] Safepoint "RevokeBias", Time since last: 689728944 ns, Reaching safepoint: 181100 ns, At safepoint: 24800 ns, Total: 205900 ns
[2020-03-27T08:36:58.425+0000][1][safepoint    ] Safepoint "RevokeBias", Time since last: 247296016 ns, Reaching safepoint: 112900 ns, At safepoint: 25900 ns, Total: 138800 ns
[2020-03-27T08:36:58.426+0000][1][safepoint    ] Safepoint "RevokeBias", Time since last: 1036100 ns, Reaching safepoint: 76200 ns, At safepoint: 15000 ns, Total: 91200 ns
[2020-03-27T08:36:58.428+0000][1][safepoint    ] Safepoint "RevokeBias", Time since last: 1191300 ns, Reaching safepoint: 66800 ns, At safepoint: 13700 ns, Total: 80500 ns
[2020-03-27T08:36:58.428+0000][1][safepoint    ] Safepoint "RevokeBias", Time since last: 469400 ns, Reaching safepoint: 78200 ns, At safepoint: 21100 ns, Total: 99300 ns
[2020-03-27T08:36:58.491+0000][1][safepoint    ] Safepoint "RevokeBias", Time since last: 63013105 ns, Reaching safepoint: 121100 ns, At safepoint: 21200 ns, Total: 142300 ns
[2020-03-27T08:36:59.492+0000][1][safepoint    ] Safepoint "Cleanup", Time since last: 1000749064 ns, Reaching safepoint: 98700 ns, At safepoint: 18200 ns, Total: 116900 ns
[2020-03-27T08:37:00.494+0000][1][safepoint    ] Safepoint "Cleanup", Time since last: 1000979264 ns, Reaching safepoint: 446000 ns, At safepoint: 26600 ns, Total: 472600 ns
[2020-03-27T08:37:01.496+0000][1][safepoint    ] Safepoint "Cleanup", Time since last: 1002290765 ns, Reaching safepoint: 102600 ns, At safepoint: 18200 ns, Total: 120800 ns
[2020-03-27T08:37:02.497+0000][1][safepoint    ] Safepoint "Cleanup", Time since last: 1001136364 ns, Reaching safepoint: 201400 ns, At safepoint: 48000 ns, Total: 249400 ns
[2020-03-27T08:37:02.682+0000][1][safepoint    ] Safepoint "RevokeBias", Time since last: 183891312 ns, Reaching safepoint: 209700 ns, At safepoint: 21300 ns, Total: 231000 ns
[2020-03-27T08:37:03.567+0000][1][safepoint    ] Safepoint "RevokeBias", Time since last: 885161717 ns, Reaching safepoint: 248201 ns, At safepoint: 32600 ns, Total: 280801 ns
[2020-03-27T08:37:03.568+0000][1][safepoint    ] Safepoint "RevokeBias", Time since last: 489103 ns, Reaching safepoint: 368103 ns, At safepoint: 29400 ns, Total: 397503 ns
[2020-03-27T08:37:03.569+0000][1][safepoint    ] Safepoint "RevokeBias", Time since last: 1336808 ns, Reaching safepoint: 120201 ns, At safepoint: 15300 ns, Total: 135501 ns
[2020-03-27T08:37:03.570+0000][1][safepoint    ] Safepoint "RevokeBias", Time since last: 949406 ns, Reaching safepoint: 61900 ns, At safepoint: 22500 ns, Total: 84400 ns
[2020-03-27T08:37:03.612+0000][1][safepoint    ] Safepoint "RevokeBias", Time since last: 41632554 ns, Reaching safepoint: 150101 ns, At safepoint: 29001 ns, Total: 179102 ns
[2020-03-27T08:37:03.639+0000][1][safepoint    ] Safepoint "RevokeBias", Time since last: 26711063 ns, Reaching safepoint: 177401 ns, At safepoint: 38500 ns, Total: 215901 ns
[2020-03-27T08:37:03.640+0000][1][safepoint    ] Safepoint "RevokeBias", Time since last: 437603 ns, Reaching safepoint: 60700 ns, At safepoint: 13400 ns, Total: 74100 ns
[2020-03-27T08:37:03.644+0000][1][safepoint    ] Safepoint "RevokeBias", Time since last: 4723629 ns, Reaching safepoint: 85701 ns, At safepoint: 23000 ns, Total: 108701 ns
[2020-03-27T08:37:03.684+0000][1][gc,start     ] GC(263) Pause Young (Allocation Failure)
[2020-03-27T08:37:03.685+0000][1][gc,task      ] GC(263) Using 2 workers of 2 for evacuation
[2020-03-27T08:37:03.692+0000][1][gc,age       ] GC(263) Desired survivor size 8716288 bytes, new threshold 6 (max threshold 6)
[2020-03-27T08:37:03.692+0000][1][gc,age       ] GC(263) Age table with threshold 6 (max threshold 6)
[2020-03-27T08:37:03.693+0000][1][gc,age       ] GC(263) - age   1:    1422992 bytes,    1422992 total
[2020-03-27T08:37:03.693+0000][1][gc,age       ] GC(263) - age   2:     480632 bytes,    1903624 total
[2020-03-27T08:37:03.694+0000][1][gc,age       ] GC(263) - age   3:     649528 bytes,    2553152 total
[2020-03-27T08:37:03.694+0000][1][gc,age       ] GC(263) - age   4:      16480 bytes,    2569632 total
[2020-03-27T08:37:03.694+0000][1][gc,age       ] GC(263) - age   5:     133832 bytes,    2703464 total
[2020-03-27T08:37:03.695+0000][1][gc,heap      ] GC(263) ParNew: 138649K->3262K(153344K)
[2020-03-27T08:37:03.695+0000][1][gc,heap      ] GC(263) CMS: 107019K->107019K(353920K)
[2020-03-27T08:37:03.695+0000][1][gc,metaspace ] GC(263) Metaspace: 98858K->98858K(1140736K)
[2020-03-27T08:37:03.695+0000][1][gc           ] GC(263) Pause Young (Allocation Failure) 239M->107M(495M) 11.308ms
[2020-03-27T08:37:03.696+0000][1][gc,cpu       ] GC(263) User=0.01s Sys=0.00s Real=0.02s
[2020-03-27T08:37:03.696+0000][1][safepoint    ] Safepoint "GenCollectForAllocation", Time since last: 39451641 ns, Reaching safepoint: 223701 ns, At safepoint: 11999973 ns, Total: 12223674 ns
[2020-03-27T08:37:04.642+0000][1][safepoint    ] Safepoint "BulkRevokeBias", Time since last: 944174767 ns, Reaching safepoint: 497103 ns, At safepoint: 1509710 ns, Total: 2006813 ns
[2020-03-27T08:37:04.682+0000][1][safepoint    ] Safepoint "RevokeBias", Time since last: 39503041 ns, Reaching safepoint: 110601 ns, At safepoint: 38100 ns, Total: 148701 ns
[2020-03-27T08:37:05.683+0000][1][safepoint    ] Safepoint "Cleanup", Time since last: 1000464011 ns, Reaching safepoint: 154601 ns, At safepoint: 14600 ns, Total: 169201 ns
[2020-03-27T08:37:06.683+0000][1][safepoint    ] Safepoint "Cleanup", Time since last: 1000599783 ns, Reaching safepoint: 92200 ns, At safepoint: 16500 ns, Total: 108700 ns
[2020-03-27T08:37:07.685+0000][1][safepoint    ] Safepoint "Cleanup", Time since last: 1001226111 ns, Reaching safepoint: 182600 ns, At safepoint: 23300 ns, Total: 205900 ns
[2020-03-27T08:37:08.182+0000][1][safepoint    ] Safepoint "RevokeBias", Time since last: 496800755 ns, Reaching safepoint: 105500 ns, At safepoint: 24800 ns, Total: 130300 ns
[2020-03-27T08:37:08.583+0000][1][gc,start     ] GC(264) Pause Young (Allocation Failure)
[2020-03-27T08:37:08.583+0000][1][gc,task      ] GC(264) Using 2 workers of 2 for evacuation
[2020-03-27T08:37:08.587+0000][1][gc,age       ] GC(264) Desired survivor size 8716288 bytes, new threshold 6 (max threshold 6)
[2020-03-27T08:37:08.588+0000][1][gc,age       ] GC(264) Age table with threshold 6 (max threshold 6)
[2020-03-27T08:37:08.589+0000][1][gc,age       ] GC(264) - age   1:    4875472 bytes,    4875472 total
[2020-03-27T08:37:08.589+0000][1][gc,age       ] GC(264) - age   2:     540328 bytes,    5415800 total
[2020-03-27T08:37:08.590+0000][1][gc,age       ] GC(264) - age   3:     477880 bytes,    5893680 total
[2020-03-27T08:37:08.590+0000][1][gc,age       ] GC(264) - age   4:     447056 bytes,    6340736 total
[2020-03-27T08:37:08.590+0000][1][gc,age       ] GC(264) - age   5:      16480 bytes,    6357216 total
[2020-03-27T08:37:08.591+0000][1][gc,age       ] GC(264) - age   6:     133464 bytes,    6490680 total
[2020-03-27T08:37:08.591+0000][1][gc,heap      ] GC(264) ParNew: 139582K->7163K(153344K)
[2020-03-27T08:37:08.592+0000][1][gc,heap      ] GC(264) CMS: 107019K->107019K(353920K)
[2020-03-27T08:37:08.592+0000][1][gc,metaspace ] GC(264) Metaspace: 98858K->98858K(1140736K)
[2020-03-27T08:37:08.593+0000][1][gc           ] GC(264) Pause Young (Allocation Failure) 240M->111M(495M) 9.918ms
[2020-03-27T08:37:08.593+0000][1][gc,cpu       ] GC(264) User=0.01s Sys=0.00s Real=0.01s
[2020-03-27T08:37:08.593+0000][1][safepoint    ] Safepoint "GenCollectForAllocation", Time since last: 400833225 ns, Reaching safepoint: 139700 ns, At safepoint: 10637603 ns, Total: 10777303 ns
[2020-03-27T08:37:08.599+0000][1][safepoint    ] Safepoint "RevokeBias", Time since last: 5345902 ns, Reaching safepoint: 216800 ns, At safepoint: 33100 ns, Total: 249900 ns
[2020-03-27T08:37:08.600+0000][1][safepoint    ] Safepoint "RevokeBias", Time since last: 844700 ns, Reaching safepoint: 67700 ns, At safepoint: 50700 ns, Total: 118400 ns
[2020-03-27T08:37:08.601+0000][1][safepoint    ] Safepoint "RevokeBias", Time since last: 1313101 ns, Reaching safepoint: 83000 ns, At safepoint: 21300 ns, Total: 104300 ns
[2020-03-27T08:37:08.602+0000][1][safepoint    ] Safepoint "RevokeBias", Time since last: 1001100 ns, Reaching safepoint: 79600 ns, At safepoint: 26600 ns, Total: 106200 ns
[2020-03-27T08:37:08.643+0000][1][safepoint    ] Safepoint "RevokeBias", Time since last: 40895013 ns, Reaching safepoint: 116700 ns, At safepoint: 20700 ns, Total: 137400 ns
[2020-03-27T08:37:09.645+0000][1][safepoint    ] Safepoint "Cleanup", Time since last: 1001180912 ns, Reaching safepoint: 322100 ns, At safepoint: 86000 ns, Total: 408100 ns
[2020-03-27T08:37:10.648+0000][1][safepoint    ] Safepoint "Cleanup", Time since last: 1002402812 ns, Reaching safepoint: 349400 ns, At safepoint: 44300 ns, Total: 393700 ns
[2020-03-27T08:37:11.650+0000][1][safepoint    ] Safepoint "Cleanup", Time since last: 1001351744 ns, Reaching safepoint: 319001 ns, At safepoint: 176000 ns, Total: 495001 ns
[2020-03-27T08:37:12.652+0000][1][safepoint    ] Safepoint "Cleanup", Time since last: 1002170070 ns, Reaching safepoint: 324701 ns, At safepoint: 84300 ns, Total: 409001 ns
[2020-03-27T08:37:12.687+0000][1][safepoint    ] Safepoint "RevokeBias", Time since last: 34471040 ns, Reaching safepoint: 303101 ns, At safepoint: 193300 ns, Total: 496401 ns
[2020-03-27T08:37:12.765+0000][1][safepoint    ] Safepoint "RevokeBias", Time since last: 77976391 ns, Reaching safepoint: 125400 ns, At safepoint: 33600 ns, Total: 159000 ns
[2020-03-27T08:37:12.767+0000][1][safepoint    ] Safepoint "BulkRevokeBias", Time since last: 575001 ns, Reaching safepoint: 191300 ns, At safepoint: 650401 ns, Total: 841701 ns
[2020-03-27T08:37:12.768+0000][1][safepoint    ] Safepoint "RevokeBias", Time since last: 1380301 ns, Reaching safepoint: 66500 ns, At safepoint: 26400 ns, Total: 92900 ns
[2020-03-27T08:37:12.770+0000][1][safepoint    ] Safepoint "BulkRevokeBias", Time since last: 844601 ns, Reaching safepoint: 63700 ns, At safepoint: 472801 ns, Total: 536501 ns
[2020-03-27T08:37:12.814+0000][1][safepoint    ] Safepoint "RevokeBias", Time since last: 44367952 ns, Reaching safepoint: 107600 ns, At safepoint: 30100 ns, Total: 137700 ns
[2020-03-27T08:37:13.815+0000][1][safepoint    ] Safepoint "Cleanup", Time since last: 1000917869 ns, Reaching safepoint: 326400 ns, At safepoint: 86300 ns, Total: 412700 ns
[2020-03-27T08:37:14.819+0000][1][safepoint    ] Safepoint "Cleanup", Time since last: 1002651571 ns, Reaching safepoint: 361901 ns, At safepoint: 177900 ns, Total: 539801 ns
[2020-03-27T08:37:15.821+0000][1][safepoint    ] Safepoint "Cleanup", Time since last: 1001922070 ns, Reaching safepoint: 390801 ns, At safepoint: 80300 ns, Total: 471101 ns
[2020-03-27T08:37:16.823+0000][1][safepoint    ] Safepoint "Cleanup", Time since last: 1002064670 ns, Reaching safepoint: 298201 ns, At safepoint: 76400 ns, Total: 374601 ns
[2020-03-27T08:37:17.826+0000][1][safepoint    ] Safepoint "Cleanup", Time since last: 1002224870 ns, Reaching safepoint: 96500 ns, At safepoint: 18400 ns, Total: 114900 ns
[2020-03-27T08:37:18.171+0000][1][safepoint    ] Safepoint "RevokeBias", Time since last: 345203703 ns, Reaching safepoint: 166101 ns, At safepoint: 24200 ns, Total: 190301 ns
[2020-03-27T08:37:19.173+0000][1][safepoint    ] Safepoint "Cleanup", Time since last: 1001237184 ns, Reaching safepoint: 130700 ns, At safepoint: 19000 ns, Total: 149700 ns
[2020-03-27T08:37:20.174+0000][1][safepoint    ] Safepoint "Cleanup", Time since last: 1001197124 ns, Reaching safepoint: 116900 ns, At safepoint: 22500 ns, Total: 139400 ns
[2020-03-27T08:37:21.175+0000][1][safepoint    ] Safepoint "Cleanup", Time since last: 1001028523 ns, Reaching safepoint: 126900 ns, At safepoint: 30501 ns, Total: 157401 ns
[2020-03-27T08:37:22.176+0000][1][safepoint    ] Safepoint "Cleanup", Time since last: 1000898123 ns, Reaching safepoint: 160200 ns, At safepoint: 36900 ns, Total: 197100 ns
[2020-03-27T08:37:22.686+0000][1][safepoint    ] Safepoint "RevokeBias", Time since last: 509023619 ns, Reaching safepoint: 263900 ns, At safepoint: 210200 ns, Total: 474100 ns
[2020-03-27T08:37:23.686+0000][1][safepoint    ] Safepoint "Cleanup", Time since last: 1000423723 ns, Reaching safepoint: 98200 ns, At safepoint: 21700 ns, Total: 119900 ns
[2020-03-27T08:37:24.687+0000][1][safepoint    ] Safepoint "Cleanup", Time since last: 1001050424 ns, Reaching safepoint: 94600 ns, At safepoint: 19300 ns, Total: 113900 ns
[2020-03-27T08:37:25.688+0000][1][safepoint    ] Safepoint "Cleanup", Time since last: 1000832323 ns, Reaching safepoint: 189101 ns, At safepoint: 47400 ns, Total: 236501 ns
[2020-03-27T08:37:26.690+0000][1][safepoint    ] Safepoint "Cleanup", Time since last: 1001530523 ns, Reaching safepoint: 103001 ns, At safepoint: 15900 ns, Total: 118901 ns
[2020-03-27T08:37:27.691+0000][1][safepoint    ] Safepoint "Cleanup", Time since last: 1001145753 ns, Reaching safepoint: 135600 ns, At safepoint: 18200 ns, Total: 153800 ns
[2020-03-27T08:37:28.186+0000][1][safepoint    ] Safepoint "RevokeBias", Time since last: 494202498 ns, Reaching safepoint: 103300 ns, At safepoint: 25900 ns, Total: 129200 ns
[2020-03-27T08:37:29.187+0000][1][safepoint    ] Safepoint "Cleanup", Time since last: 1000795992 ns, Reaching safepoint: 101700 ns, At safepoint: 20400 ns, Total: 122100 ns
[2020-03-27T08:37:30.188+0000][1][safepoint    ] Safepoint "Cleanup", Time since last: 1000776793 ns, Reaching safepoint: 139500 ns, At safepoint: 20900 ns, Total: 160400 ns
[2020-03-27T08:37:31.189+0000][1][safepoint    ] Safepoint "Cleanup", Time since last: 1000733592 ns, Reaching safepoint: 289600 ns, At safepoint: 15600 ns, Total: 305200 ns
[2020-03-27T08:37:32.105+0000][1][safepoint    ] Safepoint "RevokeBias", Time since last: 915898410 ns, Reaching safepoint: 130900 ns, At safepoint: 49500 ns, Total: 180400 ns
[2020-03-27T08:37:32.106+0000][1][safepoint    ] Safepoint "RevokeBias", Time since last: 913400 ns, Reaching safepoint: 107800 ns, At safepoint: 20500 ns, Total: 128300 ns
[2020-03-27T08:37:32.683+0000][1][safepoint    ] Safepoint "RevokeBias", Time since last: 577051180 ns, Reaching safepoint: 188500 ns, At safepoint: 101900 ns, Total: 290400 ns
[2020-03-27T08:37:32.930+0000][1][safepoint    ] Safepoint "RevokeBias", Time since last: 246827749 ns, Reaching safepoint: 231800 ns, At safepoint: 19200 ns, Total: 251000 ns
[2020-03-27T08:37:32.932+0000][1][safepoint    ] Safepoint "RevokeBias", Time since last: 1294500 ns, Reaching safepoint: 136600 ns, At safepoint: 29000 ns, Total: 165600 ns
[2020-03-27T08:37:32.935+0000][1][safepoint    ] Safepoint "RevokeBias", Time since last: 3125399 ns, Reaching safepoint: 200200 ns, At safepoint: 41200 ns, Total: 241400 ns
[2020-03-27T08:37:32.936+0000][1][safepoint    ] Safepoint "RevokeBias", Time since last: 573100 ns, Reaching safepoint: 212800 ns, At safepoint: 39300 ns, Total: 252100 ns
[2020-03-27T08:37:32.936+0000][1][safepoint    ] Safepoint "RevokeBias", Time since last: 305300 ns, Reaching safepoint: 165900 ns, At safepoint: 45400 ns, Total: 211300 ns
[2020-03-27T08:37:32.938+0000][1][safepoint    ] Safepoint "RevokeBias", Time since last: 1361699 ns, Reaching safepoint: 225800 ns, At safepoint: 36400 ns, Total: 262200 ns
[2020-03-27T08:37:32.939+0000][1][safepoint    ] Safepoint "RevokeBias", Time since last: 945300 ns, Reaching safepoint: 193300 ns, At safepoint: 51800 ns, Total: 245100 ns
[2020-03-27T08:37:32.986+0000][1][safepoint    ] Safepoint "RevokeBias", Time since last: 46487490 ns, Reaching safepoint: 132900 ns, At safepoint: 24800 ns, Total: 157700 ns
[2020-03-27T08:37:33.987+0000][1][safepoint    ] Safepoint "Cleanup", Time since last: 1000878993 ns, Reaching safepoint: 124500 ns, At safepoint: 26600 ns, Total: 151100 ns
[2020-03-27T08:37:34.988+0000][1][safepoint    ] Safepoint "Cleanup", Time since last: 1001130315 ns, Reaching safepoint: 155799 ns, At safepoint: 36600 ns, Total: 192399 ns
[2020-03-27T08:37:35.990+0000][1][safepoint    ] Safepoint "Cleanup", Time since last: 1001118611 ns, Reaching safepoint: 479198 ns, At safepoint: 74799 ns, Total: 553997 ns
[2020-03-27T08:37:36.992+0000][1][safepoint    ] Safepoint "Cleanup", Time since last: 1001959443 ns, Reaching safepoint: 137400 ns, At safepoint: 30900 ns, Total: 168300 ns
[2020-03-27T08:37:37.993+0000][1][safepoint    ] Safepoint "Cleanup", Time since last: 1001288922 ns, Reaching safepoint: 112000 ns, At safepoint: 21400 ns, Total: 133400 ns
[2020-03-27T08:37:38.124+0000][1][gc,start     ] GC(265) Pause Young (Allocation Failure)
[2020-03-27T08:37:38.124+0000][1][gc,task      ] GC(265) Using 2 workers of 2 for evacuation
[2020-03-27T08:37:38.131+0000][1][gc,age       ] GC(265) Desired survivor size 8716288 bytes, new threshold 1 (max threshold 6)
[2020-03-27T08:37:38.132+0000][1][gc,age       ] GC(265) Age table with threshold 1 (max threshold 6)
[2020-03-27T08:37:38.132+0000][1][gc,age       ] GC(265) - age   1:   14427728 bytes,   14427728 total
[2020-03-27T08:37:38.136+0000][1][gc,age       ] GC(265) - age   2:     216072 bytes,   14643800 total
[2020-03-27T08:37:38.137+0000][1][gc,age       ] GC(265) - age   3:     364784 bytes,   15008584 total
[2020-03-27T08:37:38.138+0000][1][gc,age       ] GC(265) - age   4:     477608 bytes,   15486192 total
[2020-03-27T08:37:38.138+0000][1][gc,age       ] GC(265) - age   5:     445568 bytes,   15931760 total
[2020-03-27T08:37:38.139+0000][1][gc,age       ] GC(265) - age   6:      16480 bytes,   15948240 total
[2020-03-27T08:37:38.139+0000][1][gc,heap      ] GC(265) ParNew: 143483K->17024K(153344K)
[2020-03-27T08:37:38.140+0000][1][gc,heap      ] GC(265) CMS: 107019K->107146K(353920K)
[2020-03-27T08:37:38.141+0000][1][gc,metaspace ] GC(265) Metaspace: 98871K->98871K(1140736K)
[2020-03-27T08:37:38.141+0000][1][gc           ] GC(265) Pause Young (Allocation Failure) 244M->121M(495M) 17.761ms
[2020-03-27T08:37:38.142+0000][1][gc,cpu       ] GC(265) User=0.01s Sys=0.00s Real=0.02s
[2020-03-27T08:37:38.142+0000][1][safepoint    ] Safepoint "GenCollectForAllocation", Time since last: 130122616 ns, Reaching safepoint: 99300 ns, At safepoint: 18867602 ns, Total: 18966902 ns
[2020-03-27T08:37:38.163+0000][1][safepoint    ] Safepoint "RevokeBias", Time since last: 20860402 ns, Reaching safepoint: 97300 ns, At safepoint: 25400 ns, Total: 122700 ns
[2020-03-27T08:37:39.165+0000][1][safepoint    ] Safepoint "Cleanup", Time since last: 1000805922 ns, Reaching safepoint: 471400 ns, At safepoint: 71800 ns, Total: 543200 ns
[2020-03-27T08:37:40.167+0000][1][safepoint    ] Safepoint "Cleanup", Time since last: 1001753021 ns, Reaching safepoint: 111700 ns, At safepoint: 14900 ns, Total: 126600 ns
[2020-03-27T08:37:41.168+0000][1][safepoint    ] Safepoint "Cleanup", Time since last: 1000868122 ns, Reaching safepoint: 320600 ns, At safepoint: 79900 ns, Total: 400500 ns
[2020-03-27T08:37:42.170+0000][1][safepoint    ] Safepoint "Cleanup", Time since last: 1001901521 ns, Reaching safepoint: 95800 ns, At safepoint: 32500 ns, Total: 128300 ns
[2020-03-27T08:37:42.685+0000][1][safepoint    ] Safepoint "RevokeBias", Time since last: 515188163 ns, Reaching safepoint: 257100 ns, At safepoint: 21900 ns, Total: 279000 ns
[2020-03-27T08:37:43.686+0000][1][safepoint    ] Safepoint "Cleanup", Time since last: 1000727993 ns, Reaching safepoint: 108800 ns, At safepoint: 19400 ns, Total: 128200 ns
[2020-03-27T08:37:43.902+0000][1][safepoint    ] Safepoint "RevokeBias", Time since last: 215498624 ns, Reaching safepoint: 113399 ns, At safepoint: 26600 ns, Total: 139999 ns
[2020-03-27T08:37:43.903+0000][1][safepoint    ] Safepoint "RevokeBias", Time since last: 575198 ns, Reaching safepoint: 70800 ns, At safepoint: 22100 ns, Total: 92900 ns
[2020-03-27T08:37:43.904+0000][1][safepoint    ] Safepoint "RevokeBias", Time since last: 1362496 ns, Reaching safepoint: 66100 ns, At safepoint: 12599 ns, Total: 78699 ns
[2020-03-27T08:37:43.905+0000][1][safepoint    ] Safepoint "RevokeBias", Time since last: 916398 ns, Reaching safepoint: 58399 ns, At safepoint: 10900 ns, Total: 69299 ns
[2020-03-27T08:37:43.947+0000][1][safepoint    ] Safepoint "RevokeBias", Time since last: 41773869 ns, Reaching safepoint: 131700 ns, At safepoint: 84700 ns, Total: 216400 ns
[2020-03-27T08:37:44.008+0000][1][safepoint    ] Safepoint "RevokeBias", Time since last: 61143208 ns, Reaching safepoint: 124099 ns, At safepoint: 25000 ns, Total: 149099 ns
[2020-03-27T08:37:44.009+0000][1][safepoint    ] Safepoint "RevokeBias", Time since last: 882297 ns, Reaching safepoint: 70900 ns, At safepoint: 12800 ns, Total: 83700 ns
[2020-03-27T08:37:44.011+0000][1][safepoint    ] Safepoint "RevokeBias", Time since last: 1638695 ns, Reaching safepoint: 155000 ns, At safepoint: 22899 ns, Total: 177899 ns
[2020-03-27T08:37:44.012+0000][1][safepoint    ] Safepoint "RevokeBias", Time since last: 664698 ns, Reaching safepoint: 63800 ns, At safepoint: 21700 ns, Total: 85500 ns
[2020-03-27T08:37:44.067+0000][1][safepoint    ] Safepoint "RevokeBias", Time since last: 55348726 ns, Reaching safepoint: 160800 ns, At safepoint: 29700 ns, Total: 190500 ns
[2020-03-27T08:37:44.719+0000][1][gc,start     ] GC(266) Pause Young (Allocation Failure)
[2020-03-27T08:37:44.719+0000][1][gc,task      ] GC(266) Using 2 workers of 2 for evacuation
[2020-03-27T08:37:44.729+0000][1][gc,age       ] GC(266) Desired survivor size 8716288 bytes, new threshold 6 (max threshold 6)
[2020-03-27T08:37:44.729+0000][1][gc,age       ] GC(266) Age table with threshold 6 (max threshold 6)
[2020-03-27T08:37:44.729+0000][1][gc,age       ] GC(266) - age   1:    1376000 bytes,    1376000 total
[2020-03-27T08:37:44.730+0000][1][gc,heap      ] GC(266) ParNew: 153344K->12994K(153344K)
[2020-03-27T08:37:44.730+0000][1][gc,heap      ] GC(266) CMS: 107146K->115362K(353920K)
[2020-03-27T08:37:44.730+0000][1][gc,metaspace ] GC(266) Metaspace: 98880K->98880K(1140736K)
[2020-03-27T08:37:44.731+0000][1][gc           ] GC(266) Pause Young (Allocation Failure) 254M->125M(495M) 12.242ms
[2020-03-27T08:37:44.732+0000][1][gc,cpu       ] GC(266) User=0.02s Sys=0.00s Real=0.01s
[2020-03-27T08:37:44.732+0000][1][safepoint    ] Safepoint "GenCollectForAllocation", Time since last: 651178556 ns, Reaching safepoint: 185399 ns, At safepoint: 13521658 ns, Total: 13707057 ns
[2020-03-27T08:37:44.747+0000][1][safepoint    ] Safepoint "RevokeBias", Time since last: 14561754 ns, Reaching safepoint: 138300 ns, At safepoint: 27800 ns, Total: 166100 ns
[2020-03-27T08:37:44.748+0000][1][safepoint    ] Safepoint "RevokeBias", Time since last: 945497 ns, Reaching safepoint: 189099 ns, At safepoint: 22900 ns, Total: 211999 ns
[2020-03-27T08:37:44.749+0000][1][safepoint    ] Safepoint "RevokeBias", Time since last: 758298 ns, Reaching safepoint: 68900 ns, At safepoint: 22099 ns, Total: 90999 ns
[2020-03-27T08:37:44.751+0000][1][safepoint    ] Safepoint "RevokeBias", Time since last: 1424096 ns, Reaching safepoint: 91200 ns, At safepoint: 21500 ns, Total: 112700 ns
[2020-03-27T08:37:44.752+0000][1][safepoint    ] Safepoint "RevokeBias", Time since last: 1165496 ns, Reaching safepoint: 183299 ns, At safepoint: 31000 ns, Total: 214299 ns
[2020-03-27T08:37:44.809+0000][1][safepoint    ] Safepoint "RevokeBias", Time since last: 56887522 ns, Reaching safepoint: 224499 ns, At safepoint: 22300 ns, Total: 246799 ns
[2020-03-27T08:37:44.882+0000][1][safepoint    ] Safepoint "RevokeBias", Time since last: 72247073 ns, Reaching safepoint: 226800 ns, At safepoint: 19599 ns, Total: 246399 ns
[2020-03-27T08:37:44.887+0000][1][safepoint    ] Safepoint "RevokeBias", Time since last: 5080685 ns, Reaching safepoint: 337198 ns, At safepoint: 122400 ns, Total: 459598 ns
[2020-03-27T08:37:45.168+0000][1][safepoint    ] Safepoint "RevokeBias", Time since last: 281095018 ns, Reaching safepoint: 203399 ns, At safepoint: 21200 ns, Total: 224599 ns
[2020-03-27T08:37:45.169+0000][1][safepoint    ] Safepoint "RevokeBias", Time since last: 543998 ns, Reaching safepoint: 76100 ns, At safepoint: 13800 ns, Total: 89900 ns
[2020-03-27T08:37:45.171+0000][1][safepoint    ] Safepoint "RevokeBias", Time since last: 1605695 ns, Reaching safepoint: 113900 ns, At safepoint: 15100 ns, Total: 129000 ns
[2020-03-27T08:37:45.172+0000][1][safepoint    ] Safepoint "RevokeBias", Time since last: 1280296 ns, Reaching safepoint: 67699 ns, At safepoint: 23100 ns, Total: 90799 ns
[2020-03-27T08:37:46.186+0000][1][safepoint    ] Safepoint "Cleanup", Time since last: 1013747919 ns, Reaching safepoint: 112599 ns, At safepoint: 23500 ns, Total: 136099 ns
[2020-03-27T08:37:47.187+0000][1][safepoint    ] Safepoint "Cleanup", Time since last: 1001081958 ns, Reaching safepoint: 103800 ns, At safepoint: 18400 ns, Total: 122200 ns
[2020-03-27T08:37:48.188+0000][1][safepoint    ] Safepoint "Cleanup", Time since last: 1000756759 ns, Reaching safepoint: 92000 ns, At safepoint: 7699 ns, Total: 99699 ns
[2020-03-27T08:37:48.196+0000][1][safepoint    ] Safepoint "RevokeBias", Time since last: 7888676 ns, Reaching safepoint: 96899 ns, At safepoint: 24000 ns, Total: 120899 ns
[2020-03-27T08:37:48.922+0000][1][safepoint    ] Safepoint "RevokeBias", Time since last: 725419716 ns, Reaching safepoint: 181900 ns, At safepoint: 27400 ns, Total: 209300 ns
[2020-03-27T08:37:48.923+0000][1][safepoint    ] Safepoint "RevokeBias", Time since last: 819600 ns, Reaching safepoint: 84700 ns, At safepoint: 22000 ns, Total: 106700 ns
[2020-03-27T08:37:48.924+0000][1][safepoint    ] Safepoint "RevokeBias", Time since last: 1715900 ns, Reaching safepoint: 72900 ns, At safepoint: 21400 ns, Total: 94300 ns
[2020-03-27T08:37:48.926+0000][1][safepoint    ] Safepoint "RevokeBias", Time since last: 1314300 ns, Reaching safepoint: 134700 ns, At safepoint: 25500 ns, Total: 160200 ns
[2020-03-27T08:37:48.968+0000][1][safepoint    ] Safepoint "RevokeBias", Time since last: 41503700 ns, Reaching safepoint: 129700 ns, At safepoint: 20900 ns, Total: 150600 ns
[2020-03-27T08:37:48.997+0000][1][gc,start     ] GC(267) Pause Young (Allocation Failure)
[2020-03-27T08:37:48.997+0000][1][gc,task      ] GC(267) Using 2 workers of 2 for evacuation
[2020-03-27T08:37:49.004+0000][1][gc,age       ] GC(267) Desired survivor size 8716288 bytes, new threshold 6 (max threshold 6)
[2020-03-27T08:37:49.004+0000][1][gc,age       ] GC(267) Age table with threshold 6 (max threshold 6)
[2020-03-27T08:37:49.005+0000][1][gc,age       ] GC(267) - age   1:    1381864 bytes,    1381864 total
[2020-03-27T08:37:49.005+0000][1][gc,age       ] GC(267) - age   2:     395592 bytes,    1777456 total
[2020-03-27T08:37:49.006+0000][1][gc,heap      ] GC(267) ParNew: 149314K->3500K(153344K)
[2020-03-27T08:37:49.006+0000][1][gc,heap      ] GC(267) CMS: 115362K->115362K(353920K)
[2020-03-27T08:37:49.006+0000][1][gc,metaspace ] GC(267) Metaspace: 98898K->98898K(1140736K)
[2020-03-27T08:37:49.006+0000][1][gc           ] GC(267) Pause Young (Allocation Failure) 258M->116M(495M) 9.384ms
[2020-03-27T08:37:49.007+0000][1][gc,cpu       ] GC(267) User=0.01s Sys=0.00s Real=0.01s
[2020-03-27T08:37:49.007+0000][1][safepoint    ] Safepoint "GenCollectForAllocation", Time since last: 29320500 ns, Reaching safepoint: 111800 ns, At safepoint: 10052000 ns, Total: 10163800 ns
[2020-03-27T08:37:50.008+0000][1][safepoint    ] Safepoint "Cleanup", Time since last: 1000374093 ns, Reaching safepoint: 111900 ns, At safepoint: 16300 ns, Total: 128200 ns
[2020-03-27T08:37:51.009+0000][1][safepoint    ] Safepoint "Cleanup", Time since last: 1000872856 ns, Reaching safepoint: 451299 ns, At safepoint: 36600 ns, Total: 487899 ns
[2020-03-27T08:37:52.012+0000][1][safepoint    ] Safepoint "Cleanup", Time since last: 1002233763 ns, Reaching safepoint: 409300 ns, At safepoint: 29100 ns, Total: 438400 ns
[2020-03-27T08:37:52.692+0000][1][safepoint    ] Safepoint "RevokeBias", Time since last: 680515917 ns, Reaching safepoint: 119300 ns, At safepoint: 15600 ns, Total: 134900 ns
[2020-03-27T08:37:53.073+0000][1][safepoint    ] Safepoint "RevokeBias", Time since last: 380047528 ns, Reaching safepoint: 299299 ns, At safepoint: 114100 ns, Total: 413399 ns
[2020-03-27T08:37:53.073+0000][1][safepoint    ] Safepoint "RevokeBias", Time since last: 461099 ns, Reaching safepoint: 73600 ns, At safepoint: 22800 ns, Total: 96400 ns
[2020-03-27T08:37:53.075+0000][1][safepoint    ] Safepoint "RevokeBias", Time since last: 1432497 ns, Reaching safepoint: 186099 ns, At safepoint: 26300 ns, Total: 212399 ns
[2020-03-27T08:37:53.076+0000][1][safepoint    ] Safepoint "RevokeBias", Time since last: 1331998 ns, Reaching safepoint: 64299 ns, At safepoint: 22700 ns, Total: 86999 ns
[2020-03-27T08:37:53.123+0000][1][safepoint    ] Safepoint "RevokeBias", Time since last: 46472506 ns, Reaching safepoint: 183400 ns, At safepoint: 18900 ns, Total: 202300 ns
[2020-03-27T08:37:54.124+0000][1][safepoint    ] Safepoint "Cleanup", Time since last: 1000889166 ns, Reaching safepoint: 325799 ns, At safepoint: 82500 ns, Total: 408299 ns
[2020-03-27T08:37:55.127+0000][1][safepoint    ] Safepoint "Cleanup", Time since last: 1002449464 ns, Reaching safepoint: 325899 ns, At safepoint: 81400 ns, Total: 407299 ns
[2020-03-27T08:37:56.130+0000][1][safepoint    ] Safepoint "Cleanup", Time since last: 1002361063 ns, Reaching safepoint: 382100 ns, At safepoint: 100199 ns, Total: 482299 ns
[2020-03-27T08:37:57.133+0000][1][safepoint    ] Safepoint "Cleanup", Time since last: 1002383664 ns, Reaching safepoint: 406199 ns, At safepoint: 82800 ns, Total: 488999 ns
[2020-03-27T08:37:58.135+0000][1][safepoint    ] Safepoint "Cleanup", Time since last: 1002098003 ns, Reaching safepoint: 103400 ns, At safepoint: 19300 ns, Total: 122700 ns
[2020-03-27T08:37:58.192+0000][1][safepoint    ] Safepoint "RevokeBias", Time since last: 56552677 ns, Reaching safepoint: 99400 ns, At safepoint: 30100 ns, Total: 129500 ns
[2020-03-27T08:37:59.066+0000][1][gc,start     ] GC(268) Pause Young (Allocation Failure)
[2020-03-27T08:37:59.067+0000][1][gc,task      ] GC(268) Using 2 workers of 2 for evacuation
[2020-03-27T08:37:59.076+0000][1][gc,age       ] GC(268) Desired survivor size 8716288 bytes, new threshold 2 (max threshold 6)
[2020-03-27T08:37:59.076+0000][1][gc,age       ] GC(268) Age table with threshold 2 (max threshold 6)
[2020-03-27T08:37:59.077+0000][1][gc,age       ] GC(268) - age   1:    8466032 bytes,    8466032 total
[2020-03-27T08:37:59.077+0000][1][gc,age       ] GC(268) - age   2:     915560 bytes,    9381592 total
[2020-03-27T08:37:59.078+0000][1][gc,age       ] GC(268) - age   3:     384760 bytes,    9766352 total
[2020-03-27T08:37:59.078+0000][1][gc,heap      ] GC(268) ParNew: 139445K->10682K(153344K)
[2020-03-27T08:37:59.079+0000][1][gc,heap      ] GC(268) CMS: 115362K->115362K(353920K)
[2020-03-27T08:37:59.079+0000][1][gc,metaspace ] GC(268) Metaspace: 98898K->98898K(1140736K)
[2020-03-27T08:37:59.080+0000][1][gc           ] GC(268) Pause Young (Allocation Failure) 248M->123M(495M) 13.796ms
[2020-03-27T08:37:59.080+0000][1][gc,cpu       ] GC(268) User=0.01s Sys=0.00s Real=0.01s
[2020-03-27T08:37:59.080+0000][1][safepoint    ] Safepoint "GenCollectForAllocation", Time since last: 873904049 ns, Reaching safepoint: 140600 ns, At safepoint: 14554469 ns, Total: 14695069 ns
[2020-03-27T08:37:59.093+0000][1][safepoint    ] Safepoint "RevokeBias", Time since last: 12589873 ns, Reaching safepoint: 228199 ns, At safepoint: 23800 ns, Total: 251999 ns
[2020-03-27T08:37:59.094+0000][1][safepoint    ] Safepoint "RevokeBias", Time since last: 807299 ns, Reaching safepoint: 88199 ns, At safepoint: 21500 ns, Total: 109699 ns
[2020-03-27T08:37:59.095+0000][1][safepoint    ] Safepoint "RevokeBias", Time since last: 1079898 ns, Reaching safepoint: 73500 ns, At safepoint: 20900 ns, Total: 94400 ns
[2020-03-27T08:37:59.097+0000][1][safepoint    ] Safepoint "RevokeBias", Time since last: 1109797 ns, Reaching safepoint: 85300 ns, At safepoint: 21500 ns, Total: 106800 ns
[2020-03-27T08:37:59.139+0000][1][safepoint    ] Safepoint "RevokeBias", Time since last: 42563909 ns, Reaching safepoint: 122500 ns, At safepoint: 30200 ns, Total: 152700 ns
[2020-03-27T08:38:00.141+0000][1][safepoint    ] Safepoint "Cleanup", Time since last: 1001015360 ns, Reaching safepoint: 421699 ns, At safepoint: 89700 ns, Total: 511399 ns
[2020-03-27T08:38:01.143+0000][1][safepoint    ] Safepoint "Cleanup", Time since last: 1002099757 ns, Reaching safepoint: 327199 ns, At safepoint: 81000 ns, Total: 408199 ns
[2020-03-27T08:38:02.146+0000][1][safepoint    ] Safepoint "Cleanup", Time since last: 1001864658 ns, Reaching safepoint: 487099 ns, At safepoint: 81900 ns, Total: 568999 ns
[2020-03-27T08:38:02.696+0000][1][safepoint    ] Safepoint "RevokeBias", Time since last: 550014224 ns, Reaching safepoint: 188600 ns, At safepoint: 18800 ns, Total: 207400 ns
[2020-03-27T08:38:03.245+0000][1][safepoint    ] Safepoint "RevokeBias", Time since last: 549083026 ns, Reaching safepoint: 205299 ns, At safepoint: 37200 ns, Total: 242499 ns
[2020-03-27T08:38:03.246+0000][1][safepoint    ] Safepoint "RevokeBias", Time since last: 653499 ns, Reaching safepoint: 98600 ns, At safepoint: 24000 ns, Total: 122600 ns
[2020-03-27T08:38:03.248+0000][1][safepoint    ] Safepoint "RevokeBias", Time since last: 1311597 ns, Reaching safepoint: 99100 ns, At safepoint: 37200 ns, Total: 136300 ns
[2020-03-27T08:38:03.249+0000][1][safepoint    ] Safepoint "RevokeBias", Time since last: 1331397 ns, Reaching safepoint: 135899 ns, At safepoint: 24100 ns, Total: 159999 ns
[2020-03-27T08:38:03.294+0000][1][safepoint    ] Safepoint "RevokeBias", Time since last: 44638605 ns, Reaching safepoint: 124700 ns, At safepoint: 22200 ns, Total: 146900 ns
[2020-03-27T08:38:04.295+0000][1][safepoint    ] Safepoint "Cleanup", Time since last: 1000678160 ns, Reaching safepoint: 409599 ns, At safepoint: 84200 ns, Total: 493799 ns
[2020-03-27T08:38:05.298+0000][1][safepoint    ] Safepoint "Cleanup", Time since last: 1002234957 ns, Reaching safepoint: 415800 ns, At safepoint: 80499 ns, Total: 496299 ns
[2020-03-27T08:38:06.300+0000][1][safepoint    ] Safepoint "Cleanup", Time since last: 1002517457 ns, Reaching safepoint: 101400 ns, At safepoint: 17000 ns, Total: 118400 ns
[2020-03-27T08:38:07.301+0000][1][safepoint    ] Safepoint "Cleanup", Time since last: 1000713334 ns, Reaching safepoint: 326100 ns, At safepoint: 87000 ns, Total: 413100 ns
[2020-03-27T08:38:08.215+0000][1][safepoint    ] Safepoint "RevokeBias", Time since last: 912972195 ns, Reaching safepoint: 559099 ns, At safepoint: 28400 ns, Total: 587499 ns
[2020-03-27T08:38:08.255+0000][1][gc,start     ] GC(269) Pause Young (Allocation Failure)
[2020-03-27T08:38:08.255+0000][1][gc,task      ] GC(269) Using 2 workers of 2 for evacuation
[2020-03-27T08:38:08.261+0000][1][gc,age       ] GC(269) Desired survivor size 8716288 bytes, new threshold 6 (max threshold 6)
[2020-03-27T08:38:08.261+0000][1][gc,age       ] GC(269) Age table with threshold 6 (max threshold 6)
[2020-03-27T08:38:08.262+0000][1][gc,age       ] GC(269) - age   1:    1802704 bytes,    1802704 total
[2020-03-27T08:38:08.262+0000][1][gc,age       ] GC(269) - age   2:     478232 bytes,    2280936 total
[2020-03-27T08:38:08.262+0000][1][gc,heap      ] GC(269) ParNew: 146517K->7534K(153344K)
[2020-03-27T08:38:08.263+0000][1][gc,heap      ] GC(269) CMS: 115362K->116649K(353920K)
[2020-03-27T08:38:08.263+0000][1][gc,metaspace ] GC(269) Metaspace: 98906K->98906K(1140736K)
[2020-03-27T08:38:08.263+0000][1][gc           ] GC(269) Pause Young (Allocation Failure) 255M->121M(495M) 8.559ms
[2020-03-27T08:38:08.263+0000][1][gc,cpu       ] GC(269) User=0.01s Sys=0.00s Real=0.01s
[2020-03-27T08:38:08.264+0000][1][safepoint    ] Safepoint "GenCollectForAllocation", Time since last: 39361861 ns, Reaching safepoint: 212500 ns, At safepoint: 9153991 ns, Total: 9366491 ns
[2020-03-27T08:38:08.274+0000][1][safepoint    ] Safepoint "RevokeBias", Time since last: 9985190 ns, Reaching safepoint: 135600 ns, At safepoint: 35700 ns, Total: 171300 ns
[2020-03-27T08:38:08.274+0000][1][safepoint    ] Safepoint "RevokeBias", Time since last: 428399 ns, Reaching safepoint: 61600 ns, At safepoint: 11000 ns, Total: 72600 ns
[2020-03-27T08:38:08.276+0000][1][safepoint    ] Safepoint "RevokeBias", Time since last: 1322499 ns, Reaching safepoint: 105000 ns, At safepoint: 35800 ns, Total: 140800 ns
[2020-03-27T08:38:08.277+0000][1][safepoint    ] Safepoint "RevokeBias", Time since last: 879899 ns, Reaching safepoint: 81900 ns, At safepoint: 20900 ns, Total: 102800 ns
[2020-03-27T08:38:08.315+0000][1][safepoint    ] Safepoint "RevokeBias", Time since last: 37649462 ns, Reaching safepoint: 111500 ns, At safepoint: 30900 ns, Total: 142400 ns
[2020-03-27T08:38:09.316+0000][1][safepoint    ] Safepoint "Cleanup", Time since last: 1000937508 ns, Reaching safepoint: 325200 ns, At safepoint: 79399 ns, Total: 404599 ns
[2020-03-27T08:38:09.370+0000][1][safepoint    ] Safepoint "RevokeBias", Time since last: 54319547 ns, Reaching safepoint: 117500 ns, At safepoint: 17600 ns, Total: 135100 ns
[2020-03-27T08:38:09.372+0000][1][safepoint    ] Safepoint "BulkRevokeBias", Time since last: 908099 ns, Reaching safepoint: 74700 ns, At safepoint: 418699 ns, Total: 493399 ns
[2020-03-27T08:38:09.373+0000][1][safepoint    ] Safepoint "RevokeBias", Time since last: 1305899 ns, Reaching safepoint: 158500 ns, At safepoint: 12800 ns, Total: 171300 ns
[2020-03-27T08:38:09.375+0000][1][safepoint    ] Safepoint "BulkRevokeBias", Time since last: 1299698 ns, Reaching safepoint: 83100 ns, At safepoint: 430000 ns, Total: 513100 ns
[2020-03-27T08:38:09.418+0000][1][safepoint    ] Safepoint "BulkRevokeBias", Time since last: 41656259 ns, Reaching safepoint: 218299 ns, At safepoint: 527000 ns, Total: 745299 ns
[2020-03-27T08:38:10.419+0000][1][safepoint    ] Safepoint "Cleanup", Time since last: 1000706608 ns, Reaching safepoint: 1054999 ns, At safepoint: 94199 ns, Total: 1149198 ns
[2020-03-27T08:38:11.422+0000][1][safepoint    ] Safepoint "Cleanup", Time since last: 1001844807 ns, Reaching safepoint: 420400 ns, At safepoint: 118200 ns, Total: 538600 ns
[2020-03-27T08:38:12.423+0000][1][safepoint    ] Safepoint "Cleanup", Time since last: 1000942107 ns, Reaching safepoint: 326800 ns, At safepoint: 86200 ns, Total: 413000 ns
[2020-03-27T08:38:12.700+0000][1][safepoint    ] Safepoint "RevokeBias", Time since last: 276832225 ns, Reaching safepoint: 131100 ns, At safepoint: 14300 ns, Total: 145400 ns
[2020-03-27T08:38:13.507+0000][1][safepoint    ] Safepoint "RevokeBias", Time since last: 806694800 ns, Reaching safepoint: 199900 ns, At safepoint: 18500 ns, Total: 218400 ns
[2020-03-27T08:38:13.508+0000][1][safepoint    ] Safepoint "RevokeBias", Time since last: 563200 ns, Reaching safepoint: 67200 ns, At safepoint: 13500 ns, Total: 80700 ns
[2020-03-27T08:38:13.510+0000][1][safepoint    ] Safepoint "RevokeBias", Time since last: 1908698 ns, Reaching safepoint: 134999 ns, At safepoint: 13500 ns, Total: 148499 ns
[2020-03-27T08:38:13.511+0000][1][safepoint    ] Safepoint "RevokeBias", Time since last: 972600 ns, Reaching safepoint: 71199 ns, At safepoint: 22300 ns, Total: 93499 ns
[2020-03-27T08:38:13.551+0000][1][safepoint    ] Safepoint "RevokeBias", Time since last: 39912661 ns, Reaching safepoint: 210400 ns, At safepoint: 19100 ns, Total: 229500 ns
[2020-03-27T08:38:14.552+0000][1][safepoint    ] Safepoint "Cleanup", Time since last: 1000662807 ns, Reaching safepoint: 126700 ns, At safepoint: 31800 ns, Total: 158500 ns
[2020-03-27T08:38:15.553+0000][1][safepoint    ] Safepoint "Cleanup", Time since last: 1000860354 ns, Reaching safepoint: 189603 ns, At safepoint: 16900 ns, Total: 206503 ns
[2020-03-27T08:38:16.554+0000][1][safepoint    ] Safepoint "Cleanup", Time since last: 1001108763 ns, Reaching safepoint: 335105 ns, At safepoint: 86601 ns, Total: 421706 ns
[2020-03-27T08:38:17.557+0000][1][safepoint    ] Safepoint "Cleanup", Time since last: 1002247269 ns, Reaching safepoint: 325400 ns, At safepoint: 86700 ns, Total: 412100 ns
[2020-03-27T08:38:18.169+0000][1][gc,start     ] GC(270) Pause Young (Allocation Failure)
[2020-03-27T08:38:18.170+0000][1][gc,task      ] GC(270) Using 2 workers of 2 for evacuation
[2020-03-27T08:38:18.177+0000][1][gc,age       ] GC(270) Desired survivor size 8716288 bytes, new threshold 6 (max threshold 6)
[2020-03-27T08:38:18.177+0000][1][gc,age       ] GC(270) Age table with threshold 6 (max threshold 6)
[2020-03-27T08:38:18.178+0000][1][gc,age       ] GC(270) - age   1:    1313480 bytes,    1313480 total
[2020-03-27T08:38:18.178+0000][1][gc,age       ] GC(270) - age   2:     562104 bytes,    1875584 total
[2020-03-27T08:38:18.179+0000][1][gc,age       ] GC(270) - age   3:     472792 bytes,    2348376 total
[2020-03-27T08:38:18.179+0000][1][gc,heap      ] GC(270) ParNew: 143854K->2440K(153344K)
[2020-03-27T08:38:18.180+0000][1][gc,heap      ] GC(270) CMS: 116649K->116649K(353920K)
[2020-03-27T08:38:18.180+0000][1][gc,metaspace ] GC(270) Metaspace: 98922K->98922K(1140736K)
[2020-03-27T08:38:18.180+0000][1][gc           ] GC(270) Pause Young (Allocation Failure) 254M->116M(495M) 11.201ms
[2020-03-27T08:38:18.181+0000][1][gc,cpu       ] GC(270) User=0.01s Sys=0.00s Real=0.01s
[2020-03-27T08:38:18.181+0000][1][safepoint    ] Safepoint "GenCollectForAllocation", Time since last: 612127036 ns, Reaching safepoint: 109000 ns, At safepoint: 12241099 ns, Total: 12350099 ns
[2020-03-27T08:38:18.188+0000][1][safepoint    ] Safepoint "RevokeBias", Time since last: 6767299 ns, Reaching safepoint: 98700 ns, At safepoint: 24700 ns, Total: 123400 ns
[2020-03-27T08:38:18.297+0000][1][safepoint    ] Safepoint "BulkRevokeBias", Time since last: 107663289 ns, Reaching safepoint: 259900 ns, At safepoint: 469100 ns, Total: 729000 ns
[2020-03-27T08:38:18.307+0000][1][safepoint    ] Safepoint "RevokeBias", Time since last: 10064899 ns, Reaching safepoint: 190700 ns, At safepoint: 95600 ns, Total: 286300 ns
[2020-03-27T08:38:18.308+0000][1][safepoint    ] Safepoint "RevokeBias", Time since last: 575999 ns, Reaching safepoint: 90400 ns, At safepoint: 73000 ns, Total: 163400 ns
[2020-03-27T08:38:18.322+0000][1][safepoint    ] Safepoint "BulkRevokeBias", Time since last: 12875799 ns, Reaching safepoint: 227000 ns, At safepoint: 612700 ns, Total: 839700 ns
[2020-03-27T08:38:18.562+0000][1][safepoint    ] Safepoint "RevokeBias", Time since last: 240120575 ns, Reaching safepoint: 108800 ns, At safepoint: 24800 ns, Total: 133600 ns
[2020-03-27T08:38:18.562+0000][1][safepoint    ] Safepoint "RevokeBias", Time since last: 338700 ns, Reaching safepoint: 70000 ns, At safepoint: 14100 ns, Total: 84100 ns
[2020-03-27T08:38:18.563+0000][1][safepoint    ] Safepoint "RevokeBias", Time since last: 317200 ns, Reaching safepoint: 71700 ns, At safepoint: 20500 ns, Total: 92200 ns
[2020-03-27T08:38:18.563+0000][1][safepoint    ] Safepoint "RevokeBias", Time since last: 247800 ns, Reaching safepoint: 49200 ns, At safepoint: 25800 ns, Total: 75000 ns
[2020-03-27T08:38:18.563+0000][1][safepoint    ] Safepoint "RevokeBias", Time since last: 327100 ns, Reaching safepoint: 67300 ns, At safepoint: 19600 ns, Total: 86900 ns
[2020-03-27T08:38:18.564+0000][1][safepoint    ] Safepoint "RevokeBias", Time since last: 304900 ns, Reaching safepoint: 49600 ns, At safepoint: 21100 ns, Total: 70700 ns
[2020-03-27T08:38:19.565+0000][1][safepoint    ] Safepoint "Cleanup", Time since last: 1000674895 ns, Reaching safepoint: 479400 ns, At safepoint: 85000 ns, Total: 564400 ns
[2020-03-27T08:38:19.912+0000][1][gc,start     ] GC(271) Pause Young (Allocation Failure)
[2020-03-27T08:38:19.913+0000][1][gc,task      ] GC(271) Using 2 workers of 2 for evacuation
[2020-03-27T08:38:19.917+0000][1][gc,age       ] GC(271) Desired survivor size 8716288 bytes, new threshold 6 (max threshold 6)
[2020-03-27T08:38:19.918+0000][1][gc,age       ] GC(271) Age table with threshold 6 (max threshold 6)
[2020-03-27T08:38:19.918+0000][1][gc,age       ] GC(271) - age   1:    2377960 bytes,    2377960 total
[2020-03-27T08:38:19.918+0000][1][gc,age       ] GC(271) - age   2:    1105784 bytes,    3483744 total
[2020-03-27T08:38:19.919+0000][1][gc,age       ] GC(271) - age   3:     508144 bytes,    3991888 total
[2020-03-27T08:38:19.919+0000][1][gc,age       ] GC(271) - age   4:     418248 bytes,    4410136 total
[2020-03-27T08:38:19.920+0000][1][gc,heap      ] GC(271) ParNew: 138760K->5825K(153344K)
[2020-03-27T08:38:19.920+0000][1][gc,heap      ] GC(271) CMS: 116649K->116649K(353920K)
[2020-03-27T08:38:19.921+0000][1][gc,metaspace ] GC(271) Metaspace: 98933K->98933K(1140736K)
[2020-03-27T08:38:19.921+0000][1][gc           ] GC(271) Pause Young (Allocation Failure) 249M->119M(495M) 8.906ms
[2020-03-27T08:38:19.921+0000][1][gc,cpu       ] GC(271) User=0.00s Sys=0.00s Real=0.01s
[2020-03-27T08:38:19.922+0000][1][safepoint    ] Safepoint "GenCollectForAllocation", Time since last: 346778764 ns, Reaching safepoint: 353900 ns, At safepoint: 9529099 ns, Total: 9882999 ns
[2020-03-27T08:38:20.922+0000][1][safepoint    ] Safepoint "Cleanup", Time since last: 1000364096 ns, Reaching safepoint: 114400 ns, At safepoint: 18000 ns, Total: 132400 ns
[2020-03-27T08:38:21.924+0000][1][safepoint    ] Safepoint "Cleanup", Time since last: 1000903496 ns, Reaching safepoint: 370200 ns, At safepoint: 34300 ns, Total: 404500 ns
[2020-03-27T08:38:22.704+0000][1][safepoint    ] Safepoint "RevokeBias", Time since last: 780365518 ns, Reaching safepoint: 105700 ns, At safepoint: 16700 ns, Total: 122400 ns
[2020-03-27T08:38:23.705+0000][1][safepoint    ] Safepoint "Cleanup", Time since last: 1000777586 ns, Reaching safepoint: 157500 ns, At safepoint: 35700 ns, Total: 193200 ns
[2020-03-27T08:38:24.706+0000][1][safepoint    ] Safepoint "Cleanup", Time since last: 1000912591 ns, Reaching safepoint: 106100 ns, At safepoint: 21300 ns, Total: 127400 ns
[2020-03-27T08:38:25.707+0000][1][safepoint    ] Safepoint "Cleanup", Time since last: 1000870290 ns, Reaching safepoint: 196401 ns, At safepoint: 29900 ns, Total: 226301 ns
[2020-03-27T08:38:26.709+0000][1][safepoint    ] Safepoint "Cleanup", Time since last: 1001341790 ns, Reaching safepoint: 464800 ns, At safepoint: 134600 ns, Total: 599400 ns
[2020-03-27T08:38:27.711+0000][1][safepoint    ] Safepoint "Cleanup", Time since last: 1001894591 ns, Reaching safepoint: 168500 ns, At safepoint: 33900 ns, Total: 202400 ns
[2020-03-27T08:38:28.233+0000][1][safepoint    ] Safepoint "RevokeBias", Time since last: 522162499 ns, Reaching safepoint: 109900 ns, At safepoint: 25700 ns, Total: 135600 ns
[2020-03-27T08:38:29.235+0000][1][safepoint    ] Safepoint "Cleanup", Time since last: 1000785891 ns, Reaching safepoint: 424600 ns, At safepoint: 86300 ns, Total: 510900 ns
[2020-03-27T08:38:30.237+0000][1][safepoint    ] Safepoint "Cleanup", Time since last: 1001913891 ns, Reaching safepoint: 158500 ns, At safepoint: 37000 ns, Total: 195500 ns
[2020-03-27T08:38:31.238+0000][1][safepoint    ] Safepoint "Cleanup", Time since last: 1001110893 ns, Reaching safepoint: 152600 ns, At safepoint: 33000 ns, Total: 185600 ns
[2020-03-27T08:38:32.240+0000][1][safepoint    ] Safepoint "Cleanup", Time since last: 1001213653 ns, Reaching safepoint: 248501 ns, At safepoint: 57200 ns, Total: 305701 ns
[2020-03-27T08:38:32.698+0000][1][safepoint    ] Safepoint "RevokeBias", Time since last: 458082197 ns, Reaching safepoint: 206201 ns, At safepoint: 31700 ns, Total: 237901 ns
[2020-03-27T08:38:33.699+0000][1][safepoint    ] Safepoint "Cleanup", Time since last: 1001020952 ns, Reaching safepoint: 120201 ns, At safepoint: 7400 ns, Total: 127601 ns
[2020-03-27T08:38:34.700+0000][1][safepoint    ] Safepoint "Cleanup", Time since last: 1000941852 ns, Reaching safepoint: 115900 ns, At safepoint: 24400 ns, Total: 140300 ns
[2020-03-27T08:38:35.701+0000][1][safepoint    ] Safepoint "Cleanup", Time since last: 1001031853 ns, Reaching safepoint: 153600 ns, At safepoint: 31400 ns, Total: 185000 ns
[2020-03-27T08:38:36.703+0000][1][safepoint    ] Safepoint "Cleanup", Time since last: 1000904267 ns, Reaching safepoint: 517800 ns, At safepoint: 73500 ns, Total: 591300 ns
[2020-03-27T08:38:37.705+0000][1][safepoint    ] Safepoint "Cleanup", Time since last: 1001993651 ns, Reaching safepoint: 320000 ns, At safepoint: 83800 ns, Total: 403800 ns
[2020-03-27T08:38:38.153+0000][1][safepoint    ] Safepoint "BulkRevokeBias", Time since last: 447641457 ns, Reaching safepoint: 94900 ns, At safepoint: 445800 ns, Total: 540700 ns
[2020-03-27T08:38:39.155+0000][1][safepoint    ] Safepoint "Cleanup", Time since last: 1000913446 ns, Reaching safepoint: 418899 ns, At safepoint: 80100 ns, Total: 498999 ns
[2020-03-27T08:38:40.157+0000][1][safepoint    ] Safepoint "Cleanup", Time since last: 1001942569 ns, Reaching safepoint: 493400 ns, At safepoint: 81700 ns, Total: 575100 ns
[2020-03-27T08:38:41.159+0000][1][safepoint    ] Safepoint "Cleanup", Time since last: 1001801569 ns, Reaching safepoint: 119500 ns, At safepoint: 25600 ns, Total: 145100 ns
[2020-03-27T08:38:42.161+0000][1][safepoint    ] Safepoint "Cleanup", Time since last: 1001219769 ns, Reaching safepoint: 255900 ns, At safepoint: 66800 ns, Total: 322700 ns
[2020-03-27T08:38:42.714+0000][1][safepoint    ] Safepoint "RevokeBias", Time since last: 552353742 ns, Reaching safepoint: 295199 ns, At safepoint: 17800 ns, Total: 312999 ns
[2020-03-27T08:38:43.513+0000][1][gc,start     ] GC(272) Pause Young (Allocation Failure)
[2020-03-27T08:38:43.514+0000][1][gc,task      ] GC(272) Using 2 workers of 2 for evacuation
[2020-03-27T08:38:43.533+0000][1][gc,age       ] GC(272) Desired survivor size 8716288 bytes, new threshold 1 (max threshold 6)
[2020-03-27T08:38:43.534+0000][1][gc,age       ] GC(272) Age table with threshold 1 (max threshold 6)
[2020-03-27T08:38:43.534+0000][1][gc,age       ] GC(272) - age   1:   12430088 bytes,   12430088 total
[2020-03-27T08:38:43.535+0000][1][gc,age       ] GC(272) - age   2:    2303632 bytes,   14733720 total
[2020-03-27T08:38:43.535+0000][1][gc,age       ] GC(272) - age   3:    1092400 bytes,   15826120 total
[2020-03-27T08:38:43.536+0000][1][gc,age       ] GC(272) - age   4:     507376 bytes,   16333496 total
[2020-03-27T08:38:43.536+0000][1][gc,age       ] GC(272) - age   5:     417968 bytes,   16751464 total
[2020-03-27T08:38:43.537+0000][1][gc,heap      ] GC(272) ParNew: 141829K->17024K(153344K)
[2020-03-27T08:38:43.537+0000][1][gc,heap      ] GC(272) CMS: 116649K->116649K(353920K)
[2020-03-27T08:38:43.538+0000][1][gc,metaspace ] GC(272) Metaspace: 98949K->98949K(1140736K)
[2020-03-27T08:38:43.538+0000][1][gc           ] GC(272) Pause Young (Allocation Failure) 252M->130M(495M) 25.529ms
[2020-03-27T08:38:43.539+0000][1][gc,cpu       ] GC(272) User=0.02s Sys=0.00s Real=0.03s
[2020-03-27T08:38:43.540+0000][1][safepoint    ] Safepoint "GenCollectForAllocation", Time since last: 798806938 ns, Reaching safepoint: 517999 ns, At safepoint: 26649478 ns, Total: 27167477 ns
[2020-03-27T08:38:43.575+0000][1][safepoint    ] Safepoint "RevokeBias", Time since last: 35516871 ns, Reaching safepoint: 186500 ns, At safepoint: 32000 ns, Total: 218500 ns
[2020-03-27T08:38:43.576+0000][1][safepoint    ] Safepoint "RevokeBias", Time since last: 932899 ns, Reaching safepoint: 93500 ns, At safepoint: 13300 ns, Total: 106800 ns
[2020-03-27T08:38:43.578+0000][1][safepoint    ] Safepoint "RevokeBias", Time since last: 1167499 ns, Reaching safepoint: 80000 ns, At safepoint: 50900 ns, Total: 130900 ns
[2020-03-27T08:38:43.579+0000][1][safepoint    ] Safepoint "RevokeBias", Time since last: 965299 ns, Reaching safepoint: 63600 ns, At safepoint: 20900 ns, Total: 84500 ns
[2020-03-27T08:38:43.625+0000][1][safepoint    ] Safepoint "RevokeBias", Time since last: 46369361 ns, Reaching safepoint: 134100 ns, At safepoint: 32200 ns, Total: 166300 ns
[2020-03-27T08:38:43.647+0000][1][safepoint    ] Safepoint "RevokeBias", Time since last: 21386982 ns, Reaching safepoint: 114000 ns, At safepoint: 16800 ns, Total: 130800 ns
[2020-03-27T08:38:43.682+0000][1][safepoint    ] Safepoint "RevokeBias", Time since last: 35470971 ns, Reaching safepoint: 129100 ns, At safepoint: 17200 ns, Total: 146300 ns
[2020-03-27T08:38:43.694+0000][1][safepoint    ] Safepoint "RevokeBias", Time since last: 11403190 ns, Reaching safepoint: 98300 ns, At safepoint: 25800 ns, Total: 124100 ns
[2020-03-27T08:38:43.698+0000][1][safepoint    ] Safepoint "RevokeBias", Time since last: 3747297 ns, Reaching safepoint: 190600 ns, At safepoint: 17900 ns, Total: 208500 ns
[2020-03-27T08:38:43.796+0000][1][safepoint    ] Safepoint "RevokeBias", Time since last: 97974219 ns, Reaching safepoint: 224399 ns, At safepoint: 23500 ns, Total: 247899 ns
[2020-03-27T08:38:43.800+0000][1][safepoint    ] Safepoint "RevokeBias", Time since last: 3201398 ns, Reaching safepoint: 150700 ns, At safepoint: 116700 ns, Total: 267400 ns
[2020-03-27T08:38:43.812+0000][1][safepoint    ] Safepoint "RevokeBias", Time since last: 11837290 ns, Reaching safepoint: 364899 ns, At safepoint: 147100 ns, Total: 511999 ns
[2020-03-27T08:38:43.834+0000][1][safepoint    ] Safepoint "RevokeBias", Time since last: 21496182 ns, Reaching safepoint: 315000 ns, At safepoint: 30700 ns, Total: 345700 ns
[2020-03-27T08:38:43.835+0000][1][safepoint    ] Safepoint "RevokeBias", Time since last: 721800 ns, Reaching safepoint: 143899 ns, At safepoint: 16200 ns, Total: 160099 ns
[2020-03-27T08:38:43.838+0000][1][safepoint    ] Safepoint "RevokeBias", Time since last: 2608998 ns, Reaching safepoint: 336100 ns, At safepoint: 453000 ns, Total: 789100 ns
[2020-03-27T08:38:43.840+0000][1][safepoint    ] Safepoint "RevokeBias", Time since last: 1446098 ns, Reaching safepoint: 282000 ns, At safepoint: 187100 ns, Total: 469100 ns
[2020-03-27T08:38:43.886+0000][1][safepoint    ] Safepoint "RevokeBias", Time since last: 46147162 ns, Reaching safepoint: 106400 ns, At safepoint: 18100 ns, Total: 124500 ns
[2020-03-27T08:38:43.949+0000][1][safepoint    ] Safepoint "RevokeBias", Time since last: 63191047 ns, Reaching safepoint: 108600 ns, At safepoint: 36100 ns, Total: 144700 ns
[2020-03-27T08:38:43.953+0000][1][safepoint    ] Safepoint "RevokeBias", Time since last: 2968598 ns, Reaching safepoint: 130000 ns, At safepoint: 18699 ns, Total: 148699 ns
[2020-03-27T08:38:43.954+0000][1][safepoint    ] Safepoint "RevokeBias", Time since last: 1077900 ns, Reaching safepoint: 104800 ns, At safepoint: 15000 ns, Total: 119800 ns
[2020-03-27T08:38:44.955+0000][1][safepoint    ] Safepoint "Cleanup", Time since last: 1000649169 ns, Reaching safepoint: 436200 ns, At safepoint: 87400 ns, Total: 523600 ns
[2020-03-27T08:38:45.133+0000][1][safepoint    ] Safepoint "RevokeBias", Time since last: 177553953 ns, Reaching safepoint: 110200 ns, At safepoint: 29300 ns, Total: 139500 ns
[2020-03-27T08:38:45.133+0000][1][safepoint    ] Safepoint "RevokeBias", Time since last: 568299 ns, Reaching safepoint: 80700 ns, At safepoint: 12500 ns, Total: 93200 ns
[2020-03-27T08:38:45.135+0000][1][safepoint    ] Safepoint "RevokeBias", Time since last: 1286699 ns, Reaching safepoint: 64400 ns, At safepoint: 13300 ns, Total: 77700 ns
[2020-03-27T08:38:45.135+0000][1][safepoint    ] Safepoint "RevokeBias", Time since last: 589099 ns, Reaching safepoint: 77700 ns, At safepoint: 15000 ns, Total: 92700 ns
[2020-03-27T08:38:45.182+0000][1][safepoint    ] Safepoint "RevokeBias", Time since last: 46050762 ns, Reaching safepoint: 188200 ns, At safepoint: 19100 ns, Total: 207300 ns
[2020-03-27T08:38:46.183+0000][1][safepoint    ] Safepoint "Cleanup", Time since last: 1000994070 ns, Reaching safepoint: 343999 ns, At safepoint: 88200 ns, Total: 432199 ns
[2020-03-27T08:38:47.186+0000][1][safepoint    ] Safepoint "Cleanup", Time since last: 1002416376 ns, Reaching safepoint: 373500 ns, At safepoint: 83100 ns, Total: 456600 ns
[2020-03-27T08:38:48.151+0000][1][gc,start     ] GC(273) Pause Young (Allocation Failure)
[2020-03-27T08:38:48.151+0000][1][gc,task      ] GC(273) Using 2 workers of 2 for evacuation
[2020-03-27T08:38:48.159+0000][1][gc,age       ] GC(273) Desired survivor size 8716288 bytes, new threshold 6 (max threshold 6)
[2020-03-27T08:38:48.159+0000][1][gc,age       ] GC(273) Age table with threshold 6 (max threshold 6)
[2020-03-27T08:38:48.161+0000][1][gc,age       ] GC(273) - age   1:    1414872 bytes,    1414872 total
[2020-03-27T08:38:48.162+0000][1][gc,heap      ] GC(273) ParNew: 153344K->6599K(153344K)
[2020-03-27T08:38:48.162+0000][1][gc,heap      ] GC(273) CMS: 116649K->117880K(353920K)
[2020-03-27T08:38:48.163+0000][1][gc,metaspace ] GC(273) Metaspace: 98949K->98949K(1140736K)
[2020-03-27T08:38:48.163+0000][1][gc           ] GC(273) Pause Young (Allocation Failure) 263M->121M(495M) 12.371ms
[2020-03-27T08:38:48.164+0000][1][gc,cpu       ] GC(273) User=0.01s Sys=0.00s Real=0.01s
[2020-03-27T08:38:48.164+0000][1][safepoint    ] Safepoint "GenCollectForAllocation", Time since last: 964844596 ns, Reaching safepoint: 146600 ns, At safepoint: 13348990 ns, Total: 13495590 ns
[2020-03-27T08:38:48.197+0000][1][safepoint    ] Safepoint "RevokeBias", Time since last: 32815376 ns, Reaching safepoint: 98200 ns, At safepoint: 23800 ns, Total: 122000 ns
[2020-03-27T08:38:48.841+0000][1][safepoint    ] Safepoint "RevokeBias", Time since last: 643026931 ns, Reaching safepoint: 226099 ns, At safepoint: 52300 ns, Total: 278399 ns
[2020-03-27T08:38:48.842+0000][1][safepoint    ] Safepoint "RevokeBias", Time since last: 933400 ns, Reaching safepoint: 93000 ns, At safepoint: 13800 ns, Total: 106800 ns
[2020-03-27T08:38:48.843+0000][1][safepoint    ] Safepoint "RevokeBias", Time since last: 1769698 ns, Reaching safepoint: 88700 ns, At safepoint: 21000 ns, Total: 109700 ns
[2020-03-27T08:38:48.845+0000][1][safepoint    ] Safepoint "RevokeBias", Time since last: 1143299 ns, Reaching safepoint: 64700 ns, At safepoint: 22100 ns, Total: 86800 ns
[2020-03-27T08:38:48.888+0000][1][safepoint    ] Safepoint "RevokeBias", Time since last: 43399469 ns, Reaching safepoint: 125400 ns, At safepoint: 32500 ns, Total: 157900 ns
[2020-03-27T08:38:49.889+0000][1][safepoint    ] Safepoint "Cleanup", Time since last: 1000777769 ns, Reaching safepoint: 320700 ns, At safepoint: 28300 ns, Total: 349000 ns
[2020-03-27T08:38:50.892+0000][1][safepoint    ] Safepoint "Cleanup", Time since last: 1002099368 ns, Reaching safepoint: 409400 ns, At safepoint: 85800 ns, Total: 495200 ns
[2020-03-27T08:38:51.895+0000][1][safepoint    ] Safepoint "Cleanup", Time since last: 1002103068 ns, Reaching safepoint: 325600 ns, At safepoint: 403100 ns, Total: 728700 ns
[2020-03-27T08:38:52.721+0000][1][safepoint    ] Safepoint "RevokeBias", Time since last: 826111997 ns, Reaching safepoint: 219400 ns, At safepoint: 56500 ns, Total: 275900 ns
[2020-03-27T08:38:52.985+0000][1][safepoint    ] Safepoint "RevokeBias", Time since last: 264028907 ns, Reaching safepoint: 137100 ns, At safepoint: 21900 ns, Total: 159000 ns
[2020-03-27T08:38:52.986+0000][1][safepoint    ] Safepoint "RevokeBias", Time since last: 827499 ns, Reaching safepoint: 83700 ns, At safepoint: 13300 ns, Total: 97000 ns
[2020-03-27T08:38:52.990+0000][1][safepoint    ] Safepoint "RevokeBias", Time since last: 3684597 ns, Reaching safepoint: 118900 ns, At safepoint: 13000 ns, Total: 131900 ns
[2020-03-27T08:38:52.992+0000][1][safepoint    ] Safepoint "RevokeBias", Time since last: 1474799 ns, Reaching safepoint: 87900 ns, At safepoint: 21400 ns, Total: 109300 ns
[2020-03-27T08:38:53.031+0000][1][safepoint    ] Safepoint "RevokeBias", Time since last: 39217371 ns, Reaching safepoint: 116900 ns, At safepoint: 29800 ns, Total: 146700 ns
[2020-03-27T08:38:54.032+0000][1][safepoint    ] Safepoint "Cleanup", Time since last: 1000872370 ns, Reaching safepoint: 325399 ns, At safepoint: 85800 ns, Total: 411199 ns
[2020-03-27T08:38:55.035+0000][1][safepoint    ] Safepoint "Cleanup", Time since last: 1002212542 ns, Reaching safepoint: 323500 ns, At safepoint: 90200 ns, Total: 413700 ns
[2020-03-27T08:38:56.038+0000][1][safepoint    ] Safepoint "Cleanup", Time since last: 1002466399 ns, Reaching safepoint: 507299 ns, At safepoint: 82000 ns, Total: 589299 ns
[2020-03-27T08:38:57.041+0000][1][safepoint    ] Safepoint "Cleanup", Time since last: 1002653712 ns, Reaching safepoint: 329300 ns, At safepoint: 112100 ns, Total: 441400 ns
[2020-03-27T08:38:58.044+0000][1][safepoint    ] Safepoint "Cleanup", Time since last: 1002119211 ns, Reaching safepoint: 421100 ns, At safepoint: 83100 ns, Total: 504200 ns
[2020-03-27T08:38:58.148+0000][1][gc,start     ] GC(274) Pause Young (Allocation Failure)
[2020-03-27T08:38:58.148+0000][1][gc,task      ] GC(274) Using 2 workers of 2 for evacuation
[2020-03-27T08:38:58.155+0000][1][gc,age       ] GC(274) Desired survivor size 8716288 bytes, new threshold 6 (max threshold 6)
[2020-03-27T08:38:58.156+0000][1][gc,age       ] GC(274) Age table with threshold 6 (max threshold 6)
[2020-03-27T08:38:58.157+0000][1][gc,age       ] GC(274) - age   1:     775072 bytes,     775072 total
[2020-03-27T08:38:58.157+0000][1][gc,age       ] GC(274) - age   2:    1163000 bytes,    1938072 total
[2020-03-27T08:38:58.158+0000][1][gc,heap      ] GC(274) ParNew: 142919K->5467K(153344K)
[2020-03-27T08:38:58.158+0000][1][gc,heap      ] GC(274) CMS: 117880K->117880K(353920K)
[2020-03-27T08:38:58.159+0000][1][gc,metaspace ] GC(274) Metaspace: 98953K->98953K(1140736K)
[2020-03-27T08:38:58.159+0000][1][gc           ] GC(274) Pause Young (Allocation Failure) 254M->120M(495M) 11.720ms
[2020-03-27T08:38:58.160+0000][1][gc,cpu       ] GC(274) User=0.01s Sys=0.00s Real=0.01s
[2020-03-27T08:38:58.161+0000][1][safepoint    ] Safepoint "GenCollectForAllocation", Time since last: 103798060 ns, Reaching safepoint: 101600 ns, At safepoint: 12839895 ns, Total: 12941495 ns
[2020-03-27T08:38:58.207+0000][1][safepoint    ] Safepoint "RevokeBias", Time since last: 46165282 ns, Reaching safepoint: 178900 ns, At safepoint: 14800 ns, Total: 193700 ns
[2020-03-27T08:38:58.993+0000][1][safepoint    ] Safepoint "RevokeBias", Time since last: 786033795 ns, Reaching safepoint: 122100 ns, At safepoint: 33900 ns, Total: 156000 ns
[2020-03-27T08:38:58.994+0000][1][safepoint    ] Safepoint "RevokeBias", Time since last: 766100 ns, Reaching safepoint: 101700 ns, At safepoint: 13800 ns, Total: 115500 ns
[2020-03-27T08:38:58.995+0000][1][safepoint    ] Safepoint "RevokeBias", Time since last: 1125599 ns, Reaching safepoint: 62300 ns, At safepoint: 21700 ns, Total: 84000 ns
[2020-03-27T08:38:58.996+0000][1][safepoint    ] Safepoint "RevokeBias", Time since last: 1024500 ns, Reaching safepoint: 57800 ns, At safepoint: 20900 ns, Total: 78700 ns
[2020-03-27T08:38:59.050+0000][1][safepoint    ] Safepoint "RevokeBias", Time since last: 53375479 ns, Reaching safepoint: 194400 ns, At safepoint: 21000 ns, Total: 215400 ns
[2020-03-27T08:38:59.077+0000][1][safepoint    ] Safepoint "BulkRevokeBias", Time since last: 26258790 ns, Reaching safepoint: 265200 ns, At safepoint: 446800 ns, Total: 712000 ns
[2020-03-27T08:39:00.078+0000][1][safepoint    ] Safepoint "Cleanup", Time since last: 1000583812 ns, Reaching safepoint: 293500 ns, At safepoint: 55900 ns, Total: 349400 ns
[2020-03-27T08:39:01.080+0000][1][safepoint    ] Safepoint "Cleanup", Time since last: 1001726411 ns, Reaching safepoint: 174500 ns, At safepoint: 23800 ns, Total: 198300 ns
[2020-03-27T08:39:02.081+0000][1][safepoint    ] Safepoint "Cleanup", Time since last: 1001116312 ns, Reaching safepoint: 115000 ns, At safepoint: 25700 ns, Total: 140700 ns
[2020-03-27T08:39:02.723+0000][1][safepoint    ] Safepoint "RevokeBias", Time since last: 642328951 ns, Reaching safepoint: 132500 ns, At safepoint: 17000 ns, Total: 149500 ns
[2020-03-27T08:39:03.136+0000][1][safepoint    ] Safepoint "RevokeBias", Time since last: 412058141 ns, Reaching safepoint: 144000 ns, At safepoint: 26800 ns, Total: 170800 ns
[2020-03-27T08:39:03.139+0000][1][safepoint    ] Safepoint "RevokeBias", Time since last: 3655198 ns, Reaching safepoint: 95200 ns, At safepoint: 14700 ns, Total: 109900 ns
[2020-03-27T08:39:03.142+0000][1][safepoint    ] Safepoint "RevokeBias", Time since last: 2288499 ns, Reaching safepoint: 82200 ns, At safepoint: 15200 ns, Total: 97400 ns
[2020-03-27T08:39:03.143+0000][1][safepoint    ] Safepoint "RevokeBias", Time since last: 1431000 ns, Reaching safepoint: 63700 ns, At safepoint: 12300 ns, Total: 76000 ns
[2020-03-27T08:39:03.186+0000][1][safepoint    ] Safepoint "RevokeBias", Time since last: 42978683 ns, Reaching safepoint: 123300 ns, At safepoint: 28700 ns, Total: 152000 ns
[2020-03-27T08:39:04.188+0000][1][safepoint    ] Safepoint "Cleanup", Time since last: 1000836872 ns, Reaching safepoint: 375299 ns, At safepoint: 84200 ns, Total: 459499 ns
[2020-03-27T08:39:05.190+0000][1][safepoint    ] Safepoint "Cleanup", Time since last: 1002030441 ns, Reaching safepoint: 328499 ns, At safepoint: 86700 ns, Total: 415199 ns
[2020-03-27T08:39:06.193+0000][1][safepoint    ] Safepoint "Cleanup", Time since last: 1002410240 ns, Reaching safepoint: 130799 ns, At safepoint: 29700 ns, Total: 160499 ns
[2020-03-27T08:39:07.194+0000][1][safepoint    ] Safepoint "Cleanup", Time since last: 1001153642 ns, Reaching safepoint: 370299 ns, At safepoint: 102200 ns, Total: 472499 ns
[2020-03-27T08:39:08.154+0000][1][gc,start     ] GC(275) Pause Young (Allocation Failure)
[2020-03-27T08:39:08.155+0000][1][gc,task      ] GC(275) Using 2 workers of 2 for evacuation
[2020-03-27T08:39:08.162+0000][1][gc,age       ] GC(275) Desired survivor size 8716288 bytes, new threshold 6 (max threshold 6)
[2020-03-27T08:39:08.162+0000][1][gc,age       ] GC(275) Age table with threshold 6 (max threshold 6)
[2020-03-27T08:39:08.164+0000][1][gc,age       ] GC(275) - age   1:     912592 bytes,     912592 total
[2020-03-27T08:39:08.165+0000][1][gc,age       ] GC(275) - age   2:     568800 bytes,    1481392 total
[2020-03-27T08:39:08.166+0000][1][gc,age       ] GC(275) - age   3:    1162304 bytes,    2643696 total
[2020-03-27T08:39:08.166+0000][1][gc,heap      ] GC(275) ParNew: 141787K->3461K(153344K)
[2020-03-27T08:39:08.167+0000][1][gc,heap      ] GC(275) CMS: 117880K->117880K(353920K)
[2020-03-27T08:39:08.167+0000][1][gc,metaspace ] GC(275) Metaspace: 98953K->98953K(1140736K)
[2020-03-27T08:39:08.168+0000][1][gc           ] GC(275) Pause Young (Allocation Failure) 253M->118M(495M) 13.566ms
[2020-03-27T08:39:08.168+0000][1][gc,cpu       ] GC(275) User=0.00s Sys=0.00s Real=0.02s
[2020-03-27T08:39:08.169+0000][1][safepoint    ] Safepoint "GenCollectForAllocation", Time since last: 959565202 ns, Reaching safepoint: 218300 ns, At safepoint: 14464979 ns, Total: 14683279 ns
[2020-03-27T08:39:08.185+0000][1][safepoint    ] Safepoint "RevokeBias", Time since last: 16721476 ns, Reaching safepoint: 98500 ns, At safepoint: 23599 ns, Total: 122099 ns
[2020-03-27T08:39:09.150+0000][1][safepoint    ] Safepoint "RevokeBias", Time since last: 964737295 ns, Reaching safepoint: 234600 ns, At safepoint: 45300 ns, Total: 279900 ns
[2020-03-27T08:39:09.152+0000][1][safepoint    ] Safepoint "RevokeBias", Time since last: 1198898 ns, Reaching safepoint: 96900 ns, At safepoint: 13100 ns, Total: 110000 ns
[2020-03-27T08:39:09.154+0000][1][safepoint    ] Safepoint "RevokeBias", Time since last: 1868197 ns, Reaching safepoint: 84100 ns, At safepoint: 22500 ns, Total: 106600 ns
[2020-03-27T08:39:09.155+0000][1][safepoint    ] Safepoint "RevokeBias", Time since last: 1085998 ns, Reaching safepoint: 93000 ns, At safepoint: 19800 ns, Total: 112800 ns
[2020-03-27T08:39:09.197+0000][1][safepoint    ] Safepoint "RevokeBias", Time since last: 41928639 ns, Reaching safepoint: 235900 ns, At safepoint: 35700 ns, Total: 271600 ns
[2020-03-27T08:39:10.199+0000][1][safepoint    ] Safepoint "Cleanup", Time since last: 1001719840 ns, Reaching safepoint: 329100 ns, At safepoint: 86700 ns, Total: 415800 ns
[2020-03-27T08:39:11.202+0000][1][safepoint    ] Safepoint "Cleanup", Time since last: 1002377240 ns, Reaching safepoint: 329599 ns, At safepoint: 88500 ns, Total: 418099 ns
[2020-03-27T08:39:12.205+0000][1][safepoint    ] Safepoint "Cleanup", Time since last: 1002126751 ns, Reaching safepoint: 459200 ns, At safepoint: 79400 ns, Total: 538600 ns
[2020-03-27T08:39:12.733+0000][1][safepoint    ] Safepoint "RevokeBias", Time since last: 528607696 ns, Reaching safepoint: 101800 ns, At safepoint: 15300 ns, Total: 117100 ns
[2020-03-27T08:39:13.273+0000][1][gc,start     ] GC(276) Pause Young (Allocation Failure)
[2020-03-27T08:39:13.273+0000][1][gc,task      ] GC(276) Using 2 workers of 2 for evacuation
[2020-03-27T08:39:13.277+0000][1][gc,age       ] GC(276) Desired survivor size 8716288 bytes, new threshold 6 (max threshold 6)
[2020-03-27T08:39:13.278+0000][1][gc,age       ] GC(276) Age table with threshold 6 (max threshold 6)
[2020-03-27T08:39:13.278+0000][1][gc,age       ] GC(276) - age   1:    2024696 bytes,    2024696 total
[2020-03-27T08:39:13.279+0000][1][gc,age       ] GC(276) - age   2:     579056 bytes,    2603752 total
[2020-03-27T08:39:13.279+0000][1][gc,age       ] GC(276) - age   3:     568800 bytes,    3172552 total
[2020-03-27T08:39:13.280+0000][1][gc,age       ] GC(276) - age   4:    1162304 bytes,    4334856 total
[2020-03-27T08:39:13.280+0000][1][gc,heap      ] GC(276) ParNew: 139781K->5705K(153344K)
[2020-03-27T08:39:13.280+0000][1][gc,heap      ] GC(276) CMS: 117880K->117880K(353920K)
[2020-03-27T08:39:13.281+0000][1][gc,metaspace ] GC(276) Metaspace: 98955K->98955K(1140736K)
[2020-03-27T08:39:13.281+0000][1][gc           ] GC(276) Pause Young (Allocation Failure) 251M->120M(495M) 8.742ms
[2020-03-27T08:39:13.282+0000][1][gc,cpu       ] GC(276) User=0.01s Sys=0.00s Real=0.01s
[2020-03-27T08:39:13.282+0000][1][safepoint    ] Safepoint "GenCollectForAllocation", Time since last: 538933597 ns, Reaching safepoint: 170300 ns, At safepoint: 9527200 ns, Total: 9697500 ns
[2020-03-27T08:39:13.288+0000][1][safepoint    ] Safepoint "RevokeBias", Time since last: 5426700 ns, Reaching safepoint: 281200 ns, At safepoint: 31900 ns, Total: 313100 ns
[2020-03-27T08:39:13.289+0000][1][safepoint    ] Safepoint "BulkRevokeBias", Time since last: 533600 ns, Reaching safepoint: 89800 ns, At safepoint: 425000 ns, Total: 514800 ns
[2020-03-27T08:39:13.290+0000][1][safepoint    ] Safepoint "RevokeBias", Time since last: 1191000 ns, Reaching safepoint: 94400 ns, At safepoint: 20700 ns, Total: 115100 ns
[2020-03-27T08:39:13.291+0000][1][safepoint    ] Safepoint "BulkRevokeBias", Time since last: 582700 ns, Reaching safepoint: 62300 ns, At safepoint: 468200 ns, Total: 530500 ns
[2020-03-27T08:39:13.331+0000][1][safepoint    ] Safepoint "RevokeBias", Time since last: 39691100 ns, Reaching safepoint: 111800 ns, At safepoint: 31100 ns, Total: 142900 ns
[2020-03-27T08:39:13.361+0000][1][safepoint    ] Safepoint "RevokeBias", Time since last: 29937100 ns, Reaching safepoint: 94500 ns, At safepoint: 36000 ns, Total: 130500 ns
[2020-03-27T08:39:13.363+0000][1][safepoint    ] Safepoint "RevokeBias", Time since last: 1641500 ns, Reaching safepoint: 90400 ns, At safepoint: 21300 ns, Total: 111700 ns
[2020-03-27T08:39:14.364+0000][1][safepoint    ] Safepoint "Cleanup", Time since last: 1000436394 ns, Reaching safepoint: 385100 ns, At safepoint: 77900 ns, Total: 463000 ns
[2020-03-27T08:39:15.367+0000][1][safepoint    ] Safepoint "Cleanup", Time since last: 1003268794 ns, Reaching safepoint: 121600 ns, At safepoint: 28600 ns, Total: 150200 ns
[2020-03-27T08:39:16.368+0000][1][safepoint    ] Safepoint "Cleanup", Time since last: 1000680994 ns, Reaching safepoint: 126600 ns, At safepoint: 16600 ns, Total: 143200 ns
[2020-03-27T08:39:17.370+0000][1][safepoint    ] Safepoint "Cleanup", Time since last: 1002263494 ns, Reaching safepoint: 95800 ns, At safepoint: 16000 ns, Total: 111800 ns
[2020-03-27T08:39:18.155+0000][1][safepoint    ] Safepoint "RevokeBias", Time since last: 784869995 ns, Reaching safepoint: 100500 ns, At safepoint: 24800 ns, Total: 125300 ns
[2020-03-27T08:39:19.157+0000][1][safepoint    ] Safepoint "Cleanup", Time since last: 1001004494 ns, Reaching safepoint: 449800 ns, At safepoint: 90700 ns, Total: 540500 ns
[2020-03-27T08:39:20.160+0000][1][safepoint    ] Safepoint "Cleanup", Time since last: 1002127636 ns, Reaching safepoint: 470400 ns, At safepoint: 81600 ns, Total: 552000 ns
[2020-03-27T08:39:21.163+0000][1][safepoint    ] Safepoint "Cleanup", Time since last: 1002350650 ns, Reaching safepoint: 380901 ns, At safepoint: 175600 ns, Total: 556501 ns
[2020-03-27T08:39:22.165+0000][1][safepoint    ] Safepoint "Cleanup", Time since last: 1002573150 ns, Reaching safepoint: 125200 ns, At safepoint: 23300 ns, Total: 148500 ns
[2020-03-27T08:39:22.743+0000][1][safepoint    ] Safepoint "BulkRevokeBias", Time since last: 576702220 ns, Reaching safepoint: 233900 ns, At safepoint: 798201 ns, Total: 1032101 ns
[2020-03-27T08:39:23.745+0000][1][safepoint    ] Safepoint "Cleanup", Time since last: 1001428049 ns, Reaching safepoint: 412400 ns, At safepoint: 89400 ns, Total: 501800 ns
[2020-03-27T08:39:24.747+0000][1][safepoint    ] Safepoint "Cleanup", Time since last: 1002049450 ns, Reaching safepoint: 370301 ns, At safepoint: 86400 ns, Total: 456701 ns
[2020-03-27T08:39:25.751+0000][1][safepoint    ] Safepoint "Cleanup", Time since last: 1002613850 ns, Reaching safepoint: 369700 ns, At safepoint: 180801 ns, Total: 550501 ns
[2020-03-27T08:39:26.753+0000][1][safepoint    ] Safepoint "Cleanup", Time since last: 1002308050 ns, Reaching safepoint: 325200 ns, At safepoint: 83100 ns, Total: 408300 ns
[2020-03-27T08:39:27.756+0000][1][safepoint    ] Safepoint "Cleanup", Time since last: 1002433346 ns, Reaching safepoint: 326200 ns, At safepoint: 86400 ns, Total: 412600 ns
[2020-03-27T08:39:28.224+0000][1][gc,start     ] GC(277) Pause Young (Allocation Failure)
[2020-03-27T08:39:28.224+0000][1][gc,task      ] GC(277) Using 2 workers of 2 for evacuation
[2020-03-27T08:39:28.235+0000][1][gc,age       ] GC(277) Desired survivor size 8716288 bytes, new threshold 1 (max threshold 6)
[2020-03-27T08:39:28.236+0000][1][gc,age       ] GC(277) Age table with threshold 1 (max threshold 6)
[2020-03-27T08:39:28.237+0000][1][gc,age       ] GC(277) - age   1:   13806944 bytes,   13806944 total
[2020-03-27T08:39:28.237+0000][1][gc,age       ] GC(277) - age   2:     644496 bytes,   14451440 total
[2020-03-27T08:39:28.238+0000][1][gc,age       ] GC(277) - age   3:     566328 bytes,   15017768 total
[2020-03-27T08:39:28.238+0000][1][gc,age       ] GC(277) - age   4:     567816 bytes,   15585584 total
[2020-03-27T08:39:28.238+0000][1][gc,age       ] GC(277) - age   5:    1160816 bytes,   16746400 total
[2020-03-27T08:39:28.239+0000][1][gc,heap      ] GC(277) ParNew: 142025K->17024K(153344K)
[2020-03-27T08:39:28.239+0000][1][gc,heap      ] GC(277) CMS: 117880K->117880K(353920K)
[2020-03-27T08:39:28.239+0000][1][gc,metaspace ] GC(277) Metaspace: 98960K->98960K(1140736K)
[2020-03-27T08:39:28.240+0000][1][gc           ] GC(277) Pause Young (Allocation Failure) 253M->131M(495M) 16.485ms
[2020-03-27T08:39:28.241+0000][1][gc,cpu       ] GC(277) User=0.02s Sys=0.00s Real=0.02s
[2020-03-27T08:39:28.241+0000][1][safepoint    ] Safepoint "GenCollectForAllocation", Time since last: 467346999 ns, Reaching safepoint: 112800 ns, At safepoint: 17235904 ns, Total: 17348704 ns
[2020-03-27T08:39:28.242+0000][1][safepoint    ] Safepoint "RevokeBias", Time since last: 1334500 ns, Reaching safepoint: 222800 ns, At safepoint: 13600 ns, Total: 236400 ns
[2020-03-27T08:39:29.243+0000][1][safepoint    ] Safepoint "Cleanup", Time since last: 1000726214 ns, Reaching safepoint: 179300 ns, At safepoint: 34700 ns, Total: 214000 ns
[2020-03-27T08:39:30.245+0000][1][safepoint    ] Safepoint "Cleanup", Time since last: 1001001514 ns, Reaching safepoint: 446500 ns, At safepoint: 80500 ns, Total: 527000 ns
[2020-03-27T08:39:31.248+0000][1][safepoint    ] Safepoint "Cleanup", Time since last: 1002337914 ns, Reaching safepoint: 414700 ns, At safepoint: 83000 ns, Total: 497700 ns
[2020-03-27T08:39:32.250+0000][1][safepoint    ] Safepoint "Cleanup", Time since last: 1001823314 ns, Reaching safepoint: 280500 ns, At safepoint: 74400 ns, Total: 354900 ns
[2020-03-27T08:39:32.734+0000][1][safepoint    ] Safepoint "RevokeBias", Time since last: 483477403 ns, Reaching safepoint: 190900 ns, At safepoint: 31400 ns, Total: 222300 ns
[2020-03-27T08:39:33.735+0000][1][safepoint    ] Safepoint "Cleanup", Time since last: 1001301614 ns, Reaching safepoint: 98600 ns, At safepoint: 17300 ns, Total: 115900 ns
[2020-03-27T08:39:34.736+0000][1][safepoint    ] Safepoint "Cleanup", Time since last: 1000815014 ns, Reaching safepoint: 325200 ns, At safepoint: 93600 ns, Total: 418800 ns
[2020-03-27T08:39:35.739+0000][1][safepoint    ] Safepoint "Cleanup", Time since last: 1002381512 ns, Reaching safepoint: 196400 ns, At safepoint: 43400 ns, Total: 239800 ns
[2020-03-27T08:39:36.741+0000][1][safepoint    ] Safepoint "Cleanup", Time since last: 1001562909 ns, Reaching safepoint: 401500 ns, At safepoint: 79200 ns, Total: 480700 ns
[2020-03-27T08:39:37.743+0000][1][safepoint    ] Safepoint "Cleanup", Time since last: 1002023609 ns, Reaching safepoint: 183001 ns, At safepoint: 50700 ns, Total: 233701 ns
[2020-03-27T08:39:38.157+0000][1][safepoint    ] Safepoint "RevokeBias", Time since last: 413670986 ns, Reaching safepoint: 116700 ns, At safepoint: 24400 ns, Total: 141100 ns
[2020-03-27T08:39:39.158+0000][1][safepoint    ] Safepoint "Cleanup", Time since last: 1000689109 ns, Reaching safepoint: 154600 ns, At safepoint: 24300 ns, Total: 178900 ns
[2020-03-27T08:39:40.159+0000][1][safepoint    ] Safepoint "Cleanup", Time since last: 1000989909 ns, Reaching safepoint: 384200 ns, At safepoint: 87000 ns, Total: 471200 ns
[2020-03-27T08:39:41.162+0000][1][safepoint    ] Safepoint "Cleanup", Time since last: 1002061109 ns, Reaching safepoint: 372300 ns, At safepoint: 83400 ns, Total: 455700 ns
[2020-03-27T08:39:42.164+0000][1][safepoint    ] Safepoint "Cleanup", Time since last: 1002136510 ns, Reaching safepoint: 328100 ns, At safepoint: 87400 ns, Total: 415500 ns
[2020-03-27T08:39:42.743+0000][1][safepoint    ] Safepoint "RevokeBias", Time since last: 578794820 ns, Reaching safepoint: 123300 ns, At safepoint: 16400 ns, Total: 139700 ns
[2020-03-27T08:39:43.415+0000][1][safepoint    ] Safepoint "RevokeBias", Time since last: 671007629 ns, Reaching safepoint: 573600 ns, At safepoint: 28500 ns, Total: 602100 ns
[2020-03-27T08:39:43.417+0000][1][safepoint    ] Safepoint "RevokeBias", Time since last: 1220700 ns, Reaching safepoint: 284400 ns, At safepoint: 28300 ns, Total: 312700 ns
[2020-03-27T08:39:43.418+0000][1][safepoint    ] Safepoint "RevokeBias", Time since last: 1584300 ns, Reaching safepoint: 75100 ns, At safepoint: 12900 ns, Total: 88000 ns
[2020-03-27T08:39:43.422+0000][1][safepoint    ] Safepoint "RevokeBias", Time since last: 3698601 ns, Reaching safepoint: 93600 ns, At safepoint: 42100 ns, Total: 135700 ns
[2020-03-27T08:39:43.463+0000][1][safepoint    ] Safepoint "RevokeBias", Time since last: 40702504 ns, Reaching safepoint: 102700 ns, At safepoint: 15900 ns, Total: 118600 ns
[2020-03-27T08:39:43.497+0000][1][safepoint    ] Safepoint "RevokeBias", Time since last: 34119703 ns, Reaching safepoint: 120700 ns, At safepoint: 17300 ns, Total: 138000 ns
[2020-03-27T08:39:43.516+0000][1][safepoint    ] Safepoint "RevokeBias", Time since last: 19005302 ns, Reaching safepoint: 207200 ns, At safepoint: 43400 ns, Total: 250600 ns
[2020-03-27T08:39:43.518+0000][1][safepoint    ] Safepoint "RevokeBias", Time since last: 1011400 ns, Reaching safepoint: 184300 ns, At safepoint: 19100 ns, Total: 203400 ns
[2020-03-27T08:39:43.622+0000][1][safepoint    ] Safepoint "RevokeBias", Time since last: 104237010 ns, Reaching safepoint: 193200 ns, At safepoint: 27900 ns, Total: 221100 ns
[2020-03-27T08:39:43.623+0000][1][safepoint    ] Safepoint "RevokeBias", Time since last: 859300 ns, Reaching safepoint: 102000 ns, At safepoint: 20500 ns, Total: 122500 ns
[2020-03-27T08:39:43.625+0000][1][safepoint    ] Safepoint "RevokeBias", Time since last: 1416300 ns, Reaching safepoint: 80700 ns, At safepoint: 11200 ns, Total: 91900 ns
[2020-03-27T08:39:43.625+0000][1][safepoint    ] Safepoint "RevokeBias", Time since last: 679201 ns, Reaching safepoint: 83900 ns, At safepoint: 21200 ns, Total: 105100 ns
[2020-03-27T08:39:43.684+0000][1][safepoint    ] Safepoint "RevokeBias", Time since last: 58958305 ns, Reaching safepoint: 162100 ns, At safepoint: 29200 ns, Total: 191300 ns
[2020-03-27T08:39:43.746+0000][1][gc,start     ] GC(278) Pause Young (Allocation Failure)
[2020-03-27T08:39:43.747+0000][1][gc,task      ] GC(278) Using 2 workers of 2 for evacuation
[2020-03-27T08:39:43.753+0000][1][gc,age       ] GC(278) Desired survivor size 8716288 bytes, new threshold 6 (max threshold 6)
[2020-03-27T08:39:43.754+0000][1][gc,age       ] GC(278) Age table with threshold 6 (max threshold 6)
[2020-03-27T08:39:43.754+0000][1][gc,age       ] GC(278) - age   1:    1751832 bytes,    1751832 total
[2020-03-27T08:39:43.755+0000][1][gc,heap      ] GC(278) ParNew: 153344K->13201K(153344K)
[2020-03-27T08:39:43.755+0000][1][gc,heap      ] GC(278) CMS: 117880K->129509K(353920K)
[2020-03-27T08:39:43.756+0000][1][gc,metaspace ] GC(278) Metaspace: 99130K->99130K(1140736K)
[2020-03-27T08:39:43.757+0000][1][gc           ] GC(278) Pause Young (Allocation Failure) 264M->139M(495M) 10.112ms
[2020-03-27T08:39:43.757+0000][1][gc,cpu       ] GC(278) User=0.02s Sys=0.00s Real=0.01s
[2020-03-27T08:39:43.758+0000][1][safepoint    ] Safepoint "GenCollectForAllocation", Time since last: 61788706 ns, Reaching safepoint: 152400 ns, At safepoint: 11160502 ns, Total: 11312902 ns
[2020-03-27T08:39:43.760+0000][1][safepoint    ] Safepoint "RevokeBias", Time since last: 2154100 ns, Reaching safepoint: 228300 ns, At safepoint: 33100 ns, Total: 261400 ns
[2020-03-27T08:39:43.761+0000][1][safepoint    ] Safepoint "RevokeBias", Time since last: 848900 ns, Reaching safepoint: 83400 ns, At safepoint: 21600 ns, Total: 105000 ns
[2020-03-27T08:39:43.854+0000][1][safepoint    ] Safepoint "RevokeBias", Time since last: 93261509 ns, Reaching safepoint: 107000 ns, At safepoint: 26100 ns, Total: 133100 ns
[2020-03-27T08:39:43.855+0000][1][safepoint    ] Safepoint "RevokeBias", Time since last: 290000 ns, Reaching safepoint: 92500 ns, At safepoint: 20900 ns, Total: 113400 ns
[2020-03-27T08:39:43.855+0000][1][safepoint    ] Safepoint "RevokeBias", Time since last: 332300 ns, Reaching safepoint: 54100 ns, At safepoint: 20600 ns, Total: 74700 ns
[2020-03-27T08:39:43.856+0000][1][safepoint    ] Safepoint "RevokeBias", Time since last: 342800 ns, Reaching safepoint: 61500 ns, At safepoint: 12100 ns, Total: 73600 ns
[2020-03-27T08:39:43.856+0000][1][safepoint    ] Safepoint "RevokeBias", Time since last: 226600 ns, Reaching safepoint: 51500 ns, At safepoint: 27300 ns, Total: 78800 ns
[2020-03-27T08:39:43.856+0000][1][safepoint    ] Safepoint "RevokeBias", Time since last: 297100 ns, Reaching safepoint: 50000 ns, At safepoint: 18900 ns, Total: 68900 ns
[2020-03-27T08:39:43.857+0000][1][safepoint    ] Safepoint "RevokeBias", Time since last: 348100 ns, Reaching safepoint: 69900 ns, At safepoint: 26800 ns, Total: 96700 ns
[2020-03-27T08:39:44.291+0000][1][safepoint    ] Safepoint "RevokeBias", Time since last: 434558043 ns, Reaching safepoint: 188000 ns, At safepoint: 40500 ns, Total: 228500 ns
[2020-03-27T08:39:44.292+0000][1][safepoint    ] Safepoint "RevokeBias", Time since last: 833500 ns, Reaching safepoint: 105700 ns, At safepoint: 13600 ns, Total: 119300 ns
[2020-03-27T08:39:44.293+0000][1][safepoint    ] Safepoint "RevokeBias", Time since last: 824900 ns, Reaching safepoint: 79800 ns, At safepoint: 23200 ns, Total: 103000 ns
[2020-03-27T08:39:44.295+0000][1][safepoint    ] Safepoint "RevokeBias", Time since last: 1253600 ns, Reaching safepoint: 96300 ns, At safepoint: 23100 ns, Total: 119400 ns
[2020-03-27T08:39:44.296+0000][1][safepoint    ] Safepoint "RevokeBias", Time since last: 1068400 ns, Reaching safepoint: 67400 ns, At safepoint: 11600 ns, Total: 79000 ns
[2020-03-27T08:39:44.339+0000][1][safepoint    ] Safepoint "RevokeBias", Time since last: 42759505 ns, Reaching safepoint: 146400 ns, At safepoint: 29800 ns, Total: 176200 ns
[2020-03-27T08:39:44.442+0000][1][safepoint    ] Safepoint "RevokeBias", Time since last: 102517810 ns, Reaching safepoint: 233200 ns, At safepoint: 13500 ns, Total: 246700 ns
[2020-03-27T08:39:44.442+0000][1][safepoint    ] Safepoint "RevokeBias", Time since last: 641200 ns, Reaching safepoint: 190800 ns, At safepoint: 101100 ns, Total: 291900 ns
[2020-03-27T08:39:44.811+0000][1][safepoint    ] Safepoint "RevokeBias", Time since last: 368491736 ns, Reaching safepoint: 130300 ns, At safepoint: 18500 ns, Total: 148800 ns
[2020-03-27T08:39:44.813+0000][1][safepoint    ] Safepoint "RevokeBias", Time since last: 1564800 ns, Reaching safepoint: 180300 ns, At safepoint: 22100 ns, Total: 202400 ns
[2020-03-27T08:39:44.814+0000][1][safepoint    ] Safepoint "RevokeBias", Time since last: 1217600 ns, Reaching safepoint: 78100 ns, At safepoint: 20500 ns, Total: 98600 ns
[2020-03-27T08:39:44.906+0000][1][safepoint    ] Safepoint "RevokeBias", Time since last: 91302909 ns, Reaching safepoint: 126300 ns, At safepoint: 16200 ns, Total: 142500 ns
[2020-03-27T08:39:44.924+0000][1][safepoint    ] Safepoint "RevokeBias", Time since last: 17807102 ns, Reaching safepoint: 142200 ns, At safepoint: 9900 ns, Total: 152100 ns
[2020-03-27T08:39:44.935+0000][1][safepoint    ] Safepoint "RevokeBias", Time since last: 11011401 ns, Reaching safepoint: 115400 ns, At safepoint: 15400 ns, Total: 130800 ns
[2020-03-27T08:39:44.935+0000][1][safepoint    ] Safepoint "RevokeBias", Time since last: 380600 ns, Reaching safepoint: 64200 ns, At safepoint: 15900 ns, Total: 80100 ns
[2020-03-27T08:39:45.937+0000][1][safepoint    ] Safepoint "Cleanup", Time since last: 1001008499 ns, Reaching safepoint: 412600 ns, At safepoint: 83900 ns, Total: 496500 ns
[2020-03-27T08:39:46.939+0000][1][safepoint    ] Safepoint "Cleanup", Time since last: 1001735698 ns, Reaching safepoint: 502901 ns, At safepoint: 83800 ns, Total: 586701 ns
[2020-03-27T08:39:47.942+0000][1][safepoint    ] Safepoint "Cleanup", Time since last: 1002060498 ns, Reaching safepoint: 325900 ns, At safepoint: 172400 ns, Total: 498300 ns
[2020-03-27T08:39:48.175+0000][1][safepoint    ] Safepoint "RevokeBias", Time since last: 233525223 ns, Reaching safepoint: 98000 ns, At safepoint: 23700 ns, Total: 121700 ns
[2020-03-27T08:39:48.467+0000][1][gc,start     ] GC(279) Pause Young (Allocation Failure)
[2020-03-27T08:39:48.468+0000][1][gc,task      ] GC(279) Using 2 workers of 2 for evacuation
[2020-03-27T08:39:48.480+0000][1][gc,age       ] GC(279) Desired survivor size 8716288 bytes, new threshold 1 (max threshold 6)
[2020-03-27T08:39:48.480+0000][1][gc,age       ] GC(279) Age table with threshold 1 (max threshold 6)
[2020-03-27T08:39:48.481+0000][1][gc,age       ] GC(279) - age   1:    9082152 bytes,    9082152 total
[2020-03-27T08:39:48.482+0000][1][gc,age       ] GC(279) - age   2:     617832 bytes,    9699984 total
[2020-03-27T08:39:48.482+0000][1][gc,heap      ] GC(279) ParNew: 149521K->10863K(153344K)
[2020-03-27T08:39:48.483+0000][1][gc,heap      ] GC(279) CMS: 129509K->129509K(353920K)
[2020-03-27T08:39:48.483+0000][1][gc,metaspace ] GC(279) Metaspace: 99135K->99135K(1140736K)
[2020-03-27T08:39:48.484+0000][1][gc           ] GC(279) Pause Young (Allocation Failure) 272M->137M(495M) 16.516ms
[2020-03-27T08:39:48.484+0000][1][gc,cpu       ] GC(279) User=0.01s Sys=0.00s Real=0.01s
[2020-03-27T08:39:48.485+0000][1][safepoint    ] Safepoint "GenCollectForAllocation", Time since last: 291371029 ns, Reaching safepoint: 348800 ns, At safepoint: 17558802 ns, Total: 17907602 ns
[2020-03-27T08:39:48.502+0000][1][safepoint    ] Safepoint "RevokeBias", Time since last: 17151001 ns, Reaching safepoint: 121300 ns, At safepoint: 16700 ns, Total: 138000 ns
[2020-03-27T08:39:48.503+0000][1][safepoint    ] Safepoint "RevokeBias", Time since last: 1238200 ns, Reaching safepoint: 117800 ns, At safepoint: 24000 ns, Total: 141800 ns
[2020-03-27T08:39:48.505+0000][1][safepoint    ] Safepoint "RevokeBias", Time since last: 1375301 ns, Reaching safepoint: 89200 ns, At safepoint: 20900 ns, Total: 110100 ns
[2020-03-27T08:39:48.506+0000][1][safepoint    ] Safepoint "RevokeBias", Time since last: 1001100 ns, Reaching safepoint: 57600 ns, At safepoint: 22100 ns, Total: 79700 ns
[2020-03-27T08:39:48.547+0000][1][safepoint    ] Safepoint "RevokeBias", Time since last: 40931004 ns, Reaching safepoint: 123700 ns, At safepoint: 31400 ns, Total: 155100 ns
[2020-03-27T08:39:49.749+0000][1][safepoint    ] Safepoint "Cleanup", Time since last: 1201521718 ns, Reaching safepoint: 442400 ns, At safepoint: 84700 ns, Total: 527100 ns
[2020-03-27T08:39:50.751+0000][1][safepoint    ] Safepoint "Cleanup", Time since last: 1002134499 ns, Reaching safepoint: 334600 ns, At safepoint: 93300 ns, Total: 427900 ns
[2020-03-27T08:39:51.754+0000][1][safepoint    ] Safepoint "Cleanup", Time since last: 1002295598 ns, Reaching safepoint: 373300 ns, At safepoint: 80100 ns, Total: 453400 ns
[2020-03-27T08:39:52.757+0000][1][safepoint    ] Safepoint "Cleanup", Time since last: 1002107097 ns, Reaching safepoint: 331800 ns, At safepoint: 11400 ns, Total: 343200 ns
[2020-03-27T08:39:52.766+0000][1][safepoint    ] Safepoint "RevokeBias", Time since last: 8256501 ns, Reaching safepoint: 451800 ns, At safepoint: 603400 ns, Total: 1055200 ns
[2020-03-27T08:39:53.669+0000][1][safepoint    ] Safepoint "RevokeBias", Time since last: 903010687 ns, Reaching safepoint: 149600 ns, At safepoint: 26900 ns, Total: 176500 ns
[2020-03-27T08:39:53.671+0000][1][safepoint    ] Safepoint "RevokeBias", Time since last: 1594001 ns, Reaching safepoint: 93700 ns, At safepoint: 23300 ns, Total: 117000 ns
[2020-03-27T08:39:53.673+0000][1][safepoint    ] Safepoint "RevokeBias", Time since last: 2395100 ns, Reaching safepoint: 119200 ns, At safepoint: 23000 ns, Total: 142200 ns
[2020-03-27T08:39:53.675+0000][1][safepoint    ] Safepoint "RevokeBias", Time since last: 1157100 ns, Reaching safepoint: 99000 ns, At safepoint: 27900 ns, Total: 126900 ns
[2020-03-27T08:39:53.718+0000][1][safepoint    ] Safepoint "RevokeBias", Time since last: 43374304 ns, Reaching safepoint: 151500 ns, At safepoint: 23800 ns, Total: 175300 ns
[2020-03-27T08:39:54.720+0000][1][safepoint    ] Safepoint "Cleanup", Time since last: 1000977297 ns, Reaching safepoint: 515800 ns, At safepoint: 72000 ns, Total: 587800 ns
[2020-03-27T08:39:55.723+0000][1][safepoint    ] Safepoint "Cleanup", Time since last: 1002401598 ns, Reaching safepoint: 471400 ns, At safepoint: 81300 ns, Total: 552700 ns
[2020-03-27T08:39:56.725+0000][1][safepoint    ] Safepoint "Cleanup", Time since last: 1001952697 ns, Reaching safepoint: 424200 ns, At safepoint: 85200 ns, Total: 509400 ns
[2020-03-27T08:39:57.728+0000][1][safepoint    ] Safepoint "Cleanup", Time since last: 1002200897 ns, Reaching safepoint: 488700 ns, At safepoint: 76000 ns, Total: 564700 ns
[2020-03-27T08:39:58.202+0000][1][gc,start     ] GC(280) Pause Young (Allocation Failure)
[2020-03-27T08:39:58.202+0000][1][gc,task      ] GC(280) Using 2 workers of 2 for evacuation
[2020-03-27T08:39:58.209+0000][1][gc,age       ] GC(280) Desired survivor size 8716288 bytes, new threshold 6 (max threshold 6)
[2020-03-27T08:39:58.209+0000][1][gc,age       ] GC(280) Age table with threshold 6 (max threshold 6)
[2020-03-27T08:39:58.210+0000][1][gc,age       ] GC(280) - age   1:    1038048 bytes,    1038048 total
[2020-03-27T08:39:58.211+0000][1][gc,heap      ] GC(280) ParNew: 147183K->4004K(153344K)
[2020-03-27T08:39:58.211+0000][1][gc,heap      ] GC(280) CMS: 129509K->130955K(353920K)
[2020-03-27T08:39:58.211+0000][1][gc,metaspace ] GC(280) Metaspace: 99135K->99135K(1140736K)
[2020-03-27T08:39:58.212+0000][1][gc           ] GC(280) Pause Young (Allocation Failure) 270M->131M(495M) 10.175ms
[2020-03-27T08:39:58.212+0000][1][gc,cpu       ] GC(280) User=0.01s Sys=0.00s Real=0.01s
[2020-03-27T08:39:58.213+0000][1][safepoint    ] Safepoint "GenCollectForAllocation", Time since last: 473527446 ns, Reaching safepoint: 93400 ns, At safepoint: 11131701 ns, Total: 11225101 ns
[2020-03-27T08:39:58.221+0000][1][safepoint    ] Safepoint "RevokeBias", Time since last: 7937901 ns, Reaching safepoint: 99200 ns, At safepoint: 24600 ns, Total: 123800 ns
[2020-03-27T08:39:58.666+0000][1][safepoint    ] Safepoint "RevokeBias", Time since last: 444902443 ns, Reaching safepoint: 211900 ns, At safepoint: 34300 ns, Total: 246200 ns
[2020-03-27T08:39:58.667+0000][1][safepoint    ] Safepoint "RevokeBias", Time since last: 1251200 ns, Reaching safepoint: 112600 ns, At safepoint: 15400 ns, Total: 128000 ns
[2020-03-27T08:39:58.669+0000][1][safepoint    ] Safepoint "RevokeBias", Time since last: 1244801 ns, Reaching safepoint: 81000 ns, At safepoint: 24000 ns, Total: 105000 ns
[2020-03-27T08:39:58.670+0000][1][safepoint    ] Safepoint "RevokeBias", Time since last: 1226600 ns, Reaching safepoint: 99000 ns, At safepoint: 13200 ns, Total: 112200 ns
[2020-03-27T08:39:58.714+0000][1][safepoint    ] Safepoint "RevokeBias", Time since last: 44165704 ns, Reaching safepoint: 154500 ns, At safepoint: 36700 ns, Total: 191200 ns
[2020-03-27T08:39:59.715+0000][1][safepoint    ] Safepoint "Cleanup", Time since last: 1000676560 ns, Reaching safepoint: 134900 ns, At safepoint: 18800 ns, Total: 153700 ns
[2020-03-27T08:40:00.717+0000][1][safepoint    ] Safepoint "Cleanup", Time since last: 1001127695 ns, Reaching safepoint: 481900 ns, At safepoint: 72300 ns, Total: 554200 ns
[2020-03-27T08:40:01.720+0000][1][safepoint    ] Safepoint "Cleanup", Time since last: 1002269295 ns, Reaching safepoint: 469300 ns, At safepoint: 82900 ns, Total: 552200 ns
[2020-03-27T08:40:02.722+0000][1][safepoint    ] Safepoint "Cleanup", Time since last: 1001834596 ns, Reaching safepoint: 107400 ns, At safepoint: 41000 ns, Total: 148400 ns
[2020-03-27T08:40:02.757+0000][1][safepoint    ] Safepoint "RevokeBias", Time since last: 35432100 ns, Reaching safepoint: 109100 ns, At safepoint: 28700 ns, Total: 137800 ns
[2020-03-27T08:40:02.792+0000][1][safepoint    ] Safepoint "RevokeBias", Time since last: 34434300 ns, Reaching safepoint: 244000 ns, At safepoint: 35100 ns, Total: 279100 ns
[2020-03-27T08:40:02.793+0000][1][safepoint    ] Safepoint "RevokeBias", Time since last: 891500 ns, Reaching safepoint: 115500 ns, At safepoint: 23100 ns, Total: 138600 ns
[2020-03-27T08:40:02.795+0000][1][safepoint    ] Safepoint "RevokeBias", Time since last: 1918400 ns, Reaching safepoint: 74000 ns, At safepoint: 23300 ns, Total: 97300 ns
[2020-03-27T08:40:02.796+0000][1][safepoint    ] Safepoint "RevokeBias", Time since last: 645900 ns, Reaching safepoint: 71300 ns, At safepoint: 21700 ns, Total: 93000 ns
[2020-03-27T08:40:02.838+0000][1][safepoint    ] Safepoint "RevokeBias", Time since last: 42498699 ns, Reaching safepoint: 119100 ns, At safepoint: 20500 ns, Total: 139600 ns
[2020-03-27T08:40:03.839+0000][1][safepoint    ] Safepoint "Cleanup", Time since last: 1000564796 ns, Reaching safepoint: 218400 ns, At safepoint: 49100 ns, Total: 267500 ns
[2020-03-27T08:40:04.841+0000][1][safepoint    ] Safepoint "Cleanup", Time since last: 1001444795 ns, Reaching safepoint: 374900 ns, At safepoint: 81400 ns, Total: 456300 ns
[2020-03-27T08:40:05.844+0000][1][safepoint    ] Safepoint "Cleanup", Time since last: 1002436496 ns, Reaching safepoint: 99200 ns, At safepoint: 18500 ns, Total: 117700 ns
[2020-03-27T08:40:06.845+0000][1][safepoint    ] Safepoint "Cleanup", Time since last: 1000989295 ns, Reaching safepoint: 95200 ns, At safepoint: 18900 ns, Total: 114100 ns
[2020-03-27T08:40:07.846+0000][1][safepoint    ] Safepoint "Cleanup", Time since last: 1000862184 ns, Reaching safepoint: 328000 ns, At safepoint: 85000 ns, Total: 413000 ns
[2020-03-27T08:40:08.163+0000][1][safepoint    ] Safepoint "RevokeBias", Time since last: 316988557 ns, Reaching safepoint: 189300 ns, At safepoint: 30100 ns, Total: 219400 ns
[2020-03-27T08:40:08.173+0000][1][gc,start     ] GC(281) Pause Young (Allocation Failure)
[2020-03-27T08:40:08.173+0000][1][gc,task      ] GC(281) Using 2 workers of 2 for evacuation
[2020-03-27T08:40:08.179+0000][1][gc,age       ] GC(281) Desired survivor size 8716288 bytes, new threshold 6 (max threshold 6)
[2020-03-27T08:40:08.180+0000][1][gc,age       ] GC(281) Age table with threshold 6 (max threshold 6)
[2020-03-27T08:40:08.180+0000][1][gc,age       ] GC(281) - age   1:    5142008 bytes,    5142008 total
[2020-03-27T08:40:08.180+0000][1][gc,age       ] GC(281) - age   2:     559120 bytes,    5701128 total
[2020-03-27T08:40:08.181+0000][1][gc,heap      ] GC(281) ParNew: 140324K->6767K(153344K)
[2020-03-27T08:40:08.181+0000][1][gc,heap      ] GC(281) CMS: 130955K->130955K(353920K)
[2020-03-27T08:40:08.181+0000][1][gc,metaspace ] GC(281) Metaspace: 99135K->99135K(1140736K)
[2020-03-27T08:40:08.182+0000][1][gc           ] GC(281) Pause Young (Allocation Failure) 264M->134M(495M) 8.797ms
[2020-03-27T08:40:08.182+0000][1][gc,cpu       ] GC(281) User=0.00s Sys=0.00s Real=0.01s
[2020-03-27T08:40:08.183+0000][1][safepoint    ] Safepoint "GenCollectForAllocation", Time since last: 9619002 ns, Reaching safepoint: 132200 ns, At safepoint: 9554501 ns, Total: 9686701 ns
[2020-03-27T08:40:08.820+0000][1][safepoint    ] Safepoint "RevokeBias", Time since last: 636805014 ns, Reaching safepoint: 245400 ns, At safepoint: 17900 ns, Total: 263300 ns
[2020-03-27T08:40:08.821+0000][1][safepoint    ] Safepoint "RevokeBias", Time since last: 893500 ns, Reaching safepoint: 69000 ns, At safepoint: 12900 ns, Total: 81900 ns
[2020-03-27T08:40:08.822+0000][1][safepoint    ] Safepoint "RevokeBias", Time since last: 1550000 ns, Reaching safepoint: 82000 ns, At safepoint: 21800 ns, Total: 103800 ns
[2020-03-27T08:40:08.823+0000][1][safepoint    ] Safepoint "RevokeBias", Time since last: 587201 ns, Reaching safepoint: 86900 ns, At safepoint: 20600 ns, Total: 107500 ns
[2020-03-27T08:40:08.869+0000][1][safepoint    ] Safepoint "RevokeBias", Time since last: 45551708 ns, Reaching safepoint: 110300 ns, At safepoint: 38800 ns, Total: 149100 ns
[2020-03-27T08:40:09.875+0000][1][safepoint    ] Safepoint "Cleanup", Time since last: 1005817479 ns, Reaching safepoint: 427200 ns, At safepoint: 75000 ns, Total: 502200 ns
[2020-03-27T08:40:10.878+0000][1][safepoint    ] Safepoint "Cleanup", Time since last: 1002647679 ns, Reaching safepoint: 330000 ns, At safepoint: 75800 ns, Total: 405800 ns
[2020-03-27T08:40:11.880+0000][1][safepoint    ] Safepoint "Cleanup", Time since last: 1001934579 ns, Reaching safepoint: 381700 ns, At safepoint: 83100 ns, Total: 464800 ns
[2020-03-27T08:40:12.764+0000][1][safepoint    ] Safepoint "RevokeBias", Time since last: 883829058 ns, Reaching safepoint: 119500 ns, At safepoint: 16800 ns, Total: 136300 ns
[2020-03-27T08:40:12.943+0000][1][gc,start     ] GC(282) Pause Young (Allocation Failure)
[2020-03-27T08:40:12.944+0000][1][gc,task      ] GC(282) Using 2 workers of 2 for evacuation
[2020-03-27T08:40:12.948+0000][1][gc,age       ] GC(282) Desired survivor size 8716288 bytes, new threshold 6 (max threshold 6)
[2020-03-27T08:40:12.949+0000][1][gc,age       ] GC(282) Age table with threshold 6 (max threshold 6)
[2020-03-27T08:40:12.949+0000][1][gc,age       ] GC(282) - age   1:    3349824 bytes,    3349824 total
[2020-03-27T08:40:12.950+0000][1][gc,age       ] GC(282) - age   2:     578784 bytes,    3928608 total
[2020-03-27T08:40:12.950+0000][1][gc,age       ] GC(282) - age   3:     558504 bytes,    4487112 total
[2020-03-27T08:40:12.951+0000][1][gc,heap      ] GC(282) ParNew: 142677K->7109K(153344K)
[2020-03-27T08:40:12.951+0000][1][gc,heap      ] GC(282) CMS: 130955K->130955K(353920K)
[2020-03-27T08:40:12.952+0000][1][gc,metaspace ] GC(282) Metaspace: 99136K->99136K(1140736K)
[2020-03-27T08:40:12.952+0000][1][gc           ] GC(282) Pause Young (Allocation Failure) 267M->134M(495M) 9.075ms
[2020-03-27T08:40:12.953+0000][1][gc,cpu       ] GC(282) User=0.01s Sys=0.00s Real=0.01s
[2020-03-27T08:40:12.953+0000][1][safepoint    ] Safepoint "GenCollectForAllocation", Time since last: 178317932 ns, Reaching safepoint: 178200 ns, At safepoint: 10272701 ns, Total: 10450901 ns
[2020-03-27T08:40:12.963+0000][1][safepoint    ] Safepoint "RevokeBias", Time since last: 9293802 ns, Reaching safepoint: 142900 ns, At safepoint: 16300 ns, Total: 159200 ns
[2020-03-27T08:40:12.964+0000][1][safepoint    ] Safepoint "BulkRevokeBias", Time since last: 776000 ns, Reaching safepoint: 105300 ns, At safepoint: 408700 ns, Total: 514000 ns
[2020-03-27T08:40:12.966+0000][1][safepoint    ] Safepoint "RevokeBias", Time since last: 1633001 ns, Reaching safepoint: 68600 ns, At safepoint: 23300 ns, Total: 91900 ns
[2020-03-27T08:40:12.967+0000][1][safepoint    ] Safepoint "BulkRevokeBias", Time since last: 922400 ns, Reaching safepoint: 170400 ns, At safepoint: 555900 ns, Total: 726300 ns
[2020-03-27T08:40:13.011+0000][1][safepoint    ] Safepoint "BulkRevokeBias", Time since last: 42760608 ns, Reaching safepoint: 129900 ns, At safepoint: 535800 ns, Total: 665700 ns
[2020-03-27T08:40:14.012+0000][1][safepoint    ] Safepoint "Cleanup", Time since last: 1000751078 ns, Reaching safepoint: 464800 ns, At safepoint: 81700 ns, Total: 546500 ns
[2020-03-27T08:40:15.015+0000][1][safepoint    ] Safepoint "Cleanup", Time since last: 1002709179 ns, Reaching safepoint: 327800 ns, At safepoint: 78100 ns, Total: 405900 ns
[2020-03-27T08:40:16.018+0000][1][safepoint    ] Safepoint "Cleanup", Time since last: 1002154485 ns, Reaching safepoint: 461700 ns, At safepoint: 83700 ns, Total: 545400 ns
[2020-03-27T08:40:17.021+0000][1][safepoint    ] Safepoint "Cleanup", Time since last: 1002370789 ns, Reaching safepoint: 414700 ns, At safepoint: 82200 ns, Total: 496900 ns
[2020-03-27T08:40:18.023+0000][1][safepoint    ] Safepoint "Cleanup", Time since last: 1001926688 ns, Reaching safepoint: 378400 ns, At safepoint: 85300 ns, Total: 463700 ns
[2020-03-27T08:40:18.173+0000][1][safepoint    ] Safepoint "RevokeBias", Time since last: 150094428 ns, Reaching safepoint: 96400 ns, At safepoint: 23900 ns, Total: 120300 ns
[2020-03-27T08:40:19.175+0000][1][safepoint    ] Safepoint "Cleanup", Time since last: 1001410289 ns, Reaching safepoint: 334600 ns, At safepoint: 88300 ns, Total: 422900 ns
[2020-03-27T08:40:20.177+0000][1][safepoint    ] Safepoint "Cleanup", Time since last: 1002137488 ns, Reaching safepoint: 113500 ns, At safepoint: 23700 ns, Total: 137200 ns
[2020-03-27T08:40:21.179+0000][1][safepoint    ] Safepoint "Cleanup", Time since last: 1001079888 ns, Reaching safepoint: 461200 ns, At safepoint: 85300 ns, Total: 546500 ns
[2020-03-27T08:40:22.182+0000][1][safepoint    ] Safepoint "Cleanup", Time since last: 1002261389 ns, Reaching safepoint: 423200 ns, At safepoint: 88600 ns, Total: 511800 ns
[2020-03-27T08:40:22.782+0000][1][safepoint    ] Safepoint "RevokeBias", Time since last: 599608112 ns, Reaching safepoint: 265500 ns, At safepoint: 16900 ns, Total: 282400 ns
[2020-03-27T08:40:23.783+0000][1][safepoint    ] Safepoint "Cleanup", Time since last: 1000912866 ns, Reaching safepoint: 326700 ns, At safepoint: 89200 ns, Total: 415900 ns
[2020-03-27T08:40:24.786+0000][1][safepoint    ] Safepoint "Cleanup", Time since last: 1002607630 ns, Reaching safepoint: 331800 ns, At safepoint: 89000 ns, Total: 420800 ns
[2020-03-27T08:40:25.789+0000][1][safepoint    ] Safepoint "Cleanup", Time since last: 1002380331 ns, Reaching safepoint: 411600 ns, At safepoint: 87700 ns, Total: 499300 ns
[2020-03-27T08:40:26.792+0000][1][safepoint    ] Safepoint "Cleanup", Time since last: 1002313130 ns, Reaching safepoint: 421800 ns, At safepoint: 82500 ns, Total: 504300 ns
[2020-03-27T08:40:27.795+0000][1][safepoint    ] Safepoint "Cleanup", Time since last: 1002300431 ns, Reaching safepoint: 397200 ns, At safepoint: 183100 ns, Total: 580300 ns
[2020-03-27T08:40:28.203+0000][1][safepoint    ] Safepoint "RevokeBias", Time since last: 408376653 ns, Reaching safepoint: 220900 ns, At safepoint: 16400 ns, Total: 237300 ns
[2020-03-27T08:40:29.205+0000][1][safepoint    ] Safepoint "Cleanup", Time since last: 1000722330 ns, Reaching safepoint: 443900 ns, At safepoint: 202900 ns, Total: 646800 ns
[2020-03-27T08:40:30.208+0000][1][safepoint    ] Safepoint "Cleanup", Time since last: 1002866430 ns, Reaching safepoint: 406401 ns, At safepoint: 84900 ns, Total: 491301 ns
[2020-03-27T08:40:31.210+0000][1][safepoint    ] Safepoint "Cleanup", Time since last: 1002143630 ns, Reaching safepoint: 139900 ns, At safepoint: 30000 ns, Total: 169900 ns
[2020-03-27T08:40:32.212+0000][1][safepoint    ] Safepoint "Cleanup", Time since last: 1001509717 ns, Reaching safepoint: 114500 ns, At safepoint: 20000 ns, Total: 134500 ns
[2020-03-27T08:40:32.795+0000][1][safepoint    ] Safepoint "RevokeBias", Time since last: 582529094 ns, Reaching safepoint: 463200 ns, At safepoint: 31400 ns, Total: 494600 ns
[2020-03-27T08:40:33.797+0000][1][safepoint    ] Safepoint "Cleanup", Time since last: 1001332089 ns, Reaching safepoint: 457100 ns, At safepoint: 84800 ns, Total: 541900 ns
[2020-03-27T08:40:34.799+0000][1][safepoint    ] Safepoint "Cleanup", Time since last: 1002063290 ns, Reaching safepoint: 323800 ns, At safepoint: 85500 ns, Total: 409300 ns
[2020-03-27T08:40:35.802+0000][1][safepoint    ] Safepoint "Cleanup", Time since last: 1002066689 ns, Reaching safepoint: 451700 ns, At safepoint: 81100 ns, Total: 532800 ns
[2020-03-27T08:40:36.805+0000][1][safepoint    ] Safepoint "Cleanup", Time since last: 1002253689 ns, Reaching safepoint: 326600 ns, At safepoint: 177500 ns, Total: 504100 ns
[2020-03-27T08:40:37.807+0000][1][safepoint    ] Safepoint "Cleanup", Time since last: 1001889490 ns, Reaching safepoint: 325700 ns, At safepoint: 86800 ns, Total: 412500 ns
[2020-03-27T08:40:38.159+0000][1][safepoint    ] Safepoint "RevokeBias", Time since last: 352172396 ns, Reaching safepoint: 98600 ns, At safepoint: 25000 ns, Total: 123600 ns
[2020-03-27T08:40:39.161+0000][1][safepoint    ] Safepoint "Cleanup", Time since last: 1001040389 ns, Reaching safepoint: 469000 ns, At safepoint: 82700 ns, Total: 551700 ns
[2020-03-27T08:40:40.163+0000][1][safepoint    ] Safepoint "Cleanup", Time since last: 1002165723 ns, Reaching safepoint: 327500 ns, At safepoint: 83800 ns, Total: 411300 ns
[2020-03-27T08:40:41.166+0000][1][safepoint    ] Safepoint "Cleanup", Time since last: 1002471435 ns, Reaching safepoint: 141100 ns, At safepoint: 32300 ns, Total: 173400 ns
[2020-03-27T08:40:42.000+0000][1][gc,start     ] GC(283) Pause Young (Allocation Failure)
[2020-03-27T08:40:42.001+0000][1][gc,task      ] GC(283) Using 2 workers of 2 for evacuation
[2020-03-27T08:40:42.006+0000][1][gc,age       ] GC(283) Desired survivor size 8716288 bytes, new threshold 1 (max threshold 6)
[2020-03-27T08:40:42.007+0000][1][gc,age       ] GC(283) Age table with threshold 1 (max threshold 6)
[2020-03-27T08:40:42.007+0000][1][gc,age       ] GC(283) - age   1:   13708448 bytes,   13708448 total
[2020-03-27T08:40:42.008+0000][1][gc,age       ] GC(283) - age   2:     861760 bytes,   14570208 total
[2020-03-27T08:40:42.008+0000][1][gc,age       ] GC(283) - age   3:     568136 bytes,   15138344 total
[2020-03-27T08:40:42.009+0000][1][gc,age       ] GC(283) - age   4:     558184 bytes,   15696528 total
[2020-03-27T08:40:42.009+0000][1][gc,heap      ] GC(283) ParNew: 143429K->17024K(153344K)
[2020-03-27T08:40:42.010+0000][1][gc,heap      ] GC(283) CMS: 130955K->130955K(353920K)
[2020-03-27T08:40:42.010+0000][1][gc,metaspace ] GC(283) Metaspace: 99137K->99137K(1140736K)
[2020-03-27T08:40:42.011+0000][1][gc           ] GC(283) Pause Young (Allocation Failure) 267M->144M(495M) 10.593ms
[2020-03-27T08:40:42.011+0000][1][gc,cpu       ] GC(283) User=0.01s Sys=0.00s Real=0.01s
[2020-03-27T08:40:42.012+0000][1][safepoint    ] Safepoint "GenCollectForAllocation", Time since last: 833916829 ns, Reaching safepoint: 121700 ns, At safepoint: 11604601 ns, Total: 11726301 ns
[2020-03-27T08:40:42.798+0000][1][safepoint    ] Safepoint "RevokeBias", Time since last: 782196527 ns, Reaching safepoint: 3946900 ns, At safepoint: 72900 ns, Total: 4019800 ns
[2020-03-27T08:40:43.366+0000][1][safepoint    ] Safepoint "RevokeBias", Time since last: 567878320 ns, Reaching safepoint: 342100 ns, At safepoint: 88700 ns, Total: 430800 ns
[2020-03-27T08:40:43.374+0000][1][safepoint    ] Safepoint "RevokeBias", Time since last: 7247100 ns, Reaching safepoint: 103600 ns, At safepoint: 22500 ns, Total: 126100 ns
[2020-03-27T08:40:43.982+0000][1][safepoint    ] Safepoint "RevokeBias", Time since last: 608515421 ns, Reaching safepoint: 248100 ns, At safepoint: 32500 ns, Total: 280600 ns
[2020-03-27T08:40:43.983+0000][1][safepoint    ] Safepoint "RevokeBias", Time since last: 497900 ns, Reaching safepoint: 199500 ns, At safepoint: 16300 ns, Total: 215800 ns
[2020-03-27T08:40:43.984+0000][1][safepoint    ] Safepoint "RevokeBias", Time since last: 606900 ns, Reaching safepoint: 74300 ns, At safepoint: 22200 ns, Total: 96500 ns
[2020-03-27T08:40:43.986+0000][1][safepoint    ] Safepoint "RevokeBias", Time since last: 1703300 ns, Reaching safepoint: 67200 ns, At safepoint: 12900 ns, Total: 80100 ns
[2020-03-27T08:40:43.986+0000][1][safepoint    ] Safepoint "RevokeBias", Time since last: 401000 ns, Reaching safepoint: 161500 ns, At safepoint: 13400 ns, Total: 174900 ns
[2020-03-27T08:40:44.028+0000][1][safepoint    ] Safepoint "RevokeBias", Time since last: 41612102 ns, Reaching safepoint: 163100 ns, At safepoint: 30100 ns, Total: 193200 ns
[2020-03-27T08:40:44.106+0000][1][safepoint    ] Safepoint "RevokeBias", Time since last: 78028002 ns, Reaching safepoint: 186300 ns, At safepoint: 40900 ns, Total: 227200 ns
[2020-03-27T08:40:44.114+0000][1][safepoint    ] Safepoint "RevokeBias", Time since last: 7719901 ns, Reaching safepoint: 372500 ns, At safepoint: 16500 ns, Total: 389000 ns
[2020-03-27T08:40:44.135+0000][1][safepoint    ] Safepoint "RevokeBias", Time since last: 16718300 ns, Reaching safepoint: 3958800 ns, At safepoint: 88700 ns, Total: 4047500 ns
[2020-03-27T08:40:44.166+0000][1][safepoint    ] Safepoint "RevokeBias", Time since last: 30510601 ns, Reaching safepoint: 234000 ns, At safepoint: 44400 ns, Total: 278400 ns
[2020-03-27T08:40:44.167+0000][1][safepoint    ] Safepoint "RevokeBias", Time since last: 1126800 ns, Reaching safepoint: 130800 ns, At safepoint: 13100 ns, Total: 143900 ns
[2020-03-27T08:40:44.169+0000][1][safepoint    ] Safepoint "RevokeBias", Time since last: 1484201 ns, Reaching safepoint: 115600 ns, At safepoint: 41200 ns, Total: 156800 ns
[2020-03-27T08:40:44.171+0000][1][safepoint    ] Safepoint "RevokeBias", Time since last: 1832700 ns, Reaching safepoint: 196900 ns, At safepoint: 15100 ns, Total: 212000 ns
[2020-03-27T08:40:44.221+0000][1][safepoint    ] Safepoint "RevokeBias", Time since last: 49474601 ns, Reaching safepoint: 199600 ns, At safepoint: 20800 ns, Total: 220400 ns
[2020-03-27T08:40:44.285+0000][1][safepoint    ] Safepoint "RevokeBias", Time since last: 63772203 ns, Reaching safepoint: 236400 ns, At safepoint: 30900 ns, Total: 267300 ns
[2020-03-27T08:40:44.285+0000][1][safepoint    ] Safepoint "RevokeBias", Time since last: 649600 ns, Reaching safepoint: 167000 ns, At safepoint: 23600 ns, Total: 190600 ns
[2020-03-27T08:40:44.287+0000][1][safepoint    ] Safepoint "RevokeBias", Time since last: 1904200 ns, Reaching safepoint: 69600 ns, At safepoint: 23000 ns, Total: 92600 ns
[2020-03-27T08:40:44.289+0000][1][safepoint    ] Safepoint "RevokeBias", Time since last: 997700 ns, Reaching safepoint: 90300 ns, At safepoint: 12700 ns, Total: 103000 ns
[2020-03-27T08:40:44.305+0000][1][gc,start     ] GC(284) Pause Young (Allocation Failure)
[2020-03-27T08:40:44.306+0000][1][gc,task      ] GC(284) Using 2 workers of 2 for evacuation
[2020-03-27T08:40:44.312+0000][1][gc,age       ] GC(284) Desired survivor size 8716288 bytes, new threshold 6 (max threshold 6)
[2020-03-27T08:40:44.312+0000][1][gc,age       ] GC(284) Age table with threshold 6 (max threshold 6)
[2020-03-27T08:40:44.313+0000][1][gc,age       ] GC(284) - age   1:    3594184 bytes,    3594184 total
[2020-03-27T08:40:44.313+0000][1][gc,heap      ] GC(284) ParNew: 153132K->12614K(153344K)
[2020-03-27T08:40:44.314+0000][1][gc,heap      ] GC(284) CMS: 130955K->132687K(353920K)
[2020-03-27T08:40:44.315+0000][1][gc,metaspace ] GC(284) Metaspace: 99371K->99371K(1140736K)
[2020-03-27T08:40:44.315+0000][1][gc           ] GC(284) Pause Young (Allocation Failure) 277M->141M(495M) 9.931ms
[2020-03-27T08:40:44.316+0000][1][gc,cpu       ] GC(284) User=0.01s Sys=0.00s Real=0.02s
[2020-03-27T08:40:44.316+0000][1][safepoint    ] Safepoint "GenCollectForAllocation", Time since last: 16621300 ns, Reaching safepoint: 118600 ns, At safepoint: 10726801 ns, Total: 10845401 ns
[2020-03-27T08:40:44.471+0000][1][safepoint    ] Safepoint "RevokeBias", Time since last: 155311105 ns, Reaching safepoint: 124300 ns, At safepoint: 43000 ns, Total: 167300 ns
[2020-03-27T08:40:44.472+0000][1][safepoint    ] Safepoint "RevokeBias", Time since last: 256100 ns, Reaching safepoint: 185600 ns, At safepoint: 43700 ns, Total: 229300 ns
[2020-03-27T08:40:44.472+0000][1][safepoint    ] Safepoint "RevokeBias", Time since last: 247000 ns, Reaching safepoint: 65000 ns, At safepoint: 21200 ns, Total: 86200 ns
[2020-03-27T08:40:44.473+0000][1][safepoint    ] Safepoint "RevokeBias", Time since last: 269600 ns, Reaching safepoint: 75600 ns, At safepoint: 31100 ns, Total: 106700 ns
[2020-03-27T08:40:44.473+0000][1][safepoint    ] Safepoint "RevokeBias", Time since last: 439100 ns, Reaching safepoint: 79600 ns, At safepoint: 35900 ns, Total: 115500 ns
[2020-03-27T08:40:44.474+0000][1][safepoint    ] Safepoint "RevokeBias", Time since last: 404500 ns, Reaching safepoint: 58400 ns, At safepoint: 18500 ns, Total: 76900 ns
[2020-03-27T08:40:44.474+0000][1][safepoint    ] Safepoint "RevokeBias", Time since last: 551200 ns, Reaching safepoint: 77900 ns, At safepoint: 33700 ns, Total: 111600 ns
[2020-03-27T08:40:44.475+0000][1][safepoint    ] Safepoint "RevokeBias", Time since last: 322600 ns, Reaching safepoint: 72600 ns, At safepoint: 21500 ns, Total: 94100 ns
[2020-03-27T08:40:44.475+0000][1][safepoint    ] Safepoint "RevokeBias", Time since last: 588600 ns, Reaching safepoint: 69700 ns, At safepoint: 12400 ns, Total: 82100 ns
[2020-03-27T08:40:45.137+0000][1][safepoint    ] Safepoint "RevokeBias", Time since last: 661463523 ns, Reaching safepoint: 350300 ns, At safepoint: 93400 ns, Total: 443700 ns
[2020-03-27T08:40:45.148+0000][1][safepoint    ] Safepoint "BulkRevokeBias", Time since last: 8566300 ns, Reaching safepoint: 376101 ns, At safepoint: 2053000 ns, Total: 2429101 ns
[2020-03-27T08:40:45.527+0000][1][safepoint    ] Safepoint "RevokeBias", Time since last: 378598013 ns, Reaching safepoint: 178400 ns, At safepoint: 19000 ns, Total: 197400 ns
[2020-03-27T08:40:45.528+0000][1][safepoint    ] Safepoint "RevokeBias", Time since last: 623700 ns, Reaching safepoint: 79800 ns, At safepoint: 22800 ns, Total: 102600 ns
[2020-03-27T08:40:45.529+0000][1][safepoint    ] Safepoint "RevokeBias", Time since last: 1258500 ns, Reaching safepoint: 158700 ns, At safepoint: 13600 ns, Total: 172300 ns
[2020-03-27T08:40:45.532+0000][1][safepoint    ] Safepoint "RevokeBias", Time since last: 2409200 ns, Reaching safepoint: 99600 ns, At safepoint: 13900 ns, Total: 113500 ns
[2020-03-27T08:40:45.593+0000][1][safepoint    ] Safepoint "RevokeBias", Time since last: 60774702 ns, Reaching safepoint: 116300 ns, At safepoint: 31300 ns, Total: 147600 ns
[2020-03-27T08:40:46.594+0000][1][safepoint    ] Safepoint "Cleanup", Time since last: 1000661135 ns, Reaching safepoint: 185700 ns, At safepoint: 22300 ns, Total: 208000 ns
[2020-03-27T08:40:47.595+0000][1][safepoint    ] Safepoint "Cleanup", Time since last: 1000779092 ns, Reaching safepoint: 466900 ns, At safepoint: 77900 ns, Total: 544800 ns
[2020-03-27T08:40:48.184+0000][1][safepoint    ] Safepoint "RevokeBias", Time since last: 589141656 ns, Reaching safepoint: 99800 ns, At safepoint: 24300 ns, Total: 124100 ns
[2020-03-27T08:40:48.291+0000][1][gc,start     ] GC(285) Pause Young (Allocation Failure)
[2020-03-27T08:40:48.292+0000][1][gc,task      ] GC(285) Using 2 workers of 2 for evacuation
[2020-03-27T08:40:48.298+0000][1][gc,age       ] GC(285) Desired survivor size 8716288 bytes, new threshold 2 (max threshold 6)
[2020-03-27T08:40:48.298+0000][1][gc,age       ] GC(285) Age table with threshold 2 (max threshold 6)
[2020-03-27T08:40:48.300+0000][1][gc,age       ] GC(285) - age   1:    8681480 bytes,    8681480 total
[2020-03-27T08:40:48.300+0000][1][gc,age       ] GC(285) - age   2:     366208 bytes,    9047688 total
[2020-03-27T08:40:48.301+0000][1][gc,heap      ] GC(285) ParNew: 148786K->12093K(153344K)
[2020-03-27T08:40:48.301+0000][1][gc,heap      ] GC(285) CMS: 132687K->132687K(353920K)
[2020-03-27T08:40:48.302+0000][1][gc,metaspace ] GC(285) Metaspace: 99372K->99372K(1140736K)
[2020-03-27T08:40:48.302+0000][1][gc           ] GC(285) Pause Young (Allocation Failure) 274M->141M(495M) 11.192ms
[2020-03-27T08:40:48.303+0000][1][gc,cpu       ] GC(285) User=0.01s Sys=0.00s Real=0.01s
[2020-03-27T08:40:48.303+0000][1][safepoint    ] Safepoint "GenCollectForAllocation", Time since last: 106050474 ns, Reaching safepoint: 691099 ns, At safepoint: 12067497 ns, Total: 12758596 ns
[2020-03-27T08:40:48.319+0000][1][safepoint    ] Safepoint "RevokeBias", Time since last: 15710997 ns, Reaching safepoint: 103900 ns, At safepoint: 18800 ns, Total: 122700 ns
[2020-03-27T08:40:48.321+0000][1][safepoint    ] Safepoint "RevokeBias", Time since last: 2020799 ns, Reaching safepoint: 104500 ns, At safepoint: 17600 ns, Total: 122100 ns
[2020-03-27T08:40:48.323+0000][1][safepoint    ] Safepoint "RevokeBias", Time since last: 1315700 ns, Reaching safepoint: 286700 ns, At safepoint: 12600 ns, Total: 299300 ns
[2020-03-27T08:40:48.324+0000][1][safepoint    ] Safepoint "RevokeBias", Time since last: 1321799 ns, Reaching safepoint: 98200 ns, At safepoint: 13400 ns, Total: 111600 ns
[2020-03-27T08:40:48.366+0000][1][safepoint    ] Safepoint "RevokeBias", Time since last: 42231890 ns, Reaching safepoint: 117800 ns, At safepoint: 30700 ns, Total: 148500 ns
[2020-03-27T08:40:49.368+0000][1][safepoint    ] Safepoint "Cleanup", Time since last: 1001006055 ns, Reaching safepoint: 463500 ns, At safepoint: 79500 ns, Total: 543000 ns
[2020-03-27T08:40:50.372+0000][1][safepoint    ] Safepoint "Cleanup", Time since last: 1002359154 ns, Reaching safepoint: 1605200 ns, At safepoint: 84800 ns, Total: 1690000 ns
[2020-03-27T08:40:51.374+0000][1][safepoint    ] Safepoint "Cleanup", Time since last: 1002036155 ns, Reaching safepoint: 98100 ns, At safepoint: 18700 ns, Total: 116800 ns
[2020-03-27T08:40:52.375+0000][1][safepoint    ] Safepoint "Cleanup", Time since last: 1000867654 ns, Reaching safepoint: 328900 ns, At safepoint: 27200 ns, Total: 356100 ns
[2020-03-27T08:40:52.825+0000][1][safepoint    ] Safepoint "RevokeBias", Time since last: 448746891 ns, Reaching safepoint: 251999 ns, At safepoint: 120100 ns, Total: 372099 ns
[2020-03-27T08:40:53.459+0000][1][safepoint    ] Safepoint "RevokeBias", Time since last: 634081845 ns, Reaching safepoint: 128600 ns, At safepoint: 22500 ns, Total: 151100 ns
[2020-03-27T08:40:53.460+0000][1][safepoint    ] Safepoint "RevokeBias", Time since last: 858100 ns, Reaching safepoint: 77000 ns, At safepoint: 11800 ns, Total: 88800 ns
[2020-03-27T08:40:53.461+0000][1][safepoint    ] Safepoint "RevokeBias", Time since last: 1414600 ns, Reaching safepoint: 80000 ns, At safepoint: 20700 ns, Total: 100700 ns
[2020-03-27T08:40:53.462+0000][1][safepoint    ] Safepoint "RevokeBias", Time since last: 917499 ns, Reaching safepoint: 63900 ns, At safepoint: 23000 ns, Total: 86900 ns
[2020-03-27T08:40:53.502+0000][1][safepoint    ] Safepoint "RevokeBias", Time since last: 39830791 ns, Reaching safepoint: 121500 ns, At safepoint: 29900 ns, Total: 151400 ns
[2020-03-27T08:40:54.503+0000][1][safepoint    ] Safepoint "Cleanup", Time since last: 1000704955 ns, Reaching safepoint: 324799 ns, At safepoint: 82900 ns, Total: 407699 ns
[2020-03-27T08:40:55.506+0000][1][safepoint    ] Safepoint "Cleanup", Time since last: 1002363264 ns, Reaching safepoint: 326000 ns, At safepoint: 83400 ns, Total: 409400 ns
[2020-03-27T08:40:56.509+0000][1][safepoint    ] Safepoint "Cleanup", Time since last: 1002210657 ns, Reaching safepoint: 414600 ns, At safepoint: 19900 ns, Total: 434500 ns
[2020-03-27T08:40:57.511+0000][1][safepoint    ] Safepoint "Cleanup", Time since last: 1001626456 ns, Reaching safepoint: 411200 ns, At safepoint: 122700 ns, Total: 533900 ns
[2020-03-27T08:40:58.206+0000][1][safepoint    ] Safepoint "RevokeBias", Time since last: 694436770 ns, Reaching safepoint: 236900 ns, At safepoint: 26200 ns, Total: 263100 ns
[2020-03-27T08:40:58.444+0000][1][gc,start     ] GC(286) Pause Young (Allocation Failure)
[2020-03-27T08:40:58.445+0000][1][gc,task      ] GC(286) Using 2 workers of 2 for evacuation
[2020-03-27T08:40:58.459+0000][1][gc,age       ] GC(286) Desired survivor size 8716288 bytes, new threshold 1 (max threshold 6)
[2020-03-27T08:40:58.459+0000][1][gc,age       ] GC(286) Age table with threshold 1 (max threshold 6)
[2020-03-27T08:40:58.460+0000][1][gc,age       ] GC(286) - age   1:    9798904 bytes,    9798904 total
[2020-03-27T08:40:58.461+0000][1][gc,age       ] GC(286) - age   2:     501408 bytes,   10300312 total
[2020-03-27T08:40:58.461+0000][1][gc,heap      ] GC(286) ParNew: 148413K->15220K(153344K)
[2020-03-27T08:40:58.462+0000][1][gc,heap      ] GC(286) CMS: 132687K->133049K(353920K)
[2020-03-27T08:40:58.462+0000][1][gc,metaspace ] GC(286) Metaspace: 99377K->99377K(1140736K)
[2020-03-27T08:40:58.463+0000][1][gc           ] GC(286) Pause Young (Allocation Failure) 274M->144M(495M) 19.087ms
[2020-03-27T08:40:58.463+0000][1][gc,cpu       ] GC(286) User=0.01s Sys=0.00s Real=0.02s
[2020-03-27T08:40:58.463+0000][1][safepoint    ] Safepoint "GenCollectForAllocation", Time since last: 237578589 ns, Reaching safepoint: 374000 ns, At safepoint: 19914200 ns, Total: 20288200 ns
[2020-03-27T08:40:58.479+0000][1][safepoint    ] Safepoint "RevokeBias", Time since last: 15044799 ns, Reaching safepoint: 165900 ns, At safepoint: 35200 ns, Total: 201100 ns
[2020-03-27T08:40:58.480+0000][1][safepoint    ] Safepoint "RevokeBias", Time since last: 988300 ns, Reaching safepoint: 76500 ns, At safepoint: 30100 ns, Total: 106600 ns
[2020-03-27T08:40:58.481+0000][1][safepoint    ] Safepoint "RevokeBias", Time since last: 1510300 ns, Reaching safepoint: 68400 ns, At safepoint: 22800 ns, Total: 91200 ns
[2020-03-27T08:40:58.483+0000][1][safepoint    ] Safepoint "RevokeBias", Time since last: 1058200 ns, Reaching safepoint: 153600 ns, At safepoint: 14700 ns, Total: 168300 ns
[2020-03-27T08:40:58.528+0000][1][safepoint    ] Safepoint "RevokeBias", Time since last: 45428998 ns, Reaching safepoint: 114600 ns, At safepoint: 25100 ns, Total: 139700 ns
[2020-03-27T08:40:59.530+0000][1][safepoint    ] Safepoint "Cleanup", Time since last: 1001133456 ns, Reaching safepoint: 413700 ns, At safepoint: 82900 ns, Total: 496600 ns
[2020-03-27T08:41:00.533+0000][1][safepoint    ] Safepoint "Cleanup", Time since last: 1002141257 ns, Reaching safepoint: 433600 ns, At safepoint: 166800 ns, Total: 600400 ns
[2020-03-27T08:41:01.535+0000][1][safepoint    ] Safepoint "Cleanup", Time since last: 1001981756 ns, Reaching safepoint: 95100 ns, At safepoint: 16500 ns, Total: 111600 ns
[2020-03-27T08:41:02.536+0000][1][safepoint    ] Safepoint "Cleanup", Time since last: 1001208757 ns, Reaching safepoint: 327600 ns, At safepoint: 87400 ns, Total: 415000 ns
[2020-03-27T08:41:02.837+0000][1][safepoint    ] Safepoint "RevokeBias", Time since last: 300156987 ns, Reaching safepoint: 206100 ns, At safepoint: 31000 ns, Total: 237100 ns
[2020-03-27T08:41:03.627+0000][1][safepoint    ] Safepoint "RevokeBias", Time since last: 790507277 ns, Reaching safepoint: 156100 ns, At safepoint: 28100 ns, Total: 184200 ns
[2020-03-27T08:41:03.629+0000][1][safepoint    ] Safepoint "RevokeBias", Time since last: 1130500 ns, Reaching safepoint: 76300 ns, At safepoint: 29300 ns, Total: 105600 ns
[2020-03-27T08:41:03.630+0000][1][safepoint    ] Safepoint "RevokeBias", Time since last: 1528300 ns, Reaching safepoint: 67100 ns, At safepoint: 13000 ns, Total: 80100 ns
[2020-03-27T08:41:03.631+0000][1][safepoint    ] Safepoint "RevokeBias", Time since last: 985000 ns, Reaching safepoint: 68900 ns, At safepoint: 22500 ns, Total: 91400 ns
[2020-03-27T08:41:03.673+0000][1][safepoint    ] Safepoint "RevokeBias", Time since last: 41736101 ns, Reaching safepoint: 138800 ns, At safepoint: 21900 ns, Total: 160700 ns
[2020-03-27T08:41:03.700+0000][1][safepoint    ] Safepoint "BulkRevokeBias", Time since last: 26410901 ns, Reaching safepoint: 182700 ns, At safepoint: 405400 ns, Total: 588100 ns
[2020-03-27T08:41:04.702+0000][1][safepoint    ] Safepoint "Cleanup", Time since last: 1000875934 ns, Reaching safepoint: 328400 ns, At safepoint: 181400 ns, Total: 509800 ns
[2020-03-27T08:41:05.704+0000][1][safepoint    ] Safepoint "Cleanup", Time since last: 1002197233 ns, Reaching safepoint: 325800 ns, At safepoint: 89900 ns, Total: 415700 ns
[2020-03-27T08:41:06.707+0000][1][safepoint    ] Safepoint "Cleanup", Time since last: 1002188934 ns, Reaching safepoint: 411400 ns, At safepoint: 84300 ns, Total: 495700 ns
[2020-03-27T08:41:07.710+0000][1][safepoint    ] Safepoint "Cleanup", Time since last: 1002140133 ns, Reaching safepoint: 327700 ns, At safepoint: 228900 ns, Total: 556600 ns
[2020-03-27T08:41:08.169+0000][1][safepoint    ] Safepoint "RevokeBias", Time since last: 459655716 ns, Reaching safepoint: 95900 ns, At safepoint: 33900 ns, Total: 129800 ns
[2020-03-27T08:41:08.607+0000][1][gc,start     ] GC(287) Pause Young (Allocation Failure)
[2020-03-27T08:41:08.608+0000][1][gc,task      ] GC(287) Using 2 workers of 2 for evacuation
[2020-03-27T08:41:08.616+0000][1][gc,age       ] GC(287) Desired survivor size 8716288 bytes, new threshold 6 (max threshold 6)
[2020-03-27T08:41:08.616+0000][1][gc,age       ] GC(287) Age table with threshold 6 (max threshold 6)
[2020-03-27T08:41:08.617+0000][1][gc,age       ] GC(287) - age   1:    8000984 bytes,    8000984 total
[2020-03-27T08:41:08.617+0000][1][gc,heap      ] GC(287) ParNew: 151540K->14170K(153344K)
[2020-03-27T08:41:08.618+0000][1][gc,heap      ] GC(287) CMS: 133049K->134129K(353920K)
[2020-03-27T08:41:08.618+0000][1][gc,metaspace ] GC(287) Metaspace: 99389K->99389K(1140736K)
[2020-03-27T08:41:08.619+0000][1][gc           ] GC(287) Pause Young (Allocation Failure) 277M->144M(495M) 11.670ms
[2020-03-27T08:41:08.619+0000][1][gc,cpu       ] GC(287) User=0.01s Sys=0.00s Real=0.01s
[2020-03-27T08:41:08.620+0000][1][safepoint    ] Safepoint "GenCollectForAllocation", Time since last: 437143214 ns, Reaching safepoint: 390600 ns, At safepoint: 12708701 ns, Total: 13099301 ns
[2020-03-27T08:41:08.631+0000][1][safepoint    ] Safepoint "RevokeBias", Time since last: 11469800 ns, Reaching safepoint: 288400 ns, At safepoint: 33600 ns, Total: 322000 ns
[2020-03-27T08:41:08.632+0000][1][safepoint    ] Safepoint "RevokeBias", Time since last: 745000 ns, Reaching safepoint: 99300 ns, At safepoint: 22000 ns, Total: 121300 ns
[2020-03-27T08:41:08.634+0000][1][safepoint    ] Safepoint "RevokeBias", Time since last: 1698000 ns, Reaching safepoint: 99600 ns, At safepoint: 24300 ns, Total: 123900 ns
[2020-03-27T08:41:08.635+0000][1][safepoint    ] Safepoint "RevokeBias", Time since last: 687100 ns, Reaching safepoint: 76700 ns, At safepoint: 22200 ns, Total: 98900 ns
[2020-03-27T08:41:08.681+0000][1][safepoint    ] Safepoint "RevokeBias", Time since last: 46012402 ns, Reaching safepoint: 99200 ns, At safepoint: 33100 ns, Total: 132300 ns
[2020-03-27T08:41:09.682+0000][1][safepoint    ] Safepoint "Cleanup", Time since last: 1000801133 ns, Reaching safepoint: 331100 ns, At safepoint: 85400 ns, Total: 416500 ns
[2020-03-27T08:41:10.685+0000][1][safepoint    ] Safepoint "Cleanup", Time since last: 1002392234 ns, Reaching safepoint: 327600 ns, At safepoint: 87700 ns, Total: 415300 ns
[2020-03-27T08:41:11.688+0000][1][safepoint    ] Safepoint "Cleanup", Time since last: 1002647231 ns, Reaching safepoint: 249100 ns, At safepoint: 62700 ns, Total: 311800 ns
[2020-03-27T08:41:12.690+0000][1][safepoint    ] Safepoint "Cleanup", Time since last: 1001848319 ns, Reaching safepoint: 329600 ns, At safepoint: 88200 ns, Total: 417800 ns
[2020-03-27T08:41:12.884+0000][1][safepoint    ] Safepoint "RevokeBias", Time since last: 193995004 ns, Reaching safepoint: 149900 ns, At safepoint: 68300 ns, Total: 218200 ns
[2020-03-27T08:41:13.792+0000][1][safepoint    ] Safepoint "RevokeBias", Time since last: 906826218 ns, Reaching safepoint: 263600 ns, At safepoint: 37400 ns, Total: 301000 ns
[2020-03-27T08:41:13.793+0000][1][safepoint    ] Safepoint "BulkRevokeBias", Time since last: 714200 ns, Reaching safepoint: 119100 ns, At safepoint: 491500 ns, Total: 610600 ns
[2020-03-27T08:41:13.795+0000][1][safepoint    ] Safepoint "RevokeBias", Time since last: 2345900 ns, Reaching safepoint: 183100 ns, At safepoint: 15400 ns, Total: 198500 ns
[2020-03-27T08:41:13.797+0000][1][safepoint    ] Safepoint "BulkRevokeBias", Time since last: 755200 ns, Reaching safepoint: 66900 ns, At safepoint: 529400 ns, Total: 596300 ns
[2020-03-27T08:41:13.841+0000][1][safepoint    ] Safepoint "RevokeBias", Time since last: 44231201 ns, Reaching safepoint: 96100 ns, At safepoint: 26100 ns, Total: 122200 ns
[2020-03-27T08:41:14.843+0000][1][safepoint    ] Safepoint "Cleanup", Time since last: 1000944520 ns, Reaching safepoint: 518200 ns, At safepoint: 29300 ns, Total: 547500 ns
[2020-03-27T08:41:15.845+0000][1][safepoint    ] Safepoint "Cleanup", Time since last: 1001760020 ns, Reaching safepoint: 445000 ns, At safepoint: 81800 ns, Total: 526800 ns
[2020-03-27T08:41:16.848+0000][1][safepoint    ] Safepoint "Cleanup", Time since last: 1002943620 ns, Reaching safepoint: 379200 ns, At safepoint: 83200 ns, Total: 462400 ns
[2020-03-27T08:41:17.851+0000][1][safepoint    ] Safepoint "Cleanup", Time since last: 1002280319 ns, Reaching safepoint: 326000 ns, At safepoint: 85700 ns, Total: 411700 ns
[2020-03-27T08:41:18.189+0000][1][safepoint    ] Safepoint "RevokeBias", Time since last: 337717907 ns, Reaching safepoint: 101700 ns, At safepoint: 25200 ns, Total: 126900 ns
[2020-03-27T08:41:18.200+0000][1][gc,start     ] GC(288) Pause Young (Allocation Failure)
[2020-03-27T08:41:18.200+0000][1][gc,task      ] GC(288) Using 2 workers of 2 for evacuation
[2020-03-27T08:41:18.205+0000][1][gc,age       ] GC(288) Desired survivor size 8716288 bytes, new threshold 1 (max threshold 6)
[2020-03-27T08:41:18.206+0000][1][gc,age       ] GC(288) Age table with threshold 1 (max threshold 6)
[2020-03-27T08:41:18.206+0000][1][gc,age       ] GC(288) - age   1:    9497784 bytes,    9497784 total
[2020-03-27T08:41:18.207+0000][1][gc,age       ] GC(288) - age   2:     567032 bytes,   10064816 total
[2020-03-27T08:41:18.208+0000][1][gc,heap      ] GC(288) ParNew: 150490K->13229K(153344K)
[2020-03-27T08:41:18.208+0000][1][gc,heap      ] GC(288) CMS: 134129K->134129K(353920K)
[2020-03-27T08:41:18.209+0000][1][gc,metaspace ] GC(288) Metaspace: 99411K->99411K(1140736K)
[2020-03-27T08:41:18.210+0000][1][gc           ] GC(288) Pause Young (Allocation Failure) 277M->143M(495M) 9.678ms
[2020-03-27T08:41:18.210+0000][1][gc,cpu       ] GC(288) User=0.01s Sys=0.00s Real=0.01s
[2020-03-27T08:41:18.211+0000][1][safepoint    ] Safepoint "GenCollectForAllocation", Time since last: 10797400 ns, Reaching safepoint: 157000 ns, At safepoint: 10874901 ns, Total: 11031901 ns
[2020-03-27T08:41:19.212+0000][1][safepoint    ] Safepoint "Cleanup", Time since last: 1000982119 ns, Reaching safepoint: 332200 ns, At safepoint: 83700 ns, Total: 415900 ns
[2020-03-27T08:41:20.215+0000][1][safepoint    ] Safepoint "Cleanup", Time since last: 1002191428 ns, Reaching safepoint: 465700 ns, At safepoint: 78199 ns, Total: 543899 ns
[2020-03-27T08:41:21.218+0000][1][safepoint    ] Safepoint "Cleanup", Time since last: 1002493843 ns, Reaching safepoint: 185200 ns, At safepoint: 26500 ns, Total: 211700 ns
[2020-03-27T08:41:22.219+0000][1][safepoint    ] Safepoint "Cleanup", Time since last: 1001039444 ns, Reaching safepoint: 114900 ns, At safepoint: 22600 ns, Total: 137500 ns
[2020-03-27T08:41:22.831+0000][1][safepoint    ] Safepoint "RevokeBias", Time since last: 611620843 ns, Reaching safepoint: 183900 ns, At safepoint: 21700 ns, Total: 205600 ns
[2020-03-27T08:41:23.831+0000][1][safepoint    ] Safepoint "Cleanup", Time since last: 1000669343 ns, Reaching safepoint: 113700 ns, At safepoint: 17300 ns, Total: 131000 ns
[2020-03-27T08:41:24.832+0000][1][safepoint    ] Safepoint "Cleanup", Time since last: 1000690843 ns, Reaching safepoint: 133400 ns, At safepoint: 28200 ns, Total: 161600 ns
[2020-03-27T08:41:25.834+0000][1][safepoint    ] Safepoint "Cleanup", Time since last: 1000910144 ns, Reaching safepoint: 326499 ns, At safepoint: 166100 ns, Total: 492599 ns
[2020-03-27T08:41:26.836+0000][1][safepoint    ] Safepoint "Cleanup", Time since last: 1001741644 ns, Reaching safepoint: 406199 ns, At safepoint: 83000 ns, Total: 489199 ns
[2020-03-27T08:41:27.839+0000][1][safepoint    ] Safepoint "Cleanup", Time since last: 1002386890 ns, Reaching safepoint: 540200 ns, At safepoint: 86900 ns, Total: 627100 ns
[2020-03-27T08:41:28.204+0000][1][safepoint    ] Safepoint "RevokeBias", Time since last: 365271542 ns, Reaching safepoint: 95100 ns, At safepoint: 24000 ns, Total: 119100 ns
[2020-03-27T08:41:29.205+0000][1][safepoint    ] Safepoint "Cleanup", Time since last: 1000843968 ns, Reaching safepoint: 105200 ns, At safepoint: 4800 ns, Total: 110000 ns
[2020-03-27T08:41:30.207+0000][1][safepoint    ] Safepoint "Cleanup", Time since last: 1001688867 ns, Reaching safepoint: 422100 ns, At safepoint: 35400 ns, Total: 457500 ns
[2020-03-27T08:41:31.210+0000][1][safepoint    ] Safepoint "Cleanup", Time since last: 1002408766 ns, Reaching safepoint: 474500 ns, At safepoint: 74300 ns, Total: 548800 ns
[2020-03-27T08:41:32.213+0000][1][safepoint    ] Safepoint "Cleanup", Time since last: 1002142767 ns, Reaching safepoint: 409500 ns, At safepoint: 83200 ns, Total: 492700 ns
[2020-03-27T08:41:32.850+0000][1][safepoint    ] Safepoint "RevokeBias", Time since last: 636322325 ns, Reaching safepoint: 655600 ns, At safepoint: 179600 ns, Total: 835200 ns
[2020-03-27T08:41:33.851+0000][1][safepoint    ] Safepoint "Cleanup", Time since last: 1000807367 ns, Reaching safepoint: 330900 ns, At safepoint: 84800 ns, Total: 415700 ns
[2020-03-27T08:41:34.854+0000][1][safepoint    ] Safepoint "Cleanup", Time since last: 1002006167 ns, Reaching safepoint: 395600 ns, At safepoint: 83500 ns, Total: 479100 ns
[2020-03-27T08:41:35.856+0000][1][safepoint    ] Safepoint "Cleanup", Time since last: 1002155525 ns, Reaching safepoint: 420600 ns, At safepoint: 73200 ns, Total: 493800 ns
[2020-03-27T08:41:36.859+0000][1][safepoint    ] Safepoint "Cleanup", Time since last: 1002151959 ns, Reaching safepoint: 325100 ns, At safepoint: 85600 ns, Total: 410700 ns
[2020-03-27T08:41:37.862+0000][1][safepoint    ] Safepoint "Cleanup", Time since last: 1002265559 ns, Reaching safepoint: 417100 ns, At safepoint: 36000 ns, Total: 453100 ns
[2020-03-27T08:41:38.181+0000][1][safepoint    ] Safepoint "RevokeBias", Time since last: 319161823 ns, Reaching safepoint: 112400 ns, At safepoint: 30100 ns, Total: 142500 ns
[2020-03-27T08:41:39.182+0000][1][safepoint    ] Safepoint "Cleanup", Time since last: 1000777260 ns, Reaching safepoint: 104000 ns, At safepoint: 16200 ns, Total: 120200 ns
[2020-03-27T08:41:40.184+0000][1][safepoint    ] Safepoint "Cleanup", Time since last: 1001148259 ns, Reaching safepoint: 369300 ns, At safepoint: 173800 ns, Total: 543100 ns
[2020-03-27T08:41:41.186+0000][1][safepoint    ] Safepoint "Cleanup", Time since last: 1002235459 ns, Reaching safepoint: 327200 ns, At safepoint: 82700 ns, Total: 409900 ns
[2020-03-27T08:41:42.189+0000][1][safepoint    ] Safepoint "Cleanup", Time since last: 1002251459 ns, Reaching safepoint: 330000 ns, At safepoint: 83900 ns, Total: 413900 ns
[2020-03-27T08:41:42.864+0000][1][safepoint    ] Safepoint "RevokeBias", Time since last: 674034238 ns, Reaching safepoint: 894200 ns, At safepoint: 67100 ns, Total: 961300 ns
[2020-03-27T08:41:43.440+0000][1][safepoint    ] Safepoint "RevokeBias", Time since last: 575781862 ns, Reaching safepoint: 202900 ns, At safepoint: 31600 ns, Total: 234500 ns
[2020-03-27T08:41:43.774+0000][1][gc,start     ] GC(289) Pause Young (Allocation Failure)
[2020-03-27T08:41:43.774+0000][1][gc,task      ] GC(289) Using 2 workers of 2 for evacuation
[2020-03-27T08:41:43.780+0000][1][gc,age       ] GC(289) Desired survivor size 8716288 bytes, new threshold 6 (max threshold 6)
[2020-03-27T08:41:43.781+0000][1][gc,age       ] GC(289) Age table with threshold 6 (max threshold 6)
[2020-03-27T08:41:43.782+0000][1][gc,age       ] GC(289) - age   1:    5628672 bytes,    5628672 total
[2020-03-27T08:41:43.782+0000][1][gc,heap      ] GC(289) ParNew: 149549K->13005K(153344K)
[2020-03-27T08:41:43.783+0000][1][gc,heap      ] GC(289) CMS: 134129K->142155K(353920K)
[2020-03-27T08:41:43.784+0000][1][gc,metaspace ] GC(289) Metaspace: 99435K->99435K(1140736K)
[2020-03-27T08:41:43.784+0000][1][gc           ] GC(289) Pause Young (Allocation Failure) 277M->151M(495M) 10.561ms
[2020-03-27T08:41:43.785+0000][1][gc,cpu       ] GC(289) User=0.01s Sys=0.00s Real=0.01s
[2020-03-27T08:41:43.785+0000][1][safepoint    ] Safepoint "GenCollectForAllocation", Time since last: 333719949 ns, Reaching safepoint: 165300 ns, At safepoint: 11440999 ns, Total: 11606299 ns
[2020-03-27T08:41:43.810+0000][1][safepoint    ] Safepoint "RevokeBias", Time since last: 24680098 ns, Reaching safepoint: 220800 ns, At safepoint: 24900 ns, Total: 245700 ns
[2020-03-27T08:41:43.811+0000][1][safepoint    ] Safepoint "RevokeBias", Time since last: 509800 ns, Reaching safepoint: 148800 ns, At safepoint: 18600 ns, Total: 167400 ns
[2020-03-27T08:41:43.812+0000][1][safepoint    ] Safepoint "RevokeBias", Time since last: 821300 ns, Reaching safepoint: 152900 ns, At safepoint: 28800 ns, Total: 181700 ns
[2020-03-27T08:41:43.813+0000][1][safepoint    ] Safepoint "RevokeBias", Time since last: 1019200 ns, Reaching safepoint: 77300 ns, At safepoint: 21500 ns, Total: 98800 ns
[2020-03-27T08:41:43.814+0000][1][safepoint    ] Safepoint "RevokeBias", Time since last: 642700 ns, Reaching safepoint: 120300 ns, At safepoint: 22600 ns, Total: 142900 ns
[2020-03-27T08:41:43.859+0000][1][safepoint    ] Safepoint "RevokeBias", Time since last: 45425196 ns, Reaching safepoint: 155100 ns, At safepoint: 24200 ns, Total: 179300 ns
[2020-03-27T08:41:43.933+0000][1][safepoint    ] Safepoint "RevokeBias", Time since last: 73462193 ns, Reaching safepoint: 204600 ns, At safepoint: 12200 ns, Total: 216800 ns
[2020-03-27T08:41:43.939+0000][1][safepoint    ] Safepoint "RevokeBias", Time since last: 5672399 ns, Reaching safepoint: 251100 ns, At safepoint: 154600 ns, Total: 405700 ns
[2020-03-27T08:41:43.944+0000][1][safepoint    ] Safepoint "RevokeBias", Time since last: 4099400 ns, Reaching safepoint: 251300 ns, At safepoint: 186600 ns, Total: 437900 ns
[2020-03-27T08:41:43.986+0000][1][safepoint    ] Safepoint "RevokeBias", Time since last: 41593896 ns, Reaching safepoint: 218000 ns, At safepoint: 20800 ns, Total: 238800 ns
[2020-03-27T08:41:43.986+0000][1][safepoint    ] Safepoint "RevokeBias", Time since last: 792000 ns, Reaching safepoint: 98500 ns, At safepoint: 25800 ns, Total: 124300 ns
[2020-03-27T08:41:43.988+0000][1][safepoint    ] Safepoint "RevokeBias", Time since last: 1327900 ns, Reaching safepoint: 88100 ns, At safepoint: 14100 ns, Total: 102200 ns
[2020-03-27T08:41:43.989+0000][1][safepoint    ] Safepoint "RevokeBias", Time since last: 1080500 ns, Reaching safepoint: 101100 ns, At safepoint: 13700 ns, Total: 114800 ns
[2020-03-27T08:41:44.035+0000][1][safepoint    ] Safepoint "RevokeBias", Time since last: 46049695 ns, Reaching safepoint: 106600 ns, At safepoint: 17500 ns, Total: 124100 ns
[2020-03-27T08:41:44.068+0000][1][safepoint    ] Safepoint "RevokeBias", Time since last: 32479997 ns, Reaching safepoint: 206800 ns, At safepoint: 31200 ns, Total: 238000 ns
[2020-03-27T08:41:44.069+0000][1][safepoint    ] Safepoint "RevokeBias", Time since last: 469100 ns, Reaching safepoint: 204600 ns, At safepoint: 31300 ns, Total: 235900 ns
[2020-03-27T08:41:44.105+0000][1][safepoint    ] Safepoint "RevokeBias", Time since last: 36116797 ns, Reaching safepoint: 184800 ns, At safepoint: 26300 ns, Total: 211100 ns
[2020-03-27T08:41:44.106+0000][1][safepoint    ] Safepoint "RevokeBias", Time since last: 1159200 ns, Reaching safepoint: 272800 ns, At safepoint: 28300 ns, Total: 301100 ns
[2020-03-27T08:41:44.108+0000][1][safepoint    ] Safepoint "RevokeBias", Time since last: 1535300 ns, Reaching safepoint: 248300 ns, At safepoint: 31400 ns, Total: 279700 ns
[2020-03-27T08:41:44.247+0000][1][gc,start     ] GC(290) Pause Young (Allocation Failure)
[2020-03-27T08:41:44.247+0000][1][gc,task      ] GC(290) Using 2 workers of 2 for evacuation
[2020-03-27T08:41:44.250+0000][1][gc,age       ] GC(290) Desired survivor size 8716288 bytes, new threshold 6 (max threshold 6)
[2020-03-27T08:41:44.251+0000][1][gc,age       ] GC(290) Age table with threshold 6 (max threshold 6)
[2020-03-27T08:41:44.251+0000][1][gc,age       ] GC(290) - age   1:    2537016 bytes,    2537016 total
[2020-03-27T08:41:44.251+0000][1][gc,age       ] GC(290) - age   2:     304600 bytes,    2841616 total
[2020-03-27T08:41:44.251+0000][1][gc,heap      ] GC(290) ParNew: 149325K->4228K(153344K)
[2020-03-27T08:41:44.252+0000][1][gc,heap      ] GC(290) CMS: 142155K->142155K(353920K)
[2020-03-27T08:41:44.252+0000][1][gc,metaspace ] GC(290) Metaspace: 99455K->99455K(1140736K)
[2020-03-27T08:41:44.252+0000][1][gc           ] GC(290) Pause Young (Allocation Failure) 284M->142M(495M) 5.725ms
[2020-03-27T08:41:44.253+0000][1][gc,cpu       ] GC(290) User=0.01s Sys=0.00s Real=0.00s
[2020-03-27T08:41:44.253+0000][1][safepoint    ] Safepoint "GenCollectForAllocation", Time since last: 137659587 ns, Reaching safepoint: 627700 ns, At safepoint: 6312299 ns, Total: 6939999 ns
[2020-03-27T08:41:44.268+0000][1][safepoint    ] Safepoint "RevokeBias", Time since last: 15155299 ns, Reaching safepoint: 127800 ns, At safepoint: 20600 ns, Total: 148400 ns
[2020-03-27T08:41:44.269+0000][1][safepoint    ] Safepoint "RevokeBias", Time since last: 206000 ns, Reaching safepoint: 79500 ns, At safepoint: 81100 ns, Total: 160600 ns
[2020-03-27T08:41:44.269+0000][1][safepoint    ] Safepoint "RevokeBias", Time since last: 222400 ns, Reaching safepoint: 81600 ns, At safepoint: 15500 ns, Total: 97100 ns
[2020-03-27T08:41:44.269+0000][1][safepoint    ] Safepoint "RevokeBias", Time since last: 308000 ns, Reaching safepoint: 98900 ns, At safepoint: 14200 ns, Total: 113100 ns
[2020-03-27T08:41:45.069+0000][1][safepoint    ] Safepoint "RevokeBias", Time since last: 799712926 ns, Reaching safepoint: 313000 ns, At safepoint: 66200 ns, Total: 379200 ns
[2020-03-27T08:41:45.096+0000][1][safepoint    ] Safepoint "RevokeBias", Time since last: 26024398 ns, Reaching safepoint: 150300 ns, At safepoint: 36800 ns, Total: 187100 ns
[2020-03-27T08:41:45.096+0000][1][safepoint    ] Safepoint "RevokeBias", Time since last: 573599 ns, Reaching safepoint: 239300 ns, At safepoint: 6400 ns, Total: 245700 ns
[2020-03-27T08:41:45.292+0000][1][safepoint    ] Safepoint "RevokeBias", Time since last: 195036282 ns, Reaching safepoint: 164100 ns, At safepoint: 25700 ns, Total: 189800 ns
[2020-03-27T08:41:45.293+0000][1][safepoint    ] Safepoint "RevokeBias", Time since last: 833500 ns, Reaching safepoint: 91300 ns, At safepoint: 20200 ns, Total: 111500 ns
[2020-03-27T08:41:45.294+0000][1][safepoint    ] Safepoint "RevokeBias", Time since last: 1278500 ns, Reaching safepoint: 165900 ns, At safepoint: 22200 ns, Total: 188100 ns
[2020-03-27T08:41:45.295+0000][1][safepoint    ] Safepoint "RevokeBias", Time since last: 710500 ns, Reaching safepoint: 118400 ns, At safepoint: 13300 ns, Total: 131700 ns
[2020-03-27T08:41:45.349+0000][1][safepoint    ] Safepoint "RevokeBias", Time since last: 53897695 ns, Reaching safepoint: 148600 ns, At safepoint: 43400 ns, Total: 192000 ns
[2020-03-27T08:41:45.408+0000][1][safepoint    ] Safepoint "RevokeBias", Time since last: 58750695 ns, Reaching safepoint: 113800 ns, At safepoint: 24100 ns, Total: 137900 ns
[2020-03-27T08:41:46.409+0000][1][safepoint    ] Safepoint "Cleanup", Time since last: 1000475607 ns, Reaching safepoint: 198800 ns, At safepoint: 35400 ns, Total: 234200 ns
[2020-03-27T08:41:47.410+0000][1][safepoint    ] Safepoint "Cleanup", Time since last: 1001067508 ns, Reaching safepoint: 225700 ns, At safepoint: 56600 ns, Total: 282300 ns
[2020-03-27T08:41:48.210+0000][1][safepoint    ] Safepoint "RevokeBias", Time since last: 799564526 ns, Reaching safepoint: 100200 ns, At safepoint: 25000 ns, Total: 125200 ns
[2020-03-27T08:41:48.983+0000][1][safepoint    ] Safepoint "RevokeBias", Time since last: 772653329 ns, Reaching safepoint: 252600 ns, At safepoint: 38700 ns, Total: 291300 ns
[2020-03-27T08:41:48.984+0000][1][safepoint    ] Safepoint "RevokeBias", Time since last: 1130100 ns, Reaching safepoint: 155100 ns, At safepoint: 22400 ns, Total: 177500 ns
[2020-03-27T08:41:48.985+0000][1][safepoint    ] Safepoint "RevokeBias", Time since last: 1379500 ns, Reaching safepoint: 92200 ns, At safepoint: 14000 ns, Total: 106200 ns
[2020-03-27T08:41:48.987+0000][1][safepoint    ] Safepoint "RevokeBias", Time since last: 1085900 ns, Reaching safepoint: 76100 ns, At safepoint: 21900 ns, Total: 98000 ns
[2020-03-27T08:41:49.030+0000][1][safepoint    ] Safepoint "RevokeBias", Time since last: 42783096 ns, Reaching safepoint: 141900 ns, At safepoint: 32500 ns, Total: 174400 ns
[2020-03-27T08:41:50.030+0000][1][safepoint    ] Safepoint "Cleanup", Time since last: 1000609807 ns, Reaching safepoint: 164300 ns, At safepoint: 23800 ns, Total: 188100 ns
[2020-03-27T08:41:51.031+0000][1][safepoint    ] Safepoint "Cleanup", Time since last: 1000735808 ns, Reaching safepoint: 120600 ns, At safepoint: 26200 ns, Total: 146800 ns
[2020-03-27T08:41:52.032+0000][1][safepoint    ] Safepoint "Cleanup", Time since last: 1001137007 ns, Reaching safepoint: 108200 ns, At safepoint: 21800 ns, Total: 130000 ns
[2020-03-27T08:41:52.859+0000][1][safepoint    ] Safepoint "RevokeBias", Time since last: 825955193 ns, Reaching safepoint: 276400 ns, At safepoint: 17200 ns, Total: 293600 ns
[2020-03-27T08:41:53.175+0000][1][gc,start     ] GC(291) Pause Young (Allocation Failure)
[2020-03-27T08:41:53.176+0000][1][gc,task      ] GC(291) Using 2 workers of 2 for evacuation
[2020-03-27T08:41:53.180+0000][1][gc,age       ] GC(291) Desired survivor size 8716288 bytes, new threshold 6 (max threshold 6)
[2020-03-27T08:41:53.181+0000][1][gc,age       ] GC(291) Age table with threshold 6 (max threshold 6)
[2020-03-27T08:41:53.181+0000][1][gc,age       ] GC(291) - age   1:    4548912 bytes,    4548912 total
[2020-03-27T08:41:53.182+0000][1][gc,age       ] GC(291) - age   2:     779912 bytes,    5328824 total
[2020-03-27T08:41:53.182+0000][1][gc,age       ] GC(291) - age   3:     242088 bytes,    5570912 total
[2020-03-27T08:41:53.183+0000][1][gc,heap      ] GC(291) ParNew: 140130K->6276K(153344K)
[2020-03-27T08:41:53.183+0000][1][gc,heap      ] GC(291) CMS: 142155K->142155K(353920K)
[2020-03-27T08:41:53.184+0000][1][gc,metaspace ] GC(291) Metaspace: 99455K->99455K(1140736K)
[2020-03-27T08:41:53.184+0000][1][gc           ] GC(291) Pause Young (Allocation Failure) 275M->144M(495M) 8.934ms
[2020-03-27T08:41:53.185+0000][1][gc,cpu       ] GC(291) User=0.01s Sys=0.00s Real=0.01s
[2020-03-27T08:41:53.185+0000][1][safepoint    ] Safepoint "GenCollectForAllocation", Time since last: 316300012 ns, Reaching safepoint: 167900 ns, At safepoint: 9850603 ns, Total: 10018503 ns
[2020-03-27T08:41:53.199+0000][1][safepoint    ] Safepoint "RevokeBias", Time since last: 13156405 ns, Reaching safepoint: 300700 ns, At safepoint: 36600 ns, Total: 337300 ns
[2020-03-27T08:41:53.199+0000][1][safepoint    ] Safepoint "RevokeBias", Time since last: 668100 ns, Reaching safepoint: 134600 ns, At safepoint: 14700 ns, Total: 149300 ns
[2020-03-27T08:41:53.200+0000][1][safepoint    ] Safepoint "RevokeBias", Time since last: 1024901 ns, Reaching safepoint: 82900 ns, At safepoint: 20700 ns, Total: 103600 ns
[2020-03-27T08:41:53.201+0000][1][safepoint    ] Safepoint "RevokeBias", Time since last: 900800 ns, Reaching safepoint: 58600 ns, At safepoint: 20700 ns, Total: 79300 ns
[2020-03-27T08:41:53.244+0000][1][safepoint    ] Safepoint "RevokeBias", Time since last: 42880515 ns, Reaching safepoint: 116500 ns, At safepoint: 31200 ns, Total: 147700 ns
[2020-03-27T08:41:54.245+0000][1][safepoint    ] Safepoint "Cleanup", Time since last: 1000741855 ns, Reaching safepoint: 105200 ns, At safepoint: 19700 ns, Total: 124900 ns
[2020-03-27T08:41:55.246+0000][1][safepoint    ] Safepoint "Cleanup", Time since last: 1000841154 ns, Reaching safepoint: 176300 ns, At safepoint: 38900 ns, Total: 215200 ns
[2020-03-27T08:41:56.248+0000][1][safepoint    ] Safepoint "Cleanup", Time since last: 1001100254 ns, Reaching safepoint: 233200 ns, At safepoint: 45001 ns, Total: 278201 ns
[2020-03-27T08:41:57.249+0000][1][safepoint    ] Safepoint "Cleanup", Time since last: 1001343554 ns, Reaching safepoint: 103900 ns, At safepoint: 19100 ns, Total: 123000 ns
[2020-03-27T08:41:58.210+0000][1][safepoint    ] Safepoint "RevokeBias", Time since last: 960223840 ns, Reaching safepoint: 136600 ns, At safepoint: 26200 ns, Total: 162800 ns
[2020-03-27T08:41:59.133+0000][1][safepoint    ] Safepoint "RevokeBias", Time since last: 922862127 ns, Reaching safepoint: 145800 ns, At safepoint: 25700 ns, Total: 171500 ns
[2020-03-27T08:41:59.134+0000][1][safepoint    ] Safepoint "RevokeBias", Time since last: 1127700 ns, Reaching safepoint: 84600 ns, At safepoint: 24000 ns, Total: 108600 ns
[2020-03-27T08:41:59.136+0000][1][safepoint    ] Safepoint "RevokeBias", Time since last: 1677501 ns, Reaching safepoint: 216000 ns, At safepoint: 26700 ns, Total: 242700 ns
[2020-03-27T08:41:59.137+0000][1][safepoint    ] Safepoint "RevokeBias", Time since last: 1053400 ns, Reaching safepoint: 85400 ns, At safepoint: 24800 ns, Total: 110200 ns
[2020-03-27T08:41:59.182+0000][1][safepoint    ] Safepoint "RevokeBias", Time since last: 45028616 ns, Reaching safepoint: 156900 ns, At safepoint: 29600 ns, Total: 186500 ns
[2020-03-27T08:42:00.183+0000][1][safepoint    ] Safepoint "Cleanup", Time since last: 1000695634 ns, Reaching safepoint: 191300 ns, At safepoint: 49400 ns, Total: 240700 ns
[2020-03-27T08:42:01.185+0000][1][safepoint    ] Safepoint "Cleanup", Time since last: 1001316147 ns, Reaching safepoint: 493900 ns, At safepoint: 80000 ns, Total: 573900 ns
[2020-03-27T08:42:01.553+0000][1][gc,start     ] GC(292) Pause Young (Allocation Failure)
[2020-03-27T08:42:01.554+0000][1][gc,task      ] GC(292) Using 2 workers of 2 for evacuation
[2020-03-27T08:42:01.563+0000][1][gc,age       ] GC(292) Desired survivor size 8716288 bytes, new threshold 6 (max threshold 6)
[2020-03-27T08:42:01.564+0000][1][gc,age       ] GC(292) Age table with threshold 6 (max threshold 6)
[2020-03-27T08:42:01.564+0000][1][gc,age       ] GC(292) - age   1:     968376 bytes,     968376 total
[2020-03-27T08:42:01.564+0000][1][gc,age       ] GC(292) - age   2:     726712 bytes,    1695088 total
[2020-03-27T08:42:01.565+0000][1][gc,age       ] GC(292) - age   3:     779528 bytes,    2474616 total
[2020-03-27T08:42:01.565+0000][1][gc,age       ] GC(292) - age   4:     241688 bytes,    2716304 total
[2020-03-27T08:42:01.566+0000][1][gc,heap      ] GC(292) ParNew: 142596K->4864K(153344K)
[2020-03-27T08:42:01.566+0000][1][gc,heap      ] GC(292) CMS: 142155K->142155K(353920K)
[2020-03-27T08:42:01.567+0000][1][gc,metaspace ] GC(292) Metaspace: 99455K->99455K(1140736K)
[2020-03-27T08:42:01.567+0000][1][gc           ] GC(292) Pause Young (Allocation Failure) 278M->143M(495M) 14.358ms
[2020-03-27T08:42:01.568+0000][1][gc,cpu       ] GC(292) User=0.00s Sys=0.00s Real=0.02s
[2020-03-27T08:42:01.568+0000][1][safepoint    ] Safepoint "GenCollectForAllocation", Time since last: 367574054 ns, Reaching safepoint: 419900 ns, At safepoint: 15343502 ns, Total: 15763402 ns
[2020-03-27T08:42:02.569+0000][1][safepoint    ] Safepoint "Cleanup", Time since last: 1000917347 ns, Reaching safepoint: 121501 ns, At safepoint: 29100 ns, Total: 150601 ns
[2020-03-27T08:42:02.865+0000][1][safepoint    ] Safepoint "RevokeBias", Time since last: 295179843 ns, Reaching safepoint: 105900 ns, At safepoint: 14900 ns, Total: 120800 ns
[2020-03-27T08:42:03.296+0000][1][safepoint    ] Safepoint "RevokeBias", Time since last: 431159363 ns, Reaching safepoint: 231300 ns, At safepoint: 31300 ns, Total: 262600 ns
[2020-03-27T08:42:03.297+0000][1][safepoint    ] Safepoint "RevokeBias", Time since last: 650900 ns, Reaching safepoint: 90600 ns, At safepoint: 68500 ns, Total: 159100 ns
[2020-03-27T08:42:03.298+0000][1][safepoint    ] Safepoint "RevokeBias", Time since last: 1379001 ns, Reaching safepoint: 69300 ns, At safepoint: 22000 ns, Total: 91300 ns
[2020-03-27T08:42:03.300+0000][1][safepoint    ] Safepoint "RevokeBias", Time since last: 1076900 ns, Reaching safepoint: 147300 ns, At safepoint: 13000 ns, Total: 160300 ns
[2020-03-27T08:42:03.349+0000][1][safepoint    ] Safepoint "RevokeBias", Time since last: 49260307 ns, Reaching safepoint: 148900 ns, At safepoint: 21400 ns, Total: 170300 ns
[2020-03-27T08:42:04.350+0000][1][safepoint    ] Safepoint "Cleanup", Time since last: 1000733547 ns, Reaching safepoint: 115900 ns, At safepoint: 30500 ns, Total: 146400 ns
[2020-03-27T08:42:05.352+0000][1][safepoint    ] Safepoint "Cleanup", Time since last: 1001107347 ns, Reaching safepoint: 382100 ns, At safepoint: 122500 ns, Total: 504600 ns
[2020-03-27T08:42:06.355+0000][1][safepoint    ] Safepoint "Cleanup", Time since last: 1002603748 ns, Reaching safepoint: 965900 ns, At safepoint: 45400 ns, Total: 1011300 ns
[2020-03-27T08:42:07.358+0000][1][safepoint    ] Safepoint "Cleanup", Time since last: 1002258947 ns, Reaching safepoint: 504200 ns, At safepoint: 75500 ns, Total: 579700 ns
[2020-03-27T08:42:08.173+0000][1][safepoint    ] Safepoint "RevokeBias", Time since last: 814974708 ns, Reaching safepoint: 175700 ns, At safepoint: 24900 ns, Total: 200600 ns
[2020-03-27T08:42:08.288+0000][1][safepoint    ] Safepoint "RevokeBias", Time since last: 114825214 ns, Reaching safepoint: 217600 ns, At safepoint: 34400 ns, Total: 252000 ns
[2020-03-27T08:42:08.289+0000][1][safepoint    ] Safepoint "RevokeBias", Time since last: 737900 ns, Reaching safepoint: 62400 ns, At safepoint: 23200 ns, Total: 85600 ns
[2020-03-27T08:42:08.291+0000][1][safepoint    ] Safepoint "RevokeBias", Time since last: 1438200 ns, Reaching safepoint: 68100 ns, At safepoint: 14800 ns, Total: 82900 ns
[2020-03-27T08:42:08.292+0000][1][safepoint    ] Safepoint "RevokeBias", Time since last: 1125400 ns, Reaching safepoint: 123200 ns, At safepoint: 24000 ns, Total: 147200 ns
[2020-03-27T08:42:08.335+0000][1][safepoint    ] Safepoint "RevokeBias", Time since last: 42508406 ns, Reaching safepoint: 145800 ns, At safepoint: 29100 ns, Total: 174900 ns
[2020-03-27T08:42:09.336+0000][1][safepoint    ] Safepoint "Cleanup", Time since last: 1001041625 ns, Reaching safepoint: 327500 ns, At safepoint: 85800 ns, Total: 413300 ns
[2020-03-27T08:42:10.339+0000][1][safepoint    ] Safepoint "Cleanup", Time since last: 1002336325 ns, Reaching safepoint: 455600 ns, At safepoint: 99500 ns, Total: 555100 ns
[2020-03-27T08:42:11.342+0000][1][safepoint    ] Safepoint "Cleanup", Time since last: 1002323325 ns, Reaching safepoint: 480100 ns, At safepoint: 93300 ns, Total: 573400 ns
[2020-03-27T08:42:12.096+0000][1][gc,start     ] GC(293) Pause Young (Allocation Failure)
[2020-03-27T08:42:12.101+0000][1][gc,task      ] GC(293) Using 2 workers of 2 for evacuation
[2020-03-27T08:42:12.105+0000][1][gc,age       ] GC(293) Desired survivor size 8716288 bytes, new threshold 6 (max threshold 6)
[2020-03-27T08:42:12.105+0000][1][gc,age       ] GC(293) Age table with threshold 6 (max threshold 6)
[2020-03-27T08:42:12.106+0000][1][gc,age       ] GC(293) - age   1:    1047352 bytes,    1047352 total
[2020-03-27T08:42:12.107+0000][1][gc,age       ] GC(293) - age   2:     559208 bytes,    1606560 total
[2020-03-27T08:42:12.107+0000][1][gc,age       ] GC(293) - age   3:     721224 bytes,    2327784 total
[2020-03-27T08:42:12.108+0000][1][gc,age       ] GC(293) - age   4:     779528 bytes,    3107312 total
[2020-03-27T08:42:12.108+0000][1][gc,age       ] GC(293) - age   5:     236848 bytes,    3344160 total
[2020-03-27T08:42:12.109+0000][1][gc,heap      ] GC(293) ParNew: 141184K->4421K(153344K)
[2020-03-27T08:42:12.109+0000][1][gc,heap      ] GC(293) CMS: 142155K->142155K(353920K)
[2020-03-27T08:42:12.109+0000][1][gc,metaspace ] GC(293) Metaspace: 99455K->99455K(1140736K)
[2020-03-27T08:42:12.110+0000][1][gc           ] GC(293) Pause Young (Allocation Failure) 276M->143M(495M) 14.307ms
[2020-03-27T08:42:12.111+0000][1][gc,cpu       ] GC(293) User=0.01s Sys=0.00s Real=0.01s
[2020-03-27T08:42:12.111+0000][1][safepoint    ] Safepoint "GenCollectForAllocation", Time since last: 753600294 ns, Reaching safepoint: 120400 ns, At safepoint: 15512002 ns, Total: 15632402 ns
[2020-03-27T08:42:12.872+0000][1][safepoint    ] Safepoint "RevokeBias", Time since last: 760806095 ns, Reaching safepoint: 183700 ns, At safepoint: 16400 ns, Total: 200100 ns
[2020-03-27T08:42:13.438+0000][1][safepoint    ] Safepoint "RevokeBias", Time since last: 565287470 ns, Reaching safepoint: 167900 ns, At safepoint: 20400 ns, Total: 188300 ns
[2020-03-27T08:42:13.439+0000][1][safepoint    ] Safepoint "BulkRevokeBias", Time since last: 641200 ns, Reaching safepoint: 103800 ns, At safepoint: 442100 ns, Total: 545900 ns
[2020-03-27T08:42:13.440+0000][1][safepoint    ] Safepoint "RevokeBias", Time since last: 1615600 ns, Reaching safepoint: 94500 ns, At safepoint: 21500 ns, Total: 116000 ns
[2020-03-27T08:42:13.442+0000][1][safepoint    ] Safepoint "BulkRevokeBias", Time since last: 1055001 ns, Reaching safepoint: 62200 ns, At safepoint: 384900 ns, Total: 447100 ns
[2020-03-27T08:42:13.485+0000][1][safepoint    ] Safepoint "BulkRevokeBias", Time since last: 43010705 ns, Reaching safepoint: 98000 ns, At safepoint: 402900 ns, Total: 500900 ns
[2020-03-27T08:42:14.487+0000][1][safepoint    ] Safepoint "Cleanup", Time since last: 1001044325 ns, Reaching safepoint: 102900 ns, At safepoint: 19900 ns, Total: 122800 ns
[2020-03-27T08:42:15.488+0000][1][safepoint    ] Safepoint "Cleanup", Time since last: 1000934025 ns, Reaching safepoint: 621500 ns, At safepoint: 82900 ns, Total: 704400 ns
[2020-03-27T08:42:16.490+0000][1][safepoint    ] Safepoint "Cleanup", Time since last: 1002047934 ns, Reaching safepoint: 110900 ns, At safepoint: 20100 ns, Total: 131000 ns
[2020-03-27T08:42:17.492+0000][1][safepoint    ] Safepoint "Cleanup", Time since last: 1001176136 ns, Reaching safepoint: 115900 ns, At safepoint: 22900 ns, Total: 138800 ns
[2020-03-27T08:42:18.185+0000][1][safepoint    ] Safepoint "BulkRevokeBias", Time since last: 692843494 ns, Reaching safepoint: 94000 ns, At safepoint: 439500 ns, Total: 533500 ns
[2020-03-27T08:42:19.187+0000][1][safepoint    ] Safepoint "Cleanup", Time since last: 1001207935 ns, Reaching safepoint: 121000 ns, At safepoint: 57200 ns, Total: 178200 ns
[2020-03-27T08:42:20.188+0000][1][safepoint    ] Safepoint "Cleanup", Time since last: 1001229836 ns, Reaching safepoint: 327300 ns, At safepoint: 73000 ns, Total: 400300 ns
[2020-03-27T08:42:21.191+0000][1][safepoint    ] Safepoint "Cleanup", Time since last: 1002145736 ns, Reaching safepoint: 502700 ns, At safepoint: 73800 ns, Total: 576500 ns
[2020-03-27T08:42:22.193+0000][1][safepoint    ] Safepoint "Cleanup", Time since last: 1002061136 ns, Reaching safepoint: 367000 ns, At safepoint: 77200 ns, Total: 444200 ns
[2020-03-27T08:42:22.883+0000][1][safepoint    ] Safepoint "RevokeBias", Time since last: 688916593 ns, Reaching safepoint: 206100 ns, At safepoint: 17400 ns, Total: 223500 ns
[2020-03-27T08:42:23.883+0000][1][safepoint    ] Safepoint "Cleanup", Time since last: 1000466724 ns, Reaching safepoint: 267500 ns, At safepoint: 70300 ns, Total: 337800 ns
[2020-03-27T08:42:24.886+0000][1][safepoint    ] Safepoint "Cleanup", Time since last: 1001816916 ns, Reaching safepoint: 469800 ns, At safepoint: 82600 ns, Total: 552400 ns
[2020-03-27T08:42:25.888+0000][1][safepoint    ] Safepoint "Cleanup", Time since last: 1002157116 ns, Reaching safepoint: 379600 ns, At safepoint: 82900 ns, Total: 462500 ns
[2020-03-27T08:42:26.891+0000][1][safepoint    ] Safepoint "Cleanup", Time since last: 1002291716 ns, Reaching safepoint: 232600 ns, At safepoint: 58300 ns, Total: 290900 ns
[2020-03-27T08:42:27.893+0000][1][safepoint    ] Safepoint "Cleanup", Time since last: 1001813015 ns, Reaching safepoint: 334301 ns, At safepoint: 87500 ns, Total: 421801 ns
[2020-03-27T08:42:28.169+0000][1][gc,start     ] GC(294) Pause Young (Allocation Failure)
[2020-03-27T08:42:28.170+0000][1][gc,task      ] GC(294) Using 2 workers of 2 for evacuation
[2020-03-27T08:42:28.177+0000][1][gc,age       ] GC(294) Desired survivor size 8716288 bytes, new threshold 1 (max threshold 6)
[2020-03-27T08:42:28.177+0000][1][gc,age       ] GC(294) Age table with threshold 1 (max threshold 6)
[2020-03-27T08:42:28.178+0000][1][gc,age       ] GC(294) - age   1:   13679920 bytes,   13679920 total
[2020-03-27T08:42:28.178+0000][1][gc,age       ] GC(294) - age   2:    1015256 bytes,   14695176 total
[2020-03-27T08:42:28.179+0000][1][gc,age       ] GC(294) - age   3:     558288 bytes,   15253464 total
[2020-03-27T08:42:28.179+0000][1][gc,age       ] GC(294) - age   4:     719736 bytes,   15973200 total
[2020-03-27T08:42:28.180+0000][1][gc,age       ] GC(294) - age   5:     779528 bytes,   16752728 total
[2020-03-27T08:42:28.180+0000][1][gc,age       ] GC(294) - age   6:     234752 bytes,   16987480 total
[2020-03-27T08:42:28.181+0000][1][gc,heap      ] GC(294) ParNew: 140741K->17024K(153344K)
[2020-03-27T08:42:28.181+0000][1][gc,heap      ] GC(294) CMS: 142155K->142187K(353920K)
[2020-03-27T08:42:28.182+0000][1][gc,metaspace ] GC(294) Metaspace: 99455K->99455K(1140736K)
[2020-03-27T08:42:28.182+0000][1][gc           ] GC(294) Pause Young (Allocation Failure) 276M->155M(495M) 13.233ms
[2020-03-27T08:42:28.183+0000][1][gc,cpu       ] GC(294) User=0.02s Sys=0.00s Real=0.01s
[2020-03-27T08:42:28.183+0000][1][safepoint    ] Safepoint "GenCollectForAllocation", Time since last: 275716341 ns, Reaching safepoint: 124101 ns, At safepoint: 13970207 ns, Total: 14094308 ns
[2020-03-27T08:42:28.210+0000][1][safepoint    ] Safepoint "RevokeBias", Time since last: 26575213 ns, Reaching safepoint: 180801 ns, At safepoint: 33500 ns, Total: 214301 ns
[2020-03-27T08:42:29.211+0000][1][safepoint    ] Safepoint "Cleanup", Time since last: 1000719214 ns, Reaching safepoint: 195601 ns, At safepoint: 35500 ns, Total: 231101 ns
[2020-03-27T08:42:30.212+0000][1][safepoint    ] Safepoint "Cleanup", Time since last: 1001475415 ns, Reaching safepoint: 159800 ns, At safepoint: 29800 ns, Total: 189600 ns
[2020-03-27T08:42:31.214+0000][1][safepoint    ] Safepoint "Cleanup", Time since last: 1001406815 ns, Reaching safepoint: 121800 ns, At safepoint: 25700 ns, Total: 147500 ns
[2020-03-27T08:42:32.216+0000][1][safepoint    ] Safepoint "Cleanup", Time since last: 1001304308 ns, Reaching safepoint: 411500 ns, At safepoint: 85200 ns, Total: 496700 ns
[2020-03-27T08:42:32.883+0000][1][safepoint    ] Safepoint "RevokeBias", Time since last: 667436511 ns, Reaching safepoint: 167900 ns, At safepoint: 38500 ns, Total: 206400 ns
[2020-03-27T08:42:33.885+0000][1][safepoint    ] Safepoint "Cleanup", Time since last: 1001111317 ns, Reaching safepoint: 590400 ns, At safepoint: 78000 ns, Total: 668400 ns
[2020-03-27T08:42:34.887+0000][1][safepoint    ] Safepoint "Cleanup", Time since last: 1002102317 ns, Reaching safepoint: 142600 ns, At safepoint: 26500 ns, Total: 169100 ns
[2020-03-27T08:42:35.889+0000][1][safepoint    ] Safepoint "Cleanup", Time since last: 1001429217 ns, Reaching safepoint: 110600 ns, At safepoint: 23000 ns, Total: 133600 ns
[2020-03-27T08:42:36.890+0000][1][safepoint    ] Safepoint "Cleanup", Time since last: 1001029916 ns, Reaching safepoint: 120801 ns, At safepoint: 25900 ns, Total: 146701 ns
[2020-03-27T08:42:37.892+0000][1][safepoint    ] Safepoint "Cleanup", Time since last: 1001128816 ns, Reaching safepoint: 465700 ns, At safepoint: 107700 ns, Total: 573400 ns
[2020-03-27T08:42:38.190+0000][1][safepoint    ] Safepoint "RevokeBias", Time since last: 298237695 ns, Reaching safepoint: 126100 ns, At safepoint: 30500 ns, Total: 156600 ns
[2020-03-27T08:42:39.191+0000][1][safepoint    ] Safepoint "Cleanup", Time since last: 1000946516 ns, Reaching safepoint: 107500 ns, At safepoint: 21801 ns, Total: 129301 ns
[2020-03-27T08:42:40.192+0000][1][safepoint    ] Safepoint "Cleanup", Time since last: 1000846917 ns, Reaching safepoint: 134800 ns, At safepoint: 30700 ns, Total: 165500 ns
[2020-03-27T08:42:41.194+0000][1][safepoint    ] Safepoint "Cleanup", Time since last: 1001203319 ns, Reaching safepoint: 205500 ns, At safepoint: 96700 ns, Total: 302200 ns
[2020-03-27T08:42:42.195+0000][1][safepoint    ] Safepoint "Cleanup", Time since last: 1001377919 ns, Reaching safepoint: 140600 ns, At safepoint: 35700 ns, Total: 176300 ns
[2020-03-27T08:42:42.896+0000][1][safepoint    ] Safepoint "RevokeBias", Time since last: 700554983 ns, Reaching safepoint: 247900 ns, At safepoint: 15900 ns, Total: 263800 ns
[2020-03-27T08:42:43.547+0000][1][safepoint    ] Safepoint "RevokeBias", Time since last: 650555178 ns, Reaching safepoint: 181500 ns, At safepoint: 34400 ns, Total: 215900 ns
[2020-03-27T08:42:43.548+0000][1][safepoint    ] Safepoint "RevokeBias", Time since last: 747900 ns, Reaching safepoint: 104300 ns, At safepoint: 13200 ns, Total: 117500 ns
[2020-03-27T08:42:43.549+0000][1][safepoint    ] Safepoint "RevokeBias", Time since last: 1382200 ns, Reaching safepoint: 73800 ns, At safepoint: 21600 ns, Total: 95400 ns
[2020-03-27T08:42:43.551+0000][1][safepoint    ] Safepoint "RevokeBias", Time since last: 1250300 ns, Reaching safepoint: 122600 ns, At safepoint: 25500 ns, Total: 148100 ns
[2020-03-27T08:42:43.598+0000][1][safepoint    ] Safepoint "RevokeBias", Time since last: 47137506 ns, Reaching safepoint: 213100 ns, At safepoint: 19100 ns, Total: 232200 ns
[2020-03-27T08:42:43.659+0000][1][safepoint    ] Safepoint "RevokeBias", Time since last: 60875707 ns, Reaching safepoint: 182900 ns, At safepoint: 41200 ns, Total: 224100 ns
[2020-03-27T08:42:43.660+0000][1][safepoint    ] Safepoint "RevokeBias", Time since last: 783000 ns, Reaching safepoint: 88800 ns, At safepoint: 14400 ns, Total: 103200 ns
[2020-03-27T08:42:43.662+0000][1][safepoint    ] Safepoint "RevokeBias", Time since last: 1297600 ns, Reaching safepoint: 173200 ns, At safepoint: 13000 ns, Total: 186200 ns
[2020-03-27T08:42:43.662+0000][1][safepoint    ] Safepoint "RevokeBias", Time since last: 720900 ns, Reaching safepoint: 69800 ns, At safepoint: 22400 ns, Total: 92200 ns
[2020-03-27T08:42:43.718+0000][1][safepoint    ] Safepoint "RevokeBias", Time since last: 55493907 ns, Reaching safepoint: 149300 ns, At safepoint: 28900 ns, Total: 178200 ns
[2020-03-27T08:42:44.444+0000][1][gc,start     ] GC(295) Pause Young (Allocation Failure)
[2020-03-27T08:42:44.446+0000][1][gc,task      ] GC(295) Using 2 workers of 2 for evacuation
[2020-03-27T08:42:44.461+0000][1][gc,age       ] GC(295) Desired survivor size 8716288 bytes, new threshold 6 (max threshold 6)
[2020-03-27T08:42:44.461+0000][1][gc,age       ] GC(295) Age table with threshold 6 (max threshold 6)
[2020-03-27T08:42:44.462+0000][1][gc,age       ] GC(295) - age   1:    1407640 bytes,    1407640 total
[2020-03-27T08:42:44.462+0000][1][gc,heap      ] GC(295) ParNew: 153344K->13168K(153344K)
[2020-03-27T08:42:44.463+0000][1][gc,heap      ] GC(295) CMS: 142187K->152301K(353920K)
[2020-03-27T08:42:44.463+0000][1][gc,metaspace ] GC(295) Metaspace: 99506K->99506K(1140736K)
[2020-03-27T08:42:44.464+0000][1][gc           ] GC(295) Pause Young (Allocation Failure) 288M->161M(495M) 19.132ms
[2020-03-27T08:42:44.464+0000][1][gc,cpu       ] GC(295) User=0.02s Sys=0.00s Real=0.02s
[2020-03-27T08:42:44.464+0000][1][safepoint    ] Safepoint "GenCollectForAllocation", Time since last: 726071186 ns, Reaching safepoint: 227900 ns, At safepoint: 19965303 ns, Total: 20193203 ns
[2020-03-27T08:42:44.479+0000][1][safepoint    ] Safepoint "RevokeBias", Time since last: 14547701 ns, Reaching safepoint: 266100 ns, At safepoint: 36700 ns, Total: 302800 ns
[2020-03-27T08:42:44.480+0000][1][safepoint    ] Safepoint "RevokeBias", Time since last: 548700 ns, Reaching safepoint: 253901 ns, At safepoint: 59700 ns, Total: 313601 ns
[2020-03-27T08:42:44.481+0000][1][safepoint    ] Safepoint "RevokeBias", Time since last: 742100 ns, Reaching safepoint: 63800 ns, At safepoint: 12700 ns, Total: 76500 ns
[2020-03-27T08:42:44.482+0000][1][safepoint    ] Safepoint "RevokeBias", Time since last: 1017400 ns, Reaching safepoint: 60600 ns, At safepoint: 21400 ns, Total: 82000 ns
[2020-03-27T08:42:44.483+0000][1][safepoint    ] Safepoint "RevokeBias", Time since last: 916200 ns, Reaching safepoint: 105400 ns, At safepoint: 11700 ns, Total: 117100 ns
[2020-03-27T08:42:44.528+0000][1][safepoint    ] Safepoint "RevokeBias", Time since last: 44807305 ns, Reaching safepoint: 124100 ns, At safepoint: 28800 ns, Total: 152900 ns
[2020-03-27T08:42:44.620+0000][1][safepoint    ] Safepoint "RevokeBias", Time since last: 92092411 ns, Reaching safepoint: 132200 ns, At safepoint: 137400 ns, Total: 269600 ns
[2020-03-27T08:42:44.624+0000][1][safepoint    ] Safepoint "RevokeBias", Time since last: 2674501 ns, Reaching safepoint: 369300 ns, At safepoint: 201500 ns, Total: 570800 ns
[2020-03-27T08:42:44.798+0000][1][safepoint    ] Safepoint "RevokeBias", Time since last: 174104320 ns, Reaching safepoint: 148300 ns, At safepoint: 21500 ns, Total: 169800 ns
[2020-03-27T08:42:44.800+0000][1][safepoint    ] Safepoint "RevokeBias", Time since last: 1714401 ns, Reaching safepoint: 80500 ns, At safepoint: 13100 ns, Total: 93600 ns
[2020-03-27T08:42:44.801+0000][1][safepoint    ] Safepoint "RevokeBias", Time since last: 1139500 ns, Reaching safepoint: 67400 ns, At safepoint: 12100 ns, Total: 79500 ns
[2020-03-27T08:42:45.802+0000][1][safepoint    ] Safepoint "Cleanup", Time since last: 1000814419 ns, Reaching safepoint: 105700 ns, At safepoint: 17100 ns, Total: 122800 ns
[2020-03-27T08:42:46.803+0000][1][safepoint    ] Safepoint "Cleanup", Time since last: 1000676319 ns, Reaching safepoint: 192700 ns, At safepoint: 31400 ns, Total: 224100 ns
[2020-03-27T08:42:47.804+0000][1][safepoint    ] Safepoint "Cleanup", Time since last: 1001341711 ns, Reaching safepoint: 331400 ns, At safepoint: 86100 ns, Total: 417500 ns
[2020-03-27T08:42:48.181+0000][1][safepoint    ] Safepoint "RevokeBias", Time since last: 376699116 ns, Reaching safepoint: 106600 ns, At safepoint: 25900 ns, Total: 132500 ns
[2020-03-27T08:42:48.642+0000][1][safepoint    ] Safepoint "RevokeBias", Time since last: 460676320 ns, Reaching safepoint: 296000 ns, At safepoint: 50100 ns, Total: 346100 ns
[2020-03-27T08:42:48.643+0000][1][safepoint    ] Safepoint "RevokeBias", Time since last: 803100 ns, Reaching safepoint: 217000 ns, At safepoint: 15300 ns, Total: 232300 ns
[2020-03-27T08:42:48.645+0000][1][safepoint    ] Safepoint "RevokeBias", Time since last: 1405500 ns, Reaching safepoint: 110200 ns, At safepoint: 20100 ns, Total: 130300 ns
[2020-03-27T08:42:48.646+0000][1][safepoint    ] Safepoint "RevokeBias", Time since last: 578100 ns, Reaching safepoint: 150200 ns, At safepoint: 23700 ns, Total: 173900 ns
[2020-03-27T08:42:48.718+0000][1][safepoint    ] Safepoint "RevokeBias", Time since last: 72234803 ns, Reaching safepoint: 138200 ns, At safepoint: 28200 ns, Total: 166400 ns
[2020-03-27T08:42:48.788+0000][1][gc,start     ] GC(296) Pause Young (Allocation Failure)
[2020-03-27T08:42:48.788+0000][1][gc,task      ] GC(296) Using 2 workers of 2 for evacuation
[2020-03-27T08:42:48.793+0000][1][gc,age       ] GC(296) Desired survivor size 8716288 bytes, new threshold 6 (max threshold 6)
[2020-03-27T08:42:48.793+0000][1][gc,age       ] GC(296) Age table with threshold 6 (max threshold 6)
[2020-03-27T08:42:48.794+0000][1][gc,age       ] GC(296) - age   1:    2229648 bytes,    2229648 total
[2020-03-27T08:42:48.795+0000][1][gc,age       ] GC(296) - age   2:     417264 bytes,    2646912 total
[2020-03-27T08:42:48.795+0000][1][gc,heap      ] GC(296) ParNew: 149488K->3549K(153344K)
[2020-03-27T08:42:48.796+0000][1][gc,heap      ] GC(296) CMS: 152301K->152301K(353920K)
[2020-03-27T08:42:48.796+0000][1][gc,metaspace ] GC(296) Metaspace: 99508K->99508K(1140736K)
[2020-03-27T08:42:48.797+0000][1][gc           ] GC(296) Pause Young (Allocation Failure) 294M->152M(495M) 9.127ms
[2020-03-27T08:42:48.798+0000][1][gc,cpu       ] GC(296) User=0.01s Sys=0.00s Real=0.01s
[2020-03-27T08:42:48.798+0000][1][safepoint    ] Safepoint "GenCollectForAllocation", Time since last: 69647603 ns, Reaching safepoint: 218100 ns, At safepoint: 10205600 ns, Total: 10423700 ns
[2020-03-27T08:42:48.799+0000][1][safepoint    ] Safepoint "RevokeBias", Time since last: 656300 ns, Reaching safepoint: 163300 ns, At safepoint: 35500 ns, Total: 198800 ns
[2020-03-27T08:42:49.121+0000][1][safepoint    ] Safepoint "RevokeBias", Time since last: 322199814 ns, Reaching safepoint: 117800 ns, At safepoint: 25200 ns, Total: 143000 ns
[2020-03-27T08:42:49.122+0000][1][safepoint    ] Safepoint "RevokeBias", Time since last: 306600 ns, Reaching safepoint: 58100 ns, At safepoint: 21100 ns, Total: 79200 ns
[2020-03-27T08:42:49.122+0000][1][safepoint    ] Safepoint "RevokeBias", Time since last: 314200 ns, Reaching safepoint: 51500 ns, At safepoint: 11700 ns, Total: 63200 ns
[2020-03-27T08:42:49.122+0000][1][safepoint    ] Safepoint "RevokeBias", Time since last: 260700 ns, Reaching safepoint: 49800 ns, At safepoint: 21100 ns, Total: 70900 ns
[2020-03-27T08:42:49.123+0000][1][safepoint    ] Safepoint "RevokeBias", Time since last: 232700 ns, Reaching safepoint: 48300 ns, At safepoint: 21400 ns, Total: 69700 ns
[2020-03-27T08:42:49.123+0000][1][safepoint    ] Safepoint "RevokeBias", Time since last: 324400 ns, Reaching safepoint: 48300 ns, At safepoint: 19000 ns, Total: 67300 ns
[2020-03-27T08:42:49.124+0000][1][safepoint    ] Safepoint "RevokeBias", Time since last: 344300 ns, Reaching safepoint: 50200 ns, At safepoint: 41000 ns, Total: 91200 ns
[2020-03-27T08:42:49.124+0000][1][safepoint    ] Safepoint "RevokeBias", Time since last: 280600 ns, Reaching safepoint: 47900 ns, At safepoint: 20100 ns, Total: 68000 ns
[2020-03-27T08:42:49.124+0000][1][safepoint    ] Safepoint "RevokeBias", Time since last: 258500 ns, Reaching safepoint: 48000 ns, At safepoint: 19500 ns, Total: 67500 ns
[2020-03-27T08:42:49.803+0000][1][safepoint    ] Safepoint "RevokeBias", Time since last: 678952829 ns, Reaching safepoint: 111600 ns, At safepoint: 21400 ns, Total: 133000 ns
[2020-03-27T08:42:49.806+0000][1][safepoint    ] Safepoint "RevokeBias", Time since last: 2185400 ns, Reaching safepoint: 118600 ns, At safepoint: 23000 ns, Total: 141600 ns
[2020-03-27T08:42:49.807+0000][1][safepoint    ] Safepoint "RevokeBias", Time since last: 1033900 ns, Reaching safepoint: 87300 ns, At safepoint: 23100 ns, Total: 110400 ns
[2020-03-27T08:42:50.808+0000][1][safepoint    ] Safepoint "Cleanup", Time since last: 1001169243 ns, Reaching safepoint: 132500 ns, At safepoint: 30000 ns, Total: 162500 ns
[2020-03-27T08:42:51.809+0000][1][safepoint    ] Safepoint "Cleanup", Time since last: 1001120942 ns, Reaching safepoint: 206900 ns, At safepoint: 50600 ns, Total: 257500 ns
[2020-03-27T08:42:52.811+0000][1][safepoint    ] Safepoint "Cleanup", Time since last: 1001651943 ns, Reaching safepoint: 97600 ns, At safepoint: 16500 ns, Total: 114100 ns
[2020-03-27T08:42:52.909+0000][1][safepoint    ] Safepoint "RevokeBias", Time since last: 97214404 ns, Reaching safepoint: 162200 ns, At safepoint: 19500 ns, Total: 181700 ns
[2020-03-27T08:42:52.934+0000][1][safepoint    ] Safepoint "RevokeBias", Time since last: 24824301 ns, Reaching safepoint: 187700 ns, At safepoint: 32200 ns, Total: 219900 ns
[2020-03-27T08:42:52.934+0000][1][safepoint    ] Safepoint "RevokeBias", Time since last: 608100 ns, Reaching safepoint: 72300 ns, At safepoint: 21800 ns, Total: 94100 ns
[2020-03-27T08:42:52.936+0000][1][safepoint    ] Safepoint "RevokeBias", Time since last: 1228300 ns, Reaching safepoint: 64100 ns, At safepoint: 12500 ns, Total: 76600 ns
[2020-03-27T08:42:52.937+0000][1][safepoint    ] Safepoint "RevokeBias", Time since last: 1073500 ns, Reaching safepoint: 152400 ns, At safepoint: 12800 ns, Total: 165200 ns
[2020-03-27T08:42:52.988+0000][1][safepoint    ] Safepoint "RevokeBias", Time since last: 51376002 ns, Reaching safepoint: 157200 ns, At safepoint: 27200 ns, Total: 184400 ns
[2020-03-27T08:42:53.990+0000][1][safepoint    ] Safepoint "Cleanup", Time since last: 1000846743 ns, Reaching safepoint: 574000 ns, At safepoint: 25200 ns, Total: 599200 ns
[2020-03-27T08:42:54.992+0000][1][safepoint    ] Safepoint "Cleanup", Time since last: 1002058042 ns, Reaching safepoint: 144200 ns, At safepoint: 26500 ns, Total: 170700 ns
[2020-03-27T08:42:55.992+0000][1][safepoint    ] Safepoint "RevokeBias", Time since last: 999364841 ns, Reaching safepoint: 125600 ns, At safepoint: 35100 ns, Total: 160700 ns
[2020-03-27T08:42:55.993+0000][1][safepoint    ] Safepoint "BulkRevokeBias", Time since last: 763000 ns, Reaching safepoint: 130800 ns, At safepoint: 544300 ns, Total: 675100 ns
[2020-03-27T08:42:56.996+0000][1][safepoint    ] Safepoint "Cleanup", Time since last: 1002322237 ns, Reaching safepoint: 151700 ns, At safepoint: 21200 ns, Total: 172900 ns
[2020-03-27T08:42:57.997+0000][1][safepoint    ] Safepoint "Cleanup", Time since last: 1001130736 ns, Reaching safepoint: 475501 ns, At safepoint: 26700 ns, Total: 502201 ns
[2020-03-27T08:42:58.165+0000][1][gc,start     ] GC(297) Pause Young (Allocation Failure)
[2020-03-27T08:42:58.166+0000][1][gc,task      ] GC(297) Using 2 workers of 2 for evacuation
[2020-03-27T08:42:58.170+0000][1][gc,age       ] GC(297) Desired survivor size 8716288 bytes, new threshold 6 (max threshold 6)
[2020-03-27T08:42:58.171+0000][1][gc,age       ] GC(297) Age table with threshold 6 (max threshold 6)
[2020-03-27T08:42:58.171+0000][1][gc,age       ] GC(297) - age   1:     647536 bytes,     647536 total
[2020-03-27T08:42:58.172+0000][1][gc,age       ] GC(297) - age   2:     240024 bytes,     887560 total
[2020-03-27T08:42:58.172+0000][1][gc,age       ] GC(297) - age   3:     404544 bytes,    1292104 total
[2020-03-27T08:42:58.173+0000][1][gc,heap      ] GC(297) ParNew: 139869K->2826K(153344K)
[2020-03-27T08:42:58.174+0000][1][gc,heap      ] GC(297) CMS: 152301K->152301K(353920K)
[2020-03-27T08:42:58.174+0000][1][gc,metaspace ] GC(297) Metaspace: 99509K->99509K(1140736K)
[2020-03-27T08:42:58.175+0000][1][gc           ] GC(297) Pause Young (Allocation Failure) 285M->151M(495M) 10.037ms
[2020-03-27T08:42:58.176+0000][1][gc,cpu       ] GC(297) User=0.01s Sys=0.00s Real=0.02s
[2020-03-27T08:42:58.176+0000][1][safepoint    ] Safepoint "GenCollectForAllocation", Time since last: 167591206 ns, Reaching safepoint: 134300 ns, At safepoint: 11213000 ns, Total: 11347300 ns
[2020-03-27T08:42:58.215+0000][1][safepoint    ] Safepoint "RevokeBias", Time since last: 38831801 ns, Reaching safepoint: 99800 ns, At safepoint: 24800 ns, Total: 124600 ns
[2020-03-27T08:42:58.964+0000][1][safepoint    ] Safepoint "RevokeBias", Time since last: 748239028 ns, Reaching safepoint: 176500 ns, At safepoint: 27500 ns, Total: 204000 ns
[2020-03-27T08:42:58.965+0000][1][safepoint    ] Safepoint "RevokeBias", Time since last: 1018100 ns, Reaching safepoint: 127500 ns, At safepoint: 16200 ns, Total: 143700 ns
[2020-03-27T08:42:58.967+0000][1][safepoint    ] Safepoint "RevokeBias", Time since last: 1622400 ns, Reaching safepoint: 92100 ns, At safepoint: 53100 ns, Total: 145200 ns
[2020-03-27T08:42:58.968+0000][1][safepoint    ] Safepoint "RevokeBias", Time since last: 1229700 ns, Reaching safepoint: 81900 ns, At safepoint: 22000 ns, Total: 103900 ns
[2020-03-27T08:42:59.012+0000][1][safepoint    ] Safepoint "RevokeBias", Time since last: 44330802 ns, Reaching safepoint: 116800 ns, At safepoint: 26800 ns, Total: 143600 ns
[2020-03-27T08:42:59.041+0000][1][safepoint    ] Safepoint "BulkRevokeBias", Time since last: 27807201 ns, Reaching safepoint: 117100 ns, At safepoint: 428200 ns, Total: 545300 ns
[2020-03-27T08:43:00.041+0000][1][safepoint    ] Safepoint "Cleanup", Time since last: 1000572536 ns, Reaching safepoint: 121600 ns, At safepoint: 26100 ns, Total: 147700 ns
[2020-03-27T08:43:01.043+0000][1][safepoint    ] Safepoint "Cleanup", Time since last: 1001012037 ns, Reaching safepoint: 152200 ns, At safepoint: 15700 ns, Total: 167900 ns
[2020-03-27T08:43:02.044+0000][1][safepoint    ] Safepoint "Cleanup", Time since last: 1001246937 ns, Reaching safepoint: 311400 ns, At safepoint: 69400 ns, Total: 380800 ns
[2020-03-27T08:43:02.913+0000][1][safepoint    ] Safepoint "RevokeBias", Time since last: 868698431 ns, Reaching safepoint: 119300 ns, At safepoint: 25800 ns, Total: 145100 ns
[2020-03-27T08:43:03.091+0000][1][safepoint    ] Safepoint "RevokeBias", Time since last: 178181507 ns, Reaching safepoint: 131000 ns, At safepoint: 32600 ns, Total: 163600 ns
[2020-03-27T08:43:03.092+0000][1][safepoint    ] Safepoint "RevokeBias", Time since last: 604000 ns, Reaching safepoint: 228100 ns, At safepoint: 22200 ns, Total: 250300 ns
[2020-03-27T08:43:03.094+0000][1][safepoint    ] Safepoint "RevokeBias", Time since last: 1157700 ns, Reaching safepoint: 109000 ns, At safepoint: 11900 ns, Total: 120900 ns
[2020-03-27T08:43:03.095+0000][1][safepoint    ] Safepoint "RevokeBias", Time since last: 1189200 ns, Reaching safepoint: 79400 ns, At safepoint: 22600 ns, Total: 102000 ns
[2020-03-27T08:43:03.136+0000][1][safepoint    ] Safepoint "RevokeBias", Time since last: 40711701 ns, Reaching safepoint: 240000 ns, At safepoint: 36100 ns, Total: 276100 ns
[2020-03-27T08:43:04.137+0000][1][safepoint    ] Safepoint "Cleanup", Time since last: 1000880229 ns, Reaching safepoint: 97600 ns, At safepoint: 17200 ns, Total: 114800 ns
[2020-03-27T08:43:05.138+0000][1][safepoint    ] Safepoint "Cleanup", Time since last: 1001003117 ns, Reaching safepoint: 143600 ns, At safepoint: 33500 ns, Total: 177100 ns
[2020-03-27T08:43:06.140+0000][1][safepoint    ] Safepoint "Cleanup", Time since last: 1001382117 ns, Reaching safepoint: 107900 ns, At safepoint: 21800 ns, Total: 129700 ns
[2020-03-27T08:43:07.141+0000][1][safepoint    ] Safepoint "Cleanup", Time since last: 1001091217 ns, Reaching safepoint: 507800 ns, At safepoint: 28000 ns, Total: 535800 ns
[2020-03-27T08:43:08.139+0000][1][gc,start     ] GC(298) Pause Young (Allocation Failure)
[2020-03-27T08:43:08.139+0000][1][gc,task      ] GC(298) Using 2 workers of 2 for evacuation
[2020-03-27T08:43:08.146+0000][1][gc,age       ] GC(298) Desired survivor size 8716288 bytes, new threshold 6 (max threshold 6)
[2020-03-27T08:43:08.146+0000][1][gc,age       ] GC(298) Age table with threshold 6 (max threshold 6)
[2020-03-27T08:43:08.146+0000][1][gc,age       ] GC(298) - age   1:     720536 bytes,     720536 total
[2020-03-27T08:43:08.147+0000][1][gc,age       ] GC(298) - age   2:     556664 bytes,    1277200 total
[2020-03-27T08:43:08.148+0000][1][gc,age       ] GC(298) - age   3:     233032 bytes,    1510232 total
[2020-03-27T08:43:08.148+0000][1][gc,age       ] GC(298) - age   4:     403840 bytes,    1914072 total
[2020-03-27T08:43:08.149+0000][1][gc,heap      ] GC(298) ParNew: 139146K->2359K(153344K)
[2020-03-27T08:43:08.149+0000][1][gc,heap      ] GC(298) CMS: 152301K->152301K(353920K)
[2020-03-27T08:43:08.149+0000][1][gc,metaspace ] GC(298) Metaspace: 99519K->99519K(1140736K)
[2020-03-27T08:43:08.150+0000][1][gc           ] GC(298) Pause Young (Allocation Failure) 284M->151M(495M) 11.133ms
[2020-03-27T08:43:08.150+0000][1][gc,cpu       ] GC(298) User=0.01s Sys=0.00s Real=0.01s
[2020-03-27T08:43:08.151+0000][1][safepoint    ] Safepoint "GenCollectForAllocation", Time since last: 997357617 ns, Reaching safepoint: 121700 ns, At safepoint: 12282800 ns, Total: 12404500 ns
[2020-03-27T08:43:08.174+0000][1][safepoint    ] Safepoint "RevokeBias", Time since last: 23374501 ns, Reaching safepoint: 96600 ns, At safepoint: 25600 ns, Total: 122200 ns
[2020-03-27T08:43:09.125+0000][1][safepoint    ] Safepoint "RevokeBias", Time since last: 950670416 ns, Reaching safepoint: 130200 ns, At safepoint: 20500 ns, Total: 150700 ns
[2020-03-27T08:43:09.127+0000][1][safepoint    ] Safepoint "RevokeBias", Time since last: 1382700 ns, Reaching safepoint: 115300 ns, At safepoint: 23600 ns, Total: 138900 ns
[2020-03-27T08:43:09.129+0000][1][safepoint    ] Safepoint "RevokeBias", Time since last: 2215900 ns, Reaching safepoint: 82500 ns, At safepoint: 21600 ns, Total: 104100 ns
[2020-03-27T08:43:09.131+0000][1][safepoint    ] Safepoint "RevokeBias", Time since last: 1284900 ns, Reaching safepoint: 163600 ns, At safepoint: 30900 ns, Total: 194500 ns
[2020-03-27T08:43:09.173+0000][1][safepoint    ] Safepoint "RevokeBias", Time since last: 42720900 ns, Reaching safepoint: 100600 ns, At safepoint: 34800 ns, Total: 135400 ns
[2020-03-27T08:43:10.174+0000][1][safepoint    ] Safepoint "Cleanup", Time since last: 1000441617 ns, Reaching safepoint: 130600 ns, At safepoint: 24000 ns, Total: 154600 ns
[2020-03-27T08:43:11.176+0000][1][safepoint    ] Safepoint "Cleanup", Time since last: 1001227117 ns, Reaching safepoint: 442900 ns, At safepoint: 86800 ns, Total: 529700 ns
[2020-03-27T08:43:12.178+0000][1][safepoint    ] Safepoint "Cleanup", Time since last: 1001827019 ns, Reaching safepoint: 279700 ns, At safepoint: 17900 ns, Total: 297600 ns
[2020-03-27T08:43:12.927+0000][1][safepoint    ] Safepoint "RevokeBias", Time since last: 749257614 ns, Reaching safepoint: 200800 ns, At safepoint: 58300 ns, Total: 259100 ns
[2020-03-27T08:43:13.241+0000][1][gc,start     ] GC(299) Pause Young (Allocation Failure)
[2020-03-27T08:43:13.241+0000][1][gc,task      ] GC(299) Using 2 workers of 2 for evacuation
[2020-03-27T08:43:13.248+0000][1][gc,age       ] GC(299) Desired survivor size 8716288 bytes, new threshold 6 (max threshold 6)
[2020-03-27T08:43:13.249+0000][1][gc,age       ] GC(299) Age table with threshold 6 (max threshold 6)
[2020-03-27T08:43:13.250+0000][1][gc,age       ] GC(299) - age   1:    3331664 bytes,    3331664 total
[2020-03-27T08:43:13.250+0000][1][gc,age       ] GC(299) - age   2:     569952 bytes,    3901616 total
[2020-03-27T08:43:13.250+0000][1][gc,age       ] GC(299) - age   3:     556664 bytes,    4458280 total
[2020-03-27T08:43:13.251+0000][1][gc,age       ] GC(299) - age   4:     233032 bytes,    4691312 total
[2020-03-27T08:43:13.251+0000][1][gc,age       ] GC(299) - age   5:     397080 bytes,    5088392 total
[2020-03-27T08:43:13.252+0000][1][gc,heap      ] GC(299) ParNew: 138679K->5938K(153344K)
[2020-03-27T08:43:13.252+0000][1][gc,heap      ] GC(299) CMS: 152301K->152301K(353920K)
[2020-03-27T08:43:13.253+0000][1][gc,metaspace ] GC(299) Metaspace: 99550K->99550K(1140736K)
[2020-03-27T08:43:13.253+0000][1][gc           ] GC(299) Pause Young (Allocation Failure) 284M->154M(495M) 12.360ms
[2020-03-27T08:43:13.253+0000][1][gc,cpu       ] GC(299) User=0.00s Sys=0.00s Real=0.01s
[2020-03-27T08:43:13.254+0000][1][safepoint    ] Safepoint "GenCollectForAllocation", Time since last: 312897007 ns, Reaching safepoint: 254900 ns, At safepoint: 13246600 ns, Total: 13501500 ns
[2020-03-27T08:43:13.264+0000][1][safepoint    ] Safepoint "RevokeBias", Time since last: 9792000 ns, Reaching safepoint: 120100 ns, At safepoint: 36400 ns, Total: 156500 ns
[2020-03-27T08:43:13.265+0000][1][safepoint    ] Safepoint "BulkRevokeBias", Time since last: 1002400 ns, Reaching safepoint: 81900 ns, At safepoint: 408100 ns, Total: 490000 ns
[2020-03-27T08:43:13.267+0000][1][safepoint    ] Safepoint "RevokeBias", Time since last: 1345800 ns, Reaching safepoint: 104100 ns, At safepoint: 15700 ns, Total: 119800 ns
[2020-03-27T08:43:13.268+0000][1][safepoint    ] Safepoint "BulkRevokeBias", Time since last: 649800 ns, Reaching safepoint: 64100 ns, At safepoint: 480500 ns, Total: 544600 ns
[2020-03-27T08:43:13.310+0000][1][safepoint    ] Safepoint "RevokeBias", Time since last: 41752901 ns, Reaching safepoint: 121000 ns, At safepoint: 37700 ns, Total: 158700 ns
[2020-03-27T08:43:14.311+0000][1][safepoint    ] Safepoint "Cleanup", Time since last: 1000576120 ns, Reaching safepoint: 451200 ns, At safepoint: 35800 ns, Total: 487000 ns
[2020-03-27T08:43:15.313+0000][1][safepoint    ] Safepoint "Cleanup", Time since last: 1001474419 ns, Reaching safepoint: 447300 ns, At safepoint: 78800 ns, Total: 526100 ns
[2020-03-27T08:43:16.315+0000][1][safepoint    ] Safepoint "Cleanup", Time since last: 1002155720 ns, Reaching safepoint: 323800 ns, At safepoint: 83600 ns, Total: 407400 ns
[2020-03-27T08:43:17.317+0000][1][safepoint    ] Safepoint "Cleanup", Time since last: 1001374420 ns, Reaching safepoint: 154900 ns, At safepoint: 32800 ns, Total: 187700 ns
[2020-03-27T08:43:18.170+0000][1][safepoint    ] Safepoint "RevokeBias", Time since last: 852740817 ns, Reaching safepoint: 240800 ns, At safepoint: 16300 ns, Total: 257100 ns
[2020-03-27T08:43:19.171+0000][1][safepoint    ] Safepoint "Cleanup", Time since last: 1000900719 ns, Reaching safepoint: 319300 ns, At safepoint: 79300 ns, Total: 398600 ns
[2020-03-27T08:43:20.175+0000][1][safepoint    ] Safepoint "Cleanup", Time since last: 1003016687 ns, Reaching safepoint: 443400 ns, At safepoint: 74700 ns, Total: 518100 ns
[2020-03-27T08:43:21.177+0000][1][safepoint    ] Safepoint "Cleanup", Time since last: 1002223155 ns, Reaching safepoint: 234600 ns, At safepoint: 55400 ns, Total: 290000 ns
[2020-03-27T08:43:22.677+0000][1][safepoint    ] Safepoint "Cleanup", Time since last: 1499420785 ns, Reaching safepoint: 369900 ns, At safepoint: 75499 ns, Total: 445399 ns
[2020-03-27T08:43:22.943+0000][1][safepoint    ] Safepoint "RevokeBias", Time since last: 265191556 ns, Reaching safepoint: 143100 ns, At safepoint: 31500 ns, Total: 174600 ns
[2020-03-27T08:43:23.944+0000][1][safepoint    ] Safepoint "Cleanup", Time since last: 1000703756 ns, Reaching safepoint: 423000 ns, At safepoint: 89700 ns, Total: 512700 ns
[2020-03-27T08:43:24.946+0000][1][safepoint    ] Safepoint "Cleanup", Time since last: 1001964555 ns, Reaching safepoint: 329000 ns, At safepoint: 85700 ns, Total: 414700 ns
[2020-03-27T08:43:25.949+0000][1][safepoint    ] Safepoint "Cleanup", Time since last: 1002323355 ns, Reaching safepoint: 126400 ns, At safepoint: 14800 ns, Total: 141200 ns
[2020-03-27T08:43:26.950+0000][1][safepoint    ] Safepoint "Cleanup", Time since last: 1001073556 ns, Reaching safepoint: 325300 ns, At safepoint: 86200 ns, Total: 411500 ns
[2020-03-27T08:43:27.953+0000][1][safepoint    ] Safepoint "Cleanup", Time since last: 1002304769 ns, Reaching safepoint: 373899 ns, At safepoint: 85100 ns, Total: 458999 ns
[2020-03-27T08:43:28.207+0000][1][safepoint    ] Safepoint "RevokeBias", Time since last: 253905393 ns, Reaching safepoint: 187900 ns, At safepoint: 15600 ns, Total: 203500 ns
[2020-03-27T08:43:29.208+0000][1][safepoint    ] Safepoint "Cleanup", Time since last: 1001003175 ns, Reaching safepoint: 202500 ns, At safepoint: 50300 ns, Total: 252800 ns
[2020-03-27T08:43:30.210+0000][1][safepoint    ] Safepoint "Cleanup", Time since last: 1001342575 ns, Reaching safepoint: 95400 ns, At safepoint: 20000 ns, Total: 115400 ns
[2020-03-27T08:43:31.211+0000][1][safepoint    ] Safepoint "Cleanup", Time since last: 1000724076 ns, Reaching safepoint: 471300 ns, At safepoint: 27000 ns, Total: 498300 ns
[2020-03-27T08:43:32.214+0000][1][safepoint    ] Safepoint "Cleanup", Time since last: 1002411975 ns, Reaching safepoint: 416900 ns, At safepoint: 83100 ns, Total: 500000 ns
[2020-03-27T08:43:32.929+0000][1][safepoint    ] Safepoint "RevokeBias", Time since last: 715369496 ns, Reaching safepoint: 172600 ns, At safepoint: 18400 ns, Total: 191000 ns
[2020-03-27T08:43:33.932+0000][1][safepoint    ] Safepoint "Cleanup", Time since last: 1001306176 ns, Reaching safepoint: 919899 ns, At safepoint: 109100 ns, Total: 1028999 ns
[2020-03-27T08:43:34.935+0000][1][safepoint    ] Safepoint "Cleanup", Time since last: 1002716975 ns, Reaching safepoint: 420700 ns, At safepoint: 25000 ns, Total: 445700 ns
[2020-03-27T08:43:35.937+0000][1][safepoint    ] Safepoint "Cleanup", Time since last: 1001978238 ns, Reaching safepoint: 408700 ns, At safepoint: 80100 ns, Total: 488800 ns
[2020-03-27T08:43:36.940+0000][1][safepoint    ] Safepoint "Cleanup", Time since last: 1001882211 ns, Reaching safepoint: 417000 ns, At safepoint: 28800 ns, Total: 445800 ns
[2020-03-27T08:43:37.942+0000][1][safepoint    ] Safepoint "Cleanup", Time since last: 1002123011 ns, Reaching safepoint: 399200 ns, At safepoint: 90200 ns, Total: 489400 ns
[2020-03-27T08:43:38.197+0000][1][safepoint    ] Safepoint "RevokeBias", Time since last: 254173502 ns, Reaching safepoint: 183800 ns, At safepoint: 14300 ns, Total: 198100 ns
[2020-03-27T08:43:39.198+0000][1][safepoint    ] Safepoint "Cleanup", Time since last: 1000693311 ns, Reaching safepoint: 458200 ns, At safepoint: 78100 ns, Total: 536300 ns
[2020-03-27T08:43:40.200+0000][1][safepoint    ] Safepoint "Cleanup", Time since last: 1001739811 ns, Reaching safepoint: 341700 ns, At safepoint: 81300 ns, Total: 423000 ns
[2020-03-27T08:43:41.202+0000][1][safepoint    ] Safepoint "Cleanup", Time since last: 1001771811 ns, Reaching safepoint: 168000 ns, At safepoint: 40200 ns, Total: 208200 ns
[2020-03-27T08:43:42.202+0000][1][gc,start     ] GC(300) Pause Young (Allocation Failure)
[2020-03-27T08:43:42.202+0000][1][gc,task      ] GC(300) Using 2 workers of 2 for evacuation
[2020-03-27T08:43:42.214+0000][1][gc,age       ] GC(300) Desired survivor size 8716288 bytes, new threshold 1 (max threshold 6)
[2020-03-27T08:43:42.215+0000][1][gc,age       ] GC(300) Age table with threshold 1 (max threshold 6)
[2020-03-27T08:43:42.221+0000][1][gc,age       ] GC(300) - age   1:   13707856 bytes,   13707856 total
[2020-03-27T08:43:42.222+0000][1][gc,age       ] GC(300) - age   2:     547472 bytes,   14255328 total
[2020-03-27T08:43:42.222+0000][1][gc,age       ] GC(300) - age   3:     560216 bytes,   14815544 total
[2020-03-27T08:43:42.223+0000][1][gc,age       ] GC(300) - age   4:     555832 bytes,   15371376 total
[2020-03-27T08:43:42.223+0000][1][gc,age       ] GC(300) - age   5:     231544 bytes,   15602920 total
[2020-03-27T08:43:42.223+0000][1][gc,age       ] GC(300) - age   6:     396712 bytes,   15999632 total
[2020-03-27T08:43:42.224+0000][1][gc,heap      ] GC(300) ParNew: 142258K->17024K(153344K)
[2020-03-27T08:43:42.224+0000][1][gc,heap      ] GC(300) CMS: 152301K->152301K(353920K)
[2020-03-27T08:43:42.225+0000][1][gc,metaspace ] GC(300) Metaspace: 99552K->99552K(1140736K)
[2020-03-27T08:43:42.225+0000][1][gc           ] GC(300) Pause Young (Allocation Failure) 287M->165M(495M) 23.229ms
[2020-03-27T08:43:42.226+0000][1][gc,cpu       ] GC(300) User=0.01s Sys=0.00s Real=0.03s
[2020-03-27T08:43:42.226+0000][1][safepoint    ] Safepoint "GenCollectForAllocation", Time since last: 999661211 ns, Reaching safepoint: 176300 ns, At safepoint: 24196700 ns, Total: 24373000 ns
[2020-03-27T08:43:42.940+0000][1][safepoint    ] Safepoint "RevokeBias", Time since last: 714128708 ns, Reaching safepoint: 244400 ns, At safepoint: 26100 ns, Total: 270500 ns
[2020-03-27T08:43:43.945+0000][1][safepoint    ] Safepoint "Cleanup", Time since last: 1004508303 ns, Reaching safepoint: 349100 ns, At safepoint: 90100 ns, Total: 439200 ns
[2020-03-27T08:43:44.260+0000][1][safepoint    ] Safepoint "RevokeBias", Time since last: 314130884 ns, Reaching safepoint: 205300 ns, At safepoint: 27400 ns, Total: 232700 ns
[2020-03-27T08:43:44.261+0000][1][safepoint    ] Safepoint "RevokeBias", Time since last: 879200 ns, Reaching safepoint: 189300 ns, At safepoint: 20400 ns, Total: 209700 ns
[2020-03-27T08:43:44.262+0000][1][safepoint    ] Safepoint "RevokeBias", Time since last: 338600 ns, Reaching safepoint: 348300 ns, At safepoint: 17900 ns, Total: 366200 ns
[2020-03-27T08:43:44.263+0000][1][safepoint    ] Safepoint "RevokeBias", Time since last: 1494100 ns, Reaching safepoint: 79300 ns, At safepoint: 18300 ns, Total: 97600 ns
[2020-03-27T08:43:44.265+0000][1][safepoint    ] Safepoint "RevokeBias", Time since last: 1130700 ns, Reaching safepoint: 256400 ns, At safepoint: 24400 ns, Total: 280800 ns
[2020-03-27T08:43:44.308+0000][1][safepoint    ] Safepoint "RevokeBias", Time since last: 43557098 ns, Reaching safepoint: 123500 ns, At safepoint: 32600 ns, Total: 156100 ns
[2020-03-27T08:43:44.379+0000][1][safepoint    ] Safepoint "RevokeBias", Time since last: 70478496 ns, Reaching safepoint: 188700 ns, At safepoint: 23700 ns, Total: 212400 ns
[2020-03-27T08:43:44.385+0000][1][safepoint    ] Safepoint "RevokeBias", Time since last: 5222300 ns, Reaching safepoint: 145600 ns, At safepoint: 176800 ns, Total: 322400 ns
[2020-03-27T08:43:44.387+0000][1][safepoint    ] Safepoint "RevokeBias", Time since last: 1613100 ns, Reaching safepoint: 766000 ns, At safepoint: 94000 ns, Total: 860000 ns
[2020-03-27T08:43:44.419+0000][1][safepoint    ] Safepoint "RevokeBias", Time since last: 31133198 ns, Reaching safepoint: 236400 ns, At safepoint: 369700 ns, Total: 606100 ns
[2020-03-27T08:43:44.420+0000][1][safepoint    ] Safepoint "RevokeBias", Time since last: 1117500 ns, Reaching safepoint: 234100 ns, At safepoint: 26500 ns, Total: 260600 ns
[2020-03-27T08:43:44.423+0000][1][safepoint    ] Safepoint "RevokeBias", Time since last: 2314900 ns, Reaching safepoint: 173800 ns, At safepoint: 32200 ns, Total: 206000 ns
[2020-03-27T08:43:44.425+0000][1][safepoint    ] Safepoint "RevokeBias", Time since last: 1609000 ns, Reaching safepoint: 173800 ns, At safepoint: 107600 ns, Total: 281400 ns
[2020-03-27T08:43:44.465+0000][1][safepoint    ] Safepoint "RevokeBias", Time since last: 40038698 ns, Reaching safepoint: 149000 ns, At safepoint: 21000 ns, Total: 170000 ns
[2020-03-27T08:43:44.519+0000][1][safepoint    ] Safepoint "RevokeBias", Time since last: 54203997 ns, Reaching safepoint: 118300 ns, At safepoint: 28900 ns, Total: 147200 ns
[2020-03-27T08:43:44.521+0000][1][safepoint    ] Safepoint "RevokeBias", Time since last: 1655500 ns, Reaching safepoint: 155500 ns, At safepoint: 23300 ns, Total: 178800 ns
[2020-03-27T08:43:44.522+0000][1][safepoint    ] Safepoint "RevokeBias", Time since last: 1132300 ns, Reaching safepoint: 67000 ns, At safepoint: 12500 ns, Total: 79500 ns
[2020-03-27T08:43:45.523+0000][1][safepoint    ] Safepoint "Cleanup", Time since last: 1000675151 ns, Reaching safepoint: 335900 ns, At safepoint: 124800 ns, Total: 460700 ns
[2020-03-27T08:43:45.676+0000][1][safepoint    ] Safepoint "RevokeBias", Time since last: 152752693 ns, Reaching safepoint: 192300 ns, At safepoint: 28300 ns, Total: 220600 ns
[2020-03-27T08:43:45.677+0000][1][safepoint    ] Safepoint "RevokeBias", Time since last: 578400 ns, Reaching safepoint: 137600 ns, At safepoint: 21100 ns, Total: 158700 ns
[2020-03-27T08:43:45.679+0000][1][safepoint    ] Safepoint "RevokeBias", Time since last: 1482900 ns, Reaching safepoint: 90900 ns, At safepoint: 11400 ns, Total: 102300 ns
[2020-03-27T08:43:45.680+0000][1][safepoint    ] Safepoint "RevokeBias", Time since last: 1098299 ns, Reaching safepoint: 60200 ns, At safepoint: 13400 ns, Total: 73600 ns
[2020-03-27T08:43:45.731+0000][1][safepoint    ] Safepoint "RevokeBias", Time since last: 51547398 ns, Reaching safepoint: 134200 ns, At safepoint: 28900 ns, Total: 163100 ns
[2020-03-27T08:43:45.747+0000][1][gc,start     ] GC(301) Pause Young (Allocation Failure)
[2020-03-27T08:43:45.748+0000][1][gc,task      ] GC(301) Using 2 workers of 2 for evacuation
[2020-03-27T08:43:45.753+0000][1][gc,age       ] GC(301) Desired survivor size 8716288 bytes, new threshold 6 (max threshold 6)
[2020-03-27T08:43:45.754+0000][1][gc,age       ] GC(301) Age table with threshold 6 (max threshold 6)
[2020-03-27T08:43:45.755+0000][1][gc,age       ] GC(301) - age   1:    1524560 bytes,    1524560 total
[2020-03-27T08:43:45.756+0000][1][gc,heap      ] GC(301) ParNew: 153344K->12756K(153344K)
[2020-03-27T08:43:45.756+0000][1][gc,heap      ] GC(301) CMS: 152301K->154551K(353920K)
[2020-03-27T08:43:45.757+0000][1][gc,metaspace ] GC(301) Metaspace: 99568K->99568K(1140736K)
[2020-03-27T08:43:45.757+0000][1][gc           ] GC(301) Pause Young (Allocation Failure) 298M->163M(495M) 9.969ms
[2020-03-27T08:43:45.758+0000][1][gc,cpu       ] GC(301) User=0.01s Sys=0.00s Real=0.01s
[2020-03-27T08:43:45.758+0000][1][safepoint    ] Safepoint "GenCollectForAllocation", Time since last: 15774899 ns, Reaching safepoint: 187400 ns, At safepoint: 11078300 ns, Total: 11265700 ns
[2020-03-27T08:43:45.798+0000][1][safepoint    ] Safepoint "RevokeBias", Time since last: 39706898 ns, Reaching safepoint: 183600 ns, At safepoint: 42300 ns, Total: 225900 ns
[2020-03-27T08:43:45.799+0000][1][safepoint    ] Safepoint "RevokeBias", Time since last: 465300 ns, Reaching safepoint: 144100 ns, At safepoint: 34600 ns, Total: 178700 ns
[2020-03-27T08:43:45.888+0000][1][safepoint    ] Safepoint "RevokeBias", Time since last: 88978695 ns, Reaching safepoint: 97300 ns, At safepoint: 24400 ns, Total: 121700 ns
[2020-03-27T08:43:45.889+0000][1][safepoint    ] Safepoint "RevokeBias", Time since last: 324400 ns, Reaching safepoint: 95700 ns, At safepoint: 19900 ns, Total: 115600 ns
[2020-03-27T08:43:45.889+0000][1][safepoint    ] Safepoint "RevokeBias", Time since last: 362300 ns, Reaching safepoint: 72800 ns, At safepoint: 20600 ns, Total: 93400 ns
[2020-03-27T08:43:45.890+0000][1][safepoint    ] Safepoint "RevokeBias", Time since last: 421800 ns, Reaching safepoint: 73900 ns, At safepoint: 22600 ns, Total: 96500 ns
[2020-03-27T08:43:45.890+0000][1][safepoint    ] Safepoint "RevokeBias", Time since last: 301900 ns, Reaching safepoint: 48900 ns, At safepoint: 46400 ns, Total: 95300 ns
[2020-03-27T08:43:45.890+0000][1][safepoint    ] Safepoint "RevokeBias", Time since last: 266900 ns, Reaching safepoint: 49000 ns, At safepoint: 46700 ns, Total: 95700 ns
[2020-03-27T08:43:45.891+0000][1][safepoint    ] Safepoint "RevokeBias", Time since last: 277800 ns, Reaching safepoint: 50100 ns, At safepoint: 20400 ns, Total: 70500 ns
[2020-03-27T08:43:46.807+0000][1][safepoint    ] Safepoint "RevokeBias", Time since last: 916344755 ns, Reaching safepoint: 119500 ns, At safepoint: 20900 ns, Total: 140400 ns
[2020-03-27T08:43:46.809+0000][1][safepoint    ] Safepoint "RevokeBias", Time since last: 1787900 ns, Reaching safepoint: 101000 ns, At safepoint: 6600 ns, Total: 107600 ns
[2020-03-27T08:43:46.810+0000][1][safepoint    ] Safepoint "RevokeBias", Time since last: 913700 ns, Reaching safepoint: 77300 ns, At safepoint: 15400 ns, Total: 92700 ns
[2020-03-27T08:43:46.811+0000][1][safepoint    ] Safepoint "RevokeBias", Time since last: 625800 ns, Reaching safepoint: 81400 ns, At safepoint: 7100 ns, Total: 88500 ns
[2020-03-27T08:43:47.812+0000][1][safepoint    ] Safepoint "Cleanup", Time since last: 1001030051 ns, Reaching safepoint: 326900 ns, At safepoint: 82700 ns, Total: 409600 ns
[2020-03-27T08:43:48.188+0000][1][safepoint    ] Safepoint "RevokeBias", Time since last: 375786981 ns, Reaching safepoint: 139000 ns, At safepoint: 53400 ns, Total: 192400 ns
[2020-03-27T08:43:48.421+0000][1][safepoint    ] Safepoint "RevokeBias", Time since last: 232258889 ns, Reaching safepoint: 165700 ns, At safepoint: 17600 ns, Total: 183300 ns
[2020-03-27T08:43:48.422+0000][1][safepoint    ] Safepoint "RevokeBias", Time since last: 992300 ns, Reaching safepoint: 111800 ns, At safepoint: 15600 ns, Total: 127400 ns
[2020-03-27T08:43:48.423+0000][1][safepoint    ] Safepoint "RevokeBias", Time since last: 1503500 ns, Reaching safepoint: 101700 ns, At safepoint: 11900 ns, Total: 113600 ns
[2020-03-27T08:43:48.424+0000][1][safepoint    ] Safepoint "RevokeBias", Time since last: 984000 ns, Reaching safepoint: 71200 ns, At safepoint: 21700 ns, Total: 92900 ns
[2020-03-27T08:43:48.470+0000][1][safepoint    ] Safepoint "RevokeBias", Time since last: 45389398 ns, Reaching safepoint: 124800 ns, At safepoint: 20700 ns, Total: 145500 ns
[2020-03-27T08:43:49.493+0000][1][safepoint    ] Safepoint "Cleanup", Time since last: 1022326549 ns, Reaching safepoint: 435200 ns, At safepoint: 87100 ns, Total: 522300 ns
[2020-03-27T08:43:50.496+0000][1][safepoint    ] Safepoint "Cleanup", Time since last: 1002616351 ns, Reaching safepoint: 462700 ns, At safepoint: 83800 ns, Total: 546500 ns
[2020-03-27T08:43:51.499+0000][1][safepoint    ] Safepoint "Cleanup", Time since last: 1002088651 ns, Reaching safepoint: 548600 ns, At safepoint: 71500 ns, Total: 620100 ns
[2020-03-27T08:43:52.501+0000][1][safepoint    ] Safepoint "Cleanup", Time since last: 1001858860 ns, Reaching safepoint: 331200 ns, At safepoint: 84700 ns, Total: 415900 ns
[2020-03-27T08:43:52.960+0000][1][safepoint    ] Safepoint "RevokeBias", Time since last: 459232916 ns, Reaching safepoint: 169600 ns, At safepoint: 58600 ns, Total: 228200 ns
[2020-03-27T08:43:53.558+0000][1][gc,start     ] GC(302) Pause Young (Allocation Failure)
[2020-03-27T08:43:53.559+0000][1][gc,task      ] GC(302) Using 2 workers of 2 for evacuation
[2020-03-27T08:43:53.566+0000][1][gc,age       ] GC(302) Desired survivor size 8716288 bytes, new threshold 6 (max threshold 6)
[2020-03-27T08:43:53.567+0000][1][gc,age       ] GC(302) Age table with threshold 6 (max threshold 6)
[2020-03-27T08:43:53.568+0000][1][gc,age       ] GC(302) - age   1:    4062896 bytes,    4062896 total
[2020-03-27T08:43:53.570+0000][1][gc,age       ] GC(302) - age   2:     920928 bytes,    4983824 total
[2020-03-27T08:43:53.571+0000][1][gc,heap      ] GC(302) ParNew: 149076K->5202K(153344K)
[2020-03-27T08:43:53.571+0000][1][gc,heap      ] GC(302) CMS: 154551K->154551K(353920K)
[2020-03-27T08:43:53.572+0000][1][gc,metaspace ] GC(302) Metaspace: 99568K->99568K(1140736K)
[2020-03-27T08:43:53.572+0000][1][gc           ] GC(302) Pause Young (Allocation Failure) 296M->156M(495M) 13.842ms
[2020-03-27T08:43:53.572+0000][1][gc,cpu       ] GC(302) User=0.01s Sys=0.00s Real=0.01s
[2020-03-27T08:43:53.573+0000][1][safepoint    ] Safepoint "GenCollectForAllocation", Time since last: 597438990 ns, Reaching safepoint: 272000 ns, At safepoint: 14733697 ns, Total: 15005697 ns
[2020-03-27T08:43:53.586+0000][1][safepoint    ] Safepoint "RevokeBias", Time since last: 13205398 ns, Reaching safepoint: 138500 ns, At safepoint: 21100 ns, Total: 159600 ns
[2020-03-27T08:43:53.587+0000][1][safepoint    ] Safepoint "RevokeBias", Time since last: 673700 ns, Reaching safepoint: 173600 ns, At safepoint: 13800 ns, Total: 187400 ns
[2020-03-27T08:43:53.588+0000][1][safepoint    ] Safepoint "RevokeBias", Time since last: 1102700 ns, Reaching safepoint: 62200 ns, At safepoint: 26700 ns, Total: 88900 ns
[2020-03-27T08:43:53.589+0000][1][safepoint    ] Safepoint "RevokeBias", Time since last: 596299 ns, Reaching safepoint: 62200 ns, At safepoint: 21100 ns, Total: 83300 ns
[2020-03-27T08:43:53.628+0000][1][safepoint    ] Safepoint "RevokeBias", Time since last: 38960993 ns, Reaching safepoint: 117000 ns, At safepoint: 21200 ns, Total: 138200 ns
[2020-03-27T08:43:53.657+0000][1][safepoint    ] Safepoint "RevokeBias", Time since last: 28760395 ns, Reaching safepoint: 191100 ns, At safepoint: 37500 ns, Total: 228600 ns
[2020-03-27T08:43:53.658+0000][1][safepoint    ] Safepoint "RevokeBias", Time since last: 278700 ns, Reaching safepoint: 157700 ns, At safepoint: 14000 ns, Total: 171700 ns
[2020-03-27T08:43:53.662+0000][1][safepoint    ] Safepoint "RevokeBias", Time since last: 4274499 ns, Reaching safepoint: 109900 ns, At safepoint: 23300 ns, Total: 133200 ns
[2020-03-27T08:43:54.658+0000][1][safepoint    ] Safepoint "RevokeBias", Time since last: 996075617 ns, Reaching safepoint: 347700 ns, At safepoint: 95100 ns, Total: 442800 ns
[2020-03-27T08:43:54.697+0000][1][safepoint    ] Safepoint "RevokeBias", Time since last: 38600993 ns, Reaching safepoint: 162300 ns, At safepoint: 26600 ns, Total: 188900 ns
[2020-03-27T08:43:55.699+0000][1][safepoint    ] Safepoint "Cleanup", Time since last: 1000900116 ns, Reaching safepoint: 337800 ns, At safepoint: 175600 ns, Total: 513400 ns
[2020-03-27T08:43:56.702+0000][1][safepoint    ] Safepoint "Cleanup", Time since last: 1002427816 ns, Reaching safepoint: 325700 ns, At safepoint: 86400 ns, Total: 412100 ns
[2020-03-27T08:43:57.704+0000][1][safepoint    ] Safepoint "Cleanup", Time since last: 1002466516 ns, Reaching safepoint: 326900 ns, At safepoint: 83900 ns, Total: 410800 ns
[2020-03-27T08:43:58.211+0000][1][safepoint    ] Safepoint "RevokeBias", Time since last: 506607707 ns, Reaching safepoint: 180100 ns, At safepoint: 12700 ns, Total: 192800 ns
[2020-03-27T08:43:58.222+0000][1][gc,start     ] GC(303) Pause Young (Allocation Failure)
[2020-03-27T08:43:58.222+0000][1][gc,task      ] GC(303) Using 2 workers of 2 for evacuation
[2020-03-27T08:43:58.227+0000][1][gc,age       ] GC(303) Desired survivor size 8716288 bytes, new threshold 3 (max threshold 6)
[2020-03-27T08:43:58.227+0000][1][gc,age       ] GC(303) Age table with threshold 3 (max threshold 6)
[2020-03-27T08:43:58.228+0000][1][gc,age       ] GC(303) - age   1:    7648112 bytes,    7648112 total
[2020-03-27T08:43:58.228+0000][1][gc,age       ] GC(303) - age   2:     708224 bytes,    8356336 total
[2020-03-27T08:43:58.229+0000][1][gc,age       ] GC(303) - age   3:     705168 bytes,    9061504 total
[2020-03-27T08:43:58.229+0000][1][gc,heap      ] GC(303) ParNew: 141522K->11293K(153344K)
[2020-03-27T08:43:58.230+0000][1][gc,heap      ] GC(303) CMS: 154551K->154551K(353920K)
[2020-03-27T08:43:58.230+0000][1][gc,metaspace ] GC(303) Metaspace: 99568K->99568K(1140736K)
[2020-03-27T08:43:58.231+0000][1][gc           ] GC(303) Pause Young (Allocation Failure) 289M->161M(495M) 8.934ms
[2020-03-27T08:43:58.231+0000][1][gc,cpu       ] GC(303) User=0.00s Sys=0.00s Real=0.01s
[2020-03-27T08:43:58.232+0000][1][safepoint    ] Safepoint "GenCollectForAllocation", Time since last: 10369198 ns, Reaching safepoint: 202900 ns, At safepoint: 9901798 ns, Total: 10104698 ns
[2020-03-27T08:43:58.572+0000][1][safepoint    ] Safepoint "RevokeBias", Time since last: 339938438 ns, Reaching safepoint: 279300 ns, At safepoint: 33800 ns, Total: 313100 ns
[2020-03-27T08:43:58.576+0000][1][safepoint    ] Safepoint "RevokeBias", Time since last: 3767399 ns, Reaching safepoint: 158900 ns, At safepoint: 18300 ns, Total: 177200 ns
[2020-03-27T08:43:58.577+0000][1][safepoint    ] Safepoint "RevokeBias", Time since last: 1554500 ns, Reaching safepoint: 76400 ns, At safepoint: 29500 ns, Total: 105900 ns
[2020-03-27T08:43:58.579+0000][1][safepoint    ] Safepoint "RevokeBias", Time since last: 1156299 ns, Reaching safepoint: 180200 ns, At safepoint: 14100 ns, Total: 194300 ns
[2020-03-27T08:43:58.633+0000][1][safepoint    ] Safepoint "RevokeBias", Time since last: 54103090 ns, Reaching safepoint: 329400 ns, At safepoint: 54700 ns, Total: 384100 ns
[2020-03-27T08:43:59.638+0000][1][safepoint    ] Safepoint "Cleanup", Time since last: 1003978716 ns, Reaching safepoint: 559300 ns, At safepoint: 80600 ns, Total: 639900 ns
[2020-03-27T08:44:00.640+0000][1][safepoint    ] Safepoint "Cleanup", Time since last: 1002187400 ns, Reaching safepoint: 94400 ns, At safepoint: 19100 ns, Total: 113500 ns
[2020-03-27T08:44:01.642+0000][1][safepoint    ] Safepoint "Cleanup", Time since last: 1001385363 ns, Reaching safepoint: 425798 ns, At safepoint: 81900 ns, Total: 507698 ns
[2020-03-27T08:44:02.645+0000][1][safepoint    ] Safepoint "Cleanup", Time since last: 1001937460 ns, Reaching safepoint: 353799 ns, At safepoint: 186999 ns, Total: 540798 ns
[2020-03-27T08:44:02.989+0000][1][safepoint    ] Safepoint "RevokeBias", Time since last: 343625446 ns, Reaching safepoint: 508198 ns, At safepoint: 470998 ns, Total: 979196 ns
[2020-03-27T08:44:03.807+0000][1][safepoint    ] Safepoint "RevokeBias", Time since last: 817389401 ns, Reaching safepoint: 294900 ns, At safepoint: 29100 ns, Total: 324000 ns
[2020-03-27T08:44:03.808+0000][1][safepoint    ] Safepoint "RevokeBias", Time since last: 753500 ns, Reaching safepoint: 67400 ns, At safepoint: 21000 ns, Total: 88400 ns
[2020-03-27T08:44:03.810+0000][1][safepoint    ] Safepoint "RevokeBias", Time since last: 1836600 ns, Reaching safepoint: 67300 ns, At safepoint: 19900 ns, Total: 87200 ns
[2020-03-27T08:44:03.811+0000][1][safepoint    ] Safepoint "RevokeBias", Time since last: 1045300 ns, Reaching safepoint: 80800 ns, At safepoint: 12400 ns, Total: 93200 ns
[2020-03-27T08:44:03.855+0000][1][safepoint    ] Safepoint "RevokeBias", Time since last: 43656899 ns, Reaching safepoint: 109600 ns, At safepoint: 28400 ns, Total: 138000 ns
[2020-03-27T08:44:05.759+0000][1][safepoint    ] Safepoint "Cleanup", Time since last: 1904018461 ns, Reaching safepoint: 344600 ns, At safepoint: 79800 ns, Total: 424400 ns
[2020-03-27T08:44:06.761+0000][1][safepoint    ] Safepoint "Cleanup", Time since last: 1001717880 ns, Reaching safepoint: 114800 ns, At safepoint: 31100 ns, Total: 145900 ns
[2020-03-27T08:44:07.762+0000][1][safepoint    ] Safepoint "Cleanup", Time since last: 1001004380 ns, Reaching safepoint: 338700 ns, At safepoint: 92400 ns, Total: 431100 ns
[2020-03-27T08:44:08.201+0000][1][gc,start     ] GC(304) Pause Young (Allocation Failure)
[2020-03-27T08:44:08.201+0000][1][gc,task      ] GC(304) Using 2 workers of 2 for evacuation
[2020-03-27T08:44:08.208+0000][1][gc,age       ] GC(304) Desired survivor size 8716288 bytes, new threshold 6 (max threshold 6)
[2020-03-27T08:44:08.208+0000][1][gc,age       ] GC(304) Age table with threshold 6 (max threshold 6)
[2020-03-27T08:44:08.209+0000][1][gc,age       ] GC(304) - age   1:     976664 bytes,     976664 total
[2020-03-27T08:44:08.209+0000][1][gc,age       ] GC(304) - age   2:     230320 bytes,    1206984 total
[2020-03-27T08:44:08.209+0000][1][gc,age       ] GC(304) - age   3:     420264 bytes,    1627248 total
[2020-03-27T08:44:08.210+0000][1][gc,heap      ] GC(304) ParNew: 147613K->7766K(153344K)
[2020-03-27T08:44:08.210+0000][1][gc,heap      ] GC(304) CMS: 154551K->155248K(353920K)
[2020-03-27T08:44:08.211+0000][1][gc,metaspace ] GC(304) Metaspace: 99568K->99568K(1140736K)
[2020-03-27T08:44:08.211+0000][1][gc           ] GC(304) Pause Young (Allocation Failure) 295M->159M(495M) 10.290ms
[2020-03-27T08:44:08.212+0000][1][gc,cpu       ] GC(304) User=0.01s Sys=0.00s Real=0.01s
[2020-03-27T08:44:08.212+0000][1][safepoint    ] Safepoint "GenCollectForAllocation", Time since last: 438426302 ns, Reaching safepoint: 123700 ns, At safepoint: 11193204 ns, Total: 11316904 ns
[2020-03-27T08:44:08.232+0000][1][safepoint    ] Safepoint "RevokeBias", Time since last: 19517206 ns, Reaching safepoint: 93900 ns, At safepoint: 24000 ns, Total: 117900 ns
[2020-03-27T08:44:08.739+0000][1][safepoint    ] Safepoint "RevokeBias", Time since last: 506693057 ns, Reaching safepoint: 209200 ns, At safepoint: 17600 ns, Total: 226800 ns
[2020-03-27T08:44:08.740+0000][1][safepoint    ] Safepoint "RevokeBias", Time since last: 1483901 ns, Reaching safepoint: 91400 ns, At safepoint: 22600 ns, Total: 114000 ns
[2020-03-27T08:44:08.742+0000][1][safepoint    ] Safepoint "RevokeBias", Time since last: 1588400 ns, Reaching safepoint: 94500 ns, At safepoint: 14000 ns, Total: 108500 ns
[2020-03-27T08:44:08.743+0000][1][safepoint    ] Safepoint "RevokeBias", Time since last: 1078201 ns, Reaching safepoint: 65200 ns, At safepoint: 21600 ns, Total: 86800 ns
[2020-03-27T08:44:08.785+0000][1][safepoint    ] Safepoint "RevokeBias", Time since last: 41680713 ns, Reaching safepoint: 127900 ns, At safepoint: 30400 ns, Total: 158300 ns
[2020-03-27T08:44:09.786+0000][1][safepoint    ] Safepoint "Cleanup", Time since last: 1000628411 ns, Reaching safepoint: 94600 ns, At safepoint: 6400 ns, Total: 101000 ns
[2020-03-27T08:44:10.787+0000][1][safepoint    ] Safepoint "Cleanup", Time since last: 1000749511 ns, Reaching safepoint: 135000 ns, At safepoint: 5500 ns, Total: 140500 ns
[2020-03-27T08:44:11.787+0000][1][safepoint    ] Safepoint "Cleanup", Time since last: 1000517511 ns, Reaching safepoint: 112200 ns, At safepoint: 15500 ns, Total: 127700 ns
[2020-03-27T08:44:12.789+0000][1][safepoint    ] Safepoint "Cleanup", Time since last: 1000818911 ns, Reaching safepoint: 324800 ns, At safepoint: 87900 ns, Total: 412700 ns
[2020-03-27T08:44:12.970+0000][1][safepoint    ] Safepoint "RevokeBias", Time since last: 180943256 ns, Reaching safepoint: 140600 ns, At safepoint: 18000 ns, Total: 158600 ns
[2020-03-27T08:44:13.930+0000][1][safepoint    ] Safepoint "RevokeBias", Time since last: 959858898 ns, Reaching safepoint: 182400 ns, At safepoint: 33100 ns, Total: 215500 ns
[2020-03-27T08:44:13.931+0000][1][safepoint    ] Safepoint "BulkRevokeBias", Time since last: 611601 ns, Reaching safepoint: 160900 ns, At safepoint: 425700 ns, Total: 586600 ns
[2020-03-27T08:44:13.932+0000][1][safepoint    ] Safepoint "RevokeBias", Time since last: 1380700 ns, Reaching safepoint: 83800 ns, At safepoint: 22700 ns, Total: 106500 ns
[2020-03-27T08:44:13.934+0000][1][safepoint    ] Safepoint "BulkRevokeBias", Time since last: 627800 ns, Reaching safepoint: 87900 ns, At safepoint: 466501 ns, Total: 554401 ns
[2020-03-27T08:44:13.993+0000][1][safepoint    ] Safepoint "BulkRevokeBias", Time since last: 58468418 ns, Reaching safepoint: 127900 ns, At safepoint: 516200 ns, Total: 644100 ns
[2020-03-27T08:44:14.994+0000][1][safepoint    ] Safepoint "Cleanup", Time since last: 1000487811 ns, Reaching safepoint: 326400 ns, At safepoint: 227700 ns, Total: 554100 ns
[2020-03-27T08:44:16.563+0000][1][safepoint    ] Safepoint "Cleanup", Time since last: 1568563639 ns, Reaching safepoint: 460800 ns, At safepoint: 80000 ns, Total: 540800 ns
[2020-03-27T08:44:17.565+0000][1][safepoint    ] Safepoint "Cleanup", Time since last: 1002063593 ns, Reaching safepoint: 372200 ns, At safepoint: 82400 ns, Total: 454600 ns
[2020-03-27T08:44:18.145+0000][1][gc,start     ] GC(305) Pause Young (Allocation Failure)
[2020-03-27T08:44:18.145+0000][1][gc,task      ] GC(305) Using 2 workers of 2 for evacuation
[2020-03-27T08:44:18.149+0000][1][gc,age       ] GC(305) Desired survivor size 8716288 bytes, new threshold 6 (max threshold 6)
[2020-03-27T08:44:18.150+0000][1][gc,age       ] GC(305) Age table with threshold 6 (max threshold 6)
[2020-03-27T08:44:18.150+0000][1][gc,age       ] GC(305) - age   1:     985192 bytes,     985192 total
[2020-03-27T08:44:18.151+0000][1][gc,age       ] GC(305) - age   2:     559784 bytes,    1544976 total
[2020-03-27T08:44:18.151+0000][1][gc,age       ] GC(305) - age   3:     226912 bytes,    1771888 total
[2020-03-27T08:44:18.152+0000][1][gc,age       ] GC(305) - age   4:     419992 bytes,    2191880 total
[2020-03-27T08:44:18.152+0000][1][gc,heap      ] GC(305) ParNew: 144086K->3508K(153344K)
[2020-03-27T08:44:18.152+0000][1][gc,heap      ] GC(305) CMS: 155248K->155248K(353920K)
[2020-03-27T08:44:18.153+0000][1][gc,metaspace ] GC(305) Metaspace: 99568K->99568K(1140736K)
[2020-03-27T08:44:18.153+0000][1][gc           ] GC(305) Pause Young (Allocation Failure) 292M->155M(495M) 8.882ms
[2020-03-27T08:44:18.154+0000][1][gc,cpu       ] GC(305) User=0.01s Sys=0.00s Real=0.01s
[2020-03-27T08:44:18.154+0000][1][safepoint    ] Safepoint "GenCollectForAllocation", Time since last: 579081954 ns, Reaching safepoint: 137500 ns, At safepoint: 9701301 ns, Total: 9838801 ns
[2020-03-27T08:44:18.182+0000][1][safepoint    ] Safepoint "RevokeBias", Time since last: 27916802 ns, Reaching safepoint: 95000 ns, At safepoint: 23900 ns, Total: 118900 ns
[2020-03-27T08:44:19.183+0000][1][safepoint    ] Safepoint "Cleanup", Time since last: 1000845593 ns, Reaching safepoint: 140500 ns, At safepoint: 29200 ns, Total: 169700 ns
[2020-03-27T08:44:20.185+0000][1][safepoint    ] Safepoint "Cleanup", Time since last: 1001126093 ns, Reaching safepoint: 412400 ns, At safepoint: 80300 ns, Total: 492700 ns
[2020-03-27T08:44:21.187+0000][1][safepoint    ] Safepoint "Cleanup", Time since last: 1001934693 ns, Reaching safepoint: 140900 ns, At safepoint: 29700 ns, Total: 170600 ns
[2020-03-27T08:44:22.189+0000][1][safepoint    ] Safepoint "Cleanup", Time since last: 1001071393 ns, Reaching safepoint: 366900 ns, At safepoint: 120700 ns, Total: 487600 ns
[2020-03-27T08:44:22.978+0000][1][safepoint    ] Safepoint "RevokeBias", Time since last: 789276273 ns, Reaching safepoint: 229100 ns, At safepoint: 27700 ns, Total: 256800 ns
[2020-03-27T08:44:23.979+0000][1][safepoint    ] Safepoint "Cleanup", Time since last: 1001042483 ns, Reaching safepoint: 238700 ns, At safepoint: 58700 ns, Total: 297400 ns
[2020-03-27T08:44:24.981+0000][1][safepoint    ] Safepoint "Cleanup", Time since last: 1001638573 ns, Reaching safepoint: 322300 ns, At safepoint: 79300 ns, Total: 401600 ns
[2020-03-27T08:44:25.985+0000][1][safepoint    ] Safepoint "Cleanup", Time since last: 1002624572 ns, Reaching safepoint: 326700 ns, At safepoint: 135400 ns, Total: 462100 ns
[2020-03-27T08:44:26.987+0000][1][safepoint    ] Safepoint "Cleanup", Time since last: 1002095373 ns, Reaching safepoint: 332600 ns, At safepoint: 94900 ns, Total: 427500 ns
[2020-03-27T08:44:27.989+0000][1][safepoint    ] Safepoint "Cleanup", Time since last: 1002066473 ns, Reaching safepoint: 102700 ns, At safepoint: 23700 ns, Total: 126400 ns
[2020-03-27T08:44:28.231+0000][1][safepoint    ] Safepoint "RevokeBias", Time since last: 241634494 ns, Reaching safepoint: 108500 ns, At safepoint: 34700 ns, Total: 143200 ns
[2020-03-27T08:44:29.232+0000][1][safepoint    ] Safepoint "Cleanup", Time since last: 1000867972 ns, Reaching safepoint: 132600 ns, At safepoint: 26400 ns, Total: 159000 ns
[2020-03-27T08:44:30.233+0000][1][safepoint    ] Safepoint "Cleanup", Time since last: 1000826073 ns, Reaching safepoint: 122100 ns, At safepoint: 27000 ns, Total: 149100 ns
[2020-03-27T08:44:31.234+0000][1][safepoint    ] Safepoint "Cleanup", Time since last: 1000879473 ns, Reaching safepoint: 447300 ns, At safepoint: 85000 ns, Total: 532300 ns
[2020-03-27T08:44:32.237+0000][1][safepoint    ] Safepoint "Cleanup", Time since last: 1002308960 ns, Reaching safepoint: 121400 ns, At safepoint: 26400 ns, Total: 147800 ns
[2020-03-27T08:44:32.978+0000][1][safepoint    ] Safepoint "RevokeBias", Time since last: 740841251 ns, Reaching safepoint: 198700 ns, At safepoint: 16400 ns, Total: 215100 ns
[2020-03-27T08:44:33.980+0000][1][safepoint    ] Safepoint "Cleanup", Time since last: 1001191833 ns, Reaching safepoint: 429200 ns, At safepoint: 88800 ns, Total: 518000 ns
[2020-03-27T08:44:34.982+0000][1][safepoint    ] Safepoint "Cleanup", Time since last: 1001934134 ns, Reaching safepoint: 375500 ns, At safepoint: 80800 ns, Total: 456300 ns
[2020-03-27T08:44:35.985+0000][1][safepoint    ] Safepoint "Cleanup", Time since last: 1002494633 ns, Reaching safepoint: 328500 ns, At safepoint: 89400 ns, Total: 417900 ns
[2020-03-27T08:44:36.988+0000][1][safepoint    ] Safepoint "Cleanup", Time since last: 1002499833 ns, Reaching safepoint: 411300 ns, At safepoint: 80200 ns, Total: 491500 ns
[2020-03-27T08:44:37.990+0000][1][safepoint    ] Safepoint "Cleanup", Time since last: 1001959234 ns, Reaching safepoint: 325500 ns, At safepoint: 84600 ns, Total: 410100 ns
[2020-03-27T08:44:38.184+0000][1][safepoint    ] Safepoint "RevokeBias", Time since last: 193864287 ns, Reaching safepoint: 109900 ns, At safepoint: 29000 ns, Total: 138900 ns
[2020-03-27T08:44:39.186+0000][1][safepoint    ] Safepoint "Cleanup", Time since last: 1000869333 ns, Reaching safepoint: 507900 ns, At safepoint: 75600 ns, Total: 583500 ns
[2020-03-27T08:44:40.188+0000][1][safepoint    ] Safepoint "Cleanup", Time since last: 1001921353 ns, Reaching safepoint: 146500 ns, At safepoint: 32400 ns, Total: 178900 ns
[2020-03-27T08:44:41.190+0000][1][safepoint    ] Safepoint "Cleanup", Time since last: 1001536302 ns, Reaching safepoint: 410701 ns, At safepoint: 85601 ns, Total: 496302 ns
[2020-03-27T08:44:42.193+0000][1][safepoint    ] Safepoint "Cleanup", Time since last: 1002079103 ns, Reaching safepoint: 634802 ns, At safepoint: 24000 ns, Total: 658802 ns
[2020-03-27T08:44:43.005+0000][1][safepoint    ] Safepoint "RevokeBias", Time since last: 811757538 ns, Reaching safepoint: 814903 ns, At safepoint: 62500 ns, Total: 877403 ns
[2020-03-27T08:44:43.564+0000][1][safepoint    ] Safepoint "BulkRevokeBias", Time since last: 558505453 ns, Reaching safepoint: 97300 ns, At safepoint: 412702 ns, Total: 510002 ns
[2020-03-27T08:44:43.568+0000][1][safepoint    ] Safepoint "RevokeBias", Time since last: 3681413 ns, Reaching safepoint: 108400 ns, At safepoint: 29500 ns, Total: 137900 ns
[2020-03-27T08:44:43.873+0000][1][gc,start     ] GC(306) Pause Young (Allocation Failure)
[2020-03-27T08:44:43.873+0000][1][gc,task      ] GC(306) Using 2 workers of 2 for evacuation
[2020-03-27T08:44:43.879+0000][1][gc,age       ] GC(306) Desired survivor size 8716288 bytes, new threshold 1 (max threshold 6)
[2020-03-27T08:44:43.879+0000][1][gc,age       ] GC(306) Age table with threshold 1 (max threshold 6)
[2020-03-27T08:44:43.879+0000][1][gc,age       ] GC(306) - age   1:   13422640 bytes,   13422640 total
[2020-03-27T08:44:43.880+0000][1][gc,age       ] GC(306) - age   2:     957952 bytes,   14380592 total
[2020-03-27T08:44:43.880+0000][1][gc,age       ] GC(306) - age   3:     557968 bytes,   14938560 total
[2020-03-27T08:44:43.880+0000][1][gc,age       ] GC(306) - age   4:     226640 bytes,   15165200 total
[2020-03-27T08:44:43.881+0000][1][gc,age       ] GC(306) - age   5:     419736 bytes,   15584936 total
[2020-03-27T08:44:43.881+0000][1][gc,heap      ] GC(306) ParNew: 139828K->16425K(153344K)
[2020-03-27T08:44:43.881+0000][1][gc,heap      ] GC(306) CMS: 155248K->155248K(353920K)
[2020-03-27T08:44:43.881+0000][1][gc,metaspace ] GC(306) Metaspace: 99574K->99574K(1140736K)
[2020-03-27T08:44:43.882+0000][1][gc           ] GC(306) Pause Young (Allocation Failure) 288M->167M(495M) 9.174ms
[2020-03-27T08:44:43.882+0000][1][gc,cpu       ] GC(306) User=0.01s Sys=0.00s Real=0.01s
[2020-03-27T08:44:43.882+0000][1][safepoint    ] Safepoint "GenCollectForAllocation", Time since last: 304259664 ns, Reaching safepoint: 192401 ns, At safepoint: 9795234 ns, Total: 9987635 ns
[2020-03-27T08:44:43.922+0000][1][safepoint    ] Safepoint "RevokeBias", Time since last: 39614338 ns, Reaching safepoint: 290201 ns, At safepoint: 32401 ns, Total: 322602 ns
[2020-03-27T08:44:43.923+0000][1][safepoint    ] Safepoint "RevokeBias", Time since last: 669202 ns, Reaching safepoint: 140100 ns, At safepoint: 23300 ns, Total: 163400 ns
[2020-03-27T08:44:43.924+0000][1][safepoint    ] Safepoint "RevokeBias", Time since last: 492902 ns, Reaching safepoint: 136401 ns, At safepoint: 32400 ns, Total: 168801 ns
[2020-03-27T08:44:43.925+0000][1][safepoint    ] Safepoint "RevokeBias", Time since last: 713102 ns, Reaching safepoint: 102101 ns, At safepoint: 38000 ns, Total: 140101 ns
[2020-03-27T08:44:43.926+0000][1][safepoint    ] Safepoint "RevokeBias", Time since last: 943603 ns, Reaching safepoint: 184001 ns, At safepoint: 24200 ns, Total: 208201 ns
[2020-03-27T08:44:43.964+0000][1][safepoint    ] Safepoint "RevokeBias", Time since last: 38134033 ns, Reaching safepoint: 206801 ns, At safepoint: 19500 ns, Total: 226301 ns
[2020-03-27T08:44:44.049+0000][1][safepoint    ] Safepoint "RevokeBias", Time since last: 84169594 ns, Reaching safepoint: 332501 ns, At safepoint: 123301 ns, Total: 455802 ns
[2020-03-27T08:44:44.101+0000][1][safepoint    ] Safepoint "RevokeBias", Time since last: 51385579 ns, Reaching safepoint: 420502 ns, At safepoint: 17300 ns, Total: 437802 ns
[2020-03-27T08:44:44.101+0000][1][safepoint    ] Safepoint "RevokeBias", Time since last: 450702 ns, Reaching safepoint: 258200 ns, At safepoint: 15100 ns, Total: 273300 ns
[2020-03-27T08:44:44.102+0000][1][safepoint    ] Safepoint "RevokeBias", Time since last: 996804 ns, Reaching safepoint: 103600 ns, At safepoint: 11800 ns, Total: 115400 ns
[2020-03-27T08:44:44.104+0000][1][safepoint    ] Safepoint "RevokeBias", Time since last: 982504 ns, Reaching safepoint: 180700 ns, At safepoint: 12901 ns, Total: 193601 ns
[2020-03-27T08:44:44.144+0000][1][safepoint    ] Safepoint "RevokeBias", Time since last: 40239040 ns, Reaching safepoint: 147901 ns, At safepoint: 22400 ns, Total: 170301 ns
[2020-03-27T08:44:44.191+0000][1][safepoint    ] Safepoint "RevokeBias", Time since last: 46628263 ns, Reaching safepoint: 296401 ns, At safepoint: 170500 ns, Total: 466901 ns
[2020-03-27T08:44:44.192+0000][1][safepoint    ] Safepoint "RevokeBias", Time since last: 515202 ns, Reaching safepoint: 156301 ns, At safepoint: 145700 ns, Total: 302001 ns
[2020-03-27T08:44:44.197+0000][1][safepoint    ] Safepoint "RevokeBias", Time since last: 4479916 ns, Reaching safepoint: 165301 ns, At safepoint: 333001 ns, Total: 498302 ns
[2020-03-27T08:44:44.200+0000][1][safepoint    ] Safepoint "RevokeBias", Time since last: 2862010 ns, Reaching safepoint: 457901 ns, At safepoint: 36000 ns, Total: 493901 ns
[2020-03-27T08:44:45.201+0000][1][safepoint    ] Safepoint "Cleanup", Time since last: 1000475898 ns, Reaching safepoint: 100201 ns, At safepoint: 5300 ns, Total: 105501 ns
[2020-03-27T08:44:45.333+0000][1][safepoint    ] Safepoint "RevokeBias", Time since last: 132230762 ns, Reaching safepoint: 239201 ns, At safepoint: 31300 ns, Total: 270501 ns
[2020-03-27T08:44:45.334+0000][1][safepoint    ] Safepoint "RevokeBias", Time since last: 570502 ns, Reaching safepoint: 90700 ns, At safepoint: 12600 ns, Total: 103300 ns
[2020-03-27T08:44:45.336+0000][1][safepoint    ] Safepoint "RevokeBias", Time since last: 1421105 ns, Reaching safepoint: 82001 ns, At safepoint: 21700 ns, Total: 103701 ns
[2020-03-27T08:44:45.337+0000][1][safepoint    ] Safepoint "RevokeBias", Time since last: 1013903 ns, Reaching safepoint: 60000 ns, At safepoint: 21900 ns, Total: 81900 ns
[2020-03-27T08:44:45.385+0000][1][safepoint    ] Safepoint "RevokeBias", Time since last: 47692220 ns, Reaching safepoint: 98500 ns, At safepoint: 38900 ns, Total: 137400 ns
[2020-03-27T08:44:46.386+0000][1][safepoint    ] Safepoint "Cleanup", Time since last: 1001007607 ns, Reaching safepoint: 117100 ns, At safepoint: 18100 ns, Total: 135200 ns
[2020-03-27T08:44:47.387+0000][1][safepoint    ] Safepoint "Cleanup", Time since last: 1000975206 ns, Reaching safepoint: 565700 ns, At safepoint: 73900 ns, Total: 639600 ns
[2020-03-27T08:44:48.160+0000][1][gc,start     ] GC(307) Pause Young (Allocation Failure)
[2020-03-27T08:44:48.161+0000][1][gc,task      ] GC(307) Using 2 workers of 2 for evacuation
[2020-03-27T08:44:48.169+0000][1][gc,age       ] GC(307) Desired survivor size 8716288 bytes, new threshold 6 (max threshold 6)
[2020-03-27T08:44:48.170+0000][1][gc,age       ] GC(307) Age table with threshold 6 (max threshold 6)
[2020-03-27T08:44:48.170+0000][1][gc,age       ] GC(307) - age   1:    1530320 bytes,    1530320 total
[2020-03-27T08:44:48.171+0000][1][gc,heap      ] GC(307) ParNew: 152745K->11962K(153344K)
[2020-03-27T08:44:48.171+0000][1][gc,heap      ] GC(307) CMS: 155248K->157155K(353920K)
[2020-03-27T08:44:48.172+0000][1][gc,metaspace ] GC(307) Metaspace: 99587K->99587K(1140736K)
[2020-03-27T08:44:48.173+0000][1][gc           ] GC(307) Pause Young (Allocation Failure) 300M->165M(495M) 12.139ms
[2020-03-27T08:44:48.173+0000][1][gc,cpu       ] GC(307) User=0.01s Sys=0.00s Real=0.01s
[2020-03-27T08:44:48.174+0000][1][safepoint    ] Safepoint "GenCollectForAllocation", Time since last: 772977237 ns, Reaching safepoint: 102500 ns, At safepoint: 13383893 ns, Total: 13486393 ns
[2020-03-27T08:44:48.199+0000][1][safepoint    ] Safepoint "RevokeBias", Time since last: 24957987 ns, Reaching safepoint: 95700 ns, At safepoint: 23600 ns, Total: 119300 ns
[2020-03-27T08:44:49.101+0000][1][safepoint    ] Safepoint "RevokeBias", Time since last: 901499934 ns, Reaching safepoint: 144600 ns, At safepoint: 34000 ns, Total: 178600 ns
[2020-03-27T08:44:49.102+0000][1][safepoint    ] Safepoint "RevokeBias", Time since last: 1307199 ns, Reaching safepoint: 89500 ns, At safepoint: 14800 ns, Total: 104300 ns
[2020-03-27T08:44:49.103+0000][1][safepoint    ] Safepoint "RevokeBias", Time since last: 1432700 ns, Reaching safepoint: 83200 ns, At safepoint: 20800 ns, Total: 104000 ns
[2020-03-27T08:44:49.105+0000][1][safepoint    ] Safepoint "RevokeBias", Time since last: 1072999 ns, Reaching safepoint: 66400 ns, At safepoint: 10900 ns, Total: 77300 ns
[2020-03-27T08:44:49.147+0000][1][safepoint    ] Safepoint "RevokeBias", Time since last: 41780478 ns, Reaching safepoint: 115500 ns, At safepoint: 26600 ns, Total: 142100 ns
[2020-03-27T08:44:50.147+0000][1][safepoint    ] Safepoint "Cleanup", Time since last: 1000479984 ns, Reaching safepoint: 117700 ns, At safepoint: 26100 ns, Total: 143800 ns
[2020-03-27T08:44:51.149+0000][1][safepoint    ] Safepoint "Cleanup", Time since last: 1001095583 ns, Reaching safepoint: 410600 ns, At safepoint: 85200 ns, Total: 495800 ns
[2020-03-27T08:44:52.151+0000][1][safepoint    ] Safepoint "Cleanup", Time since last: 1002191382 ns, Reaching safepoint: 369700 ns, At safepoint: 82500 ns, Total: 452200 ns
[2020-03-27T08:44:53.000+0000][1][safepoint    ] Safepoint "RevokeBias", Time since last: 848305762 ns, Reaching safepoint: 114900 ns, At safepoint: 15400 ns, Total: 130300 ns
[2020-03-27T08:44:53.259+0000][1][safepoint    ] Safepoint "RevokeBias", Time since last: 258755266 ns, Reaching safepoint: 276900 ns, At safepoint: 34300 ns, Total: 311200 ns
[2020-03-27T08:44:53.260+0000][1][safepoint    ] Safepoint "RevokeBias", Time since last: 669500 ns, Reaching safepoint: 70600 ns, At safepoint: 13200 ns, Total: 83800 ns
[2020-03-27T08:44:53.261+0000][1][safepoint    ] Safepoint "RevokeBias", Time since last: 1595699 ns, Reaching safepoint: 66200 ns, At safepoint: 11300 ns, Total: 77500 ns
[2020-03-27T08:44:53.262+0000][1][safepoint    ] Safepoint "RevokeBias", Time since last: 1073599 ns, Reaching safepoint: 82400 ns, At safepoint: 21000 ns, Total: 103400 ns
[2020-03-27T08:44:53.301+0000][1][safepoint    ] Safepoint "RevokeBias", Time since last: 38197380 ns, Reaching safepoint: 139400 ns, At safepoint: 19800 ns, Total: 159200 ns
[2020-03-27T08:44:54.302+0000][1][safepoint    ] Safepoint "Cleanup", Time since last: 1000728584 ns, Reaching safepoint: 96700 ns, At safepoint: 5200 ns, Total: 101900 ns
[2020-03-27T08:44:55.302+0000][1][safepoint    ] Safepoint "Cleanup", Time since last: 1000576383 ns, Reaching safepoint: 92600 ns, At safepoint: 7900 ns, Total: 100500 ns
[2020-03-27T08:44:56.304+0000][1][safepoint    ] Safepoint "Cleanup", Time since last: 1000763853 ns, Reaching safepoint: 308099 ns, At safepoint: 168200 ns, Total: 476299 ns
[2020-03-27T08:44:57.305+0000][1][safepoint    ] Safepoint "Cleanup", Time since last: 1001790984 ns, Reaching safepoint: 94700 ns, At safepoint: 15500 ns, Total: 110200 ns
[2020-03-27T08:44:58.171+0000][1][gc,start     ] GC(308) Pause Young (Allocation Failure)
[2020-03-27T08:44:58.171+0000][1][gc,task      ] GC(308) Using 2 workers of 2 for evacuation
[2020-03-27T08:44:58.175+0000][1][gc,age       ] GC(308) Desired survivor size 8716288 bytes, new threshold 6 (max threshold 6)
[2020-03-27T08:44:58.175+0000][1][gc,age       ] GC(308) Age table with threshold 6 (max threshold 6)
[2020-03-27T08:44:58.176+0000][1][gc,age       ] GC(308) - age   1:    1105552 bytes,    1105552 total
[2020-03-27T08:44:58.176+0000][1][gc,age       ] GC(308) - age   2:     949384 bytes,    2054936 total
[2020-03-27T08:44:58.177+0000][1][gc,heap      ] GC(308) ParNew: 148282K->3270K(153344K)
[2020-03-27T08:44:58.177+0000][1][gc,heap      ] GC(308) CMS: 157155K->157155K(353920K)
[2020-03-27T08:44:58.178+0000][1][gc,metaspace ] GC(308) Metaspace: 99587K->99587K(1140736K)
[2020-03-27T08:44:58.178+0000][1][gc           ] GC(308) Pause Young (Allocation Failure) 298M->156M(495M) 7.353ms
[2020-03-27T08:44:58.179+0000][1][gc,cpu       ] GC(308) User=0.01s Sys=0.00s Real=0.01s
[2020-03-27T08:44:58.179+0000][1][safepoint    ] Safepoint "GenCollectForAllocation", Time since last: 865236927 ns, Reaching safepoint: 123300 ns, At safepoint: 8303497 ns, Total: 8426797 ns
[2020-03-27T08:44:58.222+0000][1][safepoint    ] Safepoint "RevokeBias", Time since last: 42233587 ns, Reaching safepoint: 96100 ns, At safepoint: 40700 ns, Total: 136800 ns
[2020-03-27T08:44:59.223+0000][1][safepoint    ] Safepoint "Cleanup", Time since last: 1000839984 ns, Reaching safepoint: 465199 ns, At safepoint: 33200 ns, Total: 498399 ns
[2020-03-27T08:44:59.243+0000][1][safepoint    ] Safepoint "RevokeBias", Time since last: 19482994 ns, Reaching safepoint: 137000 ns, At safepoint: 39600 ns, Total: 176600 ns
[2020-03-27T08:44:59.243+0000][1][safepoint    ] Safepoint "RevokeBias", Time since last: 713200 ns, Reaching safepoint: 67700 ns, At safepoint: 21700 ns, Total: 89400 ns
[2020-03-27T08:44:59.245+0000][1][safepoint    ] Safepoint "RevokeBias", Time since last: 1281200 ns, Reaching safepoint: 93800 ns, At safepoint: 23100 ns, Total: 116900 ns
[2020-03-27T08:44:59.245+0000][1][safepoint    ] Safepoint "RevokeBias", Time since last: 566699 ns, Reaching safepoint: 80100 ns, At safepoint: 20500 ns, Total: 100600 ns
[2020-03-27T08:44:59.291+0000][1][safepoint    ] Safepoint "RevokeBias", Time since last: 45203786 ns, Reaching safepoint: 246400 ns, At safepoint: 22500 ns, Total: 268900 ns
[2020-03-27T08:44:59.373+0000][1][safepoint    ] Safepoint "RevokeBias", Time since last: 81855274 ns, Reaching safepoint: 105100 ns, At safepoint: 22300 ns, Total: 127400 ns
[2020-03-27T08:44:59.555+0000][1][gc,start     ] GC(309) Pause Young (Allocation Failure)
[2020-03-27T08:44:59.556+0000][1][gc,task      ] GC(309) Using 2 workers of 2 for evacuation
[2020-03-27T08:44:59.560+0000][1][gc,age       ] GC(309) Desired survivor size 8716288 bytes, new threshold 6 (max threshold 6)
[2020-03-27T08:44:59.560+0000][1][gc,age       ] GC(309) Age table with threshold 6 (max threshold 6)
[2020-03-27T08:44:59.561+0000][1][gc,age       ] GC(309) - age   1:    1722232 bytes,    1722232 total
[2020-03-27T08:44:59.561+0000][1][gc,age       ] GC(309) - age   2:     578536 bytes,    2300768 total
[2020-03-27T08:44:59.562+0000][1][gc,age       ] GC(309) - age   3:     949416 bytes,    3250184 total
[2020-03-27T08:44:59.562+0000][1][gc,heap      ] GC(309) ParNew: 139590K->3484K(153344K)
[2020-03-27T08:44:59.563+0000][1][gc,heap      ] GC(309) CMS: 157155K->157155K(353920K)
[2020-03-27T08:44:59.563+0000][1][gc,metaspace ] GC(309) Metaspace: 99588K->99588K(1140736K)
[2020-03-27T08:44:59.564+0000][1][gc           ] GC(309) Pause Young (Allocation Failure) 289M->156M(495M) 8.803ms
[2020-03-27T08:44:59.564+0000][1][gc,cpu       ] GC(309) User=0.01s Sys=0.00s Real=0.01s
[2020-03-27T08:44:59.565+0000][1][safepoint    ] Safepoint "GenCollectForAllocation", Time since last: 182057643 ns, Reaching safepoint: 95200 ns, At safepoint: 9747896 ns, Total: 9843096 ns
[2020-03-27T08:44:59.673+0000][1][safepoint    ] Safepoint "RevokeBias", Time since last: 107693566 ns, Reaching safepoint: 208500 ns, At safepoint: 19600 ns, Total: 228100 ns
[2020-03-27T08:44:59.674+0000][1][safepoint    ] Safepoint "BulkRevokeBias", Time since last: 355000 ns, Reaching safepoint: 121200 ns, At safepoint: 414200 ns, Total: 535400 ns
[2020-03-27T08:45:00.373+0000][1][safepoint    ] Safepoint "RevokeBias", Time since last: 699248779 ns, Reaching safepoint: 98100 ns, At safepoint: 9900 ns, Total: 108000 ns
[2020-03-27T08:45:00.376+0000][1][safepoint    ] Safepoint "RevokeBias", Time since last: 2483099 ns, Reaching safepoint: 305600 ns, At safepoint: 9000 ns, Total: 314600 ns
[2020-03-27T08:45:00.377+0000][1][safepoint    ] Safepoint "RevokeBias", Time since last: 959700 ns, Reaching safepoint: 51700 ns, At safepoint: 7400 ns, Total: 59100 ns
[2020-03-27T08:45:00.378+0000][1][safepoint    ] Safepoint "RevokeBias", Time since last: 925900 ns, Reaching safepoint: 106400 ns, At safepoint: 129500 ns, Total: 235900 ns
[2020-03-27T08:45:00.379+0000][1][safepoint    ] Safepoint "RevokeBias", Time since last: 675899 ns, Reaching safepoint: 109800 ns, At safepoint: 7800 ns, Total: 117600 ns
[2020-03-27T08:45:00.380+0000][1][safepoint    ] Safepoint "RevokeBias", Time since last: 649300 ns, Reaching safepoint: 208000 ns, At safepoint: 8200 ns, Total: 216200 ns
[2020-03-27T08:45:00.380+0000][1][safepoint    ] Safepoint "RevokeBias", Time since last: 502400 ns, Reaching safepoint: 124900 ns, At safepoint: 8100 ns, Total: 133000 ns
[2020-03-27T08:45:00.381+0000][1][safepoint    ] Safepoint "RevokeBias", Time since last: 649700 ns, Reaching safepoint: 103400 ns, At safepoint: 19800 ns, Total: 123200 ns
[2020-03-27T08:45:00.382+0000][1][safepoint    ] Safepoint "RevokeBias", Time since last: 897499 ns, Reaching safepoint: 127200 ns, At safepoint: 81100 ns, Total: 208300 ns
[2020-03-27T08:45:01.383+0000][1][safepoint    ] Safepoint "Cleanup", Time since last: 1000386084 ns, Reaching safepoint: 589700 ns, At safepoint: 21700 ns, Total: 611400 ns
[2020-03-27T08:45:02.384+0000][1][safepoint    ] Safepoint "Cleanup", Time since last: 1000495684 ns, Reaching safepoint: 115800 ns, At safepoint: 17300 ns, Total: 133100 ns
[2020-03-27T08:45:03.004+0000][1][safepoint    ] Safepoint "RevokeBias", Time since last: 620537704 ns, Reaching safepoint: 158100 ns, At safepoint: 40200 ns, Total: 198300 ns
[2020-03-27T08:45:03.518+0000][1][safepoint    ] Safepoint "RevokeBias", Time since last: 513584538 ns, Reaching safepoint: 138700 ns, At safepoint: 17000 ns, Total: 155700 ns
[2020-03-27T08:45:03.519+0000][1][safepoint    ] Safepoint "RevokeBias", Time since last: 800800 ns, Reaching safepoint: 71800 ns, At safepoint: 12500 ns, Total: 84300 ns
[2020-03-27T08:45:03.521+0000][1][safepoint    ] Safepoint "RevokeBias", Time since last: 1502799 ns, Reaching safepoint: 72100 ns, At safepoint: 21200 ns, Total: 93300 ns
[2020-03-27T08:45:03.521+0000][1][safepoint    ] Safepoint "RevokeBias", Time since last: 495300 ns, Reaching safepoint: 58100 ns, At safepoint: 23300 ns, Total: 81400 ns
[2020-03-27T08:45:03.560+0000][1][safepoint    ] Safepoint "RevokeBias", Time since last: 38361488 ns, Reaching safepoint: 131500 ns, At safepoint: 17600 ns, Total: 149100 ns
[2020-03-27T08:45:03.591+0000][1][safepoint    ] Safepoint "BulkRevokeBias", Time since last: 30427090 ns, Reaching safepoint: 564600 ns, At safepoint: 662100 ns, Total: 1226700 ns
[2020-03-27T08:45:04.592+0000][1][safepoint    ] Safepoint "Cleanup", Time since last: 1000490650 ns, Reaching safepoint: 273000 ns, At safepoint: 10200 ns, Total: 283200 ns
[2020-03-27T08:45:05.593+0000][1][safepoint    ] Safepoint "Cleanup", Time since last: 1000674453 ns, Reaching safepoint: 103800 ns, At safepoint: 4700 ns, Total: 108500 ns
[2020-03-27T08:45:06.594+0000][1][safepoint    ] Safepoint "Cleanup", Time since last: 1000694552 ns, Reaching safepoint: 265500 ns, At safepoint: 67500 ns, Total: 333000 ns
[2020-03-27T08:45:07.596+0000][1][safepoint    ] Safepoint "Cleanup", Time since last: 1002042252 ns, Reaching safepoint: 114900 ns, At safepoint: 21400 ns, Total: 136300 ns
[2020-03-27T08:45:08.169+0000][1][safepoint    ] Safepoint "RevokeBias", Time since last: 572275073 ns, Reaching safepoint: 154700 ns, At safepoint: 29700 ns, Total: 184400 ns
[2020-03-27T08:45:08.518+0000][1][gc,start     ] GC(310) Pause Young (Allocation Failure)
[2020-03-27T08:45:08.520+0000][1][gc,task      ] GC(310) Using 2 workers of 2 for evacuation
[2020-03-27T08:45:08.529+0000][1][gc,age       ] GC(310) Desired survivor size 8716288 bytes, new threshold 4 (max threshold 6)
[2020-03-27T08:45:08.529+0000][1][gc,age       ] GC(310) Age table with threshold 4 (max threshold 6)
[2020-03-27T08:45:08.530+0000][1][gc,age       ] GC(310) - age   1:    8435720 bytes,    8435720 total
[2020-03-27T08:45:08.531+0000][1][gc,age       ] GC(310) - age   2:      13104 bytes,    8448824 total
[2020-03-27T08:45:08.531+0000][1][gc,age       ] GC(310) - age   3:     214304 bytes,    8663128 total
[2020-03-27T08:45:08.532+0000][1][gc,age       ] GC(310) - age   4:     360728 bytes,    9023856 total
[2020-03-27T08:45:08.532+0000][1][gc,heap      ] GC(310) ParNew: 139804K->10364K(153344K)
[2020-03-27T08:45:08.533+0000][1][gc,heap      ] GC(310) CMS: 157155K->157155K(353920K)
[2020-03-27T08:45:08.533+0000][1][gc,metaspace ] GC(310) Metaspace: 99612K->99612K(1140736K)
[2020-03-27T08:45:08.533+0000][1][gc           ] GC(310) Pause Young (Allocation Failure) 290M->163M(495M) 15.315ms
[2020-03-27T08:45:08.534+0000][1][gc,cpu       ] GC(310) User=0.00s Sys=0.00s Real=0.01s
[2020-03-27T08:45:08.534+0000][1][safepoint    ] Safepoint "GenCollectForAllocation", Time since last: 348824783 ns, Reaching safepoint: 651000 ns, At safepoint: 16262699 ns, Total: 16913699 ns
[2020-03-27T08:45:08.548+0000][1][safepoint    ] Safepoint "RevokeBias", Time since last: 13427300 ns, Reaching safepoint: 106200 ns, At safepoint: 25200 ns, Total: 131400 ns
[2020-03-27T08:45:08.549+0000][1][safepoint    ] Safepoint "RevokeBias", Time since last: 810299 ns, Reaching safepoint: 94500 ns, At safepoint: 22000 ns, Total: 116500 ns
[2020-03-27T08:45:08.550+0000][1][safepoint    ] Safepoint "RevokeBias", Time since last: 1257000 ns, Reaching safepoint: 63800 ns, At safepoint: 22100 ns, Total: 85900 ns
[2020-03-27T08:45:08.551+0000][1][safepoint    ] Safepoint "RevokeBias", Time since last: 951600 ns, Reaching safepoint: 57700 ns, At safepoint: 17300 ns, Total: 75000 ns
[2020-03-27T08:45:08.600+0000][1][safepoint    ] Safepoint "RevokeBias", Time since last: 48100298 ns, Reaching safepoint: 328300 ns, At safepoint: 44300 ns, Total: 372600 ns
[2020-03-27T08:45:09.600+0000][1][safepoint    ] Safepoint "Cleanup", Time since last: 1000500252 ns, Reaching safepoint: 94100 ns, At safepoint: 15900 ns, Total: 110000 ns
[2020-03-27T08:45:10.601+0000][1][safepoint    ] Safepoint "Cleanup", Time since last: 1000713952 ns, Reaching safepoint: 121600 ns, At safepoint: 21000 ns, Total: 142600 ns
[2020-03-27T08:45:11.602+0000][1][safepoint    ] Safepoint "Cleanup", Time since last: 1000693853 ns, Reaching safepoint: 101500 ns, At safepoint: 18700 ns, Total: 120200 ns
[2020-03-27T08:45:12.603+0000][1][safepoint    ] Safepoint "Cleanup", Time since last: 1000724208 ns, Reaching safepoint: 98600 ns, At safepoint: 19800 ns, Total: 118400 ns
[2020-03-27T08:45:13.007+0000][1][safepoint    ] Safepoint "RevokeBias", Time since last: 403893417 ns, Reaching safepoint: 141800 ns, At safepoint: 30600 ns, Total: 172400 ns
[2020-03-27T08:45:13.711+0000][1][safepoint    ] Safepoint "RevokeBias", Time since last: 703548730 ns, Reaching safepoint: 166900 ns, At safepoint: 31200 ns, Total: 198100 ns
[2020-03-27T08:45:13.712+0000][1][safepoint    ] Safepoint "BulkRevokeBias", Time since last: 743400 ns, Reaching safepoint: 81100 ns, At safepoint: 442800 ns, Total: 523900 ns
[2020-03-27T08:45:13.714+0000][1][safepoint    ] Safepoint "RevokeBias", Time since last: 1766200 ns, Reaching safepoint: 105100 ns, At safepoint: 22200 ns, Total: 127300 ns
[2020-03-27T08:45:13.715+0000][1][safepoint    ] Safepoint "BulkRevokeBias", Time since last: 1102700 ns, Reaching safepoint: 74400 ns, At safepoint: 393600 ns, Total: 468000 ns
[2020-03-27T08:45:13.758+0000][1][safepoint    ] Safepoint "RevokeBias", Time since last: 42863202 ns, Reaching safepoint: 219900 ns, At safepoint: 29700 ns, Total: 249600 ns
[2020-03-27T08:45:14.759+0000][1][safepoint    ] Safepoint "Cleanup", Time since last: 1000441943 ns, Reaching safepoint: 102500 ns, At safepoint: 16200 ns, Total: 118700 ns
[2020-03-27T08:45:15.760+0000][1][safepoint    ] Safepoint "Cleanup", Time since last: 1000745143 ns, Reaching safepoint: 118100 ns, At safepoint: 18400 ns, Total: 136500 ns
[2020-03-27T08:45:16.761+0000][1][safepoint    ] Safepoint "Cleanup", Time since last: 1000857243 ns, Reaching safepoint: 345000 ns, At safepoint: 91200 ns, Total: 436200 ns
[2020-03-27T08:45:17.763+0000][1][safepoint    ] Safepoint "Cleanup", Time since last: 1001886343 ns, Reaching safepoint: 122400 ns, At safepoint: 22400 ns, Total: 144800 ns
[2020-03-27T08:45:18.170+0000][1][safepoint    ] Safepoint "RevokeBias", Time since last: 406861417 ns, Reaching safepoint: 96600 ns, At safepoint: 24700 ns, Total: 121300 ns
[2020-03-27T08:45:18.183+0000][1][gc,start     ] GC(311) Pause Young (Allocation Failure)
[2020-03-27T08:45:18.183+0000][1][gc,task      ] GC(311) Using 2 workers of 2 for evacuation
[2020-03-27T08:45:18.189+0000][1][gc,age       ] GC(311) Desired survivor size 8716288 bytes, new threshold 1 (max threshold 6)
[2020-03-27T08:45:18.189+0000][1][gc,age       ] GC(311) Age table with threshold 1 (max threshold 6)
[2020-03-27T08:45:18.190+0000][1][gc,age       ] GC(311) - age   1:    8936568 bytes,    8936568 total
[2020-03-27T08:45:18.190+0000][1][gc,age       ] GC(311) - age   2:     550312 bytes,    9486880 total
[2020-03-27T08:45:18.191+0000][1][gc,age       ] GC(311) - age   3:      12400 bytes,    9499280 total
[2020-03-27T08:45:18.191+0000][1][gc,age       ] GC(311) - age   4:     213552 bytes,    9712832 total
[2020-03-27T08:45:18.192+0000][1][gc,heap      ] GC(311) ParNew: 146684K->14699K(153344K)
[2020-03-27T08:45:18.192+0000][1][gc,heap      ] GC(311) CMS: 157155K->157515K(353920K)
[2020-03-27T08:45:18.193+0000][1][gc,metaspace ] GC(311) Metaspace: 99619K->99619K(1140736K)
[2020-03-27T08:45:18.193+0000][1][gc           ] GC(311) Pause Young (Allocation Failure) 296M->168M(495M) 10.017ms
[2020-03-27T08:45:18.193+0000][1][gc,cpu       ] GC(311) User=0.01s Sys=0.00s Real=0.01s
[2020-03-27T08:45:18.194+0000][1][safepoint    ] Safepoint "GenCollectForAllocation", Time since last: 12576501 ns, Reaching safepoint: 135700 ns, At safepoint: 10966800 ns, Total: 11102500 ns
[2020-03-27T08:45:19.195+0000][1][safepoint    ] Safepoint "Cleanup", Time since last: 1000633843 ns, Reaching safepoint: 113600 ns, At safepoint: 22500 ns, Total: 136100 ns
[2020-03-27T08:45:20.196+0000][1][safepoint    ] Safepoint "Cleanup", Time since last: 1000835245 ns, Reaching safepoint: 430100 ns, At safepoint: 81300 ns, Total: 511400 ns
[2020-03-27T08:45:21.198+0000][1][safepoint    ] Safepoint "Cleanup", Time since last: 1001945656 ns, Reaching safepoint: 329000 ns, At safepoint: 83300 ns, Total: 412300 ns
[2020-03-27T08:45:22.201+0000][1][safepoint    ] Safepoint "Cleanup", Time since last: 1002127956 ns, Reaching safepoint: 460900 ns, At safepoint: 83800 ns, Total: 544700 ns
[2020-03-27T08:45:23.008+0000][1][safepoint    ] Safepoint "RevokeBias", Time since last: 807210345 ns, Reaching safepoint: 122800 ns, At safepoint: 22600 ns, Total: 145400 ns
[2020-03-27T08:45:24.009+0000][1][safepoint    ] Safepoint "Cleanup", Time since last: 1000587156 ns, Reaching safepoint: 379300 ns, At safepoint: 83300 ns, Total: 462600 ns
[2020-03-27T08:45:25.011+0000][1][safepoint    ] Safepoint "Cleanup", Time since last: 1001773756 ns, Reaching safepoint: 104000 ns, At safepoint: 17300 ns, Total: 121300 ns
[2020-03-27T08:45:26.012+0000][1][safepoint    ] Safepoint "Cleanup", Time since last: 1000656856 ns, Reaching safepoint: 107300 ns, At safepoint: 19400 ns, Total: 126700 ns
[2020-03-27T08:45:27.013+0000][1][safepoint    ] Safepoint "Cleanup", Time since last: 1000842456 ns, Reaching safepoint: 167300 ns, At safepoint: 30900 ns, Total: 198200 ns
[2020-03-27T08:45:28.014+0000][1][safepoint    ] Safepoint "Cleanup", Time since last: 1001032356 ns, Reaching safepoint: 115900 ns, At safepoint: 20200 ns, Total: 136100 ns
[2020-03-27T08:45:28.207+0000][1][safepoint    ] Safepoint "RevokeBias", Time since last: 192410809 ns, Reaching safepoint: 97300 ns, At safepoint: 25600 ns, Total: 122900 ns
[2020-03-27T08:45:29.208+0000][1][safepoint    ] Safepoint "Cleanup", Time since last: 1000881148 ns, Reaching safepoint: 324100 ns, At safepoint: 85700 ns, Total: 409800 ns
[2020-03-27T08:45:30.210+0000][1][safepoint    ] Safepoint "Cleanup", Time since last: 1002054749 ns, Reaching safepoint: 95600 ns, At safepoint: 16000 ns, Total: 111600 ns
[2020-03-27T08:45:31.211+0000][1][safepoint    ] Safepoint "Cleanup", Time since last: 1000787448 ns, Reaching safepoint: 123500 ns, At safepoint: 6100 ns, Total: 129600 ns
[2020-03-27T08:45:32.231+0000][1][safepoint    ] Safepoint "Cleanup", Time since last: 1019290949 ns, Reaching safepoint: 104900 ns, At safepoint: 15100 ns, Total: 120000 ns
[2020-03-27T08:45:33.020+0000][1][safepoint    ] Safepoint "RevokeBias", Time since last: 788232638 ns, Reaching safepoint: 863800 ns, At safepoint: 59100 ns, Total: 922900 ns
[2020-03-27T08:45:34.021+0000][1][safepoint    ] Safepoint "Cleanup", Time since last: 1000928248 ns, Reaching safepoint: 421500 ns, At safepoint: 85200 ns, Total: 506700 ns
[2020-03-27T08:45:35.024+0000][1][safepoint    ] Safepoint "Cleanup", Time since last: 1001925049 ns, Reaching safepoint: 477300 ns, At safepoint: 27500 ns, Total: 504800 ns
[2020-03-27T08:45:36.026+0000][1][safepoint    ] Safepoint "Cleanup", Time since last: 1001978948 ns, Reaching safepoint: 91300 ns, At safepoint: 6600 ns, Total: 97900 ns
[2020-03-27T08:45:37.026+0000][1][safepoint    ] Safepoint "Cleanup", Time since last: 1000588056 ns, Reaching safepoint: 95400 ns, At safepoint: 16400 ns, Total: 111800 ns
[2020-03-27T08:45:38.028+0000][1][safepoint    ] Safepoint "Cleanup", Time since last: 1000872956 ns, Reaching safepoint: 534000 ns, At safepoint: 31600 ns, Total: 565600 ns
[2020-03-27T08:45:38.180+0000][1][safepoint    ] Safepoint "RevokeBias", Time since last: 152352809 ns, Reaching safepoint: 119000 ns, At safepoint: 31900 ns, Total: 150900 ns
[2020-03-27T08:45:39.181+0000][1][safepoint    ] Safepoint "Cleanup", Time since last: 1000823256 ns, Reaching safepoint: 94700 ns, At safepoint: 31300 ns, Total: 126000 ns
[2020-03-27T08:45:40.183+0000][1][safepoint    ] Safepoint "Cleanup", Time since last: 1001133856 ns, Reaching safepoint: 397200 ns, At safepoint: 67800 ns, Total: 465000 ns
[2020-03-27T08:45:41.186+0000][1][safepoint    ] Safepoint "Cleanup", Time since last: 1002398356 ns, Reaching safepoint: 598400 ns, At safepoint: 45100 ns, Total: 643500 ns
[2020-03-27T08:45:42.189+0000][1][safepoint    ] Safepoint "Cleanup", Time since last: 1002129356 ns, Reaching safepoint: 326900 ns, At safepoint: 179700 ns, Total: 506600 ns
[2020-03-27T08:45:43.036+0000][1][safepoint    ] Safepoint "RevokeBias", Time since last: 846377447 ns, Reaching safepoint: 607601 ns, At safepoint: 35200 ns, Total: 642801 ns
[2020-03-27T08:45:43.704+0000][1][gc,start     ] GC(312) Pause Young (Allocation Failure)
[2020-03-27T08:45:43.704+0000][1][gc,task      ] GC(312) Using 2 workers of 2 for evacuation
[2020-03-27T08:45:43.709+0000][1][gc,age       ] GC(312) Desired survivor size 8716288 bytes, new threshold 6 (max threshold 6)
[2020-03-27T08:45:43.710+0000][1][gc,age       ] GC(312) Age table with threshold 6 (max threshold 6)
[2020-03-27T08:45:43.711+0000][1][gc,age       ] GC(312) - age   1:    5465528 bytes,    5465528 total
[2020-03-27T08:45:43.712+0000][1][gc,heap      ] GC(312) ParNew: 151019K->8951K(153344K)
[2020-03-27T08:45:43.713+0000][1][gc,heap      ] GC(312) CMS: 157515K->160305K(353920K)
[2020-03-27T08:45:43.713+0000][1][gc,metaspace ] GC(312) Metaspace: 99625K->99625K(1140736K)
[2020-03-27T08:45:43.714+0000][1][gc           ] GC(312) Pause Young (Allocation Failure) 301M->165M(495M) 9.992ms
[2020-03-27T08:45:43.714+0000][1][gc,cpu       ] GC(312) User=0.01s Sys=0.00s Real=0.01s
[2020-03-27T08:45:43.715+0000][1][safepoint    ] Safepoint "GenCollectForAllocation", Time since last: 667702237 ns, Reaching safepoint: 312100 ns, At safepoint: 11015201 ns, Total: 11327301 ns
[2020-03-27T08:45:43.721+0000][1][safepoint    ] Safepoint "RevokeBias", Time since last: 6222100 ns, Reaching safepoint: 242100 ns, At safepoint: 18900 ns, Total: 261000 ns
[2020-03-27T08:45:43.722+0000][1][safepoint    ] Safepoint "RevokeBias", Time since last: 639400 ns, Reaching safepoint: 127200 ns, At safepoint: 14800 ns, Total: 142000 ns
[2020-03-27T08:45:43.723+0000][1][safepoint    ] Safepoint "RevokeBias", Time since last: 982100 ns, Reaching safepoint: 79500 ns, At safepoint: 21000 ns, Total: 100500 ns
[2020-03-27T08:45:43.724+0000][1][safepoint    ] Safepoint "RevokeBias", Time since last: 1095600 ns, Reaching safepoint: 77000 ns, At safepoint: 22100 ns, Total: 99100 ns
[2020-03-27T08:45:43.726+0000][1][safepoint    ] Safepoint "RevokeBias", Time since last: 1233400 ns, Reaching safepoint: 162700 ns, At safepoint: 23000 ns, Total: 185700 ns
[2020-03-27T08:45:43.771+0000][1][safepoint    ] Safepoint "RevokeBias", Time since last: 45694203 ns, Reaching safepoint: 135000 ns, At safepoint: 20400 ns, Total: 155400 ns
[2020-03-27T08:45:43.839+0000][1][safepoint    ] Safepoint "RevokeBias", Time since last: 67069303 ns, Reaching safepoint: 214500 ns, At safepoint: 16400 ns, Total: 230900 ns
[2020-03-27T08:45:43.845+0000][1][safepoint    ] Safepoint "RevokeBias", Time since last: 6097301 ns, Reaching safepoint: 269400 ns, At safepoint: 114300 ns, Total: 383700 ns
[2020-03-27T08:45:43.886+0000][1][safepoint    ] Safepoint "RevokeBias", Time since last: 40518902 ns, Reaching safepoint: 437800 ns, At safepoint: 31400 ns, Total: 469200 ns
[2020-03-27T08:45:43.888+0000][1][safepoint    ] Safepoint "RevokeBias", Time since last: 825300 ns, Reaching safepoint: 738500 ns, At safepoint: 113100 ns, Total: 851600 ns
[2020-03-27T08:45:43.891+0000][1][safepoint    ] Safepoint "RevokeBias", Time since last: 2861500 ns, Reaching safepoint: 132900 ns, At safepoint: 16800 ns, Total: 149700 ns
[2020-03-27T08:45:43.893+0000][1][safepoint    ] Safepoint "RevokeBias", Time since last: 1426200 ns, Reaching safepoint: 296500 ns, At safepoint: 144101 ns, Total: 440601 ns
[2020-03-27T08:45:43.989+0000][1][safepoint    ] Safepoint "RevokeBias", Time since last: 95844005 ns, Reaching safepoint: 265200 ns, At safepoint: 35600 ns, Total: 300800 ns
[2020-03-27T08:45:44.048+0000][1][safepoint    ] Safepoint "RevokeBias", Time since last: 58715103 ns, Reaching safepoint: 169200 ns, At safepoint: 27600 ns, Total: 196800 ns
[2020-03-27T08:45:44.049+0000][1][safepoint    ] Safepoint "RevokeBias", Time since last: 787300 ns, Reaching safepoint: 78600 ns, At safepoint: 11300 ns, Total: 89900 ns
[2020-03-27T08:45:44.050+0000][1][safepoint    ] Safepoint "RevokeBias", Time since last: 1610700 ns, Reaching safepoint: 86800 ns, At safepoint: 21200 ns, Total: 108000 ns
[2020-03-27T08:45:44.051+0000][1][safepoint    ] Safepoint "RevokeBias", Time since last: 847400 ns, Reaching safepoint: 67600 ns, At safepoint: 23600 ns, Total: 91200 ns
[2020-03-27T08:45:45.052+0000][1][safepoint    ] Safepoint "Cleanup", Time since last: 1000529799 ns, Reaching safepoint: 100000 ns, At safepoint: 17400 ns, Total: 117400 ns
[2020-03-27T08:45:45.207+0000][1][safepoint    ] Safepoint "RevokeBias", Time since last: 154432000 ns, Reaching safepoint: 174400 ns, At safepoint: 25700 ns, Total: 200100 ns
[2020-03-27T08:45:45.208+0000][1][safepoint    ] Safepoint "RevokeBias", Time since last: 738000 ns, Reaching safepoint: 86800 ns, At safepoint: 29800 ns, Total: 116600 ns
[2020-03-27T08:45:45.209+0000][1][safepoint    ] Safepoint "RevokeBias", Time since last: 1447400 ns, Reaching safepoint: 61500 ns, At safepoint: 12700 ns, Total: 74200 ns
[2020-03-27T08:45:45.210+0000][1][safepoint    ] Safepoint "RevokeBias", Time since last: 850200 ns, Reaching safepoint: 90600 ns, At safepoint: 21400 ns, Total: 112000 ns
[2020-03-27T08:45:45.260+0000][1][safepoint    ] Safepoint "RevokeBias", Time since last: 49463799 ns, Reaching safepoint: 131700 ns, At safepoint: 37400 ns, Total: 169100 ns
[2020-03-27T08:45:46.262+0000][1][safepoint    ] Safepoint "Cleanup", Time since last: 1002329699 ns, Reaching safepoint: 383900 ns, At safepoint: 81400 ns, Total: 465300 ns
[2020-03-27T08:45:47.265+0000][1][safepoint    ] Safepoint "Cleanup", Time since last: 1001954199 ns, Reaching safepoint: 437000 ns, At safepoint: 72000 ns, Total: 509000 ns
[2020-03-27T08:45:48.193+0000][1][safepoint    ] Safepoint "RevokeBias", Time since last: 928371499 ns, Reaching safepoint: 104300 ns, At safepoint: 23900 ns, Total: 128200 ns
[2020-03-27T08:45:48.869+0000][1][gc,start     ] GC(313) Pause Young (Allocation Failure)
[2020-03-27T08:45:48.870+0000][1][gc,task      ] GC(313) Using 2 workers of 2 for evacuation
[2020-03-27T08:45:48.880+0000][1][gc,age       ] GC(313) Desired survivor size 8716288 bytes, new threshold 1 (max threshold 6)
[2020-03-27T08:45:48.881+0000][1][gc,age       ] GC(313) Age table with threshold 1 (max threshold 6)
[2020-03-27T08:45:48.881+0000][1][gc,age       ] GC(313) - age   1:    9041096 bytes,    9041096 total
[2020-03-27T08:45:48.882+0000][1][gc,age       ] GC(313) - age   2:     280568 bytes,    9321664 total
[2020-03-27T08:45:48.882+0000][1][gc,heap      ] GC(313) ParNew: 145192K->12718K(153344K)
[2020-03-27T08:45:48.882+0000][1][gc,heap      ] GC(313) CMS: 160305K->160305K(353920K)
[2020-03-27T08:45:48.883+0000][1][gc,metaspace ] GC(313) Metaspace: 99642K->99642K(1140736K)
[2020-03-27T08:45:48.883+0000][1][gc           ] GC(313) Pause Young (Allocation Failure) 298M->168M(495M) 14.269ms
[2020-03-27T08:45:48.884+0000][1][gc,cpu       ] GC(313) User=0.01s Sys=0.00s Real=0.01s
[2020-03-27T08:45:48.884+0000][1][safepoint    ] Safepoint "GenCollectForAllocation", Time since last: 675338499 ns, Reaching safepoint: 225200 ns, At safepoint: 15417800 ns, Total: 15643000 ns
[2020-03-27T08:45:48.897+0000][1][safepoint    ] Safepoint "RevokeBias", Time since last: 12264500 ns, Reaching safepoint: 120500 ns, At safepoint: 17600 ns, Total: 138100 ns
[2020-03-27T08:45:48.898+0000][1][safepoint    ] Safepoint "RevokeBias", Time since last: 910100 ns, Reaching safepoint: 76900 ns, At safepoint: 11700 ns, Total: 88600 ns
[2020-03-27T08:45:48.899+0000][1][safepoint    ] Safepoint "RevokeBias", Time since last: 1472200 ns, Reaching safepoint: 62500 ns, At safepoint: 27500 ns, Total: 90000 ns
[2020-03-27T08:45:48.901+0000][1][safepoint    ] Safepoint "RevokeBias", Time since last: 1073100 ns, Reaching safepoint: 102800 ns, At safepoint: 13400 ns, Total: 116200 ns
[2020-03-27T08:45:48.945+0000][1][safepoint    ] Safepoint "RevokeBias", Time since last: 44637600 ns, Reaching safepoint: 212900 ns, At safepoint: 22400 ns, Total: 235300 ns
[2020-03-27T08:45:49.947+0000][1][safepoint    ] Safepoint "Cleanup", Time since last: 1000809499 ns, Reaching safepoint: 420800 ns, At safepoint: 80300 ns, Total: 501100 ns
[2020-03-27T08:45:50.949+0000][1][safepoint    ] Safepoint "Cleanup", Time since last: 1001979498 ns, Reaching safepoint: 411800 ns, At safepoint: 86500 ns, Total: 498300 ns
[2020-03-27T08:45:51.952+0000][1][safepoint    ] Safepoint "Cleanup", Time since last: 1002444399 ns, Reaching safepoint: 425300 ns, At safepoint: 76500 ns, Total: 501800 ns
[2020-03-27T08:45:52.955+0000][1][safepoint    ] Safepoint "Cleanup", Time since last: 1002399112 ns, Reaching safepoint: 167400 ns, At safepoint: 26800 ns, Total: 194200 ns
[2020-03-27T08:45:53.038+0000][1][safepoint    ] Safepoint "RevokeBias", Time since last: 82426301 ns, Reaching safepoint: 677400 ns, At safepoint: 226900 ns, Total: 904300 ns
[2020-03-27T08:45:53.050+0000][1][safepoint    ] Safepoint "RevokeBias", Time since last: 11314300 ns, Reaching safepoint: 189900 ns, At safepoint: 27700 ns, Total: 217600 ns
[2020-03-27T08:45:53.051+0000][1][safepoint    ] Safepoint "RevokeBias", Time since last: 815800 ns, Reaching safepoint: 128800 ns, At safepoint: 12400 ns, Total: 141200 ns
[2020-03-27T08:45:53.052+0000][1][safepoint    ] Safepoint "RevokeBias", Time since last: 1375800 ns, Reaching safepoint: 58800 ns, At safepoint: 11200 ns, Total: 70000 ns
[2020-03-27T08:45:53.054+0000][1][safepoint    ] Safepoint "RevokeBias", Time since last: 1468701 ns, Reaching safepoint: 92900 ns, At safepoint: 11300 ns, Total: 104200 ns
[2020-03-27T08:45:53.095+0000][1][safepoint    ] Safepoint "RevokeBias", Time since last: 41037700 ns, Reaching safepoint: 121200 ns, At safepoint: 30200 ns, Total: 151400 ns
[2020-03-27T08:45:54.096+0000][1][safepoint    ] Safepoint "Cleanup", Time since last: 1000894914 ns, Reaching safepoint: 378400 ns, At safepoint: 24500 ns, Total: 402900 ns
[2020-03-27T08:45:54.141+0000][1][safepoint    ] Safepoint "RevokeBias", Time since last: 44975900 ns, Reaching safepoint: 229500 ns, At safepoint: 16900 ns, Total: 246400 ns
[2020-03-27T08:45:54.142+0000][1][safepoint    ] Safepoint "RevokeBias", Time since last: 853400 ns, Reaching safepoint: 72900 ns, At safepoint: 13900 ns, Total: 86800 ns
[2020-03-27T08:45:54.144+0000][1][safepoint    ] Safepoint "RevokeBias", Time since last: 1422300 ns, Reaching safepoint: 83700 ns, At safepoint: 13800 ns, Total: 97500 ns
[2020-03-27T08:45:54.145+0000][1][safepoint    ] Safepoint "RevokeBias", Time since last: 864400 ns, Reaching safepoint: 72400 ns, At safepoint: 13200 ns, Total: 85600 ns
[2020-03-27T08:45:54.184+0000][1][safepoint    ] Safepoint "RevokeBias", Time since last: 39248501 ns, Reaching safepoint: 231800 ns, At safepoint: 29600 ns, Total: 261400 ns
[2020-03-27T08:45:54.211+0000][1][safepoint    ] Safepoint "RevokeBias", Time since last: 26571400 ns, Reaching safepoint: 208600 ns, At safepoint: 27300 ns, Total: 235900 ns
[2020-03-27T08:45:54.212+0000][1][safepoint    ] Safepoint "BulkRevokeBias", Time since last: 518900 ns, Reaching safepoint: 162000 ns, At safepoint: 383200 ns, Total: 545200 ns
[2020-03-27T08:45:54.285+0000][1][gc,start     ] GC(314) Pause Young (Allocation Failure)
[2020-03-27T08:45:54.285+0000][1][gc,task      ] GC(314) Using 2 workers of 2 for evacuation
[2020-03-27T08:45:54.290+0000][1][gc,age       ] GC(314) Desired survivor size 8716288 bytes, new threshold 6 (max threshold 6)
[2020-03-27T08:45:54.290+0000][1][gc,age       ] GC(314) Age table with threshold 6 (max threshold 6)
[2020-03-27T08:45:54.290+0000][1][gc,age       ] GC(314) - age   1:    1240032 bytes,    1240032 total
[2020-03-27T08:45:54.291+0000][1][gc,heap      ] GC(314) ParNew: 149038K->7887K(153344K)
[2020-03-27T08:45:54.291+0000][1][gc,heap      ] GC(314) CMS: 160305K->161649K(353920K)
[2020-03-27T08:45:54.292+0000][1][gc,metaspace ] GC(314) Metaspace: 99642K->99642K(1140736K)
[2020-03-27T08:45:54.292+0000][1][gc           ] GC(314) Pause Young (Allocation Failure) 302M->165M(495M) 7.300ms
[2020-03-27T08:45:54.293+0000][1][gc,cpu       ] GC(314) User=0.01s Sys=0.00s Real=0.01s
[2020-03-27T08:45:54.293+0000][1][safepoint    ] Safepoint "GenCollectForAllocation", Time since last: 72847501 ns, Reaching safepoint: 98300 ns, At safepoint: 8187400 ns, Total: 8285700 ns
[2020-03-27T08:45:55.212+0000][1][safepoint    ] Safepoint "RevokeBias", Time since last: 918682313 ns, Reaching safepoint: 109600 ns, At safepoint: 23200 ns, Total: 132800 ns
[2020-03-27T08:45:55.230+0000][1][safepoint    ] Safepoint "RevokeBias", Time since last: 17685900 ns, Reaching safepoint: 119400 ns, At safepoint: 36100 ns, Total: 155500 ns
[2020-03-27T08:45:55.230+0000][1][safepoint    ] Safepoint "RevokeBias", Time since last: 557800 ns, Reaching safepoint: 62800 ns, At safepoint: 6500 ns, Total: 69300 ns
[2020-03-27T08:45:56.232+0000][1][safepoint    ] Safepoint "Cleanup", Time since last: 1001033313 ns, Reaching safepoint: 114800 ns, At safepoint: 22300 ns, Total: 137100 ns
[2020-03-27T08:45:57.233+0000][1][safepoint    ] Safepoint "Cleanup", Time since last: 1001129014 ns, Reaching safepoint: 372200 ns, At safepoint: 85300 ns, Total: 457500 ns
[2020-03-27T08:45:58.229+0000][1][safepoint    ] Safepoint "BulkRevokeBias", Time since last: 995158613 ns, Reaching safepoint: 117400 ns, At safepoint: 402900 ns, Total: 520300 ns
[2020-03-27T08:45:59.040+0000][1][safepoint    ] Safepoint "RevokeBias", Time since last: 810603911 ns, Reaching safepoint: 237800 ns, At safepoint: 22500 ns, Total: 260300 ns
[2020-03-27T08:45:59.041+0000][1][safepoint    ] Safepoint "RevokeBias", Time since last: 943500 ns, Reaching safepoint: 70400 ns, At safepoint: 18800 ns, Total: 89200 ns
[2020-03-27T08:45:59.042+0000][1][safepoint    ] Safepoint "RevokeBias", Time since last: 1210100 ns, Reaching safepoint: 72400 ns, At safepoint: 23100 ns, Total: 95500 ns
[2020-03-27T08:45:59.043+0000][1][safepoint    ] Safepoint "RevokeBias", Time since last: 1194300 ns, Reaching safepoint: 88100 ns, At safepoint: 21300 ns, Total: 109400 ns
[2020-03-27T08:45:59.088+0000][1][safepoint    ] Safepoint "RevokeBias", Time since last: 44706501 ns, Reaching safepoint: 115800 ns, At safepoint: 28600 ns, Total: 144400 ns
[2020-03-27T08:46:00.090+0000][1][safepoint    ] Safepoint "Cleanup", Time since last: 1001040813 ns, Reaching safepoint: 363900 ns, At safepoint: 71100 ns, Total: 435000 ns
[2020-03-27T08:46:01.092+0000][1][safepoint    ] Safepoint "Cleanup", Time since last: 1001984569 ns, Reaching safepoint: 205900 ns, At safepoint: 42200 ns, Total: 248100 ns
[2020-03-27T08:46:02.094+0000][1][safepoint    ] Safepoint "Cleanup", Time since last: 1001307270 ns, Reaching safepoint: 518200 ns, At safepoint: 80300 ns, Total: 598500 ns
[2020-03-27T08:46:03.035+0000][1][safepoint    ] Safepoint "BulkRevokeBias", Time since last: 940639971 ns, Reaching safepoint: 107400 ns, At safepoint: 415900 ns, Total: 523300 ns
[2020-03-27T08:46:03.319+0000][1][gc,start     ] GC(315) Pause Young (Allocation Failure)
[2020-03-27T08:46:03.320+0000][1][gc,task      ] GC(315) Using 2 workers of 2 for evacuation
[2020-03-27T08:46:03.324+0000][1][gc,age       ] GC(315) Desired survivor size 8716288 bytes, new threshold 6 (max threshold 6)
[2020-03-27T08:46:03.325+0000][1][gc,age       ] GC(315) Age table with threshold 6 (max threshold 6)
[2020-03-27T08:46:03.325+0000][1][gc,age       ] GC(315) - age   1:    5078208 bytes,    5078208 total
[2020-03-27T08:46:03.326+0000][1][gc,age       ] GC(315) - age   2:     362192 bytes,    5440400 total
[2020-03-27T08:46:03.326+0000][1][gc,heap      ] GC(315) ParNew: 143969K->6596K(153344K)
[2020-03-27T08:46:03.327+0000][1][gc,heap      ] GC(315) CMS: 161649K->161649K(353920K)
[2020-03-27T08:46:03.327+0000][1][gc,metaspace ] GC(315) Metaspace: 99642K->99642K(1140736K)
[2020-03-27T08:46:03.327+0000][1][gc           ] GC(315) Pause Young (Allocation Failure) 298M->164M(495M) 8.030ms
[2020-03-27T08:46:03.328+0000][1][gc,cpu       ] GC(315) User=0.01s Sys=0.01s Real=0.01s
[2020-03-27T08:46:03.328+0000][1][safepoint    ] Safepoint "GenCollectForAllocation", Time since last: 283949392 ns, Reaching safepoint: 306200 ns, At safepoint: 8944499 ns, Total: 9250699 ns
[2020-03-27T08:46:03.341+0000][1][safepoint    ] Safepoint "RevokeBias", Time since last: 12699800 ns, Reaching safepoint: 191500 ns, At safepoint: 43800 ns, Total: 235300 ns
[2020-03-27T08:46:03.342+0000][1][safepoint    ] Safepoint "RevokeBias", Time since last: 870300 ns, Reaching safepoint: 85000 ns, At safepoint: 25100 ns, Total: 110100 ns
[2020-03-27T08:46:03.344+0000][1][safepoint    ] Safepoint "RevokeBias", Time since last: 1260600 ns, Reaching safepoint: 105200 ns, At safepoint: 21000 ns, Total: 126200 ns
[2020-03-27T08:46:03.345+0000][1][safepoint    ] Safepoint "RevokeBias", Time since last: 1214100 ns, Reaching safepoint: 63500 ns, At safepoint: 11000 ns, Total: 74500 ns
[2020-03-27T08:46:03.415+0000][1][safepoint    ] Safepoint "RevokeBias", Time since last: 70128198 ns, Reaching safepoint: 118400 ns, At safepoint: 27400 ns, Total: 145800 ns
[2020-03-27T08:46:04.417+0000][1][safepoint    ] Safepoint "Cleanup", Time since last: 1002209169 ns, Reaching safepoint: 129500 ns, At safepoint: 12300 ns, Total: 141800 ns
[2020-03-27T08:46:05.419+0000][1][safepoint    ] Safepoint "Cleanup", Time since last: 1000740270 ns, Reaching safepoint: 387800 ns, At safepoint: 81300 ns, Total: 469100 ns
[2020-03-27T08:46:06.421+0000][1][safepoint    ] Safepoint "Cleanup", Time since last: 1002144669 ns, Reaching safepoint: 233200 ns, At safepoint: 36200 ns, Total: 269400 ns
[2020-03-27T08:46:07.423+0000][1][safepoint    ] Safepoint "Cleanup", Time since last: 1001547370 ns, Reaching safepoint: 330200 ns, At safepoint: 83200 ns, Total: 413400 ns
[2020-03-27T08:46:08.211+0000][1][safepoint    ] Safepoint "RevokeBias", Time since last: 788040068 ns, Reaching safepoint: 96500 ns, At safepoint: 24900 ns, Total: 121400 ns
[2020-03-27T08:46:09.200+0000][1][safepoint    ] Safepoint "RevokeBias", Time since last: 988819007 ns, Reaching safepoint: 110100 ns, At safepoint: 28000 ns, Total: 138100 ns
[2020-03-27T08:46:09.202+0000][1][safepoint    ] Safepoint "BulkRevokeBias", Time since last: 1190499 ns, Reaching safepoint: 77800 ns, At safepoint: 448300 ns, Total: 526100 ns
[2020-03-27T08:46:09.203+0000][1][safepoint    ] Safepoint "RevokeBias", Time since last: 1243500 ns, Reaching safepoint: 98800 ns, At safepoint: 21900 ns, Total: 120700 ns
[2020-03-27T08:46:09.205+0000][1][safepoint    ] Safepoint "BulkRevokeBias", Time since last: 1126500 ns, Reaching safepoint: 89400 ns, At safepoint: 414000 ns, Total: 503400 ns
[2020-03-27T08:46:09.248+0000][1][safepoint    ] Safepoint "BulkRevokeBias", Time since last: 42520196 ns, Reaching safepoint: 111500 ns, At safepoint: 514500 ns, Total: 626000 ns
[2020-03-27T08:46:10.249+0000][1][safepoint    ] Safepoint "Cleanup", Time since last: 1000612705 ns, Reaching safepoint: 94800 ns, At safepoint: 15900 ns, Total: 110700 ns
[2020-03-27T08:46:11.250+0000][1][safepoint    ] Safepoint "Cleanup", Time since last: 1000784806 ns, Reaching safepoint: 134900 ns, At safepoint: 19300 ns, Total: 154200 ns
[2020-03-27T08:46:11.763+0000][1][gc,start     ] GC(316) Pause Young (Allocation Failure)
[2020-03-27T08:46:11.763+0000][1][gc,task      ] GC(316) Using 2 workers of 2 for evacuation
[2020-03-27T08:46:11.769+0000][1][gc,age       ] GC(316) Desired survivor size 8716288 bytes, new threshold 6 (max threshold 6)
[2020-03-27T08:46:11.769+0000][1][gc,age       ] GC(316) Age table with threshold 6 (max threshold 6)
[2020-03-27T08:46:11.770+0000][1][gc,age       ] GC(316) - age   1:     927216 bytes,     927216 total
[2020-03-27T08:46:11.770+0000][1][gc,age       ] GC(316) - age   2:     589896 bytes,    1517112 total
[2020-03-27T08:46:11.771+0000][1][gc,age       ] GC(316) - age   3:     361808 bytes,    1878920 total
[2020-03-27T08:46:11.771+0000][1][gc,heap      ] GC(316) ParNew: 142916K->4534K(153344K)
[2020-03-27T08:46:11.772+0000][1][gc,heap      ] GC(316) CMS: 161649K->161649K(353920K)
[2020-03-27T08:46:11.772+0000][1][gc,metaspace ] GC(316) Metaspace: 99642K->99642K(1140736K)
[2020-03-27T08:46:11.772+0000][1][gc           ] GC(316) Pause Young (Allocation Failure) 297M->162M(495M) 9.213ms
[2020-03-27T08:46:11.773+0000][1][gc,cpu       ] GC(316) User=0.00s Sys=0.00s Real=0.01s
[2020-03-27T08:46:11.773+0000][1][safepoint    ] Safepoint "GenCollectForAllocation", Time since last: 513091351 ns, Reaching safepoint: 162000 ns, At safepoint: 9920300 ns, Total: 10082300 ns
[2020-03-27T08:46:12.542+0000][1][safepoint    ] Safepoint "RevokeBias", Time since last: 769020027 ns, Reaching safepoint: 196800 ns, At safepoint: 35400 ns, Total: 232200 ns
[2020-03-27T08:46:12.543+0000][1][safepoint    ] Safepoint "RevokeBias", Time since last: 764400 ns, Reaching safepoint: 163400 ns, At safepoint: 30800 ns, Total: 194200 ns
[2020-03-27T08:46:12.570+0000][1][safepoint    ] Safepoint "RevokeBias", Time since last: 27144897 ns, Reaching safepoint: 111800 ns, At safepoint: 26100 ns, Total: 137900 ns
[2020-03-27T08:46:13.048+0000][1][safepoint    ] Safepoint "RevokeBias", Time since last: 477764255 ns, Reaching safepoint: 156600 ns, At safepoint: 26800 ns, Total: 183400 ns
[2020-03-27T08:46:13.470+0000][1][safepoint    ] Safepoint "RevokeBias", Time since last: 421891960 ns, Reaching safepoint: 102000 ns, At safepoint: 27200 ns, Total: 129200 ns
[2020-03-27T08:46:13.472+0000][1][safepoint    ] Safepoint "RevokeBias", Time since last: 1086100 ns, Reaching safepoint: 115200 ns, At safepoint: 21000 ns, Total: 136200 ns
[2020-03-27T08:46:13.473+0000][1][safepoint    ] Safepoint "RevokeBias", Time since last: 1133400 ns, Reaching safepoint: 91300 ns, At safepoint: 20800 ns, Total: 112100 ns
[2020-03-27T08:46:13.474+0000][1][safepoint    ] Safepoint "RevokeBias", Time since last: 964500 ns, Reaching safepoint: 119200 ns, At safepoint: 38600 ns, Total: 157800 ns
[2020-03-27T08:46:13.514+0000][1][safepoint    ] Safepoint "RevokeBias", Time since last: 39688096 ns, Reaching safepoint: 118600 ns, At safepoint: 30000 ns, Total: 148600 ns
[2020-03-27T08:46:14.515+0000][1][safepoint    ] Safepoint "Cleanup", Time since last: 1000849006 ns, Reaching safepoint: 322700 ns, At safepoint: 86200 ns, Total: 408900 ns
[2020-03-27T08:46:15.518+0000][1][safepoint    ] Safepoint "Cleanup", Time since last: 1002563705 ns, Reaching safepoint: 150800 ns, At safepoint: 35800 ns, Total: 186600 ns
[2020-03-27T08:46:16.519+0000][1][safepoint    ] Safepoint "Cleanup", Time since last: 1001337523 ns, Reaching safepoint: 178100 ns, At safepoint: 34900 ns, Total: 213000 ns
[2020-03-27T08:46:17.521+0000][1][safepoint    ] Safepoint "Cleanup", Time since last: 1001139748 ns, Reaching safepoint: 424900 ns, At safepoint: 81900 ns, Total: 506800 ns
[2020-03-27T08:46:18.177+0000][1][safepoint    ] Safepoint "RevokeBias", Time since last: 655348666 ns, Reaching safepoint: 174600 ns, At safepoint: 45200 ns, Total: 219800 ns
[2020-03-27T08:46:19.201+0000][1][safepoint    ] Safepoint "Cleanup", Time since last: 1023898347 ns, Reaching safepoint: 495300 ns, At safepoint: 79200 ns, Total: 574500 ns
[2020-03-27T08:46:20.204+0000][1][safepoint    ] Safepoint "Cleanup", Time since last: 1002059848 ns, Reaching safepoint: 375400 ns, At safepoint: 178700 ns, Total: 554100 ns
[2020-03-27T08:46:21.206+0000][1][safepoint    ] Safepoint "Cleanup", Time since last: 1001953649 ns, Reaching safepoint: 328200 ns, At safepoint: 97300 ns, Total: 425500 ns
[2020-03-27T08:46:22.209+0000][1][safepoint    ] Safepoint "Cleanup", Time since last: 1002142748 ns, Reaching safepoint: 511300 ns, At safepoint: 74300 ns, Total: 585600 ns
[2020-03-27T08:46:23.051+0000][1][safepoint    ] Safepoint "RevokeBias", Time since last: 841353556 ns, Reaching safepoint: 238700 ns, At safepoint: 271000 ns, Total: 509700 ns
[2020-03-27T08:46:24.052+0000][1][safepoint    ] Safepoint "Cleanup", Time since last: 1000729748 ns, Reaching safepoint: 162100 ns, At safepoint: 59400 ns, Total: 221500 ns
[2020-03-27T08:46:25.053+0000][1][safepoint    ] Safepoint "Cleanup", Time since last: 1000932409 ns, Reaching safepoint: 535300 ns, At safepoint: 128800 ns, Total: 664100 ns
[2020-03-27T08:46:26.056+0000][1][safepoint    ] Safepoint "Cleanup", Time since last: 1002128305 ns, Reaching safepoint: 400500 ns, At safepoint: 80800 ns, Total: 481300 ns
[2020-03-27T08:46:27.058+0000][1][safepoint    ] Safepoint "Cleanup", Time since last: 1001936705 ns, Reaching safepoint: 331700 ns, At safepoint: 91800 ns, Total: 423500 ns
[2020-03-27T08:46:28.060+0000][1][safepoint    ] Safepoint "Cleanup", Time since last: 1001952806 ns, Reaching safepoint: 324600 ns, At safepoint: 83400 ns, Total: 408000 ns
[2020-03-27T08:46:28.200+0000][1][gc,start     ] GC(317) Pause Young (Allocation Failure)
[2020-03-27T08:46:28.201+0000][1][gc,task      ] GC(317) Using 2 workers of 2 for evacuation
[2020-03-27T08:46:28.210+0000][1][gc,age       ] GC(317) Desired survivor size 8716288 bytes, new threshold 1 (max threshold 6)
[2020-03-27T08:46:28.210+0000][1][gc,age       ] GC(317) Age table with threshold 1 (max threshold 6)
[2020-03-27T08:46:28.211+0000][1][gc,age       ] GC(317) - age   1:   13744056 bytes,   13744056 total
[2020-03-27T08:46:28.211+0000][1][gc,age       ] GC(317) - age   2:     903744 bytes,   14647800 total
[2020-03-27T08:46:28.212+0000][1][gc,age       ] GC(317) - age   3:     584320 bytes,   15232120 total
[2020-03-27T08:46:28.212+0000][1][gc,age       ] GC(317) - age   4:     361536 bytes,   15593656 total
[2020-03-27T08:46:28.213+0000][1][gc,heap      ] GC(317) ParNew: 140854K->16394K(153344K)
[2020-03-27T08:46:28.214+0000][1][gc,heap      ] GC(317) CMS: 161649K->161649K(353920K)
[2020-03-27T08:46:28.214+0000][1][gc,metaspace ] GC(317) Metaspace: 99643K->99643K(1140736K)
[2020-03-27T08:46:28.215+0000][1][gc           ] GC(317) Pause Young (Allocation Failure) 295M->173M(495M) 14.143ms
[2020-03-27T08:46:28.215+0000][1][gc,cpu       ] GC(317) User=0.01s Sys=0.00s Real=0.01s
[2020-03-27T08:46:28.216+0000][1][safepoint    ] Safepoint "GenCollectForAllocation", Time since last: 139901486 ns, Reaching safepoint: 94200 ns, At safepoint: 15153999 ns, Total: 15248199 ns
[2020-03-27T08:46:28.227+0000][1][safepoint    ] Safepoint "RevokeBias", Time since last: 11378499 ns, Reaching safepoint: 93400 ns, At safepoint: 24200 ns, Total: 117600 ns
[2020-03-27T08:46:29.228+0000][1][safepoint    ] Safepoint "Cleanup", Time since last: 1000809805 ns, Reaching safepoint: 96200 ns, At safepoint: 5600 ns, Total: 101800 ns
[2020-03-27T08:46:30.229+0000][1][safepoint    ] Safepoint "Cleanup", Time since last: 1000714306 ns, Reaching safepoint: 233700 ns, At safepoint: 23100 ns, Total: 256800 ns
[2020-03-27T08:46:31.252+0000][1][safepoint    ] Safepoint "Cleanup", Time since last: 1023253103 ns, Reaching safepoint: 101400 ns, At safepoint: 6800 ns, Total: 108200 ns
[2020-03-27T08:46:32.254+0000][1][safepoint    ] Safepoint "Cleanup", Time since last: 1000899807 ns, Reaching safepoint: 500300 ns, At safepoint: 85800 ns, Total: 586100 ns
[2020-03-27T08:46:33.049+0000][1][safepoint    ] Safepoint "RevokeBias", Time since last: 794495835 ns, Reaching safepoint: 141600 ns, At safepoint: 88500 ns, Total: 230100 ns
[2020-03-27T08:46:34.050+0000][1][safepoint    ] Safepoint "Cleanup", Time since last: 1001152918 ns, Reaching safepoint: 325200 ns, At safepoint: 86400 ns, Total: 411600 ns
[2020-03-27T08:46:35.053+0000][1][safepoint    ] Safepoint "Cleanup", Time since last: 1002600318 ns, Reaching safepoint: 326200 ns, At safepoint: 85800 ns, Total: 412000 ns
[2020-03-27T08:46:36.056+0000][1][safepoint    ] Safepoint "Cleanup", Time since last: 1002163818 ns, Reaching safepoint: 491800 ns, At safepoint: 79500 ns, Total: 571300 ns
[2020-03-27T08:46:37.059+0000][1][safepoint    ] Safepoint "Cleanup", Time since last: 1002160318 ns, Reaching safepoint: 571999 ns, At safepoint: 72400 ns, Total: 644399 ns
[2020-03-27T08:46:38.061+0000][1][safepoint    ] Safepoint "Cleanup", Time since last: 1001883518 ns, Reaching safepoint: 325900 ns, At safepoint: 86900 ns, Total: 412800 ns
[2020-03-27T08:46:38.168+0000][1][safepoint    ] Safepoint "RevokeBias", Time since last: 106447492 ns, Reaching safepoint: 104000 ns, At safepoint: 23700 ns, Total: 127700 ns
[2020-03-27T08:46:39.169+0000][1][safepoint    ] Safepoint "Cleanup", Time since last: 1000844918 ns, Reaching safepoint: 323100 ns, At safepoint: 84700 ns, Total: 407800 ns
[2020-03-27T08:46:40.171+0000][1][safepoint    ] Safepoint "Cleanup", Time since last: 1002111521 ns, Reaching safepoint: 323800 ns, At safepoint: 87400 ns, Total: 411200 ns
[2020-03-27T08:46:41.174+0000][1][safepoint    ] Safepoint "Cleanup", Time since last: 1001974360 ns, Reaching safepoint: 459600 ns, At safepoint: 78100 ns, Total: 537700 ns
[2020-03-27T08:46:42.176+0000][1][safepoint    ] Safepoint "Cleanup", Time since last: 1002227960 ns, Reaching safepoint: 96100 ns, At safepoint: 17800 ns, Total: 113900 ns
[2020-03-27T08:46:43.061+0000][1][safepoint    ] Safepoint "RevokeBias", Time since last: 884429941 ns, Reaching safepoint: 154800 ns, At safepoint: 38700 ns, Total: 193500 ns
[2020-03-27T08:46:43.685+0000][1][safepoint    ] Safepoint "RevokeBias", Time since last: 623564200 ns, Reaching safepoint: 247100 ns, At safepoint: 251600 ns, Total: 498700 ns
[2020-03-27T08:46:44.343+0000][1][safepoint    ] Safepoint "RevokeBias", Time since last: 658057705 ns, Reaching safepoint: 109500 ns, At safepoint: 18300 ns, Total: 127800 ns
[2020-03-27T08:46:44.344+0000][1][safepoint    ] Safepoint "RevokeBias", Time since last: 671300 ns, Reaching safepoint: 80300 ns, At safepoint: 29200 ns, Total: 109500 ns
[2020-03-27T08:46:44.345+0000][1][safepoint    ] Safepoint "RevokeBias", Time since last: 819600 ns, Reaching safepoint: 148500 ns, At safepoint: 22300 ns, Total: 170800 ns
[2020-03-27T08:46:44.346+0000][1][safepoint    ] Safepoint "RevokeBias", Time since last: 920300 ns, Reaching safepoint: 61300 ns, At safepoint: 20700 ns, Total: 82000 ns
[2020-03-27T08:46:44.347+0000][1][safepoint    ] Safepoint "RevokeBias", Time since last: 855700 ns, Reaching safepoint: 70000 ns, At safepoint: 21300 ns, Total: 91300 ns
[2020-03-27T08:46:44.388+0000][1][safepoint    ] Safepoint "RevokeBias", Time since last: 41501007 ns, Reaching safepoint: 120900 ns, At safepoint: 42000 ns, Total: 162900 ns
[2020-03-27T08:46:44.472+0000][1][safepoint    ] Safepoint "RevokeBias", Time since last: 83472413 ns, Reaching safepoint: 131600 ns, At safepoint: 101600 ns, Total: 233200 ns
[2020-03-27T08:46:44.474+0000][1][safepoint    ] Safepoint "RevokeBias", Time since last: 2050101 ns, Reaching safepoint: 114300 ns, At safepoint: 94500 ns, Total: 208800 ns
[2020-03-27T08:46:44.570+0000][1][gc,start     ] GC(318) Pause Young (Allocation Failure)
[2020-03-27T08:46:44.571+0000][1][gc,task      ] GC(318) Using 2 workers of 2 for evacuation
[2020-03-27T08:46:44.577+0000][1][gc,age       ] GC(318) Desired survivor size 8716288 bytes, new threshold 6 (max threshold 6)
[2020-03-27T08:46:44.577+0000][1][gc,age       ] GC(318) Age table with threshold 6 (max threshold 6)
[2020-03-27T08:46:44.578+0000][1][gc,age       ] GC(318) - age   1:    2202800 bytes,    2202800 total
[2020-03-27T08:46:44.582+0000][1][gc,heap      ] GC(318) ParNew: 152714K->11876K(153344K)
[2020-03-27T08:46:44.582+0000][1][gc,heap      ] GC(318) CMS: 161649K->166223K(353920K)
[2020-03-27T08:46:44.583+0000][1][gc,metaspace ] GC(318) Metaspace: 99648K->99648K(1140736K)
[2020-03-27T08:46:44.583+0000][1][gc           ] GC(318) Pause Young (Allocation Failure) 306M->173M(495M) 12.623ms
[2020-03-27T08:46:44.583+0000][1][gc,cpu       ] GC(318) User=0.02s Sys=0.00s Real=0.01s
[2020-03-27T08:46:44.584+0000][1][safepoint    ] Safepoint "GenCollectForAllocation", Time since last: 95642115 ns, Reaching safepoint: 221000 ns, At safepoint: 13605602 ns, Total: 13826602 ns
[2020-03-27T08:46:44.595+0000][1][safepoint    ] Safepoint "RevokeBias", Time since last: 10452702 ns, Reaching safepoint: 302700 ns, At safepoint: 45100 ns, Total: 347800 ns
[2020-03-27T08:46:44.596+0000][1][safepoint    ] Safepoint "RevokeBias", Time since last: 727700 ns, Reaching safepoint: 179500 ns, At safepoint: 21000 ns, Total: 200500 ns
[2020-03-27T08:46:44.598+0000][1][safepoint    ] Safepoint "RevokeBias", Time since last: 1646500 ns, Reaching safepoint: 312300 ns, At safepoint: 23700 ns, Total: 336000 ns
[2020-03-27T08:46:44.599+0000][1][safepoint    ] Safepoint "RevokeBias", Time since last: 827600 ns, Reaching safepoint: 147200 ns, At safepoint: 39100 ns, Total: 186300 ns
[2020-03-27T08:46:44.667+0000][1][safepoint    ] Safepoint "RevokeBias", Time since last: 68525611 ns, Reaching safepoint: 111600 ns, At safepoint: 20400 ns, Total: 132000 ns
[2020-03-27T08:46:44.722+0000][1][safepoint    ] Safepoint "RevokeBias", Time since last: 54252309 ns, Reaching safepoint: 107600 ns, At safepoint: 16900 ns, Total: 124500 ns
[2020-03-27T08:46:44.724+0000][1][safepoint    ] Safepoint "RevokeBias", Time since last: 1881000 ns, Reaching safepoint: 105500 ns, At safepoint: 23800 ns, Total: 129300 ns
[2020-03-27T08:46:44.725+0000][1][safepoint    ] Safepoint "RevokeBias", Time since last: 1133201 ns, Reaching safepoint: 93600 ns, At safepoint: 15900 ns, Total: 109500 ns
[2020-03-27T08:46:45.726+0000][1][safepoint    ] Safepoint "Cleanup", Time since last: 1000533259 ns, Reaching safepoint: 448300 ns, At safepoint: 84200 ns, Total: 532500 ns
[2020-03-27T08:46:45.852+0000][1][safepoint    ] Safepoint "RevokeBias", Time since last: 126093920 ns, Reaching safepoint: 173100 ns, At safepoint: 34900 ns, Total: 208000 ns
[2020-03-27T08:46:45.853+0000][1][safepoint    ] Safepoint "RevokeBias", Time since last: 938001 ns, Reaching safepoint: 115400 ns, At safepoint: 47200 ns, Total: 162600 ns
[2020-03-27T08:46:45.855+0000][1][safepoint    ] Safepoint "RevokeBias", Time since last: 1918500 ns, Reaching safepoint: 117600 ns, At safepoint: 27500 ns, Total: 145100 ns
[2020-03-27T08:46:45.857+0000][1][safepoint    ] Safepoint "RevokeBias", Time since last: 1257500 ns, Reaching safepoint: 153200 ns, At safepoint: 20100 ns, Total: 173300 ns
[2020-03-27T08:46:45.917+0000][1][safepoint    ] Safepoint "RevokeBias", Time since last: 59856810 ns, Reaching safepoint: 161700 ns, At safepoint: 45600 ns, Total: 207300 ns
[2020-03-27T08:46:46.920+0000][1][safepoint    ] Safepoint "Cleanup", Time since last: 1002809560 ns, Reaching safepoint: 616000 ns, At safepoint: 107600 ns, Total: 723600 ns
[2020-03-27T08:46:47.923+0000][1][safepoint    ] Safepoint "Cleanup", Time since last: 1002143760 ns, Reaching safepoint: 324400 ns, At safepoint: 93200 ns, Total: 417600 ns
[2020-03-27T08:46:48.226+0000][1][safepoint    ] Safepoint "RevokeBias", Time since last: 302631041 ns, Reaching safepoint: 338000 ns, At safepoint: 44400 ns, Total: 382400 ns
[2020-03-27T08:46:48.506+0000][1][gc,start     ] GC(319) Pause Young (Allocation Failure)
[2020-03-27T08:46:48.507+0000][1][gc,task      ] GC(319) Using 2 workers of 2 for evacuation
[2020-03-27T08:46:48.515+0000][1][gc,age       ] GC(319) Desired survivor size 8716288 bytes, new threshold 6 (max threshold 6)
[2020-03-27T08:46:48.515+0000][1][gc,age       ] GC(319) Age table with threshold 6 (max threshold 6)
[2020-03-27T08:46:48.515+0000][1][gc,age       ] GC(319) - age   1:    3147992 bytes,    3147992 total
[2020-03-27T08:46:48.516+0000][1][gc,age       ] GC(319) - age   2:    1213016 bytes,    4361008 total
[2020-03-27T08:46:48.516+0000][1][gc,heap      ] GC(319) ParNew: 148196K->6744K(153344K)
[2020-03-27T08:46:48.517+0000][1][gc,heap      ] GC(319) CMS: 166223K->166223K(353920K)
[2020-03-27T08:46:48.517+0000][1][gc,metaspace ] GC(319) Metaspace: 99651K->99651K(1140736K)
[2020-03-27T08:46:48.518+0000][1][gc           ] GC(319) Pause Young (Allocation Failure) 307M->168M(495M) 11.586ms
[2020-03-27T08:46:48.518+0000][1][gc,cpu       ] GC(319) User=0.01s Sys=0.00s Real=0.01s
[2020-03-27T08:46:48.519+0000][1][safepoint    ] Safepoint "GenCollectForAllocation", Time since last: 280018009 ns, Reaching safepoint: 148300 ns, At safepoint: 12407101 ns, Total: 12555401 ns
[2020-03-27T08:46:48.524+0000][1][safepoint    ] Safepoint "RevokeBias", Time since last: 4977400 ns, Reaching safepoint: 145500 ns, At safepoint: 24400 ns, Total: 169900 ns
[2020-03-27T08:46:48.525+0000][1][safepoint    ] Safepoint "RevokeBias", Time since last: 1098900 ns, Reaching safepoint: 103900 ns, At safepoint: 24400 ns, Total: 128300 ns
[2020-03-27T08:46:48.526+0000][1][safepoint    ] Safepoint "RevokeBias", Time since last: 1392500 ns, Reaching safepoint: 112900 ns, At safepoint: 33700 ns, Total: 146600 ns
[2020-03-27T08:46:48.528+0000][1][safepoint    ] Safepoint "RevokeBias", Time since last: 1133900 ns, Reaching safepoint: 88500 ns, At safepoint: 21600 ns, Total: 110100 ns
[2020-03-27T08:46:48.571+0000][1][safepoint    ] Safepoint "RevokeBias", Time since last: 42860502 ns, Reaching safepoint: 132400 ns, At safepoint: 21000 ns, Total: 153400 ns
[2020-03-27T08:46:49.572+0000][1][safepoint    ] Safepoint "Cleanup", Time since last: 1000630433 ns, Reaching safepoint: 349700 ns, At safepoint: 57700 ns, Total: 407400 ns
[2020-03-27T08:46:50.573+0000][1][safepoint    ] Safepoint "Cleanup", Time since last: 1001449233 ns, Reaching safepoint: 107000 ns, At safepoint: 15900 ns, Total: 122900 ns
[2020-03-27T08:46:51.574+0000][1][safepoint    ] Safepoint "Cleanup", Time since last: 1000779634 ns, Reaching safepoint: 108800 ns, At safepoint: 15900 ns, Total: 124700 ns
[2020-03-27T08:46:52.575+0000][1][safepoint    ] Safepoint "Cleanup", Time since last: 1000724133 ns, Reaching safepoint: 102000 ns, At safepoint: 30900 ns, Total: 132900 ns
[2020-03-27T08:46:53.071+0000][1][safepoint    ] Safepoint "RevokeBias", Time since last: 495336017 ns, Reaching safepoint: 174500 ns, At safepoint: 29200 ns, Total: 203700 ns
[2020-03-27T08:46:53.733+0000][1][safepoint    ] Safepoint "RevokeBias", Time since last: 662125122 ns, Reaching safepoint: 267200 ns, At safepoint: 35000 ns, Total: 302200 ns
[2020-03-27T08:46:53.734+0000][1][safepoint    ] Safepoint "RevokeBias", Time since last: 599200 ns, Reaching safepoint: 172900 ns, At safepoint: 21900 ns, Total: 194800 ns
[2020-03-27T08:46:53.736+0000][1][safepoint    ] Safepoint "RevokeBias", Time since last: 1594400 ns, Reaching safepoint: 145700 ns, At safepoint: 21200 ns, Total: 166900 ns
[2020-03-27T08:46:53.737+0000][1][safepoint    ] Safepoint "RevokeBias", Time since last: 806800 ns, Reaching safepoint: 193700 ns, At safepoint: 28100 ns, Total: 221800 ns
[2020-03-27T08:46:53.781+0000][1][safepoint    ] Safepoint "RevokeBias", Time since last: 44143001 ns, Reaching safepoint: 129500 ns, At safepoint: 73100 ns, Total: 202600 ns
[2020-03-27T08:46:54.782+0000][1][safepoint    ] Safepoint "Cleanup", Time since last: 1000803134 ns, Reaching safepoint: 180000 ns, At safepoint: 41100 ns, Total: 221100 ns
[2020-03-27T08:46:55.783+0000][1][safepoint    ] Safepoint "Cleanup", Time since last: 1001018633 ns, Reaching safepoint: 119600 ns, At safepoint: 32300 ns, Total: 151900 ns
[2020-03-27T08:46:56.785+0000][1][safepoint    ] Safepoint "Cleanup", Time since last: 1000898625 ns, Reaching safepoint: 486900 ns, At safepoint: 26200 ns, Total: 513100 ns
[2020-03-27T08:46:57.787+0000][1][safepoint    ] Safepoint "Cleanup", Time since last: 1001813287 ns, Reaching safepoint: 725500 ns, At safepoint: 41700 ns, Total: 767200 ns
[2020-03-27T08:46:58.221+0000][1][safepoint    ] Safepoint "RevokeBias", Time since last: 433491381 ns, Reaching safepoint: 173800 ns, At safepoint: 25000 ns, Total: 198800 ns
[2020-03-27T08:46:58.666+0000][1][gc,start     ] GC(320) Pause Young (Allocation Failure)
[2020-03-27T08:46:58.667+0000][1][gc,task      ] GC(320) Using 2 workers of 2 for evacuation
[2020-03-27T08:46:58.677+0000][1][gc,age       ] GC(320) Desired survivor size 8716288 bytes, new threshold 6 (max threshold 6)
[2020-03-27T08:46:58.678+0000][1][gc,age       ] GC(320) Age table with threshold 6 (max threshold 6)
[2020-03-27T08:46:58.679+0000][1][gc,age       ] GC(320) - age   1:    6703232 bytes,    6703232 total
[2020-03-27T08:46:58.679+0000][1][gc,age       ] GC(320) - age   2:     451744 bytes,    7154976 total
[2020-03-27T08:46:58.680+0000][1][gc,age       ] GC(320) - age   3:     705304 bytes,    7860280 total
[2020-03-27T08:46:58.681+0000][1][gc,heap      ] GC(320) ParNew: 143064K->10093K(153344K)
[2020-03-27T08:46:58.681+0000][1][gc,heap      ] GC(320) CMS: 166223K->166223K(353920K)
[2020-03-27T08:46:58.682+0000][1][gc,metaspace ] GC(320) Metaspace: 99655K->99655K(1140736K)
[2020-03-27T08:46:58.682+0000][1][gc           ] GC(320) Pause Young (Allocation Failure) 302M->172M(495M) 16.514ms
[2020-03-27T08:46:58.683+0000][1][gc,cpu       ] GC(320) User=0.02s Sys=0.00s Real=0.01s
[2020-03-27T08:46:58.683+0000][1][safepoint    ] Safepoint "GenCollectForAllocation", Time since last: 443908583 ns, Reaching safepoint: 1012200 ns, At safepoint: 17511304 ns, Total: 18523504 ns
[2020-03-27T08:46:58.695+0000][1][safepoint    ] Safepoint "RevokeBias", Time since last: 11131802 ns, Reaching safepoint: 187700 ns, At safepoint: 40500 ns, Total: 228200 ns
[2020-03-27T08:46:58.696+0000][1][safepoint    ] Safepoint "RevokeBias", Time since last: 959600 ns, Reaching safepoint: 72900 ns, At safepoint: 28900 ns, Total: 101800 ns
[2020-03-27T08:46:58.697+0000][1][safepoint    ] Safepoint "RevokeBias", Time since last: 1108400 ns, Reaching safepoint: 59300 ns, At safepoint: 21500 ns, Total: 80800 ns
[2020-03-27T08:46:58.698+0000][1][safepoint    ] Safepoint "RevokeBias", Time since last: 1215800 ns, Reaching safepoint: 95800 ns, At safepoint: 20200 ns, Total: 116000 ns
[2020-03-27T08:46:58.741+0000][1][safepoint    ] Safepoint "RevokeBias", Time since last: 42427808 ns, Reaching safepoint: 118100 ns, At safepoint: 20300 ns, Total: 138400 ns
[2020-03-27T08:46:59.742+0000][1][safepoint    ] Safepoint "Cleanup", Time since last: 1000609087 ns, Reaching safepoint: 466500 ns, At safepoint: 81500 ns, Total: 548000 ns
[2020-03-27T08:47:00.745+0000][1][safepoint    ] Safepoint "Cleanup", Time since last: 1002576887 ns, Reaching safepoint: 330001 ns, At safepoint: 85800 ns, Total: 415801 ns
[2020-03-27T08:47:01.748+0000][1][safepoint    ] Safepoint "Cleanup", Time since last: 1002387487 ns, Reaching safepoint: 454600 ns, At safepoint: 90600 ns, Total: 545200 ns
[2020-03-27T08:47:02.751+0000][1][safepoint    ] Safepoint "Cleanup", Time since last: 1002269987 ns, Reaching safepoint: 464400 ns, At safepoint: 85800 ns, Total: 550200 ns
[2020-03-27T08:47:03.100+0000][1][safepoint    ] Safepoint "RevokeBias", Time since last: 349195065 ns, Reaching safepoint: 226400 ns, At safepoint: 100700 ns, Total: 327100 ns
[2020-03-27T08:47:03.865+0000][1][safepoint    ] Safepoint "RevokeBias", Time since last: 764085543 ns, Reaching safepoint: 299100 ns, At safepoint: 41500 ns, Total: 340600 ns
[2020-03-27T08:47:03.866+0000][1][safepoint    ] Safepoint "RevokeBias", Time since last: 631000 ns, Reaching safepoint: 202000 ns, At safepoint: 23300 ns, Total: 225300 ns
[2020-03-27T08:47:03.867+0000][1][safepoint    ] Safepoint "RevokeBias", Time since last: 1582000 ns, Reaching safepoint: 91200 ns, At safepoint: 21600 ns, Total: 112800 ns
[2020-03-27T08:47:03.868+0000][1][safepoint    ] Safepoint "RevokeBias", Time since last: 914901 ns, Reaching safepoint: 173200 ns, At safepoint: 12400 ns, Total: 185600 ns
[2020-03-27T08:47:03.906+0000][1][safepoint    ] Safepoint "RevokeBias", Time since last: 37857907 ns, Reaching safepoint: 183000 ns, At safepoint: 19500 ns, Total: 202500 ns
[2020-03-27T08:47:03.929+0000][1][safepoint    ] Safepoint "BulkRevokeBias", Time since last: 21678104 ns, Reaching safepoint: 96200 ns, At safepoint: 433500 ns, Total: 529700 ns
[2020-03-27T08:47:04.930+0000][1][safepoint    ] Safepoint "Cleanup", Time since last: 1000952150 ns, Reaching safepoint: 331800 ns, At safepoint: 100800 ns, Total: 432600 ns
[2020-03-27T08:47:05.933+0000][1][safepoint    ] Safepoint "Cleanup", Time since last: 1002248611 ns, Reaching safepoint: 493000 ns, At safepoint: 69500 ns, Total: 562500 ns
[2020-03-27T08:47:06.935+0000][1][safepoint    ] Safepoint "Cleanup", Time since last: 1002060111 ns, Reaching safepoint: 327200 ns, At safepoint: 116600 ns, Total: 443800 ns
[2020-03-27T08:47:07.938+0000][1][safepoint    ] Safepoint "Cleanup", Time since last: 1001963811 ns, Reaching safepoint: 402100 ns, At safepoint: 81800 ns, Total: 483900 ns
[2020-03-27T08:47:08.236+0000][1][safepoint    ] Safepoint "RevokeBias", Time since last: 298231522 ns, Reaching safepoint: 96600 ns, At safepoint: 24300 ns, Total: 120900 ns
[2020-03-27T08:47:08.827+0000][1][gc,start     ] GC(321) Pause Young (Allocation Failure)
[2020-03-27T08:47:08.829+0000][1][gc,task      ] GC(321) Using 2 workers of 2 for evacuation
[2020-03-27T08:47:08.840+0000][1][gc,age       ] GC(321) Desired survivor size 8716288 bytes, new threshold 1 (max threshold 6)
[2020-03-27T08:47:08.841+0000][1][gc,age       ] GC(321) Age table with threshold 1 (max threshold 6)
[2020-03-27T08:47:08.841+0000][1][gc,age       ] GC(321) - age   1:    9322472 bytes,    9322472 total
[2020-03-27T08:47:08.842+0000][1][gc,age       ] GC(321) - age   2:     575024 bytes,    9897496 total
[2020-03-27T08:47:08.843+0000][1][gc,age       ] GC(321) - age   3:     450072 bytes,   10347568 total
[2020-03-27T08:47:08.843+0000][1][gc,age       ] GC(321) - age   4:     704936 bytes,   11052504 total
[2020-03-27T08:47:08.844+0000][1][gc,heap      ] GC(321) ParNew: 146413K->13532K(153344K)
[2020-03-27T08:47:08.844+0000][1][gc,heap      ] GC(321) CMS: 166223K->166223K(353920K)
[2020-03-27T08:47:08.845+0000][1][gc,metaspace ] GC(321) Metaspace: 99655K->99655K(1140736K)
[2020-03-27T08:47:08.846+0000][1][gc           ] GC(321) Pause Young (Allocation Failure) 305M->175M(495M) 18.193ms
[2020-03-27T08:47:08.846+0000][1][gc,cpu       ] GC(321) User=0.02s Sys=0.00s Real=0.02s
[2020-03-27T08:47:08.846+0000][1][safepoint    ] Safepoint "GenCollectForAllocation", Time since last: 590936043 ns, Reaching safepoint: 249400 ns, At safepoint: 18998507 ns, Total: 19247907 ns
[2020-03-27T08:47:08.860+0000][1][safepoint    ] Safepoint "RevokeBias", Time since last: 13089406 ns, Reaching safepoint: 206600 ns, At safepoint: 27000 ns, Total: 233600 ns
[2020-03-27T08:47:08.861+0000][1][safepoint    ] Safepoint "RevokeBias", Time since last: 824400 ns, Reaching safepoint: 192000 ns, At safepoint: 26400 ns, Total: 218400 ns
[2020-03-27T08:47:08.862+0000][1][safepoint    ] Safepoint "RevokeBias", Time since last: 1441901 ns, Reaching safepoint: 76000 ns, At safepoint: 14500 ns, Total: 90500 ns
[2020-03-27T08:47:08.863+0000][1][safepoint    ] Safepoint "RevokeBias", Time since last: 534200 ns, Reaching safepoint: 87000 ns, At safepoint: 22300 ns, Total: 109300 ns
[2020-03-27T08:47:08.911+0000][1][safepoint    ] Safepoint "RevokeBias", Time since last: 47904320 ns, Reaching safepoint: 97600 ns, At safepoint: 26000 ns, Total: 123600 ns
[2020-03-27T08:47:08.965+0000][1][safepoint    ] Safepoint "RevokeBias", Time since last: 54204922 ns, Reaching safepoint: 114300 ns, At safepoint: 23500 ns, Total: 137800 ns
[2020-03-27T08:47:09.271+0000][1][safepoint    ] Safepoint "RevokeBias", Time since last: 305908526 ns, Reaching safepoint: 114600 ns, At safepoint: 15900 ns, Total: 130500 ns
[2020-03-27T08:47:09.272+0000][1][safepoint    ] Safepoint "RevokeBias", Time since last: 318900 ns, Reaching safepoint: 52900 ns, At safepoint: 21200 ns, Total: 74100 ns
[2020-03-27T08:47:09.272+0000][1][safepoint    ] Safepoint "RevokeBias", Time since last: 333800 ns, Reaching safepoint: 55100 ns, At safepoint: 20000 ns, Total: 75100 ns
[2020-03-27T08:47:09.272+0000][1][safepoint    ] Safepoint "RevokeBias", Time since last: 297300 ns, Reaching safepoint: 65900 ns, At safepoint: 19100 ns, Total: 85000 ns
[2020-03-27T08:47:09.273+0000][1][safepoint    ] Safepoint "RevokeBias", Time since last: 356400 ns, Reaching safepoint: 48900 ns, At safepoint: 21700 ns, Total: 70600 ns
[2020-03-27T08:47:09.273+0000][1][safepoint    ] Safepoint "RevokeBias", Time since last: 369300 ns, Reaching safepoint: 49801 ns, At safepoint: 28100 ns, Total: 77901 ns
[2020-03-27T08:47:09.274+0000][1][safepoint    ] Safepoint "RevokeBias", Time since last: 293900 ns, Reaching safepoint: 48700 ns, At safepoint: 19300 ns, Total: 68000 ns
[2020-03-27T08:47:09.274+0000][1][safepoint    ] Safepoint "RevokeBias", Time since last: 327500 ns, Reaching safepoint: 50100 ns, At safepoint: 21600 ns, Total: 71700 ns
[2020-03-27T08:47:09.274+0000][1][safepoint    ] Safepoint "RevokeBias", Time since last: 258100 ns, Reaching safepoint: 65900 ns, At safepoint: 18600 ns, Total: 84500 ns
[2020-03-27T08:47:09.965+0000][1][safepoint    ] Safepoint "RevokeBias", Time since last: 690595983 ns, Reaching safepoint: 155400 ns, At safepoint: 17500 ns, Total: 172900 ns
[2020-03-27T08:47:09.967+0000][1][safepoint    ] Safepoint "RevokeBias", Time since last: 1826701 ns, Reaching safepoint: 102100 ns, At safepoint: 18800 ns, Total: 120900 ns
[2020-03-27T08:47:09.968+0000][1][safepoint    ] Safepoint "RevokeBias", Time since last: 860200 ns, Reaching safepoint: 62900 ns, At safepoint: 15800 ns, Total: 78700 ns
[2020-03-27T08:47:10.969+0000][1][safepoint    ] Safepoint "Cleanup", Time since last: 1000675011 ns, Reaching safepoint: 121400 ns, At safepoint: 15500 ns, Total: 136900 ns
[2020-03-27T08:47:11.970+0000][1][safepoint    ] Safepoint "Cleanup", Time since last: 1000900910 ns, Reaching safepoint: 113000 ns, At safepoint: 15800 ns, Total: 128800 ns
[2020-03-27T08:47:12.971+0000][1][safepoint    ] Safepoint "Cleanup", Time since last: 1001141293 ns, Reaching safepoint: 120000 ns, At safepoint: 22000 ns, Total: 142000 ns
[2020-03-27T08:47:13.084+0000][1][safepoint    ] Safepoint "RevokeBias", Time since last: 113011614 ns, Reaching safepoint: 174000 ns, At safepoint: 22300 ns, Total: 196300 ns
[2020-03-27T08:47:14.074+0000][1][gc,start     ] GC(322) Pause Young (Allocation Failure)
[2020-03-27T08:47:14.075+0000][1][gc,task      ] GC(322) Using 2 workers of 2 for evacuation
[2020-03-27T08:47:14.080+0000][1][gc,age       ] GC(322) Desired survivor size 8716288 bytes, new threshold 6 (max threshold 6)
[2020-03-27T08:47:14.081+0000][1][gc,age       ] GC(322) Age table with threshold 6 (max threshold 6)
[2020-03-27T08:47:14.081+0000][1][gc,age       ] GC(322) - age   1:    4554488 bytes,    4554488 total
[2020-03-27T08:47:14.082+0000][1][gc,heap      ] GC(322) ParNew: 149412K->9786K(153344K)
[2020-03-27T08:47:14.082+0000][1][gc,heap      ] GC(322) CMS: 166223K->167628K(353920K)
[2020-03-27T08:47:14.083+0000][1][gc,metaspace ] GC(322) Metaspace: 99655K->99655K(1140736K)
[2020-03-27T08:47:14.083+0000][1][gc           ] GC(322) Pause Young (Allocation Failure) 308M->173M(495M) 8.803ms
[2020-03-27T08:47:14.083+0000][1][gc,cpu       ] GC(322) User=0.01s Sys=0.00s Real=0.01s
[2020-03-27T08:47:14.084+0000][1][safepoint    ] Safepoint "GenCollectForAllocation", Time since last: 989504220 ns, Reaching safepoint: 253900 ns, At safepoint: 9654401 ns, Total: 9908301 ns
[2020-03-27T08:47:14.098+0000][1][safepoint    ] Safepoint "RevokeBias", Time since last: 13496502 ns, Reaching safepoint: 250400 ns, At safepoint: 30400 ns, Total: 280800 ns
[2020-03-27T08:47:14.099+0000][1][safepoint    ] Safepoint "BulkRevokeBias", Time since last: 585300 ns, Reaching safepoint: 101900 ns, At safepoint: 517700 ns, Total: 619600 ns
[2020-03-27T08:47:14.100+0000][1][safepoint    ] Safepoint "RevokeBias", Time since last: 1090200 ns, Reaching safepoint: 65900 ns, At safepoint: 21700 ns, Total: 87600 ns
[2020-03-27T08:47:14.101+0000][1][safepoint    ] Safepoint "BulkRevokeBias", Time since last: 993301 ns, Reaching safepoint: 58600 ns, At safepoint: 395500 ns, Total: 454100 ns
[2020-03-27T08:47:14.144+0000][1][safepoint    ] Safepoint "RevokeBias", Time since last: 42197005 ns, Reaching safepoint: 96400 ns, At safepoint: 18800 ns, Total: 115200 ns
[2020-03-27T08:47:15.145+0000][1][safepoint    ] Safepoint "Cleanup", Time since last: 1000810522 ns, Reaching safepoint: 151000 ns, At safepoint: 15800 ns, Total: 166800 ns
[2020-03-27T08:47:16.146+0000][1][safepoint    ] Safepoint "Cleanup", Time since last: 1001129722 ns, Reaching safepoint: 387100 ns, At safepoint: 32100 ns, Total: 419200 ns
[2020-03-27T08:47:17.149+0000][1][safepoint    ] Safepoint "Cleanup", Time since last: 1001895222 ns, Reaching safepoint: 326100 ns, At safepoint: 174800 ns, Total: 500900 ns
[2020-03-27T08:47:18.151+0000][1][safepoint    ] Safepoint "Cleanup", Time since last: 1001905122 ns, Reaching safepoint: 121800 ns, At safepoint: 15300 ns, Total: 137100 ns
[2020-03-27T08:47:18.186+0000][1][safepoint    ] Safepoint "RevokeBias", Time since last: 34631204 ns, Reaching safepoint: 239800 ns, At safepoint: 25200 ns, Total: 265000 ns
[2020-03-27T08:47:19.187+0000][1][safepoint    ] Safepoint "Cleanup", Time since last: 1000736122 ns, Reaching safepoint: 542500 ns, At safepoint: 80600 ns, Total: 623100 ns
[2020-03-27T08:47:20.190+0000][1][safepoint    ] Safepoint "Cleanup", Time since last: 1002121622 ns, Reaching safepoint: 381400 ns, At safepoint: 174300 ns, Total: 555700 ns
[2020-03-27T08:47:21.191+0000][1][safepoint    ] Safepoint "Cleanup", Time since last: 1001340290 ns, Reaching safepoint: 325900 ns, At safepoint: 89500 ns, Total: 415400 ns
[2020-03-27T08:47:22.194+0000][1][safepoint    ] Safepoint "Cleanup", Time since last: 1002047189 ns, Reaching safepoint: 119300 ns, At safepoint: 16100 ns, Total: 135400 ns
[2020-03-27T08:47:23.097+0000][1][safepoint    ] Safepoint "RevokeBias", Time since last: 903366180 ns, Reaching safepoint: 155200 ns, At safepoint: 17800 ns, Total: 173000 ns
[2020-03-27T08:47:24.098+0000][1][safepoint    ] Safepoint "Cleanup", Time since last: 1000488989 ns, Reaching safepoint: 377000 ns, At safepoint: 83200 ns, Total: 460200 ns
[2020-03-27T08:47:25.100+0000][1][safepoint    ] Safepoint "Cleanup", Time since last: 1001996789 ns, Reaching safepoint: 330200 ns, At safepoint: 84500 ns, Total: 414700 ns
[2020-03-27T08:47:26.103+0000][1][safepoint    ] Safepoint "Cleanup", Time since last: 1002129389 ns, Reaching safepoint: 326800 ns, At safepoint: 86000 ns, Total: 412800 ns
[2020-03-27T08:47:27.105+0000][1][safepoint    ] Safepoint "Cleanup", Time since last: 1002034189 ns, Reaching safepoint: 176600 ns, At safepoint: 41800 ns, Total: 218400 ns
[2020-03-27T08:47:28.107+0000][1][safepoint    ] Safepoint "Cleanup", Time since last: 1001385089 ns, Reaching safepoint: 106900 ns, At safepoint: 21500 ns, Total: 128400 ns
[2020-03-27T08:47:28.237+0000][1][safepoint    ] Safepoint "RevokeBias", Time since last: 129746311 ns, Reaching safepoint: 178300 ns, At safepoint: 27600 ns, Total: 205900 ns
[2020-03-27T08:47:29.238+0000][1][safepoint    ] Safepoint "Cleanup", Time since last: 1001174157 ns, Reaching safepoint: 330700 ns, At safepoint: 89600 ns, Total: 420300 ns
[2020-03-27T08:47:30.240+0000][1][safepoint    ] Safepoint "Cleanup", Time since last: 1002045256 ns, Reaching safepoint: 96800 ns, At safepoint: 16600 ns, Total: 113400 ns
[2020-03-27T08:47:31.242+0000][1][safepoint    ] Safepoint "Cleanup", Time since last: 1000816456 ns, Reaching safepoint: 398400 ns, At safepoint: 23700 ns, Total: 422100 ns
[2020-03-27T08:47:32.244+0000][1][safepoint    ] Safepoint "Cleanup", Time since last: 1001694056 ns, Reaching safepoint: 135500 ns, At safepoint: 5900 ns, Total: 141400 ns
[2020-03-27T08:47:33.100+0000][1][safepoint    ] Safepoint "RevokeBias", Time since last: 856342948 ns, Reaching safepoint: 305900 ns, At safepoint: 40300 ns, Total: 346200 ns
[2020-03-27T08:47:34.102+0000][1][safepoint    ] Safepoint "Cleanup", Time since last: 1000864256 ns, Reaching safepoint: 326900 ns, At safepoint: 179700 ns, Total: 506600 ns
[2020-03-27T08:47:35.104+0000][1][safepoint    ] Safepoint "Cleanup", Time since last: 1001828956 ns, Reaching safepoint: 370700 ns, At safepoint: 85000 ns, Total: 455700 ns
[2020-03-27T08:47:36.106+0000][1][safepoint    ] Safepoint "Cleanup", Time since last: 1001975157 ns, Reaching safepoint: 95400 ns, At safepoint: 6900 ns, Total: 102300 ns
[2020-03-27T08:47:37.107+0000][1][safepoint    ] Safepoint "Cleanup", Time since last: 1001036357 ns, Reaching safepoint: 333500 ns, At safepoint: 90700 ns, Total: 424200 ns
[2020-03-27T08:47:38.110+0000][1][safepoint    ] Safepoint "Cleanup", Time since last: 1002283257 ns, Reaching safepoint: 368000 ns, At safepoint: 85500 ns, Total: 453500 ns
[2020-03-27T08:47:38.171+0000][1][safepoint    ] Safepoint "RevokeBias", Time since last: 60358103 ns, Reaching safepoint: 94700 ns, At safepoint: 25800 ns, Total: 120500 ns
[2020-03-27T08:47:39.172+0000][1][safepoint    ] Safepoint "Cleanup", Time since last: 1000981758 ns, Reaching safepoint: 332900 ns, At safepoint: 83300 ns, Total: 416200 ns
[2020-03-27T08:47:40.174+0000][1][safepoint    ] Safepoint "Cleanup", Time since last: 1001965557 ns, Reaching safepoint: 103600 ns, At safepoint: 20200 ns, Total: 123800 ns
[2020-03-27T08:47:41.176+0000][1][safepoint    ] Safepoint "Cleanup", Time since last: 1001025157 ns, Reaching safepoint: 422400 ns, At safepoint: 25000 ns, Total: 447400 ns
[2020-03-27T08:47:42.420+0000][1][gc,start     ] GC(323) Pause Young (Allocation Failure)
[2020-03-27T08:47:42.421+0000][1][gc,task      ] GC(323) Using 2 workers of 2 for evacuation
[2020-03-27T08:47:42.428+0000][1][gc,age       ] GC(323) Desired survivor size 8716288 bytes, new threshold 1 (max threshold 6)
[2020-03-27T08:47:42.428+0000][1][gc,age       ] GC(323) Age table with threshold 1 (max threshold 6)
[2020-03-27T08:47:42.429+0000][1][gc,age       ] GC(323) - age   1:   13707744 bytes,   13707744 total
[2020-03-27T08:47:42.429+0000][1][gc,age       ] GC(323) - age   2:     416672 bytes,   14124416 total
[2020-03-27T08:47:42.430+0000][1][gc,heap      ] GC(323) ParNew: 146106K->14400K(153344K)
[2020-03-27T08:47:42.430+0000][1][gc,heap      ] GC(323) CMS: 167628K->167628K(353920K)
[2020-03-27T08:47:42.431+0000][1][gc,metaspace ] GC(323) Metaspace: 99655K->99655K(1140736K)
[2020-03-27T08:47:42.431+0000][1][gc           ] GC(323) Pause Young (Allocation Failure) 306M->177M(495M) 11.074ms
[2020-03-27T08:47:42.432+0000][1][gc,cpu       ] GC(323) User=0.01s Sys=0.00s Real=0.01s
[2020-03-27T08:47:42.432+0000][1][safepoint    ] Safepoint "GenCollectForAllocation", Time since last: 1244403371 ns, Reaching safepoint: 264700 ns, At safepoint: 12103801 ns, Total: 12368501 ns
[2020-03-27T08:47:43.132+0000][1][safepoint    ] Safepoint "RevokeBias", Time since last: 699022140 ns, Reaching safepoint: 212800 ns, At safepoint: 73100 ns, Total: 285900 ns
[2020-03-27T08:47:44.104+0000][1][safepoint    ] Safepoint "RevokeBias", Time since last: 972359956 ns, Reaching safepoint: 233900 ns, At safepoint: 20300 ns, Total: 254200 ns
[2020-03-27T08:47:44.105+0000][1][safepoint    ] Safepoint "RevokeBias", Time since last: 515600 ns, Reaching safepoint: 157100 ns, At safepoint: 23400 ns, Total: 180500 ns
[2020-03-27T08:47:44.106+0000][1][safepoint    ] Safepoint "RevokeBias", Time since last: 797800 ns, Reaching safepoint: 63600 ns, At safepoint: 13300 ns, Total: 76900 ns
[2020-03-27T08:47:44.107+0000][1][safepoint    ] Safepoint "RevokeBias", Time since last: 1004500 ns, Reaching safepoint: 56600 ns, At safepoint: 12600 ns, Total: 69200 ns
[2020-03-27T08:47:44.108+0000][1][safepoint    ] Safepoint "RevokeBias", Time since last: 494400 ns, Reaching safepoint: 81200 ns, At safepoint: 20900 ns, Total: 102100 ns
[2020-03-27T08:47:44.152+0000][1][safepoint    ] Safepoint "RevokeBias", Time since last: 43876402 ns, Reaching safepoint: 126600 ns, At safepoint: 39500 ns, Total: 166100 ns
[2020-03-27T08:47:44.221+0000][1][safepoint    ] Safepoint "RevokeBias", Time since last: 68736004 ns, Reaching safepoint: 244000 ns, At safepoint: 23200 ns, Total: 267200 ns
[2020-03-27T08:47:44.225+0000][1][safepoint    ] Safepoint "RevokeBias", Time since last: 4354600 ns, Reaching safepoint: 137700 ns, At safepoint: 93400 ns, Total: 231100 ns
[2020-03-27T08:47:44.256+0000][1][safepoint    ] Safepoint "RevokeBias", Time since last: 30945202 ns, Reaching safepoint: 238500 ns, At safepoint: 22600 ns, Total: 261100 ns
[2020-03-27T08:47:44.258+0000][1][safepoint    ] Safepoint "RevokeBias", Time since last: 953500 ns, Reaching safepoint: 136600 ns, At safepoint: 74300 ns, Total: 210900 ns
[2020-03-27T08:47:44.260+0000][1][safepoint    ] Safepoint "RevokeBias", Time since last: 2566300 ns, Reaching safepoint: 219901 ns, At safepoint: 80500 ns, Total: 300401 ns
[2020-03-27T08:47:44.263+0000][1][safepoint    ] Safepoint "RevokeBias", Time since last: 1730900 ns, Reaching safepoint: 230800 ns, At safepoint: 214300 ns, Total: 445100 ns
[2020-03-27T08:47:44.307+0000][1][safepoint    ] Safepoint "RevokeBias", Time since last: 43786902 ns, Reaching safepoint: 146600 ns, At safepoint: 30800 ns, Total: 177400 ns
[2020-03-27T08:47:44.363+0000][1][safepoint    ] Safepoint "RevokeBias", Time since last: 56573701 ns, Reaching safepoint: 154300 ns, At safepoint: 115300 ns, Total: 269600 ns
[2020-03-27T08:47:44.364+0000][1][safepoint    ] Safepoint "RevokeBias", Time since last: 757000 ns, Reaching safepoint: 102900 ns, At safepoint: 81800 ns, Total: 184700 ns
[2020-03-27T08:47:44.367+0000][1][safepoint    ] Safepoint "RevokeBias", Time since last: 2663000 ns, Reaching safepoint: 115700 ns, At safepoint: 88800 ns, Total: 204500 ns
[2020-03-27T08:47:44.369+0000][1][safepoint    ] Safepoint "RevokeBias", Time since last: 1222601 ns, Reaching safepoint: 146400 ns, At safepoint: 114300 ns, Total: 260700 ns
[2020-03-27T08:47:44.481+0000][1][safepoint    ] Safepoint "RevokeBias", Time since last: 112489203 ns, Reaching safepoint: 142300 ns, At safepoint: 43200 ns, Total: 185500 ns
[2020-03-27T08:47:44.514+0000][1][safepoint    ] Safepoint "RevokeBias", Time since last: 32611401 ns, Reaching safepoint: 201800 ns, At safepoint: 39300 ns, Total: 241100 ns
[2020-03-27T08:47:44.518+0000][1][safepoint    ] Safepoint "RevokeBias", Time since last: 3208300 ns, Reaching safepoint: 201400 ns, At safepoint: 103300 ns, Total: 304700 ns
[2020-03-27T08:47:44.518+0000][1][safepoint    ] Safepoint "RevokeBias", Time since last: 409400 ns, Reaching safepoint: 78800 ns, At safepoint: 91200 ns, Total: 170000 ns
[2020-03-27T08:47:44.523+0000][1][gc,start     ] GC(324) Pause Young (Allocation Failure)
[2020-03-27T08:47:44.524+0000][1][gc,task      ] GC(324) Using 2 workers of 2 for evacuation
[2020-03-27T08:47:44.530+0000][1][gc,age       ] GC(324) Desired survivor size 8716288 bytes, new threshold 6 (max threshold 6)
[2020-03-27T08:47:44.530+0000][1][gc,age       ] GC(324) Age table with threshold 6 (max threshold 6)
[2020-03-27T08:47:44.530+0000][1][gc,age       ] GC(324) - age   1:    2154704 bytes,    2154704 total
[2020-03-27T08:47:44.531+0000][1][gc,heap      ] GC(324) ParNew: 150720K->11373K(153344K)
[2020-03-27T08:47:44.531+0000][1][gc,heap      ] GC(324) CMS: 167628K->168229K(353920K)
[2020-03-27T08:47:44.531+0000][1][gc,metaspace ] GC(324) Metaspace: 99660K->99660K(1140736K)
[2020-03-27T08:47:44.531+0000][1][gc           ] GC(324) Pause Young (Allocation Failure) 310M->175M(495M) 8.436ms
[2020-03-27T08:47:44.532+0000][1][gc,cpu       ] GC(324) User=0.00s Sys=0.00s Real=0.01s
[2020-03-27T08:47:44.532+0000][1][safepoint    ] Safepoint "GenCollectForAllocation", Time since last: 4541700 ns, Reaching safepoint: 128300 ns, At safepoint: 9019901 ns, Total: 9148201 ns
[2020-03-27T08:47:45.533+0000][1][safepoint    ] Safepoint "Cleanup", Time since last: 1000812430 ns, Reaching safepoint: 309400 ns, At safepoint: 74700 ns, Total: 384100 ns
[2020-03-27T08:47:45.590+0000][1][safepoint    ] Safepoint "RevokeBias", Time since last: 56386202 ns, Reaching safepoint: 212900 ns, At safepoint: 41000 ns, Total: 253900 ns
[2020-03-27T08:47:45.593+0000][1][safepoint    ] Safepoint "RevokeBias", Time since last: 2597700 ns, Reaching safepoint: 115400 ns, At safepoint: 13800 ns, Total: 129200 ns
[2020-03-27T08:47:45.595+0000][1][safepoint    ] Safepoint "RevokeBias", Time since last: 1973300 ns, Reaching safepoint: 97200 ns, At safepoint: 15500 ns, Total: 112700 ns
[2020-03-27T08:47:45.595+0000][1][safepoint    ] Safepoint "RevokeBias", Time since last: 667200 ns, Reaching safepoint: 69700 ns, At safepoint: 14400 ns, Total: 84100 ns
[2020-03-27T08:47:45.649+0000][1][safepoint    ] Safepoint "RevokeBias", Time since last: 53582302 ns, Reaching safepoint: 141700 ns, At safepoint: 35600 ns, Total: 177300 ns
[2020-03-27T08:47:45.706+0000][1][safepoint    ] Safepoint "RevokeBias", Time since last: 56783302 ns, Reaching safepoint: 179200 ns, At safepoint: 32800 ns, Total: 212000 ns
[2020-03-27T08:47:45.707+0000][1][safepoint    ] Safepoint "RevokeBias", Time since last: 423500 ns, Reaching safepoint: 58400 ns, At safepoint: 11200 ns, Total: 69600 ns
[2020-03-27T08:47:45.798+0000][1][safepoint    ] Safepoint "RevokeBias", Time since last: 91581203 ns, Reaching safepoint: 98900 ns, At safepoint: 25100 ns, Total: 124000 ns
[2020-03-27T08:47:45.799+0000][1][safepoint    ] Safepoint "RevokeBias", Time since last: 250800 ns, Reaching safepoint: 76600 ns, At safepoint: 21000 ns, Total: 97600 ns
[2020-03-27T08:47:45.799+0000][1][safepoint    ] Safepoint "RevokeBias", Time since last: 276900 ns, Reaching safepoint: 54300 ns, At safepoint: 30300 ns, Total: 84600 ns
[2020-03-27T08:47:45.799+0000][1][safepoint    ] Safepoint "RevokeBias", Time since last: 309600 ns, Reaching safepoint: 52000 ns, At safepoint: 20900 ns, Total: 72900 ns
[2020-03-27T08:47:45.800+0000][1][safepoint    ] Safepoint "RevokeBias", Time since last: 344300 ns, Reaching safepoint: 48300 ns, At safepoint: 19500 ns, Total: 67800 ns
[2020-03-27T08:47:45.800+0000][1][safepoint    ] Safepoint "RevokeBias", Time since last: 322400 ns, Reaching safepoint: 49200 ns, At safepoint: 19900 ns, Total: 69100 ns
[2020-03-27T08:47:46.707+0000][1][safepoint    ] Safepoint "RevokeBias", Time since last: 906609228 ns, Reaching safepoint: 99000 ns, At safepoint: 18000 ns, Total: 117000 ns
[2020-03-27T08:47:46.708+0000][1][safepoint    ] Safepoint "RevokeBias", Time since last: 776800 ns, Reaching safepoint: 93400 ns, At safepoint: 16000 ns, Total: 109400 ns
[2020-03-27T08:47:46.710+0000][1][safepoint    ] Safepoint "RevokeBias", Time since last: 1799300 ns, Reaching safepoint: 124600 ns, At safepoint: 8500 ns, Total: 133100 ns
[2020-03-27T08:47:46.711+0000][1][safepoint    ] Safepoint "RevokeBias", Time since last: 911700 ns, Reaching safepoint: 53500 ns, At safepoint: 16900 ns, Total: 70400 ns
[2020-03-27T08:47:46.712+0000][1][safepoint    ] Safepoint "RevokeBias", Time since last: 691400 ns, Reaching safepoint: 92000 ns, At safepoint: 17900 ns, Total: 109900 ns
[2020-03-27T08:47:46.712+0000][1][safepoint    ] Safepoint "RevokeBias", Time since last: 621400 ns, Reaching safepoint: 48800 ns, At safepoint: 15600 ns, Total: 64400 ns
[2020-03-27T08:47:46.713+0000][1][safepoint    ] Safepoint "RevokeBias", Time since last: 573400 ns, Reaching safepoint: 175000 ns, At safepoint: 30900 ns, Total: 205900 ns
[2020-03-27T08:47:46.714+0000][1][safepoint    ] Safepoint "RevokeBias", Time since last: 1213800 ns, Reaching safepoint: 48300 ns, At safepoint: 25400 ns, Total: 73700 ns
[2020-03-27T08:47:47.715+0000][1][safepoint    ] Safepoint "Cleanup", Time since last: 1000883131 ns, Reaching safepoint: 101900 ns, At safepoint: 18400 ns, Total: 120300 ns
[2020-03-27T08:47:48.185+0000][1][safepoint    ] Safepoint "RevokeBias", Time since last: 468959314 ns, Reaching safepoint: 228500 ns, At safepoint: 27400 ns, Total: 255900 ns
[2020-03-27T08:47:48.245+0000][1][safepoint    ] Safepoint "RevokeBias", Time since last: 60551702 ns, Reaching safepoint: 138100 ns, At safepoint: 32100 ns, Total: 170200 ns
[2020-03-27T08:47:48.246+0000][1][safepoint    ] Safepoint "RevokeBias", Time since last: 1101900 ns, Reaching safepoint: 74000 ns, At safepoint: 23900 ns, Total: 97900 ns
[2020-03-27T08:47:48.247+0000][1][safepoint    ] Safepoint "RevokeBias", Time since last: 949900 ns, Reaching safepoint: 57900 ns, At safepoint: 19500 ns, Total: 77400 ns
[2020-03-27T08:47:48.248+0000][1][safepoint    ] Safepoint "RevokeBias", Time since last: 739700 ns, Reaching safepoint: 54200 ns, At safepoint: 12600 ns, Total: 66800 ns
[2020-03-27T08:47:48.302+0000][1][safepoint    ] Safepoint "RevokeBias", Time since last: 53273602 ns, Reaching safepoint: 158100 ns, At safepoint: 21500 ns, Total: 179600 ns
[2020-03-27T08:47:49.912+0000][1][safepoint    ] Safepoint "Cleanup", Time since last: 1610354649 ns, Reaching safepoint: 98200 ns, At safepoint: 17400 ns, Total: 115600 ns
[2020-03-27T08:47:50.913+0000][1][safepoint    ] Safepoint "Cleanup", Time since last: 1000717331 ns, Reaching safepoint: 96400 ns, At safepoint: 16100 ns, Total: 112500 ns
[2020-03-27T08:47:51.914+0000][1][safepoint    ] Safepoint "Cleanup", Time since last: 1001048731 ns, Reaching safepoint: 96800 ns, At safepoint: 18200 ns, Total: 115000 ns
[2020-03-27T08:47:52.916+0000][1][safepoint    ] Safepoint "Cleanup", Time since last: 1001135441 ns, Reaching safepoint: 458000 ns, At safepoint: 91100 ns, Total: 549100 ns
[2020-03-27T08:47:53.147+0000][1][safepoint    ] Safepoint "RevokeBias", Time since last: 230001511 ns, Reaching safepoint: 250400 ns, At safepoint: 568300 ns, Total: 818700 ns
[2020-03-27T08:47:53.399+0000][1][gc,start     ] GC(325) Pause Young (Allocation Failure)
[2020-03-27T08:47:53.400+0000][1][gc,task      ] GC(325) Using 2 workers of 2 for evacuation
[2020-03-27T08:47:53.408+0000][1][gc,age       ] GC(325) Desired survivor size 8716288 bytes, new threshold 6 (max threshold 6)
[2020-03-27T08:47:53.409+0000][1][gc,age       ] GC(325) Age table with threshold 6 (max threshold 6)
[2020-03-27T08:47:53.410+0000][1][gc,age       ] GC(325) - age   1:    4467368 bytes,    4467368 total
[2020-03-27T08:47:53.410+0000][1][gc,age       ] GC(325) - age   2:     943528 bytes,    5410896 total
[2020-03-27T08:47:53.411+0000][1][gc,heap      ] GC(325) ParNew: 147693K->8094K(153344K)
[2020-03-27T08:47:53.412+0000][1][gc,heap      ] GC(325) CMS: 168229K->168229K(353920K)
[2020-03-27T08:47:53.412+0000][1][gc,metaspace ] GC(325) Metaspace: 99662K->99662K(1140736K)
[2020-03-27T08:47:53.413+0000][1][gc           ] GC(325) Pause Young (Allocation Failure) 308M->172M(495M) 14.082ms
[2020-03-27T08:47:53.413+0000][1][gc,cpu       ] GC(325) User=0.02s Sys=0.00s Real=0.01s
[2020-03-27T08:47:53.414+0000][1][safepoint    ] Safepoint "GenCollectForAllocation", Time since last: 251632911 ns, Reaching safepoint: 322300 ns, At safepoint: 14907101 ns, Total: 15229401 ns
[2020-03-27T08:47:53.425+0000][1][safepoint    ] Safepoint "RevokeBias", Time since last: 11658101 ns, Reaching safepoint: 212700 ns, At safepoint: 19400 ns, Total: 232100 ns
[2020-03-27T08:47:53.426+0000][1][safepoint    ] Safepoint "RevokeBias", Time since last: 696200 ns, Reaching safepoint: 73600 ns, At safepoint: 43300 ns, Total: 116900 ns
[2020-03-27T08:47:53.428+0000][1][safepoint    ] Safepoint "RevokeBias", Time since last: 1243600 ns, Reaching safepoint: 81400 ns, At safepoint: 13900 ns, Total: 95300 ns
[2020-03-27T08:47:53.429+0000][1][safepoint    ] Safepoint "RevokeBias", Time since last: 1119600 ns, Reaching safepoint: 88100 ns, At safepoint: 17700 ns, Total: 105800 ns
[2020-03-27T08:47:53.471+0000][1][safepoint    ] Safepoint "RevokeBias", Time since last: 41622502 ns, Reaching safepoint: 120300 ns, At safepoint: 25900 ns, Total: 146200 ns
[2020-03-27T08:47:54.472+0000][1][safepoint    ] Safepoint "Cleanup", Time since last: 1000812247 ns, Reaching safepoint: 456400 ns, At safepoint: 87400 ns, Total: 543800 ns
[2020-03-27T08:47:55.474+0000][1][safepoint    ] Safepoint "Cleanup", Time since last: 1002037247 ns, Reaching safepoint: 121400 ns, At safepoint: 20700 ns, Total: 142100 ns
[2020-03-27T08:47:56.477+0000][1][safepoint    ] Safepoint "Cleanup", Time since last: 1002014747 ns, Reaching safepoint: 369100 ns, At safepoint: 82800 ns, Total: 451900 ns
[2020-03-27T08:47:57.479+0000][1][safepoint    ] Safepoint "Cleanup", Time since last: 1002237048 ns, Reaching safepoint: 196300 ns, At safepoint: 47700 ns, Total: 244000 ns
[2020-03-27T08:47:58.218+0000][1][safepoint    ] Safepoint "RevokeBias", Time since last: 738239434 ns, Reaching safepoint: 94000 ns, At safepoint: 77100 ns, Total: 171100 ns
[2020-03-27T08:47:58.419+0000][1][gc,start     ] GC(326) Pause Young (Allocation Failure)
[2020-03-27T08:47:58.419+0000][1][gc,task      ] GC(326) Using 2 workers of 2 for evacuation
[2020-03-27T08:47:58.423+0000][1][gc,age       ] GC(326) Desired survivor size 8716288 bytes, new threshold 6 (max threshold 6)
[2020-03-27T08:47:58.423+0000][1][gc,age       ] GC(326) Age table with threshold 6 (max threshold 6)
[2020-03-27T08:47:58.424+0000][1][gc,age       ] GC(326) - age   1:    1645720 bytes,    1645720 total
[2020-03-27T08:47:58.424+0000][1][gc,age       ] GC(326) - age   2:     600672 bytes,    2246392 total
[2020-03-27T08:47:58.425+0000][1][gc,age       ] GC(326) - age   3:     930704 bytes,    3177096 total
[2020-03-27T08:47:58.425+0000][1][gc,heap      ] GC(326) ParNew: 144414K->7158K(153344K)
[2020-03-27T08:47:58.426+0000][1][gc,heap      ] GC(326) CMS: 168229K->168229K(353920K)
[2020-03-27T08:47:58.426+0000][1][gc,metaspace ] GC(326) Metaspace: 99662K->99662K(1140736K)
[2020-03-27T08:47:58.426+0000][1][gc           ] GC(326) Pause Young (Allocation Failure) 305M->171M(495M) 7.810ms
[2020-03-27T08:47:58.427+0000][1][gc,cpu       ] GC(326) User=0.00s Sys=0.01s Real=0.01s
[2020-03-27T08:47:58.427+0000][1][safepoint    ] Safepoint "GenCollectForAllocation", Time since last: 200953810 ns, Reaching safepoint: 130400 ns, At safepoint: 8452400 ns, Total: 8582800 ns
[2020-03-27T08:47:58.432+0000][1][safepoint    ] Safepoint "RevokeBias", Time since last: 5076500 ns, Reaching safepoint: 204400 ns, At safepoint: 17300 ns, Total: 221700 ns
[2020-03-27T08:47:58.433+0000][1][safepoint    ] Safepoint "RevokeBias", Time since last: 973700 ns, Reaching safepoint: 130900 ns, At safepoint: 15500 ns, Total: 146400 ns
[2020-03-27T08:47:58.435+0000][1][safepoint    ] Safepoint "RevokeBias", Time since last: 1442601 ns, Reaching safepoint: 99400 ns, At safepoint: 22200 ns, Total: 121600 ns
[2020-03-27T08:47:58.436+0000][1][safepoint    ] Safepoint "RevokeBias", Time since last: 1064600 ns, Reaching safepoint: 80200 ns, At safepoint: 14500 ns, Total: 94700 ns
[2020-03-27T08:47:58.479+0000][1][safepoint    ] Safepoint "RevokeBias", Time since last: 42669202 ns, Reaching safepoint: 136300 ns, At safepoint: 29500 ns, Total: 165800 ns
[2020-03-27T08:47:59.481+0000][1][safepoint    ] Safepoint "Cleanup", Time since last: 1000912747 ns, Reaching safepoint: 501200 ns, At safepoint: 243600 ns, Total: 744800 ns
[2020-03-27T08:48:00.483+0000][1][safepoint    ] Safepoint "Cleanup", Time since last: 1002144946 ns, Reaching safepoint: 128300 ns, At safepoint: 24400 ns, Total: 152700 ns
[2020-03-27T08:48:01.484+0000][1][safepoint    ] Safepoint "Cleanup", Time since last: 1001146339 ns, Reaching safepoint: 169200 ns, At safepoint: 36200 ns, Total: 205400 ns
[2020-03-27T08:48:02.486+0000][1][safepoint    ] Safepoint "Cleanup", Time since last: 1001202340 ns, Reaching safepoint: 378000 ns, At safepoint: 81500 ns, Total: 459500 ns
[2020-03-27T08:48:03.134+0000][1][safepoint    ] Safepoint "RevokeBias", Time since last: 647496926 ns, Reaching safepoint: 118100 ns, At safepoint: 22000 ns, Total: 140100 ns
[2020-03-27T08:48:03.560+0000][1][safepoint    ] Safepoint "RevokeBias", Time since last: 425864317 ns, Reaching safepoint: 231400 ns, At safepoint: 34100 ns, Total: 265500 ns
[2020-03-27T08:48:03.561+0000][1][safepoint    ] Safepoint "RevokeBias", Time since last: 663400 ns, Reaching safepoint: 136900 ns, At safepoint: 24800 ns, Total: 161700 ns
[2020-03-27T08:48:03.562+0000][1][safepoint    ] Safepoint "RevokeBias", Time since last: 1185000 ns, Reaching safepoint: 69100 ns, At safepoint: 22200 ns, Total: 91300 ns
[2020-03-27T08:48:03.563+0000][1][safepoint    ] Safepoint "RevokeBias", Time since last: 592400 ns, Reaching safepoint: 86900 ns, At safepoint: 21900 ns, Total: 108800 ns
[2020-03-27T08:48:03.604+0000][1][safepoint    ] Safepoint "RevokeBias", Time since last: 41659501 ns, Reaching safepoint: 136000 ns, At safepoint: 20600 ns, Total: 156600 ns
[2020-03-27T08:48:03.633+0000][1][safepoint    ] Safepoint "RevokeBias", Time since last: 28592901 ns, Reaching safepoint: 178200 ns, At safepoint: 48700 ns, Total: 226900 ns
[2020-03-27T08:48:03.639+0000][1][safepoint    ] Safepoint "RevokeBias", Time since last: 5974701 ns, Reaching safepoint: 105100 ns, At safepoint: 105300 ns, Total: 210400 ns
[2020-03-27T08:48:04.637+0000][1][safepoint    ] Safepoint "RevokeBias", Time since last: 997093439 ns, Reaching safepoint: 535800 ns, At safepoint: 87100 ns, Total: 622900 ns
[2020-03-27T08:48:04.675+0000][1][safepoint    ] Safepoint "RevokeBias", Time since last: 37694402 ns, Reaching safepoint: 321400 ns, At safepoint: 55200 ns, Total: 376600 ns
[2020-03-27T08:48:04.677+0000][1][safepoint    ] Safepoint "RevokeBias", Time since last: 1947700 ns, Reaching safepoint: 98200 ns, At safepoint: 8400 ns, Total: 106600 ns
[2020-03-27T08:48:05.679+0000][1][safepoint    ] Safepoint "Cleanup", Time since last: 1000993239 ns, Reaching safepoint: 415301 ns, At safepoint: 83400 ns, Total: 498701 ns
[2020-03-27T08:48:06.681+0000][1][safepoint    ] Safepoint "Cleanup", Time since last: 1002437039 ns, Reaching safepoint: 153400 ns, At safepoint: 35200 ns, Total: 188600 ns
[2020-03-27T08:48:07.683+0000][1][safepoint    ] Safepoint "Cleanup", Time since last: 1001238940 ns, Reaching safepoint: 328900 ns, At safepoint: 83300 ns, Total: 412200 ns
[2020-03-27T08:48:08.202+0000][1][gc,start     ] GC(327) Pause Young (Allocation Failure)
[2020-03-27T08:48:08.202+0000][1][gc,task      ] GC(327) Using 2 workers of 2 for evacuation
[2020-03-27T08:48:08.206+0000][1][gc,age       ] GC(327) Desired survivor size 8716288 bytes, new threshold 6 (max threshold 6)
[2020-03-27T08:48:08.206+0000][1][gc,age       ] GC(327) Age table with threshold 6 (max threshold 6)
[2020-03-27T08:48:08.207+0000][1][gc,age       ] GC(327) - age   1:     857120 bytes,     857120 total
[2020-03-27T08:48:08.207+0000][1][gc,age       ] GC(327) - age   2:      12400 bytes,     869520 total
[2020-03-27T08:48:08.208+0000][1][gc,age       ] GC(327) - age   3:     423032 bytes,    1292552 total
[2020-03-27T08:48:08.208+0000][1][gc,age       ] GC(327) - age   4:     728248 bytes,    2020800 total
[2020-03-27T08:48:08.209+0000][1][gc,heap      ] GC(327) ParNew: 143478K->3534K(153344K)
[2020-03-27T08:48:08.209+0000][1][gc,heap      ] GC(327) CMS: 168229K->168229K(353920K)
[2020-03-27T08:48:08.210+0000][1][gc,metaspace ] GC(327) Metaspace: 99662K->99662K(1140736K)
[2020-03-27T08:48:08.210+0000][1][gc           ] GC(327) Pause Young (Allocation Failure) 304M->167M(495M) 8.185ms
[2020-03-27T08:48:08.211+0000][1][gc,cpu       ] GC(327) User=0.00s Sys=0.00s Real=0.01s
[2020-03-27T08:48:08.211+0000][1][safepoint    ] Safepoint "GenCollectForAllocation", Time since last: 518736020 ns, Reaching safepoint: 121500 ns, At safepoint: 9094801 ns, Total: 9216301 ns
[2020-03-27T08:48:08.245+0000][1][safepoint    ] Safepoint "RevokeBias", Time since last: 34298901 ns, Reaching safepoint: 123700 ns, At safepoint: 24900 ns, Total: 148600 ns
[2020-03-27T08:48:08.581+0000][1][safepoint    ] Safepoint "RevokeBias", Time since last: 335145305 ns, Reaching safepoint: 102100 ns, At safepoint: 25900 ns, Total: 128000 ns
[2020-03-27T08:48:08.582+0000][1][safepoint    ] Safepoint "RevokeBias", Time since last: 882600 ns, Reaching safepoint: 91200 ns, At safepoint: 22700 ns, Total: 113900 ns
[2020-03-27T08:48:08.584+0000][1][safepoint    ] Safepoint "BulkRevokeBias", Time since last: 1432600 ns, Reaching safepoint: 96100 ns, At safepoint: 450000 ns, Total: 546100 ns
[2020-03-27T08:48:08.646+0000][1][safepoint    ] Safepoint "RevokeBias", Time since last: 62298301 ns, Reaching safepoint: 229600 ns, At safepoint: 22000 ns, Total: 251600 ns
[2020-03-27T08:48:09.647+0000][1][safepoint    ] Safepoint "Cleanup", Time since last: 1000815306 ns, Reaching safepoint: 132700 ns, At safepoint: 28000 ns, Total: 160700 ns
[2020-03-27T08:48:10.649+0000][1][safepoint    ] Safepoint "Cleanup", Time since last: 1000872506 ns, Reaching safepoint: 374700 ns, At safepoint: 152400 ns, Total: 527100 ns
[2020-03-27T08:48:11.651+0000][1][safepoint    ] Safepoint "Cleanup", Time since last: 1001810407 ns, Reaching safepoint: 140900 ns, At safepoint: 18500 ns, Total: 159400 ns
[2020-03-27T08:48:12.652+0000][1][safepoint    ] Safepoint "Cleanup", Time since last: 1000701606 ns, Reaching safepoint: 361700 ns, At safepoint: 71900 ns, Total: 433600 ns
[2020-03-27T08:48:13.157+0000][1][safepoint    ] Safepoint "RevokeBias", Time since last: 505428003 ns, Reaching safepoint: 216900 ns, At safepoint: 16300 ns, Total: 233200 ns
[2020-03-27T08:48:13.769+0000][1][safepoint    ] Safepoint "RevokeBias", Time since last: 611336804 ns, Reaching safepoint: 248700 ns, At safepoint: 36700 ns, Total: 285400 ns
[2020-03-27T08:48:13.771+0000][1][safepoint    ] Safepoint "BulkRevokeBias", Time since last: 1035700 ns, Reaching safepoint: 194300 ns, At safepoint: 473700 ns, Total: 668000 ns
[2020-03-27T08:48:13.772+0000][1][safepoint    ] Safepoint "RevokeBias", Time since last: 1174800 ns, Reaching safepoint: 71000 ns, At safepoint: 11300 ns, Total: 82300 ns
[2020-03-27T08:48:13.773+0000][1][safepoint    ] Safepoint "RevokeBias", Time since last: 1190400 ns, Reaching safepoint: 138600 ns, At safepoint: 22400 ns, Total: 161000 ns
[2020-03-27T08:48:13.814+0000][1][safepoint    ] Safepoint "BulkRevokeBias", Time since last: 39468100 ns, Reaching safepoint: 307800 ns, At safepoint: 1102500 ns, Total: 1410300 ns
[2020-03-27T08:48:14.815+0000][1][safepoint    ] Safepoint "Cleanup", Time since last: 1000832107 ns, Reaching safepoint: 206400 ns, At safepoint: 48300 ns, Total: 254700 ns
[2020-03-27T08:48:15.817+0000][1][safepoint    ] Safepoint "Cleanup", Time since last: 1001597206 ns, Reaching safepoint: 325400 ns, At safepoint: 84000 ns, Total: 409400 ns
[2020-03-27T08:48:16.821+0000][1][safepoint    ] Safepoint "Cleanup", Time since last: 1003225028 ns, Reaching safepoint: 560100 ns, At safepoint: 27900 ns, Total: 588000 ns
[2020-03-27T08:48:17.029+0000][1][gc,start     ] GC(328) Pause Young (Allocation Failure)
[2020-03-27T08:48:17.031+0000][1][gc,task      ] GC(328) Using 2 workers of 2 for evacuation
[2020-03-27T08:48:17.045+0000][1][gc,age       ] GC(328) Desired survivor size 8716288 bytes, new threshold 6 (max threshold 6)
[2020-03-27T08:48:17.047+0000][1][gc,age       ] GC(328) Age table with threshold 6 (max threshold 6)
[2020-03-27T08:48:17.048+0000][1][gc,age       ] GC(328) - age   1:     869872 bytes,     869872 total
[2020-03-27T08:48:17.056+0000][1][gc,age       ] GC(328) - age   2:     572672 bytes,    1442544 total
[2020-03-27T08:48:17.057+0000][1][gc,age       ] GC(328) - age   3:       5440 bytes,    1447984 total
[2020-03-27T08:48:17.057+0000][1][gc,age       ] GC(328) - age   4:     421544 bytes,    1869528 total
[2020-03-27T08:48:17.058+0000][1][gc,age       ] GC(328) - age   5:     726064 bytes,    2595592 total
[2020-03-27T08:48:17.059+0000][1][gc,heap      ] GC(328) ParNew: 139854K->3460K(153344K)
[2020-03-27T08:48:17.060+0000][1][gc,heap      ] GC(328) CMS: 168229K->168229K(353920K)
[2020-03-27T08:48:17.061+0000][1][gc,metaspace ] GC(328) Metaspace: 99662K->99662K(1140736K)
[2020-03-27T08:48:17.062+0000][1][gc           ] GC(328) Pause Young (Allocation Failure) 300M->167M(495M) 32.419ms
[2020-03-27T08:48:17.062+0000][1][gc,cpu       ] GC(328) User=0.02s Sys=0.01s Real=0.03s
[2020-03-27T08:48:17.063+0000][1][safepoint    ] Safepoint "GenCollectForAllocation", Time since last: 207702011 ns, Reaching safepoint: 332200 ns, At safepoint: 33627801 ns, Total: 33960001 ns
[2020-03-27T08:48:18.064+0000][1][safepoint    ] Safepoint "Cleanup", Time since last: 1000796952 ns, Reaching safepoint: 139400 ns, At safepoint: 18000 ns, Total: 157400 ns
[2020-03-27T08:48:18.181+0000][1][safepoint    ] Safepoint "RevokeBias", Time since last: 117066406 ns, Reaching safepoint: 93900 ns, At safepoint: 24800 ns, Total: 118700 ns
[2020-03-27T08:48:19.291+0000][1][safepoint    ] Safepoint "Cleanup", Time since last: 1109357258 ns, Reaching safepoint: 418000 ns, At safepoint: 79400 ns, Total: 497400 ns
[2020-03-27T08:48:20.293+0000][1][safepoint    ] Safepoint "Cleanup", Time since last: 1001877552 ns, Reaching safepoint: 328000 ns, At safepoint: 82900 ns, Total: 410900 ns
[2020-03-27T08:48:21.296+0000][1][safepoint    ] Safepoint "Cleanup", Time since last: 1002275752 ns, Reaching safepoint: 393900 ns, At safepoint: 25300 ns, Total: 419200 ns
[2020-03-27T08:48:22.298+0000][1][safepoint    ] Safepoint "Cleanup", Time since last: 1002162952 ns, Reaching safepoint: 323500 ns, At safepoint: 89000 ns, Total: 412500 ns
[2020-03-27T08:48:23.151+0000][1][safepoint    ] Safepoint "RevokeBias", Time since last: 852340945 ns, Reaching safepoint: 195400 ns, At safepoint: 15900 ns, Total: 211300 ns
[2020-03-27T08:48:24.152+0000][1][safepoint    ] Safepoint "Cleanup", Time since last: 1000865352 ns, Reaching safepoint: 259500 ns, At safepoint: 63800 ns, Total: 323300 ns
[2020-03-27T08:48:25.154+0000][1][safepoint    ] Safepoint "Cleanup", Time since last: 1001550512 ns, Reaching safepoint: 191300 ns, At safepoint: 6100 ns, Total: 197400 ns
[2020-03-27T08:48:26.155+0000][1][safepoint    ] Safepoint "Cleanup", Time since last: 1001068275 ns, Reaching safepoint: 325300 ns, At safepoint: 93100 ns, Total: 418400 ns
[2020-03-27T08:48:27.158+0000][1][safepoint    ] Safepoint "Cleanup", Time since last: 1002298874 ns, Reaching safepoint: 327600 ns, At safepoint: 91700 ns, Total: 419300 ns
[2020-03-27T08:48:28.160+0000][1][safepoint    ] Safepoint "Cleanup", Time since last: 1002095474 ns, Reaching safepoint: 114300 ns, At safepoint: 19300 ns, Total: 133600 ns
[2020-03-27T08:48:28.212+0000][1][safepoint    ] Safepoint "RevokeBias", Time since last: 51440294 ns, Reaching safepoint: 108900 ns, At safepoint: 24900 ns, Total: 133800 ns
[2020-03-27T08:48:29.213+0000][1][safepoint    ] Safepoint "Cleanup", Time since last: 1000705074 ns, Reaching safepoint: 139400 ns, At safepoint: 5400 ns, Total: 144800 ns
[2020-03-27T08:48:30.214+0000][1][safepoint    ] Safepoint "Cleanup", Time since last: 1000962274 ns, Reaching safepoint: 104900 ns, At safepoint: 20500 ns, Total: 125400 ns
[2020-03-27T08:48:31.215+0000][1][safepoint    ] Safepoint "Cleanup", Time since last: 1000863875 ns, Reaching safepoint: 329000 ns, At safepoint: 88100 ns, Total: 417100 ns
[2020-03-27T08:48:32.217+0000][1][safepoint    ] Safepoint "Cleanup", Time since last: 1001960074 ns, Reaching safepoint: 144300 ns, At safepoint: 15200 ns, Total: 159500 ns
[2020-03-27T08:48:33.153+0000][1][safepoint    ] Safepoint "RevokeBias", Time since last: 936083604 ns, Reaching safepoint: 174600 ns, At safepoint: 14500 ns, Total: 189100 ns
[2020-03-27T08:48:34.154+0000][1][safepoint    ] Safepoint "Cleanup", Time since last: 1000899312 ns, Reaching safepoint: 120400 ns, At safepoint: 26700 ns, Total: 147100 ns
[2020-03-27T08:48:35.155+0000][1][safepoint    ] Safepoint "Cleanup", Time since last: 1000819712 ns, Reaching safepoint: 169600 ns, At safepoint: 40800 ns, Total: 210400 ns
[2020-03-27T08:48:36.157+0000][1][safepoint    ] Safepoint "Cleanup", Time since last: 1001164112 ns, Reaching safepoint: 325700 ns, At safepoint: 92800 ns, Total: 418500 ns
[2020-03-27T08:48:37.159+0000][1][safepoint    ] Safepoint "Cleanup", Time since last: 1001968411 ns, Reaching safepoint: 127800 ns, At safepoint: 14800 ns, Total: 142600 ns
[2020-03-27T08:48:38.161+0000][1][safepoint    ] Safepoint "Cleanup", Time since last: 1000809112 ns, Reaching safepoint: 504500 ns, At safepoint: 133300 ns, Total: 637800 ns
[2020-03-27T08:48:38.200+0000][1][safepoint    ] Safepoint "RevokeBias", Time since last: 39077981 ns, Reaching safepoint: 121300 ns, At safepoint: 30200 ns, Total: 151500 ns
[2020-03-27T08:48:39.201+0000][1][safepoint    ] Safepoint "Cleanup", Time since last: 1000823312 ns, Reaching safepoint: 327400 ns, At safepoint: 88800 ns, Total: 416200 ns
[2020-03-27T08:48:40.203+0000][1][safepoint    ] Safepoint "Cleanup", Time since last: 1001818711 ns, Reaching safepoint: 330000 ns, At safepoint: 89500 ns, Total: 419500 ns
[2020-03-27T08:48:41.206+0000][1][safepoint    ] Safepoint "Cleanup", Time since last: 1002385796 ns, Reaching safepoint: 326500 ns, At safepoint: 90300 ns, Total: 416800 ns
[2020-03-27T08:48:42.209+0000][1][safepoint    ] Safepoint "Cleanup", Time since last: 1002313518 ns, Reaching safepoint: 122200 ns, At safepoint: 18600 ns, Total: 140800 ns
[2020-03-27T08:48:43.169+0000][1][safepoint    ] Safepoint "RevokeBias", Time since last: 959613034 ns, Reaching safepoint: 916999 ns, At safepoint: 29200 ns, Total: 946199 ns
[2020-03-27T08:48:43.282+0000][1][safepoint    ] Safepoint "RevokeBias", Time since last: 112901057 ns, Reaching safepoint: 99000 ns, At safepoint: 7100 ns, Total: 106100 ns
[2020-03-27T08:48:43.291+0000][1][gc,start     ] GC(329) Pause Young (Allocation Failure)
[2020-03-27T08:48:43.292+0000][1][gc,task      ] GC(329) Using 2 workers of 2 for evacuation
[2020-03-27T08:48:43.298+0000][1][gc,age       ] GC(329) Desired survivor size 8716288 bytes, new threshold 1 (max threshold 6)
[2020-03-27T08:48:43.299+0000][1][gc,age       ] GC(329) Age table with threshold 1 (max threshold 6)
[2020-03-27T08:48:43.299+0000][1][gc,age       ] GC(329) - age   1:   13668872 bytes,   13668872 total
[2020-03-27T08:48:43.302+0000][1][gc,age       ] GC(329) - age   2:     846912 bytes,   14515784 total
[2020-03-27T08:48:43.302+0000][1][gc,age       ] GC(329) - age   3:     572064 bytes,   15087848 total
[2020-03-27T08:48:43.303+0000][1][gc,age       ] GC(329) - age   4:       4888 bytes,   15092736 total
[2020-03-27T08:48:43.303+0000][1][gc,age       ] GC(329) - age   5:     420624 bytes,   15513360 total
[2020-03-27T08:48:43.304+0000][1][gc,age       ] GC(329) - age   6:     725312 bytes,   16238672 total
[2020-03-27T08:48:43.304+0000][1][gc,heap      ] GC(329) ParNew: 139780K->17024K(153344K)
[2020-03-27T08:48:43.305+0000][1][gc,heap      ] GC(329) CMS: 168229K->168229K(353920K)
[2020-03-27T08:48:43.305+0000][1][gc,metaspace ] GC(329) Metaspace: 99662K->99662K(1140736K)
[2020-03-27T08:48:43.306+0000][1][gc           ] GC(329) Pause Young (Allocation Failure) 300M->180M(495M) 14.529ms
[2020-03-27T08:48:43.306+0000][1][gc,cpu       ] GC(329) User=0.01s Sys=0.00s Real=0.02s
[2020-03-27T08:48:43.306+0000][1][safepoint    ] Safepoint "GenCollectForAllocation", Time since last: 8557997 ns, Reaching safepoint: 318500 ns, At safepoint: 15453694 ns, Total: 15772194 ns
[2020-03-27T08:48:43.795+0000][1][safepoint    ] Safepoint "RevokeBias", Time since last: 488045914 ns, Reaching safepoint: 108700 ns, At safepoint: 18300 ns, Total: 127000 ns
[2020-03-27T08:48:43.795+0000][1][safepoint    ] Safepoint "RevokeBias", Time since last: 729499 ns, Reaching safepoint: 88200 ns, At safepoint: 23700 ns, Total: 111900 ns
[2020-03-27T08:48:43.796+0000][1][safepoint    ] Safepoint "RevokeBias", Time since last: 506600 ns, Reaching safepoint: 64800 ns, At safepoint: 22300 ns, Total: 87100 ns
[2020-03-27T08:48:43.798+0000][1][safepoint    ] Safepoint "RevokeBias", Time since last: 1477299 ns, Reaching safepoint: 68900 ns, At safepoint: 12700 ns, Total: 81600 ns
[2020-03-27T08:48:43.799+0000][1][safepoint    ] Safepoint "RevokeBias", Time since last: 884300 ns, Reaching safepoint: 64500 ns, At safepoint: 12800 ns, Total: 77300 ns
[2020-03-27T08:48:43.847+0000][1][safepoint    ] Safepoint "RevokeBias", Time since last: 48121582 ns, Reaching safepoint: 203400 ns, At safepoint: 21500 ns, Total: 224900 ns
[2020-03-27T08:48:43.922+0000][1][safepoint    ] Safepoint "RevokeBias", Time since last: 74495171 ns, Reaching safepoint: 884100 ns, At safepoint: 103400 ns, Total: 987500 ns
[2020-03-27T08:48:43.931+0000][1][safepoint    ] Safepoint "RevokeBias", Time since last: 1548199 ns, Reaching safepoint: 6668098 ns, At safepoint: 94700 ns, Total: 6762798 ns
[2020-03-27T08:48:43.977+0000][1][safepoint    ] Safepoint "RevokeBias", Time since last: 45738482 ns, Reaching safepoint: 587800 ns, At safepoint: 213500 ns, Total: 801300 ns
[2020-03-27T08:48:43.979+0000][1][safepoint    ] Safepoint "RevokeBias", Time since last: 735700 ns, Reaching safepoint: 511099 ns, At safepoint: 93000 ns, Total: 604099 ns
[2020-03-27T08:48:43.980+0000][1][safepoint    ] Safepoint "RevokeBias", Time since last: 926100 ns, Reaching safepoint: 209900 ns, At safepoint: 90800 ns, Total: 300700 ns
[2020-03-27T08:48:43.982+0000][1][safepoint    ] Safepoint "RevokeBias", Time since last: 1767299 ns, Reaching safepoint: 252500 ns, At safepoint: 18200 ns, Total: 270700 ns
[2020-03-27T08:48:44.022+0000][1][safepoint    ] Safepoint "RevokeBias", Time since last: 40123585 ns, Reaching safepoint: 114200 ns, At safepoint: 26900 ns, Total: 141100 ns
[2020-03-27T08:48:44.083+0000][1][safepoint    ] Safepoint "RevokeBias", Time since last: 60149177 ns, Reaching safepoint: 268300 ns, At safepoint: 20900 ns, Total: 289200 ns
[2020-03-27T08:48:44.084+0000][1][safepoint    ] Safepoint "RevokeBias", Time since last: 1688899 ns, Reaching safepoint: 89900 ns, At safepoint: 13600 ns, Total: 103500 ns
[2020-03-27T08:48:44.085+0000][1][safepoint    ] Safepoint "RevokeBias", Time since last: 705100 ns, Reaching safepoint: 95000 ns, At safepoint: 21000 ns, Total: 116000 ns
[2020-03-27T08:48:45.087+0000][1][safepoint    ] Safepoint "Cleanup", Time since last: 1000858118 ns, Reaching safepoint: 379900 ns, At safepoint: 177700 ns, Total: 557600 ns
[2020-03-27T08:48:45.217+0000][1][safepoint    ] Safepoint "RevokeBias", Time since last: 130027350 ns, Reaching safepoint: 280300 ns, At safepoint: 30200 ns, Total: 310500 ns
[2020-03-27T08:48:45.218+0000][1][safepoint    ] Safepoint "RevokeBias", Time since last: 692000 ns, Reaching safepoint: 88600 ns, At safepoint: 12200 ns, Total: 100800 ns
[2020-03-27T08:48:45.219+0000][1][safepoint    ] Safepoint "RevokeBias", Time since last: 1264999 ns, Reaching safepoint: 88700 ns, At safepoint: 14500 ns, Total: 103200 ns
[2020-03-27T08:48:45.220+0000][1][safepoint    ] Safepoint "RevokeBias", Time since last: 1177700 ns, Reaching safepoint: 73000 ns, At safepoint: 21000 ns, Total: 94000 ns
[2020-03-27T08:48:45.268+0000][1][safepoint    ] Safepoint "RevokeBias", Time since last: 47514082 ns, Reaching safepoint: 140899 ns, At safepoint: 20000 ns, Total: 160899 ns
[2020-03-27T08:48:46.269+0000][1][safepoint    ] Safepoint "Cleanup", Time since last: 1000821019 ns, Reaching safepoint: 410400 ns, At safepoint: 79700 ns, Total: 490100 ns
[2020-03-27T08:48:47.272+0000][1][safepoint    ] Safepoint "Cleanup", Time since last: 1001959217 ns, Reaching safepoint: 418100 ns, At safepoint: 84300 ns, Total: 502400 ns
[2020-03-27T08:48:48.182+0000][1][gc,start     ] GC(330) Pause Young (Allocation Failure)
[2020-03-27T08:48:48.183+0000][1][gc,task      ] GC(330) Using 2 workers of 2 for evacuation
[2020-03-27T08:48:48.190+0000][1][gc,age       ] GC(330) Desired survivor size 8716288 bytes, new threshold 6 (max threshold 6)
[2020-03-27T08:48:48.191+0000][1][gc,age       ] GC(330) Age table with threshold 6 (max threshold 6)
[2020-03-27T08:48:48.191+0000][1][gc,age       ] GC(330) - age   1:    1425736 bytes,    1425736 total
[2020-03-27T08:48:48.192+0000][1][gc,heap      ] GC(330) ParNew: 153344K->12426K(153344K)
[2020-03-27T08:48:48.192+0000][1][gc,heap      ] GC(330) CMS: 168229K->170610K(353920K)
[2020-03-27T08:48:48.193+0000][1][gc,metaspace ] GC(330) Metaspace: 99669K->99669K(1140736K)
[2020-03-27T08:48:48.193+0000][1][gc           ] GC(330) Pause Young (Allocation Failure) 314M->178M(495M) 11.138ms
[2020-03-27T08:48:48.194+0000][1][gc,cpu       ] GC(330) User=0.01s Sys=0.00s Real=0.01s
[2020-03-27T08:48:48.194+0000][1][safepoint    ] Safepoint "GenCollectForAllocation", Time since last: 910084753 ns, Reaching safepoint: 195000 ns, At safepoint: 12152695 ns, Total: 12347695 ns
[2020-03-27T08:48:48.220+0000][1][safepoint    ] Safepoint "RevokeBias", Time since last: 25242691 ns, Reaching safepoint: 96300 ns, At safepoint: 25100 ns, Total: 121400 ns
[2020-03-27T08:48:48.960+0000][1][safepoint    ] Safepoint "RevokeBias", Time since last: 740030406 ns, Reaching safepoint: 147900 ns, At safepoint: 28100 ns, Total: 176000 ns
[2020-03-27T08:48:48.961+0000][1][safepoint    ] Safepoint "RevokeBias", Time since last: 1086800 ns, Reaching safepoint: 78600 ns, At safepoint: 13000 ns, Total: 91600 ns
[2020-03-27T08:48:48.963+0000][1][safepoint    ] Safepoint "RevokeBias", Time since last: 1472800 ns, Reaching safepoint: 78500 ns, At safepoint: 21200 ns, Total: 99700 ns
[2020-03-27T08:48:48.964+0000][1][safepoint    ] Safepoint "RevokeBias", Time since last: 1159800 ns, Reaching safepoint: 86600 ns, At safepoint: 21200 ns, Total: 107800 ns
[2020-03-27T08:48:49.006+0000][1][safepoint    ] Safepoint "RevokeBias", Time since last: 42207099 ns, Reaching safepoint: 156300 ns, At safepoint: 32000 ns, Total: 188300 ns
[2020-03-27T08:48:50.029+0000][1][safepoint    ] Safepoint "Cleanup", Time since last: 1022825972 ns, Reaching safepoint: 135100 ns, At safepoint: 23900 ns, Total: 159000 ns
[2020-03-27T08:48:51.030+0000][1][safepoint    ] Safepoint "Cleanup", Time since last: 1001093074 ns, Reaching safepoint: 119800 ns, At safepoint: 29300 ns, Total: 149100 ns
[2020-03-27T08:48:52.032+0000][1][safepoint    ] Safepoint "Cleanup", Time since last: 1001075073 ns, Reaching safepoint: 329100 ns, At safepoint: 30200 ns, Total: 359300 ns
[2020-03-27T08:48:53.034+0000][1][safepoint    ] Safepoint "Cleanup", Time since last: 1002398573 ns, Reaching safepoint: 143300 ns, At safepoint: 33400 ns, Total: 176700 ns
[2020-03-27T08:48:53.166+0000][1][safepoint    ] Safepoint "RevokeBias", Time since last: 131006496 ns, Reaching safepoint: 183700 ns, At safepoint: 34300 ns, Total: 218000 ns
[2020-03-27T08:48:54.128+0000][1][safepoint    ] Safepoint "RevokeBias", Time since last: 961940974 ns, Reaching safepoint: 307000 ns, At safepoint: 21600 ns, Total: 328600 ns
[2020-03-27T08:48:54.129+0000][1][safepoint    ] Safepoint "RevokeBias", Time since last: 921900 ns, Reaching safepoint: 73500 ns, At safepoint: 14400 ns, Total: 87900 ns
[2020-03-27T08:48:54.130+0000][1][safepoint    ] Safepoint "RevokeBias", Time since last: 1139600 ns, Reaching safepoint: 59000 ns, At safepoint: 21700 ns, Total: 80700 ns
[2020-03-27T08:48:54.131+0000][1][safepoint    ] Safepoint "RevokeBias", Time since last: 603100 ns, Reaching safepoint: 57300 ns, At safepoint: 21300 ns, Total: 78600 ns
[2020-03-27T08:48:54.170+0000][1][safepoint    ] Safepoint "RevokeBias", Time since last: 38516099 ns, Reaching safepoint: 138100 ns, At safepoint: 29300 ns, Total: 167400 ns
[2020-03-27T08:48:55.173+0000][1][safepoint    ] Safepoint "Cleanup", Time since last: 1003577573 ns, Reaching safepoint: 99300 ns, At safepoint: 17300 ns, Total: 116600 ns
[2020-03-27T08:48:56.174+0000][1][safepoint    ] Safepoint "Cleanup", Time since last: 1000956073 ns, Reaching safepoint: 134700 ns, At safepoint: 25300 ns, Total: 160000 ns
[2020-03-27T08:48:57.175+0000][1][safepoint    ] Safepoint "Cleanup", Time since last: 1000891363 ns, Reaching safepoint: 93300 ns, At safepoint: 31100 ns, Total: 124400 ns
[2020-03-27T08:48:58.178+0000][1][safepoint    ] Safepoint "Cleanup", Time since last: 1002200760 ns, Reaching safepoint: 115800 ns, At safepoint: 29500 ns, Total: 145300 ns
[2020-03-27T08:48:58.183+0000][1][gc,start     ] GC(331) Pause Young (Allocation Failure)
[2020-03-27T08:48:58.183+0000][1][gc,task      ] GC(331) Using 2 workers of 2 for evacuation
[2020-03-27T08:48:58.187+0000][1][gc,age       ] GC(331) Desired survivor size 8716288 bytes, new threshold 6 (max threshold 6)
[2020-03-27T08:48:58.188+0000][1][gc,age       ] GC(331) Age table with threshold 6 (max threshold 6)
[2020-03-27T08:48:58.189+0000][1][gc,age       ] GC(331) - age   1:     989960 bytes,     989960 total
[2020-03-27T08:48:58.189+0000][1][gc,age       ] GC(331) - age   2:     956080 bytes,    1946040 total
[2020-03-27T08:48:58.190+0000][1][gc,heap      ] GC(331) ParNew: 148746K->3367K(153344K)
[2020-03-27T08:48:58.191+0000][1][gc,heap      ] GC(331) CMS: 170610K->170610K(353920K)
[2020-03-27T08:48:58.191+0000][1][gc,metaspace ] GC(331) Metaspace: 99669K->99669K(1140736K)
[2020-03-27T08:48:58.192+0000][1][gc           ] GC(331) Pause Young (Allocation Failure) 311M->169M(495M) 8.925ms
[2020-03-27T08:48:58.192+0000][1][gc,cpu       ] GC(331) User=0.01s Sys=0.00s Real=0.01s
[2020-03-27T08:48:58.193+0000][1][safepoint    ] Safepoint "GenCollectForAllocation", Time since last: 4770999 ns, Reaching safepoint: 102200 ns, At safepoint: 9910200 ns, Total: 10012400 ns
[2020-03-27T08:48:58.239+0000][1][safepoint    ] Safepoint "RevokeBias", Time since last: 45957398 ns, Reaching safepoint: 179200 ns, At safepoint: 25800 ns, Total: 205000 ns
[2020-03-27T08:48:59.143+0000][1][safepoint    ] Safepoint "RevokeBias", Time since last: 903924063 ns, Reaching safepoint: 253200 ns, At safepoint: 32700 ns, Total: 285900 ns
[2020-03-27T08:48:59.144+0000][1][safepoint    ] Safepoint "RevokeBias", Time since last: 1126200 ns, Reaching safepoint: 69100 ns, At safepoint: 35400 ns, Total: 104500 ns
[2020-03-27T08:48:59.145+0000][1][safepoint    ] Safepoint "RevokeBias", Time since last: 1235900 ns, Reaching safepoint: 74000 ns, At safepoint: 23400 ns, Total: 97400 ns
[2020-03-27T08:48:59.147+0000][1][safepoint    ] Safepoint "RevokeBias", Time since last: 1086000 ns, Reaching safepoint: 80200 ns, At safepoint: 12100 ns, Total: 92300 ns
[2020-03-27T08:48:59.194+0000][1][safepoint    ] Safepoint "RevokeBias", Time since last: 46921998 ns, Reaching safepoint: 259100 ns, At safepoint: 29100 ns, Total: 288200 ns
[2020-03-27T08:48:59.222+0000][1][safepoint    ] Safepoint "BulkRevokeBias", Time since last: 27213999 ns, Reaching safepoint: 98000 ns, At safepoint: 426200 ns, Total: 524200 ns
[2020-03-27T08:49:00.222+0000][1][safepoint    ] Safepoint "Cleanup", Time since last: 1000381459 ns, Reaching safepoint: 164600 ns, At safepoint: 37400 ns, Total: 202000 ns
[2020-03-27T08:49:01.224+0000][1][safepoint    ] Safepoint "Cleanup", Time since last: 1001192160 ns, Reaching safepoint: 317099 ns, At safepoint: 61200 ns, Total: 378299 ns
[2020-03-27T08:49:02.225+0000][1][safepoint    ] Safepoint "Cleanup", Time since last: 1001382860 ns, Reaching safepoint: 192900 ns, At safepoint: 24500 ns, Total: 217400 ns
[2020-03-27T08:49:03.173+0000][1][safepoint    ] Safepoint "RevokeBias", Time since last: 947945261 ns, Reaching safepoint: 103700 ns, At safepoint: 28200 ns, Total: 131900 ns
[2020-03-27T08:49:03.281+0000][1][safepoint    ] Safepoint "RevokeBias", Time since last: 107165596 ns, Reaching safepoint: 234100 ns, At safepoint: 22500 ns, Total: 256600 ns
[2020-03-27T08:49:03.281+0000][1][safepoint    ] Safepoint "RevokeBias", Time since last: 531900 ns, Reaching safepoint: 60400 ns, At safepoint: 21300 ns, Total: 81700 ns
[2020-03-27T08:49:03.283+0000][1][safepoint    ] Safepoint "RevokeBias", Time since last: 1757000 ns, Reaching safepoint: 67700 ns, At safepoint: 13600 ns, Total: 81300 ns
[2020-03-27T08:49:03.284+0000][1][safepoint    ] Safepoint "RevokeBias", Time since last: 931400 ns, Reaching safepoint: 61600 ns, At safepoint: 12300 ns, Total: 73900 ns
[2020-03-27T08:49:03.297+0000][1][gc,start     ] GC(332) Pause Young (Allocation Failure)
[2020-03-27T08:49:03.297+0000][1][gc,task      ] GC(332) Using 2 workers of 2 for evacuation
[2020-03-27T08:49:03.300+0000][1][gc,age       ] GC(332) Desired survivor size 8716288 bytes, new threshold 6 (max threshold 6)
[2020-03-27T08:49:03.301+0000][1][gc,age       ] GC(332) Age table with threshold 6 (max threshold 6)
[2020-03-27T08:49:03.301+0000][1][gc,age       ] GC(332) - age   1:    1232224 bytes,    1232224 total
[2020-03-27T08:49:03.302+0000][1][gc,age       ] GC(332) - age   2:     569616 bytes,    1801840 total
[2020-03-27T08:49:03.302+0000][1][gc,age       ] GC(332) - age   3:     956024 bytes,    2757864 total
[2020-03-27T08:49:03.303+0000][1][gc,heap      ] GC(332) ParNew: 139687K->3109K(153344K)
[2020-03-27T08:49:03.303+0000][1][gc,heap      ] GC(332) CMS: 170610K->170610K(353920K)
[2020-03-27T08:49:03.304+0000][1][gc,metaspace ] GC(332) Metaspace: 99669K->99669K(1140736K)
[2020-03-27T08:49:03.304+0000][1][gc           ] GC(332) Pause Young (Allocation Failure) 303M->169M(495M) 7.458ms
[2020-03-27T08:49:03.304+0000][1][gc,cpu       ] GC(332) User=0.01s Sys=0.00s Real=0.00s
[2020-03-27T08:49:03.305+0000][1][safepoint    ] Safepoint "GenCollectForAllocation", Time since last: 12158799 ns, Reaching safepoint: 132400 ns, At safepoint: 8384200 ns, Total: 8516600 ns
[2020-03-27T08:49:03.330+0000][1][safepoint    ] Safepoint "RevokeBias", Time since last: 24969199 ns, Reaching safepoint: 236400 ns, At safepoint: 22400 ns, Total: 258800 ns
[2020-03-27T08:49:04.332+0000][1][safepoint    ] Safepoint "Cleanup", Time since last: 1000908359 ns, Reaching safepoint: 471400 ns, At safepoint: 80100 ns, Total: 551500 ns
[2020-03-27T08:49:05.334+0000][1][safepoint    ] Safepoint "Cleanup", Time since last: 1001610667 ns, Reaching safepoint: 444900 ns, At safepoint: 77600 ns, Total: 522500 ns
[2020-03-27T08:49:06.336+0000][1][safepoint    ] Safepoint "Cleanup", Time since last: 1001883968 ns, Reaching safepoint: 326200 ns, At safepoint: 87100 ns, Total: 413300 ns
[2020-03-27T08:49:07.339+0000][1][safepoint    ] Safepoint "Cleanup", Time since last: 1002506568 ns, Reaching safepoint: 326900 ns, At safepoint: 84800 ns, Total: 411700 ns
[2020-03-27T08:49:08.187+0000][1][safepoint    ] Safepoint "RevokeBias", Time since last: 847678573 ns, Reaching safepoint: 96200 ns, At safepoint: 42300 ns, Total: 138500 ns
[2020-03-27T08:49:08.275+0000][1][safepoint    ] Safepoint "RevokeBias", Time since last: 87479497 ns, Reaching safepoint: 273200 ns, At safepoint: 37900 ns, Total: 311100 ns
[2020-03-27T08:49:08.275+0000][1][safepoint    ] Safepoint "RevokeBias", Time since last: 711100 ns, Reaching safepoint: 93300 ns, At safepoint: 14200 ns, Total: 107500 ns
[2020-03-27T08:49:08.277+0000][1][safepoint    ] Safepoint "RevokeBias", Time since last: 1355000 ns, Reaching safepoint: 63000 ns, At safepoint: 13900 ns, Total: 76900 ns
[2020-03-27T08:49:08.278+0000][1][safepoint    ] Safepoint "RevokeBias", Time since last: 1409300 ns, Reaching safepoint: 62800 ns, At safepoint: 20900 ns, Total: 83700 ns
[2020-03-27T08:49:08.338+0000][1][safepoint    ] Safepoint "RevokeBias", Time since last: 59738198 ns, Reaching safepoint: 102900 ns, At safepoint: 25700 ns, Total: 128600 ns
[2020-03-27T08:49:09.339+0000][1][safepoint    ] Safepoint "Cleanup", Time since last: 1000702068 ns, Reaching safepoint: 151300 ns, At safepoint: 31900 ns, Total: 183200 ns
[2020-03-27T08:49:10.341+0000][1][safepoint    ] Safepoint "Cleanup", Time since last: 1001104768 ns, Reaching safepoint: 978500 ns, At safepoint: 81800 ns, Total: 1060300 ns
[2020-03-27T08:49:11.344+0000][1][safepoint    ] Safepoint "Cleanup", Time since last: 1002095769 ns, Reaching safepoint: 417400 ns, At safepoint: 84700 ns, Total: 502100 ns
[2020-03-27T08:49:12.347+0000][1][safepoint    ] Safepoint "Cleanup", Time since last: 1002681768 ns, Reaching safepoint: 334400 ns, At safepoint: 94800 ns, Total: 429200 ns
[2020-03-27T08:49:13.171+0000][1][gc,start     ] GC(333) Pause Young (Allocation Failure)
[2020-03-27T08:49:13.172+0000][1][gc,task      ] GC(333) Using 2 workers of 2 for evacuation
[2020-03-27T08:49:13.185+0000][1][gc,age       ] GC(333) Desired survivor size 8716288 bytes, new threshold 6 (max threshold 6)
[2020-03-27T08:49:13.186+0000][1][gc,age       ] GC(333) Age table with threshold 6 (max threshold 6)
[2020-03-27T08:49:13.187+0000][1][gc,age       ] GC(333) - age   1:    1137296 bytes,    1137296 total
[2020-03-27T08:49:13.187+0000][1][gc,age       ] GC(333) - age   2:     359824 bytes,    1497120 total
[2020-03-27T08:49:13.188+0000][1][gc,age       ] GC(333) - age   3:     562768 bytes,    2059888 total
[2020-03-27T08:49:13.188+0000][1][gc,age       ] GC(333) - age   4:     955704 bytes,    3015592 total
[2020-03-27T08:49:13.188+0000][1][gc,heap      ] GC(333) ParNew: 139398K->4817K(153344K)
[2020-03-27T08:49:13.189+0000][1][gc,heap      ] GC(333) CMS: 170610K->170610K(353920K)
[2020-03-27T08:49:13.189+0000][1][gc,metaspace ] GC(333) Metaspace: 99669K->99669K(1140736K)
[2020-03-27T08:49:13.190+0000][1][gc           ] GC(333) Pause Young (Allocation Failure) 302M->171M(495M) 18.624ms
[2020-03-27T08:49:13.190+0000][1][gc,cpu       ] GC(333) User=0.01s Sys=0.00s Real=0.02s
[2020-03-27T08:49:13.190+0000][1][safepoint    ] Safepoint "GenCollectForAllocation", Time since last: 823747295 ns, Reaching safepoint: 184700 ns, At safepoint: 19286900 ns, Total: 19471600 ns
[2020-03-27T08:49:13.201+0000][1][safepoint    ] Safepoint "RevokeBias", Time since last: 11044100 ns, Reaching safepoint: 122800 ns, At safepoint: 75100 ns, Total: 197900 ns
[2020-03-27T08:49:13.413+0000][1][safepoint    ] Safepoint "RevokeBias", Time since last: 210938200 ns, Reaching safepoint: 162400 ns, At safepoint: 26900 ns, Total: 189300 ns
[2020-03-27T08:49:13.414+0000][1][safepoint    ] Safepoint "BulkRevokeBias", Time since last: 857200 ns, Reaching safepoint: 116300 ns, At safepoint: 440000 ns, Total: 556300 ns
[2020-03-27T08:49:13.415+0000][1][safepoint    ] Safepoint "RevokeBias", Time since last: 1153900 ns, Reaching safepoint: 91400 ns, At safepoint: 14900 ns, Total: 106300 ns
[2020-03-27T08:49:13.417+0000][1][safepoint    ] Safepoint "BulkRevokeBias", Time since last: 1035600 ns, Reaching safepoint: 84900 ns, At safepoint: 680500 ns, Total: 765400 ns
[2020-03-27T08:49:13.458+0000][1][safepoint    ] Safepoint "RevokeBias", Time since last: 41088800 ns, Reaching safepoint: 128300 ns, At safepoint: 30700 ns, Total: 159000 ns
[2020-03-27T08:49:14.460+0000][1][safepoint    ] Safepoint "Cleanup", Time since last: 1000807000 ns, Reaching safepoint: 380700 ns, At safepoint: 174600 ns, Total: 555300 ns
[2020-03-27T08:49:15.462+0000][1][safepoint    ] Safepoint "Cleanup", Time since last: 1002068800 ns, Reaching safepoint: 329600 ns, At safepoint: 88200 ns, Total: 417800 ns
[2020-03-27T08:49:16.465+0000][1][safepoint    ] Safepoint "Cleanup", Time since last: 1002174399 ns, Reaching safepoint: 411300 ns, At safepoint: 81200 ns, Total: 492500 ns
[2020-03-27T08:49:18.180+0000][1][safepoint    ] Safepoint "RevokeBias", Time since last: 1715464300 ns, Reaching safepoint: 105000 ns, At safepoint: 24200 ns, Total: 129200 ns
[2020-03-27T08:49:19.182+0000][1][safepoint    ] Safepoint "Cleanup", Time since last: 1001190400 ns, Reaching safepoint: 374400 ns, At safepoint: 83400 ns, Total: 457800 ns
[2020-03-27T08:49:20.184+0000][1][safepoint    ] Safepoint "Cleanup", Time since last: 1001849799 ns, Reaching safepoint: 418500 ns, At safepoint: 71400 ns, Total: 489900 ns
[2020-03-27T08:49:21.187+0000][1][safepoint    ] Safepoint "Cleanup", Time since last: 1002197903 ns, Reaching safepoint: 334900 ns, At safepoint: 36500 ns, Total: 371400 ns
[2020-03-27T08:49:22.189+0000][1][safepoint    ] Safepoint "Cleanup", Time since last: 1001898205 ns, Reaching safepoint: 103000 ns, At safepoint: 21000 ns, Total: 124000 ns
[2020-03-27T08:49:23.192+0000][1][safepoint    ] Safepoint "Cleanup", Time since last: 1002566004 ns, Reaching safepoint: 291300 ns, At safepoint: 21300 ns, Total: 312600 ns
[2020-03-27T08:49:23.205+0000][1][safepoint    ] Safepoint "RevokeBias", Time since last: 12615800 ns, Reaching safepoint: 314100 ns, At safepoint: 29300 ns, Total: 343400 ns
[2020-03-27T08:49:24.206+0000][1][safepoint    ] Safepoint "Cleanup", Time since last: 1000761505 ns, Reaching safepoint: 325200 ns, At safepoint: 86400 ns, Total: 411600 ns
[2020-03-27T08:49:25.208+0000][1][safepoint    ] Safepoint "Cleanup", Time since last: 1002084104 ns, Reaching safepoint: 107600 ns, At safepoint: 23200 ns, Total: 130800 ns
[2020-03-27T08:49:26.209+0000][1][safepoint    ] Safepoint "Cleanup", Time since last: 1001099804 ns, Reaching safepoint: 97300 ns, At safepoint: 18300 ns, Total: 115600 ns
[2020-03-27T08:49:27.211+0000][1][safepoint    ] Safepoint "Cleanup", Time since last: 1001189205 ns, Reaching safepoint: 107400 ns, At safepoint: 17800 ns, Total: 125200 ns
[2020-03-27T08:49:28.212+0000][1][safepoint    ] Safepoint "Cleanup", Time since last: 1000853604 ns, Reaching safepoint: 139600 ns, At safepoint: 17400 ns, Total: 157000 ns
[2020-03-27T08:49:28.217+0000][1][safepoint    ] Safepoint "RevokeBias", Time since last: 4751200 ns, Reaching safepoint: 119800 ns, At safepoint: 23700 ns, Total: 143500 ns
[2020-03-27T08:49:29.218+0000][1][safepoint    ] Safepoint "Cleanup", Time since last: 1001075291 ns, Reaching safepoint: 377900 ns, At safepoint: 78800 ns, Total: 456700 ns
[2020-03-27T08:49:30.222+0000][1][safepoint    ] Safepoint "Cleanup", Time since last: 1003250085 ns, Reaching safepoint: 186900 ns, At safepoint: 24600 ns, Total: 211500 ns
[2020-03-27T08:49:31.223+0000][1][safepoint    ] Safepoint "Cleanup", Time since last: 1001142986 ns, Reaching safepoint: 329600 ns, At safepoint: 83500 ns, Total: 413100 ns
[2020-03-27T08:49:32.226+0000][1][safepoint    ] Safepoint "Cleanup", Time since last: 1002264585 ns, Reaching safepoint: 166000 ns, At safepoint: 27100 ns, Total: 193100 ns
[2020-03-27T08:49:33.180+0000][1][gc,start     ] GC(334) Pause Young (Allocation Failure)
[2020-03-27T08:49:33.180+0000][1][gc,task      ] GC(334) Using 2 workers of 2 for evacuation
[2020-03-27T08:49:33.190+0000][1][gc,age       ] GC(334) Desired survivor size 8716288 bytes, new threshold 1 (max threshold 6)
[2020-03-27T08:49:33.191+0000][1][gc,age       ] GC(334) Age table with threshold 1 (max threshold 6)
[2020-03-27T08:49:33.194+0000][1][gc,age       ] GC(334) - age   1:   13748808 bytes,   13748808 total
[2020-03-27T08:49:33.194+0000][1][gc,age       ] GC(334) - age   2:    1073184 bytes,   14821992 total
[2020-03-27T08:49:33.195+0000][1][gc,age       ] GC(334) - age   3:     356752 bytes,   15178744 total
[2020-03-27T08:49:33.196+0000][1][gc,age       ] GC(334) - age   4:     562096 bytes,   15740840 total
[2020-03-27T08:49:33.196+0000][1][gc,age       ] GC(334) - age   5:     954216 bytes,   16695056 total
[2020-03-27T08:49:33.197+0000][1][gc,heap      ] GC(334) ParNew: 141109K->17024K(153344K)
[2020-03-27T08:49:33.197+0000][1][gc,heap      ] GC(334) CMS: 170610K->170610K(353920K)
[2020-03-27T08:49:33.198+0000][1][gc,metaspace ] GC(334) Metaspace: 99669K->99669K(1140736K)
[2020-03-27T08:49:33.198+0000][1][gc           ] GC(334) Pause Young (Allocation Failure) 304M->183M(495M) 18.681ms
[2020-03-27T08:49:33.199+0000][1][gc,cpu       ] GC(334) User=0.01s Sys=0.00s Real=0.02s
[2020-03-27T08:49:33.199+0000][1][safepoint    ] Safepoint "GenCollectForAllocation", Time since last: 953706186 ns, Reaching safepoint: 174800 ns, At safepoint: 19547000 ns, Total: 19721800 ns
[2020-03-27T08:49:33.206+0000][1][safepoint    ] Safepoint "RevokeBias", Time since last: 7043399 ns, Reaching safepoint: 117100 ns, At safepoint: 25700 ns, Total: 142800 ns
[2020-03-27T08:49:34.208+0000][1][safepoint    ] Safepoint "Cleanup", Time since last: 1001129086 ns, Reaching safepoint: 441000 ns, At safepoint: 85500 ns, Total: 526500 ns
[2020-03-27T08:49:35.211+0000][1][safepoint    ] Safepoint "Cleanup", Time since last: 1002440985 ns, Reaching safepoint: 202000 ns, At safepoint: 36600 ns, Total: 238600 ns
[2020-03-27T08:49:36.212+0000][1][safepoint    ] Safepoint "Cleanup", Time since last: 1001189685 ns, Reaching safepoint: 132900 ns, At safepoint: 29700 ns, Total: 162600 ns
[2020-03-27T08:49:37.213+0000][1][safepoint    ] Safepoint "Cleanup", Time since last: 1001098296 ns, Reaching safepoint: 98400 ns, At safepoint: 16400 ns, Total: 114800 ns
[2020-03-27T08:49:38.185+0000][1][safepoint    ] Safepoint "BulkRevokeBias", Time since last: 971137000 ns, Reaching safepoint: 175200 ns, At safepoint: 414800 ns, Total: 590000 ns
[2020-03-27T08:49:39.186+0000][1][safepoint    ] Safepoint "Cleanup", Time since last: 1000866301 ns, Reaching safepoint: 156200 ns, At safepoint: 18200 ns, Total: 174400 ns
[2020-03-27T08:49:40.188+0000][1][safepoint    ] Safepoint "Cleanup", Time since last: 1001034500 ns, Reaching safepoint: 443100 ns, At safepoint: 171100 ns, Total: 614200 ns
[2020-03-27T08:49:41.190+0000][1][safepoint    ] Safepoint "Cleanup", Time since last: 1002335000 ns, Reaching safepoint: 202400 ns, At safepoint: 42600 ns, Total: 245000 ns
[2020-03-27T08:49:42.191+0000][1][safepoint    ] Safepoint "Cleanup", Time since last: 1001066101 ns, Reaching safepoint: 91600 ns, At safepoint: 16400 ns, Total: 108000 ns
[2020-03-27T08:49:43.192+0000][1][safepoint    ] Safepoint "Cleanup", Time since last: 1000729000 ns, Reaching safepoint: 188200 ns, At safepoint: 25600 ns, Total: 213800 ns
[2020-03-27T08:49:43.198+0000][1][safepoint    ] Safepoint "BulkRevokeBias", Time since last: 4354000 ns, Reaching safepoint: 232800 ns, At safepoint: 699200 ns, Total: 932000 ns
[2020-03-27T08:49:43.436+0000][1][safepoint    ] Safepoint "RevokeBias", Time since last: 237769400 ns, Reaching safepoint: 222900 ns, At safepoint: 32900 ns, Total: 255800 ns
[2020-03-27T08:49:43.437+0000][1][safepoint    ] Safepoint "RevokeBias", Time since last: 857300 ns, Reaching safepoint: 166900 ns, At safepoint: 23800 ns, Total: 190700 ns
[2020-03-27T08:49:43.437+0000][1][safepoint    ] Safepoint "RevokeBias", Time since last: 442400 ns, Reaching safepoint: 79600 ns, At safepoint: 18900 ns, Total: 98500 ns
[2020-03-27T08:49:43.438+0000][1][safepoint    ] Safepoint "RevokeBias", Time since last: 1118600 ns, Reaching safepoint: 78800 ns, At safepoint: 20100 ns, Total: 98900 ns
[2020-03-27T08:49:43.440+0000][1][safepoint    ] Safepoint "RevokeBias", Time since last: 1129300 ns, Reaching safepoint: 113400 ns, At safepoint: 21500 ns, Total: 134900 ns
[2020-03-27T08:49:43.483+0000][1][safepoint    ] Safepoint "RevokeBias", Time since last: 43251800 ns, Reaching safepoint: 190600 ns, At safepoint: 31900 ns, Total: 222500 ns
[2020-03-27T08:49:43.583+0000][1][safepoint    ] Safepoint "RevokeBias", Time since last: 99215600 ns, Reaching safepoint: 214800 ns, At safepoint: 53400 ns, Total: 268200 ns
[2020-03-27T08:49:43.595+0000][1][safepoint    ] Safepoint "RevokeBias", Time since last: 11810200 ns, Reaching safepoint: 656100 ns, At safepoint: 36100 ns, Total: 692200 ns
[2020-03-27T08:49:43.643+0000][1][safepoint    ] Safepoint "RevokeBias", Time since last: 46958900 ns, Reaching safepoint: 731100 ns, At safepoint: 206400 ns, Total: 937500 ns
[2020-03-27T08:49:43.644+0000][1][safepoint    ] Safepoint "RevokeBias", Time since last: 1052900 ns, Reaching safepoint: 144000 ns, At safepoint: 18300 ns, Total: 162300 ns
[2020-03-27T08:49:43.646+0000][1][safepoint    ] Safepoint "RevokeBias", Time since last: 1915500 ns, Reaching safepoint: 217100 ns, At safepoint: 103500 ns, Total: 320600 ns
[2020-03-27T08:49:43.648+0000][1][safepoint    ] Safepoint "RevokeBias", Time since last: 941600 ns, Reaching safepoint: 454000 ns, At safepoint: 91300 ns, Total: 545300 ns
[2020-03-27T08:49:43.704+0000][1][safepoint    ] Safepoint "RevokeBias", Time since last: 55505000 ns, Reaching safepoint: 589200 ns, At safepoint: 33500 ns, Total: 622700 ns
[2020-03-27T08:49:43.746+0000][1][gc,start     ] GC(335) Pause Young (Allocation Failure)
[2020-03-27T08:49:43.746+0000][1][gc,task      ] GC(335) Using 2 workers of 2 for evacuation
[2020-03-27T08:49:43.754+0000][1][gc,age       ] GC(335) Desired survivor size 8716288 bytes, new threshold 6 (max threshold 6)
[2020-03-27T08:49:43.754+0000][1][gc,age       ] GC(335) Age table with threshold 6 (max threshold 6)
[2020-03-27T08:49:43.754+0000][1][gc,age       ] GC(335) - age   1:    2828320 bytes,    2828320 total
[2020-03-27T08:49:43.755+0000][1][gc,heap      ] GC(335) ParNew: 153344K->12930K(153344K)
[2020-03-27T08:49:43.755+0000][1][gc,heap      ] GC(335) CMS: 170610K->173291K(353920K)
[2020-03-27T08:49:43.755+0000][1][gc,metaspace ] GC(335) Metaspace: 99674K->99674K(1140736K)
[2020-03-27T08:49:43.756+0000][1][gc           ] GC(335) Pause Young (Allocation Failure) 316M->181M(495M) 10.233ms
[2020-03-27T08:49:43.756+0000][1][gc,cpu       ] GC(335) User=0.01s Sys=0.00s Real=0.01s
[2020-03-27T08:49:43.757+0000][1][safepoint    ] Safepoint "GenCollectForAllocation", Time since last: 40708200 ns, Reaching safepoint: 833100 ns, At safepoint: 10974000 ns, Total: 11807100 ns
[2020-03-27T08:49:43.798+0000][1][safepoint    ] Safepoint "RevokeBias", Time since last: 39725800 ns, Reaching safepoint: 1596900 ns, At safepoint: 130100 ns, Total: 1727000 ns
[2020-03-27T08:49:43.801+0000][1][safepoint    ] Safepoint "RevokeBias", Time since last: 3046100 ns, Reaching safepoint: 171800 ns, At safepoint: 153400 ns, Total: 325200 ns
[2020-03-27T08:49:43.819+0000][1][safepoint    ] Safepoint "RevokeBias", Time since last: 17790100 ns, Reaching safepoint: 197100 ns, At safepoint: 26800 ns, Total: 223900 ns
[2020-03-27T08:49:43.822+0000][1][safepoint    ] Safepoint "RevokeBias", Time since last: 2172900 ns, Reaching safepoint: 119500 ns, At safepoint: 14800 ns, Total: 134300 ns
[2020-03-27T08:49:44.069+0000][1][safepoint    ] Safepoint "RevokeBias", Time since last: 247586800 ns, Reaching safepoint: 118100 ns, At safepoint: 24300 ns, Total: 142400 ns
[2020-03-27T08:49:44.071+0000][1][safepoint    ] Safepoint "BulkRevokeBias", Time since last: 620300 ns, Reaching safepoint: 58100 ns, At safepoint: 449200 ns, Total: 507300 ns
[2020-03-27T08:49:44.583+0000][1][safepoint    ] Safepoint "RevokeBias", Time since last: 512241901 ns, Reaching safepoint: 220600 ns, At safepoint: 57100 ns, Total: 277700 ns
[2020-03-27T08:49:44.588+0000][1][safepoint    ] Safepoint "RevokeBias", Time since last: 4890000 ns, Reaching safepoint: 257800 ns, At safepoint: 22300 ns, Total: 280100 ns
[2020-03-27T08:49:44.591+0000][1][safepoint    ] Safepoint "RevokeBias", Time since last: 2916500 ns, Reaching safepoint: 159800 ns, At safepoint: 16400 ns, Total: 176200 ns
[2020-03-27T08:49:44.593+0000][1][safepoint    ] Safepoint "RevokeBias", Time since last: 1700500 ns, Reaching safepoint: 151600 ns, At safepoint: 50300 ns, Total: 201900 ns
[2020-03-27T08:49:44.595+0000][1][safepoint    ] Safepoint "RevokeBias", Time since last: 1493800 ns, Reaching safepoint: 177500 ns, At safepoint: 48900 ns, Total: 226400 ns
[2020-03-27T08:49:44.597+0000][1][safepoint    ] Safepoint "RevokeBias", Time since last: 1343100 ns, Reaching safepoint: 192900 ns, At safepoint: 23900 ns, Total: 216800 ns
[2020-03-27T08:49:44.598+0000][1][safepoint    ] Safepoint "RevokeBias", Time since last: 1388300 ns, Reaching safepoint: 155400 ns, At safepoint: 46900 ns, Total: 202300 ns
[2020-03-27T08:49:44.600+0000][1][safepoint    ] Safepoint "RevokeBias", Time since last: 1606000 ns, Reaching safepoint: 191600 ns, At safepoint: 50400 ns, Total: 242000 ns
[2020-03-27T08:49:44.602+0000][1][safepoint    ] Safepoint "RevokeBias", Time since last: 1701600 ns, Reaching safepoint: 183500 ns, At safepoint: 25100 ns, Total: 208600 ns
[2020-03-27T08:49:44.603+0000][1][safepoint    ] Safepoint "RevokeBias", Time since last: 1286600 ns, Reaching safepoint: 148500 ns, At safepoint: 16400 ns, Total: 164900 ns
[2020-03-27T08:49:45.039+0000][1][safepoint    ] Safepoint "RevokeBias", Time since last: 435676304 ns, Reaching safepoint: 209900 ns, At safepoint: 21100 ns, Total: 231000 ns
[2020-03-27T08:49:45.040+0000][1][safepoint    ] Safepoint "RevokeBias", Time since last: 525100 ns, Reaching safepoint: 181500 ns, At safepoint: 17700 ns, Total: 199200 ns
[2020-03-27T08:49:45.041+0000][1][safepoint    ] Safepoint "RevokeBias", Time since last: 1234300 ns, Reaching safepoint: 100100 ns, At safepoint: 19600 ns, Total: 119700 ns
[2020-03-27T08:49:45.044+0000][1][safepoint    ] Safepoint "RevokeBias", Time since last: 3017700 ns, Reaching safepoint: 81000 ns, At safepoint: 13500 ns, Total: 94500 ns
[2020-03-27T08:49:45.096+0000][1][safepoint    ] Safepoint "RevokeBias", Time since last: 50988100 ns, Reaching safepoint: 115200 ns, At safepoint: 16900 ns, Total: 132100 ns
[2020-03-27T08:49:46.097+0000][1][safepoint    ] Safepoint "Cleanup", Time since last: 1000879709 ns, Reaching safepoint: 495400 ns, At safepoint: 84600 ns, Total: 580000 ns
[2020-03-27T08:49:47.099+0000][1][safepoint    ] Safepoint "Cleanup", Time since last: 1001769208 ns, Reaching safepoint: 325300 ns, At safepoint: 82900 ns, Total: 408200 ns
[2020-03-27T08:49:48.102+0000][1][safepoint    ] Safepoint "Cleanup", Time since last: 1002558608 ns, Reaching safepoint: 227600 ns, At safepoint: 49100 ns, Total: 276700 ns
[2020-03-27T08:49:48.197+0000][1][safepoint    ] Safepoint "RevokeBias", Time since last: 94295301 ns, Reaching safepoint: 197700 ns, At safepoint: 26600 ns, Total: 224300 ns
[2020-03-27T08:49:48.212+0000][1][gc,start     ] GC(336) Pause Young (Allocation Failure)
[2020-03-27T08:49:48.212+0000][1][gc,task      ] GC(336) Using 2 workers of 2 for evacuation
[2020-03-27T08:49:48.219+0000][1][gc,age       ] GC(336) Desired survivor size 8716288 bytes, new threshold 6 (max threshold 6)
[2020-03-27T08:49:48.220+0000][1][gc,age       ] GC(336) Age table with threshold 6 (max threshold 6)
[2020-03-27T08:49:48.220+0000][1][gc,age       ] GC(336) - age   1:    5048992 bytes,    5048992 total
[2020-03-27T08:49:48.220+0000][1][gc,age       ] GC(336) - age   2:     350600 bytes,    5399592 total
[2020-03-27T08:49:48.221+0000][1][gc,heap      ] GC(336) ParNew: 149250K->7846K(153344K)
[2020-03-27T08:49:48.221+0000][1][gc,heap      ] GC(336) CMS: 173291K->173291K(353920K)
[2020-03-27T08:49:48.222+0000][1][gc,metaspace ] GC(336) Metaspace: 99676K->99676K(1140736K)
[2020-03-27T08:49:48.222+0000][1][gc           ] GC(336) Pause Young (Allocation Failure) 314M->176M(495M) 9.940ms
[2020-03-27T08:49:48.222+0000][1][gc,cpu       ] GC(336) User=0.02s Sys=0.00s Real=0.01s
[2020-03-27T08:49:48.223+0000][1][safepoint    ] Safepoint "GenCollectForAllocation", Time since last: 15322700 ns, Reaching safepoint: 212700 ns, At safepoint: 10699800 ns, Total: 10912500 ns
[2020-03-27T08:49:48.781+0000][1][safepoint    ] Safepoint "RevokeBias", Time since last: 557557005 ns, Reaching safepoint: 216200 ns, At safepoint: 29400 ns, Total: 245600 ns
[2020-03-27T08:49:48.782+0000][1][safepoint    ] Safepoint "RevokeBias", Time since last: 855100 ns, Reaching safepoint: 155700 ns, At safepoint: 13900 ns, Total: 169600 ns
[2020-03-27T08:49:48.783+0000][1][safepoint    ] Safepoint "RevokeBias", Time since last: 1467800 ns, Reaching safepoint: 68900 ns, At safepoint: 22800 ns, Total: 91700 ns
[2020-03-27T08:49:48.784+0000][1][safepoint    ] Safepoint "RevokeBias", Time since last: 638900 ns, Reaching safepoint: 61800 ns, At safepoint: 13000 ns, Total: 74800 ns
[2020-03-27T08:49:48.828+0000][1][safepoint    ] Safepoint "RevokeBias", Time since last: 44154600 ns, Reaching safepoint: 142000 ns, At safepoint: 31000 ns, Total: 173000 ns
[2020-03-27T08:49:49.831+0000][1][safepoint    ] Safepoint "Cleanup", Time since last: 1002605609 ns, Reaching safepoint: 97700 ns, At safepoint: 19700 ns, Total: 117400 ns
[2020-03-27T08:49:50.832+0000][1][safepoint    ] Safepoint "Cleanup", Time since last: 1000869508 ns, Reaching safepoint: 326600 ns, At safepoint: 88000 ns, Total: 414600 ns
[2020-03-27T08:49:51.835+0000][1][safepoint    ] Safepoint "Cleanup", Time since last: 1002375909 ns, Reaching safepoint: 325900 ns, At safepoint: 85300 ns, Total: 411200 ns
[2020-03-27T08:49:52.839+0000][1][safepoint    ] Safepoint "Cleanup", Time since last: 1003132107 ns, Reaching safepoint: 449800 ns, At safepoint: 118800 ns, Total: 568600 ns
[2020-03-27T08:49:53.230+0000][1][safepoint    ] Safepoint "RevokeBias", Time since last: 391065303 ns, Reaching safepoint: 242000 ns, At safepoint: 17800 ns, Total: 259800 ns
[2020-03-27T08:49:53.905+0000][1][safepoint    ] Safepoint "RevokeBias", Time since last: 675021704 ns, Reaching safepoint: 223900 ns, At safepoint: 23700 ns, Total: 247600 ns
[2020-03-27T08:49:53.907+0000][1][safepoint    ] Safepoint "RevokeBias", Time since last: 1089800 ns, Reaching safepoint: 145500 ns, At safepoint: 24500 ns, Total: 170000 ns
[2020-03-27T08:49:53.908+0000][1][safepoint    ] Safepoint "RevokeBias", Time since last: 1380700 ns, Reaching safepoint: 93200 ns, At safepoint: 22800 ns, Total: 116000 ns
[2020-03-27T08:49:53.910+0000][1][safepoint    ] Safepoint "RevokeBias", Time since last: 1414100 ns, Reaching safepoint: 103200 ns, At safepoint: 22000 ns, Total: 125200 ns
[2020-03-27T08:49:53.990+0000][1][safepoint    ] Safepoint "RevokeBias", Time since last: 80098000 ns, Reaching safepoint: 156600 ns, At safepoint: 40900 ns, Total: 197500 ns
[2020-03-27T08:49:54.991+0000][1][safepoint    ] Safepoint "Cleanup", Time since last: 1000641506 ns, Reaching safepoint: 112300 ns, At safepoint: 18800 ns, Total: 131100 ns
[2020-03-27T08:49:55.992+0000][1][safepoint    ] Safepoint "Cleanup", Time since last: 1000706106 ns, Reaching safepoint: 336500 ns, At safepoint: 65600 ns, Total: 402100 ns
[2020-03-27T08:49:56.993+0000][1][safepoint    ] Safepoint "Cleanup", Time since last: 1001179306 ns, Reaching safepoint: 102000 ns, At safepoint: 17400 ns, Total: 119400 ns
[2020-03-27T08:49:57.994+0000][1][safepoint    ] Safepoint "Cleanup", Time since last: 1000927406 ns, Reaching safepoint: 305100 ns, At safepoint: 79600 ns, Total: 384700 ns
[2020-03-27T08:49:58.217+0000][1][gc,start     ] GC(337) Pause Young (Allocation Failure)
[2020-03-27T08:49:58.218+0000][1][gc,task      ] GC(337) Using 2 workers of 2 for evacuation
[2020-03-27T08:49:58.221+0000][1][gc,age       ] GC(337) Desired survivor size 8716288 bytes, new threshold 6 (max threshold 6)
[2020-03-27T08:49:58.221+0000][1][gc,age       ] GC(337) Age table with threshold 6 (max threshold 6)
[2020-03-27T08:49:58.222+0000][1][gc,age       ] GC(337) - age   1:     708552 bytes,     708552 total
[2020-03-27T08:49:58.223+0000][1][gc,age       ] GC(337) - age   2:     544776 bytes,    1253328 total
[2020-03-27T08:49:58.223+0000][1][gc,age       ] GC(337) - age   3:     335424 bytes,    1588752 total
[2020-03-27T08:49:58.224+0000][1][gc,heap      ] GC(337) ParNew: 144166K->4935K(153344K)
[2020-03-27T08:49:58.224+0000][1][gc,heap      ] GC(337) CMS: 173291K->173291K(353920K)
[2020-03-27T08:49:58.224+0000][1][gc,metaspace ] GC(337) Metaspace: 99676K->99676K(1140736K)
[2020-03-27T08:49:58.225+0000][1][gc           ] GC(337) Pause Young (Allocation Failure) 310M->174M(495M) 7.464ms
[2020-03-27T08:49:58.225+0000][1][gc,cpu       ] GC(337) User=0.01s Sys=0.00s Real=0.00s
[2020-03-27T08:49:58.226+0000][1][safepoint    ] Safepoint "GenCollectForAllocation", Time since last: 222650302 ns, Reaching safepoint: 119900 ns, At safepoint: 8543100 ns, Total: 8663000 ns
[2020-03-27T08:49:58.251+0000][1][safepoint    ] Safepoint "RevokeBias", Time since last: 24938300 ns, Reaching safepoint: 96400 ns, At safepoint: 23900 ns, Total: 120300 ns
[2020-03-27T08:49:58.903+0000][1][safepoint    ] Safepoint "RevokeBias", Time since last: 651597504 ns, Reaching safepoint: 308000 ns, At safepoint: 33200 ns, Total: 341200 ns
[2020-03-27T08:49:58.904+0000][1][safepoint    ] Safepoint "RevokeBias", Time since last: 814500 ns, Reaching safepoint: 71100 ns, At safepoint: 23000 ns, Total: 94100 ns
[2020-03-27T08:49:58.905+0000][1][safepoint    ] Safepoint "RevokeBias", Time since last: 1349900 ns, Reaching safepoint: 88600 ns, At safepoint: 21800 ns, Total: 110400 ns
[2020-03-27T08:49:58.906+0000][1][safepoint    ] Safepoint "RevokeBias", Time since last: 952700 ns, Reaching safepoint: 69000 ns, At safepoint: 20700 ns, Total: 89700 ns
[2020-03-27T08:49:58.962+0000][1][safepoint    ] Safepoint "RevokeBias", Time since last: 55216500 ns, Reaching safepoint: 251100 ns, At safepoint: 31000 ns, Total: 282100 ns
[2020-03-27T08:49:59.963+0000][1][safepoint    ] Safepoint "Cleanup", Time since last: 1000502006 ns, Reaching safepoint: 435800 ns, At safepoint: 60700 ns, Total: 496500 ns
[2020-03-27T08:50:00.965+0000][1][safepoint    ] Safepoint "Cleanup", Time since last: 1001744123 ns, Reaching safepoint: 347900 ns, At safepoint: 69200 ns, Total: 417100 ns
[2020-03-27T08:50:01.967+0000][1][safepoint    ] Safepoint "Cleanup", Time since last: 1001918748 ns, Reaching safepoint: 124000 ns, At safepoint: 24900 ns, Total: 148900 ns
[2020-03-27T08:50:02.968+0000][1][safepoint    ] Safepoint "Cleanup", Time since last: 1001027048 ns, Reaching safepoint: 205300 ns, At safepoint: 54400 ns, Total: 259700 ns
[2020-03-27T08:50:03.210+0000][1][safepoint    ] Safepoint "RevokeBias", Time since last: 241831012 ns, Reaching safepoint: 150500 ns, At safepoint: 36000 ns, Total: 186500 ns
[2020-03-27T08:50:04.055+0000][1][safepoint    ] Safepoint "RevokeBias", Time since last: 844961341 ns, Reaching safepoint: 119700 ns, At safepoint: 34100 ns, Total: 153800 ns
[2020-03-27T08:50:04.056+0000][1][safepoint    ] Safepoint "RevokeBias", Time since last: 609600 ns, Reaching safepoint: 69300 ns, At safepoint: 14300 ns, Total: 83600 ns
[2020-03-27T08:50:04.057+0000][1][safepoint    ] Safepoint "RevokeBias", Time since last: 1257500 ns, Reaching safepoint: 63500 ns, At safepoint: 14000 ns, Total: 77500 ns
[2020-03-27T08:50:04.058+0000][1][safepoint    ] Safepoint "RevokeBias", Time since last: 990500 ns, Reaching safepoint: 155200 ns, At safepoint: 23500 ns, Total: 178700 ns
[2020-03-27T08:50:04.100+0000][1][safepoint    ] Safepoint "RevokeBias", Time since last: 41179102 ns, Reaching safepoint: 129400 ns, At safepoint: 17800 ns, Total: 147200 ns
[2020-03-27T08:50:05.101+0000][1][safepoint    ] Safepoint "Cleanup", Time since last: 1000604849 ns, Reaching safepoint: 529300 ns, At safepoint: 78800 ns, Total: 608100 ns
[2020-03-27T08:50:06.103+0000][1][safepoint    ] Safepoint "Cleanup", Time since last: 1001986548 ns, Reaching safepoint: 96500 ns, At safepoint: 19800 ns, Total: 116300 ns
[2020-03-27T08:50:07.105+0000][1][safepoint    ] Safepoint "Cleanup", Time since last: 1000954348 ns, Reaching safepoint: 337200 ns, At safepoint: 180400 ns, Total: 517600 ns
[2020-03-27T08:50:08.107+0000][1][safepoint    ] Safepoint "Cleanup", Time since last: 1001910349 ns, Reaching safepoint: 120600 ns, At safepoint: 23700 ns, Total: 144300 ns
[2020-03-27T08:50:08.186+0000][1][safepoint    ] Safepoint "RevokeBias", Time since last: 79567404 ns, Reaching safepoint: 180400 ns, At safepoint: 14700 ns, Total: 195100 ns
[2020-03-27T08:50:08.198+0000][1][gc,start     ] GC(338) Pause Young (Allocation Failure)
[2020-03-27T08:50:08.198+0000][1][gc,task      ] GC(338) Using 2 workers of 2 for evacuation
[2020-03-27T08:50:08.207+0000][1][gc,age       ] GC(338) Desired survivor size 8716288 bytes, new threshold 6 (max threshold 6)
[2020-03-27T08:50:08.208+0000][1][gc,age       ] GC(338) Age table with threshold 6 (max threshold 6)
[2020-03-27T08:50:08.208+0000][1][gc,age       ] GC(338) - age   1:    3404728 bytes,    3404728 total
[2020-03-27T08:50:08.208+0000][1][gc,age       ] GC(338) - age   2:     557616 bytes,    3962344 total
[2020-03-27T08:50:08.209+0000][1][gc,age       ] GC(338) - age   3:     540896 bytes,    4503240 total
[2020-03-27T08:50:08.209+0000][1][gc,age       ] GC(338) - age   4:     334592 bytes,    4837832 total
[2020-03-27T08:50:08.209+0000][1][gc,heap      ] GC(338) ParNew: 141255K->5676K(153344K)
[2020-03-27T08:50:08.210+0000][1][gc,heap      ] GC(338) CMS: 173291K->173291K(353920K)
[2020-03-27T08:50:08.210+0000][1][gc,metaspace ] GC(338) Metaspace: 99677K->99677K(1140736K)
[2020-03-27T08:50:08.211+0000][1][gc           ] GC(338) Pause Young (Allocation Failure) 307M->174M(495M) 12.887ms
[2020-03-27T08:50:08.211+0000][1][gc,cpu       ] GC(338) User=0.02s Sys=0.00s Real=0.01s
[2020-03-27T08:50:08.211+0000][1][safepoint    ] Safepoint "GenCollectForAllocation", Time since last: 10823100 ns, Reaching safepoint: 450400 ns, At safepoint: 13755201 ns, Total: 14205601 ns
[2020-03-27T08:50:09.038+0000][1][safepoint    ] Safepoint "RevokeBias", Time since last: 826548253 ns, Reaching safepoint: 300500 ns, At safepoint: 39500 ns, Total: 340000 ns
[2020-03-27T08:50:09.039+0000][1][safepoint    ] Safepoint "RevokeBias", Time since last: 868701 ns, Reaching safepoint: 177800 ns, At safepoint: 22700 ns, Total: 200500 ns
[2020-03-27T08:50:09.041+0000][1][safepoint    ] Safepoint "RevokeBias", Time since last: 1292600 ns, Reaching safepoint: 68900 ns, At safepoint: 23200 ns, Total: 92100 ns
[2020-03-27T08:50:09.042+0000][1][safepoint    ] Safepoint "RevokeBias", Time since last: 1087900 ns, Reaching safepoint: 84800 ns, At safepoint: 11400 ns, Total: 96200 ns
[2020-03-27T08:50:09.090+0000][1][safepoint    ] Safepoint "RevokeBias", Time since last: 47869604 ns, Reaching safepoint: 116100 ns, At safepoint: 22200 ns, Total: 138300 ns
[2020-03-27T08:50:10.091+0000][1][safepoint    ] Safepoint "Cleanup", Time since last: 1000456378 ns, Reaching safepoint: 128600 ns, At safepoint: 16900 ns, Total: 145500 ns
[2020-03-27T08:50:11.092+0000][1][safepoint    ] Safepoint "Cleanup", Time since last: 1000891879 ns, Reaching safepoint: 457700 ns, At safepoint: 87500 ns, Total: 545200 ns
[2020-03-27T08:50:12.095+0000][1][safepoint    ] Safepoint "Cleanup", Time since last: 1002492079 ns, Reaching safepoint: 115900 ns, At safepoint: 21700 ns, Total: 137600 ns
[2020-03-27T08:50:13.096+0000][1][safepoint    ] Safepoint "Cleanup", Time since last: 1001026979 ns, Reaching safepoint: 126900 ns, At safepoint: 26400 ns, Total: 153300 ns
[2020-03-27T08:50:13.226+0000][1][safepoint    ] Safepoint "RevokeBias", Time since last: 130084010 ns, Reaching safepoint: 154000 ns, At safepoint: 17300 ns, Total: 171300 ns
[2020-03-27T08:50:14.227+0000][1][safepoint    ] Safepoint "Cleanup", Time since last: 1000521079 ns, Reaching safepoint: 326900 ns, At safepoint: 86800 ns, Total: 413700 ns
[2020-03-27T08:50:15.229+0000][1][safepoint    ] Safepoint "Cleanup", Time since last: 1002026779 ns, Reaching safepoint: 333700 ns, At safepoint: 33700 ns, Total: 367400 ns
[2020-03-27T08:50:16.232+0000][1][safepoint    ] Safepoint "Cleanup", Time since last: 1001962778 ns, Reaching safepoint: 234500 ns, At safepoint: 39000 ns, Total: 273500 ns
[2020-03-27T08:50:17.233+0000][1][safepoint    ] Safepoint "Cleanup", Time since last: 1001106537 ns, Reaching safepoint: 91100 ns, At safepoint: 16200 ns, Total: 107300 ns
[2020-03-27T08:50:18.192+0000][1][safepoint    ] Safepoint "RevokeBias", Time since last: 958816612 ns, Reaching safepoint: 94600 ns, At safepoint: 33400 ns, Total: 128000 ns
[2020-03-27T08:50:19.193+0000][1][safepoint    ] Safepoint "Cleanup", Time since last: 1001128411 ns, Reaching safepoint: 166400 ns, At safepoint: 39600 ns, Total: 206000 ns
[2020-03-27T08:50:20.195+0000][1][safepoint    ] Safepoint "Cleanup", Time since last: 1001305312 ns, Reaching safepoint: 139100 ns, At safepoint: 23100 ns, Total: 162200 ns
[2020-03-27T08:50:21.196+0000][1][safepoint    ] Safepoint "Cleanup", Time since last: 1001083612 ns, Reaching safepoint: 99500 ns, At safepoint: 21000 ns, Total: 120500 ns
[2020-03-27T08:50:22.197+0000][1][safepoint    ] Safepoint "Cleanup", Time since last: 1001001112 ns, Reaching safepoint: 439800 ns, At safepoint: 82400 ns, Total: 522200 ns
[2020-03-27T08:50:23.200+0000][1][safepoint    ] Safepoint "Cleanup", Time since last: 1002326812 ns, Reaching safepoint: 110700 ns, At safepoint: 22000 ns, Total: 132700 ns
[2020-03-27T08:50:23.206+0000][1][gc,start     ] GC(339) Pause Young (Allocation Failure)
[2020-03-27T08:50:23.207+0000][1][gc,task      ] GC(339) Using 2 workers of 2 for evacuation
[2020-03-27T08:50:23.218+0000][1][gc,age       ] GC(339) Desired survivor size 8716288 bytes, new threshold 1 (max threshold 6)
[2020-03-27T08:50:23.219+0000][1][gc,age       ] GC(339) Age table with threshold 1 (max threshold 6)
[2020-03-27T08:50:23.220+0000][1][gc,age       ] GC(339) - age   1:   13965512 bytes,   13965512 total
[2020-03-27T08:50:23.220+0000][1][gc,age       ] GC(339) - age   2:     575808 bytes,   14541320 total
[2020-03-27T08:50:23.221+0000][1][gc,age       ] GC(339) - age   3:     557584 bytes,   15098904 total
[2020-03-27T08:50:23.221+0000][1][gc,age       ] GC(339) - age   4:     539136 bytes,   15638040 total
[2020-03-27T08:50:23.221+0000][1][gc,age       ] GC(339) - age   5:     328024 bytes,   15966064 total
[2020-03-27T08:50:23.222+0000][1][gc,heap      ] GC(339) ParNew: 141996K->17024K(153344K)
[2020-03-27T08:50:23.222+0000][1][gc,heap      ] GC(339) CMS: 173291K->173450K(353920K)
[2020-03-27T08:50:23.223+0000][1][gc,metaspace ] GC(339) Metaspace: 99680K->99680K(1140736K)
[2020-03-27T08:50:23.223+0000][1][gc           ] GC(339) Pause Young (Allocation Failure) 307M->186M(495M) 17.074ms
[2020-03-27T08:50:23.224+0000][1][gc,cpu       ] GC(339) User=0.01s Sys=0.00s Real=0.01s
[2020-03-27T08:50:23.224+0000][1][safepoint    ] Safepoint "GenCollectForAllocation", Time since last: 6342100 ns, Reaching safepoint: 140000 ns, At safepoint: 18122200 ns, Total: 18262200 ns
[2020-03-27T08:50:23.229+0000][1][safepoint    ] Safepoint "RevokeBias", Time since last: 4048000 ns, Reaching safepoint: 343500 ns, At safepoint: 260400 ns, Total: 603900 ns
[2020-03-27T08:50:24.230+0000][1][safepoint    ] Safepoint "Cleanup", Time since last: 1000529212 ns, Reaching safepoint: 295500 ns, At safepoint: 32600 ns, Total: 328100 ns
[2020-03-27T08:50:25.231+0000][1][safepoint    ] Safepoint "Cleanup", Time since last: 1000974624 ns, Reaching safepoint: 97800 ns, At safepoint: 19100 ns, Total: 116900 ns
[2020-03-27T08:50:26.232+0000][1][safepoint    ] Safepoint "Cleanup", Time since last: 1000699933 ns, Reaching safepoint: 97000 ns, At safepoint: 23600 ns, Total: 120600 ns
[2020-03-27T08:50:27.233+0000][1][safepoint    ] Safepoint "Cleanup", Time since last: 1000881532 ns, Reaching safepoint: 126200 ns, At safepoint: 34000 ns, Total: 160200 ns
[2020-03-27T08:50:28.234+0000][1][safepoint    ] Safepoint "Cleanup", Time since last: 1000788232 ns, Reaching safepoint: 215300 ns, At safepoint: 19100 ns, Total: 234400 ns
[2020-03-27T08:50:28.241+0000][1][safepoint    ] Safepoint "RevokeBias", Time since last: 7193900 ns, Reaching safepoint: 92700 ns, At safepoint: 23900 ns, Total: 116600 ns
[2020-03-27T08:50:29.243+0000][1][safepoint    ] Safepoint "Cleanup", Time since last: 1001117632 ns, Reaching safepoint: 172500 ns, At safepoint: 79600 ns, Total: 252100 ns
[2020-03-27T08:50:30.244+0000][1][safepoint    ] Safepoint "Cleanup", Time since last: 1001390232 ns, Reaching safepoint: 277200 ns, At safepoint: 62600 ns, Total: 339800 ns
[2020-03-27T08:50:31.247+0000][1][safepoint    ] Safepoint "Cleanup", Time since last: 1001777233 ns, Reaching safepoint: 335000 ns, At safepoint: 180300 ns, Total: 515300 ns
[2020-03-27T08:50:32.249+0000][1][safepoint    ] Safepoint "Cleanup", Time since last: 1002243832 ns, Reaching safepoint: 92400 ns, At safepoint: 16300 ns, Total: 108700 ns
[2020-03-27T08:50:33.211+0000][1][safepoint    ] Safepoint "RevokeBias", Time since last: 961992268 ns, Reaching safepoint: 222900 ns, At safepoint: 305200 ns, Total: 528100 ns
[2020-03-27T08:50:34.212+0000][1][safepoint    ] Safepoint "Cleanup", Time since last: 1000858971 ns, Reaching safepoint: 126000 ns, At safepoint: 20900 ns, Total: 146900 ns
[2020-03-27T08:50:35.242+0000][1][safepoint    ] Safepoint "Cleanup", Time since last: 1029198678 ns, Reaching safepoint: 88700 ns, At safepoint: 31100 ns, Total: 119800 ns
[2020-03-27T08:50:36.243+0000][1][safepoint    ] Safepoint "Cleanup", Time since last: 1000856171 ns, Reaching safepoint: 318400 ns, At safepoint: 102100 ns, Total: 420500 ns
[2020-03-27T08:50:37.245+0000][1][safepoint    ] Safepoint "Cleanup", Time since last: 1001762270 ns, Reaching safepoint: 142800 ns, At safepoint: 10200 ns, Total: 153000 ns
[2020-03-27T08:50:38.183+0000][1][safepoint    ] Safepoint "RevokeBias", Time since last: 938045554 ns, Reaching safepoint: 90300 ns, At safepoint: 21600 ns, Total: 111900 ns
[2020-03-27T08:50:39.184+0000][1][safepoint    ] Safepoint "Cleanup", Time since last: 1000845471 ns, Reaching safepoint: 327400 ns, At safepoint: 36400 ns, Total: 363800 ns
[2020-03-27T08:50:40.187+0000][1][safepoint    ] Safepoint "Cleanup", Time since last: 1002250171 ns, Reaching safepoint: 120200 ns, At safepoint: 25900 ns, Total: 146100 ns
[2020-03-27T08:50:41.189+0000][1][safepoint    ] Safepoint "Cleanup", Time since last: 1001353217 ns, Reaching safepoint: 329700 ns, At safepoint: 125600 ns, Total: 455300 ns
[2020-03-27T08:50:42.191+0000][1][safepoint    ] Safepoint "Cleanup", Time since last: 1001854759 ns, Reaching safepoint: 501200 ns, At safepoint: 77100 ns, Total: 578300 ns
[2020-03-27T08:50:43.193+0000][1][safepoint    ] Safepoint "Cleanup", Time since last: 1001889259 ns, Reaching safepoint: 101800 ns, At safepoint: 20400 ns, Total: 122200 ns
[2020-03-27T08:50:43.219+0000][1][safepoint    ] Safepoint "RevokeBias", Time since last: 25458209 ns, Reaching safepoint: 169100 ns, At safepoint: 13200 ns, Total: 182300 ns
[2020-03-27T08:50:44.192+0000][1][safepoint    ] Safepoint "RevokeBias", Time since last: 972940749 ns, Reaching safepoint: 183700 ns, At safepoint: 23700 ns, Total: 207400 ns
[2020-03-27T08:50:44.192+0000][1][safepoint    ] Safepoint "RevokeBias", Time since last: 512100 ns, Reaching safepoint: 77900 ns, At safepoint: 12600 ns, Total: 90500 ns
[2020-03-27T08:50:44.193+0000][1][safepoint    ] Safepoint "BulkRevokeBias", Time since last: 540000 ns, Reaching safepoint: 62800 ns, At safepoint: 441501 ns, Total: 504301 ns
[2020-03-27T08:50:44.195+0000][1][safepoint    ] Safepoint "RevokeBias", Time since last: 1699100 ns, Reaching safepoint: 89900 ns, At safepoint: 22200 ns, Total: 112100 ns
[2020-03-27T08:50:44.197+0000][1][safepoint    ] Safepoint "BulkRevokeBias", Time since last: 932101 ns, Reaching safepoint: 81200 ns, At safepoint: 527900 ns, Total: 609100 ns
[2020-03-27T08:50:44.242+0000][1][safepoint    ] Safepoint "BulkRevokeBias", Time since last: 44419416 ns, Reaching safepoint: 123200 ns, At safepoint: 539800 ns, Total: 663000 ns
[2020-03-27T08:50:44.266+0000][1][gc,start     ] GC(340) Pause Young (Allocation Failure)
[2020-03-27T08:50:44.266+0000][1][gc,task      ] GC(340) Using 2 workers of 2 for evacuation
[2020-03-27T08:50:44.275+0000][1][gc,age       ] GC(340) Desired survivor size 8716288 bytes, new threshold 6 (max threshold 6)
[2020-03-27T08:50:44.275+0000][1][gc,age       ] GC(340) Age table with threshold 6 (max threshold 6)
[2020-03-27T08:50:44.276+0000][1][gc,age       ] GC(340) - age   1:    1086488 bytes,    1086488 total
[2020-03-27T08:50:44.276+0000][1][gc,heap      ] GC(340) ParNew: 153344K->12681K(153344K)
[2020-03-27T08:50:44.277+0000][1][gc,heap      ] GC(340) CMS: 173450K->180104K(353920K)
[2020-03-27T08:50:44.277+0000][1][gc,metaspace ] GC(340) Metaspace: 99688K->99688K(1140736K)
[2020-03-27T08:50:44.278+0000][1][gc           ] GC(340) Pause Young (Allocation Failure) 319M->188M(495M) 12.373ms
[2020-03-27T08:50:44.279+0000][1][gc,cpu       ] GC(340) User=0.01s Sys=0.00s Real=0.01s
[2020-03-27T08:50:44.279+0000][1][safepoint    ] Safepoint "GenCollectForAllocation", Time since last: 23543608 ns, Reaching safepoint: 141700 ns, At safepoint: 13445105 ns, Total: 13586805 ns
[2020-03-27T08:50:44.323+0000][1][safepoint    ] Safepoint "RevokeBias", Time since last: 43722816 ns, Reaching safepoint: 199200 ns, At safepoint: 9900 ns, Total: 209100 ns
[2020-03-27T08:50:44.330+0000][1][safepoint    ] Safepoint "RevokeBias", Time since last: 5665302 ns, Reaching safepoint: 1030100 ns, At safepoint: 90700 ns, Total: 1120800 ns
[2020-03-27T08:50:44.440+0000][1][safepoint    ] Safepoint "RevokeBias", Time since last: 110079740 ns, Reaching safepoint: 212900 ns, At safepoint: 28100 ns, Total: 241000 ns
[2020-03-27T08:50:44.446+0000][1][safepoint    ] Safepoint "RevokeBias", Time since last: 5587502 ns, Reaching safepoint: 127600 ns, At safepoint: 40000 ns, Total: 167600 ns
[2020-03-27T08:50:44.452+0000][1][safepoint    ] Safepoint "RevokeBias", Time since last: 6254802 ns, Reaching safepoint: 153700 ns, At safepoint: 45800 ns, Total: 199500 ns
[2020-03-27T08:50:44.474+0000][1][safepoint    ] Safepoint "RevokeBias", Time since last: 21865008 ns, Reaching safepoint: 332200 ns, At safepoint: 22500 ns, Total: 354700 ns
[2020-03-27T08:50:45.441+0000][1][safepoint    ] Safepoint "RevokeBias", Time since last: 966497146 ns, Reaching safepoint: 138400 ns, At safepoint: 31300 ns, Total: 169700 ns
[2020-03-27T08:50:45.460+0000][1][safepoint    ] Safepoint "RevokeBias", Time since last: 18888607 ns, Reaching safepoint: 134400 ns, At safepoint: 35600 ns, Total: 170000 ns
[2020-03-27T08:50:45.636+0000][1][safepoint    ] Safepoint "RevokeBias", Time since last: 175166963 ns, Reaching safepoint: 242800 ns, At safepoint: 30400 ns, Total: 273200 ns
[2020-03-27T08:50:45.636+0000][1][safepoint    ] Safepoint "RevokeBias", Time since last: 618100 ns, Reaching safepoint: 98300 ns, At safepoint: 22100 ns, Total: 120400 ns
[2020-03-27T08:50:45.638+0000][1][safepoint    ] Safepoint "RevokeBias", Time since last: 1430401 ns, Reaching safepoint: 75700 ns, At safepoint: 13700 ns, Total: 89400 ns
[2020-03-27T08:50:45.639+0000][1][safepoint    ] Safepoint "RevokeBias", Time since last: 1012800 ns, Reaching safepoint: 65800 ns, At safepoint: 22100 ns, Total: 87900 ns
[2020-03-27T08:50:45.691+0000][1][safepoint    ] Safepoint "RevokeBias", Time since last: 52004919 ns, Reaching safepoint: 131400 ns, At safepoint: 21300 ns, Total: 152700 ns
[2020-03-27T08:50:46.692+0000][1][safepoint    ] Safepoint "Cleanup", Time since last: 1000758258 ns, Reaching safepoint: 325401 ns, At safepoint: 82900 ns, Total: 408301 ns
[2020-03-27T08:50:47.247+0000][1][gc,start     ] GC(341) Pause Young (Allocation Failure)
[2020-03-27T08:50:47.248+0000][1][gc,task      ] GC(341) Using 2 workers of 2 for evacuation
[2020-03-27T08:50:47.255+0000][1][gc,age       ] GC(341) Desired survivor size 8716288 bytes, new threshold 6 (max threshold 6)
[2020-03-27T08:50:47.255+0000][1][gc,age       ] GC(341) Age table with threshold 6 (max threshold 6)
[2020-03-27T08:50:47.256+0000][1][gc,age       ] GC(341) - age   1:    1439648 bytes,    1439648 total
[2020-03-27T08:50:47.257+0000][1][gc,age       ] GC(341) - age   2:     163152 bytes,    1602800 total
[2020-03-27T08:50:47.257+0000][1][gc,heap      ] GC(341) ParNew: 149001K->3369K(153344K)
[2020-03-27T08:50:47.257+0000][1][gc,heap      ] GC(341) CMS: 180104K->180104K(353920K)
[2020-03-27T08:50:47.258+0000][1][gc,metaspace ] GC(341) Metaspace: 99693K->99693K(1140736K)
[2020-03-27T08:50:47.259+0000][1][gc           ] GC(341) Pause Young (Allocation Failure) 321M->179M(495M) 11.889ms
[2020-03-27T08:50:47.259+0000][1][gc,cpu       ] GC(341) User=0.00s Sys=0.00s Real=0.01s
[2020-03-27T08:50:47.259+0000][1][safepoint    ] Safepoint "GenCollectForAllocation", Time since last: 554232198 ns, Reaching safepoint: 137800 ns, At safepoint: 12735305 ns, Total: 12873105 ns
[2020-03-27T08:50:48.226+0000][1][safepoint    ] Safepoint "RevokeBias", Time since last: 966322846 ns, Reaching safepoint: 94600 ns, At safepoint: 24000 ns, Total: 118600 ns
[2020-03-27T08:50:48.345+0000][1][safepoint    ] Safepoint "RevokeBias", Time since last: 118567942 ns, Reaching safepoint: 235200 ns, At safepoint: 24400 ns, Total: 259600 ns
[2020-03-27T08:50:48.348+0000][1][safepoint    ] Safepoint "RevokeBias", Time since last: 2704701 ns, Reaching safepoint: 92400 ns, At safepoint: 24200 ns, Total: 116600 ns
[2020-03-27T08:50:48.349+0000][1][safepoint    ] Safepoint "RevokeBias", Time since last: 1352601 ns, Reaching safepoint: 92300 ns, At safepoint: 21200 ns, Total: 113500 ns
[2020-03-27T08:50:48.350+0000][1][safepoint    ] Safepoint "RevokeBias", Time since last: 1067000 ns, Reaching safepoint: 83300 ns, At safepoint: 12700 ns, Total: 96000 ns
[2020-03-27T08:50:48.392+0000][1][safepoint    ] Safepoint "RevokeBias", Time since last: 41382715 ns, Reaching safepoint: 126100 ns, At safepoint: 31400 ns, Total: 157500 ns
[2020-03-27T08:50:49.393+0000][1][safepoint    ] Safepoint "Cleanup", Time since last: 1001086147 ns, Reaching safepoint: 231900 ns, At safepoint: 60000 ns, Total: 291900 ns
[2020-03-27T08:50:50.395+0000][1][safepoint    ] Safepoint "Cleanup", Time since last: 1001491260 ns, Reaching safepoint: 95400 ns, At safepoint: 18300 ns, Total: 113700 ns
[2020-03-27T08:50:51.396+0000][1][safepoint    ] Safepoint "Cleanup", Time since last: 1001054361 ns, Reaching safepoint: 307300 ns, At safepoint: 68200 ns, Total: 375500 ns
[2020-03-27T08:50:52.398+0000][1][safepoint    ] Safepoint "Cleanup", Time since last: 1001483660 ns, Reaching safepoint: 104600 ns, At safepoint: 19800 ns, Total: 124400 ns
[2020-03-27T08:50:53.225+0000][1][safepoint    ] Safepoint "RevokeBias", Time since last: 826497250 ns, Reaching safepoint: 335000 ns, At safepoint: 18800 ns, Total: 353800 ns
[2020-03-27T08:50:53.543+0000][1][gc,start     ] GC(342) Pause Young (Allocation Failure)
[2020-03-27T08:50:53.544+0000][1][gc,task      ] GC(342) Using 2 workers of 2 for evacuation
[2020-03-27T08:50:53.547+0000][1][gc,age       ] GC(342) Desired survivor size 8716288 bytes, new threshold 6 (max threshold 6)
[2020-03-27T08:50:53.548+0000][1][gc,age       ] GC(342) Age table with threshold 6 (max threshold 6)
[2020-03-27T08:50:53.548+0000][1][gc,age       ] GC(342) - age   1:    1366032 bytes,    1366032 total
[2020-03-27T08:50:53.548+0000][1][gc,age       ] GC(342) - age   2:    1041536 bytes,    2407568 total
[2020-03-27T08:50:53.549+0000][1][gc,age       ] GC(342) - age   3:     156680 bytes,    2564248 total
[2020-03-27T08:50:53.550+0000][1][gc,heap      ] GC(342) ParNew: 139689K->2858K(153344K)
[2020-03-27T08:50:53.550+0000][1][gc,heap      ] GC(342) CMS: 180104K->180104K(353920K)
[2020-03-27T08:50:53.551+0000][1][gc,metaspace ] GC(342) Metaspace: 99693K->99693K(1140736K)
[2020-03-27T08:50:53.551+0000][1][gc           ] GC(342) Pause Young (Allocation Failure) 312M->178M(495M) 7.951ms
[2020-03-27T08:50:53.552+0000][1][gc,cpu       ] GC(342) User=0.01s Sys=0.00s Real=0.01s
[2020-03-27T08:50:53.552+0000][1][safepoint    ] Safepoint "GenCollectForAllocation", Time since last: 318217819 ns, Reaching safepoint: 469000 ns, At safepoint: 8685100 ns, Total: 9154100 ns
[2020-03-27T08:50:53.558+0000][1][safepoint    ] Safepoint "RevokeBias", Time since last: 5698701 ns, Reaching safepoint: 251700 ns, At safepoint: 19600 ns, Total: 271300 ns
[2020-03-27T08:50:53.559+0000][1][safepoint    ] Safepoint "RevokeBias", Time since last: 834400 ns, Reaching safepoint: 83600 ns, At safepoint: 22000 ns, Total: 105600 ns
[2020-03-27T08:50:53.560+0000][1][safepoint    ] Safepoint "RevokeBias", Time since last: 1285400 ns, Reaching safepoint: 90900 ns, At safepoint: 20600 ns, Total: 111500 ns
[2020-03-27T08:50:53.561+0000][1][safepoint    ] Safepoint "RevokeBias", Time since last: 549200 ns, Reaching safepoint: 68300 ns, At safepoint: 21400 ns, Total: 89700 ns
[2020-03-27T08:50:53.602+0000][1][safepoint    ] Safepoint "RevokeBias", Time since last: 40768502 ns, Reaching safepoint: 106300 ns, At safepoint: 22600 ns, Total: 128900 ns
[2020-03-27T08:50:54.603+0000][1][safepoint    ] Safepoint "Cleanup", Time since last: 1000931360 ns, Reaching safepoint: 371000 ns, At safepoint: 85201 ns, Total: 456201 ns
[2020-03-27T08:50:55.606+0000][1][safepoint    ] Safepoint "Cleanup", Time since last: 1002579860 ns, Reaching safepoint: 168900 ns, At safepoint: 45900 ns, Total: 214800 ns
[2020-03-27T08:50:56.607+0000][1][safepoint    ] Safepoint "Cleanup", Time since last: 1001392660 ns, Reaching safepoint: 92800 ns, At safepoint: 15600 ns, Total: 108400 ns
[2020-03-27T08:50:57.608+0000][1][safepoint    ] Safepoint "Cleanup", Time since last: 1000700123 ns, Reaching safepoint: 139400 ns, At safepoint: 27800 ns, Total: 167200 ns
[2020-03-27T08:50:58.248+0000][1][safepoint    ] Safepoint "RevokeBias", Time since last: 639942312 ns, Reaching safepoint: 177900 ns, At safepoint: 26200 ns, Total: 204100 ns
[2020-03-27T08:50:58.477+0000][1][safepoint    ] Safepoint "RevokeBias", Time since last: 228699205 ns, Reaching safepoint: 103800 ns, At safepoint: 16700 ns, Total: 120500 ns
[2020-03-27T08:50:58.478+0000][1][safepoint    ] Safepoint "RevokeBias", Time since last: 911600 ns, Reaching safepoint: 82200 ns, At safepoint: 22500 ns, Total: 104700 ns
[2020-03-27T08:50:58.480+0000][1][safepoint    ] Safepoint "RevokeBias", Time since last: 1200900 ns, Reaching safepoint: 62500 ns, At safepoint: 20500 ns, Total: 83000 ns
[2020-03-27T08:50:58.481+0000][1][safepoint    ] Safepoint "RevokeBias", Time since last: 964700 ns, Reaching safepoint: 58900 ns, At safepoint: 20500 ns, Total: 79400 ns
[2020-03-27T08:50:58.525+0000][1][safepoint    ] Safepoint "RevokeBias", Time since last: 43840500 ns, Reaching safepoint: 144200 ns, At safepoint: 19800 ns, Total: 164000 ns
[2020-03-27T08:50:59.526+0000][1][safepoint    ] Safepoint "Cleanup", Time since last: 1000744320 ns, Reaching safepoint: 172200 ns, At safepoint: 7800 ns, Total: 180000 ns
[2020-03-27T08:51:00.527+0000][1][safepoint    ] Safepoint "Cleanup", Time since last: 1001577619 ns, Reaching safepoint: 126000 ns, At safepoint: 24000 ns, Total: 150000 ns
[2020-03-27T08:51:01.529+0000][1][safepoint    ] Safepoint "Cleanup", Time since last: 1001153519 ns, Reaching safepoint: 216700 ns, At safepoint: 40500 ns, Total: 257200 ns
[2020-03-27T08:51:02.530+0000][1][safepoint    ] Safepoint "Cleanup", Time since last: 1001417619 ns, Reaching safepoint: 174000 ns, At safepoint: 41100 ns, Total: 215100 ns
[2020-03-27T08:51:03.241+0000][1][safepoint    ] Safepoint "RevokeBias", Time since last: 710697213 ns, Reaching safepoint: 162501 ns, At safepoint: 17800 ns, Total: 180301 ns
[2020-03-27T08:51:03.644+0000][1][gc,start     ] GC(343) Pause Young (Allocation Failure)
[2020-03-27T08:51:03.644+0000][1][gc,task      ] GC(343) Using 2 workers of 2 for evacuation
[2020-03-27T08:51:03.649+0000][1][gc,age       ] GC(343) Desired survivor size 8716288 bytes, new threshold 6 (max threshold 6)
[2020-03-27T08:51:03.649+0000][1][gc,age       ] GC(343) Age table with threshold 6 (max threshold 6)
[2020-03-27T08:51:03.649+0000][1][gc,age       ] GC(343) - age   1:    3803960 bytes,    3803960 total
[2020-03-27T08:51:03.650+0000][1][gc,age       ] GC(343) - age   2:     359120 bytes,    4163080 total
[2020-03-27T08:51:03.650+0000][1][gc,age       ] GC(343) - age   3:    1037112 bytes,    5200192 total
[2020-03-27T08:51:03.651+0000][1][gc,age       ] GC(343) - age   4:     156312 bytes,    5356504 total
[2020-03-27T08:51:03.651+0000][1][gc,heap      ] GC(343) ParNew: 139178K->6706K(153344K)
[2020-03-27T08:51:03.652+0000][1][gc,heap      ] GC(343) CMS: 180104K->180104K(353920K)
[2020-03-27T08:51:03.652+0000][1][gc,metaspace ] GC(343) Metaspace: 99693K->99693K(1140736K)
[2020-03-27T08:51:03.653+0000][1][gc           ] GC(343) Pause Young (Allocation Failure) 311M->182M(495M) 9.057ms
[2020-03-27T08:51:03.653+0000][1][gc,cpu       ] GC(343) User=0.00s Sys=0.00s Real=0.01s
[2020-03-27T08:51:03.654+0000][1][safepoint    ] Safepoint "GenCollectForAllocation", Time since last: 402181307 ns, Reaching safepoint: 168200 ns, At safepoint: 10172700 ns, Total: 10340900 ns
[2020-03-27T08:51:03.664+0000][1][safepoint    ] Safepoint "RevokeBias", Time since last: 10243801 ns, Reaching safepoint: 143200 ns, At safepoint: 26900 ns, Total: 170100 ns
[2020-03-27T08:51:03.665+0000][1][safepoint    ] Safepoint "RevokeBias", Time since last: 657300 ns, Reaching safepoint: 72300 ns, At safepoint: 23800 ns, Total: 96100 ns
[2020-03-27T08:51:03.666+0000][1][safepoint    ] Safepoint "RevokeBias", Time since last: 1244000 ns, Reaching safepoint: 83500 ns, At safepoint: 21900 ns, Total: 105400 ns
[2020-03-27T08:51:03.668+0000][1][safepoint    ] Safepoint "RevokeBias", Time since last: 1465500 ns, Reaching safepoint: 81400 ns, At safepoint: 20600 ns, Total: 102000 ns
[2020-03-27T08:51:03.722+0000][1][safepoint    ] Safepoint "RevokeBias", Time since last: 53817101 ns, Reaching safepoint: 136600 ns, At safepoint: 20300 ns, Total: 156900 ns
[2020-03-27T08:51:04.736+0000][1][safepoint    ] Safepoint "Cleanup", Time since last: 1013861519 ns, Reaching safepoint: 137600 ns, At safepoint: 16800 ns, Total: 154400 ns
[2020-03-27T08:51:05.737+0000][1][safepoint    ] Safepoint "Cleanup", Time since last: 1000596001 ns, Reaching safepoint: 110200 ns, At safepoint: 16000 ns, Total: 126200 ns
[2020-03-27T08:51:06.738+0000][1][safepoint    ] Safepoint "Cleanup", Time since last: 1000837700 ns, Reaching safepoint: 384100 ns, At safepoint: 80200 ns, Total: 464300 ns
[2020-03-27T08:51:07.739+0000][1][safepoint    ] Safepoint "Cleanup", Time since last: 1001139301 ns, Reaching safepoint: 376200 ns, At safepoint: 37500 ns, Total: 413700 ns
[2020-03-27T08:51:08.182+0000][1][safepoint    ] Safepoint "RevokeBias", Time since last: 442237100 ns, Reaching safepoint: 207400 ns, At safepoint: 56700 ns, Total: 264100 ns
[2020-03-27T08:51:08.624+0000][1][safepoint    ] Safepoint "RevokeBias", Time since last: 441683801 ns, Reaching safepoint: 286600 ns, At safepoint: 23700 ns, Total: 310300 ns
[2020-03-27T08:51:08.625+0000][1][safepoint    ] Safepoint "RevokeBias", Time since last: 929200 ns, Reaching safepoint: 68300 ns, At safepoint: 14100 ns, Total: 82400 ns
[2020-03-27T08:51:08.626+0000][1][safepoint    ] Safepoint "RevokeBias", Time since last: 956000 ns, Reaching safepoint: 74300 ns, At safepoint: 20100 ns, Total: 94400 ns
[2020-03-27T08:51:08.627+0000][1][safepoint    ] Safepoint "RevokeBias", Time since last: 981100 ns, Reaching safepoint: 65500 ns, At safepoint: 21800 ns, Total: 87300 ns
[2020-03-27T08:51:08.671+0000][1][safepoint    ] Safepoint "RevokeBias", Time since last: 43898400 ns, Reaching safepoint: 200700 ns, At safepoint: 28000 ns, Total: 228700 ns
[2020-03-27T08:51:08.699+0000][1][safepoint    ] Safepoint "BulkRevokeBias", Time since last: 27187300 ns, Reaching safepoint: 99800 ns, At safepoint: 417100 ns, Total: 516900 ns
[2020-03-27T08:51:09.700+0000][1][safepoint    ] Safepoint "Cleanup", Time since last: 1000782001 ns, Reaching safepoint: 102100 ns, At safepoint: 16200 ns, Total: 118300 ns
[2020-03-27T08:51:10.701+0000][1][safepoint    ] Safepoint "Cleanup", Time since last: 1001149900 ns, Reaching safepoint: 122400 ns, At safepoint: 27300 ns, Total: 149700 ns
[2020-03-27T08:51:11.702+0000][1][safepoint    ] Safepoint "Cleanup", Time since last: 1001032401 ns, Reaching safepoint: 152400 ns, At safepoint: 51200 ns, Total: 203600 ns
[2020-03-27T08:51:12.703+0000][1][safepoint    ] Safepoint "Cleanup", Time since last: 1001071101 ns, Reaching safepoint: 97200 ns, At safepoint: 15000 ns, Total: 112200 ns
[2020-03-27T08:51:13.247+0000][1][safepoint    ] Safepoint "RevokeBias", Time since last: 543060602 ns, Reaching safepoint: 117500 ns, At safepoint: 16300 ns, Total: 133800 ns
[2020-03-27T08:51:13.766+0000][1][gc,start     ] GC(344) Pause Young (Allocation Failure)
[2020-03-27T08:51:13.767+0000][1][gc,task      ] GC(344) Using 2 workers of 2 for evacuation
[2020-03-27T08:51:13.776+0000][1][gc,age       ] GC(344) Desired survivor size 8716288 bytes, new threshold 6 (max threshold 6)
[2020-03-27T08:51:13.776+0000][1][gc,age       ] GC(344) Age table with threshold 6 (max threshold 6)
[2020-03-27T08:51:13.777+0000][1][gc,age       ] GC(344) - age   1:    5044968 bytes,    5044968 total
[2020-03-27T08:51:13.778+0000][1][gc,age       ] GC(344) - age   2:     560104 bytes,    5605072 total
[2020-03-27T08:51:13.779+0000][1][gc,age       ] GC(344) - age   3:     357880 bytes,    5962952 total
[2020-03-27T08:51:13.779+0000][1][gc,age       ] GC(344) - age   4:    1036896 bytes,    6999848 total
[2020-03-27T08:51:13.780+0000][1][gc,age       ] GC(344) - age   5:     149696 bytes,    7149544 total
[2020-03-27T08:51:13.780+0000][1][gc,heap      ] GC(344) ParNew: 142645K->8964K(153344K)
[2020-03-27T08:51:13.781+0000][1][gc,heap      ] GC(344) CMS: 180104K->180104K(353920K)
[2020-03-27T08:51:13.781+0000][1][gc,metaspace ] GC(344) Metaspace: 99693K->99693K(1140736K)
[2020-03-27T08:51:13.781+0000][1][gc           ] GC(344) Pause Young (Allocation Failure) 315M->184M(495M) 14.741ms
[2020-03-27T08:51:13.782+0000][1][gc,cpu       ] GC(344) User=0.01s Sys=0.00s Real=0.01s
[2020-03-27T08:51:13.782+0000][1][safepoint    ] Safepoint "GenCollectForAllocation", Time since last: 519584902 ns, Reaching safepoint: 230500 ns, At safepoint: 15503100 ns, Total: 15733600 ns
[2020-03-27T08:51:13.793+0000][1][safepoint    ] Safepoint "RevokeBias", Time since last: 10569600 ns, Reaching safepoint: 335200 ns, At safepoint: 29900 ns, Total: 365100 ns
[2020-03-27T08:51:13.794+0000][1][safepoint    ] Safepoint "RevokeBias", Time since last: 544700 ns, Reaching safepoint: 93000 ns, At safepoint: 14200 ns, Total: 107200 ns
[2020-03-27T08:51:13.795+0000][1][safepoint    ] Safepoint "RevokeBias", Time since last: 1333300 ns, Reaching safepoint: 162900 ns, At safepoint: 15500 ns, Total: 178400 ns
[2020-03-27T08:51:13.796+0000][1][safepoint    ] Safepoint "RevokeBias", Time since last: 798700 ns, Reaching safepoint: 136200 ns, At safepoint: 25300 ns, Total: 161500 ns
[2020-03-27T08:51:13.838+0000][1][safepoint    ] Safepoint "RevokeBias", Time since last: 41634000 ns, Reaching safepoint: 130000 ns, At safepoint: 21800 ns, Total: 151800 ns
[2020-03-27T08:51:14.861+0000][1][safepoint    ] Safepoint "Cleanup", Time since last: 1022956605 ns, Reaching safepoint: 109500 ns, At safepoint: 22000 ns, Total: 131500 ns
[2020-03-27T08:51:15.862+0000][1][safepoint    ] Safepoint "Cleanup", Time since last: 1001078304 ns, Reaching safepoint: 159200 ns, At safepoint: 31800 ns, Total: 191000 ns
[2020-03-27T08:51:16.863+0000][1][safepoint    ] Safepoint "Cleanup", Time since last: 1001107404 ns, Reaching safepoint: 110200 ns, At safepoint: 16000 ns, Total: 126200 ns
[2020-03-27T08:51:17.865+0000][1][safepoint    ] Safepoint "Cleanup", Time since last: 1000978205 ns, Reaching safepoint: 475500 ns, At safepoint: 81800 ns, Total: 557300 ns
[2020-03-27T08:51:18.193+0000][1][safepoint    ] Safepoint "RevokeBias", Time since last: 328086001 ns, Reaching safepoint: 95100 ns, At safepoint: 24400 ns, Total: 119500 ns
[2020-03-27T08:51:19.194+0000][1][safepoint    ] Safepoint "Cleanup", Time since last: 1000749404 ns, Reaching safepoint: 95600 ns, At safepoint: 15300 ns, Total: 110900 ns
[2020-03-27T08:51:20.195+0000][1][safepoint    ] Safepoint "Cleanup", Time since last: 1000783304 ns, Reaching safepoint: 376400 ns, At safepoint: 77700 ns, Total: 454100 ns
[2020-03-27T08:51:21.197+0000][1][safepoint    ] Safepoint "Cleanup", Time since last: 1001228213 ns, Reaching safepoint: 105700 ns, At safepoint: 16200 ns, Total: 121900 ns
[2020-03-27T08:51:22.198+0000][1][safepoint    ] Safepoint "Cleanup", Time since last: 1000810922 ns, Reaching safepoint: 118300 ns, At safepoint: 22000 ns, Total: 140300 ns
[2020-03-27T08:51:23.199+0000][1][safepoint    ] Safepoint "Cleanup", Time since last: 1000753322 ns, Reaching safepoint: 536200 ns, At safepoint: 32800 ns, Total: 569000 ns
[2020-03-27T08:51:23.240+0000][1][safepoint    ] Safepoint "RevokeBias", Time since last: 40839901 ns, Reaching safepoint: 174900 ns, At safepoint: 18800 ns, Total: 193700 ns
[2020-03-27T08:51:24.241+0000][1][safepoint    ] Safepoint "Cleanup", Time since last: 1000922923 ns, Reaching safepoint: 131200 ns, At safepoint: 27000 ns, Total: 158200 ns
[2020-03-27T08:51:25.242+0000][1][safepoint    ] Safepoint "Cleanup", Time since last: 1001228222 ns, Reaching safepoint: 213000 ns, At safepoint: 24400 ns, Total: 237400 ns
[2020-03-27T08:51:26.243+0000][1][safepoint    ] Safepoint "Cleanup", Time since last: 1000711823 ns, Reaching safepoint: 252900 ns, At safepoint: 18600 ns, Total: 271500 ns
[2020-03-27T08:51:27.245+0000][1][safepoint    ] Safepoint "Cleanup", Time since last: 1000931422 ns, Reaching safepoint: 108900 ns, At safepoint: 21100 ns, Total: 130000 ns
[2020-03-27T08:51:28.225+0000][1][safepoint    ] Safepoint "RevokeBias", Time since last: 980663122 ns, Reaching safepoint: 94900 ns, At safepoint: 39500 ns, Total: 134400 ns
[2020-03-27T08:51:29.226+0000][1][safepoint    ] Safepoint "Cleanup", Time since last: 1000835524 ns, Reaching safepoint: 95000 ns, At safepoint: 6400 ns, Total: 101400 ns
[2020-03-27T08:51:30.227+0000][1][safepoint    ] Safepoint "Cleanup", Time since last: 1000632125 ns, Reaching safepoint: 97100 ns, At safepoint: 7100 ns, Total: 104200 ns
[2020-03-27T08:51:31.228+0000][1][safepoint    ] Safepoint "Cleanup", Time since last: 1000829925 ns, Reaching safepoint: 95800 ns, At safepoint: 6900 ns, Total: 102700 ns
[2020-03-27T08:51:32.229+0000][1][safepoint    ] Safepoint "Cleanup", Time since last: 1000707926 ns, Reaching safepoint: 232600 ns, At safepoint: 24200 ns, Total: 256800 ns
[2020-03-27T08:51:33.231+0000][1][safepoint    ] Safepoint "Cleanup", Time since last: 1001417925 ns, Reaching safepoint: 442300 ns, At safepoint: 25900 ns, Total: 468200 ns
[2020-03-27T08:51:33.241+0000][1][safepoint    ] Safepoint "RevokeBias", Time since last: 9999900 ns, Reaching safepoint: 166800 ns, At safepoint: 26600 ns, Total: 193400 ns
[2020-03-27T08:51:34.242+0000][1][safepoint    ] Safepoint "Cleanup", Time since last: 1001051426 ns, Reaching safepoint: 229000 ns, At safepoint: 50500 ns, Total: 279500 ns
[2020-03-27T08:51:35.244+0000][1][safepoint    ] Safepoint "Cleanup", Time since last: 1001495725 ns, Reaching safepoint: 141700 ns, At safepoint: 32500 ns, Total: 174200 ns
[2020-03-27T08:51:36.246+0000][1][safepoint    ] Safepoint "Cleanup", Time since last: 1001144826 ns, Reaching safepoint: 336100 ns, At safepoint: 183100 ns, Total: 519200 ns
[2020-03-27T08:51:37.249+0000][1][safepoint    ] Safepoint "Cleanup", Time since last: 1002469622 ns, Reaching safepoint: 323700 ns, At safepoint: 86400 ns, Total: 410100 ns
[2020-03-27T08:51:38.183+0000][1][safepoint    ] Safepoint "RevokeBias", Time since last: 934656118 ns, Reaching safepoint: 253400 ns, At safepoint: 25800 ns, Total: 279200 ns
[2020-03-27T08:51:39.184+0000][1][safepoint    ] Safepoint "Cleanup", Time since last: 1000826920 ns, Reaching safepoint: 170200 ns, At safepoint: 38900 ns, Total: 209100 ns
[2020-03-27T08:51:40.186+0000][1][safepoint    ] Safepoint "Cleanup", Time since last: 1001026819 ns, Reaching safepoint: 143900 ns, At safepoint: 30500 ns, Total: 174400 ns
[2020-03-27T08:51:41.187+0000][1][safepoint    ] Safepoint "Cleanup", Time since last: 1000893319 ns, Reaching safepoint: 327400 ns, At safepoint: 85900 ns, Total: 413300 ns
[2020-03-27T08:51:42.190+0000][1][safepoint    ] Safepoint "Cleanup", Time since last: 1002173220 ns, Reaching safepoint: 281500 ns, At safepoint: 169500 ns, Total: 451000 ns
[2020-03-27T08:51:42.694+0000][1][gc,start     ] GC(345) Pause Young (Allocation Failure)
[2020-03-27T08:51:42.695+0000][1][gc,task      ] GC(345) Using 2 workers of 2 for evacuation
[2020-03-27T08:51:42.709+0000][1][gc,age       ] GC(345) Desired survivor size 8716288 bytes, new threshold 1 (max threshold 6)
[2020-03-27T08:51:42.710+0000][1][gc,age       ] GC(345) Age table with threshold 1 (max threshold 6)
[2020-03-27T08:51:42.711+0000][1][gc,age       ] GC(345) - age   1:   12756336 bytes,   12756336 total
[2020-03-27T08:51:42.711+0000][1][gc,age       ] GC(345) - age   2:     564224 bytes,   13320560 total
[2020-03-27T08:51:42.711+0000][1][gc,age       ] GC(345) - age   3:     558248 bytes,   13878808 total
[2020-03-27T08:51:42.712+0000][1][gc,age       ] GC(345) - age   4:     356664 bytes,   14235472 total
[2020-03-27T08:51:42.713+0000][1][gc,age       ] GC(345) - age   5:     939880 bytes,   15175352 total
[2020-03-27T08:51:42.713+0000][1][gc,age       ] GC(345) - age   6:      70632 bytes,   15245984 total
[2020-03-27T08:51:42.713+0000][1][gc,heap      ] GC(345) ParNew: 145284K->17024K(153344K)
[2020-03-27T08:51:42.714+0000][1][gc,heap      ] GC(345) CMS: 180104K->181648K(353920K)
[2020-03-27T08:51:42.714+0000][1][gc,metaspace ] GC(345) Metaspace: 99693K->99693K(1140736K)
[2020-03-27T08:51:42.715+0000][1][gc           ] GC(345) Pause Young (Allocation Failure) 317M->194M(495M) 20.364ms
[2020-03-27T08:51:42.715+0000][1][gc,cpu       ] GC(345) User=0.02s Sys=0.00s Real=0.02s
[2020-03-27T08:51:42.716+0000][1][safepoint    ] Safepoint "GenCollectForAllocation", Time since last: 504592209 ns, Reaching safepoint: 165200 ns, At safepoint: 21219301 ns, Total: 21384501 ns
[2020-03-27T08:51:43.242+0000][1][safepoint    ] Safepoint "RevokeBias", Time since last: 526448710 ns, Reaching safepoint: 298600 ns, At safepoint: 23700 ns, Total: 322300 ns
[2020-03-27T08:51:43.443+0000][1][safepoint    ] Safepoint "RevokeBias", Time since last: 200073904 ns, Reaching safepoint: 230700 ns, At safepoint: 36600 ns, Total: 267300 ns
[2020-03-27T08:51:43.778+0000][1][safepoint    ] Safepoint "RevokeBias", Time since last: 335258706 ns, Reaching safepoint: 279900 ns, At safepoint: 33500 ns, Total: 313400 ns
[2020-03-27T08:51:43.779+0000][1][safepoint    ] Safepoint "RevokeBias", Time since last: 475400 ns, Reaching safepoint: 99200 ns, At safepoint: 12900 ns, Total: 112100 ns
[2020-03-27T08:51:43.779+0000][1][safepoint    ] Safepoint "RevokeBias", Time since last: 328000 ns, Reaching safepoint: 63700 ns, At safepoint: 12600 ns, Total: 76300 ns
[2020-03-27T08:51:43.780+0000][1][safepoint    ] Safepoint "RevokeBias", Time since last: 1150700 ns, Reaching safepoint: 63800 ns, At safepoint: 12600 ns, Total: 76400 ns
[2020-03-27T08:51:43.781+0000][1][safepoint    ] Safepoint "RevokeBias", Time since last: 508900 ns, Reaching safepoint: 80000 ns, At safepoint: 20800 ns, Total: 100800 ns
[2020-03-27T08:51:43.826+0000][1][safepoint    ] Safepoint "RevokeBias", Time since last: 44698701 ns, Reaching safepoint: 139000 ns, At safepoint: 31300 ns, Total: 170300 ns
[2020-03-27T08:51:43.915+0000][1][safepoint    ] Safepoint "RevokeBias", Time since last: 88993602 ns, Reaching safepoint: 162000 ns, At safepoint: 116200 ns, Total: 278200 ns
[2020-03-27T08:51:43.947+0000][1][safepoint    ] Safepoint "RevokeBias", Time since last: 31344101 ns, Reaching safepoint: 106100 ns, At safepoint: 17700 ns, Total: 123800 ns
[2020-03-27T08:51:43.948+0000][1][safepoint    ] Safepoint "RevokeBias", Time since last: 1038500 ns, Reaching safepoint: 121400 ns, At safepoint: 24500 ns, Total: 145900 ns
[2020-03-27T08:51:43.949+0000][1][safepoint    ] Safepoint "RevokeBias", Time since last: 1368400 ns, Reaching safepoint: 77500 ns, At safepoint: 14500 ns, Total: 92000 ns
[2020-03-27T08:51:43.950+0000][1][safepoint    ] Safepoint "RevokeBias", Time since last: 1038500 ns, Reaching safepoint: 72100 ns, At safepoint: 23300 ns, Total: 95400 ns
[2020-03-27T08:51:43.997+0000][1][safepoint    ] Safepoint "RevokeBias", Time since last: 46369500 ns, Reaching safepoint: 134500 ns, At safepoint: 20900 ns, Total: 155400 ns
[2020-03-27T08:51:44.071+0000][1][safepoint    ] Safepoint "RevokeBias", Time since last: 73824302 ns, Reaching safepoint: 259100 ns, At safepoint: 32600 ns, Total: 291700 ns
[2020-03-27T08:51:44.072+0000][1][safepoint    ] Safepoint "RevokeBias", Time since last: 508500 ns, Reaching safepoint: 120400 ns, At safepoint: 21600 ns, Total: 142000 ns
[2020-03-27T08:51:44.073+0000][1][safepoint    ] Safepoint "RevokeBias", Time since last: 1419800 ns, Reaching safepoint: 193300 ns, At safepoint: 112000 ns, Total: 305300 ns
[2020-03-27T08:51:44.074+0000][1][safepoint    ] Safepoint "RevokeBias", Time since last: 400500 ns, Reaching safepoint: 87500 ns, At safepoint: 23000 ns, Total: 110500 ns
[2020-03-27T08:51:44.074+0000][1][safepoint    ] Safepoint "RevokeBias", Time since last: 266900 ns, Reaching safepoint: 88100 ns, At safepoint: 119500 ns, Total: 207600 ns
[2020-03-27T08:51:44.075+0000][1][safepoint    ] Safepoint "RevokeBias", Time since last: 627600 ns, Reaching safepoint: 70900 ns, At safepoint: 13600 ns, Total: 84500 ns
[2020-03-27T08:51:44.076+0000][1][safepoint    ] Safepoint "RevokeBias", Time since last: 765200 ns, Reaching safepoint: 73800 ns, At safepoint: 79700 ns, Total: 153500 ns
[2020-03-27T08:51:44.077+0000][1][safepoint    ] Safepoint "RevokeBias", Time since last: 1180900 ns, Reaching safepoint: 111300 ns, At safepoint: 102900 ns, Total: 214200 ns
[2020-03-27T08:51:44.079+0000][1][gc,start     ] GC(346) Pause Young (Allocation Failure)
[2020-03-27T08:51:44.080+0000][1][gc,task      ] GC(346) Using 2 workers of 2 for evacuation
[2020-03-27T08:51:44.091+0000][1][gc,age       ] GC(346) Desired survivor size 8716288 bytes, new threshold 6 (max threshold 6)
[2020-03-27T08:51:44.091+0000][1][gc,age       ] GC(346) Age table with threshold 6 (max threshold 6)
[2020-03-27T08:51:44.092+0000][1][gc,age       ] GC(346) - age   1:    2175848 bytes,    2175848 total
[2020-03-27T08:51:44.092+0000][1][gc,heap      ] GC(346) ParNew: 153344K->12755K(153344K)
[2020-03-27T08:51:44.093+0000][1][gc,heap      ] GC(346) CMS: 181648K->184763K(353920K)
[2020-03-27T08:51:44.093+0000][1][gc,metaspace ] GC(346) Metaspace: 99709K->99709K(1140736K)
[2020-03-27T08:51:44.093+0000][1][gc           ] GC(346) Pause Young (Allocation Failure) 327M->192M(495M) 14.584ms
[2020-03-27T08:51:44.094+0000][1][gc,cpu       ] GC(346) User=0.01s Sys=0.01s Real=0.01s
[2020-03-27T08:51:44.094+0000][1][safepoint    ] Safepoint "GenCollectForAllocation", Time since last: 1122600 ns, Reaching safepoint: 125300 ns, At safepoint: 15234500 ns, Total: 15359800 ns
[2020-03-27T08:51:44.246+0000][1][safepoint    ] Safepoint "RevokeBias", Time since last: 152186003 ns, Reaching safepoint: 124500 ns, At safepoint: 40500 ns, Total: 165000 ns
[2020-03-27T08:51:44.256+0000][1][safepoint    ] Safepoint "RevokeBias", Time since last: 9311800 ns, Reaching safepoint: 202500 ns, At safepoint: 46800 ns, Total: 249300 ns
[2020-03-27T08:51:44.264+0000][1][safepoint    ] Safepoint "RevokeBias", Time since last: 7918601 ns, Reaching safepoint: 300100 ns, At safepoint: 17400 ns, Total: 317500 ns
[2020-03-27T08:51:45.266+0000][1][safepoint    ] Safepoint "Cleanup", Time since last: 1000906622 ns, Reaching safepoint: 324900 ns, At safepoint: 229800 ns, Total: 554700 ns
[2020-03-27T08:51:45.329+0000][1][safepoint    ] Safepoint "RevokeBias", Time since last: 62998201 ns, Reaching safepoint: 122600 ns, At safepoint: 18100 ns, Total: 140700 ns
[2020-03-27T08:51:45.330+0000][1][safepoint    ] Safepoint "RevokeBias", Time since last: 740100 ns, Reaching safepoint: 87600 ns, At safepoint: 12700 ns, Total: 100300 ns
[2020-03-27T08:51:45.331+0000][1][safepoint    ] Safepoint "RevokeBias", Time since last: 1661300 ns, Reaching safepoint: 64700 ns, At safepoint: 12300 ns, Total: 77000 ns
[2020-03-27T08:51:45.332+0000][1][safepoint    ] Safepoint "RevokeBias", Time since last: 977000 ns, Reaching safepoint: 61100 ns, At safepoint: 21800 ns, Total: 82900 ns
[2020-03-27T08:51:45.384+0000][1][safepoint    ] Safepoint "RevokeBias", Time since last: 51537702 ns, Reaching safepoint: 145200 ns, At safepoint: 28000 ns, Total: 173200 ns
[2020-03-27T08:51:45.442+0000][1][safepoint    ] Safepoint "RevokeBias", Time since last: 57624901 ns, Reaching safepoint: 205900 ns, At safepoint: 28600 ns, Total: 234500 ns
[2020-03-27T08:51:45.443+0000][1][safepoint    ] Safepoint "RevokeBias", Time since last: 578500 ns, Reaching safepoint: 72400 ns, At safepoint: 23000 ns, Total: 95400 ns
[2020-03-27T08:51:45.533+0000][1][safepoint    ] Safepoint "RevokeBias", Time since last: 90454802 ns, Reaching safepoint: 94200 ns, At safepoint: 24400 ns, Total: 118600 ns
[2020-03-27T08:51:45.534+0000][1][safepoint    ] Safepoint "RevokeBias", Time since last: 328900 ns, Reaching safepoint: 58700 ns, At safepoint: 21400 ns, Total: 80100 ns
[2020-03-27T08:51:45.535+0000][1][safepoint    ] Safepoint "RevokeBias", Time since last: 1278400 ns, Reaching safepoint: 64800 ns, At safepoint: 13500 ns, Total: 78300 ns
[2020-03-27T08:51:45.535+0000][1][safepoint    ] Safepoint "RevokeBias", Time since last: 366800 ns, Reaching safepoint: 54800 ns, At safepoint: 28700 ns, Total: 83500 ns
[2020-03-27T08:51:45.536+0000][1][safepoint    ] Safepoint "RevokeBias", Time since last: 283800 ns, Reaching safepoint: 48900 ns, At safepoint: 20400 ns, Total: 69300 ns
[2020-03-27T08:51:45.537+0000][1][safepoint    ] Safepoint "RevokeBias", Time since last: 787600 ns, Reaching safepoint: 166400 ns, At safepoint: 14700 ns, Total: 181100 ns
[2020-03-27T08:51:46.442+0000][1][safepoint    ] Safepoint "RevokeBias", Time since last: 905271223 ns, Reaching safepoint: 139300 ns, At safepoint: 30200 ns, Total: 169500 ns
[2020-03-27T08:51:46.445+0000][1][safepoint    ] Safepoint "RevokeBias", Time since last: 2244900 ns, Reaching safepoint: 151200 ns, At safepoint: 13200 ns, Total: 164400 ns
[2020-03-27T08:51:46.446+0000][1][safepoint    ] Safepoint "RevokeBias", Time since last: 1095300 ns, Reaching safepoint: 95200 ns, At safepoint: 27600 ns, Total: 122800 ns
[2020-03-27T08:51:46.447+0000][1][safepoint    ] Safepoint "RevokeBias", Time since last: 957700 ns, Reaching safepoint: 82000 ns, At safepoint: 24900 ns, Total: 106900 ns
[2020-03-27T08:51:47.448+0000][1][safepoint    ] Safepoint "Cleanup", Time since last: 1000995325 ns, Reaching safepoint: 298200 ns, At safepoint: 24800 ns, Total: 323000 ns
[2020-03-27T08:51:48.208+0000][1][safepoint    ] Safepoint "RevokeBias", Time since last: 759283919 ns, Reaching safepoint: 111000 ns, At safepoint: 23600 ns, Total: 134600 ns
[2020-03-27T08:51:48.938+0000][1][safepoint    ] Safepoint "RevokeBias", Time since last: 729767218 ns, Reaching safepoint: 239900 ns, At safepoint: 19600 ns, Total: 259500 ns
[2020-03-27T08:51:48.939+0000][1][safepoint    ] Safepoint "RevokeBias", Time since last: 980600 ns, Reaching safepoint: 182500 ns, At safepoint: 53700 ns, Total: 236200 ns
[2020-03-27T08:51:48.941+0000][1][safepoint    ] Safepoint "RevokeBias", Time since last: 1887300 ns, Reaching safepoint: 104900 ns, At safepoint: 12600 ns, Total: 117500 ns
[2020-03-27T08:51:48.942+0000][1][safepoint    ] Safepoint "RevokeBias", Time since last: 781700 ns, Reaching safepoint: 68600 ns, At safepoint: 12200 ns, Total: 80800 ns
[2020-03-27T08:51:48.985+0000][1][safepoint    ] Safepoint "RevokeBias", Time since last: 43275202 ns, Reaching safepoint: 126900 ns, At safepoint: 30400 ns, Total: 157300 ns
[2020-03-27T08:51:49.013+0000][1][gc,start     ] GC(347) Pause Young (Allocation Failure)
[2020-03-27T08:51:49.013+0000][1][gc,task      ] GC(347) Using 2 workers of 2 for evacuation
[2020-03-27T08:51:49.016+0000][1][gc,age       ] GC(347) Desired survivor size 8716288 bytes, new threshold 6 (max threshold 6)
[2020-03-27T08:51:49.017+0000][1][gc,age       ] GC(347) Age table with threshold 6 (max threshold 6)
[2020-03-27T08:51:49.017+0000][1][gc,age       ] GC(347) - age   1:     172048 bytes,     172048 total
[2020-03-27T08:51:49.017+0000][1][gc,age       ] GC(347) - age   2:    1578920 bytes,    1750968 total
[2020-03-27T08:51:49.017+0000][1][gc,heap      ] GC(347) ParNew: 149075K->3587K(153344K)
[2020-03-27T08:51:49.018+0000][1][gc,heap      ] GC(347) CMS: 184763K->184763K(353920K)
[2020-03-27T08:51:49.018+0000][1][gc,metaspace ] GC(347) Metaspace: 99709K->99709K(1140736K)
[2020-03-27T08:51:49.018+0000][1][gc           ] GC(347) Pause Young (Allocation Failure) 326M->183M(495M) 5.329ms
[2020-03-27T08:51:49.019+0000][1][gc,cpu       ] GC(347) User=0.01s Sys=0.00s Real=0.01s
[2020-03-27T08:51:49.019+0000][1][safepoint    ] Safepoint "GenCollectForAllocation", Time since last: 27566300 ns, Reaching safepoint: 99200 ns, At safepoint: 6155100 ns, Total: 6254300 ns
[2020-03-27T08:51:49.049+0000][1][safepoint    ] Safepoint "RevokeBias", Time since last: 29912901 ns, Reaching safepoint: 95500 ns, At safepoint: 37400 ns, Total: 132900 ns
[2020-03-27T08:51:49.345+0000][1][safepoint    ] Safepoint "RevokeBias", Time since last: 296242008 ns, Reaching safepoint: 96300 ns, At safepoint: 24100 ns, Total: 120400 ns
[2020-03-27T08:51:49.346+0000][1][safepoint    ] Safepoint "RevokeBias", Time since last: 364100 ns, Reaching safepoint: 58300 ns, At safepoint: 33100 ns, Total: 91400 ns
[2020-03-27T08:51:49.346+0000][1][safepoint    ] Safepoint "RevokeBias", Time since last: 268300 ns, Reaching safepoint: 48400 ns, At safepoint: 20000 ns, Total: 68400 ns
[2020-03-27T08:51:49.347+0000][1][safepoint    ] Safepoint "RevokeBias", Time since last: 328500 ns, Reaching safepoint: 65600 ns, At safepoint: 20100 ns, Total: 85700 ns
[2020-03-27T08:51:49.347+0000][1][safepoint    ] Safepoint "RevokeBias", Time since last: 242200 ns, Reaching safepoint: 47800 ns, At safepoint: 19300 ns, Total: 67100 ns
[2020-03-27T08:51:49.347+0000][1][safepoint    ] Safepoint "RevokeBias", Time since last: 342400 ns, Reaching safepoint: 48500 ns, At safepoint: 20000 ns, Total: 68500 ns
[2020-03-27T08:51:49.348+0000][1][safepoint    ] Safepoint "RevokeBias", Time since last: 277100 ns, Reaching safepoint: 48800 ns, At safepoint: 26900 ns, Total: 75700 ns
[2020-03-27T08:51:49.348+0000][1][safepoint    ] Safepoint "RevokeBias", Time since last: 350400 ns, Reaching safepoint: 47000 ns, At safepoint: 10500 ns, Total: 57500 ns
[2020-03-27T08:51:49.348+0000][1][safepoint    ] Safepoint "RevokeBias", Time since last: 317200 ns, Reaching safepoint: 47000 ns, At safepoint: 18500 ns, Total: 65500 ns
[2020-03-27T08:51:50.056+0000][1][safepoint    ] Safepoint "RevokeBias", Time since last: 706928717 ns, Reaching safepoint: 417700 ns, At safepoint: 93100 ns, Total: 510800 ns
[2020-03-27T08:51:50.063+0000][1][safepoint    ] Safepoint "RevokeBias", Time since last: 6741700 ns, Reaching safepoint: 304600 ns, At safepoint: 116000 ns, Total: 420600 ns
[2020-03-27T08:51:50.069+0000][1][safepoint    ] Safepoint "RevokeBias", Time since last: 5313901 ns, Reaching safepoint: 455300 ns, At safepoint: 38200 ns, Total: 493500 ns
[2020-03-27T08:51:51.072+0000][1][safepoint    ] Safepoint "Cleanup", Time since last: 1002999225 ns, Reaching safepoint: 337700 ns, At safepoint: 38600 ns, Total: 376300 ns
[2020-03-27T08:51:52.075+0000][1][safepoint    ] Safepoint "Cleanup", Time since last: 1002247025 ns, Reaching safepoint: 468900 ns, At safepoint: 80800 ns, Total: 549700 ns
[2020-03-27T08:51:53.077+0000][1][safepoint    ] Safepoint "Cleanup", Time since last: 1001981825 ns, Reaching safepoint: 375600 ns, At safepoint: 84300 ns, Total: 459900 ns
[2020-03-27T08:51:53.279+0000][1][safepoint    ] Safepoint "RevokeBias", Time since last: 200985305 ns, Reaching safepoint: 220800 ns, At safepoint: 35000 ns, Total: 255800 ns
[2020-03-27T08:51:54.213+0000][1][safepoint    ] Safepoint "RevokeBias", Time since last: 934495923 ns, Reaching safepoint: 254000 ns, At safepoint: 39800 ns, Total: 293800 ns
[2020-03-27T08:51:54.215+0000][1][safepoint    ] Safepoint "RevokeBias", Time since last: 1141200 ns, Reaching safepoint: 86100 ns, At safepoint: 23900 ns, Total: 110000 ns
[2020-03-27T08:51:54.216+0000][1][safepoint    ] Safepoint "RevokeBias", Time since last: 1358200 ns, Reaching safepoint: 81200 ns, At safepoint: 12600 ns, Total: 93800 ns
[2020-03-27T08:51:54.217+0000][1][safepoint    ] Safepoint "RevokeBias", Time since last: 1087200 ns, Reaching safepoint: 92200 ns, At safepoint: 21100 ns, Total: 113300 ns
[2020-03-27T08:51:54.262+0000][1][safepoint    ] Safepoint "RevokeBias", Time since last: 44682201 ns, Reaching safepoint: 195600 ns, At safepoint: 33200 ns, Total: 228800 ns
[2020-03-27T08:51:55.308+0000][1][safepoint    ] Safepoint "Cleanup", Time since last: 1045163226 ns, Reaching safepoint: 109400 ns, At safepoint: 15300 ns, Total: 124700 ns
[2020-03-27T08:51:56.309+0000][1][safepoint    ] Safepoint "Cleanup", Time since last: 1000698524 ns, Reaching safepoint: 194600 ns, At safepoint: 84700 ns, Total: 279300 ns
[2020-03-27T08:51:57.310+0000][1][safepoint    ] Safepoint "Cleanup", Time since last: 1001257125 ns, Reaching safepoint: 104900 ns, At safepoint: 15100 ns, Total: 120000 ns
[2020-03-27T08:51:58.175+0000][1][gc,start     ] GC(348) Pause Young (Allocation Failure)
[2020-03-27T08:51:58.176+0000][1][gc,task      ] GC(348) Using 2 workers of 2 for evacuation
[2020-03-27T08:51:58.179+0000][1][gc,age       ] GC(348) Desired survivor size 8716288 bytes, new threshold 6 (max threshold 6)
[2020-03-27T08:51:58.179+0000][1][gc,age       ] GC(348) Age table with threshold 6 (max threshold 6)
[2020-03-27T08:51:58.180+0000][1][gc,age       ] GC(348) - age   1:     634176 bytes,     634176 total
[2020-03-27T08:51:58.180+0000][1][gc,age       ] GC(348) - age   2:      83504 bytes,     717680 total
[2020-03-27T08:51:58.181+0000][1][gc,age       ] GC(348) - age   3:     363568 bytes,    1081248 total
[2020-03-27T08:51:58.181+0000][1][gc,heap      ] GC(348) ParNew: 139907K->1538K(153344K)
[2020-03-27T08:51:58.182+0000][1][gc,heap      ] GC(348) CMS: 184763K->184763K(353920K)
[2020-03-27T08:51:58.182+0000][1][gc,metaspace ] GC(348) Metaspace: 99709K->99709K(1140736K)
[2020-03-27T08:51:58.182+0000][1][gc           ] GC(348) Pause Young (Allocation Failure) 317M->181M(495M) 7.150ms
[2020-03-27T08:51:58.183+0000][1][gc,cpu       ] GC(348) User=0.00s Sys=0.00s Real=0.01s
[2020-03-27T08:51:58.183+0000][1][safepoint    ] Safepoint "GenCollectForAllocation", Time since last: 864978221 ns, Reaching safepoint: 226300 ns, At safepoint: 8014800 ns, Total: 8241100 ns
[2020-03-27T08:51:58.231+0000][1][safepoint    ] Safepoint "RevokeBias", Time since last: 47355301 ns, Reaching safepoint: 97300 ns, At safepoint: 23100 ns, Total: 120400 ns
[2020-03-27T08:51:59.227+0000][1][safepoint    ] Safepoint "RevokeBias", Time since last: 995994625 ns, Reaching safepoint: 158800 ns, At safepoint: 34700 ns, Total: 193500 ns
[2020-03-27T08:51:59.228+0000][1][safepoint    ] Safepoint "RevokeBias", Time since last: 1271800 ns, Reaching safepoint: 77300 ns, At safepoint: 22600 ns, Total: 99900 ns
[2020-03-27T08:51:59.231+0000][1][safepoint    ] Safepoint "RevokeBias", Time since last: 2511300 ns, Reaching safepoint: 105400 ns, At safepoint: 15800 ns, Total: 121200 ns
[2020-03-27T08:51:59.233+0000][1][safepoint    ] Safepoint "RevokeBias", Time since last: 1649500 ns, Reaching safepoint: 209200 ns, At safepoint: 24500 ns, Total: 233700 ns
[2020-03-27T08:51:59.276+0000][1][safepoint    ] Safepoint "RevokeBias", Time since last: 42910701 ns, Reaching safepoint: 221800 ns, At safepoint: 22300 ns, Total: 244100 ns
[2020-03-27T08:52:00.277+0000][1][safepoint    ] Safepoint "Cleanup", Time since last: 1000678725 ns, Reaching safepoint: 114400 ns, At safepoint: 18500 ns, Total: 132900 ns
[2020-03-27T08:52:01.278+0000][1][safepoint    ] Safepoint "Cleanup", Time since last: 1001153026 ns, Reaching safepoint: 128600 ns, At safepoint: 22200 ns, Total: 150800 ns
[2020-03-27T08:52:02.279+0000][1][safepoint    ] Safepoint "Cleanup", Time since last: 1000985329 ns, Reaching safepoint: 375200 ns, At safepoint: 85600 ns, Total: 460800 ns
[2020-03-27T08:52:03.274+0000][1][safepoint    ] Safepoint "RevokeBias", Time since last: 993888928 ns, Reaching safepoint: 315500 ns, At safepoint: 468900 ns, Total: 784400 ns
[2020-03-27T08:52:03.348+0000][1][safepoint    ] Safepoint "RevokeBias", Time since last: 74144603 ns, Reaching safepoint: 154300 ns, At safepoint: 25600 ns, Total: 179900 ns
[2020-03-27T08:52:03.350+0000][1][safepoint    ] Safepoint "BulkRevokeBias", Time since last: 578000 ns, Reaching safepoint: 79900 ns, At safepoint: 470800 ns, Total: 550700 ns
[2020-03-27T08:52:03.351+0000][1][safepoint    ] Safepoint "RevokeBias", Time since last: 1293800 ns, Reaching safepoint: 66400 ns, At safepoint: 21800 ns, Total: 88200 ns
[2020-03-27T08:52:03.352+0000][1][safepoint    ] Safepoint "BulkRevokeBias", Time since last: 982200 ns, Reaching safepoint: 59600 ns, At safepoint: 395300 ns, Total: 454900 ns
[2020-03-27T08:52:03.397+0000][1][safepoint    ] Safepoint "RevokeBias", Time since last: 44185401 ns, Reaching safepoint: 231100 ns, At safepoint: 32300 ns, Total: 263400 ns
[2020-03-27T08:52:04.398+0000][1][safepoint    ] Safepoint "Cleanup", Time since last: 1000614329 ns, Reaching safepoint: 147700 ns, At safepoint: 23500 ns, Total: 171200 ns
[2020-03-27T08:52:05.399+0000][1][safepoint    ] Safepoint "Cleanup", Time since last: 1000835028 ns, Reaching safepoint: 176700 ns, At safepoint: 15300 ns, Total: 192000 ns
[2020-03-27T08:52:06.400+0000][1][safepoint    ] Safepoint "Cleanup", Time since last: 1000889229 ns, Reaching safepoint: 117600 ns, At safepoint: 5500 ns, Total: 123100 ns
[2020-03-27T08:52:07.319+0000][1][gc,start     ] GC(349) Pause Young (Allocation Failure)
[2020-03-27T08:52:07.320+0000][1][gc,task      ] GC(349) Using 2 workers of 2 for evacuation
[2020-03-27T08:52:07.323+0000][1][gc,age       ] GC(349) Desired survivor size 8716288 bytes, new threshold 6 (max threshold 6)
[2020-03-27T08:52:07.324+0000][1][gc,age       ] GC(349) Age table with threshold 6 (max threshold 6)
[2020-03-27T08:52:07.324+0000][1][gc,age       ] GC(349) - age   1:     698656 bytes,     698656 total
[2020-03-27T08:52:07.324+0000][1][gc,age       ] GC(349) - age   2:     547224 bytes,    1245880 total
[2020-03-27T08:52:07.325+0000][1][gc,age       ] GC(349) - age   3:      76512 bytes,    1322392 total
[2020-03-27T08:52:07.325+0000][1][gc,age       ] GC(349) - age   4:     362896 bytes,    1685288 total
[2020-03-27T08:52:07.326+0000][1][gc,heap      ] GC(349) ParNew: 137858K->2352K(153344K)
[2020-03-27T08:52:07.326+0000][1][gc,heap      ] GC(349) CMS: 184763K->184763K(353920K)
[2020-03-27T08:52:07.327+0000][1][gc,metaspace ] GC(349) Metaspace: 99709K->99709K(1140736K)
[2020-03-27T08:52:07.327+0000][1][gc           ] GC(349) Pause Young (Allocation Failure) 315M->182M(495M) 8.474ms
[2020-03-27T08:52:07.328+0000][1][gc,cpu       ] GC(349) User=0.00s Sys=0.00s Real=0.01s
[2020-03-27T08:52:07.328+0000][1][safepoint    ] Safepoint "GenCollectForAllocation", Time since last: 918456126 ns, Reaching safepoint: 331300 ns, At safepoint: 9541201 ns, Total: 9872501 ns
[2020-03-27T08:52:08.189+0000][1][safepoint    ] Safepoint "RevokeBias", Time since last: 861127324 ns, Reaching safepoint: 96500 ns, At safepoint: 22700 ns, Total: 119200 ns
[2020-03-27T08:52:08.365+0000][1][safepoint    ] Safepoint "RevokeBias", Time since last: 175947206 ns, Reaching safepoint: 187200 ns, At safepoint: 63300 ns, Total: 250500 ns
[2020-03-27T08:52:08.366+0000][1][safepoint    ] Safepoint "RevokeBias", Time since last: 817600 ns, Reaching safepoint: 111400 ns, At safepoint: 24600 ns, Total: 136000 ns
[2020-03-27T08:52:08.368+0000][1][safepoint    ] Safepoint "RevokeBias", Time since last: 1691200 ns, Reaching safepoint: 154000 ns, At safepoint: 23700 ns, Total: 177700 ns
[2020-03-27T08:52:08.369+0000][1][safepoint    ] Safepoint "RevokeBias", Time since last: 1054000 ns, Reaching safepoint: 67400 ns, At safepoint: 22300 ns, Total: 89700 ns
[2020-03-27T08:52:08.413+0000][1][safepoint    ] Safepoint "RevokeBias", Time since last: 43267401 ns, Reaching safepoint: 110200 ns, At safepoint: 19700 ns, Total: 129900 ns
[2020-03-27T08:52:09.414+0000][1][safepoint    ] Safepoint "Cleanup", Time since last: 1000915338 ns, Reaching safepoint: 135500 ns, At safepoint: 25000 ns, Total: 160500 ns
[2020-03-27T08:52:10.415+0000][1][safepoint    ] Safepoint "Cleanup", Time since last: 1001032546 ns, Reaching safepoint: 361800 ns, At safepoint: 83200 ns, Total: 445000 ns
[2020-03-27T08:52:11.418+0000][1][safepoint    ] Safepoint "Cleanup", Time since last: 1002411446 ns, Reaching safepoint: 94800 ns, At safepoint: 17400 ns, Total: 112200 ns
[2020-03-27T08:52:12.420+0000][1][safepoint    ] Safepoint "Cleanup", Time since last: 1001326446 ns, Reaching safepoint: 439600 ns, At safepoint: 85400 ns, Total: 525000 ns
[2020-03-27T08:52:13.275+0000][1][safepoint    ] Safepoint "RevokeBias", Time since last: 854694339 ns, Reaching safepoint: 138600 ns, At safepoint: 17100 ns, Total: 155700 ns
[2020-03-27T08:52:13.494+0000][1][safepoint    ] Safepoint "RevokeBias", Time since last: 219170110 ns, Reaching safepoint: 239500 ns, At safepoint: 31300 ns, Total: 270800 ns
[2020-03-27T08:52:13.495+0000][1][safepoint    ] Safepoint "RevokeBias", Time since last: 1349900 ns, Reaching safepoint: 102700 ns, At safepoint: 22100 ns, Total: 124800 ns
[2020-03-27T08:52:13.500+0000][1][safepoint    ] Safepoint "RevokeBias", Time since last: 3957301 ns, Reaching safepoint: 121400 ns, At safepoint: 13800 ns, Total: 135200 ns
[2020-03-27T08:52:13.500+0000][1][safepoint    ] Safepoint "RevokeBias", Time since last: 694200 ns, Reaching safepoint: 72900 ns, At safepoint: 23600 ns, Total: 96500 ns
[2020-03-27T08:52:13.541+0000][1][safepoint    ] Safepoint "RevokeBias", Time since last: 40045001 ns, Reaching safepoint: 123100 ns, At safepoint: 26400 ns, Total: 149500 ns
[2020-03-27T08:52:14.542+0000][1][safepoint    ] Safepoint "Cleanup", Time since last: 1000844546 ns, Reaching safepoint: 123700 ns, At safepoint: 20100 ns, Total: 143800 ns
[2020-03-27T08:52:15.542+0000][1][gc,start     ] GC(350) Pause Young (Allocation Failure)
[2020-03-27T08:52:15.543+0000][1][gc,task      ] GC(350) Using 2 workers of 2 for evacuation
[2020-03-27T08:52:15.555+0000][1][gc,age       ] GC(350) Desired survivor size 8716288 bytes, new threshold 6 (max threshold 6)
[2020-03-27T08:52:15.555+0000][1][gc,age       ] GC(350) Age table with threshold 6 (max threshold 6)
[2020-03-27T08:52:15.556+0000][1][gc,age       ] GC(350) - age   1:     772160 bytes,     772160 total
[2020-03-27T08:52:15.556+0000][1][gc,age       ] GC(350) - age   2:     560112 bytes,    1332272 total
[2020-03-27T08:52:15.556+0000][1][gc,age       ] GC(350) - age   3:     545872 bytes,    1878144 total
[2020-03-27T08:52:15.557+0000][1][gc,age       ] GC(350) - age   4:      74904 bytes,    1953048 total
[2020-03-27T08:52:15.557+0000][1][gc,age       ] GC(350) - age   5:     361112 bytes,    2314160 total
[2020-03-27T08:52:15.558+0000][1][gc,heap      ] GC(350) ParNew: 138672K->3056K(153344K)
[2020-03-27T08:52:15.558+0000][1][gc,heap      ] GC(350) CMS: 184763K->184763K(353920K)
[2020-03-27T08:52:15.559+0000][1][gc,metaspace ] GC(350) Metaspace: 99709K->99709K(1140736K)
[2020-03-27T08:52:15.559+0000][1][gc           ] GC(350) Pause Young (Allocation Failure) 315M->183M(495M) 17.423ms
[2020-03-27T08:52:15.559+0000][1][gc,cpu       ] GC(350) User=0.01s Sys=0.00s Real=0.02s
[2020-03-27T08:52:15.560+0000][1][safepoint    ] Safepoint "GenCollectForAllocation", Time since last: 999589246 ns, Reaching safepoint: 447500 ns, At safepoint: 18406501 ns, Total: 18854001 ns
[2020-03-27T08:52:16.561+0000][1][safepoint    ] Safepoint "Cleanup", Time since last: 1000571646 ns, Reaching safepoint: 191000 ns, At safepoint: 46900 ns, Total: 237900 ns
[2020-03-27T08:52:17.563+0000][1][safepoint    ] Safepoint "Cleanup", Time since last: 1001554940 ns, Reaching safepoint: 433000 ns, At safepoint: 83700 ns, Total: 516700 ns
[2020-03-27T08:52:18.192+0000][1][safepoint    ] Safepoint "RevokeBias", Time since last: 628729123 ns, Reaching safepoint: 93100 ns, At safepoint: 23900 ns, Total: 117000 ns
[2020-03-27T08:52:19.195+0000][1][safepoint    ] Safepoint "Cleanup", Time since last: 1003136137 ns, Reaching safepoint: 323800 ns, At safepoint: 80400 ns, Total: 404200 ns
[2020-03-27T08:52:20.197+0000][1][safepoint    ] Safepoint "Cleanup", Time since last: 1001967137 ns, Reaching safepoint: 132700 ns, At safepoint: 26100 ns, Total: 158800 ns
[2020-03-27T08:52:21.199+0000][1][safepoint    ] Safepoint "Cleanup", Time since last: 1001082236 ns, Reaching safepoint: 392000 ns, At safepoint: 86600 ns, Total: 478600 ns
[2020-03-27T08:52:22.200+0000][1][safepoint    ] Safepoint "Cleanup", Time since last: 1000872037 ns, Reaching safepoint: 376200 ns, At safepoint: 79600 ns, Total: 455800 ns
[2020-03-27T08:52:23.202+0000][1][safepoint    ] Safepoint "Cleanup", Time since last: 1001931737 ns, Reaching safepoint: 105500 ns, At safepoint: 21400 ns, Total: 126900 ns
[2020-03-27T08:52:23.278+0000][1][safepoint    ] Safepoint "RevokeBias", Time since last: 75374703 ns, Reaching safepoint: 112800 ns, At safepoint: 26400 ns, Total: 139200 ns
[2020-03-27T08:52:24.279+0000][1][safepoint    ] Safepoint "Cleanup", Time since last: 1000610637 ns, Reaching safepoint: 180800 ns, At safepoint: 16900 ns, Total: 197700 ns
[2020-03-27T08:52:25.280+0000][1][safepoint    ] Safepoint "Cleanup", Time since last: 1000950637 ns, Reaching safepoint: 468800 ns, At safepoint: 112500 ns, Total: 581300 ns
[2020-03-27T08:52:26.283+0000][1][safepoint    ] Safepoint "Cleanup", Time since last: 1002057239 ns, Reaching safepoint: 452900 ns, At safepoint: 106500 ns, Total: 559400 ns
[2020-03-27T08:52:27.285+0000][1][safepoint    ] Safepoint "Cleanup", Time since last: 1001970338 ns, Reaching safepoint: 325900 ns, At safepoint: 83400 ns, Total: 409300 ns
[2020-03-27T08:52:28.226+0000][1][safepoint    ] Safepoint "RevokeBias", Time since last: 940207436 ns, Reaching safepoint: 121100 ns, At safepoint: 26100 ns, Total: 147200 ns
[2020-03-27T08:52:29.226+0000][1][safepoint    ] Safepoint "Cleanup", Time since last: 1000520538 ns, Reaching safepoint: 122500 ns, At safepoint: 6200 ns, Total: 128700 ns
[2020-03-27T08:52:30.227+0000][1][safepoint    ] Safepoint "Cleanup", Time since last: 1000744039 ns, Reaching safepoint: 92600 ns, At safepoint: 7300 ns, Total: 99900 ns
[2020-03-27T08:52:31.228+0000][1][safepoint    ] Safepoint "Cleanup", Time since last: 1000703738 ns, Reaching safepoint: 226100 ns, At safepoint: 54200 ns, Total: 280300 ns
[2020-03-27T08:52:32.230+0000][1][safepoint    ] Safepoint "Cleanup", Time since last: 1001570638 ns, Reaching safepoint: 95300 ns, At safepoint: 5400 ns, Total: 100700 ns
[2020-03-27T08:52:33.231+0000][1][safepoint    ] Safepoint "Cleanup", Time since last: 1000920134 ns, Reaching safepoint: 328500 ns, At safepoint: 83900 ns, Total: 412400 ns
[2020-03-27T08:52:33.277+0000][1][safepoint    ] Safepoint "RevokeBias", Time since last: 45705401 ns, Reaching safepoint: 204700 ns, At safepoint: 31400 ns, Total: 236100 ns
[2020-03-27T08:52:34.278+0000][1][safepoint    ] Safepoint "Cleanup", Time since last: 1001251024 ns, Reaching safepoint: 125600 ns, At safepoint: 7300 ns, Total: 132900 ns
[2020-03-27T08:52:35.279+0000][1][safepoint    ] Safepoint "Cleanup", Time since last: 1000958824 ns, Reaching safepoint: 136100 ns, At safepoint: 32500 ns, Total: 168600 ns
[2020-03-27T08:52:36.280+0000][1][safepoint    ] Safepoint "Cleanup", Time since last: 1000793324 ns, Reaching safepoint: 156400 ns, At safepoint: 54000 ns, Total: 210400 ns
[2020-03-27T08:52:37.282+0000][1][safepoint    ] Safepoint "Cleanup", Time since last: 1001338524 ns, Reaching safepoint: 117900 ns, At safepoint: 24100 ns, Total: 142000 ns
[2020-03-27T08:52:38.184+0000][1][safepoint    ] Safepoint "RevokeBias", Time since last: 901959622 ns, Reaching safepoint: 90900 ns, At safepoint: 21100 ns, Total: 112000 ns
[2020-03-27T08:52:39.185+0000][1][safepoint    ] Safepoint "Cleanup", Time since last: 1000809824 ns, Reaching safepoint: 96200 ns, At safepoint: 17500 ns, Total: 113700 ns
[2020-03-27T08:52:40.186+0000][1][safepoint    ] Safepoint "Cleanup", Time since last: 1001038124 ns, Reaching safepoint: 323900 ns, At safepoint: 86200 ns, Total: 410100 ns
[2020-03-27T08:52:41.189+0000][1][safepoint    ] Safepoint "Cleanup", Time since last: 1002002114 ns, Reaching safepoint: 94300 ns, At safepoint: 48700 ns, Total: 143000 ns
[2020-03-27T08:52:42.190+0000][1][safepoint    ] Safepoint "Cleanup", Time since last: 1000909485 ns, Reaching safepoint: 189100 ns, At safepoint: 29700 ns, Total: 218800 ns
[2020-03-27T08:52:43.191+0000][1][safepoint    ] Safepoint "Cleanup", Time since last: 1001332086 ns, Reaching safepoint: 120400 ns, At safepoint: 22400 ns, Total: 142800 ns
[2020-03-27T08:52:43.279+0000][1][safepoint    ] Safepoint "RevokeBias", Time since last: 87977599 ns, Reaching safepoint: 299100 ns, At safepoint: 27800 ns, Total: 326900 ns
[2020-03-27T08:52:43.482+0000][1][safepoint    ] Safepoint "BulkRevokeBias", Time since last: 202391297 ns, Reaching safepoint: 98100 ns, At safepoint: 438200 ns, Total: 536300 ns
[2020-03-27T08:52:43.484+0000][1][safepoint    ] Safepoint "RevokeBias", Time since last: 1653200 ns, Reaching safepoint: 61500 ns, At safepoint: 22500 ns, Total: 84000 ns
[2020-03-27T08:52:43.594+0000][1][gc,start     ] GC(351) Pause Young (Allocation Failure)
[2020-03-27T08:52:43.594+0000][1][gc,task      ] GC(351) Using 2 workers of 2 for evacuation
[2020-03-27T08:52:43.607+0000][1][gc,age       ] GC(351) Desired survivor size 8716288 bytes, new threshold 1 (max threshold 6)
[2020-03-27T08:52:43.607+0000][1][gc,age       ] GC(351) Age table with threshold 1 (max threshold 6)
[2020-03-27T08:52:43.607+0000][1][gc,age       ] GC(351) - age   1:   13753296 bytes,   13753296 total
[2020-03-27T08:52:43.608+0000][1][gc,age       ] GC(351) - age   2:     744328 bytes,   14497624 total
[2020-03-27T08:52:43.608+0000][1][gc,age       ] GC(351) - age   3:     559256 bytes,   15056880 total
[2020-03-27T08:52:43.609+0000][1][gc,age       ] GC(351) - age   4:     545872 bytes,   15602752 total
[2020-03-27T08:52:43.609+0000][1][gc,age       ] GC(351) - age   5:      72280 bytes,   15675032 total
[2020-03-27T08:52:43.610+0000][1][gc,age       ] GC(351) - age   6:     359480 bytes,   16034512 total
[2020-03-27T08:52:43.610+0000][1][gc,heap      ] GC(351) ParNew: 139107K->16616K(153344K)
[2020-03-27T08:52:43.611+0000][1][gc,heap      ] GC(351) CMS: 184763K->184763K(353920K)
[2020-03-27T08:52:43.611+0000][1][gc,metaspace ] GC(351) Metaspace: 99709K->99709K(1140736K)
[2020-03-27T08:52:43.612+0000][1][gc           ] GC(351) Pause Young (Allocation Failure) 316M->196M(495M) 18.100ms
[2020-03-27T08:52:43.612+0000][1][gc,cpu       ] GC(351) User=0.02s Sys=0.00s Real=0.02s
[2020-03-27T08:52:43.613+0000][1][safepoint    ] Safepoint "GenCollectForAllocation", Time since last: 109235898 ns, Reaching safepoint: 237300 ns, At safepoint: 19096000 ns, Total: 19333300 ns
[2020-03-27T08:52:43.644+0000][1][safepoint    ] Safepoint "RevokeBias", Time since last: 30844999 ns, Reaching safepoint: 132600 ns, At safepoint: 28000 ns, Total: 160600 ns
[2020-03-27T08:52:43.645+0000][1][safepoint    ] Safepoint "RevokeBias", Time since last: 776800 ns, Reaching safepoint: 89600 ns, At safepoint: 12600 ns, Total: 102200 ns
[2020-03-27T08:52:43.646+0000][1][safepoint    ] Safepoint "RevokeBias", Time since last: 1197100 ns, Reaching safepoint: 71400 ns, At safepoint: 21600 ns, Total: 93000 ns
[2020-03-27T08:52:43.647+0000][1][safepoint    ] Safepoint "RevokeBias", Time since last: 1177700 ns, Reaching safepoint: 64900 ns, At safepoint: 10200 ns, Total: 75100 ns
[2020-03-27T08:52:43.690+0000][1][safepoint    ] Safepoint "RevokeBias", Time since last: 42744799 ns, Reaching safepoint: 169600 ns, At safepoint: 27900 ns, Total: 197500 ns
[2020-03-27T08:52:43.750+0000][1][safepoint    ] Safepoint "RevokeBias", Time since last: 59837700 ns, Reaching safepoint: 334400 ns, At safepoint: 25100 ns, Total: 359500 ns
[2020-03-27T08:52:43.751+0000][1][safepoint    ] Safepoint "RevokeBias", Time since last: 571800 ns, Reaching safepoint: 90700 ns, At safepoint: 21500 ns, Total: 112200 ns
[2020-03-27T08:52:43.752+0000][1][safepoint    ] Safepoint "RevokeBias", Time since last: 1226300 ns, Reaching safepoint: 66000 ns, At safepoint: 13000 ns, Total: 79000 ns
[2020-03-27T08:52:43.753+0000][1][safepoint    ] Safepoint "RevokeBias", Time since last: 900100 ns, Reaching safepoint: 87000 ns, At safepoint: 21800 ns, Total: 108800 ns
[2020-03-27T08:52:43.826+0000][1][safepoint    ] Safepoint "RevokeBias", Time since last: 72995999 ns, Reaching safepoint: 115799 ns, At safepoint: 17300 ns, Total: 133099 ns
[2020-03-27T08:52:44.503+0000][1][safepoint    ] Safepoint "RevokeBias", Time since last: 676797291 ns, Reaching safepoint: 111000 ns, At safepoint: 26400 ns, Total: 137400 ns
[2020-03-27T08:52:44.504+0000][1][safepoint    ] Safepoint "RevokeBias", Time since last: 695700 ns, Reaching safepoint: 83900 ns, At safepoint: 13600 ns, Total: 97500 ns
[2020-03-27T08:52:44.505+0000][1][safepoint    ] Safepoint "RevokeBias", Time since last: 416100 ns, Reaching safepoint: 65100 ns, At safepoint: 12900 ns, Total: 78000 ns
[2020-03-27T08:52:44.506+0000][1][safepoint    ] Safepoint "RevokeBias", Time since last: 1300000 ns, Reaching safepoint: 62000 ns, At safepoint: 21600 ns, Total: 83600 ns
[2020-03-27T08:52:44.507+0000][1][safepoint    ] Safepoint "RevokeBias", Time since last: 920600 ns, Reaching safepoint: 67800 ns, At safepoint: 21200 ns, Total: 89000 ns
[2020-03-27T08:52:44.553+0000][1][safepoint    ] Safepoint "RevokeBias", Time since last: 45452499 ns, Reaching safepoint: 134600 ns, At safepoint: 21700 ns, Total: 156300 ns
[2020-03-27T08:52:44.653+0000][1][safepoint    ] Safepoint "RevokeBias", Time since last: 100199598 ns, Reaching safepoint: 257400 ns, At safepoint: 30200 ns, Total: 287600 ns
[2020-03-27T08:52:44.659+0000][1][safepoint    ] Safepoint "RevokeBias", Time since last: 5245300 ns, Reaching safepoint: 235600 ns, At safepoint: 204200 ns, Total: 439800 ns
[2020-03-27T08:52:44.662+0000][1][safepoint    ] Safepoint "RevokeBias", Time since last: 3104600 ns, Reaching safepoint: 163500 ns, At safepoint: 86000 ns, Total: 249500 ns
[2020-03-27T08:52:44.928+0000][1][safepoint    ] Safepoint "RevokeBias", Time since last: 265283896 ns, Reaching safepoint: 183900 ns, At safepoint: 42100 ns, Total: 226000 ns
[2020-03-27T08:52:44.929+0000][1][safepoint    ] Safepoint "RevokeBias", Time since last: 1679400 ns, Reaching safepoint: 81600 ns, At safepoint: 12800 ns, Total: 94400 ns
[2020-03-27T08:52:44.931+0000][1][safepoint    ] Safepoint "RevokeBias", Time since last: 1018500 ns, Reaching safepoint: 155000 ns, At safepoint: 22200 ns, Total: 177200 ns
[2020-03-27T08:52:45.931+0000][1][safepoint    ] Safepoint "Cleanup", Time since last: 1000560386 ns, Reaching safepoint: 199200 ns, At safepoint: 66100 ns, Total: 265300 ns
[2020-03-27T08:52:46.933+0000][1][safepoint    ] Safepoint "Cleanup", Time since last: 1001397285 ns, Reaching safepoint: 114500 ns, At safepoint: 24300 ns, Total: 138800 ns
[2020-03-27T08:52:47.935+0000][1][safepoint    ] Safepoint "Cleanup", Time since last: 1001394785 ns, Reaching safepoint: 461000 ns, At safepoint: 82200 ns, Total: 543200 ns
[2020-03-27T08:52:48.195+0000][1][gc,start     ] GC(352) Pause Young (Allocation Failure)
[2020-03-27T08:52:48.196+0000][1][gc,task      ] GC(352) Using 2 workers of 2 for evacuation
[2020-03-27T08:52:48.205+0000][1][gc,age       ] GC(352) Desired survivor size 8716288 bytes, new threshold 6 (max threshold 6)
[2020-03-27T08:52:48.205+0000][1][gc,age       ] GC(352) Age table with threshold 6 (max threshold 6)
[2020-03-27T08:52:48.206+0000][1][gc,age       ] GC(352) - age   1:    1293768 bytes,    1293768 total
[2020-03-27T08:52:48.207+0000][1][gc,heap      ] GC(352) ParNew: 152936K->12263K(153344K)
[2020-03-27T08:52:48.207+0000][1][gc,heap      ] GC(352) CMS: 184763K->187010K(353920K)
[2020-03-27T08:52:48.208+0000][1][gc,metaspace ] GC(352) Metaspace: 99714K->99714K(1140736K)
[2020-03-27T08:52:48.208+0000][1][gc           ] GC(352) Pause Young (Allocation Failure) 329M->194M(495M) 13.239ms
[2020-03-27T08:52:48.209+0000][1][gc,cpu       ] GC(352) User=0.01s Sys=0.00s Real=0.02s
[2020-03-27T08:52:48.209+0000][1][safepoint    ] Safepoint "GenCollectForAllocation", Time since last: 260082397 ns, Reaching safepoint: 104600 ns, At safepoint: 14333299 ns, Total: 14437899 ns
[2020-03-27T08:52:48.253+0000][1][safepoint    ] Safepoint "RevokeBias", Time since last: 43259300 ns, Reaching safepoint: 103600 ns, At safepoint: 25400 ns, Total: 129000 ns
[2020-03-27T08:52:48.674+0000][1][safepoint    ] Safepoint "RevokeBias", Time since last: 421486194 ns, Reaching safepoint: 101000 ns, At safepoint: 18600 ns, Total: 119600 ns
[2020-03-27T08:52:48.676+0000][1][safepoint    ] Safepoint "RevokeBias", Time since last: 1244000 ns, Reaching safepoint: 256200 ns, At safepoint: 22900 ns, Total: 279100 ns
[2020-03-27T08:52:48.677+0000][1][safepoint    ] Safepoint "RevokeBias", Time since last: 1280100 ns, Reaching safepoint: 78700 ns, At safepoint: 19600 ns, Total: 98300 ns
[2020-03-27T08:52:48.678+0000][1][safepoint    ] Safepoint "RevokeBias", Time since last: 1069699 ns, Reaching safepoint: 74800 ns, At safepoint: 10700 ns, Total: 85500 ns
[2020-03-27T08:52:48.728+0000][1][safepoint    ] Safepoint "RevokeBias", Time since last: 49503800 ns, Reaching safepoint: 220000 ns, At safepoint: 23500 ns, Total: 243500 ns
[2020-03-27T08:52:49.729+0000][1][safepoint    ] Safepoint "Cleanup", Time since last: 1000565612 ns, Reaching safepoint: 107700 ns, At safepoint: 28400 ns, Total: 136100 ns
[2020-03-27T08:52:50.730+0000][1][safepoint    ] Safepoint "Cleanup", Time since last: 1000943692 ns, Reaching safepoint: 119000 ns, At safepoint: 25500 ns, Total: 144500 ns
[2020-03-27T08:52:51.732+0000][1][safepoint    ] Safepoint "Cleanup", Time since last: 1001176092 ns, Reaching safepoint: 465300 ns, At safepoint: 80600 ns, Total: 545900 ns
[2020-03-27T08:52:52.734+0000][1][safepoint    ] Safepoint "Cleanup", Time since last: 1001849492 ns, Reaching safepoint: 427900 ns, At safepoint: 34500 ns, Total: 462400 ns
[2020-03-27T08:52:53.291+0000][1][safepoint    ] Safepoint "RevokeBias", Time since last: 556118640 ns, Reaching safepoint: 397600 ns, At safepoint: 31200 ns, Total: 428800 ns
[2020-03-27T08:52:53.831+0000][1][safepoint    ] Safepoint "RevokeBias", Time since last: 540750342 ns, Reaching safepoint: 100800 ns, At safepoint: 27000 ns, Total: 127800 ns
[2020-03-27T08:52:53.832+0000][1][safepoint    ] Safepoint "RevokeBias", Time since last: 852300 ns, Reaching safepoint: 154800 ns, At safepoint: 12600 ns, Total: 167400 ns
[2020-03-27T08:52:53.836+0000][1][safepoint    ] Safepoint "RevokeBias", Time since last: 3276099 ns, Reaching safepoint: 94200 ns, At safepoint: 23900 ns, Total: 118100 ns
[2020-03-27T08:52:53.837+0000][1][safepoint    ] Safepoint "RevokeBias", Time since last: 1230200 ns, Reaching safepoint: 111800 ns, At safepoint: 21200 ns, Total: 133000 ns
[2020-03-27T08:52:53.886+0000][1][safepoint    ] Safepoint "RevokeBias", Time since last: 48450195 ns, Reaching safepoint: 206600 ns, At safepoint: 30700 ns, Total: 237300 ns
[2020-03-27T08:52:53.909+0000][1][safepoint    ] Safepoint "BulkRevokeBias", Time since last: 22803697 ns, Reaching safepoint: 133800 ns, At safepoint: 502100 ns, Total: 635900 ns
[2020-03-27T08:52:53.918+0000][1][safepoint    ] Safepoint "RevokeBias", Time since last: 7982699 ns, Reaching safepoint: 227500 ns, At safepoint: 35800 ns, Total: 263300 ns
[2020-03-27T08:52:53.918+0000][1][safepoint    ] Safepoint "RevokeBias", Time since last: 349100 ns, Reaching safepoint: 139100 ns, At safepoint: 37500 ns, Total: 176600 ns
[2020-03-27T08:52:53.967+0000][1][gc,start     ] GC(353) Pause Young (Allocation Failure)
[2020-03-27T08:52:53.967+0000][1][gc,task      ] GC(353) Using 2 workers of 2 for evacuation
[2020-03-27T08:52:53.972+0000][1][gc,age       ] GC(353) Desired survivor size 8716288 bytes, new threshold 6 (max threshold 6)
[2020-03-27T08:52:53.973+0000][1][gc,age       ] GC(353) Age table with threshold 6 (max threshold 6)
[2020-03-27T08:52:53.973+0000][1][gc,age       ] GC(353) - age   1:    1242064 bytes,    1242064 total
[2020-03-27T08:52:53.974+0000][1][gc,age       ] GC(353) - age   2:     931720 bytes,    2173784 total
[2020-03-27T08:52:53.975+0000][1][gc,heap      ] GC(353) ParNew: 148583K->3302K(153344K)
[2020-03-27T08:52:53.975+0000][1][gc,heap      ] GC(353) CMS: 187010K->187010K(353920K)
[2020-03-27T08:52:53.976+0000][1][gc,metaspace ] GC(353) Metaspace: 99714K->99714K(1140736K)
[2020-03-27T08:52:53.976+0000][1][gc           ] GC(353) Pause Young (Allocation Failure) 327M->185M(495M) 9.527ms
[2020-03-27T08:52:53.977+0000][1][gc,cpu       ] GC(353) User=0.00s Sys=0.00s Real=0.01s
[2020-03-27T08:52:53.977+0000][1][safepoint    ] Safepoint "GenCollectForAllocation", Time since last: 48444295 ns, Reaching safepoint: 97500 ns, At safepoint: 10466699 ns, Total: 10564199 ns
[2020-03-27T08:52:54.919+0000][1][safepoint    ] Safepoint "RevokeBias", Time since last: 941695498 ns, Reaching safepoint: 336000 ns, At safepoint: 47200 ns, Total: 383200 ns
[2020-03-27T08:52:54.954+0000][1][safepoint    ] Safepoint "RevokeBias", Time since last: 34994097 ns, Reaching safepoint: 141500 ns, At safepoint: 48300 ns, Total: 189800 ns
[2020-03-27T08:52:54.955+0000][1][safepoint    ] Safepoint "RevokeBias", Time since last: 585300 ns, Reaching safepoint: 218199 ns, At safepoint: 7000 ns, Total: 225199 ns
[2020-03-27T08:52:55.957+0000][1][safepoint    ] Safepoint "Cleanup", Time since last: 1001033493 ns, Reaching safepoint: 409999 ns, At safepoint: 83000 ns, Total: 492999 ns
[2020-03-27T08:52:56.959+0000][1][safepoint    ] Safepoint "Cleanup", Time since last: 1002472892 ns, Reaching safepoint: 128500 ns, At safepoint: 28700 ns, Total: 157200 ns
[2020-03-27T08:52:57.961+0000][1][safepoint    ] Safepoint "Cleanup", Time since last: 1001239142 ns, Reaching safepoint: 132100 ns, At safepoint: 29700 ns, Total: 161800 ns
[2020-03-27T08:52:58.247+0000][1][safepoint    ] Safepoint "RevokeBias", Time since last: 285734227 ns, Reaching safepoint: 93000 ns, At safepoint: 25500 ns, Total: 118500 ns
[2020-03-27T08:52:58.813+0000][1][safepoint    ] Safepoint "RevokeBias", Time since last: 566519353 ns, Reaching safepoint: 143600 ns, At safepoint: 22300 ns, Total: 165900 ns
[2020-03-27T08:52:58.814+0000][1][safepoint    ] Safepoint "RevokeBias", Time since last: 805700 ns, Reaching safepoint: 69400 ns, At safepoint: 22700 ns, Total: 92100 ns
[2020-03-27T08:52:58.816+0000][1][safepoint    ] Safepoint "RevokeBias", Time since last: 1390100 ns, Reaching safepoint: 65700 ns, At safepoint: 22800 ns, Total: 88500 ns
[2020-03-27T08:52:58.817+0000][1][safepoint    ] Safepoint "RevokeBias", Time since last: 960599 ns, Reaching safepoint: 60700 ns, At safepoint: 11200 ns, Total: 71900 ns
[2020-03-27T08:52:58.861+0000][1][safepoint    ] Safepoint "RevokeBias", Time since last: 44578489 ns, Reaching safepoint: 100800 ns, At safepoint: 16900 ns, Total: 117700 ns
[2020-03-27T08:52:58.907+0000][1][gc,start     ] GC(354) Pause Young (Allocation Failure)
[2020-03-27T08:52:58.908+0000][1][gc,task      ] GC(354) Using 2 workers of 2 for evacuation
[2020-03-27T08:52:58.911+0000][1][gc,age       ] GC(354) Desired survivor size 8716288 bytes, new threshold 6 (max threshold 6)
[2020-03-27T08:52:58.911+0000][1][gc,age       ] GC(354) Age table with threshold 6 (max threshold 6)
[2020-03-27T08:52:58.911+0000][1][gc,age       ] GC(354) - age   1:     478528 bytes,     478528 total
[2020-03-27T08:52:58.912+0000][1][gc,age       ] GC(354) - age   2:     653848 bytes,    1132376 total
[2020-03-27T08:52:58.912+0000][1][gc,age       ] GC(354) - age   3:     728760 bytes,    1861136 total
[2020-03-27T08:52:58.912+0000][1][gc,heap      ] GC(354) ParNew: 139622K->3626K(153344K)
[2020-03-27T08:52:58.913+0000][1][gc,heap      ] GC(354) CMS: 187010K->187010K(353920K)
[2020-03-27T08:52:58.913+0000][1][gc,metaspace ] GC(354) Metaspace: 99714K->99714K(1140736K)
[2020-03-27T08:52:58.913+0000][1][gc           ] GC(354) Pause Young (Allocation Failure) 318M->186M(495M) 6.014ms
[2020-03-27T08:52:58.914+0000][1][gc,cpu       ] GC(354) User=0.00s Sys=0.00s Real=0.00s
[2020-03-27T08:52:58.914+0000][1][safepoint    ] Safepoint "GenCollectForAllocation", Time since last: 45653588 ns, Reaching safepoint: 112300 ns, At safepoint: 6600598 ns, Total: 6712898 ns
[2020-03-27T08:52:59.915+0000][1][safepoint    ] Safepoint "Cleanup", Time since last: 1000684742 ns, Reaching safepoint: 304400 ns, At safepoint: 61200 ns, Total: 365600 ns
[2020-03-27T08:53:00.917+0000][1][safepoint    ] Safepoint "Cleanup", Time since last: 1001490442 ns, Reaching safepoint: 410400 ns, At safepoint: 59600 ns, Total: 470000 ns
[2020-03-27T08:53:01.919+0000][1][safepoint    ] Safepoint "Cleanup", Time since last: 1001819541 ns, Reaching safepoint: 245700 ns, At safepoint: 64900 ns, Total: 310600 ns
[2020-03-27T08:53:02.921+0000][1][safepoint    ] Safepoint "Cleanup", Time since last: 1001202242 ns, Reaching safepoint: 283300 ns, At safepoint: 69400 ns, Total: 352700 ns
[2020-03-27T08:53:03.297+0000][1][safepoint    ] Safepoint "RevokeBias", Time since last: 375949703 ns, Reaching safepoint: 260599 ns, At safepoint: 24700 ns, Total: 285299 ns
[2020-03-27T08:53:04.040+0000][1][safepoint    ] Safepoint "RevokeBias", Time since last: 742831409 ns, Reaching safepoint: 229300 ns, At safepoint: 41000 ns, Total: 270300 ns
[2020-03-27T08:53:04.041+0000][1][safepoint    ] Safepoint "RevokeBias", Time since last: 967099 ns, Reaching safepoint: 112600 ns, At safepoint: 27100 ns, Total: 139700 ns
[2020-03-27T08:53:04.042+0000][1][safepoint    ] Safepoint "RevokeBias", Time since last: 1323800 ns, Reaching safepoint: 198200 ns, At safepoint: 22700 ns, Total: 220900 ns
[2020-03-27T08:53:04.044+0000][1][safepoint    ] Safepoint "RevokeBias", Time since last: 1230100 ns, Reaching safepoint: 186600 ns, At safepoint: 26900 ns, Total: 213500 ns
[2020-03-27T08:53:04.085+0000][1][safepoint    ] Safepoint "RevokeBias", Time since last: 40434589 ns, Reaching safepoint: 229000 ns, At safepoint: 22400 ns, Total: 251400 ns
[2020-03-27T08:53:05.086+0000][1][safepoint    ] Safepoint "Cleanup", Time since last: 1000872256 ns, Reaching safepoint: 465300 ns, At safepoint: 79300 ns, Total: 544600 ns
[2020-03-27T08:53:06.088+0000][1][safepoint    ] Safepoint "Cleanup", Time since last: 1001731979 ns, Reaching safepoint: 113000 ns, At safepoint: 18200 ns, Total: 131200 ns
[2020-03-27T08:53:07.089+0000][1][safepoint    ] Safepoint "Cleanup", Time since last: 1000728479 ns, Reaching safepoint: 125400 ns, At safepoint: 15200 ns, Total: 140600 ns
[2020-03-27T08:53:08.090+0000][1][safepoint    ] Safepoint "Cleanup", Time since last: 1000850179 ns, Reaching safepoint: 94200 ns, At safepoint: 15800 ns, Total: 110000 ns
[2020-03-27T08:53:08.189+0000][1][safepoint    ] Safepoint "RevokeBias", Time since last: 99345388 ns, Reaching safepoint: 97699 ns, At safepoint: 42000 ns, Total: 139699 ns
[2020-03-27T08:53:08.957+0000][1][safepoint    ] Safepoint "RevokeBias", Time since last: 767142608 ns, Reaching safepoint: 244800 ns, At safepoint: 24500 ns, Total: 269300 ns
[2020-03-27T08:53:08.958+0000][1][safepoint    ] Safepoint "RevokeBias", Time since last: 942999 ns, Reaching safepoint: 152700 ns, At safepoint: 23200 ns, Total: 175900 ns
[2020-03-27T08:53:08.960+0000][1][safepoint    ] Safepoint "RevokeBias", Time since last: 2158800 ns, Reaching safepoint: 99300 ns, At safepoint: 27000 ns, Total: 126300 ns
[2020-03-27T08:53:08.961+0000][1][safepoint    ] Safepoint "RevokeBias", Time since last: 1027500 ns, Reaching safepoint: 78900 ns, At safepoint: 29600 ns, Total: 108500 ns
[2020-03-27T08:53:09.004+0000][1][safepoint    ] Safepoint "BulkRevokeBias", Time since last: 41937695 ns, Reaching safepoint: 100300 ns, At safepoint: 539800 ns, Total: 640100 ns
[2020-03-27T08:53:10.005+0000][1][safepoint    ] Safepoint "Cleanup", Time since last: 1000628379 ns, Reaching safepoint: 361500 ns, At safepoint: 86600 ns, Total: 448100 ns
[2020-03-27T08:53:11.007+0000][1][safepoint    ] Safepoint "Cleanup", Time since last: 1002065278 ns, Reaching safepoint: 162400 ns, At safepoint: 27900 ns, Total: 190300 ns
[2020-03-27T08:53:12.009+0000][1][safepoint    ] Safepoint "Cleanup", Time since last: 1001103979 ns, Reaching safepoint: 457200 ns, At safepoint: 77100 ns, Total: 534300 ns
[2020-03-27T08:53:12.800+0000][1][gc,start     ] GC(355) Pause Young (Allocation Failure)
[2020-03-27T08:53:12.800+0000][1][gc,task      ] GC(355) Using 2 workers of 2 for evacuation
[2020-03-27T08:53:12.808+0000][1][gc,age       ] GC(355) Desired survivor size 8716288 bytes, new threshold 6 (max threshold 6)
[2020-03-27T08:53:12.809+0000][1][gc,age       ] GC(355) Age table with threshold 6 (max threshold 6)
[2020-03-27T08:53:12.809+0000][1][gc,age       ] GC(355) - age   1:    1115584 bytes,    1115584 total
[2020-03-27T08:53:12.810+0000][1][gc,age       ] GC(355) - age   2:     441344 bytes,    1556928 total
[2020-03-27T08:53:12.811+0000][1][gc,age       ] GC(355) - age   3:     367728 bytes,    1924656 total
[2020-03-27T08:53:12.811+0000][1][gc,age       ] GC(355) - age   4:     728760 bytes,    2653416 total
[2020-03-27T08:53:12.812+0000][1][gc,heap      ] GC(355) ParNew: 139946K->3215K(153344K)
[2020-03-27T08:53:12.812+0000][1][gc,heap      ] GC(355) CMS: 187010K->187010K(353920K)
[2020-03-27T08:53:12.813+0000][1][gc,metaspace ] GC(355) Metaspace: 99714K->99714K(1140736K)
[2020-03-27T08:53:12.813+0000][1][gc           ] GC(355) Pause Young (Allocation Failure) 319M->185M(495M) 13.359ms
[2020-03-27T08:53:12.813+0000][1][gc,cpu       ] GC(355) User=0.00s Sys=0.00s Real=0.01s
[2020-03-27T08:53:12.814+0000][1][safepoint    ] Safepoint "GenCollectForAllocation", Time since last: 790817604 ns, Reaching safepoint: 138100 ns, At safepoint: 14229698 ns, Total: 14367798 ns
[2020-03-27T08:53:13.308+0000][1][safepoint    ] Safepoint "RevokeBias", Time since last: 494133121 ns, Reaching safepoint: 169400 ns, At safepoint: 14900 ns, Total: 184300 ns
[2020-03-27T08:53:14.309+0000][1][safepoint    ] Safepoint "Cleanup", Time since last: 1000724036 ns, Reaching safepoint: 250000 ns, At safepoint: 67100 ns, Total: 317100 ns
[2020-03-27T08:53:15.312+0000][1][safepoint    ] Safepoint "Cleanup", Time since last: 1002182237 ns, Reaching safepoint: 128600 ns, At safepoint: 20100 ns, Total: 148700 ns
[2020-03-27T08:53:16.313+0000][1][safepoint    ] Safepoint "Cleanup", Time since last: 1001111136 ns, Reaching safepoint: 121400 ns, At safepoint: 26600 ns, Total: 148000 ns
[2020-03-27T08:53:17.315+0000][1][safepoint    ] Safepoint "Cleanup", Time since last: 1001353236 ns, Reaching safepoint: 414700 ns, At safepoint: 86200 ns, Total: 500900 ns
[2020-03-27T08:53:18.191+0000][1][safepoint    ] Safepoint "BulkRevokeBias", Time since last: 875762620 ns, Reaching safepoint: 107700 ns, At safepoint: 399000 ns, Total: 506700 ns
[2020-03-27T08:53:19.209+0000][1][safepoint    ] Safepoint "Cleanup", Time since last: 1018099738 ns, Reaching safepoint: 101400 ns, At safepoint: 18700 ns, Total: 120100 ns
[2020-03-27T08:53:20.211+0000][1][safepoint    ] Safepoint "Cleanup", Time since last: 1000953137 ns, Reaching safepoint: 469200 ns, At safepoint: 84700 ns, Total: 553900 ns
[2020-03-27T08:53:21.213+0000][1][safepoint    ] Safepoint "Cleanup", Time since last: 1001844402 ns, Reaching safepoint: 94300 ns, At safepoint: 18900 ns, Total: 113200 ns
[2020-03-27T08:53:22.214+0000][1][safepoint    ] Safepoint "Cleanup", Time since last: 1001076067 ns, Reaching safepoint: 130100 ns, At safepoint: 10100 ns, Total: 140200 ns
[2020-03-27T08:53:23.215+0000][1][safepoint    ] Safepoint "Cleanup", Time since last: 1001194867 ns, Reaching safepoint: 144700 ns, At safepoint: 33200 ns, Total: 177900 ns
[2020-03-27T08:53:23.309+0000][1][safepoint    ] Safepoint "BulkRevokeBias", Time since last: 92394597 ns, Reaching safepoint: 380400 ns, At safepoint: 789700 ns, Total: 1170100 ns
[2020-03-27T08:53:24.310+0000][1][safepoint    ] Safepoint "Cleanup", Time since last: 1000926767 ns, Reaching safepoint: 303100 ns, At safepoint: 80700 ns, Total: 383800 ns
[2020-03-27T08:53:25.313+0000][1][safepoint    ] Safepoint "Cleanup", Time since last: 1002102166 ns, Reaching safepoint: 370900 ns, At safepoint: 80200 ns, Total: 451100 ns
[2020-03-27T08:53:26.315+0000][1][safepoint    ] Safepoint "Cleanup", Time since last: 1001912167 ns, Reaching safepoint: 327300 ns, At safepoint: 102900 ns, Total: 430200 ns
[2020-03-27T08:53:27.317+0000][1][safepoint    ] Safepoint "Cleanup", Time since last: 1002048967 ns, Reaching safepoint: 108000 ns, At safepoint: 19700 ns, Total: 127700 ns
[2020-03-27T08:53:28.267+0000][1][safepoint    ] Safepoint "RevokeBias", Time since last: 949824969 ns, Reaching safepoint: 181000 ns, At safepoint: 13900 ns, Total: 194900 ns
[2020-03-27T08:53:29.269+0000][1][safepoint    ] Safepoint "Cleanup", Time since last: 1000930823 ns, Reaching safepoint: 454700 ns, At safepoint: 82500 ns, Total: 537200 ns
[2020-03-27T08:53:30.271+0000][1][safepoint    ] Safepoint "Cleanup", Time since last: 1001946182 ns, Reaching safepoint: 122700 ns, At safepoint: 26300 ns, Total: 149000 ns
[2020-03-27T08:53:31.272+0000][1][safepoint    ] Safepoint "Cleanup", Time since last: 1000989282 ns, Reaching safepoint: 322500 ns, At safepoint: 86299 ns, Total: 408799 ns
[2020-03-27T08:53:32.275+0000][1][safepoint    ] Safepoint "Cleanup", Time since last: 1002384582 ns, Reaching safepoint: 158000 ns, At safepoint: 30800 ns, Total: 188800 ns
[2020-03-27T08:53:33.276+0000][1][safepoint    ] Safepoint "Cleanup", Time since last: 1000844482 ns, Reaching safepoint: 101600 ns, At safepoint: 16300 ns, Total: 117900 ns
[2020-03-27T08:53:33.314+0000][1][safepoint    ] Safepoint "RevokeBias", Time since last: 35822593 ns, Reaching safepoint: 146699 ns, At safepoint: 2792000 ns, Total: 2938699 ns
[2020-03-27T08:53:34.345+0000][1][safepoint    ] Safepoint "Cleanup", Time since last: 1030474476 ns, Reaching safepoint: 102099 ns, At safepoint: 5000 ns, Total: 107099 ns
[2020-03-27T08:53:35.346+0000][1][safepoint    ] Safepoint "Cleanup", Time since last: 1000798183 ns, Reaching safepoint: 387600 ns, At safepoint: 112100 ns, Total: 499700 ns
[2020-03-27T08:53:36.349+0000][1][safepoint    ] Safepoint "Cleanup", Time since last: 1002120181 ns, Reaching safepoint: 410000 ns, At safepoint: 87700 ns, Total: 497700 ns
[2020-03-27T08:53:37.351+0000][1][safepoint    ] Safepoint "Cleanup", Time since last: 1001788643 ns, Reaching safepoint: 330500 ns, At safepoint: 73200 ns, Total: 403700 ns
[2020-03-27T08:53:38.196+0000][1][safepoint    ] Safepoint "RevokeBias", Time since last: 845107087 ns, Reaching safepoint: 160200 ns, At safepoint: 37700 ns, Total: 197900 ns
[2020-03-27T08:53:38.200+0000][1][gc,start     ] GC(356) Pause Young (Allocation Failure)
[2020-03-27T08:53:38.200+0000][1][gc,task      ] GC(356) Using 2 workers of 2 for evacuation
[2020-03-27T08:53:38.214+0000][1][gc,age       ] GC(356) Desired survivor size 8716288 bytes, new threshold 1 (max threshold 6)
[2020-03-27T08:53:38.215+0000][1][gc,age       ] GC(356) Age table with threshold 1 (max threshold 6)
[2020-03-27T08:53:38.215+0000][1][gc,age       ] GC(356) - age   1:   13564560 bytes,   13564560 total
[2020-03-27T08:53:38.216+0000][1][gc,age       ] GC(356) - age   2:    1089368 bytes,   14653928 total
[2020-03-27T08:53:38.216+0000][1][gc,age       ] GC(356) - age   3:     440664 bytes,   15094592 total
[2020-03-27T08:53:38.217+0000][1][gc,age       ] GC(356) - age   4:     367456 bytes,   15462048 total
[2020-03-27T08:53:38.217+0000][1][gc,age       ] GC(356) - age   5:     727272 bytes,   16189320 total
[2020-03-27T08:53:38.218+0000][1][gc,heap      ] GC(356) ParNew: 139535K->16986K(153344K)
[2020-03-27T08:53:38.218+0000][1][gc,heap      ] GC(356) CMS: 187010K->187010K(353920K)
[2020-03-27T08:53:38.219+0000][1][gc,metaspace ] GC(356) Metaspace: 99718K->99718K(1140736K)
[2020-03-27T08:53:38.219+0000][1][gc           ] GC(356) Pause Young (Allocation Failure) 318M->199M(495M) 19.546ms
[2020-03-27T08:53:38.220+0000][1][gc,cpu       ] GC(356) User=0.01s Sys=0.00s Real=0.02s
[2020-03-27T08:53:38.220+0000][1][safepoint    ] Safepoint "GenCollectForAllocation", Time since last: 2985800 ns, Reaching safepoint: 146400 ns, At safepoint: 20278500 ns, Total: 20424900 ns
[2020-03-27T08:53:39.221+0000][1][safepoint    ] Safepoint "Cleanup", Time since last: 1000977885 ns, Reaching safepoint: 121400 ns, At safepoint: 23600 ns, Total: 145000 ns
[2020-03-27T08:53:40.222+0000][1][safepoint    ] Safepoint "Cleanup", Time since last: 1000941586 ns, Reaching safepoint: 347100 ns, At safepoint: 37100 ns, Total: 384200 ns
[2020-03-27T08:53:41.225+0000][1][safepoint    ] Safepoint "Cleanup", Time since last: 1002313585 ns, Reaching safepoint: 101800 ns, At safepoint: 20400 ns, Total: 122200 ns
[2020-03-27T08:53:42.226+0000][1][safepoint    ] Safepoint "Cleanup", Time since last: 1000835985 ns, Reaching safepoint: 93700 ns, At safepoint: 34200 ns, Total: 127900 ns
[2020-03-27T08:53:43.228+0000][1][safepoint    ] Safepoint "Cleanup", Time since last: 1001379485 ns, Reaching safepoint: 374100 ns, At safepoint: 172600 ns, Total: 546700 ns
[2020-03-27T08:53:43.322+0000][1][safepoint    ] Safepoint "RevokeBias", Time since last: 93590699 ns, Reaching safepoint: 917400 ns, At safepoint: 161400 ns, Total: 1078800 ns
[2020-03-27T08:53:44.110+0000][1][safepoint    ] Safepoint "RevokeBias", Time since last: 787802988 ns, Reaching safepoint: 222300 ns, At safepoint: 19400 ns, Total: 241700 ns
[2020-03-27T08:53:44.111+0000][1][safepoint    ] Safepoint "RevokeBias", Time since last: 628300 ns, Reaching safepoint: 81900 ns, At safepoint: 23800 ns, Total: 105700 ns
[2020-03-27T08:53:44.112+0000][1][safepoint    ] Safepoint "BulkRevokeBias", Time since last: 493000 ns, Reaching safepoint: 62900 ns, At safepoint: 464300 ns, Total: 527200 ns
[2020-03-27T08:53:44.114+0000][1][safepoint    ] Safepoint "RevokeBias", Time since last: 1666100 ns, Reaching safepoint: 80800 ns, At safepoint: 13800 ns, Total: 94600 ns
[2020-03-27T08:53:44.116+0000][1][safepoint    ] Safepoint "BulkRevokeBias", Time since last: 1079800 ns, Reaching safepoint: 136300 ns, At safepoint: 485000 ns, Total: 621300 ns
[2020-03-27T08:53:44.160+0000][1][safepoint    ] Safepoint "RevokeBias", Time since last: 44715699 ns, Reaching safepoint: 142100 ns, At safepoint: 19700 ns, Total: 161800 ns
[2020-03-27T08:53:44.245+0000][1][safepoint    ] Safepoint "RevokeBias", Time since last: 83995699 ns, Reaching safepoint: 216100 ns, At safepoint: 97400 ns, Total: 313500 ns
[2020-03-27T08:53:44.330+0000][1][safepoint    ] Safepoint "RevokeBias", Time since last: 85234899 ns, Reaching safepoint: 130400 ns, At safepoint: 23700 ns, Total: 154100 ns
[2020-03-27T08:53:44.380+0000][1][gc,start     ] GC(357) Pause Young (Allocation Failure)
[2020-03-27T08:53:44.380+0000][1][gc,task      ] GC(357) Using 2 workers of 2 for evacuation
[2020-03-27T08:53:44.388+0000][1][gc,age       ] GC(357) Desired survivor size 8716288 bytes, new threshold 6 (max threshold 6)
[2020-03-27T08:53:44.389+0000][1][gc,age       ] GC(357) Age table with threshold 6 (max threshold 6)
[2020-03-27T08:53:44.389+0000][1][gc,age       ] GC(357) - age   1:    2946496 bytes,    2946496 total
[2020-03-27T08:53:44.390+0000][1][gc,heap      ] GC(357) ParNew: 152969K->12399K(153344K)
[2020-03-27T08:53:44.390+0000][1][gc,heap      ] GC(357) CMS: 187010K->189258K(353920K)
[2020-03-27T08:53:44.391+0000][1][gc,metaspace ] GC(357) Metaspace: 99721K->99721K(1140736K)
[2020-03-27T08:53:44.391+0000][1][gc           ] GC(357) Pause Young (Allocation Failure) 332M->196M(495M) 11.297ms
[2020-03-27T08:53:44.392+0000][1][gc,cpu       ] GC(357) User=0.00s Sys=0.00s Real=0.01s
[2020-03-27T08:53:44.393+0000][1][safepoint    ] Safepoint "GenCollectForAllocation", Time since last: 49808199 ns, Reaching safepoint: 174600 ns, At safepoint: 12409500 ns, Total: 12584100 ns
[2020-03-27T08:53:44.402+0000][1][safepoint    ] Safepoint "RevokeBias", Time since last: 9074000 ns, Reaching safepoint: 229400 ns, At safepoint: 39500 ns, Total: 268900 ns
[2020-03-27T08:53:45.403+0000][1][safepoint    ] Safepoint "Cleanup", Time since last: 1000868592 ns, Reaching safepoint: 248200 ns, At safepoint: 62500 ns, Total: 310700 ns
[2020-03-27T08:53:45.561+0000][1][safepoint    ] Safepoint "RevokeBias", Time since last: 157331901 ns, Reaching safepoint: 98600 ns, At safepoint: 24500 ns, Total: 123100 ns
[2020-03-27T08:53:45.561+0000][1][safepoint    ] Safepoint "RevokeBias", Time since last: 741700 ns, Reaching safepoint: 89100 ns, At safepoint: 13100 ns, Total: 102200 ns
[2020-03-27T08:53:45.563+0000][1][safepoint    ] Safepoint "RevokeBias", Time since last: 1614800 ns, Reaching safepoint: 77700 ns, At safepoint: 13900 ns, Total: 91600 ns
[2020-03-27T08:53:45.564+0000][1][safepoint    ] Safepoint "RevokeBias", Time since last: 745700 ns, Reaching safepoint: 83100 ns, At safepoint: 12100 ns, Total: 95200 ns
[2020-03-27T08:53:45.613+0000][1][safepoint    ] Safepoint "RevokeBias", Time since last: 48746801 ns, Reaching safepoint: 96300 ns, At safepoint: 25900 ns, Total: 122200 ns
[2020-03-27T08:53:46.614+0000][1][safepoint    ] Safepoint "Cleanup", Time since last: 1001038906 ns, Reaching safepoint: 177300 ns, At safepoint: 42200 ns, Total: 219500 ns
[2020-03-27T08:53:47.615+0000][1][safepoint    ] Safepoint "Cleanup", Time since last: 1000961107 ns, Reaching safepoint: 101900 ns, At safepoint: 32400 ns, Total: 134300 ns
[2020-03-27T08:53:48.236+0000][1][safepoint    ] Safepoint "RevokeBias", Time since last: 620445104 ns, Reaching safepoint: 92100 ns, At safepoint: 38900 ns, Total: 131000 ns
[2020-03-27T08:53:48.266+0000][1][safepoint    ] Safepoint "RevokeBias", Time since last: 29775300 ns, Reaching safepoint: 157300 ns, At safepoint: 31600 ns, Total: 188900 ns
[2020-03-27T08:53:48.266+0000][1][safepoint    ] Safepoint "RevokeBias", Time since last: 654100 ns, Reaching safepoint: 111600 ns, At safepoint: 20200 ns, Total: 131800 ns
[2020-03-27T08:53:48.268+0000][1][safepoint    ] Safepoint "RevokeBias", Time since last: 1380400 ns, Reaching safepoint: 91400 ns, At safepoint: 21300 ns, Total: 112700 ns
[2020-03-27T08:53:48.269+0000][1][safepoint    ] Safepoint "RevokeBias", Time since last: 1176000 ns, Reaching safepoint: 75800 ns, At safepoint: 12100 ns, Total: 87900 ns
[2020-03-27T08:53:48.310+0000][1][safepoint    ] Safepoint "RevokeBias", Time since last: 40824201 ns, Reaching safepoint: 110500 ns, At safepoint: 37200 ns, Total: 147700 ns
[2020-03-27T08:53:49.312+0000][1][safepoint    ] Safepoint "Cleanup", Time since last: 1001643906 ns, Reaching safepoint: 362000 ns, At safepoint: 98300 ns, Total: 460300 ns
[2020-03-27T08:53:49.371+0000][1][safepoint    ] Safepoint "RevokeBias", Time since last: 58165201 ns, Reaching safepoint: 182800 ns, At safepoint: 28900 ns, Total: 211700 ns
[2020-03-27T08:53:49.372+0000][1][safepoint    ] Safepoint "RevokeBias", Time since last: 788000 ns, Reaching safepoint: 87500 ns, At safepoint: 22100 ns, Total: 109600 ns
[2020-03-27T08:53:49.375+0000][1][safepoint    ] Safepoint "RevokeBias", Time since last: 3043200 ns, Reaching safepoint: 168200 ns, At safepoint: 24500 ns, Total: 192700 ns
[2020-03-27T08:53:49.376+0000][1][safepoint    ] Safepoint "RevokeBias", Time since last: 1151500 ns, Reaching safepoint: 133400 ns, At safepoint: 24200 ns, Total: 157600 ns
[2020-03-27T08:53:49.420+0000][1][safepoint    ] Safepoint "RevokeBias", Time since last: 43747200 ns, Reaching safepoint: 348900 ns, At safepoint: 78000 ns, Total: 426900 ns
[2020-03-27T08:53:49.484+0000][1][gc,start     ] GC(358) Pause Young (Allocation Failure)
[2020-03-27T08:53:49.484+0000][1][gc,task      ] GC(358) Using 2 workers of 2 for evacuation
[2020-03-27T08:53:49.490+0000][1][gc,age       ] GC(358) Desired survivor size 8716288 bytes, new threshold 6 (max threshold 6)
[2020-03-27T08:53:49.490+0000][1][gc,age       ] GC(358) Age table with threshold 6 (max threshold 6)
[2020-03-27T08:53:49.491+0000][1][gc,age       ] GC(358) - age   1:    1593944 bytes,    1593944 total
[2020-03-27T08:53:49.491+0000][1][gc,age       ] GC(358) - age   2:     911520 bytes,    2505464 total
[2020-03-27T08:53:49.491+0000][1][gc,heap      ] GC(358) ParNew: 148719K->3819K(153344K)
[2020-03-27T08:53:49.491+0000][1][gc,heap      ] GC(358) CMS: 189258K->189258K(353920K)
[2020-03-27T08:53:49.492+0000][1][gc,metaspace ] GC(358) Metaspace: 99721K->99721K(1140736K)
[2020-03-27T08:53:49.492+0000][1][gc           ] GC(358) Pause Young (Allocation Failure) 330M->188M(495M) 8.361ms
[2020-03-27T08:53:49.492+0000][1][gc,cpu       ] GC(358) User=0.01s Sys=0.00s Real=0.01s
[2020-03-27T08:53:49.493+0000][1][safepoint    ] Safepoint "GenCollectForAllocation", Time since last: 63243600 ns, Reaching safepoint: 96300 ns, At safepoint: 9030600 ns, Total: 9126900 ns
[2020-03-27T08:53:49.493+0000][1][safepoint    ] Safepoint "RevokeBias", Time since last: 563500 ns, Reaching safepoint: 77800 ns, At safepoint: 34700 ns, Total: 112500 ns
[2020-03-27T08:53:49.839+0000][1][safepoint    ] Safepoint "RevokeBias", Time since last: 345535103 ns, Reaching safepoint: 101000 ns, At safepoint: 38600 ns, Total: 139600 ns
[2020-03-27T08:53:49.839+0000][1][safepoint    ] Safepoint "RevokeBias", Time since last: 312300 ns, Reaching safepoint: 65000 ns, At safepoint: 21600 ns, Total: 86600 ns
[2020-03-27T08:53:49.840+0000][1][safepoint    ] Safepoint "BulkRevokeBias", Time since last: 312400 ns, Reaching safepoint: 55100 ns, At safepoint: 424000 ns, Total: 479100 ns
[2020-03-27T08:53:50.515+0000][1][safepoint    ] Safepoint "RevokeBias", Time since last: 674413304 ns, Reaching safepoint: 140200 ns, At safepoint: 25700 ns, Total: 165900 ns
[2020-03-27T08:53:50.518+0000][1][safepoint    ] Safepoint "RevokeBias", Time since last: 2703500 ns, Reaching safepoint: 94900 ns, At safepoint: 15700 ns, Total: 110600 ns
[2020-03-27T08:53:50.519+0000][1][safepoint    ] Safepoint "RevokeBias", Time since last: 1001600 ns, Reaching safepoint: 150600 ns, At safepoint: 37600 ns, Total: 188200 ns
[2020-03-27T08:53:50.520+0000][1][safepoint    ] Safepoint "RevokeBias", Time since last: 1034600 ns, Reaching safepoint: 48900 ns, At safepoint: 28500 ns, Total: 77400 ns
[2020-03-27T08:53:50.521+0000][1][safepoint    ] Safepoint "RevokeBias", Time since last: 895100 ns, Reaching safepoint: 72500 ns, At safepoint: 5900 ns, Total: 78400 ns
[2020-03-27T08:53:50.522+0000][1][safepoint    ] Safepoint "RevokeBias", Time since last: 947700 ns, Reaching safepoint: 109100 ns, At safepoint: 21800 ns, Total: 130900 ns
[2020-03-27T08:53:50.523+0000][1][safepoint    ] Safepoint "RevokeBias", Time since last: 823600 ns, Reaching safepoint: 72900 ns, At safepoint: 16000 ns, Total: 88900 ns
[2020-03-27T08:53:51.524+0000][1][safepoint    ] Safepoint "Cleanup", Time since last: 1000530407 ns, Reaching safepoint: 96100 ns, At safepoint: 23800 ns, Total: 119900 ns
[2020-03-27T08:53:52.525+0000][1][safepoint    ] Safepoint "Cleanup", Time since last: 1000798706 ns, Reaching safepoint: 454400 ns, At safepoint: 37600 ns, Total: 492000 ns
[2020-03-27T08:53:53.386+0000][1][safepoint    ] Safepoint "RevokeBias", Time since last: 860764307 ns, Reaching safepoint: 244100 ns, At safepoint: 17500 ns, Total: 261600 ns
[2020-03-27T08:53:53.640+0000][1][safepoint    ] Safepoint "RevokeBias", Time since last: 254159402 ns, Reaching safepoint: 137300 ns, At safepoint: 21100 ns, Total: 158400 ns
[2020-03-27T08:53:53.641+0000][1][safepoint    ] Safepoint "RevokeBias", Time since last: 598500 ns, Reaching safepoint: 73600 ns, At safepoint: 21600 ns, Total: 95200 ns
[2020-03-27T08:53:53.644+0000][1][safepoint    ] Safepoint "RevokeBias", Time since last: 3258800 ns, Reaching safepoint: 108600 ns, At safepoint: 21600 ns, Total: 130200 ns
[2020-03-27T08:53:53.646+0000][1][safepoint    ] Safepoint "RevokeBias", Time since last: 1349600 ns, Reaching safepoint: 98800 ns, At safepoint: 21500 ns, Total: 120300 ns
[2020-03-27T08:53:53.685+0000][1][safepoint    ] Safepoint "RevokeBias", Time since last: 39237300 ns, Reaching safepoint: 134600 ns, At safepoint: 19500 ns, Total: 154100 ns
[2020-03-27T08:53:54.686+0000][1][safepoint    ] Safepoint "Cleanup", Time since last: 1000786209 ns, Reaching safepoint: 328600 ns, At safepoint: 35100 ns, Total: 363700 ns
[2020-03-27T08:53:55.689+0000][1][safepoint    ] Safepoint "Cleanup", Time since last: 1002195408 ns, Reaching safepoint: 222200 ns, At safepoint: 25800 ns, Total: 248000 ns
[2020-03-27T08:53:56.690+0000][1][safepoint    ] Safepoint "Cleanup", Time since last: 1001106609 ns, Reaching safepoint: 313000 ns, At safepoint: 79700 ns, Total: 392700 ns
[2020-03-27T08:53:57.693+0000][1][safepoint    ] Safepoint "Cleanup", Time since last: 1002317308 ns, Reaching safepoint: 165900 ns, At safepoint: 24200 ns, Total: 190100 ns
[2020-03-27T08:53:58.192+0000][1][gc,start     ] GC(359) Pause Young (Allocation Failure)
[2020-03-27T08:53:58.193+0000][1][gc,task      ] GC(359) Using 2 workers of 2 for evacuation
[2020-03-27T08:53:58.196+0000][1][gc,age       ] GC(359) Desired survivor size 8716288 bytes, new threshold 6 (max threshold 6)
[2020-03-27T08:53:58.196+0000][1][gc,age       ] GC(359) Age table with threshold 6 (max threshold 6)
[2020-03-27T08:53:58.197+0000][1][gc,age       ] GC(359) - age   1:     628824 bytes,     628824 total
[2020-03-27T08:53:58.197+0000][1][gc,age       ] GC(359) - age   2:     199448 bytes,     828272 total
[2020-03-27T08:53:58.198+0000][1][gc,age       ] GC(359) - age   3:     310976 bytes,    1139248 total
[2020-03-27T08:53:58.198+0000][1][gc,heap      ] GC(359) ParNew: 140139K->2789K(153344K)
[2020-03-27T08:53:58.199+0000][1][gc,heap      ] GC(359) CMS: 189258K->189258K(353920K)
[2020-03-27T08:53:58.199+0000][1][gc,metaspace ] GC(359) Metaspace: 99721K->99721K(1140736K)
[2020-03-27T08:53:58.199+0000][1][gc           ] GC(359) Pause Young (Allocation Failure) 321M->187M(495M) 7.609ms
[2020-03-27T08:53:58.200+0000][1][gc,cpu       ] GC(359) User=0.00s Sys=0.00s Real=0.01s
[2020-03-27T08:53:58.201+0000][1][safepoint    ] Safepoint "GenCollectForAllocation", Time since last: 499027904 ns, Reaching safepoint: 121700 ns, At safepoint: 8732100 ns, Total: 8853800 ns
[2020-03-27T08:53:58.244+0000][1][safepoint    ] Safepoint "RevokeBias", Time since last: 42871001 ns, Reaching safepoint: 107100 ns, At safepoint: 24800 ns, Total: 131900 ns
[2020-03-27T08:53:58.343+0000][1][safepoint    ] Safepoint "RevokeBias", Time since last: 99749101 ns, Reaching safepoint: 130300 ns, At safepoint: 25600 ns, Total: 155900 ns
[2020-03-27T08:53:58.666+0000][1][safepoint    ] Safepoint "RevokeBias", Time since last: 322327402 ns, Reaching safepoint: 169100 ns, At safepoint: 18400 ns, Total: 187500 ns
[2020-03-27T08:53:58.667+0000][1][safepoint    ] Safepoint "RevokeBias", Time since last: 971700 ns, Reaching safepoint: 68100 ns, At safepoint: 13800 ns, Total: 81900 ns
[2020-03-27T08:53:58.669+0000][1][safepoint    ] Safepoint "RevokeBias", Time since last: 1911500 ns, Reaching safepoint: 202700 ns, At safepoint: 26000 ns, Total: 228700 ns
[2020-03-27T08:53:58.671+0000][1][safepoint    ] Safepoint "RevokeBias", Time since last: 1282000 ns, Reaching safepoint: 135700 ns, At safepoint: 14600 ns, Total: 150300 ns
[2020-03-27T08:53:58.722+0000][1][safepoint    ] Safepoint "RevokeBias", Time since last: 51084701 ns, Reaching safepoint: 156400 ns, At safepoint: 27600 ns, Total: 184000 ns
[2020-03-27T08:53:58.743+0000][1][safepoint    ] Safepoint "RevokeBias", Time since last: 20425600 ns, Reaching safepoint: 184100 ns, At safepoint: 25000 ns, Total: 209100 ns
[2020-03-27T08:53:59.743+0000][1][safepoint    ] Safepoint "Cleanup", Time since last: 1000450308 ns, Reaching safepoint: 105600 ns, At safepoint: 20100 ns, Total: 125700 ns
[2020-03-27T08:54:00.744+0000][1][safepoint    ] Safepoint "Cleanup", Time since last: 1000805009 ns, Reaching safepoint: 406700 ns, At safepoint: 78200 ns, Total: 484900 ns
[2020-03-27T08:54:01.747+0000][1][safepoint    ] Safepoint "Cleanup", Time since last: 1002434307 ns, Reaching safepoint: 143300 ns, At safepoint: 11300 ns, Total: 154600 ns
[2020-03-27T08:54:02.748+0000][1][safepoint    ] Safepoint "Cleanup", Time since last: 1000996008 ns, Reaching safepoint: 304700 ns, At safepoint: 83000 ns, Total: 387700 ns
[2020-03-27T08:54:03.334+0000][1][safepoint    ] Safepoint "RevokeBias", Time since last: 585017604 ns, Reaching safepoint: 120000 ns, At safepoint: 39500 ns, Total: 159500 ns
[2020-03-27T08:54:03.795+0000][1][gc,start     ] GC(360) Pause Young (Allocation Failure)
[2020-03-27T08:54:03.795+0000][1][gc,task      ] GC(360) Using 2 workers of 2 for evacuation
[2020-03-27T08:54:03.801+0000][1][gc,age       ] GC(360) Desired survivor size 8716288 bytes, new threshold 6 (max threshold 6)
[2020-03-27T08:54:03.802+0000][1][gc,age       ] GC(360) Age table with threshold 6 (max threshold 6)
[2020-03-27T08:54:03.802+0000][1][gc,age       ] GC(360) - age   1:    2344792 bytes,    2344792 total
[2020-03-27T08:54:03.804+0000][1][gc,age       ] GC(360) - age   2:     552856 bytes,    2897648 total
[2020-03-27T08:54:03.804+0000][1][gc,age       ] GC(360) - age   3:     192456 bytes,    3090104 total
[2020-03-27T08:54:03.805+0000][1][gc,age       ] GC(360) - age   4:     310880 bytes,    3400984 total
[2020-03-27T08:54:03.805+0000][1][gc,heap      ] GC(360) ParNew: 139109K->3902K(153344K)
[2020-03-27T08:54:03.806+0000][1][gc,heap      ] GC(360) CMS: 189258K->189258K(353920K)
[2020-03-27T08:54:03.806+0000][1][gc,metaspace ] GC(360) Metaspace: 99721K->99721K(1140736K)
[2020-03-27T08:54:03.806+0000][1][gc           ] GC(360) Pause Young (Allocation Failure) 320M->188M(495M) 11.118ms
[2020-03-27T08:54:03.806+0000][1][gc,cpu       ] GC(360) User=0.00s Sys=0.00s Real=0.02s
[2020-03-27T08:54:03.807+0000][1][safepoint    ] Safepoint "GenCollectForAllocation", Time since last: 461293903 ns, Reaching safepoint: 224400 ns, At safepoint: 11747400 ns, Total: 11971800 ns
[2020-03-27T08:54:03.812+0000][1][safepoint    ] Safepoint "RevokeBias", Time since last: 4902000 ns, Reaching safepoint: 157600 ns, At safepoint: 25300 ns, Total: 182900 ns
[2020-03-27T08:54:03.813+0000][1][safepoint    ] Safepoint "RevokeBias", Time since last: 714100 ns, Reaching safepoint: 136300 ns, At safepoint: 14400 ns, Total: 150700 ns
[2020-03-27T08:54:03.814+0000][1][safepoint    ] Safepoint "RevokeBias", Time since last: 1103800 ns, Reaching safepoint: 112300 ns, At safepoint: 22100 ns, Total: 134400 ns
[2020-03-27T08:54:03.815+0000][1][safepoint    ] Safepoint "RevokeBias", Time since last: 1214700 ns, Reaching safepoint: 113200 ns, At safepoint: 35800 ns, Total: 149000 ns
[2020-03-27T08:54:03.856+0000][1][safepoint    ] Safepoint "RevokeBias", Time since last: 40394800 ns, Reaching safepoint: 196801 ns, At safepoint: 32200 ns, Total: 229001 ns
[2020-03-27T08:54:04.857+0000][1][safepoint    ] Safepoint "Cleanup", Time since last: 1000635307 ns, Reaching safepoint: 377600 ns, At safepoint: 83700 ns, Total: 461300 ns
[2020-03-27T08:54:05.860+0000][1][safepoint    ] Safepoint "Cleanup", Time since last: 1002043807 ns, Reaching safepoint: 378300 ns, At safepoint: 172900 ns, Total: 551200 ns
[2020-03-27T08:54:06.862+0000][1][safepoint    ] Safepoint "Cleanup", Time since last: 1002166307 ns, Reaching safepoint: 403000 ns, At safepoint: 81100 ns, Total: 484100 ns
[2020-03-27T08:54:07.865+0000][1][safepoint    ] Safepoint "Cleanup", Time since last: 1002663207 ns, Reaching safepoint: 376400 ns, At safepoint: 83700 ns, Total: 460100 ns
[2020-03-27T08:54:08.246+0000][1][safepoint    ] Safepoint "RevokeBias", Time since last: 380904203 ns, Reaching safepoint: 94800 ns, At safepoint: 23800 ns, Total: 118600 ns
[2020-03-27T08:54:08.809+0000][1][safepoint    ] Safepoint "RevokeBias", Time since last: 562082604 ns, Reaching safepoint: 268300 ns, At safepoint: 21800 ns, Total: 290100 ns
[2020-03-27T08:54:08.810+0000][1][safepoint    ] Safepoint "RevokeBias", Time since last: 1100000 ns, Reaching safepoint: 96900 ns, At safepoint: 30500 ns, Total: 127400 ns
[2020-03-27T08:54:08.811+0000][1][safepoint    ] Safepoint "RevokeBias", Time since last: 1155100 ns, Reaching safepoint: 68100 ns, At safepoint: 21900 ns, Total: 90000 ns
[2020-03-27T08:54:08.812+0000][1][safepoint    ] Safepoint "RevokeBias", Time since last: 962900 ns, Reaching safepoint: 147900 ns, At safepoint: 22600 ns, Total: 170500 ns
[2020-03-27T08:54:08.884+0000][1][safepoint    ] Safepoint "RevokeBias", Time since last: 71600000 ns, Reaching safepoint: 256300 ns, At safepoint: 34400 ns, Total: 290700 ns
[2020-03-27T08:54:09.885+0000][1][safepoint    ] Safepoint "Cleanup", Time since last: 1000737118 ns, Reaching safepoint: 146100 ns, At safepoint: 21700 ns, Total: 167800 ns
[2020-03-27T08:54:10.887+0000][1][safepoint    ] Safepoint "Cleanup", Time since last: 1000885320 ns, Reaching safepoint: 488600 ns, At safepoint: 83000 ns, Total: 571600 ns
[2020-03-27T08:54:11.889+0000][1][safepoint    ] Safepoint "Cleanup", Time since last: 1001899320 ns, Reaching safepoint: 140300 ns, At safepoint: 27900 ns, Total: 168200 ns
[2020-03-27T08:54:12.890+0000][1][safepoint    ] Safepoint "Cleanup", Time since last: 1000911620 ns, Reaching safepoint: 210100 ns, At safepoint: 31400 ns, Total: 241500 ns
[2020-03-27T08:54:13.361+0000][1][safepoint    ] Safepoint "RevokeBias", Time since last: 470991309 ns, Reaching safepoint: 163800 ns, At safepoint: 25000 ns, Total: 188800 ns
[2020-03-27T08:54:13.961+0000][1][gc,start     ] GC(361) Pause Young (Allocation Failure)
[2020-03-27T08:54:13.962+0000][1][gc,task      ] GC(361) Using 2 workers of 2 for evacuation
[2020-03-27T08:54:13.972+0000][1][gc,age       ] GC(361) Desired survivor size 8716288 bytes, new threshold 6 (max threshold 6)
[2020-03-27T08:54:13.973+0000][1][gc,age       ] GC(361) Age table with threshold 6 (max threshold 6)
[2020-03-27T08:54:13.973+0000][1][gc,age       ] GC(361) - age   1:    3794320 bytes,    3794320 total
[2020-03-27T08:54:13.974+0000][1][gc,age       ] GC(361) - age   2:     484920 bytes,    4279240 total
[2020-03-27T08:54:13.974+0000][1][gc,age       ] GC(361) - age   3:     545976 bytes,    4825216 total
[2020-03-27T08:54:13.975+0000][1][gc,age       ] GC(361) - age   4:     192456 bytes,    5017672 total
[2020-03-27T08:54:13.975+0000][1][gc,age       ] GC(361) - age   5:     304384 bytes,    5322056 total
[2020-03-27T08:54:13.976+0000][1][gc,heap      ] GC(361) ParNew: 140222K->6837K(153344K)
[2020-03-27T08:54:13.976+0000][1][gc,heap      ] GC(361) CMS: 189258K->189258K(353920K)
[2020-03-27T08:54:13.977+0000][1][gc,metaspace ] GC(361) Metaspace: 99723K->99723K(1140736K)
[2020-03-27T08:54:13.977+0000][1][gc           ] GC(361) Pause Young (Allocation Failure) 321M->191M(495M) 15.662ms
[2020-03-27T08:54:13.977+0000][1][gc,cpu       ] GC(361) User=0.01s Sys=0.00s Real=0.02s
[2020-03-27T08:54:13.978+0000][1][safepoint    ] Safepoint "GenCollectForAllocation", Time since last: 599779212 ns, Reaching safepoint: 297900 ns, At safepoint: 16510701 ns, Total: 16808601 ns
[2020-03-27T08:54:13.989+0000][1][safepoint    ] Safepoint "RevokeBias", Time since last: 10977900 ns, Reaching safepoint: 197100 ns, At safepoint: 17700 ns, Total: 214800 ns
[2020-03-27T08:54:13.990+0000][1][safepoint    ] Safepoint "RevokeBias", Time since last: 815800 ns, Reaching safepoint: 97100 ns, At safepoint: 22600 ns, Total: 119700 ns
[2020-03-27T08:54:13.991+0000][1][safepoint    ] Safepoint "RevokeBias", Time since last: 1374900 ns, Reaching safepoint: 66100 ns, At safepoint: 21200 ns, Total: 87300 ns
[2020-03-27T08:54:13.992+0000][1][safepoint    ] Safepoint "RevokeBias", Time since last: 910300 ns, Reaching safepoint: 62600 ns, At safepoint: 22100 ns, Total: 84700 ns
[2020-03-27T08:54:14.038+0000][1][safepoint    ] Safepoint "RevokeBias", Time since last: 45260101 ns, Reaching safepoint: 217800 ns, At safepoint: 29100 ns, Total: 246900 ns
[2020-03-27T08:54:15.039+0000][1][safepoint    ] Safepoint "Cleanup", Time since last: 1000833720 ns, Reaching safepoint: 327800 ns, At safepoint: 84300 ns, Total: 412100 ns
[2020-03-27T08:54:16.042+0000][1][safepoint    ] Safepoint "Cleanup", Time since last: 1002455620 ns, Reaching safepoint: 130300 ns, At safepoint: 21600 ns, Total: 151900 ns
[2020-03-27T08:54:17.043+0000][1][safepoint    ] Safepoint "Cleanup", Time since last: 1000987920 ns, Reaching safepoint: 325900 ns, At safepoint: 85900 ns, Total: 411800 ns
[2020-03-27T08:54:18.046+0000][1][safepoint    ] Safepoint "Cleanup", Time since last: 1002517919 ns, Reaching safepoint: 138200 ns, At safepoint: 17700 ns, Total: 155900 ns
[2020-03-27T08:54:18.222+0000][1][safepoint    ] Safepoint "RevokeBias", Time since last: 175249203 ns, Reaching safepoint: 535000 ns, At safepoint: 27500 ns, Total: 562500 ns
[2020-03-27T08:54:19.224+0000][1][safepoint    ] Safepoint "Cleanup", Time since last: 1002802519 ns, Reaching safepoint: 105500 ns, At safepoint: 19200 ns, Total: 124700 ns
[2020-03-27T08:54:20.226+0000][1][safepoint    ] Safepoint "Cleanup", Time since last: 1000899218 ns, Reaching safepoint: 428700 ns, At safepoint: 24800 ns, Total: 453500 ns
[2020-03-27T08:54:21.228+0000][1][safepoint    ] Safepoint "Cleanup", Time since last: 1002272419 ns, Reaching safepoint: 325900 ns, At safepoint: 85300 ns, Total: 411200 ns
[2020-03-27T08:54:22.231+0000][1][safepoint    ] Safepoint "Cleanup", Time since last: 1002452718 ns, Reaching safepoint: 326600 ns, At safepoint: 86700 ns, Total: 413300 ns
[2020-03-27T08:54:23.234+0000][1][safepoint    ] Safepoint "Cleanup", Time since last: 1002003819 ns, Reaching safepoint: 404000 ns, At safepoint: 82300 ns, Total: 486300 ns
[2020-03-27T08:54:23.348+0000][1][safepoint    ] Safepoint "RevokeBias", Time since last: 114308902 ns, Reaching safepoint: 122100 ns, At safepoint: 32700 ns, Total: 154800 ns
[2020-03-27T08:54:24.349+0000][1][safepoint    ] Safepoint "Cleanup", Time since last: 1000459718 ns, Reaching safepoint: 149100 ns, At safepoint: 37600 ns, Total: 186700 ns
[2020-03-27T08:54:25.350+0000][1][safepoint    ] Safepoint "Cleanup", Time since last: 1000654114 ns, Reaching safepoint: 96500 ns, At safepoint: 17300 ns, Total: 113800 ns
[2020-03-27T08:54:26.351+0000][1][safepoint    ] Safepoint "Cleanup", Time since last: 1000921291 ns, Reaching safepoint: 95300 ns, At safepoint: 16400 ns, Total: 111700 ns
[2020-03-27T08:54:27.352+0000][1][safepoint    ] Safepoint "Cleanup", Time since last: 1000828792 ns, Reaching safepoint: 378300 ns, At safepoint: 79100 ns, Total: 457400 ns
[2020-03-27T08:54:28.234+0000][1][safepoint    ] Safepoint "RevokeBias", Time since last: 881977193 ns, Reaching safepoint: 98600 ns, At safepoint: 26200 ns, Total: 124800 ns
[2020-03-27T08:54:29.235+0000][1][safepoint    ] Safepoint "Cleanup", Time since last: 1001003092 ns, Reaching safepoint: 99000 ns, At safepoint: 17700 ns, Total: 116700 ns
[2020-03-27T08:54:30.236+0000][1][safepoint    ] Safepoint "Cleanup", Time since last: 1000793791 ns, Reaching safepoint: 327600 ns, At safepoint: 88000 ns, Total: 415600 ns
[2020-03-27T08:54:31.240+0000][1][safepoint    ] Safepoint "Cleanup", Time since last: 1003092492 ns, Reaching safepoint: 325300 ns, At safepoint: 26200 ns, Total: 351500 ns
[2020-03-27T08:54:32.242+0000][1][safepoint    ] Safepoint "Cleanup", Time since last: 1002015192 ns, Reaching safepoint: 326500 ns, At safepoint: 83900 ns, Total: 410400 ns
[2020-03-27T08:54:33.245+0000][1][safepoint    ] Safepoint "Cleanup", Time since last: 1002152187 ns, Reaching safepoint: 410700 ns, At safepoint: 121600 ns, Total: 532300 ns
[2020-03-27T08:54:33.344+0000][1][safepoint    ] Safepoint "RevokeBias", Time since last: 99132193 ns, Reaching safepoint: 121000 ns, At safepoint: 16000 ns, Total: 137000 ns
[2020-03-27T08:54:34.345+0000][1][safepoint    ] Safepoint "Cleanup", Time since last: 1000776928 ns, Reaching safepoint: 321700 ns, At safepoint: 89200 ns, Total: 410900 ns
[2020-03-27T08:54:35.348+0000][1][safepoint    ] Safepoint "Cleanup", Time since last: 1002243628 ns, Reaching safepoint: 124500 ns, At safepoint: 18100 ns, Total: 142600 ns
[2020-03-27T08:54:36.349+0000][1][safepoint    ] Safepoint "Cleanup", Time since last: 1000846828 ns, Reaching safepoint: 97100 ns, At safepoint: 16500 ns, Total: 113600 ns
[2020-03-27T08:54:37.350+0000][1][safepoint    ] Safepoint "Cleanup", Time since last: 1000801728 ns, Reaching safepoint: 379500 ns, At safepoint: 82500 ns, Total: 462000 ns
[2020-03-27T08:54:38.195+0000][1][safepoint    ] Safepoint "RevokeBias", Time since last: 844434439 ns, Reaching safepoint: 97800 ns, At safepoint: 23700 ns, Total: 121500 ns
[2020-03-27T08:54:39.196+0000][1][safepoint    ] Safepoint "Cleanup", Time since last: 1000692728 ns, Reaching safepoint: 142600 ns, At safepoint: 76000 ns, Total: 218600 ns
[2020-03-27T08:54:40.197+0000][1][safepoint    ] Safepoint "Cleanup", Time since last: 1001005728 ns, Reaching safepoint: 249300 ns, At safepoint: 61100 ns, Total: 310400 ns
[2020-03-27T08:54:41.199+0000][1][safepoint    ] Safepoint "Cleanup", Time since last: 1001571529 ns, Reaching safepoint: 142900 ns, At safepoint: 21300 ns, Total: 164200 ns
[2020-03-27T08:54:42.200+0000][1][safepoint    ] Safepoint "Cleanup", Time since last: 1001127350 ns, Reaching safepoint: 139800 ns, At safepoint: 30700 ns, Total: 170500 ns
[2020-03-27T08:54:42.906+0000][1][gc,start     ] GC(362) Pause Young (Allocation Failure)
[2020-03-27T08:54:42.907+0000][1][gc,task      ] GC(362) Using 2 workers of 2 for evacuation
[2020-03-27T08:54:42.919+0000][1][gc,age       ] GC(362) Desired survivor size 8716288 bytes, new threshold 1 (max threshold 6)
[2020-03-27T08:54:42.920+0000][1][gc,age       ] GC(362) Age table with threshold 1 (max threshold 6)
[2020-03-27T08:54:42.920+0000][1][gc,age       ] GC(362) - age   1:   13705448 bytes,   13705448 total
[2020-03-27T08:54:42.921+0000][1][gc,age       ] GC(362) - age   2:     658984 bytes,   14364432 total
[2020-03-27T08:54:42.921+0000][1][gc,age       ] GC(362) - age   3:     483688 bytes,   14848120 total
[2020-03-27T08:54:42.921+0000][1][gc,age       ] GC(362) - age   4:     545304 bytes,   15393424 total
[2020-03-27T08:54:42.922+0000][1][gc,age       ] GC(362) - age   5:     190936 bytes,   15584360 total
[2020-03-27T08:54:42.922+0000][1][gc,age       ] GC(362) - age   6:     304304 bytes,   15888664 total
[2020-03-27T08:54:42.923+0000][1][gc,heap      ] GC(362) ParNew: 143157K->16035K(153344K)
[2020-03-27T08:54:42.923+0000][1][gc,heap      ] GC(362) CMS: 189258K->189258K(353920K)
[2020-03-27T08:54:42.924+0000][1][gc,metaspace ] GC(362) Metaspace: 99752K->99752K(1140736K)
[2020-03-27T08:54:42.924+0000][1][gc           ] GC(362) Pause Young (Allocation Failure) 324M->200M(495M) 18.236ms
[2020-03-27T08:54:42.924+0000][1][gc,cpu       ] GC(362) User=0.01s Sys=0.00s Real=0.01s
[2020-03-27T08:54:42.925+0000][1][safepoint    ] Safepoint "GenCollectForAllocation", Time since last: 705651765 ns, Reaching safepoint: 220400 ns, At safepoint: 19122999 ns, Total: 19343399 ns
[2020-03-27T08:54:43.353+0000][1][safepoint    ] Safepoint "RevokeBias", Time since last: 427595779 ns, Reaching safepoint: 175600 ns, At safepoint: 39400 ns, Total: 215000 ns
[2020-03-27T08:54:43.977+0000][1][safepoint    ] Safepoint "RevokeBias", Time since last: 624150969 ns, Reaching safepoint: 145900 ns, At safepoint: 18300 ns, Total: 164200 ns
[2020-03-27T08:54:43.978+0000][1][safepoint    ] Safepoint "BulkRevokeBias", Time since last: 379600 ns, Reaching safepoint: 85800 ns, At safepoint: 521000 ns, Total: 606800 ns
[2020-03-27T08:54:43.979+0000][1][safepoint    ] Safepoint "RevokeBias", Time since last: 938000 ns, Reaching safepoint: 92300 ns, At safepoint: 20500 ns, Total: 112800 ns
[2020-03-27T08:54:43.980+0000][1][safepoint    ] Safepoint "RevokeBias", Time since last: 1165300 ns, Reaching safepoint: 82500 ns, At safepoint: 20300 ns, Total: 102800 ns
[2020-03-27T08:54:43.981+0000][1][safepoint    ] Safepoint "RevokeBias", Time since last: 465000 ns, Reaching safepoint: 174500 ns, At safepoint: 14000 ns, Total: 188500 ns
[2020-03-27T08:54:44.025+0000][1][safepoint    ] Safepoint "RevokeBias", Time since last: 44038798 ns, Reaching safepoint: 224300 ns, At safepoint: 32700 ns, Total: 257000 ns
[2020-03-27T08:54:44.096+0000][1][safepoint    ] Safepoint "RevokeBias", Time since last: 70337796 ns, Reaching safepoint: 195700 ns, At safepoint: 13900 ns, Total: 209600 ns
[2020-03-27T08:54:44.102+0000][1][safepoint    ] Safepoint "RevokeBias", Time since last: 6150700 ns, Reaching safepoint: 218300 ns, At safepoint: 183500 ns, Total: 401800 ns
[2020-03-27T08:54:44.107+0000][1][safepoint    ] Safepoint "RevokeBias", Time since last: 2722700 ns, Reaching safepoint: 1774600 ns, At safepoint: 113400 ns, Total: 1888000 ns
[2020-03-27T08:54:44.134+0000][1][safepoint    ] Safepoint "RevokeBias", Time since last: 26153599 ns, Reaching safepoint: 229900 ns, At safepoint: 123200 ns, Total: 353100 ns
[2020-03-27T08:54:44.135+0000][1][safepoint    ] Safepoint "RevokeBias", Time since last: 793100 ns, Reaching safepoint: 139900 ns, At safepoint: 93699 ns, Total: 233599 ns
[2020-03-27T08:54:44.137+0000][1][safepoint    ] Safepoint "RevokeBias", Time since last: 2108900 ns, Reaching safepoint: 114600 ns, At safepoint: 26100 ns, Total: 140700 ns
[2020-03-27T08:54:44.138+0000][1][safepoint    ] Safepoint "RevokeBias", Time since last: 1325000 ns, Reaching safepoint: 244600 ns, At safepoint: 28400 ns, Total: 273000 ns
[2020-03-27T08:54:44.183+0000][1][safepoint    ] Safepoint "RevokeBias", Time since last: 44081298 ns, Reaching safepoint: 155800 ns, At safepoint: 22800 ns, Total: 178600 ns
[2020-03-27T08:54:44.255+0000][1][safepoint    ] Safepoint "RevokeBias", Time since last: 71671297 ns, Reaching safepoint: 251700 ns, At safepoint: 33800 ns, Total: 285500 ns
[2020-03-27T08:54:44.256+0000][1][safepoint    ] Safepoint "RevokeBias", Time since last: 1412299 ns, Reaching safepoint: 77600 ns, At safepoint: 22700 ns, Total: 100300 ns
[2020-03-27T08:54:44.257+0000][1][safepoint    ] Safepoint "RevokeBias", Time since last: 981200 ns, Reaching safepoint: 100300 ns, At safepoint: 25100 ns, Total: 125400 ns
[2020-03-27T08:54:45.258+0000][1][safepoint    ] Safepoint "Cleanup", Time since last: 1000643451 ns, Reaching safepoint: 442500 ns, At safepoint: 73900 ns, Total: 516400 ns
[2020-03-27T08:54:45.401+0000][1][gc,start     ] GC(363) Pause Young (Allocation Failure)
[2020-03-27T08:54:45.401+0000][1][gc,task      ] GC(363) Using 2 workers of 2 for evacuation
[2020-03-27T08:54:45.411+0000][1][gc,age       ] GC(363) Desired survivor size 8716288 bytes, new threshold 6 (max threshold 6)
[2020-03-27T08:54:45.411+0000][1][gc,age       ] GC(363) Age table with threshold 6 (max threshold 6)
[2020-03-27T08:54:45.412+0000][1][gc,age       ] GC(363) - age   1:    1967832 bytes,    1967832 total
[2020-03-27T08:54:45.412+0000][1][gc,heap      ] GC(363) ParNew: 152205K->12782K(153344K)
[2020-03-27T08:54:45.412+0000][1][gc,heap      ] GC(363) CMS: 189258K->191684K(353920K)
[2020-03-27T08:54:45.413+0000][1][gc,metaspace ] GC(363) Metaspace: 99754K->99754K(1140736K)
[2020-03-27T08:54:45.413+0000][1][gc           ] GC(363) Pause Young (Allocation Failure) 333M->199M(495M) 12.312ms
[2020-03-27T08:54:45.413+0000][1][gc,cpu       ] GC(363) User=0.00s Sys=0.00s Real=0.01s
[2020-03-27T08:54:45.414+0000][1][safepoint    ] Safepoint "GenCollectForAllocation", Time since last: 142103893 ns, Reaching safepoint: 134500 ns, At safepoint: 13148299 ns, Total: 13282799 ns
[2020-03-27T08:54:45.422+0000][1][safepoint    ] Safepoint "RevokeBias", Time since last: 8036000 ns, Reaching safepoint: 208500 ns, At safepoint: 35400 ns, Total: 243900 ns
[2020-03-27T08:54:45.423+0000][1][safepoint    ] Safepoint "RevokeBias", Time since last: 451300 ns, Reaching safepoint: 158700 ns, At safepoint: 15400 ns, Total: 174100 ns
[2020-03-27T08:54:45.424+0000][1][safepoint    ] Safepoint "RevokeBias", Time since last: 1519200 ns, Reaching safepoint: 129100 ns, At safepoint: 12000 ns, Total: 141100 ns
[2020-03-27T08:54:45.425+0000][1][safepoint    ] Safepoint "RevokeBias", Time since last: 623600 ns, Reaching safepoint: 126700 ns, At safepoint: 15100 ns, Total: 141800 ns
[2020-03-27T08:54:45.474+0000][1][safepoint    ] Safepoint "RevokeBias", Time since last: 48513197 ns, Reaching safepoint: 224300 ns, At safepoint: 32600 ns, Total: 256900 ns
[2020-03-27T08:54:46.475+0000][1][safepoint    ] Safepoint "Cleanup", Time since last: 1000917351 ns, Reaching safepoint: 140800 ns, At safepoint: 25100 ns, Total: 165900 ns
[2020-03-27T08:54:47.476+0000][1][safepoint    ] Safepoint "Cleanup", Time since last: 1001019050 ns, Reaching safepoint: 330000 ns, At safepoint: 37300 ns, Total: 367300 ns
[2020-03-27T08:54:48.220+0000][1][safepoint    ] Safepoint "RevokeBias", Time since last: 743738064 ns, Reaching safepoint: 94100 ns, At safepoint: 41100 ns, Total: 135200 ns
[2020-03-27T08:54:49.119+0000][1][safepoint    ] Safepoint "RevokeBias", Time since last: 898345155 ns, Reaching safepoint: 235500 ns, At safepoint: 21900 ns, Total: 257400 ns
[2020-03-27T08:54:49.120+0000][1][safepoint    ] Safepoint "RevokeBias", Time since last: 899600 ns, Reaching safepoint: 88800 ns, At safepoint: 21100 ns, Total: 109900 ns
[2020-03-27T08:54:49.121+0000][1][safepoint    ] Safepoint "RevokeBias", Time since last: 1210300 ns, Reaching safepoint: 81100 ns, At safepoint: 20300 ns, Total: 101400 ns
[2020-03-27T08:54:49.122+0000][1][safepoint    ] Safepoint "RevokeBias", Time since last: 889600 ns, Reaching safepoint: 61400 ns, At safepoint: 21600 ns, Total: 83000 ns
[2020-03-27T08:54:49.166+0000][1][safepoint    ] Safepoint "RevokeBias", Time since last: 43636698 ns, Reaching safepoint: 143400 ns, At safepoint: 35400 ns, Total: 178800 ns
[2020-03-27T08:54:50.221+0000][1][safepoint    ] Safepoint "Cleanup", Time since last: 1054151071 ns, Reaching safepoint: 344100 ns, At safepoint: 86000 ns, Total: 430100 ns
[2020-03-27T08:54:51.223+0000][1][safepoint    ] Safepoint "Cleanup", Time since last: 1002352773 ns, Reaching safepoint: 117700 ns, At safepoint: 25000 ns, Total: 142700 ns
[2020-03-27T08:54:52.224+0000][1][safepoint    ] Safepoint "Cleanup", Time since last: 1001034973 ns, Reaching safepoint: 332300 ns, At safepoint: 88500 ns, Total: 420800 ns
[2020-03-27T08:54:53.227+0000][1][safepoint    ] Safepoint "Cleanup", Time since last: 1002156974 ns, Reaching safepoint: 335300 ns, At safepoint: 116300 ns, Total: 451600 ns
[2020-03-27T08:54:53.363+0000][1][safepoint    ] Safepoint "RevokeBias", Time since last: 135012496 ns, Reaching safepoint: 352300 ns, At safepoint: 129800 ns, Total: 482100 ns
[2020-03-27T08:54:54.237+0000][1][gc,start     ] GC(364) Pause Young (Allocation Failure)
[2020-03-27T08:54:54.237+0000][1][gc,task      ] GC(364) Using 2 workers of 2 for evacuation
[2020-03-27T08:54:54.241+0000][1][gc,age       ] GC(364) Desired survivor size 8716288 bytes, new threshold 6 (max threshold 6)
[2020-03-27T08:54:54.242+0000][1][gc,age       ] GC(364) Age table with threshold 6 (max threshold 6)
[2020-03-27T08:54:54.242+0000][1][gc,age       ] GC(364) - age   1:    3603960 bytes,    3603960 total
[2020-03-27T08:54:54.242+0000][1][gc,age       ] GC(364) - age   2:     961984 bytes,    4565944 total
[2020-03-27T08:54:54.243+0000][1][gc,heap      ] GC(364) ParNew: 149056K->5333K(153344K)
[2020-03-27T08:54:54.243+0000][1][gc,heap      ] GC(364) CMS: 191684K->191684K(353920K)
[2020-03-27T08:54:54.244+0000][1][gc,metaspace ] GC(364) Metaspace: 99754K->99754K(1140736K)
[2020-03-27T08:54:54.244+0000][1][gc           ] GC(364) Pause Young (Allocation Failure) 332M->192M(495M) 7.231ms
[2020-03-27T08:54:54.244+0000][1][gc,cpu       ] GC(364) User=0.00s Sys=0.00s Real=0.00s
[2020-03-27T08:54:54.245+0000][1][safepoint    ] Safepoint "GenCollectForAllocation", Time since last: 873929777 ns, Reaching safepoint: 286400 ns, At safepoint: 8166399 ns, Total: 8452799 ns
[2020-03-27T08:54:54.258+0000][1][safepoint    ] Safepoint "RevokeBias", Time since last: 13007000 ns, Reaching safepoint: 193800 ns, At safepoint: 32000 ns, Total: 225800 ns
[2020-03-27T08:54:54.259+0000][1][safepoint    ] Safepoint "RevokeBias", Time since last: 680200 ns, Reaching safepoint: 89000 ns, At safepoint: 12000 ns, Total: 101000 ns
[2020-03-27T08:54:54.260+0000][1][safepoint    ] Safepoint "RevokeBias", Time since last: 1307400 ns, Reaching safepoint: 84100 ns, At safepoint: 19500 ns, Total: 103600 ns
[2020-03-27T08:54:54.262+0000][1][safepoint    ] Safepoint "RevokeBias", Time since last: 1109700 ns, Reaching safepoint: 140100 ns, At safepoint: 12200 ns, Total: 152300 ns
[2020-03-27T08:54:54.301+0000][1][safepoint    ] Safepoint "RevokeBias", Time since last: 38653899 ns, Reaching safepoint: 221800 ns, At safepoint: 49100 ns, Total: 270900 ns
[2020-03-27T08:54:55.301+0000][1][safepoint    ] Safepoint "Cleanup", Time since last: 1000549873 ns, Reaching safepoint: 368100 ns, At safepoint: 21900 ns, Total: 390000 ns
[2020-03-27T08:54:56.304+0000][1][safepoint    ] Safepoint "Cleanup", Time since last: 1001896873 ns, Reaching safepoint: 171000 ns, At safepoint: 9600 ns, Total: 180600 ns
[2020-03-27T08:54:57.305+0000][1][safepoint    ] Safepoint "Cleanup", Time since last: 1000993471 ns, Reaching safepoint: 374800 ns, At safepoint: 82500 ns, Total: 457300 ns
[2020-03-27T08:54:58.255+0000][1][safepoint    ] Safepoint "RevokeBias", Time since last: 949884749 ns, Reaching safepoint: 96100 ns, At safepoint: 23900 ns, Total: 120000 ns
[2020-03-27T08:54:59.256+0000][1][safepoint    ] Safepoint "Cleanup", Time since last: 1000608146 ns, Reaching safepoint: 509700 ns, At safepoint: 24300 ns, Total: 534000 ns
[2020-03-27T08:54:59.275+0000][1][safepoint    ] Safepoint "RevokeBias", Time since last: 19145799 ns, Reaching safepoint: 109800 ns, At safepoint: 25800 ns, Total: 135600 ns
[2020-03-27T08:54:59.277+0000][1][safepoint    ] Safepoint "RevokeBias", Time since last: 1100800 ns, Reaching safepoint: 73800 ns, At safepoint: 12500 ns, Total: 86300 ns
[2020-03-27T08:54:59.278+0000][1][safepoint    ] Safepoint "RevokeBias", Time since last: 1365200 ns, Reaching safepoint: 87800 ns, At safepoint: 21000 ns, Total: 108800 ns
[2020-03-27T08:54:59.279+0000][1][safepoint    ] Safepoint "RevokeBias", Time since last: 520500 ns, Reaching safepoint: 66200 ns, At safepoint: 23300 ns, Total: 89500 ns
[2020-03-27T08:54:59.322+0000][1][safepoint    ] Safepoint "RevokeBias", Time since last: 43133698 ns, Reaching safepoint: 129600 ns, At safepoint: 18300 ns, Total: 147900 ns
[2020-03-27T08:55:00.323+0000][1][safepoint    ] Safepoint "Cleanup", Time since last: 1000582646 ns, Reaching safepoint: 389600 ns, At safepoint: 81100 ns, Total: 470700 ns
[2020-03-27T08:55:01.326+0000][1][safepoint    ] Safepoint "Cleanup", Time since last: 1002141646 ns, Reaching safepoint: 393000 ns, At safepoint: 86400 ns, Total: 479400 ns
[2020-03-27T08:55:02.328+0000][1][safepoint    ] Safepoint "Cleanup", Time since last: 1002180046 ns, Reaching safepoint: 324100 ns, At safepoint: 87900 ns, Total: 412000 ns
[2020-03-27T08:55:03.331+0000][1][safepoint    ] Safepoint "Cleanup", Time since last: 1002442946 ns, Reaching safepoint: 322700 ns, At safepoint: 84600 ns, Total: 407300 ns
[2020-03-27T08:55:03.366+0000][1][safepoint    ] Safepoint "RevokeBias", Time since last: 34897298 ns, Reaching safepoint: 146100 ns, At safepoint: 27600 ns, Total: 173700 ns
[2020-03-27T08:55:03.397+0000][1][gc,start     ] GC(365) Pause Young (Allocation Failure)
[2020-03-27T08:55:03.397+0000][1][gc,task      ] GC(365) Using 2 workers of 2 for evacuation
[2020-03-27T08:55:03.406+0000][1][gc,age       ] GC(365) Desired survivor size 8716288 bytes, new threshold 6 (max threshold 6)
[2020-03-27T08:55:03.406+0000][1][gc,age       ] GC(365) Age table with threshold 6 (max threshold 6)
[2020-03-27T08:55:03.406+0000][1][gc,age       ] GC(365) - age   1:    4655944 bytes,    4655944 total
[2020-03-27T08:55:03.407+0000][1][gc,age       ] GC(365) - age   2:     514048 bytes,    5169992 total
[2020-03-27T08:55:03.407+0000][1][gc,age       ] GC(365) - age   3:     949752 bytes,    6119744 total
[2020-03-27T08:55:03.408+0000][1][gc,heap      ] GC(365) ParNew: 141561K->8466K(153344K)
[2020-03-27T08:55:03.408+0000][1][gc,heap      ] GC(365) CMS: 191684K->191684K(353920K)
[2020-03-27T08:55:03.409+0000][1][gc,metaspace ] GC(365) Metaspace: 99754K->99754K(1140736K)
[2020-03-27T08:55:03.409+0000][1][gc           ] GC(365) Pause Young (Allocation Failure) 325M->195M(495M) 12.240ms
[2020-03-27T08:55:03.410+0000][1][gc,cpu       ] GC(365) User=0.01s Sys=0.00s Real=0.01s
