[2020-03-27T04:54:11.428+0000][123][gc] Using Concurrent Mark Sweep
[2020-03-27T04:54:11.429+0000][123][gc,heap,coops] Heap address: 0x00000000e0000000, size: 512 MB, Compressed Oops mode: 32-bit
[2020-03-27T04:54:11.475+0000][123][safepoint    ] Safepoint "EnableBiasedLocking", Time since last: 20594692 ns, Reaching safepoint: 90200 ns, At safepoint: 13999 ns, Total: 104199 ns
[2020-03-27T04:54:11.477+0000][123][gc,heap,exit ] Heap
[2020-03-27T04:54:11.478+0000][123][gc,heap,exit ]  par new generation   total 39296K, used 2097K [0x00000000e0000000, 0x00000000e2aa0000, 0x00000000ea660000)
[2020-03-27T04:54:11.478+0000][123][gc,heap,exit ]   eden space 34944K,   6% used [0x00000000e0000000, 0x00000000e020c418, 0x00000000e2220000)
[2020-03-27T04:54:11.479+0000][123][gc,heap,exit ]   from space 4352K,   0% used [0x00000000e2220000, 0x00000000e2220000, 0x00000000e2660000)
[2020-03-27T04:54:11.479+0000][123][gc,heap,exit ]   to   space 4352K,   0% used [0x00000000e2660000, 0x00000000e2660000, 0x00000000e2aa0000)
[2020-03-27T04:54:11.480+0000][123][gc,heap,exit ]  concurrent mark-sweep generation total 87424K, used 0K [0x00000000ea660000, 0x00000000efbc0000, 0x0000000100000000)
[2020-03-27T04:54:11.480+0000][123][gc,heap,exit ]  Metaspace       used 170K, capacity 4480K, committed 4480K, reserved 1056768K
[2020-03-27T04:54:11.481+0000][123][gc,heap,exit ]   class space    used 8K, capacity 384K, committed 384K, reserved 1048576K
