[2020-03-27T04:53:06.933+0000][1][gc] Using Concurrent Mark Sweep
[2020-03-27T04:53:06.934+0000][1][gc,heap,coops] Heap address: 0x00000000e0000000, size: 512 MB, Compressed Oops mode: 32-bit
[2020-03-27T04:53:06.963+0000][1][safepoint    ] Safepoint "EnableBiasedLocking", Time since last: 21007203 ns, Reaching safepoint: 168000 ns, At safepoint: 25100 ns, Total: 193100 ns
[2020-03-27T04:53:06.967+0000][1][safepoint    ] Safepoint "RevokeBias", Time since last: 3916801 ns, Reaching safepoint: 124000 ns, At safepoint: 40200 ns, Total: 164200 ns
[2020-03-27T04:53:06.971+0000][1][safepoint    ] Safepoint "Deoptimize", Time since last: 3720700 ns, Reaching safepoint: 115500 ns, At safepoint: 21000 ns, Total: 136500 ns
[2020-03-27T04:53:07.022+0000][1][safepoint    ] Safepoint "RevokeBias", Time since last: 50946607 ns, Reaching safepoint: 17200 ns, At safepoint: 52400 ns, Total: 69600 ns
[2020-03-27T04:53:07.040+0000][1][safepoint    ] Safepoint "Deoptimize", Time since last: 18258703 ns, Reaching safepoint: 90200 ns, At safepoint: 30800 ns, Total: 121000 ns
[2020-03-27T04:53:07.237+0000][1][safepoint    ] Safepoint "Deoptimize", Time since last: 196967327 ns, Reaching safepoint: 259200 ns, At safepoint: 68700 ns, Total: 327900 ns
[2020-03-27T04:53:07.267+0000][1][safepoint    ] Safepoint "Deoptimize", Time since last: 29240904 ns, Reaching safepoint: 98300 ns, At safepoint: 62800 ns, Total: 161100 ns
[2020-03-27T04:53:07.327+0000][1][safepoint    ] Safepoint "Deoptimize", Time since last: 59494608 ns, Reaching safepoint: 93700 ns, At safepoint: 73300 ns, Total: 167000 ns
[2020-03-27T04:53:07.392+0000][1][gc,start     ] GC(0) Pause Young (Allocation Failure)
[2020-03-27T04:53:07.393+0000][1][gc,task      ] GC(0) Using 2 workers of 2 for evacuation
[2020-03-27T04:53:07.397+0000][1][gc,age       ] GC(0) Desired survivor size 2228224 bytes, new threshold 1 (max threshold 6)
[2020-03-27T04:53:07.398+0000][1][gc,age       ] GC(0) Age table with threshold 1 (max threshold 6)
[2020-03-27T04:53:07.398+0000][1][gc,age       ] GC(0) - age   1:    4420360 bytes,    4420360 total
[2020-03-27T04:53:07.398+0000][1][gc,heap      ] GC(0) ParNew: 34944K->4342K(39296K)
[2020-03-27T04:53:07.398+0000][1][gc,heap      ] GC(0) CMS: 0K->0K(87424K)
[2020-03-27T04:53:07.399+0000][1][gc,metaspace ] GC(0) Metaspace: 7945K->7945K(1056768K)
[2020-03-27T04:53:07.399+0000][1][gc           ] GC(0) Pause Young (Allocation Failure) 34M->4M(123M) 6.920ms
[2020-03-27T04:53:07.399+0000][1][gc,cpu       ] GC(0) User=0.01s Sys=0.00s Real=0.01s
[2020-03-27T04:53:07.399+0000][1][safepoint    ] Safepoint "GenCollectForAllocation", Time since last: 65336809 ns, Reaching safepoint: 30600 ns, At safepoint: 7391301 ns, Total: 7421901 ns
[2020-03-27T04:53:07.400+0000][1][safepoint    ] Safepoint "RevokeBias", Time since last: 485100 ns, Reaching safepoint: 113300 ns, At safepoint: 88500 ns, Total: 201800 ns
[2020-03-27T04:53:07.402+0000][1][safepoint    ] Safepoint "RevokeBias", Time since last: 1426900 ns, Reaching safepoint: 95200 ns, At safepoint: 180900 ns, Total: 276100 ns
[2020-03-27T04:53:07.402+0000][1][safepoint    ] Safepoint "RevokeBias", Time since last: 356700 ns, Reaching safepoint: 113000 ns, At safepoint: 21900 ns, Total: 134900 ns
[2020-03-27T04:53:07.404+0000][1][safepoint    ] Safepoint "RevokeBias", Time since last: 1248800 ns, Reaching safepoint: 105200 ns, At safepoint: 27900 ns, Total: 133100 ns
[2020-03-27T04:53:07.404+0000][1][safepoint    ] Safepoint "RevokeBias", Time since last: 328500 ns, Reaching safepoint: 69100 ns, At safepoint: 16200 ns, Total: 85300 ns
[2020-03-27T04:53:07.404+0000][1][safepoint    ] Safepoint "RevokeBias", Time since last: 230500 ns, Reaching safepoint: 93800 ns, At safepoint: 34300 ns, Total: 128100 ns
[2020-03-27T04:53:07.405+0000][1][safepoint    ] Safepoint "RevokeBias", Time since last: 231000 ns, Reaching safepoint: 84300 ns, At safepoint: 33200 ns, Total: 117500 ns
[2020-03-27T04:53:07.405+0000][1][safepoint    ] Safepoint "RevokeBias", Time since last: 177300 ns, Reaching safepoint: 102000 ns, At safepoint: 50800 ns, Total: 152800 ns
[2020-03-27T04:53:07.405+0000][1][safepoint    ] Safepoint "RevokeBias", Time since last: 283100 ns, Reaching safepoint: 87400 ns, At safepoint: 22300 ns, Total: 109700 ns
[2020-03-27T04:53:07.406+0000][1][safepoint    ] Safepoint "RevokeBias", Time since last: 205700 ns, Reaching safepoint: 128400 ns, At safepoint: 27100 ns, Total: 155500 ns
[2020-03-27T04:53:07.406+0000][1][safepoint    ] Safepoint "RevokeBias", Time since last: 201700 ns, Reaching safepoint: 133601 ns, At safepoint: 31200 ns, Total: 164801 ns
[2020-03-27T04:53:07.407+0000][1][safepoint    ] Safepoint "RevokeBias", Time since last: 292000 ns, Reaching safepoint: 62600 ns, At safepoint: 72600 ns, Total: 135200 ns
[2020-03-27T04:53:07.407+0000][1][safepoint    ] Safepoint "RevokeBias", Time since last: 192700 ns, Reaching safepoint: 86700 ns, At safepoint: 18100 ns, Total: 104800 ns
[2020-03-27T04:53:07.407+0000][1][safepoint    ] Safepoint "RevokeBias", Time since last: 189200 ns, Reaching safepoint: 100400 ns, At safepoint: 17700 ns, Total: 118100 ns
[2020-03-27T04:53:07.408+0000][1][safepoint    ] Safepoint "RevokeBias", Time since last: 274600 ns, Reaching safepoint: 205100 ns, At safepoint: 23800 ns, Total: 228900 ns
[2020-03-27T04:53:07.408+0000][1][safepoint    ] Safepoint "RevokeBias", Time since last: 311100 ns, Reaching safepoint: 93000 ns, At safepoint: 24300 ns, Total: 117300 ns
[2020-03-27T04:53:07.408+0000][1][safepoint    ] Safepoint "RevokeBias", Time since last: 287900 ns, Reaching safepoint: 55900 ns, At safepoint: 16600 ns, Total: 72500 ns
[2020-03-27T04:53:07.409+0000][1][safepoint    ] Safepoint "RevokeBias", Time since last: 296000 ns, Reaching safepoint: 101700 ns, At safepoint: 48200 ns, Total: 149900 ns
[2020-03-27T04:53:07.409+0000][1][safepoint    ] Safepoint "RevokeBias", Time since last: 392100 ns, Reaching safepoint: 94200 ns, At safepoint: 37000 ns, Total: 131200 ns
[2020-03-27T04:53:07.410+0000][1][safepoint    ] Safepoint "RevokeBias", Time since last: 247900 ns, Reaching safepoint: 98100 ns, At safepoint: 25700 ns, Total: 123800 ns
[2020-03-27T04:53:07.410+0000][1][safepoint    ] Safepoint "RevokeBias", Time since last: 229700 ns, Reaching safepoint: 89100 ns, At safepoint: 120400 ns, Total: 209500 ns
[2020-03-27T04:53:07.411+0000][1][safepoint    ] Safepoint "RevokeBias", Time since last: 239500 ns, Reaching safepoint: 95800 ns, At safepoint: 107300 ns, Total: 203100 ns
[2020-03-27T04:53:07.411+0000][1][safepoint    ] Safepoint "RevokeBias", Time since last: 279400 ns, Reaching safepoint: 54500 ns, At safepoint: 56700 ns, Total: 111200 ns
[2020-03-27T04:53:07.411+0000][1][safepoint    ] Safepoint "RevokeBias", Time since last: 211400 ns, Reaching safepoint: 100900 ns, At safepoint: 28200 ns, Total: 129100 ns
[2020-03-27T04:53:07.415+0000][1][safepoint    ] Safepoint "RevokeBias", Time since last: 266400 ns, Reaching safepoint: 3523001 ns, At safepoint: 83200 ns, Total: 3606201 ns
[2020-03-27T04:53:07.416+0000][1][safepoint    ] Safepoint "RevokeBias", Time since last: 365100 ns, Reaching safepoint: 11000 ns, At safepoint: 30700 ns, Total: 41700 ns
[2020-03-27T04:53:07.459+0000][1][safepoint    ] Safepoint "Deoptimize", Time since last: 43260506 ns, Reaching safepoint: 98900 ns, At safepoint: 78900 ns, Total: 177800 ns
[2020-03-27T04:53:07.566+0000][1][safepoint    ] Safepoint "Deoptimize", Time since last: 106795714 ns, Reaching safepoint: 37600 ns, At safepoint: 85900 ns, Total: 123500 ns
[2020-03-27T04:53:07.764+0000][1][safepoint    ] Safepoint "Deoptimize", Time since last: 197357427 ns, Reaching safepoint: 200300 ns, At safepoint: 92400 ns, Total: 292700 ns
[2020-03-27T04:53:07.829+0000][1][safepoint    ] Safepoint "Deoptimize", Time since last: 65238409 ns, Reaching safepoint: 96100 ns, At safepoint: 149200 ns, Total: 245300 ns
[2020-03-27T04:53:07.830+0000][1][safepoint    ] Safepoint "Deoptimize", Time since last: 688800 ns, Reaching safepoint: 101000 ns, At safepoint: 168100 ns, Total: 269100 ns
[2020-03-27T04:53:07.870+0000][1][safepoint    ] Safepoint "Deoptimize", Time since last: 39312006 ns, Reaching safepoint: 23000 ns, At safepoint: 116400 ns, Total: 139400 ns
[2020-03-27T04:53:07.872+0000][1][safepoint    ] Safepoint "Deoptimize", Time since last: 2542200 ns, Reaching safepoint: 11600 ns, At safepoint: 131500 ns, Total: 143100 ns
[2020-03-27T04:53:07.882+0000][1][safepoint    ] Safepoint "RevokeBias", Time since last: 9696601 ns, Reaching safepoint: 91300 ns, At safepoint: 24400 ns, Total: 115700 ns
[2020-03-27T04:53:07.883+0000][1][safepoint    ] Safepoint "RevokeBias", Time since last: 579500 ns, Reaching safepoint: 92800 ns, At safepoint: 25200 ns, Total: 118000 ns
[2020-03-27T04:53:07.889+0000][1][safepoint    ] Safepoint "RevokeBias", Time since last: 5617901 ns, Reaching safepoint: 103100 ns, At safepoint: 47800 ns, Total: 150900 ns
[2020-03-27T04:53:07.889+0000][1][safepoint    ] Safepoint "RevokeBias", Time since last: 527900 ns, Reaching safepoint: 6700 ns, At safepoint: 8500 ns, Total: 15200 ns
[2020-03-27T04:53:07.890+0000][1][safepoint    ] Safepoint "RevokeBias", Time since last: 389100 ns, Reaching safepoint: 6700 ns, At safepoint: 33900 ns, Total: 40600 ns
[2020-03-27T04:53:07.933+0000][1][gc,start     ] GC(1) Pause Young (Allocation Failure)
[2020-03-27T04:53:07.934+0000][1][gc,task      ] GC(1) Using 2 workers of 2 for evacuation
[2020-03-27T04:53:07.947+0000][1][gc,age       ] GC(1) Desired survivor size 2228224 bytes, new threshold 1 (max threshold 6)
[2020-03-27T04:53:07.948+0000][1][gc,age       ] GC(1) Age table with threshold 1 (max threshold 6)
[2020-03-27T04:53:07.948+0000][1][gc,age       ] GC(1) - age   1:    2721616 bytes,    2721616 total
[2020-03-27T04:53:07.960+0000][1][gc,heap      ] GC(1) ParNew: 39286K->3357K(39296K)
[2020-03-27T04:53:07.961+0000][1][gc,heap      ] GC(1) CMS: 0K->4560K(87424K)
[2020-03-27T04:53:07.961+0000][1][gc,metaspace ] GC(1) Metaspace: 12500K->12500K(1060864K)
[2020-03-27T04:53:07.962+0000][1][gc           ] GC(1) Pause Young (Allocation Failure) 38M->7M(123M) 29.048ms
[2020-03-27T04:53:07.963+0000][1][gc,cpu       ] GC(1) User=0.01s Sys=0.00s Real=0.03s
[2020-03-27T04:53:07.965+0000][1][safepoint    ] Safepoint "GenCollectForAllocation", Time since last: 43484606 ns, Reaching safepoint: 123300 ns, At safepoint: 31570004 ns, Total: 31693304 ns
[2020-03-27T04:53:07.966+0000][1][safepoint    ] Safepoint "RevokeBias", Time since last: 1056901 ns, Reaching safepoint: 285800 ns, At safepoint: 54200 ns, Total: 340000 ns
[2020-03-27T04:53:07.967+0000][1][safepoint    ] Safepoint "RevokeBias", Time since last: 563900 ns, Reaching safepoint: 311100 ns, At safepoint: 67500 ns, Total: 378600 ns
[2020-03-27T04:53:07.972+0000][1][safepoint    ] Safepoint "RevokeBias", Time since last: 885100 ns, Reaching safepoint: 4254001 ns, At safepoint: 48900 ns, Total: 4302901 ns
[2020-03-27T04:53:08.093+0000][1][safepoint    ] Safepoint "RevokeBias", Time since last: 120664316 ns, Reaching safepoint: 127600 ns, At safepoint: 21000 ns, Total: 148600 ns
[2020-03-27T04:53:08.326+0000][1][gc,start     ] GC(2) Pause Young (Allocation Failure)
[2020-03-27T04:53:08.327+0000][1][gc,task      ] GC(2) Using 2 workers of 2 for evacuation
[2020-03-27T04:53:08.332+0000][1][gc,age       ] GC(2) Desired survivor size 2228224 bytes, new threshold 6 (max threshold 6)
[2020-03-27T04:53:08.333+0000][1][gc,age       ] GC(2) Age table with threshold 6 (max threshold 6)
[2020-03-27T04:53:08.333+0000][1][gc,age       ] GC(2) - age   1:    1950624 bytes,    1950624 total
[2020-03-27T04:53:08.333+0000][1][gc,heap      ] GC(2) ParNew: 38301K->2552K(39296K)
[2020-03-27T04:53:08.334+0000][1][gc,heap      ] GC(2) CMS: 4560K->6693K(87424K)
[2020-03-27T04:53:08.334+0000][1][gc,metaspace ] GC(2) Metaspace: 15960K->15960K(1064960K)
[2020-03-27T04:53:08.335+0000][1][gc           ] GC(2) Pause Young (Allocation Failure) 41M->9M(123M) 8.497ms
[2020-03-27T04:53:08.335+0000][1][gc,cpu       ] GC(2) User=0.01s Sys=0.00s Real=0.00s
[2020-03-27T04:53:08.336+0000][1][safepoint    ] Safepoint "GenCollectForAllocation", Time since last: 233205932 ns, Reaching safepoint: 111700 ns, At safepoint: 9431901 ns, Total: 9543601 ns
[2020-03-27T04:53:08.336+0000][1][safepoint    ] Safepoint "BulkRevokeBias", Time since last: 403400 ns, Reaching safepoint: 47000 ns, At safepoint: 38600 ns, Total: 85600 ns
[2020-03-27T04:53:08.337+0000][1][safepoint    ] Safepoint "RevokeBias", Time since last: 209200 ns, Reaching safepoint: 540700 ns, At safepoint: 30400 ns, Total: 571100 ns
[2020-03-27T04:53:08.338+0000][1][safepoint    ] Safepoint "RevokeBias", Time since last: 644500 ns, Reaching safepoint: 141100 ns, At safepoint: 46900 ns, Total: 188000 ns
[2020-03-27T04:53:08.338+0000][1][safepoint    ] Safepoint "RevokeBias", Time since last: 263500 ns, Reaching safepoint: 74600 ns, At safepoint: 54500 ns, Total: 129100 ns
[2020-03-27T04:53:08.339+0000][1][safepoint    ] Safepoint "RevokeBias", Time since last: 163500 ns, Reaching safepoint: 96300 ns, At safepoint: 76000 ns, Total: 172300 ns
[2020-03-27T04:53:08.340+0000][1][safepoint    ] Safepoint "RevokeBias", Time since last: 223200 ns, Reaching safepoint: 788600 ns, At safepoint: 28900 ns, Total: 817500 ns
[2020-03-27T04:53:08.340+0000][1][safepoint    ] Safepoint "RevokeBias", Time since last: 227801 ns, Reaching safepoint: 121800 ns, At safepoint: 23400 ns, Total: 145200 ns
[2020-03-27T04:53:08.340+0000][1][safepoint    ] Safepoint "RevokeBias", Time since last: 232100 ns, Reaching safepoint: 138500 ns, At safepoint: 26800 ns, Total: 165300 ns
[2020-03-27T04:53:08.341+0000][1][safepoint    ] Safepoint "RevokeBias", Time since last: 286400 ns, Reaching safepoint: 108200 ns, At safepoint: 44400 ns, Total: 152600 ns
[2020-03-27T04:53:08.341+0000][1][safepoint    ] Safepoint "RevokeBias", Time since last: 199300 ns, Reaching safepoint: 138900 ns, At safepoint: 14200 ns, Total: 153100 ns
[2020-03-27T04:53:08.342+0000][1][safepoint    ] Safepoint "RevokeBias", Time since last: 238000 ns, Reaching safepoint: 97900 ns, At safepoint: 13800 ns, Total: 111700 ns
[2020-03-27T04:53:08.371+0000][1][safepoint    ] Safepoint "RevokeBias", Time since last: 28998304 ns, Reaching safepoint: 93600 ns, At safepoint: 37400 ns, Total: 131000 ns
[2020-03-27T04:53:08.445+0000][1][gc,start     ] GC(3) Pause Young (Allocation Failure)
[2020-03-27T04:53:08.446+0000][1][gc,task      ] GC(3) Using 2 workers of 2 for evacuation
[2020-03-27T04:53:08.449+0000][1][gc,age       ] GC(3) Desired survivor size 2228224 bytes, new threshold 2 (max threshold 6)
[2020-03-27T04:53:08.449+0000][1][gc,age       ] GC(3) Age table with threshold 2 (max threshold 6)
[2020-03-27T04:53:08.450+0000][1][gc,age       ] GC(3) - age   1:    2115792 bytes,    2115792 total
[2020-03-27T04:53:08.450+0000][1][gc,age       ] GC(3) - age   2:    1252184 bytes,    3367976 total
[2020-03-27T04:53:08.451+0000][1][gc,heap      ] GC(3) ParNew: 37496K->4352K(39296K)
[2020-03-27T04:53:08.451+0000][1][gc,heap      ] GC(3) CMS: 6693K->6693K(87424K)
[2020-03-27T04:53:08.452+0000][1][gc,metaspace ] GC(3) Metaspace: 17038K->17038K(1064960K)
[2020-03-27T04:53:08.452+0000][1][gc           ] GC(3) Pause Young (Allocation Failure) 43M->10M(123M) 7.298ms
[2020-03-27T04:53:08.453+0000][1][gc,cpu       ] GC(3) User=0.00s Sys=0.00s Real=0.01s
[2020-03-27T04:53:08.453+0000][1][safepoint    ] Safepoint "GenCollectForAllocation", Time since last: 74295610 ns, Reaching safepoint: 100900 ns, At safepoint: 8315401 ns, Total: 8416301 ns
[2020-03-27T04:53:08.455+0000][1][safepoint    ] Safepoint "BulkRevokeBias", Time since last: 1217700 ns, Reaching safepoint: 92900 ns, At safepoint: 29800 ns, Total: 122700 ns
[2020-03-27T04:53:08.455+0000][1][safepoint    ] Safepoint "RevokeBias", Time since last: 365800 ns, Reaching safepoint: 67900 ns, At safepoint: 13000 ns, Total: 80900 ns
[2020-03-27T04:53:08.569+0000][1][gc,start     ] GC(4) Pause Young (Allocation Failure)
[2020-03-27T04:53:08.570+0000][1][gc,task      ] GC(4) Using 2 workers of 2 for evacuation
[2020-03-27T04:53:08.573+0000][1][gc,age       ] GC(4) Desired survivor size 2228224 bytes, new threshold 2 (max threshold 6)
[2020-03-27T04:53:08.574+0000][1][gc,age       ] GC(4) Age table with threshold 2 (max threshold 6)
[2020-03-27T04:53:08.574+0000][1][gc,age       ] GC(4) - age   1:    2166648 bytes,    2166648 total
[2020-03-27T04:53:08.575+0000][1][gc,age       ] GC(4) - age   2:    1210728 bytes,    3377376 total
[2020-03-27T04:53:08.575+0000][1][gc,heap      ] GC(4) ParNew: 39296K->4352K(39296K)
[2020-03-27T04:53:08.576+0000][1][gc,heap      ] GC(4) CMS: 6693K->7933K(87424K)
[2020-03-27T04:53:08.576+0000][1][gc,metaspace ] GC(4) Metaspace: 18271K->18271K(1067008K)
[2020-03-27T04:53:08.577+0000][1][gc           ] GC(4) Pause Young (Allocation Failure) 44M->11M(123M) 7.473ms
[2020-03-27T04:53:08.577+0000][1][gc,cpu       ] GC(4) User=0.01s Sys=0.00s Real=0.01s
[2020-03-27T04:53:08.577+0000][1][safepoint    ] Safepoint "GenCollectForAllocation", Time since last: 113912416 ns, Reaching safepoint: 128300 ns, At safepoint: 8137801 ns, Total: 8266101 ns
[2020-03-27T04:53:08.580+0000][1][safepoint    ] Safepoint "RevokeBias", Time since last: 2261900 ns, Reaching safepoint: 99600 ns, At safepoint: 27700 ns, Total: 127300 ns
[2020-03-27T04:53:08.580+0000][1][safepoint    ] Safepoint "RevokeBias", Time since last: 336100 ns, Reaching safepoint: 84700 ns, At safepoint: 15200 ns, Total: 99900 ns
[2020-03-27T04:53:08.581+0000][1][safepoint    ] Safepoint "RevokeBias", Time since last: 222400 ns, Reaching safepoint: 104000 ns, At safepoint: 28600 ns, Total: 132600 ns
[2020-03-27T04:53:08.581+0000][1][safepoint    ] Safepoint "RevokeBias", Time since last: 223000 ns, Reaching safepoint: 22100 ns, At safepoint: 36900 ns, Total: 59000 ns
[2020-03-27T04:53:08.581+0000][1][safepoint    ] Safepoint "RevokeBias", Time since last: 400600 ns, Reaching safepoint: 86900 ns, At safepoint: 44200 ns, Total: 131100 ns
[2020-03-27T04:53:08.582+0000][1][safepoint    ] Safepoint "RevokeBias", Time since last: 496700 ns, Reaching safepoint: 132100 ns, At safepoint: 36800 ns, Total: 168900 ns
[2020-03-27T04:53:08.582+0000][1][safepoint    ] Safepoint "RevokeBias", Time since last: 266400 ns, Reaching safepoint: 85101 ns, At safepoint: 17800 ns, Total: 102901 ns
[2020-03-27T04:53:08.583+0000][1][safepoint    ] Safepoint "RevokeBias", Time since last: 201500 ns, Reaching safepoint: 90300 ns, At safepoint: 39700 ns, Total: 130000 ns
[2020-03-27T04:53:08.583+0000][1][safepoint    ] Safepoint "RevokeBias", Time since last: 170900 ns, Reaching safepoint: 98700 ns, At safepoint: 24100 ns, Total: 122800 ns
[2020-03-27T04:53:08.583+0000][1][safepoint    ] Safepoint "RevokeBias", Time since last: 212000 ns, Reaching safepoint: 84900 ns, At safepoint: 22800 ns, Total: 107700 ns
[2020-03-27T04:53:08.584+0000][1][safepoint    ] Safepoint "RevokeBias", Time since last: 191900 ns, Reaching safepoint: 81300 ns, At safepoint: 28600 ns, Total: 109900 ns
[2020-03-27T04:53:08.584+0000][1][safepoint    ] Safepoint "RevokeBias", Time since last: 167900 ns, Reaching safepoint: 52600 ns, At safepoint: 30500 ns, Total: 83100 ns
[2020-03-27T04:53:08.584+0000][1][safepoint    ] Safepoint "RevokeBias", Time since last: 253400 ns, Reaching safepoint: 95700 ns, At safepoint: 27900 ns, Total: 123600 ns
[2020-03-27T04:53:08.585+0000][1][safepoint    ] Safepoint "RevokeBias", Time since last: 268200 ns, Reaching safepoint: 87700 ns, At safepoint: 28300 ns, Total: 116000 ns
[2020-03-27T04:53:08.585+0000][1][safepoint    ] Safepoint "RevokeBias", Time since last: 155000 ns, Reaching safepoint: 565900 ns, At safepoint: 31700 ns, Total: 597600 ns
[2020-03-27T04:53:08.586+0000][1][safepoint    ] Safepoint "RevokeBias", Time since last: 223800 ns, Reaching safepoint: 112800 ns, At safepoint: 31400 ns, Total: 144200 ns
[2020-03-27T04:53:08.586+0000][1][safepoint    ] Safepoint "RevokeBias", Time since last: 154800 ns, Reaching safepoint: 68500 ns, At safepoint: 25400 ns, Total: 93900 ns
[2020-03-27T04:53:08.621+0000][1][gc,start     ] GC(5) Pause Young (Allocation Failure)
[2020-03-27T04:53:08.621+0000][1][gc,task      ] GC(5) Using 2 workers of 2 for evacuation
[2020-03-27T04:53:08.624+0000][1][gc,age       ] GC(5) Desired survivor size 2228224 bytes, new threshold 2 (max threshold 6)
[2020-03-27T04:53:08.625+0000][1][gc,age       ] GC(5) Age table with threshold 2 (max threshold 6)
[2020-03-27T04:53:08.625+0000][1][gc,age       ] GC(5) - age   1:    1718360 bytes,    1718360 total
[2020-03-27T04:53:08.625+0000][1][gc,age       ] GC(5) - age   2:    1256952 bytes,    2975312 total
[2020-03-27T04:53:08.626+0000][1][gc,heap      ] GC(5) ParNew: 39296K->4352K(39296K)
[2020-03-27T04:53:08.626+0000][1][gc,heap      ] GC(5) CMS: 7933K->9123K(87424K)
[2020-03-27T04:53:08.626+0000][1][gc,metaspace ] GC(5) Metaspace: 18301K->18301K(1067008K)
[2020-03-27T04:53:08.627+0000][1][gc           ] GC(5) Pause Young (Allocation Failure) 46M->13M(123M) 5.842ms
[2020-03-27T04:53:08.627+0000][1][gc,cpu       ] GC(5) User=0.01s Sys=0.00s Real=0.01s
[2020-03-27T04:53:08.627+0000][1][safepoint    ] Safepoint "GenCollectForAllocation", Time since last: 34560805 ns, Reaching safepoint: 106600 ns, At safepoint: 6448401 ns, Total: 6555001 ns
[2020-03-27T04:53:08.629+0000][1][safepoint    ] Safepoint "RevokeBias", Time since last: 2194300 ns, Reaching safepoint: 99200 ns, At safepoint: 15000 ns, Total: 114200 ns
[2020-03-27T04:53:08.630+0000][1][safepoint    ] Safepoint "RevokeBias", Time since last: 423800 ns, Reaching safepoint: 43000 ns, At safepoint: 17500 ns, Total: 60500 ns
[2020-03-27T04:53:08.689+0000][1][gc,start     ] GC(6) Pause Young (Allocation Failure)
[2020-03-27T04:53:08.690+0000][1][gc,task      ] GC(6) Using 2 workers of 2 for evacuation
[2020-03-27T04:53:08.695+0000][1][gc,age       ] GC(6) Desired survivor size 2228224 bytes, new threshold 6 (max threshold 6)
[2020-03-27T04:53:08.695+0000][1][gc,age       ] GC(6) Age table with threshold 6 (max threshold 6)
[2020-03-27T04:53:08.696+0000][1][gc,age       ] GC(6) - age   1:    1441424 bytes,    1441424 total
[2020-03-27T04:53:08.696+0000][1][gc,age       ] GC(6) - age   2:      34632 bytes,    1476056 total
[2020-03-27T04:53:08.696+0000][1][gc,heap      ] GC(6) ParNew: 39296K->2984K(39296K)
[2020-03-27T04:53:08.697+0000][1][gc,heap      ] GC(6) CMS: 9123K->10360K(87424K)
[2020-03-27T04:53:08.698+0000][1][gc,metaspace ] GC(6) Metaspace: 18368K->18368K(1067008K)
[2020-03-27T04:53:08.698+0000][1][gc           ] GC(6) Pause Young (Allocation Failure) 47M->13M(123M) 8.825ms
[2020-03-27T04:53:08.699+0000][1][gc,cpu       ] GC(6) User=0.01s Sys=0.00s Real=0.01s
[2020-03-27T04:53:08.699+0000][1][safepoint    ] Safepoint "GenCollectForAllocation", Time since last: 59383008 ns, Reaching safepoint: 53000 ns, At safepoint: 9783201 ns, Total: 9836201 ns
[2020-03-27T04:53:08.700+0000][1][safepoint    ] Safepoint "RevokeBias", Time since last: 975701 ns, Reaching safepoint: 97100 ns, At safepoint: 33300 ns, Total: 130400 ns
[2020-03-27T04:53:08.701+0000][1][safepoint    ] Safepoint "RevokeBias", Time since last: 311200 ns, Reaching safepoint: 88400 ns, At safepoint: 22800 ns, Total: 111200 ns
[2020-03-27T04:53:08.701+0000][1][safepoint    ] Safepoint "RevokeBias", Time since last: 315500 ns, Reaching safepoint: 60500 ns, At safepoint: 14000 ns, Total: 74500 ns
[2020-03-27T04:53:08.702+0000][1][safepoint    ] Safepoint "RevokeBias", Time since last: 354200 ns, Reaching safepoint: 103300 ns, At safepoint: 36400 ns, Total: 139700 ns
[2020-03-27T04:53:08.746+0000][1][gc,start     ] GC(7) Pause Young (Allocation Failure)
[2020-03-27T04:53:08.747+0000][1][gc,task      ] GC(7) Using 2 workers of 2 for evacuation
[2020-03-27T04:53:08.748+0000][1][gc,age       ] GC(7) Desired survivor size 2228224 bytes, new threshold 6 (max threshold 6)
[2020-03-27T04:53:08.749+0000][1][gc,age       ] GC(7) Age table with threshold 6 (max threshold 6)
[2020-03-27T04:53:08.749+0000][1][gc,age       ] GC(7) - age   1:     477752 bytes,     477752 total
[2020-03-27T04:53:08.749+0000][1][gc,age       ] GC(7) - age   2:      68088 bytes,     545840 total
[2020-03-27T04:53:08.750+0000][1][gc,age       ] GC(7) - age   3:      34632 bytes,     580472 total
[2020-03-27T04:53:08.750+0000][1][gc,heap      ] GC(7) ParNew: 37928K->643K(39296K)
[2020-03-27T04:53:08.751+0000][1][gc,heap      ] GC(7) CMS: 10360K->10360K(87424K)
[2020-03-27T04:53:08.751+0000][1][gc,metaspace ] GC(7) Metaspace: 18434K->18434K(1067008K)
[2020-03-27T04:53:08.752+0000][1][gc           ] GC(7) Pause Young (Allocation Failure) 47M->10M(123M) 5.496ms
[2020-03-27T04:53:08.752+0000][1][gc,cpu       ] GC(7) User=0.00s Sys=0.00s Real=0.00s
[2020-03-27T04:53:08.752+0000][1][safepoint    ] Safepoint "GenCollectForAllocation", Time since last: 44374206 ns, Reaching safepoint: 102400 ns, At safepoint: 5967701 ns, Total: 6070101 ns
[2020-03-27T04:53:08.752+0000][1][safepoint    ] Safepoint "RevokeBias", Time since last: 226500 ns, Reaching safepoint: 95900 ns, At safepoint: 15400 ns, Total: 111300 ns
[2020-03-27T04:53:08.753+0000][1][safepoint    ] Safepoint "RevokeBias", Time since last: 213800 ns, Reaching safepoint: 95500 ns, At safepoint: 22200 ns, Total: 117700 ns
[2020-03-27T04:53:08.753+0000][1][safepoint    ] Safepoint "RevokeBias", Time since last: 174600 ns, Reaching safepoint: 8500 ns, At safepoint: 25000 ns, Total: 33500 ns
[2020-03-27T04:53:08.753+0000][1][safepoint    ] Safepoint "RevokeBias", Time since last: 199800 ns, Reaching safepoint: 8300 ns, At safepoint: 12400 ns, Total: 20700 ns
[2020-03-27T04:53:08.801+0000][1][gc,start     ] GC(8) Pause Young (Allocation Failure)
[2020-03-27T04:53:08.802+0000][1][gc,task      ] GC(8) Using 2 workers of 2 for evacuation
[2020-03-27T04:53:08.805+0000][1][gc,age       ] GC(8) Desired survivor size 2228224 bytes, new threshold 1 (max threshold 6)
[2020-03-27T04:53:08.806+0000][1][gc,age       ] GC(8) Age table with threshold 1 (max threshold 6)
[2020-03-27T04:53:08.806+0000][1][gc,age       ] GC(8) - age   1:    2630400 bytes,    2630400 total
[2020-03-27T04:53:08.807+0000][1][gc,age       ] GC(8) - age   2:     289488 bytes,    2919888 total
[2020-03-27T04:53:08.807+0000][1][gc,age       ] GC(8) - age   3:      68088 bytes,    2987976 total
[2020-03-27T04:53:08.807+0000][1][gc,age       ] GC(8) - age   4:      34632 bytes,    3022608 total
[2020-03-27T04:53:08.807+0000][1][gc,heap      ] GC(8) ParNew: 35587K->3115K(39296K)
[2020-03-27T04:53:08.808+0000][1][gc,heap      ] GC(8) CMS: 10360K->10360K(87424K)
[2020-03-27T04:53:08.808+0000][1][gc,metaspace ] GC(8) Metaspace: 18435K->18435K(1067008K)
[2020-03-27T04:53:08.808+0000][1][gc           ] GC(8) Pause Young (Allocation Failure) 44M->13M(123M) 7.159ms
[2020-03-27T04:53:08.808+0000][1][gc,cpu       ] GC(8) User=0.01s Sys=0.00s Real=0.01s
[2020-03-27T04:53:08.808+0000][1][safepoint    ] Safepoint "GenCollectForAllocation", Time since last: 47540106 ns, Reaching safepoint: 99700 ns, At safepoint: 7640601 ns, Total: 7740301 ns
[2020-03-27T04:53:08.844+0000][1][safepoint    ] Safepoint "RevokeBias", Time since last: 35924005 ns, Reaching safepoint: 105300 ns, At safepoint: 11700 ns, Total: 117000 ns
[2020-03-27T04:53:08.868+0000][1][gc,start     ] GC(9) Pause Young (Allocation Failure)
[2020-03-27T04:53:08.868+0000][1][gc,task      ] GC(9) Using 2 workers of 2 for evacuation
[2020-03-27T04:53:08.871+0000][1][gc,age       ] GC(9) Desired survivor size 2228224 bytes, new threshold 1 (max threshold 6)
[2020-03-27T04:53:08.871+0000][1][gc,age       ] GC(9) Age table with threshold 1 (max threshold 6)
[2020-03-27T04:53:08.871+0000][1][gc,age       ] GC(9) - age   1:    2773464 bytes,    2773464 total
[2020-03-27T04:53:08.872+0000][1][gc,heap      ] GC(9) ParNew: 38059K->3456K(39296K)
[2020-03-27T04:53:08.872+0000][1][gc,heap      ] GC(9) CMS: 10360K->10724K(87424K)
[2020-03-27T04:53:08.872+0000][1][gc,metaspace ] GC(9) Metaspace: 18754K->18754K(1067008K)
[2020-03-27T04:53:08.873+0000][1][gc           ] GC(9) Pause Young (Allocation Failure) 47M->13M(123M) 5.276ms
[2020-03-27T04:53:08.873+0000][1][gc,cpu       ] GC(9) User=0.01s Sys=0.00s Real=0.00s
[2020-03-27T04:53:08.873+0000][1][safepoint    ] Safepoint "GenCollectForAllocation", Time since last: 22965303 ns, Reaching safepoint: 94200 ns, At safepoint: 5960001 ns, Total: 6054201 ns
[2020-03-27T04:53:08.874+0000][1][safepoint    ] Safepoint "RevokeBias", Time since last: 479300 ns, Reaching safepoint: 104800 ns, At safepoint: 48500 ns, Total: 153300 ns
[2020-03-27T04:53:08.875+0000][1][safepoint    ] Safepoint "RevokeBias", Time since last: 360000 ns, Reaching safepoint: 79000 ns, At safepoint: 18400 ns, Total: 97400 ns
[2020-03-27T04:53:08.875+0000][1][safepoint    ] Safepoint "RevokeBias", Time since last: 294400 ns, Reaching safepoint: 73800 ns, At safepoint: 13800 ns, Total: 87600 ns
[2020-03-27T04:53:08.875+0000][1][safepoint    ] Safepoint "RevokeBias", Time since last: 263200 ns, Reaching safepoint: 94600 ns, At safepoint: 27600 ns, Total: 122200 ns
[2020-03-27T04:53:08.910+0000][1][gc,start     ] GC(10) Pause Young (Allocation Failure)
[2020-03-27T04:53:08.911+0000][1][gc,task      ] GC(10) Using 2 workers of 2 for evacuation
[2020-03-27T04:53:08.914+0000][1][gc,age       ] GC(10) Desired survivor size 2228224 bytes, new threshold 6 (max threshold 6)
[2020-03-27T04:53:08.914+0000][1][gc,age       ] GC(10) Age table with threshold 6 (max threshold 6)
[2020-03-27T04:53:08.915+0000][1][gc,age       ] GC(10) - age   1:    2067304 bytes,    2067304 total
[2020-03-27T04:53:08.915+0000][1][gc,heap      ] GC(10) ParNew: 38400K->3911K(39296K)
[2020-03-27T04:53:08.915+0000][1][gc,heap      ] GC(10) CMS: 10724K->11905K(87424K)
[2020-03-27T04:53:08.916+0000][1][gc,metaspace ] GC(10) Metaspace: 18842K->18842K(1067008K)
[2020-03-27T04:53:08.916+0000][1][gc           ] GC(10) Pause Young (Allocation Failure) 47M->15M(123M) 5.646ms
[2020-03-27T04:53:08.916+0000][1][gc,cpu       ] GC(10) User=0.01s Sys=0.00s Real=0.01s
[2020-03-27T04:53:08.916+0000][1][safepoint    ] Safepoint "GenCollectForAllocation", Time since last: 34913305 ns, Reaching safepoint: 102200 ns, At safepoint: 6179001 ns, Total: 6281201 ns
[2020-03-27T04:53:08.918+0000][1][safepoint    ] Safepoint "BulkRevokeBias", Time since last: 431400 ns, Reaching safepoint: 107700 ns, At safepoint: 469200 ns, Total: 576900 ns
[2020-03-27T04:53:08.918+0000][1][safepoint    ] Safepoint "RevokeBias", Time since last: 355700 ns, Reaching safepoint: 69800 ns, At safepoint: 13600 ns, Total: 83400 ns
[2020-03-27T04:53:08.969+0000][1][safepoint    ] Safepoint "Deoptimize", Time since last: 50574407 ns, Reaching safepoint: 97600 ns, At safepoint: 166900 ns, Total: 264500 ns
[2020-03-27T04:53:08.996+0000][1][gc,start     ] GC(11) Pause Young (Allocation Failure)
[2020-03-27T04:53:08.996+0000][1][gc,task      ] GC(11) Using 2 workers of 2 for evacuation
[2020-03-27T04:53:08.998+0000][1][gc,age       ] GC(11) Desired survivor size 2228224 bytes, new threshold 6 (max threshold 6)
[2020-03-27T04:53:08.999+0000][1][gc,age       ] GC(11) Age table with threshold 6 (max threshold 6)
[2020-03-27T04:53:08.999+0000][1][gc,age       ] GC(11) - age   1:    1658696 bytes,    1658696 total
[2020-03-27T04:53:09.000+0000][1][gc,age       ] GC(11) - age   2:      63672 bytes,    1722368 total
[2020-03-27T04:53:09.000+0000][1][gc,heap      ] GC(11) ParNew: 38855K->2113K(39296K)
[2020-03-27T04:53:09.001+0000][1][gc,heap      ] GC(11) CMS: 11905K->11905K(87424K)
[2020-03-27T04:53:09.001+0000][1][gc,metaspace ] GC(11) Metaspace: 19046K->19046K(1067008K)
[2020-03-27T04:53:09.002+0000][1][gc           ] GC(11) Pause Young (Allocation Failure) 49M->13M(123M) 6.241ms
[2020-03-27T04:53:09.002+0000][1][gc,cpu       ] GC(11) User=0.00s Sys=0.00s Real=0.00s
[2020-03-27T04:53:09.003+0000][1][safepoint    ] Safepoint "GenCollectForAllocation", Time since last: 26846404 ns, Reaching safepoint: 20000 ns, At safepoint: 7254201 ns, Total: 7274201 ns
[2020-03-27T04:53:09.003+0000][1][safepoint    ] Safepoint "RevokeBias", Time since last: 412500 ns, Reaching safepoint: 120600 ns, At safepoint: 22000 ns, Total: 142600 ns
[2020-03-27T04:53:09.004+0000][1][safepoint    ] Safepoint "RevokeBias", Time since last: 398100 ns, Reaching safepoint: 77900 ns, At safepoint: 16000 ns, Total: 93900 ns
[2020-03-27T04:53:09.005+0000][1][safepoint    ] Safepoint "RevokeBias", Time since last: 575000 ns, Reaching safepoint: 77100 ns, At safepoint: 17200 ns, Total: 94300 ns
[2020-03-27T04:53:09.005+0000][1][safepoint    ] Safepoint "RevokeBias", Time since last: 345700 ns, Reaching safepoint: 106700 ns, At safepoint: 17100 ns, Total: 123800 ns
[2020-03-27T04:53:09.006+0000][1][safepoint    ] Safepoint "BulkRevokeBias", Time since last: 303700 ns, Reaching safepoint: 93600 ns, At safepoint: 48500 ns, Total: 142100 ns
[2020-03-27T04:53:09.006+0000][1][safepoint    ] Safepoint "BulkRevokeBias", Time since last: 199200 ns, Reaching safepoint: 94000 ns, At safepoint: 27100 ns, Total: 121100 ns
[2020-03-27T04:53:09.015+0000][1][safepoint    ] Safepoint "Deoptimize", Time since last: 8727201 ns, Reaching safepoint: 94600 ns, At safepoint: 158600 ns, Total: 253200 ns
[2020-03-27T04:53:09.049+0000][1][gc,start     ] GC(12) Pause Young (Allocation Failure)
[2020-03-27T04:53:09.049+0000][1][gc,task      ] GC(12) Using 2 workers of 2 for evacuation
[2020-03-27T04:53:09.052+0000][1][gc,age       ] GC(12) Desired survivor size 2228224 bytes, new threshold 2 (max threshold 6)
[2020-03-27T04:53:09.052+0000][1][gc,age       ] GC(12) Age table with threshold 2 (max threshold 6)
[2020-03-27T04:53:09.053+0000][1][gc,age       ] GC(12) - age   1:    1836056 bytes,    1836056 total
[2020-03-27T04:53:09.053+0000][1][gc,age       ] GC(12) - age   2:    1601232 bytes,    3437288 total
[2020-03-27T04:53:09.053+0000][1][gc,age       ] GC(12) - age   3:      63672 bytes,    3500960 total
[2020-03-27T04:53:09.054+0000][1][gc,heap      ] GC(12) ParNew: 37057K->4352K(39296K)
[2020-03-27T04:53:09.054+0000][1][gc,heap      ] GC(12) CMS: 11905K->11905K(87424K)
[2020-03-27T04:53:09.054+0000][1][gc,metaspace ] GC(12) Metaspace: 19174K->19174K(1067008K)
[2020-03-27T04:53:09.055+0000][1][gc           ] GC(12) Pause Young (Allocation Failure) 47M->15M(123M) 6.249ms
[2020-03-27T04:53:09.055+0000][1][gc,cpu       ] GC(12) User=0.00s Sys=0.01s Real=0.00s
[2020-03-27T04:53:09.056+0000][1][safepoint    ] Safepoint "GenCollectForAllocation", Time since last: 33568305 ns, Reaching safepoint: 127900 ns, At safepoint: 7161501 ns, Total: 7289401 ns
[2020-03-27T04:53:09.086+0000][1][gc,start     ] GC(13) Pause Young (Allocation Failure)
[2020-03-27T04:53:09.087+0000][1][gc,task      ] GC(13) Using 2 workers of 2 for evacuation
[2020-03-27T04:53:09.089+0000][1][gc,age       ] GC(13) Desired survivor size 2228224 bytes, new threshold 6 (max threshold 6)
[2020-03-27T04:53:09.090+0000][1][gc,age       ] GC(13) Age table with threshold 6 (max threshold 6)
[2020-03-27T04:53:09.090+0000][1][gc,age       ] GC(13) - age   1:     103568 bytes,     103568 total
[2020-03-27T04:53:09.091+0000][1][gc,age       ] GC(13) - age   2:     268192 bytes,     371760 total
[2020-03-27T04:53:09.091+0000][1][gc,heap      ] GC(13) ParNew: 39296K->2967K(39296K)
[2020-03-27T04:53:09.091+0000][1][gc,heap      ] GC(13) CMS: 11905K->13530K(87424K)
[2020-03-27T04:53:09.092+0000][1][gc,metaspace ] GC(13) Metaspace: 19192K->19192K(1067008K)
[2020-03-27T04:53:09.092+0000][1][gc           ] GC(13) Pause Young (Allocation Failure) 50M->16M(123M) 5.821ms
[2020-03-27T04:53:09.092+0000][1][gc,cpu       ] GC(13) User=0.01s Sys=0.00s Real=0.00s
[2020-03-27T04:53:09.092+0000][1][safepoint    ] Safepoint "GenCollectForAllocation", Time since last: 30087404 ns, Reaching safepoint: 101200 ns, At safepoint: 6356201 ns, Total: 6457401 ns
[2020-03-27T04:53:09.126+0000][1][gc,start     ] GC(14) Pause Young (Allocation Failure)
[2020-03-27T04:53:09.127+0000][1][gc,task      ] GC(14) Using 2 workers of 2 for evacuation
[2020-03-27T04:53:09.129+0000][1][gc,age       ] GC(14) Desired survivor size 2228224 bytes, new threshold 6 (max threshold 6)
[2020-03-27T04:53:09.130+0000][1][gc,age       ] GC(14) Age table with threshold 6 (max threshold 6)
[2020-03-27T04:53:09.130+0000][1][gc,age       ] GC(14) - age   1:    1595056 bytes,    1595056 total
[2020-03-27T04:53:09.130+0000][1][gc,age       ] GC(14) - age   2:      88112 bytes,    1683168 total
[2020-03-27T04:53:09.131+0000][1][gc,age       ] GC(14) - age   3:     268192 bytes,    1951360 total
[2020-03-27T04:53:09.131+0000][1][gc,heap      ] GC(14) ParNew: 37911K->2152K(39296K)
[2020-03-27T04:53:09.131+0000][1][gc,heap      ] GC(14) CMS: 13530K->13530K(87424K)
[2020-03-27T04:53:09.132+0000][1][gc,metaspace ] GC(14) Metaspace: 19203K->19203K(1067008K)
[2020-03-27T04:53:09.132+0000][1][gc           ] GC(14) Pause Young (Allocation Failure) 50M->15M(123M) 5.703ms
[2020-03-27T04:53:09.132+0000][1][gc,cpu       ] GC(14) User=0.01s Sys=0.00s Real=0.00s
[2020-03-27T04:53:09.133+0000][1][safepoint    ] Safepoint "GenCollectForAllocation", Time since last: 33987004 ns, Reaching safepoint: 102300 ns, At safepoint: 6227001 ns, Total: 6329301 ns
[2020-03-27T04:53:09.183+0000][1][gc,start     ] GC(15) Pause Young (Allocation Failure)
[2020-03-27T04:53:09.184+0000][1][gc,task      ] GC(15) Using 2 workers of 2 for evacuation
[2020-03-27T04:53:09.185+0000][1][gc,age       ] GC(15) Desired survivor size 2228224 bytes, new threshold 6 (max threshold 6)
[2020-03-27T04:53:09.186+0000][1][gc,age       ] GC(15) Age table with threshold 6 (max threshold 6)
[2020-03-27T04:53:09.186+0000][1][gc,age       ] GC(15) - age   1:    1390592 bytes,    1390592 total
[2020-03-27T04:53:09.186+0000][1][gc,age       ] GC(15) - age   2:      28016 bytes,    1418608 total
[2020-03-27T04:53:09.186+0000][1][gc,age       ] GC(15) - age   3:      75512 bytes,    1494120 total
[2020-03-27T04:53:09.186+0000][1][gc,age       ] GC(15) - age   4:     268192 bytes,    1762312 total
[2020-03-27T04:53:09.187+0000][1][gc,heap      ] GC(15) ParNew: 37096K->2303K(39296K)
[2020-03-27T04:53:09.187+0000][1][gc,heap      ] GC(15) CMS: 13530K->13530K(87424K)
[2020-03-27T04:53:09.187+0000][1][gc,metaspace ] GC(15) Metaspace: 19458K->19458K(1067008K)
[2020-03-27T04:53:09.187+0000][1][gc           ] GC(15) Pause Young (Allocation Failure) 49M->15M(123M) 3.869ms
[2020-03-27T04:53:09.187+0000][1][gc,cpu       ] GC(15) User=0.00s Sys=0.01s Real=0.01s
[2020-03-27T04:53:09.187+0000][1][safepoint    ] Safepoint "GenCollectForAllocation", Time since last: 50518207 ns, Reaching safepoint: 110100 ns, At safepoint: 4225101 ns, Total: 4335201 ns
[2020-03-27T04:53:09.224+0000][1][gc,start     ] GC(16) Pause Young (Allocation Failure)
[2020-03-27T04:53:09.225+0000][1][gc,task      ] GC(16) Using 2 workers of 2 for evacuation
[2020-03-27T04:53:09.227+0000][1][gc,age       ] GC(16) Desired survivor size 2228224 bytes, new threshold 5 (max threshold 6)
[2020-03-27T04:53:09.227+0000][1][gc,age       ] GC(16) Age table with threshold 5 (max threshold 6)
[2020-03-27T04:53:09.227+0000][1][gc,age       ] GC(16) - age   1:    1085800 bytes,    1085800 total
[2020-03-27T04:53:09.227+0000][1][gc,age       ] GC(16) - age   2:     868936 bytes,    1954736 total
[2020-03-27T04:53:09.228+0000][1][gc,age       ] GC(16) - age   3:      28016 bytes,    1982752 total
[2020-03-27T04:53:09.228+0000][1][gc,age       ] GC(16) - age   4:      75512 bytes,    2058264 total
[2020-03-27T04:53:09.228+0000][1][gc,age       ] GC(16) - age   5:     268112 bytes,    2326376 total
[2020-03-27T04:53:09.228+0000][1][gc,heap      ] GC(16) ParNew: 37247K->3349K(39296K)
[2020-03-27T04:53:09.228+0000][1][gc,heap      ] GC(16) CMS: 13530K->13530K(87424K)
[2020-03-27T04:53:09.228+0000][1][gc,metaspace ] GC(16) Metaspace: 19519K->19519K(1067008K)
[2020-03-27T04:53:09.228+0000][1][gc           ] GC(16) Pause Young (Allocation Failure) 49M->16M(123M) 4.287ms
[2020-03-27T04:53:09.229+0000][1][gc,cpu       ] GC(16) User=0.01s Sys=0.00s Real=0.01s
[2020-03-27T04:53:09.229+0000][1][safepoint    ] Safepoint "GenCollectForAllocation", Time since last: 36667805 ns, Reaching safepoint: 100400 ns, At safepoint: 4625300 ns, Total: 4725700 ns
[2020-03-27T04:53:09.275+0000][1][gc,start     ] GC(17) Pause Young (Allocation Failure)
[2020-03-27T04:53:09.275+0000][1][gc,task      ] GC(17) Using 2 workers of 2 for evacuation
[2020-03-27T04:53:09.280+0000][1][gc,age       ] GC(17) Desired survivor size 2228224 bytes, new threshold 3 (max threshold 6)
[2020-03-27T04:53:09.280+0000][1][gc,age       ] GC(17) Age table with threshold 3 (max threshold 6)
[2020-03-27T04:53:09.280+0000][1][gc,age       ] GC(17) - age   1:    1480336 bytes,    1480336 total
[2020-03-27T04:53:09.281+0000][1][gc,age       ] GC(17) - age   2:      58088 bytes,    1538424 total
[2020-03-27T04:53:09.281+0000][1][gc,age       ] GC(17) - age   3:     868936 bytes,    2407360 total
[2020-03-27T04:53:09.281+0000][1][gc,age       ] GC(17) - age   4:      28016 bytes,    2435376 total
[2020-03-27T04:53:09.282+0000][1][gc,age       ] GC(17) - age   5:      75512 bytes,    2510888 total
[2020-03-27T04:53:09.282+0000][1][gc,heap      ] GC(17) ParNew: 38293K->3311K(39296K)
[2020-03-27T04:53:09.282+0000][1][gc,heap      ] GC(17) CMS: 13530K->13793K(87424K)
[2020-03-27T04:53:09.282+0000][1][gc,metaspace ] GC(17) Metaspace: 19650K->19650K(1067008K)
[2020-03-27T04:53:09.283+0000][1][gc           ] GC(17) Pause Young (Allocation Failure) 50M->16M(123M) 7.736ms
[2020-03-27T04:53:09.283+0000][1][gc,cpu       ] GC(17) User=0.01s Sys=0.01s Real=0.01s
[2020-03-27T04:53:09.283+0000][1][safepoint    ] Safepoint "GenCollectForAllocation", Time since last: 46045607 ns, Reaching safepoint: 110600 ns, At safepoint: 8395701 ns, Total: 8506301 ns
[2020-03-27T04:53:09.305+0000][1][gc,start     ] GC(18) Pause Young (Allocation Failure)
[2020-03-27T04:53:09.306+0000][1][gc,task      ] GC(18) Using 2 workers of 2 for evacuation
[2020-03-27T04:53:09.312+0000][1][gc,age       ] GC(18) Desired survivor size 2228224 bytes, new threshold 6 (max threshold 6)
[2020-03-27T04:53:09.312+0000][1][gc,age       ] GC(18) Age table with threshold 6 (max threshold 6)
[2020-03-27T04:53:09.312+0000][1][gc,age       ] GC(18) - age   1:    2028328 bytes,    2028328 total
[2020-03-27T04:53:09.312+0000][1][gc,age       ] GC(18) - age   2:      80024 bytes,    2108352 total
[2020-03-27T04:53:09.313+0000][1][gc,age       ] GC(18) - age   3:      58088 bytes,    2166440 total
[2020-03-27T04:53:09.313+0000][1][gc,heap      ] GC(18) ParNew: 38255K->2273K(39296K)
[2020-03-27T04:53:09.313+0000][1][gc,heap      ] GC(18) CMS: 13793K->14753K(87424K)
[2020-03-27T04:53:09.313+0000][1][gc,metaspace ] GC(18) Metaspace: 19662K->19662K(1067008K)
[2020-03-27T04:53:09.314+0000][1][gc           ] GC(18) Pause Young (Allocation Failure) 50M->16M(123M) 8.485ms
[2020-03-27T04:53:09.314+0000][1][gc,cpu       ] GC(18) User=0.01s Sys=0.00s Real=0.01s
[2020-03-27T04:53:09.315+0000][1][safepoint    ] Safepoint "GenCollectForAllocation", Time since last: 21889303 ns, Reaching safepoint: 100100 ns, At safepoint: 9558001 ns, Total: 9658101 ns
[2020-03-27T04:53:09.353+0000][1][gc,start     ] GC(19) Pause Young (Allocation Failure)
[2020-03-27T04:53:09.354+0000][1][gc,task      ] GC(19) Using 2 workers of 2 for evacuation
[2020-03-27T04:53:09.357+0000][1][gc,age       ] GC(19) Desired survivor size 2228224 bytes, new threshold 6 (max threshold 6)
[2020-03-27T04:53:09.357+0000][1][gc,age       ] GC(19) Age table with threshold 6 (max threshold 6)
[2020-03-27T04:53:09.358+0000][1][gc,age       ] GC(19) - age   1:    1736360 bytes,    1736360 total
[2020-03-27T04:53:09.358+0000][1][gc,age       ] GC(19) - age   2:      35136 bytes,    1771496 total
[2020-03-27T04:53:09.358+0000][1][gc,age       ] GC(19) - age   3:      80024 bytes,    1851520 total
[2020-03-27T04:53:09.359+0000][1][gc,age       ] GC(19) - age   4:      57984 bytes,    1909504 total
[2020-03-27T04:53:09.359+0000][1][gc,heap      ] GC(19) ParNew: 37217K->2155K(39296K)
[2020-03-27T04:53:09.359+0000][1][gc,heap      ] GC(19) CMS: 14753K->14753K(87424K)
[2020-03-27T04:53:09.360+0000][1][gc,metaspace ] GC(19) Metaspace: 19684K->19684K(1067008K)
[2020-03-27T04:53:09.360+0000][1][gc           ] GC(19) Pause Young (Allocation Failure) 50M->16M(123M) 7.092ms
[2020-03-27T04:53:09.361+0000][1][gc,cpu       ] GC(19) User=0.01s Sys=0.00s Real=0.01s
[2020-03-27T04:53:09.361+0000][1][safepoint    ] Safepoint "GenCollectForAllocation", Time since last: 37994505 ns, Reaching safepoint: 141600 ns, At safepoint: 7808601 ns, Total: 7950201 ns
[2020-03-27T04:53:09.400+0000][1][safepoint    ] Safepoint "CollectForMetadataAllocation", Time since last: 39039706 ns, Reaching safepoint: 96500 ns, At safepoint: 53800 ns, Total: 150300 ns
[2020-03-27T04:53:09.414+0000][1][safepoint    ] Safepoint "CollectForMetadataAllocation", Time since last: 13740602 ns, Reaching safepoint: 141100 ns, At safepoint: 71000 ns, Total: 212100 ns
[2020-03-27T04:53:09.433+0000][1][gc,start     ] GC(20) Pause Young (Allocation Failure)
[2020-03-27T04:53:09.434+0000][1][gc,task      ] GC(20) Using 2 workers of 2 for evacuation
[2020-03-27T04:53:09.435+0000][1][gc,age       ] GC(20) Desired survivor size 2228224 bytes, new threshold 6 (max threshold 6)
[2020-03-27T04:53:09.436+0000][1][gc,age       ] GC(20) Age table with threshold 6 (max threshold 6)
[2020-03-27T04:53:09.436+0000][1][gc,age       ] GC(20) - age   1:    1103696 bytes,    1103696 total
[2020-03-27T04:53:09.436+0000][1][gc,age       ] GC(20) - age   2:     325816 bytes,    1429512 total
[2020-03-27T04:53:09.437+0000][1][gc,age       ] GC(20) - age   3:      35136 bytes,    1464648 total
[2020-03-27T04:53:09.437+0000][1][gc,age       ] GC(20) - age   4:      80024 bytes,    1544672 total
[2020-03-27T04:53:09.437+0000][1][gc,age       ] GC(20) - age   5:      57984 bytes,    1602656 total
[2020-03-27T04:53:09.437+0000][1][gc,heap      ] GC(20) ParNew: 37099K->2906K(39296K)
[2020-03-27T04:53:09.438+0000][1][gc,heap      ] GC(20) CMS: 14753K->14753K(87424K)
[2020-03-27T04:53:09.438+0000][1][gc,metaspace ] GC(20) Metaspace: 20588K->20588K(1069056K)
[2020-03-27T04:53:09.438+0000][1][gc           ] GC(20) Pause Young (Allocation Failure) 50M->17M(123M) 5.211ms
[2020-03-27T04:53:09.439+0000][1][gc,cpu       ] GC(20) User=0.00s Sys=0.00s Real=0.01s
[2020-03-27T04:53:09.439+0000][1][safepoint    ] Safepoint "GenCollectForAllocation", Time since last: 18981302 ns, Reaching safepoint: 102600 ns, At safepoint: 5804301 ns, Total: 5906901 ns
[2020-03-27T04:53:09.439+0000][1][gc,start     ] GC(21) Pause Initial Mark
[2020-03-27T04:53:09.440+0000][1][gc           ] GC(21) Pause Initial Mark 17M->17M(123M) 0.670ms
[2020-03-27T04:53:09.440+0000][1][gc,cpu       ] GC(21) User=0.00s Sys=0.00s Real=0.00s
[2020-03-27T04:53:09.441+0000][1][safepoint    ] Safepoint "CMS_Initial_Mark", Time since last: 261500 ns, Reaching safepoint: 167100 ns, At safepoint: 1290200 ns, Total: 1457300 ns
[2020-03-27T04:53:09.441+0000][1][gc           ] GC(21) Concurrent Mark
[2020-03-27T04:53:09.450+0000][1][gc           ] GC(21) Concurrent Mark 9.305ms
[2020-03-27T04:53:09.455+0000][1][gc,cpu       ] GC(21) User=0.03s Sys=0.00s Real=0.01s
[2020-03-27T04:53:09.455+0000][1][gc           ] GC(21) Concurrent Preclean
[2020-03-27T04:53:09.456+0000][1][gc           ] GC(21) Concurrent Preclean 0.702ms
[2020-03-27T04:53:09.456+0000][1][gc,cpu       ] GC(21) User=0.00s Sys=0.00s Real=0.01s
[2020-03-27T04:53:09.456+0000][1][gc           ] GC(21) Concurrent Abortable Preclean
[2020-03-27T04:53:09.470+0000][1][gc,start     ] GC(22) Pause Young (Allocation Failure)
[2020-03-27T04:53:09.471+0000][1][gc,task      ] GC(22) Using 2 workers of 2 for evacuation
[2020-03-27T04:53:09.474+0000][1][gc,age       ] GC(22) Desired survivor size 2228224 bytes, new threshold 6 (max threshold 6)
[2020-03-27T04:53:09.474+0000][1][gc,age       ] GC(22) Age table with threshold 6 (max threshold 6)
[2020-03-27T04:53:09.475+0000][1][gc,age       ] GC(22) - age   1:     659216 bytes,     659216 total
[2020-03-27T04:53:09.475+0000][1][gc,age       ] GC(22) - age   2:     514520 bytes,    1173736 total
[2020-03-27T04:53:09.476+0000][1][gc,age       ] GC(22) - age   3:     325696 bytes,    1499432 total
[2020-03-27T04:53:09.476+0000][1][gc,age       ] GC(22) - age   4:      35136 bytes,    1534568 total
[2020-03-27T04:53:09.477+0000][1][gc,age       ] GC(22) - age   5:      80024 bytes,    1614592 total
[2020-03-27T04:53:09.477+0000][1][gc,age       ] GC(22) - age   6:      57880 bytes,    1672472 total
[2020-03-27T04:53:09.477+0000][1][gc,heap      ] GC(22) ParNew: 37850K->2142K(39296K)
[2020-03-27T04:53:09.478+0000][1][gc,heap      ] GC(22) CMS: 14753K->14753K(87424K)
[2020-03-27T04:53:09.478+0000][1][gc,metaspace ] GC(22) Metaspace: 20610K->20610K(1069056K)
[2020-03-27T04:53:09.479+0000][1][gc           ] GC(22) Pause Young (Allocation Failure) 51M->16M(123M) 8.966ms
[2020-03-27T04:53:09.480+0000][1][gc,cpu       ] GC(22) User=0.00s Sys=0.00s Real=0.01s
[2020-03-27T04:53:09.480+0000][1][safepoint    ] Safepoint "GenCollectForAllocation", Time since last: 29309204 ns, Reaching safepoint: 101000 ns, At safepoint: 10104202 ns, Total: 10205202 ns
[2020-03-27T04:53:09.502+0000][1][gc,start     ] GC(23) Pause Young (Allocation Failure)
[2020-03-27T04:53:09.503+0000][1][gc,task      ] GC(23) Using 2 workers of 2 for evacuation
[2020-03-27T04:53:09.506+0000][1][gc,age       ] GC(23) Desired survivor size 2228224 bytes, new threshold 4 (max threshold 6)
[2020-03-27T04:53:09.506+0000][1][gc,age       ] GC(23) Age table with threshold 4 (max threshold 6)
[2020-03-27T04:53:09.506+0000][1][gc,age       ] GC(23) - age   1:    1356512 bytes,    1356512 total
[2020-03-27T04:53:09.507+0000][1][gc,age       ] GC(23) - age   2:     173776 bytes,    1530288 total
[2020-03-27T04:53:09.507+0000][1][gc,age       ] GC(23) - age   3:     514520 bytes,    2044808 total
[2020-03-27T04:53:09.508+0000][1][gc,age       ] GC(23) - age   4:     325696 bytes,    2370504 total
[2020-03-27T04:53:09.508+0000][1][gc,age       ] GC(23) - age   5:      35136 bytes,    2405640 total
[2020-03-27T04:53:09.508+0000][1][gc,age       ] GC(23) - age   6:      80024 bytes,    2485664 total
[2020-03-27T04:53:09.509+0000][1][gc,heap      ] GC(23) ParNew: 37086K->2985K(39296K)
[2020-03-27T04:53:09.509+0000][1][gc,heap      ] GC(23) CMS: 14753K->14811K(87424K)
[2020-03-27T04:53:09.509+0000][1][gc,metaspace ] GC(23) Metaspace: 20613K->20613K(1069056K)
[2020-03-27T04:53:09.509+0000][1][gc           ] GC(23) Pause Young (Allocation Failure) 50M->17M(123M) 7.214ms
[2020-03-27T04:53:09.510+0000][1][gc,cpu       ] GC(23) User=0.01s Sys=0.00s Real=0.01s
[2020-03-27T04:53:09.510+0000][1][safepoint    ] Safepoint "GenCollectForAllocation", Time since last: 22040903 ns, Reaching safepoint: 95700 ns, At safepoint: 7864801 ns, Total: 7960501 ns
[2020-03-27T04:53:09.525+0000][1][gc           ] GC(21) Concurrent Abortable Preclean 68.856ms
[2020-03-27T04:53:09.526+0000][1][gc,cpu       ] GC(21) User=0.11s Sys=0.00s Real=0.07s
[2020-03-27T04:53:09.526+0000][1][gc,start     ] GC(21) Pause Remark
[2020-03-27T04:53:09.531+0000][1][gc           ] GC(21) Pause Remark 38M->38M(123M) 5.219ms
[2020-03-27T04:53:09.532+0000][1][gc,cpu       ] GC(21) User=0.01s Sys=0.00s Real=0.00s
[2020-03-27T04:53:09.532+0000][1][safepoint    ] Safepoint "CMS_Final_Remark", Time since last: 16008802 ns, Reaching safepoint: 19300 ns, At safepoint: 5963201 ns, Total: 5982501 ns
[2020-03-27T04:53:09.532+0000][1][gc           ] GC(21) Concurrent Sweep
[2020-03-27T04:53:09.535+0000][1][gc           ] GC(21) Concurrent Sweep 2.810ms
[2020-03-27T04:53:09.536+0000][1][gc,cpu       ] GC(21) User=0.01s Sys=0.00s Real=0.01s
[2020-03-27T04:53:09.536+0000][1][gc           ] GC(21) Concurrent Reset
[2020-03-27T04:53:09.537+0000][1][gc           ] GC(21) Concurrent Reset 0.920ms
[2020-03-27T04:53:09.537+0000][1][gc,cpu       ] GC(21) User=0.00s Sys=0.00s Real=0.00s
[2020-03-27T04:53:09.538+0000][1][gc,heap      ] GC(21) Old: 14753K->14769K(87424K)
[2020-03-27T04:53:09.544+0000][1][gc,start     ] GC(24) Pause Young (Allocation Failure)
[2020-03-27T04:53:09.545+0000][1][gc,task      ] GC(24) Using 2 workers of 2 for evacuation
[2020-03-27T04:53:09.548+0000][1][gc,age       ] GC(24) Desired survivor size 2228224 bytes, new threshold 4 (max threshold 6)
[2020-03-27T04:53:09.548+0000][1][gc,age       ] GC(24) Age table with threshold 4 (max threshold 6)
[2020-03-27T04:53:09.549+0000][1][gc,age       ] GC(24) - age   1:    1841312 bytes,    1841312 total
[2020-03-27T04:53:09.549+0000][1][gc,age       ] GC(24) - age   2:      32808 bytes,    1874120 total
[2020-03-27T04:53:09.549+0000][1][gc,age       ] GC(24) - age   3:     173824 bytes,    2047944 total
[2020-03-27T04:53:09.550+0000][1][gc,age       ] GC(24) - age   4:     514424 bytes,    2562368 total
[2020-03-27T04:53:09.550+0000][1][gc,heap      ] GC(24) ParNew: 37929K->4352K(39296K)
[2020-03-27T04:53:09.550+0000][1][gc,heap      ] GC(24) CMS: 14769K->15206K(87424K)
[2020-03-27T04:53:09.551+0000][1][gc,metaspace ] GC(24) Metaspace: 20618K->20618K(1069056K)
[2020-03-27T04:53:09.551+0000][1][gc           ] GC(24) Pause Young (Allocation Failure) 51M->19M(123M) 7.025ms
[2020-03-27T04:53:09.552+0000][1][gc,cpu       ] GC(24) User=0.01s Sys=0.00s Real=0.01s
[2020-03-27T04:53:09.552+0000][1][safepoint    ] Safepoint "GenCollectForAllocation", Time since last: 11885501 ns, Reaching safepoint: 336300 ns, At safepoint: 8105901 ns, Total: 8442201 ns
[2020-03-27T04:53:09.576+0000][1][gc,start     ] GC(25) Pause Young (Allocation Failure)
[2020-03-27T04:53:09.577+0000][1][gc,task      ] GC(25) Using 2 workers of 2 for evacuation
[2020-03-27T04:53:09.579+0000][1][gc,age       ] GC(25) Desired survivor size 2228224 bytes, new threshold 6 (max threshold 6)
[2020-03-27T04:53:09.579+0000][1][gc,age       ] GC(25) Age table with threshold 6 (max threshold 6)
[2020-03-27T04:53:09.580+0000][1][gc,age       ] GC(25) - age   1:     417440 bytes,     417440 total
[2020-03-27T04:53:09.581+0000][1][gc,age       ] GC(25) - age   2:      37632 bytes,     455072 total
[2020-03-27T04:53:09.581+0000][1][gc,age       ] GC(25) - age   3:      32808 bytes,     487880 total
[2020-03-27T04:53:09.581+0000][1][gc,age       ] GC(25) - age   4:     173664 bytes,     661544 total
[2020-03-27T04:53:09.582+0000][1][gc,heap      ] GC(25) ParNew: 39296K->1486K(39296K)
[2020-03-27T04:53:09.582+0000][1][gc,heap      ] GC(25) CMS: 15206K->15714K(87424K)
[2020-03-27T04:53:09.583+0000][1][gc,metaspace ] GC(25) Metaspace: 20630K->20630K(1069056K)
[2020-03-27T04:53:09.583+0000][1][gc           ] GC(25) Pause Young (Allocation Failure) 53M->16M(123M) 6.852ms
[2020-03-27T04:53:09.584+0000][1][gc,cpu       ] GC(25) User=0.01s Sys=0.00s Real=0.00s
[2020-03-27T04:53:09.584+0000][1][safepoint    ] Safepoint "GenCollectForAllocation", Time since last: 23790004 ns, Reaching safepoint: 94700 ns, At safepoint: 7725301 ns, Total: 7820001 ns
[2020-03-27T04:53:09.611+0000][1][gc,start     ] GC(26) Pause Young (Allocation Failure)
[2020-03-27T04:53:09.612+0000][1][gc,task      ] GC(26) Using 2 workers of 2 for evacuation
[2020-03-27T04:53:09.613+0000][1][gc,age       ] GC(26) Desired survivor size 2228224 bytes, new threshold 6 (max threshold 6)
[2020-03-27T04:53:09.614+0000][1][gc,age       ] GC(26) Age table with threshold 6 (max threshold 6)
[2020-03-27T04:53:09.614+0000][1][gc,age       ] GC(26) - age   1:     666056 bytes,     666056 total
[2020-03-27T04:53:09.614+0000][1][gc,age       ] GC(26) - age   2:      68416 bytes,     734472 total
[2020-03-27T04:53:09.615+0000][1][gc,age       ] GC(26) - age   3:      37632 bytes,     772104 total
[2020-03-27T04:53:09.615+0000][1][gc,age       ] GC(26) - age   4:      32808 bytes,     804912 total
[2020-03-27T04:53:09.616+0000][1][gc,age       ] GC(26) - age   5:     173664 bytes,     978576 total
[2020-03-27T04:53:09.616+0000][1][gc,heap      ] GC(26) ParNew: 36430K->1227K(39296K)
[2020-03-27T04:53:09.616+0000][1][gc,heap      ] GC(26) CMS: 15714K->15714K(87424K)
[2020-03-27T04:53:09.617+0000][1][gc,metaspace ] GC(26) Metaspace: 20722K->20722K(1069056K)
[2020-03-27T04:53:09.617+0000][1][gc           ] GC(26) Pause Young (Allocation Failure) 50M->16M(123M) 6.195ms
[2020-03-27T04:53:09.618+0000][1][gc,cpu       ] GC(26) User=0.00s Sys=0.00s Real=0.01s
[2020-03-27T04:53:09.618+0000][1][safepoint    ] Safepoint "GenCollectForAllocation", Time since last: 26789603 ns, Reaching safepoint: 97500 ns, At safepoint: 7280801 ns, Total: 7378301 ns
[2020-03-27T04:53:09.643+0000][1][gc,start     ] GC(27) Pause Young (Allocation Failure)
[2020-03-27T04:53:09.644+0000][1][gc,task      ] GC(27) Using 2 workers of 2 for evacuation
[2020-03-27T04:53:09.645+0000][1][gc,age       ] GC(27) Desired survivor size 2228224 bytes, new threshold 6 (max threshold 6)
[2020-03-27T04:53:09.646+0000][1][gc,age       ] GC(27) Age table with threshold 6 (max threshold 6)
[2020-03-27T04:53:09.646+0000][1][gc,age       ] GC(27) - age   1:     182232 bytes,     182232 total
[2020-03-27T04:53:09.646+0000][1][gc,age       ] GC(27) - age   2:      68456 bytes,     250688 total
[2020-03-27T04:53:09.647+0000][1][gc,age       ] GC(27) - age   3:      68416 bytes,     319104 total
[2020-03-27T04:53:09.647+0000][1][gc,age       ] GC(27) - age   4:      37632 bytes,     356736 total
[2020-03-27T04:53:09.647+0000][1][gc,age       ] GC(27) - age   5:      32808 bytes,     389544 total
[2020-03-27T04:53:09.648+0000][1][gc,age       ] GC(27) - age   6:     173664 bytes,     563208 total
[2020-03-27T04:53:09.648+0000][1][gc,heap      ] GC(27) ParNew: 36171K->870K(39296K)
[2020-03-27T04:53:09.648+0000][1][gc,heap      ] GC(27) CMS: 15714K->15714K(87424K)
[2020-03-27T04:53:09.649+0000][1][gc,metaspace ] GC(27) Metaspace: 20722K->20722K(1069056K)
[2020-03-27T04:53:09.649+0000][1][gc           ] GC(27) Pause Young (Allocation Failure) 50M->16M(123M) 5.686ms
[2020-03-27T04:53:09.649+0000][1][gc,cpu       ] GC(27) User=0.00s Sys=0.00s Real=0.01s
[2020-03-27T04:53:09.650+0000][1][safepoint    ] Safepoint "GenCollectForAllocation", Time since last: 24875904 ns, Reaching safepoint: 167500 ns, At safepoint: 6303901 ns, Total: 6471401 ns
[2020-03-27T04:53:09.679+0000][1][gc,start     ] GC(28) Pause Young (Allocation Failure)
[2020-03-27T04:53:09.681+0000][1][gc,task      ] GC(28) Using 2 workers of 2 for evacuation
[2020-03-27T04:53:09.683+0000][1][gc,age       ] GC(28) Desired survivor size 2228224 bytes, new threshold 6 (max threshold 6)
[2020-03-27T04:53:09.683+0000][1][gc,age       ] GC(28) Age table with threshold 6 (max threshold 6)
[2020-03-27T04:53:09.684+0000][1][gc,age       ] GC(28) - age   1:    1103880 bytes,    1103880 total
[2020-03-27T04:53:09.684+0000][1][gc,age       ] GC(28) - age   2:     165992 bytes,    1269872 total
[2020-03-27T04:53:09.684+0000][1][gc,age       ] GC(28) - age   3:      66792 bytes,    1336664 total
[2020-03-27T04:53:09.685+0000][1][gc,age       ] GC(28) - age   4:      68416 bytes,    1405080 total
[2020-03-27T04:53:09.685+0000][1][gc,age       ] GC(28) - age   5:      37632 bytes,    1442712 total
[2020-03-27T04:53:09.685+0000][1][gc,age       ] GC(28) - age   6:      32808 bytes,    1475520 total
[2020-03-27T04:53:09.686+0000][1][gc,heap      ] GC(28) ParNew: 35814K->1890K(39296K)
[2020-03-27T04:53:09.686+0000][1][gc,heap      ] GC(28) CMS: 15714K->15886K(87424K)
[2020-03-27T04:53:09.686+0000][1][gc,metaspace ] GC(28) Metaspace: 20776K->20776K(1069056K)
[2020-03-27T04:53:09.686+0000][1][gc           ] GC(28) Pause Young (Allocation Failure) 50M->17M(123M) 7.006ms
[2020-03-27T04:53:09.687+0000][1][gc,cpu       ] GC(28) User=0.01s Sys=0.00s Real=0.01s
[2020-03-27T04:53:09.687+0000][1][safepoint    ] Safepoint "GenCollectForAllocation", Time since last: 29735304 ns, Reaching safepoint: 118600 ns, At safepoint: 7476001 ns, Total: 7594601 ns
[2020-03-27T04:53:09.711+0000][1][gc,start     ] GC(29) Pause Young (Allocation Failure)
[2020-03-27T04:53:09.712+0000][1][gc,task      ] GC(29) Using 2 workers of 2 for evacuation
[2020-03-27T04:53:09.714+0000][1][gc,age       ] GC(29) Desired survivor size 2228224 bytes, new threshold 6 (max threshold 6)
[2020-03-27T04:53:09.714+0000][1][gc,age       ] GC(29) Age table with threshold 6 (max threshold 6)
[2020-03-27T04:53:09.715+0000][1][gc,age       ] GC(29) - age   1:    1434896 bytes,    1434896 total
[2020-03-27T04:53:09.715+0000][1][gc,age       ] GC(29) - age   2:     115800 bytes,    1550696 total
[2020-03-27T04:53:09.715+0000][1][gc,age       ] GC(29) - age   3:     165992 bytes,    1716688 total
[2020-03-27T04:53:09.716+0000][1][gc,age       ] GC(29) - age   4:      66680 bytes,    1783368 total
[2020-03-27T04:53:09.716+0000][1][gc,age       ] GC(29) - age   5:      68416 bytes,    1851784 total
[2020-03-27T04:53:09.717+0000][1][gc,age       ] GC(29) - age   6:      37632 bytes,    1889416 total
[2020-03-27T04:53:09.717+0000][1][gc,heap      ] GC(29) ParNew: 36834K->2476K(39296K)
[2020-03-27T04:53:09.717+0000][1][gc,heap      ] GC(29) CMS: 15886K->15920K(87424K)
[2020-03-27T04:53:09.718+0000][1][gc,metaspace ] GC(29) Metaspace: 20813K->20813K(1069056K)
[2020-03-27T04:53:09.718+0000][1][gc           ] GC(29) Pause Young (Allocation Failure) 51M->17M(123M) 6.813ms
[2020-03-27T04:53:09.718+0000][1][gc,cpu       ] GC(29) User=0.01s Sys=0.00s Real=0.01s
[2020-03-27T04:53:09.719+0000][1][safepoint    ] Safepoint "GenCollectForAllocation", Time since last: 24104203 ns, Reaching safepoint: 98000 ns, At safepoint: 7510801 ns, Total: 7608801 ns
[2020-03-27T04:53:09.750+0000][1][gc,start     ] GC(30) Pause Young (Allocation Failure)
[2020-03-27T04:53:09.751+0000][1][gc,task      ] GC(30) Using 2 workers of 2 for evacuation
[2020-03-27T04:53:09.752+0000][1][gc,age       ] GC(30) Desired survivor size 2228224 bytes, new threshold 6 (max threshold 6)
[2020-03-27T04:53:09.753+0000][1][gc,age       ] GC(30) Age table with threshold 6 (max threshold 6)
[2020-03-27T04:53:09.753+0000][1][gc,age       ] GC(30) - age   1:     338104 bytes,     338104 total
[2020-03-27T04:53:09.753+0000][1][gc,age       ] GC(30) - age   2:      49184 bytes,     387288 total
[2020-03-27T04:53:09.754+0000][1][gc,age       ] GC(30) - age   3:     115800 bytes,     503088 total
[2020-03-27T04:53:09.754+0000][1][gc,age       ] GC(30) - age   4:     165992 bytes,     669080 total
[2020-03-27T04:53:09.754+0000][1][gc,age       ] GC(30) - age   5:      66680 bytes,     735760 total
[2020-03-27T04:53:09.754+0000][1][gc,age       ] GC(30) - age   6:      68416 bytes,     804176 total
[2020-03-27T04:53:09.755+0000][1][gc,heap      ] GC(30) ParNew: 37420K->1693K(39296K)
[2020-03-27T04:53:09.755+0000][1][gc,heap      ] GC(30) CMS: 15920K->15958K(87424K)
[2020-03-27T04:53:09.755+0000][1][gc,metaspace ] GC(30) Metaspace: 20865K->20865K(1069056K)
[2020-03-27T04:53:09.756+0000][1][gc           ] GC(30) Pause Young (Allocation Failure) 52M->17M(123M) 5.784ms
[2020-03-27T04:53:09.756+0000][1][gc,cpu       ] GC(30) User=0.01s Sys=0.00s Real=0.01s
[2020-03-27T04:53:09.757+0000][1][safepoint    ] Safepoint "GenCollectForAllocation", Time since last: 31447404 ns, Reaching safepoint: 98900 ns, At safepoint: 6506301 ns, Total: 6605201 ns
[2020-03-27T04:53:09.781+0000][1][gc,start     ] GC(31) Pause Young (Allocation Failure)
[2020-03-27T04:53:09.782+0000][1][gc,task      ] GC(31) Using 2 workers of 2 for evacuation
[2020-03-27T04:53:09.785+0000][1][gc,age       ] GC(31) Desired survivor size 2228224 bytes, new threshold 5 (max threshold 6)
[2020-03-27T04:53:09.785+0000][1][gc,age       ] GC(31) Age table with threshold 5 (max threshold 6)
[2020-03-27T04:53:09.786+0000][1][gc,age       ] GC(31) - age   1:    1813704 bytes,    1813704 total
[2020-03-27T04:53:09.786+0000][1][gc,age       ] GC(31) - age   2:     142464 bytes,    1956168 total
[2020-03-27T04:53:09.786+0000][1][gc,age       ] GC(31) - age   3:      49184 bytes,    2005352 total
[2020-03-27T04:53:09.787+0000][1][gc,age       ] GC(31) - age   4:     115800 bytes,    2121152 total
[2020-03-27T04:53:09.787+0000][1][gc,age       ] GC(31) - age   5:     165992 bytes,    2287144 total
[2020-03-27T04:53:09.788+0000][1][gc,age       ] GC(31) - age   6:      66680 bytes,    2353824 total
[2020-03-27T04:53:09.788+0000][1][gc,heap      ] GC(31) ParNew: 36637K->2870K(39296K)
[2020-03-27T04:53:09.788+0000][1][gc,heap      ] GC(31) CMS: 15958K->16027K(87424K)
[2020-03-27T04:53:09.789+0000][1][gc,metaspace ] GC(31) Metaspace: 20872K->20872K(1069056K)
[2020-03-27T04:53:09.789+0000][1][gc           ] GC(31) Pause Young (Allocation Failure) 51M->18M(123M) 7.961ms
[2020-03-27T04:53:09.790+0000][1][gc,cpu       ] GC(31) User=0.01s Sys=0.00s Real=0.01s
[2020-03-27T04:53:09.790+0000][1][safepoint    ] Safepoint "GenCollectForAllocation", Time since last: 24357104 ns, Reaching safepoint: 96400 ns, At safepoint: 8858501 ns, Total: 8954901 ns
[2020-03-27T04:53:09.818+0000][1][safepoint    ] Safepoint "Deoptimize", Time since last: 27911304 ns, Reaching safepoint: 99000 ns, At safepoint: 242700 ns, Total: 341700 ns
[2020-03-27T04:53:09.844+0000][1][gc,start     ] GC(32) Pause Young (Allocation Failure)
[2020-03-27T04:53:09.845+0000][1][gc,task      ] GC(32) Using 2 workers of 2 for evacuation
[2020-03-27T04:53:09.847+0000][1][gc,age       ] GC(32) Desired survivor size 2228224 bytes, new threshold 6 (max threshold 6)
[2020-03-27T04:53:09.847+0000][1][gc,age       ] GC(32) Age table with threshold 6 (max threshold 6)
[2020-03-27T04:53:09.848+0000][1][gc,age       ] GC(32) - age   1:     124080 bytes,     124080 total
[2020-03-27T04:53:09.848+0000][1][gc,age       ] GC(32) - age   2:      35144 bytes,     159224 total
[2020-03-27T04:53:09.849+0000][1][gc,age       ] GC(32) - age   3:     142328 bytes,     301552 total
[2020-03-27T04:53:09.849+0000][1][gc,age       ] GC(32) - age   4:      49184 bytes,     350736 total
[2020-03-27T04:53:09.850+0000][1][gc,age       ] GC(32) - age   5:     115800 bytes,     466536 total
[2020-03-27T04:53:09.850+0000][1][gc,heap      ] GC(32) ParNew: 37814K->1903K(39296K)
[2020-03-27T04:53:09.850+0000][1][gc,heap      ] GC(32) CMS: 16027K->16258K(87424K)
[2020-03-27T04:53:09.851+0000][1][gc,metaspace ] GC(32) Metaspace: 21037K->21037K(1069056K)
[2020-03-27T04:53:09.851+0000][1][gc           ] GC(32) Pause Young (Allocation Failure) 52M->17M(123M) 6.891ms
[2020-03-27T04:53:09.852+0000][1][gc,cpu       ] GC(32) User=0.01s Sys=0.00s Real=0.01s
[2020-03-27T04:53:09.852+0000][1][safepoint    ] Safepoint "GenCollectForAllocation", Time since last: 25920903 ns, Reaching safepoint: 150300 ns, At safepoint: 7705301 ns, Total: 7855601 ns
[2020-03-27T04:53:10.211+0000][1][gc,start     ] GC(33) Pause Young (Allocation Failure)
[2020-03-27T04:53:10.212+0000][1][gc,task      ] GC(33) Using 2 workers of 2 for evacuation
[2020-03-27T04:53:10.216+0000][1][gc,age       ] GC(33) Desired survivor size 2228224 bytes, new threshold 6 (max threshold 6)
[2020-03-27T04:53:10.216+0000][1][gc,age       ] GC(33) Age table with threshold 6 (max threshold 6)
[2020-03-27T04:53:10.217+0000][1][gc,age       ] GC(33) - age   1:    1589280 bytes,    1589280 total
[2020-03-27T04:53:10.217+0000][1][gc,age       ] GC(33) - age   2:     119632 bytes,    1708912 total
[2020-03-27T04:53:10.217+0000][1][gc,age       ] GC(33) - age   3:      35144 bytes,    1744056 total
[2020-03-27T04:53:10.218+0000][1][gc,age       ] GC(33) - age   4:     142296 bytes,    1886352 total
[2020-03-27T04:53:10.218+0000][1][gc,age       ] GC(33) - age   5:      49024 bytes,    1935376 total
[2020-03-27T04:53:10.219+0000][1][gc,age       ] GC(33) - age   6:     115704 bytes,    2051080 total
[2020-03-27T04:53:10.219+0000][1][gc,heap      ] GC(33) ParNew: 36847K->2359K(39296K)
[2020-03-27T04:53:10.219+0000][1][gc,heap      ] GC(33) CMS: 16258K->16258K(87424K)
[2020-03-27T04:53:10.219+0000][1][gc,metaspace ] GC(33) Metaspace: 25675K->25675K(1073152K)
[2020-03-27T04:53:10.220+0000][1][gc           ] GC(33) Pause Young (Allocation Failure) 51M->18M(123M) 8.581ms
[2020-03-27T04:53:10.220+0000][1][gc,cpu       ] GC(33) User=0.01s Sys=0.00s Real=0.01s
[2020-03-27T04:53:10.220+0000][1][safepoint    ] Safepoint "GenCollectForAllocation", Time since last: 358928349 ns, Reaching safepoint: 177100 ns, At safepoint: 9151201 ns, Total: 9328301 ns
[2020-03-27T04:53:10.270+0000][1][safepoint    ] Safepoint "Deoptimize", Time since last: 49657507 ns, Reaching safepoint: 21900 ns, At safepoint: 183900 ns, Total: 205800 ns
[2020-03-27T04:53:10.274+0000][1][safepoint    ] Safepoint "Deoptimize", Time since last: 3881001 ns, Reaching safepoint: 49900 ns, At safepoint: 193700 ns, Total: 243600 ns
[2020-03-27T04:53:10.544+0000][1][gc,start     ] GC(34) Pause Young (Allocation Failure)
[2020-03-27T04:53:10.545+0000][1][gc,task      ] GC(34) Using 2 workers of 2 for evacuation
[2020-03-27T04:53:10.559+0000][1][gc,age       ] GC(34) Desired survivor size 2228224 bytes, new threshold 1 (max threshold 6)
[2020-03-27T04:53:10.560+0000][1][gc,age       ] GC(34) Age table with threshold 1 (max threshold 6)
[2020-03-27T04:53:10.570+0000][1][gc,age       ] GC(34) - age   1:    2714096 bytes,    2714096 total
[2020-03-27T04:53:10.571+0000][1][gc,age       ] GC(34) - age   2:    1414752 bytes,    4128848 total
[2020-03-27T04:53:10.572+0000][1][gc,age       ] GC(34) - age   3:     104104 bytes,    4232952 total
[2020-03-27T04:53:10.573+0000][1][gc,age       ] GC(34) - age   4:      34376 bytes,    4267328 total
[2020-03-27T04:53:10.573+0000][1][gc,age       ] GC(34) - age   5:     139992 bytes,    4407320 total
[2020-03-27T04:53:10.574+0000][1][gc,age       ] GC(34) - age   6:      47728 bytes,    4455048 total
[2020-03-27T04:53:10.575+0000][1][gc,heap      ] GC(34) ParNew: 37303K->4352K(39296K)
[2020-03-27T04:53:10.576+0000][1][gc,heap      ] GC(34) CMS: 16258K->20398K(87424K)
[2020-03-27T04:53:10.576+0000][1][gc,metaspace ] GC(34) Metaspace: 27798K->27798K(1075200K)
[2020-03-27T04:53:10.577+0000][1][gc           ] GC(34) Pause Young (Allocation Failure) 52M->24M(123M) 32.960ms
[2020-03-27T04:53:10.578+0000][1][gc,cpu       ] GC(34) User=0.02s Sys=0.00s Real=0.04s
[2020-03-27T04:53:10.578+0000][1][safepoint    ] Safepoint "GenCollectForAllocation", Time since last: 269551736 ns, Reaching safepoint: 239300 ns, At safepoint: 34198205 ns, Total: 34437505 ns
[2020-03-27T04:53:10.623+0000][1][safepoint    ] Safepoint "RevokeBias", Time since last: 44331106 ns, Reaching safepoint: 106800 ns, At safepoint: 23900 ns, Total: 130700 ns
[2020-03-27T04:53:10.786+0000][1][gc,start     ] GC(35) Pause Young (Allocation Failure)
[2020-03-27T04:53:10.787+0000][1][gc,task      ] GC(35) Using 2 workers of 2 for evacuation
[2020-03-27T04:53:10.801+0000][1][gc,age       ] GC(35) Desired survivor size 2228224 bytes, new threshold 1 (max threshold 6)
[2020-03-27T04:53:10.802+0000][1][gc,age       ] GC(35) Age table with threshold 1 (max threshold 6)
[2020-03-27T04:53:10.812+0000][1][gc,age       ] GC(35) - age   1:    4415152 bytes,    4415152 total
[2020-03-27T04:53:10.813+0000][1][gc,heap      ] GC(35) ParNew: 39296K->4352K(39296K)
[2020-03-27T04:53:10.814+0000][1][gc,heap      ] GC(35) CMS: 20398K->25570K(87424K)
[2020-03-27T04:53:10.814+0000][1][gc,metaspace ] GC(35) Metaspace: 27811K->27811K(1075200K)
[2020-03-27T04:53:10.814+0000][1][gc           ] GC(35) Pause Young (Allocation Failure) 58M->29M(123M) 28.080ms
[2020-03-27T04:53:10.815+0000][1][gc,cpu       ] GC(35) User=0.03s Sys=0.00s Real=0.02s
[2020-03-27T04:53:10.815+0000][1][safepoint    ] Safepoint "GenCollectForAllocation", Time since last: 163500622 ns, Reaching safepoint: 139100 ns, At safepoint: 29156404 ns, Total: 29295504 ns
[2020-03-27T04:53:10.984+0000][1][gc,start     ] GC(36) Pause Young (Allocation Failure)
[2020-03-27T04:53:10.984+0000][1][gc,task      ] GC(36) Using 2 workers of 2 for evacuation
[2020-03-27T04:53:10.993+0000][1][gc,age       ] GC(36) Desired survivor size 2228224 bytes, new threshold 1 (max threshold 6)
[2020-03-27T04:53:10.994+0000][1][gc,age       ] GC(36) Age table with threshold 1 (max threshold 6)
[2020-03-27T04:53:10.994+0000][1][gc,age       ] GC(36) - age   1:    3982936 bytes,    3982936 total
[2020-03-27T04:53:10.994+0000][1][gc,heap      ] GC(36) ParNew: 39296K->4352K(39296K)
[2020-03-27T04:53:10.995+0000][1][gc,heap      ] GC(36) CMS: 25570K->30891K(87424K)
[2020-03-27T04:53:10.995+0000][1][gc,metaspace ] GC(36) Metaspace: 27839K->27839K(1075200K)
[2020-03-27T04:53:10.996+0000][1][gc           ] GC(36) Pause Young (Allocation Failure) 63M->34M(123M) 12.310ms
[2020-03-27T04:53:10.996+0000][1][gc,cpu       ] GC(36) User=0.02s Sys=0.00s Real=0.02s
[2020-03-27T04:53:10.997+0000][1][safepoint    ] Safepoint "GenCollectForAllocation", Time since last: 168039323 ns, Reaching safepoint: 105400 ns, At safepoint: 13148602 ns, Total: 13254002 ns
[2020-03-27T04:53:11.096+0000][1][safepoint    ] Safepoint "RevokeBias", Time since last: 99571013 ns, Reaching safepoint: 114400 ns, At safepoint: 21800 ns, Total: 136200 ns
[2020-03-27T04:53:11.136+0000][1][gc,start     ] GC(37) Pause Young (Allocation Failure)
[2020-03-27T04:53:11.137+0000][1][gc,task      ] GC(37) Using 2 workers of 2 for evacuation
[2020-03-27T04:53:11.148+0000][1][gc,age       ] GC(37) Desired survivor size 2228224 bytes, new threshold 1 (max threshold 6)
[2020-03-27T04:53:11.149+0000][1][gc,age       ] GC(37) Age table with threshold 1 (max threshold 6)
[2020-03-27T04:53:11.162+0000][1][gc,age       ] GC(37) - age   1:    3707928 bytes,    3707928 total
[2020-03-27T04:53:11.162+0000][1][gc,heap      ] GC(37) ParNew: 39296K->4352K(39296K)
[2020-03-27T04:53:11.163+0000][1][gc,heap      ] GC(37) CMS: 30891K->35794K(87424K)
[2020-03-27T04:53:11.164+0000][1][gc,metaspace ] GC(37) Metaspace: 28008K->28008K(1075200K)
[2020-03-27T04:53:11.164+0000][1][gc           ] GC(37) Pause Young (Allocation Failure) 68M->39M(123M) 27.956ms
[2020-03-27T04:53:11.165+0000][1][gc,cpu       ] GC(37) User=0.01s Sys=0.00s Real=0.02s
[2020-03-27T04:53:11.165+0000][1][safepoint    ] Safepoint "GenCollectForAllocation", Time since last: 39434306 ns, Reaching safepoint: 100900 ns, At safepoint: 29001504 ns, Total: 29102404 ns
[2020-03-27T04:53:11.284+0000][1][gc,start     ] GC(38) Pause Young (Allocation Failure)
[2020-03-27T04:53:11.284+0000][1][gc,task      ] GC(38) Using 2 workers of 2 for evacuation
[2020-03-27T04:53:11.294+0000][1][gc,age       ] GC(38) Desired survivor size 2228224 bytes, new threshold 1 (max threshold 6)
[2020-03-27T04:53:11.295+0000][1][gc,age       ] GC(38) Age table with threshold 1 (max threshold 6)
[2020-03-27T04:53:11.295+0000][1][gc,age       ] GC(38) - age   1:    4336784 bytes,    4336784 total
[2020-03-27T04:53:11.295+0000][1][gc,heap      ] GC(38) ParNew: 39296K->4352K(39296K)
[2020-03-27T04:53:11.295+0000][1][gc,heap      ] GC(38) CMS: 35794K->39444K(87424K)
[2020-03-27T04:53:11.296+0000][1][gc,metaspace ] GC(38) Metaspace: 28013K->28013K(1075200K)
[2020-03-27T04:53:11.296+0000][1][gc           ] GC(38) Pause Young (Allocation Failure) 73M->42M(123M) 11.982ms
[2020-03-27T04:53:11.296+0000][1][gc,cpu       ] GC(38) User=0.02s Sys=0.00s Real=0.02s
[2020-03-27T04:53:11.296+0000][1][safepoint    ] Safepoint "GenCollectForAllocation", Time since last: 118520116 ns, Reaching safepoint: 187900 ns, At safepoint: 12322002 ns, Total: 12509902 ns
[2020-03-27T04:53:11.498+0000][1][gc,start     ] GC(39) Pause Young (Allocation Failure)
[2020-03-27T04:53:11.503+0000][1][gc,task      ] GC(39) Using 2 workers of 2 for evacuation
[2020-03-27T04:53:11.512+0000][1][gc,age       ] GC(39) Desired survivor size 2228224 bytes, new threshold 1 (max threshold 6)
[2020-03-27T04:53:11.512+0000][1][gc,age       ] GC(39) Age table with threshold 1 (max threshold 6)
[2020-03-27T04:53:11.512+0000][1][gc,age       ] GC(39) - age   1:    2832144 bytes,    2832144 total
[2020-03-27T04:53:11.513+0000][1][gc,heap      ] GC(39) ParNew: 39296K->4352K(39296K)
[2020-03-27T04:53:11.513+0000][1][gc,heap      ] GC(39) CMS: 39444K->43524K(87424K)
[2020-03-27T04:53:11.515+0000][1][gc,metaspace ] GC(39) Metaspace: 30197K->30197K(1077248K)
[2020-03-27T04:53:11.517+0000][1][gc           ] GC(39) Pause Young (Allocation Failure) 76M->46M(123M) 18.168ms
[2020-03-27T04:53:11.517+0000][1][gc,cpu       ] GC(39) User=0.02s Sys=0.00s Real=0.02s
[2020-03-27T04:53:11.517+0000][1][safepoint    ] Safepoint "GenCollectForAllocation", Time since last: 202220927 ns, Reaching safepoint: 142600 ns, At safepoint: 18767303 ns, Total: 18909903 ns
[2020-03-27T04:53:11.555+0000][1][safepoint    ] Safepoint "RevokeBias", Time since last: 37572305 ns, Reaching safepoint: 156600 ns, At safepoint: 39400 ns, Total: 196000 ns
[2020-03-27T04:53:11.588+0000][1][safepoint    ] Safepoint "RevokeBias", Time since last: 32366504 ns, Reaching safepoint: 148900 ns, At safepoint: 39600 ns, Total: 188500 ns
[2020-03-27T04:53:11.595+0000][1][safepoint    ] Safepoint "RevokeBias", Time since last: 7403901 ns, Reaching safepoint: 114300 ns, At safepoint: 18000 ns, Total: 132300 ns
[2020-03-27T04:53:11.603+0000][1][safepoint    ] Safepoint "RevokeBias", Time since last: 7753201 ns, Reaching safepoint: 162300 ns, At safepoint: 24600 ns, Total: 186900 ns
[2020-03-27T04:53:11.609+0000][1][safepoint    ] Safepoint "RevokeBias", Time since last: 5748201 ns, Reaching safepoint: 129100 ns, At safepoint: 43300 ns, Total: 172400 ns
[2020-03-27T04:53:11.712+0000][1][gc,start     ] GC(40) Pause Young (Allocation Failure)
[2020-03-27T04:53:11.712+0000][1][gc,task      ] GC(40) Using 2 workers of 2 for evacuation
[2020-03-27T04:53:11.723+0000][1][gc,age       ] GC(40) Desired survivor size 2228224 bytes, new threshold 6 (max threshold 6)
[2020-03-27T04:53:11.723+0000][1][gc,age       ] GC(40) Age table with threshold 6 (max threshold 6)
[2020-03-27T04:53:11.729+0000][1][gc,age       ] GC(40) - age   1:    1240720 bytes,    1240720 total
[2020-03-27T04:53:11.730+0000][1][gc,heap      ] GC(40) ParNew: 39296K->3099K(39296K)
[2020-03-27T04:53:11.731+0000][1][gc,heap      ] GC(40) CMS: 43524K->46290K(87424K)
[2020-03-27T04:53:11.732+0000][1][gc,metaspace ] GC(40) Metaspace: 33275K->33275K(1081344K)
[2020-03-27T04:53:11.733+0000][1][gc           ] GC(40) Pause Young (Allocation Failure) 80M->48M(123M) 21.042ms
[2020-03-27T04:53:11.734+0000][1][gc,cpu       ] GC(40) User=0.01s Sys=0.00s Real=0.02s
[2020-03-27T04:53:11.735+0000][1][safepoint    ] Safepoint "GenCollectForAllocation", Time since last: 102922914 ns, Reaching safepoint: 106700 ns, At safepoint: 22848103 ns, Total: 22954803 ns
[2020-03-27T04:53:11.779+0000][1][gc,start     ] GC(41) Pause Young (Allocation Failure)
[2020-03-27T04:53:11.780+0000][1][gc,task      ] GC(41) Using 2 workers of 2 for evacuation
[2020-03-27T04:53:11.784+0000][1][gc,age       ] GC(41) Desired survivor size 2228224 bytes, new threshold 6 (max threshold 6)
[2020-03-27T04:53:11.784+0000][1][gc,age       ] GC(41) Age table with threshold 6 (max threshold 6)
[2020-03-27T04:53:11.785+0000][1][gc,age       ] GC(41) - age   1:      36848 bytes,      36848 total
[2020-03-27T04:53:11.785+0000][1][gc,age       ] GC(41) - age   2:    1221456 bytes,    1258304 total
[2020-03-27T04:53:11.786+0000][1][gc,heap      ] GC(41) ParNew: 38043K->2155K(39296K)
[2020-03-27T04:53:11.786+0000][1][gc,heap      ] GC(41) CMS: 46290K->46290K(87424K)
[2020-03-27T04:53:11.787+0000][1][gc,metaspace ] GC(41) Metaspace: 33278K->33278K(1081344K)
[2020-03-27T04:53:11.787+0000][1][gc           ] GC(41) Pause Young (Allocation Failure) 82M->47M(123M) 7.602ms
[2020-03-27T04:53:11.787+0000][1][gc,cpu       ] GC(41) User=0.01s Sys=0.00s Real=0.01s
[2020-03-27T04:53:11.788+0000][1][safepoint    ] Safepoint "GenCollectForAllocation", Time since last: 44514106 ns, Reaching safepoint: 102500 ns, At safepoint: 8475902 ns, Total: 8578402 ns
[2020-03-27T04:53:11.804+0000][1][gc,start     ] GC(42) Pause Young (Allocation Failure)
[2020-03-27T04:53:11.804+0000][1][gc,task      ] GC(42) Using 2 workers of 2 for evacuation
[2020-03-27T04:53:11.808+0000][1][gc,age       ] GC(42) Desired survivor size 2228224 bytes, new threshold 6 (max threshold 6)
[2020-03-27T04:53:11.808+0000][1][gc,age       ] GC(42) Age table with threshold 6 (max threshold 6)
[2020-03-27T04:53:11.809+0000][1][gc,age       ] GC(42) - age   1:      21040 bytes,      21040 total
[2020-03-27T04:53:11.809+0000][1][gc,age       ] GC(42) - age   2:      34664 bytes,      55704 total
[2020-03-27T04:53:11.809+0000][1][gc,age       ] GC(42) - age   3:    1221456 bytes,    1277160 total
[2020-03-27T04:53:11.810+0000][1][gc,heap      ] GC(42) ParNew: 37099K->1825K(39296K)
[2020-03-27T04:53:11.810+0000][1][gc,heap      ] GC(42) CMS: 46290K->46290K(87424K)
[2020-03-27T04:53:11.810+0000][1][gc,metaspace ] GC(42) Metaspace: 33278K->33278K(1081344K)
[2020-03-27T04:53:11.811+0000][1][gc           ] GC(42) Pause Young (Allocation Failure) 81M->46M(123M) 7.245ms
[2020-03-27T04:53:11.811+0000][1][gc,cpu       ] GC(42) User=0.00s Sys=0.00s Real=0.01s
[2020-03-27T04:53:11.812+0000][1][safepoint    ] Safepoint "GenCollectForAllocation", Time since last: 15673802 ns, Reaching safepoint: 105200 ns, At safepoint: 8143901 ns, Total: 8249101 ns
[2020-03-27T04:53:11.970+0000][1][safepoint    ] Safepoint "CollectForMetadataAllocation", Time since last: 157766058 ns, Reaching safepoint: 168100 ns, At safepoint: 81600 ns, Total: 249700 ns
[2020-03-27T04:53:11.988+0000][1][gc,start     ] GC(43) Pause Young (Allocation Failure)
[2020-03-27T04:53:11.989+0000][1][gc,task      ] GC(43) Using 2 workers of 2 for evacuation
[2020-03-27T04:53:11.993+0000][1][gc,age       ] GC(43) Desired survivor size 2228224 bytes, new threshold 4 (max threshold 6)
[2020-03-27T04:53:11.993+0000][1][gc,age       ] GC(43) Age table with threshold 4 (max threshold 6)
[2020-03-27T04:53:11.993+0000][1][gc,age       ] GC(43) - age   1:    1549512 bytes,    1549512 total
[2020-03-27T04:53:11.994+0000][1][gc,age       ] GC(43) - age   2:      20944 bytes,    1570456 total
[2020-03-27T04:53:11.994+0000][1][gc,age       ] GC(43) - age   3:      34664 bytes,    1605120 total
[2020-03-27T04:53:11.995+0000][1][gc,age       ] GC(43) - age   4:    1177664 bytes,    2782784 total
[2020-03-27T04:53:11.995+0000][1][gc,heap      ] GC(43) ParNew: 36769K->3353K(39296K)
[2020-03-27T04:53:11.996+0000][1][gc,heap      ] GC(43) CMS: 46290K->46290K(87424K)
[2020-03-27T04:53:11.996+0000][1][gc,metaspace ] GC(43) Metaspace: 33730K->33730K(1081344K)
[2020-03-27T04:53:11.997+0000][1][gc           ] GC(43) Pause Young (Allocation Failure) 81M->48M(123M) 8.103ms
[2020-03-27T04:53:11.997+0000][1][gc,cpu       ] GC(43) User=0.01s Sys=0.00s Real=0.01s
[2020-03-27T04:53:11.997+0000][1][safepoint    ] Safepoint "GenCollectForAllocation", Time since last: 18540928 ns, Reaching safepoint: 103600 ns, At safepoint: 8967265 ns, Total: 9070865 ns
[2020-03-27T04:53:11.998+0000][1][gc,start     ] GC(44) Pause Initial Mark
[2020-03-27T04:53:12.000+0000][1][gc           ] GC(44) Pause Initial Mark 48M->48M(123M) 1.377ms
[2020-03-27T04:53:12.000+0000][1][gc,cpu       ] GC(44) User=0.00s Sys=0.00s Real=0.00s
[2020-03-27T04:53:12.000+0000][1][safepoint    ] Safepoint "CMS_Initial_Mark", Time since last: 759498 ns, Reaching safepoint: 104099 ns, At safepoint: 1976493 ns, Total: 2080592 ns
[2020-03-27T04:53:12.001+0000][1][gc           ] GC(44) Concurrent Mark
[2020-03-27T04:53:12.041+0000][1][gc           ] GC(44) Concurrent Mark 40.401ms
[2020-03-27T04:53:12.041+0000][1][gc,cpu       ] GC(44) User=0.08s Sys=0.00s Real=0.04s
[2020-03-27T04:53:12.042+0000][1][gc           ] GC(44) Concurrent Preclean
[2020-03-27T04:53:12.042+0000][1][safepoint    ] Safepoint "CollectForMetadataAllocation", Time since last: 41740739 ns, Reaching safepoint: 19600 ns, At safepoint: 90300 ns, Total: 109900 ns
[2020-03-27T04:53:12.043+0000][1][gc           ] GC(44) Concurrent Preclean 1.085ms
[2020-03-27T04:53:12.043+0000][1][gc,cpu       ] GC(44) User=0.00s Sys=0.00s Real=0.00s
[2020-03-27T04:53:12.043+0000][1][gc           ] GC(44) Concurrent Abortable Preclean
[2020-03-27T04:53:12.066+0000][1][safepoint    ] Safepoint "CollectForMetadataAllocation", Time since last: 23982708 ns, Reaching safepoint: 104099 ns, At safepoint: 110600 ns, Total: 214699 ns
[2020-03-27T04:53:12.104+0000][1][safepoint    ] Safepoint "CollectForMetadataAllocation", Time since last: 37531556 ns, Reaching safepoint: 31700 ns, At safepoint: 79699 ns, Total: 111399 ns
[2020-03-27T04:53:12.125+0000][1][safepoint    ] Safepoint "CollectForMetadataAllocation", Time since last: 20635921 ns, Reaching safepoint: 46700 ns, At safepoint: 74900 ns, Total: 121600 ns
[2020-03-27T04:53:12.139+0000][1][safepoint    ] Safepoint "CollectForMetadataAllocation", Time since last: 13660247 ns, Reaching safepoint: 102400 ns, At safepoint: 97599 ns, Total: 199999 ns
[2020-03-27T04:53:12.174+0000][1][safepoint    ] Safepoint "CollectForMetadataAllocation", Time since last: 35023266 ns, Reaching safepoint: 26200 ns, At safepoint: 60299 ns, Total: 86499 ns
[2020-03-27T04:53:12.193+0000][1][safepoint    ] Safepoint "CollectForMetadataAllocation", Time since last: 18960428 ns, Reaching safepoint: 22200 ns, At safepoint: 46099 ns, Total: 68299 ns
[2020-03-27T04:53:12.213+0000][1][safepoint    ] Safepoint "CollectForMetadataAllocation", Time since last: 19738625 ns, Reaching safepoint: 26999 ns, At safepoint: 77000 ns, Total: 103999 ns
[2020-03-27T04:53:12.229+0000][1][safepoint    ] Safepoint "CollectForMetadataAllocation", Time since last: 16745236 ns, Reaching safepoint: 91600 ns, At safepoint: 71399 ns, Total: 162999 ns
[2020-03-27T04:53:12.250+0000][1][gc           ] GC(44) Concurrent Abortable Preclean 206.664ms
[2020-03-27T04:53:12.251+0000][1][gc,cpu       ] GC(44) User=0.38s Sys=0.02s Real=0.21s
[2020-03-27T04:53:12.252+0000][1][gc,start     ] GC(44) Pause Remark
[2020-03-27T04:53:12.259+0000][1][gc           ] GC(44) Pause Remark 66M->66M(123M) 6.264ms
[2020-03-27T04:53:12.259+0000][1][gc,cpu       ] GC(44) User=0.01s Sys=0.00s Real=0.01s
[2020-03-27T04:53:12.260+0000][1][safepoint    ] Safepoint "CMS_Final_Remark", Time since last: 22856012 ns, Reaching safepoint: 16500 ns, At safepoint: 7263672 ns, Total: 7280172 ns
[2020-03-27T04:53:12.261+0000][1][gc           ] GC(44) Concurrent Sweep
[2020-03-27T04:53:12.267+0000][1][safepoint    ] Safepoint "CollectForMetadataAllocation", Time since last: 7055573 ns, Reaching safepoint: 236699 ns, At safepoint: 40800 ns, Total: 277499 ns
[2020-03-27T04:53:12.274+0000][1][gc           ] GC(44) Concurrent Sweep 13.233ms
[2020-03-27T04:53:12.275+0000][1][gc,cpu       ] GC(44) User=0.02s Sys=0.00s Real=0.01s
[2020-03-27T04:53:12.276+0000][1][gc           ] GC(44) Concurrent Reset
[2020-03-27T04:53:12.277+0000][1][gc           ] GC(44) Concurrent Reset 0.984ms
[2020-03-27T04:53:12.277+0000][1][gc,cpu       ] GC(44) User=0.00s Sys=0.00s Real=0.00s
[2020-03-27T04:53:12.277+0000][1][gc,heap      ] GC(44) Old: 46290K->44462K(87424K)
[2020-03-27T04:53:12.296+0000][1][safepoint    ] Safepoint "Deoptimize", Time since last: 28839190 ns, Reaching safepoint: 31599 ns, At safepoint: 224200 ns, Total: 255799 ns
[2020-03-27T04:53:12.301+0000][1][safepoint    ] Safepoint "Deoptimize", Time since last: 4412883 ns, Reaching safepoint: 13300 ns, At safepoint: 255999 ns, Total: 269299 ns
[2020-03-27T04:53:12.323+0000][1][safepoint    ] Safepoint "RevokeBias", Time since last: 22285514 ns, Reaching safepoint: 99200 ns, At safepoint: 42599 ns, Total: 141799 ns
[2020-03-27T04:53:12.326+0000][1][safepoint    ] Safepoint "Deoptimize", Time since last: 2180692 ns, Reaching safepoint: 11800 ns, At safepoint: 230499 ns, Total: 242299 ns
[2020-03-27T04:53:12.329+0000][1][safepoint    ] Safepoint "RevokeBias", Time since last: 3264288 ns, Reaching safepoint: 82399 ns, At safepoint: 37900 ns, Total: 120299 ns
[2020-03-27T04:53:12.338+0000][1][safepoint    ] Safepoint "RevokeBias", Time since last: 9139465 ns, Reaching safepoint: 16200 ns, At safepoint: 29100 ns, Total: 45300 ns
[2020-03-27T04:53:12.342+0000][1][safepoint    ] Safepoint "RevokeBias", Time since last: 3645986 ns, Reaching safepoint: 92399 ns, At safepoint: 34300 ns, Total: 126699 ns
[2020-03-27T04:53:12.427+0000][1][gc,start     ] GC(45) Pause Young (Allocation Failure)
[2020-03-27T04:53:12.427+0000][1][gc,task      ] GC(45) Using 2 workers of 2 for evacuation
[2020-03-27T04:53:12.433+0000][1][gc,age       ] GC(45) Desired survivor size 2228224 bytes, new threshold 2 (max threshold 6)
[2020-03-27T04:53:12.434+0000][1][gc,age       ] GC(45) Age table with threshold 2 (max threshold 6)
[2020-03-27T04:53:12.434+0000][1][gc,age       ] GC(45) - age   1:    1376664 bytes,    1376664 total
[2020-03-27T04:53:12.435+0000][1][gc,age       ] GC(45) - age   2:    1540832 bytes,    2917496 total
[2020-03-27T04:53:12.435+0000][1][gc,age       ] GC(45) - age   3:      20944 bytes,    2938440 total
[2020-03-27T04:53:12.435+0000][1][gc,age       ] GC(45) - age   4:      34664 bytes,    2973104 total
[2020-03-27T04:53:12.436+0000][1][gc,heap      ] GC(45) ParNew: 38297K->4352K(39296K)
[2020-03-27T04:53:12.436+0000][1][gc,heap      ] GC(45) CMS: 44462K->45633K(87424K)
[2020-03-27T04:53:12.437+0000][1][gc,metaspace ] GC(45) Metaspace: 39991K->39991K(1085440K)
[2020-03-27T04:53:12.437+0000][1][gc           ] GC(45) Pause Young (Allocation Failure) 80M->48M(123M) 10.244ms
[2020-03-27T04:53:12.437+0000][1][gc,cpu       ] GC(45) User=0.01s Sys=0.00s Real=0.01s
[2020-03-27T04:53:12.438+0000][1][safepoint    ] Safepoint "GenCollectForAllocation", Time since last: 84875574 ns, Reaching safepoint: 25600 ns, At safepoint: 10895358 ns, Total: 10920958 ns
[2020-03-27T04:53:12.778+0000][1][safepoint    ] Safepoint "Deoptimize", Time since last: 340110694 ns, Reaching safepoint: 123700 ns, At safepoint: 230599 ns, Total: 354299 ns
[2020-03-27T04:53:12.782+0000][1][safepoint    ] Safepoint "Deoptimize", Time since last: 3762285 ns, Reaching safepoint: 80800 ns, At safepoint: 308899 ns, Total: 389699 ns
[2020-03-27T04:53:12.787+0000][1][gc,start     ] GC(46) Pause Young (Allocation Failure)
[2020-03-27T04:53:12.787+0000][1][gc,task      ] GC(46) Using 2 workers of 2 for evacuation
[2020-03-27T04:53:12.796+0000][1][gc,age       ] GC(46) Desired survivor size 2228224 bytes, new threshold 2 (max threshold 6)
[2020-03-27T04:53:12.797+0000][1][gc,age       ] GC(46) Age table with threshold 2 (max threshold 6)
[2020-03-27T04:53:12.797+0000][1][gc,age       ] GC(46) - age   1:    2203632 bytes,    2203632 total
[2020-03-27T04:53:12.798+0000][1][gc,age       ] GC(46) - age   2:    1098744 bytes,    3302376 total
[2020-03-27T04:53:12.798+0000][1][gc,heap      ] GC(46) ParNew: 39296K->4352K(39296K)
[2020-03-27T04:53:12.798+0000][1][gc,heap      ] GC(46) CMS: 45633K->47612K(87424K)
[2020-03-27T04:53:12.799+0000][1][gc,metaspace ] GC(46) Metaspace: 45517K->45517K(1091584K)
[2020-03-27T04:53:12.799+0000][1][gc           ] GC(46) Pause Young (Allocation Failure) 82M->50M(123M) 12.327ms
[2020-03-27T04:53:12.800+0000][1][gc,cpu       ] GC(46) User=0.01s Sys=0.00s Real=0.01s
[2020-03-27T04:53:12.800+0000][1][safepoint    ] Safepoint "GenCollectForAllocation", Time since last: 4545682 ns, Reaching safepoint: 19800 ns, At safepoint: 13091350 ns, Total: 13111150 ns
[2020-03-27T04:53:12.803+0000][1][safepoint    ] Safepoint "RevokeBias", Time since last: 2787289 ns, Reaching safepoint: 94100 ns, At safepoint: 15700 ns, Total: 109800 ns
[2020-03-27T04:53:12.803+0000][1][safepoint    ] Safepoint "RevokeBias", Time since last: 468398 ns, Reaching safepoint: 79200 ns, At safepoint: 21800 ns, Total: 101000 ns
[2020-03-27T04:53:12.804+0000][1][safepoint    ] Safepoint "RevokeBias", Time since last: 499698 ns, Reaching safepoint: 11300 ns, At safepoint: 7600 ns, Total: 18900 ns
[2020-03-27T04:53:12.804+0000][1][safepoint    ] Safepoint "RevokeBias", Time since last: 181999 ns, Reaching safepoint: 157899 ns, At safepoint: 47400 ns, Total: 205299 ns
[2020-03-27T04:53:13.290+0000][1][gc,start     ] GC(47) Pause Young (Allocation Failure)
[2020-03-27T04:53:13.291+0000][1][gc,task      ] GC(47) Using 2 workers of 2 for evacuation
[2020-03-27T04:53:13.296+0000][1][gc,age       ] GC(47) Desired survivor size 2228224 bytes, new threshold 2 (max threshold 6)
[2020-03-27T04:53:13.297+0000][1][gc,age       ] GC(47) Age table with threshold 2 (max threshold 6)
[2020-03-27T04:53:13.297+0000][1][gc,age       ] GC(47) - age   1:    1518840 bytes,    1518840 total
[2020-03-27T04:53:13.298+0000][1][gc,age       ] GC(47) - age   2:    2157864 bytes,    3676704 total
[2020-03-27T04:53:13.298+0000][1][gc,heap      ] GC(47) ParNew: 39296K->4352K(39296K)
[2020-03-27T04:53:13.299+0000][1][gc,heap      ] GC(47) CMS: 47612K->48720K(87424K)
[2020-03-27T04:53:13.299+0000][1][gc,metaspace ] GC(47) Metaspace: 47224K->47224K(1093632K)
[2020-03-27T04:53:13.299+0000][1][gc           ] GC(47) Pause Young (Allocation Failure) 84M->51M(123M) 8.855ms
[2020-03-27T04:53:13.299+0000][1][gc,cpu       ] GC(47) User=0.01s Sys=0.00s Real=0.01s
[2020-03-27T04:53:13.300+0000][1][safepoint    ] Safepoint "GenCollectForAllocation", Time since last: 485890834 ns, Reaching safepoint: 129899 ns, At safepoint: 9476664 ns, Total: 9606563 ns
[2020-03-27T04:53:13.345+0000][1][safepoint    ] Safepoint "RevokeBias", Time since last: 45057027 ns, Reaching safepoint: 104800 ns, At safepoint: 24499 ns, Total: 129299 ns
[2020-03-27T04:53:13.387+0000][1][safepoint    ] Safepoint "RevokeBias", Time since last: 42374038 ns, Reaching safepoint: 24900 ns, At safepoint: 26299 ns, Total: 51199 ns
[2020-03-27T04:53:13.396+0000][1][safepoint    ] Safepoint "RevokeBias", Time since last: 8533699 ns, Reaching safepoint: 15500 ns, At safepoint: 25200 ns, Total: 40700 ns
[2020-03-27T04:53:13.399+0000][1][safepoint    ] Safepoint "RevokeBias", Time since last: 3180900 ns, Reaching safepoint: 21400 ns, At safepoint: 25200 ns, Total: 46600 ns
[2020-03-27T04:53:13.511+0000][1][safepoint    ] Safepoint "RevokeBias", Time since last: 111766994 ns, Reaching safepoint: 320600 ns, At safepoint: 28000 ns, Total: 348600 ns
[2020-03-27T04:53:13.512+0000][1][safepoint    ] Safepoint "RevokeBias", Time since last: 650200 ns, Reaching safepoint: 104300 ns, At safepoint: 14900 ns, Total: 119200 ns
[2020-03-27T04:53:13.513+0000][1][safepoint    ] Safepoint "RevokeBias", Time since last: 506600 ns, Reaching safepoint: 60600 ns, At safepoint: 27400 ns, Total: 88000 ns
[2020-03-27T04:53:13.513+0000][1][safepoint    ] Safepoint "RevokeBias", Time since last: 385600 ns, Reaching safepoint: 98200 ns, At safepoint: 82100 ns, Total: 180300 ns
[2020-03-27T04:53:13.515+0000][1][gc,start     ] GC(48) Pause Young (Allocation Failure)
[2020-03-27T04:53:13.516+0000][1][gc,task      ] GC(48) Using 2 workers of 2 for evacuation
[2020-03-27T04:53:13.522+0000][1][gc,age       ] GC(48) Desired survivor size 2228224 bytes, new threshold 2 (max threshold 6)
[2020-03-27T04:53:13.522+0000][1][gc,age       ] GC(48) Age table with threshold 2 (max threshold 6)
[2020-03-27T04:53:13.523+0000][1][gc,age       ] GC(48) - age   1:    1741912 bytes,    1741912 total
[2020-03-27T04:53:13.523+0000][1][gc,age       ] GC(48) - age   2:    1499848 bytes,    3241760 total
[2020-03-27T04:53:13.523+0000][1][gc,heap      ] GC(48) ParNew: 39296K->3469K(39296K)
[2020-03-27T04:53:13.523+0000][1][gc,heap      ] GC(48) CMS: 48720K->50875K(87424K)
[2020-03-27T04:53:13.524+0000][1][gc,metaspace ] GC(48) Metaspace: 50016K->50016K(1095680K)
[2020-03-27T04:53:13.524+0000][1][gc           ] GC(48) Pause Young (Allocation Failure) 85M->53M(123M) 8.617ms
[2020-03-27T04:53:13.524+0000][1][gc,cpu       ] GC(48) User=0.02s Sys=0.00s Real=0.01s
[2020-03-27T04:53:13.525+0000][1][safepoint    ] Safepoint "GenCollectForAllocation", Time since last: 2016200 ns, Reaching safepoint: 63300 ns, At safepoint: 9169999 ns, Total: 9233299 ns
[2020-03-27T04:53:13.571+0000][1][safepoint    ] Safepoint "RevokeBias", Time since last: 45872798 ns, Reaching safepoint: 102900 ns, At safepoint: 26800 ns, Total: 129700 ns
[2020-03-27T04:53:13.574+0000][1][safepoint    ] Safepoint "RevokeBias", Time since last: 2888500 ns, Reaching safepoint: 102100 ns, At safepoint: 29400 ns, Total: 131500 ns
[2020-03-27T04:53:13.577+0000][1][safepoint    ] Safepoint "RevokeBias", Time since last: 2857099 ns, Reaching safepoint: 108300 ns, At safepoint: 26600 ns, Total: 134900 ns
[2020-03-27T04:53:13.578+0000][1][safepoint    ] Safepoint "RevokeBias", Time since last: 1631600 ns, Reaching safepoint: 100800 ns, At safepoint: 23700 ns, Total: 124500 ns
[2020-03-27T04:53:13.579+0000][1][safepoint    ] Safepoint "RevokeBias", Time since last: 502800 ns, Reaching safepoint: 237800 ns, At safepoint: 18300 ns, Total: 256100 ns
[2020-03-27T04:53:13.581+0000][1][safepoint    ] Safepoint "RevokeBias", Time since last: 1311400 ns, Reaching safepoint: 81700 ns, At safepoint: 46000 ns, Total: 127700 ns
[2020-03-27T04:53:13.581+0000][1][safepoint    ] Safepoint "RevokeBias", Time since last: 685500 ns, Reaching safepoint: 142300 ns, At safepoint: 21500 ns, Total: 163800 ns
[2020-03-27T04:53:13.583+0000][1][safepoint    ] Safepoint "RevokeBias", Time since last: 1078000 ns, Reaching safepoint: 78400 ns, At safepoint: 13000 ns, Total: 91400 ns
[2020-03-27T04:53:13.583+0000][1][safepoint    ] Safepoint "RevokeBias", Time since last: 560800 ns, Reaching safepoint: 71700 ns, At safepoint: 27300 ns, Total: 99000 ns
[2020-03-27T04:53:13.584+0000][1][safepoint    ] Safepoint "RevokeBias", Time since last: 289300 ns, Reaching safepoint: 156200 ns, At safepoint: 19500 ns, Total: 175700 ns
[2020-03-27T04:53:13.584+0000][1][safepoint    ] Safepoint "RevokeBias", Time since last: 234400 ns, Reaching safepoint: 136700 ns, At safepoint: 16400 ns, Total: 153100 ns
[2020-03-27T04:53:13.584+0000][1][safepoint    ] Safepoint "RevokeBias", Time since last: 288700 ns, Reaching safepoint: 80000 ns, At safepoint: 15100 ns, Total: 95100 ns
[2020-03-27T04:53:13.585+0000][1][safepoint    ] Safepoint "RevokeBias", Time since last: 236100 ns, Reaching safepoint: 119400 ns, At safepoint: 14800 ns, Total: 134200 ns
[2020-03-27T04:53:13.586+0000][1][safepoint    ] Safepoint "RevokeBias", Time since last: 220100 ns, Reaching safepoint: 573100 ns, At safepoint: 16800 ns, Total: 589900 ns
[2020-03-27T04:53:13.586+0000][1][safepoint    ] Safepoint "RevokeBias", Time since last: 188200 ns, Reaching safepoint: 223800 ns, At safepoint: 10700 ns, Total: 234500 ns
[2020-03-27T04:53:13.586+0000][1][safepoint    ] Safepoint "RevokeBias", Time since last: 189300 ns, Reaching safepoint: 234200 ns, At safepoint: 14500 ns, Total: 248700 ns
[2020-03-27T04:53:13.587+0000][1][safepoint    ] Safepoint "RevokeBias", Time since last: 222100 ns, Reaching safepoint: 93800 ns, At safepoint: 17400 ns, Total: 111200 ns
[2020-03-27T04:53:13.587+0000][1][safepoint    ] Safepoint "RevokeBias", Time since last: 224300 ns, Reaching safepoint: 93900 ns, At safepoint: 14100 ns, Total: 108000 ns
[2020-03-27T04:53:13.588+0000][1][safepoint    ] Safepoint "RevokeBias", Time since last: 630200 ns, Reaching safepoint: 90500 ns, At safepoint: 21200 ns, Total: 111700 ns
[2020-03-27T04:53:13.588+0000][1][safepoint    ] Safepoint "RevokeBias", Time since last: 226500 ns, Reaching safepoint: 106700 ns, At safepoint: 13200 ns, Total: 119900 ns
[2020-03-27T04:53:13.589+0000][1][safepoint    ] Safepoint "RevokeBias", Time since last: 173600 ns, Reaching safepoint: 108400 ns, At safepoint: 24400 ns, Total: 132800 ns
[2020-03-27T04:53:13.589+0000][1][safepoint    ] Safepoint "RevokeBias", Time since last: 160100 ns, Reaching safepoint: 52900 ns, At safepoint: 18400 ns, Total: 71300 ns
[2020-03-27T04:53:13.589+0000][1][safepoint    ] Safepoint "RevokeBias", Time since last: 160100 ns, Reaching safepoint: 92700 ns, At safepoint: 28800 ns, Total: 121500 ns
[2020-03-27T04:53:13.589+0000][1][safepoint    ] Safepoint "RevokeBias", Time since last: 182800 ns, Reaching safepoint: 96400 ns, At safepoint: 17300 ns, Total: 113700 ns
[2020-03-27T04:53:13.590+0000][1][safepoint    ] Safepoint "RevokeBias", Time since last: 193300 ns, Reaching safepoint: 95200 ns, At safepoint: 20500 ns, Total: 115700 ns
[2020-03-27T04:53:13.590+0000][1][safepoint    ] Safepoint "RevokeBias", Time since last: 176700 ns, Reaching safepoint: 97200 ns, At safepoint: 14900 ns, Total: 112100 ns
[2020-03-27T04:53:13.590+0000][1][safepoint    ] Safepoint "RevokeBias", Time since last: 189400 ns, Reaching safepoint: 64100 ns, At safepoint: 29000 ns, Total: 93100 ns
[2020-03-27T04:53:13.591+0000][1][safepoint    ] Safepoint "BulkRevokeBias", Time since last: 187400 ns, Reaching safepoint: 40500 ns, At safepoint: 87400 ns, Total: 127900 ns
[2020-03-27T04:53:13.591+0000][1][safepoint    ] Safepoint "RevokeBias", Time since last: 188900 ns, Reaching safepoint: 83800 ns, At safepoint: 18600 ns, Total: 102400 ns
[2020-03-27T04:53:13.591+0000][1][safepoint    ] Safepoint "RevokeBias", Time since last: 170700 ns, Reaching safepoint: 92500 ns, At safepoint: 19700 ns, Total: 112200 ns
[2020-03-27T04:53:13.592+0000][1][safepoint    ] Safepoint "RevokeBias", Time since last: 598500 ns, Reaching safepoint: 46900 ns, At safepoint: 16500 ns, Total: 63400 ns
[2020-03-27T04:53:13.592+0000][1][safepoint    ] Safepoint "RevokeBias", Time since last: 168400 ns, Reaching safepoint: 93300 ns, At safepoint: 12000 ns, Total: 105300 ns
[2020-03-27T04:53:13.592+0000][1][safepoint    ] Safepoint "RevokeBias", Time since last: 272400 ns, Reaching safepoint: 63100 ns, At safepoint: 14300 ns, Total: 77400 ns
[2020-03-27T04:53:13.593+0000][1][safepoint    ] Safepoint "RevokeBias", Time since last: 165200 ns, Reaching safepoint: 78400 ns, At safepoint: 10900 ns, Total: 89300 ns
[2020-03-27T04:53:13.593+0000][1][safepoint    ] Safepoint "RevokeBias", Time since last: 737900 ns, Reaching safepoint: 77700 ns, At safepoint: 15200 ns, Total: 92900 ns
[2020-03-27T04:53:13.594+0000][1][safepoint    ] Safepoint "RevokeBias", Time since last: 566699 ns, Reaching safepoint: 103100 ns, At safepoint: 15200 ns, Total: 118300 ns
[2020-03-27T04:53:13.596+0000][1][safepoint    ] Safepoint "RevokeBias", Time since last: 1780200 ns, Reaching safepoint: 101800 ns, At safepoint: 9700 ns, Total: 111500 ns
[2020-03-27T04:53:13.596+0000][1][safepoint    ] Safepoint "RevokeBias", Time since last: 194500 ns, Reaching safepoint: 88700 ns, At safepoint: 8500 ns, Total: 97200 ns
[2020-03-27T04:53:13.597+0000][1][safepoint    ] Safepoint "RevokeBias", Time since last: 182200 ns, Reaching safepoint: 91200 ns, At safepoint: 8500 ns, Total: 99700 ns
[2020-03-27T04:53:13.597+0000][1][safepoint    ] Safepoint "RevokeBias", Time since last: 202800 ns, Reaching safepoint: 89900 ns, At safepoint: 8000 ns, Total: 97900 ns
[2020-03-27T04:53:13.597+0000][1][safepoint    ] Safepoint "RevokeBias", Time since last: 159300 ns, Reaching safepoint: 100000 ns, At safepoint: 8600 ns, Total: 108600 ns
[2020-03-27T04:53:13.597+0000][1][safepoint    ] Safepoint "RevokeBias", Time since last: 170300 ns, Reaching safepoint: 88900 ns, At safepoint: 8000 ns, Total: 96900 ns
[2020-03-27T04:53:13.598+0000][1][safepoint    ] Safepoint "RevokeBias", Time since last: 176900 ns, Reaching safepoint: 90400 ns, At safepoint: 8400 ns, Total: 98800 ns
[2020-03-27T04:53:13.598+0000][1][safepoint    ] Safepoint "RevokeBias", Time since last: 157200 ns, Reaching safepoint: 87700 ns, At safepoint: 7900 ns, Total: 95600 ns
[2020-03-27T04:53:13.598+0000][1][safepoint    ] Safepoint "RevokeBias", Time since last: 151300 ns, Reaching safepoint: 86400 ns, At safepoint: 7700 ns, Total: 94100 ns
[2020-03-27T04:53:13.599+0000][1][safepoint    ] Safepoint "RevokeBias", Time since last: 159700 ns, Reaching safepoint: 114300 ns, At safepoint: 10700 ns, Total: 125000 ns
[2020-03-27T04:53:13.599+0000][1][safepoint    ] Safepoint "RevokeBias", Time since last: 177900 ns, Reaching safepoint: 89700 ns, At safepoint: 8300 ns, Total: 98000 ns
[2020-03-27T04:53:13.599+0000][1][safepoint    ] Safepoint "RevokeBias", Time since last: 205600 ns, Reaching safepoint: 83100 ns, At safepoint: 7900 ns, Total: 91000 ns
[2020-03-27T04:53:13.599+0000][1][safepoint    ] Safepoint "RevokeBias", Time since last: 190000 ns, Reaching safepoint: 85700 ns, At safepoint: 7800 ns, Total: 93500 ns
[2020-03-27T04:53:13.600+0000][1][safepoint    ] Safepoint "RevokeBias", Time since last: 160100 ns, Reaching safepoint: 90900 ns, At safepoint: 8800 ns, Total: 99700 ns
[2020-03-27T04:53:13.600+0000][1][safepoint    ] Safepoint "RevokeBias", Time since last: 435800 ns, Reaching safepoint: 94700 ns, At safepoint: 20900 ns, Total: 115600 ns
[2020-03-27T04:53:13.600+0000][1][safepoint    ] Safepoint "RevokeBias", Time since last: 176700 ns, Reaching safepoint: 89900 ns, At safepoint: 9700 ns, Total: 99600 ns
[2020-03-27T04:53:13.601+0000][1][safepoint    ] Safepoint "RevokeBias", Time since last: 436500 ns, Reaching safepoint: 59600 ns, At safepoint: 21600 ns, Total: 81200 ns
[2020-03-27T04:53:13.601+0000][1][safepoint    ] Safepoint "BulkRevokeBias", Time since last: 164300 ns, Reaching safepoint: 93400 ns, At safepoint: 75200 ns, Total: 168600 ns
[2020-03-27T04:53:13.602+0000][1][safepoint    ] Safepoint "RevokeBias", Time since last: 557000 ns, Reaching safepoint: 520000 ns, At safepoint: 19300 ns, Total: 539300 ns
[2020-03-27T04:53:13.603+0000][1][safepoint    ] Safepoint "RevokeBias", Time since last: 198400 ns, Reaching safepoint: 294400 ns, At safepoint: 14700 ns, Total: 309100 ns
[2020-03-27T04:53:13.603+0000][1][safepoint    ] Safepoint "RevokeBias", Time since last: 210900 ns, Reaching safepoint: 90500 ns, At safepoint: 13900 ns, Total: 104400 ns
[2020-03-27T04:53:13.604+0000][1][safepoint    ] Safepoint "RevokeBias", Time since last: 175200 ns, Reaching safepoint: 89500 ns, At safepoint: 13400 ns, Total: 102900 ns
[2020-03-27T04:53:13.604+0000][1][safepoint    ] Safepoint "RevokeBias", Time since last: 236700 ns, Reaching safepoint: 82300 ns, At safepoint: 12000 ns, Total: 94300 ns
[2020-03-27T04:53:13.604+0000][1][safepoint    ] Safepoint "RevokeBias", Time since last: 168000 ns, Reaching safepoint: 89800 ns, At safepoint: 11500 ns, Total: 101300 ns
[2020-03-27T04:53:13.605+0000][1][safepoint    ] Safepoint "RevokeBias", Time since last: 437800 ns, Reaching safepoint: 59200 ns, At safepoint: 12800 ns, Total: 72000 ns
[2020-03-27T04:53:13.605+0000][1][safepoint    ] Safepoint "RevokeBias", Time since last: 544000 ns, Reaching safepoint: 83000 ns, At safepoint: 21800 ns, Total: 104800 ns
[2020-03-27T04:53:13.606+0000][1][safepoint    ] Safepoint "RevokeBias", Time since last: 255000 ns, Reaching safepoint: 286500 ns, At safepoint: 18600 ns, Total: 305100 ns
[2020-03-27T04:53:13.606+0000][1][safepoint    ] Safepoint "RevokeBias", Time since last: 177200 ns, Reaching safepoint: 188700 ns, At safepoint: 11700 ns, Total: 200400 ns
[2020-03-27T04:53:13.606+0000][1][safepoint    ] Safepoint "RevokeBias", Time since last: 162100 ns, Reaching safepoint: 90300 ns, At safepoint: 10800 ns, Total: 101100 ns
[2020-03-27T04:53:13.607+0000][1][safepoint    ] Safepoint "RevokeBias", Time since last: 187200 ns, Reaching safepoint: 84800 ns, At safepoint: 16900 ns, Total: 101700 ns
[2020-03-27T04:53:13.607+0000][1][safepoint    ] Safepoint "RevokeBias", Time since last: 409600 ns, Reaching safepoint: 83000 ns, At safepoint: 17100 ns, Total: 100100 ns
[2020-03-27T04:53:13.608+0000][1][safepoint    ] Safepoint "RevokeBias", Time since last: 263600 ns, Reaching safepoint: 72200 ns, At safepoint: 19400 ns, Total: 91600 ns
[2020-03-27T04:53:13.608+0000][1][safepoint    ] Safepoint "RevokeBias", Time since last: 360100 ns, Reaching safepoint: 59800 ns, At safepoint: 16200 ns, Total: 76000 ns
[2020-03-27T04:53:13.609+0000][1][safepoint    ] Safepoint "RevokeBias", Time since last: 458600 ns, Reaching safepoint: 377800 ns, At safepoint: 22200 ns, Total: 400000 ns
[2020-03-27T04:53:13.609+0000][1][safepoint    ] Safepoint "RevokeBias", Time since last: 232100 ns, Reaching safepoint: 95600 ns, At safepoint: 32100 ns, Total: 127700 ns
[2020-03-27T04:53:13.610+0000][1][safepoint    ] Safepoint "RevokeBias", Time since last: 647200 ns, Reaching safepoint: 164300 ns, At safepoint: 13200 ns, Total: 177500 ns
[2020-03-27T04:53:13.610+0000][1][safepoint    ] Safepoint "RevokeBias", Time since last: 189200 ns, Reaching safepoint: 30400 ns, At safepoint: 16900 ns, Total: 47300 ns
[2020-03-27T04:53:13.611+0000][1][safepoint    ] Safepoint "RevokeBias", Time since last: 260500 ns, Reaching safepoint: 55100 ns, At safepoint: 17600 ns, Total: 72700 ns
[2020-03-27T04:53:13.611+0000][1][safepoint    ] Safepoint "RevokeBias", Time since last: 327000 ns, Reaching safepoint: 93400 ns, At safepoint: 15700 ns, Total: 109100 ns
[2020-03-27T04:53:13.612+0000][1][safepoint    ] Safepoint "RevokeBias", Time since last: 401599 ns, Reaching safepoint: 88700 ns, At safepoint: 31300 ns, Total: 120000 ns
[2020-03-27T04:53:13.612+0000][1][safepoint    ] Safepoint "BulkRevokeBias", Time since last: 426900 ns, Reaching safepoint: 56600 ns, At safepoint: 50700 ns, Total: 107300 ns
[2020-03-27T04:53:13.614+0000][1][safepoint    ] Safepoint "Deoptimize", Time since last: 1162500 ns, Reaching safepoint: 466500 ns, At safepoint: 303500 ns, Total: 770000 ns
[2020-03-27T04:53:13.622+0000][1][safepoint    ] Safepoint "RevokeBias", Time since last: 7351200 ns, Reaching safepoint: 16900 ns, At safepoint: 47800 ns, Total: 64700 ns
[2020-03-27T04:53:13.623+0000][1][safepoint    ] Safepoint "RevokeBias", Time since last: 429000 ns, Reaching safepoint: 92100 ns, At safepoint: 993400 ns, Total: 1085500 ns
[2020-03-27T04:53:13.626+0000][1][safepoint    ] Safepoint "RevokeBias", Time since last: 2612000 ns, Reaching safepoint: 275800 ns, At safepoint: 30100 ns, Total: 305900 ns
[2020-03-27T04:53:13.627+0000][1][safepoint    ] Safepoint "RevokeBias", Time since last: 631800 ns, Reaching safepoint: 93200 ns, At safepoint: 21700 ns, Total: 114900 ns
[2020-03-27T04:53:13.627+0000][1][safepoint    ] Safepoint "RevokeBias", Time since last: 508800 ns, Reaching safepoint: 101000 ns, At safepoint: 22200 ns, Total: 123200 ns
[2020-03-27T04:53:13.653+0000][1][safepoint    ] Safepoint "RevokeBias", Time since last: 26050298 ns, Reaching safepoint: 81800 ns, At safepoint: 10400 ns, Total: 92200 ns
[2020-03-27T04:53:13.654+0000][1][safepoint    ] Safepoint "RevokeBias", Time since last: 533200 ns, Reaching safepoint: 88600 ns, At safepoint: 9200 ns, Total: 97800 ns
[2020-03-27T04:53:13.655+0000][1][safepoint    ] Safepoint "RevokeBias", Time since last: 797200 ns, Reaching safepoint: 61400 ns, At safepoint: 8200 ns, Total: 69600 ns
[2020-03-27T04:53:13.745+0000][1][gc,start     ] GC(49) Pause Young (Allocation Failure)
[2020-03-27T04:53:13.745+0000][1][gc,task      ] GC(49) Using 2 workers of 2 for evacuation
[2020-03-27T04:53:13.750+0000][1][gc,age       ] GC(49) Desired survivor size 2228224 bytes, new threshold 2 (max threshold 6)
[2020-03-27T04:53:13.751+0000][1][gc,age       ] GC(49) Age table with threshold 2 (max threshold 6)
[2020-03-27T04:53:13.752+0000][1][gc,age       ] GC(49) - age   1:     724456 bytes,     724456 total
[2020-03-27T04:53:13.753+0000][1][gc,age       ] GC(49) - age   2:    1679832 bytes,    2404288 total
[2020-03-27T04:53:13.753+0000][1][gc,heap      ] GC(49) ParNew: 38413K->3241K(39296K)
[2020-03-27T04:53:13.754+0000][1][gc,heap      ] GC(49) CMS: 50875K->52405K(87424K)
[2020-03-27T04:53:13.754+0000][1][gc,metaspace ] GC(49) Metaspace: 52387K->52387K(1097728K)
[2020-03-27T04:53:13.754+0000][1][gc           ] GC(49) Pause Young (Allocation Failure) 87M->54M(123M) 9.646ms
[2020-03-27T04:53:13.755+0000][1][gc,cpu       ] GC(49) User=0.02s Sys=0.00s Real=0.01s
[2020-03-27T04:53:13.755+0000][1][safepoint    ] Safepoint "GenCollectForAllocation", Time since last: 89451195 ns, Reaching safepoint: 124300 ns, At safepoint: 10448900 ns, Total: 10573200 ns
[2020-03-27T04:53:13.925+0000][1][gc,start     ] GC(50) Pause Young (Allocation Failure)
[2020-03-27T04:53:13.926+0000][1][gc,task      ] GC(50) Using 2 workers of 2 for evacuation
[2020-03-27T04:53:13.931+0000][1][gc,age       ] GC(50) Desired survivor size 2228224 bytes, new threshold 6 (max threshold 6)
[2020-03-27T04:53:13.931+0000][1][gc,age       ] GC(50) Age table with threshold 6 (max threshold 6)
[2020-03-27T04:53:13.931+0000][1][gc,age       ] GC(50) - age   1:     541680 bytes,     541680 total
[2020-03-27T04:53:13.931+0000][1][gc,age       ] GC(50) - age   2:     704992 bytes,    1246672 total
[2020-03-27T04:53:13.932+0000][1][gc,heap      ] GC(50) ParNew: 38185K->2571K(39296K)
[2020-03-27T04:53:13.932+0000][1][gc,heap      ] GC(50) CMS: 52405K->54071K(87424K)
[2020-03-27T04:53:13.932+0000][1][gc,metaspace ] GC(50) Metaspace: 55422K->55422K(1099776K)
[2020-03-27T04:53:13.933+0000][1][gc           ] GC(50) Pause Young (Allocation Failure) 88M->55M(123M) 7.584ms
[2020-03-27T04:53:13.933+0000][1][gc,cpu       ] GC(50) User=0.01s Sys=0.00s Real=0.01s
[2020-03-27T04:53:13.933+0000][1][safepoint    ] Safepoint "GenCollectForAllocation", Time since last: 169648790 ns, Reaching safepoint: 382100 ns, At safepoint: 8043000 ns, Total: 8425100 ns
[2020-03-27T04:53:14.094+0000][1][gc,start     ] GC(51) Pause Young (Allocation Failure)
[2020-03-27T04:53:14.094+0000][1][gc,task      ] GC(51) Using 2 workers of 2 for evacuation
[2020-03-27T04:53:14.098+0000][1][gc,age       ] GC(51) Desired survivor size 2228224 bytes, new threshold 6 (max threshold 6)
[2020-03-27T04:53:14.099+0000][1][gc,age       ] GC(51) Age table with threshold 6 (max threshold 6)
[2020-03-27T04:53:14.099+0000][1][gc,age       ] GC(51) - age   1:     613144 bytes,     613144 total
[2020-03-27T04:53:14.099+0000][1][gc,age       ] GC(51) - age   2:     514880 bytes,    1128024 total
[2020-03-27T04:53:14.100+0000][1][gc,age       ] GC(51) - age   3:     703512 bytes,    1831536 total
[2020-03-27T04:53:14.100+0000][1][gc,heap      ] GC(51) ParNew: 37515K->2198K(39296K)
[2020-03-27T04:53:14.101+0000][1][gc,heap      ] GC(51) CMS: 54071K->54071K(87424K)
[2020-03-27T04:53:14.101+0000][1][gc,metaspace ] GC(51) Metaspace: 59025K->59025K(1103872K)
[2020-03-27T04:53:14.102+0000][1][gc           ] GC(51) Pause Young (Allocation Failure) 89M->54M(123M) 8.269ms
[2020-03-27T04:53:14.102+0000][1][gc,cpu       ] GC(51) User=0.01s Sys=0.01s Real=0.01s
[2020-03-27T04:53:14.103+0000][1][safepoint    ] Safepoint "GenCollectForAllocation", Time since last: 160067191 ns, Reaching safepoint: 400700 ns, At safepoint: 9245999 ns, Total: 9646699 ns
[2020-03-27T04:53:14.251+0000][1][safepoint    ] Safepoint "CollectForMetadataAllocation", Time since last: 147193092 ns, Reaching safepoint: 653700 ns, At safepoint: 80100 ns, Total: 733800 ns
[2020-03-27T04:53:14.271+0000][1][safepoint    ] Safepoint "CollectForMetadataAllocation", Time since last: 19979899 ns, Reaching safepoint: 100600 ns, At safepoint: 69200 ns, Total: 169800 ns
[2020-03-27T04:53:14.296+0000][1][safepoint    ] Safepoint "RevokeBias", Time since last: 25301198 ns, Reaching safepoint: 107100 ns, At safepoint: 16800 ns, Total: 123900 ns
[2020-03-27T04:53:14.297+0000][1][safepoint    ] Safepoint "RevokeBias", Time since last: 570300 ns, Reaching safepoint: 76000 ns, At safepoint: 29500 ns, Total: 105500 ns
[2020-03-27T04:53:14.298+0000][1][safepoint    ] Safepoint "RevokeBias", Time since last: 623300 ns, Reaching safepoint: 85500 ns, At safepoint: 14200 ns, Total: 99700 ns
[2020-03-27T04:53:14.300+0000][1][safepoint    ] Safepoint "RevokeBias", Time since last: 2389400 ns, Reaching safepoint: 67000 ns, At safepoint: 17800 ns, Total: 84800 ns
[2020-03-27T04:53:14.316+0000][1][safepoint    ] Safepoint "CollectForMetadataAllocation", Time since last: 16033399 ns, Reaching safepoint: 102800 ns, At safepoint: 72100 ns, Total: 174900 ns
[2020-03-27T04:53:14.340+0000][1][safepoint    ] Safepoint "CollectForMetadataAllocation", Time since last: 23605599 ns, Reaching safepoint: 32100 ns, At safepoint: 89100 ns, Total: 121200 ns
[2020-03-27T04:53:14.351+0000][1][safepoint    ] Safepoint "CollectForMetadataAllocation", Time since last: 11047199 ns, Reaching safepoint: 23600 ns, At safepoint: 79600 ns, Total: 103200 ns
[2020-03-27T04:53:14.363+0000][1][gc,start     ] GC(52) Pause Young (Allocation Failure)
[2020-03-27T04:53:14.366+0000][1][gc,task      ] GC(52) Using 2 workers of 2 for evacuation
[2020-03-27T04:53:14.374+0000][1][gc,age       ] GC(52) Desired survivor size 2228224 bytes, new threshold 2 (max threshold 6)
[2020-03-27T04:53:14.374+0000][1][gc,age       ] GC(52) Age table with threshold 2 (max threshold 6)
[2020-03-27T04:53:14.375+0000][1][gc,age       ] GC(52) - age   1:    1763160 bytes,    1763160 total
[2020-03-27T04:53:14.381+0000][1][gc,age       ] GC(52) - age   2:     576376 bytes,    2339536 total
[2020-03-27T04:53:14.382+0000][1][gc,age       ] GC(52) - age   3:     514328 bytes,    2853864 total
[2020-03-27T04:53:14.383+0000][1][gc,age       ] GC(52) - age   4:     702936 bytes,    3556800 total
[2020-03-27T04:53:14.384+0000][1][gc,heap      ] GC(52) ParNew: 37142K->4040K(39296K)
[2020-03-27T04:53:14.384+0000][1][gc,heap      ] GC(52) CMS: 54071K->54071K(87424K)
[2020-03-27T04:53:14.385+0000][1][gc,metaspace ] GC(52) Metaspace: 62872K->62872K(1107968K)
[2020-03-27T04:53:14.386+0000][1][gc           ] GC(52) Pause Young (Allocation Failure) 89M->56M(123M) 22.943ms
[2020-03-27T04:53:14.387+0000][1][gc,cpu       ] GC(52) User=0.01s Sys=0.00s Real=0.03s
[2020-03-27T04:53:14.388+0000][1][safepoint    ] Safepoint "GenCollectForAllocation", Time since last: 11783100 ns, Reaching safepoint: 102000 ns, At safepoint: 24393698 ns, Total: 24495698 ns
[2020-03-27T04:53:14.390+0000][1][gc,start     ] GC(53) Pause Initial Mark
[2020-03-27T04:53:14.394+0000][1][gc           ] GC(53) Pause Initial Mark 57M->57M(123M) 3.819ms
[2020-03-27T04:53:14.395+0000][1][gc,cpu       ] GC(53) User=0.00s Sys=0.00s Real=0.00s
[2020-03-27T04:53:14.395+0000][1][safepoint    ] Safepoint "CMS_Initial_Mark", Time since last: 2425100 ns, Reaching safepoint: 191900 ns, At safepoint: 5120400 ns, Total: 5312300 ns
[2020-03-27T04:53:14.396+0000][1][gc           ] GC(53) Concurrent Mark
[2020-03-27T04:53:14.440+0000][1][gc           ] GC(53) Concurrent Mark 44.437ms
[2020-03-27T04:53:14.441+0000][1][gc,cpu       ] GC(53) User=0.09s Sys=0.00s Real=0.04s
[2020-03-27T04:53:14.442+0000][1][gc           ] GC(53) Concurrent Preclean
[2020-03-27T04:53:14.442+0000][1][gc           ] GC(53) Concurrent Preclean 0.840ms
[2020-03-27T04:53:14.443+0000][1][gc,cpu       ] GC(53) User=0.00s Sys=0.00s Real=0.00s
[2020-03-27T04:53:14.443+0000][1][gc           ] GC(53) Concurrent Abortable Preclean
[2020-03-27T04:53:14.454+0000][1][safepoint    ] Safepoint "CollectForMetadataAllocation", Time since last: 58667997 ns, Reaching safepoint: 25900 ns, At safepoint: 82800 ns, Total: 108700 ns
[2020-03-27T04:53:14.485+0000][1][safepoint    ] Safepoint "CollectForMetadataAllocation", Time since last: 30676998 ns, Reaching safepoint: 22000 ns, At safepoint: 77300 ns, Total: 99300 ns
[2020-03-27T04:53:14.503+0000][1][safepoint    ] Safepoint "RevokeBias", Time since last: 16071199 ns, Reaching safepoint: 1631300 ns, At safepoint: 30000 ns, Total: 1661300 ns
[2020-03-27T04:53:14.503+0000][1][safepoint    ] Safepoint "RevokeBias", Time since last: 561300 ns, Reaching safepoint: 121100 ns, At safepoint: 43900 ns, Total: 165000 ns
[2020-03-27T04:53:14.504+0000][1][safepoint    ] Safepoint "RevokeBias", Time since last: 355300 ns, Reaching safepoint: 63000 ns, At safepoint: 31000 ns, Total: 94000 ns
[2020-03-27T04:53:14.504+0000][1][safepoint    ] Safepoint "RevokeBias", Time since last: 349700 ns, Reaching safepoint: 99900 ns, At safepoint: 39500 ns, Total: 139400 ns
[2020-03-27T04:53:14.505+0000][1][safepoint    ] Safepoint "RevokeBias", Time since last: 403500 ns, Reaching safepoint: 125100 ns, At safepoint: 62700 ns, Total: 187800 ns
[2020-03-27T04:53:14.505+0000][1][safepoint    ] Safepoint "RevokeBias", Time since last: 406100 ns, Reaching safepoint: 110600 ns, At safepoint: 27200 ns, Total: 137800 ns
[2020-03-27T04:53:14.506+0000][1][safepoint    ] Safepoint "RevokeBias", Time since last: 274000 ns, Reaching safepoint: 75800 ns, At safepoint: 19200 ns, Total: 95000 ns
[2020-03-27T04:53:14.508+0000][1][safepoint    ] Safepoint "RevokeBias", Time since last: 359900 ns, Reaching safepoint: 2111100 ns, At safepoint: 43700 ns, Total: 2154800 ns
[2020-03-27T04:53:14.509+0000][1][safepoint    ] Safepoint "RevokeBias", Time since last: 308300 ns, Reaching safepoint: 378300 ns, At safepoint: 20500 ns, Total: 398800 ns
[2020-03-27T04:53:14.509+0000][1][safepoint    ] Safepoint "RevokeBias", Time since last: 234300 ns, Reaching safepoint: 109800 ns, At safepoint: 28900 ns, Total: 138700 ns
[2020-03-27T04:53:14.510+0000][1][safepoint    ] Safepoint "RevokeBias", Time since last: 306900 ns, Reaching safepoint: 108400 ns, At safepoint: 34700 ns, Total: 143100 ns
[2020-03-27T04:53:14.510+0000][1][safepoint    ] Safepoint "RevokeBias", Time since last: 263700 ns, Reaching safepoint: 99900 ns, At safepoint: 14900 ns, Total: 114800 ns
[2020-03-27T04:53:14.511+0000][1][safepoint    ] Safepoint "RevokeBias", Time since last: 257600 ns, Reaching safepoint: 120800 ns, At safepoint: 26300 ns, Total: 147100 ns
[2020-03-27T04:53:14.511+0000][1][safepoint    ] Safepoint "RevokeBias", Time since last: 225600 ns, Reaching safepoint: 26400 ns, At safepoint: 22500 ns, Total: 48900 ns
[2020-03-27T04:53:14.511+0000][1][safepoint    ] Safepoint "RevokeBias", Time since last: 332599 ns, Reaching safepoint: 171000 ns, At safepoint: 21800 ns, Total: 192800 ns
[2020-03-27T04:53:14.539+0000][1][safepoint    ] Safepoint "CollectForMetadataAllocation", Time since last: 27139499 ns, Reaching safepoint: 72700 ns, At safepoint: 83500 ns, Total: 156200 ns
[2020-03-27T04:53:14.550+0000][1][safepoint    ] Safepoint "Deoptimize", Time since last: 11002499 ns, Reaching safepoint: 29800 ns, At safepoint: 264000 ns, Total: 293800 ns
[2020-03-27T04:53:14.599+0000][1][safepoint    ] Safepoint "CollectForMetadataAllocation", Time since last: 49204498 ns, Reaching safepoint: 131100 ns, At safepoint: 89400 ns, Total: 220500 ns
[2020-03-27T04:53:14.633+0000][1][safepoint    ] Safepoint "RevokeBias", Time since last: 34056998 ns, Reaching safepoint: 30700 ns, At safepoint: 19500 ns, Total: 50200 ns
[2020-03-27T04:53:14.641+0000][1][safepoint    ] Safepoint "BulkRevokeBias", Time since last: 7426999 ns, Reaching safepoint: 30500 ns, At safepoint: 74500 ns, Total: 105000 ns
[2020-03-27T04:53:14.648+0000][1][safepoint    ] Safepoint "CollectForMetadataAllocation", Time since last: 6438700 ns, Reaching safepoint: 19900 ns, At safepoint: 106700 ns, Total: 126600 ns
[2020-03-27T04:53:14.681+0000][1][safepoint    ] Safepoint "CollectForMetadataAllocation", Time since last: 32964298 ns, Reaching safepoint: 98100 ns, At safepoint: 68700 ns, Total: 166800 ns
[2020-03-27T04:53:14.732+0000][1][safepoint    ] Safepoint "CollectForMetadataAllocation", Time since last: 51405297 ns, Reaching safepoint: 110500 ns, At safepoint: 131500 ns, Total: 242000 ns
[2020-03-27T04:53:14.778+0000][1][safepoint    ] Safepoint "CollectForMetadataAllocation", Time since last: 45625698 ns, Reaching safepoint: 119300 ns, At safepoint: 43000 ns, Total: 162300 ns
[2020-03-27T04:53:14.799+0000][1][gc,start     ] GC(54) Pause Young (Allocation Failure)
[2020-03-27T04:53:14.799+0000][1][gc,task      ] GC(54) Using 2 workers of 2 for evacuation
[2020-03-27T04:53:14.808+0000][1][gc,age       ] GC(54) Desired survivor size 2228224 bytes, new threshold 2 (max threshold 6)
[2020-03-27T04:53:14.808+0000][1][gc,age       ] GC(54) Age table with threshold 2 (max threshold 6)
[2020-03-27T04:53:14.815+0000][1][gc,age       ] GC(54) - age   1:    1793568 bytes,    1793568 total
[2020-03-27T04:53:14.816+0000][1][gc,age       ] GC(54) - age   2:    1648800 bytes,    3442368 total
[2020-03-27T04:53:14.817+0000][1][gc,heap      ] GC(54) ParNew: 38984K->4352K(39296K)
[2020-03-27T04:53:14.818+0000][1][gc,heap      ] GC(54) CMS: 54071K->55911K(87424K)
[2020-03-27T04:53:14.818+0000][1][gc,metaspace ] GC(54) Metaspace: 65320K->65320K(1110016K)
[2020-03-27T04:53:14.819+0000][1][gc           ] GC(54) Pause Young (Allocation Failure) 90M->58M(123M) 20.647ms
[2020-03-27T04:53:14.820+0000][1][gc,cpu       ] GC(54) User=0.02s Sys=0.00s Real=0.02s
[2020-03-27T04:53:14.821+0000][1][safepoint    ] Safepoint "GenCollectForAllocation", Time since last: 19893699 ns, Reaching safepoint: 521200 ns, At safepoint: 22318998 ns, Total: 22840198 ns
[2020-03-27T04:53:14.862+0000][1][safepoint    ] Safepoint "CollectForMetadataAllocation", Time since last: 40915198 ns, Reaching safepoint: 31500 ns, At safepoint: 63400 ns, Total: 94900 ns
[2020-03-27T04:53:14.891+0000][1][safepoint    ] Safepoint "CollectForMetadataAllocation", Time since last: 28853898 ns, Reaching safepoint: 30500 ns, At safepoint: 62700 ns, Total: 93200 ns
[2020-03-27T04:53:14.918+0000][1][safepoint    ] Safepoint "CollectForMetadataAllocation", Time since last: 26899799 ns, Reaching safepoint: 27400 ns, At safepoint: 64300 ns, Total: 91700 ns
[2020-03-27T04:53:14.966+0000][1][safepoint    ] Safepoint "CollectForMetadataAllocation", Time since last: 47532097 ns, Reaching safepoint: 108400 ns, At safepoint: 93400 ns, Total: 201800 ns
[2020-03-27T04:53:14.982+0000][1][safepoint    ] Safepoint "CollectForMetadataAllocation", Time since last: 14410499 ns, Reaching safepoint: 1629300 ns, At safepoint: 68100 ns, Total: 1697400 ns
[2020-03-27T04:53:15.013+0000][1][safepoint    ] Safepoint "CollectForMetadataAllocation", Time since last: 31531399 ns, Reaching safepoint: 112200 ns, At safepoint: 63300 ns, Total: 175500 ns
[2020-03-27T04:53:15.032+0000][1][gc           ] GC(53) Concurrent Abortable Preclean 589.315ms
[2020-03-27T04:53:15.033+0000][1][gc,cpu       ] GC(53) User=1.08s Sys=0.02s Real=0.59s
[2020-03-27T04:53:15.033+0000][1][gc,start     ] GC(53) Pause Remark
[2020-03-27T04:53:15.041+0000][1][gc           ] GC(53) Pause Remark 79M->79M(123M) 8.062ms
[2020-03-27T04:53:15.042+0000][1][gc,cpu       ] GC(53) User=0.01s Sys=0.00s Real=0.01s
[2020-03-27T04:53:15.042+0000][1][safepoint    ] Safepoint "CMS_Final_Remark", Time since last: 19849698 ns, Reaching safepoint: 175000 ns, At safepoint: 9081200 ns, Total: 9256200 ns
[2020-03-27T04:53:15.043+0000][1][gc           ] GC(53) Concurrent Sweep
[2020-03-27T04:53:15.056+0000][1][gc           ] GC(53) Concurrent Sweep 13.086ms
[2020-03-27T04:53:15.057+0000][1][gc,cpu       ] GC(53) User=0.02s Sys=0.00s Real=0.02s
[2020-03-27T04:53:15.061+0000][1][gc           ] GC(53) Concurrent Reset
[2020-03-27T04:53:15.062+0000][1][gc           ] GC(53) Concurrent Reset 1.058ms
[2020-03-27T04:53:15.062+0000][1][gc,cpu       ] GC(53) User=0.00s Sys=0.00s Real=0.00s
[2020-03-27T04:53:15.062+0000][1][gc,heap      ] GC(53) Old: 54071K->55666K(92780K)
[2020-03-27T04:53:15.111+0000][1][safepoint    ] Safepoint "RevokeBias", Time since last: 67425496 ns, Reaching safepoint: 574700 ns, At safepoint: 45600 ns, Total: 620300 ns
[2020-03-27T04:53:15.145+0000][1][safepoint    ] Safepoint "Deoptimize", Time since last: 34527698 ns, Reaching safepoint: 22600 ns, At safepoint: 309200 ns, Total: 331800 ns
[2020-03-27T04:53:15.148+0000][1][gc,start     ] GC(55) Pause Young (Allocation Failure)
[2020-03-27T04:53:15.149+0000][1][gc,task      ] GC(55) Using 2 workers of 2 for evacuation
[2020-03-27T04:53:15.156+0000][1][gc,age       ] GC(55) Desired survivor size 2228224 bytes, new threshold 2 (max threshold 6)
[2020-03-27T04:53:15.157+0000][1][gc,age       ] GC(55) Age table with threshold 2 (max threshold 6)
[2020-03-27T04:53:15.164+0000][1][gc,age       ] GC(55) - age   1:    1570440 bytes,    1570440 total
[2020-03-27T04:53:15.165+0000][1][gc,age       ] GC(55) - age   2:    1586752 bytes,    3157192 total
[2020-03-27T04:53:15.165+0000][1][gc,heap      ] GC(55) ParNew: 39296K->3273K(39296K)
[2020-03-27T04:53:15.165+0000][1][gc,heap      ] GC(55) CMS: 55666K->57124K(92780K)
[2020-03-27T04:53:15.166+0000][1][gc,metaspace ] GC(55) Metaspace: 69009K->69009K(1112064K)
[2020-03-27T04:53:15.166+0000][1][gc           ] GC(55) Pause Young (Allocation Failure) 92M->58M(128M) 17.411ms
[2020-03-27T04:53:15.166+0000][1][gc,cpu       ] GC(55) User=0.02s Sys=0.00s Real=0.02s
[2020-03-27T04:53:15.167+0000][1][safepoint    ] Safepoint "GenCollectForAllocation", Time since last: 3078100 ns, Reaching safepoint: 18700 ns, At safepoint: 18276299 ns, Total: 18294999 ns
[2020-03-27T04:53:15.221+0000][1][safepoint    ] Safepoint "RevokeBias", Time since last: 53606097 ns, Reaching safepoint: 125100 ns, At safepoint: 57600 ns, Total: 182700 ns
[2020-03-27T04:53:15.222+0000][1][safepoint    ] Safepoint "BulkRevokeBias", Time since last: 1278300 ns, Reaching safepoint: 73900 ns, At safepoint: 69300 ns, Total: 143200 ns
[2020-03-27T04:53:15.223+0000][1][safepoint    ] Safepoint "RevokeBias", Time since last: 1415000 ns, Reaching safepoint: 86400 ns, At safepoint: 19900 ns, Total: 106300 ns
[2020-03-27T04:53:15.224+0000][1][safepoint    ] Safepoint "RevokeBias", Time since last: 842300 ns, Reaching safepoint: 92700 ns, At safepoint: 17100 ns, Total: 109800 ns
[2020-03-27T04:53:15.225+0000][1][safepoint    ] Safepoint "RevokeBias", Time since last: 428100 ns, Reaching safepoint: 92100 ns, At safepoint: 14600 ns, Total: 106700 ns
[2020-03-27T04:53:15.225+0000][1][safepoint    ] Safepoint "RevokeBias", Time since last: 407100 ns, Reaching safepoint: 61100 ns, At safepoint: 13900 ns, Total: 75000 ns
[2020-03-27T04:53:15.226+0000][1][safepoint    ] Safepoint "RevokeBias", Time since last: 397300 ns, Reaching safepoint: 89900 ns, At safepoint: 16000 ns, Total: 105900 ns
[2020-03-27T04:53:15.226+0000][1][safepoint    ] Safepoint "RevokeBias", Time since last: 393400 ns, Reaching safepoint: 61400 ns, At safepoint: 16300 ns, Total: 77700 ns
[2020-03-27T04:53:15.227+0000][1][safepoint    ] Safepoint "RevokeBias", Time since last: 205700 ns, Reaching safepoint: 86200 ns, At safepoint: 12800 ns, Total: 99000 ns
[2020-03-27T04:53:15.228+0000][1][safepoint    ] Safepoint "RevokeBias", Time since last: 1347900 ns, Reaching safepoint: 58200 ns, At safepoint: 21400 ns, Total: 79600 ns
[2020-03-27T04:53:15.229+0000][1][safepoint    ] Safepoint "RevokeBias", Time since last: 421200 ns, Reaching safepoint: 76400 ns, At safepoint: 19500 ns, Total: 95900 ns
[2020-03-27T04:53:15.231+0000][1][safepoint    ] Safepoint "Deoptimize", Time since last: 2311799 ns, Reaching safepoint: 26500 ns, At safepoint: 357500 ns, Total: 384000 ns
[2020-03-27T04:53:15.232+0000][1][safepoint    ] Safepoint "RevokeBias", Time since last: 898700 ns, Reaching safepoint: 90100 ns, At safepoint: 22000 ns, Total: 112100 ns
[2020-03-27T04:53:15.367+0000][1][safepoint    ] Safepoint "Deoptimize", Time since last: 134233693 ns, Reaching safepoint: 125200 ns, At safepoint: 258000 ns, Total: 383200 ns
[2020-03-27T04:53:15.588+0000][1][safepoint    ] Safepoint "RevokeBias", Time since last: 220937988 ns, Reaching safepoint: 154800 ns, At safepoint: 28700 ns, Total: 183500 ns
[2020-03-27T04:53:15.589+0000][1][safepoint    ] Safepoint "RevokeBias", Time since last: 745200 ns, Reaching safepoint: 98700 ns, At safepoint: 10700 ns, Total: 109400 ns
[2020-03-27T04:53:15.590+0000][1][safepoint    ] Safepoint "RevokeBias", Time since last: 697700 ns, Reaching safepoint: 141800 ns, At safepoint: 22300 ns, Total: 164100 ns
[2020-03-27T04:53:15.590+0000][1][safepoint    ] Safepoint "RevokeBias", Time since last: 390300 ns, Reaching safepoint: 10000 ns, At safepoint: 6900 ns, Total: 16900 ns
[2020-03-27T04:53:15.591+0000][1][safepoint    ] Safepoint "RevokeBias", Time since last: 464199 ns, Reaching safepoint: 9400 ns, At safepoint: 7500 ns, Total: 16900 ns
[2020-03-27T04:53:15.591+0000][1][safepoint    ] Safepoint "RevokeBias", Time since last: 375900 ns, Reaching safepoint: 8700 ns, At safepoint: 18500 ns, Total: 27200 ns
[2020-03-27T04:53:15.592+0000][1][safepoint    ] Safepoint "RevokeBias", Time since last: 585100 ns, Reaching safepoint: 38100 ns, At safepoint: 7400 ns, Total: 45500 ns
[2020-03-27T04:53:15.592+0000][1][safepoint    ] Safepoint "RevokeBias", Time since last: 503900 ns, Reaching safepoint: 9000 ns, At safepoint: 7400 ns, Total: 16400 ns
[2020-03-27T04:53:15.593+0000][1][safepoint    ] Safepoint "RevokeBias", Time since last: 417600 ns, Reaching safepoint: 32200 ns, At safepoint: 32100 ns, Total: 64300 ns
[2020-03-27T04:53:15.593+0000][1][safepoint    ] Safepoint "RevokeBias", Time since last: 478100 ns, Reaching safepoint: 9800 ns, At safepoint: 18500 ns, Total: 28300 ns
[2020-03-27T04:53:15.594+0000][1][safepoint    ] Safepoint "RevokeBias", Time since last: 386000 ns, Reaching safepoint: 8800 ns, At safepoint: 6900 ns, Total: 15700 ns
[2020-03-27T04:53:15.594+0000][1][safepoint    ] Safepoint "RevokeBias", Time since last: 395100 ns, Reaching safepoint: 9200 ns, At safepoint: 51500 ns, Total: 60700 ns
[2020-03-27T04:53:15.595+0000][1][safepoint    ] Safepoint "RevokeBias", Time since last: 521500 ns, Reaching safepoint: 8400 ns, At safepoint: 16300 ns, Total: 24700 ns
[2020-03-27T04:53:15.595+0000][1][safepoint    ] Safepoint "RevokeBias", Time since last: 394400 ns, Reaching safepoint: 100700 ns, At safepoint: 10300 ns, Total: 111000 ns
[2020-03-27T04:53:15.596+0000][1][safepoint    ] Safepoint "RevokeBias", Time since last: 294300 ns, Reaching safepoint: 9500 ns, At safepoint: 53600 ns, Total: 63100 ns
[2020-03-27T04:53:15.596+0000][1][safepoint    ] Safepoint "RevokeBias", Time since last: 321900 ns, Reaching safepoint: 9600 ns, At safepoint: 16500 ns, Total: 26100 ns
[2020-03-27T04:53:15.597+0000][1][safepoint    ] Safepoint "RevokeBias", Time since last: 1190700 ns, Reaching safepoint: 13700 ns, At safepoint: 32500 ns, Total: 46200 ns
[2020-03-27T04:53:15.599+0000][1][safepoint    ] Safepoint "RevokeBias", Time since last: 1424700 ns, Reaching safepoint: 10400 ns, At safepoint: 53900 ns, Total: 64300 ns
[2020-03-27T04:53:15.600+0000][1][safepoint    ] Safepoint "RevokeBias", Time since last: 1645600 ns, Reaching safepoint: 28500 ns, At safepoint: 30600 ns, Total: 59100 ns
[2020-03-27T04:53:15.602+0000][1][safepoint    ] Safepoint "RevokeBias", Time since last: 1107200 ns, Reaching safepoint: 111700 ns, At safepoint: 25700 ns, Total: 137400 ns
[2020-03-27T04:53:15.602+0000][1][safepoint    ] Safepoint "RevokeBias", Time since last: 417400 ns, Reaching safepoint: 106000 ns, At safepoint: 22100 ns, Total: 128100 ns
[2020-03-27T04:53:15.603+0000][1][safepoint    ] Safepoint "RevokeBias", Time since last: 429700 ns, Reaching safepoint: 340800 ns, At safepoint: 26400 ns, Total: 367200 ns
[2020-03-27T04:53:15.604+0000][1][safepoint    ] Safepoint "RevokeBias", Time since last: 414200 ns, Reaching safepoint: 321200 ns, At safepoint: 27800 ns, Total: 349000 ns
[2020-03-27T04:53:15.604+0000][1][safepoint    ] Safepoint "RevokeBias", Time since last: 394500 ns, Reaching safepoint: 152900 ns, At safepoint: 26300 ns, Total: 179200 ns
[2020-03-27T04:53:15.605+0000][1][safepoint    ] Safepoint "RevokeBias", Time since last: 207500 ns, Reaching safepoint: 89600 ns, At safepoint: 22100 ns, Total: 111700 ns
[2020-03-27T04:53:15.605+0000][1][safepoint    ] Safepoint "RevokeBias", Time since last: 230500 ns, Reaching safepoint: 9800 ns, At safepoint: 22500 ns, Total: 32300 ns
[2020-03-27T04:53:15.606+0000][1][safepoint    ] Safepoint "RevokeBias", Time since last: 690400 ns, Reaching safepoint: 10000 ns, At safepoint: 18800 ns, Total: 28800 ns
[2020-03-27T04:53:15.610+0000][1][safepoint    ] Safepoint "RevokeBias", Time since last: 4025799 ns, Reaching safepoint: 143300 ns, At safepoint: 13200 ns, Total: 156500 ns
[2020-03-27T04:53:15.610+0000][1][safepoint    ] Safepoint "RevokeBias", Time since last: 598400 ns, Reaching safepoint: 91300 ns, At safepoint: 21800 ns, Total: 113100 ns
[2020-03-27T04:53:15.611+0000][1][safepoint    ] Safepoint "RevokeBias", Time since last: 622900 ns, Reaching safepoint: 42700 ns, At safepoint: 25700 ns, Total: 68400 ns
[2020-03-27T04:53:15.612+0000][1][safepoint    ] Safepoint "RevokeBias", Time since last: 619200 ns, Reaching safepoint: 9100 ns, At safepoint: 16900 ns, Total: 26000 ns
[2020-03-27T04:53:15.612+0000][1][safepoint    ] Safepoint "RevokeBias", Time since last: 559200 ns, Reaching safepoint: 9600 ns, At safepoint: 17400 ns, Total: 27000 ns
[2020-03-27T04:53:15.613+0000][1][safepoint    ] Safepoint "BulkRevokeBias", Time since last: 415500 ns, Reaching safepoint: 9100 ns, At safepoint: 67700 ns, Total: 76800 ns
[2020-03-27T04:53:15.619+0000][1][safepoint    ] Safepoint "RevokeBias", Time since last: 6404200 ns, Reaching safepoint: 15100 ns, At safepoint: 20200 ns, Total: 35300 ns
[2020-03-27T04:53:15.622+0000][1][safepoint    ] Safepoint "RevokeBias", Time since last: 2291300 ns, Reaching safepoint: 92400 ns, At safepoint: 22100 ns, Total: 114500 ns
[2020-03-27T04:53:15.623+0000][1][safepoint    ] Safepoint "RevokeBias", Time since last: 1565100 ns, Reaching safepoint: 128000 ns, At safepoint: 23100 ns, Total: 151100 ns
[2020-03-27T04:53:15.624+0000][1][safepoint    ] Safepoint "RevokeBias", Time since last: 983700 ns, Reaching safepoint: 13900 ns, At safepoint: 23200 ns, Total: 37100 ns
[2020-03-27T04:53:15.626+0000][1][safepoint    ] Safepoint "RevokeBias", Time since last: 1109500 ns, Reaching safepoint: 135800 ns, At safepoint: 24300 ns, Total: 160100 ns
[2020-03-27T04:53:15.627+0000][1][safepoint    ] Safepoint "RevokeBias", Time since last: 891399 ns, Reaching safepoint: 158400 ns, At safepoint: 25400 ns, Total: 183800 ns
[2020-03-27T04:53:15.630+0000][1][safepoint    ] Safepoint "RevokeBias", Time since last: 3528100 ns, Reaching safepoint: 15900 ns, At safepoint: 10200 ns, Total: 26100 ns
[2020-03-27T04:53:15.631+0000][1][safepoint    ] Safepoint "RevokeBias", Time since last: 817500 ns, Reaching safepoint: 14000 ns, At safepoint: 9600 ns, Total: 23600 ns
[2020-03-27T04:53:15.632+0000][1][safepoint    ] Safepoint "RevokeBias", Time since last: 548200 ns, Reaching safepoint: 9100 ns, At safepoint: 7600 ns, Total: 16700 ns
[2020-03-27T04:53:15.633+0000][1][safepoint    ] Safepoint "RevokeBias", Time since last: 700900 ns, Reaching safepoint: 101000 ns, At safepoint: 11600 ns, Total: 112600 ns
[2020-03-27T04:53:15.633+0000][1][safepoint    ] Safepoint "RevokeBias", Time since last: 385200 ns, Reaching safepoint: 97000 ns, At safepoint: 185600 ns, Total: 282600 ns
[2020-03-27T04:53:15.634+0000][1][safepoint    ] Safepoint "RevokeBias", Time since last: 382600 ns, Reaching safepoint: 33600 ns, At safepoint: 22000 ns, Total: 55600 ns
[2020-03-27T04:53:15.635+0000][1][safepoint    ] Safepoint "RevokeBias", Time since last: 1390800 ns, Reaching safepoint: 8800 ns, At safepoint: 12900 ns, Total: 21700 ns
[2020-03-27T04:53:15.636+0000][1][safepoint    ] Safepoint "RevokeBias", Time since last: 423100 ns, Reaching safepoint: 29100 ns, At safepoint: 11800 ns, Total: 40900 ns
[2020-03-27T04:53:15.636+0000][1][safepoint    ] Safepoint "RevokeBias", Time since last: 460700 ns, Reaching safepoint: 27500 ns, At safepoint: 11800 ns, Total: 39300 ns
[2020-03-27T04:53:15.639+0000][1][safepoint    ] Safepoint "RevokeBias", Time since last: 3020600 ns, Reaching safepoint: 15600 ns, At safepoint: 14000 ns, Total: 29600 ns
[2020-03-27T04:53:15.640+0000][1][safepoint    ] Safepoint "RevokeBias", Time since last: 604900 ns, Reaching safepoint: 11300 ns, At safepoint: 13500 ns, Total: 24800 ns
[2020-03-27T04:53:15.640+0000][1][safepoint    ] Safepoint "RevokeBias", Time since last: 688300 ns, Reaching safepoint: 8900 ns, At safepoint: 12800 ns, Total: 21700 ns
[2020-03-27T04:53:15.641+0000][1][safepoint    ] Safepoint "RevokeBias", Time since last: 465500 ns, Reaching safepoint: 10800 ns, At safepoint: 12500 ns, Total: 23300 ns
[2020-03-27T04:53:15.641+0000][1][safepoint    ] Safepoint "RevokeBias", Time since last: 377300 ns, Reaching safepoint: 20800 ns, At safepoint: 14000 ns, Total: 34800 ns
[2020-03-27T04:53:15.642+0000][1][safepoint    ] Safepoint "RevokeBias", Time since last: 303500 ns, Reaching safepoint: 33300 ns, At safepoint: 14100 ns, Total: 47400 ns
[2020-03-27T04:53:15.642+0000][1][safepoint    ] Safepoint "RevokeBias", Time since last: 389700 ns, Reaching safepoint: 8000 ns, At safepoint: 13700 ns, Total: 21700 ns
[2020-03-27T04:53:15.643+0000][1][safepoint    ] Safepoint "RevokeBias", Time since last: 381700 ns, Reaching safepoint: 58100 ns, At safepoint: 14100 ns, Total: 72200 ns
[2020-03-27T04:53:15.643+0000][1][safepoint    ] Safepoint "RevokeBias", Time since last: 400200 ns, Reaching safepoint: 22200 ns, At safepoint: 11800 ns, Total: 34000 ns
[2020-03-27T04:53:15.645+0000][1][safepoint    ] Safepoint "RevokeBias", Time since last: 1961999 ns, Reaching safepoint: 24300 ns, At safepoint: 23300 ns, Total: 47600 ns
[2020-03-27T04:53:15.646+0000][1][safepoint    ] Safepoint "RevokeBias", Time since last: 847900 ns, Reaching safepoint: 9700 ns, At safepoint: 36400 ns, Total: 46100 ns
[2020-03-27T04:53:15.646+0000][1][safepoint    ] Safepoint "RevokeBias", Time since last: 537300 ns, Reaching safepoint: 9400 ns, At safepoint: 20600 ns, Total: 30000 ns
[2020-03-27T04:53:15.647+0000][1][safepoint    ] Safepoint "RevokeBias", Time since last: 328900 ns, Reaching safepoint: 69500 ns, At safepoint: 12100 ns, Total: 81600 ns
[2020-03-27T04:53:15.648+0000][1][safepoint    ] Safepoint "RevokeBias", Time since last: 320200 ns, Reaching safepoint: 18900 ns, At safepoint: 885000 ns, Total: 903900 ns
[2020-03-27T04:53:15.649+0000][1][gc,heap,exit ] Heap
[2020-03-27T04:53:15.649+0000][1][gc,heap,exit ]  par new generation   total 39296K, used 33649K [0x00000000e0000000, 0x00000000e2aa0000, 0x00000000ea660000)
[2020-03-27T04:53:15.652+0000][1][gc,heap,exit ]   eden space 34944K,  86% used [0x00000000e0000000, 0x00000000e1daa110, 0x00000000e2220000)
[2020-03-27T04:53:15.653+0000][1][gc,heap,exit ]   from space 4352K,  75% used [0x00000000e2660000, 0x00000000e2992630, 0x00000000e2aa0000)
[2020-03-27T04:53:15.653+0000][1][gc,heap,exit ]   to   space 4352K,   0% used [0x00000000e2220000, 0x00000000e2220000, 0x00000000e2660000)
[2020-03-27T04:53:15.653+0000][1][gc,heap,exit ]  concurrent mark-sweep generation total 92780K, used 57124K [0x00000000ea660000, 0x00000000f00fb000, 0x0000000100000000)
[2020-03-27T04:53:15.654+0000][1][gc,heap,exit ]  Metaspace       used 72921K, capacity 78763K, committed 78864K, reserved 1116160K
[2020-03-27T04:53:15.654+0000][1][gc,heap,exit ]   class space    used 9861K, capacity 12303K, committed 12328K, reserved 1048576K
