[2020-03-27T04:53:17.684+0000][1][gc] Using Concurrent Mark Sweep
[2020-03-27T04:53:17.684+0000][1][gc,heap,coops] Heap address: 0x00000000e0000000, size: 512 MB, Compressed Oops mode: 32-bit
[2020-03-27T04:53:17.720+0000][1][safepoint    ] Safepoint "EnableBiasedLocking", Time since last: 27686998 ns, Reaching safepoint: 126300 ns, At safepoint: 30800 ns, Total: 157100 ns
[2020-03-27T04:53:17.722+0000][1][safepoint    ] Safepoint "RevokeBias", Time since last: 2157900 ns, Reaching safepoint: 77200 ns, At safepoint: 33300 ns, Total: 110500 ns
[2020-03-27T04:53:17.728+0000][1][safepoint    ] Safepoint "Deoptimize", Time since last: 4997400 ns, Reaching safepoint: 398600 ns, At safepoint: 14700 ns, Total: 413300 ns
[2020-03-27T04:53:17.781+0000][1][safepoint    ] Safepoint "RevokeBias", Time since last: 53040397 ns, Reaching safepoint: 17000 ns, At safepoint: 25200 ns, Total: 42200 ns
[2020-03-27T04:53:17.799+0000][1][safepoint    ] Safepoint "Deoptimize", Time since last: 18301299 ns, Reaching safepoint: 90200 ns, At safepoint: 32600 ns, Total: 122800 ns
[2020-03-27T04:53:18.015+0000][1][safepoint    ] Safepoint "Deoptimize", Time since last: 215210388 ns, Reaching safepoint: 52100 ns, At safepoint: 54200 ns, Total: 106300 ns
[2020-03-27T04:53:18.040+0000][1][safepoint    ] Safepoint "Deoptimize", Time since last: 25039098 ns, Reaching safepoint: 110300 ns, At safepoint: 62500 ns, Total: 172800 ns
[2020-03-27T04:53:18.164+0000][1][gc,start     ] GC(0) Pause Young (Allocation Failure)
[2020-03-27T04:53:18.169+0000][1][gc,task      ] GC(0) Using 2 workers of 2 for evacuation
[2020-03-27T04:53:18.175+0000][1][gc,age       ] GC(0) Desired survivor size 2228224 bytes, new threshold 1 (max threshold 6)
[2020-03-27T04:53:18.176+0000][1][gc,age       ] GC(0) Age table with threshold 1 (max threshold 6)
[2020-03-27T04:53:18.179+0000][1][gc,age       ] GC(0) - age   1:    4431936 bytes,    4431936 total
[2020-03-27T04:53:18.179+0000][1][gc,heap      ] GC(0) ParNew: 34944K->4351K(39296K)
[2020-03-27T04:53:18.179+0000][1][gc,heap      ] GC(0) CMS: 0K->26K(87424K)
[2020-03-27T04:53:18.180+0000][1][gc,metaspace ] GC(0) Metaspace: 7983K->7983K(1056768K)
[2020-03-27T04:53:18.180+0000][1][gc           ] GC(0) Pause Young (Allocation Failure) 34M->4M(123M) 15.697ms
[2020-03-27T04:53:18.180+0000][1][gc,cpu       ] GC(0) User=0.03s Sys=0.00s Real=0.02s
[2020-03-27T04:53:18.180+0000][1][safepoint    ] Safepoint "GenCollectForAllocation", Time since last: 124281093 ns, Reaching safepoint: 35100 ns, At safepoint: 16253900 ns, Total: 16289000 ns
[2020-03-27T04:53:18.181+0000][1][safepoint    ] Safepoint "RevokeBias", Time since last: 452000 ns, Reaching safepoint: 112899 ns, At safepoint: 70300 ns, Total: 183199 ns
[2020-03-27T04:53:18.182+0000][1][safepoint    ] Safepoint "RevokeBias", Time since last: 856600 ns, Reaching safepoint: 90800 ns, At safepoint: 17400 ns, Total: 108200 ns
[2020-03-27T04:53:18.182+0000][1][safepoint    ] Safepoint "RevokeBias", Time since last: 316900 ns, Reaching safepoint: 84200 ns, At safepoint: 26400 ns, Total: 110600 ns
[2020-03-27T04:53:18.183+0000][1][safepoint    ] Safepoint "RevokeBias", Time since last: 308700 ns, Reaching safepoint: 8000 ns, At safepoint: 13400 ns, Total: 21400 ns
[2020-03-27T04:53:18.183+0000][1][safepoint    ] Safepoint "RevokeBias", Time since last: 347700 ns, Reaching safepoint: 9200 ns, At safepoint: 34500 ns, Total: 43700 ns
[2020-03-27T04:53:18.184+0000][1][safepoint    ] Safepoint "RevokeBias", Time since last: 351900 ns, Reaching safepoint: 74100 ns, At safepoint: 8800 ns, Total: 82900 ns
[2020-03-27T04:53:18.184+0000][1][safepoint    ] Safepoint "RevokeBias", Time since last: 272200 ns, Reaching safepoint: 99400 ns, At safepoint: 9400 ns, Total: 108800 ns
[2020-03-27T04:53:18.184+0000][1][safepoint    ] Safepoint "RevokeBias", Time since last: 289600 ns, Reaching safepoint: 63500 ns, At safepoint: 11000 ns, Total: 74500 ns
[2020-03-27T04:53:18.185+0000][1][safepoint    ] Safepoint "RevokeBias", Time since last: 608200 ns, Reaching safepoint: 60100 ns, At safepoint: 11200 ns, Total: 71300 ns
[2020-03-27T04:53:18.186+0000][1][safepoint    ] Safepoint "RevokeBias", Time since last: 600000 ns, Reaching safepoint: 156100 ns, At safepoint: 50700 ns, Total: 206800 ns
[2020-03-27T04:53:18.186+0000][1][safepoint    ] Safepoint "RevokeBias", Time since last: 292200 ns, Reaching safepoint: 63900 ns, At safepoint: 24200 ns, Total: 88100 ns
[2020-03-27T04:53:18.187+0000][1][safepoint    ] Safepoint "RevokeBias", Time since last: 279200 ns, Reaching safepoint: 101600 ns, At safepoint: 31300 ns, Total: 132900 ns
[2020-03-27T04:53:18.187+0000][1][safepoint    ] Safepoint "RevokeBias", Time since last: 248400 ns, Reaching safepoint: 75400 ns, At safepoint: 57200 ns, Total: 132600 ns
[2020-03-27T04:53:18.187+0000][1][safepoint    ] Safepoint "RevokeBias", Time since last: 167300 ns, Reaching safepoint: 88100 ns, At safepoint: 49600 ns, Total: 137700 ns
[2020-03-27T04:53:18.188+0000][1][safepoint    ] Safepoint "RevokeBias", Time since last: 198500 ns, Reaching safepoint: 89300 ns, At safepoint: 37300 ns, Total: 126600 ns
[2020-03-27T04:53:18.188+0000][1][safepoint    ] Safepoint "RevokeBias", Time since last: 211500 ns, Reaching safepoint: 102300 ns, At safepoint: 50200 ns, Total: 152500 ns
[2020-03-27T04:53:18.188+0000][1][safepoint    ] Safepoint "RevokeBias", Time since last: 197800 ns, Reaching safepoint: 75200 ns, At safepoint: 43900 ns, Total: 119100 ns
[2020-03-27T04:53:18.189+0000][1][safepoint    ] Safepoint "RevokeBias", Time since last: 252100 ns, Reaching safepoint: 562500 ns, At safepoint: 91400 ns, Total: 653900 ns
[2020-03-27T04:53:18.190+0000][1][safepoint    ] Safepoint "RevokeBias", Time since last: 201800 ns, Reaching safepoint: 112500 ns, At safepoint: 59600 ns, Total: 172100 ns
[2020-03-27T04:53:18.190+0000][1][safepoint    ] Safepoint "RevokeBias", Time since last: 176700 ns, Reaching safepoint: 84700 ns, At safepoint: 13900 ns, Total: 98600 ns
[2020-03-27T04:53:18.190+0000][1][safepoint    ] Safepoint "RevokeBias", Time since last: 233100 ns, Reaching safepoint: 86900 ns, At safepoint: 23000 ns, Total: 109900 ns
[2020-03-27T04:53:18.190+0000][1][safepoint    ] Safepoint "RevokeBias", Time since last: 199000 ns, Reaching safepoint: 90100 ns, At safepoint: 15200 ns, Total: 105300 ns
[2020-03-27T04:53:18.191+0000][1][safepoint    ] Safepoint "RevokeBias", Time since last: 328900 ns, Reaching safepoint: 158200 ns, At safepoint: 21900 ns, Total: 180100 ns
[2020-03-27T04:53:18.191+0000][1][safepoint    ] Safepoint "RevokeBias", Time since last: 197300 ns, Reaching safepoint: 85000 ns, At safepoint: 12500 ns, Total: 97500 ns
[2020-03-27T04:53:18.192+0000][1][safepoint    ] Safepoint "RevokeBias", Time since last: 187200 ns, Reaching safepoint: 131400 ns, At safepoint: 27800 ns, Total: 159200 ns
[2020-03-27T04:53:18.192+0000][1][safepoint    ] Safepoint "RevokeBias", Time since last: 174200 ns, Reaching safepoint: 10400 ns, At safepoint: 14500 ns, Total: 24900 ns
[2020-03-27T04:53:18.246+0000][1][safepoint    ] Safepoint "Deoptimize", Time since last: 54042997 ns, Reaching safepoint: 110900 ns, At safepoint: 83100 ns, Total: 194000 ns
[2020-03-27T04:53:18.360+0000][1][safepoint    ] Safepoint "Deoptimize", Time since last: 113491694 ns, Reaching safepoint: 21500 ns, At safepoint: 82800 ns, Total: 104300 ns
[2020-03-27T04:53:18.550+0000][1][safepoint    ] Safepoint "Deoptimize", Time since last: 189815089 ns, Reaching safepoint: 66700 ns, At safepoint: 96200 ns, Total: 162900 ns
[2020-03-27T04:53:18.605+0000][1][safepoint    ] Safepoint "Deoptimize", Time since last: 54859197 ns, Reaching safepoint: 90300 ns, At safepoint: 101600 ns, Total: 191900 ns
[2020-03-27T04:53:18.606+0000][1][safepoint    ] Safepoint "Deoptimize", Time since last: 809600 ns, Reaching safepoint: 85500 ns, At safepoint: 86500 ns, Total: 172000 ns
[2020-03-27T04:53:18.632+0000][1][safepoint    ] Safepoint "Deoptimize", Time since last: 26706298 ns, Reaching safepoint: 21800 ns, At safepoint: 106000 ns, Total: 127800 ns
[2020-03-27T04:53:18.635+0000][1][safepoint    ] Safepoint "Deoptimize", Time since last: 2282300 ns, Reaching safepoint: 12200 ns, At safepoint: 172300 ns, Total: 184500 ns
[2020-03-27T04:53:18.643+0000][1][safepoint    ] Safepoint "RevokeBias", Time since last: 7993000 ns, Reaching safepoint: 89100 ns, At safepoint: 26700 ns, Total: 115800 ns
[2020-03-27T04:53:18.644+0000][1][safepoint    ] Safepoint "RevokeBias", Time since last: 457000 ns, Reaching safepoint: 82300 ns, At safepoint: 26600 ns, Total: 108900 ns
[2020-03-27T04:53:18.644+0000][1][safepoint    ] Safepoint "RevokeBias", Time since last: 361200 ns, Reaching safepoint: 405400 ns, At safepoint: 53600 ns, Total: 459000 ns
[2020-03-27T04:53:18.647+0000][1][safepoint    ] Safepoint "RevokeBias", Time since last: 2756300 ns, Reaching safepoint: 22800 ns, At safepoint: 10300 ns, Total: 33100 ns
[2020-03-27T04:53:18.648+0000][1][safepoint    ] Safepoint "RevokeBias", Time since last: 434100 ns, Reaching safepoint: 103200 ns, At safepoint: 27100 ns, Total: 130300 ns
[2020-03-27T04:53:18.679+0000][1][gc,start     ] GC(1) Pause Young (Allocation Failure)
[2020-03-27T04:53:18.680+0000][1][gc,task      ] GC(1) Using 2 workers of 2 for evacuation
[2020-03-27T04:53:18.690+0000][1][gc,age       ] GC(1) Desired survivor size 2228224 bytes, new threshold 1 (max threshold 6)
[2020-03-27T04:53:18.691+0000][1][gc,age       ] GC(1) Age table with threshold 1 (max threshold 6)
[2020-03-27T04:53:18.706+0000][1][gc,age       ] GC(1) - age   1:    3100088 bytes,    3100088 total
[2020-03-27T04:53:18.706+0000][1][gc,heap      ] GC(1) ParNew: 39295K->4352K(39296K)
[2020-03-27T04:53:18.707+0000][1][gc,heap      ] GC(1) CMS: 26K->4585K(87424K)
[2020-03-27T04:53:18.707+0000][1][gc,metaspace ] GC(1) Metaspace: 12493K->12493K(1060864K)
[2020-03-27T04:53:18.708+0000][1][gc           ] GC(1) Pause Young (Allocation Failure) 38M->8M(123M) 28.436ms
[2020-03-27T04:53:18.708+0000][1][gc,cpu       ] GC(1) User=0.01s Sys=0.00s Real=0.03s
[2020-03-27T04:53:18.709+0000][1][safepoint    ] Safepoint "GenCollectForAllocation", Time since last: 31460298 ns, Reaching safepoint: 99100 ns, At safepoint: 29365598 ns, Total: 29464698 ns
[2020-03-27T04:53:18.710+0000][1][safepoint    ] Safepoint "RevokeBias", Time since last: 1024200 ns, Reaching safepoint: 61900 ns, At safepoint: 29700 ns, Total: 91600 ns
[2020-03-27T04:53:18.710+0000][1][safepoint    ] Safepoint "RevokeBias", Time since last: 399200 ns, Reaching safepoint: 110000 ns, At safepoint: 51700 ns, Total: 161700 ns
[2020-03-27T04:53:18.735+0000][1][safepoint    ] Safepoint "RevokeBias", Time since last: 24477999 ns, Reaching safepoint: 95200 ns, At safepoint: 10100 ns, Total: 105300 ns
[2020-03-27T04:53:18.736+0000][1][safepoint    ] Safepoint "RevokeBias", Time since last: 539300 ns, Reaching safepoint: 156700 ns, At safepoint: 14700 ns, Total: 171400 ns
[2020-03-27T04:53:19.083+0000][1][gc,start     ] GC(2) Pause Young (Allocation Failure)
[2020-03-27T04:53:19.083+0000][1][gc,task      ] GC(2) Using 2 workers of 2 for evacuation
[2020-03-27T04:53:19.089+0000][1][gc,age       ] GC(2) Desired survivor size 2228224 bytes, new threshold 1 (max threshold 6)
[2020-03-27T04:53:19.089+0000][1][gc,age       ] GC(2) Age table with threshold 1 (max threshold 6)
[2020-03-27T04:53:19.091+0000][1][gc,age       ] GC(2) - age   1:    2277960 bytes,    2277960 total
[2020-03-27T04:53:19.091+0000][1][gc,heap      ] GC(2) ParNew: 39296K->2832K(39296K)
[2020-03-27T04:53:19.092+0000][1][gc,heap      ] GC(2) CMS: 4585K->6719K(87424K)
[2020-03-27T04:53:19.092+0000][1][gc,metaspace ] GC(2) Metaspace: 16034K->16034K(1064960K)
[2020-03-27T04:53:19.093+0000][1][gc           ] GC(2) Pause Young (Allocation Failure) 42M->9M(123M) 9.945ms
[2020-03-27T04:53:19.093+0000][1][gc,cpu       ] GC(2) User=0.01s Sys=0.00s Real=0.01s
[2020-03-27T04:53:19.094+0000][1][safepoint    ] Safepoint "GenCollectForAllocation", Time since last: 346883080 ns, Reaching safepoint: 141300 ns, At safepoint: 10839300 ns, Total: 10980600 ns
[2020-03-27T04:53:19.094+0000][1][safepoint    ] Safepoint "BulkRevokeBias", Time since last: 567600 ns, Reaching safepoint: 100100 ns, At safepoint: 48200 ns, Total: 148300 ns
[2020-03-27T04:53:19.095+0000][1][safepoint    ] Safepoint "RevokeBias", Time since last: 368200 ns, Reaching safepoint: 183500 ns, At safepoint: 45200 ns, Total: 228700 ns
[2020-03-27T04:53:19.096+0000][1][safepoint    ] Safepoint "RevokeBias", Time since last: 383200 ns, Reaching safepoint: 558400 ns, At safepoint: 36300 ns, Total: 594700 ns
[2020-03-27T04:53:19.096+0000][1][safepoint    ] Safepoint "RevokeBias", Time since last: 266100 ns, Reaching safepoint: 80200 ns, At safepoint: 19400 ns, Total: 99600 ns
[2020-03-27T04:53:19.097+0000][1][safepoint    ] Safepoint "RevokeBias", Time since last: 268400 ns, Reaching safepoint: 117000 ns, At safepoint: 25300 ns, Total: 142300 ns
[2020-03-27T04:53:19.097+0000][1][safepoint    ] Safepoint "RevokeBias", Time since last: 195100 ns, Reaching safepoint: 95800 ns, At safepoint: 45500 ns, Total: 141300 ns
[2020-03-27T04:53:19.097+0000][1][safepoint    ] Safepoint "RevokeBias", Time since last: 249700 ns, Reaching safepoint: 10400 ns, At safepoint: 27300 ns, Total: 37700 ns
[2020-03-27T04:53:19.098+0000][1][safepoint    ] Safepoint "RevokeBias", Time since last: 276100 ns, Reaching safepoint: 9200 ns, At safepoint: 28400 ns, Total: 37600 ns
[2020-03-27T04:53:19.098+0000][1][safepoint    ] Safepoint "RevokeBias", Time since last: 232400 ns, Reaching safepoint: 66500 ns, At safepoint: 33100 ns, Total: 99600 ns
[2020-03-27T04:53:19.098+0000][1][safepoint    ] Safepoint "RevokeBias", Time since last: 254200 ns, Reaching safepoint: 74400 ns, At safepoint: 25900 ns, Total: 100300 ns
[2020-03-27T04:53:19.121+0000][1][safepoint    ] Safepoint "RevokeBias", Time since last: 22283798 ns, Reaching safepoint: 138900 ns, At safepoint: 35900 ns, Total: 174800 ns
[2020-03-27T04:53:19.189+0000][1][gc,start     ] GC(3) Pause Young (Allocation Failure)
[2020-03-27T04:53:19.190+0000][1][gc,task      ] GC(3) Using 2 workers of 2 for evacuation
[2020-03-27T04:53:19.193+0000][1][gc,age       ] GC(3) Desired survivor size 2228224 bytes, new threshold 1 (max threshold 6)
[2020-03-27T04:53:19.194+0000][1][gc,age       ] GC(3) Age table with threshold 1 (max threshold 6)
[2020-03-27T04:53:19.194+0000][1][gc,age       ] GC(3) - age   1:    2306232 bytes,    2306232 total
[2020-03-27T04:53:19.194+0000][1][gc,heap      ] GC(3) ParNew: 37776K->2376K(39296K)
[2020-03-27T04:53:19.195+0000][1][gc,heap      ] GC(3) CMS: 6719K->7971K(87424K)
[2020-03-27T04:53:19.195+0000][1][gc,metaspace ] GC(3) Metaspace: 17124K->17124K(1064960K)
[2020-03-27T04:53:19.195+0000][1][gc           ] GC(3) Pause Young (Allocation Failure) 43M->10M(123M) 6.005ms
[2020-03-27T04:53:19.195+0000][1][gc,cpu       ] GC(3) User=0.01s Sys=0.00s Real=0.00s
[2020-03-27T04:53:19.196+0000][1][safepoint    ] Safepoint "GenCollectForAllocation", Time since last: 68263296 ns, Reaching safepoint: 104700 ns, At safepoint: 6636800 ns, Total: 6741500 ns
[2020-03-27T04:53:19.196+0000][1][safepoint    ] Safepoint "BulkRevokeBias", Time since last: 421900 ns, Reaching safepoint: 95800 ns, At safepoint: 69900 ns, Total: 165700 ns
[2020-03-27T04:53:19.197+0000][1][safepoint    ] Safepoint "RevokeBias", Time since last: 319100 ns, Reaching safepoint: 91400 ns, At safepoint: 16900 ns, Total: 108300 ns
[2020-03-27T04:53:19.290+0000][1][gc,start     ] GC(4) Pause Young (Allocation Failure)
[2020-03-27T04:53:19.291+0000][1][gc,task      ] GC(4) Using 2 workers of 2 for evacuation
[2020-03-27T04:53:19.293+0000][1][gc,age       ] GC(4) Desired survivor size 2228224 bytes, new threshold 6 (max threshold 6)
[2020-03-27T04:53:19.293+0000][1][gc,age       ] GC(4) Age table with threshold 6 (max threshold 6)
[2020-03-27T04:53:19.294+0000][1][gc,age       ] GC(4) - age   1:    1603160 bytes,    1603160 total
[2020-03-27T04:53:19.294+0000][1][gc,heap      ] GC(4) ParNew: 37320K->2283K(39296K)
[2020-03-27T04:53:19.295+0000][1][gc,heap      ] GC(4) CMS: 7971K->9160K(87424K)
[2020-03-27T04:53:19.295+0000][1][gc,metaspace ] GC(4) Metaspace: 18347K->18347K(1067008K)
[2020-03-27T04:53:19.296+0000][1][gc           ] GC(4) Pause Young (Allocation Failure) 44M->11M(123M) 5.414ms
[2020-03-27T04:53:19.296+0000][1][gc,cpu       ] GC(4) User=0.00s Sys=0.00s Real=0.01s
[2020-03-27T04:53:19.297+0000][1][safepoint    ] Safepoint "GenCollectForAllocation", Time since last: 93485495 ns, Reaching safepoint: 121800 ns, At safepoint: 6366799 ns, Total: 6488599 ns
[2020-03-27T04:53:19.298+0000][1][safepoint    ] Safepoint "RevokeBias", Time since last: 549000 ns, Reaching safepoint: 262500 ns, At safepoint: 42300 ns, Total: 304800 ns
[2020-03-27T04:53:19.298+0000][1][safepoint    ] Safepoint "RevokeBias", Time since last: 356200 ns, Reaching safepoint: 262300 ns, At safepoint: 32300 ns, Total: 294600 ns
[2020-03-27T04:53:19.299+0000][1][safepoint    ] Safepoint "RevokeBias", Time since last: 367300 ns, Reaching safepoint: 50800 ns, At safepoint: 23700 ns, Total: 74500 ns
[2020-03-27T04:53:19.299+0000][1][safepoint    ] Safepoint "RevokeBias", Time since last: 311600 ns, Reaching safepoint: 74800 ns, At safepoint: 37900 ns, Total: 112700 ns
[2020-03-27T04:53:19.299+0000][1][safepoint    ] Safepoint "RevokeBias", Time since last: 211900 ns, Reaching safepoint: 75700 ns, At safepoint: 24000 ns, Total: 99700 ns
[2020-03-27T04:53:19.300+0000][1][safepoint    ] Safepoint "RevokeBias", Time since last: 165000 ns, Reaching safepoint: 89300 ns, At safepoint: 29500 ns, Total: 118800 ns
[2020-03-27T04:53:19.300+0000][1][safepoint    ] Safepoint "RevokeBias", Time since last: 217300 ns, Reaching safepoint: 238500 ns, At safepoint: 30800 ns, Total: 269300 ns
[2020-03-27T04:53:19.301+0000][1][safepoint    ] Safepoint "RevokeBias", Time since last: 197100 ns, Reaching safepoint: 576100 ns, At safepoint: 31600 ns, Total: 607700 ns
[2020-03-27T04:53:19.301+0000][1][safepoint    ] Safepoint "RevokeBias", Time since last: 219200 ns, Reaching safepoint: 151600 ns, At safepoint: 29400 ns, Total: 181000 ns
[2020-03-27T04:53:19.302+0000][1][safepoint    ] Safepoint "RevokeBias", Time since last: 205100 ns, Reaching safepoint: 75400 ns, At safepoint: 27800 ns, Total: 103200 ns
[2020-03-27T04:53:19.302+0000][1][safepoint    ] Safepoint "RevokeBias", Time since last: 190400 ns, Reaching safepoint: 76700 ns, At safepoint: 25000 ns, Total: 101700 ns
[2020-03-27T04:53:19.302+0000][1][safepoint    ] Safepoint "RevokeBias", Time since last: 232400 ns, Reaching safepoint: 80500 ns, At safepoint: 27100 ns, Total: 107600 ns
[2020-03-27T04:53:19.303+0000][1][safepoint    ] Safepoint "RevokeBias", Time since last: 228100 ns, Reaching safepoint: 85500 ns, At safepoint: 17900 ns, Total: 103400 ns
[2020-03-27T04:53:19.303+0000][1][safepoint    ] Safepoint "RevokeBias", Time since last: 177900 ns, Reaching safepoint: 65400 ns, At safepoint: 27400 ns, Total: 92800 ns
[2020-03-27T04:53:19.303+0000][1][safepoint    ] Safepoint "RevokeBias", Time since last: 159000 ns, Reaching safepoint: 76900 ns, At safepoint: 23100 ns, Total: 100000 ns
[2020-03-27T04:53:19.304+0000][1][safepoint    ] Safepoint "RevokeBias", Time since last: 193900 ns, Reaching safepoint: 163700 ns, At safepoint: 18700 ns, Total: 182400 ns
[2020-03-27T04:53:19.304+0000][1][safepoint    ] Safepoint "RevokeBias", Time since last: 206300 ns, Reaching safepoint: 99300 ns, At safepoint: 15900 ns, Total: 115200 ns
[2020-03-27T04:53:19.356+0000][1][gc,start     ] GC(5) Pause Young (Allocation Failure)
[2020-03-27T04:53:19.356+0000][1][gc,task      ] GC(5) Using 2 workers of 2 for evacuation
[2020-03-27T04:53:19.359+0000][1][gc,age       ] GC(5) Desired survivor size 2228224 bytes, new threshold 2 (max threshold 6)
[2020-03-27T04:53:19.360+0000][1][gc,age       ] GC(5) Age table with threshold 2 (max threshold 6)
[2020-03-27T04:53:19.360+0000][1][gc,age       ] GC(5) - age   1:    2015280 bytes,    2015280 total
[2020-03-27T04:53:19.360+0000][1][gc,age       ] GC(5) - age   2:    1255040 bytes,    3270320 total
[2020-03-27T04:53:19.361+0000][1][gc,heap      ] GC(5) ParNew: 37227K->4352K(39296K)
[2020-03-27T04:53:19.361+0000][1][gc,heap      ] GC(5) CMS: 9160K->9160K(87424K)
[2020-03-27T04:53:19.361+0000][1][gc,metaspace ] GC(5) Metaspace: 18397K->18397K(1067008K)
[2020-03-27T04:53:19.362+0000][1][gc           ] GC(5) Pause Young (Allocation Failure) 45M->13M(123M) 5.822ms
[2020-03-27T04:53:19.362+0000][1][gc,cpu       ] GC(5) User=0.01s Sys=0.00s Real=0.00s
[2020-03-27T04:53:19.362+0000][1][safepoint    ] Safepoint "GenCollectForAllocation", Time since last: 51667297 ns, Reaching safepoint: 120600 ns, At safepoint: 6721800 ns, Total: 6842400 ns
[2020-03-27T04:53:19.363+0000][1][safepoint    ] Safepoint "RevokeBias", Time since last: 371900 ns, Reaching safepoint: 71400 ns, At safepoint: 21000 ns, Total: 92400 ns
[2020-03-27T04:53:19.363+0000][1][safepoint    ] Safepoint "RevokeBias", Time since last: 365100 ns, Reaching safepoint: 69700 ns, At safepoint: 15800 ns, Total: 85500 ns
[2020-03-27T04:53:19.413+0000][1][gc,start     ] GC(6) Pause Young (Allocation Failure)
[2020-03-27T04:53:19.414+0000][1][gc,task      ] GC(6) Using 2 workers of 2 for evacuation
[2020-03-27T04:53:19.417+0000][1][gc,age       ] GC(6) Desired survivor size 2228224 bytes, new threshold 6 (max threshold 6)
[2020-03-27T04:53:19.417+0000][1][gc,age       ] GC(6) Age table with threshold 6 (max threshold 6)
[2020-03-27T04:53:19.417+0000][1][gc,age       ] GC(6) - age   1:    1543608 bytes,    1543608 total
[2020-03-27T04:53:19.418+0000][1][gc,age       ] GC(6) - age   2:      34280 bytes,    1577888 total
[2020-03-27T04:53:19.418+0000][1][gc,heap      ] GC(6) ParNew: 39296K->2831K(39296K)
[2020-03-27T04:53:19.419+0000][1][gc,heap      ] GC(6) CMS: 9160K->10395K(87424K)
[2020-03-27T04:53:19.419+0000][1][gc,metaspace ] GC(6) Metaspace: 18465K->18465K(1067008K)
[2020-03-27T04:53:19.419+0000][1][gc           ] GC(6) Pause Young (Allocation Failure) 47M->12M(123M) 5.856ms
[2020-03-27T04:53:19.420+0000][1][gc,cpu       ] GC(6) User=0.01s Sys=0.00s Real=0.01s
[2020-03-27T04:53:19.420+0000][1][safepoint    ] Safepoint "GenCollectForAllocation", Time since last: 49933897 ns, Reaching safepoint: 100200 ns, At safepoint: 6928800 ns, Total: 7029000 ns
[2020-03-27T04:53:19.421+0000][1][safepoint    ] Safepoint "RevokeBias", Time since last: 356100 ns, Reaching safepoint: 33100 ns, At safepoint: 20100 ns, Total: 53200 ns
[2020-03-27T04:53:19.421+0000][1][safepoint    ] Safepoint "RevokeBias", Time since last: 369400 ns, Reaching safepoint: 91000 ns, At safepoint: 42800 ns, Total: 133800 ns
[2020-03-27T04:53:19.422+0000][1][safepoint    ] Safepoint "RevokeBias", Time since last: 217900 ns, Reaching safepoint: 146400 ns, At safepoint: 25900 ns, Total: 172300 ns
[2020-03-27T04:53:19.422+0000][1][safepoint    ] Safepoint "RevokeBias", Time since last: 286800 ns, Reaching safepoint: 100700 ns, At safepoint: 17900 ns, Total: 118600 ns
[2020-03-27T04:53:19.465+0000][1][gc,start     ] GC(7) Pause Young (Allocation Failure)
[2020-03-27T04:53:19.466+0000][1][gc,task      ] GC(7) Using 2 workers of 2 for evacuation
[2020-03-27T04:53:19.467+0000][1][gc,age       ] GC(7) Desired survivor size 2228224 bytes, new threshold 6 (max threshold 6)
[2020-03-27T04:53:19.468+0000][1][gc,age       ] GC(7) Age table with threshold 6 (max threshold 6)
[2020-03-27T04:53:19.468+0000][1][gc,age       ] GC(7) - age   1:     749576 bytes,     749576 total
[2020-03-27T04:53:19.468+0000][1][gc,age       ] GC(7) - age   2:      68264 bytes,     817840 total
[2020-03-27T04:53:19.469+0000][1][gc,age       ] GC(7) - age   3:      34280 bytes,     852120 total
[2020-03-27T04:53:19.469+0000][1][gc,heap      ] GC(7) ParNew: 37775K->1285K(39296K)
[2020-03-27T04:53:19.470+0000][1][gc,heap      ] GC(7) CMS: 10395K->10395K(87424K)
[2020-03-27T04:53:19.470+0000][1][gc,metaspace ] GC(7) Metaspace: 18521K->18521K(1067008K)
[2020-03-27T04:53:19.471+0000][1][gc           ] GC(7) Pause Young (Allocation Failure) 47M->11M(123M) 5.209ms
[2020-03-27T04:53:19.471+0000][1][gc,cpu       ] GC(7) User=0.01s Sys=0.00s Real=0.01s
[2020-03-27T04:53:19.472+0000][1][safepoint    ] Safepoint "GenCollectForAllocation", Time since last: 43349097 ns, Reaching safepoint: 99000 ns, At safepoint: 6106000 ns, Total: 6205000 ns
[2020-03-27T04:53:19.474+0000][1][safepoint    ] Safepoint "RevokeBias", Time since last: 2075700 ns, Reaching safepoint: 44100 ns, At safepoint: 15800 ns, Total: 59900 ns
[2020-03-27T04:53:19.474+0000][1][safepoint    ] Safepoint "RevokeBias", Time since last: 255200 ns, Reaching safepoint: 135800 ns, At safepoint: 31500 ns, Total: 167300 ns
[2020-03-27T04:53:19.475+0000][1][safepoint    ] Safepoint "RevokeBias", Time since last: 407300 ns, Reaching safepoint: 63200 ns, At safepoint: 59700 ns, Total: 122900 ns
[2020-03-27T04:53:19.475+0000][1][safepoint    ] Safepoint "RevokeBias", Time since last: 338100 ns, Reaching safepoint: 118700 ns, At safepoint: 12200 ns, Total: 130900 ns
[2020-03-27T04:53:19.500+0000][1][gc,start     ] GC(8) Pause Young (Allocation Failure)
[2020-03-27T04:53:19.500+0000][1][gc,task      ] GC(8) Using 2 workers of 2 for evacuation
[2020-03-27T04:53:19.504+0000][1][gc,age       ] GC(8) Desired survivor size 2228224 bytes, new threshold 1 (max threshold 6)
[2020-03-27T04:53:19.505+0000][1][gc,age       ] GC(8) Age table with threshold 1 (max threshold 6)
[2020-03-27T04:53:19.505+0000][1][gc,age       ] GC(8) - age   1:    3016280 bytes,    3016280 total
[2020-03-27T04:53:19.505+0000][1][gc,age       ] GC(8) - age   2:     289416 bytes,    3305696 total
[2020-03-27T04:53:19.506+0000][1][gc,age       ] GC(8) - age   3:      68264 bytes,    3373960 total
[2020-03-27T04:53:19.506+0000][1][gc,age       ] GC(8) - age   4:      34280 bytes,    3408240 total
[2020-03-27T04:53:19.506+0000][1][gc,heap      ] GC(8) ParNew: 36229K->3782K(39296K)
[2020-03-27T04:53:19.507+0000][1][gc,heap      ] GC(8) CMS: 10395K->10395K(87424K)
[2020-03-27T04:53:19.507+0000][1][gc,metaspace ] GC(8) Metaspace: 18522K->18522K(1067008K)
[2020-03-27T04:53:19.507+0000][1][gc           ] GC(8) Pause Young (Allocation Failure) 45M->13M(123M) 7.472ms
[2020-03-27T04:53:19.508+0000][1][gc,cpu       ] GC(8) User=0.01s Sys=0.00s Real=0.01s
[2020-03-27T04:53:19.508+0000][1][safepoint    ] Safepoint "GenCollectForAllocation", Time since last: 24687298 ns, Reaching safepoint: 93900 ns, At safepoint: 8140200 ns, Total: 8234100 ns
[2020-03-27T04:53:19.564+0000][1][gc,start     ] GC(9) Pause Young (Allocation Failure)
[2020-03-27T04:53:19.564+0000][1][gc,task      ] GC(9) Using 2 workers of 2 for evacuation
[2020-03-27T04:53:19.567+0000][1][gc,age       ] GC(9) Desired survivor size 2228224 bytes, new threshold 1 (max threshold 6)
[2020-03-27T04:53:19.567+0000][1][gc,age       ] GC(9) Age table with threshold 1 (max threshold 6)
[2020-03-27T04:53:19.567+0000][1][gc,age       ] GC(9) - age   1:    2897152 bytes,    2897152 total
[2020-03-27T04:53:19.568+0000][1][gc,heap      ] GC(9) ParNew: 38726K->4098K(39296K)
[2020-03-27T04:53:19.568+0000][1][gc,heap      ] GC(9) CMS: 10395K->10759K(87424K)
[2020-03-27T04:53:19.568+0000][1][gc,metaspace ] GC(9) Metaspace: 18845K->18845K(1067008K)
[2020-03-27T04:53:19.569+0000][1][gc           ] GC(9) Pause Young (Allocation Failure) 47M->14M(123M) 5.135ms
[2020-03-27T04:53:19.569+0000][1][gc,cpu       ] GC(9) User=0.00s Sys=0.00s Real=0.01s
[2020-03-27T04:53:19.569+0000][1][safepoint    ] Safepoint "GenCollectForAllocation", Time since last: 55382297 ns, Reaching safepoint: 106400 ns, At safepoint: 5710499 ns, Total: 5816899 ns
[2020-03-27T04:53:19.570+0000][1][safepoint    ] Safepoint "RevokeBias", Time since last: 460700 ns, Reaching safepoint: 102300 ns, At safepoint: 22100 ns, Total: 124400 ns
[2020-03-27T04:53:19.570+0000][1][safepoint    ] Safepoint "RevokeBias", Time since last: 334200 ns, Reaching safepoint: 155200 ns, At safepoint: 28200 ns, Total: 183400 ns
[2020-03-27T04:53:19.571+0000][1][safepoint    ] Safepoint "RevokeBias", Time since last: 415200 ns, Reaching safepoint: 121900 ns, At safepoint: 79100 ns, Total: 201000 ns
[2020-03-27T04:53:19.572+0000][1][safepoint    ] Safepoint "RevokeBias", Time since last: 368900 ns, Reaching safepoint: 207700 ns, At safepoint: 42400 ns, Total: 250100 ns
[2020-03-27T04:53:19.601+0000][1][gc,start     ] GC(10) Pause Young (Allocation Failure)
[2020-03-27T04:53:19.602+0000][1][gc,task      ] GC(10) Using 2 workers of 2 for evacuation
[2020-03-27T04:53:19.605+0000][1][gc,age       ] GC(10) Desired survivor size 2228224 bytes, new threshold 1 (max threshold 6)
[2020-03-27T04:53:19.605+0000][1][gc,age       ] GC(10) Age table with threshold 1 (max threshold 6)
[2020-03-27T04:53:19.605+0000][1][gc,age       ] GC(10) - age   1:    2244480 bytes,    2244480 total
[2020-03-27T04:53:19.606+0000][1][gc,heap      ] GC(10) ParNew: 39042K->2805K(39296K)
[2020-03-27T04:53:19.606+0000][1][gc,heap      ] GC(10) CMS: 10759K->11941K(87424K)
[2020-03-27T04:53:19.606+0000][1][gc,metaspace ] GC(10) Metaspace: 18936K->18936K(1067008K)
[2020-03-27T04:53:19.607+0000][1][gc           ] GC(10) Pause Young (Allocation Failure) 48M->14M(123M) 5.537ms
[2020-03-27T04:53:19.607+0000][1][gc,cpu       ] GC(10) User=0.01s Sys=0.00s Real=0.01s
[2020-03-27T04:53:19.608+0000][1][safepoint    ] Safepoint "GenCollectForAllocation", Time since last: 29396399 ns, Reaching safepoint: 96300 ns, At safepoint: 6667099 ns, Total: 6763399 ns
[2020-03-27T04:53:19.608+0000][1][safepoint    ] Safepoint "BulkRevokeBias", Time since last: 439100 ns, Reaching safepoint: 113800 ns, At safepoint: 116800 ns, Total: 230600 ns
[2020-03-27T04:53:19.609+0000][1][safepoint    ] Safepoint "RevokeBias", Time since last: 461900 ns, Reaching safepoint: 150200 ns, At safepoint: 62600 ns, Total: 212800 ns
[2020-03-27T04:53:19.653+0000][1][safepoint    ] Safepoint "Deoptimize", Time since last: 43554698 ns, Reaching safepoint: 101100 ns, At safepoint: 167000 ns, Total: 268100 ns
[2020-03-27T04:53:19.692+0000][1][safepoint    ] Safepoint "Deoptimize", Time since last: 39106998 ns, Reaching safepoint: 94999 ns, At safepoint: 171100 ns, Total: 266099 ns
[2020-03-27T04:53:19.698+0000][1][gc,start     ] GC(11) Pause Young (Allocation Failure)
[2020-03-27T04:53:19.698+0000][1][gc,task      ] GC(11) Using 2 workers of 2 for evacuation
[2020-03-27T04:53:19.701+0000][1][gc,age       ] GC(11) Desired survivor size 2228224 bytes, new threshold 6 (max threshold 6)
[2020-03-27T04:53:19.701+0000][1][gc,age       ] GC(11) Age table with threshold 6 (max threshold 6)
[2020-03-27T04:53:19.702+0000][1][gc,age       ] GC(11) - age   1:    1853952 bytes,    1853952 total
[2020-03-27T04:53:19.702+0000][1][gc,heap      ] GC(11) ParNew: 37749K->2345K(39296K)
[2020-03-27T04:53:19.702+0000][1][gc,heap      ] GC(11) CMS: 11941K->12005K(87424K)
[2020-03-27T04:53:19.703+0000][1][gc,metaspace ] GC(11) Metaspace: 19237K->19237K(1067008K)
[2020-03-27T04:53:19.703+0000][1][gc           ] GC(11) Pause Young (Allocation Failure) 48M->14M(123M) 5.208ms
[2020-03-27T04:53:19.703+0000][1][gc,cpu       ] GC(11) User=0.00s Sys=0.00s Real=0.00s
[2020-03-27T04:53:19.703+0000][1][safepoint    ] Safepoint "GenCollectForAllocation", Time since last: 5213100 ns, Reaching safepoint: 99900 ns, At safepoint: 5809100 ns, Total: 5909000 ns
[2020-03-27T04:53:19.704+0000][1][safepoint    ] Safepoint "RevokeBias", Time since last: 443900 ns, Reaching safepoint: 96400 ns, At safepoint: 29500 ns, Total: 125900 ns
[2020-03-27T04:53:19.704+0000][1][safepoint    ] Safepoint "RevokeBias", Time since last: 350500 ns, Reaching safepoint: 88200 ns, At safepoint: 83600 ns, Total: 171800 ns
[2020-03-27T04:53:19.705+0000][1][safepoint    ] Safepoint "RevokeBias", Time since last: 622900 ns, Reaching safepoint: 191400 ns, At safepoint: 29500 ns, Total: 220900 ns
[2020-03-27T04:53:19.706+0000][1][safepoint    ] Safepoint "RevokeBias", Time since last: 387000 ns, Reaching safepoint: 30100 ns, At safepoint: 14300 ns, Total: 44400 ns
[2020-03-27T04:53:19.706+0000][1][safepoint    ] Safepoint "RevokeBias", Time since last: 481700 ns, Reaching safepoint: 94900 ns, At safepoint: 94100 ns, Total: 189000 ns
[2020-03-27T04:53:19.707+0000][1][safepoint    ] Safepoint "BulkRevokeBias", Time since last: 293900 ns, Reaching safepoint: 84200 ns, At safepoint: 53400 ns, Total: 137600 ns
[2020-03-27T04:53:19.707+0000][1][safepoint    ] Safepoint "BulkRevokeBias", Time since last: 309400 ns, Reaching safepoint: 89300 ns, At safepoint: 47700 ns, Total: 137000 ns
[2020-03-27T04:53:19.712+0000][1][safepoint    ] Safepoint "RevokeBias", Time since last: 4206499 ns, Reaching safepoint: 60300 ns, At safepoint: 17200 ns, Total: 77500 ns
[2020-03-27T04:53:19.740+0000][1][gc,start     ] GC(12) Pause Young (Allocation Failure)
[2020-03-27T04:53:19.740+0000][1][gc,task      ] GC(12) Using 2 workers of 2 for evacuation
[2020-03-27T04:53:19.744+0000][1][gc,age       ] GC(12) Desired survivor size 2228224 bytes, new threshold 2 (max threshold 6)
[2020-03-27T04:53:19.744+0000][1][gc,age       ] GC(12) Age table with threshold 2 (max threshold 6)
[2020-03-27T04:53:19.744+0000][1][gc,age       ] GC(12) - age   1:    1917832 bytes,    1917832 total
[2020-03-27T04:53:19.744+0000][1][gc,age       ] GC(12) - age   2:    1848384 bytes,    3766216 total
[2020-03-27T04:53:19.745+0000][1][gc,heap      ] GC(12) ParNew: 37289K->3888K(39296K)
[2020-03-27T04:53:19.745+0000][1][gc,heap      ] GC(12) CMS: 12005K->12005K(87424K)
[2020-03-27T04:53:19.745+0000][1][gc,metaspace ] GC(12) Metaspace: 19262K->19262K(1067008K)
[2020-03-27T04:53:19.746+0000][1][gc           ] GC(12) Pause Young (Allocation Failure) 48M->15M(123M) 6.216ms
[2020-03-27T04:53:19.746+0000][1][gc,cpu       ] GC(12) User=0.00s Sys=0.00s Real=0.01s
[2020-03-27T04:53:19.747+0000][1][safepoint    ] Safepoint "GenCollectForAllocation", Time since last: 27966999 ns, Reaching safepoint: 104300 ns, At safepoint: 7103799 ns, Total: 7208099 ns
[2020-03-27T04:53:19.750+0000][1][safepoint    ] Safepoint "RevokeBias", Time since last: 3466100 ns, Reaching safepoint: 42000 ns, At safepoint: 23300 ns, Total: 65300 ns
[2020-03-27T04:53:19.752+0000][1][safepoint    ] Safepoint "RevokeBias", Time since last: 1683300 ns, Reaching safepoint: 62300 ns, At safepoint: 17500 ns, Total: 79800 ns
[2020-03-27T04:53:19.774+0000][1][safepoint    ] Safepoint "RevokeBias", Time since last: 21385099 ns, Reaching safepoint: 122000 ns, At safepoint: 19100 ns, Total: 141100 ns
[2020-03-27T04:53:19.776+0000][1][safepoint    ] Safepoint "RevokeBias", Time since last: 2700200 ns, Reaching safepoint: 53100 ns, At safepoint: 17200 ns, Total: 70300 ns
[2020-03-27T04:53:19.781+0000][1][gc,start     ] GC(13) Pause Young (Allocation Failure)
[2020-03-27T04:53:19.781+0000][1][gc,task      ] GC(13) Using 2 workers of 2 for evacuation
[2020-03-27T04:53:19.786+0000][1][gc,age       ] GC(13) Desired survivor size 2228224 bytes, new threshold 6 (max threshold 6)
[2020-03-27T04:53:19.786+0000][1][gc,age       ] GC(13) Age table with threshold 6 (max threshold 6)
[2020-03-27T04:53:19.786+0000][1][gc,age       ] GC(13) - age   1:     382176 bytes,     382176 total
[2020-03-27T04:53:19.787+0000][1][gc,age       ] GC(13) - age   2:      22504 bytes,     404680 total
[2020-03-27T04:53:19.787+0000][1][gc,heap      ] GC(13) ParNew: 38832K->3244K(39296K)
[2020-03-27T04:53:19.788+0000][1][gc,heap      ] GC(13) CMS: 12005K->13814K(87424K)
[2020-03-27T04:53:19.788+0000][1][gc,metaspace ] GC(13) Metaspace: 19287K->19287K(1067008K)
[2020-03-27T04:53:19.789+0000][1][gc           ] GC(13) Pause Young (Allocation Failure) 49M->16M(123M) 7.895ms
[2020-03-27T04:53:19.789+0000][1][gc,cpu       ] GC(13) User=0.01s Sys=0.00s Real=0.01s
[2020-03-27T04:53:19.790+0000][1][safepoint    ] Safepoint "GenCollectForAllocation", Time since last: 4340900 ns, Reaching safepoint: 103800 ns, At safepoint: 8917499 ns, Total: 9021299 ns
[2020-03-27T04:53:19.811+0000][1][gc,start     ] GC(14) Pause Young (Allocation Failure)
[2020-03-27T04:53:19.812+0000][1][gc,task      ] GC(14) Using 2 workers of 2 for evacuation
[2020-03-27T04:53:19.815+0000][1][gc,age       ] GC(14) Desired survivor size 2228224 bytes, new threshold 6 (max threshold 6)
[2020-03-27T04:53:19.815+0000][1][gc,age       ] GC(14) Age table with threshold 6 (max threshold 6)
[2020-03-27T04:53:19.816+0000][1][gc,age       ] GC(14) - age   1:    1645592 bytes,    1645592 total
[2020-03-27T04:53:19.816+0000][1][gc,age       ] GC(14) - age   2:     129040 bytes,    1774632 total
[2020-03-27T04:53:19.817+0000][1][gc,age       ] GC(14) - age   3:      22504 bytes,    1797136 total
[2020-03-27T04:53:19.817+0000][1][gc,heap      ] GC(14) ParNew: 38188K->2213K(39296K)
[2020-03-27T04:53:19.818+0000][1][gc,heap      ] GC(14) CMS: 13814K->13814K(87424K)
[2020-03-27T04:53:19.818+0000][1][gc,metaspace ] GC(14) Metaspace: 19288K->19288K(1067008K)
[2020-03-27T04:53:19.819+0000][1][gc           ] GC(14) Pause Young (Allocation Failure) 50M->15M(123M) 7.593ms
[2020-03-27T04:53:19.819+0000][1][gc,cpu       ] GC(14) User=0.01s Sys=0.00s Real=0.01s
[2020-03-27T04:53:19.820+0000][1][safepoint    ] Safepoint "GenCollectForAllocation", Time since last: 21450299 ns, Reaching safepoint: 98700 ns, At safepoint: 8561799 ns, Total: 8660499 ns
[2020-03-27T04:53:19.825+0000][1][safepoint    ] Safepoint "RevokeBias", Time since last: 5447500 ns, Reaching safepoint: 129800 ns, At safepoint: 20200 ns, Total: 150000 ns
[2020-03-27T04:53:19.829+0000][1][safepoint    ] Safepoint "RevokeBias", Time since last: 3368300 ns, Reaching safepoint: 66000 ns, At safepoint: 19100 ns, Total: 85100 ns
[2020-03-27T04:53:19.831+0000][1][safepoint    ] Safepoint "RevokeBias", Time since last: 2465400 ns, Reaching safepoint: 115700 ns, At safepoint: 18400 ns, Total: 134100 ns
[2020-03-27T04:53:19.858+0000][1][safepoint    ] Safepoint "RevokeBias", Time since last: 26330798 ns, Reaching safepoint: 97900 ns, At safepoint: 19100 ns, Total: 117000 ns
[2020-03-27T04:53:19.860+0000][1][safepoint    ] Safepoint "RevokeBias", Time since last: 2156100 ns, Reaching safepoint: 99100 ns, At safepoint: 20400 ns, Total: 119500 ns
[2020-03-27T04:53:19.867+0000][1][gc,start     ] GC(15) Pause Young (Allocation Failure)
[2020-03-27T04:53:19.868+0000][1][gc,task      ] GC(15) Using 2 workers of 2 for evacuation
[2020-03-27T04:53:19.869+0000][1][gc,age       ] GC(15) Desired survivor size 2228224 bytes, new threshold 6 (max threshold 6)
[2020-03-27T04:53:19.870+0000][1][gc,age       ] GC(15) Age table with threshold 6 (max threshold 6)
[2020-03-27T04:53:19.870+0000][1][gc,age       ] GC(15) - age   1:    1399432 bytes,    1399432 total
[2020-03-27T04:53:19.871+0000][1][gc,age       ] GC(15) - age   2:        752 bytes,    1400184 total
[2020-03-27T04:53:19.871+0000][1][gc,age       ] GC(15) - age   3:     102776 bytes,    1502960 total
[2020-03-27T04:53:19.872+0000][1][gc,age       ] GC(15) - age   4:      22504 bytes,    1525464 total
[2020-03-27T04:53:19.872+0000][1][gc,heap      ] GC(15) ParNew: 37157K->2306K(39296K)
[2020-03-27T04:53:19.872+0000][1][gc,heap      ] GC(15) CMS: 13814K->13814K(87424K)
[2020-03-27T04:53:19.873+0000][1][gc,metaspace ] GC(15) Metaspace: 19543K->19543K(1067008K)
[2020-03-27T04:53:19.873+0000][1][gc           ] GC(15) Pause Young (Allocation Failure) 49M->15M(123M) 6.254ms
[2020-03-27T04:53:19.874+0000][1][gc,cpu       ] GC(15) User=0.00s Sys=0.00s Real=0.00s
[2020-03-27T04:53:19.874+0000][1][safepoint    ] Safepoint "GenCollectForAllocation", Time since last: 6886400 ns, Reaching safepoint: 95600 ns, At safepoint: 7250199 ns, Total: 7345799 ns
[2020-03-27T04:53:19.892+0000][1][safepoint    ] Safepoint "RevokeBias", Time since last: 17436399 ns, Reaching safepoint: 134000 ns, At safepoint: 18400 ns, Total: 152400 ns
[2020-03-27T04:53:19.894+0000][1][safepoint    ] Safepoint "RevokeBias", Time since last: 2306500 ns, Reaching safepoint: 101900 ns, At safepoint: 16600 ns, Total: 118500 ns
[2020-03-27T04:53:19.907+0000][1][gc,start     ] GC(16) Pause Young (Allocation Failure)
[2020-03-27T04:53:19.907+0000][1][gc,task      ] GC(16) Using 2 workers of 2 for evacuation
[2020-03-27T04:53:19.922+0000][1][gc,age       ] GC(16) Desired survivor size 2228224 bytes, new threshold 5 (max threshold 6)
[2020-03-27T04:53:19.922+0000][1][gc,age       ] GC(16) Age table with threshold 5 (max threshold 6)
[2020-03-27T04:53:19.923+0000][1][gc,age       ] GC(16) - age   1:    1245912 bytes,    1245912 total
[2020-03-27T04:53:19.923+0000][1][gc,age       ] GC(16) - age   2:     868936 bytes,    2114848 total
[2020-03-27T04:53:19.923+0000][1][gc,age       ] GC(16) - age   3:        752 bytes,    2115600 total
[2020-03-27T04:53:19.924+0000][1][gc,age       ] GC(16) - age   4:     102776 bytes,    2218376 total
[2020-03-27T04:53:19.924+0000][1][gc,age       ] GC(16) - age   5:      22424 bytes,    2240800 total
[2020-03-27T04:53:19.925+0000][1][gc,heap      ] GC(16) ParNew: 37250K->3003K(39296K)
[2020-03-27T04:53:19.925+0000][1][gc,heap      ] GC(16) CMS: 13814K->13814K(87424K)
[2020-03-27T04:53:19.925+0000][1][gc,metaspace ] GC(16) Metaspace: 19605K->19605K(1067008K)
[2020-03-27T04:53:19.926+0000][1][gc           ] GC(16) Pause Young (Allocation Failure) 49M->16M(123M) 18.820ms
[2020-03-27T04:53:19.926+0000][1][gc,cpu       ] GC(16) User=0.02s Sys=0.00s Real=0.02s
[2020-03-27T04:53:19.926+0000][1][safepoint    ] Safepoint "GenCollectForAllocation", Time since last: 12175500 ns, Reaching safepoint: 133800 ns, At safepoint: 19452801 ns, Total: 19586601 ns
[2020-03-27T04:53:19.933+0000][1][safepoint    ] Safepoint "RevokeBias", Time since last: 6739101 ns, Reaching safepoint: 129600 ns, At safepoint: 21700 ns, Total: 151300 ns
[2020-03-27T04:53:19.937+0000][1][safepoint    ] Safepoint "RevokeBias", Time since last: 3843701 ns, Reaching safepoint: 94000 ns, At safepoint: 21800 ns, Total: 115800 ns
[2020-03-27T04:53:19.958+0000][1][gc,start     ] GC(17) Pause Young (Allocation Failure)
[2020-03-27T04:53:19.959+0000][1][gc,task      ] GC(17) Using 2 workers of 2 for evacuation
[2020-03-27T04:53:19.961+0000][1][gc,age       ] GC(17) Desired survivor size 2228224 bytes, new threshold 3 (max threshold 6)
[2020-03-27T04:53:19.962+0000][1][gc,age       ] GC(17) Age table with threshold 3 (max threshold 6)
[2020-03-27T04:53:19.962+0000][1][gc,age       ] GC(17) - age   1:    1648248 bytes,    1648248 total
[2020-03-27T04:53:19.962+0000][1][gc,age       ] GC(17) - age   2:      58088 bytes,    1706336 total
[2020-03-27T04:53:19.963+0000][1][gc,age       ] GC(17) - age   3:     868936 bytes,    2575272 total
[2020-03-27T04:53:19.963+0000][1][gc,age       ] GC(17) - age   4:        752 bytes,    2576024 total
[2020-03-27T04:53:19.963+0000][1][gc,age       ] GC(17) - age   5:     102776 bytes,    2678800 total
[2020-03-27T04:53:19.964+0000][1][gc,heap      ] GC(17) ParNew: 37947K->4033K(39296K)
[2020-03-27T04:53:19.964+0000][1][gc,heap      ] GC(17) CMS: 13814K->13836K(87424K)
[2020-03-27T04:53:19.964+0000][1][gc,metaspace ] GC(17) Metaspace: 19736K->19736K(1067008K)
[2020-03-27T04:53:19.965+0000][1][gc           ] GC(17) Pause Young (Allocation Failure) 50M->17M(123M) 6.213ms
[2020-03-27T04:53:19.965+0000][1][gc,cpu       ] GC(17) User=0.01s Sys=0.00s Real=0.00s
[2020-03-27T04:53:19.965+0000][1][safepoint    ] Safepoint "GenCollectForAllocation", Time since last: 21236805 ns, Reaching safepoint: 103100 ns, At safepoint: 6735602 ns, Total: 6838702 ns
[2020-03-27T04:53:19.969+0000][1][safepoint    ] Safepoint "RevokeBias", Time since last: 3602100 ns, Reaching safepoint: 58300 ns, At safepoint: 20800 ns, Total: 79100 ns
[2020-03-27T04:53:19.971+0000][1][safepoint    ] Safepoint "RevokeBias", Time since last: 2468701 ns, Reaching safepoint: 62600 ns, At safepoint: 21900 ns, Total: 84500 ns
[2020-03-27T04:53:19.974+0000][1][safepoint    ] Safepoint "RevokeBias", Time since last: 2880401 ns, Reaching safepoint: 69000 ns, At safepoint: 19100 ns, Total: 88100 ns
[2020-03-27T04:53:19.994+0000][1][safepoint    ] Safepoint "RevokeBias", Time since last: 19615904 ns, Reaching safepoint: 96800 ns, At safepoint: 40200 ns, Total: 137000 ns
[2020-03-27T04:53:19.995+0000][1][gc,start     ] GC(18) Pause Young (Allocation Failure)
[2020-03-27T04:53:19.996+0000][1][gc,task      ] GC(18) Using 2 workers of 2 for evacuation
[2020-03-27T04:53:19.997+0000][1][gc,age       ] GC(18) Desired survivor size 2228224 bytes, new threshold 6 (max threshold 6)
[2020-03-27T04:53:19.998+0000][1][gc,age       ] GC(18) Age table with threshold 6 (max threshold 6)
[2020-03-27T04:53:19.998+0000][1][gc,age       ] GC(18) - age   1:      70488 bytes,      70488 total
[2020-03-27T04:53:19.998+0000][1][gc,age       ] GC(18) - age   2:      79952 bytes,     150440 total
[2020-03-27T04:53:19.998+0000][1][gc,age       ] GC(18) - age   3:      58088 bytes,     208528 total
[2020-03-27T04:53:19.999+0000][1][gc,heap      ] GC(18) ParNew: 38977K->2466K(39296K)
[2020-03-27T04:53:19.999+0000][1][gc,heap      ] GC(18) CMS: 13836K->14795K(87424K)
[2020-03-27T04:53:19.999+0000][1][gc,metaspace ] GC(18) Metaspace: 19748K->19748K(1067008K)
[2020-03-27T04:53:20.000+0000][1][gc           ] GC(18) Pause Young (Allocation Failure) 51M->16M(123M) 4.100ms
[2020-03-27T04:53:20.000+0000][1][gc,cpu       ] GC(18) User=0.01s Sys=0.00s Real=0.01s
[2020-03-27T04:53:20.000+0000][1][safepoint    ] Safepoint "GenCollectForAllocation", Time since last: 1283500 ns, Reaching safepoint: 104200 ns, At safepoint: 4619601 ns, Total: 4723801 ns
[2020-03-27T04:53:20.001+0000][1][safepoint    ] Safepoint "RevokeBias", Time since last: 756601 ns, Reaching safepoint: 140900 ns, At safepoint: 18700 ns, Total: 159600 ns
[2020-03-27T04:53:20.018+0000][1][safepoint    ] Safepoint "RevokeBias", Time since last: 17023203 ns, Reaching safepoint: 105500 ns, At safepoint: 28100 ns, Total: 133600 ns
[2020-03-27T04:53:20.025+0000][1][safepoint    ] Safepoint "RevokeBias", Time since last: 7091902 ns, Reaching safepoint: 94000 ns, At safepoint: 18900 ns, Total: 112900 ns
[2020-03-27T04:53:20.042+0000][1][gc,start     ] GC(19) Pause Young (Allocation Failure)
[2020-03-27T04:53:20.043+0000][1][gc,task      ] GC(19) Using 2 workers of 2 for evacuation
[2020-03-27T04:53:20.045+0000][1][gc,age       ] GC(19) Desired survivor size 2228224 bytes, new threshold 6 (max threshold 6)
[2020-03-27T04:53:20.046+0000][1][gc,age       ] GC(19) Age table with threshold 6 (max threshold 6)
[2020-03-27T04:53:20.046+0000][1][gc,age       ] GC(19) - age   1:    1919608 bytes,    1919608 total
[2020-03-27T04:53:20.046+0000][1][gc,age       ] GC(19) - age   2:      42664 bytes,    1962272 total
[2020-03-27T04:53:20.047+0000][1][gc,age       ] GC(19) - age   3:      79952 bytes,    2042224 total
[2020-03-27T04:53:20.047+0000][1][gc,age       ] GC(19) - age   4:      57984 bytes,    2100208 total
[2020-03-27T04:53:20.048+0000][1][gc,heap      ] GC(19) ParNew: 37410K->2618K(39296K)
[2020-03-27T04:53:20.048+0000][1][gc,heap      ] GC(19) CMS: 14795K->14795K(87424K)
[2020-03-27T04:53:20.049+0000][1][gc,metaspace ] GC(19) Metaspace: 19768K->19768K(1067008K)
[2020-03-27T04:53:20.049+0000][1][gc           ] GC(19) Pause Young (Allocation Failure) 50M->17M(123M) 6.931ms
[2020-03-27T04:53:20.050+0000][1][gc,cpu       ] GC(19) User=0.01s Sys=0.00s Real=0.01s
[2020-03-27T04:53:20.050+0000][1][safepoint    ] Safepoint "GenCollectForAllocation", Time since last: 16926404 ns, Reaching safepoint: 99700 ns, At safepoint: 7723502 ns, Total: 7823202 ns
[2020-03-27T04:53:20.054+0000][1][safepoint    ] Safepoint "RevokeBias", Time since last: 3853701 ns, Reaching safepoint: 63200 ns, At safepoint: 18100 ns, Total: 81300 ns
[2020-03-27T04:53:20.057+0000][1][safepoint    ] Safepoint "RevokeBias", Time since last: 3045400 ns, Reaching safepoint: 84900 ns, At safepoint: 31700 ns, Total: 116600 ns
[2020-03-27T04:53:20.060+0000][1][safepoint    ] Safepoint "RevokeBias", Time since last: 2979301 ns, Reaching safepoint: 54900 ns, At safepoint: 17300 ns, Total: 72200 ns
[2020-03-27T04:53:20.078+0000][1][safepoint    ] Safepoint "CollectForMetadataAllocation", Time since last: 17518404 ns, Reaching safepoint: 94000 ns, At safepoint: 85000 ns, Total: 179000 ns
[2020-03-27T04:53:20.091+0000][1][safepoint    ] Safepoint "CollectForMetadataAllocation", Time since last: 13175803 ns, Reaching safepoint: 97300 ns, At safepoint: 78300 ns, Total: 175600 ns
[2020-03-27T04:53:20.114+0000][1][gc,start     ] GC(20) Pause Young (Allocation Failure)
[2020-03-27T04:53:20.115+0000][1][gc,task      ] GC(20) Using 2 workers of 2 for evacuation
[2020-03-27T04:53:20.134+0000][1][gc,age       ] GC(20) Desired survivor size 2228224 bytes, new threshold 6 (max threshold 6)
[2020-03-27T04:53:20.135+0000][1][gc,age       ] GC(20) Age table with threshold 6 (max threshold 6)
[2020-03-27T04:53:20.135+0000][1][gc,age       ] GC(20) - age   1:    1543728 bytes,    1543728 total
[2020-03-27T04:53:20.136+0000][1][gc,age       ] GC(20) - age   2:     318288 bytes,    1862016 total
[2020-03-27T04:53:20.136+0000][1][gc,age       ] GC(20) - age   3:      42664 bytes,    1904680 total
[2020-03-27T04:53:20.137+0000][1][gc,age       ] GC(20) - age   4:      79952 bytes,    1984632 total
[2020-03-27T04:53:20.137+0000][1][gc,age       ] GC(20) - age   5:      57984 bytes,    2042616 total
[2020-03-27T04:53:20.138+0000][1][gc,heap      ] GC(20) ParNew: 37562K->3403K(39296K)
[2020-03-27T04:53:20.138+0000][1][gc,heap      ] GC(20) CMS: 14795K->14795K(87424K)
[2020-03-27T04:53:20.138+0000][1][gc,metaspace ] GC(20) Metaspace: 20672K->20672K(1069056K)
[2020-03-27T04:53:20.139+0000][1][gc           ] GC(20) Pause Young (Allocation Failure) 51M->17M(123M) 24.471ms
[2020-03-27T04:53:20.139+0000][1][gc,cpu       ] GC(20) User=0.02s Sys=0.00s Real=0.03s
[2020-03-27T04:53:20.140+0000][1][safepoint    ] Safepoint "GenCollectForAllocation", Time since last: 23054205 ns, Reaching safepoint: 101800 ns, At safepoint: 25295606 ns, Total: 25397406 ns
[2020-03-27T04:53:20.141+0000][1][gc,start     ] GC(21) Pause Initial Mark
[2020-03-27T04:53:20.142+0000][1][gc           ] GC(21) Pause Initial Mark 18M->18M(123M) 0.902ms
[2020-03-27T04:53:20.142+0000][1][gc,cpu       ] GC(21) User=0.00s Sys=0.00s Real=0.00s
[2020-03-27T04:53:20.142+0000][1][safepoint    ] Safepoint "CMS_Initial_Mark", Time since last: 843400 ns, Reaching safepoint: 156000 ns, At safepoint: 1578200 ns, Total: 1734200 ns
[2020-03-27T04:53:20.143+0000][1][gc           ] GC(21) Concurrent Mark
[2020-03-27T04:53:20.151+0000][1][gc           ] GC(21) Concurrent Mark 8.855ms
[2020-03-27T04:53:20.152+0000][1][gc,cpu       ] GC(21) User=0.01s Sys=0.00s Real=0.01s
[2020-03-27T04:53:20.158+0000][1][gc           ] GC(21) Concurrent Preclean
[2020-03-27T04:53:20.159+0000][1][gc           ] GC(21) Concurrent Preclean 0.920ms
[2020-03-27T04:53:20.159+0000][1][gc,cpu       ] GC(21) User=0.01s Sys=0.00s Real=0.00s
[2020-03-27T04:53:20.159+0000][1][gc           ] GC(21) Concurrent Abortable Preclean
[2020-03-27T04:53:20.175+0000][1][gc,start     ] GC(22) Pause Young (Allocation Failure)
[2020-03-27T04:53:20.176+0000][1][gc,task      ] GC(22) Using 2 workers of 2 for evacuation
[2020-03-27T04:53:20.178+0000][1][gc,age       ] GC(22) Desired survivor size 2228224 bytes, new threshold 6 (max threshold 6)
[2020-03-27T04:53:20.178+0000][1][gc,age       ] GC(22) Age table with threshold 6 (max threshold 6)
[2020-03-27T04:53:20.178+0000][1][gc,age       ] GC(22) - age   1:     712328 bytes,     712328 total
[2020-03-27T04:53:20.179+0000][1][gc,age       ] GC(22) - age   2:     513856 bytes,    1226184 total
[2020-03-27T04:53:20.179+0000][1][gc,age       ] GC(22) - age   3:     318168 bytes,    1544352 total
[2020-03-27T04:53:20.180+0000][1][gc,age       ] GC(22) - age   4:      42664 bytes,    1587016 total
[2020-03-27T04:53:20.180+0000][1][gc,age       ] GC(22) - age   5:      80072 bytes,    1667088 total
[2020-03-27T04:53:20.181+0000][1][gc,age       ] GC(22) - age   6:      57880 bytes,    1724968 total
[2020-03-27T04:53:20.181+0000][1][gc,heap      ] GC(22) ParNew: 38347K->2475K(39296K)
[2020-03-27T04:53:20.182+0000][1][gc,heap      ] GC(22) CMS: 14795K->14795K(87424K)
[2020-03-27T04:53:20.183+0000][1][gc,metaspace ] GC(22) Metaspace: 20694K->20694K(1069056K)
[2020-03-27T04:53:20.183+0000][1][gc           ] GC(22) Pause Young (Allocation Failure) 51M->16M(123M) 7.903ms
[2020-03-27T04:53:20.184+0000][1][gc,cpu       ] GC(22) User=0.00s Sys=0.00s Real=0.01s
[2020-03-27T04:53:20.184+0000][1][safepoint    ] Safepoint "GenCollectForAllocation", Time since last: 32632808 ns, Reaching safepoint: 103000 ns, At safepoint: 8926302 ns, Total: 9029302 ns
[2020-03-27T04:53:20.212+0000][1][gc,start     ] GC(23) Pause Young (Allocation Failure)
[2020-03-27T04:53:20.212+0000][1][gc,task      ] GC(23) Using 2 workers of 2 for evacuation
[2020-03-27T04:53:20.215+0000][1][gc,age       ] GC(23) Desired survivor size 2228224 bytes, new threshold 4 (max threshold 6)
[2020-03-27T04:53:20.215+0000][1][gc,age       ] GC(23) Age table with threshold 4 (max threshold 6)
[2020-03-27T04:53:20.216+0000][1][gc,age       ] GC(23) - age   1:    1530248 bytes,    1530248 total
[2020-03-27T04:53:20.216+0000][1][gc,age       ] GC(23) - age   2:     174128 bytes,    1704376 total
[2020-03-27T04:53:20.216+0000][1][gc,age       ] GC(23) - age   3:     513856 bytes,    2218232 total
[2020-03-27T04:53:20.217+0000][1][gc,age       ] GC(23) - age   4:     318168 bytes,    2536400 total
[2020-03-27T04:53:20.217+0000][1][gc,age       ] GC(23) - age   5:      42664 bytes,    2579064 total
[2020-03-27T04:53:20.217+0000][1][gc,age       ] GC(23) - age   6:      79952 bytes,    2659016 total
[2020-03-27T04:53:20.218+0000][1][gc,heap      ] GC(23) ParNew: 37419K->3651K(39296K)
[2020-03-27T04:53:20.218+0000][1][gc,heap      ] GC(23) CMS: 14795K->14854K(87424K)
[2020-03-27T04:53:20.218+0000][1][gc,metaspace ] GC(23) Metaspace: 20697K->20697K(1069056K)
[2020-03-27T04:53:20.219+0000][1][gc           ] GC(23) Pause Young (Allocation Failure) 50M->18M(123M) 7.182ms
[2020-03-27T04:53:20.219+0000][1][gc,cpu       ] GC(23) User=0.01s Sys=0.00s Real=0.01s
[2020-03-27T04:53:20.219+0000][1][safepoint    ] Safepoint "GenCollectForAllocation", Time since last: 27462706 ns, Reaching safepoint: 105200 ns, At safepoint: 7790902 ns, Total: 7896102 ns
[2020-03-27T04:53:20.259+0000][1][gc,start     ] GC(24) Pause Young (Allocation Failure)
[2020-03-27T04:53:20.260+0000][1][gc,task      ] GC(24) Using 2 workers of 2 for evacuation
[2020-03-27T04:53:20.261+0000][1][gc,age       ] GC(24) Desired survivor size 2228224 bytes, new threshold 6 (max threshold 6)
[2020-03-27T04:53:20.262+0000][1][gc,age       ] GC(24) Age table with threshold 6 (max threshold 6)
[2020-03-27T04:53:20.262+0000][1][gc,age       ] GC(24) - age   1:      60720 bytes,      60720 total
[2020-03-27T04:53:20.262+0000][1][gc,age       ] GC(24) - age   2:      32808 bytes,      93528 total
[2020-03-27T04:53:20.263+0000][1][gc,age       ] GC(24) - age   3:     174128 bytes,     267656 total
[2020-03-27T04:53:20.263+0000][1][gc,age       ] GC(24) - age   4:     513856 bytes,     781512 total
[2020-03-27T04:53:20.263+0000][1][gc,heap      ] GC(24) ParNew: 38595K->2312K(39296K)
[2020-03-27T04:53:20.263+0000][1][gc,heap      ] GC(24) CMS: 14854K->15291K(87424K)
[2020-03-27T04:53:20.264+0000][1][gc,metaspace ] GC(24) Metaspace: 20702K->20702K(1069056K)
[2020-03-27T04:53:20.264+0000][1][gc           ] GC(24) Pause Young (Allocation Failure) 52M->17M(123M) 4.810ms
[2020-03-27T04:53:20.264+0000][1][gc,cpu       ] GC(24) User=0.01s Sys=0.00s Real=0.00s
[2020-03-27T04:53:20.264+0000][1][safepoint    ] Safepoint "GenCollectForAllocation", Time since last: 39675909 ns, Reaching safepoint: 101900 ns, At safepoint: 5302001 ns, Total: 5403901 ns
[2020-03-27T04:53:20.292+0000][1][gc,start     ] GC(25) Pause Young (Allocation Failure)
[2020-03-27T04:53:20.293+0000][1][gc,task      ] GC(25) Using 2 workers of 2 for evacuation
[2020-03-27T04:53:20.294+0000][1][gc,age       ] GC(25) Desired survivor size 2228224 bytes, new threshold 6 (max threshold 6)
[2020-03-27T04:53:20.295+0000][1][gc,age       ] GC(25) Age table with threshold 6 (max threshold 6)
[2020-03-27T04:53:20.295+0000][1][gc,age       ] GC(25) - age   1:     594504 bytes,     594504 total
[2020-03-27T04:53:20.295+0000][1][gc,age       ] GC(25) - age   2:      43160 bytes,     637664 total
[2020-03-27T04:53:20.296+0000][1][gc,age       ] GC(25) - age   3:      32808 bytes,     670472 total
[2020-03-27T04:53:20.296+0000][1][gc,age       ] GC(25) - age   4:     174016 bytes,     844488 total
[2020-03-27T04:53:20.296+0000][1][gc,age       ] GC(25) - age   5:     513856 bytes,    1358344 total
[2020-03-27T04:53:20.297+0000][1][gc,heap      ] GC(25) ParNew: 37256K->1665K(39296K)
[2020-03-27T04:53:20.297+0000][1][gc,heap      ] GC(25) CMS: 15291K->15291K(87424K)
[2020-03-27T04:53:20.297+0000][1][gc,metaspace ] GC(25) Metaspace: 20714K->20714K(1069056K)
[2020-03-27T04:53:20.298+0000][1][gc           ] GC(25) Pause Young (Allocation Failure) 51M->16M(123M) 5.449ms
[2020-03-27T04:53:20.298+0000][1][gc,cpu       ] GC(25) User=0.01s Sys=0.00s Real=0.01s
[2020-03-27T04:53:20.298+0000][1][safepoint    ] Safepoint "GenCollectForAllocation", Time since last: 27736706 ns, Reaching safepoint: 98300 ns, At safepoint: 5928801 ns, Total: 6027101 ns
[2020-03-27T04:53:20.323+0000][1][safepoint    ] Safepoint "CollectForMetadataAllocation", Time since last: 24429006 ns, Reaching safepoint: 101900 ns, At safepoint: 68600 ns, Total: 170500 ns
[2020-03-27T04:53:20.337+0000][1][gc,start     ] GC(26) Pause Young (Allocation Failure)
[2020-03-27T04:53:20.337+0000][1][gc,task      ] GC(26) Using 2 workers of 2 for evacuation
[2020-03-27T04:53:20.339+0000][1][gc,age       ] GC(26) Desired survivor size 2228224 bytes, new threshold 6 (max threshold 6)
[2020-03-27T04:53:20.348+0000][1][gc,age       ] GC(26) Age table with threshold 6 (max threshold 6)
[2020-03-27T04:53:20.348+0000][1][gc,age       ] GC(26) - age   1:     313968 bytes,     313968 total
[2020-03-27T04:53:20.349+0000][1][gc,age       ] GC(26) - age   2:      62520 bytes,     376488 total
[2020-03-27T04:53:20.349+0000][1][gc,age       ] GC(26) - age   3:      43160 bytes,     419648 total
[2020-03-27T04:53:20.349+0000][1][gc,age       ] GC(26) - age   4:      32808 bytes,     452456 total
[2020-03-27T04:53:20.350+0000][1][gc,age       ] GC(26) - age   5:     174016 bytes,     626472 total
[2020-03-27T04:53:20.350+0000][1][gc,age       ] GC(26) - age   6:     513856 bytes,    1140328 total
[2020-03-27T04:53:20.350+0000][1][gc,heap      ] GC(26) ParNew: 36609K->1636K(39296K)
[2020-03-27T04:53:20.351+0000][1][gc,heap      ] GC(26) CMS: 15291K->15291K(87424K)
[2020-03-27T04:53:20.351+0000][1][gc,metaspace ] GC(26) Metaspace: 20808K->20808K(1069056K)
[2020-03-27T04:53:20.351+0000][1][gc           ] GC(26) Pause Young (Allocation Failure) 50M->16M(123M) 14.483ms
[2020-03-27T04:53:20.352+0000][1][gc,cpu       ] GC(26) User=0.01s Sys=0.01s Real=0.01s
[2020-03-27T04:53:20.352+0000][1][safepoint    ] Safepoint "GenCollectForAllocation", Time since last: 13797303 ns, Reaching safepoint: 99500 ns, At safepoint: 15372703 ns, Total: 15472203 ns
[2020-03-27T04:53:20.352+0000][1][gc           ] GC(21) Concurrent Abortable Preclean 193.031ms
[2020-03-27T04:53:20.353+0000][1][gc,cpu       ] GC(21) User=0.32s Sys=0.02s Real=0.19s
[2020-03-27T04:53:20.353+0000][1][gc,start     ] GC(21) Pause Remark
[2020-03-27T04:53:20.356+0000][1][gc           ] GC(21) Pause Remark 17M->17M(123M) 2.895ms
[2020-03-27T04:53:20.357+0000][1][gc,cpu       ] GC(21) User=0.00s Sys=0.00s Real=0.01s
[2020-03-27T04:53:20.357+0000][1][safepoint    ] Safepoint "CMS_Final_Remark", Time since last: 1084801 ns, Reaching safepoint: 111700 ns, At safepoint: 3823001 ns, Total: 3934701 ns
[2020-03-27T04:53:20.357+0000][1][gc           ] GC(21) Concurrent Sweep
[2020-03-27T04:53:20.361+0000][1][gc           ] GC(21) Concurrent Sweep 3.550ms
[2020-03-27T04:53:20.361+0000][1][gc,cpu       ] GC(21) User=0.01s Sys=0.00s Real=0.00s
[2020-03-27T04:53:20.362+0000][1][gc           ] GC(21) Concurrent Reset
[2020-03-27T04:53:20.363+0000][1][gc           ] GC(21) Concurrent Reset 1.334ms
[2020-03-27T04:53:20.363+0000][1][gc,cpu       ] GC(21) User=0.00s Sys=0.00s Real=0.00s
[2020-03-27T04:53:20.364+0000][1][gc,heap      ] GC(21) Old: 14795K->15246K(87424K)
[2020-03-27T04:53:20.394+0000][1][gc,start     ] GC(27) Pause Young (Allocation Failure)
[2020-03-27T04:53:20.394+0000][1][gc,task      ] GC(27) Using 2 workers of 2 for evacuation
[2020-03-27T04:53:20.396+0000][1][gc,age       ] GC(27) Desired survivor size 2228224 bytes, new threshold 6 (max threshold 6)
[2020-03-27T04:53:20.396+0000][1][gc,age       ] GC(27) Age table with threshold 6 (max threshold 6)
[2020-03-27T04:53:20.397+0000][1][gc,age       ] GC(27) - age   1:     280944 bytes,     280944 total
[2020-03-27T04:53:20.397+0000][1][gc,age       ] GC(27) - age   2:      67312 bytes,     348256 total
[2020-03-27T04:53:20.398+0000][1][gc,age       ] GC(27) - age   3:      62520 bytes,     410776 total
[2020-03-27T04:53:20.398+0000][1][gc,age       ] GC(27) - age   4:      43160 bytes,     453936 total
[2020-03-27T04:53:20.399+0000][1][gc,age       ] GC(27) - age   5:      32808 bytes,     486744 total
[2020-03-27T04:53:20.399+0000][1][gc,age       ] GC(27) - age   6:     174016 bytes,     660760 total
[2020-03-27T04:53:20.400+0000][1][gc,heap      ] GC(27) ParNew: 36580K->1107K(39296K)
[2020-03-27T04:53:20.400+0000][1][gc,heap      ] GC(27) CMS: 15246K->15754K(87424K)
[2020-03-27T04:53:20.400+0000][1][gc,metaspace ] GC(27) Metaspace: 20883K->20883K(1069056K)
[2020-03-27T04:53:20.401+0000][1][gc           ] GC(27) Pause Young (Allocation Failure) 50M->16M(123M) 7.279ms
[2020-03-27T04:53:20.401+0000][1][gc,cpu       ] GC(27) User=0.00s Sys=0.00s Real=0.01s
[2020-03-27T04:53:20.402+0000][1][safepoint    ] Safepoint "GenCollectForAllocation", Time since last: 36157708 ns, Reaching safepoint: 341700 ns, At safepoint: 8068802 ns, Total: 8410502 ns
[2020-03-27T04:53:20.427+0000][1][gc,start     ] GC(28) Pause Young (Allocation Failure)
[2020-03-27T04:53:20.427+0000][1][gc,task      ] GC(28) Using 2 workers of 2 for evacuation
[2020-03-27T04:53:20.430+0000][1][gc,age       ] GC(28) Desired survivor size 2228224 bytes, new threshold 6 (max threshold 6)
[2020-03-27T04:53:20.430+0000][1][gc,age       ] GC(28) Age table with threshold 6 (max threshold 6)
[2020-03-27T04:53:20.430+0000][1][gc,age       ] GC(28) - age   1:    1187680 bytes,    1187680 total
[2020-03-27T04:53:20.430+0000][1][gc,age       ] GC(28) - age   2:     244656 bytes,    1432336 total
[2020-03-27T04:53:20.431+0000][1][gc,age       ] GC(28) - age   3:      67312 bytes,    1499648 total
[2020-03-27T04:53:20.431+0000][1][gc,age       ] GC(28) - age   4:      62520 bytes,    1562168 total
[2020-03-27T04:53:20.431+0000][1][gc,age       ] GC(28) - age   5:      43160 bytes,    1605328 total
[2020-03-27T04:53:20.432+0000][1][gc,age       ] GC(28) - age   6:      32808 bytes,    1638136 total
[2020-03-27T04:53:20.432+0000][1][gc,heap      ] GC(28) ParNew: 36051K->1816K(39296K)
[2020-03-27T04:53:20.432+0000][1][gc,heap      ] GC(28) CMS: 15754K->15926K(87424K)
[2020-03-27T04:53:20.433+0000][1][gc,metaspace ] GC(28) Metaspace: 20889K->20889K(1069056K)
[2020-03-27T04:53:20.433+0000][1][gc           ] GC(28) Pause Young (Allocation Failure) 50M->17M(123M) 6.170ms
[2020-03-27T04:53:20.434+0000][1][gc,cpu       ] GC(28) User=0.01s Sys=0.00s Real=0.00s
[2020-03-27T04:53:20.434+0000][1][safepoint    ] Safepoint "GenCollectForAllocation", Time since last: 25134905 ns, Reaching safepoint: 95300 ns, At safepoint: 6994102 ns, Total: 7089402 ns
[2020-03-27T04:53:20.459+0000][1][gc,start     ] GC(29) Pause Young (Allocation Failure)
[2020-03-27T04:53:20.460+0000][1][gc,task      ] GC(29) Using 2 workers of 2 for evacuation
[2020-03-27T04:53:20.462+0000][1][gc,age       ] GC(29) Desired survivor size 2228224 bytes, new threshold 6 (max threshold 6)
[2020-03-27T04:53:20.463+0000][1][gc,age       ] GC(29) Age table with threshold 6 (max threshold 6)
[2020-03-27T04:53:20.463+0000][1][gc,age       ] GC(29) - age   1:    1627904 bytes,    1627904 total
[2020-03-27T04:53:20.463+0000][1][gc,age       ] GC(29) - age   2:      37824 bytes,    1665728 total
[2020-03-27T04:53:20.464+0000][1][gc,age       ] GC(29) - age   3:     244592 bytes,    1910320 total
[2020-03-27T04:53:20.464+0000][1][gc,age       ] GC(29) - age   4:      67200 bytes,    1977520 total
[2020-03-27T04:53:20.465+0000][1][gc,age       ] GC(29) - age   5:      62520 bytes,    2040040 total
[2020-03-27T04:53:20.465+0000][1][gc,age       ] GC(29) - age   6:      43160 bytes,    2083200 total
[2020-03-27T04:53:20.466+0000][1][gc,heap      ] GC(29) ParNew: 36760K->2659K(39296K)
[2020-03-27T04:53:20.466+0000][1][gc,heap      ] GC(29) CMS: 15926K->15960K(87424K)
[2020-03-27T04:53:20.466+0000][1][gc,metaspace ] GC(29) Metaspace: 20926K->20926K(1069056K)
[2020-03-27T04:53:20.467+0000][1][gc           ] GC(29) Pause Young (Allocation Failure) 51M->18M(123M) 7.830ms
[2020-03-27T04:53:20.467+0000][1][gc,cpu       ] GC(29) User=0.00s Sys=0.00s Real=0.01s
[2020-03-27T04:53:20.468+0000][1][safepoint    ] Safepoint "GenCollectForAllocation", Time since last: 25163105 ns, Reaching safepoint: 95600 ns, At safepoint: 8720302 ns, Total: 8815902 ns
[2020-03-27T04:53:20.497+0000][1][gc,start     ] GC(30) Pause Young (Allocation Failure)
[2020-03-27T04:53:20.498+0000][1][gc,task      ] GC(30) Using 2 workers of 2 for evacuation
[2020-03-27T04:53:20.499+0000][1][gc,age       ] GC(30) Desired survivor size 2228224 bytes, new threshold 6 (max threshold 6)
[2020-03-27T04:53:20.499+0000][1][gc,age       ] GC(30) Age table with threshold 6 (max threshold 6)
[2020-03-27T04:53:20.500+0000][1][gc,age       ] GC(30) - age   1:     673736 bytes,     673736 total
[2020-03-27T04:53:20.500+0000][1][gc,age       ] GC(30) - age   2:      49184 bytes,     722920 total
[2020-03-27T04:53:20.501+0000][1][gc,age       ] GC(30) - age   3:      37824 bytes,     760744 total
[2020-03-27T04:53:20.501+0000][1][gc,age       ] GC(30) - age   4:     244592 bytes,    1005336 total
[2020-03-27T04:53:20.501+0000][1][gc,age       ] GC(30) - age   5:      67200 bytes,    1072536 total
[2020-03-27T04:53:20.502+0000][1][gc,age       ] GC(30) - age   6:      62520 bytes,    1135056 total
[2020-03-27T04:53:20.502+0000][1][gc,heap      ] GC(30) ParNew: 37603K->1858K(39296K)
[2020-03-27T04:53:20.502+0000][1][gc,heap      ] GC(30) CMS: 15960K->16003K(87424K)
[2020-03-27T04:53:20.503+0000][1][gc,metaspace ] GC(30) Metaspace: 20978K->20978K(1069056K)
[2020-03-27T04:53:20.503+0000][1][gc           ] GC(30) Pause Young (Allocation Failure) 52M->17M(123M) 6.166ms
[2020-03-27T04:53:20.503+0000][1][gc,cpu       ] GC(30) User=0.01s Sys=0.00s Real=0.00s
[2020-03-27T04:53:20.504+0000][1][safepoint    ] Safepoint "GenCollectForAllocation", Time since last: 28966607 ns, Reaching safepoint: 99200 ns, At safepoint: 6876602 ns, Total: 6975802 ns
[2020-03-27T04:53:20.530+0000][1][gc,start     ] GC(31) Pause Young (Allocation Failure)
[2020-03-27T04:53:20.530+0000][1][gc,task      ] GC(31) Using 2 workers of 2 for evacuation
[2020-03-27T04:53:20.531+0000][1][gc,age       ] GC(31) Desired survivor size 2228224 bytes, new threshold 6 (max threshold 6)
[2020-03-27T04:53:20.532+0000][1][gc,age       ] GC(31) Age table with threshold 6 (max threshold 6)
[2020-03-27T04:53:20.532+0000][1][gc,age       ] GC(31) - age   1:      64504 bytes,      64504 total
[2020-03-27T04:53:20.532+0000][1][gc,age       ] GC(31) - age   2:     146288 bytes,     210792 total
[2020-03-27T04:53:20.533+0000][1][gc,age       ] GC(31) - age   3:      49184 bytes,     259976 total
[2020-03-27T04:53:20.533+0000][1][gc,age       ] GC(31) - age   4:      37824 bytes,     297800 total
[2020-03-27T04:53:20.534+0000][1][gc,age       ] GC(31) - age   5:     244592 bytes,     542392 total
[2020-03-27T04:53:20.534+0000][1][gc,age       ] GC(31) - age   6:      67200 bytes,     609592 total
[2020-03-27T04:53:20.534+0000][1][gc,heap      ] GC(31) ParNew: 36802K->880K(39296K)
[2020-03-27T04:53:20.535+0000][1][gc,heap      ] GC(31) CMS: 16003K->16067K(87424K)
[2020-03-27T04:53:20.535+0000][1][gc,metaspace ] GC(31) Metaspace: 20983K->20983K(1069056K)
[2020-03-27T04:53:20.535+0000][1][gc           ] GC(31) Pause Young (Allocation Failure) 51M->16M(123M) 5.841ms
[2020-03-27T04:53:20.536+0000][1][gc,cpu       ] GC(31) User=0.01s Sys=0.00s Real=0.01s
[2020-03-27T04:53:20.536+0000][1][safepoint    ] Safepoint "GenCollectForAllocation", Time since last: 25613605 ns, Reaching safepoint: 124500 ns, At safepoint: 6507602 ns, Total: 6632102 ns
[2020-03-27T04:53:20.572+0000][1][safepoint    ] Safepoint "Deoptimize", Time since last: 35938208 ns, Reaching safepoint: 95800 ns, At safepoint: 190800 ns, Total: 286600 ns
[2020-03-27T04:53:20.601+0000][1][gc,start     ] GC(32) Pause Young (Allocation Failure)
[2020-03-27T04:53:20.601+0000][1][gc,task      ] GC(32) Using 2 workers of 2 for evacuation
[2020-03-27T04:53:20.603+0000][1][gc,age       ] GC(32) Desired survivor size 2228224 bytes, new threshold 6 (max threshold 6)
[2020-03-27T04:53:20.603+0000][1][gc,age       ] GC(32) Age table with threshold 6 (max threshold 6)
[2020-03-27T04:53:20.604+0000][1][gc,age       ] GC(32) - age   1:     206800 bytes,     206800 total
[2020-03-27T04:53:20.604+0000][1][gc,age       ] GC(32) - age   2:      47104 bytes,     253904 total
[2020-03-27T04:53:20.605+0000][1][gc,age       ] GC(32) - age   3:     146152 bytes,     400056 total
[2020-03-27T04:53:20.605+0000][1][gc,age       ] GC(32) - age   4:      49184 bytes,     449240 total
[2020-03-27T04:53:20.606+0000][1][gc,age       ] GC(32) - age   5:      37824 bytes,     487064 total
[2020-03-27T04:53:20.606+0000][1][gc,age       ] GC(32) - age   6:     244592 bytes,     731656 total
[2020-03-27T04:53:20.607+0000][1][gc,heap      ] GC(32) ParNew: 35824K->999K(39296K)
[2020-03-27T04:53:20.607+0000][1][gc,heap      ] GC(32) CMS: 16067K->16135K(87424K)
[2020-03-27T04:53:20.608+0000][1][gc,metaspace ] GC(32) Metaspace: 21478K->21478K(1069056K)
[2020-03-27T04:53:20.608+0000][1][gc           ] GC(32) Pause Young (Allocation Failure) 50M->16M(123M) 7.471ms
[2020-03-27T04:53:20.609+0000][1][gc,cpu       ] GC(32) User=0.00s Sys=0.00s Real=0.01s
[2020-03-27T04:53:20.609+0000][1][safepoint    ] Safepoint "GenCollectForAllocation", Time since last: 28286106 ns, Reaching safepoint: 102300 ns, At safepoint: 8379302 ns, Total: 8481602 ns
[2020-03-27T04:53:20.820+0000][1][safepoint    ] Safepoint "Deoptimize", Time since last: 210202147 ns, Reaching safepoint: 240000 ns, At safepoint: 191200 ns, Total: 431200 ns
[2020-03-27T04:53:20.823+0000][1][safepoint    ] Safepoint "Deoptimize", Time since last: 3483101 ns, Reaching safepoint: 87800 ns, At safepoint: 188200 ns, Total: 276000 ns
[2020-03-27T04:53:20.838+0000][1][gc,start     ] GC(33) Pause Young (Allocation Failure)
[2020-03-27T04:53:20.839+0000][1][gc,task      ] GC(33) Using 2 workers of 2 for evacuation
[2020-03-27T04:53:20.859+0000][1][gc,age       ] GC(33) Desired survivor size 2228224 bytes, new threshold 1 (max threshold 6)
[2020-03-27T04:53:20.860+0000][1][gc,age       ] GC(33) Age table with threshold 1 (max threshold 6)
[2020-03-27T04:53:20.860+0000][1][gc,age       ] GC(33) - age   1:    2356992 bytes,    2356992 total
[2020-03-27T04:53:20.861+0000][1][gc,age       ] GC(33) - age   2:     196280 bytes,    2553272 total
[2020-03-27T04:53:20.862+0000][1][gc,age       ] GC(33) - age   3:      47104 bytes,    2600376 total
[2020-03-27T04:53:20.862+0000][1][gc,age       ] GC(33) - age   4:     146120 bytes,    2746496 total
[2020-03-27T04:53:20.863+0000][1][gc,age       ] GC(33) - age   5:      49024 bytes,    2795520 total
[2020-03-27T04:53:20.863+0000][1][gc,age       ] GC(33) - age   6:      37824 bytes,    2833344 total
[2020-03-27T04:53:20.864+0000][1][gc,heap      ] GC(33) ParNew: 35943K->3161K(39296K)
[2020-03-27T04:53:20.865+0000][1][gc,heap      ] GC(33) CMS: 16135K->16376K(87424K)
[2020-03-27T04:53:20.865+0000][1][gc,metaspace ] GC(33) Metaspace: 26895K->26895K(1075200K)
[2020-03-27T04:53:20.866+0000][1][gc           ] GC(33) Pause Young (Allocation Failure) 50M->19M(123M) 27.517ms
[2020-03-27T04:53:20.866+0000][1][gc,cpu       ] GC(33) User=0.02s Sys=0.00s Real=0.03s
[2020-03-27T04:53:20.867+0000][1][safepoint    ] Safepoint "GenCollectForAllocation", Time since last: 14512804 ns, Reaching safepoint: 183900 ns, At safepoint: 28625306 ns, Total: 28809206 ns
[2020-03-27T04:53:21.110+0000][1][gc,start     ] GC(34) Pause Young (Allocation Failure)
[2020-03-27T04:53:21.111+0000][1][gc,task      ] GC(34) Using 2 workers of 2 for evacuation
[2020-03-27T04:53:21.129+0000][1][gc,age       ] GC(34) Desired survivor size 2228224 bytes, new threshold 1 (max threshold 6)
[2020-03-27T04:53:21.130+0000][1][gc,age       ] GC(34) Age table with threshold 1 (max threshold 6)
[2020-03-27T04:53:21.130+0000][1][gc,age       ] GC(34) - age   1:    4456040 bytes,    4456040 total
[2020-03-27T04:53:21.131+0000][1][gc,heap      ] GC(34) ParNew: 38105K->4352K(39296K)
[2020-03-27T04:53:21.132+0000][1][gc,heap      ] GC(34) CMS: 16376K->20874K(87424K)
[2020-03-27T04:53:21.132+0000][1][gc,metaspace ] GC(34) Metaspace: 27724K->27724K(1075200K)
[2020-03-27T04:53:21.133+0000][1][gc           ] GC(34) Pause Young (Allocation Failure) 53M->24M(123M) 22.532ms
[2020-03-27T04:53:21.133+0000][1][gc,cpu       ] GC(34) User=0.03s Sys=0.00s Real=0.02s
[2020-03-27T04:53:21.134+0000][1][safepoint    ] Safepoint "GenCollectForAllocation", Time since last: 243141255 ns, Reaching safepoint: 122200 ns, At safepoint: 23521305 ns, Total: 23643505 ns
[2020-03-27T04:53:21.262+0000][1][gc,start     ] GC(35) Pause Young (Allocation Failure)
[2020-03-27T04:53:21.262+0000][1][gc,task      ] GC(35) Using 2 workers of 2 for evacuation
[2020-03-27T04:53:21.278+0000][1][gc,age       ] GC(35) Desired survivor size 2228224 bytes, new threshold 1 (max threshold 6)
[2020-03-27T04:53:21.279+0000][1][gc,age       ] GC(35) Age table with threshold 1 (max threshold 6)
[2020-03-27T04:53:21.279+0000][1][gc,age       ] GC(35) - age   1:    4273688 bytes,    4273688 total
[2020-03-27T04:53:21.279+0000][1][gc,heap      ] GC(35) ParNew: 39296K->4352K(39296K)
[2020-03-27T04:53:21.280+0000][1][gc,heap      ] GC(35) CMS: 20874K->25151K(87424K)
[2020-03-27T04:53:21.280+0000][1][gc,metaspace ] GC(35) Metaspace: 27746K->27746K(1075200K)
[2020-03-27T04:53:21.280+0000][1][gc           ] GC(35) Pause Young (Allocation Failure) 58M->28M(123M) 18.814ms
[2020-03-27T04:53:21.281+0000][1][gc,cpu       ] GC(35) User=0.03s Sys=0.00s Real=0.02s
[2020-03-27T04:53:21.281+0000][1][safepoint    ] Safepoint "GenCollectForAllocation", Time since last: 127902929 ns, Reaching safepoint: 107900 ns, At safepoint: 19474004 ns, Total: 19581904 ns
[2020-03-27T04:53:21.405+0000][1][gc,start     ] GC(36) Pause Young (Allocation Failure)
[2020-03-27T04:53:21.406+0000][1][gc,task      ] GC(36) Using 2 workers of 2 for evacuation
[2020-03-27T04:53:21.413+0000][1][gc,age       ] GC(36) Desired survivor size 2228224 bytes, new threshold 1 (max threshold 6)
[2020-03-27T04:53:21.413+0000][1][gc,age       ] GC(36) Age table with threshold 1 (max threshold 6)
[2020-03-27T04:53:21.421+0000][1][gc,age       ] GC(36) - age   1:    4408872 bytes,    4408872 total
[2020-03-27T04:53:21.422+0000][1][gc,heap      ] GC(36) ParNew: 39296K->4352K(39296K)
[2020-03-27T04:53:21.422+0000][1][gc,heap      ] GC(36) CMS: 25151K->28910K(87424K)
[2020-03-27T04:53:21.422+0000][1][gc,metaspace ] GC(36) Metaspace: 27908K->27908K(1075200K)
[2020-03-27T04:53:21.422+0000][1][gc           ] GC(36) Pause Young (Allocation Failure) 62M->32M(123M) 17.300ms
[2020-03-27T04:53:21.423+0000][1][gc,cpu       ] GC(36) User=0.02s Sys=0.00s Real=0.02s
[2020-03-27T04:53:21.423+0000][1][safepoint    ] Safepoint "GenCollectForAllocation", Time since last: 124032528 ns, Reaching safepoint: 99000 ns, At safepoint: 17954904 ns, Total: 18053904 ns
[2020-03-27T04:53:21.468+0000][1][safepoint    ] Safepoint "RevokeBias", Time since last: 44907610 ns, Reaching safepoint: 143900 ns, At safepoint: 25300 ns, Total: 169200 ns
[2020-03-27T04:53:21.551+0000][1][gc,start     ] GC(37) Pause Young (Allocation Failure)
[2020-03-27T04:53:21.551+0000][1][gc,task      ] GC(37) Using 2 workers of 2 for evacuation
[2020-03-27T04:53:21.565+0000][1][gc,age       ] GC(37) Desired survivor size 2228224 bytes, new threshold 1 (max threshold 6)
[2020-03-27T04:53:21.565+0000][1][gc,age       ] GC(37) Age table with threshold 1 (max threshold 6)
[2020-03-27T04:53:21.577+0000][1][gc,age       ] GC(37) - age   1:    3003392 bytes,    3003392 total
[2020-03-27T04:53:21.577+0000][1][gc,heap      ] GC(37) ParNew: 39296K->4352K(39296K)
[2020-03-27T04:53:21.577+0000][1][gc,heap      ] GC(37) CMS: 28910K->35593K(87424K)
[2020-03-27T04:53:21.577+0000][1][gc,metaspace ] GC(37) Metaspace: 27950K->27950K(1075200K)
[2020-03-27T04:53:21.578+0000][1][gc           ] GC(37) Pause Young (Allocation Failure) 66M->39M(123M) 26.960ms
[2020-03-27T04:53:21.578+0000][1][gc,cpu       ] GC(37) User=0.02s Sys=0.00s Real=0.03s
[2020-03-27T04:53:21.579+0000][1][safepoint    ] Safepoint "GenCollectForAllocation", Time since last: 82600119 ns, Reaching safepoint: 86200 ns, At safepoint: 27788406 ns, Total: 27874606 ns
[2020-03-27T04:53:21.733+0000][1][gc,start     ] GC(38) Pause Young (Allocation Failure)
[2020-03-27T04:53:21.736+0000][1][gc,task      ] GC(38) Using 2 workers of 2 for evacuation
[2020-03-27T04:53:21.749+0000][1][gc,age       ] GC(38) Desired survivor size 2228224 bytes, new threshold 1 (max threshold 6)
[2020-03-27T04:53:21.750+0000][1][gc,age       ] GC(38) Age table with threshold 1 (max threshold 6)
[2020-03-27T04:53:21.750+0000][1][gc,age       ] GC(38) - age   1:    4329624 bytes,    4329624 total
[2020-03-27T04:53:21.762+0000][1][gc,heap      ] GC(38) ParNew: 39296K->4352K(39296K)
[2020-03-27T04:53:21.762+0000][1][gc,heap      ] GC(38) CMS: 35593K->38198K(87424K)
[2020-03-27T04:53:21.763+0000][1][gc,metaspace ] GC(38) Metaspace: 28096K->28096K(1075200K)
[2020-03-27T04:53:21.763+0000][1][gc           ] GC(38) Pause Young (Allocation Failure) 73M->41M(123M) 29.460ms
[2020-03-27T04:53:21.763+0000][1][gc,cpu       ] GC(38) User=0.02s Sys=0.00s Real=0.03s
[2020-03-27T04:53:21.764+0000][1][safepoint    ] Safepoint "GenCollectForAllocation", Time since last: 154729735 ns, Reaching safepoint: 27600 ns, At safepoint: 30311306 ns, Total: 30338906 ns
[2020-03-27T04:53:21.849+0000][1][safepoint    ] Safepoint "RevokeBias", Time since last: 85598920 ns, Reaching safepoint: 27400 ns, At safepoint: 28700 ns, Total: 56100 ns
[2020-03-27T04:53:22.030+0000][1][gc,start     ] GC(39) Pause Young (Allocation Failure)
[2020-03-27T04:53:22.031+0000][1][gc,task      ] GC(39) Using 2 workers of 2 for evacuation
[2020-03-27T04:53:22.042+0000][1][gc,age       ] GC(39) Desired survivor size 2228224 bytes, new threshold 1 (max threshold 6)
[2020-03-27T04:53:22.043+0000][1][gc,age       ] GC(39) Age table with threshold 1 (max threshold 6)
[2020-03-27T04:53:22.043+0000][1][gc,age       ] GC(39) - age   1:    3047856 bytes,    3047856 total
[2020-03-27T04:53:22.044+0000][1][gc,heap      ] GC(39) ParNew: 39296K->4352K(39296K)
[2020-03-27T04:53:22.045+0000][1][gc,heap      ] GC(39) CMS: 38198K->42069K(87424K)
[2020-03-27T04:53:22.045+0000][1][gc,metaspace ] GC(39) Metaspace: 30765K->30765K(1077248K)
[2020-03-27T04:53:22.046+0000][1][gc           ] GC(39) Pause Young (Allocation Failure) 75M->45M(123M) 15.572ms
[2020-03-27T04:53:22.046+0000][1][gc,cpu       ] GC(39) User=0.02s Sys=0.00s Real=0.02s
[2020-03-27T04:53:22.046+0000][1][safepoint    ] Safepoint "GenCollectForAllocation", Time since last: 180447340 ns, Reaching safepoint: 165700 ns, At safepoint: 16194604 ns, Total: 16360304 ns
[2020-03-27T04:53:22.055+0000][1][safepoint    ] Safepoint "RevokeBias", Time since last: 8515202 ns, Reaching safepoint: 95000 ns, At safepoint: 16100 ns, Total: 111100 ns
[2020-03-27T04:53:22.060+0000][1][safepoint    ] Safepoint "RevokeBias", Time since last: 4985201 ns, Reaching safepoint: 77400 ns, At safepoint: 22600 ns, Total: 100000 ns
[2020-03-27T04:53:22.077+0000][1][safepoint    ] Safepoint "RevokeBias", Time since last: 17257504 ns, Reaching safepoint: 96000 ns, At safepoint: 15300 ns, Total: 111300 ns
[2020-03-27T04:53:22.091+0000][1][safepoint    ] Safepoint "RevokeBias", Time since last: 13071303 ns, Reaching safepoint: 135900 ns, At safepoint: 61500 ns, Total: 197400 ns
[2020-03-27T04:53:22.095+0000][1][safepoint    ] Safepoint "RevokeBias", Time since last: 4360801 ns, Reaching safepoint: 88500 ns, At safepoint: 20700 ns, Total: 109200 ns
[2020-03-27T04:53:22.120+0000][1][safepoint    ] Safepoint "RevokeBias", Time since last: 25447405 ns, Reaching safepoint: 15500 ns, At safepoint: 28800 ns, Total: 44300 ns
[2020-03-27T04:53:22.124+0000][1][safepoint    ] Safepoint "RevokeBias", Time since last: 3365201 ns, Reaching safepoint: 13600 ns, At safepoint: 20000 ns, Total: 33600 ns
[2020-03-27T04:53:22.126+0000][1][safepoint    ] Safepoint "RevokeBias", Time since last: 2295001 ns, Reaching safepoint: 13700 ns, At safepoint: 26700 ns, Total: 40400 ns
[2020-03-27T04:53:22.151+0000][1][safepoint    ] Safepoint "RevokeBias", Time since last: 24999405 ns, Reaching safepoint: 19600 ns, At safepoint: 20600 ns, Total: 40200 ns
[2020-03-27T04:53:22.265+0000][1][gc,start     ] GC(40) Pause Young (Allocation Failure)
[2020-03-27T04:53:22.266+0000][1][gc,task      ] GC(40) Using 2 workers of 2 for evacuation
[2020-03-27T04:53:22.271+0000][1][gc,age       ] GC(40) Desired survivor size 2228224 bytes, new threshold 6 (max threshold 6)
[2020-03-27T04:53:22.272+0000][1][gc,age       ] GC(40) Age table with threshold 6 (max threshold 6)
[2020-03-27T04:53:22.273+0000][1][gc,age       ] GC(40) - age   1:    1074256 bytes,    1074256 total
[2020-03-27T04:53:22.273+0000][1][gc,heap      ] GC(40) ParNew: 39296K->3228K(39296K)
[2020-03-27T04:53:22.274+0000][1][gc,heap      ] GC(40) CMS: 42069K->45044K(87424K)
[2020-03-27T04:53:22.274+0000][1][gc,metaspace ] GC(40) Metaspace: 33389K->33389K(1081344K)
[2020-03-27T04:53:22.274+0000][1][gc           ] GC(40) Pause Young (Allocation Failure) 79M->47M(123M) 9.439ms
[2020-03-27T04:53:22.275+0000][1][gc,cpu       ] GC(40) User=0.01s Sys=0.00s Real=0.01s
[2020-03-27T04:53:22.275+0000][1][safepoint    ] Safepoint "GenCollectForAllocation", Time since last: 113702626 ns, Reaching safepoint: 28100 ns, At safepoint: 10451702 ns, Total: 10479802 ns
[2020-03-27T04:53:22.297+0000][1][gc,start     ] GC(41) Pause Young (Allocation Failure)
[2020-03-27T04:53:22.297+0000][1][gc,task      ] GC(41) Using 2 workers of 2 for evacuation
[2020-03-27T04:53:22.300+0000][1][gc,age       ] GC(41) Desired survivor size 2228224 bytes, new threshold 6 (max threshold 6)
[2020-03-27T04:53:22.301+0000][1][gc,age       ] GC(41) Age table with threshold 6 (max threshold 6)
[2020-03-27T04:53:22.301+0000][1][gc,age       ] GC(41) - age   1:      32816 bytes,      32816 total
[2020-03-27T04:53:22.302+0000][1][gc,age       ] GC(41) - age   2:    1062784 bytes,    1095600 total
[2020-03-27T04:53:22.302+0000][1][gc,heap      ] GC(41) ParNew: 38172K->1604K(39296K)
[2020-03-27T04:53:22.303+0000][1][gc,heap      ] GC(41) CMS: 45044K->45044K(87424K)
[2020-03-27T04:53:22.303+0000][1][gc,metaspace ] GC(41) Metaspace: 33389K->33389K(1081344K)
[2020-03-27T04:53:22.304+0000][1][gc           ] GC(41) Pause Young (Allocation Failure) 81M->45M(123M) 6.784ms
[2020-03-27T04:53:22.304+0000][1][gc,cpu       ] GC(41) User=0.00s Sys=0.00s Real=0.00s
[2020-03-27T04:53:22.304+0000][1][safepoint    ] Safepoint "GenCollectForAllocation", Time since last: 21310005 ns, Reaching safepoint: 20800 ns, At safepoint: 7533002 ns, Total: 7553802 ns
[2020-03-27T04:53:22.325+0000][1][gc,start     ] GC(42) Pause Young (Allocation Failure)
[2020-03-27T04:53:22.325+0000][1][gc,task      ] GC(42) Using 2 workers of 2 for evacuation
[2020-03-27T04:53:22.328+0000][1][gc,age       ] GC(42) Desired survivor size 2228224 bytes, new threshold 6 (max threshold 6)
[2020-03-27T04:53:22.329+0000][1][gc,age       ] GC(42) Age table with threshold 6 (max threshold 6)
[2020-03-27T04:53:22.329+0000][1][gc,age       ] GC(42) - age   1:      21032 bytes,      21032 total
[2020-03-27T04:53:22.330+0000][1][gc,age       ] GC(42) - age   2:      30600 bytes,      51632 total
[2020-03-27T04:53:22.330+0000][1][gc,age       ] GC(42) - age   3:    1062784 bytes,    1114416 total
[2020-03-27T04:53:22.331+0000][1][gc,heap      ] GC(42) ParNew: 36548K->1604K(39296K)
[2020-03-27T04:53:22.331+0000][1][gc,heap      ] GC(42) CMS: 45044K->45044K(87424K)
[2020-03-27T04:53:22.331+0000][1][gc,metaspace ] GC(42) Metaspace: 33389K->33389K(1081344K)
[2020-03-27T04:53:22.332+0000][1][gc           ] GC(42) Pause Young (Allocation Failure) 79M->45M(123M) 7.102ms
[2020-03-27T04:53:22.332+0000][1][gc,cpu       ] GC(42) User=0.01s Sys=0.00s Real=0.01s
[2020-03-27T04:53:22.332+0000][1][safepoint    ] Safepoint "GenCollectForAllocation", Time since last: 20216204 ns, Reaching safepoint: 17100 ns, At safepoint: 7811402 ns, Total: 7828502 ns
[2020-03-27T04:53:22.469+0000][1][safepoint    ] Safepoint "CollectForMetadataAllocation", Time since last: 136044831 ns, Reaching safepoint: 141200 ns, At safepoint: 44900 ns, Total: 186100 ns
[2020-03-27T04:53:22.482+0000][1][safepoint    ] Safepoint "CollectForMetadataAllocation", Time since last: 13544903 ns, Reaching safepoint: 117900 ns, At safepoint: 75400 ns, Total: 193300 ns
[2020-03-27T04:53:22.492+0000][1][gc,start     ] GC(43) Pause Young (Allocation Failure)
[2020-03-27T04:53:22.493+0000][1][gc,task      ] GC(43) Using 2 workers of 2 for evacuation
[2020-03-27T04:53:22.497+0000][1][gc,age       ] GC(43) Desired survivor size 2228224 bytes, new threshold 4 (max threshold 6)
[2020-03-27T04:53:22.498+0000][1][gc,age       ] GC(43) Age table with threshold 4 (max threshold 6)
[2020-03-27T04:53:22.498+0000][1][gc,age       ] GC(43) - age   1:    1802816 bytes,    1802816 total
[2020-03-27T04:53:22.499+0000][1][gc,age       ] GC(43) - age   2:      20912 bytes,    1823728 total
[2020-03-27T04:53:22.499+0000][1][gc,age       ] GC(43) - age   3:      30600 bytes,    1854328 total
[2020-03-27T04:53:22.500+0000][1][gc,age       ] GC(43) - age   4:    1018976 bytes,    2873304 total
[2020-03-27T04:53:22.500+0000][1][gc,heap      ] GC(43) ParNew: 36548K->3251K(39296K)
[2020-03-27T04:53:22.501+0000][1][gc,heap      ] GC(43) CMS: 45044K->45044K(87424K)
[2020-03-27T04:53:22.501+0000][1][gc,metaspace ] GC(43) Metaspace: 34414K->34414K(1081344K)
[2020-03-27T04:53:22.501+0000][1][gc           ] GC(43) Pause Young (Allocation Failure) 79M->47M(123M) 8.967ms
[2020-03-27T04:53:22.502+0000][1][gc,cpu       ] GC(43) User=0.01s Sys=0.00s Real=0.01s
[2020-03-27T04:53:22.502+0000][1][safepoint    ] Safepoint "GenCollectForAllocation", Time since last: 10025902 ns, Reaching safepoint: 47000 ns, At safepoint: 9921602 ns, Total: 9968602 ns
[2020-03-27T04:53:22.503+0000][1][gc,start     ] GC(44) Pause Initial Mark
[2020-03-27T04:53:22.504+0000][1][gc           ] GC(44) Pause Initial Mark 47M->47M(123M) 1.650ms
[2020-03-27T04:53:22.505+0000][1][gc,cpu       ] GC(44) User=0.01s Sys=0.00s Real=0.00s
[2020-03-27T04:53:22.505+0000][1][safepoint    ] Safepoint "CMS_Initial_Mark", Time since last: 376800 ns, Reaching safepoint: 88900 ns, At safepoint: 2367801 ns, Total: 2456701 ns
[2020-03-27T04:53:22.505+0000][1][gc           ] GC(44) Concurrent Mark
[2020-03-27T04:53:22.519+0000][1][safepoint    ] Safepoint "CollectForMetadataAllocation", Time since last: 14110703 ns, Reaching safepoint: 85800 ns, At safepoint: 71400 ns, Total: 157200 ns
[2020-03-27T04:53:22.529+0000][1][safepoint    ] Safepoint "CollectForMetadataAllocation", Time since last: 9320002 ns, Reaching safepoint: 29600 ns, At safepoint: 64400 ns, Total: 94000 ns
[2020-03-27T04:53:22.540+0000][1][safepoint    ] Safepoint "CollectForMetadataAllocation", Time since last: 11063803 ns, Reaching safepoint: 25800 ns, At safepoint: 66000 ns, Total: 91800 ns
[2020-03-27T04:53:22.554+0000][1][safepoint    ] Safepoint "CollectForMetadataAllocation", Time since last: 13028903 ns, Reaching safepoint: 560000 ns, At safepoint: 88200 ns, Total: 648200 ns
[2020-03-27T04:53:22.558+0000][1][gc           ] GC(44) Concurrent Mark 52.958ms
[2020-03-27T04:53:22.559+0000][1][gc,cpu       ] GC(44) User=0.09s Sys=0.00s Real=0.06s
[2020-03-27T04:53:22.559+0000][1][gc           ] GC(44) Concurrent Preclean
[2020-03-27T04:53:22.560+0000][1][gc           ] GC(44) Concurrent Preclean 1.300ms
[2020-03-27T04:53:22.561+0000][1][gc,cpu       ] GC(44) User=0.00s Sys=0.00s Real=0.00s
[2020-03-27T04:53:22.561+0000][1][gc           ] GC(44) Concurrent Abortable Preclean
[2020-03-27T04:53:22.576+0000][1][safepoint    ] Safepoint "CollectForMetadataAllocation", Time since last: 21736305 ns, Reaching safepoint: 110000 ns, At safepoint: 64000 ns, Total: 174000 ns
[2020-03-27T04:53:22.587+0000][1][safepoint    ] Safepoint "CollectForMetadataAllocation", Time since last: 11027002 ns, Reaching safepoint: 38600 ns, At safepoint: 74800 ns, Total: 113400 ns
[2020-03-27T04:53:22.602+0000][1][safepoint    ] Safepoint "CollectForMetadataAllocation", Time since last: 15470404 ns, Reaching safepoint: 23800 ns, At safepoint: 37600 ns, Total: 61400 ns
[2020-03-27T04:53:22.630+0000][1][safepoint    ] Safepoint "CollectForMetadataAllocation", Time since last: 27547906 ns, Reaching safepoint: 23700 ns, At safepoint: 75900 ns, Total: 99600 ns
[2020-03-27T04:53:22.647+0000][1][safepoint    ] Safepoint "CollectForMetadataAllocation", Time since last: 17321204 ns, Reaching safepoint: 18300 ns, At safepoint: 75000 ns, Total: 93300 ns
[2020-03-27T04:53:22.650+0000][1][safepoint    ] Safepoint "Deoptimize", Time since last: 1986500 ns, Reaching safepoint: 15600 ns, At safepoint: 243600 ns, Total: 259200 ns
[2020-03-27T04:53:22.654+0000][1][safepoint    ] Safepoint "Deoptimize", Time since last: 4097701 ns, Reaching safepoint: 30000 ns, At safepoint: 265100 ns, Total: 295100 ns
[2020-03-27T04:53:22.661+0000][1][safepoint    ] Safepoint "CollectForMetadataAllocation", Time since last: 7131702 ns, Reaching safepoint: 24800 ns, At safepoint: 51700 ns, Total: 76500 ns
[2020-03-27T04:53:22.676+0000][1][safepoint    ] Safepoint "CollectForMetadataAllocation", Time since last: 15167303 ns, Reaching safepoint: 23000 ns, At safepoint: 83100 ns, Total: 106100 ns
[2020-03-27T04:53:22.681+0000][1][safepoint    ] Safepoint "Deoptimize", Time since last: 3901401 ns, Reaching safepoint: 15800 ns, At safepoint: 242300 ns, Total: 258100 ns
[2020-03-27T04:53:22.702+0000][1][safepoint    ] Safepoint "CollectForMetadataAllocation", Time since last: 21119505 ns, Reaching safepoint: 135200 ns, At safepoint: 88500 ns, Total: 223700 ns
[2020-03-27T04:53:22.721+0000][1][safepoint    ] Safepoint "CollectForMetadataAllocation", Time since last: 19419504 ns, Reaching safepoint: 18700 ns, At safepoint: 78700 ns, Total: 97400 ns
[2020-03-27T04:53:22.739+0000][1][safepoint    ] Safepoint "CollectForMetadataAllocation", Time since last: 17298304 ns, Reaching safepoint: 24400 ns, At safepoint: 77400 ns, Total: 101800 ns
[2020-03-27T04:53:22.763+0000][1][safepoint    ] Safepoint "CollectForMetadataAllocation", Time since last: 24381206 ns, Reaching safepoint: 128300 ns, At safepoint: 78700 ns, Total: 207000 ns
[2020-03-27T04:53:22.774+0000][1][safepoint    ] Safepoint "CollectForMetadataAllocation", Time since last: 10730402 ns, Reaching safepoint: 25700 ns, At safepoint: 65400 ns, Total: 91100 ns
[2020-03-27T04:53:22.787+0000][1][safepoint    ] Safepoint "CollectForMetadataAllocation", Time since last: 11932903 ns, Reaching safepoint: 363000 ns, At safepoint: 68100 ns, Total: 431100 ns
[2020-03-27T04:53:22.802+0000][1][safepoint    ] Safepoint "CollectForMetadataAllocation", Time since last: 15638304 ns, Reaching safepoint: 50100 ns, At safepoint: 79600 ns, Total: 129700 ns
[2020-03-27T04:53:22.823+0000][1][safepoint    ] Safepoint "CollectForMetadataAllocation", Time since last: 20219004 ns, Reaching safepoint: 15100 ns, At safepoint: 79100 ns, Total: 94200 ns
[2020-03-27T04:53:22.837+0000][1][safepoint    ] Safepoint "CollectForMetadataAllocation", Time since last: 14508603 ns, Reaching safepoint: 29200 ns, At safepoint: 76200 ns, Total: 105400 ns
[2020-03-27T04:53:22.851+0000][1][safepoint    ] Safepoint "CollectForMetadataAllocation", Time since last: 13494103 ns, Reaching safepoint: 15200 ns, At safepoint: 92800 ns, Total: 108000 ns
[2020-03-27T04:53:22.874+0000][1][gc,start     ] GC(45) Pause Young (Allocation Failure)
[2020-03-27T04:53:22.874+0000][1][gc,task      ] GC(45) Using 2 workers of 2 for evacuation
[2020-03-27T04:53:22.899+0000][1][gc,age       ] GC(45) Desired survivor size 2228224 bytes, new threshold 2 (max threshold 6)
[2020-03-27T04:53:22.899+0000][1][gc,age       ] GC(45) Age table with threshold 2 (max threshold 6)
[2020-03-27T04:53:22.900+0000][1][gc,age       ] GC(45) - age   1:    1260208 bytes,    1260208 total
[2020-03-27T04:53:22.914+0000][1][gc,age       ] GC(45) - age   2:    1791104 bytes,    3051312 total
[2020-03-27T04:53:22.914+0000][1][gc,age       ] GC(45) - age   3:      20912 bytes,    3072224 total
[2020-03-27T04:53:22.915+0000][1][gc,age       ] GC(45) - age   4:      30600 bytes,    3102824 total
[2020-03-27T04:53:22.915+0000][1][gc,heap      ] GC(45) ParNew: 38195K->4352K(39296K)
[2020-03-27T04:53:22.916+0000][1][gc,heap      ] GC(45) CMS: 45044K->46056K(87424K)
[2020-03-27T04:53:22.917+0000][1][gc,metaspace ] GC(45) Metaspace: 40917K->40917K(1087488K)
[2020-03-27T04:53:22.918+0000][1][gc           ] GC(45) Pause Young (Allocation Failure) 81M->49M(123M) 43.935ms
[2020-03-27T04:53:22.918+0000][1][gc,cpu       ] GC(45) User=0.02s Sys=0.00s Real=0.05s
[2020-03-27T04:53:22.919+0000][1][safepoint    ] Safepoint "GenCollectForAllocation", Time since last: 22568806 ns, Reaching safepoint: 113000 ns, At safepoint: 45032210 ns, Total: 45145210 ns
[2020-03-27T04:53:22.926+0000][1][safepoint    ] Safepoint "CollectForMetadataAllocation", Time since last: 6907701 ns, Reaching safepoint: 32700 ns, At safepoint: 68100 ns, Total: 100800 ns
[2020-03-27T04:53:22.955+0000][1][safepoint    ] Safepoint "CollectForMetadataAllocation", Time since last: 28928007 ns, Reaching safepoint: 24000 ns, At safepoint: 77600 ns, Total: 101600 ns
[2020-03-27T04:53:22.988+0000][1][safepoint    ] Safepoint "CollectForMetadataAllocation", Time since last: 33294007 ns, Reaching safepoint: 29200 ns, At safepoint: 64500 ns, Total: 93700 ns
[2020-03-27T04:53:23.004+0000][1][safepoint    ] Safepoint "CollectForMetadataAllocation", Time since last: 16123204 ns, Reaching safepoint: 16300 ns, At safepoint: 78100 ns, Total: 94400 ns
[2020-03-27T04:53:23.030+0000][1][safepoint    ] Safepoint "CollectForMetadataAllocation", Time since last: 25136806 ns, Reaching safepoint: 33400 ns, At safepoint: 96200 ns, Total: 129600 ns
[2020-03-27T04:53:23.049+0000][1][safepoint    ] Safepoint "CollectForMetadataAllocation", Time since last: 19769104 ns, Reaching safepoint: 100400 ns, At safepoint: 55200 ns, Total: 155600 ns
[2020-03-27T04:53:23.059+0000][1][safepoint    ] Safepoint "CollectForMetadataAllocation", Time since last: 8733502 ns, Reaching safepoint: 415900 ns, At safepoint: 80400 ns, Total: 496300 ns
[2020-03-27T04:53:23.075+0000][1][safepoint    ] Safepoint "CollectForMetadataAllocation", Time since last: 16065604 ns, Reaching safepoint: 29800 ns, At safepoint: 67800 ns, Total: 97600 ns
[2020-03-27T04:53:23.087+0000][1][safepoint    ] Safepoint "CollectForMetadataAllocation", Time since last: 12462803 ns, Reaching safepoint: 27200 ns, At safepoint: 71100 ns, Total: 98300 ns
[2020-03-27T04:53:23.099+0000][1][safepoint    ] Safepoint "CollectForMetadataAllocation", Time since last: 11039402 ns, Reaching safepoint: 108000 ns, At safepoint: 68200 ns, Total: 176200 ns
[2020-03-27T04:53:23.099+0000][1][gc           ] GC(44) Concurrent Abortable Preclean 538.122ms
[2020-03-27T04:53:23.111+0000][1][gc,cpu       ] GC(44) User=0.93s Sys=0.02s Real=0.55s
[2020-03-27T04:53:23.111+0000][1][gc,start     ] GC(44) Pause Remark
[2020-03-27T04:53:23.118+0000][1][gc           ] GC(44) Pause Remark 68M->68M(123M) 6.947ms
[2020-03-27T04:53:23.119+0000][1][gc,cpu       ] GC(44) User=0.02s Sys=0.00s Real=0.01s
[2020-03-27T04:53:23.119+0000][1][safepoint    ] Safepoint "CMS_Final_Remark", Time since last: 12420703 ns, Reaching safepoint: 116000 ns, At safepoint: 7873002 ns, Total: 7989002 ns
[2020-03-27T04:53:23.120+0000][1][gc           ] GC(44) Concurrent Sweep
[2020-03-27T04:53:23.129+0000][1][safepoint    ] Safepoint "CollectForMetadataAllocation", Time since last: 9348802 ns, Reaching safepoint: 659000 ns, At safepoint: 16100 ns, Total: 675100 ns
[2020-03-27T04:53:23.130+0000][1][safepoint    ] Safepoint "CollectForMetadataAllocation", Time since last: 1045300 ns, Reaching safepoint: 10600 ns, At safepoint: 77700 ns, Total: 88300 ns
[2020-03-27T04:53:23.134+0000][1][gc           ] GC(44) Concurrent Sweep 14.658ms
[2020-03-27T04:53:23.135+0000][1][gc,cpu       ] GC(44) User=0.02s Sys=0.00s Real=0.01s
[2020-03-27T04:53:23.135+0000][1][gc           ] GC(44) Concurrent Reset
[2020-03-27T04:53:23.136+0000][1][gc           ] GC(44) Concurrent Reset 0.842ms
[2020-03-27T04:53:23.136+0000][1][gc,cpu       ] GC(44) User=0.00s Sys=0.00s Real=0.01s
[2020-03-27T04:53:23.137+0000][1][gc,heap      ] GC(44) Old: 45044K->45839K(87424K)
[2020-03-27T04:53:23.151+0000][1][safepoint    ] Safepoint "RevokeBias", Time since last: 21145405 ns, Reaching safepoint: 21000 ns, At safepoint: 37300 ns, Total: 58300 ns
[2020-03-27T04:53:23.219+0000][1][safepoint    ] Safepoint "Deoptimize", Time since last: 66953715 ns, Reaching safepoint: 32100 ns, At safepoint: 257300 ns, Total: 289400 ns
[2020-03-27T04:53:23.221+0000][1][safepoint    ] Safepoint "Deoptimize", Time since last: 2183201 ns, Reaching safepoint: 15000 ns, At safepoint: 286200 ns, Total: 301200 ns
[2020-03-27T04:53:23.310+0000][1][gc,start     ] GC(46) Pause Young (Allocation Failure)
[2020-03-27T04:53:23.310+0000][1][gc,task      ] GC(46) Using 2 workers of 2 for evacuation
[2020-03-27T04:53:23.317+0000][1][gc,age       ] GC(46) Desired survivor size 2228224 bytes, new threshold 1 (max threshold 6)
[2020-03-27T04:53:23.318+0000][1][gc,age       ] GC(46) Age table with threshold 1 (max threshold 6)
[2020-03-27T04:53:23.326+0000][1][gc,age       ] GC(46) - age   1:    2351480 bytes,    2351480 total
[2020-03-27T04:53:23.326+0000][1][gc,age       ] GC(46) - age   2:    1188768 bytes,    3540248 total
[2020-03-27T04:53:23.327+0000][1][gc,heap      ] GC(46) ParNew: 39296K->4306K(39296K)
[2020-03-27T04:53:23.328+0000][1][gc,heap      ] GC(46) CMS: 45839K->47691K(87424K)
[2020-03-27T04:53:23.329+0000][1][gc,metaspace ] GC(46) Metaspace: 45851K->45851K(1091584K)
[2020-03-27T04:53:23.330+0000][1][gc           ] GC(46) Pause Young (Allocation Failure) 83M->50M(123M) 20.337ms
[2020-03-27T04:53:23.331+0000][1][gc,cpu       ] GC(46) User=0.01s Sys=0.00s Real=0.02s
[2020-03-27T04:53:23.332+0000][1][safepoint    ] Safepoint "GenCollectForAllocation", Time since last: 88414219 ns, Reaching safepoint: 36200 ns, At safepoint: 22240205 ns, Total: 22276405 ns
[2020-03-27T04:53:23.335+0000][1][safepoint    ] Safepoint "RevokeBias", Time since last: 3324401 ns, Reaching safepoint: 169000 ns, At safepoint: 82100 ns, Total: 251100 ns
[2020-03-27T04:53:23.336+0000][1][safepoint    ] Safepoint "RevokeBias", Time since last: 610800 ns, Reaching safepoint: 178600 ns, At safepoint: 50500 ns, Total: 229100 ns
[2020-03-27T04:53:23.337+0000][1][safepoint    ] Safepoint "RevokeBias", Time since last: 511601 ns, Reaching safepoint: 177500 ns, At safepoint: 39900 ns, Total: 217400 ns
[2020-03-27T04:53:23.338+0000][1][safepoint    ] Safepoint "RevokeBias", Time since last: 513500 ns, Reaching safepoint: 227200 ns, At safepoint: 68000 ns, Total: 295200 ns
[2020-03-27T04:53:23.338+0000][1][safepoint    ] Safepoint "RevokeBias", Time since last: 446900 ns, Reaching safepoint: 84300 ns, At safepoint: 12300 ns, Total: 96600 ns
[2020-03-27T04:53:23.339+0000][1][safepoint    ] Safepoint "RevokeBias", Time since last: 431200 ns, Reaching safepoint: 59100 ns, At safepoint: 18200 ns, Total: 77300 ns
[2020-03-27T04:53:23.339+0000][1][safepoint    ] Safepoint "RevokeBias", Time since last: 246100 ns, Reaching safepoint: 95800 ns, At safepoint: 24800 ns, Total: 120600 ns
[2020-03-27T04:53:23.340+0000][1][safepoint    ] Safepoint "RevokeBias", Time since last: 285500 ns, Reaching safepoint: 141800 ns, At safepoint: 14700 ns, Total: 156500 ns
[2020-03-27T04:53:23.340+0000][1][safepoint    ] Safepoint "RevokeBias", Time since last: 277100 ns, Reaching safepoint: 88200 ns, At safepoint: 48500 ns, Total: 136700 ns
[2020-03-27T04:53:23.341+0000][1][safepoint    ] Safepoint "RevokeBias", Time since last: 406100 ns, Reaching safepoint: 277300 ns, At safepoint: 31900 ns, Total: 309200 ns
[2020-03-27T04:53:23.341+0000][1][safepoint    ] Safepoint "RevokeBias", Time since last: 332201 ns, Reaching safepoint: 127600 ns, At safepoint: 21700 ns, Total: 149300 ns
[2020-03-27T04:53:23.342+0000][1][safepoint    ] Safepoint "RevokeBias", Time since last: 357300 ns, Reaching safepoint: 107600 ns, At safepoint: 18400 ns, Total: 126000 ns
[2020-03-27T04:53:23.342+0000][1][safepoint    ] Safepoint "RevokeBias", Time since last: 440800 ns, Reaching safepoint: 91600 ns, At safepoint: 31100 ns, Total: 122700 ns
[2020-03-27T04:53:23.343+0000][1][safepoint    ] Safepoint "RevokeBias", Time since last: 349400 ns, Reaching safepoint: 107400 ns, At safepoint: 38900 ns, Total: 146300 ns
[2020-03-27T04:53:23.343+0000][1][safepoint    ] Safepoint "RevokeBias", Time since last: 254900 ns, Reaching safepoint: 120500 ns, At safepoint: 61200 ns, Total: 181700 ns
[2020-03-27T04:53:23.344+0000][1][safepoint    ] Safepoint "RevokeBias", Time since last: 307300 ns, Reaching safepoint: 145100 ns, At safepoint: 23300 ns, Total: 168400 ns
[2020-03-27T04:53:23.734+0000][1][gc,start     ] GC(47) Pause Young (Allocation Failure)
[2020-03-27T04:53:23.735+0000][1][gc,task      ] GC(47) Using 2 workers of 2 for evacuation
[2020-03-27T04:53:23.741+0000][1][gc,age       ] GC(47) Desired survivor size 2228224 bytes, new threshold 6 (max threshold 6)
[2020-03-27T04:53:23.742+0000][1][gc,age       ] GC(47) Age table with threshold 6 (max threshold 6)
[2020-03-27T04:53:23.742+0000][1][gc,age       ] GC(47) - age   1:    1524632 bytes,    1524632 total
[2020-03-27T04:53:23.742+0000][1][gc,heap      ] GC(47) ParNew: 39250K->3304K(39296K)
[2020-03-27T04:53:23.743+0000][1][gc,heap      ] GC(47) CMS: 47691K->51192K(87424K)
[2020-03-27T04:53:23.743+0000][1][gc,metaspace ] GC(47) Metaspace: 47540K->47540K(1093632K)
[2020-03-27T04:53:23.743+0000][1][gc           ] GC(47) Pause Young (Allocation Failure) 84M->53M(123M) 8.718ms
[2020-03-27T04:53:23.744+0000][1][gc,cpu       ] GC(47) User=0.01s Sys=0.00s Real=0.01s
[2020-03-27T04:53:23.744+0000][1][safepoint    ] Safepoint "GenCollectForAllocation", Time since last: 390688388 ns, Reaching safepoint: 58500 ns, At safepoint: 9407102 ns, Total: 9465602 ns
[2020-03-27T04:53:23.745+0000][1][safepoint    ] Safepoint "BulkRevokeBias", Time since last: 513500 ns, Reaching safepoint: 203600 ns, At safepoint: 56100 ns, Total: 259700 ns
[2020-03-27T04:53:23.796+0000][1][safepoint    ] Safepoint "RevokeBias", Time since last: 51646112 ns, Reaching safepoint: 113700 ns, At safepoint: 25200 ns, Total: 138900 ns
[2020-03-27T04:53:23.800+0000][1][safepoint    ] Safepoint "RevokeBias", Time since last: 3302701 ns, Reaching safepoint: 44300 ns, At safepoint: 21700 ns, Total: 66000 ns
[2020-03-27T04:53:23.884+0000][1][safepoint    ] Safepoint "RevokeBias", Time since last: 83988518 ns, Reaching safepoint: 370100 ns, At safepoint: 28200 ns, Total: 398300 ns
[2020-03-27T04:53:23.885+0000][1][safepoint    ] Safepoint "RevokeBias", Time since last: 789301 ns, Reaching safepoint: 77100 ns, At safepoint: 21700 ns, Total: 98800 ns
[2020-03-27T04:53:23.886+0000][1][safepoint    ] Safepoint "RevokeBias", Time since last: 611800 ns, Reaching safepoint: 84700 ns, At safepoint: 19100 ns, Total: 103800 ns
[2020-03-27T04:53:23.886+0000][1][safepoint    ] Safepoint "RevokeBias", Time since last: 364400 ns, Reaching safepoint: 82200 ns, At safepoint: 21300 ns, Total: 103500 ns
[2020-03-27T04:53:23.914+0000][1][safepoint    ] Safepoint "RevokeBias", Time since last: 27753706 ns, Reaching safepoint: 104100 ns, At safepoint: 24400 ns, Total: 128500 ns
[2020-03-27T04:53:23.915+0000][1][safepoint    ] Safepoint "RevokeBias", Time since last: 676100 ns, Reaching safepoint: 146300 ns, At safepoint: 20300 ns, Total: 166600 ns
[2020-03-27T04:53:23.916+0000][1][safepoint    ] Safepoint "RevokeBias", Time since last: 500500 ns, Reaching safepoint: 118101 ns, At safepoint: 91300 ns, Total: 209401 ns
[2020-03-27T04:53:23.916+0000][1][safepoint    ] Safepoint "RevokeBias", Time since last: 405600 ns, Reaching safepoint: 61100 ns, At safepoint: 13900 ns, Total: 75000 ns
[2020-03-27T04:53:23.917+0000][1][safepoint    ] Safepoint "RevokeBias", Time since last: 515200 ns, Reaching safepoint: 90600 ns, At safepoint: 12900 ns, Total: 103500 ns
[2020-03-27T04:53:23.918+0000][1][safepoint    ] Safepoint "RevokeBias", Time since last: 1057600 ns, Reaching safepoint: 94000 ns, At safepoint: 20600 ns, Total: 114600 ns
[2020-03-27T04:53:23.919+0000][1][safepoint    ] Safepoint "RevokeBias", Time since last: 374600 ns, Reaching safepoint: 205400 ns, At safepoint: 17000 ns, Total: 222400 ns
[2020-03-27T04:53:23.919+0000][1][safepoint    ] Safepoint "RevokeBias", Time since last: 850200 ns, Reaching safepoint: 48600 ns, At safepoint: 20000 ns, Total: 68600 ns
[2020-03-27T04:53:23.920+0000][1][safepoint    ] Safepoint "RevokeBias", Time since last: 271600 ns, Reaching safepoint: 81400 ns, At safepoint: 30600 ns, Total: 112000 ns
[2020-03-27T04:53:23.920+0000][1][safepoint    ] Safepoint "RevokeBias", Time since last: 258801 ns, Reaching safepoint: 84800 ns, At safepoint: 10800 ns, Total: 95600 ns
[2020-03-27T04:53:23.921+0000][1][safepoint    ] Safepoint "RevokeBias", Time since last: 233500 ns, Reaching safepoint: 123700 ns, At safepoint: 24000 ns, Total: 147700 ns
[2020-03-27T04:53:23.921+0000][1][safepoint    ] Safepoint "RevokeBias", Time since last: 233000 ns, Reaching safepoint: 121000 ns, At safepoint: 17200 ns, Total: 138200 ns
[2020-03-27T04:53:23.921+0000][1][safepoint    ] Safepoint "RevokeBias", Time since last: 225600 ns, Reaching safepoint: 112500 ns, At safepoint: 18000 ns, Total: 130500 ns
[2020-03-27T04:53:23.922+0000][1][safepoint    ] Safepoint "RevokeBias", Time since last: 170700 ns, Reaching safepoint: 433000 ns, At safepoint: 16300 ns, Total: 449300 ns
[2020-03-27T04:53:23.922+0000][1][safepoint    ] Safepoint "RevokeBias", Time since last: 251900 ns, Reaching safepoint: 147200 ns, At safepoint: 11100 ns, Total: 158300 ns
[2020-03-27T04:53:23.923+0000][1][safepoint    ] Safepoint "RevokeBias", Time since last: 242600 ns, Reaching safepoint: 100000 ns, At safepoint: 22300 ns, Total: 122300 ns
[2020-03-27T04:53:23.923+0000][1][safepoint    ] Safepoint "RevokeBias", Time since last: 218400 ns, Reaching safepoint: 106800 ns, At safepoint: 23200 ns, Total: 130000 ns
[2020-03-27T04:53:23.924+0000][1][safepoint    ] Safepoint "RevokeBias", Time since last: 169000 ns, Reaching safepoint: 516500 ns, At safepoint: 18500 ns, Total: 535000 ns
[2020-03-27T04:53:23.924+0000][1][safepoint    ] Safepoint "RevokeBias", Time since last: 162900 ns, Reaching safepoint: 104600 ns, At safepoint: 37000 ns, Total: 141600 ns
[2020-03-27T04:53:23.924+0000][1][safepoint    ] Safepoint "RevokeBias", Time since last: 161000 ns, Reaching safepoint: 159500 ns, At safepoint: 21300 ns, Total: 180800 ns
[2020-03-27T04:53:23.925+0000][1][safepoint    ] Safepoint "RevokeBias", Time since last: 149201 ns, Reaching safepoint: 96400 ns, At safepoint: 17500 ns, Total: 113900 ns
[2020-03-27T04:53:23.925+0000][1][safepoint    ] Safepoint "RevokeBias", Time since last: 166700 ns, Reaching safepoint: 93600 ns, At safepoint: 11100 ns, Total: 104700 ns
[2020-03-27T04:53:23.925+0000][1][safepoint    ] Safepoint "RevokeBias", Time since last: 169100 ns, Reaching safepoint: 93800 ns, At safepoint: 11100 ns, Total: 104900 ns
[2020-03-27T04:53:23.925+0000][1][safepoint    ] Safepoint "RevokeBias", Time since last: 151600 ns, Reaching safepoint: 94900 ns, At safepoint: 13300 ns, Total: 108200 ns
[2020-03-27T04:53:23.926+0000][1][safepoint    ] Safepoint "RevokeBias", Time since last: 176800 ns, Reaching safepoint: 87700 ns, At safepoint: 25100 ns, Total: 112800 ns
[2020-03-27T04:53:23.926+0000][1][safepoint    ] Safepoint "RevokeBias", Time since last: 187400 ns, Reaching safepoint: 46200 ns, At safepoint: 22700 ns, Total: 68900 ns
[2020-03-27T04:53:23.926+0000][1][safepoint    ] Safepoint "BulkRevokeBias", Time since last: 178500 ns, Reaching safepoint: 22100 ns, At safepoint: 85700 ns, Total: 107800 ns
[2020-03-27T04:53:23.927+0000][1][gc,start     ] GC(48) Pause Young (Allocation Failure)
[2020-03-27T04:53:23.927+0000][1][gc,task      ] GC(48) Using 2 workers of 2 for evacuation
[2020-03-27T04:53:23.931+0000][1][gc,age       ] GC(48) Desired survivor size 2228224 bytes, new threshold 2 (max threshold 6)
[2020-03-27T04:53:23.931+0000][1][gc,age       ] GC(48) Age table with threshold 2 (max threshold 6)
[2020-03-27T04:53:23.931+0000][1][gc,age       ] GC(48) - age   1:    1756928 bytes,    1756928 total
[2020-03-27T04:53:23.932+0000][1][gc,age       ] GC(48) - age   2:    1505488 bytes,    3262416 total
[2020-03-27T04:53:23.932+0000][1][gc,heap      ] GC(48) ParNew: 38248K->3461K(39296K)
[2020-03-27T04:53:23.932+0000][1][gc,heap      ] GC(48) CMS: 51192K->51192K(87424K)
[2020-03-27T04:53:23.933+0000][1][gc,metaspace ] GC(48) Metaspace: 50634K->50634K(1095680K)
[2020-03-27T04:53:23.933+0000][1][gc           ] GC(48) Pause Young (Allocation Failure) 87M->53M(123M) 6.538ms
[2020-03-27T04:53:23.933+0000][1][gc,cpu       ] GC(48) User=0.01s Sys=0.00s Real=0.00s
[2020-03-27T04:53:23.934+0000][1][safepoint    ] Safepoint "GenCollectForAllocation", Time since last: 152700 ns, Reaching safepoint: 11800 ns, At safepoint: 7105802 ns, Total: 7117602 ns
[2020-03-27T04:53:23.934+0000][1][safepoint    ] Safepoint "RevokeBias", Time since last: 225100 ns, Reaching safepoint: 397000 ns, At safepoint: 26000 ns, Total: 423000 ns
[2020-03-27T04:53:23.935+0000][1][safepoint    ] Safepoint "RevokeBias", Time since last: 231900 ns, Reaching safepoint: 142800 ns, At safepoint: 15400 ns, Total: 158200 ns
[2020-03-27T04:53:23.935+0000][1][safepoint    ] Safepoint "RevokeBias", Time since last: 517800 ns, Reaching safepoint: 89600 ns, At safepoint: 15300 ns, Total: 104900 ns
[2020-03-27T04:53:23.935+0000][1][safepoint    ] Safepoint "RevokeBias", Time since last: 215700 ns, Reaching safepoint: 11800 ns, At safepoint: 13800 ns, Total: 25600 ns
[2020-03-27T04:53:23.936+0000][1][safepoint    ] Safepoint "RevokeBias", Time since last: 343000 ns, Reaching safepoint: 11700 ns, At safepoint: 13200 ns, Total: 24900 ns
[2020-03-27T04:53:23.936+0000][1][safepoint    ] Safepoint "RevokeBias", Time since last: 219700 ns, Reaching safepoint: 93400 ns, At safepoint: 11400 ns, Total: 104800 ns
[2020-03-27T04:53:23.939+0000][1][safepoint    ] Safepoint "RevokeBias", Time since last: 2303601 ns, Reaching safepoint: 90800 ns, At safepoint: 16000 ns, Total: 106800 ns
[2020-03-27T04:53:23.939+0000][1][safepoint    ] Safepoint "RevokeBias", Time since last: 399400 ns, Reaching safepoint: 100400 ns, At safepoint: 13800 ns, Total: 114200 ns
[2020-03-27T04:53:23.940+0000][1][safepoint    ] Safepoint "RevokeBias", Time since last: 305700 ns, Reaching safepoint: 148500 ns, At safepoint: 16000 ns, Total: 164500 ns
[2020-03-27T04:53:23.940+0000][1][safepoint    ] Safepoint "RevokeBias", Time since last: 170300 ns, Reaching safepoint: 98600 ns, At safepoint: 16400 ns, Total: 115000 ns
[2020-03-27T04:53:23.940+0000][1][safepoint    ] Safepoint "RevokeBias", Time since last: 244200 ns, Reaching safepoint: 11900 ns, At safepoint: 5800 ns, Total: 17700 ns
[2020-03-27T04:53:23.940+0000][1][safepoint    ] Safepoint "RevokeBias", Time since last: 246600 ns, Reaching safepoint: 11700 ns, At safepoint: 14300 ns, Total: 26000 ns
[2020-03-27T04:53:23.941+0000][1][safepoint    ] Safepoint "RevokeBias", Time since last: 199300 ns, Reaching safepoint: 101600 ns, At safepoint: 18300 ns, Total: 119900 ns
[2020-03-27T04:53:23.941+0000][1][safepoint    ] Safepoint "RevokeBias", Time since last: 242300 ns, Reaching safepoint: 110700 ns, At safepoint: 16600 ns, Total: 127300 ns
[2020-03-27T04:53:23.941+0000][1][safepoint    ] Safepoint "RevokeBias", Time since last: 284500 ns, Reaching safepoint: 100000 ns, At safepoint: 18600 ns, Total: 118600 ns
[2020-03-27T04:53:23.942+0000][1][safepoint    ] Safepoint "RevokeBias", Time since last: 208400 ns, Reaching safepoint: 12700 ns, At safepoint: 13000 ns, Total: 25700 ns
[2020-03-27T04:53:23.942+0000][1][safepoint    ] Safepoint "RevokeBias", Time since last: 166600 ns, Reaching safepoint: 21400 ns, At safepoint: 24500 ns, Total: 45900 ns
[2020-03-27T04:53:23.942+0000][1][safepoint    ] Safepoint "RevokeBias", Time since last: 201600 ns, Reaching safepoint: 11900 ns, At safepoint: 21800 ns, Total: 33700 ns
[2020-03-27T04:53:23.942+0000][1][safepoint    ] Safepoint "RevokeBias", Time since last: 179801 ns, Reaching safepoint: 11400 ns, At safepoint: 20200 ns, Total: 31600 ns
[2020-03-27T04:53:23.943+0000][1][safepoint    ] Safepoint "RevokeBias", Time since last: 251300 ns, Reaching safepoint: 88800 ns, At safepoint: 9500 ns, Total: 98300 ns
[2020-03-27T04:53:23.943+0000][1][safepoint    ] Safepoint "RevokeBias", Time since last: 157400 ns, Reaching safepoint: 92900 ns, At safepoint: 9900 ns, Total: 102800 ns
[2020-03-27T04:53:23.943+0000][1][safepoint    ] Safepoint "RevokeBias", Time since last: 175300 ns, Reaching safepoint: 93400 ns, At safepoint: 9600 ns, Total: 103000 ns
[2020-03-27T04:53:23.944+0000][1][safepoint    ] Safepoint "RevokeBias", Time since last: 147600 ns, Reaching safepoint: 106000 ns, At safepoint: 9000 ns, Total: 115000 ns
[2020-03-27T04:53:23.944+0000][1][safepoint    ] Safepoint "RevokeBias", Time since last: 192200 ns, Reaching safepoint: 98100 ns, At safepoint: 11600 ns, Total: 109700 ns
[2020-03-27T04:53:23.944+0000][1][safepoint    ] Safepoint "RevokeBias", Time since last: 187200 ns, Reaching safepoint: 112400 ns, At safepoint: 10800 ns, Total: 123200 ns
[2020-03-27T04:53:23.944+0000][1][safepoint    ] Safepoint "RevokeBias", Time since last: 176600 ns, Reaching safepoint: 93700 ns, At safepoint: 10000 ns, Total: 103700 ns
[2020-03-27T04:53:23.945+0000][1][safepoint    ] Safepoint "RevokeBias", Time since last: 153600 ns, Reaching safepoint: 96100 ns, At safepoint: 10300 ns, Total: 106400 ns
[2020-03-27T04:53:23.945+0000][1][safepoint    ] Safepoint "RevokeBias", Time since last: 166200 ns, Reaching safepoint: 93900 ns, At safepoint: 10200 ns, Total: 104100 ns
[2020-03-27T04:53:23.945+0000][1][safepoint    ] Safepoint "RevokeBias", Time since last: 150700 ns, Reaching safepoint: 87200 ns, At safepoint: 8900 ns, Total: 96100 ns
[2020-03-27T04:53:23.945+0000][1][safepoint    ] Safepoint "RevokeBias", Time since last: 147800 ns, Reaching safepoint: 91700 ns, At safepoint: 9300 ns, Total: 101000 ns
[2020-03-27T04:53:23.946+0000][1][safepoint    ] Safepoint "RevokeBias", Time since last: 154400 ns, Reaching safepoint: 95400 ns, At safepoint: 10000 ns, Total: 105400 ns
[2020-03-27T04:53:23.946+0000][1][safepoint    ] Safepoint "RevokeBias", Time since last: 157800 ns, Reaching safepoint: 93600 ns, At safepoint: 9500 ns, Total: 103100 ns
[2020-03-27T04:53:23.946+0000][1][safepoint    ] Safepoint "RevokeBias", Time since last: 194600 ns, Reaching safepoint: 102300 ns, At safepoint: 10100 ns, Total: 112400 ns
[2020-03-27T04:53:23.947+0000][1][safepoint    ] Safepoint "RevokeBias", Time since last: 185700 ns, Reaching safepoint: 94900 ns, At safepoint: 9700 ns, Total: 104600 ns
[2020-03-27T04:53:23.947+0000][1][safepoint    ] Safepoint "BulkRevokeBias", Time since last: 187601 ns, Reaching safepoint: 87900 ns, At safepoint: 51000 ns, Total: 138900 ns
[2020-03-27T04:53:23.947+0000][1][safepoint    ] Safepoint "RevokeBias", Time since last: 313600 ns, Reaching safepoint: 86700 ns, At safepoint: 14900 ns, Total: 101600 ns
[2020-03-27T04:53:23.948+0000][1][safepoint    ] Safepoint "RevokeBias", Time since last: 367700 ns, Reaching safepoint: 89100 ns, At safepoint: 16900 ns, Total: 106000 ns
[2020-03-27T04:53:23.948+0000][1][safepoint    ] Safepoint "RevokeBias", Time since last: 440000 ns, Reaching safepoint: 89100 ns, At safepoint: 14100 ns, Total: 103200 ns
[2020-03-27T04:53:23.949+0000][1][safepoint    ] Safepoint "RevokeBias", Time since last: 194600 ns, Reaching safepoint: 87300 ns, At safepoint: 13000 ns, Total: 100300 ns
[2020-03-27T04:53:23.949+0000][1][safepoint    ] Safepoint "RevokeBias", Time since last: 201000 ns, Reaching safepoint: 93300 ns, At safepoint: 15500 ns, Total: 108800 ns
[2020-03-27T04:53:23.949+0000][1][safepoint    ] Safepoint "RevokeBias", Time since last: 310000 ns, Reaching safepoint: 87900 ns, At safepoint: 14100 ns, Total: 102000 ns
[2020-03-27T04:53:23.951+0000][1][safepoint    ] Safepoint "Deoptimize", Time since last: 1024700 ns, Reaching safepoint: 91800 ns, At safepoint: 287800 ns, Total: 379600 ns
[2020-03-27T04:53:23.952+0000][1][safepoint    ] Safepoint "RevokeBias", Time since last: 1141201 ns, Reaching safepoint: 98200 ns, At safepoint: 28800 ns, Total: 127000 ns
[2020-03-27T04:53:23.963+0000][1][safepoint    ] Safepoint "RevokeBias", Time since last: 10957102 ns, Reaching safepoint: 28900 ns, At safepoint: 33100 ns, Total: 62000 ns
[2020-03-27T04:53:23.964+0000][1][safepoint    ] Safepoint "RevokeBias", Time since last: 447500 ns, Reaching safepoint: 13800 ns, At safepoint: 46900 ns, Total: 60700 ns
[2020-03-27T04:53:23.965+0000][1][safepoint    ] Safepoint "RevokeBias", Time since last: 1154201 ns, Reaching safepoint: 89100 ns, At safepoint: 20200 ns, Total: 109300 ns
[2020-03-27T04:53:23.966+0000][1][safepoint    ] Safepoint "RevokeBias", Time since last: 957800 ns, Reaching safepoint: 95200 ns, At safepoint: 27500 ns, Total: 122700 ns
[2020-03-27T04:53:23.966+0000][1][safepoint    ] Safepoint "RevokeBias", Time since last: 343500 ns, Reaching safepoint: 113400 ns, At safepoint: 76200 ns, Total: 189600 ns
[2020-03-27T04:53:23.967+0000][1][safepoint    ] Safepoint "RevokeBias", Time since last: 524900 ns, Reaching safepoint: 10700 ns, At safepoint: 22400 ns, Total: 33100 ns
[2020-03-27T04:53:23.986+0000][1][safepoint    ] Safepoint "RevokeBias", Time since last: 18740404 ns, Reaching safepoint: 59800 ns, At safepoint: 8700 ns, Total: 68500 ns
[2020-03-27T04:53:23.986+0000][1][safepoint    ] Safepoint "RevokeBias", Time since last: 546200 ns, Reaching safepoint: 150500 ns, At safepoint: 8700 ns, Total: 159200 ns
[2020-03-27T04:53:23.987+0000][1][safepoint    ] Safepoint "RevokeBias", Time since last: 460401 ns, Reaching safepoint: 72500 ns, At safepoint: 7700 ns, Total: 80200 ns
[2020-03-27T04:53:24.012+0000][1][safepoint    ] Safepoint "RevokeBias", Time since last: 25250505 ns, Reaching safepoint: 107700 ns, At safepoint: 9800 ns, Total: 117500 ns
[2020-03-27T04:53:24.073+0000][1][safepoint    ] Safepoint "RevokeBias", Time since last: 60798914 ns, Reaching safepoint: 104800 ns, At safepoint: 8100 ns, Total: 112900 ns
[2020-03-27T04:53:24.079+0000][1][gc,start     ] GC(49) Pause Young (Allocation Failure)
[2020-03-27T04:53:24.080+0000][1][gc,task      ] GC(49) Using 2 workers of 2 for evacuation
[2020-03-27T04:53:24.086+0000][1][gc,age       ] GC(49) Desired survivor size 2228224 bytes, new threshold 2 (max threshold 6)
[2020-03-27T04:53:24.086+0000][1][gc,age       ] GC(49) Age table with threshold 2 (max threshold 6)
[2020-03-27T04:53:24.086+0000][1][gc,age       ] GC(49) - age   1:     614568 bytes,     614568 total
[2020-03-27T04:53:24.087+0000][1][gc,age       ] GC(49) - age   2:    1698184 bytes,    2312752 total
[2020-03-27T04:53:24.087+0000][1][gc,heap      ] GC(49) ParNew: 38405K->4103K(39296K)
[2020-03-27T04:53:24.087+0000][1][gc,heap      ] GC(49) CMS: 51192K->52728K(87424K)
[2020-03-27T04:53:24.088+0000][1][gc,metaspace ] GC(49) Metaspace: 52721K->52721K(1097728K)
[2020-03-27T04:53:24.088+0000][1][gc           ] GC(49) Pause Young (Allocation Failure) 87M->55M(123M) 8.680ms
[2020-03-27T04:53:24.088+0000][1][gc,cpu       ] GC(49) User=0.01s Sys=0.00s Real=0.01s
[2020-03-27T04:53:24.088+0000][1][safepoint    ] Safepoint "GenCollectForAllocation", Time since last: 5725201 ns, Reaching safepoint: 103700 ns, At safepoint: 9139502 ns, Total: 9243202 ns
[2020-03-27T04:53:24.149+0000][1][safepoint    ] Safepoint "RevokeBias", Time since last: 60581814 ns, Reaching safepoint: 347800 ns, At safepoint: 10300 ns, Total: 358100 ns
[2020-03-27T04:53:24.183+0000][1][safepoint    ] Safepoint "RevokeBias", Time since last: 33638808 ns, Reaching safepoint: 101300 ns, At safepoint: 7900 ns, Total: 109200 ns
[2020-03-27T04:53:24.244+0000][1][gc,start     ] GC(50) Pause Young (Allocation Failure)
[2020-03-27T04:53:24.245+0000][1][gc,task      ] GC(50) Using 2 workers of 2 for evacuation
[2020-03-27T04:53:24.253+0000][1][gc,age       ] GC(50) Desired survivor size 2228224 bytes, new threshold 6 (max threshold 6)
[2020-03-27T04:53:24.253+0000][1][gc,age       ] GC(50) Age table with threshold 6 (max threshold 6)
[2020-03-27T04:53:24.260+0000][1][gc,age       ] GC(50) - age   1:     572112 bytes,     572112 total
[2020-03-27T04:53:24.260+0000][1][gc,age       ] GC(50) - age   2:     596688 bytes,    1168800 total
[2020-03-27T04:53:24.261+0000][1][gc,heap      ] GC(50) ParNew: 39047K->2296K(39296K)
[2020-03-27T04:53:24.261+0000][1][gc,heap      ] GC(50) CMS: 52728K->54416K(87424K)
[2020-03-27T04:53:24.261+0000][1][gc,metaspace ] GC(50) Metaspace: 56035K->56035K(1101824K)
[2020-03-27T04:53:24.262+0000][1][gc           ] GC(50) Pause Young (Allocation Failure) 89M->55M(123M) 17.330ms
[2020-03-27T04:53:24.262+0000][1][gc,cpu       ] GC(50) User=0.03s Sys=0.00s Real=0.02s
[2020-03-27T04:53:24.262+0000][1][safepoint    ] Safepoint "GenCollectForAllocation", Time since last: 61053613 ns, Reaching safepoint: 374200 ns, At safepoint: 17904904 ns, Total: 18279104 ns
[2020-03-27T04:53:24.375+0000][1][safepoint    ] Safepoint "RevokeBias", Time since last: 112673126 ns, Reaching safepoint: 108200 ns, At safepoint: 8500 ns, Total: 116700 ns
[2020-03-27T04:53:24.425+0000][1][safepoint    ] Safepoint "RevokeBias", Time since last: 49426011 ns, Reaching safepoint: 21800 ns, At safepoint: 9600 ns, Total: 31400 ns
[2020-03-27T04:53:24.524+0000][1][gc,start     ] GC(51) Pause Young (Allocation Failure)
[2020-03-27T04:53:24.524+0000][1][gc,task      ] GC(51) Using 2 workers of 2 for evacuation
[2020-03-27T04:53:24.531+0000][1][gc,age       ] GC(51) Desired survivor size 2228224 bytes, new threshold 6 (max threshold 6)
[2020-03-27T04:53:24.531+0000][1][gc,age       ] GC(51) Age table with threshold 6 (max threshold 6)
[2020-03-27T04:53:24.535+0000][1][gc,age       ] GC(51) - age   1:     772640 bytes,     772640 total
[2020-03-27T04:53:24.535+0000][1][gc,age       ] GC(51) - age   2:     507432 bytes,    1280072 total
[2020-03-27T04:53:24.535+0000][1][gc,age       ] GC(51) - age   3:     596096 bytes,    1876168 total
[2020-03-27T04:53:24.536+0000][1][gc,heap      ] GC(51) ParNew: 37240K->2432K(39296K)
[2020-03-27T04:53:24.536+0000][1][gc,heap      ] GC(51) CMS: 54416K->54416K(87424K)
[2020-03-27T04:53:24.536+0000][1][gc,metaspace ] GC(51) Metaspace: 60199K->60199K(1103872K)
[2020-03-27T04:53:24.536+0000][1][gc           ] GC(51) Pause Young (Allocation Failure) 89M->55M(123M) 12.717ms
[2020-03-27T04:53:24.537+0000][1][gc,cpu       ] GC(51) User=0.02s Sys=0.00s Real=0.02s
[2020-03-27T04:53:24.537+0000][1][safepoint    ] Safepoint "GenCollectForAllocation", Time since last: 98898722 ns, Reaching safepoint: 112800 ns, At safepoint: 13169803 ns, Total: 13282603 ns
[2020-03-27T04:53:24.647+0000][1][safepoint    ] Safepoint "RevokeBias", Time since last: 109538925 ns, Reaching safepoint: 771800 ns, At safepoint: 33300 ns, Total: 805100 ns
[2020-03-27T04:53:24.648+0000][1][safepoint    ] Safepoint "RevokeBias", Time since last: 534000 ns, Reaching safepoint: 64200 ns, At safepoint: 53300 ns, Total: 117500 ns
[2020-03-27T04:53:24.650+0000][1][safepoint    ] Safepoint "RevokeBias", Time since last: 2431600 ns, Reaching safepoint: 103700 ns, At safepoint: 15400 ns, Total: 119100 ns
[2020-03-27T04:53:24.653+0000][1][safepoint    ] Safepoint "RevokeBias", Time since last: 2159101 ns, Reaching safepoint: 105700 ns, At safepoint: 21100 ns, Total: 126800 ns
[2020-03-27T04:53:24.784+0000][1][safepoint    ] Safepoint "BulkRevokeBias", Time since last: 131293429 ns, Reaching safepoint: 117500 ns, At safepoint: 55700 ns, Total: 173200 ns
[2020-03-27T04:53:24.797+0000][1][gc,start     ] GC(52) Pause Young (Allocation Failure)
[2020-03-27T04:53:24.797+0000][1][gc,task      ] GC(52) Using 2 workers of 2 for evacuation
[2020-03-27T04:53:24.819+0000][1][gc,age       ] GC(52) Desired survivor size 2228224 bytes, new threshold 2 (max threshold 6)
[2020-03-27T04:53:24.820+0000][1][gc,age       ] GC(52) Age table with threshold 2 (max threshold 6)
[2020-03-27T04:53:24.820+0000][1][gc,age       ] GC(52) - age   1:    2115712 bytes,    2115712 total
[2020-03-27T04:53:24.820+0000][1][gc,age       ] GC(52) - age   2:     733728 bytes,    2849440 total
[2020-03-27T04:53:24.821+0000][1][gc,age       ] GC(52) - age   3:     506688 bytes,    3356128 total
[2020-03-27T04:53:24.821+0000][1][gc,age       ] GC(52) - age   4:     595168 bytes,    3951296 total
[2020-03-27T04:53:24.821+0000][1][gc,heap      ] GC(52) ParNew: 37376K->4352K(39296K)
[2020-03-27T04:53:24.822+0000][1][gc,heap      ] GC(52) CMS: 54416K->54416K(87424K)
[2020-03-27T04:53:24.822+0000][1][gc,metaspace ] GC(52) Metaspace: 63434K->63434K(1107968K)
[2020-03-27T04:53:24.822+0000][1][gc           ] GC(52) Pause Young (Allocation Failure) 89M->57M(123M) 25.071ms
[2020-03-27T04:53:24.822+0000][1][gc,cpu       ] GC(52) User=0.03s Sys=0.00s Real=0.02s
[2020-03-27T04:53:24.823+0000][1][safepoint    ] Safepoint "GenCollectForAllocation", Time since last: 12861503 ns, Reaching safepoint: 98000 ns, At safepoint: 25972406 ns, Total: 26070406 ns
[2020-03-27T04:53:24.850+0000][1][safepoint    ] Safepoint "Deoptimize", Time since last: 26318906 ns, Reaching safepoint: 101600 ns, At safepoint: 327400 ns, Total: 429000 ns
[2020-03-27T04:53:25.069+0000][1][gc,start     ] GC(53) Pause Young (Allocation Failure)
[2020-03-27T04:53:25.069+0000][1][gc,task      ] GC(53) Using 2 workers of 2 for evacuation
[2020-03-27T04:53:25.079+0000][1][gc,age       ] GC(53) Desired survivor size 2228224 bytes, new threshold 2 (max threshold 6)
[2020-03-27T04:53:25.080+0000][1][gc,age       ] GC(53) Age table with threshold 2 (max threshold 6)
[2020-03-27T04:53:25.080+0000][1][gc,age       ] GC(53) - age   1:    1834816 bytes,    1834816 total
[2020-03-27T04:53:25.080+0000][1][gc,age       ] GC(53) - age   2:    1811328 bytes,    3646144 total
[2020-03-27T04:53:25.081+0000][1][gc,heap      ] GC(53) ParNew: 39296K->4352K(39296K)
[2020-03-27T04:53:25.081+0000][1][gc,heap      ] GC(53) CMS: 54416K->56232K(87424K)
[2020-03-27T04:53:25.082+0000][1][gc,metaspace ] GC(53) Metaspace: 66429K->66429K(1110016K)
[2020-03-27T04:53:25.082+0000][1][gc           ] GC(53) Pause Young (Allocation Failure) 91M->59M(123M) 13.547ms
[2020-03-27T04:53:25.082+0000][1][gc,cpu       ] GC(53) User=0.02s Sys=0.00s Real=0.01s
[2020-03-27T04:53:25.083+0000][1][safepoint    ] Safepoint "GenCollectForAllocation", Time since last: 218745549 ns, Reaching safepoint: 128400 ns, At safepoint: 14162104 ns, Total: 14290504 ns
[2020-03-27T04:53:25.168+0000][1][safepoint    ] Safepoint "RevokeBias", Time since last: 84991819 ns, Reaching safepoint: 72800 ns, At safepoint: 11100 ns, Total: 83900 ns
[2020-03-27T04:53:25.195+0000][1][safepoint    ] Safepoint "Deoptimize", Time since last: 27304006 ns, Reaching safepoint: 21600 ns, At safepoint: 275300 ns, Total: 296900 ns
[2020-03-27T04:53:25.259+0000][1][safepoint    ] Safepoint "RevokeBias", Time since last: 63462814 ns, Reaching safepoint: 109700 ns, At safepoint: 17000 ns, Total: 126700 ns
[2020-03-27T04:53:25.260+0000][1][safepoint    ] Safepoint "BulkRevokeBias", Time since last: 942600 ns, Reaching safepoint: 76900 ns, At safepoint: 46000 ns, Total: 122900 ns
[2020-03-27T04:53:25.261+0000][1][safepoint    ] Safepoint "RevokeBias", Time since last: 1070401 ns, Reaching safepoint: 81900 ns, At safepoint: 15200 ns, Total: 97100 ns
[2020-03-27T04:53:25.262+0000][1][safepoint    ] Safepoint "RevokeBias", Time since last: 770900 ns, Reaching safepoint: 95500 ns, At safepoint: 17200 ns, Total: 112700 ns
[2020-03-27T04:53:25.263+0000][1][safepoint    ] Safepoint "RevokeBias", Time since last: 309600 ns, Reaching safepoint: 110900 ns, At safepoint: 69600 ns, Total: 180500 ns
[2020-03-27T04:53:25.263+0000][1][safepoint    ] Safepoint "RevokeBias", Time since last: 559100 ns, Reaching safepoint: 57600 ns, At safepoint: 14500 ns, Total: 72100 ns
[2020-03-27T04:53:25.264+0000][1][safepoint    ] Safepoint "RevokeBias", Time since last: 492000 ns, Reaching safepoint: 83300 ns, At safepoint: 15100 ns, Total: 98400 ns
[2020-03-27T04:53:25.264+0000][1][safepoint    ] Safepoint "RevokeBias", Time since last: 506000 ns, Reaching safepoint: 53500 ns, At safepoint: 13300 ns, Total: 66800 ns
[2020-03-27T04:53:25.265+0000][1][safepoint    ] Safepoint "RevokeBias", Time since last: 280600 ns, Reaching safepoint: 103700 ns, At safepoint: 13500 ns, Total: 117200 ns
[2020-03-27T04:53:25.266+0000][1][safepoint    ] Safepoint "RevokeBias", Time since last: 1404801 ns, Reaching safepoint: 83500 ns, At safepoint: 14500 ns, Total: 98000 ns
[2020-03-27T04:53:25.267+0000][1][safepoint    ] Safepoint "RevokeBias", Time since last: 310700 ns, Reaching safepoint: 93100 ns, At safepoint: 15400 ns, Total: 108500 ns
[2020-03-27T04:53:25.270+0000][1][safepoint    ] Safepoint "Deoptimize", Time since last: 2553000 ns, Reaching safepoint: 55600 ns, At safepoint: 383701 ns, Total: 439301 ns
[2020-03-27T04:53:25.271+0000][1][safepoint    ] Safepoint "RevokeBias", Time since last: 900500 ns, Reaching safepoint: 13200 ns, At safepoint: 13700 ns, Total: 26900 ns
[2020-03-27T04:53:25.372+0000][1][gc,start     ] GC(54) Pause Young (Allocation Failure)
[2020-03-27T04:53:25.373+0000][1][gc,task      ] GC(54) Using 2 workers of 2 for evacuation
[2020-03-27T04:53:25.383+0000][1][gc,age       ] GC(54) Desired survivor size 2228224 bytes, new threshold 2 (max threshold 6)
[2020-03-27T04:53:25.384+0000][1][gc,age       ] GC(54) Age table with threshold 2 (max threshold 6)
[2020-03-27T04:53:25.390+0000][1][gc,age       ] GC(54) - age   1:    1325016 bytes,    1325016 total
[2020-03-27T04:53:25.390+0000][1][gc,age       ] GC(54) - age   2:    1779480 bytes,    3104496 total
[2020-03-27T04:53:25.391+0000][1][gc,heap      ] GC(54) ParNew: 39296K->4352K(39296K)
[2020-03-27T04:53:25.391+0000][1][gc,heap      ] GC(54) CMS: 56232K->58072K(87424K)
[2020-03-27T04:53:25.392+0000][1][gc,metaspace ] GC(54) Metaspace: 71334K->71334K(1114112K)
[2020-03-27T04:53:25.392+0000][1][gc           ] GC(54) Pause Young (Allocation Failure) 93M->60M(123M) 19.762ms
[2020-03-27T04:53:25.392+0000][1][gc,cpu       ] GC(54) User=0.02s Sys=0.00s Real=0.02s
[2020-03-27T04:53:25.393+0000][1][safepoint    ] Safepoint "GenCollectForAllocation", Time since last: 101520523 ns, Reaching safepoint: 110400 ns, At safepoint: 20691504 ns, Total: 20801904 ns
[2020-03-27T04:53:25.461+0000][1][safepoint    ] Safepoint "Deoptimize", Time since last: 67660515 ns, Reaching safepoint: 144200 ns, At safepoint: 329601 ns, Total: 473801 ns
[2020-03-27T04:53:25.679+0000][1][safepoint    ] Safepoint "RevokeBias", Time since last: 215607248 ns, Reaching safepoint: 2049800 ns, At safepoint: 26500 ns, Total: 2076300 ns
[2020-03-27T04:53:25.679+0000][1][safepoint    ] Safepoint "RevokeBias", Time since last: 605601 ns, Reaching safepoint: 28300 ns, At safepoint: 9500 ns, Total: 37800 ns
[2020-03-27T04:53:25.680+0000][1][safepoint    ] Safepoint "RevokeBias", Time since last: 792600 ns, Reaching safepoint: 50100 ns, At safepoint: 10400 ns, Total: 60500 ns
[2020-03-27T04:53:25.681+0000][1][safepoint    ] Safepoint "RevokeBias", Time since last: 314300 ns, Reaching safepoint: 21200 ns, At safepoint: 8900 ns, Total: 30100 ns
[2020-03-27T04:53:25.681+0000][1][safepoint    ] Safepoint "RevokeBias", Time since last: 288800 ns, Reaching safepoint: 8100 ns, At safepoint: 7100 ns, Total: 15200 ns
[2020-03-27T04:53:25.681+0000][1][safepoint    ] Safepoint "RevokeBias", Time since last: 290600 ns, Reaching safepoint: 8100 ns, At safepoint: 6300 ns, Total: 14400 ns
[2020-03-27T04:53:25.682+0000][1][safepoint    ] Safepoint "RevokeBias", Time since last: 281700 ns, Reaching safepoint: 8200 ns, At safepoint: 5700 ns, Total: 13900 ns
[2020-03-27T04:53:25.682+0000][1][safepoint    ] Safepoint "RevokeBias", Time since last: 204400 ns, Reaching safepoint: 8000 ns, At safepoint: 5700 ns, Total: 13700 ns
[2020-03-27T04:53:25.682+0000][1][safepoint    ] Safepoint "RevokeBias", Time since last: 202700 ns, Reaching safepoint: 9200 ns, At safepoint: 33400 ns, Total: 42600 ns
[2020-03-27T04:53:25.683+0000][1][safepoint    ] Safepoint "RevokeBias", Time since last: 413800 ns, Reaching safepoint: 93500 ns, At safepoint: 9600 ns, Total: 103100 ns
[2020-03-27T04:53:25.683+0000][1][safepoint    ] Safepoint "RevokeBias", Time since last: 350700 ns, Reaching safepoint: 21900 ns, At safepoint: 8200 ns, Total: 30100 ns
[2020-03-27T04:53:25.683+0000][1][safepoint    ] Safepoint "RevokeBias", Time since last: 191900 ns, Reaching safepoint: 21500 ns, At safepoint: 21600 ns, Total: 43100 ns
[2020-03-27T04:53:25.683+0000][1][safepoint    ] Safepoint "RevokeBias", Time since last: 169200 ns, Reaching safepoint: 8300 ns, At safepoint: 6100 ns, Total: 14400 ns
[2020-03-27T04:53:25.684+0000][1][safepoint    ] Safepoint "RevokeBias", Time since last: 222500 ns, Reaching safepoint: 8500 ns, At safepoint: 6400 ns, Total: 14900 ns
[2020-03-27T04:53:25.684+0000][1][safepoint    ] Safepoint "RevokeBias", Time since last: 159900 ns, Reaching safepoint: 8400 ns, At safepoint: 6200 ns, Total: 14600 ns
[2020-03-27T04:53:25.684+0000][1][safepoint    ] Safepoint "RevokeBias", Time since last: 426301 ns, Reaching safepoint: 67600 ns, At safepoint: 8000 ns, Total: 75600 ns
[2020-03-27T04:53:25.686+0000][1][safepoint    ] Safepoint "RevokeBias", Time since last: 1501600 ns, Reaching safepoint: 97200 ns, At safepoint: 9700 ns, Total: 106900 ns
[2020-03-27T04:53:25.687+0000][1][safepoint    ] Safepoint "RevokeBias", Time since last: 998900 ns, Reaching safepoint: 72200 ns, At safepoint: 10100 ns, Total: 82300 ns
[2020-03-27T04:53:25.689+0000][1][safepoint    ] Safepoint "RevokeBias", Time since last: 2492701 ns, Reaching safepoint: 13100 ns, At safepoint: 8200 ns, Total: 21300 ns
[2020-03-27T04:53:25.691+0000][1][safepoint    ] Safepoint "RevokeBias", Time since last: 1371600 ns, Reaching safepoint: 97700 ns, At safepoint: 10700 ns, Total: 108400 ns
[2020-03-27T04:53:25.702+0000][1][safepoint    ] Safepoint "RevokeBias", Time since last: 8901302 ns, Reaching safepoint: 2050101 ns, At safepoint: 17300 ns, Total: 2067401 ns
[2020-03-27T04:53:25.709+0000][1][safepoint    ] Safepoint "RevokeBias", Time since last: 682400 ns, Reaching safepoint: 6120101 ns, At safepoint: 15200 ns, Total: 6135301 ns
[2020-03-27T04:53:25.709+0000][1][safepoint    ] Safepoint "RevokeBias", Time since last: 468300 ns, Reaching safepoint: 10600 ns, At safepoint: 10300 ns, Total: 20900 ns
[2020-03-27T04:53:25.710+0000][1][safepoint    ] Safepoint "RevokeBias", Time since last: 433800 ns, Reaching safepoint: 89700 ns, At safepoint: 10700 ns, Total: 100400 ns
[2020-03-27T04:53:25.710+0000][1][safepoint    ] Safepoint "RevokeBias", Time since last: 395600 ns, Reaching safepoint: 76400 ns, At safepoint: 9900 ns, Total: 86300 ns
[2020-03-27T04:53:25.711+0000][1][safepoint    ] Safepoint "RevokeBias", Time since last: 350601 ns, Reaching safepoint: 10200 ns, At safepoint: 9900 ns, Total: 20100 ns
[2020-03-27T04:53:25.711+0000][1][safepoint    ] Safepoint "RevokeBias", Time since last: 618700 ns, Reaching safepoint: 90800 ns, At safepoint: 12500 ns, Total: 103300 ns
[2020-03-27T04:53:25.712+0000][1][safepoint    ] Safepoint "RevokeBias", Time since last: 344300 ns, Reaching safepoint: 87500 ns, At safepoint: 11200 ns, Total: 98700 ns
[2020-03-27T04:53:25.712+0000][1][safepoint    ] Safepoint "RevokeBias", Time since last: 389700 ns, Reaching safepoint: 87500 ns, At safepoint: 11900 ns, Total: 99400 ns
[2020-03-27T04:53:25.713+0000][1][safepoint    ] Safepoint "RevokeBias", Time since last: 517200 ns, Reaching safepoint: 87300 ns, At safepoint: 10200 ns, Total: 97500 ns
[2020-03-27T04:53:25.713+0000][1][safepoint    ] Safepoint "RevokeBias", Time since last: 301000 ns, Reaching safepoint: 102000 ns, At safepoint: 12200 ns, Total: 114200 ns
[2020-03-27T04:53:25.714+0000][1][safepoint    ] Safepoint "BulkRevokeBias", Time since last: 265200 ns, Reaching safepoint: 88000 ns, At safepoint: 74500 ns, Total: 162500 ns
[2020-03-27T04:53:25.723+0000][1][safepoint    ] Safepoint "RevokeBias", Time since last: 8869002 ns, Reaching safepoint: 58600 ns, At safepoint: 10700 ns, Total: 69300 ns
[2020-03-27T04:53:25.723+0000][1][safepoint    ] Safepoint "RevokeBias", Time since last: 543100 ns, Reaching safepoint: 149000 ns, At safepoint: 9200 ns, Total: 158200 ns
[2020-03-27T04:53:25.724+0000][1][safepoint    ] Safepoint "RevokeBias", Time since last: 359000 ns, Reaching safepoint: 84400 ns, At safepoint: 9500 ns, Total: 93900 ns
[2020-03-27T04:53:25.725+0000][1][safepoint    ] Safepoint "RevokeBias", Time since last: 750401 ns, Reaching safepoint: 91800 ns, At safepoint: 10200 ns, Total: 102000 ns
[2020-03-27T04:53:25.725+0000][1][safepoint    ] Safepoint "RevokeBias", Time since last: 341600 ns, Reaching safepoint: 104200 ns, At safepoint: 11500 ns, Total: 115700 ns
[2020-03-27T04:53:25.726+0000][1][safepoint    ] Safepoint "RevokeBias", Time since last: 537900 ns, Reaching safepoint: 239200 ns, At safepoint: 7800 ns, Total: 247000 ns
[2020-03-27T04:53:25.727+0000][1][safepoint    ] Safepoint "RevokeBias", Time since last: 703600 ns, Reaching safepoint: 38800 ns, At safepoint: 9100 ns, Total: 47900 ns
[2020-03-27T04:53:25.727+0000][1][safepoint    ] Safepoint "RevokeBias", Time since last: 790000 ns, Reaching safepoint: 55500 ns, At safepoint: 9300 ns, Total: 64800 ns
[2020-03-27T04:53:25.728+0000][1][safepoint    ] Safepoint "RevokeBias", Time since last: 473700 ns, Reaching safepoint: 81500 ns, At safepoint: 27100 ns, Total: 108600 ns
[2020-03-27T04:53:25.729+0000][1][safepoint    ] Safepoint "RevokeBias", Time since last: 828401 ns, Reaching safepoint: 71200 ns, At safepoint: 9800 ns, Total: 81000 ns
[2020-03-27T04:53:25.730+0000][1][safepoint    ] Safepoint "RevokeBias", Time since last: 650600 ns, Reaching safepoint: 43000 ns, At safepoint: 9700 ns, Total: 52700 ns
[2020-03-27T04:53:25.732+0000][1][safepoint    ] Safepoint "RevokeBias", Time since last: 2288900 ns, Reaching safepoint: 91800 ns, At safepoint: 8600 ns, Total: 100400 ns
[2020-03-27T04:53:25.733+0000][1][safepoint    ] Safepoint "RevokeBias", Time since last: 500200 ns, Reaching safepoint: 55000 ns, At safepoint: 7800 ns, Total: 62800 ns
[2020-03-27T04:53:25.733+0000][1][safepoint    ] Safepoint "RevokeBias", Time since last: 733801 ns, Reaching safepoint: 56900 ns, At safepoint: 11500 ns, Total: 68400 ns
[2020-03-27T04:53:25.734+0000][1][safepoint    ] Safepoint "RevokeBias", Time since last: 611600 ns, Reaching safepoint: 67700 ns, At safepoint: 9100 ns, Total: 76800 ns
[2020-03-27T04:53:25.735+0000][1][safepoint    ] Safepoint "RevokeBias", Time since last: 307700 ns, Reaching safepoint: 116100 ns, At safepoint: 9100 ns, Total: 125200 ns
[2020-03-27T04:53:25.735+0000][1][safepoint    ] Safepoint "RevokeBias", Time since last: 318400 ns, Reaching safepoint: 128700 ns, At safepoint: 12200 ns, Total: 140900 ns
[2020-03-27T04:53:25.736+0000][1][safepoint    ] Safepoint "RevokeBias", Time since last: 406500 ns, Reaching safepoint: 71800 ns, At safepoint: 9200 ns, Total: 81000 ns
[2020-03-27T04:53:25.739+0000][1][safepoint    ] Safepoint "RevokeBias", Time since last: 3762001 ns, Reaching safepoint: 89000 ns, At safepoint: 13200 ns, Total: 102200 ns
[2020-03-27T04:53:25.740+0000][1][safepoint    ] Safepoint "RevokeBias", Time since last: 430200 ns, Reaching safepoint: 117100 ns, At safepoint: 48000 ns, Total: 165100 ns
[2020-03-27T04:53:25.741+0000][1][safepoint    ] Safepoint "RevokeBias", Time since last: 687800 ns, Reaching safepoint: 70700 ns, At safepoint: 7500 ns, Total: 78200 ns
[2020-03-27T04:53:25.741+0000][1][safepoint    ] Safepoint "RevokeBias", Time since last: 412200 ns, Reaching safepoint: 37800 ns, At safepoint: 7000 ns, Total: 44800 ns
[2020-03-27T04:53:25.742+0000][1][safepoint    ] Safepoint "RevokeBias", Time since last: 417500 ns, Reaching safepoint: 82401 ns, At safepoint: 22200 ns, Total: 104601 ns
[2020-03-27T04:53:25.742+0000][1][safepoint    ] Safepoint "RevokeBias", Time since last: 277500 ns, Reaching safepoint: 126600 ns, At safepoint: 22900 ns, Total: 149500 ns
[2020-03-27T04:53:25.743+0000][1][safepoint    ] Safepoint "RevokeBias", Time since last: 972400 ns, Reaching safepoint: 83900 ns, At safepoint: 10600 ns, Total: 94500 ns
[2020-03-27T04:53:25.744+0000][1][safepoint    ] Safepoint "RevokeBias", Time since last: 401100 ns, Reaching safepoint: 99000 ns, At safepoint: 21200 ns, Total: 120200 ns
[2020-03-27T04:53:25.744+0000][1][safepoint    ] Safepoint "RevokeBias", Time since last: 292200 ns, Reaching safepoint: 75500 ns, At safepoint: 12300 ns, Total: 87800 ns
[2020-03-27T04:53:25.746+0000][1][safepoint    ] Safepoint "RevokeBias", Time since last: 1583000 ns, Reaching safepoint: 128100 ns, At safepoint: 10700 ns, Total: 138800 ns
[2020-03-27T04:53:25.746+0000][1][safepoint    ] Safepoint "RevokeBias", Time since last: 261100 ns, Reaching safepoint: 9900 ns, At safepoint: 12601 ns, Total: 22501 ns
[2020-03-27T04:53:25.746+0000][1][safepoint    ] Safepoint "RevokeBias", Time since last: 257600 ns, Reaching safepoint: 82300 ns, At safepoint: 9700 ns, Total: 92000 ns
[2020-03-27T04:53:25.747+0000][1][safepoint    ] Safepoint "RevokeBias", Time since last: 206500 ns, Reaching safepoint: 126800 ns, At safepoint: 9800 ns, Total: 136600 ns
[2020-03-27T04:53:25.747+0000][1][safepoint    ] Safepoint "RevokeBias", Time since last: 179300 ns, Reaching safepoint: 114600 ns, At safepoint: 12700 ns, Total: 127300 ns
[2020-03-27T04:53:25.747+0000][1][safepoint    ] Safepoint "RevokeBias", Time since last: 303500 ns, Reaching safepoint: 74100 ns, At safepoint: 9100 ns, Total: 83200 ns
[2020-03-27T04:53:25.748+0000][1][safepoint    ] Safepoint "RevokeBias", Time since last: 339600 ns, Reaching safepoint: 7600 ns, At safepoint: 6300 ns, Total: 13900 ns
[2020-03-27T04:53:25.748+0000][1][safepoint    ] Safepoint "RevokeBias", Time since last: 283400 ns, Reaching safepoint: 82100 ns, At safepoint: 18200 ns, Total: 100300 ns
[2020-03-27T04:53:25.749+0000][1][safepoint    ] Safepoint "RevokeBias", Time since last: 400800 ns, Reaching safepoint: 39600 ns, At safepoint: 7900 ns, Total: 47500 ns
[2020-03-27T04:53:25.752+0000][1][gc,heap,exit ] Heap
[2020-03-27T04:53:25.752+0000][1][gc,heap,exit ]  par new generation   total 39296K, used 22093K [0x00000000e0000000, 0x00000000e2aa0000, 0x00000000ea660000)
[2020-03-27T04:53:25.753+0000][1][gc,heap,exit ]   eden space 34944K,  50% used [0x00000000e0000000, 0x00000000e1153540, 0x00000000e2220000)
[2020-03-27T04:53:25.753+0000][1][gc,heap,exit ]   from space 4352K, 100% used [0x00000000e2660000, 0x00000000e2aa0000, 0x00000000e2aa0000)
[2020-03-27T04:53:25.753+0000][1][gc,heap,exit ]   to   space 4352K,   0% used [0x00000000e2220000, 0x00000000e2220000, 0x00000000e2660000)
[2020-03-27T04:53:25.754+0000][1][gc,heap,exit ]  concurrent mark-sweep generation total 87424K, used 58072K [0x00000000ea660000, 0x00000000efbc0000, 0x0000000100000000)
[2020-03-27T04:53:25.754+0000][1][gc,heap,exit ]  Metaspace       used 72971K, capacity 78890K, committed 79092K, reserved 1116160K
[2020-03-27T04:53:25.754+0000][1][gc,heap,exit ]   class space    used 9859K, capacity 12301K, committed 12424K, reserved 1048576K
