[2020-03-27T04:59:22.332+0000][1][gc] Using Concurrent Mark Sweep
[2020-03-27T04:59:22.333+0000][1][gc,heap,coops] Heap address: 0x00000000e0000000, size: 512 MB, Compressed Oops mode: 32-bit
[2020-03-27T04:59:22.392+0000][1][safepoint    ] Safepoint "EnableBiasedLocking", Time since last: 45692305 ns, Reaching safepoint: 88400 ns, At safepoint: 22200 ns, Total: 110600 ns
[2020-03-27T04:59:22.407+0000][1][safepoint    ] Safepoint "RevokeBias", Time since last: 14948401 ns, Reaching safepoint: 82700 ns, At safepoint: 16700 ns, Total: 99400 ns
[2020-03-27T04:59:22.409+0000][1][safepoint    ] Safepoint "Deoptimize", Time since last: 1694000 ns, Reaching safepoint: 131100 ns, At safepoint: 15600 ns, Total: 146700 ns
[2020-03-27T04:59:22.536+0000][1][safepoint    ] Safepoint "Deoptimize", Time since last: 126900714 ns, Reaching safepoint: 19200 ns, At safepoint: 23100 ns, Total: 42300 ns
[2020-03-27T04:59:22.584+0000][1][safepoint    ] Safepoint "Deoptimize", Time since last: 47731005 ns, Reaching safepoint: 25300 ns, At safepoint: 28400 ns, Total: 53700 ns
[2020-03-27T04:59:22.749+0000][1][safepoint    ] Safepoint "Deoptimize", Time since last: 164801917 ns, Reaching safepoint: 89200 ns, At safepoint: 28500 ns, Total: 117700 ns
[2020-03-27T04:59:23.375+0000][1][safepoint    ] Safepoint "Deoptimize", Time since last: 626064665 ns, Reaching safepoint: 48100 ns, At safepoint: 55100 ns, Total: 103200 ns
[2020-03-27T04:59:23.413+0000][1][safepoint    ] Safepoint "Deoptimize", Time since last: 37680304 ns, Reaching safepoint: 25200 ns, At safepoint: 59400 ns, Total: 84600 ns
[2020-03-27T04:59:23.732+0000][1][safepoint    ] Safepoint "Deoptimize", Time since last: 318695033 ns, Reaching safepoint: 48900 ns, At safepoint: 68900 ns, Total: 117800 ns
[2020-03-27T04:59:23.930+0000][1][safepoint    ] Safepoint "Deoptimize", Time since last: 197916521 ns, Reaching safepoint: 52300 ns, At safepoint: 81100 ns, Total: 133400 ns
[2020-03-27T04:59:24.309+0000][1][safepoint    ] Safepoint "Deoptimize", Time since last: 379128939 ns, Reaching safepoint: 594900 ns, At safepoint: 115100 ns, Total: 710000 ns
[2020-03-27T04:59:24.441+0000][1][safepoint    ] Safepoint "Deoptimize", Time since last: 131708214 ns, Reaching safepoint: 28700 ns, At safepoint: 110000 ns, Total: 138700 ns
[2020-03-27T04:59:24.443+0000][1][safepoint    ] Safepoint "Deoptimize", Time since last: 1204500 ns, Reaching safepoint: 51500 ns, At safepoint: 111200 ns, Total: 162700 ns
[2020-03-27T04:59:24.527+0000][1][safepoint    ] Safepoint "Deoptimize", Time since last: 84162909 ns, Reaching safepoint: 25600 ns, At safepoint: 108100 ns, Total: 133700 ns
[2020-03-27T04:59:24.532+0000][1][safepoint    ] Safepoint "Deoptimize", Time since last: 4362800 ns, Reaching safepoint: 14500 ns, At safepoint: 172700 ns, Total: 187200 ns
[2020-03-27T04:59:24.551+0000][1][safepoint    ] Safepoint "RevokeBias", Time since last: 19491302 ns, Reaching safepoint: 93100 ns, At safepoint: 23000 ns, Total: 116100 ns
[2020-03-27T04:59:24.553+0000][1][safepoint    ] Safepoint "RevokeBias", Time since last: 1403801 ns, Reaching safepoint: 31000 ns, At safepoint: 17700 ns, Total: 48700 ns
[2020-03-27T04:59:24.554+0000][1][safepoint    ] Safepoint "RevokeBias", Time since last: 933400 ns, Reaching safepoint: 36000 ns, At safepoint: 17800 ns, Total: 53800 ns
[2020-03-27T04:59:24.554+0000][1][safepoint    ] Safepoint "RevokeBias", Time since last: 336800 ns, Reaching safepoint: 6400 ns, At safepoint: 7600 ns, Total: 14000 ns
[2020-03-27T04:59:24.554+0000][1][safepoint    ] Safepoint "RevokeBias", Time since last: 243700 ns, Reaching safepoint: 5600 ns, At safepoint: 8300 ns, Total: 13900 ns
[2020-03-27T04:59:24.885+0000][1][safepoint    ] Safepoint "RevokeBias", Time since last: 330695534 ns, Reaching safepoint: 112800 ns, At safepoint: 16900 ns, Total: 129700 ns
[2020-03-27T04:59:25.294+0000][1][safepoint    ] Safepoint "RevokeBias", Time since last: 409151643 ns, Reaching safepoint: 38100 ns, At safepoint: 26100 ns, Total: 64200 ns
[2020-03-27T04:59:25.415+0000][1][safepoint    ] Safepoint "RevokeBias", Time since last: 120649412 ns, Reaching safepoint: 30700 ns, At safepoint: 12100 ns, Total: 42800 ns
[2020-03-27T04:59:25.416+0000][1][safepoint    ] Safepoint "RevokeBias", Time since last: 766300 ns, Reaching safepoint: 84000 ns, At safepoint: 10200 ns, Total: 94200 ns
[2020-03-27T04:59:25.513+0000][1][safepoint    ] Safepoint "RevokeBias", Time since last: 97168311 ns, Reaching safepoint: 97400 ns, At safepoint: 19200 ns, Total: 116600 ns
[2020-03-27T04:59:25.517+0000][1][safepoint    ] Safepoint "RevokeBias", Time since last: 3429700 ns, Reaching safepoint: 13900 ns, At safepoint: 22200 ns, Total: 36100 ns
[2020-03-27T04:59:25.558+0000][1][safepoint    ] Safepoint "RevokeBias", Time since last: 41163004 ns, Reaching safepoint: 21300 ns, At safepoint: 19700 ns, Total: 41000 ns
[2020-03-27T04:59:25.629+0000][1][safepoint    ] Safepoint "RevokeBias", Time since last: 70922508 ns, Reaching safepoint: 18300 ns, At safepoint: 20400 ns, Total: 38700 ns
[2020-03-27T04:59:25.642+0000][1][safepoint    ] Safepoint "RevokeBias", Time since last: 13123701 ns, Reaching safepoint: 17300 ns, At safepoint: 18100 ns, Total: 35400 ns
[2020-03-27T04:59:25.681+0000][1][gc,start     ] GC(0) Pause Young (Allocation Failure)
[2020-03-27T04:59:25.681+0000][1][gc,task      ] GC(0) Using 2 workers of 2 for evacuation
[2020-03-27T04:59:25.709+0000][1][gc,age       ] GC(0) Desired survivor size 8716288 bytes, new threshold 1 (max threshold 6)
[2020-03-27T04:59:25.710+0000][1][gc,age       ] GC(0) Age table with threshold 1 (max threshold 6)
[2020-03-27T04:59:25.710+0000][1][gc,age       ] GC(0) - age   1:    9555104 bytes,    9555104 total
[2020-03-27T04:59:25.711+0000][1][gc,heap      ] GC(0) ParNew: 136320K->9399K(153344K)
[2020-03-27T04:59:25.711+0000][1][gc,heap      ] GC(0) CMS: 0K->0K(353920K)
[2020-03-27T04:59:25.711+0000][1][gc,metaspace ] GC(0) Metaspace: 17260K->17260K(1064960K)
[2020-03-27T04:59:25.711+0000][1][gc           ] GC(0) Pause Young (Allocation Failure) 133M->9M(495M) 30.786ms
[2020-03-27T04:59:25.714+0000][1][gc,cpu       ] GC(0) User=0.02s Sys=0.00s Real=0.03s
[2020-03-27T04:59:25.714+0000][1][safepoint    ] Safepoint "GenCollectForAllocation", Time since last: 38643404 ns, Reaching safepoint: 25500 ns, At safepoint: 33518903 ns, Total: 33544403 ns
[2020-03-27T04:59:25.715+0000][1][safepoint    ] Safepoint "RevokeBias", Time since last: 817401 ns, Reaching safepoint: 83100 ns, At safepoint: 22500 ns, Total: 105600 ns
[2020-03-27T04:59:25.715+0000][1][safepoint    ] Safepoint "RevokeBias", Time since last: 305600 ns, Reaching safepoint: 101200 ns, At safepoint: 50600 ns, Total: 151800 ns
[2020-03-27T04:59:25.717+0000][1][safepoint    ] Safepoint "BulkRevokeBias", Time since last: 912600 ns, Reaching safepoint: 109500 ns, At safepoint: 42000 ns, Total: 151500 ns
[2020-03-27T04:59:25.717+0000][1][safepoint    ] Safepoint "RevokeBias", Time since last: 408600 ns, Reaching safepoint: 97500 ns, At safepoint: 37000 ns, Total: 134500 ns
[2020-03-27T04:59:25.720+0000][1][safepoint    ] Safepoint "RevokeBias", Time since last: 2467600 ns, Reaching safepoint: 80700 ns, At safepoint: 22100 ns, Total: 102800 ns
[2020-03-27T04:59:25.720+0000][1][safepoint    ] Safepoint "RevokeBias", Time since last: 401000 ns, Reaching safepoint: 9000 ns, At safepoint: 13100 ns, Total: 22100 ns
[2020-03-27T04:59:25.720+0000][1][safepoint    ] Safepoint "RevokeBias", Time since last: 222100 ns, Reaching safepoint: 74200 ns, At safepoint: 14100 ns, Total: 88300 ns
[2020-03-27T04:59:25.721+0000][1][safepoint    ] Safepoint "RevokeBias", Time since last: 182900 ns, Reaching safepoint: 76800 ns, At safepoint: 17100 ns, Total: 93900 ns
[2020-03-27T04:59:25.721+0000][1][safepoint    ] Safepoint "RevokeBias", Time since last: 178000 ns, Reaching safepoint: 73100 ns, At safepoint: 11100 ns, Total: 84200 ns
[2020-03-27T04:59:25.721+0000][1][safepoint    ] Safepoint "RevokeBias", Time since last: 161200 ns, Reaching safepoint: 6600 ns, At safepoint: 10700 ns, Total: 17300 ns
[2020-03-27T04:59:25.721+0000][1][safepoint    ] Safepoint "RevokeBias", Time since last: 155300 ns, Reaching safepoint: 74600 ns, At safepoint: 15800 ns, Total: 90400 ns
[2020-03-27T04:59:25.722+0000][1][safepoint    ] Safepoint "RevokeBias", Time since last: 199700 ns, Reaching safepoint: 76800 ns, At safepoint: 14000 ns, Total: 90800 ns
[2020-03-27T04:59:25.722+0000][1][safepoint    ] Safepoint "RevokeBias", Time since last: 132700 ns, Reaching safepoint: 73200 ns, At safepoint: 10200 ns, Total: 83400 ns
[2020-03-27T04:59:25.722+0000][1][safepoint    ] Safepoint "RevokeBias", Time since last: 218100 ns, Reaching safepoint: 74300 ns, At safepoint: 10800 ns, Total: 85100 ns
[2020-03-27T04:59:25.722+0000][1][safepoint    ] Safepoint "RevokeBias", Time since last: 190900 ns, Reaching safepoint: 73300 ns, At safepoint: 13500 ns, Total: 86800 ns
[2020-03-27T04:59:25.723+0000][1][safepoint    ] Safepoint "RevokeBias", Time since last: 189400 ns, Reaching safepoint: 78500 ns, At safepoint: 22400 ns, Total: 100900 ns
[2020-03-27T04:59:25.723+0000][1][safepoint    ] Safepoint "RevokeBias", Time since last: 178300 ns, Reaching safepoint: 75300 ns, At safepoint: 17400 ns, Total: 92700 ns
[2020-03-27T04:59:25.723+0000][1][safepoint    ] Safepoint "RevokeBias", Time since last: 151300 ns, Reaching safepoint: 73000 ns, At safepoint: 10500 ns, Total: 83500 ns
[2020-03-27T04:59:25.723+0000][1][safepoint    ] Safepoint "RevokeBias", Time since last: 138700 ns, Reaching safepoint: 5500 ns, At safepoint: 9700 ns, Total: 15200 ns
[2020-03-27T04:59:25.724+0000][1][safepoint    ] Safepoint "RevokeBias", Time since last: 179400 ns, Reaching safepoint: 9300 ns, At safepoint: 12900 ns, Total: 22200 ns
[2020-03-27T04:59:25.725+0000][1][safepoint    ] Safepoint "RevokeBias", Time since last: 1683801 ns, Reaching safepoint: 75200 ns, At safepoint: 20300 ns, Total: 95500 ns
[2020-03-27T04:59:25.726+0000][1][safepoint    ] Safepoint "RevokeBias", Time since last: 292500 ns, Reaching safepoint: 72000 ns, At safepoint: 20700 ns, Total: 92700 ns
[2020-03-27T04:59:25.726+0000][1][safepoint    ] Safepoint "RevokeBias", Time since last: 197700 ns, Reaching safepoint: 7400 ns, At safepoint: 13600 ns, Total: 21000 ns
[2020-03-27T04:59:25.726+0000][1][safepoint    ] Safepoint "RevokeBias", Time since last: 345900 ns, Reaching safepoint: 66600 ns, At safepoint: 18800 ns, Total: 85400 ns
[2020-03-27T04:59:25.727+0000][1][safepoint    ] Safepoint "RevokeBias", Time since last: 202300 ns, Reaching safepoint: 8900 ns, At safepoint: 17400 ns, Total: 26300 ns
[2020-03-27T04:59:25.727+0000][1][safepoint    ] Safepoint "RevokeBias", Time since last: 302800 ns, Reaching safepoint: 8400 ns, At safepoint: 14500 ns, Total: 22900 ns
[2020-03-27T04:59:25.727+0000][1][safepoint    ] Safepoint "RevokeBias", Time since last: 189400 ns, Reaching safepoint: 7700 ns, At safepoint: 12900 ns, Total: 20600 ns
[2020-03-27T04:59:25.728+0000][1][safepoint    ] Safepoint "RevokeBias", Time since last: 373500 ns, Reaching safepoint: 7800 ns, At safepoint: 15300 ns, Total: 23100 ns
[2020-03-27T04:59:25.728+0000][1][safepoint    ] Safepoint "RevokeBias", Time since last: 302800 ns, Reaching safepoint: 7900 ns, At safepoint: 16100 ns, Total: 24000 ns
[2020-03-27T04:59:25.728+0000][1][safepoint    ] Safepoint "RevokeBias", Time since last: 291800 ns, Reaching safepoint: 7900 ns, At safepoint: 25300 ns, Total: 33200 ns
[2020-03-27T04:59:25.729+0000][1][safepoint    ] Safepoint "RevokeBias", Time since last: 269800 ns, Reaching safepoint: 18900 ns, At safepoint: 116400 ns, Total: 135300 ns
[2020-03-27T04:59:25.729+0000][1][safepoint    ] Safepoint "RevokeBias", Time since last: 269700 ns, Reaching safepoint: 57500 ns, At safepoint: 17600 ns, Total: 75100 ns
[2020-03-27T04:59:25.729+0000][1][safepoint    ] Safepoint "RevokeBias", Time since last: 162400 ns, Reaching safepoint: 78400 ns, At safepoint: 16300 ns, Total: 94700 ns
[2020-03-27T04:59:25.730+0000][1][safepoint    ] Safepoint "RevokeBias", Time since last: 167000 ns, Reaching safepoint: 170800 ns, At safepoint: 15800 ns, Total: 186600 ns
[2020-03-27T04:59:25.732+0000][1][safepoint    ] Safepoint "RevokeBias", Time since last: 2046400 ns, Reaching safepoint: 84100 ns, At safepoint: 19400 ns, Total: 103500 ns
[2020-03-27T04:59:25.732+0000][1][safepoint    ] Safepoint "RevokeBias", Time since last: 327700 ns, Reaching safepoint: 9200 ns, At safepoint: 34300 ns, Total: 43500 ns
[2020-03-27T04:59:25.733+0000][1][safepoint    ] Safepoint "RevokeBias", Time since last: 837900 ns, Reaching safepoint: 86000 ns, At safepoint: 16500 ns, Total: 102500 ns
[2020-03-27T04:59:25.734+0000][1][safepoint    ] Safepoint "BulkRevokeBias", Time since last: 334200 ns, Reaching safepoint: 244201 ns, At safepoint: 36200 ns, Total: 280401 ns
[2020-03-27T04:59:25.734+0000][1][safepoint    ] Safepoint "RevokeBias", Time since last: 191400 ns, Reaching safepoint: 78800 ns, At safepoint: 15800 ns, Total: 94600 ns
[2020-03-27T04:59:25.734+0000][1][safepoint    ] Safepoint "BulkRevokeBias", Time since last: 189000 ns, Reaching safepoint: 145700 ns, At safepoint: 27700 ns, Total: 173400 ns
[2020-03-27T04:59:25.846+0000][1][safepoint    ] Safepoint "RevokeBias", Time since last: 111204711 ns, Reaching safepoint: 83400 ns, At safepoint: 37000 ns, Total: 120400 ns
[2020-03-27T04:59:25.860+0000][1][safepoint    ] Safepoint "RevokeBias", Time since last: 13847602 ns, Reaching safepoint: 79800 ns, At safepoint: 21800 ns, Total: 101600 ns
[2020-03-27T04:59:26.043+0000][1][safepoint    ] Safepoint "RevokeBias", Time since last: 181003118 ns, Reaching safepoint: 2238301 ns, At safepoint: 23200 ns, Total: 2261501 ns
[2020-03-27T04:59:26.048+0000][1][safepoint    ] Safepoint "RevokeBias", Time since last: 4711300 ns, Reaching safepoint: 81800 ns, At safepoint: 18100 ns, Total: 99900 ns
[2020-03-27T04:59:26.053+0000][1][safepoint    ] Safepoint "RevokeBias", Time since last: 5049701 ns, Reaching safepoint: 85900 ns, At safepoint: 20100 ns, Total: 106000 ns
[2020-03-27T04:59:26.234+0000][1][gc,start     ] GC(1) Pause Young (Allocation Failure)
[2020-03-27T04:59:26.234+0000][1][gc,task      ] GC(1) Using 2 workers of 2 for evacuation
[2020-03-27T04:59:26.289+0000][1][gc,age       ] GC(1) Desired survivor size 8716288 bytes, new threshold 6 (max threshold 6)
[2020-03-27T04:59:26.291+0000][1][gc,age       ] GC(1) Age table with threshold 6 (max threshold 6)
[2020-03-27T04:59:26.291+0000][1][gc,age       ] GC(1) - age   1:    3098416 bytes,    3098416 total
[2020-03-27T04:59:26.292+0000][1][gc,heap      ] GC(1) ParNew: 145719K->5799K(153344K)
[2020-03-27T04:59:26.292+0000][1][gc,heap      ] GC(1) CMS: 0K->9530K(353920K)
[2020-03-27T04:59:26.292+0000][1][gc,metaspace ] GC(1) Metaspace: 18584K->18584K(1067008K)
[2020-03-27T04:59:26.293+0000][1][gc           ] GC(1) Pause Young (Allocation Failure) 142M->14M(495M) 58.860ms
[2020-03-27T04:59:26.293+0000][1][gc,cpu       ] GC(1) User=0.07s Sys=0.00s Real=0.06s
[2020-03-27T04:59:26.294+0000][1][safepoint    ] Safepoint "GenCollectForAllocation", Time since last: 180767019 ns, Reaching safepoint: 108300 ns, At safepoint: 60479506 ns, Total: 60587806 ns
[2020-03-27T04:59:26.295+0000][1][safepoint    ] Safepoint "RevokeBias", Time since last: 716300 ns, Reaching safepoint: 87800 ns, At safepoint: 20200 ns, Total: 108000 ns
[2020-03-27T04:59:26.296+0000][1][safepoint    ] Safepoint "RevokeBias", Time since last: 322300 ns, Reaching safepoint: 108700 ns, At safepoint: 622000 ns, Total: 730700 ns
[2020-03-27T04:59:26.297+0000][1][safepoint    ] Safepoint "RevokeBias", Time since last: 414300 ns, Reaching safepoint: 120300 ns, At safepoint: 31500 ns, Total: 151800 ns
[2020-03-27T04:59:26.297+0000][1][safepoint    ] Safepoint "RevokeBias", Time since last: 333800 ns, Reaching safepoint: 36300 ns, At safepoint: 29500 ns, Total: 65800 ns
[2020-03-27T04:59:26.298+0000][1][safepoint    ] Safepoint "RevokeBias", Time since last: 615800 ns, Reaching safepoint: 21800 ns, At safepoint: 17300 ns, Total: 39100 ns
[2020-03-27T04:59:26.299+0000][1][safepoint    ] Safepoint "RevokeBias", Time since last: 255500 ns, Reaching safepoint: 655600 ns, At safepoint: 16700 ns, Total: 672300 ns
[2020-03-27T04:59:26.305+0000][1][safepoint    ] Safepoint "RevokeBias", Time since last: 3963801 ns, Reaching safepoint: 2014100 ns, At safepoint: 35900 ns, Total: 2050000 ns
[2020-03-27T04:59:26.306+0000][1][safepoint    ] Safepoint "RevokeBias", Time since last: 1377300 ns, Reaching safepoint: 88000 ns, At safepoint: 28400 ns, Total: 116400 ns
[2020-03-27T04:59:26.311+0000][1][safepoint    ] Safepoint "RevokeBias", Time since last: 2474200 ns, Reaching safepoint: 1995301 ns, At safepoint: 23000 ns, Total: 2018301 ns
[2020-03-27T04:59:26.311+0000][1][safepoint    ] Safepoint "RevokeBias", Time since last: 532000 ns, Reaching safepoint: 80100 ns, At safepoint: 13400 ns, Total: 93500 ns
[2020-03-27T04:59:26.313+0000][1][safepoint    ] Safepoint "RevokeBias", Time since last: 755300 ns, Reaching safepoint: 600800 ns, At safepoint: 40500 ns, Total: 641300 ns
[2020-03-27T04:59:26.313+0000][1][safepoint    ] Safepoint "RevokeBias", Time since last: 441900 ns, Reaching safepoint: 217800 ns, At safepoint: 26000 ns, Total: 243800 ns
[2020-03-27T04:59:26.316+0000][1][safepoint    ] Safepoint "RevokeBias", Time since last: 2722200 ns, Reaching safepoint: 84600 ns, At safepoint: 19500 ns, Total: 104100 ns
[2020-03-27T04:59:26.319+0000][1][safepoint    ] Safepoint "RevokeBias", Time since last: 489700 ns, Reaching safepoint: 2125600 ns, At safepoint: 23000 ns, Total: 2148600 ns
[2020-03-27T04:59:26.324+0000][1][safepoint    ] Safepoint "RevokeBias", Time since last: 4805801 ns, Reaching safepoint: 85800 ns, At safepoint: 23800 ns, Total: 109600 ns
[2020-03-27T04:59:26.324+0000][1][safepoint    ] Safepoint "RevokeBias", Time since last: 512800 ns, Reaching safepoint: 80800 ns, At safepoint: 28700 ns, Total: 109500 ns
[2020-03-27T04:59:26.325+0000][1][safepoint    ] Safepoint "RevokeBias", Time since last: 357600 ns, Reaching safepoint: 10200 ns, At safepoint: 15700 ns, Total: 25900 ns
[2020-03-27T04:59:26.325+0000][1][safepoint    ] Safepoint "RevokeBias", Time since last: 249800 ns, Reaching safepoint: 18000 ns, At safepoint: 11000 ns, Total: 29000 ns
[2020-03-27T04:59:26.325+0000][1][safepoint    ] Safepoint "RevokeBias", Time since last: 397700 ns, Reaching safepoint: 7900 ns, At safepoint: 13700 ns, Total: 21600 ns
[2020-03-27T04:59:26.326+0000][1][safepoint    ] Safepoint "RevokeBias", Time since last: 346700 ns, Reaching safepoint: 8400 ns, At safepoint: 42800 ns, Total: 51200 ns
[2020-03-27T04:59:26.326+0000][1][safepoint    ] Safepoint "RevokeBias", Time since last: 235900 ns, Reaching safepoint: 7300 ns, At safepoint: 9800 ns, Total: 17100 ns
[2020-03-27T04:59:26.326+0000][1][safepoint    ] Safepoint "RevokeBias", Time since last: 282600 ns, Reaching safepoint: 81700 ns, At safepoint: 16600 ns, Total: 98300 ns
[2020-03-27T04:59:26.327+0000][1][safepoint    ] Safepoint "RevokeBias", Time since last: 237800 ns, Reaching safepoint: 9000 ns, At safepoint: 12700 ns, Total: 21700 ns
[2020-03-27T04:59:26.329+0000][1][safepoint    ] Safepoint "RevokeBias", Time since last: 252900 ns, Reaching safepoint: 2137901 ns, At safepoint: 23600 ns, Total: 2161501 ns
[2020-03-27T04:59:26.333+0000][1][safepoint    ] Safepoint "RevokeBias", Time since last: 3697100 ns, Reaching safepoint: 20200 ns, At safepoint: 24200 ns, Total: 44400 ns
[2020-03-27T04:59:26.814+0000][1][gc,start     ] GC(2) Pause Young (Allocation Failure)
[2020-03-27T04:59:26.815+0000][1][gc,task      ] GC(2) Using 2 workers of 2 for evacuation
[2020-03-27T04:59:26.843+0000][1][gc,age       ] GC(2) Desired survivor size 8716288 bytes, new threshold 6 (max threshold 6)
[2020-03-27T04:59:26.844+0000][1][gc,age       ] GC(2) Age table with threshold 6 (max threshold 6)
[2020-03-27T04:59:26.844+0000][1][gc,age       ] GC(2) - age   1:    3115704 bytes,    3115704 total
[2020-03-27T04:59:26.844+0000][1][gc,age       ] GC(2) - age   2:    1583920 bytes,    4699624 total
[2020-03-27T04:59:26.845+0000][1][gc,heap      ] GC(2) ParNew: 142119K->5169K(153344K)
[2020-03-27T04:59:26.845+0000][1][gc,heap      ] GC(2) CMS: 9530K->9530K(353920K)
[2020-03-27T04:59:26.845+0000][1][gc,metaspace ] GC(2) Metaspace: 19093K->19093K(1067008K)
[2020-03-27T04:59:26.845+0000][1][gc           ] GC(2) Pause Young (Allocation Failure) 148M->14M(495M) 31.450ms
[2020-03-27T04:59:26.846+0000][1][gc,cpu       ] GC(2) User=0.01s Sys=0.00s Real=0.04s
[2020-03-27T04:59:26.846+0000][1][safepoint    ] Safepoint "GenCollectForAllocation", Time since last: 480999650 ns, Reaching safepoint: 104700 ns, At safepoint: 31992203 ns, Total: 32096903 ns
[2020-03-27T04:59:26.847+0000][1][safepoint    ] Safepoint "BulkRevokeBias", Time since last: 695900 ns, Reaching safepoint: 88200 ns, At safepoint: 40800 ns, Total: 129000 ns
[2020-03-27T04:59:26.847+0000][1][safepoint    ] Safepoint "RevokeBias", Time since last: 392500 ns, Reaching safepoint: 100500 ns, At safepoint: 36400 ns, Total: 136900 ns
[2020-03-27T04:59:26.848+0000][1][safepoint    ] Safepoint "RevokeBias", Time since last: 280201 ns, Reaching safepoint: 94500 ns, At safepoint: 9500 ns, Total: 104000 ns
[2020-03-27T04:59:26.848+0000][1][safepoint    ] Safepoint "RevokeBias", Time since last: 296100 ns, Reaching safepoint: 93100 ns, At safepoint: 23100 ns, Total: 116200 ns
[2020-03-27T04:59:26.848+0000][1][safepoint    ] Safepoint "RevokeBias", Time since last: 332500 ns, Reaching safepoint: 98700 ns, At safepoint: 12500 ns, Total: 111200 ns
[2020-03-27T04:59:26.849+0000][1][safepoint    ] Safepoint "RevokeBias", Time since last: 248200 ns, Reaching safepoint: 121500 ns, At safepoint: 19300 ns, Total: 140800 ns
[2020-03-27T04:59:26.849+0000][1][safepoint    ] Safepoint "RevokeBias", Time since last: 225300 ns, Reaching safepoint: 7800 ns, At safepoint: 9100 ns, Total: 16900 ns
[2020-03-27T04:59:26.849+0000][1][safepoint    ] Safepoint "RevokeBias", Time since last: 198400 ns, Reaching safepoint: 94500 ns, At safepoint: 13500 ns, Total: 108000 ns
[2020-03-27T04:59:26.850+0000][1][safepoint    ] Safepoint "RevokeBias", Time since last: 181500 ns, Reaching safepoint: 81200 ns, At safepoint: 7600 ns, Total: 88800 ns
[2020-03-27T04:59:26.850+0000][1][safepoint    ] Safepoint "RevokeBias", Time since last: 151900 ns, Reaching safepoint: 91200 ns, At safepoint: 18100 ns, Total: 109300 ns
[2020-03-27T04:59:26.890+0000][1][safepoint    ] Safepoint "Deoptimize", Time since last: 38825704 ns, Reaching safepoint: 1075800 ns, At safepoint: 180700 ns, Total: 1256500 ns
[2020-03-27T04:59:26.914+0000][1][safepoint    ] Safepoint "RevokeBias", Time since last: 23780302 ns, Reaching safepoint: 92300 ns, At safepoint: 24900 ns, Total: 117200 ns
[2020-03-27T04:59:26.938+0000][1][safepoint    ] Safepoint "RevokeBias", Time since last: 23460403 ns, Reaching safepoint: 89600 ns, At safepoint: 61900 ns, Total: 151500 ns
[2020-03-27T04:59:26.943+0000][1][safepoint    ] Safepoint "RevokeBias", Time since last: 5704400 ns, Reaching safepoint: 87900 ns, At safepoint: 77700 ns, Total: 165600 ns
[2020-03-27T04:59:26.952+0000][1][safepoint    ] Safepoint "RevokeBias", Time since last: 8806101 ns, Reaching safepoint: 91600 ns, At safepoint: 26100 ns, Total: 117700 ns
[2020-03-27T04:59:26.973+0000][1][safepoint    ] Safepoint "RevokeBias", Time since last: 20286203 ns, Reaching safepoint: 83800 ns, At safepoint: 24800 ns, Total: 108600 ns
[2020-03-27T04:59:26.976+0000][1][safepoint    ] Safepoint "RevokeBias", Time since last: 3121200 ns, Reaching safepoint: 83400 ns, At safepoint: 22800 ns, Total: 106200 ns
[2020-03-27T04:59:27.002+0000][1][safepoint    ] Safepoint "RevokeBias", Time since last: 26096403 ns, Reaching safepoint: 104300 ns, At safepoint: 25000 ns, Total: 129300 ns
[2020-03-27T04:59:27.005+0000][1][safepoint    ] Safepoint "RevokeBias", Time since last: 2909600 ns, Reaching safepoint: 91700 ns, At safepoint: 26400 ns, Total: 118100 ns
[2020-03-27T04:59:27.017+0000][1][safepoint    ] Safepoint "RevokeBias", Time since last: 12011801 ns, Reaching safepoint: 87300 ns, At safepoint: 35800 ns, Total: 123100 ns
[2020-03-27T04:59:27.040+0000][1][safepoint    ] Safepoint "RevokeBias", Time since last: 22236803 ns, Reaching safepoint: 15800 ns, At safepoint: 20600 ns, Total: 36400 ns
[2020-03-27T04:59:27.109+0000][1][safepoint    ] Safepoint "Deoptimize", Time since last: 69009007 ns, Reaching safepoint: 27400 ns, At safepoint: 264200 ns, Total: 291600 ns
[2020-03-27T04:59:27.202+0000][1][safepoint    ] Safepoint "RevokeBias", Time since last: 92596509 ns, Reaching safepoint: 128500 ns, At safepoint: 30400 ns, Total: 158900 ns
[2020-03-27T04:59:27.212+0000][1][safepoint    ] Safepoint "RevokeBias", Time since last: 9973401 ns, Reaching safepoint: 90500 ns, At safepoint: 21800 ns, Total: 112300 ns
[2020-03-27T04:59:27.214+0000][1][safepoint    ] Safepoint "RevokeBias", Time since last: 2060901 ns, Reaching safepoint: 79300 ns, At safepoint: 31600 ns, Total: 110900 ns
[2020-03-27T04:59:27.270+0000][1][safepoint    ] Safepoint "RevokeBias", Time since last: 55910605 ns, Reaching safepoint: 88900 ns, At safepoint: 23700 ns, Total: 112600 ns
[2020-03-27T04:59:27.272+0000][1][safepoint    ] Safepoint "RevokeBias", Time since last: 1519101 ns, Reaching safepoint: 56800 ns, At safepoint: 33600 ns, Total: 90400 ns
[2020-03-27T04:59:27.345+0000][1][safepoint    ] Safepoint "RevokeBias", Time since last: 73628807 ns, Reaching safepoint: 104900 ns, At safepoint: 22300 ns, Total: 127200 ns
[2020-03-27T04:59:27.352+0000][1][safepoint    ] Safepoint "RevokeBias", Time since last: 6426201 ns, Reaching safepoint: 94300 ns, At safepoint: 18800 ns, Total: 113100 ns
[2020-03-27T04:59:27.390+0000][1][gc,start     ] GC(3) Pause Young (Allocation Failure)
[2020-03-27T04:59:27.391+0000][1][gc,task      ] GC(3) Using 2 workers of 2 for evacuation
[2020-03-27T04:59:27.398+0000][1][gc,age       ] GC(3) Desired survivor size 8716288 bytes, new threshold 6 (max threshold 6)
[2020-03-27T04:59:27.399+0000][1][gc,age       ] GC(3) Age table with threshold 6 (max threshold 6)
[2020-03-27T04:59:27.409+0000][1][gc,age       ] GC(3) - age   1:    2360008 bytes,    2360008 total
[2020-03-27T04:59:27.410+0000][1][gc,age       ] GC(3) - age   2:    1674952 bytes,    4034960 total
[2020-03-27T04:59:27.410+0000][1][gc,age       ] GC(3) - age   3:    1583864 bytes,    5618824 total
[2020-03-27T04:59:27.411+0000][1][gc,heap      ] GC(3) ParNew: 141489K->8176K(153344K)
[2020-03-27T04:59:27.411+0000][1][gc,heap      ] GC(3) CMS: 9530K->9530K(353920K)
[2020-03-27T04:59:27.411+0000][1][gc,metaspace ] GC(3) Metaspace: 19467K->19467K(1067008K)
[2020-03-27T04:59:27.412+0000][1][gc           ] GC(3) Pause Young (Allocation Failure) 147M->17M(495M) 21.183ms
[2020-03-27T04:59:27.412+0000][1][gc,cpu       ] GC(3) User=0.02s Sys=0.00s Real=0.02s
[2020-03-27T04:59:27.412+0000][1][safepoint    ] Safepoint "GenCollectForAllocation", Time since last: 38541404 ns, Reaching safepoint: 23700 ns, At safepoint: 21714202 ns, Total: 21737902 ns
[2020-03-27T04:59:27.413+0000][1][safepoint    ] Safepoint "RevokeBias", Time since last: 428800 ns, Reaching safepoint: 26500 ns, At safepoint: 135900 ns, Total: 162400 ns
[2020-03-27T04:59:27.413+0000][1][safepoint    ] Safepoint "RevokeBias", Time since last: 331900 ns, Reaching safepoint: 138200 ns, At safepoint: 36200 ns, Total: 174400 ns
[2020-03-27T04:59:27.414+0000][1][safepoint    ] Safepoint "RevokeBias", Time since last: 570900 ns, Reaching safepoint: 78500 ns, At safepoint: 40300 ns, Total: 118800 ns
[2020-03-27T04:59:27.414+0000][1][safepoint    ] Safepoint "BulkRevokeBias", Time since last: 204201 ns, Reaching safepoint: 88300 ns, At safepoint: 31100 ns, Total: 119400 ns
[2020-03-27T04:59:27.415+0000][1][safepoint    ] Safepoint "BulkRevokeBias", Time since last: 183800 ns, Reaching safepoint: 87600 ns, At safepoint: 33100 ns, Total: 120700 ns
[2020-03-27T04:59:27.664+0000][1][gc,start     ] GC(4) Pause Young (Allocation Failure)
[2020-03-27T04:59:27.664+0000][1][gc,task      ] GC(4) Using 2 workers of 2 for evacuation
[2020-03-27T04:59:27.679+0000][1][gc,age       ] GC(4) Desired survivor size 8716288 bytes, new threshold 6 (max threshold 6)
[2020-03-27T04:59:27.679+0000][1][gc,age       ] GC(4) Age table with threshold 6 (max threshold 6)
[2020-03-27T04:59:27.689+0000][1][gc,age       ] GC(4) - age   1:    1449168 bytes,    1449168 total
[2020-03-27T04:59:27.690+0000][1][gc,age       ] GC(4) - age   2:    2336440 bytes,    3785608 total
[2020-03-27T04:59:27.690+0000][1][gc,age       ] GC(4) - age   3:    1674104 bytes,    5459712 total
[2020-03-27T04:59:27.691+0000][1][gc,age       ] GC(4) - age   4:    1579552 bytes,    7039264 total
[2020-03-27T04:59:27.691+0000][1][gc,heap      ] GC(4) ParNew: 144496K->7706K(153344K)
[2020-03-27T04:59:27.691+0000][1][gc,heap      ] GC(4) CMS: 9530K->9530K(353920K)
[2020-03-27T04:59:27.692+0000][1][gc,metaspace ] GC(4) Metaspace: 19826K->19826K(1067008K)
[2020-03-27T04:59:27.692+0000][1][gc           ] GC(4) Pause Young (Allocation Failure) 150M->16M(495M) 28.142ms
[2020-03-27T04:59:27.692+0000][1][gc,cpu       ] GC(4) User=0.01s Sys=0.00s Real=0.03s
[2020-03-27T04:59:27.692+0000][1][safepoint    ] Safepoint "GenCollectForAllocation", Time since last: 249021225 ns, Reaching safepoint: 104800 ns, At safepoint: 28744403 ns, Total: 28849203 ns
[2020-03-27T04:59:27.817+0000][1][safepoint    ] Safepoint "CollectForMetadataAllocation", Time since last: 124179213 ns, Reaching safepoint: 28900 ns, At safepoint: 80100 ns, Total: 109000 ns
[2020-03-27T04:59:27.828+0000][1][safepoint    ] Safepoint "CollectForMetadataAllocation", Time since last: 10872802 ns, Reaching safepoint: 86700 ns, At safepoint: 69100 ns, Total: 155800 ns
[2020-03-27T04:59:27.866+0000][1][safepoint    ] Safepoint "CollectForMetadataAllocation", Time since last: 37969704 ns, Reaching safepoint: 89400 ns, At safepoint: 68700 ns, Total: 158100 ns
[2020-03-27T04:59:28.008+0000][1][gc,start     ] GC(5) Pause Young (Allocation Failure)
[2020-03-27T04:59:28.008+0000][1][gc,task      ] GC(5) Using 2 workers of 2 for evacuation
[2020-03-27T04:59:28.029+0000][1][gc,age       ] GC(5) Desired survivor size 8716288 bytes, new threshold 5 (max threshold 6)
[2020-03-27T04:59:28.029+0000][1][gc,age       ] GC(5) Age table with threshold 5 (max threshold 6)
[2020-03-27T04:59:28.030+0000][1][gc,age       ] GC(5) - age   1:    3010696 bytes,    3010696 total
[2020-03-27T04:59:28.030+0000][1][gc,age       ] GC(5) - age   2:     324016 bytes,    3334712 total
[2020-03-27T04:59:28.030+0000][1][gc,age       ] GC(5) - age   3:    2335984 bytes,    5670696 total
[2020-03-27T04:59:28.031+0000][1][gc,age       ] GC(5) - age   4:    1674104 bytes,    7344800 total
[2020-03-27T04:59:28.031+0000][1][gc,age       ] GC(5) - age   5:    1579552 bytes,    8924352 total
[2020-03-27T04:59:28.031+0000][1][gc,heap      ] GC(5) ParNew: 144026K->12880K(153344K)
[2020-03-27T04:59:28.031+0000][1][gc,heap      ] GC(5) CMS: 9530K->9530K(353920K)
[2020-03-27T04:59:28.032+0000][1][gc,metaspace ] GC(5) Metaspace: 20768K->20768K(1069056K)
[2020-03-27T04:59:28.032+0000][1][gc           ] GC(5) Pause Young (Allocation Failure) 149M->21M(495M) 24.510ms
[2020-03-27T04:59:28.032+0000][1][gc,cpu       ] GC(5) User=0.01s Sys=0.00s Real=0.02s
[2020-03-27T04:59:28.033+0000][1][safepoint    ] Safepoint "GenCollectForAllocation", Time since last: 141651314 ns, Reaching safepoint: 90500 ns, At safepoint: 25082103 ns, Total: 25172603 ns
[2020-03-27T04:59:28.033+0000][1][gc,start     ] GC(6) Pause Initial Mark
[2020-03-27T04:59:28.037+0000][1][gc           ] GC(6) Pause Initial Mark 24M->24M(495M) 3.874ms
[2020-03-27T04:59:28.037+0000][1][gc,cpu       ] GC(6) User=0.00s Sys=0.00s Real=0.01s
[2020-03-27T04:59:28.038+0000][1][safepoint    ] Safepoint "CMS_Initial_Mark", Time since last: 426800 ns, Reaching safepoint: 129800 ns, At safepoint: 4537800 ns, Total: 4667600 ns
[2020-03-27T04:59:28.038+0000][1][gc           ] GC(6) Concurrent Mark
[2020-03-27T04:59:28.057+0000][1][gc           ] GC(6) Concurrent Mark 18.711ms
[2020-03-27T04:59:28.057+0000][1][gc,cpu       ] GC(6) User=0.02s Sys=0.00s Real=0.02s
[2020-03-27T04:59:28.058+0000][1][gc           ] GC(6) Concurrent Preclean
[2020-03-27T04:59:28.058+0000][1][gc           ] GC(6) Concurrent Preclean 0.782ms
[2020-03-27T04:59:28.059+0000][1][gc,cpu       ] GC(6) User=0.00s Sys=0.00s Real=0.00s
[2020-03-27T04:59:28.059+0000][1][gc           ] GC(6) Concurrent Abortable Preclean
[2020-03-27T04:59:28.301+0000][1][safepoint    ] Safepoint "CollectForMetadataAllocation", Time since last: 262834828 ns, Reaching safepoint: 23900 ns, At safepoint: 72600 ns, Total: 96500 ns
[2020-03-27T04:59:28.305+0000][1][gc,start     ] GC(7) Pause Young (Allocation Failure)
[2020-03-27T04:59:28.306+0000][1][gc,task      ] GC(7) Using 2 workers of 2 for evacuation
[2020-03-27T04:59:28.323+0000][1][gc,age       ] GC(7) Desired survivor size 8716288 bytes, new threshold 6 (max threshold 6)
[2020-03-27T04:59:28.323+0000][1][gc,age       ] GC(7) Age table with threshold 6 (max threshold 6)
[2020-03-27T04:59:28.324+0000][1][gc,age       ] GC(7) - age   1:     733608 bytes,     733608 total
[2020-03-27T04:59:28.324+0000][1][gc,age       ] GC(7) - age   2:    1012664 bytes,    1746272 total
[2020-03-27T04:59:28.324+0000][1][gc,age       ] GC(7) - age   3:     324016 bytes,    2070288 total
[2020-03-27T04:59:28.324+0000][1][gc,age       ] GC(7) - age   4:    2335624 bytes,    4405912 total
[2020-03-27T04:59:28.325+0000][1][gc,age       ] GC(7) - age   5:    1674104 bytes,    6080016 total
[2020-03-27T04:59:28.325+0000][1][gc,heap      ] GC(7) ParNew: 149200K->12219K(153344K)
[2020-03-27T04:59:28.325+0000][1][gc,heap      ] GC(7) CMS: 9530K->11087K(353920K)
[2020-03-27T04:59:28.325+0000][1][gc,metaspace ] GC(7) Metaspace: 20953K->20953K(1069056K)
[2020-03-27T04:59:28.326+0000][1][gc           ] GC(7) Pause Young (Allocation Failure) 155M->22M(495M) 20.386ms
[2020-03-27T04:59:28.326+0000][1][gc,cpu       ] GC(7) User=0.01s Sys=0.01s Real=0.03s
[2020-03-27T04:59:28.326+0000][1][safepoint    ] Safepoint "GenCollectForAllocation", Time since last: 4579200 ns, Reaching safepoint: 25600 ns, At safepoint: 20989302 ns, Total: 21014902 ns
[2020-03-27T04:59:28.565+0000][1][gc,start     ] GC(8) Pause Young (Allocation Failure)
[2020-03-27T04:59:28.565+0000][1][gc,task      ] GC(8) Using 2 workers of 2 for evacuation
[2020-03-27T04:59:28.579+0000][1][gc,age       ] GC(8) Desired survivor size 8716288 bytes, new threshold 6 (max threshold 6)
[2020-03-27T04:59:28.579+0000][1][gc,age       ] GC(8) Age table with threshold 6 (max threshold 6)
[2020-03-27T04:59:28.585+0000][1][gc           ] GC(6) Concurrent Abortable Preclean 526.233ms
[2020-03-27T04:59:28.591+0000][1][gc,age       ] GC(8) - age   1:    1963624 bytes,    1963624 total
[2020-03-27T04:59:28.591+0000][1][gc,cpu       ] GC(6) User=0.49s Sys=0.02s Real=0.53s
[2020-03-27T04:59:28.591+0000][1][gc,age       ] GC(8) - age   2:     417048 bytes,    2380672 total
[2020-03-27T04:59:28.592+0000][1][gc,age       ] GC(8) - age   3:    1012512 bytes,    3393184 total
[2020-03-27T04:59:28.593+0000][1][gc,age       ] GC(8) - age   4:     324016 bytes,    3717200 total
[2020-03-27T04:59:28.593+0000][1][gc,age       ] GC(8) - age   5:    2335624 bytes,    6052824 total
[2020-03-27T04:59:28.593+0000][1][gc,age       ] GC(8) - age   6:    1674104 bytes,    7726928 total
[2020-03-27T04:59:28.594+0000][1][gc,heap      ] GC(8) ParNew: 148539K->8526K(153344K)
[2020-03-27T04:59:28.594+0000][1][gc,heap      ] GC(8) CMS: 11087K->11087K(353920K)
[2020-03-27T04:59:28.594+0000][1][gc,metaspace ] GC(8) Metaspace: 21062K->21062K(1069056K)
[2020-03-27T04:59:28.594+0000][1][gc           ] GC(8) Pause Young (Allocation Failure) 155M->19M(495M) 29.839ms
[2020-03-27T04:59:28.595+0000][1][gc,cpu       ] GC(8) User=0.01s Sys=0.00s Real=0.03s
[2020-03-27T04:59:28.595+0000][1][safepoint    ] Safepoint "GenCollectForAllocation", Time since last: 238207225 ns, Reaching safepoint: 28400 ns, At safepoint: 30275103 ns, Total: 30303503 ns
[2020-03-27T04:59:28.595+0000][1][gc,start     ] GC(6) Pause Remark
[2020-03-27T04:59:28.599+0000][1][gc           ] GC(6) Pause Remark 19M->19M(495M) 4.143ms
[2020-03-27T04:59:28.600+0000][1][gc,cpu       ] GC(6) User=0.01s Sys=0.00s Real=0.01s
[2020-03-27T04:59:28.600+0000][1][safepoint    ] Safepoint "CMS_Final_Remark", Time since last: 182700 ns, Reaching safepoint: 79000 ns, At safepoint: 5047301 ns, Total: 5126301 ns
[2020-03-27T04:59:28.601+0000][1][gc           ] GC(6) Concurrent Sweep
[2020-03-27T04:59:28.603+0000][1][gc           ] GC(6) Concurrent Sweep 2.496ms
[2020-03-27T04:59:28.603+0000][1][gc,cpu       ] GC(6) User=0.00s Sys=0.00s Real=0.00s
[2020-03-27T04:59:28.604+0000][1][gc           ] GC(6) Concurrent Reset
[2020-03-27T04:59:28.605+0000][1][gc           ] GC(6) Concurrent Reset 0.891ms
[2020-03-27T04:59:28.607+0000][1][gc,cpu       ] GC(6) User=0.00s Sys=0.00s Real=0.01s
[2020-03-27T04:59:28.608+0000][1][gc,heap      ] GC(6) Old: 9530K->11084K(353920K)
[2020-03-27T04:59:28.662+0000][1][safepoint    ] Safepoint "Deoptimize", Time since last: 61901706 ns, Reaching safepoint: 230600 ns, At safepoint: 167500 ns, Total: 398100 ns
[2020-03-27T04:59:29.312+0000][1][safepoint    ] Safepoint "Deoptimize", Time since last: 649364827 ns, Reaching safepoint: 234500 ns, At safepoint: 194001 ns, Total: 428501 ns
[2020-03-27T04:59:29.318+0000][1][safepoint    ] Safepoint "Deoptimize", Time since last: 5129202 ns, Reaching safepoint: 83900 ns, At safepoint: 218100 ns, Total: 302000 ns
[2020-03-27T04:59:30.157+0000][1][gc,start     ] GC(9) Pause Young (Allocation Failure)
[2020-03-27T04:59:30.157+0000][1][gc,task      ] GC(9) Using 2 workers of 2 for evacuation
[2020-03-27T04:59:30.191+0000][1][gc,age       ] GC(9) Desired survivor size 8716288 bytes, new threshold 1 (max threshold 6)
[2020-03-27T04:59:30.192+0000][1][gc,age       ] GC(9) Age table with threshold 1 (max threshold 6)
[2020-03-27T04:59:30.193+0000][1][gc,age       ] GC(9) - age   1:   11788232 bytes,   11788232 total
[2020-03-27T04:59:30.193+0000][1][gc,age       ] GC(9) - age   2:     264008 bytes,   12052240 total
[2020-03-27T04:59:30.193+0000][1][gc,age       ] GC(9) - age   3:     416656 bytes,   12468896 total
[2020-03-27T04:59:30.194+0000][1][gc,age       ] GC(9) - age   4:    1009408 bytes,   13478304 total
[2020-03-27T04:59:30.194+0000][1][gc,age       ] GC(9) - age   5:     322816 bytes,   13801120 total
[2020-03-27T04:59:30.194+0000][1][gc,age       ] GC(9) - age   6:    2330224 bytes,   16131344 total
[2020-03-27T04:59:30.195+0000][1][gc,heap      ] GC(9) ParNew: 144846K->16812K(153344K)
[2020-03-27T04:59:30.195+0000][1][gc,heap      ] GC(9) CMS: 11084K->12729K(353920K)
[2020-03-27T04:59:30.195+0000][1][gc,metaspace ] GC(9) Metaspace: 27885K->27885K(1075200K)
[2020-03-27T04:59:30.195+0000][1][gc           ] GC(9) Pause Young (Allocation Failure) 152M->28M(495M) 38.700ms
[2020-03-27T04:59:30.196+0000][1][gc,cpu       ] GC(9) User=0.04s Sys=0.00s Real=0.04s
[2020-03-27T04:59:30.196+0000][1][safepoint    ] Safepoint "GenCollectForAllocation", Time since last: 838886335 ns, Reaching safepoint: 181200 ns, At safepoint: 39346421 ns, Total: 39527621 ns
[2020-03-27T04:59:30.858+0000][1][safepoint    ] Safepoint "RevokeBias", Time since last: 661443043 ns, Reaching safepoint: 26000 ns, At safepoint: 29700 ns, Total: 55700 ns
[2020-03-27T04:59:31.105+0000][1][safepoint    ] Safepoint "RevokeBias", Time since last: 247839728 ns, Reaching safepoint: 37000 ns, At safepoint: 25900 ns, Total: 62900 ns
[2020-03-27T04:59:31.227+0000][1][gc,start     ] GC(10) Pause Young (Allocation Failure)
[2020-03-27T04:59:31.228+0000][1][gc,task      ] GC(10) Using 2 workers of 2 for evacuation
[2020-03-27T04:59:31.333+0000][1][gc,age       ] GC(10) Desired survivor size 8716288 bytes, new threshold 1 (max threshold 6)
[2020-03-27T04:59:31.333+0000][1][gc,age       ] GC(10) Age table with threshold 1 (max threshold 6)
[2020-03-27T04:59:31.334+0000][1][gc,age       ] GC(10) - age   1:   15965984 bytes,   15965984 total
[2020-03-27T04:59:31.334+0000][1][gc,heap      ] GC(10) ParNew: 153132K->17024K(153344K)
[2020-03-27T04:59:31.334+0000][1][gc,heap      ] GC(10) CMS: 12729K->30170K(353920K)
[2020-03-27T04:59:31.335+0000][1][gc,metaspace ] GC(10) Metaspace: 29573K->29573K(1077248K)
[2020-03-27T04:59:31.335+0000][1][gc           ] GC(10) Pause Young (Allocation Failure) 161M->46M(495M) 107.876ms
[2020-03-27T04:59:31.335+0000][1][gc,cpu       ] GC(10) User=0.06s Sys=0.00s Real=0.10s
[2020-03-27T04:59:31.336+0000][1][safepoint    ] Safepoint "GenCollectForAllocation", Time since last: 120987363 ns, Reaching safepoint: 517900 ns, At safepoint: 108596857 ns, Total: 109114757 ns
[2020-03-27T04:59:31.494+0000][1][safepoint    ] Safepoint "RevokeBias", Time since last: 158714482 ns, Reaching safepoint: 93000 ns, At safepoint: 21000 ns, Total: 114000 ns
[2020-03-27T04:59:31.524+0000][1][safepoint    ] Safepoint "RevokeBias", Time since last: 29665715 ns, Reaching safepoint: 19600 ns, At safepoint: 23400 ns, Total: 43000 ns
[2020-03-27T04:59:31.527+0000][1][safepoint    ] Safepoint "RevokeBias", Time since last: 2483702 ns, Reaching safepoint: 35400 ns, At safepoint: 17200 ns, Total: 52600 ns
[2020-03-27T04:59:31.530+0000][1][safepoint    ] Safepoint "RevokeBias", Time since last: 3326701 ns, Reaching safepoint: 17500 ns, At safepoint: 20700 ns, Total: 38200 ns
[2020-03-27T04:59:31.538+0000][1][safepoint    ] Safepoint "RevokeBias", Time since last: 7760604 ns, Reaching safepoint: 15900 ns, At safepoint: 18100 ns, Total: 34000 ns
[2020-03-27T04:59:31.542+0000][1][safepoint    ] Safepoint "RevokeBias", Time since last: 4106403 ns, Reaching safepoint: 17500 ns, At safepoint: 21100 ns, Total: 38600 ns
[2020-03-27T04:59:31.547+0000][1][safepoint    ] Safepoint "RevokeBias", Time since last: 5346502 ns, Reaching safepoint: 16800 ns, At safepoint: 20000 ns, Total: 36800 ns
[2020-03-27T04:59:31.558+0000][1][safepoint    ] Safepoint "RevokeBias", Time since last: 10699506 ns, Reaching safepoint: 29000 ns, At safepoint: 19400 ns, Total: 48400 ns
[2020-03-27T04:59:31.560+0000][1][safepoint    ] Safepoint "RevokeBias", Time since last: 2139201 ns, Reaching safepoint: 13000 ns, At safepoint: 21100 ns, Total: 34100 ns
[2020-03-27T04:59:31.946+0000][1][gc,start     ] GC(11) Pause Young (Allocation Failure)
[2020-03-27T04:59:31.946+0000][1][gc,task      ] GC(11) Using 2 workers of 2 for evacuation
[2020-03-27T04:59:31.996+0000][1][gc,age       ] GC(11) Desired survivor size 8716288 bytes, new threshold 6 (max threshold 6)
[2020-03-27T04:59:31.997+0000][1][gc,age       ] GC(11) Age table with threshold 6 (max threshold 6)
[2020-03-27T04:59:31.997+0000][1][gc,age       ] GC(11) - age   1:    1847192 bytes,    1847192 total
[2020-03-27T04:59:31.997+0000][1][gc,heap      ] GC(11) ParNew: 153344K->15067K(153344K)
[2020-03-27T04:59:31.998+0000][1][gc,heap      ] GC(11) CMS: 30170K->46389K(353920K)
[2020-03-27T04:59:31.998+0000][1][gc,metaspace ] GC(11) Metaspace: 33789K->33789K(1081344K)
[2020-03-27T04:59:31.998+0000][1][gc           ] GC(11) Pause Young (Allocation Failure) 179M->60M(495M) 52.732ms
[2020-03-27T04:59:31.999+0000][1][gc,cpu       ] GC(11) User=0.04s Sys=0.00s Real=0.05s
[2020-03-27T04:59:32.000+0000][1][safepoint    ] Safepoint "GenCollectForAllocation", Time since last: 384301799 ns, Reaching safepoint: 994901 ns, At safepoint: 53953128 ns, Total: 54948029 ns
[2020-03-27T04:59:32.256+0000][1][safepoint    ] Safepoint "CollectForMetadataAllocation", Time since last: 255144032 ns, Reaching safepoint: 894201 ns, At safepoint: 49400 ns, Total: 943601 ns
[2020-03-27T04:59:32.292+0000][1][safepoint    ] Safepoint "CollectForMetadataAllocation", Time since last: 35187018 ns, Reaching safepoint: 957400 ns, At safepoint: 65100 ns, Total: 1022500 ns
[2020-03-27T04:59:32.317+0000][1][safepoint    ] Safepoint "CollectForMetadataAllocation", Time since last: 22303512 ns, Reaching safepoint: 2409801 ns, At safepoint: 76700 ns, Total: 2486501 ns
[2020-03-27T04:59:32.337+0000][1][safepoint    ] Safepoint "CollectForMetadataAllocation", Time since last: 20453311 ns, Reaching safepoint: 97400 ns, At safepoint: 85100 ns, Total: 182500 ns
[2020-03-27T04:59:32.359+0000][1][safepoint    ] Safepoint "CollectForMetadataAllocation", Time since last: 19662310 ns, Reaching safepoint: 1631801 ns, At safepoint: 74200 ns, Total: 1706001 ns
[2020-03-27T04:59:32.387+0000][1][safepoint    ] Safepoint "CollectForMetadataAllocation", Time since last: 25289513 ns, Reaching safepoint: 2643902 ns, At safepoint: 81600 ns, Total: 2725502 ns
[2020-03-27T04:59:32.418+0000][1][safepoint    ] Safepoint "CollectForMetadataAllocation", Time since last: 27975014 ns, Reaching safepoint: 2945002 ns, At safepoint: 55400 ns, Total: 3000402 ns
[2020-03-27T04:59:32.441+0000][1][safepoint    ] Safepoint "CollectForMetadataAllocation", Time since last: 22989412 ns, Reaching safepoint: 18100 ns, At safepoint: 69700 ns, Total: 87800 ns
[2020-03-27T04:59:32.459+0000][1][safepoint    ] Safepoint "CollectForMetadataAllocation", Time since last: 18570309 ns, Reaching safepoint: 20100 ns, At safepoint: 73600 ns, Total: 93700 ns
[2020-03-27T04:59:32.476+0000][1][safepoint    ] Safepoint "Deoptimize", Time since last: 16306809 ns, Reaching safepoint: 18700 ns, At safepoint: 232800 ns, Total: 251500 ns
[2020-03-27T04:59:32.484+0000][1][safepoint    ] Safepoint "Deoptimize", Time since last: 6109603 ns, Reaching safepoint: 1489401 ns, At safepoint: 369300 ns, Total: 1858701 ns
[2020-03-27T04:59:32.498+0000][1][safepoint    ] Safepoint "CollectForMetadataAllocation", Time since last: 13764907 ns, Reaching safepoint: 21000 ns, At safepoint: 42900 ns, Total: 63900 ns
[2020-03-27T04:59:32.510+0000][1][safepoint    ] Safepoint "CollectForMetadataAllocation", Time since last: 11857406 ns, Reaching safepoint: 316700 ns, At safepoint: 75900 ns, Total: 392600 ns
[2020-03-27T04:59:32.511+0000][1][safepoint    ] Safepoint "CollectForMetadataAllocation", Time since last: 705101 ns, Reaching safepoint: 15100 ns, At safepoint: 3500 ns, Total: 18600 ns
[2020-03-27T04:59:32.524+0000][1][safepoint    ] Safepoint "Deoptimize", Time since last: 12862107 ns, Reaching safepoint: 27200 ns, At safepoint: 287600 ns, Total: 314800 ns
[2020-03-27T04:59:32.529+0000][1][safepoint    ] Safepoint "CollectForMetadataAllocation", Time since last: 4989502 ns, Reaching safepoint: 21400 ns, At safepoint: 66200 ns, Total: 87600 ns
[2020-03-27T04:59:32.561+0000][1][safepoint    ] Safepoint "CollectForMetadataAllocation", Time since last: 32037417 ns, Reaching safepoint: 26000 ns, At safepoint: 47000 ns, Total: 73000 ns
[2020-03-27T04:59:32.577+0000][1][safepoint    ] Safepoint "CollectForMetadataAllocation", Time since last: 15840008 ns, Reaching safepoint: 17300 ns, At safepoint: 67900 ns, Total: 85200 ns
[2020-03-27T04:59:32.594+0000][1][safepoint    ] Safepoint "CollectForMetadataAllocation", Time since last: 16958309 ns, Reaching safepoint: 18300 ns, At safepoint: 72000 ns, Total: 90300 ns
[2020-03-27T04:59:32.620+0000][1][safepoint    ] Safepoint "CollectForMetadataAllocation", Time since last: 26293314 ns, Reaching safepoint: 20400 ns, At safepoint: 76800 ns, Total: 97200 ns
[2020-03-27T04:59:32.641+0000][1][safepoint    ] Safepoint "CollectForMetadataAllocation", Time since last: 20695010 ns, Reaching safepoint: 24600 ns, At safepoint: 69801 ns, Total: 94401 ns
[2020-03-27T04:59:32.661+0000][1][safepoint    ] Safepoint "CollectForMetadataAllocation", Time since last: 19890310 ns, Reaching safepoint: 20900 ns, At safepoint: 57800 ns, Total: 78700 ns
[2020-03-27T04:59:32.686+0000][1][safepoint    ] Safepoint "CollectForMetadataAllocation", Time since last: 25077713 ns, Reaching safepoint: 15500 ns, At safepoint: 71100 ns, Total: 86600 ns
[2020-03-27T04:59:32.728+0000][1][safepoint    ] Safepoint "CollectForMetadataAllocation", Time since last: 41307521 ns, Reaching safepoint: 36000 ns, At safepoint: 120000 ns, Total: 156000 ns
[2020-03-27T04:59:32.757+0000][1][safepoint    ] Safepoint "CollectForMetadataAllocation", Time since last: 29140116 ns, Reaching safepoint: 28800 ns, At safepoint: 73400 ns, Total: 102200 ns
[2020-03-27T04:59:32.791+0000][1][safepoint    ] Safepoint "CollectForMetadataAllocation", Time since last: 33350817 ns, Reaching safepoint: 42200 ns, At safepoint: 123800 ns, Total: 166000 ns
[2020-03-27T04:59:32.822+0000][1][safepoint    ] Safepoint "CollectForMetadataAllocation", Time since last: 31196716 ns, Reaching safepoint: 208500 ns, At safepoint: 77100 ns, Total: 285600 ns
[2020-03-27T04:59:32.858+0000][1][safepoint    ] Safepoint "CollectForMetadataAllocation", Time since last: 33020717 ns, Reaching safepoint: 2486302 ns, At safepoint: 79900 ns, Total: 2566202 ns
[2020-03-27T04:59:32.903+0000][1][safepoint    ] Safepoint "CollectForMetadataAllocation", Time since last: 45251323 ns, Reaching safepoint: 101200 ns, At safepoint: 76400 ns, Total: 177600 ns
[2020-03-27T04:59:32.940+0000][1][safepoint    ] Safepoint "CollectForMetadataAllocation", Time since last: 34475918 ns, Reaching safepoint: 2016601 ns, At safepoint: 82500 ns, Total: 2099101 ns
[2020-03-27T04:59:32.954+0000][1][safepoint    ] Safepoint "CollectForMetadataAllocation", Time since last: 9995405 ns, Reaching safepoint: 3916702 ns, At safepoint: 81401 ns, Total: 3998103 ns
[2020-03-27T04:59:32.999+0000][1][safepoint    ] Safepoint "CollectForMetadataAllocation", Time since last: 45366723 ns, Reaching safepoint: 27900 ns, At safepoint: 107100 ns, Total: 135000 ns
[2020-03-27T04:59:33.080+0000][1][safepoint    ] Safepoint "CollectForMetadataAllocation", Time since last: 80680242 ns, Reaching safepoint: 57400 ns, At safepoint: 127600 ns, Total: 185000 ns
[2020-03-27T04:59:33.143+0000][1][safepoint    ] Safepoint "CollectForMetadataAllocation", Time since last: 63104233 ns, Reaching safepoint: 37400 ns, At safepoint: 99300 ns, Total: 136700 ns
[2020-03-27T04:59:33.178+0000][1][safepoint    ] Safepoint "CollectForMetadataAllocation", Time since last: 34303318 ns, Reaching safepoint: 27500 ns, At safepoint: 83100 ns, Total: 110600 ns
[2020-03-27T04:59:33.216+0000][1][safepoint    ] Safepoint "CollectForMetadataAllocation", Time since last: 37993019 ns, Reaching safepoint: 18400 ns, At safepoint: 68700 ns, Total: 87100 ns
[2020-03-27T04:59:33.240+0000][1][safepoint    ] Safepoint "CollectForMetadataAllocation", Time since last: 22365212 ns, Reaching safepoint: 2284301 ns, At safepoint: 54000 ns, Total: 2338301 ns
[2020-03-27T04:59:33.245+0000][1][safepoint    ] Safepoint "RevokeBias", Time since last: 594701 ns, Reaching safepoint: 4239402 ns, At safepoint: 21000 ns, Total: 4260402 ns
[2020-03-27T04:59:33.247+0000][1][safepoint    ] Safepoint "RevokeBias", Time since last: 2027201 ns, Reaching safepoint: 93000 ns, At safepoint: 28200 ns, Total: 121200 ns
[2020-03-27T04:59:33.248+0000][1][safepoint    ] Safepoint "RevokeBias", Time since last: 392400 ns, Reaching safepoint: 635800 ns, At safepoint: 26500 ns, Total: 662300 ns
[2020-03-27T04:59:33.289+0000][1][safepoint    ] Safepoint "CollectForMetadataAllocation", Time since last: 40075621 ns, Reaching safepoint: 34800 ns, At safepoint: 79500 ns, Total: 114300 ns
[2020-03-27T04:59:33.451+0000][1][safepoint    ] Safepoint "CollectForMetadataAllocation", Time since last: 162118884 ns, Reaching safepoint: 115200 ns, At safepoint: 80400 ns, Total: 195600 ns
[2020-03-27T04:59:33.479+0000][1][safepoint    ] Safepoint "CollectForMetadataAllocation", Time since last: 28258615 ns, Reaching safepoint: 25200 ns, At safepoint: 70500 ns, Total: 95700 ns
[2020-03-27T04:59:33.500+0000][1][safepoint    ] Safepoint "CollectForMetadataAllocation", Time since last: 20899611 ns, Reaching safepoint: 23700 ns, At safepoint: 103300 ns, Total: 127000 ns
[2020-03-27T04:59:33.523+0000][1][safepoint    ] Safepoint "Deoptimize", Time since last: 21789411 ns, Reaching safepoint: 28700 ns, At safepoint: 914201 ns, Total: 942901 ns
[2020-03-27T04:59:33.535+0000][1][safepoint    ] Safepoint "CollectForMetadataAllocation", Time since last: 4439602 ns, Reaching safepoint: 22200 ns, At safepoint: 7223604 ns, Total: 7245804 ns
[2020-03-27T04:59:33.567+0000][1][safepoint    ] Safepoint "Deoptimize", Time since last: 32071216 ns, Reaching safepoint: 29400 ns, At safepoint: 433001 ns, Total: 462401 ns
[2020-03-27T04:59:34.022+0000][1][gc,start     ] GC(12) Pause Initial Mark
[2020-03-27T04:59:34.109+0000][1][gc           ] GC(12) Pause Initial Mark 146M->146M(495M) 87.307ms
[2020-03-27T04:59:34.111+0000][1][gc,cpu       ] GC(12) User=0.02s Sys=0.00s Real=0.09s
[2020-03-27T04:59:34.112+0000][1][safepoint    ] Safepoint "CMS_Initial_Mark", Time since last: 453848935 ns, Reaching safepoint: 796700 ns, At safepoint: 89686947 ns, Total: 90483647 ns
[2020-03-27T04:59:34.114+0000][1][gc           ] GC(12) Concurrent Mark
[2020-03-27T04:59:34.177+0000][1][gc           ] GC(12) Concurrent Mark 62.526ms
[2020-03-27T04:59:34.177+0000][1][gc,cpu       ] GC(12) User=0.07s Sys=0.00s Real=0.07s
[2020-03-27T04:59:34.178+0000][1][gc           ] GC(12) Concurrent Preclean
[2020-03-27T04:59:34.180+0000][1][gc           ] GC(12) Concurrent Preclean 2.302ms
[2020-03-27T04:59:34.180+0000][1][gc,cpu       ] GC(12) User=0.00s Sys=0.00s Real=0.00s
[2020-03-27T04:59:34.181+0000][1][gc           ] GC(12) Concurrent Abortable Preclean
[2020-03-27T04:59:34.245+0000][1][safepoint    ] Safepoint "CollectForMetadataAllocation", Time since last: 132880669 ns, Reaching safepoint: 20100 ns, At safepoint: 47200 ns, Total: 67300 ns
[2020-03-27T04:59:34.559+0000][1][safepoint    ] Safepoint "CollectForMetadataAllocation", Time since last: 314273863 ns, Reaching safepoint: 51400 ns, At safepoint: 115400 ns, Total: 166800 ns
[2020-03-27T04:59:34.587+0000][1][safepoint    ] Safepoint "CollectForMetadataAllocation", Time since last: 27368614 ns, Reaching safepoint: 88100 ns, At safepoint: 133700 ns, Total: 221800 ns
[2020-03-27T04:59:34.669+0000][1][safepoint    ] Safepoint "Deoptimize", Time since last: 82424943 ns, Reaching safepoint: 35500 ns, At safepoint: 253700 ns, Total: 289200 ns
[2020-03-27T04:59:34.830+0000][1][safepoint    ] Safepoint "CollectForMetadataAllocation", Time since last: 160321183 ns, Reaching safepoint: 49100 ns, At safepoint: 73200 ns, Total: 122300 ns
[2020-03-27T04:59:34.845+0000][1][safepoint    ] Safepoint "CollectForMetadataAllocation", Time since last: 15312508 ns, Reaching safepoint: 40800 ns, At safepoint: 19300 ns, Total: 60100 ns
[2020-03-27T04:59:34.871+0000][1][safepoint    ] Safepoint "CollectForMetadataAllocation", Time since last: 24733113 ns, Reaching safepoint: 655100 ns, At safepoint: 77600 ns, Total: 732700 ns
[2020-03-27T04:59:34.947+0000][1][safepoint    ] Safepoint "CollectForMetadataAllocation", Time since last: 76200940 ns, Reaching safepoint: 163500 ns, At safepoint: 122400 ns, Total: 285900 ns
[2020-03-27T04:59:35.005+0000][1][safepoint    ] Safepoint "CollectForMetadataAllocation", Time since last: 57597930 ns, Reaching safepoint: 24700 ns, At safepoint: 72300 ns, Total: 97000 ns
[2020-03-27T04:59:35.073+0000][1][safepoint    ] Safepoint "CollectForMetadataAllocation", Time since last: 68335335 ns, Reaching safepoint: 100800 ns, At safepoint: 75301 ns, Total: 176101 ns
[2020-03-27T04:59:35.129+0000][1][safepoint    ] Safepoint "CollectForMetadataAllocation", Time since last: 55446428 ns, Reaching safepoint: 108400 ns, At safepoint: 71400 ns, Total: 179800 ns
[2020-03-27T04:59:35.167+0000][1][safepoint    ] Safepoint "RevokeBias", Time since last: 38146820 ns, Reaching safepoint: 96800 ns, At safepoint: 22200 ns, Total: 119000 ns
[2020-03-27T04:59:35.181+0000][1][safepoint    ] Safepoint "RevokeBias", Time since last: 13560907 ns, Reaching safepoint: 28000 ns, At safepoint: 19400 ns, Total: 47400 ns
[2020-03-27T04:59:35.189+0000][1][safepoint    ] Safepoint "RevokeBias", Time since last: 8079404 ns, Reaching safepoint: 28600 ns, At safepoint: 18000 ns, Total: 46600 ns
[2020-03-27T04:59:35.230+0000][1][safepoint    ] Safepoint "CollectForMetadataAllocation", Time since last: 41099722 ns, Reaching safepoint: 90000 ns, At safepoint: 75900 ns, Total: 165900 ns
[2020-03-27T04:59:35.279+0000][1][safepoint    ] Safepoint "CollectForMetadataAllocation", Time since last: 48632725 ns, Reaching safepoint: 90900 ns, At safepoint: 40100 ns, Total: 131000 ns
[2020-03-27T04:59:35.329+0000][1][gc,start     ] GC(13) Pause Young (Allocation Failure)
[2020-03-27T04:59:35.330+0000][1][gc,task      ] GC(13) Using 2 workers of 2 for evacuation
[2020-03-27T04:59:35.365+0000][1][gc,age       ] GC(13) Desired survivor size 8716288 bytes, new threshold 2 (max threshold 6)
[2020-03-27T04:59:35.366+0000][1][gc,age       ] GC(13) Age table with threshold 2 (max threshold 6)
[2020-03-27T04:59:35.366+0000][1][gc,age       ] GC(13) - age   1:    7951048 bytes,    7951048 total
[2020-03-27T04:59:35.366+0000][1][gc,age       ] GC(13) - age   2:    1713680 bytes,    9664728 total
[2020-03-27T04:59:35.367+0000][1][gc,heap      ] GC(13) ParNew: 151387K->12322K(153344K)
[2020-03-27T04:59:35.367+0000][1][gc,heap      ] GC(13) CMS: 46389K->46389K(353920K)
[2020-03-27T04:59:35.367+0000][1][gc,metaspace ] GC(13) Metaspace: 49264K->49264K(1095680K)
[2020-03-27T04:59:35.367+0000][1][gc           ] GC(13) Pause Young (Allocation Failure) 193M->57M(495M) 38.229ms
[2020-03-27T04:59:35.367+0000][1][gc,cpu       ] GC(13) User=0.03s Sys=0.00s Real=0.04s
[2020-03-27T04:59:35.367+0000][1][safepoint    ] Safepoint "GenCollectForAllocation", Time since last: 49794326 ns, Reaching safepoint: 94400 ns, At safepoint: 38653720 ns, Total: 38748120 ns
[2020-03-27T04:59:35.375+0000][1][safepoint    ] Safepoint "RevokeBias", Time since last: 7066504 ns, Reaching safepoint: 32500 ns, At safepoint: 31900 ns, Total: 64400 ns
[2020-03-27T04:59:35.376+0000][1][safepoint    ] Safepoint "RevokeBias", Time since last: 558100 ns, Reaching safepoint: 348000 ns, At safepoint: 27400 ns, Total: 375400 ns
[2020-03-27T04:59:35.376+0000][1][safepoint    ] Safepoint "RevokeBias", Time since last: 315600 ns, Reaching safepoint: 17000 ns, At safepoint: 65700 ns, Total: 82700 ns
[2020-03-27T04:59:35.377+0000][1][safepoint    ] Safepoint "RevokeBias", Time since last: 357401 ns, Reaching safepoint: 651700 ns, At safepoint: 23400 ns, Total: 675100 ns
[2020-03-27T04:59:35.381+0000][1][safepoint    ] Safepoint "RevokeBias", Time since last: 3528002 ns, Reaching safepoint: 22500 ns, At safepoint: 26700 ns, Total: 49200 ns
[2020-03-27T04:59:35.381+0000][1][safepoint    ] Safepoint "RevokeBias", Time since last: 320300 ns, Reaching safepoint: 34400 ns, At safepoint: 53300 ns, Total: 87700 ns
[2020-03-27T04:59:35.381+0000][1][safepoint    ] Safepoint "RevokeBias", Time since last: 289800 ns, Reaching safepoint: 44600 ns, At safepoint: 33700 ns, Total: 78300 ns
[2020-03-27T04:59:35.382+0000][1][safepoint    ] Safepoint "RevokeBias", Time since last: 370100 ns, Reaching safepoint: 36900 ns, At safepoint: 37200 ns, Total: 74100 ns
[2020-03-27T04:59:35.382+0000][1][safepoint    ] Safepoint "RevokeBias", Time since last: 288301 ns, Reaching safepoint: 305600 ns, At safepoint: 18200 ns, Total: 323800 ns
[2020-03-27T04:59:35.383+0000][1][safepoint    ] Safepoint "RevokeBias", Time since last: 287900 ns, Reaching safepoint: 636500 ns, At safepoint: 20900 ns, Total: 657400 ns
[2020-03-27T04:59:35.384+0000][1][safepoint    ] Safepoint "RevokeBias", Time since last: 324500 ns, Reaching safepoint: 32800 ns, At safepoint: 60101 ns, Total: 92901 ns
[2020-03-27T04:59:35.384+0000][1][safepoint    ] Safepoint "RevokeBias", Time since last: 337900 ns, Reaching safepoint: 16000 ns, At safepoint: 19000 ns, Total: 35000 ns
[2020-03-27T04:59:35.384+0000][1][safepoint    ] Safepoint "BulkRevokeBias", Time since last: 259100 ns, Reaching safepoint: 15300 ns, At safepoint: 68000 ns, Total: 83300 ns
[2020-03-27T04:59:35.413+0000][1][safepoint    ] Safepoint "CollectForMetadataAllocation", Time since last: 28527015 ns, Reaching safepoint: 31100 ns, At safepoint: 69900 ns, Total: 101000 ns
[2020-03-27T04:59:35.464+0000][1][safepoint    ] Safepoint "CollectForMetadataAllocation", Time since last: 50351626 ns, Reaching safepoint: 38500 ns, At safepoint: 66900 ns, Total: 105400 ns
[2020-03-27T04:59:35.571+0000][1][safepoint    ] Safepoint "CollectForMetadataAllocation", Time since last: 107398656 ns, Reaching safepoint: 380000 ns, At safepoint: 81600 ns, Total: 461600 ns
[2020-03-27T04:59:35.596+0000][1][safepoint    ] Safepoint "RevokeBias", Time since last: 21074411 ns, Reaching safepoint: 3203001 ns, At safepoint: 67200 ns, Total: 3270201 ns
[2020-03-27T04:59:35.598+0000][1][safepoint    ] Safepoint "RevokeBias", Time since last: 2427702 ns, Reaching safepoint: 29200 ns, At safepoint: 37100 ns, Total: 66300 ns
[2020-03-27T04:59:35.599+0000][1][safepoint    ] Safepoint "RevokeBias", Time since last: 606500 ns, Reaching safepoint: 23000 ns, At safepoint: 221100 ns, Total: 244100 ns
[2020-03-27T04:59:35.600+0000][1][safepoint    ] Safepoint "RevokeBias", Time since last: 726401 ns, Reaching safepoint: 64700 ns, At safepoint: 21300 ns, Total: 86000 ns
[2020-03-27T04:59:35.632+0000][1][safepoint    ] Safepoint "CollectForMetadataAllocation", Time since last: 32199116 ns, Reaching safepoint: 34900 ns, At safepoint: 74300 ns, Total: 109200 ns
[2020-03-27T04:59:35.682+0000][1][safepoint    ] Safepoint "RevokeBias", Time since last: 49566826 ns, Reaching safepoint: 61500 ns, At safepoint: 27700 ns, Total: 89200 ns
[2020-03-27T04:59:35.685+0000][1][safepoint    ] Safepoint "RevokeBias", Time since last: 3010502 ns, Reaching safepoint: 35500 ns, At safepoint: 118000 ns, Total: 153500 ns
[2020-03-27T04:59:35.686+0000][1][safepoint    ] Safepoint "RevokeBias", Time since last: 570200 ns, Reaching safepoint: 379300 ns, At safepoint: 23700 ns, Total: 403000 ns
[2020-03-27T04:59:35.687+0000][1][safepoint    ] Safepoint "RevokeBias", Time since last: 675701 ns, Reaching safepoint: 118800 ns, At safepoint: 21600 ns, Total: 140400 ns
[2020-03-27T04:59:35.688+0000][1][safepoint    ] Safepoint "RevokeBias", Time since last: 659800 ns, Reaching safepoint: 21600 ns, At safepoint: 18700 ns, Total: 40300 ns
[2020-03-27T04:59:35.688+0000][1][safepoint    ] Safepoint "CollectForMetadataAllocation", Time since last: 584300 ns, Reaching safepoint: 86000 ns, At safepoint: 169700 ns, Total: 255700 ns
[2020-03-27T04:59:35.690+0000][1][safepoint    ] Safepoint "RevokeBias", Time since last: 1648301 ns, Reaching safepoint: 88500 ns, At safepoint: 17200 ns, Total: 105700 ns
[2020-03-27T04:59:35.696+0000][1][safepoint    ] Safepoint "RevokeBias", Time since last: 6230004 ns, Reaching safepoint: 40400 ns, At safepoint: 22000 ns, Total: 62400 ns
[2020-03-27T04:59:35.697+0000][1][safepoint    ] Safepoint "RevokeBias", Time since last: 632900 ns, Reaching safepoint: 34400 ns, At safepoint: 20600 ns, Total: 55000 ns
[2020-03-27T04:59:35.701+0000][1][safepoint    ] Safepoint "RevokeBias", Time since last: 3326802 ns, Reaching safepoint: 69300 ns, At safepoint: 55300 ns, Total: 124600 ns
[2020-03-27T04:59:35.701+0000][1][safepoint    ] Safepoint "RevokeBias", Time since last: 497900 ns, Reaching safepoint: 22300 ns, At safepoint: 60000 ns, Total: 82300 ns
[2020-03-27T04:59:35.701+0000][1][safepoint    ] Safepoint "RevokeBias", Time since last: 272700 ns, Reaching safepoint: 17500 ns, At safepoint: 20600 ns, Total: 38100 ns
[2020-03-27T04:59:35.702+0000][1][safepoint    ] Safepoint "RevokeBias", Time since last: 461500 ns, Reaching safepoint: 20200 ns, At safepoint: 63301 ns, Total: 83501 ns
[2020-03-27T04:59:35.702+0000][1][safepoint    ] Safepoint "RevokeBias", Time since last: 351700 ns, Reaching safepoint: 17600 ns, At safepoint: 23900 ns, Total: 41500 ns
[2020-03-27T04:59:35.703+0000][1][safepoint    ] Safepoint "RevokeBias", Time since last: 354300 ns, Reaching safepoint: 90000 ns, At safepoint: 42600 ns, Total: 132600 ns
[2020-03-27T04:59:35.703+0000][1][safepoint    ] Safepoint "RevokeBias", Time since last: 269600 ns, Reaching safepoint: 17500 ns, At safepoint: 14400 ns, Total: 31900 ns
[2020-03-27T04:59:35.704+0000][1][safepoint    ] Safepoint "RevokeBias", Time since last: 319700 ns, Reaching safepoint: 17200 ns, At safepoint: 14000 ns, Total: 31200 ns
[2020-03-27T04:59:35.704+0000][1][safepoint    ] Safepoint "RevokeBias", Time since last: 396901 ns, Reaching safepoint: 18900 ns, At safepoint: 15400 ns, Total: 34300 ns
[2020-03-27T04:59:35.704+0000][1][safepoint    ] Safepoint "RevokeBias", Time since last: 209900 ns, Reaching safepoint: 131600 ns, At safepoint: 18400 ns, Total: 150000 ns
[2020-03-27T04:59:35.705+0000][1][safepoint    ] Safepoint "RevokeBias", Time since last: 285600 ns, Reaching safepoint: 18300 ns, At safepoint: 16200 ns, Total: 34500 ns
[2020-03-27T04:59:35.705+0000][1][safepoint    ] Safepoint "RevokeBias", Time since last: 278100 ns, Reaching safepoint: 19300 ns, At safepoint: 17100 ns, Total: 36400 ns
[2020-03-27T04:59:35.705+0000][1][safepoint    ] Safepoint "RevokeBias", Time since last: 235000 ns, Reaching safepoint: 150500 ns, At safepoint: 21800 ns, Total: 172300 ns
[2020-03-27T04:59:35.706+0000][1][safepoint    ] Safepoint "RevokeBias", Time since last: 879001 ns, Reaching safepoint: 23800 ns, At safepoint: 22400 ns, Total: 46200 ns
[2020-03-27T04:59:35.709+0000][1][safepoint    ] Safepoint "RevokeBias", Time since last: 2487401 ns, Reaching safepoint: 194900 ns, At safepoint: 30100 ns, Total: 225000 ns
[2020-03-27T04:59:35.713+0000][1][safepoint    ] Safepoint "RevokeBias", Time since last: 3514302 ns, Reaching safepoint: 33000 ns, At safepoint: 120000 ns, Total: 153000 ns
[2020-03-27T04:59:35.714+0000][1][safepoint    ] Safepoint "RevokeBias", Time since last: 1372801 ns, Reaching safepoint: 27800 ns, At safepoint: 22700 ns, Total: 50500 ns
[2020-03-27T04:59:35.717+0000][1][safepoint    ] Safepoint "BulkRevokeBias", Time since last: 1440201 ns, Reaching safepoint: 1056400 ns, At safepoint: 85000 ns, Total: 1141400 ns
[2020-03-27T04:59:35.717+0000][1][safepoint    ] Safepoint "RevokeBias", Time since last: 493300 ns, Reaching safepoint: 55500 ns, At safepoint: 43100 ns, Total: 98600 ns
[2020-03-27T04:59:35.718+0000][1][safepoint    ] Safepoint "RevokeBias", Time since last: 404001 ns, Reaching safepoint: 205000 ns, At safepoint: 20200 ns, Total: 225200 ns
[2020-03-27T04:59:35.719+0000][1][safepoint    ] Safepoint "RevokeBias", Time since last: 383300 ns, Reaching safepoint: 23200 ns, At safepoint: 229900 ns, Total: 253100 ns
[2020-03-27T04:59:35.719+0000][1][safepoint    ] Safepoint "RevokeBias", Time since last: 728900 ns, Reaching safepoint: 23200 ns, At safepoint: 9500 ns, Total: 32700 ns
[2020-03-27T04:59:35.720+0000][1][safepoint    ] Safepoint "RevokeBias", Time since last: 779001 ns, Reaching safepoint: 21000 ns, At safepoint: 8600 ns, Total: 29600 ns
[2020-03-27T04:59:35.721+0000][1][safepoint    ] Safepoint "RevokeBias", Time since last: 952400 ns, Reaching safepoint: 81100 ns, At safepoint: 32200 ns, Total: 113300 ns
[2020-03-27T04:59:35.722+0000][1][safepoint    ] Safepoint "RevokeBias", Time since last: 603001 ns, Reaching safepoint: 105800 ns, At safepoint: 50100 ns, Total: 155900 ns
[2020-03-27T04:59:35.723+0000][1][safepoint    ] Safepoint "RevokeBias", Time since last: 690300 ns, Reaching safepoint: 160600 ns, At safepoint: 22100 ns, Total: 182700 ns
[2020-03-27T04:59:35.724+0000][1][safepoint    ] Safepoint "RevokeBias", Time since last: 369700 ns, Reaching safepoint: 44501 ns, At safepoint: 313100 ns, Total: 357601 ns
[2020-03-27T04:59:35.724+0000][1][safepoint    ] Safepoint "RevokeBias", Time since last: 487900 ns, Reaching safepoint: 135600 ns, At safepoint: 29800 ns, Total: 165400 ns
[2020-03-27T04:59:35.725+0000][1][safepoint    ] Safepoint "RevokeBias", Time since last: 365400 ns, Reaching safepoint: 515300 ns, At safepoint: 22900 ns, Total: 538200 ns
[2020-03-27T04:59:35.729+0000][1][safepoint    ] Safepoint "RevokeBias", Time since last: 540501 ns, Reaching safepoint: 2984801 ns, At safepoint: 22100 ns, Total: 3006901 ns
[2020-03-27T04:59:35.730+0000][1][safepoint    ] Safepoint "RevokeBias", Time since last: 633901 ns, Reaching safepoint: 209300 ns, At safepoint: 51600 ns, Total: 260900 ns
[2020-03-27T04:59:35.730+0000][1][safepoint    ] Safepoint "RevokeBias", Time since last: 456100 ns, Reaching safepoint: 89300 ns, At safepoint: 19300 ns, Total: 108600 ns
[2020-03-27T04:59:35.730+0000][1][safepoint    ] Safepoint "RevokeBias", Time since last: 306400 ns, Reaching safepoint: 33900 ns, At safepoint: 16200 ns, Total: 50100 ns
[2020-03-27T04:59:35.731+0000][1][safepoint    ] Safepoint "RevokeBias", Time since last: 425700 ns, Reaching safepoint: 103501 ns, At safepoint: 31200 ns, Total: 134701 ns
[2020-03-27T04:59:35.731+0000][1][safepoint    ] Safepoint "RevokeBias", Time since last: 236900 ns, Reaching safepoint: 85900 ns, At safepoint: 64900 ns, Total: 150800 ns
[2020-03-27T04:59:35.732+0000][1][safepoint    ] Safepoint "RevokeBias", Time since last: 298100 ns, Reaching safepoint: 32200 ns, At safepoint: 18600 ns, Total: 50800 ns
[2020-03-27T04:59:35.732+0000][1][safepoint    ] Safepoint "RevokeBias", Time since last: 356200 ns, Reaching safepoint: 19800 ns, At safepoint: 17700 ns, Total: 37500 ns
[2020-03-27T04:59:35.733+0000][1][safepoint    ] Safepoint "RevokeBias", Time since last: 347600 ns, Reaching safepoint: 108500 ns, At safepoint: 30900 ns, Total: 139400 ns
[2020-03-27T04:59:35.733+0000][1][safepoint    ] Safepoint "RevokeBias", Time since last: 214200 ns, Reaching safepoint: 204601 ns, At safepoint: 17600 ns, Total: 222201 ns
[2020-03-27T04:59:35.733+0000][1][safepoint    ] Safepoint "RevokeBias", Time since last: 202900 ns, Reaching safepoint: 89400 ns, At safepoint: 25100 ns, Total: 114500 ns
[2020-03-27T04:59:35.734+0000][1][safepoint    ] Safepoint "RevokeBias", Time since last: 223700 ns, Reaching safepoint: 155800 ns, At safepoint: 12600 ns, Total: 168400 ns
[2020-03-27T04:59:35.740+0000][1][safepoint    ] Safepoint "RevokeBias", Time since last: 5255103 ns, Reaching safepoint: 902500 ns, At safepoint: 26000 ns, Total: 928500 ns
[2020-03-27T04:59:35.741+0000][1][safepoint    ] Safepoint "BulkRevokeBias", Time since last: 787701 ns, Reaching safepoint: 363200 ns, At safepoint: 56800 ns, Total: 420000 ns
[2020-03-27T04:59:35.742+0000][1][safepoint    ] Safepoint "RevokeBias", Time since last: 677900 ns, Reaching safepoint: 20400 ns, At safepoint: 16200 ns, Total: 36600 ns
[2020-03-27T04:59:35.742+0000][1][safepoint    ] Safepoint "RevokeBias", Time since last: 560000 ns, Reaching safepoint: 10500 ns, At safepoint: 12500 ns, Total: 23000 ns
[2020-03-27T04:59:35.748+0000][1][safepoint    ] Safepoint "RevokeBias", Time since last: 505701 ns, Reaching safepoint: 4547402 ns, At safepoint: 25700 ns, Total: 4573102 ns
[2020-03-27T04:59:35.748+0000][1][safepoint    ] Safepoint "RevokeBias", Time since last: 610300 ns, Reaching safepoint: 30600 ns, At safepoint: 30100 ns, Total: 60700 ns
[2020-03-27T04:59:35.749+0000][1][safepoint    ] Safepoint "RevokeBias", Time since last: 602601 ns, Reaching safepoint: 487900 ns, At safepoint: 29800 ns, Total: 517700 ns
[2020-03-27T04:59:35.750+0000][1][safepoint    ] Safepoint "RevokeBias", Time since last: 565300 ns, Reaching safepoint: 52400 ns, At safepoint: 37600 ns, Total: 90000 ns
[2020-03-27T04:59:35.751+0000][1][safepoint    ] Safepoint "RevokeBias", Time since last: 992301 ns, Reaching safepoint: 19600 ns, At safepoint: 15300 ns, Total: 34900 ns
[2020-03-27T04:59:35.752+0000][1][safepoint    ] Safepoint "RevokeBias", Time since last: 603400 ns, Reaching safepoint: 359700 ns, At safepoint: 19900 ns, Total: 379600 ns
[2020-03-27T04:59:35.758+0000][1][safepoint    ] Safepoint "RevokeBias", Time since last: 422701 ns, Reaching safepoint: 5120902 ns, At safepoint: 103100 ns, Total: 5224002 ns
[2020-03-27T04:59:35.762+0000][1][safepoint    ] Safepoint "RevokeBias", Time since last: 1155501 ns, Reaching safepoint: 3182902 ns, At safepoint: 36100 ns, Total: 3219002 ns
[2020-03-27T04:59:35.764+0000][1][safepoint    ] Safepoint "RevokeBias", Time since last: 698700 ns, Reaching safepoint: 755100 ns, At safepoint: 36200 ns, Total: 791300 ns
[2020-03-27T04:59:35.765+0000][1][safepoint    ] Safepoint "RevokeBias", Time since last: 1060601 ns, Reaching safepoint: 89000 ns, At safepoint: 20800 ns, Total: 109800 ns
[2020-03-27T04:59:35.765+0000][1][safepoint    ] Safepoint "RevokeBias", Time since last: 439300 ns, Reaching safepoint: 329400 ns, At safepoint: 8400 ns, Total: 337800 ns
[2020-03-27T04:59:35.771+0000][1][safepoint    ] Safepoint "RevokeBias", Time since last: 1688301 ns, Reaching safepoint: 3995302 ns, At safepoint: 26600 ns, Total: 4021902 ns
[2020-03-27T04:59:35.772+0000][1][safepoint    ] Safepoint "RevokeBias", Time since last: 779301 ns, Reaching safepoint: 23400 ns, At safepoint: 17900 ns, Total: 41300 ns
[2020-03-27T04:59:35.776+0000][1][safepoint    ] Safepoint "RevokeBias", Time since last: 389700 ns, Reaching safepoint: 3322402 ns, At safepoint: 37100 ns, Total: 3359502 ns
[2020-03-27T04:59:35.777+0000][1][safepoint    ] Safepoint "RevokeBias", Time since last: 871000 ns, Reaching safepoint: 30700 ns, At safepoint: 7800 ns, Total: 38500 ns
[2020-03-27T04:59:35.778+0000][1][safepoint    ] Safepoint "RevokeBias", Time since last: 872701 ns, Reaching safepoint: 19700 ns, At safepoint: 24800 ns, Total: 44500 ns
[2020-03-27T04:59:35.781+0000][1][safepoint    ] Safepoint "Deoptimize", Time since last: 2873301 ns, Reaching safepoint: 187600 ns, At safepoint: 443801 ns, Total: 631401 ns
[2020-03-27T04:59:35.783+0000][1][safepoint    ] Safepoint "RevokeBias", Time since last: 2304801 ns, Reaching safepoint: 20100 ns, At safepoint: 16300 ns, Total: 36400 ns
[2020-03-27T04:59:35.791+0000][1][safepoint    ] Safepoint "RevokeBias", Time since last: 682400 ns, Reaching safepoint: 7286404 ns, At safepoint: 18600 ns, Total: 7305004 ns
[2020-03-27T04:59:35.814+0000][1][safepoint    ] Safepoint "RevokeBias", Time since last: 19866110 ns, Reaching safepoint: 2333701 ns, At safepoint: 33300 ns, Total: 2367001 ns
[2020-03-27T04:59:35.814+0000][1][safepoint    ] Safepoint "RevokeBias", Time since last: 525201 ns, Reaching safepoint: 28300 ns, At safepoint: 55400 ns, Total: 83700 ns
[2020-03-27T04:59:35.815+0000][1][safepoint    ] Safepoint "RevokeBias", Time since last: 574100 ns, Reaching safepoint: 23500 ns, At safepoint: 44300 ns, Total: 67800 ns
[2020-03-27T04:59:35.856+0000][1][safepoint    ] Safepoint "CollectForMetadataAllocation", Time since last: 41218021 ns, Reaching safepoint: 37500 ns, At safepoint: 72200 ns, Total: 109700 ns
[2020-03-27T04:59:35.857+0000][1][safepoint    ] Safepoint "RevokeBias", Time since last: 805301 ns, Reaching safepoint: 289400 ns, At safepoint: 9700 ns, Total: 299100 ns
[2020-03-27T04:59:35.858+0000][1][safepoint    ] Safepoint "RevokeBias", Time since last: 730900 ns, Reaching safepoint: 53100 ns, At safepoint: 7700 ns, Total: 60800 ns
[2020-03-27T04:59:35.859+0000][1][safepoint    ] Safepoint "RevokeBias", Time since last: 867001 ns, Reaching safepoint: 100100 ns, At safepoint: 7700 ns, Total: 107800 ns
[2020-03-27T04:59:35.860+0000][1][safepoint    ] Safepoint "RevokeBias", Time since last: 805100 ns, Reaching safepoint: 100800 ns, At safepoint: 7500 ns, Total: 108300 ns
[2020-03-27T04:59:35.915+0000][1][safepoint    ] Safepoint "RevokeBias", Time since last: 53423728 ns, Reaching safepoint: 1120001 ns, At safepoint: 6800 ns, Total: 1126801 ns
[2020-03-27T04:59:35.928+0000][1][safepoint    ] Safepoint "CollectForMetadataAllocation", Time since last: 11614206 ns, Reaching safepoint: 2063101 ns, At safepoint: 75500 ns, Total: 2138601 ns
[2020-03-27T04:59:36.038+0000][1][safepoint    ] Safepoint "CollectForMetadataAllocation", Time since last: 109364557 ns, Reaching safepoint: 39400 ns, At safepoint: 81700 ns, Total: 121100 ns
[2020-03-27T04:59:36.092+0000][1][safepoint    ] Safepoint "CollectForMetadataAllocation", Time since last: 50753826 ns, Reaching safepoint: 3233402 ns, At safepoint: 80400 ns, Total: 3313802 ns
[2020-03-27T04:59:36.147+0000][1][safepoint    ] Safepoint "CollectForMetadataAllocation", Time since last: 48995525 ns, Reaching safepoint: 5692803 ns, At safepoint: 72600 ns, Total: 5765403 ns
[2020-03-27T04:59:36.182+0000][1][safepoint    ] Safepoint "RevokeBias", Time since last: 32458017 ns, Reaching safepoint: 3366302 ns, At safepoint: 10900 ns, Total: 3377202 ns
[2020-03-27T04:59:36.214+0000][1][safepoint    ] Safepoint "CollectForMetadataAllocation", Time since last: 26060613 ns, Reaching safepoint: 5093103 ns, At safepoint: 77600 ns, Total: 5170703 ns
[2020-03-27T04:59:36.259+0000][1][safepoint    ] Safepoint "CollectForMetadataAllocation", Time since last: 44764223 ns, Reaching safepoint: 318600 ns, At safepoint: 79900 ns, Total: 398500 ns
[2020-03-27T04:59:36.263+0000][1][gc           ] GC(12) Concurrent Abortable Preclean 2082.501ms
[2020-03-27T04:59:36.267+0000][1][gc,cpu       ] GC(12) User=1.94s Sys=0.04s Real=2.09s
[2020-03-27T04:59:36.267+0000][1][gc,start     ] GC(12) Pause Remark
[2020-03-27T04:59:36.293+0000][1][gc           ] GC(12) Pause Remark 124M->124M(495M) 25.727ms
[2020-03-27T04:59:36.293+0000][1][gc,cpu       ] GC(12) User=0.03s Sys=0.00s Real=0.02s
[2020-03-27T04:59:36.294+0000][1][safepoint    ] Safepoint "CMS_Final_Remark", Time since last: 8160904 ns, Reaching safepoint: 83500 ns, At safepoint: 26752114 ns, Total: 26835614 ns
[2020-03-27T04:59:36.294+0000][1][gc           ] GC(12) Concurrent Sweep
[2020-03-27T04:59:36.310+0000][1][safepoint    ] Safepoint "RevokeBias", Time since last: 15149708 ns, Reaching safepoint: 1051801 ns, At safepoint: 12500 ns, Total: 1064301 ns
[2020-03-27T04:59:36.315+0000][1][gc           ] GC(12) Concurrent Sweep 20.958ms
[2020-03-27T04:59:36.320+0000][1][gc,cpu       ] GC(12) User=0.03s Sys=0.01s Real=0.03s
[2020-03-27T04:59:36.320+0000][1][gc           ] GC(12) Concurrent Reset
[2020-03-27T04:59:36.322+0000][1][gc           ] GC(12) Concurrent Reset 1.900ms
[2020-03-27T04:59:36.323+0000][1][gc,cpu       ] GC(12) User=0.00s Sys=0.00s Real=0.00s
[2020-03-27T04:59:36.324+0000][1][gc,heap      ] GC(12) Old: 46389K->46190K(353920K)
[2020-03-27T04:59:36.817+0000][1][safepoint    ] Safepoint "RevokeBias", Time since last: 506425662 ns, Reaching safepoint: 790701 ns, At safepoint: 14600 ns, Total: 805301 ns
[2020-03-27T04:59:36.889+0000][1][safepoint    ] Safepoint "RevokeBias", Time since last: 71176737 ns, Reaching safepoint: 65100 ns, At safepoint: 11200 ns, Total: 76300 ns
[2020-03-27T04:59:36.893+0000][1][safepoint    ] Safepoint "RevokeBias", Time since last: 4593902 ns, Reaching safepoint: 166600 ns, At safepoint: 8800 ns, Total: 175400 ns
[2020-03-27T04:59:36.899+0000][1][safepoint    ] Safepoint "RevokeBias", Time since last: 5111303 ns, Reaching safepoint: 84000 ns, At safepoint: 11800 ns, Total: 95800 ns
[2020-03-27T04:59:36.975+0000][1][safepoint    ] Safepoint "RevokeBias", Time since last: 74464623 ns, Reaching safepoint: 1678300 ns, At safepoint: 16600 ns, Total: 1694900 ns
[2020-03-27T04:59:37.209+0000][1][gc,start     ] GC(14) Pause Young (Allocation Failure)
[2020-03-27T04:59:37.210+0000][1][gc,task      ] GC(14) Using 2 workers of 2 for evacuation
[2020-03-27T04:59:37.249+0000][1][gc,age       ] GC(14) Desired survivor size 8716288 bytes, new threshold 2 (max threshold 6)
[2020-03-27T04:59:37.250+0000][1][gc,age       ] GC(14) Age table with threshold 2 (max threshold 6)
[2020-03-27T04:59:37.250+0000][1][gc,age       ] GC(14) - age   1:    2538728 bytes,    2538728 total
[2020-03-27T04:59:37.251+0000][1][gc,age       ] GC(14) - age   2:    7702160 bytes,   10240888 total
[2020-03-27T04:59:37.251+0000][1][gc,heap      ] GC(14) ParNew: 148642K->16200K(153344K)
[2020-03-27T04:59:37.251+0000][1][gc,heap      ] GC(14) CMS: 46190K->47885K(353920K)
[2020-03-27T04:59:37.251+0000][1][gc,metaspace ] GC(14) Metaspace: 60634K->60634K(1105920K)
[2020-03-27T04:59:37.252+0000][1][gc           ] GC(14) Pause Young (Allocation Failure) 190M->62M(495M) 42.510ms
[2020-03-27T04:59:37.252+0000][1][gc,cpu       ] GC(14) User=0.03s Sys=0.00s Real=0.04s
[2020-03-27T04:59:37.252+0000][1][safepoint    ] Safepoint "GenCollectForAllocation", Time since last: 233829324 ns, Reaching safepoint: 726800 ns, At safepoint: 43129405 ns, Total: 43856205 ns
[2020-03-27T04:59:37.256+0000][1][safepoint    ] Safepoint "RevokeBias", Time since last: 3473900 ns, Reaching safepoint: 19500 ns, At safepoint: 34600 ns, Total: 54100 ns
[2020-03-27T04:59:37.256+0000][1][safepoint    ] Safepoint "RevokeBias", Time since last: 421000 ns, Reaching safepoint: 160200 ns, At safepoint: 13500 ns, Total: 173700 ns
[2020-03-27T04:59:37.262+0000][1][safepoint    ] Safepoint "BulkRevokeBias", Time since last: 393600 ns, Reaching safepoint: 5243001 ns, At safepoint: 58900 ns, Total: 5301901 ns
[2020-03-27T04:59:37.436+0000][1][safepoint    ] Safepoint "RevokeBias", Time since last: 173901017 ns, Reaching safepoint: 47600 ns, At safepoint: 20600 ns, Total: 68200 ns
[2020-03-27T04:59:37.439+0000][1][safepoint    ] Safepoint "RevokeBias", Time since last: 2439001 ns, Reaching safepoint: 39600 ns, At safepoint: 21100 ns, Total: 60700 ns
[2020-03-27T04:59:37.443+0000][1][safepoint    ] Safepoint "RevokeBias", Time since last: 4092900 ns, Reaching safepoint: 16300 ns, At safepoint: 17600 ns, Total: 33900 ns
[2020-03-27T04:59:37.445+0000][1][safepoint    ] Safepoint "RevokeBias", Time since last: 2042600 ns, Reaching safepoint: 15800 ns, At safepoint: 18100 ns, Total: 33900 ns
[2020-03-27T04:59:37.801+0000][1][safepoint    ] Safepoint "Deoptimize", Time since last: 355475037 ns, Reaching safepoint: 320100 ns, At safepoint: 324000 ns, Total: 644100 ns
[2020-03-27T04:59:38.477+0000][1][safepoint    ] Safepoint "RevokeBias", Time since last: 676211069 ns, Reaching safepoint: 53700 ns, At safepoint: 7400 ns, Total: 61100 ns
[2020-03-27T04:59:38.567+0000][1][safepoint    ] Safepoint "Deoptimize", Time since last: 88947210 ns, Reaching safepoint: 105600 ns, At safepoint: 433300 ns, Total: 538900 ns
[2020-03-27T04:59:38.655+0000][1][safepoint    ] Safepoint "RevokeBias", Time since last: 88515309 ns, Reaching safepoint: 102300 ns, At safepoint: 15500 ns, Total: 117800 ns
[2020-03-27T04:59:38.656+0000][1][safepoint    ] Safepoint "RevokeBias", Time since last: 778200 ns, Reaching safepoint: 80500 ns, At safepoint: 13600 ns, Total: 94100 ns
[2020-03-27T04:59:38.658+0000][1][safepoint    ] Safepoint "RevokeBias", Time since last: 1789300 ns, Reaching safepoint: 49400 ns, At safepoint: 14900 ns, Total: 64300 ns
[2020-03-27T04:59:38.659+0000][1][safepoint    ] Safepoint "RevokeBias", Time since last: 1200500 ns, Reaching safepoint: 62600 ns, At safepoint: 16000 ns, Total: 78600 ns
[2020-03-27T04:59:38.660+0000][1][safepoint    ] Safepoint "RevokeBias", Time since last: 572200 ns, Reaching safepoint: 84500 ns, At safepoint: 14600 ns, Total: 99100 ns
[2020-03-27T04:59:38.661+0000][1][safepoint    ] Safepoint "RevokeBias", Time since last: 382400 ns, Reaching safepoint: 89700 ns, At safepoint: 12700 ns, Total: 102400 ns
[2020-03-27T04:59:38.661+0000][1][safepoint    ] Safepoint "RevokeBias", Time since last: 537700 ns, Reaching safepoint: 50400 ns, At safepoint: 13000 ns, Total: 63400 ns
[2020-03-27T04:59:38.662+0000][1][safepoint    ] Safepoint "RevokeBias", Time since last: 419800 ns, Reaching safepoint: 49400 ns, At safepoint: 22900 ns, Total: 72300 ns
[2020-03-27T04:59:38.662+0000][1][safepoint    ] Safepoint "RevokeBias", Time since last: 364400 ns, Reaching safepoint: 77700 ns, At safepoint: 12200 ns, Total: 89900 ns
[2020-03-27T04:59:38.663+0000][1][safepoint    ] Safepoint "BulkRevokeBias", Time since last: 767000 ns, Reaching safepoint: 82100 ns, At safepoint: 48600 ns, Total: 130700 ns
[2020-03-27T04:59:38.664+0000][1][safepoint    ] Safepoint "RevokeBias", Time since last: 1096201 ns, Reaching safepoint: 75400 ns, At safepoint: 17000 ns, Total: 92400 ns
[2020-03-27T04:59:38.665+0000][1][safepoint    ] Safepoint "RevokeBias", Time since last: 427600 ns, Reaching safepoint: 101600 ns, At safepoint: 14500 ns, Total: 116100 ns
[2020-03-27T04:59:38.668+0000][1][safepoint    ] Safepoint "Deoptimize", Time since last: 2926100 ns, Reaching safepoint: 62700 ns, At safepoint: 301200 ns, Total: 363900 ns
[2020-03-27T04:59:38.669+0000][1][safepoint    ] Safepoint "RevokeBias", Time since last: 767900 ns, Reaching safepoint: 82000 ns, At safepoint: 17600 ns, Total: 99600 ns
[2020-03-27T04:59:38.852+0000][1][safepoint    ] Safepoint "Deoptimize", Time since last: 182479619 ns, Reaching safepoint: 88700 ns, At safepoint: 337100 ns, Total: 425800 ns
[2020-03-27T04:59:39.457+0000][1][safepoint    ] Safepoint "RevokeBias", Time since last: 604601562 ns, Reaching safepoint: 198300 ns, At safepoint: 56400 ns, Total: 254700 ns
[2020-03-27T04:59:39.457+0000][1][safepoint    ] Safepoint "RevokeBias", Time since last: 325700 ns, Reaching safepoint: 300600 ns, At safepoint: 53500 ns, Total: 354100 ns
[2020-03-27T04:59:39.458+0000][1][safepoint    ] Safepoint "RevokeBias", Time since last: 263400 ns, Reaching safepoint: 25100 ns, At safepoint: 30000 ns, Total: 55100 ns
[2020-03-27T04:59:39.458+0000][1][safepoint    ] Safepoint "RevokeBias", Time since last: 330200 ns, Reaching safepoint: 9700 ns, At safepoint: 12800 ns, Total: 22500 ns
[2020-03-27T04:59:39.458+0000][1][safepoint    ] Safepoint "RevokeBias", Time since last: 203100 ns, Reaching safepoint: 9100 ns, At safepoint: 22200 ns, Total: 31300 ns
[2020-03-27T04:59:39.459+0000][1][safepoint    ] Safepoint "RevokeBias", Time since last: 340800 ns, Reaching safepoint: 9400 ns, At safepoint: 11000 ns, Total: 20400 ns
[2020-03-27T04:59:39.459+0000][1][safepoint    ] Safepoint "RevokeBias", Time since last: 285000 ns, Reaching safepoint: 9100 ns, At safepoint: 11000 ns, Total: 20100 ns
[2020-03-27T04:59:39.459+0000][1][safepoint    ] Safepoint "RevokeBias", Time since last: 415300 ns, Reaching safepoint: 10600 ns, At safepoint: 12100 ns, Total: 22700 ns
[2020-03-27T04:59:39.548+0000][1][safepoint    ] Safepoint "RevokeBias", Time since last: 88954909 ns, Reaching safepoint: 98300 ns, At safepoint: 19300 ns, Total: 117600 ns
[2020-03-27T04:59:39.555+0000][1][safepoint    ] Safepoint "RevokeBias", Time since last: 5578701 ns, Reaching safepoint: 720300 ns, At safepoint: 13400 ns, Total: 733700 ns
[2020-03-27T04:59:39.557+0000][1][safepoint    ] Safepoint "RevokeBias", Time since last: 1302900 ns, Reaching safepoint: 1448500 ns, At safepoint: 18400 ns, Total: 1466900 ns
[2020-03-27T04:59:39.559+0000][1][safepoint    ] Safepoint "RevokeBias", Time since last: 1153300 ns, Reaching safepoint: 24600 ns, At safepoint: 12700 ns, Total: 37300 ns
[2020-03-27T04:59:39.576+0000][1][safepoint    ] Safepoint "RevokeBias", Time since last: 16788302 ns, Reaching safepoint: 82100 ns, At safepoint: 15100 ns, Total: 97200 ns
[2020-03-27T04:59:39.599+0000][1][safepoint    ] Safepoint "RevokeBias", Time since last: 23225703 ns, Reaching safepoint: 91400 ns, At safepoint: 16300 ns, Total: 107700 ns
[2020-03-27T04:59:39.601+0000][1][safepoint    ] Safepoint "RevokeBias", Time since last: 2374900 ns, Reaching safepoint: 22700 ns, At safepoint: 14300 ns, Total: 37000 ns
[2020-03-27T04:59:39.604+0000][1][safepoint    ] Safepoint "RevokeBias", Time since last: 2533400 ns, Reaching safepoint: 26700 ns, At safepoint: 13600 ns, Total: 40300 ns
[2020-03-27T04:59:39.604+0000][1][safepoint    ] Safepoint "RevokeBias", Time since last: 439300 ns, Reaching safepoint: 22300 ns, At safepoint: 12100 ns, Total: 34400 ns
[2020-03-27T04:59:39.605+0000][1][safepoint    ] Safepoint "RevokeBias", Time since last: 484100 ns, Reaching safepoint: 23700 ns, At safepoint: 13300 ns, Total: 37000 ns
[2020-03-27T04:59:39.605+0000][1][safepoint    ] Safepoint "RevokeBias", Time since last: 506600 ns, Reaching safepoint: 25100 ns, At safepoint: 13500 ns, Total: 38600 ns
[2020-03-27T04:59:39.606+0000][1][safepoint    ] Safepoint "RevokeBias", Time since last: 653900 ns, Reaching safepoint: 23300 ns, At safepoint: 12900 ns, Total: 36200 ns
[2020-03-27T04:59:39.606+0000][1][safepoint    ] Safepoint "RevokeBias", Time since last: 344700 ns, Reaching safepoint: 16000 ns, At safepoint: 8700 ns, Total: 24700 ns
[2020-03-27T04:59:39.641+0000][1][safepoint    ] Safepoint "RevokeBias", Time since last: 34792604 ns, Reaching safepoint: 27600 ns, At safepoint: 14400 ns, Total: 42000 ns
[2020-03-27T04:59:39.647+0000][1][safepoint    ] Safepoint "RevokeBias", Time since last: 5725201 ns, Reaching safepoint: 21000 ns, At safepoint: 12400 ns, Total: 33400 ns
[2020-03-27T04:59:39.667+0000][1][safepoint    ] Safepoint "RevokeBias", Time since last: 17025201 ns, Reaching safepoint: 2447401 ns, At safepoint: 14900 ns, Total: 2462301 ns
[2020-03-27T04:59:39.670+0000][1][safepoint    ] Safepoint "RevokeBias", Time since last: 1099000 ns, Reaching safepoint: 1879000 ns, At safepoint: 14300 ns, Total: 1893300 ns
[2020-03-27T04:59:39.670+0000][1][safepoint    ] Safepoint "RevokeBias", Time since last: 544500 ns, Reaching safepoint: 86100 ns, At safepoint: 11600 ns, Total: 97700 ns
[2020-03-27T04:59:39.679+0000][1][gc,start     ] GC(15) Pause Young (Allocation Failure)
[2020-03-27T04:59:39.679+0000][1][gc,task      ] GC(15) Using 2 workers of 2 for evacuation
[2020-03-27T04:59:39.726+0000][1][gc,age       ] GC(15) Desired survivor size 8716288 bytes, new threshold 6 (max threshold 6)
[2020-03-27T04:59:39.726+0000][1][gc,age       ] GC(15) Age table with threshold 6 (max threshold 6)
[2020-03-27T04:59:39.726+0000][1][gc,age       ] GC(15) - age   1:    5553392 bytes,    5553392 total
[2020-03-27T04:59:39.727+0000][1][gc,age       ] GC(15) - age   2:    2310072 bytes,    7863464 total
[2020-03-27T04:59:39.727+0000][1][gc,heap      ] GC(15) ParNew: 152520K->9525K(153344K)
[2020-03-27T04:59:39.728+0000][1][gc,heap      ] GC(15) CMS: 47885K->55530K(353920K)
[2020-03-27T04:59:39.728+0000][1][gc,metaspace ] GC(15) Metaspace: 73620K->73620K(1116160K)
[2020-03-27T04:59:39.728+0000][1][gc           ] GC(15) Pause Young (Allocation Failure) 195M->63M(495M) 49.304ms
[2020-03-27T04:59:39.728+0000][1][gc,cpu       ] GC(15) User=0.05s Sys=0.00s Real=0.05s
[2020-03-27T04:59:39.728+0000][1][safepoint    ] Safepoint "GenCollectForAllocation", Time since last: 6593101 ns, Reaching safepoint: 1839000 ns, At safepoint: 49835305 ns, Total: 51674305 ns
[2020-03-27T04:59:39.734+0000][1][safepoint    ] Safepoint "RevokeBias", Time since last: 5067800 ns, Reaching safepoint: 82300 ns, At safepoint: 17100 ns, Total: 99400 ns
[2020-03-27T04:59:39.735+0000][1][safepoint    ] Safepoint "RevokeBias", Time since last: 972901 ns, Reaching safepoint: 15400 ns, At safepoint: 9500 ns, Total: 24900 ns
[2020-03-27T04:59:39.736+0000][1][safepoint    ] Safepoint "RevokeBias", Time since last: 933900 ns, Reaching safepoint: 138300 ns, At safepoint: 34700 ns, Total: 173000 ns
[2020-03-27T04:59:39.737+0000][1][safepoint    ] Safepoint "RevokeBias", Time since last: 1250400 ns, Reaching safepoint: 116600 ns, At safepoint: 16000 ns, Total: 132600 ns
[2020-03-27T04:59:39.738+0000][1][safepoint    ] Safepoint "RevokeBias", Time since last: 550100 ns, Reaching safepoint: 14000 ns, At safepoint: 33800 ns, Total: 47800 ns
[2020-03-27T04:59:39.738+0000][1][safepoint    ] Safepoint "RevokeBias", Time since last: 382800 ns, Reaching safepoint: 14600 ns, At safepoint: 12600 ns, Total: 27200 ns
[2020-03-27T04:59:39.739+0000][1][safepoint    ] Safepoint "RevokeBias", Time since last: 763400 ns, Reaching safepoint: 12900 ns, At safepoint: 10700 ns, Total: 23600 ns
[2020-03-27T04:59:39.740+0000][1][safepoint    ] Safepoint "RevokeBias", Time since last: 702100 ns, Reaching safepoint: 13200 ns, At safepoint: 28300 ns, Total: 41500 ns
[2020-03-27T04:59:39.742+0000][1][safepoint    ] Safepoint "RevokeBias", Time since last: 1913200 ns, Reaching safepoint: 37500 ns, At safepoint: 13500 ns, Total: 51000 ns
[2020-03-27T04:59:39.742+0000][1][safepoint    ] Safepoint "RevokeBias", Time since last: 450400 ns, Reaching safepoint: 31500 ns, At safepoint: 24400 ns, Total: 55900 ns
[2020-03-27T04:59:39.764+0000][1][safepoint    ] Safepoint "RevokeBias", Time since last: 22105203 ns, Reaching safepoint: 146700 ns, At safepoint: 30400 ns, Total: 177100 ns
[2020-03-27T04:59:39.787+0000][1][safepoint    ] Safepoint "RevokeBias", Time since last: 22882702 ns, Reaching safepoint: 125000 ns, At safepoint: 15300 ns, Total: 140300 ns
[2020-03-27T04:59:39.796+0000][1][safepoint    ] Safepoint "RevokeBias", Time since last: 8845101 ns, Reaching safepoint: 76900 ns, At safepoint: 13800 ns, Total: 90700 ns
[2020-03-27T04:59:39.807+0000][1][safepoint    ] Safepoint "RevokeBias", Time since last: 9644101 ns, Reaching safepoint: 537700 ns, At safepoint: 16800 ns, Total: 554500 ns
[2020-03-27T04:59:39.822+0000][1][safepoint    ] Safepoint "RevokeBias", Time since last: 15354602 ns, Reaching safepoint: 93500 ns, At safepoint: 16700 ns, Total: 110200 ns
[2020-03-27T04:59:39.826+0000][1][safepoint    ] Safepoint "RevokeBias", Time since last: 4034700 ns, Reaching safepoint: 174700 ns, At safepoint: 17600 ns, Total: 192300 ns
[2020-03-27T04:59:39.827+0000][1][safepoint    ] Safepoint "RevokeBias", Time since last: 855900 ns, Reaching safepoint: 167700 ns, At safepoint: 13900 ns, Total: 181600 ns
[2020-03-27T04:59:39.828+0000][1][safepoint    ] Safepoint "RevokeBias", Time since last: 491300 ns, Reaching safepoint: 177800 ns, At safepoint: 24100 ns, Total: 201900 ns
[2020-03-27T04:59:39.828+0000][1][safepoint    ] Safepoint "RevokeBias", Time since last: 342600 ns, Reaching safepoint: 95300 ns, At safepoint: 10300 ns, Total: 105600 ns
[2020-03-27T04:59:39.829+0000][1][safepoint    ] Safepoint "RevokeBias", Time since last: 329200 ns, Reaching safepoint: 171800 ns, At safepoint: 10700 ns, Total: 182500 ns
[2020-03-27T04:59:39.830+0000][1][safepoint    ] Safepoint "RevokeBias", Time since last: 371500 ns, Reaching safepoint: 186500 ns, At safepoint: 108000 ns, Total: 294500 ns
[2020-03-27T04:59:39.862+0000][1][safepoint    ] Safepoint "RevokeBias", Time since last: 32009604 ns, Reaching safepoint: 752600 ns, At safepoint: 17500 ns, Total: 770100 ns
[2020-03-27T04:59:39.870+0000][1][safepoint    ] Safepoint "RevokeBias", Time since last: 7728800 ns, Reaching safepoint: 26900 ns, At safepoint: 11100 ns, Total: 38000 ns
[2020-03-27T04:59:39.877+0000][1][safepoint    ] Safepoint "RevokeBias", Time since last: 6832601 ns, Reaching safepoint: 95400 ns, At safepoint: 9600 ns, Total: 105000 ns
[2020-03-27T04:59:39.878+0000][1][safepoint    ] Safepoint "RevokeBias", Time since last: 699500 ns, Reaching safepoint: 85400 ns, At safepoint: 9200 ns, Total: 94600 ns
[2020-03-27T04:59:39.888+0000][1][safepoint    ] Safepoint "RevokeBias", Time since last: 9925101 ns, Reaching safepoint: 28600 ns, At safepoint: 17400 ns, Total: 46000 ns
[2020-03-27T04:59:39.906+0000][1][safepoint    ] Safepoint "RevokeBias", Time since last: 17630602 ns, Reaching safepoint: 47400 ns, At safepoint: 10300 ns, Total: 57700 ns
[2020-03-27T04:59:39.999+0000][1][safepoint    ] Safepoint "RevokeBias", Time since last: 93842210 ns, Reaching safepoint: 44800 ns, At safepoint: 19700 ns, Total: 64500 ns
[2020-03-27T04:59:40.021+0000][1][safepoint    ] Safepoint "RevokeBias", Time since last: 21447102 ns, Reaching safepoint: 254800 ns, At safepoint: 16000 ns, Total: 270800 ns
[2020-03-27T04:59:40.071+0000][1][safepoint    ] Safepoint "RevokeBias", Time since last: 50228205 ns, Reaching safepoint: 43600 ns, At safepoint: 14400 ns, Total: 58000 ns
[2020-03-27T04:59:40.072+0000][1][safepoint    ] Safepoint "RevokeBias", Time since last: 821900 ns, Reaching safepoint: 21000 ns, At safepoint: 8600 ns, Total: 29600 ns
[2020-03-27T04:59:40.073+0000][1][safepoint    ] Safepoint "RevokeBias", Time since last: 511400 ns, Reaching safepoint: 36200 ns, At safepoint: 7200 ns, Total: 43400 ns
[2020-03-27T04:59:40.077+0000][1][safepoint    ] Safepoint "RevokeBias", Time since last: 4392101 ns, Reaching safepoint: 27700 ns, At safepoint: 10600 ns, Total: 38300 ns
[2020-03-27T04:59:40.083+0000][1][safepoint    ] Safepoint "RevokeBias", Time since last: 5184000 ns, Reaching safepoint: 90700 ns, At safepoint: 10100 ns, Total: 100800 ns
[2020-03-27T04:59:40.094+0000][1][safepoint    ] Safepoint "RevokeBias", Time since last: 11683901 ns, Reaching safepoint: 34200 ns, At safepoint: 14400 ns, Total: 48600 ns
[2020-03-27T04:59:40.100+0000][1][safepoint    ] Safepoint "RevokeBias", Time since last: 5233101 ns, Reaching safepoint: 37600 ns, At safepoint: 14900 ns, Total: 52500 ns
[2020-03-27T04:59:40.100+0000][1][safepoint    ] Safepoint "RevokeBias", Time since last: 546200 ns, Reaching safepoint: 24900 ns, At safepoint: 11200 ns, Total: 36100 ns
[2020-03-27T04:59:40.101+0000][1][safepoint    ] Safepoint "RevokeBias", Time since last: 1137100 ns, Reaching safepoint: 17700 ns, At safepoint: 9600 ns, Total: 27300 ns
[2020-03-27T04:59:40.102+0000][1][safepoint    ] Safepoint "RevokeBias", Time since last: 441600 ns, Reaching safepoint: 15400 ns, At safepoint: 8000 ns, Total: 23400 ns
[2020-03-27T04:59:40.102+0000][1][safepoint    ] Safepoint "RevokeBias", Time since last: 417700 ns, Reaching safepoint: 12500 ns, At safepoint: 7500 ns, Total: 20000 ns
[2020-03-27T04:59:40.127+0000][1][safepoint    ] Safepoint "RevokeBias", Time since last: 20090102 ns, Reaching safepoint: 4219901 ns, At safepoint: 187400 ns, Total: 4407301 ns
[2020-03-27T04:59:40.128+0000][1][safepoint    ] Safepoint "RevokeBias", Time since last: 795400 ns, Reaching safepoint: 157600 ns, At safepoint: 16800 ns, Total: 174400 ns
[2020-03-27T04:59:40.129+0000][1][safepoint    ] Safepoint "RevokeBias", Time since last: 886500 ns, Reaching safepoint: 129200 ns, At safepoint: 14600 ns, Total: 143800 ns
[2020-03-27T04:59:40.131+0000][1][safepoint    ] Safepoint "RevokeBias", Time since last: 2183300 ns, Reaching safepoint: 199200 ns, At safepoint: 39900 ns, Total: 239100 ns
[2020-03-27T04:59:40.132+0000][1][safepoint    ] Safepoint "RevokeBias", Time since last: 875100 ns, Reaching safepoint: 97300 ns, At safepoint: 15700 ns, Total: 113000 ns
[2020-03-27T04:59:40.142+0000][1][safepoint    ] Safepoint "RevokeBias", Time since last: 9396401 ns, Reaching safepoint: 614700 ns, At safepoint: 18000 ns, Total: 632700 ns
[2020-03-27T04:59:40.158+0000][1][safepoint    ] Safepoint "RevokeBias", Time since last: 15233902 ns, Reaching safepoint: 115200 ns, At safepoint: 21400 ns, Total: 136600 ns
[2020-03-27T04:59:40.162+0000][1][safepoint    ] Safepoint "RevokeBias", Time since last: 4224300 ns, Reaching safepoint: 325100 ns, At safepoint: 20400 ns, Total: 345500 ns
[2020-03-27T04:59:40.175+0000][1][safepoint    ] Safepoint "RevokeBias", Time since last: 6762301 ns, Reaching safepoint: 6286401 ns, At safepoint: 19500 ns, Total: 6305901 ns
[2020-03-27T04:59:40.178+0000][1][safepoint    ] Safepoint "RevokeBias", Time since last: 2303800 ns, Reaching safepoint: 106600 ns, At safepoint: 6000 ns, Total: 112600 ns
[2020-03-27T04:59:40.195+0000][1][safepoint    ] Safepoint "RevokeBias", Time since last: 15247102 ns, Reaching safepoint: 1749600 ns, At safepoint: 9000 ns, Total: 1758600 ns
[2020-03-27T04:59:40.221+0000][1][safepoint    ] Safepoint "RevokeBias", Time since last: 26686503 ns, Reaching safepoint: 96800 ns, At safepoint: 11800 ns, Total: 108600 ns
[2020-03-27T04:59:40.241+0000][1][safepoint    ] Safepoint "RevokeBias", Time since last: 18502701 ns, Reaching safepoint: 642101 ns, At safepoint: 58700 ns, Total: 700801 ns
[2020-03-27T04:59:40.276+0000][1][safepoint    ] Safepoint "RevokeBias", Time since last: 35655503 ns, Reaching safepoint: 164600 ns, At safepoint: 9300 ns, Total: 173900 ns
[2020-03-27T04:59:40.315+0000][1][safepoint    ] Safepoint "RevokeBias", Time since last: 38073404 ns, Reaching safepoint: 428100 ns, At safepoint: 23200 ns, Total: 451300 ns
[2020-03-27T04:59:40.317+0000][1][safepoint    ] Safepoint "RevokeBias", Time since last: 1832900 ns, Reaching safepoint: 444900 ns, At safepoint: 20600 ns, Total: 465500 ns
[2020-03-27T04:59:40.320+0000][1][safepoint    ] Safepoint "RevokeBias", Time since last: 2016301 ns, Reaching safepoint: 233700 ns, At safepoint: 18600 ns, Total: 252300 ns
[2020-03-27T04:59:40.335+0000][1][safepoint    ] Safepoint "RevokeBias", Time since last: 15498501 ns, Reaching safepoint: 314100 ns, At safepoint: 34000 ns, Total: 348100 ns
[2020-03-27T04:59:40.343+0000][1][safepoint    ] Safepoint "RevokeBias", Time since last: 6975601 ns, Reaching safepoint: 205900 ns, At safepoint: 18800 ns, Total: 224700 ns
[2020-03-27T04:59:40.351+0000][1][safepoint    ] Safepoint "RevokeBias", Time since last: 8619601 ns, Reaching safepoint: 119700 ns, At safepoint: 17800 ns, Total: 137500 ns
[2020-03-27T04:59:40.364+0000][1][safepoint    ] Safepoint "RevokeBias", Time since last: 12854801 ns, Reaching safepoint: 144600 ns, At safepoint: 7500 ns, Total: 152100 ns
[2020-03-27T04:59:40.365+0000][1][safepoint    ] Safepoint "RevokeBias", Time since last: 589300 ns, Reaching safepoint: 237800 ns, At safepoint: 4600 ns, Total: 242400 ns
[2020-03-27T04:59:40.376+0000][1][safepoint    ] Safepoint "RevokeBias", Time since last: 11213901 ns, Reaching safepoint: 53700 ns, At safepoint: 5300 ns, Total: 59000 ns
[2020-03-27T04:59:40.377+0000][1][safepoint    ] Safepoint "RevokeBias", Time since last: 760201 ns, Reaching safepoint: 23400 ns, At safepoint: 3500 ns, Total: 26900 ns
[2020-03-27T04:59:40.379+0000][1][safepoint    ] Safepoint "RevokeBias", Time since last: 2034100 ns, Reaching safepoint: 41200 ns, At safepoint: 4700 ns, Total: 45900 ns
[2020-03-27T04:59:40.380+0000][1][safepoint    ] Safepoint "RevokeBias", Time since last: 516000 ns, Reaching safepoint: 20300 ns, At safepoint: 3600 ns, Total: 23900 ns
[2020-03-27T04:59:40.388+0000][1][safepoint    ] Safepoint "RevokeBias", Time since last: 7668201 ns, Reaching safepoint: 141700 ns, At safepoint: 6100 ns, Total: 147800 ns
[2020-03-27T04:59:40.388+0000][1][safepoint    ] Safepoint "RevokeBias", Time since last: 484400 ns, Reaching safepoint: 135600 ns, At safepoint: 12100 ns, Total: 147700 ns
[2020-03-27T04:59:40.490+0000][1][safepoint    ] Safepoint "Deoptimize", Time since last: 99997110 ns, Reaching safepoint: 1256400 ns, At safepoint: 361700 ns, Total: 1618100 ns
[2020-03-27T04:59:40.601+0000][1][safepoint    ] Safepoint "RevokeBias", Time since last: 108719411 ns, Reaching safepoint: 1940200 ns, At safepoint: 6900 ns, Total: 1947100 ns
[2020-03-27T04:59:40.601+0000][1][safepoint    ] Safepoint "RevokeBias", Time since last: 600301 ns, Reaching safepoint: 131700 ns, At safepoint: 4500 ns, Total: 136200 ns
[2020-03-27T04:59:40.605+0000][1][safepoint    ] Safepoint "RevokeBias", Time since last: 3944800 ns, Reaching safepoint: 75700 ns, At safepoint: 5300 ns, Total: 81000 ns
[2020-03-27T04:59:40.606+0000][1][safepoint    ] Safepoint "RevokeBias", Time since last: 535200 ns, Reaching safepoint: 129900 ns, At safepoint: 4300 ns, Total: 134200 ns
[2020-03-27T04:59:40.617+0000][1][safepoint    ] Safepoint "RevokeBias", Time since last: 11100001 ns, Reaching safepoint: 104900 ns, At safepoint: 5400 ns, Total: 110300 ns
[2020-03-27T04:59:40.618+0000][1][safepoint    ] Safepoint "RevokeBias", Time since last: 576600 ns, Reaching safepoint: 99500 ns, At safepoint: 31700 ns, Total: 131200 ns
[2020-03-27T04:59:40.618+0000][1][safepoint    ] Safepoint "RevokeBias", Time since last: 361300 ns, Reaching safepoint: 119500 ns, At safepoint: 18000 ns, Total: 137500 ns
[2020-03-27T04:59:40.632+0000][1][safepoint    ] Safepoint "RevokeBias", Time since last: 13774702 ns, Reaching safepoint: 139600 ns, At safepoint: 5800 ns, Total: 145400 ns
[2020-03-27T04:59:40.643+0000][1][safepoint    ] Safepoint "RevokeBias", Time since last: 9194701 ns, Reaching safepoint: 1064600 ns, At safepoint: 5700 ns, Total: 1070300 ns
[2020-03-27T04:59:40.648+0000][1][safepoint    ] Safepoint "RevokeBias", Time since last: 4222400 ns, Reaching safepoint: 691800 ns, At safepoint: 5500 ns, Total: 697300 ns
[2020-03-27T04:59:40.648+0000][1][safepoint    ] Safepoint "RevokeBias", Time since last: 505000 ns, Reaching safepoint: 176300 ns, At safepoint: 3800 ns, Total: 180100 ns
[2020-03-27T04:59:40.649+0000][1][safepoint    ] Safepoint "RevokeBias", Time since last: 346900 ns, Reaching safepoint: 212300 ns, At safepoint: 4400 ns, Total: 216700 ns
[2020-03-27T04:59:40.650+0000][1][safepoint    ] Safepoint "RevokeBias", Time since last: 432400 ns, Reaching safepoint: 728201 ns, At safepoint: 4200 ns, Total: 732401 ns
[2020-03-27T04:59:40.670+0000][1][safepoint    ] Safepoint "RevokeBias", Time since last: 20403802 ns, Reaching safepoint: 134100 ns, At safepoint: 5500 ns, Total: 139600 ns
[2020-03-27T04:59:40.681+0000][1][safepoint    ] Safepoint "RevokeBias", Time since last: 9912801 ns, Reaching safepoint: 136600 ns, At safepoint: 5500 ns, Total: 142100 ns
[2020-03-27T04:59:40.682+0000][1][safepoint    ] Safepoint "RevokeBias", Time since last: 751700 ns, Reaching safepoint: 241900 ns, At safepoint: 4800 ns, Total: 246700 ns
[2020-03-27T04:59:40.684+0000][1][safepoint    ] Safepoint "RevokeBias", Time since last: 410100 ns, Reaching safepoint: 1584400 ns, At safepoint: 5000 ns, Total: 1589400 ns
[2020-03-27T04:59:40.684+0000][1][safepoint    ] Safepoint "RevokeBias", Time since last: 360300 ns, Reaching safepoint: 88600 ns, At safepoint: 4000 ns, Total: 92600 ns
[2020-03-27T04:59:40.684+0000][1][safepoint    ] Safepoint "RevokeBias", Time since last: 379800 ns, Reaching safepoint: 86400 ns, At safepoint: 25700 ns, Total: 112100 ns
[2020-03-27T04:59:40.685+0000][1][safepoint    ] Safepoint "RevokeBias", Time since last: 417700 ns, Reaching safepoint: 129400 ns, At safepoint: 3800 ns, Total: 133200 ns
[2020-03-27T04:59:40.685+0000][1][safepoint    ] Safepoint "RevokeBias", Time since last: 314800 ns, Reaching safepoint: 85200 ns, At safepoint: 3600 ns, Total: 88800 ns
[2020-03-27T04:59:40.686+0000][1][safepoint    ] Safepoint "RevokeBias", Time since last: 392200 ns, Reaching safepoint: 108500 ns, At safepoint: 4300 ns, Total: 112800 ns
[2020-03-27T04:59:40.709+0000][1][safepoint    ] Safepoint "RevokeBias", Time since last: 21217002 ns, Reaching safepoint: 1381001 ns, At safepoint: 6800 ns, Total: 1387801 ns
[2020-03-27T04:59:40.709+0000][1][safepoint    ] Safepoint "RevokeBias", Time since last: 864600 ns, Reaching safepoint: 50600 ns, At safepoint: 5000 ns, Total: 55600 ns
[2020-03-27T04:59:40.735+0000][1][safepoint    ] Safepoint "RevokeBias", Time since last: 23051102 ns, Reaching safepoint: 2027200 ns, At safepoint: 8000 ns, Total: 2035200 ns
[2020-03-27T04:59:40.736+0000][1][safepoint    ] Safepoint "RevokeBias", Time since last: 700700 ns, Reaching safepoint: 137400 ns, At safepoint: 115700 ns, Total: 253100 ns
[2020-03-27T04:59:40.736+0000][1][safepoint    ] Safepoint "RevokeBias", Time since last: 345200 ns, Reaching safepoint: 86600 ns, At safepoint: 4700 ns, Total: 91300 ns
[2020-03-27T04:59:40.738+0000][1][safepoint    ] Safepoint "RevokeBias", Time since last: 1702401 ns, Reaching safepoint: 246300 ns, At safepoint: 4500 ns, Total: 250800 ns
[2020-03-27T04:59:40.743+0000][1][safepoint    ] Safepoint "RevokeBias", Time since last: 4680200 ns, Reaching safepoint: 816200 ns, At safepoint: 6900 ns, Total: 823100 ns
[2020-03-27T04:59:40.751+0000][1][safepoint    ] Safepoint "RevokeBias", Time since last: 7227101 ns, Reaching safepoint: 440900 ns, At safepoint: 6600 ns, Total: 447500 ns
[2020-03-27T04:59:40.807+0000][1][safepoint    ] Safepoint "RevokeBias", Time since last: 56297406 ns, Reaching safepoint: 41100 ns, At safepoint: 5500 ns, Total: 46600 ns
[2020-03-27T04:59:40.942+0000][1][safepoint    ] Safepoint "RevokeBias", Time since last: 134214114 ns, Reaching safepoint: 64400 ns, At safepoint: 10900 ns, Total: 75300 ns
[2020-03-27T04:59:41.090+0000][1][safepoint    ] Safepoint "RevokeBias", Time since last: 147683715 ns, Reaching safepoint: 93300 ns, At safepoint: 39800 ns, Total: 133100 ns
[2020-03-27T04:59:41.090+0000][1][safepoint    ] Safepoint "RevokeBias", Time since last: 525800 ns, Reaching safepoint: 43000 ns, At safepoint: 5800 ns, Total: 48800 ns
[2020-03-27T04:59:41.160+0000][1][safepoint    ] Safepoint "RevokeBias", Time since last: 67768107 ns, Reaching safepoint: 1674800 ns, At safepoint: 8600 ns, Total: 1683400 ns
[2020-03-27T04:59:41.161+0000][1][safepoint    ] Safepoint "BulkRevokeBias", Time since last: 1522400 ns, Reaching safepoint: 84700 ns, At safepoint: 242100 ns, Total: 326800 ns
[2020-03-27T04:59:41.163+0000][1][safepoint    ] Safepoint "RevokeBias", Time since last: 458700 ns, Reaching safepoint: 739800 ns, At safepoint: 6100 ns, Total: 745900 ns
[2020-03-27T04:59:41.200+0000][1][safepoint    ] Safepoint "RevokeBias", Time since last: 36921004 ns, Reaching safepoint: 109200 ns, At safepoint: 8300 ns, Total: 117500 ns
[2020-03-27T04:59:41.201+0000][1][safepoint    ] Safepoint "RevokeBias", Time since last: 1053000 ns, Reaching safepoint: 97300 ns, At safepoint: 7300 ns, Total: 104600 ns
[2020-03-27T04:59:41.233+0000][1][safepoint    ] Safepoint "RevokeBias", Time since last: 29756003 ns, Reaching safepoint: 1985500 ns, At safepoint: 7200 ns, Total: 1992700 ns
[2020-03-27T04:59:41.267+0000][1][safepoint    ] Safepoint "BulkRevokeBias", Time since last: 32389904 ns, Reaching safepoint: 1605700 ns, At safepoint: 148000 ns, Total: 1753700 ns
[2020-03-27T04:59:41.351+0000][1][safepoint    ] Safepoint "RevokeBias", Time since last: 83442808 ns, Reaching safepoint: 904801 ns, At safepoint: 8300 ns, Total: 913101 ns
[2020-03-27T04:59:41.354+0000][1][safepoint    ] Safepoint "RevokeBias", Time since last: 789800 ns, Reaching safepoint: 2160700 ns, At safepoint: 9500 ns, Total: 2170200 ns
[2020-03-27T04:59:41.526+0000][1][safepoint    ] Safepoint "RevokeBias", Time since last: 171126617 ns, Reaching safepoint: 844101 ns, At safepoint: 33300 ns, Total: 877401 ns
[2020-03-27T04:59:41.596+0000][1][safepoint    ] Safepoint "RevokeBias", Time since last: 69442807 ns, Reaching safepoint: 92000 ns, At safepoint: 20300 ns, Total: 112300 ns
[2020-03-27T04:59:41.599+0000][1][safepoint    ] Safepoint "RevokeBias", Time since last: 339000 ns, Reaching safepoint: 3085300 ns, At safepoint: 15300 ns, Total: 3100600 ns
[2020-03-27T04:59:41.600+0000][1][safepoint    ] Safepoint "RevokeBias", Time since last: 420000 ns, Reaching safepoint: 127500 ns, At safepoint: 76400 ns, Total: 203900 ns
[2020-03-27T04:59:41.630+0000][1][safepoint    ] Safepoint "RevokeBias", Time since last: 30067103 ns, Reaching safepoint: 159500 ns, At safepoint: 23300 ns, Total: 182800 ns
[2020-03-27T04:59:41.631+0000][1][safepoint    ] Safepoint "RevokeBias", Time since last: 895000 ns, Reaching safepoint: 404300 ns, At safepoint: 11700 ns, Total: 416000 ns
[2020-03-27T04:59:41.637+0000][1][safepoint    ] Safepoint "RevokeBias", Time since last: 5394201 ns, Reaching safepoint: 109200 ns, At safepoint: 51000 ns, Total: 160200 ns
[2020-03-27T04:59:41.660+0000][1][safepoint    ] Safepoint "RevokeBias", Time since last: 22629602 ns, Reaching safepoint: 294600 ns, At safepoint: 24200 ns, Total: 318800 ns
[2020-03-27T04:59:41.660+0000][1][safepoint    ] Safepoint "RevokeBias", Time since last: 295900 ns, Reaching safepoint: 164800 ns, At safepoint: 20500 ns, Total: 185300 ns
[2020-03-27T04:59:41.662+0000][1][safepoint    ] Safepoint "RevokeBias", Time since last: 1412600 ns, Reaching safepoint: 713301 ns, At safepoint: 31100 ns, Total: 744401 ns
[2020-03-27T04:59:41.726+0000][1][safepoint    ] Safepoint "RevokeBias", Time since last: 63175006 ns, Reaching safepoint: 184700 ns, At safepoint: 40000 ns, Total: 224700 ns
[2020-03-27T04:59:41.726+0000][1][safepoint    ] Safepoint "RevokeBias", Time since last: 302200 ns, Reaching safepoint: 96300 ns, At safepoint: 21600 ns, Total: 117900 ns
[2020-03-27T04:59:41.745+0000][1][safepoint    ] Safepoint "RevokeBias", Time since last: 17559702 ns, Reaching safepoint: 1347200 ns, At safepoint: 19800 ns, Total: 1367000 ns
[2020-03-27T04:59:41.752+0000][1][safepoint    ] Safepoint "RevokeBias", Time since last: 6686501 ns, Reaching safepoint: 103200 ns, At safepoint: 21600 ns, Total: 124800 ns
[2020-03-27T04:59:41.905+0000][1][gc,start     ] GC(16) Pause Young (Allocation Failure)
[2020-03-27T04:59:41.906+0000][1][gc,task      ] GC(16) Using 2 workers of 2 for evacuation
[2020-03-27T04:59:41.958+0000][1][gc,age       ] GC(16) Desired survivor size 8716288 bytes, new threshold 2 (max threshold 6)
[2020-03-27T04:59:41.959+0000][1][gc,age       ] GC(16) Age table with threshold 2 (max threshold 6)
[2020-03-27T04:59:41.960+0000][1][gc,age       ] GC(16) - age   1:    7593560 bytes,    7593560 total
[2020-03-27T04:59:41.960+0000][1][gc,age       ] GC(16) - age   2:    5086488 bytes,   12680048 total
[2020-03-27T04:59:41.960+0000][1][gc,age       ] GC(16) - age   3:    2158192 bytes,   14838240 total
[2020-03-27T04:59:41.961+0000][1][gc,heap      ] GC(16) ParNew: 145845K->17024K(153344K)
[2020-03-27T04:59:41.961+0000][1][gc,heap      ] GC(16) CMS: 55530K->56564K(353920K)
[2020-03-27T04:59:41.961+0000][1][gc,metaspace ] GC(16) Metaspace: 80185K->80185K(1122304K)
[2020-03-27T04:59:41.962+0000][1][gc           ] GC(16) Pause Young (Allocation Failure) 196M->71M(495M) 56.591ms
[2020-03-27T04:59:41.962+0000][1][gc,cpu       ] GC(16) User=0.03s Sys=0.00s Real=0.06s
[2020-03-27T04:59:41.963+0000][1][safepoint    ] Safepoint "GenCollectForAllocation", Time since last: 152786715 ns, Reaching safepoint: 361400 ns, At safepoint: 57654606 ns, Total: 58016006 ns
[2020-03-27T04:59:41.974+0000][1][safepoint    ] Safepoint "RevokeBias", Time since last: 10705101 ns, Reaching safepoint: 89600 ns, At safepoint: 33900 ns, Total: 123500 ns
[2020-03-27T04:59:42.025+0000][1][safepoint    ] Safepoint "RevokeBias", Time since last: 44217405 ns, Reaching safepoint: 6813501 ns, At safepoint: 33300 ns, Total: 6846801 ns
[2020-03-27T04:59:42.054+0000][1][safepoint    ] Safepoint "RevokeBias", Time since last: 26415402 ns, Reaching safepoint: 2548601 ns, At safepoint: 16800 ns, Total: 2565401 ns
[2020-03-27T04:59:42.058+0000][1][safepoint    ] Safepoint "RevokeBias", Time since last: 1454000 ns, Reaching safepoint: 2526900 ns, At safepoint: 15900 ns, Total: 2542800 ns
[2020-03-27T04:59:42.058+0000][1][safepoint    ] Safepoint "RevokeBias", Time since last: 714100 ns, Reaching safepoint: 114800 ns, At safepoint: 13300 ns, Total: 128100 ns
[2020-03-27T04:59:42.070+0000][1][safepoint    ] Safepoint "RevokeBias", Time since last: 8867401 ns, Reaching safepoint: 2850400 ns, At safepoint: 20500 ns, Total: 2870900 ns
[2020-03-27T04:59:42.076+0000][1][safepoint    ] Safepoint "RevokeBias", Time since last: 1245701 ns, Reaching safepoint: 4161700 ns, At safepoint: 18500 ns, Total: 4180200 ns
[2020-03-27T04:59:42.101+0000][1][safepoint    ] Safepoint "RevokeBias", Time since last: 24790803 ns, Reaching safepoint: 931000 ns, At safepoint: 14100 ns, Total: 945100 ns
[2020-03-27T04:59:42.114+0000][1][safepoint    ] Safepoint "RevokeBias", Time since last: 10553001 ns, Reaching safepoint: 2178000 ns, At safepoint: 23600 ns, Total: 2201600 ns
[2020-03-27T04:59:42.117+0000][1][safepoint    ] Safepoint "RevokeBias", Time since last: 2727200 ns, Reaching safepoint: 559300 ns, At safepoint: 129500 ns, Total: 688800 ns
[2020-03-27T04:59:42.121+0000][1][safepoint    ] Safepoint "RevokeBias", Time since last: 3181901 ns, Reaching safepoint: 569200 ns, At safepoint: 15700 ns, Total: 584900 ns
[2020-03-27T04:59:42.159+0000][1][safepoint    ] Safepoint "RevokeBias", Time since last: 37870204 ns, Reaching safepoint: 76400 ns, At safepoint: 124200 ns, Total: 200600 ns
[2020-03-27T04:59:42.287+0000][1][safepoint    ] Safepoint "RevokeBias", Time since last: 127917013 ns, Reaching safepoint: 175200 ns, At safepoint: 11500 ns, Total: 186700 ns
[2020-03-27T04:59:42.299+0000][1][safepoint    ] Safepoint "RevokeBias", Time since last: 11667601 ns, Reaching safepoint: 107100 ns, At safepoint: 10300 ns, Total: 117400 ns
[2020-03-27T04:59:42.311+0000][1][safepoint    ] Safepoint "RevokeBias", Time since last: 7829601 ns, Reaching safepoint: 3519800 ns, At safepoint: 20500 ns, Total: 3540300 ns
[2020-03-27T04:59:42.312+0000][1][safepoint    ] Safepoint "RevokeBias", Time since last: 968500 ns, Reaching safepoint: 219900 ns, At safepoint: 13600 ns, Total: 233500 ns
[2020-03-27T04:59:42.312+0000][1][safepoint    ] Safepoint "RevokeBias", Time since last: 211800 ns, Reaching safepoint: 175500 ns, At safepoint: 14700 ns, Total: 190200 ns
[2020-03-27T04:59:42.313+0000][1][safepoint    ] Safepoint "RevokeBias", Time since last: 415100 ns, Reaching safepoint: 368400 ns, At safepoint: 15100 ns, Total: 383500 ns
[2020-03-27T04:59:42.314+0000][1][safepoint    ] Safepoint "RevokeBias", Time since last: 492300 ns, Reaching safepoint: 73300 ns, At safepoint: 8500 ns, Total: 81800 ns
[2020-03-27T04:59:42.314+0000][1][safepoint    ] Safepoint "RevokeBias", Time since last: 365100 ns, Reaching safepoint: 160900 ns, At safepoint: 9600 ns, Total: 170500 ns
[2020-03-27T04:59:42.315+0000][1][safepoint    ] Safepoint "RevokeBias", Time since last: 284301 ns, Reaching safepoint: 264700 ns, At safepoint: 11800 ns, Total: 276500 ns
[2020-03-27T04:59:42.315+0000][1][safepoint    ] Safepoint "RevokeBias", Time since last: 285500 ns, Reaching safepoint: 192800 ns, At safepoint: 15300 ns, Total: 208100 ns
[2020-03-27T04:59:42.316+0000][1][safepoint    ] Safepoint "RevokeBias", Time since last: 479200 ns, Reaching safepoint: 297900 ns, At safepoint: 10100 ns, Total: 308000 ns
[2020-03-27T04:59:42.317+0000][1][safepoint    ] Safepoint "RevokeBias", Time since last: 319400 ns, Reaching safepoint: 1090700 ns, At safepoint: 14000 ns, Total: 1104700 ns
[2020-03-27T04:59:42.335+0000][1][safepoint    ] Safepoint "RevokeBias", Time since last: 17773502 ns, Reaching safepoint: 40500 ns, At safepoint: 12500 ns, Total: 53000 ns
[2020-03-27T04:59:42.336+0000][1][safepoint    ] Safepoint "RevokeBias", Time since last: 306200 ns, Reaching safepoint: 44400 ns, At safepoint: 10400 ns, Total: 54800 ns
[2020-03-27T04:59:42.400+0000][1][safepoint    ] Safepoint "RevokeBias", Time since last: 58417506 ns, Reaching safepoint: 6380800 ns, At safepoint: 32900 ns, Total: 6413700 ns
[2020-03-27T04:59:42.402+0000][1][safepoint    ] Safepoint "RevokeBias", Time since last: 1427500 ns, Reaching safepoint: 150600 ns, At safepoint: 14001 ns, Total: 164601 ns
[2020-03-27T04:59:42.403+0000][1][safepoint    ] Safepoint "RevokeBias", Time since last: 326900 ns, Reaching safepoint: 239700 ns, At safepoint: 26500 ns, Total: 266200 ns
[2020-03-27T04:59:42.403+0000][1][safepoint    ] Safepoint "RevokeBias", Time since last: 509800 ns, Reaching safepoint: 196800 ns, At safepoint: 49400 ns, Total: 246200 ns
[2020-03-27T04:59:42.404+0000][1][safepoint    ] Safepoint "RevokeBias", Time since last: 423400 ns, Reaching safepoint: 96400 ns, At safepoint: 25700 ns, Total: 122100 ns
[2020-03-27T04:59:42.446+0000][1][safepoint    ] Safepoint "RevokeBias", Time since last: 41862404 ns, Reaching safepoint: 152300 ns, At safepoint: 14200 ns, Total: 166500 ns
[2020-03-27T04:59:42.447+0000][1][safepoint    ] Safepoint "RevokeBias", Time since last: 678800 ns, Reaching safepoint: 71200 ns, At safepoint: 12500 ns, Total: 83700 ns
[2020-03-27T04:59:42.447+0000][1][safepoint    ] Safepoint "RevokeBias", Time since last: 314000 ns, Reaching safepoint: 46000 ns, At safepoint: 66300 ns, Total: 112300 ns
[2020-03-27T04:59:42.447+0000][1][safepoint    ] Safepoint "RevokeBias", Time since last: 286800 ns, Reaching safepoint: 35900 ns, At safepoint: 9000 ns, Total: 44900 ns
[2020-03-27T04:59:42.448+0000][1][safepoint    ] Safepoint "RevokeBias", Time since last: 377900 ns, Reaching safepoint: 21600 ns, At safepoint: 50900 ns, Total: 72500 ns
[2020-03-27T04:59:42.484+0000][1][safepoint    ] Safepoint "RevokeBias", Time since last: 35153004 ns, Reaching safepoint: 203700 ns, At safepoint: 402200 ns, Total: 605900 ns
[2020-03-27T04:59:42.487+0000][1][safepoint    ] Safepoint "RevokeBias", Time since last: 3506300 ns, Reaching safepoint: 126700 ns, At safepoint: 14000 ns, Total: 140700 ns
[2020-03-27T04:59:42.488+0000][1][safepoint    ] Safepoint "RevokeBias", Time since last: 273600 ns, Reaching safepoint: 100200 ns, At safepoint: 12700 ns, Total: 112900 ns
[2020-03-27T04:59:42.504+0000][1][safepoint    ] Safepoint "RevokeBias", Time since last: 15965302 ns, Reaching safepoint: 75700 ns, At safepoint: 12200 ns, Total: 87900 ns
[2020-03-27T04:59:42.547+0000][1][safepoint    ] Safepoint "RevokeBias", Time since last: 42863804 ns, Reaching safepoint: 108800 ns, At safepoint: 13700 ns, Total: 122500 ns
[2020-03-27T04:59:42.625+0000][1][safepoint    ] Safepoint "RevokeBias", Time since last: 77366408 ns, Reaching safepoint: 772400 ns, At safepoint: 9500 ns, Total: 781900 ns
[2020-03-27T04:59:42.673+0000][1][safepoint    ] Safepoint "RevokeBias", Time since last: 47537105 ns, Reaching safepoint: 194300 ns, At safepoint: 7300 ns, Total: 201600 ns
[2020-03-27T04:59:42.680+0000][1][safepoint    ] Safepoint "RevokeBias", Time since last: 6955801 ns, Reaching safepoint: 353000 ns, At safepoint: 8100 ns, Total: 361100 ns
[2020-03-27T04:59:42.684+0000][1][safepoint    ] Safepoint "RevokeBias", Time since last: 2435600 ns, Reaching safepoint: 1385000 ns, At safepoint: 19200 ns, Total: 1404200 ns
[2020-03-27T04:59:42.719+0000][1][safepoint    ] Safepoint "RevokeBias", Time since last: 35529604 ns, Reaching safepoint: 102100 ns, At safepoint: 16300 ns, Total: 118400 ns
[2020-03-27T04:59:42.737+0000][1][safepoint    ] Safepoint "RevokeBias", Time since last: 17132102 ns, Reaching safepoint: 114000 ns, At safepoint: 28300 ns, Total: 142300 ns
[2020-03-27T04:59:42.739+0000][1][safepoint    ] Safepoint "RevokeBias", Time since last: 661500 ns, Reaching safepoint: 1238600 ns, At safepoint: 12000 ns, Total: 1250600 ns
[2020-03-27T04:59:42.840+0000][1][safepoint    ] Safepoint "RevokeBias", Time since last: 97423210 ns, Reaching safepoint: 3629900 ns, At safepoint: 11200 ns, Total: 3641100 ns
[2020-03-27T04:59:42.840+0000][1][safepoint    ] Safepoint "RevokeBias", Time since last: 592001 ns, Reaching safepoint: 93300 ns, At safepoint: 5600 ns, Total: 98900 ns
[2020-03-27T04:59:42.849+0000][1][safepoint    ] Safepoint "RevokeBias", Time since last: 7953800 ns, Reaching safepoint: 391900 ns, At safepoint: 13700 ns, Total: 405600 ns
[2020-03-27T04:59:42.859+0000][1][safepoint    ] Safepoint "RevokeBias", Time since last: 9866401 ns, Reaching safepoint: 205100 ns, At safepoint: 12700 ns, Total: 217800 ns
[2020-03-27T04:59:42.869+0000][1][safepoint    ] Safepoint "Deoptimize", Time since last: 8613601 ns, Reaching safepoint: 268800 ns, At safepoint: 1308100 ns, Total: 1576900 ns
[2020-03-27T04:59:42.890+0000][1][safepoint    ] Safepoint "RevokeBias", Time since last: 20881603 ns, Reaching safepoint: 109900 ns, At safepoint: 11600 ns, Total: 121500 ns
[2020-03-27T04:59:42.919+0000][1][safepoint    ] Safepoint "RevokeBias", Time since last: 28784003 ns, Reaching safepoint: 177800 ns, At safepoint: 13200 ns, Total: 191000 ns
[2020-03-27T04:59:42.959+0000][1][safepoint    ] Safepoint "RevokeBias", Time since last: 39396904 ns, Reaching safepoint: 370200 ns, At safepoint: 35400 ns, Total: 405600 ns
[2020-03-27T04:59:42.959+0000][1][safepoint    ] Safepoint "RevokeBias", Time since last: 552700 ns, Reaching safepoint: 110800 ns, At safepoint: 19700 ns, Total: 130500 ns
[2020-03-27T04:59:42.973+0000][1][safepoint    ] Safepoint "RevokeBias", Time since last: 13854301 ns, Reaching safepoint: 108800 ns, At safepoint: 14000 ns, Total: 122800 ns
[2020-03-27T04:59:42.979+0000][1][safepoint    ] Safepoint "RevokeBias", Time since last: 5040301 ns, Reaching safepoint: 176700 ns, At safepoint: 64100 ns, Total: 240800 ns
[2020-03-27T04:59:42.979+0000][1][safepoint    ] Safepoint "RevokeBias", Time since last: 337200 ns, Reaching safepoint: 85800 ns, At safepoint: 28700 ns, Total: 114500 ns
[2020-03-27T04:59:42.984+0000][1][safepoint    ] Safepoint "RevokeBias", Time since last: 4774000 ns, Reaching safepoint: 113400 ns, At safepoint: 51100 ns, Total: 164500 ns
[2020-03-27T04:59:43.020+0000][1][safepoint    ] Safepoint "RevokeBias", Time since last: 35350804 ns, Reaching safepoint: 679700 ns, At safepoint: 52200 ns, Total: 731900 ns
[2020-03-27T04:59:43.021+0000][1][safepoint    ] Safepoint "RevokeBias", Time since last: 370100 ns, Reaching safepoint: 405100 ns, At safepoint: 49300 ns, Total: 454400 ns
[2020-03-27T04:59:43.065+0000][1][safepoint    ] Safepoint "RevokeBias", Time since last: 43326305 ns, Reaching safepoint: 348100 ns, At safepoint: 109200 ns, Total: 457300 ns
[2020-03-27T04:59:43.138+0000][1][safepoint    ] Safepoint "RevokeBias", Time since last: 69897407 ns, Reaching safepoint: 3232200 ns, At safepoint: 25500 ns, Total: 3257700 ns
[2020-03-27T04:59:43.167+0000][1][safepoint    ] Safepoint "RevokeBias", Time since last: 29447803 ns, Reaching safepoint: 109000 ns, At safepoint: 12800 ns, Total: 121800 ns
[2020-03-27T04:59:43.185+0000][1][safepoint    ] Safepoint "RevokeBias", Time since last: 14113202 ns, Reaching safepoint: 3231900 ns, At safepoint: 26600 ns, Total: 3258500 ns
[2020-03-27T04:59:43.189+0000][1][safepoint    ] Safepoint "RevokeBias", Time since last: 4101600 ns, Reaching safepoint: 109300 ns, At safepoint: 7000 ns, Total: 116300 ns
[2020-03-27T04:59:43.194+0000][1][safepoint    ] Safepoint "RevokeBias", Time since last: 2823701 ns, Reaching safepoint: 1650300 ns, At safepoint: 57300 ns, Total: 1707600 ns
[2020-03-27T04:59:43.198+0000][1][safepoint    ] Safepoint "RevokeBias", Time since last: 2251900 ns, Reaching safepoint: 1735700 ns, At safepoint: 41500 ns, Total: 1777200 ns
[2020-03-27T04:59:43.203+0000][1][safepoint    ] Safepoint "RevokeBias", Time since last: 3403001 ns, Reaching safepoint: 1551100 ns, At safepoint: 32600 ns, Total: 1583700 ns
[2020-03-27T04:59:43.225+0000][1][safepoint    ] Safepoint "RevokeBias", Time since last: 21963302 ns, Reaching safepoint: 78300 ns, At safepoint: 16000 ns, Total: 94300 ns
[2020-03-27T04:59:43.227+0000][1][safepoint    ] Safepoint "RevokeBias", Time since last: 1197200 ns, Reaching safepoint: 672400 ns, At safepoint: 24000 ns, Total: 696400 ns
[2020-03-27T04:59:43.231+0000][1][safepoint    ] Safepoint "RevokeBias", Time since last: 1938900 ns, Reaching safepoint: 2040601 ns, At safepoint: 56900 ns, Total: 2097501 ns
[2020-03-27T04:59:43.235+0000][1][safepoint    ] Safepoint "RevokeBias", Time since last: 1906200 ns, Reaching safepoint: 2061300 ns, At safepoint: 23100 ns, Total: 2084400 ns
[2020-03-27T04:59:43.236+0000][1][safepoint    ] Safepoint "RevokeBias", Time since last: 600800 ns, Reaching safepoint: 352400 ns, At safepoint: 24600 ns, Total: 377000 ns
[2020-03-27T04:59:43.236+0000][1][safepoint    ] Safepoint "RevokeBias", Time since last: 403500 ns, Reaching safepoint: 110700 ns, At safepoint: 14100 ns, Total: 124800 ns
[2020-03-27T04:59:43.239+0000][1][safepoint    ] Safepoint "RevokeBias", Time since last: 376000 ns, Reaching safepoint: 2059600 ns, At safepoint: 16200 ns, Total: 2075800 ns
[2020-03-27T04:59:43.241+0000][1][safepoint    ] Safepoint "RevokeBias", Time since last: 1694801 ns, Reaching safepoint: 315300 ns, At safepoint: 15700 ns, Total: 331000 ns
[2020-03-27T04:59:43.241+0000][1][safepoint    ] Safepoint "RevokeBias", Time since last: 674900 ns, Reaching safepoint: 57900 ns, At safepoint: 34500 ns, Total: 92400 ns
[2020-03-27T04:59:43.243+0000][1][safepoint    ] Safepoint "RevokeBias", Time since last: 616900 ns, Reaching safepoint: 612100 ns, At safepoint: 16200 ns, Total: 628300 ns
[2020-03-27T04:59:43.245+0000][1][safepoint    ] Safepoint "RevokeBias", Time since last: 553300 ns, Reaching safepoint: 1393200 ns, At safepoint: 15800 ns, Total: 1409000 ns
[2020-03-27T04:59:43.246+0000][1][safepoint    ] Safepoint "RevokeBias", Time since last: 552800 ns, Reaching safepoint: 509200 ns, At safepoint: 28800 ns, Total: 538000 ns
[2020-03-27T04:59:43.247+0000][1][safepoint    ] Safepoint "RevokeBias", Time since last: 1176000 ns, Reaching safepoint: 271100 ns, At safepoint: 158700 ns, Total: 429800 ns
[2020-03-27T04:59:43.249+0000][1][safepoint    ] Safepoint "RevokeBias", Time since last: 1016200 ns, Reaching safepoint: 130900 ns, At safepoint: 126900 ns, Total: 257800 ns
[2020-03-27T04:59:43.251+0000][1][safepoint    ] Safepoint "RevokeBias", Time since last: 2464801 ns, Reaching safepoint: 194700 ns, At safepoint: 116900 ns, Total: 311600 ns
[2020-03-27T04:59:43.252+0000][1][safepoint    ] Safepoint "RevokeBias", Time since last: 698600 ns, Reaching safepoint: 121900 ns, At safepoint: 87700 ns, Total: 209600 ns
[2020-03-27T04:59:43.255+0000][1][safepoint    ] Safepoint "RevokeBias", Time since last: 2585400 ns, Reaching safepoint: 56300 ns, At safepoint: 68800 ns, Total: 125100 ns
[2020-03-27T04:59:43.257+0000][1][safepoint    ] Safepoint "RevokeBias", Time since last: 740800 ns, Reaching safepoint: 928600 ns, At safepoint: 242700 ns, Total: 1171300 ns
[2020-03-27T04:59:43.261+0000][1][safepoint    ] Safepoint "RevokeBias", Time since last: 1726300 ns, Reaching safepoint: 2036601 ns, At safepoint: 89600 ns, Total: 2126201 ns
[2020-03-27T04:59:43.265+0000][1][safepoint    ] Safepoint "RevokeBias", Time since last: 1848300 ns, Reaching safepoint: 2053000 ns, At safepoint: 240900 ns, Total: 2293900 ns
[2020-03-27T04:59:43.267+0000][1][safepoint    ] Safepoint "RevokeBias", Time since last: 901200 ns, Reaching safepoint: 822000 ns, At safepoint: 56500 ns, Total: 878500 ns
[2020-03-27T04:59:43.269+0000][1][safepoint    ] Safepoint "RevokeBias", Time since last: 234600 ns, Reaching safepoint: 1709501 ns, At safepoint: 116600 ns, Total: 1826101 ns
[2020-03-27T04:59:43.270+0000][1][safepoint    ] Safepoint "RevokeBias", Time since last: 295000 ns, Reaching safepoint: 598600 ns, At safepoint: 56300 ns, Total: 654900 ns
[2020-03-27T04:59:43.271+0000][1][safepoint    ] Safepoint "RevokeBias", Time since last: 233600 ns, Reaching safepoint: 219700 ns, At safepoint: 827100 ns, Total: 1046800 ns
[2020-03-27T04:59:43.272+0000][1][safepoint    ] Safepoint "RevokeBias", Time since last: 254300 ns, Reaching safepoint: 202500 ns, At safepoint: 972100 ns, Total: 1174600 ns
[2020-03-27T04:59:43.274+0000][1][safepoint    ] Safepoint "RevokeBias", Time since last: 533900 ns, Reaching safepoint: 35400 ns, At safepoint: 1377800 ns, Total: 1413200 ns
[2020-03-27T04:59:43.284+0000][1][safepoint    ] Safepoint "RevokeBias", Time since last: 647200 ns, Reaching safepoint: 188700 ns, At safepoint: 8702601 ns, Total: 8891301 ns
[2020-03-27T04:59:43.301+0000][1][safepoint    ] Safepoint "RevokeBias", Time since last: 15723402 ns, Reaching safepoint: 1034000 ns, At safepoint: 27500 ns, Total: 1061500 ns
[2020-03-27T04:59:43.303+0000][1][safepoint    ] Safepoint "RevokeBias", Time since last: 1101500 ns, Reaching safepoint: 1673700 ns, At safepoint: 28500 ns, Total: 1702200 ns
[2020-03-27T04:59:43.305+0000][1][safepoint    ] Safepoint "RevokeBias", Time since last: 600000 ns, Reaching safepoint: 824000 ns, At safepoint: 29300 ns, Total: 853300 ns
[2020-03-27T04:59:43.334+0000][1][safepoint    ] Safepoint "RevokeBias", Time since last: 26710803 ns, Reaching safepoint: 2014900 ns, At safepoint: 21500 ns, Total: 2036400 ns
[2020-03-27T04:59:43.349+0000][1][safepoint    ] Safepoint "BulkRevokeBias", Time since last: 14295002 ns, Reaching safepoint: 311800 ns, At safepoint: 486400 ns, Total: 798200 ns
[2020-03-27T04:59:43.354+0000][1][safepoint    ] Safepoint "RevokeBias", Time since last: 2815700 ns, Reaching safepoint: 2054100 ns, At safepoint: 20300 ns, Total: 2074400 ns
[2020-03-27T04:59:43.354+0000][1][safepoint    ] Safepoint "RevokeBias", Time since last: 459300 ns, Reaching safepoint: 308700 ns, At safepoint: 12300 ns, Total: 321000 ns
[2020-03-27T04:59:43.495+0000][1][gc,start     ] GC(17) Pause Young (Allocation Failure)
[2020-03-27T04:59:43.496+0000][1][gc,task      ] GC(17) Using 2 workers of 2 for evacuation
[2020-03-27T04:59:43.570+0000][1][gc,age       ] GC(17) Desired survivor size 8716288 bytes, new threshold 2 (max threshold 6)
[2020-03-27T04:59:43.570+0000][1][gc,age       ] GC(17) Age table with threshold 2 (max threshold 6)
[2020-03-27T04:59:43.571+0000][1][gc,age       ] GC(17) - age   1:    5313512 bytes,    5313512 total
[2020-03-27T04:59:43.571+0000][1][gc,age       ] GC(17) - age   2:    7388192 bytes,   12701704 total
[2020-03-27T04:59:43.571+0000][1][gc,heap      ] GC(17) ParNew: 153338K->16634K(153344K)
[2020-03-27T04:59:43.571+0000][1][gc,heap      ] GC(17) CMS: 56564K->63895K(353920K)
[2020-03-27T04:59:43.572+0000][1][gc,metaspace ] GC(17) Metaspace: 82540K->82540K(1124352K)
[2020-03-27T04:59:43.572+0000][1][gc           ] GC(17) Pause Young (Allocation Failure) 204M->78M(495M) 76.631ms
[2020-03-27T04:59:43.572+0000][1][gc,cpu       ] GC(17) User=0.06s Sys=0.00s Real=0.08s
[2020-03-27T04:59:43.572+0000][1][safepoint    ] Safepoint "GenCollectForAllocation", Time since last: 140712715 ns, Reaching safepoint: 124700 ns, At safepoint: 77012708 ns, Total: 77137408 ns
[2020-03-27T04:59:43.589+0000][1][safepoint    ] Safepoint "RevokeBias", Time since last: 15726401 ns, Reaching safepoint: 604500 ns, At safepoint: 45700 ns, Total: 650200 ns
[2020-03-27T04:59:43.591+0000][1][safepoint    ] Safepoint "RevokeBias", Time since last: 772800 ns, Reaching safepoint: 1169001 ns, At safepoint: 34000 ns, Total: 1203001 ns
[2020-03-27T04:59:43.593+0000][1][safepoint    ] Safepoint "RevokeBias", Time since last: 578300 ns, Reaching safepoint: 1400800 ns, At safepoint: 25500 ns, Total: 1426300 ns
[2020-03-27T04:59:43.595+0000][1][safepoint    ] Safepoint "RevokeBias", Time since last: 1241700 ns, Reaching safepoint: 719400 ns, At safepoint: 36400 ns, Total: 755800 ns
[2020-03-27T04:59:43.598+0000][1][safepoint    ] Safepoint "RevokeBias", Time since last: 461300 ns, Reaching safepoint: 2521200 ns, At safepoint: 24000 ns, Total: 2545200 ns
[2020-03-27T04:59:43.600+0000][1][safepoint    ] Safepoint "RevokeBias", Time since last: 551900 ns, Reaching safepoint: 1424301 ns, At safepoint: 24500 ns, Total: 1448801 ns
[2020-03-27T04:59:43.601+0000][1][safepoint    ] Safepoint "RevokeBias", Time since last: 605900 ns, Reaching safepoint: 798600 ns, At safepoint: 21100 ns, Total: 819700 ns
[2020-03-27T04:59:43.602+0000][1][safepoint    ] Safepoint "RevokeBias", Time since last: 706800 ns, Reaching safepoint: 27500 ns, At safepoint: 15400 ns, Total: 42900 ns
[2020-03-27T04:59:43.631+0000][1][safepoint    ] Safepoint "RevokeBias", Time since last: 28548603 ns, Reaching safepoint: 678900 ns, At safepoint: 11400 ns, Total: 690300 ns
[2020-03-27T04:59:43.686+0000][1][safepoint    ] Safepoint "RevokeBias", Time since last: 54520105 ns, Reaching safepoint: 75400 ns, At safepoint: 16400 ns, Total: 91800 ns
[2020-03-27T04:59:43.694+0000][1][safepoint    ] Safepoint "RevokeBias", Time since last: 5909501 ns, Reaching safepoint: 2060800 ns, At safepoint: 17700 ns, Total: 2078500 ns
[2020-03-27T04:59:43.696+0000][1][safepoint    ] Safepoint "RevokeBias", Time since last: 875000 ns, Reaching safepoint: 1094400 ns, At safepoint: 14000 ns, Total: 1108400 ns
[2020-03-27T04:59:43.698+0000][1][safepoint    ] Safepoint "RevokeBias", Time since last: 1583801 ns, Reaching safepoint: 441200 ns, At safepoint: 20200 ns, Total: 461400 ns
[2020-03-27T04:59:43.781+0000][1][safepoint    ] Safepoint "RevokeBias", Time since last: 82486108 ns, Reaching safepoint: 550300 ns, At safepoint: 35400 ns, Total: 585700 ns
[2020-03-27T04:59:43.781+0000][1][safepoint    ] Safepoint "RevokeBias", Time since last: 238000 ns, Reaching safepoint: 348700 ns, At safepoint: 15100 ns, Total: 363800 ns
[2020-03-27T04:59:43.782+0000][1][safepoint    ] Safepoint "RevokeBias", Time since last: 222400 ns, Reaching safepoint: 109000 ns, At safepoint: 12000 ns, Total: 121000 ns
[2020-03-27T04:59:43.782+0000][1][safepoint    ] Safepoint "RevokeBias", Time since last: 254500 ns, Reaching safepoint: 255400 ns, At safepoint: 11700 ns, Total: 267100 ns
[2020-03-27T04:59:43.783+0000][1][safepoint    ] Safepoint "RevokeBias", Time since last: 381200 ns, Reaching safepoint: 99700 ns, At safepoint: 16300 ns, Total: 116000 ns
[2020-03-27T04:59:43.786+0000][1][safepoint    ] Safepoint "RevokeBias", Time since last: 2921201 ns, Reaching safepoint: 253100 ns, At safepoint: 17100 ns, Total: 270200 ns
[2020-03-27T04:59:43.787+0000][1][safepoint    ] Safepoint "BulkRevokeBias", Time since last: 711000 ns, Reaching safepoint: 141400 ns, At safepoint: 438900 ns, Total: 580300 ns
[2020-03-27T04:59:43.862+0000][1][safepoint    ] Safepoint "RevokeBias", Time since last: 74282907 ns, Reaching safepoint: 117400 ns, At safepoint: 32500 ns, Total: 149900 ns
[2020-03-27T04:59:43.863+0000][1][safepoint    ] Safepoint "RevokeBias", Time since last: 1136901 ns, Reaching safepoint: 150500 ns, At safepoint: 15400 ns, Total: 165900 ns
[2020-03-27T04:59:43.863+0000][1][safepoint    ] Safepoint "RevokeBias", Time since last: 429800 ns, Reaching safepoint: 114600 ns, At safepoint: 14600 ns, Total: 129200 ns
[2020-03-27T04:59:43.994+0000][1][safepoint    ] Safepoint "RevokeBias", Time since last: 130292413 ns, Reaching safepoint: 44600 ns, At safepoint: 10000 ns, Total: 54600 ns
[2020-03-27T04:59:45.766+0000][1][safepoint    ] Safepoint "RevokeBias", Time since last: 1772524063 ns, Reaching safepoint: 131000 ns, At safepoint: 5300 ns, Total: 136300 ns
[2020-03-27T04:59:45.772+0000][1][safepoint    ] Safepoint "RevokeBias", Time since last: 5203800 ns, Reaching safepoint: 148300 ns, At safepoint: 23100 ns, Total: 171400 ns
[2020-03-27T04:59:45.773+0000][1][safepoint    ] Safepoint "RevokeBias", Time since last: 610200 ns, Reaching safepoint: 120800 ns, At safepoint: 9400 ns, Total: 130200 ns
[2020-03-27T04:59:45.773+0000][1][safepoint    ] Safepoint "RevokeBias", Time since last: 317900 ns, Reaching safepoint: 112600 ns, At safepoint: 8100 ns, Total: 120700 ns
[2020-03-27T04:59:45.777+0000][1][safepoint    ] Safepoint "RevokeBias", Time since last: 4188800 ns, Reaching safepoint: 115700 ns, At safepoint: 4900 ns, Total: 120600 ns
[2020-03-27T04:59:45.781+0000][1][safepoint    ] Safepoint "RevokeBias", Time since last: 3487301 ns, Reaching safepoint: 93200 ns, At safepoint: 5400 ns, Total: 98600 ns
[2020-03-27T04:59:45.783+0000][1][safepoint    ] Safepoint "RevokeBias", Time since last: 1787100 ns, Reaching safepoint: 160800 ns, At safepoint: 6100 ns, Total: 166900 ns
[2020-03-27T04:59:45.823+0000][1][safepoint    ] Safepoint "Deoptimize", Time since last: 39711903 ns, Reaching safepoint: 119900 ns, At safepoint: 406100 ns, Total: 526000 ns
[2020-03-27T04:59:45.833+0000][1][safepoint    ] Safepoint "RevokeBias", Time since last: 9348201 ns, Reaching safepoint: 125500 ns, At safepoint: 9700 ns, Total: 135200 ns
[2020-03-27T04:59:45.843+0000][1][safepoint    ] Safepoint "BulkRevokeBias", Time since last: 9517001 ns, Reaching safepoint: 155000 ns, At safepoint: 664000 ns, Total: 819000 ns
[2020-03-27T04:59:45.935+0000][1][safepoint    ] Safepoint "RevokeBias", Time since last: 91983107 ns, Reaching safepoint: 177400 ns, At safepoint: 7400 ns, Total: 184800 ns
[2020-03-27T04:59:46.028+0000][1][safepoint    ] Safepoint "Deoptimize", Time since last: 92255307 ns, Reaching safepoint: 54300 ns, At safepoint: 594700 ns, Total: 649000 ns
[2020-03-27T04:59:47.214+0000][1][safepoint    ] Safepoint "Cleanup", Time since last: 1183606694 ns, Reaching safepoint: 1307500 ns, At safepoint: 7000 ns, Total: 1314500 ns
[2020-03-27T04:59:48.243+0000][1][safepoint    ] Safepoint "Cleanup", Time since last: 1023269981 ns, Reaching safepoint: 6346900 ns, At safepoint: 30300 ns, Total: 6377200 ns
[2020-03-27T04:59:48.262+0000][1][safepoint    ] Safepoint "RevokeBias", Time since last: 19168602 ns, Reaching safepoint: 59300 ns, At safepoint: 437100 ns, Total: 496400 ns
[2020-03-27T04:59:48.521+0000][1][safepoint    ] Safepoint "RevokeBias", Time since last: 258303220 ns, Reaching safepoint: 47500 ns, At safepoint: 12200 ns, Total: 59700 ns
[2020-03-27T04:59:48.521+0000][1][safepoint    ] Safepoint "RevokeBias", Time since last: 429400 ns, Reaching safepoint: 25600 ns, At safepoint: 22300 ns, Total: 47900 ns
[2020-03-27T04:59:48.522+0000][1][safepoint    ] Safepoint "RevokeBias", Time since last: 411600 ns, Reaching safepoint: 93300 ns, At safepoint: 11100 ns, Total: 104400 ns
[2020-03-27T04:59:48.522+0000][1][safepoint    ] Safepoint "RevokeBias", Time since last: 251500 ns, Reaching safepoint: 88200 ns, At safepoint: 9200 ns, Total: 97400 ns
[2020-03-27T04:59:48.523+0000][1][safepoint    ] Safepoint "RevokeBias", Time since last: 827001 ns, Reaching safepoint: 94200 ns, At safepoint: 9300 ns, Total: 103500 ns
[2020-03-27T04:59:48.523+0000][1][safepoint    ] Safepoint "RevokeBias", Time since last: 368700 ns, Reaching safepoint: 130100 ns, At safepoint: 8000 ns, Total: 138100 ns
[2020-03-27T04:59:48.524+0000][1][safepoint    ] Safepoint "RevokeBias", Time since last: 590500 ns, Reaching safepoint: 47300 ns, At safepoint: 8600 ns, Total: 55900 ns
[2020-03-27T04:59:48.524+0000][1][safepoint    ] Safepoint "RevokeBias", Time since last: 242500 ns, Reaching safepoint: 74600 ns, At safepoint: 8500 ns, Total: 83100 ns
[2020-03-27T04:59:48.532+0000][1][safepoint    ] Safepoint "RevokeBias", Time since last: 7274000 ns, Reaching safepoint: 154000 ns, At safepoint: 24400 ns, Total: 178400 ns
[2020-03-27T04:59:48.532+0000][1][safepoint    ] Safepoint "RevokeBias", Time since last: 359400 ns, Reaching safepoint: 99600 ns, At safepoint: 29600 ns, Total: 129200 ns
[2020-03-27T04:59:48.535+0000][1][safepoint    ] Safepoint "RevokeBias", Time since last: 310300 ns, Reaching safepoint: 2119900 ns, At safepoint: 21100 ns, Total: 2141000 ns
[2020-03-27T04:59:48.535+0000][1][safepoint    ] Safepoint "RevokeBias", Time since last: 395200 ns, Reaching safepoint: 100000 ns, At safepoint: 12300 ns, Total: 112300 ns
[2020-03-27T04:59:48.543+0000][1][safepoint    ] Safepoint "RevokeBias", Time since last: 7159901 ns, Reaching safepoint: 139200 ns, At safepoint: 13000 ns, Total: 152200 ns
[2020-03-27T04:59:48.545+0000][1][safepoint    ] Safepoint "RevokeBias", Time since last: 513000 ns, Reaching safepoint: 2106300 ns, At safepoint: 14500 ns, Total: 2120800 ns
[2020-03-27T04:59:48.561+0000][1][safepoint    ] Safepoint "RevokeBias", Time since last: 16171902 ns, Reaching safepoint: 121500 ns, At safepoint: 11800 ns, Total: 133300 ns
[2020-03-27T04:59:48.562+0000][1][safepoint    ] Safepoint "BulkRevokeBias", Time since last: 355900 ns, Reaching safepoint: 127900 ns, At safepoint: 240700 ns, Total: 368600 ns
[2020-03-27T04:59:48.592+0000][1][safepoint    ] Safepoint "RevokeBias", Time since last: 30181802 ns, Reaching safepoint: 64000 ns, At safepoint: 15400 ns, Total: 79400 ns
[2020-03-27T04:59:48.593+0000][1][safepoint    ] Safepoint "RevokeBias", Time since last: 866000 ns, Reaching safepoint: 46000 ns, At safepoint: 18800 ns, Total: 64800 ns
[2020-03-27T04:59:48.594+0000][1][safepoint    ] Safepoint "RevokeBias", Time since last: 782200 ns, Reaching safepoint: 45400 ns, At safepoint: 36400 ns, Total: 81800 ns
[2020-03-27T04:59:48.596+0000][1][safepoint    ] Safepoint "RevokeBias", Time since last: 1334100 ns, Reaching safepoint: 107500 ns, At safepoint: 14600 ns, Total: 122100 ns
[2020-03-27T04:59:48.597+0000][1][safepoint    ] Safepoint "RevokeBias", Time since last: 776300 ns, Reaching safepoint: 62900 ns, At safepoint: 12400 ns, Total: 75300 ns
[2020-03-27T04:59:48.602+0000][1][safepoint    ] Safepoint "RevokeBias", Time since last: 5524801 ns, Reaching safepoint: 44100 ns, At safepoint: 10300 ns, Total: 54400 ns
[2020-03-27T04:59:48.615+0000][1][safepoint    ] Safepoint "RevokeBias", Time since last: 12534501 ns, Reaching safepoint: 155000 ns, At safepoint: 16100 ns, Total: 171100 ns
[2020-03-27T04:59:48.747+0000][1][safepoint    ] Safepoint "RevokeBias", Time since last: 129350110 ns, Reaching safepoint: 3213700 ns, At safepoint: 11100 ns, Total: 3224800 ns
[2020-03-27T04:59:48.749+0000][1][safepoint    ] Safepoint "RevokeBias", Time since last: 1275600 ns, Reaching safepoint: 88400 ns, At safepoint: 5100 ns, Total: 93500 ns
[2020-03-27T04:59:48.801+0000][1][safepoint    ] Safepoint "RevokeBias", Time since last: 45725504 ns, Reaching safepoint: 6433201 ns, At safepoint: 21200 ns, Total: 6454401 ns
[2020-03-27T04:59:48.802+0000][1][safepoint    ] Safepoint "RevokeBias", Time since last: 604800 ns, Reaching safepoint: 152200 ns, At safepoint: 15600 ns, Total: 167800 ns
[2020-03-27T04:59:48.803+0000][1][safepoint    ] Safepoint "RevokeBias", Time since last: 396900 ns, Reaching safepoint: 522900 ns, At safepoint: 18400 ns, Total: 541300 ns
[2020-03-27T04:59:48.828+0000][1][safepoint    ] Safepoint "RevokeBias", Time since last: 25101802 ns, Reaching safepoint: 329000 ns, At safepoint: 7500 ns, Total: 336500 ns
[2020-03-27T04:59:48.829+0000][1][safepoint    ] Safepoint "RevokeBias", Time since last: 640400 ns, Reaching safepoint: 157500 ns, At safepoint: 5500 ns, Total: 163000 ns
[2020-03-27T04:59:48.830+0000][1][safepoint    ] Safepoint "RevokeBias", Time since last: 512000 ns, Reaching safepoint: 201000 ns, At safepoint: 6600 ns, Total: 207600 ns
[2020-03-27T04:59:48.840+0000][1][safepoint    ] Safepoint "RevokeBias", Time since last: 10136001 ns, Reaching safepoint: 321700 ns, At safepoint: 42800 ns, Total: 364500 ns
[2020-03-27T04:59:48.846+0000][1][safepoint    ] Safepoint "RevokeBias", Time since last: 1340700 ns, Reaching safepoint: 4135700 ns, At safepoint: 69200 ns, Total: 4204900 ns
[2020-03-27T04:59:48.847+0000][1][safepoint    ] Safepoint "RevokeBias", Time since last: 782900 ns, Reaching safepoint: 867300 ns, At safepoint: 13900 ns, Total: 881200 ns
[2020-03-27T04:59:48.865+0000][1][safepoint    ] Safepoint "RevokeBias", Time since last: 17654102 ns, Reaching safepoint: 130500 ns, At safepoint: 57400 ns, Total: 187900 ns
[2020-03-27T04:59:48.870+0000][1][safepoint    ] Safepoint "RevokeBias", Time since last: 3679500 ns, Reaching safepoint: 369900 ns, At safepoint: 266800 ns, Total: 636700 ns
[2020-03-27T04:59:48.873+0000][1][safepoint    ] Safepoint "RevokeBias", Time since last: 998700 ns, Reaching safepoint: 2199900 ns, At safepoint: 27000 ns, Total: 2226900 ns
[2020-03-27T04:59:48.874+0000][1][safepoint    ] Safepoint "RevokeBias", Time since last: 640400 ns, Reaching safepoint: 342400 ns, At safepoint: 13200 ns, Total: 355600 ns
[2020-03-27T04:59:48.875+0000][1][safepoint    ] Safepoint "RevokeBias", Time since last: 707600 ns, Reaching safepoint: 115200 ns, At safepoint: 27500 ns, Total: 142700 ns
[2020-03-27T04:59:48.875+0000][1][safepoint    ] Safepoint "RevokeBias", Time since last: 631800 ns, Reaching safepoint: 140300 ns, At safepoint: 12200 ns, Total: 152500 ns
[2020-03-27T04:59:48.876+0000][1][safepoint    ] Safepoint "RevokeBias", Time since last: 301700 ns, Reaching safepoint: 139500 ns, At safepoint: 284600 ns, Total: 424100 ns
[2020-03-27T04:59:48.878+0000][1][safepoint    ] Safepoint "RevokeBias", Time since last: 329500 ns, Reaching safepoint: 1142401 ns, At safepoint: 14400 ns, Total: 1156801 ns
[2020-03-27T04:59:48.878+0000][1][safepoint    ] Safepoint "RevokeBias", Time since last: 405400 ns, Reaching safepoint: 297900 ns, At safepoint: 15600 ns, Total: 313500 ns
[2020-03-27T04:59:48.880+0000][1][safepoint    ] Safepoint "RevokeBias", Time since last: 392500 ns, Reaching safepoint: 872500 ns, At safepoint: 16200 ns, Total: 888700 ns
[2020-03-27T04:59:48.881+0000][1][safepoint    ] Safepoint "RevokeBias", Time since last: 904600 ns, Reaching safepoint: 127700 ns, At safepoint: 50100 ns, Total: 177800 ns
[2020-03-27T04:59:48.884+0000][1][safepoint    ] Safepoint "RevokeBias", Time since last: 1627600 ns, Reaching safepoint: 2153200 ns, At safepoint: 27100 ns, Total: 2180300 ns
[2020-03-27T04:59:48.885+0000][1][safepoint    ] Safepoint "RevokeBias", Time since last: 709500 ns, Reaching safepoint: 84600 ns, At safepoint: 14800 ns, Total: 99400 ns
[2020-03-27T04:59:48.888+0000][1][safepoint    ] Safepoint "RevokeBias", Time since last: 2310900 ns, Reaching safepoint: 237800 ns, At safepoint: 22500 ns, Total: 260300 ns
[2020-03-27T04:59:48.904+0000][1][safepoint    ] Safepoint "RevokeBias", Time since last: 10685501 ns, Reaching safepoint: 5498401 ns, At safepoint: 38000 ns, Total: 5536401 ns
[2020-03-27T04:59:48.954+0000][1][safepoint    ] Safepoint "RevokeBias", Time since last: 47832403 ns, Reaching safepoint: 1695601 ns, At safepoint: 616300 ns, Total: 2311901 ns
[2020-03-27T04:59:48.956+0000][1][safepoint    ] Safepoint "RevokeBias", Time since last: 1030100 ns, Reaching safepoint: 587600 ns, At safepoint: 31800 ns, Total: 619400 ns
[2020-03-27T04:59:48.964+0000][1][safepoint    ] Safepoint "RevokeBias", Time since last: 6240500 ns, Reaching safepoint: 1486000 ns, At safepoint: 18500 ns, Total: 1504500 ns
[2020-03-27T04:59:48.966+0000][1][safepoint    ] Safepoint "RevokeBias", Time since last: 1960101 ns, Reaching safepoint: 152400 ns, At safepoint: 174700 ns, Total: 327100 ns
[2020-03-27T04:59:48.972+0000][1][safepoint    ] Safepoint "RevokeBias", Time since last: 6043900 ns, Reaching safepoint: 65000 ns, At safepoint: 13400 ns, Total: 78400 ns
[2020-03-27T04:59:48.978+0000][1][safepoint    ] Safepoint "RevokeBias", Time since last: 5398300 ns, Reaching safepoint: 111900 ns, At safepoint: 17400 ns, Total: 129300 ns
[2020-03-27T04:59:49.008+0000][1][safepoint    ] Safepoint "RevokeBias", Time since last: 30540603 ns, Reaching safepoint: 168300 ns, At safepoint: 16100 ns, Total: 184400 ns
[2020-03-27T04:59:49.019+0000][1][safepoint    ] Safepoint "RevokeBias", Time since last: 9798401 ns, Reaching safepoint: 237400 ns, At safepoint: 296100 ns, Total: 533500 ns
[2020-03-27T04:59:49.034+0000][1][safepoint    ] Safepoint "RevokeBias", Time since last: 14872001 ns, Reaching safepoint: 248900 ns, At safepoint: 119800 ns, Total: 368700 ns
[2020-03-27T04:59:49.035+0000][1][safepoint    ] Safepoint "RevokeBias", Time since last: 556600 ns, Reaching safepoint: 167000 ns, At safepoint: 9400 ns, Total: 176400 ns
[2020-03-27T04:59:49.045+0000][1][safepoint    ] Safepoint "RevokeBias", Time since last: 9366401 ns, Reaching safepoint: 604900 ns, At safepoint: 14600 ns, Total: 619500 ns
[2020-03-27T04:59:49.052+0000][1][safepoint    ] Safepoint "RevokeBias", Time since last: 7632200 ns, Reaching safepoint: 144100 ns, At safepoint: 14400 ns, Total: 158500 ns
[2020-03-27T04:59:49.053+0000][1][safepoint    ] Safepoint "RevokeBias", Time since last: 550500 ns, Reaching safepoint: 155000 ns, At safepoint: 97700 ns, Total: 252700 ns
[2020-03-27T04:59:49.054+0000][1][safepoint    ] Safepoint "RevokeBias", Time since last: 304000 ns, Reaching safepoint: 53000 ns, At safepoint: 7400 ns, Total: 60400 ns
[2020-03-27T04:59:49.054+0000][1][safepoint    ] Safepoint "RevokeBias", Time since last: 542501 ns, Reaching safepoint: 40600 ns, At safepoint: 6600 ns, Total: 47200 ns
[2020-03-27T04:59:49.059+0000][1][safepoint    ] Safepoint "RevokeBias", Time since last: 4826200 ns, Reaching safepoint: 133200 ns, At safepoint: 15600 ns, Total: 148800 ns
[2020-03-27T04:59:49.060+0000][1][safepoint    ] Safepoint "RevokeBias", Time since last: 514700 ns, Reaching safepoint: 143500 ns, At safepoint: 10200 ns, Total: 153700 ns
[2020-03-27T04:59:49.082+0000][1][safepoint    ] Safepoint "BulkRevokeBias", Time since last: 20465702 ns, Reaching safepoint: 84700 ns, At safepoint: 1263800 ns, Total: 1348500 ns
[2020-03-27T04:59:49.145+0000][1][safepoint    ] Safepoint "RevokeBias", Time since last: 63342705 ns, Reaching safepoint: 166300 ns, At safepoint: 161900 ns, Total: 328200 ns
[2020-03-27T04:59:49.148+0000][1][safepoint    ] Safepoint "RevokeBias", Time since last: 2071500 ns, Reaching safepoint: 131900 ns, At safepoint: 105500 ns, Total: 237400 ns
[2020-03-27T04:59:49.150+0000][1][safepoint    ] Safepoint "RevokeBias", Time since last: 1764600 ns, Reaching safepoint: 139600 ns, At safepoint: 102200 ns, Total: 241800 ns
[2020-03-27T04:59:49.151+0000][1][safepoint    ] Safepoint "RevokeBias", Time since last: 976400 ns, Reaching safepoint: 137700 ns, At safepoint: 90600 ns, Total: 228300 ns
[2020-03-27T04:59:49.161+0000][1][safepoint    ] Safepoint "Deoptimize", Time since last: 9478201 ns, Reaching safepoint: 136300 ns, At safepoint: 1039300 ns, Total: 1175600 ns
[2020-03-27T04:59:49.404+0000][1][safepoint    ] Safepoint "RevokeBias", Time since last: 242041019 ns, Reaching safepoint: 169700 ns, At safepoint: 22400 ns, Total: 192100 ns
[2020-03-27T04:59:49.485+0000][1][safepoint    ] Safepoint "RevokeBias", Time since last: 81041407 ns, Reaching safepoint: 97500 ns, At safepoint: 18500 ns, Total: 116000 ns
[2020-03-27T04:59:49.488+0000][1][safepoint    ] Safepoint "RevokeBias", Time since last: 3060700 ns, Reaching safepoint: 134900 ns, At safepoint: 80200 ns, Total: 215100 ns
[2020-03-27T04:59:49.489+0000][1][safepoint    ] Safepoint "RevokeBias", Time since last: 795300 ns, Reaching safepoint: 115400 ns, At safepoint: 247200 ns, Total: 362600 ns
[2020-03-27T04:59:49.490+0000][1][safepoint    ] Safepoint "RevokeBias", Time since last: 529400 ns, Reaching safepoint: 106200 ns, At safepoint: 12800 ns, Total: 119000 ns
[2020-03-27T04:59:49.491+0000][1][safepoint    ] Safepoint "RevokeBias", Time since last: 581900 ns, Reaching safepoint: 101300 ns, At safepoint: 14000 ns, Total: 115300 ns
[2020-03-27T04:59:49.492+0000][1][safepoint    ] Safepoint "RevokeBias", Time since last: 562900 ns, Reaching safepoint: 331700 ns, At safepoint: 30400 ns, Total: 362100 ns
[2020-03-27T04:59:49.492+0000][1][safepoint    ] Safepoint "RevokeBias", Time since last: 644900 ns, Reaching safepoint: 130800 ns, At safepoint: 13400 ns, Total: 144200 ns
[2020-03-27T04:59:49.514+0000][1][safepoint    ] Safepoint "RevokeBias", Time since last: 21399402 ns, Reaching safepoint: 95900 ns, At safepoint: 12300 ns, Total: 108200 ns
[2020-03-27T04:59:49.548+0000][1][safepoint    ] Safepoint "RevokeBias", Time since last: 33651503 ns, Reaching safepoint: 104000 ns, At safepoint: 103900 ns, Total: 207900 ns
[2020-03-27T04:59:49.551+0000][1][safepoint    ] Safepoint "RevokeBias", Time since last: 2822300 ns, Reaching safepoint: 149900 ns, At safepoint: 126300 ns, Total: 276200 ns
[2020-03-27T04:59:49.555+0000][1][safepoint    ] Safepoint "RevokeBias", Time since last: 3515300 ns, Reaching safepoint: 338800 ns, At safepoint: 15900 ns, Total: 354700 ns
[2020-03-27T04:59:49.591+0000][1][gc,start     ] GC(18) Pause Young (Allocation Failure)
[2020-03-27T04:59:49.593+0000][1][gc,task      ] GC(18) Using 2 workers of 2 for evacuation
[2020-03-27T04:59:49.648+0000][1][gc,age       ] GC(18) Desired survivor size 8716288 bytes, new threshold 6 (max threshold 6)
[2020-03-27T04:59:49.649+0000][1][gc,age       ] GC(18) Age table with threshold 6 (max threshold 6)
[2020-03-27T04:59:49.649+0000][1][gc,age       ] GC(18) - age   1:    3336080 bytes,    3336080 total
[2020-03-27T04:59:49.649+0000][1][gc,age       ] GC(18) - age   2:    4691832 bytes,    8027912 total
[2020-03-27T04:59:49.650+0000][1][gc,heap      ] GC(18) ParNew: 152818K->10080K(153344K)
[2020-03-27T04:59:49.650+0000][1][gc,heap      ] GC(18) CMS: 63895K->71181K(353920K)
[2020-03-27T04:59:49.650+0000][1][gc,metaspace ] GC(18) Metaspace: 87949K->87949K(1130496K)
[2020-03-27T04:59:49.651+0000][1][gc           ] GC(18) Pause Young (Allocation Failure) 211M->79M(495M) 59.514ms
[2020-03-27T04:59:49.651+0000][1][gc,cpu       ] GC(18) User=0.03s Sys=0.00s Real=0.06s
[2020-03-27T04:59:49.651+0000][1][safepoint    ] Safepoint "GenCollectForAllocation", Time since last: 35413503 ns, Reaching safepoint: 441500 ns, At safepoint: 60782805 ns, Total: 61224305 ns
[2020-03-27T04:59:49.656+0000][1][safepoint    ] Safepoint "RevokeBias", Time since last: 4005900 ns, Reaching safepoint: 284600 ns, At safepoint: 102000 ns, Total: 386600 ns
[2020-03-27T04:59:49.926+0000][1][safepoint    ] Safepoint "RevokeBias", Time since last: 269651521 ns, Reaching safepoint: 485500 ns, At safepoint: 105900 ns, Total: 591400 ns
[2020-03-27T04:59:49.969+0000][1][safepoint    ] Safepoint "RevokeBias", Time since last: 42548804 ns, Reaching safepoint: 79500 ns, At safepoint: 200400 ns, Total: 279900 ns
[2020-03-27T04:59:49.984+0000][1][safepoint    ] Safepoint "RevokeBias", Time since last: 15427101 ns, Reaching safepoint: 68300 ns, At safepoint: 13400 ns, Total: 81700 ns
[2020-03-27T04:59:49.998+0000][1][safepoint    ] Safepoint "RevokeBias", Time since last: 13736801 ns, Reaching safepoint: 64900 ns, At safepoint: 96600 ns, Total: 161500 ns
[2020-03-27T04:59:50.000+0000][1][safepoint    ] Safepoint "RevokeBias", Time since last: 1366700 ns, Reaching safepoint: 72400 ns, At safepoint: 103100 ns, Total: 175500 ns
[2020-03-27T04:59:50.000+0000][1][safepoint    ] Safepoint "RevokeBias", Time since last: 262600 ns, Reaching safepoint: 57500 ns, At safepoint: 81300 ns, Total: 138800 ns
[2020-03-27T04:59:50.004+0000][1][safepoint    ] Safepoint "RevokeBias", Time since last: 4051701 ns, Reaching safepoint: 144600 ns, At safepoint: 95700 ns, Total: 240300 ns
[2020-03-27T04:59:50.005+0000][1][safepoint    ] Safepoint "RevokeBias", Time since last: 535600 ns, Reaching safepoint: 43800 ns, At safepoint: 92100 ns, Total: 135900 ns
[2020-03-27T04:59:50.006+0000][1][safepoint    ] Safepoint "RevokeBias", Time since last: 459500 ns, Reaching safepoint: 119900 ns, At safepoint: 72200 ns, Total: 192100 ns
[2020-03-27T04:59:50.006+0000][1][safepoint    ] Safepoint "RevokeBias", Time since last: 484200 ns, Reaching safepoint: 37300 ns, At safepoint: 61600 ns, Total: 98900 ns
[2020-03-27T04:59:50.007+0000][1][safepoint    ] Safepoint "RevokeBias", Time since last: 486500 ns, Reaching safepoint: 36600 ns, At safepoint: 60300 ns, Total: 96900 ns
[2020-03-27T04:59:50.008+0000][1][safepoint    ] Safepoint "RevokeBias", Time since last: 647500 ns, Reaching safepoint: 37000 ns, At safepoint: 88200 ns, Total: 125200 ns
[2020-03-27T04:59:50.008+0000][1][safepoint    ] Safepoint "RevokeBias", Time since last: 218100 ns, Reaching safepoint: 36200 ns, At safepoint: 84800 ns, Total: 121000 ns
[2020-03-27T04:59:50.008+0000][1][safepoint    ] Safepoint "RevokeBias", Time since last: 255400 ns, Reaching safepoint: 56000 ns, At safepoint: 59700 ns, Total: 115700 ns
[2020-03-27T04:59:50.009+0000][1][safepoint    ] Safepoint "RevokeBias", Time since last: 194500 ns, Reaching safepoint: 55200 ns, At safepoint: 78600 ns, Total: 133800 ns
[2020-03-27T04:59:50.138+0000][1][safepoint    ] Safepoint "RevokeBias", Time since last: 128875510 ns, Reaching safepoint: 204900 ns, At safepoint: 131700 ns, Total: 336600 ns
[2020-03-27T04:59:50.162+0000][1][safepoint    ] Safepoint "RevokeBias", Time since last: 23734602 ns, Reaching safepoint: 60900 ns, At safepoint: 99400 ns, Total: 160300 ns
[2020-03-27T04:59:50.166+0000][1][safepoint    ] Safepoint "RevokeBias", Time since last: 3866500 ns, Reaching safepoint: 54800 ns, At safepoint: 95500 ns, Total: 150300 ns
[2020-03-27T04:59:50.166+0000][1][safepoint    ] Safepoint "RevokeBias", Time since last: 228900 ns, Reaching safepoint: 41700 ns, At safepoint: 75300 ns, Total: 117000 ns
[2020-03-27T04:59:50.167+0000][1][safepoint    ] Safepoint "RevokeBias", Time since last: 429900 ns, Reaching safepoint: 48900 ns, At safepoint: 90100 ns, Total: 139000 ns
[2020-03-27T04:59:50.167+0000][1][safepoint    ] Safepoint "RevokeBias", Time since last: 297501 ns, Reaching safepoint: 33800 ns, At safepoint: 50900 ns, Total: 84700 ns
[2020-03-27T04:59:50.189+0000][1][safepoint    ] Safepoint "RevokeBias", Time since last: 22058301 ns, Reaching safepoint: 224100 ns, At safepoint: 55500 ns, Total: 279600 ns
[2020-03-27T04:59:50.193+0000][1][safepoint    ] Safepoint "RevokeBias", Time since last: 3309901 ns, Reaching safepoint: 659900 ns, At safepoint: 34300 ns, Total: 694200 ns
[2020-03-27T04:59:50.199+0000][1][safepoint    ] Safepoint "RevokeBias", Time since last: 5369300 ns, Reaching safepoint: 128700 ns, At safepoint: 31800 ns, Total: 160500 ns
[2020-03-27T04:59:50.201+0000][1][safepoint    ] Safepoint "RevokeBias", Time since last: 2207600 ns, Reaching safepoint: 148100 ns, At safepoint: 17600 ns, Total: 165700 ns
[2020-03-27T04:59:50.202+0000][1][safepoint    ] Safepoint "RevokeBias", Time since last: 385100 ns, Reaching safepoint: 182000 ns, At safepoint: 17700 ns, Total: 199700 ns
[2020-03-27T04:59:50.203+0000][1][safepoint    ] Safepoint "RevokeBias", Time since last: 313300 ns, Reaching safepoint: 298400 ns, At safepoint: 13500 ns, Total: 311900 ns
[2020-03-27T04:59:50.245+0000][1][safepoint    ] Safepoint "RevokeBias", Time since last: 42732604 ns, Reaching safepoint: 156500 ns, At safepoint: 14800 ns, Total: 171300 ns
[2020-03-27T04:59:50.286+0000][1][safepoint    ] Safepoint "RevokeBias", Time since last: 39909603 ns, Reaching safepoint: 436300 ns, At safepoint: 86800 ns, Total: 523100 ns
[2020-03-27T04:59:50.290+0000][1][safepoint    ] Safepoint "RevokeBias", Time since last: 3961600 ns, Reaching safepoint: 238400 ns, At safepoint: 374900 ns, Total: 613300 ns
[2020-03-27T04:59:50.291+0000][1][safepoint    ] Safepoint "RevokeBias", Time since last: 331600 ns, Reaching safepoint: 114400 ns, At safepoint: 140600 ns, Total: 255000 ns
[2020-03-27T04:59:50.360+0000][1][safepoint    ] Safepoint "RevokeBias", Time since last: 68841606 ns, Reaching safepoint: 89700 ns, At safepoint: 16700 ns, Total: 106400 ns
[2020-03-27T04:59:50.404+0000][1][safepoint    ] Safepoint "RevokeBias", Time since last: 44034403 ns, Reaching safepoint: 56500 ns, At safepoint: 12000 ns, Total: 68500 ns
[2020-03-27T04:59:50.412+0000][1][safepoint    ] Safepoint "RevokeBias", Time since last: 7751601 ns, Reaching safepoint: 54000 ns, At safepoint: 13200 ns, Total: 67200 ns
[2020-03-27T04:59:50.413+0000][1][safepoint    ] Safepoint "RevokeBias", Time since last: 666900 ns, Reaching safepoint: 44600 ns, At safepoint: 10600 ns, Total: 55200 ns
[2020-03-27T04:59:50.413+0000][1][safepoint    ] Safepoint "RevokeBias", Time since last: 746300 ns, Reaching safepoint: 30600 ns, At safepoint: 22200 ns, Total: 52800 ns
[2020-03-27T04:59:50.433+0000][1][safepoint    ] Safepoint "BulkRevokeBias", Time since last: 19591902 ns, Reaching safepoint: 62500 ns, At safepoint: 367000 ns, Total: 429500 ns
[2020-03-27T04:59:50.642+0000][1][safepoint    ] Safepoint "RevokeBias", Time since last: 208837716 ns, Reaching safepoint: 132100 ns, At safepoint: 14100 ns, Total: 146200 ns
[2020-03-27T04:59:50.644+0000][1][safepoint    ] Safepoint "RevokeBias", Time since last: 1735400 ns, Reaching safepoint: 139400 ns, At safepoint: 11700 ns, Total: 151100 ns
[2020-03-27T04:59:50.792+0000][1][safepoint    ] Safepoint "RevokeBias", Time since last: 147709012 ns, Reaching safepoint: 59700 ns, At safepoint: 15700 ns, Total: 75400 ns
[2020-03-27T04:59:50.793+0000][1][safepoint    ] Safepoint "RevokeBias", Time since last: 789800 ns, Reaching safepoint: 55300 ns, At safepoint: 13000 ns, Total: 68300 ns
[2020-03-27T04:59:50.871+0000][1][safepoint    ] Safepoint "RevokeBias", Time since last: 77595406 ns, Reaching safepoint: 132700 ns, At safepoint: 15700 ns, Total: 148400 ns
[2020-03-27T04:59:50.872+0000][1][safepoint    ] Safepoint "RevokeBias", Time since last: 1492300 ns, Reaching safepoint: 116900 ns, At safepoint: 15700 ns, Total: 132600 ns
[2020-03-27T04:59:50.874+0000][1][safepoint    ] Safepoint "RevokeBias", Time since last: 1498200 ns, Reaching safepoint: 148500 ns, At safepoint: 15900 ns, Total: 164400 ns
[2020-03-27T04:59:50.875+0000][1][safepoint    ] Safepoint "RevokeBias", Time since last: 1055500 ns, Reaching safepoint: 103300 ns, At safepoint: 15900 ns, Total: 119200 ns
[2020-03-27T04:59:50.912+0000][1][safepoint    ] Safepoint "RevokeBias", Time since last: 36169203 ns, Reaching safepoint: 155200 ns, At safepoint: 29700 ns, Total: 184900 ns
[2020-03-27T04:59:50.945+0000][1][safepoint    ] Safepoint "RevokeBias", Time since last: 33516803 ns, Reaching safepoint: 190300 ns, At safepoint: 102300 ns, Total: 292600 ns
[2020-03-27T04:59:50.946+0000][1][safepoint    ] Safepoint "RevokeBias", Time since last: 753700 ns, Reaching safepoint: 89800 ns, At safepoint: 28500 ns, Total: 118300 ns
[2020-03-27T04:59:50.981+0000][1][safepoint    ] Safepoint "RevokeBias", Time since last: 34857803 ns, Reaching safepoint: 174300 ns, At safepoint: 17000 ns, Total: 191300 ns
[2020-03-27T04:59:50.990+0000][1][safepoint    ] Safepoint "RevokeBias", Time since last: 8548701 ns, Reaching safepoint: 108200 ns, At safepoint: 14700 ns, Total: 122900 ns
[2020-03-27T04:59:50.992+0000][1][safepoint    ] Safepoint "RevokeBias", Time since last: 2092200 ns, Reaching safepoint: 127400 ns, At safepoint: 16800 ns, Total: 144200 ns
[2020-03-27T04:59:51.008+0000][1][safepoint    ] Safepoint "RevokeBias", Time since last: 15061001 ns, Reaching safepoint: 223500 ns, At safepoint: 52100 ns, Total: 275600 ns
[2020-03-27T04:59:51.010+0000][1][gc,start     ] GC(19) Pause Young (Allocation Failure)
[2020-03-27T04:59:51.011+0000][1][gc,task      ] GC(19) Using 2 workers of 2 for evacuation
[2020-03-27T04:59:51.028+0000][1][gc,age       ] GC(19) Desired survivor size 8716288 bytes, new threshold 6 (max threshold 6)
[2020-03-27T04:59:51.028+0000][1][gc,age       ] GC(19) Age table with threshold 6 (max threshold 6)
[2020-03-27T04:59:51.029+0000][1][gc,age       ] GC(19) - age   1:     821304 bytes,     821304 total
[2020-03-27T04:59:51.029+0000][1][gc,age       ] GC(19) - age   2:    2672888 bytes,    3494192 total
[2020-03-27T04:59:51.041+0000][1][gc,age       ] GC(19) - age   3:    4631392 bytes,    8125584 total
[2020-03-27T04:59:51.041+0000][1][gc,heap      ] GC(19) ParNew: 146400K->12600K(153344K)
[2020-03-27T04:59:51.041+0000][1][gc,heap      ] GC(19) CMS: 71181K->71181K(353920K)
[2020-03-27T04:59:51.042+0000][1][gc,metaspace ] GC(19) Metaspace: 88301K->88301K(1130496K)
[2020-03-27T04:59:51.043+0000][1][gc           ] GC(19) Pause Young (Allocation Failure) 212M->81M(495M) 32.148ms
[2020-03-27T04:59:51.043+0000][1][gc,cpu       ] GC(19) User=0.01s Sys=0.00s Real=0.03s
[2020-03-27T04:59:51.043+0000][1][safepoint    ] Safepoint "GenCollectForAllocation", Time since last: 2213200 ns, Reaching safepoint: 619200 ns, At safepoint: 32821703 ns, Total: 33440903 ns
[2020-03-27T04:59:51.063+0000][1][safepoint    ] Safepoint "RevokeBias", Time since last: 19999801 ns, Reaching safepoint: 118600 ns, At safepoint: 12300 ns, Total: 130900 ns
[2020-03-27T04:59:51.067+0000][1][safepoint    ] Safepoint "RevokeBias", Time since last: 1387700 ns, Reaching safepoint: 1891901 ns, At safepoint: 39600 ns, Total: 1931501 ns
[2020-03-27T04:59:51.359+0000][1][safepoint    ] Safepoint "RevokeBias", Time since last: 292352423 ns, Reaching safepoint: 48600 ns, At safepoint: 25100 ns, Total: 73700 ns
[2020-03-27T04:59:52.361+0000][1][safepoint    ] Safepoint "Cleanup", Time since last: 1001088179 ns, Reaching safepoint: 85300 ns, At safepoint: 24800 ns, Total: 110100 ns
[2020-03-27T04:59:53.362+0000][1][safepoint    ] Safepoint "Cleanup", Time since last: 1001304287 ns, Reaching safepoint: 61300 ns, At safepoint: 6000 ns, Total: 67300 ns
[2020-03-27T04:59:54.363+0000][1][safepoint    ] Safepoint "Cleanup", Time since last: 1000861400 ns, Reaching safepoint: 130500 ns, At safepoint: 40200 ns, Total: 170700 ns
[2020-03-27T04:59:55.364+0000][1][safepoint    ] Safepoint "Cleanup", Time since last: 1001287399 ns, Reaching safepoint: 131800 ns, At safepoint: 60900 ns, Total: 192700 ns
[2020-03-27T04:59:56.366+0000][1][safepoint    ] Safepoint "Cleanup", Time since last: 1001476800 ns, Reaching safepoint: 169100 ns, At safepoint: 81800 ns, Total: 250900 ns
[2020-03-27T04:59:57.368+0000][1][safepoint    ] Safepoint "Cleanup", Time since last: 1001950099 ns, Reaching safepoint: 115800 ns, At safepoint: 50400 ns, Total: 166200 ns
[2020-03-27T04:59:58.370+0000][1][safepoint    ] Safepoint "Cleanup", Time since last: 1001333800 ns, Reaching safepoint: 159800 ns, At safepoint: 22300 ns, Total: 182100 ns
[2020-03-27T04:59:58.470+0000][1][safepoint    ] Safepoint "RevokeBias", Time since last: 100696510 ns, Reaching safepoint: 48000 ns, At safepoint: 32800 ns, Total: 80800 ns
[2020-03-27T04:59:58.483+0000][1][safepoint    ] Safepoint "RevokeBias", Time since last: 12452801 ns, Reaching safepoint: 94000 ns, At safepoint: 23700 ns, Total: 117700 ns
[2020-03-27T04:59:58.483+0000][1][safepoint    ] Safepoint "RevokeBias", Time since last: 326400 ns, Reaching safepoint: 104400 ns, At safepoint: 19800 ns, Total: 124200 ns
[2020-03-27T04:59:58.484+0000][1][safepoint    ] Safepoint "RevokeBias", Time since last: 522200 ns, Reaching safepoint: 28600 ns, At safepoint: 28600 ns, Total: 57200 ns
[2020-03-27T04:59:58.484+0000][1][safepoint    ] Safepoint "RevokeBias", Time since last: 347700 ns, Reaching safepoint: 24400 ns, At safepoint: 64300 ns, Total: 88700 ns
[2020-03-27T04:59:58.485+0000][1][safepoint    ] Safepoint "RevokeBias", Time since last: 489900 ns, Reaching safepoint: 24900 ns, At safepoint: 18900 ns, Total: 43800 ns
[2020-03-27T04:59:58.485+0000][1][safepoint    ] Safepoint "RevokeBias", Time since last: 459600 ns, Reaching safepoint: 103300 ns, At safepoint: 22400 ns, Total: 125700 ns
[2020-03-27T04:59:58.494+0000][1][safepoint    ] Safepoint "RevokeBias", Time since last: 7958001 ns, Reaching safepoint: 170600 ns, At safepoint: 34200 ns, Total: 204800 ns
[2020-03-27T04:59:58.494+0000][1][safepoint    ] Safepoint "RevokeBias", Time since last: 475900 ns, Reaching safepoint: 195900 ns, At safepoint: 12700 ns, Total: 208600 ns
[2020-03-27T04:59:58.495+0000][1][safepoint    ] Safepoint "RevokeBias", Time since last: 488200 ns, Reaching safepoint: 77600 ns, At safepoint: 21800 ns, Total: 99400 ns
[2020-03-27T04:59:58.496+0000][1][safepoint    ] Safepoint "RevokeBias", Time since last: 510400 ns, Reaching safepoint: 176200 ns, At safepoint: 9400 ns, Total: 185600 ns
[2020-03-27T04:59:58.497+0000][1][safepoint    ] Safepoint "RevokeBias", Time since last: 1011300 ns, Reaching safepoint: 80500 ns, At safepoint: 11700 ns, Total: 92200 ns
[2020-03-27T04:59:58.497+0000][1][safepoint    ] Safepoint "RevokeBias", Time since last: 517100 ns, Reaching safepoint: 103200 ns, At safepoint: 10900 ns, Total: 114100 ns
[2020-03-27T04:59:58.538+0000][1][safepoint    ] Safepoint "RevokeBias", Time since last: 40611304 ns, Reaching safepoint: 376600 ns, At safepoint: 14900 ns, Total: 391500 ns
[2020-03-27T04:59:58.540+0000][1][safepoint    ] Safepoint "RevokeBias", Time since last: 1886801 ns, Reaching safepoint: 101700 ns, At safepoint: 11100 ns, Total: 112800 ns
[2020-03-27T04:59:58.541+0000][1][safepoint    ] Safepoint "RevokeBias", Time since last: 487000 ns, Reaching safepoint: 174100 ns, At safepoint: 23000 ns, Total: 197100 ns
[2020-03-27T04:59:58.542+0000][1][safepoint    ] Safepoint "RevokeBias", Time since last: 1038100 ns, Reaching safepoint: 97000 ns, At safepoint: 13900 ns, Total: 110900 ns
[2020-03-27T04:59:58.543+0000][1][safepoint    ] Safepoint "RevokeBias", Time since last: 571200 ns, Reaching safepoint: 118300 ns, At safepoint: 15100 ns, Total: 133400 ns
[2020-03-27T04:59:58.543+0000][1][safepoint    ] Safepoint "RevokeBias", Time since last: 487500 ns, Reaching safepoint: 97300 ns, At safepoint: 13500 ns, Total: 110800 ns
[2020-03-27T04:59:58.551+0000][1][safepoint    ] Safepoint "RevokeBias", Time since last: 6930401 ns, Reaching safepoint: 151800 ns, At safepoint: 13100 ns, Total: 164900 ns
[2020-03-27T04:59:58.554+0000][1][safepoint    ] Safepoint "RevokeBias", Time since last: 2944400 ns, Reaching safepoint: 120400 ns, At safepoint: 15200 ns, Total: 135600 ns
[2020-03-27T04:59:58.578+0000][1][safepoint    ] Safepoint "RevokeBias", Time since last: 24486402 ns, Reaching safepoint: 261600 ns, At safepoint: 19700 ns, Total: 281300 ns
[2020-03-27T04:59:59.146+0000][1][safepoint    ] Safepoint "RevokeBias", Time since last: 567207957 ns, Reaching safepoint: 156200 ns, At safepoint: 36300 ns, Total: 192500 ns
[2020-03-27T04:59:59.147+0000][1][safepoint    ] Safepoint "RevokeBias", Time since last: 1366500 ns, Reaching safepoint: 102300 ns, At safepoint: 13600 ns, Total: 115900 ns
[2020-03-27T04:59:59.153+0000][1][safepoint    ] Safepoint "RevokeBias", Time since last: 5743900 ns, Reaching safepoint: 81600 ns, At safepoint: 20900 ns, Total: 102500 ns
[2020-03-27T04:59:59.154+0000][1][safepoint    ] Safepoint "RevokeBias", Time since last: 849701 ns, Reaching safepoint: 39600 ns, At safepoint: 31100 ns, Total: 70700 ns
[2020-03-27T04:59:59.203+0000][1][safepoint    ] Safepoint "RevokeBias", Time since last: 48493504 ns, Reaching safepoint: 74000 ns, At safepoint: 19500 ns, Total: 93500 ns
[2020-03-27T05:00:00.204+0000][1][safepoint    ] Safepoint "Cleanup", Time since last: 1001000800 ns, Reaching safepoint: 281300 ns, At safepoint: 80000 ns, Total: 361300 ns
[2020-03-27T05:00:00.941+0000][1][safepoint    ] Safepoint "RevokeBias", Time since last: 736779573 ns, Reaching safepoint: 52600 ns, At safepoint: 21600 ns, Total: 74200 ns
[2020-03-27T05:00:00.941+0000][1][safepoint    ] Safepoint "RevokeBias", Time since last: 541800 ns, Reaching safepoint: 39200 ns, At safepoint: 9900 ns, Total: 49100 ns
[2020-03-27T05:00:00.949+0000][1][safepoint    ] Safepoint "RevokeBias", Time since last: 7239301 ns, Reaching safepoint: 130300 ns, At safepoint: 12300 ns, Total: 142600 ns
[2020-03-27T05:00:00.950+0000][1][safepoint    ] Safepoint "RevokeBias", Time since last: 1365000 ns, Reaching safepoint: 117000 ns, At safepoint: 8600 ns, Total: 125600 ns
[2020-03-27T05:00:00.951+0000][1][safepoint    ] Safepoint "RevokeBias", Time since last: 409100 ns, Reaching safepoint: 106000 ns, At safepoint: 8000 ns, Total: 114000 ns
[2020-03-27T05:00:00.981+0000][1][safepoint    ] Safepoint "RevokeBias", Time since last: 29634203 ns, Reaching safepoint: 105800 ns, At safepoint: 15200 ns, Total: 121000 ns
[2020-03-27T05:00:00.985+0000][1][safepoint    ] Safepoint "RevokeBias", Time since last: 4112101 ns, Reaching safepoint: 124100 ns, At safepoint: 13300 ns, Total: 137400 ns
[2020-03-27T05:00:00.988+0000][1][safepoint    ] Safepoint "RevokeBias", Time since last: 3091300 ns, Reaching safepoint: 393100 ns, At safepoint: 14200 ns, Total: 407300 ns
[2020-03-27T05:00:00.990+0000][1][safepoint    ] Safepoint "RevokeBias", Time since last: 2010900 ns, Reaching safepoint: 63900 ns, At safepoint: 14500 ns, Total: 78400 ns
[2020-03-27T05:00:00.991+0000][1][safepoint    ] Safepoint "RevokeBias", Time since last: 492900 ns, Reaching safepoint: 65800 ns, At safepoint: 10500 ns, Total: 76300 ns
[2020-03-27T05:00:00.992+0000][1][safepoint    ] Safepoint "RevokeBias", Time since last: 1337200 ns, Reaching safepoint: 63500 ns, At safepoint: 12000 ns, Total: 75500 ns
[2020-03-27T05:00:00.995+0000][1][safepoint    ] Safepoint "RevokeBias", Time since last: 2091701 ns, Reaching safepoint: 76600 ns, At safepoint: 13100 ns, Total: 89700 ns
[2020-03-27T05:00:00.996+0000][1][safepoint    ] Safepoint "RevokeBias", Time since last: 1161400 ns, Reaching safepoint: 127000 ns, At safepoint: 131300 ns, Total: 258300 ns
[2020-03-27T05:00:00.996+0000][1][safepoint    ] Safepoint "RevokeBias", Time since last: 250500 ns, Reaching safepoint: 37700 ns, At safepoint: 130600 ns, Total: 168300 ns
[2020-03-27T05:00:01.003+0000][1][safepoint    ] Safepoint "RevokeBias", Time since last: 6026401 ns, Reaching safepoint: 298100 ns, At safepoint: 15800 ns, Total: 313900 ns
[2020-03-27T05:00:01.274+0000][1][safepoint    ] Safepoint "RevokeBias", Time since last: 271276430 ns, Reaching safepoint: 169900 ns, At safepoint: 57500 ns, Total: 227400 ns
[2020-03-27T05:00:01.277+0000][1][safepoint    ] Safepoint "RevokeBias", Time since last: 2030201 ns, Reaching safepoint: 612000 ns, At safepoint: 38100 ns, Total: 650100 ns
[2020-03-27T05:00:01.314+0000][1][safepoint    ] Safepoint "RevokeBias", Time since last: 36642704 ns, Reaching safepoint: 158700 ns, At safepoint: 36400 ns, Total: 195100 ns
[2020-03-27T05:00:01.315+0000][1][safepoint    ] Safepoint "RevokeBias", Time since last: 985700 ns, Reaching safepoint: 40400 ns, At safepoint: 22400 ns, Total: 62800 ns
[2020-03-27T05:00:01.318+0000][1][safepoint    ] Safepoint "RevokeBias", Time since last: 3446700 ns, Reaching safepoint: 52900 ns, At safepoint: 22300 ns, Total: 75200 ns
[2020-03-27T05:00:01.319+0000][1][safepoint    ] Safepoint "RevokeBias", Time since last: 517001 ns, Reaching safepoint: 67000 ns, At safepoint: 22900 ns, Total: 89900 ns
[2020-03-27T05:00:01.365+0000][1][safepoint    ] Safepoint "RevokeBias", Time since last: 45821505 ns, Reaching safepoint: 142400 ns, At safepoint: 31200 ns, Total: 173600 ns
[2020-03-27T05:00:01.366+0000][1][safepoint    ] Safepoint "RevokeBias", Time since last: 686800 ns, Reaching safepoint: 132000 ns, At safepoint: 13500 ns, Total: 145500 ns
[2020-03-27T05:00:01.400+0000][1][safepoint    ] Safepoint "RevokeBias", Time since last: 33911204 ns, Reaching safepoint: 61100 ns, At safepoint: 40000 ns, Total: 101100 ns
[2020-03-27T05:00:02.401+0000][1][safepoint    ] Safepoint "Cleanup", Time since last: 1001033414 ns, Reaching safepoint: 233600 ns, At safepoint: 79500 ns, Total: 313100 ns
[2020-03-27T05:00:03.403+0000][1][safepoint    ] Safepoint "Cleanup", Time since last: 1001848313 ns, Reaching safepoint: 178800 ns, At safepoint: 98400 ns, Total: 277200 ns
[2020-03-27T05:00:04.405+0000][1][safepoint    ] Safepoint "Cleanup", Time since last: 1001894814 ns, Reaching safepoint: 217600 ns, At safepoint: 82300 ns, Total: 299900 ns
[2020-03-27T05:00:05.408+0000][1][safepoint    ] Safepoint "Cleanup", Time since last: 1002213914 ns, Reaching safepoint: 143700 ns, At safepoint: 45100 ns, Total: 188800 ns
[2020-03-27T05:00:06.409+0000][1][safepoint    ] Safepoint "Cleanup", Time since last: 1001278314 ns, Reaching safepoint: 142400 ns, At safepoint: 69000 ns, Total: 211400 ns
[2020-03-27T05:00:07.411+0000][1][safepoint    ] Safepoint "Cleanup", Time since last: 1001686314 ns, Reaching safepoint: 107800 ns, At safepoint: 43200 ns, Total: 151000 ns
[2020-03-27T05:00:08.413+0000][1][safepoint    ] Safepoint "Cleanup", Time since last: 1001191314 ns, Reaching safepoint: 304800 ns, At safepoint: 79600 ns, Total: 384400 ns
[2020-03-27T05:00:08.484+0000][1][safepoint    ] Safepoint "RevokeBias", Time since last: 71476508 ns, Reaching safepoint: 53600 ns, At safepoint: 13200 ns, Total: 66800 ns
[2020-03-27T05:00:08.490+0000][1][safepoint    ] Safepoint "RevokeBias", Time since last: 5728500 ns, Reaching safepoint: 52100 ns, At safepoint: 37100 ns, Total: 89200 ns
[2020-03-27T05:00:08.504+0000][1][gc,start     ] GC(20) Pause Young (Allocation Failure)
[2020-03-27T05:00:08.505+0000][1][gc,task      ] GC(20) Using 2 workers of 2 for evacuation
[2020-03-27T05:00:08.520+0000][1][gc,age       ] GC(20) Desired survivor size 8716288 bytes, new threshold 4 (max threshold 6)
[2020-03-27T05:00:08.520+0000][1][gc,age       ] GC(20) Age table with threshold 4 (max threshold 6)
[2020-03-27T05:00:08.531+0000][1][gc,age       ] GC(20) - age   1:    1209064 bytes,    1209064 total
[2020-03-27T05:00:08.531+0000][1][gc,age       ] GC(20) - age   2:     585296 bytes,    1794360 total
[2020-03-27T05:00:08.532+0000][1][gc,age       ] GC(20) - age   3:    2614440 bytes,    4408800 total
[2020-03-27T05:00:08.532+0000][1][gc,age       ] GC(20) - age   4:    4348280 bytes,    8757080 total
[2020-03-27T05:00:08.533+0000][1][gc,heap      ] GC(20) ParNew: 148920K->12077K(153344K)
[2020-03-27T05:00:08.533+0000][1][gc,heap      ] GC(20) CMS: 71181K->71181K(353920K)
[2020-03-27T05:00:08.534+0000][1][gc,metaspace ] GC(20) Metaspace: 88782K->88782K(1130496K)
[2020-03-27T05:00:08.534+0000][1][gc           ] GC(20) Pause Young (Allocation Failure) 214M->81M(495M) 29.468ms
[2020-03-27T05:00:08.534+0000][1][gc,cpu       ] GC(20) User=0.02s Sys=0.01s Real=0.03s
[2020-03-27T05:00:08.535+0000][1][safepoint    ] Safepoint "GenCollectForAllocation", Time since last: 14240902 ns, Reaching safepoint: 83500 ns, At safepoint: 30472504 ns, Total: 30556004 ns
[2020-03-27T05:00:08.553+0000][1][safepoint    ] Safepoint "RevokeBias", Time since last: 17654102 ns, Reaching safepoint: 135500 ns, At safepoint: 84200 ns, Total: 219700 ns
[2020-03-27T05:00:08.554+0000][1][safepoint    ] Safepoint "RevokeBias", Time since last: 777600 ns, Reaching safepoint: 28600 ns, At safepoint: 25600 ns, Total: 54200 ns
[2020-03-27T05:00:08.555+0000][1][safepoint    ] Safepoint "RevokeBias", Time since last: 1182900 ns, Reaching safepoint: 30500 ns, At safepoint: 24200 ns, Total: 54700 ns
[2020-03-27T05:00:08.590+0000][1][safepoint    ] Safepoint "RevokeBias", Time since last: 34270004 ns, Reaching safepoint: 567300 ns, At safepoint: 14800 ns, Total: 582100 ns
[2020-03-27T05:00:09.324+0000][1][safepoint    ] Safepoint "RevokeBias", Time since last: 733878366 ns, Reaching safepoint: 168500 ns, At safepoint: 15800 ns, Total: 184300 ns
[2020-03-27T05:00:09.325+0000][1][safepoint    ] Safepoint "RevokeBias", Time since last: 1282101 ns, Reaching safepoint: 43600 ns, At safepoint: 23200 ns, Total: 66800 ns
[2020-03-27T05:00:09.326+0000][1][safepoint    ] Safepoint "RevokeBias", Time since last: 1301200 ns, Reaching safepoint: 41800 ns, At safepoint: 22300 ns, Total: 64100 ns
[2020-03-27T05:00:09.328+0000][1][safepoint    ] Safepoint "RevokeBias", Time since last: 1194900 ns, Reaching safepoint: 52700 ns, At safepoint: 20200 ns, Total: 72900 ns
[2020-03-27T05:00:09.375+0000][1][safepoint    ] Safepoint "RevokeBias", Time since last: 47121403 ns, Reaching safepoint: 59100 ns, At safepoint: 19900 ns, Total: 79000 ns
[2020-03-27T05:00:10.376+0000][1][safepoint    ] Safepoint "Cleanup", Time since last: 1000781464 ns, Reaching safepoint: 141800 ns, At safepoint: 35100 ns, Total: 176900 ns
[2020-03-27T05:00:11.011+0000][1][safepoint    ] Safepoint "RevokeBias", Time since last: 634998641 ns, Reaching safepoint: 173400 ns, At safepoint: 117900 ns, Total: 291300 ns
[2020-03-27T05:00:11.301+0000][1][safepoint    ] Safepoint "RevokeBias", Time since last: 289112818 ns, Reaching safepoint: 291900 ns, At safepoint: 108000 ns, Total: 399900 ns
[2020-03-27T05:00:11.393+0000][1][safepoint    ] Safepoint "RevokeBias", Time since last: 92506806 ns, Reaching safepoint: 82500 ns, At safepoint: 35200 ns, Total: 117700 ns
[2020-03-27T05:00:11.394+0000][1][safepoint    ] Safepoint "RevokeBias", Time since last: 787800 ns, Reaching safepoint: 169900 ns, At safepoint: 60000 ns, Total: 229900 ns
[2020-03-27T05:00:11.448+0000][1][safepoint    ] Safepoint "RevokeBias", Time since last: 53544204 ns, Reaching safepoint: 60200 ns, At safepoint: 24000 ns, Total: 84200 ns
[2020-03-27T05:00:11.449+0000][1][safepoint    ] Safepoint "RevokeBias", Time since last: 926100 ns, Reaching safepoint: 44200 ns, At safepoint: 22000 ns, Total: 66200 ns
[2020-03-27T05:00:11.482+0000][1][safepoint    ] Safepoint "RevokeBias", Time since last: 32635802 ns, Reaching safepoint: 106600 ns, At safepoint: 25700 ns, Total: 132300 ns
[2020-03-27T05:00:11.483+0000][1][safepoint    ] Safepoint "RevokeBias", Time since last: 857500 ns, Reaching safepoint: 57800 ns, At safepoint: 11400 ns, Total: 69200 ns
[2020-03-27T05:00:11.485+0000][1][safepoint    ] Safepoint "RevokeBias", Time since last: 1441100 ns, Reaching safepoint: 836900 ns, At safepoint: 15500 ns, Total: 852400 ns
[2020-03-27T05:00:11.486+0000][1][safepoint    ] Safepoint "RevokeBias", Time since last: 868400 ns, Reaching safepoint: 135500 ns, At safepoint: 14800 ns, Total: 150300 ns
[2020-03-27T05:00:11.514+0000][1][safepoint    ] Safepoint "RevokeBias", Time since last: 28356102 ns, Reaching safepoint: 64800 ns, At safepoint: 14900 ns, Total: 79700 ns
[2020-03-27T05:00:11.515+0000][1][safepoint    ] Safepoint "RevokeBias", Time since last: 445000 ns, Reaching safepoint: 312000 ns, At safepoint: 13100 ns, Total: 325100 ns
[2020-03-27T05:00:11.552+0000][1][safepoint    ] Safepoint "RevokeBias", Time since last: 36202102 ns, Reaching safepoint: 186100 ns, At safepoint: 19600 ns, Total: 205700 ns
[2020-03-27T05:00:12.553+0000][1][safepoint    ] Safepoint "Cleanup", Time since last: 1000869164 ns, Reaching safepoint: 82900 ns, At safepoint: 13500 ns, Total: 96400 ns
[2020-03-27T05:00:12.780+0000][1][safepoint    ] Safepoint "RevokeBias", Time since last: 226903515 ns, Reaching safepoint: 82800 ns, At safepoint: 14200 ns, Total: 97000 ns
[2020-03-27T05:00:12.862+0000][1][safepoint    ] Safepoint "RevokeBias", Time since last: 82111305 ns, Reaching safepoint: 76200 ns, At safepoint: 36000 ns, Total: 112200 ns
[2020-03-27T05:00:13.863+0000][1][safepoint    ] Safepoint "Cleanup", Time since last: 1000990564 ns, Reaching safepoint: 90800 ns, At safepoint: 7000 ns, Total: 97800 ns
[2020-03-27T05:00:14.864+0000][1][safepoint    ] Safepoint "Cleanup", Time since last: 1001237264 ns, Reaching safepoint: 143600 ns, At safepoint: 40400 ns, Total: 184000 ns
[2020-03-27T05:00:15.867+0000][1][safepoint    ] Safepoint "Cleanup", Time since last: 1002350265 ns, Reaching safepoint: 191200 ns, At safepoint: 79200 ns, Total: 270400 ns
[2020-03-27T05:00:16.869+0000][1][safepoint    ] Safepoint "Cleanup", Time since last: 1002092564 ns, Reaching safepoint: 219400 ns, At safepoint: 82800 ns, Total: 302200 ns
[2020-03-27T05:00:17.871+0000][1][safepoint    ] Safepoint "Cleanup", Time since last: 1001973080 ns, Reaching safepoint: 61500 ns, At safepoint: 16300 ns, Total: 77800 ns
[2020-03-27T05:00:18.504+0000][1][safepoint    ] Safepoint "RevokeBias", Time since last: 631844571 ns, Reaching safepoint: 87200 ns, At safepoint: 1050197 ns, Total: 1137397 ns
[2020-03-27T05:00:18.506+0000][1][safepoint    ] Safepoint "RevokeBias", Time since last: 1670196 ns, Reaching safepoint: 67099 ns, At safepoint: 38000 ns, Total: 105099 ns
[2020-03-27T05:00:18.523+0000][1][safepoint    ] Safepoint "RevokeBias", Time since last: 11134970 ns, Reaching safepoint: 6059583 ns, At safepoint: 27200 ns, Total: 6086783 ns
[2020-03-27T05:00:18.531+0000][1][safepoint    ] Safepoint "RevokeBias", Time since last: 7401280 ns, Reaching safepoint: 273699 ns, At safepoint: 14200 ns, Total: 287899 ns
[2020-03-27T05:00:18.541+0000][1][safepoint    ] Safepoint "RevokeBias", Time since last: 9540474 ns, Reaching safepoint: 61400 ns, At safepoint: 25600 ns, Total: 87000 ns
[2020-03-27T05:00:18.586+0000][1][gc,start     ] GC(21) Pause Young (Allocation Failure)
[2020-03-27T05:00:18.588+0000][1][gc,task      ] GC(21) Using 2 workers of 2 for evacuation
[2020-03-27T05:00:18.645+0000][1][gc,age       ] GC(21) Desired survivor size 8716288 bytes, new threshold 6 (max threshold 6)
[2020-03-27T05:00:18.645+0000][1][gc,age       ] GC(21) Age table with threshold 6 (max threshold 6)
[2020-03-27T05:00:18.646+0000][1][gc,age       ] GC(21) - age   1:    1036912 bytes,    1036912 total
[2020-03-27T05:00:18.646+0000][1][gc,age       ] GC(21) - age   2:     935824 bytes,    1972736 total
[2020-03-27T05:00:18.647+0000][1][gc,age       ] GC(21) - age   3:     584968 bytes,    2557704 total
[2020-03-27T05:00:18.647+0000][1][gc,age       ] GC(21) - age   4:    2612600 bytes,    5170304 total
[2020-03-27T05:00:18.648+0000][1][gc,heap      ] GC(21) ParNew: 148397K->8426K(153344K)
[2020-03-27T05:00:18.648+0000][1][gc,heap      ] GC(21) CMS: 71181K->75510K(353920K)
[2020-03-27T05:00:18.648+0000][1][gc,metaspace ] GC(21) Metaspace: 89188K->89188K(1130496K)
[2020-03-27T05:00:18.649+0000][1][gc           ] GC(21) Pause Young (Allocation Failure) 214M->81M(495M) 62.667ms
[2020-03-27T05:00:18.649+0000][1][gc,cpu       ] GC(21) User=0.03s Sys=0.01s Real=0.06s
[2020-03-27T05:00:18.650+0000][1][safepoint    ] Safepoint "GenCollectForAllocation", Time since last: 44967177 ns, Reaching safepoint: 176699 ns, At safepoint: 63784926 ns, Total: 63961625 ns
[2020-03-27T05:00:18.686+0000][1][safepoint    ] Safepoint "RevokeBias", Time since last: 36013201 ns, Reaching safepoint: 141000 ns, At safepoint: 27000 ns, Total: 168000 ns
[2020-03-27T05:00:19.687+0000][1][safepoint    ] Safepoint "Cleanup", Time since last: 1000703762 ns, Reaching safepoint: 155399 ns, At safepoint: 6900 ns, Total: 162299 ns
[2020-03-27T05:00:20.688+0000][1][safepoint    ] Safepoint "Cleanup", Time since last: 1000807362 ns, Reaching safepoint: 109799 ns, At safepoint: 18100 ns, Total: 127899 ns
[2020-03-27T05:00:21.016+0000][1][safepoint    ] Safepoint "RevokeBias", Time since last: 328514602 ns, Reaching safepoint: 77799 ns, At safepoint: 15500 ns, Total: 93299 ns
[2020-03-27T05:00:22.017+0000][1][safepoint    ] Safepoint "Cleanup", Time since last: 1000590963 ns, Reaching safepoint: 213799 ns, At safepoint: 33100 ns, Total: 246899 ns
[2020-03-27T05:00:23.020+0000][1][safepoint    ] Safepoint "Cleanup", Time since last: 1002237293 ns, Reaching safepoint: 214900 ns, At safepoint: 139500 ns, Total: 354400 ns
[2020-03-27T05:00:24.022+0000][1][safepoint    ] Safepoint "Cleanup", Time since last: 1002120666 ns, Reaching safepoint: 212700 ns, At safepoint: 83600 ns, Total: 296300 ns
[2020-03-27T05:00:24.560+0000][1][safepoint    ] Safepoint "RevokeBias", Time since last: 538097436 ns, Reaching safepoint: 313100 ns, At safepoint: 33600 ns, Total: 346700 ns
[2020-03-27T05:00:25.563+0000][1][safepoint    ] Safepoint "Cleanup", Time since last: 1002325455 ns, Reaching safepoint: 201201 ns, At safepoint: 86800 ns, Total: 288001 ns
[2020-03-27T05:00:26.565+0000][1][safepoint    ] Safepoint "Cleanup", Time since last: 1001895336 ns, Reaching safepoint: 75600 ns, At safepoint: 23100 ns, Total: 98700 ns
[2020-03-27T05:00:27.566+0000][1][safepoint    ] Safepoint "Cleanup", Time since last: 1000996435 ns, Reaching safepoint: 209000 ns, At safepoint: 81300 ns, Total: 290300 ns
[2020-03-27T05:00:28.514+0000][1][safepoint    ] Safepoint "RevokeBias", Time since last: 947573621 ns, Reaching safepoint: 186200 ns, At safepoint: 26200 ns, Total: 212400 ns
[2020-03-27T05:00:29.515+0000][1][safepoint    ] Safepoint "Cleanup", Time since last: 1000937734 ns, Reaching safepoint: 144601 ns, At safepoint: 46700 ns, Total: 191301 ns
[2020-03-27T05:00:30.334+0000][1][safepoint    ] Safepoint "RevokeBias", Time since last: 818069199 ns, Reaching safepoint: 400300 ns, At safepoint: 45200 ns, Total: 445500 ns
[2020-03-27T05:00:30.336+0000][1][safepoint    ] Safepoint "RevokeBias", Time since last: 1567200 ns, Reaching safepoint: 812600 ns, At safepoint: 54400 ns, Total: 867000 ns
[2020-03-27T05:00:31.018+0000][1][safepoint    ] Safepoint "RevokeBias", Time since last: 681881217 ns, Reaching safepoint: 159100 ns, At safepoint: 153500 ns, Total: 312600 ns
[2020-03-27T05:00:32.020+0000][1][safepoint    ] Safepoint "Cleanup", Time since last: 1000923725 ns, Reaching safepoint: 460000 ns, At safepoint: 84800 ns, Total: 544800 ns
[2020-03-27T05:00:33.022+0000][1][safepoint    ] Safepoint "Cleanup", Time since last: 1001828326 ns, Reaching safepoint: 209200 ns, At safepoint: 82500 ns, Total: 291700 ns
[2020-03-27T05:00:34.025+0000][1][safepoint    ] Safepoint "Cleanup", Time since last: 1002341941 ns, Reaching safepoint: 371099 ns, At safepoint: 82200 ns, Total: 453299 ns
[2020-03-27T05:00:35.027+0000][1][safepoint    ] Safepoint "Cleanup", Time since last: 1002183155 ns, Reaching safepoint: 222799 ns, At safepoint: 85000 ns, Total: 307799 ns
[2020-03-27T05:00:36.030+0000][1][safepoint    ] Safepoint "Cleanup", Time since last: 1002255855 ns, Reaching safepoint: 206600 ns, At safepoint: 83399 ns, Total: 289999 ns
[2020-03-27T05:00:37.032+0000][1][safepoint    ] Safepoint "Cleanup", Time since last: 1002045256 ns, Reaching safepoint: 205800 ns, At safepoint: 84000 ns, Total: 289800 ns
[2020-03-27T05:00:38.034+0000][1][safepoint    ] Safepoint "Cleanup", Time since last: 1002037255 ns, Reaching safepoint: 65600 ns, At safepoint: 31200 ns, Total: 96800 ns
[2020-03-27T05:00:38.528+0000][1][safepoint    ] Safepoint "CollectForMetadataAllocation", Time since last: 493714450 ns, Reaching safepoint: 72699 ns, At safepoint: 81100 ns, Total: 153799 ns
[2020-03-27T05:00:38.543+0000][1][safepoint    ] Safepoint "BulkRevokeBias", Time since last: 13820360 ns, Reaching safepoint: 337999 ns, At safepoint: 615298 ns, Total: 953297 ns
[2020-03-27T05:00:38.652+0000][1][gc,start     ] GC(22) Pause Initial Mark
[2020-03-27T05:00:38.664+0000][1][gc           ] GC(22) Pause Initial Mark 139M->139M(495M) 11.149ms
[2020-03-27T05:00:38.664+0000][1][gc,cpu       ] GC(22) User=0.02s Sys=0.00s Real=0.01s
[2020-03-27T05:00:38.665+0000][1][safepoint    ] Safepoint "CMS_Initial_Mark", Time since last: 109291622 ns, Reaching safepoint: 97399 ns, At safepoint: 12332698 ns, Total: 12430097 ns
[2020-03-27T05:00:38.679+0000][1][gc           ] GC(22) Concurrent Mark
[2020-03-27T05:00:39.228+0000][1][gc           ] GC(22) Concurrent Mark 549.362ms
[2020-03-27T05:00:39.229+0000][1][gc,cpu       ] GC(22) User=0.12s Sys=0.05s Real=0.55s
[2020-03-27T05:00:39.229+0000][1][gc           ] GC(22) Concurrent Preclean
[2020-03-27T05:00:39.231+0000][1][gc           ] GC(22) Concurrent Preclean 1.728ms
[2020-03-27T05:00:39.232+0000][1][gc,cpu       ] GC(22) User=0.00s Sys=0.00s Real=0.00s
[2020-03-27T05:00:39.232+0000][1][gc           ] GC(22) Concurrent Abortable Preclean
[2020-03-27T05:00:39.576+0000][1][safepoint    ] Safepoint "RevokeBias", Time since last: 911280611 ns, Reaching safepoint: 84000 ns, At safepoint: 34400 ns, Total: 118400 ns
[2020-03-27T05:00:40.577+0000][1][safepoint    ] Safepoint "Cleanup", Time since last: 1000932293 ns, Reaching safepoint: 76500 ns, At safepoint: 20100 ns, Total: 96600 ns
[2020-03-27T05:00:41.022+0000][1][safepoint    ] Safepoint "RevokeBias", Time since last: 445073708 ns, Reaching safepoint: 197600 ns, At safepoint: 40600 ns, Total: 238200 ns
[2020-03-27T05:00:42.024+0000][1][safepoint    ] Safepoint "Cleanup", Time since last: 1001257320 ns, Reaching safepoint: 117800 ns, At safepoint: 15900 ns, Total: 133700 ns
[2020-03-27T05:00:43.025+0000][1][safepoint    ] Safepoint "Cleanup", Time since last: 1000885208 ns, Reaching safepoint: 88200 ns, At safepoint: 15900 ns, Total: 104100 ns
[2020-03-27T05:00:44.026+0000][1][safepoint    ] Safepoint "Cleanup", Time since last: 1000837109 ns, Reaching safepoint: 386399 ns, At safepoint: 63300 ns, Total: 449699 ns
[2020-03-27T05:00:44.233+0000][1][safepoint    ] Safepoint "RevokeBias", Time since last: 206901699 ns, Reaching safepoint: 131600 ns, At safepoint: 40500 ns, Total: 172100 ns
[2020-03-27T05:00:44.253+0000][1][safepoint    ] Safepoint "RevokeBias", Time since last: 20106290 ns, Reaching safepoint: 128900 ns, At safepoint: 31500 ns, Total: 160400 ns
[2020-03-27T05:00:44.264+0000][1][safepoint    ] Safepoint "RevokeBias", Time since last: 10116095 ns, Reaching safepoint: 158100 ns, At safepoint: 27000 ns, Total: 185100 ns
[2020-03-27T05:00:44.265+0000][1][safepoint    ] Safepoint "RevokeBias", Time since last: 766199 ns, Reaching safepoint: 110600 ns, At safepoint: 10700 ns, Total: 121300 ns
[2020-03-27T05:00:44.265+0000][1][safepoint    ] Safepoint "RevokeBias", Time since last: 553800 ns, Reaching safepoint: 54400 ns, At safepoint: 10600 ns, Total: 65000 ns
[2020-03-27T05:00:44.268+0000][1][gc           ] GC(22) Concurrent Abortable Preclean 5035.707ms
[2020-03-27T05:00:44.269+0000][1][safepoint    ] Safepoint "RevokeBias", Time since last: 3882798 ns, Reaching safepoint: 253800 ns, At safepoint: 26500 ns, Total: 280300 ns
[2020-03-27T05:00:44.270+0000][1][gc,cpu       ] GC(22) User=1.25s Sys=0.02s Real=5.04s
[2020-03-27T05:00:44.271+0000][1][gc,start     ] GC(22) Pause Remark
[2020-03-27T05:00:44.311+0000][1][gc           ] GC(22) Pause Remark 149M->149M(495M) 40.019ms
[2020-03-27T05:00:44.312+0000][1][gc,cpu       ] GC(22) User=0.03s Sys=0.00s Real=0.04s
[2020-03-27T05:00:44.313+0000][1][safepoint    ] Safepoint "CMS_Final_Remark", Time since last: 1979399 ns, Reaching safepoint: 54100 ns, At safepoint: 41147479 ns, Total: 41201579 ns
[2020-03-27T05:00:44.318+0000][1][gc           ] GC(22) Concurrent Sweep
[2020-03-27T05:00:44.325+0000][1][safepoint    ] Safepoint "RevokeBias", Time since last: 10665295 ns, Reaching safepoint: 2035499 ns, At safepoint: 32600 ns, Total: 2068099 ns
[2020-03-27T05:00:44.328+0000][1][safepoint    ] Safepoint "RevokeBias", Time since last: 2340499 ns, Reaching safepoint: 630400 ns, At safepoint: 142600 ns, Total: 773000 ns
[2020-03-27T05:00:44.344+0000][1][safepoint    ] Safepoint "RevokeBias", Time since last: 15038692 ns, Reaching safepoint: 270700 ns, At safepoint: 20600 ns, Total: 291300 ns
[2020-03-27T05:00:44.347+0000][1][safepoint    ] Safepoint "RevokeBias", Time since last: 2153799 ns, Reaching safepoint: 801000 ns, At safepoint: 19900 ns, Total: 820900 ns
[2020-03-27T05:00:44.349+0000][1][gc           ] GC(22) Concurrent Sweep 31.154ms
[2020-03-27T05:00:44.350+0000][1][gc,cpu       ] GC(22) User=0.05s Sys=0.01s Real=0.03s
[2020-03-27T05:00:44.351+0000][1][gc           ] GC(22) Concurrent Reset
[2020-03-27T05:00:44.351+0000][1][gc           ] GC(22) Concurrent Reset 0.890ms
[2020-03-27T05:00:44.352+0000][1][gc,cpu       ] GC(22) User=0.00s Sys=0.00s Real=0.00s
[2020-03-27T05:00:44.353+0000][1][gc,heap      ] GC(22) Old: 75510K->74891K(353920K)
[2020-03-27T05:00:44.358+0000][1][safepoint    ] Safepoint "RevokeBias", Time since last: 11273294 ns, Reaching safepoint: 80000 ns, At safepoint: 17200 ns, Total: 97200 ns
[2020-03-27T05:00:44.362+0000][1][safepoint    ] Safepoint "RevokeBias", Time since last: 4040298 ns, Reaching safepoint: 144000 ns, At safepoint: 29700 ns, Total: 173700 ns
[2020-03-27T05:00:44.363+0000][1][safepoint    ] Safepoint "RevokeBias", Time since last: 631300 ns, Reaching safepoint: 124900 ns, At safepoint: 30300 ns, Total: 155200 ns
[2020-03-27T05:00:44.364+0000][1][safepoint    ] Safepoint "RevokeBias", Time since last: 742699 ns, Reaching safepoint: 387000 ns, At safepoint: 33400 ns, Total: 420400 ns
[2020-03-27T05:00:44.365+0000][1][safepoint    ] Safepoint "RevokeBias", Time since last: 359600 ns, Reaching safepoint: 158800 ns, At safepoint: 21700 ns, Total: 180500 ns
[2020-03-27T05:00:44.375+0000][1][safepoint    ] Safepoint "RevokeBias", Time since last: 9907695 ns, Reaching safepoint: 179400 ns, At safepoint: 285500 ns, Total: 464900 ns
[2020-03-27T05:00:44.403+0000][1][safepoint    ] Safepoint "RevokeBias", Time since last: 27712686 ns, Reaching safepoint: 164400 ns, At safepoint: 6100 ns, Total: 170500 ns
[2020-03-27T05:00:44.405+0000][1][safepoint    ] Safepoint "RevokeBias", Time since last: 1581999 ns, Reaching safepoint: 89100 ns, At safepoint: 5500 ns, Total: 94600 ns
[2020-03-27T05:00:44.406+0000][1][safepoint    ] Safepoint "RevokeBias", Time since last: 986100 ns, Reaching safepoint: 82900 ns, At safepoint: 5300 ns, Total: 88200 ns
[2020-03-27T05:00:44.409+0000][1][safepoint    ] Safepoint "RevokeBias", Time since last: 3068298 ns, Reaching safepoint: 86300 ns, At safepoint: 34600 ns, Total: 120900 ns
[2020-03-27T05:00:44.414+0000][1][safepoint    ] Safepoint "RevokeBias", Time since last: 4854498 ns, Reaching safepoint: 58700 ns, At safepoint: 16100 ns, Total: 74800 ns
[2020-03-27T05:00:44.416+0000][1][safepoint    ] Safepoint "RevokeBias", Time since last: 1971499 ns, Reaching safepoint: 73200 ns, At safepoint: 7700 ns, Total: 80900 ns
[2020-03-27T05:00:44.425+0000][1][safepoint    ] Safepoint "RevokeBias", Time since last: 8912695 ns, Reaching safepoint: 151600 ns, At safepoint: 9700 ns, Total: 161300 ns
[2020-03-27T05:00:44.461+0000][1][safepoint    ] Safepoint "RevokeBias", Time since last: 36263282 ns, Reaching safepoint: 121400 ns, At safepoint: 29800 ns, Total: 151200 ns
[2020-03-27T05:00:44.475+0000][1][safepoint    ] Safepoint "RevokeBias", Time since last: 12901994 ns, Reaching safepoint: 123700 ns, At safepoint: 23700 ns, Total: 147400 ns
[2020-03-27T05:00:44.478+0000][1][safepoint    ] Safepoint "RevokeBias", Time since last: 3803398 ns, Reaching safepoint: 129100 ns, At safepoint: 25300 ns, Total: 154400 ns
[2020-03-27T05:00:44.479+0000][1][safepoint    ] Safepoint "RevokeBias", Time since last: 368400 ns, Reaching safepoint: 139600 ns, At safepoint: 30300 ns, Total: 169900 ns
[2020-03-27T05:00:44.480+0000][1][safepoint    ] Safepoint "RevokeBias", Time since last: 465399 ns, Reaching safepoint: 129400 ns, At safepoint: 11400 ns, Total: 140800 ns
[2020-03-27T05:00:44.482+0000][1][safepoint    ] Safepoint "RevokeBias", Time since last: 2154099 ns, Reaching safepoint: 184900 ns, At safepoint: 32300 ns, Total: 217200 ns
[2020-03-27T05:00:44.484+0000][1][safepoint    ] Safepoint "RevokeBias", Time since last: 1197500 ns, Reaching safepoint: 141500 ns, At safepoint: 225399 ns, Total: 366899 ns
[2020-03-27T05:00:44.511+0000][1][safepoint    ] Safepoint "RevokeBias", Time since last: 27646987 ns, Reaching safepoint: 151100 ns, At safepoint: 19000 ns, Total: 170100 ns
[2020-03-27T05:00:44.512+0000][1][safepoint    ] Safepoint "RevokeBias", Time since last: 869199 ns, Reaching safepoint: 181200 ns, At safepoint: 17000 ns, Total: 198200 ns
[2020-03-27T05:00:44.513+0000][1][safepoint    ] Safepoint "RevokeBias", Time since last: 655100 ns, Reaching safepoint: 128300 ns, At safepoint: 23300 ns, Total: 151600 ns
[2020-03-27T05:00:44.514+0000][1][safepoint    ] Safepoint "RevokeBias", Time since last: 906599 ns, Reaching safepoint: 58800 ns, At safepoint: 10800 ns, Total: 69600 ns
[2020-03-27T05:00:44.515+0000][1][safepoint    ] Safepoint "RevokeBias", Time since last: 460400 ns, Reaching safepoint: 41200 ns, At safepoint: 21400 ns, Total: 62600 ns
[2020-03-27T05:00:44.560+0000][1][safepoint    ] Safepoint "RevokeBias", Time since last: 45245578 ns, Reaching safepoint: 270500 ns, At safepoint: 21400 ns, Total: 291900 ns
[2020-03-27T05:00:44.691+0000][1][safepoint    ] Safepoint "RevokeBias", Time since last: 130867635 ns, Reaching safepoint: 203300 ns, At safepoint: 31100 ns, Total: 234400 ns
[2020-03-27T05:00:44.705+0000][1][gc,start     ] GC(23) Pause Young (Allocation Failure)
[2020-03-27T05:00:44.705+0000][1][gc,task      ] GC(23) Using 2 workers of 2 for evacuation
[2020-03-27T05:00:44.732+0000][1][gc,age       ] GC(23) Desired survivor size 8716288 bytes, new threshold 1 (max threshold 6)
[2020-03-27T05:00:44.732+0000][1][gc,age       ] GC(23) Age table with threshold 1 (max threshold 6)
[2020-03-27T05:00:44.733+0000][1][gc,age       ] GC(23) - age   1:    9262232 bytes,    9262232 total
[2020-03-27T05:00:44.733+0000][1][gc,age       ] GC(23) - age   2:     658744 bytes,    9920976 total
[2020-03-27T05:00:44.733+0000][1][gc,age       ] GC(23) - age   3:     885656 bytes,   10806632 total
[2020-03-27T05:00:44.734+0000][1][gc,age       ] GC(23) - age   4:     582656 bytes,   11389288 total
[2020-03-27T05:00:44.734+0000][1][gc,age       ] GC(23) - age   5:    2611608 bytes,   14000896 total
[2020-03-27T05:00:44.735+0000][1][gc,heap      ] GC(23) ParNew: 144730K->16000K(153344K)
[2020-03-27T05:00:44.735+0000][1][gc,heap      ] GC(23) CMS: 74891K->74891K(353920K)
[2020-03-27T05:00:44.736+0000][1][gc,metaspace ] GC(23) Metaspace: 90566K->90566K(1132544K)
[2020-03-27T05:00:44.736+0000][1][gc           ] GC(23) Pause Young (Allocation Failure) 214M->88M(495M) 31.212ms
[2020-03-27T05:00:44.737+0000][1][gc,cpu       ] GC(23) User=0.02s Sys=0.00s Real=0.04s
[2020-03-27T05:00:44.737+0000][1][safepoint    ] Safepoint "GenCollectForAllocation", Time since last: 13267394 ns, Reaching safepoint: 231200 ns, At safepoint: 32165184 ns, Total: 32396384 ns
[2020-03-27T05:00:44.744+0000][1][safepoint    ] Safepoint "RevokeBias", Time since last: 6434897 ns, Reaching safepoint: 939599 ns, At safepoint: 35300 ns, Total: 974899 ns
[2020-03-27T05:00:44.750+0000][1][safepoint    ] Safepoint "RevokeBias", Time since last: 5375098 ns, Reaching safepoint: 540799 ns, At safepoint: 45200 ns, Total: 585999 ns
[2020-03-27T05:00:44.766+0000][1][safepoint    ] Safepoint "RevokeBias", Time since last: 15000693 ns, Reaching safepoint: 703200 ns, At safepoint: 64300 ns, Total: 767500 ns
[2020-03-27T05:00:44.773+0000][1][safepoint    ] Safepoint "RevokeBias", Time since last: 6799796 ns, Reaching safepoint: 332600 ns, At safepoint: 20500 ns, Total: 353100 ns
[2020-03-27T05:00:44.775+0000][1][safepoint    ] Safepoint "RevokeBias", Time since last: 1068400 ns, Reaching safepoint: 228999 ns, At safepoint: 26700 ns, Total: 255699 ns
[2020-03-27T05:00:44.778+0000][1][safepoint    ] Safepoint "BulkRevokeBias", Time since last: 2365599 ns, Reaching safepoint: 279000 ns, At safepoint: 466100 ns, Total: 745100 ns
[2020-03-27T05:00:44.792+0000][1][safepoint    ] Safepoint "RevokeBias", Time since last: 13221193 ns, Reaching safepoint: 1036000 ns, At safepoint: 393100 ns, Total: 1429100 ns
[2020-03-27T05:00:44.795+0000][1][safepoint    ] Safepoint "RevokeBias", Time since last: 1604099 ns, Reaching safepoint: 438700 ns, At safepoint: 67700 ns, Total: 506400 ns
[2020-03-27T05:00:44.817+0000][1][safepoint    ] Safepoint "RevokeBias", Time since last: 21444789 ns, Reaching safepoint: 635500 ns, At safepoint: 19800 ns, Total: 655300 ns
[2020-03-27T05:00:44.822+0000][1][safepoint    ] Safepoint "RevokeBias", Time since last: 4026198 ns, Reaching safepoint: 1272699 ns, At safepoint: 20700 ns, Total: 1293399 ns
[2020-03-27T05:00:44.823+0000][1][safepoint    ] Safepoint "RevokeBias", Time since last: 401600 ns, Reaching safepoint: 227300 ns, At safepoint: 28800 ns, Total: 256100 ns
[2020-03-27T05:00:44.824+0000][1][safepoint    ] Safepoint "RevokeBias", Time since last: 727800 ns, Reaching safepoint: 283899 ns, At safepoint: 23600 ns, Total: 307499 ns
[2020-03-27T05:00:44.825+0000][1][safepoint    ] Safepoint "RevokeBias", Time since last: 1179600 ns, Reaching safepoint: 129200 ns, At safepoint: 41700 ns, Total: 170900 ns
[2020-03-27T05:00:44.826+0000][1][safepoint    ] Safepoint "RevokeBias", Time since last: 564099 ns, Reaching safepoint: 278400 ns, At safepoint: 18300 ns, Total: 296700 ns
[2020-03-27T05:00:44.827+0000][1][safepoint    ] Safepoint "RevokeBias", Time since last: 515000 ns, Reaching safepoint: 234600 ns, At safepoint: 55800 ns, Total: 290400 ns
[2020-03-27T05:00:44.828+0000][1][safepoint    ] Safepoint "RevokeBias", Time since last: 644700 ns, Reaching safepoint: 144099 ns, At safepoint: 240600 ns, Total: 384699 ns
[2020-03-27T05:00:44.828+0000][1][safepoint    ] Safepoint "RevokeBias", Time since last: 500900 ns, Reaching safepoint: 205000 ns, At safepoint: 34300 ns, Total: 239300 ns
[2020-03-27T05:00:44.829+0000][1][safepoint    ] Safepoint "BulkRevokeBias", Time since last: 307300 ns, Reaching safepoint: 126800 ns, At safepoint: 354600 ns, Total: 481400 ns
[2020-03-27T05:00:44.837+0000][1][safepoint    ] Safepoint "RevokeBias", Time since last: 7622296 ns, Reaching safepoint: 197000 ns, At safepoint: 32000 ns, Total: 229000 ns
[2020-03-27T05:00:44.841+0000][1][safepoint    ] Safepoint "RevokeBias", Time since last: 3501098 ns, Reaching safepoint: 331300 ns, At safepoint: 43900 ns, Total: 375200 ns
[2020-03-27T05:00:44.847+0000][1][safepoint    ] Safepoint "RevokeBias", Time since last: 5896797 ns, Reaching safepoint: 321500 ns, At safepoint: 60200 ns, Total: 381700 ns
[2020-03-27T05:00:44.851+0000][1][safepoint    ] Safepoint "RevokeBias", Time since last: 3065298 ns, Reaching safepoint: 313000 ns, At safepoint: 20900 ns, Total: 333900 ns
[2020-03-27T05:00:44.852+0000][1][safepoint    ] Safepoint "RevokeBias", Time since last: 954100 ns, Reaching safepoint: 307399 ns, At safepoint: 16700 ns, Total: 324099 ns
[2020-03-27T05:00:44.853+0000][1][safepoint    ] Safepoint "RevokeBias", Time since last: 439900 ns, Reaching safepoint: 503700 ns, At safepoint: 9100 ns, Total: 512800 ns
[2020-03-27T05:00:44.862+0000][1][safepoint    ] Safepoint "RevokeBias", Time since last: 8403996 ns, Reaching safepoint: 259400 ns, At safepoint: 41900 ns, Total: 301300 ns
[2020-03-27T05:00:44.867+0000][1][safepoint    ] Safepoint "RevokeBias", Time since last: 5095597 ns, Reaching safepoint: 260800 ns, At safepoint: 17700 ns, Total: 278500 ns
[2020-03-27T05:00:44.868+0000][1][safepoint    ] Safepoint "RevokeBias", Time since last: 1291799 ns, Reaching safepoint: 152700 ns, At safepoint: 38200 ns, Total: 190900 ns
[2020-03-27T05:00:44.880+0000][1][safepoint    ] Safepoint "RevokeBias", Time since last: 11474095 ns, Reaching safepoint: 436899 ns, At safepoint: 36200 ns, Total: 473099 ns
[2020-03-27T05:00:44.886+0000][1][safepoint    ] Safepoint "RevokeBias", Time since last: 4689298 ns, Reaching safepoint: 285100 ns, At safepoint: 344000 ns, Total: 629100 ns
[2020-03-27T05:00:44.887+0000][1][safepoint    ] Safepoint "RevokeBias", Time since last: 1346999 ns, Reaching safepoint: 230700 ns, At safepoint: 14700 ns, Total: 245400 ns
[2020-03-27T05:00:44.891+0000][1][safepoint    ] Safepoint "RevokeBias", Time since last: 3232198 ns, Reaching safepoint: 271700 ns, At safepoint: 67900 ns, Total: 339600 ns
[2020-03-27T05:00:44.903+0000][1][safepoint    ] Safepoint "RevokeBias", Time since last: 11718195 ns, Reaching safepoint: 401999 ns, At safepoint: 17200 ns, Total: 419199 ns
[2020-03-27T05:00:44.907+0000][1][safepoint    ] Safepoint "RevokeBias", Time since last: 3420799 ns, Reaching safepoint: 309700 ns, At safepoint: 31000 ns, Total: 340700 ns
[2020-03-27T05:00:44.908+0000][1][safepoint    ] Safepoint "RevokeBias", Time since last: 1115699 ns, Reaching safepoint: 376100 ns, At safepoint: 15400 ns, Total: 391500 ns
[2020-03-27T05:00:44.909+0000][1][safepoint    ] Safepoint "RevokeBias", Time since last: 591799 ns, Reaching safepoint: 165200 ns, At safepoint: 17500 ns, Total: 182700 ns
[2020-03-27T05:00:44.910+0000][1][safepoint    ] Safepoint "RevokeBias", Time since last: 707300 ns, Reaching safepoint: 262000 ns, At safepoint: 13900 ns, Total: 275900 ns
[2020-03-27T05:00:44.911+0000][1][safepoint    ] Safepoint "RevokeBias", Time since last: 572700 ns, Reaching safepoint: 161300 ns, At safepoint: 12200 ns, Total: 173500 ns
[2020-03-27T05:00:44.912+0000][1][safepoint    ] Safepoint "RevokeBias", Time since last: 1078399 ns, Reaching safepoint: 279200 ns, At safepoint: 22600 ns, Total: 301800 ns
[2020-03-27T05:00:44.913+0000][1][safepoint    ] Safepoint "RevokeBias", Time since last: 464600 ns, Reaching safepoint: 153900 ns, At safepoint: 10800 ns, Total: 164700 ns
[2020-03-27T05:00:44.914+0000][1][safepoint    ] Safepoint "RevokeBias", Time since last: 915499 ns, Reaching safepoint: 207800 ns, At safepoint: 11900 ns, Total: 219700 ns
[2020-03-27T05:00:44.914+0000][1][safepoint    ] Safepoint "RevokeBias", Time since last: 322700 ns, Reaching safepoint: 248400 ns, At safepoint: 10500 ns, Total: 258900 ns
[2020-03-27T05:00:44.916+0000][1][safepoint    ] Safepoint "RevokeBias", Time since last: 1281499 ns, Reaching safepoint: 367700 ns, At safepoint: 12100 ns, Total: 379800 ns
[2020-03-27T05:00:44.917+0000][1][safepoint    ] Safepoint "RevokeBias", Time since last: 233000 ns, Reaching safepoint: 206000 ns, At safepoint: 12700 ns, Total: 218700 ns
[2020-03-27T05:00:44.917+0000][1][safepoint    ] Safepoint "RevokeBias", Time since last: 255100 ns, Reaching safepoint: 362999 ns, At safepoint: 14900 ns, Total: 377899 ns
[2020-03-27T05:00:44.919+0000][1][safepoint    ] Safepoint "RevokeBias", Time since last: 1775899 ns, Reaching safepoint: 211300 ns, At safepoint: 29000 ns, Total: 240300 ns
[2020-03-27T05:00:44.920+0000][1][safepoint    ] Safepoint "RevokeBias", Time since last: 297300 ns, Reaching safepoint: 172300 ns, At safepoint: 10800 ns, Total: 183100 ns
[2020-03-27T05:00:44.920+0000][1][safepoint    ] Safepoint "RevokeBias", Time since last: 221700 ns, Reaching safepoint: 100900 ns, At safepoint: 51900 ns, Total: 152800 ns
[2020-03-27T05:00:44.921+0000][1][safepoint    ] Safepoint "RevokeBias", Time since last: 999199 ns, Reaching safepoint: 149500 ns, At safepoint: 31800 ns, Total: 181300 ns
[2020-03-27T05:00:44.924+0000][1][safepoint    ] Safepoint "RevokeBias", Time since last: 2909599 ns, Reaching safepoint: 187200 ns, At safepoint: 42700 ns, Total: 229900 ns
[2020-03-27T05:00:44.925+0000][1][safepoint    ] Safepoint "RevokeBias", Time since last: 232000 ns, Reaching safepoint: 213700 ns, At safepoint: 23100 ns, Total: 236800 ns
[2020-03-27T05:00:44.926+0000][1][safepoint    ] Safepoint "RevokeBias", Time since last: 278299 ns, Reaching safepoint: 182100 ns, At safepoint: 529400 ns, Total: 711500 ns
[2020-03-27T05:00:44.927+0000][1][safepoint    ] Safepoint "RevokeBias", Time since last: 714800 ns, Reaching safepoint: 599099 ns, At safepoint: 24600 ns, Total: 623699 ns
[2020-03-27T05:00:44.928+0000][1][safepoint    ] Safepoint "RevokeBias", Time since last: 384000 ns, Reaching safepoint: 166300 ns, At safepoint: 15200 ns, Total: 181500 ns
[2020-03-27T05:00:44.929+0000][1][safepoint    ] Safepoint "RevokeBias", Time since last: 698100 ns, Reaching safepoint: 202600 ns, At safepoint: 24300 ns, Total: 226900 ns
[2020-03-27T05:00:44.930+0000][1][safepoint    ] Safepoint "RevokeBias", Time since last: 334900 ns, Reaching safepoint: 549299 ns, At safepoint: 37800 ns, Total: 587099 ns
[2020-03-27T05:00:44.930+0000][1][safepoint    ] Safepoint "RevokeBias", Time since last: 304800 ns, Reaching safepoint: 176100 ns, At safepoint: 30100 ns, Total: 206200 ns
[2020-03-27T05:00:44.931+0000][1][safepoint    ] Safepoint "RevokeBias", Time since last: 334500 ns, Reaching safepoint: 205300 ns, At safepoint: 15800 ns, Total: 221100 ns
[2020-03-27T05:00:44.931+0000][1][safepoint    ] Safepoint "RevokeBias", Time since last: 234700 ns, Reaching safepoint: 159100 ns, At safepoint: 12800 ns, Total: 171900 ns
[2020-03-27T05:00:44.932+0000][1][safepoint    ] Safepoint "RevokeBias", Time since last: 221399 ns, Reaching safepoint: 145400 ns, At safepoint: 46900 ns, Total: 192300 ns
[2020-03-27T05:00:44.932+0000][1][safepoint    ] Safepoint "RevokeBias", Time since last: 198500 ns, Reaching safepoint: 184200 ns, At safepoint: 31800 ns, Total: 216000 ns
[2020-03-27T05:00:44.932+0000][1][safepoint    ] Safepoint "RevokeBias", Time since last: 195400 ns, Reaching safepoint: 302300 ns, At safepoint: 23700 ns, Total: 326000 ns
[2020-03-27T05:00:44.936+0000][1][safepoint    ] Safepoint "RevokeBias", Time since last: 2339799 ns, Reaching safepoint: 1017299 ns, At safepoint: 26800 ns, Total: 1044099 ns
[2020-03-27T05:00:44.936+0000][1][safepoint    ] Safepoint "RevokeBias", Time since last: 314200 ns, Reaching safepoint: 227400 ns, At safepoint: 104100 ns, Total: 331500 ns
[2020-03-27T05:00:44.937+0000][1][safepoint    ] Safepoint "RevokeBias", Time since last: 376400 ns, Reaching safepoint: 155000 ns, At safepoint: 14100 ns, Total: 169100 ns
[2020-03-27T05:00:44.939+0000][1][safepoint    ] Safepoint "RevokeBias", Time since last: 1065299 ns, Reaching safepoint: 269200 ns, At safepoint: 225200 ns, Total: 494400 ns
[2020-03-27T05:00:44.939+0000][1][safepoint    ] Safepoint "RevokeBias", Time since last: 399900 ns, Reaching safepoint: 122000 ns, At safepoint: 26000 ns, Total: 148000 ns
[2020-03-27T05:00:44.940+0000][1][safepoint    ] Safepoint "RevokeBias", Time since last: 183000 ns, Reaching safepoint: 226499 ns, At safepoint: 51000 ns, Total: 277499 ns
[2020-03-27T05:00:44.941+0000][1][safepoint    ] Safepoint "BulkRevokeBias", Time since last: 438300 ns, Reaching safepoint: 355800 ns, At safepoint: 1092499 ns, Total: 1448299 ns
[2020-03-27T05:00:44.946+0000][1][safepoint    ] Safepoint "RevokeBias", Time since last: 4100298 ns, Reaching safepoint: 331200 ns, At safepoint: 41500 ns, Total: 372700 ns
[2020-03-27T05:00:44.948+0000][1][safepoint    ] Safepoint "RevokeBias", Time since last: 835300 ns, Reaching safepoint: 251800 ns, At safepoint: 479399 ns, Total: 731199 ns
[2020-03-27T05:00:44.989+0000][1][safepoint    ] Safepoint "RevokeBias", Time since last: 32935384 ns, Reaching safepoint: 7527097 ns, At safepoint: 572499 ns, Total: 8099596 ns
[2020-03-27T05:00:45.000+0000][1][safepoint    ] Safepoint "Deoptimize", Time since last: 6615097 ns, Reaching safepoint: 3345898 ns, At safepoint: 1055100 ns, Total: 4400998 ns
[2020-03-27T05:00:45.019+0000][1][safepoint    ] Safepoint "RevokeBias", Time since last: 18959691 ns, Reaching safepoint: 389699 ns, At safepoint: 32500 ns, Total: 422199 ns
[2020-03-27T05:00:45.076+0000][1][safepoint    ] Safepoint "RevokeBias", Time since last: 56528573 ns, Reaching safepoint: 348199 ns, At safepoint: 29700 ns, Total: 377899 ns
[2020-03-27T05:00:45.082+0000][1][safepoint    ] Safepoint "RevokeBias", Time since last: 6273097 ns, Reaching safepoint: 306800 ns, At safepoint: 19600 ns, Total: 326400 ns
[2020-03-27T05:00:45.083+0000][1][safepoint    ] Safepoint "RevokeBias", Time since last: 549100 ns, Reaching safepoint: 186500 ns, At safepoint: 14200 ns, Total: 200700 ns
[2020-03-27T05:00:45.102+0000][1][safepoint    ] Safepoint "RevokeBias", Time since last: 17943491 ns, Reaching safepoint: 293600 ns, At safepoint: 239700 ns, Total: 533300 ns
[2020-03-27T05:00:45.125+0000][1][safepoint    ] Safepoint "RevokeBias", Time since last: 23078788 ns, Reaching safepoint: 180300 ns, At safepoint: 36900 ns, Total: 217200 ns
[2020-03-27T05:00:45.126+0000][1][safepoint    ] Safepoint "RevokeBias", Time since last: 302100 ns, Reaching safepoint: 268100 ns, At safepoint: 13900 ns, Total: 282000 ns
[2020-03-27T05:00:45.128+0000][1][safepoint    ] Safepoint "RevokeBias", Time since last: 2284399 ns, Reaching safepoint: 192100 ns, At safepoint: 41100 ns, Total: 233200 ns
[2020-03-27T05:00:45.129+0000][1][safepoint    ] Safepoint "RevokeBias", Time since last: 265700 ns, Reaching safepoint: 234399 ns, At safepoint: 39500 ns, Total: 273899 ns
[2020-03-27T05:00:45.129+0000][1][safepoint    ] Safepoint "RevokeBias", Time since last: 379000 ns, Reaching safepoint: 205700 ns, At safepoint: 18700 ns, Total: 224400 ns
[2020-03-27T05:00:45.131+0000][1][safepoint    ] Safepoint "RevokeBias", Time since last: 1308400 ns, Reaching safepoint: 300399 ns, At safepoint: 30900 ns, Total: 331299 ns
[2020-03-27T05:00:45.131+0000][1][safepoint    ] Safepoint "RevokeBias", Time since last: 281300 ns, Reaching safepoint: 161600 ns, At safepoint: 17000 ns, Total: 178600 ns
[2020-03-27T05:00:45.132+0000][1][safepoint    ] Safepoint "RevokeBias", Time since last: 315700 ns, Reaching safepoint: 156000 ns, At safepoint: 18700 ns, Total: 174700 ns
[2020-03-27T05:00:45.132+0000][1][safepoint    ] Safepoint "RevokeBias", Time since last: 193200 ns, Reaching safepoint: 179900 ns, At safepoint: 17700 ns, Total: 197600 ns
[2020-03-27T05:00:45.133+0000][1][safepoint    ] Safepoint "RevokeBias", Time since last: 214200 ns, Reaching safepoint: 135900 ns, At safepoint: 15200 ns, Total: 151100 ns
[2020-03-27T05:00:45.133+0000][1][safepoint    ] Safepoint "RevokeBias", Time since last: 261799 ns, Reaching safepoint: 303100 ns, At safepoint: 45800 ns, Total: 348900 ns
[2020-03-27T05:00:45.134+0000][1][safepoint    ] Safepoint "RevokeBias", Time since last: 229700 ns, Reaching safepoint: 193700 ns, At safepoint: 25800 ns, Total: 219500 ns
[2020-03-27T05:00:45.134+0000][1][safepoint    ] Safepoint "RevokeBias", Time since last: 274600 ns, Reaching safepoint: 166400 ns, At safepoint: 27700 ns, Total: 194100 ns
[2020-03-27T05:00:45.135+0000][1][safepoint    ] Safepoint "RevokeBias", Time since last: 296500 ns, Reaching safepoint: 152500 ns, At safepoint: 19800 ns, Total: 172300 ns
[2020-03-27T05:00:45.135+0000][1][safepoint    ] Safepoint "RevokeBias", Time since last: 188499 ns, Reaching safepoint: 152100 ns, At safepoint: 23800 ns, Total: 175900 ns
[2020-03-27T05:00:45.136+0000][1][safepoint    ] Safepoint "RevokeBias", Time since last: 631900 ns, Reaching safepoint: 150400 ns, At safepoint: 33800 ns, Total: 184200 ns
[2020-03-27T05:00:45.136+0000][1][safepoint    ] Safepoint "RevokeBias", Time since last: 246300 ns, Reaching safepoint: 119500 ns, At safepoint: 28400 ns, Total: 147900 ns
[2020-03-27T05:00:45.137+0000][1][safepoint    ] Safepoint "RevokeBias", Time since last: 286500 ns, Reaching safepoint: 135700 ns, At safepoint: 21300 ns, Total: 157000 ns
[2020-03-27T05:00:45.137+0000][1][safepoint    ] Safepoint "RevokeBias", Time since last: 252699 ns, Reaching safepoint: 159100 ns, At safepoint: 18300 ns, Total: 177400 ns
[2020-03-27T05:00:45.137+0000][1][safepoint    ] Safepoint "RevokeBias", Time since last: 303400 ns, Reaching safepoint: 147900 ns, At safepoint: 16000 ns, Total: 163900 ns
[2020-03-27T05:00:45.138+0000][1][safepoint    ] Safepoint "RevokeBias", Time since last: 307100 ns, Reaching safepoint: 122500 ns, At safepoint: 32500 ns, Total: 155000 ns
[2020-03-27T05:00:45.139+0000][1][safepoint    ] Safepoint "BulkRevokeBias", Time since last: 287500 ns, Reaching safepoint: 241500 ns, At safepoint: 461799 ns, Total: 703299 ns
[2020-03-27T05:00:45.144+0000][1][safepoint    ] Safepoint "RevokeBias", Time since last: 4029198 ns, Reaching safepoint: 604500 ns, At safepoint: 19200 ns, Total: 623700 ns
[2020-03-27T05:00:45.146+0000][1][safepoint    ] Safepoint "RevokeBias", Time since last: 2482899 ns, Reaching safepoint: 328300 ns, At safepoint: 37600 ns, Total: 365900 ns
[2020-03-27T05:00:45.229+0000][1][gc,start     ] GC(24) Pause Young (Allocation Failure)
[2020-03-27T05:00:45.229+0000][1][gc,task      ] GC(24) Using 2 workers of 2 for evacuation
[2020-03-27T05:00:45.341+0000][1][gc,age       ] GC(24) Desired survivor size 8716288 bytes, new threshold 6 (max threshold 6)
[2020-03-27T05:00:45.342+0000][1][gc,age       ] GC(24) Age table with threshold 6 (max threshold 6)
[2020-03-27T05:00:45.342+0000][1][gc,age       ] GC(24) - age   1:    2925272 bytes,    2925272 total
[2020-03-27T05:00:45.343+0000][1][gc,heap      ] GC(24) ParNew: 152320K->11254K(153344K)
[2020-03-27T05:00:45.343+0000][1][gc,heap      ] GC(24) CMS: 74891K->83751K(353920K)
[2020-03-27T05:00:45.344+0000][1][gc,metaspace ] GC(24) Metaspace: 91800K->91800K(1134592K)
[2020-03-27T05:00:45.344+0000][1][gc           ] GC(24) Pause Young (Allocation Failure) 221M->92M(495M) 115.449ms
[2020-03-27T05:00:45.345+0000][1][gc,cpu       ] GC(24) User=0.04s Sys=0.01s Real=0.11s
[2020-03-27T05:00:45.345+0000][1][safepoint    ] Safepoint "GenCollectForAllocation", Time since last: 82071259 ns, Reaching safepoint: 239000 ns, At safepoint: 116500043 ns, Total: 116739043 ns
[2020-03-27T05:00:45.359+0000][1][safepoint    ] Safepoint "RevokeBias", Time since last: 13126894 ns, Reaching safepoint: 204699 ns, At safepoint: 17000 ns, Total: 221699 ns
[2020-03-27T05:00:45.380+0000][1][safepoint    ] Safepoint "RevokeBias", Time since last: 21285090 ns, Reaching safepoint: 99700 ns, At safepoint: 15000 ns, Total: 114700 ns
[2020-03-27T05:00:45.395+0000][1][safepoint    ] Safepoint "RevokeBias", Time since last: 14451693 ns, Reaching safepoint: 185800 ns, At safepoint: 36300 ns, Total: 222100 ns
[2020-03-27T05:00:45.395+0000][1][safepoint    ] Safepoint "RevokeBias", Time since last: 493799 ns, Reaching safepoint: 176900 ns, At safepoint: 27800 ns, Total: 204700 ns
[2020-03-27T05:00:45.396+0000][1][safepoint    ] Safepoint "RevokeBias", Time since last: 466100 ns, Reaching safepoint: 145100 ns, At safepoint: 26800 ns, Total: 171900 ns
[2020-03-27T05:00:45.424+0000][1][safepoint    ] Safepoint "RevokeBias", Time since last: 28351786 ns, Reaching safepoint: 93500 ns, At safepoint: 23200 ns, Total: 116700 ns
[2020-03-27T05:00:45.488+0000][1][safepoint    ] Safepoint "RevokeBias", Time since last: 63640569 ns, Reaching safepoint: 165300 ns, At safepoint: 26200 ns, Total: 191500 ns
[2020-03-27T05:00:45.489+0000][1][safepoint    ] Safepoint "RevokeBias", Time since last: 424300 ns, Reaching safepoint: 95499 ns, At safepoint: 25100 ns, Total: 120599 ns
[2020-03-27T05:00:45.493+0000][1][safepoint    ] Safepoint "RevokeBias", Time since last: 3973399 ns, Reaching safepoint: 73399 ns, At safepoint: 22100 ns, Total: 95499 ns
[2020-03-27T05:00:45.493+0000][1][safepoint    ] Safepoint "RevokeBias", Time since last: 346400 ns, Reaching safepoint: 46400 ns, At safepoint: 19600 ns, Total: 66000 ns
[2020-03-27T05:00:45.531+0000][1][safepoint    ] Safepoint "RevokeBias", Time since last: 37117482 ns, Reaching safepoint: 115700 ns, At safepoint: 31300 ns, Total: 147000 ns
[2020-03-27T05:00:45.536+0000][1][safepoint    ] Safepoint "RevokeBias", Time since last: 4732398 ns, Reaching safepoint: 324899 ns, At safepoint: 19200 ns, Total: 344099 ns
[2020-03-27T05:00:45.537+0000][1][safepoint    ] Safepoint "RevokeBias", Time since last: 569600 ns, Reaching safepoint: 967800 ns, At safepoint: 96000 ns, Total: 1063800 ns
[2020-03-27T05:00:45.544+0000][1][safepoint    ] Safepoint "RevokeBias", Time since last: 6308897 ns, Reaching safepoint: 252599 ns, At safepoint: 37900 ns, Total: 290499 ns
[2020-03-27T05:00:45.547+0000][1][safepoint    ] Safepoint "RevokeBias", Time since last: 3091599 ns, Reaching safepoint: 101400 ns, At safepoint: 100400 ns, Total: 201800 ns
[2020-03-27T05:00:45.548+0000][1][safepoint    ] Safepoint "RevokeBias", Time since last: 575600 ns, Reaching safepoint: 122299 ns, At safepoint: 45000 ns, Total: 167299 ns
[2020-03-27T05:00:45.549+0000][1][safepoint    ] Safepoint "BulkRevokeBias", Time since last: 807400 ns, Reaching safepoint: 63500 ns, At safepoint: 375800 ns, Total: 439300 ns
[2020-03-27T05:00:45.573+0000][1][safepoint    ] Safepoint "RevokeBias", Time since last: 24095888 ns, Reaching safepoint: 146100 ns, At safepoint: 18300 ns, Total: 164400 ns
[2020-03-27T05:00:45.575+0000][1][safepoint    ] Safepoint "RevokeBias", Time since last: 1701899 ns, Reaching safepoint: 101100 ns, At safepoint: 165700 ns, Total: 266800 ns
[2020-03-27T05:00:45.576+0000][1][safepoint    ] Safepoint "RevokeBias", Time since last: 789300 ns, Reaching safepoint: 52500 ns, At safepoint: 10599 ns, Total: 63099 ns
[2020-03-27T05:00:45.577+0000][1][safepoint    ] Safepoint "RevokeBias", Time since last: 383900 ns, Reaching safepoint: 141700 ns, At safepoint: 37500 ns, Total: 179200 ns
[2020-03-27T05:00:45.582+0000][1][safepoint    ] Safepoint "RevokeBias", Time since last: 5316098 ns, Reaching safepoint: 98500 ns, At safepoint: 25900 ns, Total: 124400 ns
[2020-03-27T05:00:45.596+0000][1][safepoint    ] Safepoint "RevokeBias", Time since last: 13134393 ns, Reaching safepoint: 144300 ns, At safepoint: 22600 ns, Total: 166900 ns
[2020-03-27T05:00:45.606+0000][1][safepoint    ] Safepoint "RevokeBias", Time since last: 10288495 ns, Reaching safepoint: 91400 ns, At safepoint: 162100 ns, Total: 253500 ns
[2020-03-27T05:00:45.692+0000][1][safepoint    ] Safepoint "RevokeBias", Time since last: 85292958 ns, Reaching safepoint: 220700 ns, At safepoint: 21500 ns, Total: 242200 ns
[2020-03-27T05:00:45.692+0000][1][safepoint    ] Safepoint "RevokeBias", Time since last: 297100 ns, Reaching safepoint: 50700 ns, At safepoint: 15000 ns, Total: 65700 ns
[2020-03-27T05:00:45.697+0000][1][safepoint    ] Safepoint "BulkRevokeBias", Time since last: 4683197 ns, Reaching safepoint: 78700 ns, At safepoint: 568500 ns, Total: 647200 ns
[2020-03-27T05:00:45.789+0000][1][safepoint    ] Safepoint "RevokeBias", Time since last: 91271355 ns, Reaching safepoint: 187000 ns, At safepoint: 18600 ns, Total: 205600 ns
[2020-03-27T05:00:45.791+0000][1][safepoint    ] Safepoint "RevokeBias", Time since last: 1929899 ns, Reaching safepoint: 145000 ns, At safepoint: 14200 ns, Total: 159200 ns
[2020-03-27T05:00:45.797+0000][1][safepoint    ] Safepoint "RevokeBias", Time since last: 6416697 ns, Reaching safepoint: 108900 ns, At safepoint: 31800 ns, Total: 140700 ns
[2020-03-27T05:00:45.804+0000][1][safepoint    ] Safepoint "RevokeBias", Time since last: 6584997 ns, Reaching safepoint: 292499 ns, At safepoint: 123000 ns, Total: 415499 ns
[2020-03-27T05:00:45.806+0000][1][safepoint    ] Safepoint "RevokeBias", Time since last: 1076100 ns, Reaching safepoint: 92700 ns, At safepoint: 19500 ns, Total: 112200 ns
[2020-03-27T05:00:46.143+0000][1][safepoint    ] Safepoint "RevokeBias", Time since last: 336645134 ns, Reaching safepoint: 345000 ns, At safepoint: 43700 ns, Total: 388700 ns
[2020-03-27T05:00:46.145+0000][1][safepoint    ] Safepoint "RevokeBias", Time since last: 1754599 ns, Reaching safepoint: 190200 ns, At safepoint: 36900 ns, Total: 227100 ns
[2020-03-27T05:00:46.147+0000][1][safepoint    ] Safepoint "RevokeBias", Time since last: 1610399 ns, Reaching safepoint: 171800 ns, At safepoint: 98300 ns, Total: 270100 ns
[2020-03-27T05:00:46.148+0000][1][safepoint    ] Safepoint "RevokeBias", Time since last: 1523900 ns, Reaching safepoint: 132499 ns, At safepoint: 38000 ns, Total: 170499 ns
[2020-03-27T05:00:46.185+0000][1][safepoint    ] Safepoint "BulkRevokeBias", Time since last: 36053483 ns, Reaching safepoint: 100600 ns, At safepoint: 421099 ns, Total: 521699 ns
[2020-03-27T05:00:46.187+0000][1][safepoint    ] Safepoint "RevokeBias", Time since last: 1895800 ns, Reaching safepoint: 81899 ns, At safepoint: 23300 ns, Total: 105199 ns
[2020-03-27T05:00:46.188+0000][1][safepoint    ] Safepoint "RevokeBias", Time since last: 1317600 ns, Reaching safepoint: 66700 ns, At safepoint: 22100 ns, Total: 88800 ns
[2020-03-27T05:00:46.245+0000][1][safepoint    ] Safepoint "RevokeBias", Time since last: 56632872 ns, Reaching safepoint: 90100 ns, At safepoint: 15100 ns, Total: 105200 ns
[2020-03-27T05:00:46.246+0000][1][safepoint    ] Safepoint "RevokeBias", Time since last: 675600 ns, Reaching safepoint: 71100 ns, At safepoint: 13400 ns, Total: 84500 ns
[2020-03-27T05:00:46.291+0000][1][safepoint    ] Safepoint "RevokeBias", Time since last: 44931777 ns, Reaching safepoint: 231600 ns, At safepoint: 19000 ns, Total: 250600 ns
[2020-03-27T05:00:46.300+0000][1][safepoint    ] Safepoint "RevokeBias", Time since last: 8720296 ns, Reaching safepoint: 182600 ns, At safepoint: 24500 ns, Total: 207100 ns
[2020-03-27T05:00:46.301+0000][1][safepoint    ] Safepoint "RevokeBias", Time since last: 585300 ns, Reaching safepoint: 175800 ns, At safepoint: 25200 ns, Total: 201000 ns
[2020-03-27T05:00:46.350+0000][1][safepoint    ] Safepoint "RevokeBias", Time since last: 49507375 ns, Reaching safepoint: 86700 ns, At safepoint: 25800 ns, Total: 112500 ns
[2020-03-27T05:00:46.351+0000][1][safepoint    ] Safepoint "RevokeBias", Time since last: 774900 ns, Reaching safepoint: 137800 ns, At safepoint: 58900 ns, Total: 196700 ns
[2020-03-27T05:00:46.415+0000][1][safepoint    ] Safepoint "RevokeBias", Time since last: 63985268 ns, Reaching safepoint: 88300 ns, At safepoint: 17200 ns, Total: 105500 ns
[2020-03-27T05:00:46.501+0000][1][safepoint    ] Safepoint "RevokeBias", Time since last: 85892258 ns, Reaching safepoint: 191600 ns, At safepoint: 31100 ns, Total: 222700 ns
[2020-03-27T05:00:46.502+0000][1][safepoint    ] Safepoint "RevokeBias", Time since last: 605900 ns, Reaching safepoint: 58800 ns, At safepoint: 26700 ns, Total: 85500 ns
[2020-03-27T05:00:47.504+0000][1][safepoint    ] Safepoint "Cleanup", Time since last: 1001190408 ns, Reaching safepoint: 305399 ns, At safepoint: 103700 ns, Total: 409099 ns
[2020-03-27T05:00:48.472+0000][1][safepoint    ] Safepoint "RevokeBias", Time since last: 967707525 ns, Reaching safepoint: 122800 ns, At safepoint: 29700 ns, Total: 152500 ns
[2020-03-27T05:00:48.473+0000][1][safepoint    ] Safepoint "RevokeBias", Time since last: 1067999 ns, Reaching safepoint: 192700 ns, At safepoint: 26100 ns, Total: 218800 ns
[2020-03-27T05:00:48.481+0000][1][safepoint    ] Safepoint "RevokeBias", Time since last: 7589796 ns, Reaching safepoint: 100300 ns, At safepoint: 24700 ns, Total: 125000 ns
[2020-03-27T05:00:48.502+0000][1][safepoint    ] Safepoint "RevokeBias", Time since last: 21125790 ns, Reaching safepoint: 220200 ns, At safepoint: 62500 ns, Total: 282700 ns
[2020-03-27T05:00:48.505+0000][1][safepoint    ] Safepoint "RevokeBias", Time since last: 2695798 ns, Reaching safepoint: 134400 ns, At safepoint: 35400 ns, Total: 169800 ns
[2020-03-27T05:00:48.591+0000][1][safepoint    ] Safepoint "RevokeBias", Time since last: 85528858 ns, Reaching safepoint: 127000 ns, At safepoint: 27300 ns, Total: 154300 ns
[2020-03-27T05:00:48.592+0000][1][safepoint    ] Safepoint "RevokeBias", Time since last: 1780399 ns, Reaching safepoint: 83000 ns, At safepoint: 23100 ns, Total: 106100 ns
[2020-03-27T05:00:48.593+0000][1][safepoint    ] Safepoint "RevokeBias", Time since last: 846900 ns, Reaching safepoint: 129600 ns, At safepoint: 12900 ns, Total: 142500 ns
[2020-03-27T05:00:48.606+0000][1][safepoint    ] Safepoint "RevokeBias", Time since last: 12227094 ns, Reaching safepoint: 209100 ns, At safepoint: 17800 ns, Total: 226900 ns
[2020-03-27T05:00:48.768+0000][1][gc,start     ] GC(25) Pause Young (Allocation Failure)
[2020-03-27T05:00:48.769+0000][1][gc,task      ] GC(25) Using 2 workers of 2 for evacuation
[2020-03-27T05:00:48.775+0000][1][gc,age       ] GC(25) Desired survivor size 8716288 bytes, new threshold 1 (max threshold 6)
[2020-03-27T05:00:48.775+0000][1][gc,age       ] GC(25) Age table with threshold 1 (max threshold 6)
[2020-03-27T05:00:48.776+0000][1][gc,age       ] GC(25) - age   1:    9288368 bytes,    9288368 total
[2020-03-27T05:00:48.776+0000][1][gc,age       ] GC(25) - age   2:    1558384 bytes,   10846752 total
[2020-03-27T05:00:48.776+0000][1][gc,heap      ] GC(25) ParNew: 147574K->12347K(153344K)
[2020-03-27T05:00:48.777+0000][1][gc,heap      ] GC(25) CMS: 83751K->83751K(353920K)
[2020-03-27T05:00:48.777+0000][1][gc,metaspace ] GC(25) Metaspace: 92255K->92255K(1134592K)
[2020-03-27T05:00:48.777+0000][1][gc           ] GC(25) Pause Young (Allocation Failure) 225M->93M(495M) 9.101ms
[2020-03-27T05:00:48.778+0000][1][gc,cpu       ] GC(25) User=0.02s Sys=0.00s Real=0.01s
[2020-03-27T05:00:48.778+0000][1][safepoint    ] Safepoint "GenCollectForAllocation", Time since last: 162065420 ns, Reaching safepoint: 342100 ns, At safepoint: 9809195 ns, Total: 10151295 ns
[2020-03-27T05:00:48.816+0000][1][safepoint    ] Safepoint "RevokeBias", Time since last: 38067581 ns, Reaching safepoint: 263800 ns, At safepoint: 24800 ns, Total: 288600 ns
[2020-03-27T05:00:48.818+0000][1][safepoint    ] Safepoint "RevokeBias", Time since last: 1014200 ns, Reaching safepoint: 96900 ns, At safepoint: 24800 ns, Total: 121700 ns
[2020-03-27T05:00:48.819+0000][1][safepoint    ] Safepoint "RevokeBias", Time since last: 990399 ns, Reaching safepoint: 79000 ns, At safepoint: 21400 ns, Total: 100400 ns
[2020-03-27T05:00:48.823+0000][1][safepoint    ] Safepoint "RevokeBias", Time since last: 3952498 ns, Reaching safepoint: 128500 ns, At safepoint: 14100 ns, Total: 142600 ns
[2020-03-27T05:00:48.901+0000][1][safepoint    ] Safepoint "RevokeBias", Time since last: 77907862 ns, Reaching safepoint: 98400 ns, At safepoint: 15300 ns, Total: 113700 ns
[2020-03-27T05:00:49.902+0000][1][safepoint    ] Safepoint "Cleanup", Time since last: 1001031122 ns, Reaching safepoint: 83899 ns, At safepoint: 19600 ns, Total: 103499 ns
[2020-03-27T05:00:50.903+0000][1][safepoint    ] Safepoint "Cleanup", Time since last: 1000771925 ns, Reaching safepoint: 92200 ns, At safepoint: 16400 ns, Total: 108600 ns
[2020-03-27T05:00:51.053+0000][1][safepoint    ] Safepoint "RevokeBias", Time since last: 149859129 ns, Reaching safepoint: 97000 ns, At safepoint: 15700 ns, Total: 112700 ns
[2020-03-27T05:00:51.983+0000][1][safepoint    ] Safepoint "RevokeBias", Time since last: 930430458 ns, Reaching safepoint: 133600 ns, At safepoint: 14700 ns, Total: 148300 ns
[2020-03-27T05:00:51.984+0000][1][safepoint    ] Safepoint "RevokeBias", Time since last: 544100 ns, Reaching safepoint: 62400 ns, At safepoint: 23300 ns, Total: 85700 ns
[2020-03-27T05:00:51.986+0000][1][safepoint    ] Safepoint "RevokeBias", Time since last: 1646399 ns, Reaching safepoint: 66400 ns, At safepoint: 19400 ns, Total: 85800 ns
[2020-03-27T05:00:51.987+0000][1][safepoint    ] Safepoint "RevokeBias", Time since last: 1163500 ns, Reaching safepoint: 67099 ns, At safepoint: 30900 ns, Total: 97999 ns
[2020-03-27T05:00:52.036+0000][1][safepoint    ] Safepoint "RevokeBias", Time since last: 48581277 ns, Reaching safepoint: 79000 ns, At safepoint: 26400 ns, Total: 105400 ns
[2020-03-27T05:00:53.044+0000][1][safepoint    ] Safepoint "Cleanup", Time since last: 1008242722 ns, Reaching safepoint: 222000 ns, At safepoint: 57200 ns, Total: 279200 ns
[2020-03-27T05:00:54.046+0000][1][safepoint    ] Safepoint "Cleanup", Time since last: 1001731924 ns, Reaching safepoint: 251800 ns, At safepoint: 163500 ns, Total: 415300 ns
[2020-03-27T05:00:55.049+0000][1][safepoint    ] Safepoint "Cleanup", Time since last: 1002144424 ns, Reaching safepoint: 556600 ns, At safepoint: 31000 ns, Total: 587600 ns
[2020-03-27T05:00:56.051+0000][1][safepoint    ] Safepoint "Cleanup", Time since last: 1001944824 ns, Reaching safepoint: 90500 ns, At safepoint: 20800 ns, Total: 111300 ns
[2020-03-27T05:00:57.052+0000][1][safepoint    ] Safepoint "Cleanup", Time since last: 1000989425 ns, Reaching safepoint: 272399 ns, At safepoint: 81500 ns, Total: 353899 ns
[2020-03-27T05:00:58.055+0000][1][safepoint    ] Safepoint "Cleanup", Time since last: 1002339430 ns, Reaching safepoint: 252800 ns, At safepoint: 85400 ns, Total: 338200 ns
[2020-03-27T05:00:58.471+0000][1][safepoint    ] Safepoint "RevokeBias", Time since last: 415577849 ns, Reaching safepoint: 167800 ns, At safepoint: 25000 ns, Total: 192800 ns
[2020-03-27T05:00:58.473+0000][1][safepoint    ] Safepoint "RevokeBias", Time since last: 1611199 ns, Reaching safepoint: 99100 ns, At safepoint: 19400 ns, Total: 118500 ns
[2020-03-27T05:00:58.515+0000][1][safepoint    ] Safepoint "RevokeBias", Time since last: 41770985 ns, Reaching safepoint: 155700 ns, At safepoint: 18700 ns, Total: 174400 ns
[2020-03-27T05:00:58.975+0000][1][safepoint    ] Safepoint "RevokeBias", Time since last: 460034532 ns, Reaching safepoint: 111000 ns, At safepoint: 25000 ns, Total: 136000 ns
[2020-03-27T05:00:58.976+0000][1][safepoint    ] Safepoint "RevokeBias", Time since last: 1103299 ns, Reaching safepoint: 79200 ns, At safepoint: 23600 ns, Total: 102800 ns
[2020-03-27T05:00:58.977+0000][1][safepoint    ] Safepoint "RevokeBias", Time since last: 1011600 ns, Reaching safepoint: 73100 ns, At safepoint: 13900 ns, Total: 87000 ns
[2020-03-27T05:00:58.978+0000][1][safepoint    ] Safepoint "RevokeBias", Time since last: 861000 ns, Reaching safepoint: 58300 ns, At safepoint: 13900 ns, Total: 72200 ns
[2020-03-27T05:00:59.031+0000][1][safepoint    ] Safepoint "RevokeBias", Time since last: 52616280 ns, Reaching safepoint: 103900 ns, At safepoint: 17000 ns, Total: 120900 ns
[2020-03-27T05:00:59.068+0000][1][gc,start     ] GC(26) Pause Young (Allocation Failure)
[2020-03-27T05:00:59.068+0000][1][gc,task      ] GC(26) Using 2 workers of 2 for evacuation
[2020-03-27T05:00:59.113+0000][1][gc,age       ] GC(26) Desired survivor size 8716288 bytes, new threshold 6 (max threshold 6)
[2020-03-27T05:00:59.113+0000][1][gc,age       ] GC(26) Age table with threshold 6 (max threshold 6)
[2020-03-27T05:00:59.114+0000][1][gc,age       ] GC(26) - age   1:     687464 bytes,     687464 total
[2020-03-27T05:00:59.114+0000][1][gc,heap      ] GC(26) ParNew: 148667K->8826K(153344K)
[2020-03-27T05:00:59.115+0000][1][gc,heap      ] GC(26) CMS: 83751K->87024K(353920K)
[2020-03-27T05:00:59.116+0000][1][gc,metaspace ] GC(26) Metaspace: 92426K->92426K(1134592K)
[2020-03-27T05:00:59.116+0000][1][gc           ] GC(26) Pause Young (Allocation Failure) 226M->93M(495M) 48.661ms
[2020-03-27T05:00:59.117+0000][1][gc,cpu       ] GC(26) User=0.01s Sys=0.01s Real=0.05s
[2020-03-27T05:00:59.117+0000][1][safepoint    ] Safepoint "GenCollectForAllocation", Time since last: 36622687 ns, Reaching safepoint: 112700 ns, At safepoint: 49869382 ns, Total: 49982082 ns
[2020-03-27T05:01:00.119+0000][1][safepoint    ] Safepoint "Cleanup", Time since last: 1000768635 ns, Reaching safepoint: 292800 ns, At safepoint: 85000 ns, Total: 377800 ns
[2020-03-27T05:01:01.051+0000][1][safepoint    ] Safepoint "RevokeBias", Time since last: 929667461 ns, Reaching safepoint: 2588199 ns, At safepoint: 22400 ns, Total: 2610599 ns
[2020-03-27T05:01:01.188+0000][1][safepoint    ] Safepoint "RevokeBias", Time since last: 136551550 ns, Reaching safepoint: 208000 ns, At safepoint: 46400 ns, Total: 254400 ns
[2020-03-27T05:01:01.188+0000][1][safepoint    ] Safepoint "RevokeBias", Time since last: 593000 ns, Reaching safepoint: 107100 ns, At safepoint: 13400 ns, Total: 120500 ns
[2020-03-27T05:01:01.190+0000][1][safepoint    ] Safepoint "RevokeBias", Time since last: 1260799 ns, Reaching safepoint: 81100 ns, At safepoint: 22600 ns, Total: 103700 ns
[2020-03-27T05:01:01.191+0000][1][safepoint    ] Safepoint "RevokeBias", Time since last: 1010700 ns, Reaching safepoint: 50200 ns, At safepoint: 21500 ns, Total: 71700 ns
[2020-03-27T05:01:01.235+0000][1][safepoint    ] Safepoint "RevokeBias", Time since last: 44226484 ns, Reaching safepoint: 125900 ns, At safepoint: 28600 ns, Total: 154500 ns
[2020-03-27T05:01:02.236+0000][1][safepoint    ] Safepoint "Cleanup", Time since last: 1000834835 ns, Reaching safepoint: 270800 ns, At safepoint: 83000 ns, Total: 353800 ns
[2020-03-27T05:01:03.239+0000][1][safepoint    ] Safepoint "Cleanup", Time since last: 1002466534 ns, Reaching safepoint: 317200 ns, At safepoint: 88100 ns, Total: 405300 ns
[2020-03-27T05:01:04.242+0000][1][safepoint    ] Safepoint "Cleanup", Time since last: 1002213835 ns, Reaching safepoint: 446499 ns, At safepoint: 83500 ns, Total: 529999 ns
[2020-03-27T05:01:05.245+0000][1][safepoint    ] Safepoint "Cleanup", Time since last: 1002397647 ns, Reaching safepoint: 275800 ns, At safepoint: 63300 ns, Total: 339100 ns
[2020-03-27T05:01:06.246+0000][1][safepoint    ] Safepoint "Cleanup", Time since last: 1001716122 ns, Reaching safepoint: 105700 ns, At safepoint: 6400 ns, Total: 112100 ns
[2020-03-27T05:01:07.248+0000][1][safepoint    ] Safepoint "Cleanup", Time since last: 1000989623 ns, Reaching safepoint: 150800 ns, At safepoint: 26400 ns, Total: 177200 ns
[2020-03-27T05:01:08.249+0000][1][safepoint    ] Safepoint "Cleanup", Time since last: 1000936722 ns, Reaching safepoint: 317800 ns, At safepoint: 21400 ns, Total: 339200 ns
[2020-03-27T05:01:08.490+0000][1][safepoint    ] Safepoint "RevokeBias", Time since last: 240710734 ns, Reaching safepoint: 84000 ns, At safepoint: 28200 ns, Total: 112200 ns
[2020-03-27T05:01:08.506+0000][1][safepoint    ] Safepoint "RevokeBias", Time since last: 15823195 ns, Reaching safepoint: 85800 ns, At safepoint: 24400 ns, Total: 110200 ns
[2020-03-27T05:01:08.541+0000][1][safepoint    ] Safepoint "RevokeBias", Time since last: 35304690 ns, Reaching safepoint: 176900 ns, At safepoint: 27200 ns, Total: 204100 ns
[2020-03-27T05:01:09.192+0000][1][safepoint    ] Safepoint "RevokeBias", Time since last: 650919620 ns, Reaching safepoint: 121300 ns, At safepoint: 17700 ns, Total: 139000 ns
[2020-03-27T05:01:09.193+0000][1][safepoint    ] Safepoint "RevokeBias", Time since last: 919600 ns, Reaching safepoint: 100200 ns, At safepoint: 25300 ns, Total: 125500 ns
[2020-03-27T05:01:09.195+0000][1][safepoint    ] Safepoint "RevokeBias", Time since last: 1366799 ns, Reaching safepoint: 88100 ns, At safepoint: 16400 ns, Total: 104500 ns
[2020-03-27T05:01:09.196+0000][1][safepoint    ] Safepoint "RevokeBias", Time since last: 1126500 ns, Reaching safepoint: 78900 ns, At safepoint: 16700 ns, Total: 95600 ns
[2020-03-27T05:01:09.243+0000][1][safepoint    ] Safepoint "RevokeBias", Time since last: 46715287 ns, Reaching safepoint: 210800 ns, At safepoint: 17600 ns, Total: 228400 ns
[2020-03-27T05:01:10.244+0000][1][safepoint    ] Safepoint "Cleanup", Time since last: 1000760623 ns, Reaching safepoint: 110300 ns, At safepoint: 21100 ns, Total: 131400 ns
[2020-03-27T05:01:11.081+0000][1][gc,start     ] GC(27) Pause Young (Allocation Failure)
[2020-03-27T05:01:11.082+0000][1][gc,task      ] GC(27) Using 2 workers of 2 for evacuation
[2020-03-27T05:01:11.086+0000][1][gc,age       ] GC(27) Desired survivor size 8716288 bytes, new threshold 6 (max threshold 6)
[2020-03-27T05:01:11.087+0000][1][gc,age       ] GC(27) Age table with threshold 6 (max threshold 6)
[2020-03-27T05:01:11.087+0000][1][gc,age       ] GC(27) - age   1:    1179496 bytes,    1179496 total
[2020-03-27T05:01:11.087+0000][1][gc,age       ] GC(27) - age   2:     556800 bytes,    1736296 total
[2020-03-27T05:01:11.088+0000][1][gc,heap      ] GC(27) ParNew: 145146K->2332K(153344K)
[2020-03-27T05:01:11.088+0000][1][gc,heap      ] GC(27) CMS: 87024K->87024K(353920K)
[2020-03-27T05:01:11.088+0000][1][gc,metaspace ] GC(27) Metaspace: 92553K->92553K(1134592K)
[2020-03-27T05:01:11.089+0000][1][gc           ] GC(27) Pause Young (Allocation Failure) 226M->87M(495M) 7.781ms
[2020-03-27T05:01:11.089+0000][1][gc,cpu       ] GC(27) User=0.00s Sys=0.01s Real=0.01s
[2020-03-27T05:01:11.090+0000][1][safepoint    ] Safepoint "GenCollectForAllocation", Time since last: 836855968 ns, Reaching safepoint: 300500 ns, At safepoint: 8742497 ns, Total: 9042997 ns
[2020-03-27T05:01:11.098+0000][1][safepoint    ] Safepoint "RevokeBias", Time since last: 7796198 ns, Reaching safepoint: 303000 ns, At safepoint: 177800 ns, Total: 480800 ns
[2020-03-27T05:01:11.342+0000][1][safepoint    ] Safepoint "RevokeBias", Time since last: 243515533 ns, Reaching safepoint: 283199 ns, At safepoint: 27700 ns, Total: 310899 ns
[2020-03-27T05:01:11.343+0000][1][safepoint    ] Safepoint "RevokeBias", Time since last: 645100 ns, Reaching safepoint: 108100 ns, At safepoint: 13200 ns, Total: 121300 ns
[2020-03-27T05:01:11.344+0000][1][safepoint    ] Safepoint "RevokeBias", Time since last: 1474900 ns, Reaching safepoint: 52800 ns, At safepoint: 22500 ns, Total: 75300 ns
[2020-03-27T05:01:11.345+0000][1][safepoint    ] Safepoint "RevokeBias", Time since last: 979100 ns, Reaching safepoint: 138000 ns, At safepoint: 12400 ns, Total: 150400 ns
[2020-03-27T05:01:11.392+0000][1][safepoint    ] Safepoint "RevokeBias", Time since last: 46875087 ns, Reaching safepoint: 136799 ns, At safepoint: 27300 ns, Total: 164099 ns
[2020-03-27T05:01:12.393+0000][1][safepoint    ] Safepoint "Cleanup", Time since last: 1000950323 ns, Reaching safepoint: 106200 ns, At safepoint: 19700 ns, Total: 125900 ns
[2020-03-27T05:01:13.395+0000][1][safepoint    ] Safepoint "Cleanup", Time since last: 1001199031 ns, Reaching safepoint: 264300 ns, At safepoint: 82200 ns, Total: 346500 ns
[2020-03-27T05:01:14.398+0000][1][safepoint    ] Safepoint "Cleanup", Time since last: 1002210453 ns, Reaching safepoint: 327600 ns, At safepoint: 217000 ns, Total: 544600 ns
[2020-03-27T05:01:15.143+0000][1][safepoint    ] Safepoint "RevokeBias", Time since last: 744553917 ns, Reaching safepoint: 175200 ns, At safepoint: 143800 ns, Total: 319000 ns
[2020-03-27T05:01:16.144+0000][1][safepoint    ] Safepoint "Cleanup", Time since last: 1001511453 ns, Reaching safepoint: 125900 ns, At safepoint: 42500 ns, Total: 168400 ns
[2020-03-27T05:01:17.145+0000][1][safepoint    ] Safepoint "Cleanup", Time since last: 1000968554 ns, Reaching safepoint: 163200 ns, At safepoint: 17400 ns, Total: 180600 ns
[2020-03-27T05:01:18.147+0000][1][safepoint    ] Safepoint "Cleanup", Time since last: 1001169254 ns, Reaching safepoint: 410600 ns, At safepoint: 39599 ns, Total: 450199 ns
[2020-03-27T05:01:18.490+0000][1][safepoint    ] Safepoint "RevokeBias", Time since last: 342222516 ns, Reaching safepoint: 212800 ns, At safepoint: 126600 ns, Total: 339400 ns
[2020-03-27T05:01:18.492+0000][1][safepoint    ] Safepoint "RevokeBias", Time since last: 2665000 ns, Reaching safepoint: 149999 ns, At safepoint: 55600 ns, Total: 205599 ns
[2020-03-27T05:01:18.563+0000][1][safepoint    ] Safepoint "RevokeBias", Time since last: 70310483 ns, Reaching safepoint: 98000 ns, At safepoint: 26700 ns, Total: 124700 ns
[2020-03-27T05:01:19.564+0000][1][safepoint    ] Safepoint "Cleanup", Time since last: 1000605554 ns, Reaching safepoint: 128300 ns, At safepoint: 17200 ns, Total: 145500 ns
[2020-03-27T05:01:20.565+0000][1][safepoint    ] Safepoint "Cleanup", Time since last: 1000741254 ns, Reaching safepoint: 118500 ns, At safepoint: 56100 ns, Total: 174600 ns
[2020-03-27T05:01:21.069+0000][1][safepoint    ] Safepoint "RevokeBias", Time since last: 504156775 ns, Reaching safepoint: 278200 ns, At safepoint: 263000 ns, Total: 541200 ns
[2020-03-27T05:01:22.070+0000][1][safepoint    ] Safepoint "Cleanup", Time since last: 1000847436 ns, Reaching safepoint: 277500 ns, At safepoint: 93200 ns, Total: 370700 ns
[2020-03-27T05:01:23.072+0000][1][safepoint    ] Safepoint "Cleanup", Time since last: 1001882857 ns, Reaching safepoint: 102300 ns, At safepoint: 16600 ns, Total: 118900 ns
[2020-03-27T05:01:24.074+0000][1][safepoint    ] Safepoint "Cleanup", Time since last: 1000799856 ns, Reaching safepoint: 343400 ns, At safepoint: 65000 ns, Total: 408400 ns
[2020-03-27T05:01:25.075+0000][1][safepoint    ] Safepoint "Cleanup", Time since last: 1001548957 ns, Reaching safepoint: 84300 ns, At safepoint: 18800 ns, Total: 103100 ns
[2020-03-27T05:01:26.076+0000][1][safepoint    ] Safepoint "Cleanup", Time since last: 1000736156 ns, Reaching safepoint: 273700 ns, At safepoint: 87200 ns, Total: 360900 ns
[2020-03-27T05:01:27.079+0000][1][safepoint    ] Safepoint "Cleanup", Time since last: 1002295157 ns, Reaching safepoint: 124200 ns, At safepoint: 30500 ns, Total: 154700 ns
[2020-03-27T05:01:28.080+0000][1][safepoint    ] Safepoint "Cleanup", Time since last: 1001023257 ns, Reaching safepoint: 90100 ns, At safepoint: 22000 ns, Total: 112100 ns
[2020-03-27T05:01:28.524+0000][1][safepoint    ] Safepoint "RevokeBias", Time since last: 443908125 ns, Reaching safepoint: 93800 ns, At safepoint: 26100 ns, Total: 119900 ns
[2020-03-27T05:01:29.525+0000][1][safepoint    ] Safepoint "Cleanup", Time since last: 1000687478 ns, Reaching safepoint: 97100 ns, At safepoint: 15900 ns, Total: 113000 ns
[2020-03-27T05:01:30.526+0000][1][safepoint    ] Safepoint "Cleanup", Time since last: 1000623984 ns, Reaching safepoint: 107200 ns, At safepoint: 15700 ns, Total: 122900 ns
[2020-03-27T05:01:31.071+0000][1][safepoint    ] Safepoint "RevokeBias", Time since last: 544822109 ns, Reaching safepoint: 419100 ns, At safepoint: 190000 ns, Total: 609100 ns
[2020-03-27T05:01:32.072+0000][1][safepoint    ] Safepoint "Cleanup", Time since last: 1000625184 ns, Reaching safepoint: 326700 ns, At safepoint: 94700 ns, Total: 421400 ns
[2020-03-27T05:01:33.074+0000][1][safepoint    ] Safepoint "Cleanup", Time since last: 1001889884 ns, Reaching safepoint: 119300 ns, At safepoint: 29500 ns, Total: 148800 ns
[2020-03-27T05:01:34.075+0000][1][safepoint    ] Safepoint "Cleanup", Time since last: 1000799084 ns, Reaching safepoint: 288200 ns, At safepoint: 80900 ns, Total: 369100 ns
[2020-03-27T05:01:34.618+0000][1][safepoint    ] Safepoint "RevokeBias", Time since last: 542600908 ns, Reaching safepoint: 87100 ns, At safepoint: 28100 ns, Total: 115200 ns
[2020-03-27T05:01:34.619+0000][1][safepoint    ] Safepoint "RevokeBias", Time since last: 1169800 ns, Reaching safepoint: 157800 ns, At safepoint: 17000 ns, Total: 174800 ns
[2020-03-27T05:01:34.693+0000][1][safepoint    ] Safepoint "RevokeBias", Time since last: 73298629 ns, Reaching safepoint: 120200 ns, At safepoint: 16600 ns, Total: 136800 ns
[2020-03-27T05:01:34.694+0000][1][safepoint    ] Safepoint "RevokeBias", Time since last: 770500 ns, Reaching safepoint: 100100 ns, At safepoint: 33700 ns, Total: 133800 ns
[2020-03-27T05:01:35.694+0000][1][safepoint    ] Safepoint "Cleanup", Time since last: 1000517884 ns, Reaching safepoint: 130200 ns, At safepoint: 15600 ns, Total: 145800 ns
[2020-03-27T05:01:36.695+0000][1][safepoint    ] Safepoint "Cleanup", Time since last: 1000678483 ns, Reaching safepoint: 116200 ns, At safepoint: 26600 ns, Total: 142800 ns
[2020-03-27T05:01:37.696+0000][1][safepoint    ] Safepoint "Cleanup", Time since last: 1000721641 ns, Reaching safepoint: 122901 ns, At safepoint: 15700 ns, Total: 138601 ns
[2020-03-27T05:01:38.541+0000][1][safepoint    ] Safepoint "RevokeBias", Time since last: 845200655 ns, Reaching safepoint: 191601 ns, At safepoint: 15200 ns, Total: 206801 ns
[2020-03-27T05:01:39.543+0000][1][safepoint    ] Safepoint "Cleanup", Time since last: 1000832203 ns, Reaching safepoint: 247800 ns, At safepoint: 127000 ns, Total: 374800 ns
[2020-03-27T05:01:40.545+0000][1][safepoint    ] Safepoint "Cleanup", Time since last: 1001704103 ns, Reaching safepoint: 455500 ns, At safepoint: 74300 ns, Total: 529800 ns
[2020-03-27T05:01:41.097+0000][1][safepoint    ] Safepoint "RevokeBias", Time since last: 551887767 ns, Reaching safepoint: 226400 ns, At safepoint: 30400 ns, Total: 256800 ns
[2020-03-27T05:01:42.098+0000][1][safepoint    ] Safepoint "Cleanup", Time since last: 1000577203 ns, Reaching safepoint: 91500 ns, At safepoint: 8800 ns, Total: 100300 ns
[2020-03-27T05:01:42.930+0000][1][safepoint    ] Safepoint "RevokeBias", Time since last: 831693052 ns, Reaching safepoint: 248000 ns, At safepoint: 33100 ns, Total: 281100 ns
[2020-03-27T05:01:42.931+0000][1][safepoint    ] Safepoint "RevokeBias", Time since last: 640301 ns, Reaching safepoint: 465500 ns, At safepoint: 21300 ns, Total: 486800 ns
[2020-03-27T05:01:42.932+0000][1][safepoint    ] Safepoint "RevokeBias", Time since last: 620100 ns, Reaching safepoint: 443200 ns, At safepoint: 37500 ns, Total: 480700 ns
[2020-03-27T05:01:42.934+0000][1][safepoint    ] Safepoint "RevokeBias", Time since last: 2292201 ns, Reaching safepoint: 174100 ns, At safepoint: 45400 ns, Total: 219500 ns
[2020-03-27T05:01:42.936+0000][1][safepoint    ] Safepoint "BulkRevokeBias", Time since last: 486700 ns, Reaching safepoint: 225100 ns, At safepoint: 695100 ns, Total: 920200 ns
[2020-03-27T05:01:42.940+0000][1][safepoint    ] Safepoint "RevokeBias", Time since last: 3783101 ns, Reaching safepoint: 319000 ns, At safepoint: 33400 ns, Total: 352400 ns
[2020-03-27T05:01:42.941+0000][1][safepoint    ] Safepoint "RevokeBias", Time since last: 861201 ns, Reaching safepoint: 341200 ns, At safepoint: 34600 ns, Total: 375800 ns
[2020-03-27T05:01:42.944+0000][1][safepoint    ] Safepoint "RevokeBias", Time since last: 2280901 ns, Reaching safepoint: 249500 ns, At safepoint: 35700 ns, Total: 285200 ns
[2020-03-27T05:01:43.947+0000][1][safepoint    ] Safepoint "Cleanup", Time since last: 1003031703 ns, Reaching safepoint: 338400 ns, At safepoint: 94700 ns, Total: 433100 ns
[2020-03-27T05:01:44.386+0000][1][safepoint    ] Safepoint "RevokeBias", Time since last: 438246533 ns, Reaching safepoint: 141800 ns, At safepoint: 27700 ns, Total: 169500 ns
[2020-03-27T05:01:44.419+0000][1][gc,start     ] GC(28) Pause Young (Allocation Failure)
[2020-03-27T05:01:44.419+0000][1][gc,task      ] GC(28) Using 2 workers of 2 for evacuation
[2020-03-27T05:01:44.439+0000][1][gc,age       ] GC(28) Desired survivor size 8716288 bytes, new threshold 1 (max threshold 6)
[2020-03-27T05:01:44.440+0000][1][gc,age       ] GC(28) Age table with threshold 1 (max threshold 6)
[2020-03-27T05:01:44.440+0000][1][gc,age       ] GC(28) - age   1:   13957800 bytes,   13957800 total
[2020-03-27T05:01:44.441+0000][1][gc,age       ] GC(28) - age   2:    1031056 bytes,   14988856 total
[2020-03-27T05:01:44.441+0000][1][gc,age       ] GC(28) - age   3:     556160 bytes,   15545016 total
[2020-03-27T05:01:44.442+0000][1][gc,heap      ] GC(28) ParNew: 138652K->16693K(153344K)
[2020-03-27T05:01:44.442+0000][1][gc,heap      ] GC(28) CMS: 87024K->87024K(353920K)
[2020-03-27T05:01:44.443+0000][1][gc,metaspace ] GC(28) Metaspace: 93005K->93005K(1134592K)
[2020-03-27T05:01:44.443+0000][1][gc           ] GC(28) Pause Young (Allocation Failure) 220M->101M(495M) 24.384ms
[2020-03-27T05:01:44.443+0000][1][gc,cpu       ] GC(28) User=0.02s Sys=0.00s Real=0.02s
[2020-03-27T05:01:44.444+0000][1][safepoint    ] Safepoint "GenCollectForAllocation", Time since last: 32553810 ns, Reaching safepoint: 396400 ns, At safepoint: 25163708 ns, Total: 25560108 ns
[2020-03-27T05:01:44.476+0000][1][safepoint    ] Safepoint "RevokeBias", Time since last: 31738309 ns, Reaching safepoint: 254800 ns, At safepoint: 35101 ns, Total: 289901 ns
[2020-03-27T05:01:44.477+0000][1][safepoint    ] Safepoint "RevokeBias", Time since last: 841800 ns, Reaching safepoint: 184300 ns, At safepoint: 14300 ns, Total: 198600 ns
[2020-03-27T05:01:44.478+0000][1][safepoint    ] Safepoint "RevokeBias", Time since last: 1230400 ns, Reaching safepoint: 68600 ns, At safepoint: 13100 ns, Total: 81700 ns
[2020-03-27T05:01:44.485+0000][1][safepoint    ] Safepoint "RevokeBias", Time since last: 6664602 ns, Reaching safepoint: 99900 ns, At safepoint: 28000 ns, Total: 127900 ns
[2020-03-27T05:01:44.534+0000][1][safepoint    ] Safepoint "BulkRevokeBias", Time since last: 48129715 ns, Reaching safepoint: 137500 ns, At safepoint: 527500 ns, Total: 665000 ns
[2020-03-27T05:01:44.568+0000][1][safepoint    ] Safepoint "RevokeBias", Time since last: 33676210 ns, Reaching safepoint: 200400 ns, At safepoint: 35500 ns, Total: 235900 ns
[2020-03-27T05:01:44.574+0000][1][safepoint    ] Safepoint "RevokeBias", Time since last: 5917602 ns, Reaching safepoint: 116300 ns, At safepoint: 42500 ns, Total: 158800 ns
[2020-03-27T05:01:44.577+0000][1][safepoint    ] Safepoint "RevokeBias", Time since last: 2744001 ns, Reaching safepoint: 212100 ns, At safepoint: 129300 ns, Total: 341400 ns
[2020-03-27T05:01:44.579+0000][1][safepoint    ] Safepoint "RevokeBias", Time since last: 1713001 ns, Reaching safepoint: 437300 ns, At safepoint: 42700 ns, Total: 480000 ns
[2020-03-27T05:01:44.581+0000][1][safepoint    ] Safepoint "RevokeBias", Time since last: 953300 ns, Reaching safepoint: 983100 ns, At safepoint: 64300 ns, Total: 1047400 ns
[2020-03-27T05:01:44.620+0000][1][safepoint    ] Safepoint "RevokeBias", Time since last: 38952012 ns, Reaching safepoint: 258900 ns, At safepoint: 40500 ns, Total: 299400 ns
[2020-03-27T05:01:44.621+0000][1][safepoint    ] Safepoint "RevokeBias", Time since last: 534500 ns, Reaching safepoint: 402701 ns, At safepoint: 38700 ns, Total: 441401 ns
[2020-03-27T05:01:44.623+0000][1][safepoint    ] Safepoint "RevokeBias", Time since last: 1218200 ns, Reaching safepoint: 420700 ns, At safepoint: 15800 ns, Total: 436500 ns
[2020-03-27T05:01:44.624+0000][1][safepoint    ] Safepoint "RevokeBias", Time since last: 1163100 ns, Reaching safepoint: 360001 ns, At safepoint: 33000 ns, Total: 393001 ns
[2020-03-27T05:01:45.361+0000][1][gc,start     ] GC(29) Pause Young (Allocation Failure)
[2020-03-27T05:01:45.361+0000][1][gc,task      ] GC(29) Using 2 workers of 2 for evacuation
[2020-03-27T05:01:45.430+0000][1][gc,age       ] GC(29) Desired survivor size 8716288 bytes, new threshold 6 (max threshold 6)
[2020-03-27T05:01:45.431+0000][1][gc,age       ] GC(29) Age table with threshold 6 (max threshold 6)
[2020-03-27T05:01:45.432+0000][1][gc,age       ] GC(29) - age   1:    1365824 bytes,    1365824 total
[2020-03-27T05:01:45.432+0000][1][gc,heap      ] GC(29) ParNew: 153013K->11825K(153344K)
[2020-03-27T05:01:45.432+0000][1][gc,heap      ] GC(29) CMS: 87024K->94041K(353920K)
[2020-03-27T05:01:45.433+0000][1][gc,metaspace ] GC(29) Metaspace: 93113K->93113K(1134592K)
[2020-03-27T05:01:45.433+0000][1][gc           ] GC(29) Pause Young (Allocation Failure) 234M->103M(495M) 72.527ms
[2020-03-27T05:01:45.434+0000][1][gc,cpu       ] GC(29) User=0.02s Sys=0.01s Real=0.07s
[2020-03-27T05:01:45.434+0000][1][safepoint    ] Safepoint "GenCollectForAllocation", Time since last: 736180140 ns, Reaching safepoint: 213900 ns, At safepoint: 73454588 ns, Total: 73668488 ns
[2020-03-27T05:01:45.444+0000][1][safepoint    ] Safepoint "RevokeBias", Time since last: 9547498 ns, Reaching safepoint: 210500 ns, At safepoint: 26600 ns, Total: 237100 ns
[2020-03-27T05:01:45.445+0000][1][safepoint    ] Safepoint "RevokeBias", Time since last: 672800 ns, Reaching safepoint: 146700 ns, At safepoint: 12500 ns, Total: 159200 ns
[2020-03-27T05:01:45.446+0000][1][safepoint    ] Safepoint "RevokeBias", Time since last: 906000 ns, Reaching safepoint: 91900 ns, At safepoint: 11300 ns, Total: 103200 ns
[2020-03-27T05:01:45.447+0000][1][safepoint    ] Safepoint "RevokeBias", Time since last: 840900 ns, Reaching safepoint: 68900 ns, At safepoint: 10000 ns, Total: 78900 ns
[2020-03-27T05:01:45.448+0000][1][safepoint    ] Safepoint "RevokeBias", Time since last: 795000 ns, Reaching safepoint: 236700 ns, At safepoint: 11000 ns, Total: 247700 ns
[2020-03-27T05:01:45.608+0000][1][safepoint    ] Safepoint "RevokeBias", Time since last: 159511373 ns, Reaching safepoint: 557700 ns, At safepoint: 56900 ns, Total: 614600 ns
[2020-03-27T05:01:45.613+0000][1][safepoint    ] Safepoint "BulkRevokeBias", Time since last: 4260500 ns, Reaching safepoint: 221100 ns, At safepoint: 664699 ns, Total: 885799 ns
[2020-03-27T05:01:45.615+0000][1][safepoint    ] Safepoint "RevokeBias", Time since last: 1191100 ns, Reaching safepoint: 212700 ns, At safepoint: 37000 ns, Total: 249700 ns
[2020-03-27T05:01:45.619+0000][1][safepoint    ] Safepoint "RevokeBias", Time since last: 4339300 ns, Reaching safepoint: 350099 ns, At safepoint: 66600 ns, Total: 416699 ns
[2020-03-27T05:01:45.624+0000][1][safepoint    ] Safepoint "RevokeBias", Time since last: 4468000 ns, Reaching safepoint: 250600 ns, At safepoint: 56600 ns, Total: 307200 ns
[2020-03-27T05:01:45.629+0000][1][safepoint    ] Safepoint "RevokeBias", Time since last: 4304199 ns, Reaching safepoint: 247100 ns, At safepoint: 20900 ns, Total: 268000 ns
[2020-03-27T05:01:45.639+0000][1][safepoint    ] Safepoint "RevokeBias", Time since last: 9802898 ns, Reaching safepoint: 302900 ns, At safepoint: 116700 ns, Total: 419600 ns
[2020-03-27T05:01:45.649+0000][1][safepoint    ] Safepoint "RevokeBias", Time since last: 9226099 ns, Reaching safepoint: 384400 ns, At safepoint: 71900 ns, Total: 456300 ns
[2020-03-27T05:01:45.835+0000][1][safepoint    ] Safepoint "RevokeBias", Time since last: 186235269 ns, Reaching safepoint: 201800 ns, At safepoint: 19500 ns, Total: 221300 ns
[2020-03-27T05:01:45.836+0000][1][safepoint    ] Safepoint "RevokeBias", Time since last: 780200 ns, Reaching safepoint: 70400 ns, At safepoint: 23200 ns, Total: 93600 ns
[2020-03-27T05:01:45.837+0000][1][safepoint    ] Safepoint "RevokeBias", Time since last: 1453700 ns, Reaching safepoint: 87400 ns, At safepoint: 21700 ns, Total: 109100 ns
[2020-03-27T05:01:45.838+0000][1][safepoint    ] Safepoint "RevokeBias", Time since last: 828499 ns, Reaching safepoint: 97600 ns, At safepoint: 25700 ns, Total: 123300 ns
[2020-03-27T05:01:45.930+0000][1][safepoint    ] Safepoint "BulkRevokeBias", Time since last: 91334985 ns, Reaching safepoint: 192000 ns, At safepoint: 402900 ns, Total: 594900 ns
[2020-03-27T05:01:45.979+0000][1][safepoint    ] Safepoint "RevokeBias", Time since last: 48766792 ns, Reaching safepoint: 109600 ns, At safepoint: 26000 ns, Total: 135600 ns
[2020-03-27T05:01:46.980+0000][1][safepoint    ] Safepoint "Cleanup", Time since last: 1000674036 ns, Reaching safepoint: 396700 ns, At safepoint: 30100 ns, Total: 426800 ns
[2020-03-27T05:01:48.487+0000][1][safepoint    ] Safepoint "RevokeBias", Time since last: 1506592952 ns, Reaching safepoint: 226300 ns, At safepoint: 15900 ns, Total: 242200 ns
[2020-03-27T05:01:48.508+0000][1][safepoint    ] Safepoint "RevokeBias", Time since last: 20587297 ns, Reaching safepoint: 97400 ns, At safepoint: 25000 ns, Total: 122400 ns
[2020-03-27T05:01:48.513+0000][1][safepoint    ] Safepoint "RevokeBias", Time since last: 5151699 ns, Reaching safepoint: 193400 ns, At safepoint: 16400 ns, Total: 209800 ns
[2020-03-27T05:01:48.568+0000][1][safepoint    ] Safepoint "RevokeBias", Time since last: 54385091 ns, Reaching safepoint: 100800 ns, At safepoint: 27400 ns, Total: 128200 ns
[2020-03-27T05:01:48.639+0000][1][gc,start     ] GC(30) Pause Young (Allocation Failure)
[2020-03-27T05:01:48.640+0000][1][gc,task      ] GC(30) Using 2 workers of 2 for evacuation
[2020-03-27T05:01:48.645+0000][1][gc,age       ] GC(30) Desired survivor size 8716288 bytes, new threshold 6 (max threshold 6)
[2020-03-27T05:01:48.645+0000][1][gc,age       ] GC(30) Age table with threshold 6 (max threshold 6)
[2020-03-27T05:01:48.646+0000][1][gc,age       ] GC(30) - age   1:    4387208 bytes,    4387208 total
[2020-03-27T05:01:48.646+0000][1][gc,age       ] GC(30) - age   2:     197936 bytes,    4585144 total
[2020-03-27T05:01:48.647+0000][1][gc,heap      ] GC(30) ParNew: 148145K->6412K(153344K)
[2020-03-27T05:01:48.647+0000][1][gc,heap      ] GC(30) CMS: 94041K->94041K(353920K)
[2020-03-27T05:01:48.648+0000][1][gc,metaspace ] GC(30) Metaspace: 93247K->93247K(1134592K)
[2020-03-27T05:01:48.648+0000][1][gc           ] GC(30) Pause Young (Allocation Failure) 236M->98M(495M) 8.720ms
[2020-03-27T05:01:48.649+0000][1][gc,cpu       ] GC(30) User=0.00s Sys=0.00s Real=0.01s
[2020-03-27T05:01:48.649+0000][1][safepoint    ] Safepoint "GenCollectForAllocation", Time since last: 69112088 ns, Reaching safepoint: 2467000 ns, At safepoint: 9594798 ns, Total: 12061798 ns
[2020-03-27T05:01:48.656+0000][1][safepoint    ] Safepoint "RevokeBias", Time since last: 6458199 ns, Reaching safepoint: 335700 ns, At safepoint: 19300 ns, Total: 355000 ns
[2020-03-27T05:01:48.657+0000][1][safepoint    ] Safepoint "RevokeBias", Time since last: 1322800 ns, Reaching safepoint: 167300 ns, At safepoint: 28200 ns, Total: 195500 ns
[2020-03-27T05:01:48.658+0000][1][safepoint    ] Safepoint "RevokeBias", Time since last: 938000 ns, Reaching safepoint: 129100 ns, At safepoint: 30900 ns, Total: 160000 ns
[2020-03-27T05:01:48.659+0000][1][safepoint    ] Safepoint "RevokeBias", Time since last: 999300 ns, Reaching safepoint: 80200 ns, At safepoint: 14900 ns, Total: 95100 ns
[2020-03-27T05:01:48.706+0000][1][safepoint    ] Safepoint "RevokeBias", Time since last: 46478792 ns, Reaching safepoint: 128000 ns, At safepoint: 20200 ns, Total: 148200 ns
[2020-03-27T05:01:49.707+0000][1][safepoint    ] Safepoint "Cleanup", Time since last: 1000724635 ns, Reaching safepoint: 125600 ns, At safepoint: 7700 ns, Total: 133300 ns
[2020-03-27T05:01:50.708+0000][1][safepoint    ] Safepoint "Cleanup", Time since last: 1000710936 ns, Reaching safepoint: 242300 ns, At safepoint: 44800 ns, Total: 287100 ns
[2020-03-27T05:01:51.106+0000][1][safepoint    ] Safepoint "RevokeBias", Time since last: 397885934 ns, Reaching safepoint: 290300 ns, At safepoint: 19200 ns, Total: 309500 ns
[2020-03-27T05:01:51.111+0000][1][safepoint    ] Safepoint "RevokeBias", Time since last: 3994400 ns, Reaching safepoint: 326800 ns, At safepoint: 435199 ns, Total: 761999 ns
[2020-03-27T05:01:51.827+0000][1][safepoint    ] Safepoint "RevokeBias", Time since last: 715440583 ns, Reaching safepoint: 287300 ns, At safepoint: 20200 ns, Total: 307500 ns
[2020-03-27T05:01:51.828+0000][1][safepoint    ] Safepoint "RevokeBias", Time since last: 1014600 ns, Reaching safepoint: 106000 ns, At safepoint: 12900 ns, Total: 118900 ns
[2020-03-27T05:01:51.830+0000][1][safepoint    ] Safepoint "RevokeBias", Time since last: 1780499 ns, Reaching safepoint: 185500 ns, At safepoint: 48500 ns, Total: 234000 ns
[2020-03-27T05:01:51.831+0000][1][safepoint    ] Safepoint "RevokeBias", Time since last: 784000 ns, Reaching safepoint: 104000 ns, At safepoint: 23500 ns, Total: 127500 ns
[2020-03-27T05:01:51.873+0000][1][safepoint    ] Safepoint "RevokeBias", Time since last: 41950193 ns, Reaching safepoint: 103300 ns, At safepoint: 20500 ns, Total: 123800 ns
[2020-03-27T05:01:52.874+0000][1][safepoint    ] Safepoint "Cleanup", Time since last: 1001038436 ns, Reaching safepoint: 338000 ns, At safepoint: 89300 ns, Total: 427300 ns
[2020-03-27T05:01:53.876+0000][1][safepoint    ] Safepoint "Cleanup", Time since last: 1001938264 ns, Reaching safepoint: 108400 ns, At safepoint: 19200 ns, Total: 127600 ns
[2020-03-27T05:01:54.877+0000][1][safepoint    ] Safepoint "Cleanup", Time since last: 1000678479 ns, Reaching safepoint: 106900 ns, At safepoint: 21500 ns, Total: 128400 ns
[2020-03-27T05:01:55.879+0000][1][safepoint    ] Safepoint "Cleanup", Time since last: 1001189479 ns, Reaching safepoint: 313200 ns, At safepoint: 43400 ns, Total: 356600 ns
[2020-03-27T05:01:56.880+0000][1][safepoint    ] Safepoint "Cleanup", Time since last: 1001625080 ns, Reaching safepoint: 134400 ns, At safepoint: 20000 ns, Total: 154400 ns
[2020-03-27T05:01:57.881+0000][1][safepoint    ] Safepoint "Cleanup", Time since last: 1000785679 ns, Reaching safepoint: 108700 ns, At safepoint: 20900 ns, Total: 129600 ns
[2020-03-27T05:01:58.485+0000][1][safepoint    ] Safepoint "RevokeBias", Time since last: 603243827 ns, Reaching safepoint: 145200 ns, At safepoint: 42900 ns, Total: 188100 ns
[2020-03-27T05:01:58.487+0000][1][safepoint    ] Safepoint "RevokeBias", Time since last: 2082800 ns, Reaching safepoint: 227500 ns, At safepoint: 28400 ns, Total: 255900 ns
[2020-03-27T05:01:58.519+0000][1][safepoint    ] Safepoint "RevokeBias", Time since last: 31870896 ns, Reaching safepoint: 217000 ns, At safepoint: 27200 ns, Total: 244200 ns
[2020-03-27T05:01:58.797+0000][1][gc,start     ] GC(31) Pause Young (Allocation Failure)
[2020-03-27T05:01:58.798+0000][1][gc,task      ] GC(31) Using 2 workers of 2 for evacuation
[2020-03-27T05:01:58.803+0000][1][gc,age       ] GC(31) Desired survivor size 8716288 bytes, new threshold 1 (max threshold 6)
[2020-03-27T05:01:58.804+0000][1][gc,age       ] GC(31) Age table with threshold 1 (max threshold 6)
[2020-03-27T05:01:58.804+0000][1][gc,age       ] GC(31) - age   1:    8854584 bytes,    8854584 total
[2020-03-27T05:01:58.805+0000][1][gc,age       ] GC(31) - age   2:    1035152 bytes,    9889736 total
[2020-03-27T05:01:58.805+0000][1][gc,age       ] GC(31) - age   3:     197168 bytes,   10086904 total
[2020-03-27T05:01:58.806+0000][1][gc,heap      ] GC(31) ParNew: 142714K->12479K(153344K)
[2020-03-27T05:01:58.806+0000][1][gc,heap      ] GC(31) CMS: 94041K->94041K(353920K)
[2020-03-27T05:01:58.806+0000][1][gc,metaspace ] GC(31) Metaspace: 93938K->93938K(1136640K)
[2020-03-27T05:01:58.807+0000][1][gc           ] GC(31) Pause Young (Allocation Failure) 231M->104M(495M) 9.474ms
[2020-03-27T05:01:58.807+0000][1][gc,cpu       ] GC(31) User=0.01s Sys=0.01s Real=0.01s
[2020-03-27T05:01:58.808+0000][1][safepoint    ] Safepoint "GenCollectForAllocation", Time since last: 277970866 ns, Reaching safepoint: 116600 ns, At safepoint: 10373299 ns, Total: 10489899 ns
[2020-03-27T05:01:58.854+0000][1][safepoint    ] Safepoint "RevokeBias", Time since last: 46384894 ns, Reaching safepoint: 304200 ns, At safepoint: 20600 ns, Total: 324800 ns
[2020-03-27T05:01:58.856+0000][1][safepoint    ] Safepoint "RevokeBias", Time since last: 1130600 ns, Reaching safepoint: 160500 ns, At safepoint: 14200 ns, Total: 174700 ns
[2020-03-27T05:01:58.857+0000][1][safepoint    ] Safepoint "RevokeBias", Time since last: 839900 ns, Reaching safepoint: 145700 ns, At safepoint: 26100 ns, Total: 171800 ns
[2020-03-27T05:01:58.858+0000][1][safepoint    ] Safepoint "RevokeBias", Time since last: 1065800 ns, Reaching safepoint: 206000 ns, At safepoint: 15500 ns, Total: 221500 ns
[2020-03-27T05:01:58.925+0000][1][safepoint    ] Safepoint "RevokeBias", Time since last: 66629692 ns, Reaching safepoint: 181400 ns, At safepoint: 28000 ns, Total: 209400 ns
[2020-03-27T05:01:59.927+0000][1][safepoint    ] Safepoint "Cleanup", Time since last: 1001376979 ns, Reaching safepoint: 491600 ns, At safepoint: 85400 ns, Total: 577000 ns
[2020-03-27T05:02:00.929+0000][1][safepoint    ] Safepoint "Cleanup", Time since last: 1002366979 ns, Reaching safepoint: 162600 ns, At safepoint: 32600 ns, Total: 195200 ns
[2020-03-27T05:02:01.102+0000][1][safepoint    ] Safepoint "RevokeBias", Time since last: 171976979 ns, Reaching safepoint: 251100 ns, At safepoint: 134200 ns, Total: 385300 ns
[2020-03-27T05:02:02.047+0000][1][safepoint    ] Safepoint "RevokeBias", Time since last: 945573166 ns, Reaching safepoint: 110500 ns, At safepoint: 19100 ns, Total: 129600 ns
[2020-03-27T05:02:02.048+0000][1][safepoint    ] Safepoint "RevokeBias", Time since last: 666201 ns, Reaching safepoint: 73700 ns, At safepoint: 22500 ns, Total: 96200 ns
[2020-03-27T05:02:02.050+0000][1][safepoint    ] Safepoint "RevokeBias", Time since last: 1331901 ns, Reaching safepoint: 63900 ns, At safepoint: 13600 ns, Total: 77500 ns
[2020-03-27T05:02:02.050+0000][1][safepoint    ] Safepoint "RevokeBias", Time since last: 446901 ns, Reaching safepoint: 53300 ns, At safepoint: 20900 ns, Total: 74200 ns
[2020-03-27T05:02:02.110+0000][1][safepoint    ] Safepoint "RevokeBias", Time since last: 59688656 ns, Reaching safepoint: 144900 ns, At safepoint: 16100 ns, Total: 161000 ns
[2020-03-27T05:02:03.111+0000][1][safepoint    ] Safepoint "Cleanup", Time since last: 1000904343 ns, Reaching safepoint: 375200 ns, At safepoint: 91000 ns, Total: 466200 ns
[2020-03-27T05:02:08.516+0000][1][safepoint    ] Safepoint "RevokeBias", Time since last: 5404008591 ns, Reaching safepoint: 212700 ns, At safepoint: 50000 ns, Total: 262700 ns
[2020-03-27T05:02:08.529+0000][1][safepoint    ] Safepoint "RevokeBias", Time since last: 13733213 ns, Reaching safepoint: 94700 ns, At safepoint: 15600 ns, Total: 110300 ns
[2020-03-27T05:02:08.574+0000][1][safepoint    ] Safepoint "RevokeBias", Time since last: 44575542 ns, Reaching safepoint: 344800 ns, At safepoint: 19200 ns, Total: 364000 ns
[2020-03-27T05:02:09.040+0000][1][gc,start     ] GC(32) Pause Young (Allocation Failure)
[2020-03-27T05:02:09.040+0000][1][gc,task      ] GC(32) Using 2 workers of 2 for evacuation
[2020-03-27T05:02:09.064+0000][1][gc,age       ] GC(32) Desired survivor size 8716288 bytes, new threshold 1 (max threshold 6)
[2020-03-27T05:02:09.065+0000][1][gc,age       ] GC(32) Age table with threshold 1 (max threshold 6)
[2020-03-27T05:02:09.065+0000][1][gc,age       ] GC(32) - age   1:    8738256 bytes,    8738256 total
[2020-03-27T05:02:09.066+0000][1][gc,heap      ] GC(32) ParNew: 148799K->12641K(153344K)
[2020-03-27T05:02:09.066+0000][1][gc,heap      ] GC(32) CMS: 94041K->95868K(353920K)
[2020-03-27T05:02:09.067+0000][1][gc,metaspace ] GC(32) Metaspace: 94217K->94217K(1136640K)
[2020-03-27T05:02:09.067+0000][1][gc           ] GC(32) Pause Young (Allocation Failure) 237M->105M(495M) 27.192ms
[2020-03-27T05:02:09.068+0000][1][gc,cpu       ] GC(32) User=0.01s Sys=0.01s Real=0.03s
[2020-03-27T05:02:09.068+0000][1][safepoint    ] Safepoint "GenCollectForAllocation", Time since last: 465136939 ns, Reaching safepoint: 293400 ns, At safepoint: 28401227 ns, Total: 28694627 ns
[2020-03-27T05:02:09.085+0000][1][safepoint    ] Safepoint "RevokeBias", Time since last: 16370615 ns, Reaching safepoint: 246500 ns, At safepoint: 18500 ns, Total: 265000 ns
[2020-03-27T05:02:09.086+0000][1][safepoint    ] Safepoint "BulkRevokeBias", Time since last: 1008501 ns, Reaching safepoint: 92200 ns, At safepoint: 429801 ns, Total: 522001 ns
[2020-03-27T05:02:09.088+0000][1][safepoint    ] Safepoint "RevokeBias", Time since last: 1070901 ns, Reaching safepoint: 76000 ns, At safepoint: 21800 ns, Total: 97800 ns
[2020-03-27T05:02:09.089+0000][1][safepoint    ] Safepoint "BulkRevokeBias", Time since last: 1218001 ns, Reaching safepoint: 54800 ns, At safepoint: 470000 ns, Total: 524800 ns
[2020-03-27T05:02:09.136+0000][1][safepoint    ] Safepoint "RevokeBias", Time since last: 46694344 ns, Reaching safepoint: 120601 ns, At safepoint: 17900 ns, Total: 138501 ns
[2020-03-27T05:02:10.137+0000][1][safepoint    ] Safepoint "Cleanup", Time since last: 1000853522 ns, Reaching safepoint: 346300 ns, At safepoint: 83100 ns, Total: 429400 ns
[2020-03-27T05:02:11.109+0000][1][safepoint    ] Safepoint "RevokeBias", Time since last: 971450773 ns, Reaching safepoint: 249800 ns, At safepoint: 17400 ns, Total: 267200 ns
[2020-03-27T05:02:11.264+0000][1][safepoint    ] Safepoint "RevokeBias", Time since last: 154754607 ns, Reaching safepoint: 146300 ns, At safepoint: 58600 ns, Total: 204900 ns
[2020-03-27T05:02:11.265+0000][1][safepoint    ] Safepoint "RevokeBias", Time since last: 962401 ns, Reaching safepoint: 178300 ns, At safepoint: 23700 ns, Total: 202000 ns
[2020-03-27T05:02:11.267+0000][1][safepoint    ] Safepoint "RevokeBias", Time since last: 1596101 ns, Reaching safepoint: 113000 ns, At safepoint: 12700 ns, Total: 125700 ns
[2020-03-27T05:02:11.268+0000][1][safepoint    ] Safepoint "RevokeBias", Time since last: 1032201 ns, Reaching safepoint: 83200 ns, At safepoint: 12700 ns, Total: 95900 ns
[2020-03-27T05:02:11.312+0000][1][safepoint    ] Safepoint "RevokeBias", Time since last: 43933031 ns, Reaching safepoint: 133400 ns, At safepoint: 28600 ns, Total: 162000 ns
[2020-03-27T05:02:12.314+0000][1][safepoint    ] Safepoint "Cleanup", Time since last: 1001387393 ns, Reaching safepoint: 335900 ns, At safepoint: 83100 ns, Total: 419000 ns
[2020-03-27T05:02:14.317+0000][1][safepoint    ] Safepoint "Cleanup", Time since last: 2002326887 ns, Reaching safepoint: 203300 ns, At safepoint: 33900 ns, Total: 237200 ns
[2020-03-27T05:02:16.318+0000][1][safepoint    ] Safepoint "Cleanup", Time since last: 2001571586 ns, Reaching safepoint: 117300 ns, At safepoint: 19200 ns, Total: 136500 ns
[2020-03-27T05:02:18.504+0000][1][safepoint    ] Safepoint "RevokeBias", Time since last: 2185485281 ns, Reaching safepoint: 219400 ns, At safepoint: 34100 ns, Total: 253500 ns
[2020-03-27T05:02:18.507+0000][1][safepoint    ] Safepoint "RevokeBias", Time since last: 2572501 ns, Reaching safepoint: 186100 ns, At safepoint: 52400 ns, Total: 238500 ns
[2020-03-27T05:02:18.568+0000][1][safepoint    ] Safepoint "RevokeBias", Time since last: 60882131 ns, Reaching safepoint: 190700 ns, At safepoint: 16400 ns, Total: 207100 ns
[2020-03-27T05:02:19.569+0000][1][safepoint    ] Safepoint "Cleanup", Time since last: 1000644005 ns, Reaching safepoint: 186500 ns, At safepoint: 40500 ns, Total: 227000 ns
[2020-03-27T05:02:21.102+0000][1][gc,start     ] GC(33) Pause Young (Allocation Failure)
[2020-03-27T05:02:21.103+0000][1][gc,task      ] GC(33) Using 2 workers of 2 for evacuation
[2020-03-27T05:02:21.112+0000][1][gc,age       ] GC(33) Desired survivor size 8716288 bytes, new threshold 1 (max threshold 6)
[2020-03-27T05:02:21.112+0000][1][gc,age       ] GC(33) Age table with threshold 1 (max threshold 6)
[2020-03-27T05:02:21.119+0000][1][gc,age       ] GC(33) - age   1:   10282816 bytes,   10282816 total
[2020-03-27T05:02:21.120+0000][1][gc,heap      ] GC(33) ParNew: 148961K->17014K(153344K)
[2020-03-27T05:02:21.120+0000][1][gc,heap      ] GC(33) CMS: 95868K->96468K(353920K)
[2020-03-27T05:02:21.121+0000][1][gc,metaspace ] GC(33) Metaspace: 94289K->94289K(1136640K)
[2020-03-27T05:02:21.122+0000][1][gc           ] GC(33) Pause Young (Allocation Failure) 239M->110M(495M) 19.428ms
[2020-03-27T05:02:21.122+0000][1][gc,cpu       ] GC(33) User=0.01s Sys=0.00s Real=0.02s
[2020-03-27T05:02:21.122+0000][1][safepoint    ] Safepoint "GenCollectForAllocation", Time since last: 1533170073 ns, Reaching safepoint: 116000 ns, At safepoint: 20418710 ns, Total: 20534710 ns
[2020-03-27T05:02:21.141+0000][1][safepoint    ] Safepoint "RevokeBias", Time since last: 18478610 ns, Reaching safepoint: 229200 ns, At safepoint: 135400 ns, Total: 364600 ns
[2020-03-27T05:02:22.143+0000][1][safepoint    ] Safepoint "Cleanup", Time since last: 1000605904 ns, Reaching safepoint: 437501 ns, At safepoint: 93100 ns, Total: 530601 ns
[2020-03-27T05:02:24.145+0000][1][safepoint    ] Safepoint "Cleanup", Time since last: 2002725609 ns, Reaching safepoint: 120200 ns, At safepoint: 19201 ns, Total: 139401 ns
[2020-03-27T05:02:28.508+0000][1][safepoint    ] Safepoint "RevokeBias", Time since last: 4362717426 ns, Reaching safepoint: 117000 ns, At safepoint: 28200 ns, Total: 145200 ns
[2020-03-27T05:02:29.510+0000][1][safepoint    ] Safepoint "Cleanup", Time since last: 1000808533 ns, Reaching safepoint: 341600 ns, At safepoint: 123000 ns, Total: 464600 ns
[2020-03-27T05:02:31.112+0000][1][safepoint    ] Safepoint "RevokeBias", Time since last: 1601652974 ns, Reaching safepoint: 266500 ns, At safepoint: 163600 ns, Total: 430100 ns
[2020-03-27T05:02:34.113+0000][1][safepoint    ] Safepoint "Cleanup", Time since last: 3001209426 ns, Reaching safepoint: 119300 ns, At safepoint: 19200 ns, Total: 138500 ns
[2020-03-27T05:02:38.115+0000][1][safepoint    ] Safepoint "Cleanup", Time since last: 4001874670 ns, Reaching safepoint: 223400 ns, At safepoint: 45600 ns, Total: 269000 ns
[2020-03-27T05:02:38.545+0000][1][safepoint    ] Safepoint "RevokeBias", Time since last: 429588661 ns, Reaching safepoint: 209900 ns, At safepoint: 14800 ns, Total: 224700 ns
[2020-03-27T05:02:41.143+0000][1][safepoint    ] Safepoint "RevokeBias", Time since last: 2597781170 ns, Reaching safepoint: 189900 ns, At safepoint: 25000 ns, Total: 214900 ns
[2020-03-27T05:02:44.478+0000][1][safepoint    ] Safepoint "RevokeBias", Time since last: 3335223462 ns, Reaching safepoint: 223200 ns, At safepoint: 32000 ns, Total: 255200 ns
[2020-03-27T05:02:44.502+0000][1][safepoint    ] Safepoint "RevokeBias", Time since last: 23236800 ns, Reaching safepoint: 646800 ns, At safepoint: 109200 ns, Total: 756000 ns
[2020-03-27T05:02:44.514+0000][1][safepoint    ] Safepoint "RevokeBias", Time since last: 11394299 ns, Reaching safepoint: 299700 ns, At safepoint: 37000 ns, Total: 336700 ns
[2020-03-27T05:02:45.271+0000][1][safepoint    ] Safepoint "RevokeBias", Time since last: 757118285 ns, Reaching safepoint: 125900 ns, At safepoint: 29900 ns, Total: 155800 ns
[2020-03-27T05:02:45.272+0000][1][safepoint    ] Safepoint "RevokeBias", Time since last: 594700 ns, Reaching safepoint: 85400 ns, At safepoint: 12900 ns, Total: 98300 ns
[2020-03-27T05:02:45.273+0000][1][safepoint    ] Safepoint "RevokeBias", Time since last: 1047200 ns, Reaching safepoint: 94300 ns, At safepoint: 12200 ns, Total: 106500 ns
[2020-03-27T05:02:45.274+0000][1][safepoint    ] Safepoint "RevokeBias", Time since last: 1113400 ns, Reaching safepoint: 91600 ns, At safepoint: 11600 ns, Total: 103200 ns
[2020-03-27T05:02:45.276+0000][1][safepoint    ] Safepoint "RevokeBias", Time since last: 1001600 ns, Reaching safepoint: 76500 ns, At safepoint: 21800 ns, Total: 98300 ns
[2020-03-27T05:02:45.328+0000][1][safepoint    ] Safepoint "RevokeBias", Time since last: 52048799 ns, Reaching safepoint: 185600 ns, At safepoint: 27500 ns, Total: 213100 ns
[2020-03-27T05:02:45.438+0000][1][safepoint    ] Safepoint "RevokeBias", Time since last: 109957698 ns, Reaching safepoint: 184300 ns, At safepoint: 24200 ns, Total: 208500 ns
[2020-03-27T05:02:45.457+0000][1][safepoint    ] Safepoint "RevokeBias", Time since last: 19058400 ns, Reaching safepoint: 312600 ns, At safepoint: 53600 ns, Total: 366200 ns
[2020-03-27T05:02:45.488+0000][1][safepoint    ] Safepoint "RevokeBias", Time since last: 30484799 ns, Reaching safepoint: 291300 ns, At safepoint: 17600 ns, Total: 308900 ns
[2020-03-27T05:02:45.497+0000][1][gc,start     ] GC(34) Pause Young (Allocation Failure)
[2020-03-27T05:02:45.498+0000][1][gc,task      ] GC(34) Using 2 workers of 2 for evacuation
[2020-03-27T05:02:45.513+0000][1][gc,age       ] GC(34) Desired survivor size 8716288 bytes, new threshold 6 (max threshold 6)
[2020-03-27T05:02:45.514+0000][1][gc,age       ] GC(34) Age table with threshold 6 (max threshold 6)
[2020-03-27T05:02:45.514+0000][1][gc,age       ] GC(34) - age   1:    5017688 bytes,    5017688 total
[2020-03-27T05:02:45.514+0000][1][gc,heap      ] GC(34) ParNew: 153334K->8838K(153344K)
[2020-03-27T05:02:45.515+0000][1][gc,heap      ] GC(34) CMS: 96468K->97054K(353920K)
[2020-03-27T05:02:45.515+0000][1][gc,metaspace ] GC(34) Metaspace: 94534K->94534K(1136640K)
[2020-03-27T05:02:45.516+0000][1][gc           ] GC(34) Pause Young (Allocation Failure) 243M->103M(495M) 18.427ms
[2020-03-27T05:02:45.516+0000][1][gc,cpu       ] GC(34) User=0.03s Sys=0.00s Real=0.02s
[2020-03-27T05:02:45.517+0000][1][safepoint    ] Safepoint "GenCollectForAllocation", Time since last: 8906700 ns, Reaching safepoint: 218300 ns, At safepoint: 19385900 ns, Total: 19604200 ns
[2020-03-27T05:02:45.545+0000][1][safepoint    ] Safepoint "RevokeBias", Time since last: 27777699 ns, Reaching safepoint: 292100 ns, At safepoint: 86800 ns, Total: 378900 ns
[2020-03-27T05:02:45.550+0000][1][safepoint    ] Safepoint "RevokeBias", Time since last: 4152000 ns, Reaching safepoint: 953900 ns, At safepoint: 147000 ns, Total: 1100900 ns
[2020-03-27T05:02:45.551+0000][1][safepoint    ] Safepoint "RevokeBias", Time since last: 412700 ns, Reaching safepoint: 238000 ns, At safepoint: 138900 ns, Total: 376900 ns
[2020-03-27T05:02:45.553+0000][1][safepoint    ] Safepoint "RevokeBias", Time since last: 1668500 ns, Reaching safepoint: 310000 ns, At safepoint: 151400 ns, Total: 461400 ns
[2020-03-27T05:02:45.555+0000][1][safepoint    ] Safepoint "RevokeBias", Time since last: 1384500 ns, Reaching safepoint: 652300 ns, At safepoint: 130500 ns, Total: 782800 ns
[2020-03-27T05:02:45.616+0000][1][safepoint    ] Safepoint "RevokeBias", Time since last: 60253999 ns, Reaching safepoint: 376800 ns, At safepoint: 22100 ns, Total: 398900 ns
[2020-03-27T05:02:45.649+0000][1][safepoint    ] Safepoint "RevokeBias", Time since last: 32736199 ns, Reaching safepoint: 323400 ns, At safepoint: 21100 ns, Total: 344500 ns
[2020-03-27T05:02:45.652+0000][1][safepoint    ] Safepoint "RevokeBias", Time since last: 2457500 ns, Reaching safepoint: 338600 ns, At safepoint: 29500 ns, Total: 368100 ns
[2020-03-27T05:02:45.687+0000][1][safepoint    ] Safepoint "RevokeBias", Time since last: 34187899 ns, Reaching safepoint: 323900 ns, At safepoint: 468800 ns, Total: 792700 ns
[2020-03-27T05:02:45.688+0000][1][safepoint    ] Safepoint "RevokeBias", Time since last: 594900 ns, Reaching safepoint: 225200 ns, At safepoint: 153500 ns, Total: 378700 ns
[2020-03-27T05:02:45.692+0000][1][safepoint    ] Safepoint "RevokeBias", Time since last: 4435500 ns, Reaching safepoint: 232200 ns, At safepoint: 133100 ns, Total: 365300 ns
[2020-03-27T05:02:45.694+0000][1][safepoint    ] Safepoint "RevokeBias", Time since last: 1072300 ns, Reaching safepoint: 518100 ns, At safepoint: 267700 ns, Total: 785800 ns
[2020-03-27T05:02:45.858+0000][1][safepoint    ] Safepoint "RevokeBias", Time since last: 163051997 ns, Reaching safepoint: 210900 ns, At safepoint: 21000 ns, Total: 231900 ns
[2020-03-27T05:02:45.858+0000][1][safepoint    ] Safepoint "RevokeBias", Time since last: 746200 ns, Reaching safepoint: 104700 ns, At safepoint: 13000 ns, Total: 117700 ns
[2020-03-27T05:02:45.978+0000][1][safepoint    ] Safepoint "RevokeBias", Time since last: 118959797 ns, Reaching safepoint: 183700 ns, At safepoint: 13700 ns, Total: 197400 ns
[2020-03-27T05:02:45.978+0000][1][safepoint    ] Safepoint "RevokeBias", Time since last: 449900 ns, Reaching safepoint: 83400 ns, At safepoint: 21200 ns, Total: 104600 ns
[2020-03-27T05:02:45.979+0000][1][safepoint    ] Safepoint "RevokeBias", Time since last: 315300 ns, Reaching safepoint: 53600 ns, At safepoint: 19900 ns, Total: 73500 ns
[2020-03-27T05:02:45.979+0000][1][safepoint    ] Safepoint "RevokeBias", Time since last: 314700 ns, Reaching safepoint: 46200 ns, At safepoint: 19300 ns, Total: 65500 ns
[2020-03-27T05:02:45.980+0000][1][safepoint    ] Safepoint "RevokeBias", Time since last: 457300 ns, Reaching safepoint: 67900 ns, At safepoint: 46600 ns, Total: 114500 ns
[2020-03-27T05:02:46.914+0000][1][safepoint    ] Safepoint "RevokeBias", Time since last: 934015982 ns, Reaching safepoint: 181000 ns, At safepoint: 44300 ns, Total: 225300 ns
[2020-03-27T05:02:46.915+0000][1][safepoint    ] Safepoint "RevokeBias", Time since last: 1004700 ns, Reaching safepoint: 100500 ns, At safepoint: 22900 ns, Total: 123400 ns
[2020-03-27T05:02:46.917+0000][1][safepoint    ] Safepoint "RevokeBias", Time since last: 1709100 ns, Reaching safepoint: 154900 ns, At safepoint: 14000 ns, Total: 168900 ns
[2020-03-27T05:02:46.918+0000][1][safepoint    ] Safepoint "RevokeBias", Time since last: 1293300 ns, Reaching safepoint: 128500 ns, At safepoint: 12200 ns, Total: 140700 ns
[2020-03-27T05:02:46.979+0000][1][safepoint    ] Safepoint "RevokeBias", Time since last: 60271099 ns, Reaching safepoint: 161500 ns, At safepoint: 38300 ns, Total: 199800 ns
[2020-03-27T05:02:47.010+0000][1][safepoint    ] Safepoint "RevokeBias", Time since last: 31339599 ns, Reaching safepoint: 248100 ns, At safepoint: 11000 ns, Total: 259100 ns
[2020-03-27T05:02:47.035+0000][1][safepoint    ] Safepoint "RevokeBias", Time since last: 24263400 ns, Reaching safepoint: 105400 ns, At safepoint: 17800 ns, Total: 123200 ns
[2020-03-27T05:02:48.036+0000][1][safepoint    ] Safepoint "Cleanup", Time since last: 1001113280 ns, Reaching safepoint: 148900 ns, At safepoint: 20700 ns, Total: 169600 ns
[2020-03-27T05:02:48.495+0000][1][safepoint    ] Safepoint "RevokeBias", Time since last: 458501491 ns, Reaching safepoint: 648800 ns, At safepoint: 45200 ns, Total: 694000 ns
[2020-03-27T05:02:48.512+0000][1][safepoint    ] Safepoint "RevokeBias", Time since last: 17093599 ns, Reaching safepoint: 103200 ns, At safepoint: 26000 ns, Total: 129200 ns
[2020-03-27T05:02:48.513+0000][1][safepoint    ] Safepoint "RevokeBias", Time since last: 600700 ns, Reaching safepoint: 70600 ns, At safepoint: 21600 ns, Total: 92200 ns
[2020-03-27T05:02:48.571+0000][1][safepoint    ] Safepoint "RevokeBias", Time since last: 57974499 ns, Reaching safepoint: 179700 ns, At safepoint: 26600 ns, Total: 206300 ns
[2020-03-27T05:02:49.468+0000][1][gc,start     ] GC(35) Pause Young (Allocation Failure)
[2020-03-27T05:02:49.469+0000][1][gc,task      ] GC(35) Using 2 workers of 2 for evacuation
[2020-03-27T05:02:49.477+0000][1][gc,age       ] GC(35) Desired survivor size 8716288 bytes, new threshold 2 (max threshold 6)
[2020-03-27T05:02:49.477+0000][1][gc,age       ] GC(35) Age table with threshold 2 (max threshold 6)
[2020-03-27T05:02:49.478+0000][1][gc,age       ] GC(35) - age   1:    8527320 bytes,    8527320 total
[2020-03-27T05:02:49.478+0000][1][gc,age       ] GC(35) - age   2:    1146976 bytes,    9674296 total
[2020-03-27T05:02:49.479+0000][1][gc,heap      ] GC(35) ParNew: 145158K->11587K(153344K)
[2020-03-27T05:02:49.479+0000][1][gc,heap      ] GC(35) CMS: 97054K->97054K(353920K)
[2020-03-27T05:02:49.480+0000][1][gc,metaspace ] GC(35) Metaspace: 94693K->94693K(1136640K)
[2020-03-27T05:02:49.480+0000][1][gc           ] GC(35) Pause Young (Allocation Failure) 236M->106M(495M) 12.178ms
[2020-03-27T05:02:49.481+0000][1][gc,cpu       ] GC(35) User=0.01s Sys=0.00s Real=0.01s
[2020-03-27T05:02:49.481+0000][1][safepoint    ] Safepoint "GenCollectForAllocation", Time since last: 896614052 ns, Reaching safepoint: 178500 ns, At safepoint: 13204796 ns, Total: 13383296 ns
[2020-03-27T05:02:49.499+0000][1][safepoint    ] Safepoint "RevokeBias", Time since last: 17129296 ns, Reaching safepoint: 132000 ns, At safepoint: 36800 ns, Total: 168800 ns
[2020-03-27T05:02:49.500+0000][1][safepoint    ] Safepoint "RevokeBias", Time since last: 1065200 ns, Reaching safepoint: 72500 ns, At safepoint: 22500 ns, Total: 95000 ns
[2020-03-27T05:02:49.501+0000][1][safepoint    ] Safepoint "RevokeBias", Time since last: 852799 ns, Reaching safepoint: 64500 ns, At safepoint: 12500 ns, Total: 77000 ns
[2020-03-27T05:02:49.502+0000][1][safepoint    ] Safepoint "RevokeBias", Time since last: 1150900 ns, Reaching safepoint: 66800 ns, At safepoint: 21400 ns, Total: 88200 ns
[2020-03-27T05:02:49.554+0000][1][safepoint    ] Safepoint "RevokeBias", Time since last: 51900687 ns, Reaching safepoint: 201000 ns, At safepoint: 32300 ns, Total: 233300 ns
[2020-03-27T05:02:49.623+0000][1][safepoint    ] Safepoint "RevokeBias", Time since last: 68382083 ns, Reaching safepoint: 236500 ns, At safepoint: 34900 ns, Total: 271400 ns
[2020-03-27T05:02:49.625+0000][1][safepoint    ] Safepoint "RevokeBias", Time since last: 2142499 ns, Reaching safepoint: 183100 ns, At safepoint: 40900 ns, Total: 224000 ns
[2020-03-27T05:02:49.775+0000][1][safepoint    ] Safepoint "RevokeBias", Time since last: 149888963 ns, Reaching safepoint: 125300 ns, At safepoint: 32400 ns, Total: 157700 ns
[2020-03-27T05:02:49.775+0000][1][safepoint    ] Safepoint "RevokeBias", Time since last: 269000 ns, Reaching safepoint: 59700 ns, At safepoint: 9700 ns, Total: 69400 ns
[2020-03-27T05:02:49.776+0000][1][safepoint    ] Safepoint "RevokeBias", Time since last: 284300 ns, Reaching safepoint: 46300 ns, At safepoint: 20200 ns, Total: 66500 ns
[2020-03-27T05:02:49.776+0000][1][safepoint    ] Safepoint "RevokeBias", Time since last: 220000 ns, Reaching safepoint: 45299 ns, At safepoint: 19300 ns, Total: 64599 ns
[2020-03-27T05:02:49.776+0000][1][safepoint    ] Safepoint "RevokeBias", Time since last: 270100 ns, Reaching safepoint: 47300 ns, At safepoint: 19100 ns, Total: 66400 ns
[2020-03-27T05:02:49.777+0000][1][safepoint    ] Safepoint "RevokeBias", Time since last: 284100 ns, Reaching safepoint: 46100 ns, At safepoint: 9600 ns, Total: 55700 ns
[2020-03-27T05:02:49.777+0000][1][safepoint    ] Safepoint "RevokeBias", Time since last: 221500 ns, Reaching safepoint: 45600 ns, At safepoint: 10800 ns, Total: 56400 ns
[2020-03-27T05:02:49.777+0000][1][safepoint    ] Safepoint "RevokeBias", Time since last: 220300 ns, Reaching safepoint: 45100 ns, At safepoint: 20500 ns, Total: 65600 ns
[2020-03-27T05:02:49.778+0000][1][safepoint    ] Safepoint "RevokeBias", Time since last: 291300 ns, Reaching safepoint: 46900 ns, At safepoint: 10000 ns, Total: 56900 ns
[2020-03-27T05:02:50.640+0000][1][safepoint    ] Safepoint "RevokeBias", Time since last: 862180684 ns, Reaching safepoint: 101100 ns, At safepoint: 17900 ns, Total: 119000 ns
[2020-03-27T05:02:50.641+0000][1][safepoint    ] Safepoint "RevokeBias", Time since last: 788500 ns, Reaching safepoint: 80200 ns, At safepoint: 5000 ns, Total: 85200 ns
[2020-03-27T05:02:51.155+0000][1][safepoint    ] Safepoint "RevokeBias", Time since last: 513577571 ns, Reaching safepoint: 404600 ns, At safepoint: 133300 ns, Total: 537900 ns
[2020-03-27T05:02:51.779+0000][1][gc,start     ] GC(36) Pause Young (Allocation Failure)
[2020-03-27T05:02:51.779+0000][1][gc,task      ] GC(36) Using 2 workers of 2 for evacuation
[2020-03-27T05:02:51.785+0000][1][gc,age       ] GC(36) Desired survivor size 8716288 bytes, new threshold 6 (max threshold 6)
[2020-03-27T05:02:51.786+0000][1][gc,age       ] GC(36) Age table with threshold 6 (max threshold 6)
[2020-03-27T05:02:51.786+0000][1][gc,age       ] GC(36) - age   1:    2968928 bytes,    2968928 total
[2020-03-27T05:02:51.787+0000][1][gc,age       ] GC(36) - age   2:     387352 bytes,    3356280 total
[2020-03-27T05:02:51.787+0000][1][gc,heap      ] GC(36) ParNew: 147907K->7913K(153344K)
[2020-03-27T05:02:51.788+0000][1][gc,heap      ] GC(36) CMS: 97054K->97328K(353920K)
[2020-03-27T05:02:51.788+0000][1][gc,metaspace ] GC(36) Metaspace: 94760K->94760K(1136640K)
[2020-03-27T05:02:51.788+0000][1][gc           ] GC(36) Pause Young (Allocation Failure) 239M->102M(495M) 9.496ms
[2020-03-27T05:02:51.789+0000][1][gc,cpu       ] GC(36) User=0.00s Sys=0.00s Real=0.01s
[2020-03-27T05:02:51.789+0000][1][safepoint    ] Safepoint "GenCollectForAllocation", Time since last: 623820444 ns, Reaching safepoint: 136600 ns, At safepoint: 10406197 ns, Total: 10542797 ns
[2020-03-27T05:02:51.801+0000][1][safepoint    ] Safepoint "RevokeBias", Time since last: 11978497 ns, Reaching safepoint: 109900 ns, At safepoint: 15400 ns, Total: 125300 ns
[2020-03-27T05:02:51.803+0000][1][safepoint    ] Safepoint "RevokeBias", Time since last: 991500 ns, Reaching safepoint: 173900 ns, At safepoint: 52900 ns, Total: 226800 ns
[2020-03-27T05:02:51.805+0000][1][safepoint    ] Safepoint "RevokeBias", Time since last: 1807599 ns, Reaching safepoint: 105100 ns, At safepoint: 23200 ns, Total: 128300 ns
[2020-03-27T05:02:51.805+0000][1][safepoint    ] Safepoint "RevokeBias", Time since last: 672900 ns, Reaching safepoint: 86100 ns, At safepoint: 14900 ns, Total: 101000 ns
[2020-03-27T05:02:51.854+0000][1][safepoint    ] Safepoint "RevokeBias", Time since last: 48472888 ns, Reaching safepoint: 119800 ns, At safepoint: 27300 ns, Total: 147100 ns
[2020-03-27T05:02:52.855+0000][1][safepoint    ] Safepoint "Cleanup", Time since last: 1001106349 ns, Reaching safepoint: 154200 ns, At safepoint: 25200 ns, Total: 179400 ns
[2020-03-27T05:02:53.857+0000][1][safepoint    ] Safepoint "Cleanup", Time since last: 1001072749 ns, Reaching safepoint: 442200 ns, At safepoint: 66100 ns, Total: 508300 ns
[2020-03-27T05:02:54.860+0000][1][safepoint    ] Safepoint "Cleanup", Time since last: 1002171249 ns, Reaching safepoint: 451600 ns, At safepoint: 291300 ns, Total: 742900 ns
[2020-03-27T05:02:55.863+0000][1][safepoint    ] Safepoint "Cleanup", Time since last: 1002589849 ns, Reaching safepoint: 418700 ns, At safepoint: 83000 ns, Total: 501700 ns
[2020-03-27T05:02:56.866+0000][1][safepoint    ] Safepoint "Cleanup", Time since last: 1002269649 ns, Reaching safepoint: 334100 ns, At safepoint: 179400 ns, Total: 513500 ns
[2020-03-27T05:02:57.868+0000][1][safepoint    ] Safepoint "Cleanup", Time since last: 1002154823 ns, Reaching safepoint: 119300 ns, At safepoint: 20800 ns, Total: 140100 ns
[2020-03-27T05:02:58.479+0000][1][safepoint    ] Safepoint "RevokeBias", Time since last: 611316635 ns, Reaching safepoint: 115100 ns, At safepoint: 25600 ns, Total: 140700 ns
[2020-03-27T05:02:58.481+0000][1][safepoint    ] Safepoint "RevokeBias", Time since last: 1695400 ns, Reaching safepoint: 93800 ns, At safepoint: 11200 ns, Total: 105000 ns
[2020-03-27T05:02:58.512+0000][1][safepoint    ] Safepoint "RevokeBias", Time since last: 30357997 ns, Reaching safepoint: 240900 ns, At safepoint: 29600 ns, Total: 270500 ns
[2020-03-27T05:02:58.800+0000][1][safepoint    ] Safepoint "RevokeBias", Time since last: 288150569 ns, Reaching safepoint: 277900 ns, At safepoint: 21500 ns, Total: 299400 ns
[2020-03-27T05:02:58.801+0000][1][safepoint    ] Safepoint "RevokeBias", Time since last: 885800 ns, Reaching safepoint: 150500 ns, At safepoint: 29600 ns, Total: 180100 ns
[2020-03-27T05:02:58.809+0000][1][safepoint    ] Safepoint "RevokeBias", Time since last: 7184499 ns, Reaching safepoint: 109600 ns, At safepoint: 15200 ns, Total: 124800 ns
[2020-03-27T05:02:58.818+0000][1][safepoint    ] Safepoint "RevokeBias", Time since last: 8965799 ns, Reaching safepoint: 235400 ns, At safepoint: 63800 ns, Total: 299200 ns
[2020-03-27T05:02:58.863+0000][1][safepoint    ] Safepoint "RevokeBias", Time since last: 44918495 ns, Reaching safepoint: 273500 ns, At safepoint: 22600 ns, Total: 296100 ns
[2020-03-27T05:02:59.864+0000][1][safepoint    ] Safepoint "Cleanup", Time since last: 1000569693 ns, Reaching safepoint: 380200 ns, At safepoint: 81700 ns, Total: 461900 ns
[2020-03-27T05:03:00.866+0000][1][safepoint    ] Safepoint "Cleanup", Time since last: 1001851094 ns, Reaching safepoint: 123100 ns, At safepoint: 19300 ns, Total: 142400 ns
[2020-03-27T05:03:01.168+0000][1][safepoint    ] Safepoint "RevokeBias", Time since last: 301210968 ns, Reaching safepoint: 195499 ns, At safepoint: 40800 ns, Total: 236299 ns
[2020-03-27T05:03:01.957+0000][1][safepoint    ] Safepoint "RevokeBias", Time since last: 789297016 ns, Reaching safepoint: 276600 ns, At safepoint: 51600 ns, Total: 328200 ns
[2020-03-27T05:03:01.959+0000][1][safepoint    ] Safepoint "RevokeBias", Time since last: 1082200 ns, Reaching safepoint: 490100 ns, At safepoint: 21700 ns, Total: 511800 ns
[2020-03-27T05:03:01.960+0000][1][safepoint    ] Safepoint "RevokeBias", Time since last: 1448300 ns, Reaching safepoint: 137500 ns, At safepoint: 18700 ns, Total: 156200 ns
[2020-03-27T05:03:01.964+0000][1][safepoint    ] Safepoint "RevokeBias", Time since last: 3265900 ns, Reaching safepoint: 461000 ns, At safepoint: 76700 ns, Total: 537700 ns
[2020-03-27T05:03:02.011+0000][1][safepoint    ] Safepoint "RevokeBias", Time since last: 47067995 ns, Reaching safepoint: 135100 ns, At safepoint: 27700 ns, Total: 162800 ns
[2020-03-27T05:03:03.012+0000][1][safepoint    ] Safepoint "Cleanup", Time since last: 1000630693 ns, Reaching safepoint: 108300 ns, At safepoint: 16500 ns, Total: 124800 ns
[2020-03-27T05:03:08.495+0000][1][gc,start     ] GC(37) Pause Young (Allocation Failure)
[2020-03-27T05:03:08.496+0000][1][gc,task      ] GC(37) Using 2 workers of 2 for evacuation
[2020-03-27T05:03:08.503+0000][1][gc,age       ] GC(37) Desired survivor size 8716288 bytes, new threshold 6 (max threshold 6)
[2020-03-27T05:03:08.504+0000][1][gc,age       ] GC(37) Age table with threshold 6 (max threshold 6)
[2020-03-27T05:03:08.504+0000][1][gc,age       ] GC(37) - age   1:     864816 bytes,     864816 total
[2020-03-27T05:03:08.504+0000][1][gc,age       ] GC(37) - age   2:     314464 bytes,    1179280 total
[2020-03-27T05:03:08.505+0000][1][gc,age       ] GC(37) - age   3:     370928 bytes,    1550208 total
[2020-03-27T05:03:08.505+0000][1][gc,heap      ] GC(37) ParNew: 144233K->3207K(153344K)
[2020-03-27T05:03:08.506+0000][1][gc,heap      ] GC(37) CMS: 97328K->97328K(353920K)
[2020-03-27T05:03:08.506+0000][1][gc,metaspace ] GC(37) Metaspace: 94817K->94817K(1136640K)
[2020-03-27T05:03:08.507+0000][1][gc           ] GC(37) Pause Young (Allocation Failure) 235M->98M(495M) 11.643ms
[2020-03-27T05:03:08.507+0000][1][gc,cpu       ] GC(37) User=0.01s Sys=0.00s Real=0.02s
[2020-03-27T05:03:08.508+0000][1][safepoint    ] Safepoint "GenCollectForAllocation", Time since last: 5482703485 ns, Reaching safepoint: 136800 ns, At safepoint: 12600500 ns, Total: 12737300 ns
[2020-03-27T05:03:08.514+0000][1][safepoint    ] Safepoint "RevokeBias", Time since last: 5941399 ns, Reaching safepoint: 112800 ns, At safepoint: 24600 ns, Total: 137400 ns
[2020-03-27T05:03:08.524+0000][1][safepoint    ] Safepoint "RevokeBias", Time since last: 10181700 ns, Reaching safepoint: 114500 ns, At safepoint: 24400 ns, Total: 138900 ns
[2020-03-27T05:03:08.552+0000][1][safepoint    ] Safepoint "RevokeBias", Time since last: 27548600 ns, Reaching safepoint: 201100 ns, At safepoint: 16600 ns, Total: 217700 ns
[2020-03-27T05:03:08.964+0000][1][safepoint    ] Safepoint "RevokeBias", Time since last: 411491291 ns, Reaching safepoint: 215200 ns, At safepoint: 35900 ns, Total: 251100 ns
[2020-03-27T05:03:08.964+0000][1][safepoint    ] Safepoint "RevokeBias", Time since last: 744300 ns, Reaching safepoint: 99800 ns, At safepoint: 15200 ns, Total: 115000 ns
[2020-03-27T05:03:08.966+0000][1][safepoint    ] Safepoint "RevokeBias", Time since last: 1326500 ns, Reaching safepoint: 80600 ns, At safepoint: 12600 ns, Total: 93200 ns
[2020-03-27T05:03:08.967+0000][1][safepoint    ] Safepoint "RevokeBias", Time since last: 968800 ns, Reaching safepoint: 56400 ns, At safepoint: 21100 ns, Total: 77500 ns
[2020-03-27T05:03:09.012+0000][1][safepoint    ] Safepoint "RevokeBias", Time since last: 44617399 ns, Reaching safepoint: 159600 ns, At safepoint: 21000 ns, Total: 180600 ns
[2020-03-27T05:03:10.012+0000][1][safepoint    ] Safepoint "Cleanup", Time since last: 1000549780 ns, Reaching safepoint: 112500 ns, At safepoint: 16200 ns, Total: 128700 ns
[2020-03-27T05:03:11.013+0000][1][safepoint    ] Safepoint "Cleanup", Time since last: 1000758179 ns, Reaching safepoint: 153100 ns, At safepoint: 55100 ns, Total: 208200 ns
[2020-03-27T05:03:11.165+0000][1][safepoint    ] Safepoint "RevokeBias", Time since last: 150762097 ns, Reaching safepoint: 515800 ns, At safepoint: 163200 ns, Total: 679000 ns
[2020-03-27T05:03:12.105+0000][1][safepoint    ] Safepoint "RevokeBias", Time since last: 940058680 ns, Reaching safepoint: 236900 ns, At safepoint: 29500 ns, Total: 266400 ns
[2020-03-27T05:03:12.107+0000][1][safepoint    ] Safepoint "BulkRevokeBias", Time since last: 982200 ns, Reaching safepoint: 228800 ns, At safepoint: 706200 ns, Total: 935000 ns
[2020-03-27T05:03:12.109+0000][1][safepoint    ] Safepoint "RevokeBias", Time since last: 1949500 ns, Reaching safepoint: 82000 ns, At safepoint: 26100 ns, Total: 108100 ns
[2020-03-27T05:03:12.111+0000][1][safepoint    ] Safepoint "BulkRevokeBias", Time since last: 1091500 ns, Reaching safepoint: 69700 ns, At safepoint: 444600 ns, Total: 514300 ns
[2020-03-27T05:03:12.159+0000][1][safepoint    ] Safepoint "RevokeBias", Time since last: 48066799 ns, Reaching safepoint: 228000 ns, At safepoint: 28700 ns, Total: 256700 ns
[2020-03-27T05:03:14.160+0000][1][safepoint    ] Safepoint "Cleanup", Time since last: 2000904859 ns, Reaching safepoint: 120000 ns, At safepoint: 16400 ns, Total: 136400 ns
[2020-03-27T05:03:16.265+0000][1][gc,start     ] GC(38) Pause Young (Allocation Failure)
[2020-03-27T05:03:16.266+0000][1][gc,task      ] GC(38) Using 2 workers of 2 for evacuation
[2020-03-27T05:03:16.270+0000][1][gc,age       ] GC(38) Desired survivor size 8716288 bytes, new threshold 6 (max threshold 6)
[2020-03-27T05:03:16.271+0000][1][gc,age       ] GC(38) Age table with threshold 6 (max threshold 6)
[2020-03-27T05:03:16.271+0000][1][gc,age       ] GC(38) - age   1:     708376 bytes,     708376 total
[2020-03-27T05:03:16.271+0000][1][gc,age       ] GC(38) - age   2:     765200 bytes,    1473576 total
[2020-03-27T05:03:16.272+0000][1][gc,age       ] GC(38) - age   3:     314184 bytes,    1787760 total
[2020-03-27T05:03:16.273+0000][1][gc,age       ] GC(38) - age   4:     368832 bytes,    2156592 total
[2020-03-27T05:03:16.273+0000][1][gc,heap      ] GC(38) ParNew: 139527K->2739K(153344K)
[2020-03-27T05:03:16.274+0000][1][gc,heap      ] GC(38) CMS: 97328K->97328K(353920K)
[2020-03-27T05:03:16.274+0000][1][gc,metaspace ] GC(38) Metaspace: 94852K->94852K(1136640K)
[2020-03-27T05:03:16.274+0000][1][gc           ] GC(38) Pause Young (Allocation Failure) 231M->97M(495M) 9.545ms
[2020-03-27T05:03:16.275+0000][1][gc,cpu       ] GC(38) User=0.01s Sys=0.01s Real=0.01s
[2020-03-27T05:03:16.275+0000][1][safepoint    ] Safepoint "GenCollectForAllocation", Time since last: 2104789057 ns, Reaching safepoint: 136100 ns, At safepoint: 10530900 ns, Total: 10667000 ns
[2020-03-27T05:03:18.480+0000][1][safepoint    ] Safepoint "RevokeBias", Time since last: 2204663955 ns, Reaching safepoint: 163300 ns, At safepoint: 41100 ns, Total: 204400 ns
[2020-03-27T05:03:18.483+0000][1][safepoint    ] Safepoint "RevokeBias", Time since last: 2268300 ns, Reaching safepoint: 170100 ns, At safepoint: 14100 ns, Total: 184200 ns
[2020-03-27T05:03:18.511+0000][1][safepoint    ] Safepoint "RevokeBias", Time since last: 27964200 ns, Reaching safepoint: 108400 ns, At safepoint: 26900 ns, Total: 135300 ns
[2020-03-27T05:03:19.512+0000][1][safepoint    ] Safepoint "Cleanup", Time since last: 1001047179 ns, Reaching safepoint: 106100 ns, At safepoint: 18800 ns, Total: 124900 ns
[2020-03-27T05:03:20.513+0000][1][safepoint    ] Safepoint "Cleanup", Time since last: 1000782380 ns, Reaching safepoint: 115800 ns, At safepoint: 17700 ns, Total: 133500 ns
[2020-03-27T05:03:21.179+0000][1][safepoint    ] Safepoint "RevokeBias", Time since last: 665270786 ns, Reaching safepoint: 364500 ns, At safepoint: 39700 ns, Total: 404200 ns
[2020-03-27T05:03:23.180+0000][1][safepoint    ] Safepoint "Cleanup", Time since last: 2000707055 ns, Reaching safepoint: 419500 ns, At safepoint: 153400 ns, Total: 572900 ns
[2020-03-27T05:03:24.182+0000][1][safepoint    ] Safepoint "Cleanup", Time since last: 1002380077 ns, Reaching safepoint: 105000 ns, At safepoint: 19600 ns, Total: 124600 ns
[2020-03-27T05:03:25.184+0000][1][safepoint    ] Safepoint "Cleanup", Time since last: 1000952377 ns, Reaching safepoint: 520800 ns, At safepoint: 73700 ns, Total: 594500 ns
[2020-03-27T05:03:27.186+0000][1][safepoint    ] Safepoint "Cleanup", Time since last: 2002207254 ns, Reaching safepoint: 147100 ns, At safepoint: 16300 ns, Total: 163400 ns
[2020-03-27T05:03:28.187+0000][1][safepoint    ] Safepoint "Cleanup", Time since last: 1000675378 ns, Reaching safepoint: 123900 ns, At safepoint: 16700 ns, Total: 140600 ns
[2020-03-27T05:03:28.540+0000][1][safepoint    ] Safepoint "RevokeBias", Time since last: 352762792 ns, Reaching safepoint: 107300 ns, At safepoint: 26400 ns, Total: 133700 ns
[2020-03-27T05:03:29.542+0000][1][safepoint    ] Safepoint "Cleanup", Time since last: 1001021179 ns, Reaching safepoint: 548300 ns, At safepoint: 74300 ns, Total: 622600 ns
[2020-03-27T05:03:30.544+0000][1][safepoint    ] Safepoint "Cleanup", Time since last: 1002316793 ns, Reaching safepoint: 122900 ns, At safepoint: 24600 ns, Total: 147500 ns
[2020-03-27T05:03:31.176+0000][1][safepoint    ] Safepoint "RevokeBias", Time since last: 632001396 ns, Reaching safepoint: 202700 ns, At safepoint: 12900 ns, Total: 215600 ns
[2020-03-27T05:03:38.535+0000][1][safepoint    ] Safepoint "RevokeBias", Time since last: 7358058428 ns, Reaching safepoint: 135400 ns, At safepoint: 22100 ns, Total: 157500 ns
[2020-03-27T05:03:39.536+0000][1][safepoint    ] Safepoint "Cleanup", Time since last: 1000834573 ns, Reaching safepoint: 217200 ns, At safepoint: 34800 ns, Total: 252000 ns
[2020-03-27T05:03:40.537+0000][1][safepoint    ] Safepoint "Cleanup", Time since last: 1001348473 ns, Reaching safepoint: 158500 ns, At safepoint: 36400 ns, Total: 194900 ns
[2020-03-27T05:03:41.222+0000][1][safepoint    ] Safepoint "RevokeBias", Time since last: 684064381 ns, Reaching safepoint: 243800 ns, At safepoint: 97500 ns, Total: 341300 ns
[2020-03-27T05:03:43.218+0000][1][safepoint    ] Safepoint "Cleanup", Time since last: 1996077546 ns, Reaching safepoint: 602800 ns, At safepoint: 91900 ns, Total: 694700 ns
[2020-03-27T05:03:44.040+0000][1][safepoint    ] Safepoint "RevokeBias", Time since last: 821086378 ns, Reaching safepoint: 258500 ns, At safepoint: 34600 ns, Total: 293100 ns
[2020-03-27T05:03:44.042+0000][1][safepoint    ] Safepoint "RevokeBias", Time since last: 2033400 ns, Reaching safepoint: 114200 ns, At safepoint: 27200 ns, Total: 141400 ns
[2020-03-27T05:03:44.094+0000][1][gc,start     ] GC(39) Pause Young (Allocation Failure)
[2020-03-27T05:03:44.094+0000][1][gc,task      ] GC(39) Using 2 workers of 2 for evacuation
[2020-03-27T05:03:44.110+0000][1][gc,age       ] GC(39) Desired survivor size 8716288 bytes, new threshold 1 (max threshold 6)
[2020-03-27T05:03:44.111+0000][1][gc,age       ] GC(39) Age table with threshold 1 (max threshold 6)
[2020-03-27T05:03:44.111+0000][1][gc,age       ] GC(39) - age   1:   13612768 bytes,   13612768 total
[2020-03-27T05:03:44.112+0000][1][gc,age       ] GC(39) - age   2:     679960 bytes,   14292728 total
[2020-03-27T05:03:44.112+0000][1][gc,age       ] GC(39) - age   3:     747568 bytes,   15040296 total
[2020-03-27T05:03:44.112+0000][1][gc,age       ] GC(39) - age   4:     314184 bytes,   15354480 total
[2020-03-27T05:03:44.113+0000][1][gc,age       ] GC(39) - age   5:     365768 bytes,   15720248 total
[2020-03-27T05:03:44.113+0000][1][gc,heap      ] GC(39) ParNew: 139032K->16336K(153344K)
[2020-03-27T05:03:44.114+0000][1][gc,heap      ] GC(39) CMS: 97328K->97328K(353920K)
[2020-03-27T05:03:44.114+0000][1][gc,metaspace ] GC(39) Metaspace: 95135K->95135K(1136640K)
[2020-03-27T05:03:44.115+0000][1][gc           ] GC(39) Pause Young (Allocation Failure) 230M->111M(495M) 20.803ms
[2020-03-27T05:03:44.115+0000][1][gc,cpu       ] GC(39) User=0.01s Sys=0.01s Real=0.02s
[2020-03-27T05:03:44.116+0000][1][safepoint    ] Safepoint "GenCollectForAllocation", Time since last: 51518998 ns, Reaching safepoint: 321800 ns, At safepoint: 21764200 ns, Total: 22086000 ns
[2020-03-27T05:03:44.145+0000][1][safepoint    ] Safepoint "RevokeBias", Time since last: 28993999 ns, Reaching safepoint: 404900 ns, At safepoint: 25100 ns, Total: 430000 ns
[2020-03-27T05:03:44.146+0000][1][safepoint    ] Safepoint "RevokeBias", Time since last: 566400 ns, Reaching safepoint: 276100 ns, At safepoint: 15800 ns, Total: 291900 ns
[2020-03-27T05:03:44.147+0000][1][safepoint    ] Safepoint "RevokeBias", Time since last: 778000 ns, Reaching safepoint: 189500 ns, At safepoint: 23500 ns, Total: 213000 ns
[2020-03-27T05:03:44.149+0000][1][safepoint    ] Safepoint "RevokeBias", Time since last: 1622800 ns, Reaching safepoint: 196600 ns, At safepoint: 16000 ns, Total: 212600 ns
[2020-03-27T05:03:44.150+0000][1][safepoint    ] Safepoint "RevokeBias", Time since last: 1262800 ns, Reaching safepoint: 154800 ns, At safepoint: 16500 ns, Total: 171300 ns
[2020-03-27T05:03:44.201+0000][1][safepoint    ] Safepoint "RevokeBias", Time since last: 51079198 ns, Reaching safepoint: 162100 ns, At safepoint: 19500 ns, Total: 181600 ns
[2020-03-27T05:03:44.278+0000][1][safepoint    ] Safepoint "RevokeBias", Time since last: 76183498 ns, Reaching safepoint: 235200 ns, At safepoint: 12600 ns, Total: 247800 ns
[2020-03-27T05:03:44.281+0000][1][safepoint    ] Safepoint "RevokeBias", Time since last: 2763000 ns, Reaching safepoint: 194500 ns, At safepoint: 61500 ns, Total: 256000 ns
[2020-03-27T05:03:44.284+0000][1][safepoint    ] Safepoint "Deoptimize", Time since last: 1382200 ns, Reaching safepoint: 346700 ns, At safepoint: 1643600 ns, Total: 1990300 ns
[2020-03-27T05:03:44.306+0000][1][safepoint    ] Safepoint "RevokeBias", Time since last: 21773099 ns, Reaching safepoint: 284800 ns, At safepoint: 118700 ns, Total: 403500 ns
[2020-03-27T05:03:44.323+0000][1][safepoint    ] Safepoint "RevokeBias", Time since last: 16031200 ns, Reaching safepoint: 532100 ns, At safepoint: 233400 ns, Total: 765500 ns
[2020-03-27T05:03:44.331+0000][1][safepoint    ] Safepoint "RevokeBias", Time since last: 7006700 ns, Reaching safepoint: 378600 ns, At safepoint: 247200 ns, Total: 625800 ns
[2020-03-27T05:03:44.331+0000][1][safepoint    ] Safepoint "RevokeBias", Time since last: 376600 ns, Reaching safepoint: 175700 ns, At safepoint: 119000 ns, Total: 294700 ns
[2020-03-27T05:03:44.338+0000][1][safepoint    ] Safepoint "RevokeBias", Time since last: 6187600 ns, Reaching safepoint: 554500 ns, At safepoint: 198700 ns, Total: 753200 ns
[2020-03-27T05:03:44.341+0000][1][safepoint    ] Safepoint "RevokeBias", Time since last: 2265299 ns, Reaching safepoint: 339900 ns, At safepoint: 40700 ns, Total: 380600 ns
[2020-03-27T05:03:44.392+0000][1][safepoint    ] Safepoint "RevokeBias", Time since last: 50503799 ns, Reaching safepoint: 127800 ns, At safepoint: 19900 ns, Total: 147700 ns
[2020-03-27T05:03:44.462+0000][1][safepoint    ] Safepoint "RevokeBias", Time since last: 69719598 ns, Reaching safepoint: 126900 ns, At safepoint: 25100 ns, Total: 152000 ns
[2020-03-27T05:03:44.463+0000][1][safepoint    ] Safepoint "RevokeBias", Time since last: 1372500 ns, Reaching safepoint: 153200 ns, At safepoint: 34200 ns, Total: 187400 ns
[2020-03-27T05:03:44.465+0000][1][safepoint    ] Safepoint "RevokeBias", Time since last: 1287500 ns, Reaching safepoint: 119000 ns, At safepoint: 12700 ns, Total: 131700 ns
[2020-03-27T05:03:45.466+0000][1][safepoint    ] Safepoint "Cleanup", Time since last: 1000624973 ns, Reaching safepoint: 546900 ns, At safepoint: 26900 ns, Total: 573800 ns
[2020-03-27T05:03:46.468+0000][1][safepoint    ] Safepoint "Cleanup", Time since last: 1001930684 ns, Reaching safepoint: 163600 ns, At safepoint: 30700 ns, Total: 194300 ns
[2020-03-27T05:03:48.499+0000][1][safepoint    ] Safepoint "RevokeBias", Time since last: 2030843268 ns, Reaching safepoint: 165100 ns, At safepoint: 24800 ns, Total: 189900 ns
[2020-03-27T05:03:48.517+0000][1][safepoint    ] Safepoint "RevokeBias", Time since last: 18020000 ns, Reaching safepoint: 110100 ns, At safepoint: 26100 ns, Total: 136200 ns
[2020-03-27T05:03:48.561+0000][1][gc,start     ] GC(40) Pause Young (Allocation Failure)
[2020-03-27T05:03:48.562+0000][1][gc,task      ] GC(40) Using 2 workers of 2 for evacuation
[2020-03-27T05:03:48.604+0000][1][gc,age       ] GC(40) Desired survivor size 8716288 bytes, new threshold 6 (max threshold 6)
[2020-03-27T05:03:48.605+0000][1][gc,age       ] GC(40) Age table with threshold 6 (max threshold 6)
[2020-03-27T05:03:48.605+0000][1][gc,age       ] GC(40) - age   1:    1188048 bytes,    1188048 total
[2020-03-27T05:03:48.606+0000][1][gc,heap      ] GC(40) ParNew: 152656K->11994K(153344K)
[2020-03-27T05:03:48.606+0000][1][gc,heap      ] GC(40) CMS: 97328K->99503K(353920K)
[2020-03-27T05:03:48.607+0000][1][gc,metaspace ] GC(40) Metaspace: 95284K->95284K(1136640K)
[2020-03-27T05:03:48.607+0000][1][gc           ] GC(40) Pause Young (Allocation Failure) 244M->108M(495M) 45.476ms
[2020-03-27T05:03:48.607+0000][1][gc,cpu       ] GC(40) User=0.02s Sys=0.00s Real=0.05s
[2020-03-27T05:03:48.608+0000][1][safepoint    ] Safepoint "GenCollectForAllocation", Time since last: 44204199 ns, Reaching safepoint: 118900 ns, At safepoint: 46180699 ns, Total: 46299599 ns
[2020-03-27T05:03:48.634+0000][1][safepoint    ] Safepoint "RevokeBias", Time since last: 25867700 ns, Reaching safepoint: 198200 ns, At safepoint: 24800 ns, Total: 223000 ns
[2020-03-27T05:03:49.324+0000][1][safepoint    ] Safepoint "RevokeBias", Time since last: 689954589 ns, Reaching safepoint: 111800 ns, At safepoint: 15100 ns, Total: 126900 ns
[2020-03-27T05:03:49.325+0000][1][safepoint    ] Safepoint "RevokeBias", Time since last: 962400 ns, Reaching safepoint: 92200 ns, At safepoint: 13800 ns, Total: 106000 ns
[2020-03-27T05:03:49.326+0000][1][safepoint    ] Safepoint "RevokeBias", Time since last: 1288300 ns, Reaching safepoint: 113200 ns, At safepoint: 13200 ns, Total: 126400 ns
[2020-03-27T05:03:49.327+0000][1][safepoint    ] Safepoint "RevokeBias", Time since last: 1106500 ns, Reaching safepoint: 149000 ns, At safepoint: 13100 ns, Total: 162100 ns
[2020-03-27T05:03:49.375+0000][1][safepoint    ] Safepoint "RevokeBias", Time since last: 47800099 ns, Reaching safepoint: 135300 ns, At safepoint: 20000 ns, Total: 155300 ns
[2020-03-27T05:03:50.377+0000][1][safepoint    ] Safepoint "Cleanup", Time since last: 1000954584 ns, Reaching safepoint: 326800 ns, At safepoint: 24800 ns, Total: 351600 ns
[2020-03-27T05:03:51.216+0000][1][safepoint    ] Safepoint "RevokeBias", Time since last: 838937887 ns, Reaching safepoint: 117800 ns, At safepoint: 14800 ns, Total: 132600 ns
[2020-03-27T05:03:51.469+0000][1][safepoint    ] Safepoint "RevokeBias", Time since last: 253285196 ns, Reaching safepoint: 118700 ns, At safepoint: 28400 ns, Total: 147100 ns
[2020-03-27T05:03:51.470+0000][1][safepoint    ] Safepoint "RevokeBias", Time since last: 735300 ns, Reaching safepoint: 77800 ns, At safepoint: 13000 ns, Total: 90800 ns
[2020-03-27T05:03:51.472+0000][1][safepoint    ] Safepoint "RevokeBias", Time since last: 1421200 ns, Reaching safepoint: 83300 ns, At safepoint: 11600 ns, Total: 94900 ns
[2020-03-27T05:03:51.473+0000][1][safepoint    ] Safepoint "RevokeBias", Time since last: 1385700 ns, Reaching safepoint: 62000 ns, At safepoint: 12200 ns, Total: 74200 ns
[2020-03-27T05:03:51.516+0000][1][safepoint    ] Safepoint "RevokeBias", Time since last: 43091499 ns, Reaching safepoint: 114100 ns, At safepoint: 18600 ns, Total: 132700 ns
[2020-03-27T05:03:51.548+0000][1][safepoint    ] Safepoint "RevokeBias", Time since last: 31765599 ns, Reaching safepoint: 195700 ns, At safepoint: 35700 ns, Total: 231400 ns
[2020-03-27T05:03:51.553+0000][1][safepoint    ] Safepoint "RevokeBias", Time since last: 4130800 ns, Reaching safepoint: 79600 ns, At safepoint: 20800 ns, Total: 100400 ns
[2020-03-27T05:03:51.554+0000][1][safepoint    ] Safepoint "BulkRevokeBias", Time since last: 1025900 ns, Reaching safepoint: 81600 ns, At safepoint: 413100 ns, Total: 494700 ns
[2020-03-27T05:03:51.592+0000][1][gc,start     ] GC(41) Pause Young (Allocation Failure)
[2020-03-27T05:03:51.592+0000][1][gc,task      ] GC(41) Using 2 workers of 2 for evacuation
[2020-03-27T05:03:51.596+0000][1][gc,age       ] GC(41) Desired survivor size 8716288 bytes, new threshold 6 (max threshold 6)
[2020-03-27T05:03:51.597+0000][1][gc,age       ] GC(41) Age table with threshold 6 (max threshold 6)
[2020-03-27T05:03:51.597+0000][1][gc,age       ] GC(41) - age   1:    1111152 bytes,    1111152 total
[2020-03-27T05:03:51.597+0000][1][gc,age       ] GC(41) - age   2:     850864 bytes,    1962016 total
[2020-03-27T05:03:51.598+0000][1][gc,heap      ] GC(41) ParNew: 147965K->3216K(153344K)
[2020-03-27T05:03:51.598+0000][1][gc,heap      ] GC(41) CMS: 99503K->99503K(353920K)
[2020-03-27T05:03:51.598+0000][1][gc,metaspace ] GC(41) Metaspace: 95319K->95319K(1136640K)
[2020-03-27T05:03:51.599+0000][1][gc           ] GC(41) Pause Young (Allocation Failure) 241M->100M(495M) 6.913ms
[2020-03-27T05:03:51.599+0000][1][gc,cpu       ] GC(41) User=0.01s Sys=0.00s Real=0.01s
[2020-03-27T05:03:51.599+0000][1][safepoint    ] Safepoint "GenCollectForAllocation", Time since last: 37389100 ns, Reaching safepoint: 208500 ns, At safepoint: 7667200 ns, Total: 7875700 ns
[2020-03-27T05:03:52.555+0000][1][safepoint    ] Safepoint "BulkRevokeBias", Time since last: 953414584 ns, Reaching safepoint: 551700 ns, At safepoint: 1875600 ns, Total: 2427300 ns
[2020-03-27T05:03:52.591+0000][1][safepoint    ] Safepoint "RevokeBias", Time since last: 35998100 ns, Reaching safepoint: 131800 ns, At safepoint: 46300 ns, Total: 178100 ns
[2020-03-27T05:03:56.594+0000][1][safepoint    ] Safepoint "Cleanup", Time since last: 4001774700 ns, Reaching safepoint: 336700 ns, At safepoint: 173600 ns, Total: 510300 ns
[2020-03-27T05:03:58.502+0000][1][safepoint    ] Safepoint "RevokeBias", Time since last: 1907696630 ns, Reaching safepoint: 291500 ns, At safepoint: 45900 ns, Total: 337400 ns
[2020-03-27T05:03:58.507+0000][1][safepoint    ] Safepoint "RevokeBias", Time since last: 5005401 ns, Reaching safepoint: 144900 ns, At safepoint: 16000 ns, Total: 160900 ns
[2020-03-27T05:03:58.533+0000][1][safepoint    ] Safepoint "RevokeBias", Time since last: 26235701 ns, Reaching safepoint: 190600 ns, At safepoint: 12900 ns, Total: 203500 ns
[2020-03-27T05:03:59.503+0000][1][safepoint    ] Safepoint "RevokeBias", Time since last: 969023467 ns, Reaching safepoint: 181900 ns, At safepoint: 134700 ns, Total: 316600 ns
[2020-03-27T05:03:59.504+0000][1][safepoint    ] Safepoint "RevokeBias", Time since last: 1212900 ns, Reaching safepoint: 124300 ns, At safepoint: 21100 ns, Total: 145400 ns
[2020-03-27T05:03:59.505+0000][1][safepoint    ] Safepoint "RevokeBias", Time since last: 1262500 ns, Reaching safepoint: 94600 ns, At safepoint: 20700 ns, Total: 115300 ns
[2020-03-27T05:03:59.507+0000][1][safepoint    ] Safepoint "RevokeBias", Time since last: 1144800 ns, Reaching safepoint: 118800 ns, At safepoint: 30300 ns, Total: 149100 ns
[2020-03-27T05:03:59.559+0000][1][safepoint    ] Safepoint "RevokeBias", Time since last: 52630004 ns, Reaching safepoint: 116000 ns, At safepoint: 47200 ns, Total: 163200 ns
[2020-03-27T05:04:01.220+0000][1][safepoint    ] Safepoint "RevokeBias", Time since last: 1659908013 ns, Reaching safepoint: 275900 ns, At safepoint: 386500 ns, Total: 662400 ns
[2020-03-27T05:04:01.690+0000][1][safepoint    ] Safepoint "RevokeBias", Time since last: 469576028 ns, Reaching safepoint: 278300 ns, At safepoint: 29700 ns, Total: 308000 ns
[2020-03-27T05:04:01.691+0000][1][safepoint    ] Safepoint "RevokeBias", Time since last: 381800 ns, Reaching safepoint: 558300 ns, At safepoint: 13100 ns, Total: 571400 ns
[2020-03-27T05:04:01.693+0000][1][safepoint    ] Safepoint "RevokeBias", Time since last: 1419100 ns, Reaching safepoint: 433900 ns, At safepoint: 170300 ns, Total: 604200 ns
[2020-03-27T05:04:01.694+0000][1][safepoint    ] Safepoint "RevokeBias", Time since last: 960401 ns, Reaching safepoint: 171700 ns, At safepoint: 22700 ns, Total: 194400 ns
[2020-03-27T05:04:01.699+0000][1][gc,start     ] GC(42) Pause Young (Allocation Failure)
[2020-03-27T05:04:01.700+0000][1][gc,task      ] GC(42) Using 2 workers of 2 for evacuation
[2020-03-27T05:04:01.706+0000][1][gc,age       ] GC(42) Desired survivor size 8716288 bytes, new threshold 6 (max threshold 6)
[2020-03-27T05:04:01.706+0000][1][gc,age       ] GC(42) Age table with threshold 6 (max threshold 6)
[2020-03-27T05:04:01.707+0000][1][gc,age       ] GC(42) - age   1:    1268240 bytes,    1268240 total
[2020-03-27T05:04:01.707+0000][1][gc,age       ] GC(42) - age   2:     384736 bytes,    1652976 total
[2020-03-27T05:04:01.707+0000][1][gc,age       ] GC(42) - age   3:     653800 bytes,    2306776 total
[2020-03-27T05:04:01.708+0000][1][gc,heap      ] GC(42) ParNew: 139536K->3045K(153344K)
[2020-03-27T05:04:01.708+0000][1][gc,heap      ] GC(42) CMS: 99503K->99503K(353920K)
[2020-03-27T05:04:01.708+0000][1][gc,metaspace ] GC(42) Metaspace: 95369K->95369K(1136640K)
[2020-03-27T05:04:01.709+0000][1][gc           ] GC(42) Pause Young (Allocation Failure) 233M->100M(495M) 9.296ms
[2020-03-27T05:04:01.709+0000][1][gc,cpu       ] GC(42) User=0.01s Sys=0.00s Real=0.01s
[2020-03-27T05:04:01.709+0000][1][safepoint    ] Safepoint "GenCollectForAllocation", Time since last: 4951400 ns, Reaching safepoint: 269100 ns, At safepoint: 9901000 ns, Total: 10170100 ns
[2020-03-27T05:04:01.749+0000][1][safepoint    ] Safepoint "RevokeBias", Time since last: 39497802 ns, Reaching safepoint: 128200 ns, At safepoint: 29500 ns, Total: 157700 ns
[2020-03-27T05:04:08.506+0000][1][safepoint    ] Safepoint "RevokeBias", Time since last: 6757128040 ns, Reaching safepoint: 159300 ns, At safepoint: 27900 ns, Total: 187200 ns
[2020-03-27T05:04:08.516+0000][1][safepoint    ] Safepoint "RevokeBias", Time since last: 10236000 ns, Reaching safepoint: 103700 ns, At safepoint: 24200 ns, Total: 127900 ns
[2020-03-27T05:04:08.544+0000][1][safepoint    ] Safepoint "RevokeBias", Time since last: 27322401 ns, Reaching safepoint: 180900 ns, At safepoint: 14500 ns, Total: 195400 ns
[2020-03-27T05:04:08.644+0000][1][safepoint    ] Safepoint "RevokeBias", Time since last: 99643405 ns, Reaching safepoint: 141901 ns, At safepoint: 23900 ns, Total: 165801 ns
[2020-03-27T05:04:08.645+0000][1][safepoint    ] Safepoint "RevokeBias", Time since last: 1008400 ns, Reaching safepoint: 74400 ns, At safepoint: 13300 ns, Total: 87700 ns
[2020-03-27T05:04:08.646+0000][1][safepoint    ] Safepoint "RevokeBias", Time since last: 1192100 ns, Reaching safepoint: 66800 ns, At safepoint: 13800 ns, Total: 80600 ns
[2020-03-27T05:04:08.647+0000][1][safepoint    ] Safepoint "RevokeBias", Time since last: 1163900 ns, Reaching safepoint: 75200 ns, At safepoint: 21500 ns, Total: 96700 ns
[2020-03-27T05:04:08.698+0000][1][safepoint    ] Safepoint "RevokeBias", Time since last: 50222602 ns, Reaching safepoint: 198600 ns, At safepoint: 29300 ns, Total: 227900 ns
[2020-03-27T05:04:09.699+0000][1][safepoint    ] Safepoint "Cleanup", Time since last: 1000601232 ns, Reaching safepoint: 435400 ns, At safepoint: 62500 ns, Total: 497900 ns
[2020-03-27T05:04:11.230+0000][1][safepoint    ] Safepoint "RevokeBias", Time since last: 1531320542 ns, Reaching safepoint: 138900 ns, At safepoint: 31400 ns, Total: 170300 ns
[2020-03-27T05:04:11.818+0000][1][safepoint    ] Safepoint "RevokeBias", Time since last: 587085178 ns, Reaching safepoint: 218600 ns, At safepoint: 20900 ns, Total: 239500 ns
[2020-03-27T05:04:11.818+0000][1][safepoint    ] Safepoint "RevokeBias", Time since last: 434800 ns, Reaching safepoint: 150400 ns, At safepoint: 16900 ns, Total: 167300 ns
[2020-03-27T05:04:11.822+0000][1][safepoint    ] Safepoint "RevokeBias", Time since last: 3744000 ns, Reaching safepoint: 103500 ns, At safepoint: 13800 ns, Total: 117300 ns
[2020-03-27T05:04:11.823+0000][1][safepoint    ] Safepoint "RevokeBias", Time since last: 1038200 ns, Reaching safepoint: 87000 ns, At safepoint: 22200 ns, Total: 109200 ns
[2020-03-27T05:04:11.868+0000][1][safepoint    ] Safepoint "BulkRevokeBias", Time since last: 43545398 ns, Reaching safepoint: 121600 ns, At safepoint: 566600 ns, Total: 688200 ns
[2020-03-27T05:04:12.868+0000][1][safepoint    ] Safepoint "Cleanup", Time since last: 1000448762 ns, Reaching safepoint: 183000 ns, At safepoint: 12500 ns, Total: 195500 ns
[2020-03-27T05:04:13.806+0000][1][gc,start     ] GC(43) Pause Young (Allocation Failure)
[2020-03-27T05:04:13.807+0000][1][gc,task      ] GC(43) Using 2 workers of 2 for evacuation
[2020-03-27T05:04:13.813+0000][1][gc,age       ] GC(43) Desired survivor size 8716288 bytes, new threshold 6 (max threshold 6)
[2020-03-27T05:04:13.814+0000][1][gc,age       ] GC(43) Age table with threshold 6 (max threshold 6)
[2020-03-27T05:04:13.815+0000][1][gc,age       ] GC(43) - age   1:    1114464 bytes,    1114464 total
[2020-03-27T05:04:13.815+0000][1][gc,age       ] GC(43) - age   2:     560032 bytes,    1674496 total
[2020-03-27T05:04:13.816+0000][1][gc,age       ] GC(43) - age   3:     384224 bytes,    2058720 total
[2020-03-27T05:04:13.816+0000][1][gc,age       ] GC(43) - age   4:     653512 bytes,    2712232 total
[2020-03-27T05:04:13.816+0000][1][gc,heap      ] GC(43) ParNew: 139365K->3105K(153344K)
[2020-03-27T05:04:13.817+0000][1][gc,heap      ] GC(43) CMS: 99503K->99503K(353920K)
[2020-03-27T05:04:13.817+0000][1][gc,metaspace ] GC(43) Metaspace: 95396K->95396K(1136640K)
[2020-03-27T05:04:13.818+0000][1][gc           ] GC(43) Pause Young (Allocation Failure) 233M->100M(495M) 11.760ms
[2020-03-27T05:04:13.818+0000][1][gc,cpu       ] GC(43) User=0.01s Sys=0.00s Real=0.01s
[2020-03-27T05:04:13.818+0000][1][safepoint    ] Safepoint "GenCollectForAllocation", Time since last: 937092565 ns, Reaching safepoint: 472900 ns, At safepoint: 12673199 ns, Total: 13146099 ns
[2020-03-27T05:04:18.486+0000][1][safepoint    ] Safepoint "RevokeBias", Time since last: 4667424210 ns, Reaching safepoint: 174100 ns, At safepoint: 41200 ns, Total: 215300 ns
[2020-03-27T05:04:18.488+0000][1][safepoint    ] Safepoint "RevokeBias", Time since last: 2053000 ns, Reaching safepoint: 163700 ns, At safepoint: 26400 ns, Total: 190100 ns
[2020-03-27T05:04:18.524+0000][1][safepoint    ] Safepoint "BulkRevokeBias", Time since last: 34240291 ns, Reaching safepoint: 158600 ns, At safepoint: 943399 ns, Total: 1101999 ns
[2020-03-27T05:04:19.524+0000][1][safepoint    ] Safepoint "Cleanup", Time since last: 1000616044 ns, Reaching safepoint: 124700 ns, At safepoint: 22200 ns, Total: 146900 ns
[2020-03-27T05:04:20.529+0000][1][safepoint    ] Safepoint "Cleanup", Time since last: 1004856242 ns, Reaching safepoint: 129700 ns, At safepoint: 20800 ns, Total: 150500 ns
[2020-03-27T05:04:21.253+0000][1][safepoint    ] Safepoint "RevokeBias", Time since last: 723169615 ns, Reaching safepoint: 141800 ns, At safepoint: 16200 ns, Total: 158000 ns
[2020-03-27T05:04:24.254+0000][1][safepoint    ] Safepoint "Cleanup", Time since last: 3001015430 ns, Reaching safepoint: 336500 ns, At safepoint: 82200 ns, Total: 418700 ns
[2020-03-27T05:04:28.553+0000][1][safepoint    ] Safepoint "RevokeBias", Time since last: 4298372923 ns, Reaching safepoint: 185300 ns, At safepoint: 15700 ns, Total: 201000 ns
[2020-03-27T05:04:29.554+0000][1][safepoint    ] Safepoint "Cleanup", Time since last: 1000621682 ns, Reaching safepoint: 190700 ns, At safepoint: 9000 ns, Total: 199700 ns
[2020-03-27T05:04:31.246+0000][1][safepoint    ] Safepoint "RevokeBias", Time since last: 1692325438 ns, Reaching safepoint: 197600 ns, At safepoint: 17500 ns, Total: 215100 ns
[2020-03-27T05:04:38.522+0000][1][safepoint    ] Safepoint "RevokeBias", Time since last: 7275434562 ns, Reaching safepoint: 112800 ns, At safepoint: 26300 ns, Total: 139100 ns
[2020-03-27T05:04:41.261+0000][1][safepoint    ] Safepoint "RevokeBias", Time since last: 2739023341 ns, Reaching safepoint: 323300 ns, At safepoint: 268200 ns, Total: 591500 ns
[2020-03-27T05:04:43.317+0000][1][safepoint    ] Safepoint "RevokeBias", Time since last: 2054846990 ns, Reaching safepoint: 352700 ns, At safepoint: 46200 ns, Total: 398900 ns
[2020-03-27T05:04:43.318+0000][1][safepoint    ] Safepoint "RevokeBias", Time since last: 1342300 ns, Reaching safepoint: 354900 ns, At safepoint: 31800 ns, Total: 386700 ns
[2020-03-27T05:04:43.320+0000][1][safepoint    ] Safepoint "RevokeBias", Time since last: 1304400 ns, Reaching safepoint: 200700 ns, At safepoint: 33500 ns, Total: 234200 ns
[2020-03-27T05:04:43.321+0000][1][safepoint    ] Safepoint "RevokeBias", Time since last: 892100 ns, Reaching safepoint: 210200 ns, At safepoint: 34500 ns, Total: 244700 ns
[2020-03-27T05:04:43.323+0000][1][safepoint    ] Safepoint "RevokeBias", Time since last: 1345000 ns, Reaching safepoint: 205100 ns, At safepoint: 70600 ns, Total: 275700 ns
[2020-03-27T05:04:43.341+0000][1][safepoint    ] Safepoint "RevokeBias", Time since last: 17603901 ns, Reaching safepoint: 693500 ns, At safepoint: 207000 ns, Total: 900500 ns
[2020-03-27T05:04:43.342+0000][1][safepoint    ] Safepoint "RevokeBias", Time since last: 579300 ns, Reaching safepoint: 117600 ns, At safepoint: 11400 ns, Total: 129000 ns
[2020-03-27T05:04:43.914+0000][1][safepoint    ] Safepoint "RevokeBias", Time since last: 571263428 ns, Reaching safepoint: 280200 ns, At safepoint: 176500 ns, Total: 456700 ns
[2020-03-27T05:04:43.916+0000][1][safepoint    ] Safepoint "RevokeBias", Time since last: 2560800 ns, Reaching safepoint: 204100 ns, At safepoint: 48800 ns, Total: 252900 ns
[2020-03-27T05:04:44.095+0000][1][safepoint    ] Safepoint "RevokeBias", Time since last: 178188608 ns, Reaching safepoint: 608701 ns, At safepoint: 84700 ns, Total: 693401 ns
[2020-03-27T05:04:44.815+0000][1][gc,start     ] GC(44) Pause Young (Allocation Failure)
[2020-03-27T05:04:44.816+0000][1][gc,task      ] GC(44) Using 2 workers of 2 for evacuation
[2020-03-27T05:04:44.827+0000][1][gc,age       ] GC(44) Desired survivor size 8716288 bytes, new threshold 1 (max threshold 6)
[2020-03-27T05:04:44.828+0000][1][gc,age       ] GC(44) Age table with threshold 1 (max threshold 6)
[2020-03-27T05:04:44.828+0000][1][gc,age       ] GC(44) - age   1:   12218800 bytes,   12218800 total
[2020-03-27T05:04:44.828+0000][1][gc,age       ] GC(44) - age   2:    1092136 bytes,   13310936 total
[2020-03-27T05:04:44.829+0000][1][gc,age       ] GC(44) - age   3:     559968 bytes,   13870904 total
[2020-03-27T05:04:44.830+0000][1][gc,age       ] GC(44) - age   4:     384160 bytes,   14255064 total
[2020-03-27T05:04:44.830+0000][1][gc,age       ] GC(44) - age   5:     647016 bytes,   14902080 total
[2020-03-27T05:04:44.831+0000][1][gc,heap      ] GC(44) ParNew: 139130K->15024K(153344K)
[2020-03-27T05:04:44.831+0000][1][gc,heap      ] GC(44) CMS: 99503K->99503K(353920K)
[2020-03-27T05:04:44.831+0000][1][gc,metaspace ] GC(44) Metaspace: 95520K->95520K(1136640K)
[2020-03-27T05:04:44.832+0000][1][gc           ] GC(44) Pause Young (Allocation Failure) 233M->111M(495M) 16.581ms
[2020-03-27T05:04:44.832+0000][1][gc,cpu       ] GC(44) User=0.01s Sys=0.00s Real=0.02s
[2020-03-27T05:04:44.832+0000][1][safepoint    ] Safepoint "GenCollectForAllocation", Time since last: 719644234 ns, Reaching safepoint: 153200 ns, At safepoint: 17331101 ns, Total: 17484301 ns
[2020-03-27T05:04:44.879+0000][1][safepoint    ] Safepoint "RevokeBias", Time since last: 46173903 ns, Reaching safepoint: 323700 ns, At safepoint: 40000 ns, Total: 363700 ns
[2020-03-27T05:04:44.880+0000][1][safepoint    ] Safepoint "RevokeBias", Time since last: 417300 ns, Reaching safepoint: 104700 ns, At safepoint: 77400 ns, Total: 182100 ns
[2020-03-27T05:04:44.881+0000][1][safepoint    ] Safepoint "BulkRevokeBias", Time since last: 701400 ns, Reaching safepoint: 126800 ns, At safepoint: 553800 ns, Total: 680600 ns
[2020-03-27T05:04:44.882+0000][1][safepoint    ] Safepoint "RevokeBias", Time since last: 1062000 ns, Reaching safepoint: 129000 ns, At safepoint: 26700 ns, Total: 155700 ns
[2020-03-27T05:04:44.884+0000][1][safepoint    ] Safepoint "BulkRevokeBias", Time since last: 839400 ns, Reaching safepoint: 413900 ns, At safepoint: 654600 ns, Total: 1068500 ns
[2020-03-27T05:04:44.938+0000][1][safepoint    ] Safepoint "RevokeBias", Time since last: 53472002 ns, Reaching safepoint: 190100 ns, At safepoint: 30700 ns, Total: 220800 ns
[2020-03-27T05:04:45.038+0000][1][safepoint    ] Safepoint "RevokeBias", Time since last: 99632405 ns, Reaching safepoint: 266500 ns, At safepoint: 55000 ns, Total: 321500 ns
[2020-03-27T05:04:45.043+0000][1][safepoint    ] Safepoint "RevokeBias", Time since last: 5059801 ns, Reaching safepoint: 313000 ns, At safepoint: 143300 ns, Total: 456300 ns
[2020-03-27T05:04:45.142+0000][1][safepoint    ] Safepoint "RevokeBias", Time since last: 98342104 ns, Reaching safepoint: 126100 ns, At safepoint: 21300 ns, Total: 147400 ns
[2020-03-27T05:04:45.392+0000][1][safepoint    ] Safepoint "RevokeBias", Time since last: 249881213 ns, Reaching safepoint: 145000 ns, At safepoint: 22900 ns, Total: 167900 ns
[2020-03-27T05:04:45.395+0000][1][safepoint    ] Safepoint "RevokeBias", Time since last: 3190500 ns, Reaching safepoint: 103800 ns, At safepoint: 29800 ns, Total: 133600 ns
[2020-03-27T05:04:45.396+0000][1][safepoint    ] Safepoint "RevokeBias", Time since last: 332600 ns, Reaching safepoint: 168900 ns, At safepoint: 131100 ns, Total: 300000 ns
[2020-03-27T05:04:45.402+0000][1][safepoint    ] Safepoint "RevokeBias", Time since last: 5662400 ns, Reaching safepoint: 343400 ns, At safepoint: 32300 ns, Total: 375700 ns
[2020-03-27T05:04:45.403+0000][1][safepoint    ] Safepoint "RevokeBias", Time since last: 992600 ns, Reaching safepoint: 180700 ns, At safepoint: 24800 ns, Total: 205500 ns
[2020-03-27T05:04:46.404+0000][1][safepoint    ] Safepoint "Cleanup", Time since last: 1000716549 ns, Reaching safepoint: 411500 ns, At safepoint: 81500 ns, Total: 493000 ns
[2020-03-27T05:04:46.483+0000][1][safepoint    ] Safepoint "RevokeBias", Time since last: 78855104 ns, Reaching safepoint: 128500 ns, At safepoint: 26900 ns, Total: 155400 ns
[2020-03-27T05:04:46.484+0000][1][safepoint    ] Safepoint "RevokeBias", Time since last: 633200 ns, Reaching safepoint: 101900 ns, At safepoint: 15600 ns, Total: 117500 ns
[2020-03-27T05:04:46.486+0000][1][safepoint    ] Safepoint "RevokeBias", Time since last: 1620300 ns, Reaching safepoint: 153500 ns, At safepoint: 27800 ns, Total: 181300 ns
[2020-03-27T05:04:46.487+0000][1][safepoint    ] Safepoint "RevokeBias", Time since last: 1454700 ns, Reaching safepoint: 101000 ns, At safepoint: 16100 ns, Total: 117100 ns
[2020-03-27T05:04:46.561+0000][1][safepoint    ] Safepoint "RevokeBias", Time since last: 73682703 ns, Reaching safepoint: 138800 ns, At safepoint: 27100 ns, Total: 165900 ns
[2020-03-27T05:04:48.508+0000][1][safepoint    ] Safepoint "RevokeBias", Time since last: 1946669195 ns, Reaching safepoint: 179000 ns, At safepoint: 30400 ns, Total: 209400 ns
[2020-03-27T05:04:48.531+0000][1][gc,start     ] GC(45) Pause Young (Allocation Failure)
[2020-03-27T05:04:48.532+0000][1][gc,task      ] GC(45) Using 2 workers of 2 for evacuation
[2020-03-27T05:04:48.563+0000][1][gc,age       ] GC(45) Desired survivor size 8716288 bytes, new threshold 6 (max threshold 6)
[2020-03-27T05:04:48.563+0000][1][gc,age       ] GC(45) Age table with threshold 6 (max threshold 6)
[2020-03-27T05:04:48.564+0000][1][gc,age       ] GC(45) - age   1:    1370344 bytes,    1370344 total
[2020-03-27T05:04:48.564+0000][1][gc,heap      ] GC(45) ParNew: 151344K->11540K(153344K)
[2020-03-27T05:04:48.564+0000][1][gc,heap      ] GC(45) CMS: 99503K->102001K(353920K)
[2020-03-27T05:04:48.565+0000][1][gc,metaspace ] GC(45) Metaspace: 95600K->95600K(1136640K)
[2020-03-27T05:04:48.565+0000][1][gc           ] GC(45) Pause Young (Allocation Failure) 244M->110M(495M) 34.290ms
[2020-03-27T05:04:48.566+0000][1][gc,cpu       ] GC(45) User=0.02s Sys=0.01s Real=0.04s
[2020-03-27T05:04:48.566+0000][1][safepoint    ] Safepoint "GenCollectForAllocation", Time since last: 22852001 ns, Reaching safepoint: 153100 ns, At safepoint: 35188502 ns, Total: 35341602 ns
[2020-03-27T05:04:48.573+0000][1][safepoint    ] Safepoint "RevokeBias", Time since last: 6257000 ns, Reaching safepoint: 167800 ns, At safepoint: 23200 ns, Total: 191000 ns
[2020-03-27T05:04:48.573+0000][1][safepoint    ] Safepoint "RevokeBias", Time since last: 514500 ns, Reaching safepoint: 66400 ns, At safepoint: 21100 ns, Total: 87500 ns
[2020-03-27T05:04:48.574+0000][1][safepoint    ] Safepoint "RevokeBias", Time since last: 500800 ns, Reaching safepoint: 50400 ns, At safepoint: 18400 ns, Total: 68800 ns
[2020-03-27T05:04:48.602+0000][1][safepoint    ] Safepoint "RevokeBias", Time since last: 28284001 ns, Reaching safepoint: 98000 ns, At safepoint: 23700 ns, Total: 121700 ns
[2020-03-27T05:04:49.070+0000][1][safepoint    ] Safepoint "RevokeBias", Time since last: 467905523 ns, Reaching safepoint: 209800 ns, At safepoint: 26900 ns, Total: 236700 ns
[2020-03-27T05:04:49.071+0000][1][safepoint    ] Safepoint "RevokeBias", Time since last: 1011600 ns, Reaching safepoint: 94300 ns, At safepoint: 26800 ns, Total: 121100 ns
[2020-03-27T05:04:49.073+0000][1][safepoint    ] Safepoint "RevokeBias", Time since last: 1536400 ns, Reaching safepoint: 103700 ns, At safepoint: 17200 ns, Total: 120900 ns
[2020-03-27T05:04:49.074+0000][1][safepoint    ] Safepoint "RevokeBias", Time since last: 1036500 ns, Reaching safepoint: 74000 ns, At safepoint: 13100 ns, Total: 87100 ns
[2020-03-27T05:04:49.124+0000][1][safepoint    ] Safepoint "RevokeBias", Time since last: 49817803 ns, Reaching safepoint: 131600 ns, At safepoint: 27700 ns, Total: 159300 ns
[2020-03-27T05:04:50.125+0000][1][safepoint    ] Safepoint "Cleanup", Time since last: 1000909227 ns, Reaching safepoint: 102000 ns, At safepoint: 15200 ns, Total: 117200 ns
[2020-03-27T05:04:51.300+0000][1][safepoint    ] Safepoint "RevokeBias", Time since last: 1174480012 ns, Reaching safepoint: 243600 ns, At safepoint: 18000 ns, Total: 261600 ns
[2020-03-27T05:04:52.230+0000][1][safepoint    ] Safepoint "RevokeBias", Time since last: 929626410 ns, Reaching safepoint: 190700 ns, At safepoint: 26300 ns, Total: 217000 ns
[2020-03-27T05:04:52.231+0000][1][safepoint    ] Safepoint "RevokeBias", Time since last: 878700 ns, Reaching safepoint: 92900 ns, At safepoint: 22600 ns, Total: 115500 ns
[2020-03-27T05:04:52.232+0000][1][safepoint    ] Safepoint "RevokeBias", Time since last: 1392200 ns, Reaching safepoint: 68600 ns, At safepoint: 15000 ns, Total: 83600 ns
[2020-03-27T05:04:52.233+0000][1][safepoint    ] Safepoint "RevokeBias", Time since last: 1034600 ns, Reaching safepoint: 74800 ns, At safepoint: 14100 ns, Total: 88900 ns
[2020-03-27T05:04:52.276+0000][1][safepoint    ] Safepoint "RevokeBias", Time since last: 42414100 ns, Reaching safepoint: 131600 ns, At safepoint: 25300 ns, Total: 156900 ns
[2020-03-27T05:04:53.277+0000][1][safepoint    ] Safepoint "Cleanup", Time since last: 1000908411 ns, Reaching safepoint: 130500 ns, At safepoint: 27400 ns, Total: 157900 ns
[2020-03-27T05:04:58.529+0000][1][safepoint    ] Safepoint "RevokeBias", Time since last: 5252075502 ns, Reaching safepoint: 102000 ns, At safepoint: 33100 ns, Total: 135100 ns
[2020-03-27T05:04:58.537+0000][1][gc,start     ] GC(46) Pause Young (Allocation Failure)
[2020-03-27T05:04:58.537+0000][1][gc,task      ] GC(46) Using 2 workers of 2 for evacuation
[2020-03-27T05:04:58.541+0000][1][gc,age       ] GC(46) Desired survivor size 8716288 bytes, new threshold 6 (max threshold 6)
[2020-03-27T05:04:58.541+0000][1][gc,age       ] GC(46) Age table with threshold 6 (max threshold 6)
[2020-03-27T05:04:58.542+0000][1][gc,age       ] GC(46) - age   1:    1046280 bytes,    1046280 total
[2020-03-27T05:04:58.542+0000][1][gc,age       ] GC(46) - age   2:     826656 bytes,    1872936 total
[2020-03-27T05:04:58.543+0000][1][gc,heap      ] GC(46) ParNew: 147860K->3136K(153344K)
[2020-03-27T05:04:58.543+0000][1][gc,heap      ] GC(46) CMS: 102001K->102001K(353920K)
[2020-03-27T05:04:58.544+0000][1][gc,metaspace ] GC(46) Metaspace: 95627K->95627K(1136640K)
[2020-03-27T05:04:58.544+0000][1][gc           ] GC(46) Pause Young (Allocation Failure) 244M->102M(495M) 7.625ms
[2020-03-27T05:04:58.545+0000][1][gc,cpu       ] GC(46) User=0.01s Sys=0.00s Real=0.00s
[2020-03-27T05:04:58.545+0000][1][safepoint    ] Safepoint "GenCollectForAllocation", Time since last: 7113799 ns, Reaching safepoint: 141400 ns, At safepoint: 8682500 ns, Total: 8823900 ns
[2020-03-27T05:04:58.547+0000][1][safepoint    ] Safepoint "RevokeBias", Time since last: 1904200 ns, Reaching safepoint: 102600 ns, At safepoint: 23200 ns, Total: 125800 ns
[2020-03-27T05:04:58.580+0000][1][safepoint    ] Safepoint "RevokeBias", Time since last: 32636698 ns, Reaching safepoint: 116900 ns, At safepoint: 13100 ns, Total: 130000 ns
[2020-03-27T05:04:59.246+0000][1][safepoint    ] Safepoint "RevokeBias", Time since last: 665841471 ns, Reaching safepoint: 126900 ns, At safepoint: 28300 ns, Total: 155200 ns
[2020-03-27T05:04:59.248+0000][1][safepoint    ] Safepoint "RevokeBias", Time since last: 1578900 ns, Reaching safepoint: 196200 ns, At safepoint: 23600 ns, Total: 219800 ns
[2020-03-27T05:04:59.249+0000][1][safepoint    ] Safepoint "RevokeBias", Time since last: 1421999 ns, Reaching safepoint: 80500 ns, At safepoint: 37600 ns, Total: 118100 ns
[2020-03-27T05:04:59.251+0000][1][safepoint    ] Safepoint "RevokeBias", Time since last: 1069100 ns, Reaching safepoint: 101500 ns, At safepoint: 14400 ns, Total: 115900 ns
[2020-03-27T05:04:59.304+0000][1][safepoint    ] Safepoint "RevokeBias", Time since last: 53384298 ns, Reaching safepoint: 175600 ns, At safepoint: 28900 ns, Total: 204500 ns
[2020-03-27T05:04:59.369+0000][1][safepoint    ] Safepoint "RevokeBias", Time since last: 64350097 ns, Reaching safepoint: 176700 ns, At safepoint: 23900 ns, Total: 200600 ns
[2020-03-27T05:04:59.372+0000][1][safepoint    ] Safepoint "RevokeBias", Time since last: 2975200 ns, Reaching safepoint: 201800 ns, At safepoint: 15400 ns, Total: 217200 ns
[2020-03-27T05:04:59.456+0000][1][gc,start     ] GC(47) Pause Young (Allocation Failure)
[2020-03-27T05:04:59.456+0000][1][gc,task      ] GC(47) Using 2 workers of 2 for evacuation
[2020-03-27T05:04:59.460+0000][1][gc,age       ] GC(47) Desired survivor size 8716288 bytes, new threshold 6 (max threshold 6)
[2020-03-27T05:04:59.461+0000][1][gc,age       ] GC(47) Age table with threshold 6 (max threshold 6)
[2020-03-27T05:04:59.461+0000][1][gc,age       ] GC(47) - age   1:    1547184 bytes,    1547184 total
[2020-03-27T05:04:59.461+0000][1][gc,age       ] GC(47) - age   2:     569768 bytes,    2116952 total
[2020-03-27T05:04:59.462+0000][1][gc,age       ] GC(47) - age   3:     826376 bytes,    2943328 total
[2020-03-27T05:04:59.462+0000][1][gc,heap      ] GC(47) ParNew: 139456K->3674K(153344K)
[2020-03-27T05:04:59.462+0000][1][gc,heap      ] GC(47) CMS: 102001K->102001K(353920K)
[2020-03-27T05:04:59.462+0000][1][gc,metaspace ] GC(47) Metaspace: 95671K->95671K(1136640K)
[2020-03-27T05:04:59.463+0000][1][gc           ] GC(47) Pause Young (Allocation Failure) 235M->103M(495M) 6.934ms
[2020-03-27T05:04:59.463+0000][1][gc,cpu       ] GC(47) User=0.01s Sys=0.00s Real=0.00s
[2020-03-27T05:04:59.463+0000][1][safepoint    ] Safepoint "GenCollectForAllocation", Time since last: 83669896 ns, Reaching safepoint: 232900 ns, At safepoint: 7488200 ns, Total: 7721100 ns
[2020-03-27T05:04:59.512+0000][1][safepoint    ] Safepoint "RevokeBias", Time since last: 48336798 ns, Reaching safepoint: 103300 ns, At safepoint: 22400 ns, Total: 125700 ns
[2020-03-27T05:04:59.512+0000][1][safepoint    ] Safepoint "RevokeBias", Time since last: 369800 ns, Reaching safepoint: 63400 ns, At safepoint: 20700 ns, Total: 84100 ns
[2020-03-27T05:04:59.513+0000][1][safepoint    ] Safepoint "RevokeBias", Time since last: 331700 ns, Reaching safepoint: 72700 ns, At safepoint: 11400 ns, Total: 84100 ns
[2020-03-27T05:04:59.513+0000][1][safepoint    ] Safepoint "BulkRevokeBias", Time since last: 337600 ns, Reaching safepoint: 71500 ns, At safepoint: 384500 ns, Total: 456000 ns
[2020-03-27T05:05:00.370+0000][1][safepoint    ] Safepoint "RevokeBias", Time since last: 855991661 ns, Reaching safepoint: 129100 ns, At safepoint: 31800 ns, Total: 160900 ns
[2020-03-27T05:05:00.373+0000][1][safepoint    ] Safepoint "RevokeBias", Time since last: 3139300 ns, Reaching safepoint: 167600 ns, At safepoint: 76400 ns, Total: 244000 ns
[2020-03-27T05:05:00.374+0000][1][safepoint    ] Safepoint "RevokeBias", Time since last: 1112900 ns, Reaching safepoint: 83100 ns, At safepoint: 16200 ns, Total: 99300 ns
[2020-03-27T05:05:00.376+0000][1][safepoint    ] Safepoint "RevokeBias", Time since last: 1401300 ns, Reaching safepoint: 128400 ns, At safepoint: 7700 ns, Total: 136100 ns
[2020-03-27T05:05:00.377+0000][1][safepoint    ] Safepoint "RevokeBias", Time since last: 976500 ns, Reaching safepoint: 212100 ns, At safepoint: 15900 ns, Total: 228000 ns
[2020-03-27T05:05:00.378+0000][1][safepoint    ] Safepoint "RevokeBias", Time since last: 972000 ns, Reaching safepoint: 66900 ns, At safepoint: 20100 ns, Total: 87000 ns
[2020-03-27T05:05:01.282+0000][1][safepoint    ] Safepoint "RevokeBias", Time since last: 903727360 ns, Reaching safepoint: 546200 ns, At safepoint: 206900 ns, Total: 753100 ns
[2020-03-27T05:05:01.511+0000][1][safepoint    ] Safepoint "RevokeBias", Time since last: 228312989 ns, Reaching safepoint: 143800 ns, At safepoint: 15800 ns, Total: 159600 ns
[2020-03-27T05:05:01.513+0000][1][safepoint    ] Safepoint "RevokeBias", Time since last: 1486100 ns, Reaching safepoint: 204800 ns, At safepoint: 34300 ns, Total: 239100 ns
[2020-03-27T05:05:01.514+0000][1][safepoint    ] Safepoint "RevokeBias", Time since last: 1410000 ns, Reaching safepoint: 79200 ns, At safepoint: 15100 ns, Total: 94300 ns
[2020-03-27T05:05:01.515+0000][1][safepoint    ] Safepoint "RevokeBias", Time since last: 784400 ns, Reaching safepoint: 142500 ns, At safepoint: 27400 ns, Total: 169900 ns
[2020-03-27T05:05:01.564+0000][1][safepoint    ] Safepoint "RevokeBias", Time since last: 48532398 ns, Reaching safepoint: 126600 ns, At safepoint: 25700 ns, Total: 152300 ns
[2020-03-27T05:05:06.567+0000][1][safepoint    ] Safepoint "Cleanup", Time since last: 5002366478 ns, Reaching safepoint: 426900 ns, At safepoint: 84300 ns, Total: 511200 ns
[2020-03-27T05:05:08.497+0000][1][safepoint    ] Safepoint "RevokeBias", Time since last: 1929950217 ns, Reaching safepoint: 395000 ns, At safepoint: 112300 ns, Total: 507300 ns
[2020-03-27T05:05:08.500+0000][1][safepoint    ] Safepoint "RevokeBias", Time since last: 2208800 ns, Reaching safepoint: 155300 ns, At safepoint: 41700 ns, Total: 197000 ns
[2020-03-27T05:05:08.524+0000][1][safepoint    ] Safepoint "RevokeBias", Time since last: 24074398 ns, Reaching safepoint: 94000 ns, At safepoint: 25200 ns, Total: 119200 ns
[2020-03-27T05:05:09.524+0000][1][safepoint    ] Safepoint "Cleanup", Time since last: 1000603357 ns, Reaching safepoint: 129800 ns, At safepoint: 15400 ns, Total: 145200 ns
[2020-03-27T05:05:09.543+0000][1][safepoint    ] Safepoint "RevokeBias", Time since last: 18549099 ns, Reaching safepoint: 105100 ns, At safepoint: 18700 ns, Total: 123800 ns
[2020-03-27T05:05:09.544+0000][1][safepoint    ] Safepoint "RevokeBias", Time since last: 1155900 ns, Reaching safepoint: 107100 ns, At safepoint: 12900 ns, Total: 120000 ns
[2020-03-27T05:05:09.546+0000][1][safepoint    ] Safepoint "RevokeBias", Time since last: 1473700 ns, Reaching safepoint: 70400 ns, At safepoint: 22300 ns, Total: 92700 ns
[2020-03-27T05:05:09.547+0000][1][safepoint    ] Safepoint "RevokeBias", Time since last: 1229900 ns, Reaching safepoint: 175500 ns, At safepoint: 22600 ns, Total: 198100 ns
[2020-03-27T05:05:09.590+0000][1][safepoint    ] Safepoint "RevokeBias", Time since last: 42831898 ns, Reaching safepoint: 122700 ns, At safepoint: 19800 ns, Total: 142500 ns
[2020-03-27T05:05:10.258+0000][1][gc,start     ] GC(48) Pause Young (Allocation Failure)
[2020-03-27T05:05:10.259+0000][1][gc,task      ] GC(48) Using 2 workers of 2 for evacuation
[2020-03-27T05:05:10.262+0000][1][gc,age       ] GC(48) Desired survivor size 8716288 bytes, new threshold 6 (max threshold 6)
[2020-03-27T05:05:10.262+0000][1][gc,age       ] GC(48) Age table with threshold 6 (max threshold 6)
[2020-03-27T05:05:10.263+0000][1][gc,age       ] GC(48) - age   1:    1003528 bytes,    1003528 total
[2020-03-27T05:05:10.263+0000][1][gc,age       ] GC(48) - age   2:      12904 bytes,    1016432 total
[2020-03-27T05:05:10.264+0000][1][gc,age       ] GC(48) - age   3:     206536 bytes,    1222968 total
[2020-03-27T05:05:10.264+0000][1][gc,age       ] GC(48) - age   4:     444784 bytes,    1667752 total
[2020-03-27T05:05:10.264+0000][1][gc,heap      ] GC(48) ParNew: 139994K->2523K(153344K)
[2020-03-27T05:05:10.265+0000][1][gc,heap      ] GC(48) CMS: 102001K->102001K(353920K)
[2020-03-27T05:05:10.265+0000][1][gc,metaspace ] GC(48) Metaspace: 95692K->95692K(1136640K)
[2020-03-27T05:05:10.266+0000][1][gc           ] GC(48) Pause Young (Allocation Failure) 236M->102M(495M) 7.578ms
[2020-03-27T05:05:10.266+0000][1][gc,cpu       ] GC(48) User=0.00s Sys=0.00s Real=0.01s
[2020-03-27T05:05:10.267+0000][1][safepoint    ] Safepoint "GenCollectForAllocation", Time since last: 667589071 ns, Reaching safepoint: 122100 ns, At safepoint: 8471100 ns, Total: 8593200 ns
[2020-03-27T05:05:13.268+0000][1][safepoint    ] Safepoint "Cleanup", Time since last: 3001432870 ns, Reaching safepoint: 138000 ns, At safepoint: 27300 ns, Total: 165300 ns
[2020-03-27T05:05:14.934+0000][1][safepoint    ] Safepoint "RevokeBias", Time since last: 1665052733 ns, Reaching safepoint: 253500 ns, At safepoint: 33800 ns, Total: 287300 ns
[2020-03-27T05:05:14.935+0000][1][safepoint    ] Safepoint "RevokeBias", Time since last: 1259200 ns, Reaching safepoint: 69200 ns, At safepoint: 18200 ns, Total: 87400 ns
[2020-03-27T05:05:14.936+0000][1][safepoint    ] Safepoint "RevokeBias", Time since last: 1250100 ns, Reaching safepoint: 157500 ns, At safepoint: 17400 ns, Total: 174900 ns
[2020-03-27T05:05:14.937+0000][1][safepoint    ] Safepoint "RevokeBias", Time since last: 436400 ns, Reaching safepoint: 59400 ns, At safepoint: 29400 ns, Total: 88800 ns
[2020-03-27T05:05:14.937+0000][1][safepoint    ] Safepoint "RevokeBias", Time since last: 538400 ns, Reaching safepoint: 68000 ns, At safepoint: 16900 ns, Total: 84900 ns
[2020-03-27T05:05:14.938+0000][1][safepoint    ] Safepoint "RevokeBias", Time since last: 457800 ns, Reaching safepoint: 63800 ns, At safepoint: 17000 ns, Total: 80800 ns
[2020-03-27T05:05:14.939+0000][1][safepoint    ] Safepoint "RevokeBias", Time since last: 796100 ns, Reaching safepoint: 61000 ns, At safepoint: 7200 ns, Total: 68200 ns
[2020-03-27T05:05:14.942+0000][1][safepoint    ] Safepoint "RevokeBias", Time since last: 1981500 ns, Reaching safepoint: 933700 ns, At safepoint: 22800 ns, Total: 956500 ns
[2020-03-27T05:05:14.944+0000][1][safepoint    ] Safepoint "RevokeBias", Time since last: 2253200 ns, Reaching safepoint: 163300 ns, At safepoint: 18900 ns, Total: 182200 ns
[2020-03-27T05:05:14.945+0000][1][safepoint    ] Safepoint "RevokeBias", Time since last: 251200 ns, Reaching safepoint: 76000 ns, At safepoint: 16600 ns, Total: 92600 ns
[2020-03-27T05:05:14.945+0000][1][safepoint    ] Safepoint "RevokeBias", Time since last: 209500 ns, Reaching safepoint: 71100 ns, At safepoint: 17000 ns, Total: 88100 ns
[2020-03-27T05:05:14.945+0000][1][safepoint    ] Safepoint "RevokeBias", Time since last: 283600 ns, Reaching safepoint: 67900 ns, At safepoint: 16900 ns, Total: 84800 ns
[2020-03-27T05:05:14.946+0000][1][safepoint    ] Safepoint "RevokeBias", Time since last: 286100 ns, Reaching safepoint: 49900 ns, At safepoint: 15400 ns, Total: 65300 ns
[2020-03-27T05:05:14.946+0000][1][safepoint    ] Safepoint "RevokeBias", Time since last: 294300 ns, Reaching safepoint: 66100 ns, At safepoint: 15300 ns, Total: 81400 ns
[2020-03-27T05:05:14.946+0000][1][safepoint    ] Safepoint "RevokeBias", Time since last: 280700 ns, Reaching safepoint: 42900 ns, At safepoint: 20400 ns, Total: 63300 ns
[2020-03-27T05:05:14.947+0000][1][safepoint    ] Safepoint "RevokeBias", Time since last: 277100 ns, Reaching safepoint: 57100 ns, At safepoint: 23700 ns, Total: 80800 ns
[2020-03-27T05:05:14.947+0000][1][safepoint    ] Safepoint "RevokeBias", Time since last: 236700 ns, Reaching safepoint: 43200 ns, At safepoint: 5900 ns, Total: 49100 ns
[2020-03-27T05:05:15.129+0000][1][safepoint    ] Safepoint "RevokeBias", Time since last: 182071792 ns, Reaching safepoint: 287400 ns, At safepoint: 103500 ns, Total: 390900 ns
[2020-03-27T05:05:15.132+0000][1][safepoint    ] Safepoint "RevokeBias", Time since last: 2481800 ns, Reaching safepoint: 277000 ns, At safepoint: 86100 ns, Total: 363100 ns
[2020-03-27T05:05:15.136+0000][1][safepoint    ] Safepoint "RevokeBias", Time since last: 3118600 ns, Reaching safepoint: 390300 ns, At safepoint: 69700 ns, Total: 460000 ns
[2020-03-27T05:05:15.139+0000][1][safepoint    ] Safepoint "RevokeBias", Time since last: 2300600 ns, Reaching safepoint: 490900 ns, At safepoint: 65800 ns, Total: 556700 ns
[2020-03-27T05:05:15.141+0000][1][safepoint    ] Safepoint "RevokeBias", Time since last: 2243300 ns, Reaching safepoint: 241300 ns, At safepoint: 39900 ns, Total: 281200 ns
[2020-03-27T05:05:15.144+0000][1][safepoint    ] Safepoint "RevokeBias", Time since last: 1885400 ns, Reaching safepoint: 581700 ns, At safepoint: 34900 ns, Total: 616600 ns
[2020-03-27T05:05:15.147+0000][1][safepoint    ] Safepoint "RevokeBias", Time since last: 2553300 ns, Reaching safepoint: 691200 ns, At safepoint: 44400 ns, Total: 735600 ns
[2020-03-27T05:05:15.149+0000][1][safepoint    ] Safepoint "RevokeBias", Time since last: 2016200 ns, Reaching safepoint: 240300 ns, At safepoint: 46100 ns, Total: 286400 ns
[2020-03-27T05:05:15.159+0000][1][safepoint    ] Safepoint "RevokeBias", Time since last: 8856899 ns, Reaching safepoint: 501600 ns, At safepoint: 101300 ns, Total: 602900 ns
[2020-03-27T05:05:15.160+0000][1][safepoint    ] Safepoint "RevokeBias", Time since last: 1059500 ns, Reaching safepoint: 221500 ns, At safepoint: 69700 ns, Total: 291200 ns
[2020-03-27T05:05:15.161+0000][1][safepoint    ] Safepoint "RevokeBias", Time since last: 896000 ns, Reaching safepoint: 175800 ns, At safepoint: 65700 ns, Total: 241500 ns
[2020-03-27T05:05:15.162+0000][1][safepoint    ] Safepoint "RevokeBias", Time since last: 847800 ns, Reaching safepoint: 251400 ns, At safepoint: 40200 ns, Total: 291600 ns
[2020-03-27T05:05:15.164+0000][1][safepoint    ] Safepoint "RevokeBias", Time since last: 936200 ns, Reaching safepoint: 366600 ns, At safepoint: 19600 ns, Total: 386200 ns
[2020-03-27T05:05:15.165+0000][1][safepoint    ] Safepoint "RevokeBias", Time since last: 1006800 ns, Reaching safepoint: 132300 ns, At safepoint: 13900 ns, Total: 146200 ns
[2020-03-27T05:05:15.166+0000][1][safepoint    ] Safepoint "RevokeBias", Time since last: 1334400 ns, Reaching safepoint: 97300 ns, At safepoint: 35100 ns, Total: 132400 ns
[2020-03-27T05:05:15.169+0000][1][safepoint    ] Safepoint "BulkRevokeBias", Time since last: 1437500 ns, Reaching safepoint: 98400 ns, At safepoint: 1010600 ns, Total: 1109000 ns
[2020-03-27T05:05:15.171+0000][1][safepoint    ] Safepoint "RevokeBias", Time since last: 1718700 ns, Reaching safepoint: 99700 ns, At safepoint: 23000 ns, Total: 122700 ns
[2020-03-27T05:05:15.171+0000][1][safepoint    ] Safepoint "RevokeBias", Time since last: 639600 ns, Reaching safepoint: 61300 ns, At safepoint: 32900 ns, Total: 94200 ns
[2020-03-27T05:05:15.184+0000][1][safepoint    ] Safepoint "RevokeBias", Time since last: 7070299 ns, Reaching safepoint: 5062400 ns, At safepoint: 21900 ns, Total: 5084300 ns
[2020-03-27T05:05:15.191+0000][1][safepoint    ] Safepoint "RevokeBias", Time since last: 512200 ns, Reaching safepoint: 6678100 ns, At safepoint: 21600 ns, Total: 6699700 ns
[2020-03-27T05:05:15.192+0000][1][safepoint    ] Safepoint "RevokeBias", Time since last: 421700 ns, Reaching safepoint: 259900 ns, At safepoint: 49700 ns, Total: 309600 ns
[2020-03-27T05:05:15.192+0000][1][safepoint    ] Safepoint "RevokeBias", Time since last: 551600 ns, Reaching safepoint: 63700 ns, At safepoint: 59700 ns, Total: 123400 ns
[2020-03-27T05:05:15.195+0000][1][safepoint    ] Safepoint "RevokeBias", Time since last: 2192200 ns, Reaching safepoint: 255200 ns, At safepoint: 24700 ns, Total: 279900 ns
[2020-03-27T05:05:15.197+0000][1][safepoint    ] Safepoint "RevokeBias", Time since last: 1301100 ns, Reaching safepoint: 428000 ns, At safepoint: 123500 ns, Total: 551500 ns
[2020-03-27T05:05:15.197+0000][1][safepoint    ] Safepoint "RevokeBias", Time since last: 588800 ns, Reaching safepoint: 104400 ns, At safepoint: 33700 ns, Total: 138100 ns
[2020-03-27T05:05:15.198+0000][1][safepoint    ] Safepoint "RevokeBias", Time since last: 472400 ns, Reaching safepoint: 51300 ns, At safepoint: 20900 ns, Total: 72200 ns
[2020-03-27T05:05:15.199+0000][1][safepoint    ] Safepoint "RevokeBias", Time since last: 1205300 ns, Reaching safepoint: 85400 ns, At safepoint: 11100 ns, Total: 96500 ns
[2020-03-27T05:05:15.200+0000][1][safepoint    ] Safepoint "RevokeBias", Time since last: 1115300 ns, Reaching safepoint: 232900 ns, At safepoint: 12500 ns, Total: 245400 ns
[2020-03-27T05:05:15.201+0000][1][safepoint    ] Safepoint "RevokeBias", Time since last: 745699 ns, Reaching safepoint: 190300 ns, At safepoint: 18300 ns, Total: 208600 ns
[2020-03-27T05:05:15.202+0000][1][safepoint    ] Safepoint "RevokeBias", Time since last: 684100 ns, Reaching safepoint: 294800 ns, At safepoint: 13600 ns, Total: 308400 ns
[2020-03-27T05:05:15.204+0000][1][safepoint    ] Safepoint "RevokeBias", Time since last: 1488000 ns, Reaching safepoint: 159000 ns, At safepoint: 71700 ns, Total: 230700 ns
[2020-03-27T05:05:15.205+0000][1][safepoint    ] Safepoint "RevokeBias", Time since last: 798300 ns, Reaching safepoint: 81900 ns, At safepoint: 25900 ns, Total: 107800 ns
[2020-03-27T05:05:15.206+0000][1][safepoint    ] Safepoint "RevokeBias", Time since last: 633700 ns, Reaching safepoint: 189200 ns, At safepoint: 27000 ns, Total: 216200 ns
[2020-03-27T05:05:15.207+0000][1][safepoint    ] Safepoint "RevokeBias", Time since last: 591800 ns, Reaching safepoint: 224600 ns, At safepoint: 13400 ns, Total: 238000 ns
[2020-03-27T05:05:15.209+0000][1][safepoint    ] Safepoint "RevokeBias", Time since last: 1498000 ns, Reaching safepoint: 449000 ns, At safepoint: 49600 ns, Total: 498600 ns
[2020-03-27T05:05:15.210+0000][1][safepoint    ] Safepoint "RevokeBias", Time since last: 805900 ns, Reaching safepoint: 163300 ns, At safepoint: 6400 ns, Total: 169700 ns
[2020-03-27T05:05:15.211+0000][1][safepoint    ] Safepoint "RevokeBias", Time since last: 853000 ns, Reaching safepoint: 184500 ns, At safepoint: 7200 ns, Total: 191700 ns
[2020-03-27T05:05:15.230+0000][1][safepoint    ] Safepoint "RevokeBias", Time since last: 19336399 ns, Reaching safepoint: 139000 ns, At safepoint: 17600 ns, Total: 156600 ns
[2020-03-27T05:05:15.232+0000][1][safepoint    ] Safepoint "RevokeBias", Time since last: 1455100 ns, Reaching safepoint: 401900 ns, At safepoint: 25800 ns, Total: 427700 ns
[2020-03-27T05:05:15.234+0000][1][safepoint    ] Safepoint "RevokeBias", Time since last: 2089900 ns, Reaching safepoint: 97300 ns, At safepoint: 14800 ns, Total: 112100 ns
[2020-03-27T05:05:15.235+0000][1][safepoint    ] Safepoint "RevokeBias", Time since last: 744300 ns, Reaching safepoint: 91500 ns, At safepoint: 15400 ns, Total: 106900 ns
[2020-03-27T05:05:15.237+0000][1][safepoint    ] Safepoint "RevokeBias", Time since last: 1631300 ns, Reaching safepoint: 84800 ns, At safepoint: 23300 ns, Total: 108100 ns
[2020-03-27T05:05:15.238+0000][1][safepoint    ] Safepoint "RevokeBias", Time since last: 1020100 ns, Reaching safepoint: 80300 ns, At safepoint: 25000 ns, Total: 105300 ns
[2020-03-27T05:05:15.251+0000][1][safepoint    ] Safepoint "RevokeBias", Time since last: 12629600 ns, Reaching safepoint: 227100 ns, At safepoint: 26300 ns, Total: 253400 ns
[2020-03-27T05:05:15.252+0000][1][safepoint    ] Safepoint "RevokeBias", Time since last: 845199 ns, Reaching safepoint: 177100 ns, At safepoint: 58600 ns, Total: 235700 ns
[2020-03-27T05:05:15.262+0000][1][safepoint    ] Safepoint "RevokeBias", Time since last: 9984300 ns, Reaching safepoint: 131800 ns, At safepoint: 14200 ns, Total: 146000 ns
[2020-03-27T05:05:15.263+0000][1][safepoint    ] Safepoint "RevokeBias", Time since last: 772800 ns, Reaching safepoint: 81500 ns, At safepoint: 12100 ns, Total: 93600 ns
[2020-03-27T05:05:15.272+0000][1][safepoint    ] Safepoint "RevokeBias", Time since last: 8729800 ns, Reaching safepoint: 148400 ns, At safepoint: 26800 ns, Total: 175200 ns
[2020-03-27T05:05:15.289+0000][1][safepoint    ] Safepoint "RevokeBias", Time since last: 17312799 ns, Reaching safepoint: 227000 ns, At safepoint: 17000 ns, Total: 244000 ns
[2020-03-27T05:05:15.291+0000][1][safepoint    ] Safepoint "RevokeBias", Time since last: 1325000 ns, Reaching safepoint: 202500 ns, At safepoint: 90900 ns, Total: 293400 ns
[2020-03-27T05:05:15.301+0000][1][safepoint    ] Safepoint "RevokeBias", Time since last: 9737200 ns, Reaching safepoint: 191300 ns, At safepoint: 14200 ns, Total: 205500 ns
[2020-03-27T05:05:15.303+0000][1][safepoint    ] Safepoint "RevokeBias", Time since last: 1711199 ns, Reaching safepoint: 214000 ns, At safepoint: 70300 ns, Total: 284300 ns
[2020-03-27T05:05:15.305+0000][1][safepoint    ] Safepoint "RevokeBias", Time since last: 1224000 ns, Reaching safepoint: 184900 ns, At safepoint: 90400 ns, Total: 275300 ns
[2020-03-27T05:05:15.305+0000][1][safepoint    ] Safepoint "RevokeBias", Time since last: 452200 ns, Reaching safepoint: 196300 ns, At safepoint: 26800 ns, Total: 223100 ns
[2020-03-27T05:05:15.306+0000][1][safepoint    ] Safepoint "RevokeBias", Time since last: 641300 ns, Reaching safepoint: 87900 ns, At safepoint: 29200 ns, Total: 117100 ns
[2020-03-27T05:05:15.307+0000][1][safepoint    ] Safepoint "RevokeBias", Time since last: 644900 ns, Reaching safepoint: 169500 ns, At safepoint: 25100 ns, Total: 194600 ns
[2020-03-27T05:05:15.308+0000][1][safepoint    ] Safepoint "RevokeBias", Time since last: 1074300 ns, Reaching safepoint: 145900 ns, At safepoint: 46800 ns, Total: 192700 ns
[2020-03-27T05:05:15.309+0000][1][safepoint    ] Safepoint "RevokeBias", Time since last: 1181900 ns, Reaching safepoint: 178400 ns, At safepoint: 25100 ns, Total: 203500 ns
[2020-03-27T05:05:15.311+0000][1][safepoint    ] Safepoint "RevokeBias", Time since last: 1742800 ns, Reaching safepoint: 210800 ns, At safepoint: 23700 ns, Total: 234500 ns
[2020-03-27T05:05:15.313+0000][1][safepoint    ] Safepoint "RevokeBias", Time since last: 1263300 ns, Reaching safepoint: 133600 ns, At safepoint: 28300 ns, Total: 161900 ns
[2020-03-27T05:05:15.340+0000][1][safepoint    ] Safepoint "RevokeBias", Time since last: 27099199 ns, Reaching safepoint: 164600 ns, At safepoint: 15700 ns, Total: 180300 ns
[2020-03-27T05:05:15.341+0000][1][safepoint    ] Safepoint "RevokeBias", Time since last: 765000 ns, Reaching safepoint: 193500 ns, At safepoint: 12300 ns, Total: 205800 ns
[2020-03-27T05:05:15.342+0000][1][safepoint    ] Safepoint "RevokeBias", Time since last: 316900 ns, Reaching safepoint: 202000 ns, At safepoint: 21700 ns, Total: 223700 ns
[2020-03-27T05:05:15.352+0000][1][safepoint    ] Safepoint "RevokeBias", Time since last: 9713300 ns, Reaching safepoint: 246700 ns, At safepoint: 29700 ns, Total: 276400 ns
[2020-03-27T05:05:15.353+0000][1][safepoint    ] Safepoint "RevokeBias", Time since last: 505599 ns, Reaching safepoint: 280100 ns, At safepoint: 288500 ns, Total: 568600 ns
[2020-03-27T05:05:15.353+0000][1][safepoint    ] Safepoint "RevokeBias", Time since last: 422100 ns, Reaching safepoint: 145300 ns, At safepoint: 34700 ns, Total: 180000 ns
[2020-03-27T05:05:15.355+0000][1][safepoint    ] Safepoint "RevokeBias", Time since last: 572400 ns, Reaching safepoint: 526100 ns, At safepoint: 224700 ns, Total: 750800 ns
[2020-03-27T05:05:15.358+0000][1][safepoint    ] Safepoint "RevokeBias", Time since last: 612900 ns, Reaching safepoint: 2401300 ns, At safepoint: 22700 ns, Total: 2424000 ns
[2020-03-27T05:05:15.359+0000][1][safepoint    ] Safepoint "RevokeBias", Time since last: 1038100 ns, Reaching safepoint: 161800 ns, At safepoint: 14500 ns, Total: 176300 ns
[2020-03-27T05:05:15.361+0000][1][safepoint    ] Safepoint "RevokeBias", Time since last: 1991100 ns, Reaching safepoint: 176300 ns, At safepoint: 19100 ns, Total: 195400 ns
[2020-03-27T05:05:15.365+0000][1][safepoint    ] Safepoint "RevokeBias", Time since last: 3743900 ns, Reaching safepoint: 512700 ns, At safepoint: 43500 ns, Total: 556200 ns
[2020-03-27T05:05:15.366+0000][1][safepoint    ] Safepoint "RevokeBias", Time since last: 500600 ns, Reaching safepoint: 136300 ns, At safepoint: 15200 ns, Total: 151500 ns
[2020-03-27T05:05:15.369+0000][1][safepoint    ] Safepoint "RevokeBias", Time since last: 2380200 ns, Reaching safepoint: 198700 ns, At safepoint: 136500 ns, Total: 335200 ns
[2020-03-27T05:05:15.372+0000][1][safepoint    ] Safepoint "RevokeBias", Time since last: 2523100 ns, Reaching safepoint: 254300 ns, At safepoint: 54900 ns, Total: 309200 ns
[2020-03-27T05:05:15.375+0000][1][safepoint    ] Safepoint "RevokeBias", Time since last: 2287400 ns, Reaching safepoint: 630400 ns, At safepoint: 60600 ns, Total: 691000 ns
[2020-03-27T05:05:15.375+0000][1][safepoint    ] Safepoint "RevokeBias", Time since last: 553000 ns, Reaching safepoint: 208000 ns, At safepoint: 92100 ns, Total: 300100 ns
[2020-03-27T05:05:15.388+0000][1][safepoint    ] Safepoint "RevokeBias", Time since last: 10886999 ns, Reaching safepoint: 195400 ns, At safepoint: 1607000 ns, Total: 1802400 ns
[2020-03-27T05:05:15.401+0000][1][safepoint    ] Safepoint "RevokeBias", Time since last: 13042200 ns, Reaching safepoint: 161500 ns, At safepoint: 43800 ns, Total: 205300 ns
[2020-03-27T05:05:15.403+0000][1][safepoint    ] Safepoint "RevokeBias", Time since last: 1599099 ns, Reaching safepoint: 109900 ns, At safepoint: 23000 ns, Total: 132900 ns
[2020-03-27T05:05:15.405+0000][1][safepoint    ] Safepoint "RevokeBias", Time since last: 1946200 ns, Reaching safepoint: 109000 ns, At safepoint: 25800 ns, Total: 134800 ns
[2020-03-27T05:05:15.407+0000][1][safepoint    ] Safepoint "RevokeBias", Time since last: 1374400 ns, Reaching safepoint: 272700 ns, At safepoint: 140500 ns, Total: 413200 ns
[2020-03-27T05:05:15.410+0000][1][safepoint    ] Safepoint "RevokeBias", Time since last: 2682100 ns, Reaching safepoint: 95900 ns, At safepoint: 19100 ns, Total: 115000 ns
[2020-03-27T05:05:15.411+0000][1][safepoint    ] Safepoint "RevokeBias", Time since last: 1498300 ns, Reaching safepoint: 118100 ns, At safepoint: 43800 ns, Total: 161900 ns
[2020-03-27T05:05:15.412+0000][1][safepoint    ] Safepoint "RevokeBias", Time since last: 602500 ns, Reaching safepoint: 94100 ns, At safepoint: 25500 ns, Total: 119600 ns
[2020-03-27T05:05:15.413+0000][1][safepoint    ] Safepoint "RevokeBias", Time since last: 622900 ns, Reaching safepoint: 65800 ns, At safepoint: 20800 ns, Total: 86600 ns
[2020-03-27T05:05:15.416+0000][1][safepoint    ] Safepoint "RevokeBias", Time since last: 2223300 ns, Reaching safepoint: 641200 ns, At safepoint: 123700 ns, Total: 764900 ns
[2020-03-27T05:05:15.423+0000][1][safepoint    ] Safepoint "RevokeBias", Time since last: 7176600 ns, Reaching safepoint: 249000 ns, At safepoint: 56200 ns, Total: 305200 ns
[2020-03-27T05:05:15.424+0000][1][safepoint    ] Safepoint "RevokeBias", Time since last: 677100 ns, Reaching safepoint: 123200 ns, At safepoint: 53200 ns, Total: 176400 ns
[2020-03-27T05:05:15.425+0000][1][safepoint    ] Safepoint "RevokeBias", Time since last: 278600 ns, Reaching safepoint: 206800 ns, At safepoint: 29300 ns, Total: 236100 ns
[2020-03-27T05:05:15.425+0000][1][safepoint    ] Safepoint "RevokeBias", Time since last: 413600 ns, Reaching safepoint: 161400 ns, At safepoint: 30200 ns, Total: 191600 ns
[2020-03-27T05:05:15.426+0000][1][safepoint    ] Safepoint "RevokeBias", Time since last: 764200 ns, Reaching safepoint: 77000 ns, At safepoint: 20100 ns, Total: 97100 ns
[2020-03-27T05:05:15.428+0000][1][safepoint    ] Safepoint "BulkRevokeBias", Time since last: 616300 ns, Reaching safepoint: 334000 ns, At safepoint: 825299 ns, Total: 1159299 ns
[2020-03-27T05:05:15.429+0000][1][safepoint    ] Safepoint "RevokeBias", Time since last: 790300 ns, Reaching safepoint: 176000 ns, At safepoint: 27800 ns, Total: 203800 ns
[2020-03-27T05:05:15.430+0000][1][safepoint    ] Safepoint "RevokeBias", Time since last: 926100 ns, Reaching safepoint: 238200 ns, At safepoint: 33000 ns, Total: 271200 ns
[2020-03-27T05:05:15.431+0000][1][safepoint    ] Safepoint "RevokeBias", Time since last: 502400 ns, Reaching safepoint: 109300 ns, At safepoint: 20100 ns, Total: 129400 ns
[2020-03-27T05:05:15.433+0000][1][safepoint    ] Safepoint "RevokeBias", Time since last: 1277400 ns, Reaching safepoint: 531300 ns, At safepoint: 157700 ns, Total: 689000 ns
[2020-03-27T05:05:15.439+0000][1][safepoint    ] Safepoint "RevokeBias", Time since last: 6322600 ns, Reaching safepoint: 183800 ns, At safepoint: 39200 ns, Total: 223000 ns
[2020-03-27T05:05:15.442+0000][1][safepoint    ] Safepoint "RevokeBias", Time since last: 2126700 ns, Reaching safepoint: 121000 ns, At safepoint: 37600 ns, Total: 158600 ns
[2020-03-27T05:05:15.443+0000][1][safepoint    ] Safepoint "RevokeBias", Time since last: 1059000 ns, Reaching safepoint: 81100 ns, At safepoint: 23700 ns, Total: 104800 ns
[2020-03-27T05:05:15.457+0000][1][safepoint    ] Safepoint "RevokeBias", Time since last: 14678199 ns, Reaching safepoint: 98800 ns, At safepoint: 15400 ns, Total: 114200 ns
[2020-03-27T05:05:15.458+0000][1][safepoint    ] Safepoint "RevokeBias", Time since last: 567300 ns, Reaching safepoint: 151000 ns, At safepoint: 26400 ns, Total: 177400 ns
[2020-03-27T05:05:15.461+0000][1][safepoint    ] Safepoint "RevokeBias", Time since last: 2687200 ns, Reaching safepoint: 135200 ns, At safepoint: 22100 ns, Total: 157300 ns
[2020-03-27T05:05:15.462+0000][1][safepoint    ] Safepoint "RevokeBias", Time since last: 629700 ns, Reaching safepoint: 96800 ns, At safepoint: 25000 ns, Total: 121800 ns
[2020-03-27T05:05:15.463+0000][1][safepoint    ] Safepoint "RevokeBias", Time since last: 1096800 ns, Reaching safepoint: 71500 ns, At safepoint: 47100 ns, Total: 118600 ns
[2020-03-27T05:05:15.470+0000][1][safepoint    ] Safepoint "RevokeBias", Time since last: 6975700 ns, Reaching safepoint: 85500 ns, At safepoint: 23500 ns, Total: 109000 ns
[2020-03-27T05:05:15.477+0000][1][safepoint    ] Safepoint "RevokeBias", Time since last: 6550800 ns, Reaching safepoint: 95000 ns, At safepoint: 22200 ns, Total: 117200 ns
[2020-03-27T05:05:15.491+0000][1][safepoint    ] Safepoint "RevokeBias", Time since last: 13606799 ns, Reaching safepoint: 116100 ns, At safepoint: 21500 ns, Total: 137600 ns
[2020-03-27T05:05:15.495+0000][1][safepoint    ] Safepoint "RevokeBias", Time since last: 4636900 ns, Reaching safepoint: 89700 ns, At safepoint: 24300 ns, Total: 114000 ns
[2020-03-27T05:05:15.511+0000][1][safepoint    ] Safepoint "RevokeBias", Time since last: 15339199 ns, Reaching safepoint: 171900 ns, At safepoint: 22700 ns, Total: 194600 ns
[2020-03-27T05:05:15.515+0000][1][safepoint    ] Safepoint "RevokeBias", Time since last: 4194100 ns, Reaching safepoint: 105900 ns, At safepoint: 14900 ns, Total: 120800 ns
[2020-03-27T05:05:15.516+0000][1][safepoint    ] Safepoint "RevokeBias", Time since last: 663500 ns, Reaching safepoint: 90800 ns, At safepoint: 14500 ns, Total: 105300 ns
[2020-03-27T05:05:15.530+0000][1][safepoint    ] Safepoint "RevokeBias", Time since last: 13443099 ns, Reaching safepoint: 140600 ns, At safepoint: 53000 ns, Total: 193600 ns
[2020-03-27T05:05:15.530+0000][1][safepoint    ] Safepoint "RevokeBias", Time since last: 750400 ns, Reaching safepoint: 91400 ns, At safepoint: 26600 ns, Total: 118000 ns
[2020-03-27T05:05:15.531+0000][1][safepoint    ] Safepoint "RevokeBias", Time since last: 681500 ns, Reaching safepoint: 166300 ns, At safepoint: 16000 ns, Total: 182300 ns
[2020-03-27T05:05:15.532+0000][1][safepoint    ] Safepoint "RevokeBias", Time since last: 638000 ns, Reaching safepoint: 54900 ns, At safepoint: 16500 ns, Total: 71400 ns
[2020-03-27T05:05:15.535+0000][1][safepoint    ] Safepoint "RevokeBias", Time since last: 3092000 ns, Reaching safepoint: 164000 ns, At safepoint: 23900 ns, Total: 187900 ns
[2020-03-27T05:05:15.537+0000][1][safepoint    ] Safepoint "RevokeBias", Time since last: 2058900 ns, Reaching safepoint: 78400 ns, At safepoint: 12400 ns, Total: 90800 ns
[2020-03-27T05:05:15.547+0000][1][safepoint    ] Safepoint "RevokeBias", Time since last: 9452000 ns, Reaching safepoint: 173000 ns, At safepoint: 31700 ns, Total: 204700 ns
[2020-03-27T05:05:15.548+0000][1][safepoint    ] Safepoint "RevokeBias", Time since last: 680300 ns, Reaching safepoint: 72000 ns, At safepoint: 20000 ns, Total: 92000 ns
[2020-03-27T05:05:15.556+0000][1][safepoint    ] Safepoint "RevokeBias", Time since last: 8253399 ns, Reaching safepoint: 84400 ns, At safepoint: 40200 ns, Total: 124600 ns
[2020-03-27T05:05:15.557+0000][1][safepoint    ] Safepoint "RevokeBias", Time since last: 527400 ns, Reaching safepoint: 66400 ns, At safepoint: 23500 ns, Total: 89900 ns
[2020-03-27T05:05:15.558+0000][1][safepoint    ] Safepoint "RevokeBias", Time since last: 622100 ns, Reaching safepoint: 66200 ns, At safepoint: 20200 ns, Total: 86400 ns
[2020-03-27T05:05:15.558+0000][1][safepoint    ] Safepoint "RevokeBias", Time since last: 522900 ns, Reaching safepoint: 69900 ns, At safepoint: 14400 ns, Total: 84300 ns
[2020-03-27T05:05:15.558+0000][1][safepoint    ] Safepoint "RevokeBias", Time since last: 258200 ns, Reaching safepoint: 45400 ns, At safepoint: 14500 ns, Total: 59900 ns
[2020-03-27T05:05:15.561+0000][1][safepoint    ] Safepoint "RevokeBias", Time since last: 2187600 ns, Reaching safepoint: 145600 ns, At safepoint: 42500 ns, Total: 188100 ns
[2020-03-27T05:05:15.570+0000][1][safepoint    ] Safepoint "RevokeBias", Time since last: 9465000 ns, Reaching safepoint: 100200 ns, At safepoint: 15700 ns, Total: 115900 ns
[2020-03-27T05:05:15.572+0000][1][safepoint    ] Safepoint "RevokeBias", Time since last: 1020300 ns, Reaching safepoint: 181700 ns, At safepoint: 37400 ns, Total: 219100 ns
[2020-03-27T05:05:15.573+0000][1][safepoint    ] Safepoint "RevokeBias", Time since last: 775800 ns, Reaching safepoint: 77500 ns, At safepoint: 9800 ns, Total: 87300 ns
[2020-03-27T05:05:15.573+0000][1][safepoint    ] Safepoint "RevokeBias", Time since last: 404800 ns, Reaching safepoint: 62400 ns, At safepoint: 26900 ns, Total: 89300 ns
[2020-03-27T05:05:15.575+0000][1][safepoint    ] Safepoint "RevokeBias", Time since last: 2180900 ns, Reaching safepoint: 72500 ns, At safepoint: 14600 ns, Total: 87100 ns
[2020-03-27T05:05:15.577+0000][1][safepoint    ] Safepoint "RevokeBias", Time since last: 1264100 ns, Reaching safepoint: 51700 ns, At safepoint: 29200 ns, Total: 80900 ns
[2020-03-27T05:05:15.578+0000][1][safepoint    ] Safepoint "RevokeBias", Time since last: 1488000 ns, Reaching safepoint: 55000 ns, At safepoint: 16400 ns, Total: 71400 ns
[2020-03-27T05:05:15.581+0000][1][safepoint    ] Safepoint "RevokeBias", Time since last: 2861699 ns, Reaching safepoint: 141600 ns, At safepoint: 10500 ns, Total: 152100 ns
[2020-03-27T05:05:15.582+0000][1][safepoint    ] Safepoint "RevokeBias", Time since last: 706400 ns, Reaching safepoint: 265900 ns, At safepoint: 18500 ns, Total: 284400 ns
[2020-03-27T05:05:15.584+0000][1][safepoint    ] Safepoint "RevokeBias", Time since last: 1337300 ns, Reaching safepoint: 224900 ns, At safepoint: 43000 ns, Total: 267900 ns
[2020-03-27T05:05:15.586+0000][1][safepoint    ] Safepoint "RevokeBias", Time since last: 1819500 ns, Reaching safepoint: 123300 ns, At safepoint: 16400 ns, Total: 139700 ns
[2020-03-27T05:05:15.587+0000][1][safepoint    ] Safepoint "RevokeBias", Time since last: 1122700 ns, Reaching safepoint: 104000 ns, At safepoint: 334000 ns, Total: 438000 ns
[2020-03-27T05:05:15.590+0000][1][safepoint    ] Safepoint "RevokeBias", Time since last: 1938500 ns, Reaching safepoint: 128400 ns, At safepoint: 213400 ns, Total: 341800 ns
[2020-03-27T05:05:15.591+0000][1][safepoint    ] Safepoint "RevokeBias", Time since last: 1252600 ns, Reaching safepoint: 60900 ns, At safepoint: 10000 ns, Total: 70900 ns
[2020-03-27T05:05:15.596+0000][1][gc,heap,exit ] Heap
[2020-03-27T05:05:15.596+0000][1][gc,heap,exit ]  par new generation   total 153344K, used 120490K [0x00000000e0000000, 0x00000000ea660000, 0x00000000ea660000)
[2020-03-27T05:05:15.597+0000][1][gc,heap,exit ]   eden space 136320K,  86% used [0x00000000e0000000, 0x00000000e7333b30, 0x00000000e8520000)
[2020-03-27T05:05:15.598+0000][1][gc,heap,exit ]   from space 17024K,  14% used [0x00000000e8520000, 0x00000000e8796ce0, 0x00000000e95c0000)
[2020-03-27T05:05:15.598+0000][1][gc,heap,exit ]   to   space 17024K,   0% used [0x00000000e95c0000, 0x00000000e95c0000, 0x00000000ea660000)
[2020-03-27T05:05:15.599+0000][1][gc,heap,exit ]  concurrent mark-sweep generation total 353920K, used 102001K [0x00000000ea660000, 0x0000000100000000, 0x0000000100000000)
[2020-03-27T05:05:15.599+0000][1][gc,heap,exit ]  Metaspace       used 95904K, capacity 103327K, committed 103608K, reserved 1138688K
[2020-03-27T05:05:15.599+0000][1][gc,heap,exit ]   class space    used 12433K, capacity 15553K, committed 15644K, reserved 1048576K
