[2020-03-27T05:05:25.723+0000][1][gc] Using Concurrent Mark Sweep
[2020-03-27T05:05:25.723+0000][1][gc,heap,coops] Heap address: 0x00000000e0000000, size: 512 MB, Compressed Oops mode: 32-bit
[2020-03-27T05:05:25.776+0000][1][safepoint    ] Safepoint "EnableBiasedLocking", Time since last: 36624599 ns, Reaching safepoint: 5267400 ns, At safepoint: 26100 ns, Total: 5293500 ns
[2020-03-27T05:05:25.783+0000][1][safepoint    ] Safepoint "RevokeBias", Time since last: 6735299 ns, Reaching safepoint: 83500 ns, At safepoint: 20500 ns, Total: 104000 ns
[2020-03-27T05:05:25.793+0000][1][safepoint    ] Safepoint "Deoptimize", Time since last: 10662900 ns, Reaching safepoint: 13100 ns, At safepoint: 11800 ns, Total: 24900 ns
[2020-03-27T05:05:25.984+0000][1][safepoint    ] Safepoint "Deoptimize", Time since last: 190439493 ns, Reaching safepoint: 21800 ns, At safepoint: 26300 ns, Total: 48100 ns
[2020-03-27T05:05:26.356+0000][1][safepoint    ] Safepoint "Deoptimize", Time since last: 371956886 ns, Reaching safepoint: 168300 ns, At safepoint: 74000 ns, Total: 242300 ns
[2020-03-27T05:05:26.424+0000][1][safepoint    ] Safepoint "Deoptimize", Time since last: 67919297 ns, Reaching safepoint: 17100 ns, At safepoint: 52600 ns, Total: 69700 ns
[2020-03-27T05:05:26.465+0000][1][safepoint    ] Safepoint "Deoptimize", Time since last: 40753399 ns, Reaching safepoint: 22100 ns, At safepoint: 64100 ns, Total: 86200 ns
[2020-03-27T05:05:26.644+0000][1][safepoint    ] Safepoint "Deoptimize", Time since last: 179313693 ns, Reaching safepoint: 92000 ns, At safepoint: 65700 ns, Total: 157700 ns
[2020-03-27T05:05:26.826+0000][1][safepoint    ] Safepoint "Deoptimize", Time since last: 181173893 ns, Reaching safepoint: 101900 ns, At safepoint: 71200 ns, Total: 173100 ns
[2020-03-27T05:05:27.010+0000][1][safepoint    ] Safepoint "Deoptimize", Time since last: 183732093 ns, Reaching safepoint: 106200 ns, At safepoint: 73700 ns, Total: 179900 ns
[2020-03-27T05:05:27.354+0000][1][safepoint    ] Safepoint "Deoptimize", Time since last: 343369588 ns, Reaching safepoint: 558099 ns, At safepoint: 123400 ns, Total: 681499 ns
[2020-03-27T05:05:27.481+0000][1][safepoint    ] Safepoint "Deoptimize", Time since last: 127397596 ns, Reaching safepoint: 96000 ns, At safepoint: 98600 ns, Total: 194600 ns
[2020-03-27T05:05:27.483+0000][1][safepoint    ] Safepoint "Deoptimize", Time since last: 841100 ns, Reaching safepoint: 153700 ns, At safepoint: 190500 ns, Total: 344200 ns
[2020-03-27T05:05:27.572+0000][1][safepoint    ] Safepoint "Deoptimize", Time since last: 89571196 ns, Reaching safepoint: 29000 ns, At safepoint: 113800 ns, Total: 142800 ns
[2020-03-27T05:05:27.575+0000][1][safepoint    ] Safepoint "Deoptimize", Time since last: 2229000 ns, Reaching safepoint: 13900 ns, At safepoint: 136500 ns, Total: 150400 ns
[2020-03-27T05:05:27.589+0000][1][safepoint    ] Safepoint "RevokeBias", Time since last: 14206800 ns, Reaching safepoint: 83100 ns, At safepoint: 16700 ns, Total: 99800 ns
[2020-03-27T05:05:27.590+0000][1][safepoint    ] Safepoint "RevokeBias", Time since last: 554900 ns, Reaching safepoint: 35200 ns, At safepoint: 13300 ns, Total: 48500 ns
[2020-03-27T05:05:27.600+0000][1][safepoint    ] Safepoint "RevokeBias", Time since last: 10783099 ns, Reaching safepoint: 100600 ns, At safepoint: 35900 ns, Total: 136500 ns
[2020-03-27T05:05:27.601+0000][1][safepoint    ] Safepoint "RevokeBias", Time since last: 468300 ns, Reaching safepoint: 6400 ns, At safepoint: 20800 ns, Total: 27200 ns
[2020-03-27T05:05:27.601+0000][1][safepoint    ] Safepoint "RevokeBias", Time since last: 375600 ns, Reaching safepoint: 6200 ns, At safepoint: 12600 ns, Total: 18800 ns
[2020-03-27T05:05:28.316+0000][1][safepoint    ] Safepoint "RevokeBias", Time since last: 714519273 ns, Reaching safepoint: 50300 ns, At safepoint: 23400 ns, Total: 73700 ns
[2020-03-27T05:05:28.522+0000][1][safepoint    ] Safepoint "RevokeBias", Time since last: 205615793 ns, Reaching safepoint: 35600 ns, At safepoint: 12400 ns, Total: 48000 ns
[2020-03-27T05:05:28.522+0000][1][safepoint    ] Safepoint "RevokeBias", Time since last: 582400 ns, Reaching safepoint: 33800 ns, At safepoint: 10000 ns, Total: 43800 ns
[2020-03-27T05:05:28.604+0000][1][safepoint    ] Safepoint "RevokeBias", Time since last: 81299297 ns, Reaching safepoint: 27500 ns, At safepoint: 31000 ns, Total: 58500 ns
[2020-03-27T05:05:28.605+0000][1][safepoint    ] Safepoint "RevokeBias", Time since last: 962100 ns, Reaching safepoint: 104000 ns, At safepoint: 22300 ns, Total: 126300 ns
[2020-03-27T05:05:28.652+0000][1][safepoint    ] Safepoint "RevokeBias", Time since last: 46554498 ns, Reaching safepoint: 897200 ns, At safepoint: 29600 ns, Total: 926800 ns
[2020-03-27T05:05:28.783+0000][1][safepoint    ] Safepoint "RevokeBias", Time since last: 130445895 ns, Reaching safepoint: 81600 ns, At safepoint: 26100 ns, Total: 107700 ns
[2020-03-27T05:05:28.842+0000][1][gc,start     ] GC(0) Pause Young (Allocation Failure)
[2020-03-27T05:05:28.847+0000][1][gc,task      ] GC(0) Using 2 workers of 2 for evacuation
[2020-03-27T05:05:28.892+0000][1][gc,age       ] GC(0) Desired survivor size 8716288 bytes, new threshold 1 (max threshold 6)
[2020-03-27T05:05:28.893+0000][1][gc,age       ] GC(0) Age table with threshold 1 (max threshold 6)
[2020-03-27T05:05:28.897+0000][1][gc,age       ] GC(0) - age   1:    9163824 bytes,    9163824 total
[2020-03-27T05:05:28.901+0000][1][gc,heap      ] GC(0) ParNew: 136320K->9011K(153344K)
[2020-03-27T05:05:28.902+0000][1][gc,heap      ] GC(0) CMS: 0K->0K(353920K)
[2020-03-27T05:05:28.905+0000][1][gc,metaspace ] GC(0) Metaspace: 17097K->17097K(1064960K)
[2020-03-27T05:05:28.906+0000][1][gc           ] GC(0) Pause Young (Allocation Failure) 133M->8M(495M) 64.133ms
[2020-03-27T05:05:28.908+0000][1][gc,cpu       ] GC(0) User=0.03s Sys=0.00s Real=0.07s
[2020-03-27T05:05:28.910+0000][1][safepoint    ] Safepoint "GenCollectForAllocation", Time since last: 59359398 ns, Reaching safepoint: 117200 ns, At safepoint: 68170097 ns, Total: 68287297 ns
[2020-03-27T05:05:28.914+0000][1][safepoint    ] Safepoint "RevokeBias", Time since last: 3443800 ns, Reaching safepoint: 16400 ns, At safepoint: 44700 ns, Total: 61100 ns
[2020-03-27T05:05:28.916+0000][1][safepoint    ] Safepoint "RevokeBias", Time since last: 2484600 ns, Reaching safepoint: 108100 ns, At safepoint: 61300 ns, Total: 169400 ns
[2020-03-27T05:05:28.917+0000][1][safepoint    ] Safepoint "RevokeBias", Time since last: 482000 ns, Reaching safepoint: 84300 ns, At safepoint: 39200 ns, Total: 123500 ns
[2020-03-27T05:05:28.918+0000][1][safepoint    ] Safepoint "RevokeBias", Time since last: 358700 ns, Reaching safepoint: 62900 ns, At safepoint: 35000 ns, Total: 97900 ns
[2020-03-27T05:05:28.918+0000][1][safepoint    ] Safepoint "RevokeBias", Time since last: 460400 ns, Reaching safepoint: 7100 ns, At safepoint: 28700 ns, Total: 35800 ns
[2020-03-27T05:05:28.919+0000][1][safepoint    ] Safepoint "RevokeBias", Time since last: 361200 ns, Reaching safepoint: 111300 ns, At safepoint: 43100 ns, Total: 154400 ns
[2020-03-27T05:05:28.919+0000][1][safepoint    ] Safepoint "RevokeBias", Time since last: 294700 ns, Reaching safepoint: 301700 ns, At safepoint: 12700 ns, Total: 314400 ns
[2020-03-27T05:05:28.920+0000][1][safepoint    ] Safepoint "RevokeBias", Time since last: 391900 ns, Reaching safepoint: 288700 ns, At safepoint: 17600 ns, Total: 306300 ns
[2020-03-27T05:05:28.920+0000][1][safepoint    ] Safepoint "RevokeBias", Time since last: 247400 ns, Reaching safepoint: 70200 ns, At safepoint: 20300 ns, Total: 90500 ns
[2020-03-27T05:05:28.920+0000][1][safepoint    ] Safepoint "RevokeBias", Time since last: 202300 ns, Reaching safepoint: 11000 ns, At safepoint: 18500 ns, Total: 29500 ns
[2020-03-27T05:05:28.921+0000][1][safepoint    ] Safepoint "RevokeBias", Time since last: 312800 ns, Reaching safepoint: 9100 ns, At safepoint: 35600 ns, Total: 44700 ns
[2020-03-27T05:05:28.921+0000][1][safepoint    ] Safepoint "RevokeBias", Time since last: 265400 ns, Reaching safepoint: 7400 ns, At safepoint: 38800 ns, Total: 46200 ns
[2020-03-27T05:05:28.921+0000][1][safepoint    ] Safepoint "RevokeBias", Time since last: 256700 ns, Reaching safepoint: 8100 ns, At safepoint: 24500 ns, Total: 32600 ns
[2020-03-27T05:05:28.922+0000][1][safepoint    ] Safepoint "RevokeBias", Time since last: 660300 ns, Reaching safepoint: 9100 ns, At safepoint: 31100 ns, Total: 40200 ns
[2020-03-27T05:05:28.928+0000][1][safepoint    ] Safepoint "RevokeBias", Time since last: 5837799 ns, Reaching safepoint: 18500 ns, At safepoint: 29800 ns, Total: 48300 ns
[2020-03-27T05:05:28.932+0000][1][safepoint    ] Safepoint "RevokeBias", Time since last: 3596100 ns, Reaching safepoint: 21100 ns, At safepoint: 43200 ns, Total: 64300 ns
[2020-03-27T05:05:28.933+0000][1][safepoint    ] Safepoint "RevokeBias", Time since last: 823700 ns, Reaching safepoint: 36200 ns, At safepoint: 15300 ns, Total: 51500 ns
[2020-03-27T05:05:28.934+0000][1][safepoint    ] Safepoint "RevokeBias", Time since last: 1472400 ns, Reaching safepoint: 10700 ns, At safepoint: 16100 ns, Total: 26800 ns
[2020-03-27T05:05:28.935+0000][1][safepoint    ] Safepoint "RevokeBias", Time since last: 642000 ns, Reaching safepoint: 9300 ns, At safepoint: 15000 ns, Total: 24300 ns
[2020-03-27T05:05:28.940+0000][1][safepoint    ] Safepoint "RevokeBias", Time since last: 513600 ns, Reaching safepoint: 8500 ns, At safepoint: 4673000 ns, Total: 4681500 ns
[2020-03-27T05:05:28.943+0000][1][safepoint    ] Safepoint "RevokeBias", Time since last: 2566800 ns, Reaching safepoint: 140900 ns, At safepoint: 30100 ns, Total: 171000 ns
[2020-03-27T05:05:28.945+0000][1][safepoint    ] Safepoint "RevokeBias", Time since last: 2632300 ns, Reaching safepoint: 53100 ns, At safepoint: 18900 ns, Total: 72000 ns
[2020-03-27T05:05:28.947+0000][1][safepoint    ] Safepoint "RevokeBias", Time since last: 1026300 ns, Reaching safepoint: 1080800 ns, At safepoint: 20100 ns, Total: 1100900 ns
[2020-03-27T05:05:28.949+0000][1][safepoint    ] Safepoint "RevokeBias", Time since last: 1977000 ns, Reaching safepoint: 12700 ns, At safepoint: 19600 ns, Total: 32300 ns
[2020-03-27T05:05:28.953+0000][1][safepoint    ] Safepoint "RevokeBias", Time since last: 3136899 ns, Reaching safepoint: 16900 ns, At safepoint: 18800 ns, Total: 35700 ns
[2020-03-27T05:05:28.958+0000][1][safepoint    ] Safepoint "RevokeBias", Time since last: 4901500 ns, Reaching safepoint: 18800 ns, At safepoint: 24700 ns, Total: 43500 ns
[2020-03-27T05:05:28.962+0000][1][safepoint    ] Safepoint "RevokeBias", Time since last: 2590900 ns, Reaching safepoint: 15600 ns, At safepoint: 1806100 ns, Total: 1821700 ns
[2020-03-27T05:05:28.965+0000][1][safepoint    ] Safepoint "RevokeBias", Time since last: 2450400 ns, Reaching safepoint: 16600 ns, At safepoint: 36300 ns, Total: 52900 ns
[2020-03-27T05:05:28.968+0000][1][safepoint    ] Safepoint "RevokeBias", Time since last: 2912600 ns, Reaching safepoint: 98700 ns, At safepoint: 20200 ns, Total: 118900 ns
[2020-03-27T05:05:28.973+0000][1][safepoint    ] Safepoint "RevokeBias", Time since last: 5902900 ns, Reaching safepoint: 23400 ns, At safepoint: 36000 ns, Total: 59400 ns
[2020-03-27T05:05:28.975+0000][1][safepoint    ] Safepoint "RevokeBias", Time since last: 1717200 ns, Reaching safepoint: 84200 ns, At safepoint: 22400 ns, Total: 106600 ns
[2020-03-27T05:05:28.976+0000][1][safepoint    ] Safepoint "RevokeBias", Time since last: 368300 ns, Reaching safepoint: 156000 ns, At safepoint: 13400 ns, Total: 169400 ns
[2020-03-27T05:05:28.976+0000][1][safepoint    ] Safepoint "RevokeBias", Time since last: 494800 ns, Reaching safepoint: 115900 ns, At safepoint: 13300 ns, Total: 129200 ns
[2020-03-27T05:05:28.977+0000][1][safepoint    ] Safepoint "RevokeBias", Time since last: 355800 ns, Reaching safepoint: 151000 ns, At safepoint: 13300 ns, Total: 164300 ns
[2020-03-27T05:05:28.977+0000][1][safepoint    ] Safepoint "RevokeBias", Time since last: 281300 ns, Reaching safepoint: 81400 ns, At safepoint: 12500 ns, Total: 93900 ns
[2020-03-27T05:05:28.978+0000][1][safepoint    ] Safepoint "RevokeBias", Time since last: 256200 ns, Reaching safepoint: 113300 ns, At safepoint: 14400 ns, Total: 127700 ns
[2020-03-27T05:05:28.978+0000][1][safepoint    ] Safepoint "BulkRevokeBias", Time since last: 321500 ns, Reaching safepoint: 134600 ns, At safepoint: 28800 ns, Total: 163400 ns
[2020-03-27T05:05:28.979+0000][1][safepoint    ] Safepoint "RevokeBias", Time since last: 261099 ns, Reaching safepoint: 75100 ns, At safepoint: 12100 ns, Total: 87200 ns
[2020-03-27T05:05:28.979+0000][1][safepoint    ] Safepoint "BulkRevokeBias", Time since last: 317200 ns, Reaching safepoint: 33600 ns, At safepoint: 25200 ns, Total: 58800 ns
[2020-03-27T05:05:29.109+0000][1][safepoint    ] Safepoint "RevokeBias", Time since last: 129470496 ns, Reaching safepoint: 174700 ns, At safepoint: 21000 ns, Total: 195700 ns
[2020-03-27T05:05:29.146+0000][1][safepoint    ] Safepoint "RevokeBias", Time since last: 37052998 ns, Reaching safepoint: 85500 ns, At safepoint: 15100 ns, Total: 100600 ns
[2020-03-27T05:05:29.150+0000][1][safepoint    ] Safepoint "RevokeBias", Time since last: 4207900 ns, Reaching safepoint: 64300 ns, At safepoint: 16000 ns, Total: 80300 ns
[2020-03-27T05:05:29.166+0000][1][safepoint    ] Safepoint "RevokeBias", Time since last: 15515399 ns, Reaching safepoint: 97500 ns, At safepoint: 9400 ns, Total: 106900 ns
[2020-03-27T05:05:29.498+0000][1][safepoint    ] Safepoint "RevokeBias", Time since last: 332480088 ns, Reaching safepoint: 117700 ns, At safepoint: 20700 ns, Total: 138400 ns
[2020-03-27T05:05:29.501+0000][1][safepoint    ] Safepoint "RevokeBias", Time since last: 2536200 ns, Reaching safepoint: 52500 ns, At safepoint: 21900 ns, Total: 74400 ns
[2020-03-27T05:05:29.531+0000][1][safepoint    ] Safepoint "RevokeBias", Time since last: 30149199 ns, Reaching safepoint: 88100 ns, At safepoint: 22600 ns, Total: 110700 ns
[2020-03-27T05:05:29.534+0000][1][safepoint    ] Safepoint "RevokeBias", Time since last: 2835000 ns, Reaching safepoint: 52100 ns, At safepoint: 31600 ns, Total: 83700 ns
[2020-03-27T05:05:29.560+0000][1][safepoint    ] Safepoint "RevokeBias", Time since last: 26233899 ns, Reaching safepoint: 85100 ns, At safepoint: 17000 ns, Total: 102100 ns
[2020-03-27T05:05:29.565+0000][1][safepoint    ] Safepoint "RevokeBias", Time since last: 4720799 ns, Reaching safepoint: 51400 ns, At safepoint: 19600 ns, Total: 71000 ns
[2020-03-27T05:05:29.648+0000][1][gc,start     ] GC(1) Pause Young (Allocation Failure)
[2020-03-27T05:05:29.648+0000][1][gc,task      ] GC(1) Using 2 workers of 2 for evacuation
[2020-03-27T05:05:29.707+0000][1][gc,age       ] GC(1) Desired survivor size 8716288 bytes, new threshold 6 (max threshold 6)
[2020-03-27T05:05:29.707+0000][1][gc,age       ] GC(1) Age table with threshold 6 (max threshold 6)
[2020-03-27T05:05:29.708+0000][1][gc,age       ] GC(1) - age   1:    2751792 bytes,    2751792 total
[2020-03-27T05:05:29.708+0000][1][gc,heap      ] GC(1) ParNew: 145331K->5457K(153344K)
[2020-03-27T05:05:29.708+0000][1][gc,heap      ] GC(1) CMS: 0K->9467K(353920K)
[2020-03-27T05:05:29.708+0000][1][gc,metaspace ] GC(1) Metaspace: 18511K->18511K(1067008K)
[2020-03-27T05:05:29.709+0000][1][gc           ] GC(1) Pause Young (Allocation Failure) 141M->14M(495M) 61.210ms
[2020-03-27T05:05:29.709+0000][1][gc,cpu       ] GC(1) User=0.06s Sys=0.00s Real=0.06s
[2020-03-27T05:05:29.709+0000][1][safepoint    ] Safepoint "GenCollectForAllocation", Time since last: 78050498 ns, Reaching safepoint: 4238299 ns, At safepoint: 61774898 ns, Total: 66013197 ns
[2020-03-27T05:05:29.710+0000][1][safepoint    ] Safepoint "RevokeBias", Time since last: 1043500 ns, Reaching safepoint: 87700 ns, At safepoint: 25100 ns, Total: 112800 ns
[2020-03-27T05:05:29.711+0000][1][safepoint    ] Safepoint "RevokeBias", Time since last: 339300 ns, Reaching safepoint: 83600 ns, At safepoint: 31000 ns, Total: 114600 ns
[2020-03-27T05:05:29.711+0000][1][safepoint    ] Safepoint "RevokeBias", Time since last: 265600 ns, Reaching safepoint: 78000 ns, At safepoint: 15800 ns, Total: 93800 ns
[2020-03-27T05:05:29.712+0000][1][safepoint    ] Safepoint "RevokeBias", Time since last: 264100 ns, Reaching safepoint: 95200 ns, At safepoint: 20600 ns, Total: 115800 ns
[2020-03-27T05:05:29.712+0000][1][safepoint    ] Safepoint "RevokeBias", Time since last: 325900 ns, Reaching safepoint: 7900 ns, At safepoint: 20900 ns, Total: 28800 ns
[2020-03-27T05:05:29.712+0000][1][safepoint    ] Safepoint "RevokeBias", Time since last: 337900 ns, Reaching safepoint: 90200 ns, At safepoint: 22600 ns, Total: 112800 ns
[2020-03-27T05:05:29.713+0000][1][safepoint    ] Safepoint "RevokeBias", Time since last: 276400 ns, Reaching safepoint: 97700 ns, At safepoint: 16300 ns, Total: 114000 ns
[2020-03-27T05:05:29.713+0000][1][safepoint    ] Safepoint "RevokeBias", Time since last: 303700 ns, Reaching safepoint: 158900 ns, At safepoint: 20100 ns, Total: 179000 ns
[2020-03-27T05:05:29.714+0000][1][safepoint    ] Safepoint "RevokeBias", Time since last: 881000 ns, Reaching safepoint: 78600 ns, At safepoint: 15500 ns, Total: 94100 ns
[2020-03-27T05:05:29.715+0000][1][safepoint    ] Safepoint "RevokeBias", Time since last: 395100 ns, Reaching safepoint: 106300 ns, At safepoint: 43700 ns, Total: 150000 ns
[2020-03-27T05:05:29.717+0000][1][safepoint    ] Safepoint "RevokeBias", Time since last: 1677900 ns, Reaching safepoint: 740000 ns, At safepoint: 24000 ns, Total: 764000 ns
[2020-03-27T05:05:29.719+0000][1][safepoint    ] Safepoint "RevokeBias", Time since last: 418400 ns, Reaching safepoint: 805500 ns, At safepoint: 18900 ns, Total: 824400 ns
[2020-03-27T05:05:29.721+0000][1][safepoint    ] Safepoint "RevokeBias", Time since last: 484900 ns, Reaching safepoint: 1502000 ns, At safepoint: 33100 ns, Total: 1535100 ns
[2020-03-27T05:05:29.721+0000][1][safepoint    ] Safepoint "RevokeBias", Time since last: 430400 ns, Reaching safepoint: 209900 ns, At safepoint: 31600 ns, Total: 241500 ns
[2020-03-27T05:05:29.722+0000][1][safepoint    ] Safepoint "RevokeBias", Time since last: 395900 ns, Reaching safepoint: 174900 ns, At safepoint: 38500 ns, Total: 213400 ns
[2020-03-27T05:05:29.723+0000][1][safepoint    ] Safepoint "RevokeBias", Time since last: 341200 ns, Reaching safepoint: 339600 ns, At safepoint: 17700 ns, Total: 357300 ns
[2020-03-27T05:05:29.723+0000][1][safepoint    ] Safepoint "RevokeBias", Time since last: 367600 ns, Reaching safepoint: 89800 ns, At safepoint: 29800 ns, Total: 119600 ns
[2020-03-27T05:05:29.724+0000][1][safepoint    ] Safepoint "RevokeBias", Time since last: 416900 ns, Reaching safepoint: 66200 ns, At safepoint: 12900 ns, Total: 79100 ns
[2020-03-27T05:05:29.724+0000][1][safepoint    ] Safepoint "RevokeBias", Time since last: 322500 ns, Reaching safepoint: 76100 ns, At safepoint: 25300 ns, Total: 101400 ns
[2020-03-27T05:05:29.724+0000][1][safepoint    ] Safepoint "RevokeBias", Time since last: 243200 ns, Reaching safepoint: 80400 ns, At safepoint: 13500 ns, Total: 93900 ns
[2020-03-27T05:05:29.727+0000][1][safepoint    ] Safepoint "RevokeBias", Time since last: 2247200 ns, Reaching safepoint: 218700 ns, At safepoint: 26100 ns, Total: 244800 ns
[2020-03-27T05:05:29.728+0000][1][safepoint    ] Safepoint "RevokeBias", Time since last: 444100 ns, Reaching safepoint: 309700 ns, At safepoint: 16100 ns, Total: 325800 ns
[2020-03-27T05:05:29.728+0000][1][safepoint    ] Safepoint "RevokeBias", Time since last: 329300 ns, Reaching safepoint: 139100 ns, At safepoint: 23100 ns, Total: 162200 ns
[2020-03-27T05:05:29.728+0000][1][safepoint    ] Safepoint "RevokeBias", Time since last: 382600 ns, Reaching safepoint: 50200 ns, At safepoint: 16700 ns, Total: 66900 ns
[2020-03-27T05:05:29.729+0000][1][safepoint    ] Safepoint "RevokeBias", Time since last: 416400 ns, Reaching safepoint: 128700 ns, At safepoint: 17000 ns, Total: 145700 ns
[2020-03-27T05:05:29.973+0000][1][safepoint    ] Safepoint "RevokeBias", Time since last: 238616694 ns, Reaching safepoint: 4879300 ns, At safepoint: 14600 ns, Total: 4893900 ns
[2020-03-27T05:05:30.140+0000][1][gc,start     ] GC(2) Pause Young (Allocation Failure)
[2020-03-27T05:05:30.140+0000][1][gc,task      ] GC(2) Using 2 workers of 2 for evacuation
[2020-03-27T05:05:30.148+0000][1][gc,age       ] GC(2) Desired survivor size 8716288 bytes, new threshold 6 (max threshold 6)
[2020-03-27T05:05:30.148+0000][1][gc,age       ] GC(2) Age table with threshold 6 (max threshold 6)
[2020-03-27T05:05:30.155+0000][1][gc,age       ] GC(2) - age   1:    2717520 bytes,    2717520 total
[2020-03-27T05:05:30.156+0000][1][gc,age       ] GC(2) - age   2:    1585160 bytes,    4302680 total
[2020-03-27T05:05:30.156+0000][1][gc,heap      ] GC(2) ParNew: 141777K->4744K(153344K)
[2020-03-27T05:05:30.156+0000][1][gc,heap      ] GC(2) CMS: 9467K->9467K(353920K)
[2020-03-27T05:05:30.156+0000][1][gc,metaspace ] GC(2) Metaspace: 19037K->19037K(1067008K)
[2020-03-27T05:05:30.157+0000][1][gc           ] GC(2) Pause Young (Allocation Failure) 147M->13M(495M) 16.977ms
[2020-03-27T05:05:30.157+0000][1][gc,cpu       ] GC(2) User=0.02s Sys=0.00s Real=0.02s
[2020-03-27T05:05:30.157+0000][1][safepoint    ] Safepoint "GenCollectForAllocation", Time since last: 165654596 ns, Reaching safepoint: 1369200 ns, At safepoint: 17437400 ns, Total: 18806600 ns
[2020-03-27T05:05:30.159+0000][1][safepoint    ] Safepoint "BulkRevokeBias", Time since last: 1302699 ns, Reaching safepoint: 140700 ns, At safepoint: 231900 ns, Total: 372600 ns
[2020-03-27T05:05:30.160+0000][1][safepoint    ] Safepoint "RevokeBias", Time since last: 749100 ns, Reaching safepoint: 94400 ns, At safepoint: 37700 ns, Total: 132100 ns
[2020-03-27T05:05:30.160+0000][1][safepoint    ] Safepoint "RevokeBias", Time since last: 595300 ns, Reaching safepoint: 167400 ns, At safepoint: 18900 ns, Total: 186300 ns
[2020-03-27T05:05:30.161+0000][1][safepoint    ] Safepoint "RevokeBias", Time since last: 366300 ns, Reaching safepoint: 72700 ns, At safepoint: 14700 ns, Total: 87400 ns
[2020-03-27T05:05:30.161+0000][1][safepoint    ] Safepoint "RevokeBias", Time since last: 308200 ns, Reaching safepoint: 134800 ns, At safepoint: 24900 ns, Total: 159700 ns
[2020-03-27T05:05:30.162+0000][1][safepoint    ] Safepoint "RevokeBias", Time since last: 256200 ns, Reaching safepoint: 82200 ns, At safepoint: 17800 ns, Total: 100000 ns
[2020-03-27T05:05:30.162+0000][1][safepoint    ] Safepoint "RevokeBias", Time since last: 298700 ns, Reaching safepoint: 49900 ns, At safepoint: 15100 ns, Total: 65000 ns
[2020-03-27T05:05:30.162+0000][1][safepoint    ] Safepoint "RevokeBias", Time since last: 310400 ns, Reaching safepoint: 41400 ns, At safepoint: 15500 ns, Total: 56900 ns
[2020-03-27T05:05:30.163+0000][1][safepoint    ] Safepoint "RevokeBias", Time since last: 300300 ns, Reaching safepoint: 129900 ns, At safepoint: 23400 ns, Total: 153300 ns
[2020-03-27T05:05:30.163+0000][1][safepoint    ] Safepoint "RevokeBias", Time since last: 264700 ns, Reaching safepoint: 10000 ns, At safepoint: 76500 ns, Total: 86500 ns
[2020-03-27T05:05:30.215+0000][1][safepoint    ] Safepoint "Deoptimize", Time since last: 51221999 ns, Reaching safepoint: 97000 ns, At safepoint: 207500 ns, Total: 304500 ns
[2020-03-27T05:05:30.230+0000][1][safepoint    ] Safepoint "RevokeBias", Time since last: 10751700 ns, Reaching safepoint: 4083500 ns, At safepoint: 35300 ns, Total: 4118800 ns
[2020-03-27T05:05:30.241+0000][1][safepoint    ] Safepoint "RevokeBias", Time since last: 11201099 ns, Reaching safepoint: 88300 ns, At safepoint: 19100 ns, Total: 107400 ns
[2020-03-27T05:05:30.245+0000][1][safepoint    ] Safepoint "RevokeBias", Time since last: 3852000 ns, Reaching safepoint: 178600 ns, At safepoint: 23500 ns, Total: 202100 ns
[2020-03-27T05:05:30.251+0000][1][safepoint    ] Safepoint "RevokeBias", Time since last: 6363900 ns, Reaching safepoint: 91900 ns, At safepoint: 24000 ns, Total: 115900 ns
[2020-03-27T05:05:30.259+0000][1][safepoint    ] Safepoint "RevokeBias", Time since last: 7867600 ns, Reaching safepoint: 90000 ns, At safepoint: 25800 ns, Total: 115800 ns
[2020-03-27T05:05:30.262+0000][1][safepoint    ] Safepoint "RevokeBias", Time since last: 2679000 ns, Reaching safepoint: 80000 ns, At safepoint: 30200 ns, Total: 110200 ns
[2020-03-27T05:05:30.267+0000][1][safepoint    ] Safepoint "RevokeBias", Time since last: 4989200 ns, Reaching safepoint: 96600 ns, At safepoint: 54300 ns, Total: 150900 ns
[2020-03-27T05:05:30.273+0000][1][safepoint    ] Safepoint "RevokeBias", Time since last: 5190900 ns, Reaching safepoint: 314900 ns, At safepoint: 36400 ns, Total: 351300 ns
[2020-03-27T05:05:30.287+0000][1][safepoint    ] Safepoint "RevokeBias", Time since last: 12500699 ns, Reaching safepoint: 1166100 ns, At safepoint: 24500 ns, Total: 1190600 ns
[2020-03-27T05:05:30.289+0000][1][safepoint    ] Safepoint "RevokeBias", Time since last: 1786900 ns, Reaching safepoint: 913400 ns, At safepoint: 23800 ns, Total: 937200 ns
[2020-03-27T05:05:30.312+0000][1][safepoint    ] Safepoint "Deoptimize", Time since last: 17830200 ns, Reaching safepoint: 4643100 ns, At safepoint: 191200 ns, Total: 4834300 ns
[2020-03-27T05:05:30.374+0000][1][safepoint    ] Safepoint "RevokeBias", Time since last: 59967398 ns, Reaching safepoint: 1644900 ns, At safepoint: 27000 ns, Total: 1671900 ns
[2020-03-27T05:05:30.377+0000][1][safepoint    ] Safepoint "RevokeBias", Time since last: 3701800 ns, Reaching safepoint: 13800 ns, At safepoint: 17600 ns, Total: 31400 ns
[2020-03-27T05:05:30.381+0000][1][safepoint    ] Safepoint "RevokeBias", Time since last: 4104300 ns, Reaching safepoint: 13700 ns, At safepoint: 19100 ns, Total: 32800 ns
[2020-03-27T05:05:30.437+0000][1][safepoint    ] Safepoint "RevokeBias", Time since last: 55615599 ns, Reaching safepoint: 18300 ns, At safepoint: 19400 ns, Total: 37700 ns
[2020-03-27T05:05:30.439+0000][1][safepoint    ] Safepoint "RevokeBias", Time since last: 1974400 ns, Reaching safepoint: 11400 ns, At safepoint: 18800 ns, Total: 30200 ns
[2020-03-27T05:05:30.515+0000][1][safepoint    ] Safepoint "RevokeBias", Time since last: 75402198 ns, Reaching safepoint: 20000 ns, At safepoint: 21900 ns, Total: 41900 ns
[2020-03-27T05:05:30.518+0000][1][gc,start     ] GC(3) Pause Young (Allocation Failure)
[2020-03-27T05:05:30.518+0000][1][gc,task      ] GC(3) Using 2 workers of 2 for evacuation
[2020-03-27T05:05:30.526+0000][1][gc,age       ] GC(3) Desired survivor size 8716288 bytes, new threshold 6 (max threshold 6)
[2020-03-27T05:05:30.526+0000][1][gc,age       ] GC(3) Age table with threshold 6 (max threshold 6)
[2020-03-27T05:05:30.534+0000][1][gc,age       ] GC(3) - age   1:    1705616 bytes,    1705616 total
[2020-03-27T05:05:30.534+0000][1][gc,age       ] GC(3) - age   2:    1675416 bytes,    3381032 total
[2020-03-27T05:05:30.534+0000][1][gc,age       ] GC(3) - age   3:    1585136 bytes,    4966168 total
[2020-03-27T05:05:30.535+0000][1][gc,heap      ] GC(3) ParNew: 141064K->5616K(153344K)
[2020-03-27T05:05:30.535+0000][1][gc,heap      ] GC(3) CMS: 9467K->9467K(353920K)
[2020-03-27T05:05:30.535+0000][1][gc,metaspace ] GC(3) Metaspace: 19303K->19303K(1067008K)
[2020-03-27T05:05:30.536+0000][1][gc           ] GC(3) Pause Young (Allocation Failure) 147M->14M(495M) 17.830ms
[2020-03-27T05:05:30.536+0000][1][gc,cpu       ] GC(3) User=0.01s Sys=0.00s Real=0.02s
[2020-03-27T05:05:30.536+0000][1][safepoint    ] Safepoint "GenCollectForAllocation", Time since last: 3155500 ns, Reaching safepoint: 19900 ns, At safepoint: 18492999 ns, Total: 18512899 ns
[2020-03-27T05:05:30.538+0000][1][safepoint    ] Safepoint "BulkRevokeBias", Time since last: 1657800 ns, Reaching safepoint: 20400 ns, At safepoint: 56600 ns, Total: 77000 ns
[2020-03-27T05:05:30.539+0000][1][safepoint    ] Safepoint "RevokeBias", Time since last: 338000 ns, Reaching safepoint: 241000 ns, At safepoint: 60100 ns, Total: 301100 ns
[2020-03-27T05:05:30.539+0000][1][safepoint    ] Safepoint "BulkRevokeBias", Time since last: 391600 ns, Reaching safepoint: 84900 ns, At safepoint: 39200 ns, Total: 124100 ns
[2020-03-27T05:05:30.542+0000][1][safepoint    ] Safepoint "RevokeBias", Time since last: 2821000 ns, Reaching safepoint: 126600 ns, At safepoint: 19300 ns, Total: 145900 ns
[2020-03-27T05:05:30.630+0000][1][safepoint    ] Safepoint "RevokeBias", Time since last: 87960798 ns, Reaching safepoint: 95400 ns, At safepoint: 21800 ns, Total: 117200 ns
[2020-03-27T05:05:30.637+0000][1][safepoint    ] Safepoint "RevokeBias", Time since last: 6412400 ns, Reaching safepoint: 315900 ns, At safepoint: 28900 ns, Total: 344800 ns
[2020-03-27T05:05:30.688+0000][1][safepoint    ] Safepoint "RevokeBias", Time since last: 50910999 ns, Reaching safepoint: 100000 ns, At safepoint: 49000 ns, Total: 149000 ns
[2020-03-27T05:05:30.691+0000][1][safepoint    ] Safepoint "RevokeBias", Time since last: 2710500 ns, Reaching safepoint: 65000 ns, At safepoint: 18700 ns, Total: 83700 ns
[2020-03-27T05:05:30.697+0000][1][safepoint    ] Safepoint "RevokeBias", Time since last: 5786100 ns, Reaching safepoint: 578999 ns, At safepoint: 20300 ns, Total: 599299 ns
[2020-03-27T05:05:30.747+0000][1][safepoint    ] Safepoint "RevokeBias", Time since last: 43491899 ns, Reaching safepoint: 5890200 ns, At safepoint: 37600 ns, Total: 5927800 ns
[2020-03-27T05:05:30.748+0000][1][safepoint    ] Safepoint "RevokeBias", Time since last: 1806300 ns, Reaching safepoint: 61900 ns, At safepoint: 18500 ns, Total: 80400 ns
[2020-03-27T05:05:30.853+0000][1][gc,start     ] GC(4) Pause Young (Allocation Failure)
[2020-03-27T05:05:30.853+0000][1][gc,task      ] GC(4) Using 2 workers of 2 for evacuation
[2020-03-27T05:05:30.861+0000][1][gc,age       ] GC(4) Desired survivor size 8716288 bytes, new threshold 6 (max threshold 6)
[2020-03-27T05:05:30.861+0000][1][gc,age       ] GC(4) Age table with threshold 6 (max threshold 6)
[2020-03-27T05:05:30.868+0000][1][gc,age       ] GC(4) - age   1:    1298280 bytes,    1298280 total
[2020-03-27T05:05:30.869+0000][1][gc,age       ] GC(4) - age   2:    1683168 bytes,    2981448 total
[2020-03-27T05:05:30.869+0000][1][gc,age       ] GC(4) - age   3:    1674568 bytes,    4656016 total
[2020-03-27T05:05:30.870+0000][1][gc,age       ] GC(4) - age   4:    1580824 bytes,    6236840 total
[2020-03-27T05:05:30.870+0000][1][gc,heap      ] GC(4) ParNew: 141936K->9146K(153344K)
[2020-03-27T05:05:30.870+0000][1][gc,heap      ] GC(4) CMS: 9467K->9467K(353920K)
[2020-03-27T05:05:30.870+0000][1][gc,metaspace ] GC(4) Metaspace: 19770K->19770K(1067008K)
[2020-03-27T05:05:30.871+0000][1][gc           ] GC(4) Pause Young (Allocation Failure) 147M->18M(495M) 18.169ms
[2020-03-27T05:05:30.871+0000][1][gc,cpu       ] GC(4) User=0.01s Sys=0.00s Real=0.02s
[2020-03-27T05:05:30.871+0000][1][safepoint    ] Safepoint "GenCollectForAllocation", Time since last: 104013598 ns, Reaching safepoint: 59800 ns, At safepoint: 18712999 ns, Total: 18772799 ns
[2020-03-27T05:05:30.958+0000][1][safepoint    ] Safepoint "CollectForMetadataAllocation", Time since last: 87028898 ns, Reaching safepoint: 95800 ns, At safepoint: 41000 ns, Total: 136800 ns
[2020-03-27T05:05:31.008+0000][1][safepoint    ] Safepoint "CollectForMetadataAllocation", Time since last: 49040199 ns, Reaching safepoint: 66300 ns, At safepoint: 66100 ns, Total: 132400 ns
[2020-03-27T05:05:31.049+0000][1][safepoint    ] Safepoint "CollectForMetadataAllocation", Time since last: 41496499 ns, Reaching safepoint: 94000 ns, At safepoint: 64300 ns, Total: 158300 ns
[2020-03-27T05:05:31.212+0000][1][gc,start     ] GC(5) Pause Young (Allocation Failure)
[2020-03-27T05:05:31.212+0000][1][gc,task      ] GC(5) Using 2 workers of 2 for evacuation
[2020-03-27T05:05:31.222+0000][1][gc,age       ] GC(5) Desired survivor size 8716288 bytes, new threshold 6 (max threshold 6)
[2020-03-27T05:05:31.223+0000][1][gc,age       ] GC(5) Age table with threshold 6 (max threshold 6)
[2020-03-27T05:05:31.237+0000][1][gc,age       ] GC(5) - age   1:    2373936 bytes,    2373936 total
[2020-03-27T05:05:31.238+0000][1][gc,age       ] GC(5) - age   2:     972976 bytes,    3346912 total
[2020-03-27T05:05:31.238+0000][1][gc,age       ] GC(5) - age   3:    1682712 bytes,    5029624 total
[2020-03-27T05:05:31.238+0000][1][gc,age       ] GC(5) - age   4:    1674568 bytes,    6704192 total
[2020-03-27T05:05:31.238+0000][1][gc,age       ] GC(5) - age   5:    1580824 bytes,    8285016 total
[2020-03-27T05:05:31.239+0000][1][gc,heap      ] GC(5) ParNew: 145466K->8567K(153344K)
[2020-03-27T05:05:31.239+0000][1][gc,heap      ] GC(5) CMS: 9467K->9467K(353920K)
[2020-03-27T05:05:31.239+0000][1][gc,metaspace ] GC(5) Metaspace: 20711K->20711K(1069056K)
[2020-03-27T05:05:31.239+0000][1][gc           ] GC(5) Pause Young (Allocation Failure) 151M->17M(495M) 27.881ms
[2020-03-27T05:05:31.240+0000][1][gc,cpu       ] GC(5) User=0.01s Sys=0.00s Real=0.03s
[2020-03-27T05:05:31.240+0000][1][safepoint    ] Safepoint "GenCollectForAllocation", Time since last: 158805296 ns, Reaching safepoint: 3487300 ns, At safepoint: 28527699 ns, Total: 32014999 ns
[2020-03-27T05:05:31.241+0000][1][gc,start     ] GC(6) Pause Initial Mark
[2020-03-27T05:05:31.243+0000][1][gc           ] GC(6) Pause Initial Mark 17M->17M(495M) 2.204ms
[2020-03-27T05:05:31.243+0000][1][gc,cpu       ] GC(6) User=0.00s Sys=0.00s Real=0.00s
[2020-03-27T05:05:31.243+0000][1][safepoint    ] Safepoint "CMS_Initial_Mark", Time since last: 282700 ns, Reaching safepoint: 211000 ns, At safepoint: 2828800 ns, Total: 3039800 ns
[2020-03-27T05:05:31.244+0000][1][gc           ] GC(6) Concurrent Mark
[2020-03-27T05:05:31.260+0000][1][gc           ] GC(6) Concurrent Mark 16.672ms
[2020-03-27T05:05:31.261+0000][1][gc,cpu       ] GC(6) User=0.02s Sys=0.00s Real=0.02s
[2020-03-27T05:05:31.261+0000][1][gc           ] GC(6) Concurrent Preclean
[2020-03-27T05:05:31.264+0000][1][gc           ] GC(6) Concurrent Preclean 2.263ms
[2020-03-27T05:05:31.264+0000][1][gc,cpu       ] GC(6) User=0.00s Sys=0.00s Real=0.00s
[2020-03-27T05:05:31.264+0000][1][gc           ] GC(6) Concurrent Abortable Preclean
[2020-03-27T05:05:31.499+0000][1][gc,start     ] GC(7) Pause Young (Allocation Failure)
[2020-03-27T05:05:31.500+0000][1][gc,task      ] GC(7) Using 2 workers of 2 for evacuation
[2020-03-27T05:05:31.511+0000][1][gc,age       ] GC(7) Desired survivor size 8716288 bytes, new threshold 6 (max threshold 6)
[2020-03-27T05:05:31.511+0000][1][gc,age       ] GC(7) Age table with threshold 6 (max threshold 6)
[2020-03-27T05:05:31.525+0000][1][gc,age       ] GC(7) - age   1:    2303968 bytes,    2303968 total
[2020-03-27T05:05:31.525+0000][1][gc,age       ] GC(7) - age   2:    1012728 bytes,    3316696 total
[2020-03-27T05:05:31.526+0000][1][gc,age       ] GC(7) - age   3:     972976 bytes,    4289672 total
[2020-03-27T05:05:31.526+0000][1][gc,age       ] GC(7) - age   4:    1682376 bytes,    5972048 total
[2020-03-27T05:05:31.526+0000][1][gc,age       ] GC(7) - age   5:    1674568 bytes,    7646616 total
[2020-03-27T05:05:31.526+0000][1][gc,age       ] GC(7) - age   6:    1580824 bytes,    9227440 total
[2020-03-27T05:05:31.527+0000][1][gc,heap      ] GC(7) ParNew: 144887K->11243K(153344K)
[2020-03-27T05:05:31.527+0000][1][gc,heap      ] GC(7) CMS: 9467K->9467K(353920K)
[2020-03-27T05:05:31.527+0000][1][gc,metaspace ] GC(7) Metaspace: 20825K->20825K(1069056K)
[2020-03-27T05:05:31.527+0000][1][gc           ] GC(7) Pause Young (Allocation Failure) 150M->20M(495M) 28.448ms
[2020-03-27T05:05:31.528+0000][1][gc,cpu       ] GC(7) User=0.01s Sys=0.00s Real=0.03s
[2020-03-27T05:05:31.528+0000][1][safepoint    ] Safepoint "GenCollectForAllocation", Time since last: 255399994 ns, Reaching safepoint: 171200 ns, At safepoint: 28820599 ns, Total: 28991799 ns
[2020-03-27T05:05:31.528+0000][1][gc           ] GC(6) Concurrent Abortable Preclean 263.401ms
[2020-03-27T05:05:31.528+0000][1][gc,cpu       ] GC(6) User=0.25s Sys=0.01s Real=0.27s
[2020-03-27T05:05:31.528+0000][1][gc,start     ] GC(6) Pause Remark
[2020-03-27T05:05:31.534+0000][1][gc           ] GC(6) Pause Remark 22M->22M(495M) 5.528ms
[2020-03-27T05:05:31.534+0000][1][gc,cpu       ] GC(6) User=0.00s Sys=0.00s Real=0.00s
[2020-03-27T05:05:31.535+0000][1][safepoint    ] Safepoint "CMS_Final_Remark", Time since last: 516000 ns, Reaching safepoint: 129400 ns, At safepoint: 6129700 ns, Total: 6259100 ns
[2020-03-27T05:05:31.535+0000][1][gc           ] GC(6) Concurrent Sweep
[2020-03-27T05:05:31.538+0000][1][gc           ] GC(6) Concurrent Sweep 3.437ms
[2020-03-27T05:05:31.539+0000][1][gc,cpu       ] GC(6) User=0.01s Sys=0.00s Real=0.01s
[2020-03-27T05:05:31.539+0000][1][gc           ] GC(6) Concurrent Reset
[2020-03-27T05:05:31.540+0000][1][gc           ] GC(6) Concurrent Reset 1.393ms
[2020-03-27T05:05:31.541+0000][1][gc,cpu       ] GC(6) User=0.00s Sys=0.00s Real=0.00s
[2020-03-27T05:05:31.541+0000][1][gc,heap      ] GC(6) Old: 9467K->9464K(353920K)
[2020-03-27T05:05:31.877+0000][1][gc,start     ] GC(8) Pause Young (Allocation Failure)
[2020-03-27T05:05:31.877+0000][1][gc,task      ] GC(8) Using 2 workers of 2 for evacuation
[2020-03-27T05:05:31.893+0000][1][gc,age       ] GC(8) Desired survivor size 8716288 bytes, new threshold 6 (max threshold 6)
[2020-03-27T05:05:31.893+0000][1][gc,age       ] GC(8) Age table with threshold 6 (max threshold 6)
[2020-03-27T05:05:31.893+0000][1][gc,age       ] GC(8) - age   1:    1602184 bytes,    1602184 total
[2020-03-27T05:05:31.894+0000][1][gc,age       ] GC(8) - age   2:     173824 bytes,    1776008 total
[2020-03-27T05:05:31.894+0000][1][gc,age       ] GC(8) - age   3:    1012480 bytes,    2788488 total
[2020-03-27T05:05:31.894+0000][1][gc,age       ] GC(8) - age   4:     972920 bytes,    3761408 total
[2020-03-27T05:05:31.894+0000][1][gc,age       ] GC(8) - age   5:    1681432 bytes,    5442840 total
[2020-03-27T05:05:31.894+0000][1][gc,age       ] GC(8) - age   6:    1674568 bytes,    7117408 total
[2020-03-27T05:05:31.895+0000][1][gc,heap      ] GC(8) ParNew: 147563K->12948K(153344K)
[2020-03-27T05:05:31.895+0000][1][gc,heap      ] GC(8) CMS: 9464K->11023K(353920K)
[2020-03-27T05:05:31.895+0000][1][gc,metaspace ] GC(8) Metaspace: 21003K->21003K(1069056K)
[2020-03-27T05:05:31.895+0000][1][gc           ] GC(8) Pause Young (Allocation Failure) 153M->23M(495M) 18.317ms
[2020-03-27T05:05:31.895+0000][1][gc,cpu       ] GC(8) User=0.01s Sys=0.00s Real=0.01s
[2020-03-27T05:05:31.895+0000][1][safepoint    ] Safepoint "GenCollectForAllocation", Time since last: 338432592 ns, Reaching safepoint: 3804700 ns, At safepoint: 18657500 ns, Total: 22462200 ns
[2020-03-27T05:05:32.005+0000][1][safepoint    ] Safepoint "Deoptimize", Time since last: 108955597 ns, Reaching safepoint: 117800 ns, At safepoint: 211900 ns, Total: 329700 ns
[2020-03-27T05:05:32.585+0000][1][safepoint    ] Safepoint "Deoptimize", Time since last: 579317886 ns, Reaching safepoint: 160700 ns, At safepoint: 314000 ns, Total: 474700 ns
[2020-03-27T05:05:32.602+0000][1][safepoint    ] Safepoint "Deoptimize", Time since last: 17253600 ns, Reaching safepoint: 29100 ns, At safepoint: 319800 ns, Total: 348900 ns
[2020-03-27T05:05:33.502+0000][1][gc,start     ] GC(9) Pause Young (Allocation Failure)
[2020-03-27T05:05:33.504+0000][1][gc,task      ] GC(9) Using 2 workers of 2 for evacuation
[2020-03-27T05:05:33.528+0000][1][gc,age       ] GC(9) Desired survivor size 8716288 bytes, new threshold 1 (max threshold 6)
[2020-03-27T05:05:33.531+0000][1][gc,age       ] GC(9) Age table with threshold 1 (max threshold 6)
[2020-03-27T05:05:33.533+0000][1][gc,age       ] GC(9) - age   1:   10863128 bytes,   10863128 total
[2020-03-27T05:05:33.533+0000][1][gc,age       ] GC(9) - age   2:     505688 bytes,   11368816 total
[2020-03-27T05:05:33.533+0000][1][gc,age       ] GC(9) - age   3:     173528 bytes,   11542344 total
[2020-03-27T05:05:33.533+0000][1][gc,age       ] GC(9) - age   4:    1009440 bytes,   12551784 total
[2020-03-27T05:05:33.534+0000][1][gc,age       ] GC(9) - age   5:     969296 bytes,   13521080 total
[2020-03-27T05:05:33.534+0000][1][gc,age       ] GC(9) - age   6:    1679336 bytes,   15200416 total
[2020-03-27T05:05:33.534+0000][1][gc,heap      ] GC(9) ParNew: 149268K->17024K(153344K)
[2020-03-27T05:05:33.535+0000][1][gc,heap      ] GC(9) CMS: 11023K->12668K(353920K)
[2020-03-27T05:05:33.535+0000][1][gc,metaspace ] GC(9) Metaspace: 27840K->27840K(1075200K)
[2020-03-27T05:05:33.535+0000][1][gc           ] GC(9) Pause Young (Allocation Failure) 156M->28M(495M) 33.458ms
[2020-03-27T05:05:33.535+0000][1][gc,cpu       ] GC(9) User=0.02s Sys=0.00s Real=0.03s
[2020-03-27T05:05:33.536+0000][1][safepoint    ] Safepoint "GenCollectForAllocation", Time since last: 896135078 ns, Reaching safepoint: 3467700 ns, At safepoint: 33993999 ns, Total: 37461699 ns
[2020-03-27T05:05:34.538+0000][1][safepoint    ] Safepoint "Cleanup", Time since last: 1001809376 ns, Reaching safepoint: 126900 ns, At safepoint: 6100 ns, Total: 133000 ns
[2020-03-27T05:05:34.755+0000][1][safepoint    ] Safepoint "RevokeBias", Time since last: 216874295 ns, Reaching safepoint: 79200 ns, At safepoint: 22400 ns, Total: 101600 ns
[2020-03-27T05:05:34.898+0000][1][gc,start     ] GC(10) Pause Young (Allocation Failure)
[2020-03-27T05:05:34.898+0000][1][gc,task      ] GC(10) Using 2 workers of 2 for evacuation
[2020-03-27T05:05:34.963+0000][1][gc,age       ] GC(10) Desired survivor size 8716288 bytes, new threshold 1 (max threshold 6)
[2020-03-27T05:05:34.963+0000][1][gc,age       ] GC(10) Age table with threshold 1 (max threshold 6)
[2020-03-27T05:05:34.964+0000][1][gc,age       ] GC(10) - age   1:   13963776 bytes,   13963776 total
[2020-03-27T05:05:34.964+0000][1][gc,heap      ] GC(10) ParNew: 153344K->17024K(153344K)
[2020-03-27T05:05:34.964+0000][1][gc,heap      ] GC(10) CMS: 12668K->32163K(353920K)
[2020-03-27T05:05:34.965+0000][1][gc,metaspace ] GC(10) Metaspace: 28237K->28237K(1075200K)
[2020-03-27T05:05:34.965+0000][1][gc           ] GC(10) Pause Young (Allocation Failure) 162M->48M(495M) 67.237ms
[2020-03-27T05:05:34.965+0000][1][gc,cpu       ] GC(10) User=0.06s Sys=0.00s Real=0.06s
[2020-03-27T05:05:34.965+0000][1][safepoint    ] Safepoint "GenCollectForAllocation", Time since last: 137786696 ns, Reaching safepoint: 5146700 ns, At safepoint: 67826899 ns, Total: 72973599 ns
[2020-03-27T05:05:35.226+0000][1][safepoint    ] Safepoint "RevokeBias", Time since last: 260706993 ns, Reaching safepoint: 107600 ns, At safepoint: 23900 ns, Total: 131500 ns
[2020-03-27T05:05:35.242+0000][1][safepoint    ] Safepoint "RevokeBias", Time since last: 15015500 ns, Reaching safepoint: 358800 ns, At safepoint: 20400 ns, Total: 379200 ns
[2020-03-27T05:05:35.276+0000][1][safepoint    ] Safepoint "RevokeBias", Time since last: 33873499 ns, Reaching safepoint: 19500 ns, At safepoint: 39400 ns, Total: 58900 ns
[2020-03-27T05:05:35.557+0000][1][gc,start     ] GC(11) Pause Young (Allocation Failure)
[2020-03-27T05:05:35.557+0000][1][gc,task      ] GC(11) Using 2 workers of 2 for evacuation
[2020-03-27T05:05:35.598+0000][1][gc,age       ] GC(11) Desired survivor size 8716288 bytes, new threshold 6 (max threshold 6)
[2020-03-27T05:05:35.600+0000][1][gc,age       ] GC(11) Age table with threshold 6 (max threshold 6)
[2020-03-27T05:05:35.600+0000][1][gc,age       ] GC(11) - age   1:    1714888 bytes,    1714888 total
[2020-03-27T05:05:35.600+0000][1][gc,heap      ] GC(11) ParNew: 153344K->13308K(153344K)
[2020-03-27T05:05:35.601+0000][1][gc,heap      ] GC(11) CMS: 32163K->45900K(353920K)
[2020-03-27T05:05:35.601+0000][1][gc,metaspace ] GC(11) Metaspace: 33329K->33329K(1081344K)
[2020-03-27T05:05:35.601+0000][1][gc           ] GC(11) Pause Young (Allocation Failure) 181M->57M(495M) 44.697ms
[2020-03-27T05:05:35.602+0000][1][gc,cpu       ] GC(11) User=0.05s Sys=0.01s Real=0.04s
[2020-03-27T05:05:35.602+0000][1][safepoint    ] Safepoint "GenCollectForAllocation", Time since last: 275729094 ns, Reaching safepoint: 5317999 ns, At safepoint: 45357499 ns, Total: 50675498 ns
[2020-03-27T05:05:35.942+0000][1][safepoint    ] Safepoint "CollectForMetadataAllocation", Time since last: 338689792 ns, Reaching safepoint: 1339800 ns, At safepoint: 79300 ns, Total: 1419100 ns
[2020-03-27T05:05:36.028+0000][1][safepoint    ] Safepoint "CollectForMetadataAllocation", Time since last: 84507498 ns, Reaching safepoint: 1199800 ns, At safepoint: 68300 ns, Total: 1268100 ns
[2020-03-27T05:05:36.129+0000][1][safepoint    ] Safepoint "CollectForMetadataAllocation", Time since last: 100828698 ns, Reaching safepoint: 95400 ns, At safepoint: 41100 ns, Total: 136500 ns
[2020-03-27T05:05:36.188+0000][1][safepoint    ] Safepoint "CollectForMetadataAllocation", Time since last: 56180898 ns, Reaching safepoint: 2559200 ns, At safepoint: 83800 ns, Total: 2643000 ns
[2020-03-27T05:05:36.231+0000][1][safepoint    ] Safepoint "CollectForMetadataAllocation", Time since last: 40872999 ns, Reaching safepoint: 1954100 ns, At safepoint: 87600 ns, Total: 2041700 ns
[2020-03-27T05:05:36.312+0000][1][safepoint    ] Safepoint "CollectForMetadataAllocation", Time since last: 77082698 ns, Reaching safepoint: 3881600 ns, At safepoint: 77900 ns, Total: 3959500 ns
[2020-03-27T05:05:36.357+0000][1][safepoint    ] Safepoint "CollectForMetadataAllocation", Time since last: 44941999 ns, Reaching safepoint: 28300 ns, At safepoint: 95400 ns, Total: 123700 ns
[2020-03-27T05:05:36.391+0000][1][safepoint    ] Safepoint "CollectForMetadataAllocation", Time since last: 34235799 ns, Reaching safepoint: 48000 ns, At safepoint: 123100 ns, Total: 171100 ns
[2020-03-27T05:05:36.416+0000][1][safepoint    ] Safepoint "CollectForMetadataAllocation", Time since last: 24458100 ns, Reaching safepoint: 17900 ns, At safepoint: 69700 ns, Total: 87600 ns
[2020-03-27T05:05:36.447+0000][1][safepoint    ] Safepoint "CollectForMetadataAllocation", Time since last: 30879999 ns, Reaching safepoint: 84700 ns, At safepoint: 49600 ns, Total: 134300 ns
[2020-03-27T05:05:36.469+0000][1][safepoint    ] Safepoint "Deoptimize", Time since last: 21667699 ns, Reaching safepoint: 84700 ns, At safepoint: 226900 ns, Total: 311600 ns
[2020-03-27T05:05:36.471+0000][1][safepoint    ] Safepoint "CollectForMetadataAllocation", Time since last: 1766800 ns, Reaching safepoint: 88300 ns, At safepoint: 76000 ns, Total: 164300 ns
[2020-03-27T05:05:36.473+0000][1][safepoint    ] Safepoint "Deoptimize", Time since last: 2077900 ns, Reaching safepoint: 81200 ns, At safepoint: 242000 ns, Total: 323200 ns
[2020-03-27T05:05:36.483+0000][1][safepoint    ] Safepoint "CollectForMetadataAllocation", Time since last: 10359200 ns, Reaching safepoint: 20100 ns, At safepoint: 69300 ns, Total: 89400 ns
[2020-03-27T05:05:36.521+0000][1][safepoint    ] Safepoint "CollectForMetadataAllocation", Time since last: 37508899 ns, Reaching safepoint: 88700 ns, At safepoint: 116800 ns, Total: 205500 ns
[2020-03-27T05:05:36.526+0000][1][safepoint    ] Safepoint "Deoptimize", Time since last: 3840400 ns, Reaching safepoint: 293400 ns, At safepoint: 442500 ns, Total: 735900 ns
[2020-03-27T05:05:36.568+0000][1][safepoint    ] Safepoint "CollectForMetadataAllocation", Time since last: 41575099 ns, Reaching safepoint: 274300 ns, At safepoint: 80300 ns, Total: 354600 ns
[2020-03-27T05:05:36.583+0000][1][safepoint    ] Safepoint "CollectForMetadataAllocation", Time since last: 14140700 ns, Reaching safepoint: 1600700 ns, At safepoint: 108600 ns, Total: 1709300 ns
[2020-03-27T05:05:36.604+0000][1][safepoint    ] Safepoint "CollectForMetadataAllocation", Time since last: 20384299 ns, Reaching safepoint: 109100 ns, At safepoint: 84800 ns, Total: 193900 ns
[2020-03-27T05:05:36.633+0000][1][safepoint    ] Safepoint "CollectForMetadataAllocation", Time since last: 28682999 ns, Reaching safepoint: 18100 ns, At safepoint: 66100 ns, Total: 84200 ns
[2020-03-27T05:05:36.660+0000][1][safepoint    ] Safepoint "CollectForMetadataAllocation", Time since last: 27402300 ns, Reaching safepoint: 102300 ns, At safepoint: 69400 ns, Total: 171700 ns
[2020-03-27T05:05:36.685+0000][1][safepoint    ] Safepoint "CollectForMetadataAllocation", Time since last: 24123999 ns, Reaching safepoint: 21500 ns, At safepoint: 79700 ns, Total: 101200 ns
[2020-03-27T05:05:36.715+0000][1][safepoint    ] Safepoint "CollectForMetadataAllocation", Time since last: 29896900 ns, Reaching safepoint: 17300 ns, At safepoint: 127100 ns, Total: 144400 ns
[2020-03-27T05:05:36.736+0000][1][safepoint    ] Safepoint "CollectForMetadataAllocation", Time since last: 21729999 ns, Reaching safepoint: 14200 ns, At safepoint: 68600 ns, Total: 82800 ns
[2020-03-27T05:05:36.752+0000][1][safepoint    ] Safepoint "CollectForMetadataAllocation", Time since last: 15586600 ns, Reaching safepoint: 19900 ns, At safepoint: 99900 ns, Total: 119800 ns
[2020-03-27T05:05:36.777+0000][1][safepoint    ] Safepoint "CollectForMetadataAllocation", Time since last: 24671899 ns, Reaching safepoint: 20000 ns, At safepoint: 71000 ns, Total: 91000 ns
[2020-03-27T05:05:36.805+0000][1][safepoint    ] Safepoint "CollectForMetadataAllocation", Time since last: 27536999 ns, Reaching safepoint: 18200 ns, At safepoint: 83900 ns, Total: 102100 ns
[2020-03-27T05:05:36.827+0000][1][safepoint    ] Safepoint "CollectForMetadataAllocation", Time since last: 22568200 ns, Reaching safepoint: 17400 ns, At safepoint: 88400 ns, Total: 105800 ns
[2020-03-27T05:05:36.863+0000][1][safepoint    ] Safepoint "CollectForMetadataAllocation", Time since last: 35727599 ns, Reaching safepoint: 20300 ns, At safepoint: 72200 ns, Total: 92500 ns
[2020-03-27T05:05:36.895+0000][1][safepoint    ] Safepoint "CollectForMetadataAllocation", Time since last: 32119799 ns, Reaching safepoint: 36300 ns, At safepoint: 116900 ns, Total: 153200 ns
[2020-03-27T05:05:36.924+0000][1][safepoint    ] Safepoint "CollectForMetadataAllocation", Time since last: 29040199 ns, Reaching safepoint: 21600 ns, At safepoint: 75800 ns, Total: 97400 ns
[2020-03-27T05:05:36.959+0000][1][safepoint    ] Safepoint "CollectForMetadataAllocation", Time since last: 34733400 ns, Reaching safepoint: 109800 ns, At safepoint: 70400 ns, Total: 180200 ns
[2020-03-27T05:05:36.990+0000][1][safepoint    ] Safepoint "CollectForMetadataAllocation", Time since last: 29998099 ns, Reaching safepoint: 82500 ns, At safepoint: 75800 ns, Total: 158300 ns
[2020-03-27T05:05:37.020+0000][1][safepoint    ] Safepoint "CollectForMetadataAllocation", Time since last: 30028299 ns, Reaching safepoint: 87300 ns, At safepoint: 78900 ns, Total: 166200 ns
[2020-03-27T05:05:37.067+0000][1][safepoint    ] Safepoint "CollectForMetadataAllocation", Time since last: 46628499 ns, Reaching safepoint: 89400 ns, At safepoint: 88900 ns, Total: 178300 ns
[2020-03-27T05:05:37.080+0000][1][safepoint    ] Safepoint "CollectForMetadataAllocation", Time since last: 12823500 ns, Reaching safepoint: 137500 ns, At safepoint: 69900 ns, Total: 207400 ns
[2020-03-27T05:05:37.102+0000][1][safepoint    ] Safepoint "CollectForMetadataAllocation", Time since last: 21740799 ns, Reaching safepoint: 139000 ns, At safepoint: 124200 ns, Total: 263200 ns
[2020-03-27T05:05:37.109+0000][1][safepoint    ] Safepoint "RevokeBias", Time since last: 7671500 ns, Reaching safepoint: 109800 ns, At safepoint: 30700 ns, Total: 140500 ns
[2020-03-27T05:05:37.117+0000][1][safepoint    ] Safepoint "CollectForMetadataAllocation", Time since last: 7462600 ns, Reaching safepoint: 85700 ns, At safepoint: 176600 ns, Total: 262300 ns
[2020-03-27T05:05:37.176+0000][1][safepoint    ] Safepoint "CollectForMetadataAllocation", Time since last: 58394798 ns, Reaching safepoint: 92200 ns, At safepoint: 72500 ns, Total: 164700 ns
[2020-03-27T05:05:37.177+0000][1][safepoint    ] Safepoint "CollectForMetadataAllocation", Time since last: 639900 ns, Reaching safepoint: 347900 ns, At safepoint: 4500 ns, Total: 352400 ns
[2020-03-27T05:05:37.246+0000][1][safepoint    ] Safepoint "CollectForMetadataAllocation", Time since last: 69055599 ns, Reaching safepoint: 25200 ns, At safepoint: 79400 ns, Total: 104600 ns
[2020-03-27T05:05:37.262+0000][1][safepoint    ] Safepoint "CollectForMetadataAllocation", Time since last: 16162999 ns, Reaching safepoint: 36500 ns, At safepoint: 76700 ns, Total: 113200 ns
[2020-03-27T05:05:37.288+0000][1][safepoint    ] Safepoint "CollectForMetadataAllocation", Time since last: 25588600 ns, Reaching safepoint: 110100 ns, At safepoint: 99300 ns, Total: 209400 ns
[2020-03-27T05:05:37.302+0000][1][safepoint    ] Safepoint "Deoptimize", Time since last: 13374299 ns, Reaching safepoint: 18900 ns, At safepoint: 323200 ns, Total: 342100 ns
[2020-03-27T05:05:37.305+0000][1][safepoint    ] Safepoint "Deoptimize", Time since last: 3111900 ns, Reaching safepoint: 90900 ns, At safepoint: 295400 ns, Total: 386300 ns
[2020-03-27T05:05:37.329+0000][1][safepoint    ] Safepoint "CollectForMetadataAllocation", Time since last: 23867700 ns, Reaching safepoint: 93900 ns, At safepoint: 79500 ns, Total: 173400 ns
[2020-03-27T05:05:37.354+0000][1][safepoint    ] Safepoint "CollectForMetadataAllocation", Time since last: 24599299 ns, Reaching safepoint: 93800 ns, At safepoint: 96800 ns, Total: 190600 ns
[2020-03-27T05:05:37.606+0000][1][gc,start     ] GC(12) Pause Initial Mark
[2020-03-27T05:05:37.633+0000][1][gc           ] GC(12) Pause Initial Mark 156M->156M(495M) 27.248ms
[2020-03-27T05:05:37.633+0000][1][gc,cpu       ] GC(12) User=0.02s Sys=0.00s Real=0.02s
[2020-03-27T05:05:37.634+0000][1][safepoint    ] Safepoint "CMS_Initial_Mark", Time since last: 248586594 ns, Reaching safepoint: 3176700 ns, At safepoint: 28074899 ns, Total: 31251599 ns
[2020-03-27T05:05:37.634+0000][1][gc           ] GC(12) Concurrent Mark
[2020-03-27T05:05:37.718+0000][1][gc           ] GC(12) Concurrent Mark 83.670ms
[2020-03-27T05:05:37.719+0000][1][gc,cpu       ] GC(12) User=0.09s Sys=0.00s Real=0.09s
[2020-03-27T05:05:37.719+0000][1][gc           ] GC(12) Concurrent Preclean
[2020-03-27T05:05:37.724+0000][1][gc           ] GC(12) Concurrent Preclean 4.933ms
[2020-03-27T05:05:37.724+0000][1][gc,cpu       ] GC(12) User=0.01s Sys=0.00s Real=0.00s
[2020-03-27T05:05:37.725+0000][1][gc           ] GC(12) Concurrent Abortable Preclean
[2020-03-27T05:05:37.798+0000][1][safepoint    ] Safepoint "CollectForMetadataAllocation", Time since last: 163657197 ns, Reaching safepoint: 31300 ns, At safepoint: 101700 ns, Total: 133000 ns
[2020-03-27T05:05:37.992+0000][1][safepoint    ] Safepoint "RevokeBias", Time since last: 194417597 ns, Reaching safepoint: 27900 ns, At safepoint: 28300 ns, Total: 56200 ns
[2020-03-27T05:05:38.011+0000][1][safepoint    ] Safepoint "CollectForMetadataAllocation", Time since last: 18460899 ns, Reaching safepoint: 48600 ns, At safepoint: 71600 ns, Total: 120200 ns
[2020-03-27T05:05:38.089+0000][1][safepoint    ] Safepoint "Deoptimize", Time since last: 77591499 ns, Reaching safepoint: 59400 ns, At safepoint: 282900 ns, Total: 342300 ns
[2020-03-27T05:05:38.240+0000][1][safepoint    ] Safepoint "CollectForMetadataAllocation", Time since last: 151563597 ns, Reaching safepoint: 96200 ns, At safepoint: 72000 ns, Total: 168200 ns
[2020-03-27T05:05:38.290+0000][1][safepoint    ] Safepoint "CollectForMetadataAllocation", Time since last: 49132300 ns, Reaching safepoint: 91700 ns, At safepoint: 54100 ns, Total: 145800 ns
[2020-03-27T05:05:38.347+0000][1][safepoint    ] Safepoint "CollectForMetadataAllocation", Time since last: 57037999 ns, Reaching safepoint: 123000 ns, At safepoint: 96800 ns, Total: 219800 ns
[2020-03-27T05:05:38.393+0000][1][safepoint    ] Safepoint "CollectForMetadataAllocation", Time since last: 46090699 ns, Reaching safepoint: 16800 ns, At safepoint: 69700 ns, Total: 86500 ns
[2020-03-27T05:05:38.399+0000][1][safepoint    ] Safepoint "Deoptimize", Time since last: 5643700 ns, Reaching safepoint: 25400 ns, At safepoint: 314700 ns, Total: 340100 ns
[2020-03-27T05:05:38.485+0000][1][safepoint    ] Safepoint "CollectForMetadataAllocation", Time since last: 85522898 ns, Reaching safepoint: 36500 ns, At safepoint: 46100 ns, Total: 82600 ns
[2020-03-27T05:05:38.526+0000][1][gc,start     ] GC(13) Pause Young (Allocation Failure)
[2020-03-27T05:05:38.527+0000][1][gc,task      ] GC(13) Using 2 workers of 2 for evacuation
[2020-03-27T05:05:38.550+0000][1][gc,age       ] GC(13) Desired survivor size 8716288 bytes, new threshold 2 (max threshold 6)
[2020-03-27T05:05:38.551+0000][1][gc,age       ] GC(13) Age table with threshold 2 (max threshold 6)
[2020-03-27T05:05:38.551+0000][1][gc,age       ] GC(13) - age   1:    7297024 bytes,    7297024 total
[2020-03-27T05:05:38.551+0000][1][gc,age       ] GC(13) - age   2:    1631104 bytes,    8928128 total
[2020-03-27T05:05:38.552+0000][1][gc,heap      ] GC(13) ParNew: 149628K->9109K(153344K)
[2020-03-27T05:05:38.552+0000][1][gc,heap      ] GC(13) CMS: 45900K->45900K(353920K)
[2020-03-27T05:05:38.552+0000][1][gc,metaspace ] GC(13) Metaspace: 48440K->48440K(1095680K)
[2020-03-27T05:05:38.553+0000][1][gc           ] GC(13) Pause Young (Allocation Failure) 190M->53M(495M) 26.445ms
[2020-03-27T05:05:38.553+0000][1][gc,cpu       ] GC(13) User=0.02s Sys=0.00s Real=0.02s
[2020-03-27T05:05:38.553+0000][1][safepoint    ] Safepoint "GenCollectForAllocation", Time since last: 39402400 ns, Reaching safepoint: 2154500 ns, At safepoint: 27233999 ns, Total: 29388499 ns
[2020-03-27T05:05:38.568+0000][1][safepoint    ] Safepoint "CollectForMetadataAllocation", Time since last: 14605700 ns, Reaching safepoint: 24800 ns, At safepoint: 71400 ns, Total: 96200 ns
[2020-03-27T05:05:38.569+0000][1][safepoint    ] Safepoint "RevokeBias", Time since last: 689300 ns, Reaching safepoint: 154900 ns, At safepoint: 40400 ns, Total: 195300 ns
[2020-03-27T05:05:38.570+0000][1][safepoint    ] Safepoint "RevokeBias", Time since last: 547000 ns, Reaching safepoint: 77700 ns, At safepoint: 11600 ns, Total: 89300 ns
[2020-03-27T05:05:38.580+0000][1][safepoint    ] Safepoint "RevokeBias", Time since last: 9781000 ns, Reaching safepoint: 455700 ns, At safepoint: 25400 ns, Total: 481100 ns
[2020-03-27T05:05:38.602+0000][1][safepoint    ] Safepoint "RevokeBias", Time since last: 22087999 ns, Reaching safepoint: 29600 ns, At safepoint: 19700 ns, Total: 49300 ns
[2020-03-27T05:05:38.614+0000][1][safepoint    ] Safepoint "RevokeBias", Time since last: 11937900 ns, Reaching safepoint: 26900 ns, At safepoint: 20900 ns, Total: 47800 ns
[2020-03-27T05:05:38.664+0000][1][safepoint    ] Safepoint "CollectForMetadataAllocation", Time since last: 49613099 ns, Reaching safepoint: 27400 ns, At safepoint: 76100 ns, Total: 103500 ns
[2020-03-27T05:05:38.708+0000][1][safepoint    ] Safepoint "CollectForMetadataAllocation", Time since last: 44157199 ns, Reaching safepoint: 30200 ns, At safepoint: 72200 ns, Total: 102400 ns
[2020-03-27T05:05:38.767+0000][1][safepoint    ] Safepoint "CollectForMetadataAllocation", Time since last: 59247699 ns, Reaching safepoint: 42300 ns, At safepoint: 70900 ns, Total: 113200 ns
[2020-03-27T05:05:38.840+0000][1][safepoint    ] Safepoint "CollectForMetadataAllocation", Time since last: 66013799 ns, Reaching safepoint: 6182300 ns, At safepoint: 80700 ns, Total: 6263000 ns
[2020-03-27T05:05:38.904+0000][1][safepoint    ] Safepoint "CollectForMetadataAllocation", Time since last: 63588299 ns, Reaching safepoint: 362200 ns, At safepoint: 67700 ns, Total: 429900 ns
[2020-03-27T05:05:38.918+0000][1][safepoint    ] Safepoint "RevokeBias", Time since last: 9573200 ns, Reaching safepoint: 5036800 ns, At safepoint: 21700 ns, Total: 5058500 ns
[2020-03-27T05:05:38.919+0000][1][safepoint    ] Safepoint "RevokeBias", Time since last: 539000 ns, Reaching safepoint: 165600 ns, At safepoint: 12800 ns, Total: 178400 ns
[2020-03-27T05:05:38.931+0000][1][safepoint    ] Safepoint "RevokeBias", Time since last: 10479100 ns, Reaching safepoint: 1669100 ns, At safepoint: 25500 ns, Total: 1694600 ns
[2020-03-27T05:05:38.933+0000][1][safepoint    ] Safepoint "RevokeBias", Time since last: 528400 ns, Reaching safepoint: 1735300 ns, At safepoint: 30000 ns, Total: 1765300 ns
[2020-03-27T05:05:38.950+0000][1][safepoint    ] Safepoint "CollectForMetadataAllocation", Time since last: 16419199 ns, Reaching safepoint: 29100 ns, At safepoint: 71800 ns, Total: 100900 ns
[2020-03-27T05:05:39.021+0000][1][safepoint    ] Safepoint "RevokeBias", Time since last: 65433399 ns, Reaching safepoint: 5108600 ns, At safepoint: 27500 ns, Total: 5136100 ns
[2020-03-27T05:05:39.022+0000][1][safepoint    ] Safepoint "RevokeBias", Time since last: 936600 ns, Reaching safepoint: 121600 ns, At safepoint: 25100 ns, Total: 146700 ns
[2020-03-27T05:05:39.025+0000][1][safepoint    ] Safepoint "RevokeBias", Time since last: 3060200 ns, Reaching safepoint: 31900 ns, At safepoint: 122800 ns, Total: 154700 ns
[2020-03-27T05:05:39.027+0000][1][safepoint    ] Safepoint "RevokeBias", Time since last: 2260400 ns, Reaching safepoint: 119500 ns, At safepoint: 27100 ns, Total: 146600 ns
[2020-03-27T05:05:39.029+0000][1][safepoint    ] Safepoint "RevokeBias", Time since last: 1071000 ns, Reaching safepoint: 164900 ns, At safepoint: 36500 ns, Total: 201400 ns
[2020-03-27T05:05:39.031+0000][1][safepoint    ] Safepoint "RevokeBias", Time since last: 1992500 ns, Reaching safepoint: 887100 ns, At safepoint: 26000 ns, Total: 913100 ns
[2020-03-27T05:05:39.033+0000][1][safepoint    ] Safepoint "RevokeBias", Time since last: 990600 ns, Reaching safepoint: 185100 ns, At safepoint: 21100 ns, Total: 206200 ns
[2020-03-27T05:05:39.035+0000][1][safepoint    ] Safepoint "RevokeBias", Time since last: 1851800 ns, Reaching safepoint: 124100 ns, At safepoint: 29900 ns, Total: 154000 ns
[2020-03-27T05:05:39.035+0000][1][safepoint    ] Safepoint "RevokeBias", Time since last: 637000 ns, Reaching safepoint: 163900 ns, At safepoint: 20800 ns, Total: 184700 ns
[2020-03-27T05:05:39.037+0000][1][safepoint    ] Safepoint "RevokeBias", Time since last: 862000 ns, Reaching safepoint: 338700 ns, At safepoint: 14100 ns, Total: 352800 ns
[2020-03-27T05:05:39.038+0000][1][safepoint    ] Safepoint "RevokeBias", Time since last: 645900 ns, Reaching safepoint: 206600 ns, At safepoint: 14300 ns, Total: 220900 ns
[2020-03-27T05:05:39.039+0000][1][safepoint    ] Safepoint "RevokeBias", Time since last: 408100 ns, Reaching safepoint: 176900 ns, At safepoint: 868000 ns, Total: 1044900 ns
[2020-03-27T05:05:39.040+0000][1][safepoint    ] Safepoint "RevokeBias", Time since last: 723500 ns, Reaching safepoint: 222700 ns, At safepoint: 22600 ns, Total: 245300 ns
[2020-03-27T05:05:39.041+0000][1][safepoint    ] Safepoint "RevokeBias", Time since last: 551800 ns, Reaching safepoint: 222000 ns, At safepoint: 22300 ns, Total: 244300 ns
[2020-03-27T05:05:39.041+0000][1][safepoint    ] Safepoint "RevokeBias", Time since last: 353800 ns, Reaching safepoint: 175800 ns, At safepoint: 18700 ns, Total: 194500 ns
[2020-03-27T05:05:39.042+0000][1][safepoint    ] Safepoint "RevokeBias", Time since last: 299000 ns, Reaching safepoint: 106200 ns, At safepoint: 22000 ns, Total: 128200 ns
[2020-03-27T05:05:39.042+0000][1][safepoint    ] Safepoint "RevokeBias", Time since last: 231400 ns, Reaching safepoint: 119300 ns, At safepoint: 32100 ns, Total: 151400 ns
[2020-03-27T05:05:39.044+0000][1][safepoint    ] Safepoint "RevokeBias", Time since last: 436000 ns, Reaching safepoint: 986100 ns, At safepoint: 32400 ns, Total: 1018500 ns
[2020-03-27T05:05:39.045+0000][1][safepoint    ] Safepoint "RevokeBias", Time since last: 450800 ns, Reaching safepoint: 1368500 ns, At safepoint: 27500 ns, Total: 1396000 ns
[2020-03-27T05:05:39.046+0000][1][safepoint    ] Safepoint "RevokeBias", Time since last: 344600 ns, Reaching safepoint: 17200 ns, At safepoint: 33000 ns, Total: 50200 ns
[2020-03-27T05:05:39.046+0000][1][safepoint    ] Safepoint "RevokeBias", Time since last: 409700 ns, Reaching safepoint: 15100 ns, At safepoint: 27600 ns, Total: 42700 ns
[2020-03-27T05:05:39.047+0000][1][safepoint    ] Safepoint "RevokeBias", Time since last: 361500 ns, Reaching safepoint: 15500 ns, At safepoint: 24800 ns, Total: 40300 ns
[2020-03-27T05:05:39.047+0000][1][safepoint    ] Safepoint "RevokeBias", Time since last: 295200 ns, Reaching safepoint: 15000 ns, At safepoint: 15700 ns, Total: 30700 ns
[2020-03-27T05:05:39.049+0000][1][safepoint    ] Safepoint "RevokeBias", Time since last: 410200 ns, Reaching safepoint: 1129900 ns, At safepoint: 22600 ns, Total: 1152500 ns
[2020-03-27T05:05:39.049+0000][1][safepoint    ] Safepoint "RevokeBias", Time since last: 456100 ns, Reaching safepoint: 402300 ns, At safepoint: 16500 ns, Total: 418800 ns
[2020-03-27T05:05:39.051+0000][1][safepoint    ] Safepoint "RevokeBias", Time since last: 341600 ns, Reaching safepoint: 764100 ns, At safepoint: 22500 ns, Total: 786600 ns
[2020-03-27T05:05:39.053+0000][1][safepoint    ] Safepoint "RevokeBias", Time since last: 288000 ns, Reaching safepoint: 1691199 ns, At safepoint: 24300 ns, Total: 1715499 ns
[2020-03-27T05:05:39.054+0000][1][safepoint    ] Safepoint "RevokeBias", Time since last: 362000 ns, Reaching safepoint: 1451800 ns, At safepoint: 26800 ns, Total: 1478600 ns
[2020-03-27T05:05:39.055+0000][1][safepoint    ] Safepoint "BulkRevokeBias", Time since last: 315400 ns, Reaching safepoint: 101900 ns, At safepoint: 156800 ns, Total: 258700 ns
[2020-03-27T05:05:39.056+0000][1][safepoint    ] Safepoint "RevokeBias", Time since last: 496000 ns, Reaching safepoint: 604000 ns, At safepoint: 19100 ns, Total: 623100 ns
[2020-03-27T05:05:39.059+0000][1][safepoint    ] Safepoint "RevokeBias", Time since last: 471100 ns, Reaching safepoint: 1982600 ns, At safepoint: 42100 ns, Total: 2024700 ns
[2020-03-27T05:05:39.059+0000][1][safepoint    ] Safepoint "RevokeBias", Time since last: 564400 ns, Reaching safepoint: 110400 ns, At safepoint: 50900 ns, Total: 161300 ns
[2020-03-27T05:05:39.061+0000][1][safepoint    ] Safepoint "RevokeBias", Time since last: 1353100 ns, Reaching safepoint: 20200 ns, At safepoint: 7500 ns, Total: 27700 ns
[2020-03-27T05:05:39.061+0000][1][safepoint    ] Safepoint "RevokeBias", Time since last: 406000 ns, Reaching safepoint: 14400 ns, At safepoint: 5800 ns, Total: 20200 ns
[2020-03-27T05:05:39.062+0000][1][safepoint    ] Safepoint "RevokeBias", Time since last: 649100 ns, Reaching safepoint: 32500 ns, At safepoint: 21000 ns, Total: 53500 ns
[2020-03-27T05:05:39.062+0000][1][safepoint    ] Safepoint "RevokeBias", Time since last: 428800 ns, Reaching safepoint: 27900 ns, At safepoint: 30300 ns, Total: 58200 ns
[2020-03-27T05:05:39.068+0000][1][safepoint    ] Safepoint "RevokeBias", Time since last: 489000 ns, Reaching safepoint: 4748300 ns, At safepoint: 102100 ns, Total: 4850400 ns
[2020-03-27T05:05:39.069+0000][1][safepoint    ] Safepoint "RevokeBias", Time since last: 578800 ns, Reaching safepoint: 390800 ns, At safepoint: 24100 ns, Total: 414900 ns
[2020-03-27T05:05:39.070+0000][1][safepoint    ] Safepoint "RevokeBias", Time since last: 568000 ns, Reaching safepoint: 318100 ns, At safepoint: 19500 ns, Total: 337600 ns
[2020-03-27T05:05:39.071+0000][1][safepoint    ] Safepoint "RevokeBias", Time since last: 528300 ns, Reaching safepoint: 523900 ns, At safepoint: 15600 ns, Total: 539500 ns
[2020-03-27T05:05:39.075+0000][1][safepoint    ] Safepoint "RevokeBias", Time since last: 1535900 ns, Reaching safepoint: 2395400 ns, At safepoint: 33500 ns, Total: 2428900 ns
[2020-03-27T05:05:39.081+0000][1][safepoint    ] Safepoint "RevokeBias", Time since last: 2757800 ns, Reaching safepoint: 3339100 ns, At safepoint: 26000 ns, Total: 3365100 ns
[2020-03-27T05:05:39.088+0000][1][safepoint    ] Safepoint "RevokeBias", Time since last: 1991600 ns, Reaching safepoint: 4846600 ns, At safepoint: 24500 ns, Total: 4871100 ns
[2020-03-27T05:05:39.096+0000][1][safepoint    ] Safepoint "RevokeBias", Time since last: 5954900 ns, Reaching safepoint: 2018100 ns, At safepoint: 28800 ns, Total: 2046900 ns
[2020-03-27T05:05:39.105+0000][1][safepoint    ] Safepoint "RevokeBias", Time since last: 6952500 ns, Reaching safepoint: 2015800 ns, At safepoint: 28700 ns, Total: 2044500 ns
[2020-03-27T05:05:39.105+0000][1][safepoint    ] Safepoint "RevokeBias", Time since last: 624500 ns, Reaching safepoint: 19600 ns, At safepoint: 19500 ns, Total: 39100 ns
[2020-03-27T05:05:39.106+0000][1][safepoint    ] Safepoint "RevokeBias", Time since last: 347800 ns, Reaching safepoint: 15900 ns, At safepoint: 18700 ns, Total: 34600 ns
[2020-03-27T05:05:39.106+0000][1][safepoint    ] Safepoint "RevokeBias", Time since last: 255100 ns, Reaching safepoint: 15100 ns, At safepoint: 16200 ns, Total: 31300 ns
[2020-03-27T05:05:39.110+0000][1][safepoint    ] Safepoint "RevokeBias", Time since last: 1628700 ns, Reaching safepoint: 2007300 ns, At safepoint: 27400 ns, Total: 2034700 ns
[2020-03-27T05:05:39.116+0000][1][safepoint    ] Safepoint "RevokeBias", Time since last: 3959099 ns, Reaching safepoint: 2011900 ns, At safepoint: 21300 ns, Total: 2033200 ns
[2020-03-27T05:05:39.116+0000][1][safepoint    ] Safepoint "RevokeBias", Time since last: 500700 ns, Reaching safepoint: 19800 ns, At safepoint: 24500 ns, Total: 44300 ns
[2020-03-27T05:05:39.116+0000][1][safepoint    ] Safepoint "RevokeBias", Time since last: 343500 ns, Reaching safepoint: 16900 ns, At safepoint: 16800 ns, Total: 33700 ns
[2020-03-27T05:05:39.117+0000][1][safepoint    ] Safepoint "RevokeBias", Time since last: 401100 ns, Reaching safepoint: 37200 ns, At safepoint: 17200 ns, Total: 54400 ns
[2020-03-27T05:05:39.124+0000][1][safepoint    ] Safepoint "CollectForMetadataAllocation", Time since last: 6588700 ns, Reaching safepoint: 71200 ns, At safepoint: 76400 ns, Total: 147600 ns
[2020-03-27T05:05:39.126+0000][1][safepoint    ] Safepoint "BulkRevokeBias", Time since last: 568400 ns, Reaching safepoint: 1295100 ns, At safepoint: 60100 ns, Total: 1355200 ns
[2020-03-27T05:05:39.128+0000][1][safepoint    ] Safepoint "RevokeBias", Time since last: 486400 ns, Reaching safepoint: 2206500 ns, At safepoint: 30500 ns, Total: 2237000 ns
[2020-03-27T05:05:39.129+0000][1][safepoint    ] Safepoint "RevokeBias", Time since last: 434100 ns, Reaching safepoint: 17400 ns, At safepoint: 13200 ns, Total: 30600 ns
[2020-03-27T05:05:39.129+0000][1][safepoint    ] Safepoint "RevokeBias", Time since last: 460500 ns, Reaching safepoint: 14500 ns, At safepoint: 12900 ns, Total: 27400 ns
[2020-03-27T05:05:39.130+0000][1][safepoint    ] Safepoint "RevokeBias", Time since last: 339700 ns, Reaching safepoint: 13000 ns, At safepoint: 10200 ns, Total: 23200 ns
[2020-03-27T05:05:39.131+0000][1][safepoint    ] Safepoint "RevokeBias", Time since last: 390300 ns, Reaching safepoint: 759200 ns, At safepoint: 21100 ns, Total: 780300 ns
[2020-03-27T05:05:39.132+0000][1][safepoint    ] Safepoint "RevokeBias", Time since last: 813400 ns, Reaching safepoint: 13700 ns, At safepoint: 17600 ns, Total: 31300 ns
[2020-03-27T05:05:39.135+0000][1][safepoint    ] Safepoint "RevokeBias", Time since last: 400900 ns, Reaching safepoint: 2944700 ns, At safepoint: 23700 ns, Total: 2968400 ns
[2020-03-27T05:05:39.136+0000][1][safepoint    ] Safepoint "RevokeBias", Time since last: 631200 ns, Reaching safepoint: 20900 ns, At safepoint: 18000 ns, Total: 38900 ns
[2020-03-27T05:05:39.137+0000][1][safepoint    ] Safepoint "RevokeBias", Time since last: 527400 ns, Reaching safepoint: 986800 ns, At safepoint: 20900 ns, Total: 1007700 ns
[2020-03-27T05:05:39.138+0000][1][safepoint    ] Safepoint "RevokeBias", Time since last: 368200 ns, Reaching safepoint: 89300 ns, At safepoint: 15200 ns, Total: 104500 ns
[2020-03-27T05:05:39.138+0000][1][safepoint    ] Safepoint "RevokeBias", Time since last: 407600 ns, Reaching safepoint: 90600 ns, At safepoint: 28500 ns, Total: 119100 ns
[2020-03-27T05:05:39.139+0000][1][safepoint    ] Safepoint "RevokeBias", Time since last: 337600 ns, Reaching safepoint: 90800 ns, At safepoint: 12900 ns, Total: 103700 ns
[2020-03-27T05:05:39.139+0000][1][safepoint    ] Safepoint "RevokeBias", Time since last: 544600 ns, Reaching safepoint: 16500 ns, At safepoint: 12000 ns, Total: 28500 ns
[2020-03-27T05:05:39.140+0000][1][safepoint    ] Safepoint "RevokeBias", Time since last: 455600 ns, Reaching safepoint: 15600 ns, At safepoint: 23800 ns, Total: 39400 ns
[2020-03-27T05:05:39.159+0000][1][safepoint    ] Safepoint "RevokeBias", Time since last: 18795300 ns, Reaching safepoint: 33400 ns, At safepoint: 22400 ns, Total: 55800 ns
[2020-03-27T05:05:39.159+0000][1][safepoint    ] Safepoint "RevokeBias", Time since last: 644100 ns, Reaching safepoint: 44900 ns, At safepoint: 29000 ns, Total: 73900 ns
[2020-03-27T05:05:39.160+0000][1][safepoint    ] Safepoint "RevokeBias", Time since last: 369100 ns, Reaching safepoint: 15300 ns, At safepoint: 14200 ns, Total: 29500 ns
[2020-03-27T05:05:39.160+0000][1][safepoint    ] Safepoint "RevokeBias", Time since last: 308500 ns, Reaching safepoint: 43700 ns, At safepoint: 12400 ns, Total: 56100 ns
[2020-03-27T05:05:39.161+0000][1][safepoint    ] Safepoint "RevokeBias", Time since last: 539600 ns, Reaching safepoint: 445700 ns, At safepoint: 24300 ns, Total: 470000 ns
[2020-03-27T05:05:39.161+0000][1][safepoint    ] Safepoint "RevokeBias", Time since last: 339400 ns, Reaching safepoint: 20500 ns, At safepoint: 30600 ns, Total: 51100 ns
[2020-03-27T05:05:39.164+0000][1][safepoint    ] Safepoint "Deoptimize", Time since last: 2286900 ns, Reaching safepoint: 121500 ns, At safepoint: 324400 ns, Total: 445900 ns
[2020-03-27T05:05:39.166+0000][1][safepoint    ] Safepoint "RevokeBias", Time since last: 630400 ns, Reaching safepoint: 750200 ns, At safepoint: 42200 ns, Total: 792400 ns
[2020-03-27T05:05:39.177+0000][1][safepoint    ] Safepoint "RevokeBias", Time since last: 7947299 ns, Reaching safepoint: 3512500 ns, At safepoint: 27300 ns, Total: 3539800 ns
[2020-03-27T05:05:39.178+0000][1][safepoint    ] Safepoint "RevokeBias", Time since last: 547800 ns, Reaching safepoint: 38600 ns, At safepoint: 31700 ns, Total: 70300 ns
[2020-03-27T05:05:39.179+0000][1][safepoint    ] Safepoint "BulkRevokeBias", Time since last: 608800 ns, Reaching safepoint: 675800 ns, At safepoint: 58500 ns, Total: 734300 ns
[2020-03-27T05:05:39.193+0000][1][safepoint    ] Safepoint "RevokeBias", Time since last: 13238300 ns, Reaching safepoint: 283600 ns, At safepoint: 51100 ns, Total: 334700 ns
[2020-03-27T05:05:39.194+0000][1][safepoint    ] Safepoint "RevokeBias", Time since last: 472000 ns, Reaching safepoint: 869000 ns, At safepoint: 126900 ns, Total: 995900 ns
[2020-03-27T05:05:39.195+0000][1][safepoint    ] Safepoint "RevokeBias", Time since last: 710900 ns, Reaching safepoint: 301000 ns, At safepoint: 23300 ns, Total: 324300 ns
[2020-03-27T05:05:39.197+0000][1][safepoint    ] Safepoint "CollectForMetadataAllocation", Time since last: 2109600 ns, Reaching safepoint: 116500 ns, At safepoint: 83500 ns, Total: 200000 ns
[2020-03-27T05:05:39.268+0000][1][safepoint    ] Safepoint "CollectForMetadataAllocation", Time since last: 68539499 ns, Reaching safepoint: 1598700 ns, At safepoint: 70600 ns, Total: 1669300 ns
[2020-03-27T05:05:39.364+0000][1][safepoint    ] Safepoint "CollectForMetadataAllocation", Time since last: 95914298 ns, Reaching safepoint: 40600 ns, At safepoint: 45300 ns, Total: 85900 ns
[2020-03-27T05:05:39.420+0000][1][safepoint    ] Safepoint "CollectForMetadataAllocation", Time since last: 55917199 ns, Reaching safepoint: 36800 ns, At safepoint: 47000 ns, Total: 83800 ns
[2020-03-27T05:05:39.463+0000][1][safepoint    ] Safepoint "CollectForMetadataAllocation", Time since last: 43385899 ns, Reaching safepoint: 30600 ns, At safepoint: 69400 ns, Total: 100000 ns
[2020-03-27T05:05:39.517+0000][1][gc           ] GC(12) Concurrent Abortable Preclean 1792.156ms
[2020-03-27T05:05:39.520+0000][1][gc,cpu       ] GC(12) User=1.67s Sys=0.05s Real=1.80s
[2020-03-27T05:05:39.522+0000][1][gc,start     ] GC(12) Pause Remark
[2020-03-27T05:05:39.554+0000][1][gc           ] GC(12) Pause Remark 121M->121M(495M) 32.573ms
[2020-03-27T05:05:39.555+0000][1][gc,cpu       ] GC(12) User=0.03s Sys=0.00s Real=0.03s
[2020-03-27T05:05:39.556+0000][1][safepoint    ] Safepoint "CMS_Final_Remark", Time since last: 57380699 ns, Reaching safepoint: 1082700 ns, At safepoint: 33923400 ns, Total: 35006100 ns
[2020-03-27T05:05:39.556+0000][1][gc           ] GC(12) Concurrent Sweep
[2020-03-27T05:05:39.562+0000][1][safepoint    ] Safepoint "CollectForMetadataAllocation", Time since last: 5045400 ns, Reaching safepoint: 1225000 ns, At safepoint: 78800 ns, Total: 1303800 ns
[2020-03-27T05:05:39.593+0000][1][gc           ] GC(12) Concurrent Sweep 36.895ms
[2020-03-27T05:05:39.595+0000][1][gc,cpu       ] GC(12) User=0.03s Sys=0.00s Real=0.03s
[2020-03-27T05:05:39.596+0000][1][gc           ] GC(12) Concurrent Reset
[2020-03-27T05:05:39.598+0000][1][gc           ] GC(12) Concurrent Reset 2.080ms
[2020-03-27T05:05:39.598+0000][1][gc,cpu       ] GC(12) User=0.01s Sys=0.00s Real=0.00s
[2020-03-27T05:05:39.598+0000][1][gc,heap      ] GC(12) Old: 45900K->45699K(353920K)
[2020-03-27T05:05:40.552+0000][1][gc,start     ] GC(14) Pause Young (Allocation Failure)
[2020-03-27T05:05:40.553+0000][1][gc,task      ] GC(14) Using 2 workers of 2 for evacuation
[2020-03-27T05:05:40.582+0000][1][gc,age       ] GC(14) Desired survivor size 8716288 bytes, new threshold 2 (max threshold 6)
[2020-03-27T05:05:40.583+0000][1][gc,age       ] GC(14) Age table with threshold 2 (max threshold 6)
[2020-03-27T05:05:40.583+0000][1][gc,age       ] GC(14) - age   1:    3345552 bytes,    3345552 total
[2020-03-27T05:05:40.584+0000][1][gc,age       ] GC(14) - age   2:    7088112 bytes,   10433664 total
[2020-03-27T05:05:40.584+0000][1][gc,heap      ] GC(14) ParNew: 145429K->14888K(153344K)
[2020-03-27T05:05:40.584+0000][1][gc,heap      ] GC(14) CMS: 45699K->47306K(353920K)
[2020-03-27T05:05:40.585+0000][1][gc,metaspace ] GC(14) Metaspace: 60133K->60133K(1103872K)
[2020-03-27T05:05:40.585+0000][1][gc           ] GC(14) Pause Young (Allocation Failure) 186M->60M(495M) 32.812ms
[2020-03-27T05:05:40.585+0000][1][gc,cpu       ] GC(14) User=0.02s Sys=0.00s Real=0.03s
[2020-03-27T05:05:40.586+0000][1][safepoint    ] Safepoint "GenCollectForAllocation", Time since last: 989840283 ns, Reaching safepoint: 454900 ns, At safepoint: 33394299 ns, Total: 33849199 ns
[2020-03-27T05:05:40.587+0000][1][safepoint    ] Safepoint "RevokeBias", Time since last: 1188000 ns, Reaching safepoint: 121400 ns, At safepoint: 19700 ns, Total: 141100 ns
[2020-03-27T05:05:40.587+0000][1][safepoint    ] Safepoint "RevokeBias", Time since last: 322800 ns, Reaching safepoint: 124300 ns, At safepoint: 49000 ns, Total: 173300 ns
[2020-03-27T05:05:40.591+0000][1][safepoint    ] Safepoint "RevokeBias", Time since last: 3794400 ns, Reaching safepoint: 138700 ns, At safepoint: 75200 ns, Total: 213900 ns
[2020-03-27T05:05:40.595+0000][1][safepoint    ] Safepoint "RevokeBias", Time since last: 469500 ns, Reaching safepoint: 3201900 ns, At safepoint: 32900 ns, Total: 3234800 ns
[2020-03-27T05:05:40.596+0000][1][safepoint    ] Safepoint "RevokeBias", Time since last: 566100 ns, Reaching safepoint: 66900 ns, At safepoint: 9700 ns, Total: 76600 ns
[2020-03-27T05:05:40.596+0000][1][safepoint    ] Safepoint "RevokeBias", Time since last: 416200 ns, Reaching safepoint: 104200 ns, At safepoint: 79700 ns, Total: 183900 ns
[2020-03-27T05:05:40.599+0000][1][safepoint    ] Safepoint "RevokeBias", Time since last: 337100 ns, Reaching safepoint: 2066300 ns, At safepoint: 23100 ns, Total: 2089400 ns
[2020-03-27T05:05:40.601+0000][1][safepoint    ] Safepoint "RevokeBias", Time since last: 352100 ns, Reaching safepoint: 2111200 ns, At safepoint: 48300 ns, Total: 2159500 ns
[2020-03-27T05:05:40.602+0000][1][safepoint    ] Safepoint "RevokeBias", Time since last: 453400 ns, Reaching safepoint: 83900 ns, At safepoint: 31900 ns, Total: 115800 ns
[2020-03-27T05:05:40.602+0000][1][safepoint    ] Safepoint "RevokeBias", Time since last: 398300 ns, Reaching safepoint: 96800 ns, At safepoint: 85800 ns, Total: 182600 ns
[2020-03-27T05:05:40.603+0000][1][safepoint    ] Safepoint "RevokeBias", Time since last: 412100 ns, Reaching safepoint: 129100 ns, At safepoint: 99400 ns, Total: 228500 ns
[2020-03-27T05:05:40.604+0000][1][safepoint    ] Safepoint "RevokeBias", Time since last: 453000 ns, Reaching safepoint: 65700 ns, At safepoint: 27600 ns, Total: 93300 ns
[2020-03-27T05:05:40.604+0000][1][safepoint    ] Safepoint "RevokeBias", Time since last: 413300 ns, Reaching safepoint: 159600 ns, At safepoint: 33300 ns, Total: 192900 ns
[2020-03-27T05:05:40.605+0000][1][safepoint    ] Safepoint "RevokeBias", Time since last: 398700 ns, Reaching safepoint: 76500 ns, At safepoint: 78700 ns, Total: 155200 ns
[2020-03-27T05:05:40.606+0000][1][safepoint    ] Safepoint "RevokeBias", Time since last: 1038000 ns, Reaching safepoint: 87900 ns, At safepoint: 35600 ns, Total: 123500 ns
[2020-03-27T05:05:40.607+0000][1][safepoint    ] Safepoint "RevokeBias", Time since last: 335100 ns, Reaching safepoint: 316100 ns, At safepoint: 37700 ns, Total: 353800 ns
[2020-03-27T05:05:40.609+0000][1][safepoint    ] Safepoint "RevokeBias", Time since last: 328300 ns, Reaching safepoint: 2115600 ns, At safepoint: 92900 ns, Total: 2208500 ns
[2020-03-27T05:05:40.613+0000][1][safepoint    ] Safepoint "BulkRevokeBias", Time since last: 3158100 ns, Reaching safepoint: 28200 ns, At safepoint: 181300 ns, Total: 209500 ns
[2020-03-27T05:05:40.868+0000][1][safepoint    ] Safepoint "RevokeBias", Time since last: 252643295 ns, Reaching safepoint: 3052200 ns, At safepoint: 62300 ns, Total: 3114500 ns
[2020-03-27T05:05:40.873+0000][1][safepoint    ] Safepoint "RevokeBias", Time since last: 4568500 ns, Reaching safepoint: 48400 ns, At safepoint: 17800 ns, Total: 66200 ns
[2020-03-27T05:05:40.874+0000][1][safepoint    ] Safepoint "RevokeBias", Time since last: 585200 ns, Reaching safepoint: 63900 ns, At safepoint: 22500 ns, Total: 86400 ns
[2020-03-27T05:05:40.879+0000][1][safepoint    ] Safepoint "RevokeBias", Time since last: 5488400 ns, Reaching safepoint: 113100 ns, At safepoint: 24800 ns, Total: 137900 ns
[2020-03-27T05:05:41.239+0000][1][safepoint    ] Safepoint "Deoptimize", Time since last: 356934194 ns, Reaching safepoint: 2613300 ns, At safepoint: 272400 ns, Total: 2885700 ns
[2020-03-27T05:05:41.912+0000][1][safepoint    ] Safepoint "RevokeBias", Time since last: 672593788 ns, Reaching safepoint: 132700 ns, At safepoint: 32100 ns, Total: 164800 ns
[2020-03-27T05:05:41.980+0000][1][safepoint    ] Safepoint "Deoptimize", Time since last: 67416199 ns, Reaching safepoint: 93400 ns, At safepoint: 307100 ns, Total: 400500 ns
[2020-03-27T05:05:42.059+0000][1][safepoint    ] Safepoint "RevokeBias", Time since last: 78984399 ns, Reaching safepoint: 60100 ns, At safepoint: 14600 ns, Total: 74700 ns
[2020-03-27T05:05:42.060+0000][1][safepoint    ] Safepoint "RevokeBias", Time since last: 942300 ns, Reaching safepoint: 55700 ns, At safepoint: 19500 ns, Total: 75200 ns
[2020-03-27T05:05:42.062+0000][1][safepoint    ] Safepoint "RevokeBias", Time since last: 1944800 ns, Reaching safepoint: 90200 ns, At safepoint: 17900 ns, Total: 108100 ns
[2020-03-27T05:05:42.063+0000][1][safepoint    ] Safepoint "RevokeBias", Time since last: 938200 ns, Reaching safepoint: 126400 ns, At safepoint: 19100 ns, Total: 145500 ns
[2020-03-27T05:05:42.063+0000][1][safepoint    ] Safepoint "RevokeBias", Time since last: 384300 ns, Reaching safepoint: 63900 ns, At safepoint: 13000 ns, Total: 76900 ns
[2020-03-27T05:05:42.064+0000][1][safepoint    ] Safepoint "RevokeBias", Time since last: 455500 ns, Reaching safepoint: 72200 ns, At safepoint: 13200 ns, Total: 85400 ns
[2020-03-27T05:05:42.064+0000][1][safepoint    ] Safepoint "RevokeBias", Time since last: 503800 ns, Reaching safepoint: 52400 ns, At safepoint: 12400 ns, Total: 64800 ns
[2020-03-27T05:05:42.065+0000][1][safepoint    ] Safepoint "RevokeBias", Time since last: 504600 ns, Reaching safepoint: 110300 ns, At safepoint: 11800 ns, Total: 122100 ns
[2020-03-27T05:05:42.065+0000][1][safepoint    ] Safepoint "RevokeBias", Time since last: 263400 ns, Reaching safepoint: 72600 ns, At safepoint: 24100 ns, Total: 96700 ns
[2020-03-27T05:05:42.066+0000][1][safepoint    ] Safepoint "BulkRevokeBias", Time since last: 749800 ns, Reaching safepoint: 64800 ns, At safepoint: 57100 ns, Total: 121900 ns
[2020-03-27T05:05:42.067+0000][1][safepoint    ] Safepoint "RevokeBias", Time since last: 1010700 ns, Reaching safepoint: 48400 ns, At safepoint: 17300 ns, Total: 65700 ns
[2020-03-27T05:05:42.068+0000][1][safepoint    ] Safepoint "RevokeBias", Time since last: 348200 ns, Reaching safepoint: 81800 ns, At safepoint: 14300 ns, Total: 96100 ns
[2020-03-27T05:05:42.071+0000][1][safepoint    ] Safepoint "Deoptimize", Time since last: 3183900 ns, Reaching safepoint: 92100 ns, At safepoint: 350200 ns, Total: 442300 ns
[2020-03-27T05:05:42.073+0000][1][safepoint    ] Safepoint "RevokeBias", Time since last: 1384600 ns, Reaching safepoint: 49800 ns, At safepoint: 16200 ns, Total: 66000 ns
[2020-03-27T05:05:42.223+0000][1][safepoint    ] Safepoint "Deoptimize", Time since last: 149142697 ns, Reaching safepoint: 930500 ns, At safepoint: 309600 ns, Total: 1240100 ns
[2020-03-27T05:05:42.845+0000][1][safepoint    ] Safepoint "RevokeBias", Time since last: 618092289 ns, Reaching safepoint: 3255700 ns, At safepoint: 18400 ns, Total: 3274100 ns
[2020-03-27T05:05:42.846+0000][1][safepoint    ] Safepoint "RevokeBias", Time since last: 1314600 ns, Reaching safepoint: 84300 ns, At safepoint: 21500 ns, Total: 105800 ns
[2020-03-27T05:05:42.847+0000][1][safepoint    ] Safepoint "RevokeBias", Time since last: 632600 ns, Reaching safepoint: 73400 ns, At safepoint: 13600 ns, Total: 87000 ns
[2020-03-27T05:05:42.848+0000][1][safepoint    ] Safepoint "RevokeBias", Time since last: 358600 ns, Reaching safepoint: 523800 ns, At safepoint: 21900 ns, Total: 545700 ns
[2020-03-27T05:05:42.862+0000][1][gc,start     ] GC(15) Pause Young (Allocation Failure)
[2020-03-27T05:05:42.863+0000][1][gc,task      ] GC(15) Using 2 workers of 2 for evacuation
[2020-03-27T05:05:42.924+0000][1][gc,age       ] GC(15) Desired survivor size 8716288 bytes, new threshold 2 (max threshold 6)
[2020-03-27T05:05:42.927+0000][1][gc,age       ] GC(15) Age table with threshold 2 (max threshold 6)
[2020-03-27T05:05:42.928+0000][1][gc,age       ] GC(15) - age   1:    5622848 bytes,    5622848 total
[2020-03-27T05:05:42.928+0000][1][gc,age       ] GC(15) - age   2:    3123208 bytes,    8746056 total
[2020-03-27T05:05:42.929+0000][1][gc,heap      ] GC(15) ParNew: 151208K->14254K(153344K)
[2020-03-27T05:05:42.929+0000][1][gc,heap      ] GC(15) CMS: 47306K->54380K(353920K)
[2020-03-27T05:05:42.929+0000][1][gc,metaspace ] GC(15) Metaspace: 73486K->73486K(1118208K)
[2020-03-27T05:05:42.929+0000][1][gc           ] GC(15) Pause Young (Allocation Failure) 193M->67M(495M) 66.936ms
[2020-03-27T05:05:42.929+0000][1][gc,cpu       ] GC(15) User=0.03s Sys=0.00s Real=0.07s
[2020-03-27T05:05:42.930+0000][1][safepoint    ] Safepoint "GenCollectForAllocation", Time since last: 14495800 ns, Reaching safepoint: 92400 ns, At safepoint: 67446699 ns, Total: 67539099 ns
[2020-03-27T05:05:42.942+0000][1][safepoint    ] Safepoint "RevokeBias", Time since last: 7032300 ns, Reaching safepoint: 5672900 ns, At safepoint: 23300 ns, Total: 5696200 ns
[2020-03-27T05:05:42.944+0000][1][safepoint    ] Safepoint "RevokeBias", Time since last: 1930000 ns, Reaching safepoint: 90300 ns, At safepoint: 16500 ns, Total: 106800 ns
[2020-03-27T05:05:42.945+0000][1][safepoint    ] Safepoint "RevokeBias", Time since last: 725999 ns, Reaching safepoint: 91600 ns, At safepoint: 12400 ns, Total: 104000 ns
[2020-03-27T05:05:42.946+0000][1][safepoint    ] Safepoint "RevokeBias", Time since last: 318100 ns, Reaching safepoint: 26400 ns, At safepoint: 12500 ns, Total: 38900 ns
[2020-03-27T05:05:42.946+0000][1][safepoint    ] Safepoint "RevokeBias", Time since last: 192600 ns, Reaching safepoint: 78600 ns, At safepoint: 10500 ns, Total: 89100 ns
[2020-03-27T05:05:42.946+0000][1][safepoint    ] Safepoint "RevokeBias", Time since last: 330300 ns, Reaching safepoint: 9100 ns, At safepoint: 6400 ns, Total: 15500 ns
[2020-03-27T05:05:42.947+0000][1][safepoint    ] Safepoint "RevokeBias", Time since last: 287300 ns, Reaching safepoint: 198700 ns, At safepoint: 12800 ns, Total: 211500 ns
[2020-03-27T05:05:42.947+0000][1][safepoint    ] Safepoint "RevokeBias", Time since last: 285600 ns, Reaching safepoint: 23700 ns, At safepoint: 21100 ns, Total: 44800 ns
[2020-03-27T05:05:42.951+0000][1][safepoint    ] Safepoint "RevokeBias", Time since last: 888300 ns, Reaching safepoint: 2540000 ns, At safepoint: 17200 ns, Total: 2557200 ns
[2020-03-27T05:05:42.955+0000][1][safepoint    ] Safepoint "RevokeBias", Time since last: 3152100 ns, Reaching safepoint: 827700 ns, At safepoint: 14000 ns, Total: 841700 ns
[2020-03-27T05:05:42.957+0000][1][safepoint    ] Safepoint "RevokeBias", Time since last: 2303700 ns, Reaching safepoint: 18900 ns, At safepoint: 12100 ns, Total: 31000 ns
[2020-03-27T05:05:42.959+0000][1][safepoint    ] Safepoint "RevokeBias", Time since last: 1686100 ns, Reaching safepoint: 20500 ns, At safepoint: 11100 ns, Total: 31600 ns
[2020-03-27T05:05:42.959+0000][1][safepoint    ] Safepoint "RevokeBias", Time since last: 359400 ns, Reaching safepoint: 16000 ns, At safepoint: 10000 ns, Total: 26000 ns
[2020-03-27T05:05:42.960+0000][1][safepoint    ] Safepoint "RevokeBias", Time since last: 610100 ns, Reaching safepoint: 13800 ns, At safepoint: 9500 ns, Total: 23300 ns
[2020-03-27T05:05:42.961+0000][1][safepoint    ] Safepoint "RevokeBias", Time since last: 903600 ns, Reaching safepoint: 14100 ns, At safepoint: 10500 ns, Total: 24600 ns
[2020-03-27T05:05:42.961+0000][1][safepoint    ] Safepoint "RevokeBias", Time since last: 484100 ns, Reaching safepoint: 12700 ns, At safepoint: 9100 ns, Total: 21800 ns
[2020-03-27T05:05:42.988+0000][1][safepoint    ] Safepoint "RevokeBias", Time since last: 26603500 ns, Reaching safepoint: 24100 ns, At safepoint: 16000 ns, Total: 40100 ns
[2020-03-27T05:05:42.990+0000][1][safepoint    ] Safepoint "RevokeBias", Time since last: 2276500 ns, Reaching safepoint: 110200 ns, At safepoint: 11300 ns, Total: 121500 ns
[2020-03-27T05:05:43.002+0000][1][safepoint    ] Safepoint "RevokeBias", Time since last: 11855900 ns, Reaching safepoint: 28300 ns, At safepoint: 10800 ns, Total: 39100 ns
[2020-03-27T05:05:43.005+0000][1][safepoint    ] Safepoint "RevokeBias", Time since last: 2864199 ns, Reaching safepoint: 21300 ns, At safepoint: 13600 ns, Total: 34900 ns
[2020-03-27T05:05:43.017+0000][1][safepoint    ] Safepoint "RevokeBias", Time since last: 11861200 ns, Reaching safepoint: 28400 ns, At safepoint: 17300 ns, Total: 45700 ns
[2020-03-27T05:05:43.034+0000][1][safepoint    ] Safepoint "RevokeBias", Time since last: 16986200 ns, Reaching safepoint: 22900 ns, At safepoint: 11400 ns, Total: 34300 ns
[2020-03-27T05:05:43.035+0000][1][safepoint    ] Safepoint "RevokeBias", Time since last: 715900 ns, Reaching safepoint: 16200 ns, At safepoint: 9900 ns, Total: 26100 ns
[2020-03-27T05:05:43.035+0000][1][safepoint    ] Safepoint "RevokeBias", Time since last: 435600 ns, Reaching safepoint: 11100 ns, At safepoint: 8400 ns, Total: 19500 ns
[2020-03-27T05:05:43.036+0000][1][safepoint    ] Safepoint "RevokeBias", Time since last: 392700 ns, Reaching safepoint: 120100 ns, At safepoint: 9300 ns, Total: 129400 ns
[2020-03-27T05:05:43.036+0000][1][safepoint    ] Safepoint "RevokeBias", Time since last: 433700 ns, Reaching safepoint: 11200 ns, At safepoint: 7900 ns, Total: 19100 ns
[2020-03-27T05:05:43.036+0000][1][safepoint    ] Safepoint "RevokeBias", Time since last: 387400 ns, Reaching safepoint: 24700 ns, At safepoint: 9000 ns, Total: 33700 ns
[2020-03-27T05:05:43.038+0000][1][safepoint    ] Safepoint "RevokeBias", Time since last: 1163600 ns, Reaching safepoint: 12700 ns, At safepoint: 11600 ns, Total: 24300 ns
[2020-03-27T05:05:43.038+0000][1][safepoint    ] Safepoint "RevokeBias", Time since last: 530600 ns, Reaching safepoint: 23300 ns, At safepoint: 10400 ns, Total: 33700 ns
[2020-03-27T05:05:43.039+0000][1][safepoint    ] Safepoint "RevokeBias", Time since last: 407800 ns, Reaching safepoint: 11400 ns, At safepoint: 8700 ns, Total: 20100 ns
[2020-03-27T05:05:43.039+0000][1][safepoint    ] Safepoint "RevokeBias", Time since last: 428400 ns, Reaching safepoint: 12200 ns, At safepoint: 9300 ns, Total: 21500 ns
[2020-03-27T05:05:43.046+0000][1][safepoint    ] Safepoint "RevokeBias", Time since last: 6954800 ns, Reaching safepoint: 81300 ns, At safepoint: 16000 ns, Total: 97300 ns
[2020-03-27T05:05:43.072+0000][1][safepoint    ] Safepoint "RevokeBias", Time since last: 25847599 ns, Reaching safepoint: 96500 ns, At safepoint: 10100 ns, Total: 106600 ns
[2020-03-27T05:05:43.080+0000][1][safepoint    ] Safepoint "RevokeBias", Time since last: 7478500 ns, Reaching safepoint: 97500 ns, At safepoint: 13000 ns, Total: 110500 ns
[2020-03-27T05:05:43.083+0000][1][safepoint    ] Safepoint "RevokeBias", Time since last: 3167400 ns, Reaching safepoint: 108400 ns, At safepoint: 10900 ns, Total: 119300 ns
[2020-03-27T05:05:43.092+0000][1][safepoint    ] Safepoint "RevokeBias", Time since last: 9486300 ns, Reaching safepoint: 26800 ns, At safepoint: 13400 ns, Total: 40200 ns
[2020-03-27T05:05:43.109+0000][1][safepoint    ] Safepoint "RevokeBias", Time since last: 10754100 ns, Reaching safepoint: 6155700 ns, At safepoint: 58800 ns, Total: 6214500 ns
[2020-03-27T05:05:43.117+0000][1][safepoint    ] Safepoint "RevokeBias", Time since last: 5457300 ns, Reaching safepoint: 1689500 ns, At safepoint: 18500 ns, Total: 1708000 ns
[2020-03-27T05:05:43.120+0000][1][safepoint    ] Safepoint "RevokeBias", Time since last: 1328800 ns, Reaching safepoint: 1654999 ns, At safepoint: 25300 ns, Total: 1680299 ns
[2020-03-27T05:05:43.127+0000][1][safepoint    ] Safepoint "RevokeBias", Time since last: 7454700 ns, Reaching safepoint: 111000 ns, At safepoint: 29700 ns, Total: 140700 ns
[2020-03-27T05:05:43.128+0000][1][safepoint    ] Safepoint "RevokeBias", Time since last: 538700 ns, Reaching safepoint: 49500 ns, At safepoint: 25900 ns, Total: 75400 ns
[2020-03-27T05:05:43.128+0000][1][safepoint    ] Safepoint "RevokeBias", Time since last: 348300 ns, Reaching safepoint: 13900 ns, At safepoint: 14800 ns, Total: 28700 ns
[2020-03-27T05:05:43.129+0000][1][safepoint    ] Safepoint "RevokeBias", Time since last: 244800 ns, Reaching safepoint: 96400 ns, At safepoint: 11900 ns, Total: 108300 ns
[2020-03-27T05:05:43.154+0000][1][safepoint    ] Safepoint "RevokeBias", Time since last: 25543800 ns, Reaching safepoint: 32600 ns, At safepoint: 16700 ns, Total: 49300 ns
[2020-03-27T05:05:43.164+0000][1][safepoint    ] Safepoint "RevokeBias", Time since last: 9414900 ns, Reaching safepoint: 57400 ns, At safepoint: 15000 ns, Total: 72400 ns
[2020-03-27T05:05:43.172+0000][1][safepoint    ] Safepoint "RevokeBias", Time since last: 8458800 ns, Reaching safepoint: 95000 ns, At safepoint: 12000 ns, Total: 107000 ns
[2020-03-27T05:05:43.173+0000][1][safepoint    ] Safepoint "RevokeBias", Time since last: 872100 ns, Reaching safepoint: 74500 ns, At safepoint: 8000 ns, Total: 82500 ns
[2020-03-27T05:05:43.174+0000][1][safepoint    ] Safepoint "RevokeBias", Time since last: 320700 ns, Reaching safepoint: 103600 ns, At safepoint: 11600 ns, Total: 115200 ns
[2020-03-27T05:05:43.196+0000][1][safepoint    ] Safepoint "RevokeBias", Time since last: 18600199 ns, Reaching safepoint: 3378000 ns, At safepoint: 20200 ns, Total: 3398200 ns
[2020-03-27T05:05:43.251+0000][1][safepoint    ] Safepoint "RevokeBias", Time since last: 54978399 ns, Reaching safepoint: 164900 ns, At safepoint: 35500 ns, Total: 200400 ns
[2020-03-27T05:05:43.269+0000][1][safepoint    ] Safepoint "RevokeBias", Time since last: 18215300 ns, Reaching safepoint: 272100 ns, At safepoint: 29500 ns, Total: 301600 ns
[2020-03-27T05:05:43.312+0000][1][safepoint    ] Safepoint "RevokeBias", Time since last: 41582399 ns, Reaching safepoint: 784900 ns, At safepoint: 16300 ns, Total: 801200 ns
[2020-03-27T05:05:43.312+0000][1][safepoint    ] Safepoint "RevokeBias", Time since last: 659300 ns, Reaching safepoint: 63500 ns, At safepoint: 9100 ns, Total: 72600 ns
[2020-03-27T05:05:43.313+0000][1][safepoint    ] Safepoint "RevokeBias", Time since last: 420900 ns, Reaching safepoint: 36900 ns, At safepoint: 8000 ns, Total: 44900 ns
[2020-03-27T05:05:43.315+0000][1][safepoint    ] Safepoint "RevokeBias", Time since last: 2494100 ns, Reaching safepoint: 73400 ns, At safepoint: 9100 ns, Total: 82500 ns
[2020-03-27T05:05:43.325+0000][1][safepoint    ] Safepoint "RevokeBias", Time since last: 6917800 ns, Reaching safepoint: 3042300 ns, At safepoint: 18300 ns, Total: 3060600 ns
[2020-03-27T05:05:43.331+0000][1][safepoint    ] Safepoint "RevokeBias", Time since last: 2526100 ns, Reaching safepoint: 2663600 ns, At safepoint: 37800 ns, Total: 2701400 ns
[2020-03-27T05:05:43.335+0000][1][safepoint    ] Safepoint "RevokeBias", Time since last: 580200 ns, Reaching safepoint: 3382800 ns, At safepoint: 20000 ns, Total: 3402800 ns
[2020-03-27T05:05:43.351+0000][1][safepoint    ] Safepoint "RevokeBias", Time since last: 16156400 ns, Reaching safepoint: 182100 ns, At safepoint: 27900 ns, Total: 210000 ns
[2020-03-27T05:05:43.353+0000][1][safepoint    ] Safepoint "RevokeBias", Time since last: 1885799 ns, Reaching safepoint: 108000 ns, At safepoint: 13200 ns, Total: 121200 ns
[2020-03-27T05:05:43.354+0000][1][safepoint    ] Safepoint "RevokeBias", Time since last: 512900 ns, Reaching safepoint: 123400 ns, At safepoint: 50600 ns, Total: 174000 ns
[2020-03-27T05:05:43.354+0000][1][safepoint    ] Safepoint "RevokeBias", Time since last: 387300 ns, Reaching safepoint: 131800 ns, At safepoint: 25300 ns, Total: 157100 ns
[2020-03-27T05:05:43.387+0000][1][safepoint    ] Safepoint "RevokeBias", Time since last: 24310900 ns, Reaching safepoint: 8045600 ns, At safepoint: 197400 ns, Total: 8243000 ns
[2020-03-27T05:05:43.390+0000][1][safepoint    ] Safepoint "RevokeBias", Time since last: 3470600 ns, Reaching safepoint: 151100 ns, At safepoint: 25700 ns, Total: 176800 ns
[2020-03-27T05:05:43.399+0000][1][safepoint    ] Safepoint "RevokeBias", Time since last: 4405800 ns, Reaching safepoint: 3848900 ns, At safepoint: 155100 ns, Total: 4004000 ns
[2020-03-27T05:05:43.409+0000][1][safepoint    ] Safepoint "RevokeBias", Time since last: 9720700 ns, Reaching safepoint: 205800 ns, At safepoint: 114900 ns, Total: 320700 ns
[2020-03-27T05:05:43.416+0000][1][safepoint    ] Safepoint "RevokeBias", Time since last: 4090199 ns, Reaching safepoint: 2115600 ns, At safepoint: 462600 ns, Total: 2578200 ns
[2020-03-27T05:05:43.420+0000][1][safepoint    ] Safepoint "RevokeBias", Time since last: 1155700 ns, Reaching safepoint: 2955300 ns, At safepoint: 567000 ns, Total: 3522300 ns
[2020-03-27T05:05:43.445+0000][1][safepoint    ] Safepoint "RevokeBias", Time since last: 24311400 ns, Reaching safepoint: 460500 ns, At safepoint: 16200 ns, Total: 476700 ns
[2020-03-27T05:05:43.448+0000][1][safepoint    ] Safepoint "RevokeBias", Time since last: 2768800 ns, Reaching safepoint: 41900 ns, At safepoint: 122600 ns, Total: 164500 ns
[2020-03-27T05:05:43.448+0000][1][safepoint    ] Safepoint "RevokeBias", Time since last: 461100 ns, Reaching safepoint: 29000 ns, At safepoint: 22200 ns, Total: 51200 ns
[2020-03-27T05:05:43.483+0000][1][safepoint    ] Safepoint "RevokeBias", Time since last: 34195399 ns, Reaching safepoint: 106700 ns, At safepoint: 9800 ns, Total: 116500 ns
[2020-03-27T05:05:43.507+0000][1][safepoint    ] Safepoint "RevokeBias", Time since last: 16039800 ns, Reaching safepoint: 8467300 ns, At safepoint: 15400 ns, Total: 8482700 ns
[2020-03-27T05:05:43.526+0000][1][safepoint    ] Safepoint "RevokeBias", Time since last: 16932300 ns, Reaching safepoint: 311400 ns, At safepoint: 1213600 ns, Total: 1525000 ns
[2020-03-27T05:05:43.555+0000][1][safepoint    ] Safepoint "RevokeBias", Time since last: 28850099 ns, Reaching safepoint: 42800 ns, At safepoint: 5100 ns, Total: 47900 ns
[2020-03-27T05:05:43.582+0000][1][safepoint    ] Safepoint "RevokeBias", Time since last: 26718000 ns, Reaching safepoint: 710700 ns, At safepoint: 19100 ns, Total: 729800 ns
[2020-03-27T05:05:43.583+0000][1][safepoint    ] Safepoint "RevokeBias", Time since last: 656600 ns, Reaching safepoint: 361000 ns, At safepoint: 19300 ns, Total: 380300 ns
[2020-03-27T05:05:43.586+0000][1][safepoint    ] Safepoint "RevokeBias", Time since last: 2850499 ns, Reaching safepoint: 239600 ns, At safepoint: 43500 ns, Total: 283100 ns
[2020-03-27T05:05:43.610+0000][1][safepoint    ] Safepoint "RevokeBias", Time since last: 23122400 ns, Reaching safepoint: 167400 ns, At safepoint: 23800 ns, Total: 191200 ns
[2020-03-27T05:05:43.614+0000][1][safepoint    ] Safepoint "RevokeBias", Time since last: 4394000 ns, Reaching safepoint: 200600 ns, At safepoint: 39600 ns, Total: 240200 ns
[2020-03-27T05:05:43.615+0000][1][safepoint    ] Safepoint "RevokeBias", Time since last: 502600 ns, Reaching safepoint: 404100 ns, At safepoint: 15700 ns, Total: 419800 ns
[2020-03-27T05:05:43.620+0000][1][safepoint    ] Safepoint "RevokeBias", Time since last: 4620200 ns, Reaching safepoint: 166100 ns, At safepoint: 36900 ns, Total: 203000 ns
[2020-03-27T05:05:43.633+0000][1][safepoint    ] Safepoint "RevokeBias", Time since last: 13356100 ns, Reaching safepoint: 71500 ns, At safepoint: 8500 ns, Total: 80000 ns
[2020-03-27T05:05:43.637+0000][1][safepoint    ] Safepoint "RevokeBias", Time since last: 3976400 ns, Reaching safepoint: 39500 ns, At safepoint: 7500 ns, Total: 47000 ns
[2020-03-27T05:05:43.645+0000][1][safepoint    ] Safepoint "RevokeBias", Time since last: 7756499 ns, Reaching safepoint: 60000 ns, At safepoint: 6900 ns, Total: 66900 ns
[2020-03-27T05:05:43.646+0000][1][safepoint    ] Safepoint "RevokeBias", Time since last: 686900 ns, Reaching safepoint: 56100 ns, At safepoint: 4700 ns, Total: 60800 ns
[2020-03-27T05:05:43.649+0000][1][safepoint    ] Safepoint "RevokeBias", Time since last: 2753600 ns, Reaching safepoint: 29100 ns, At safepoint: 4900 ns, Total: 34000 ns
[2020-03-27T05:05:43.650+0000][1][safepoint    ] Safepoint "RevokeBias", Time since last: 925800 ns, Reaching safepoint: 93600 ns, At safepoint: 5000 ns, Total: 98600 ns
[2020-03-27T05:05:43.659+0000][1][safepoint    ] Safepoint "RevokeBias", Time since last: 9256500 ns, Reaching safepoint: 42100 ns, At safepoint: 8700 ns, Total: 50800 ns
[2020-03-27T05:05:43.664+0000][1][safepoint    ] Safepoint "RevokeBias", Time since last: 4446300 ns, Reaching safepoint: 40300 ns, At safepoint: 7000 ns, Total: 47300 ns
[2020-03-27T05:05:43.753+0000][1][safepoint    ] Safepoint "Deoptimize", Time since last: 88979599 ns, Reaching safepoint: 44600 ns, At safepoint: 351500 ns, Total: 396100 ns
[2020-03-27T05:05:43.831+0000][1][safepoint    ] Safepoint "RevokeBias", Time since last: 76276698 ns, Reaching safepoint: 2077700 ns, At safepoint: 24500 ns, Total: 2102200 ns
[2020-03-27T05:05:43.832+0000][1][safepoint    ] Safepoint "RevokeBias", Time since last: 640800 ns, Reaching safepoint: 206400 ns, At safepoint: 5100 ns, Total: 211500 ns
[2020-03-27T05:05:43.836+0000][1][safepoint    ] Safepoint "RevokeBias", Time since last: 3556000 ns, Reaching safepoint: 98300 ns, At safepoint: 5300 ns, Total: 103600 ns
[2020-03-27T05:05:43.836+0000][1][safepoint    ] Safepoint "RevokeBias", Time since last: 534800 ns, Reaching safepoint: 86200 ns, At safepoint: 4300 ns, Total: 90500 ns
[2020-03-27T05:05:43.841+0000][1][safepoint    ] Safepoint "RevokeBias", Time since last: 4015000 ns, Reaching safepoint: 120300 ns, At safepoint: 5700 ns, Total: 126000 ns
[2020-03-27T05:05:43.841+0000][1][safepoint    ] Safepoint "RevokeBias", Time since last: 560600 ns, Reaching safepoint: 129200 ns, At safepoint: 5500 ns, Total: 134700 ns
[2020-03-27T05:05:43.842+0000][1][safepoint    ] Safepoint "RevokeBias", Time since last: 451700 ns, Reaching safepoint: 53800 ns, At safepoint: 4700 ns, Total: 58500 ns
[2020-03-27T05:05:43.842+0000][1][safepoint    ] Safepoint "RevokeBias", Time since last: 539600 ns, Reaching safepoint: 65500 ns, At safepoint: 4900 ns, Total: 70400 ns
[2020-03-27T05:05:43.858+0000][1][safepoint    ] Safepoint "RevokeBias", Time since last: 15365500 ns, Reaching safepoint: 104700 ns, At safepoint: 5300 ns, Total: 110000 ns
[2020-03-27T05:05:43.861+0000][1][safepoint    ] Safepoint "RevokeBias", Time since last: 2643900 ns, Reaching safepoint: 61600 ns, At safepoint: 4900 ns, Total: 66500 ns
[2020-03-27T05:05:43.861+0000][1][safepoint    ] Safepoint "RevokeBias", Time since last: 424200 ns, Reaching safepoint: 129100 ns, At safepoint: 4800 ns, Total: 133900 ns
[2020-03-27T05:05:43.862+0000][1][safepoint    ] Safepoint "RevokeBias", Time since last: 293900 ns, Reaching safepoint: 60400 ns, At safepoint: 4000 ns, Total: 64400 ns
[2020-03-27T05:05:43.862+0000][1][safepoint    ] Safepoint "RevokeBias", Time since last: 366100 ns, Reaching safepoint: 60700 ns, At safepoint: 4500 ns, Total: 65200 ns
[2020-03-27T05:05:43.886+0000][1][safepoint    ] Safepoint "RevokeBias", Time since last: 21104599 ns, Reaching safepoint: 3346200 ns, At safepoint: 14800 ns, Total: 3361000 ns
[2020-03-27T05:05:43.893+0000][1][safepoint    ] Safepoint "RevokeBias", Time since last: 6719700 ns, Reaching safepoint: 87200 ns, At safepoint: 6200 ns, Total: 93400 ns
[2020-03-27T05:05:43.894+0000][1][safepoint    ] Safepoint "RevokeBias", Time since last: 338700 ns, Reaching safepoint: 99100 ns, At safepoint: 4900 ns, Total: 104000 ns
[2020-03-27T05:05:43.894+0000][1][safepoint    ] Safepoint "RevokeBias", Time since last: 315800 ns, Reaching safepoint: 91200 ns, At safepoint: 4500 ns, Total: 95700 ns
[2020-03-27T05:05:43.894+0000][1][safepoint    ] Safepoint "RevokeBias", Time since last: 224500 ns, Reaching safepoint: 82700 ns, At safepoint: 3900 ns, Total: 86600 ns
[2020-03-27T05:05:43.895+0000][1][safepoint    ] Safepoint "RevokeBias", Time since last: 290000 ns, Reaching safepoint: 93800 ns, At safepoint: 4100 ns, Total: 97900 ns
[2020-03-27T05:05:43.895+0000][1][safepoint    ] Safepoint "RevokeBias", Time since last: 232900 ns, Reaching safepoint: 44600 ns, At safepoint: 4100 ns, Total: 48700 ns
[2020-03-27T05:05:43.895+0000][1][safepoint    ] Safepoint "RevokeBias", Time since last: 224700 ns, Reaching safepoint: 98200 ns, At safepoint: 4400 ns, Total: 102600 ns
[2020-03-27T05:05:43.896+0000][1][safepoint    ] Safepoint "RevokeBias", Time since last: 233900 ns, Reaching safepoint: 49700 ns, At safepoint: 4400 ns, Total: 54100 ns
[2020-03-27T05:05:43.922+0000][1][safepoint    ] Safepoint "RevokeBias", Time since last: 21823600 ns, Reaching safepoint: 4154900 ns, At safepoint: 10300 ns, Total: 4165200 ns
[2020-03-27T05:05:43.923+0000][1][safepoint    ] Safepoint "RevokeBias", Time since last: 1147600 ns, Reaching safepoint: 113000 ns, At safepoint: 5000 ns, Total: 118000 ns
[2020-03-27T05:05:43.945+0000][1][safepoint    ] Safepoint "RevokeBias", Time since last: 21588099 ns, Reaching safepoint: 583700 ns, At safepoint: 8700 ns, Total: 592400 ns
[2020-03-27T05:05:43.946+0000][1][safepoint    ] Safepoint "RevokeBias", Time since last: 571300 ns, Reaching safepoint: 114100 ns, At safepoint: 5700 ns, Total: 119800 ns
[2020-03-27T05:05:43.946+0000][1][safepoint    ] Safepoint "RevokeBias", Time since last: 301000 ns, Reaching safepoint: 129400 ns, At safepoint: 5400 ns, Total: 134800 ns
[2020-03-27T05:05:43.948+0000][1][safepoint    ] Safepoint "RevokeBias", Time since last: 1289000 ns, Reaching safepoint: 134300 ns, At safepoint: 4800 ns, Total: 139100 ns
[2020-03-27T05:05:43.952+0000][1][safepoint    ] Safepoint "RevokeBias", Time since last: 4097900 ns, Reaching safepoint: 69600 ns, At safepoint: 5800 ns, Total: 75400 ns
[2020-03-27T05:05:43.962+0000][1][safepoint    ] Safepoint "RevokeBias", Time since last: 7913700 ns, Reaching safepoint: 1771700 ns, At safepoint: 6900 ns, Total: 1778600 ns
[2020-03-27T05:05:44.016+0000][1][safepoint    ] Safepoint "RevokeBias", Time since last: 53942699 ns, Reaching safepoint: 130900 ns, At safepoint: 7400 ns, Total: 138300 ns
[2020-03-27T05:05:44.142+0000][1][safepoint    ] Safepoint "RevokeBias", Time since last: 126391298 ns, Reaching safepoint: 75200 ns, At safepoint: 11700 ns, Total: 86900 ns
[2020-03-27T05:05:44.260+0000][1][safepoint    ] Safepoint "RevokeBias", Time since last: 117767398 ns, Reaching safepoint: 38700 ns, At safepoint: 5800 ns, Total: 44500 ns
[2020-03-27T05:05:44.260+0000][1][safepoint    ] Safepoint "RevokeBias", Time since last: 467400 ns, Reaching safepoint: 23500 ns, At safepoint: 4400 ns, Total: 27900 ns
[2020-03-27T05:05:44.318+0000][1][safepoint    ] Safepoint "RevokeBias", Time since last: 57035399 ns, Reaching safepoint: 62400 ns, At safepoint: 5100 ns, Total: 67500 ns
[2020-03-27T05:05:44.321+0000][1][safepoint    ] Safepoint "BulkRevokeBias", Time since last: 3387300 ns, Reaching safepoint: 47500 ns, At safepoint: 247700 ns, Total: 295200 ns
[2020-03-27T05:05:44.323+0000][1][safepoint    ] Safepoint "RevokeBias", Time since last: 1652200 ns, Reaching safepoint: 52800 ns, At safepoint: 6800 ns, Total: 59600 ns
[2020-03-27T05:05:44.356+0000][1][safepoint    ] Safepoint "RevokeBias", Time since last: 33412299 ns, Reaching safepoint: 38400 ns, At safepoint: 6300 ns, Total: 44700 ns
[2020-03-27T05:05:44.358+0000][1][safepoint    ] Safepoint "RevokeBias", Time since last: 1242800 ns, Reaching safepoint: 59500 ns, At safepoint: 5600 ns, Total: 65100 ns
[2020-03-27T05:05:44.379+0000][1][safepoint    ] Safepoint "RevokeBias", Time since last: 19697900 ns, Reaching safepoint: 1203000 ns, At safepoint: 19800 ns, Total: 1222800 ns
[2020-03-27T05:05:44.432+0000][1][safepoint    ] Safepoint "BulkRevokeBias", Time since last: 52556999 ns, Reaching safepoint: 194400 ns, At safepoint: 262500 ns, Total: 456900 ns
[2020-03-27T05:05:44.505+0000][1][safepoint    ] Safepoint "RevokeBias", Time since last: 72776999 ns, Reaching safepoint: 101800 ns, At safepoint: 22100 ns, Total: 123900 ns
[2020-03-27T05:05:44.505+0000][1][safepoint    ] Safepoint "RevokeBias", Time since last: 621400 ns, Reaching safepoint: 79400 ns, At safepoint: 4100 ns, Total: 83500 ns
[2020-03-27T05:05:44.600+0000][1][safepoint    ] Safepoint "RevokeBias", Time since last: 95045098 ns, Reaching safepoint: 112200 ns, At safepoint: 11100 ns, Total: 123300 ns
[2020-03-27T05:05:44.672+0000][1][safepoint    ] Safepoint "RevokeBias", Time since last: 71365899 ns, Reaching safepoint: 38100 ns, At safepoint: 12400 ns, Total: 50500 ns
[2020-03-27T05:05:44.673+0000][1][safepoint    ] Safepoint "RevokeBias", Time since last: 879400 ns, Reaching safepoint: 33500 ns, At safepoint: 22500 ns, Total: 56000 ns
[2020-03-27T05:05:44.674+0000][1][safepoint    ] Safepoint "RevokeBias", Time since last: 862600 ns, Reaching safepoint: 26400 ns, At safepoint: 21100 ns, Total: 47500 ns
[2020-03-27T05:05:44.690+0000][1][safepoint    ] Safepoint "RevokeBias", Time since last: 16223799 ns, Reaching safepoint: 192300 ns, At safepoint: 13700 ns, Total: 206000 ns
[2020-03-27T05:05:44.708+0000][1][safepoint    ] Safepoint "RevokeBias", Time since last: 18121500 ns, Reaching safepoint: 132000 ns, At safepoint: 65500 ns, Total: 197500 ns
[2020-03-27T05:05:44.718+0000][1][safepoint    ] Safepoint "RevokeBias", Time since last: 1929000 ns, Reaching safepoint: 7920100 ns, At safepoint: 43300 ns, Total: 7963400 ns
[2020-03-27T05:05:44.719+0000][1][safepoint    ] Safepoint "RevokeBias", Time since last: 698000 ns, Reaching safepoint: 105700 ns, At safepoint: 14100 ns, Total: 119800 ns
[2020-03-27T05:05:44.759+0000][1][safepoint    ] Safepoint "RevokeBias", Time since last: 39505399 ns, Reaching safepoint: 342000 ns, At safepoint: 42800 ns, Total: 384800 ns
[2020-03-27T05:05:44.760+0000][1][safepoint    ] Safepoint "RevokeBias", Time since last: 293000 ns, Reaching safepoint: 540300 ns, At safepoint: 56800 ns, Total: 597100 ns
[2020-03-27T05:05:44.800+0000][1][safepoint    ] Safepoint "Deoptimize", Time since last: 39246000 ns, Reaching safepoint: 485600 ns, At safepoint: 398300 ns, Total: 883900 ns
[2020-03-27T05:05:44.803+0000][1][safepoint    ] Safepoint "RevokeBias", Time since last: 2366600 ns, Reaching safepoint: 169600 ns, At safepoint: 29000 ns, Total: 198600 ns
[2020-03-27T05:05:44.803+0000][1][safepoint    ] Safepoint "RevokeBias", Time since last: 322500 ns, Reaching safepoint: 317200 ns, At safepoint: 26000 ns, Total: 343200 ns
[2020-03-27T05:05:44.824+0000][1][safepoint    ] Safepoint "RevokeBias", Time since last: 20838399 ns, Reaching safepoint: 42500 ns, At safepoint: 9900 ns, Total: 52400 ns
[2020-03-27T05:05:44.825+0000][1][safepoint    ] Safepoint "RevokeBias", Time since last: 498800 ns, Reaching safepoint: 32800 ns, At safepoint: 11400 ns, Total: 44200 ns
[2020-03-27T05:05:44.863+0000][1][gc,start     ] GC(16) Pause Young (Allocation Failure)
[2020-03-27T05:05:44.864+0000][1][gc,task      ] GC(16) Using 2 workers of 2 for evacuation
[2020-03-27T05:05:44.886+0000][1][gc,age       ] GC(16) Desired survivor size 8716288 bytes, new threshold 2 (max threshold 6)
[2020-03-27T05:05:44.886+0000][1][gc,age       ] GC(16) Age table with threshold 2 (max threshold 6)
[2020-03-27T05:05:44.887+0000][1][gc,age       ] GC(16) - age   1:    8190312 bytes,    8190312 total
[2020-03-27T05:05:44.887+0000][1][gc,age       ] GC(16) - age   2:    5418144 bytes,   13608456 total
[2020-03-27T05:05:44.890+0000][1][gc,heap      ] GC(16) ParNew: 150574K->15509K(153344K)
[2020-03-27T05:05:44.890+0000][1][gc,heap      ] GC(16) CMS: 54380K->57502K(353920K)
[2020-03-27T05:05:44.891+0000][1][gc,metaspace ] GC(16) Metaspace: 80044K->80044K(1122304K)
[2020-03-27T05:05:44.891+0000][1][gc           ] GC(16) Pause Young (Allocation Failure) 200M->71M(495M) 28.137ms
[2020-03-27T05:05:44.892+0000][1][gc,cpu       ] GC(16) User=0.03s Sys=0.00s Real=0.03s
[2020-03-27T05:05:44.892+0000][1][safepoint    ] Safepoint "GenCollectForAllocation", Time since last: 38184799 ns, Reaching safepoint: 46700 ns, At safepoint: 29312300 ns, Total: 29359000 ns
[2020-03-27T05:05:44.943+0000][1][safepoint    ] Safepoint "Deoptimize", Time since last: 50105199 ns, Reaching safepoint: 46600 ns, At safepoint: 381600 ns, Total: 428200 ns
[2020-03-27T05:05:44.950+0000][1][safepoint    ] Safepoint "RevokeBias", Time since last: 7130100 ns, Reaching safepoint: 52800 ns, At safepoint: 5600 ns, Total: 58400 ns
[2020-03-27T05:05:45.071+0000][1][safepoint    ] Safepoint "RevokeBias", Time since last: 120562398 ns, Reaching safepoint: 132600 ns, At safepoint: 9200 ns, Total: 141800 ns
[2020-03-27T05:05:45.071+0000][1][safepoint    ] Safepoint "RevokeBias", Time since last: 420100 ns, Reaching safepoint: 184000 ns, At safepoint: 83500 ns, Total: 267500 ns
[2020-03-27T05:05:45.076+0000][1][safepoint    ] Safepoint "RevokeBias", Time since last: 4330200 ns, Reaching safepoint: 94900 ns, At safepoint: 6900 ns, Total: 101800 ns
[2020-03-27T05:05:45.077+0000][1][safepoint    ] Safepoint "RevokeBias", Time since last: 1047200 ns, Reaching safepoint: 109700 ns, At safepoint: 6900 ns, Total: 116600 ns
[2020-03-27T05:05:45.099+0000][1][safepoint    ] Safepoint "RevokeBias", Time since last: 21460199 ns, Reaching safepoint: 212800 ns, At safepoint: 17600 ns, Total: 230400 ns
[2020-03-27T05:05:45.101+0000][1][safepoint    ] Safepoint "RevokeBias", Time since last: 1685500 ns, Reaching safepoint: 948500 ns, At safepoint: 12400 ns, Total: 960900 ns
[2020-03-27T05:05:45.182+0000][1][safepoint    ] Safepoint "RevokeBias", Time since last: 80559199 ns, Reaching safepoint: 121400 ns, At safepoint: 34600 ns, Total: 156000 ns
[2020-03-27T05:05:45.192+0000][1][safepoint    ] Safepoint "RevokeBias", Time since last: 9894600 ns, Reaching safepoint: 141000 ns, At safepoint: 11700 ns, Total: 152700 ns
[2020-03-27T05:05:45.206+0000][1][safepoint    ] Safepoint "RevokeBias", Time since last: 13453800 ns, Reaching safepoint: 178900 ns, At safepoint: 129900 ns, Total: 308800 ns
[2020-03-27T05:05:45.316+0000][1][safepoint    ] Safepoint "RevokeBias", Time since last: 110011798 ns, Reaching safepoint: 50000 ns, At safepoint: 22700 ns, Total: 72700 ns
[2020-03-27T05:05:45.316+0000][1][safepoint    ] Safepoint "RevokeBias", Time since last: 370100 ns, Reaching safepoint: 23600 ns, At safepoint: 14500 ns, Total: 38100 ns
[2020-03-27T05:05:45.346+0000][1][safepoint    ] Safepoint "RevokeBias", Time since last: 29273599 ns, Reaching safepoint: 38700 ns, At safepoint: 12700 ns, Total: 51400 ns
[2020-03-27T05:05:45.346+0000][1][safepoint    ] Safepoint "RevokeBias", Time since last: 486600 ns, Reaching safepoint: 22100 ns, At safepoint: 29200 ns, Total: 51300 ns
[2020-03-27T05:05:45.362+0000][1][safepoint    ] Safepoint "RevokeBias", Time since last: 16089000 ns, Reaching safepoint: 40100 ns, At safepoint: 22400 ns, Total: 62500 ns
[2020-03-27T05:05:45.363+0000][1][safepoint    ] Safepoint "RevokeBias", Time since last: 511500 ns, Reaching safepoint: 24600 ns, At safepoint: 10700 ns, Total: 35300 ns
[2020-03-27T05:05:45.377+0000][1][safepoint    ] Safepoint "RevokeBias", Time since last: 14219000 ns, Reaching safepoint: 114900 ns, At safepoint: 14000 ns, Total: 128900 ns
[2020-03-27T05:05:45.378+0000][1][safepoint    ] Safepoint "RevokeBias", Time since last: 616600 ns, Reaching safepoint: 111300 ns, At safepoint: 20000 ns, Total: 131300 ns
[2020-03-27T05:05:45.378+0000][1][safepoint    ] Safepoint "RevokeBias", Time since last: 315500 ns, Reaching safepoint: 19900 ns, At safepoint: 9600 ns, Total: 29500 ns
[2020-03-27T05:05:45.379+0000][1][safepoint    ] Safepoint "RevokeBias", Time since last: 405000 ns, Reaching safepoint: 19000 ns, At safepoint: 17900 ns, Total: 36900 ns
[2020-03-27T05:05:45.379+0000][1][safepoint    ] Safepoint "RevokeBias", Time since last: 422800 ns, Reaching safepoint: 18300 ns, At safepoint: 6800 ns, Total: 25100 ns
[2020-03-27T05:05:45.474+0000][1][safepoint    ] Safepoint "RevokeBias", Time since last: 93802798 ns, Reaching safepoint: 560200 ns, At safepoint: 11200 ns, Total: 571400 ns
[2020-03-27T05:05:45.480+0000][1][safepoint    ] Safepoint "RevokeBias", Time since last: 5886600 ns, Reaching safepoint: 171100 ns, At safepoint: 107000 ns, Total: 278100 ns
[2020-03-27T05:05:45.480+0000][1][safepoint    ] Safepoint "RevokeBias", Time since last: 566900 ns, Reaching safepoint: 82000 ns, At safepoint: 52300 ns, Total: 134300 ns
[2020-03-27T05:05:45.481+0000][1][safepoint    ] Safepoint "RevokeBias", Time since last: 296900 ns, Reaching safepoint: 329200 ns, At safepoint: 85600 ns, Total: 414800 ns
[2020-03-27T05:05:45.482+0000][1][safepoint    ] Safepoint "RevokeBias", Time since last: 222800 ns, Reaching safepoint: 352500 ns, At safepoint: 67800 ns, Total: 420300 ns
[2020-03-27T05:05:45.483+0000][1][safepoint    ] Safepoint "RevokeBias", Time since last: 691000 ns, Reaching safepoint: 627700 ns, At safepoint: 111600 ns, Total: 739300 ns
[2020-03-27T05:05:45.485+0000][1][safepoint    ] Safepoint "RevokeBias", Time since last: 1164100 ns, Reaching safepoint: 155900 ns, At safepoint: 386500 ns, Total: 542400 ns
[2020-03-27T05:05:45.485+0000][1][safepoint    ] Safepoint "RevokeBias", Time since last: 331600 ns, Reaching safepoint: 125000 ns, At safepoint: 51200 ns, Total: 176200 ns
[2020-03-27T05:05:45.486+0000][1][safepoint    ] Safepoint "RevokeBias", Time since last: 463700 ns, Reaching safepoint: 169900 ns, At safepoint: 52200 ns, Total: 222100 ns
[2020-03-27T05:05:45.487+0000][1][safepoint    ] Safepoint "RevokeBias", Time since last: 288400 ns, Reaching safepoint: 126900 ns, At safepoint: 56400 ns, Total: 183300 ns
[2020-03-27T05:05:45.525+0000][1][safepoint    ] Safepoint "RevokeBias", Time since last: 38579899 ns, Reaching safepoint: 249100 ns, At safepoint: 16300 ns, Total: 265400 ns
[2020-03-27T05:05:45.526+0000][1][safepoint    ] Safepoint "RevokeBias", Time since last: 804200 ns, Reaching safepoint: 41700 ns, At safepoint: 10500 ns, Total: 52200 ns
[2020-03-27T05:05:45.527+0000][1][safepoint    ] Safepoint "RevokeBias", Time since last: 393600 ns, Reaching safepoint: 35300 ns, At safepoint: 23900 ns, Total: 59200 ns
[2020-03-27T05:05:45.527+0000][1][safepoint    ] Safepoint "RevokeBias", Time since last: 428800 ns, Reaching safepoint: 37900 ns, At safepoint: 17500 ns, Total: 55400 ns
[2020-03-27T05:05:45.528+0000][1][safepoint    ] Safepoint "RevokeBias", Time since last: 370000 ns, Reaching safepoint: 19200 ns, At safepoint: 10200 ns, Total: 29400 ns
[2020-03-27T05:05:45.528+0000][1][safepoint    ] Safepoint "RevokeBias", Time since last: 466800 ns, Reaching safepoint: 38800 ns, At safepoint: 19200 ns, Total: 58000 ns
[2020-03-27T05:05:45.541+0000][1][safepoint    ] Safepoint "RevokeBias", Time since last: 12463500 ns, Reaching safepoint: 112800 ns, At safepoint: 23100 ns, Total: 135900 ns
[2020-03-27T05:05:45.541+0000][1][safepoint    ] Safepoint "RevokeBias", Time since last: 383400 ns, Reaching safepoint: 21800 ns, At safepoint: 8600 ns, Total: 30400 ns
[2020-03-27T05:05:45.542+0000][1][safepoint    ] Safepoint "RevokeBias", Time since last: 393200 ns, Reaching safepoint: 18900 ns, At safepoint: 8400 ns, Total: 27300 ns
[2020-03-27T05:05:45.542+0000][1][safepoint    ] Safepoint "RevokeBias", Time since last: 422000 ns, Reaching safepoint: 17500 ns, At safepoint: 17200 ns, Total: 34700 ns
[2020-03-27T05:05:45.640+0000][1][safepoint    ] Safepoint "RevokeBias", Time since last: 97718098 ns, Reaching safepoint: 191300 ns, At safepoint: 21600 ns, Total: 212900 ns
[2020-03-27T05:05:45.676+0000][1][safepoint    ] Safepoint "RevokeBias", Time since last: 35342800 ns, Reaching safepoint: 131900 ns, At safepoint: 430099 ns, Total: 561999 ns
[2020-03-27T05:05:45.703+0000][1][safepoint    ] Safepoint "RevokeBias", Time since last: 27217000 ns, Reaching safepoint: 96200 ns, At safepoint: 12100 ns, Total: 108300 ns
[2020-03-27T05:05:45.707+0000][1][safepoint    ] Safepoint "RevokeBias", Time since last: 3952500 ns, Reaching safepoint: 51000 ns, At safepoint: 28500 ns, Total: 79500 ns
[2020-03-27T05:05:45.708+0000][1][safepoint    ] Safepoint "RevokeBias", Time since last: 428100 ns, Reaching safepoint: 25200 ns, At safepoint: 32400 ns, Total: 57600 ns
[2020-03-27T05:05:45.742+0000][1][safepoint    ] Safepoint "RevokeBias", Time since last: 33296701 ns, Reaching safepoint: 379100 ns, At safepoint: 166000 ns, Total: 545100 ns
[2020-03-27T05:05:45.742+0000][1][safepoint    ] Safepoint "RevokeBias", Time since last: 624200 ns, Reaching safepoint: 102000 ns, At safepoint: 25500 ns, Total: 127500 ns
[2020-03-27T05:05:45.770+0000][1][safepoint    ] Safepoint "RevokeBias", Time since last: 27291400 ns, Reaching safepoint: 150800 ns, At safepoint: 65900 ns, Total: 216700 ns
[2020-03-27T05:05:45.771+0000][1][safepoint    ] Safepoint "RevokeBias", Time since last: 977300 ns, Reaching safepoint: 153300 ns, At safepoint: 49000 ns, Total: 202300 ns
[2020-03-27T05:05:45.904+0000][1][safepoint    ] Safepoint "RevokeBias", Time since last: 133131502 ns, Reaching safepoint: 339400 ns, At safepoint: 14200 ns, Total: 353600 ns
[2020-03-27T05:05:45.919+0000][1][safepoint    ] Safepoint "RevokeBias", Time since last: 13975800 ns, Reaching safepoint: 118300 ns, At safepoint: 24400 ns, Total: 142700 ns
[2020-03-27T05:05:45.920+0000][1][safepoint    ] Safepoint "RevokeBias", Time since last: 1422000 ns, Reaching safepoint: 53300 ns, At safepoint: 19000 ns, Total: 72300 ns
[2020-03-27T05:05:45.923+0000][1][safepoint    ] Safepoint "RevokeBias", Time since last: 2635400 ns, Reaching safepoint: 105000 ns, At safepoint: 21300 ns, Total: 126300 ns
[2020-03-27T05:05:45.924+0000][1][safepoint    ] Safepoint "RevokeBias", Time since last: 633400 ns, Reaching safepoint: 112500 ns, At safepoint: 14400 ns, Total: 126900 ns
[2020-03-27T05:05:45.924+0000][1][safepoint    ] Safepoint "RevokeBias", Time since last: 605800 ns, Reaching safepoint: 130200 ns, At safepoint: 10500 ns, Total: 140700 ns
[2020-03-27T05:05:45.925+0000][1][safepoint    ] Safepoint "RevokeBias", Time since last: 452100 ns, Reaching safepoint: 103300 ns, At safepoint: 17600 ns, Total: 120900 ns
[2020-03-27T05:05:45.928+0000][1][safepoint    ] Safepoint "RevokeBias", Time since last: 2491600 ns, Reaching safepoint: 110900 ns, At safepoint: 20300 ns, Total: 131200 ns
[2020-03-27T05:05:45.929+0000][1][safepoint    ] Safepoint "RevokeBias", Time since last: 1654900 ns, Reaching safepoint: 189900 ns, At safepoint: 16700 ns, Total: 206600 ns
[2020-03-27T05:05:45.930+0000][1][safepoint    ] Safepoint "RevokeBias", Time since last: 944100 ns, Reaching safepoint: 105200 ns, At safepoint: 17000 ns, Total: 122200 ns
[2020-03-27T05:05:45.931+0000][1][safepoint    ] Safepoint "RevokeBias", Time since last: 743500 ns, Reaching safepoint: 84300 ns, At safepoint: 23300 ns, Total: 107600 ns
[2020-03-27T05:05:45.932+0000][1][safepoint    ] Safepoint "RevokeBias", Time since last: 808500 ns, Reaching safepoint: 68400 ns, At safepoint: 44400 ns, Total: 112800 ns
[2020-03-27T05:05:45.933+0000][1][safepoint    ] Safepoint "RevokeBias", Time since last: 770500 ns, Reaching safepoint: 121000 ns, At safepoint: 101900 ns, Total: 222900 ns
[2020-03-27T05:05:45.935+0000][1][safepoint    ] Safepoint "RevokeBias", Time since last: 2000901 ns, Reaching safepoint: 206800 ns, At safepoint: 25900 ns, Total: 232700 ns
[2020-03-27T05:05:45.939+0000][1][safepoint    ] Safepoint "RevokeBias", Time since last: 3531500 ns, Reaching safepoint: 224500 ns, At safepoint: 21200 ns, Total: 245700 ns
[2020-03-27T05:05:45.941+0000][1][safepoint    ] Safepoint "RevokeBias", Time since last: 1989300 ns, Reaching safepoint: 128000 ns, At safepoint: 63700 ns, Total: 191700 ns
[2020-03-27T05:05:45.942+0000][1][safepoint    ] Safepoint "RevokeBias", Time since last: 268800 ns, Reaching safepoint: 22300 ns, At safepoint: 16500 ns, Total: 38800 ns
[2020-03-27T05:05:45.944+0000][1][safepoint    ] Safepoint "RevokeBias", Time since last: 1449000 ns, Reaching safepoint: 252500 ns, At safepoint: 85900 ns, Total: 338400 ns
[2020-03-27T05:05:45.944+0000][1][safepoint    ] Safepoint "RevokeBias", Time since last: 586300 ns, Reaching safepoint: 122100 ns, At safepoint: 46300 ns, Total: 168400 ns
[2020-03-27T05:05:46.001+0000][1][safepoint    ] Safepoint "RevokeBias", Time since last: 56175101 ns, Reaching safepoint: 84900 ns, At safepoint: 10500 ns, Total: 95400 ns
[2020-03-27T05:05:46.001+0000][1][safepoint    ] Safepoint "RevokeBias", Time since last: 747600 ns, Reaching safepoint: 105200 ns, At safepoint: 9700 ns, Total: 114900 ns
[2020-03-27T05:05:46.016+0000][1][safepoint    ] Safepoint "RevokeBias", Time since last: 14589700 ns, Reaching safepoint: 211600 ns, At safepoint: 13300 ns, Total: 224900 ns
[2020-03-27T05:05:46.017+0000][1][safepoint    ] Safepoint "RevokeBias", Time since last: 513400 ns, Reaching safepoint: 88600 ns, At safepoint: 11100 ns, Total: 99700 ns
[2020-03-27T05:05:46.029+0000][1][safepoint    ] Safepoint "RevokeBias", Time since last: 12102600 ns, Reaching safepoint: 185800 ns, At safepoint: 12300 ns, Total: 198100 ns
[2020-03-27T05:05:46.030+0000][1][safepoint    ] Safepoint "RevokeBias", Time since last: 758800 ns, Reaching safepoint: 94000 ns, At safepoint: 15600 ns, Total: 109600 ns
[2020-03-27T05:05:46.059+0000][1][safepoint    ] Safepoint "RevokeBias", Time since last: 28370500 ns, Reaching safepoint: 175500 ns, At safepoint: 9900 ns, Total: 185400 ns
[2020-03-27T05:05:46.059+0000][1][safepoint    ] Safepoint "RevokeBias", Time since last: 288800 ns, Reaching safepoint: 66700 ns, At safepoint: 22000 ns, Total: 88700 ns
[2020-03-27T05:05:46.060+0000][1][safepoint    ] Safepoint "RevokeBias", Time since last: 406200 ns, Reaching safepoint: 209300 ns, At safepoint: 9700 ns, Total: 219000 ns
[2020-03-27T05:05:46.060+0000][1][safepoint    ] Safepoint "RevokeBias", Time since last: 251100 ns, Reaching safepoint: 160900 ns, At safepoint: 9600 ns, Total: 170500 ns
[2020-03-27T05:05:46.060+0000][1][safepoint    ] Safepoint "RevokeBias", Time since last: 331600 ns, Reaching safepoint: 132000 ns, At safepoint: 19700 ns, Total: 151700 ns
[2020-03-27T05:05:46.092+0000][1][gc,start     ] GC(17) Pause Young (Allocation Failure)
[2020-03-27T05:05:46.092+0000][1][gc,task      ] GC(17) Using 2 workers of 2 for evacuation
[2020-03-27T05:05:46.110+0000][1][gc,age       ] GC(17) Desired survivor size 8716288 bytes, new threshold 2 (max threshold 6)
[2020-03-27T05:05:46.110+0000][1][gc,age       ] GC(17) Age table with threshold 2 (max threshold 6)
[2020-03-27T05:05:46.111+0000][1][gc,age       ] GC(17) - age   1:    5419064 bytes,    5419064 total
[2020-03-27T05:05:46.111+0000][1][gc,age       ] GC(17) - age   2:    7968968 bytes,   13388032 total
[2020-03-27T05:05:46.112+0000][1][gc,heap      ] GC(17) ParNew: 151829K->17024K(153344K)
[2020-03-27T05:05:46.112+0000][1][gc,heap      ] GC(17) CMS: 57502K->62974K(353920K)
[2020-03-27T05:05:46.112+0000][1][gc,metaspace ] GC(17) Metaspace: 81364K->81364K(1124352K)
[2020-03-27T05:05:46.113+0000][1][gc           ] GC(17) Pause Young (Allocation Failure) 204M->78M(495M) 21.379ms
[2020-03-27T05:05:46.114+0000][1][gc,cpu       ] GC(17) User=0.03s Sys=0.00s Real=0.02s
[2020-03-27T05:05:46.114+0000][1][safepoint    ] Safepoint "GenCollectForAllocation", Time since last: 31035501 ns, Reaching safepoint: 89000 ns, At safepoint: 22378000 ns, Total: 22467000 ns
[2020-03-27T05:05:46.218+0000][1][safepoint    ] Safepoint "RevokeBias", Time since last: 104325502 ns, Reaching safepoint: 55700 ns, At safepoint: 13500 ns, Total: 69200 ns
[2020-03-27T05:05:46.256+0000][1][safepoint    ] Safepoint "RevokeBias", Time since last: 37046100 ns, Reaching safepoint: 120800 ns, At safepoint: 6300 ns, Total: 127100 ns
[2020-03-27T05:05:46.279+0000][1][safepoint    ] Safepoint "RevokeBias", Time since last: 23386401 ns, Reaching safepoint: 166000 ns, At safepoint: 10300 ns, Total: 176300 ns
[2020-03-27T05:05:46.283+0000][1][safepoint    ] Safepoint "RevokeBias", Time since last: 4150800 ns, Reaching safepoint: 95100 ns, At safepoint: 6700 ns, Total: 101800 ns
[2020-03-27T05:05:46.286+0000][1][safepoint    ] Safepoint "RevokeBias", Time since last: 2353300 ns, Reaching safepoint: 179900 ns, At safepoint: 22700 ns, Total: 202600 ns
[2020-03-27T05:05:46.304+0000][1][safepoint    ] Safepoint "RevokeBias", Time since last: 17489900 ns, Reaching safepoint: 122600 ns, At safepoint: 22300 ns, Total: 144900 ns
[2020-03-27T05:05:46.304+0000][1][safepoint    ] Safepoint "RevokeBias", Time since last: 464700 ns, Reaching safepoint: 85300 ns, At safepoint: 8000 ns, Total: 93300 ns
[2020-03-27T05:05:46.321+0000][1][safepoint    ] Safepoint "RevokeBias", Time since last: 17215801 ns, Reaching safepoint: 129700 ns, At safepoint: 6300 ns, Total: 136000 ns
[2020-03-27T05:05:46.322+0000][1][safepoint    ] Safepoint "RevokeBias", Time since last: 543200 ns, Reaching safepoint: 94100 ns, At safepoint: 4900 ns, Total: 99000 ns
[2020-03-27T05:05:46.328+0000][1][safepoint    ] Safepoint "RevokeBias", Time since last: 5401300 ns, Reaching safepoint: 34500 ns, At safepoint: 19100 ns, Total: 53600 ns
[2020-03-27T05:05:46.328+0000][1][safepoint    ] Safepoint "RevokeBias", Time since last: 609000 ns, Reaching safepoint: 22400 ns, At safepoint: 28000 ns, Total: 50400 ns
[2020-03-27T05:05:46.329+0000][1][safepoint    ] Safepoint "RevokeBias", Time since last: 615300 ns, Reaching safepoint: 17000 ns, At safepoint: 9600 ns, Total: 26600 ns
[2020-03-27T05:05:46.333+0000][1][safepoint    ] Safepoint "Deoptimize", Time since last: 3591600 ns, Reaching safepoint: 78300 ns, At safepoint: 340400 ns, Total: 418700 ns
[2020-03-27T05:05:46.347+0000][1][safepoint    ] Safepoint "RevokeBias", Time since last: 14186300 ns, Reaching safepoint: 32300 ns, At safepoint: 21400 ns, Total: 53700 ns
[2020-03-27T05:05:46.348+0000][1][safepoint    ] Safepoint "BulkRevokeBias", Time since last: 921900 ns, Reaching safepoint: 25500 ns, At safepoint: 162500 ns, Total: 188000 ns
[2020-03-27T05:05:46.352+0000][1][safepoint    ] Safepoint "RevokeBias", Time since last: 3443000 ns, Reaching safepoint: 143800 ns, At safepoint: 10700 ns, Total: 154500 ns
[2020-03-27T05:05:46.352+0000][1][safepoint    ] Safepoint "RevokeBias", Time since last: 484500 ns, Reaching safepoint: 87100 ns, At safepoint: 10200 ns, Total: 97300 ns
[2020-03-27T05:05:46.357+0000][1][safepoint    ] Safepoint "BulkRevokeBias", Time since last: 4043200 ns, Reaching safepoint: 172600 ns, At safepoint: 188100 ns, Total: 360700 ns
[2020-03-27T05:05:46.362+0000][1][safepoint    ] Safepoint "RevokeBias", Time since last: 4880100 ns, Reaching safepoint: 27300 ns, At safepoint: 9400 ns, Total: 36700 ns
[2020-03-27T05:05:46.363+0000][1][safepoint    ] Safepoint "RevokeBias", Time since last: 802100 ns, Reaching safepoint: 21100 ns, At safepoint: 18500 ns, Total: 39600 ns
[2020-03-27T05:05:46.377+0000][1][safepoint    ] Safepoint "RevokeBias", Time since last: 14388800 ns, Reaching safepoint: 115400 ns, At safepoint: 11400 ns, Total: 126800 ns
[2020-03-27T05:05:46.380+0000][1][safepoint    ] Safepoint "RevokeBias", Time since last: 2431400 ns, Reaching safepoint: 111000 ns, At safepoint: 8100 ns, Total: 119100 ns
[2020-03-27T05:05:46.381+0000][1][safepoint    ] Safepoint "RevokeBias", Time since last: 811900 ns, Reaching safepoint: 131500 ns, At safepoint: 8100 ns, Total: 139600 ns
[2020-03-27T05:05:46.382+0000][1][safepoint    ] Safepoint "RevokeBias", Time since last: 794100 ns, Reaching safepoint: 151500 ns, At safepoint: 7900 ns, Total: 159400 ns
[2020-03-27T05:05:46.382+0000][1][safepoint    ] Safepoint "RevokeBias", Time since last: 361500 ns, Reaching safepoint: 111600 ns, At safepoint: 8300 ns, Total: 119900 ns
[2020-03-27T05:05:46.383+0000][1][safepoint    ] Safepoint "RevokeBias", Time since last: 547000 ns, Reaching safepoint: 103900 ns, At safepoint: 7400 ns, Total: 111300 ns
[2020-03-27T05:05:46.383+0000][1][safepoint    ] Safepoint "RevokeBias", Time since last: 519400 ns, Reaching safepoint: 164500 ns, At safepoint: 7800 ns, Total: 172300 ns
[2020-03-27T05:05:46.384+0000][1][safepoint    ] Safepoint "RevokeBias", Time since last: 464900 ns, Reaching safepoint: 120800 ns, At safepoint: 9000 ns, Total: 129800 ns
[2020-03-27T05:05:46.385+0000][1][safepoint    ] Safepoint "RevokeBias", Time since last: 985800 ns, Reaching safepoint: 95200 ns, At safepoint: 9400 ns, Total: 104600 ns
[2020-03-27T05:05:46.386+0000][1][safepoint    ] Safepoint "RevokeBias", Time since last: 492701 ns, Reaching safepoint: 84100 ns, At safepoint: 7800 ns, Total: 91900 ns
[2020-03-27T05:05:46.386+0000][1][safepoint    ] Safepoint "RevokeBias", Time since last: 380100 ns, Reaching safepoint: 101100 ns, At safepoint: 7900 ns, Total: 109000 ns
[2020-03-27T05:05:46.387+0000][1][safepoint    ] Safepoint "RevokeBias", Time since last: 662400 ns, Reaching safepoint: 141300 ns, At safepoint: 20800 ns, Total: 162100 ns
[2020-03-27T05:05:46.391+0000][1][safepoint    ] Safepoint "RevokeBias", Time since last: 3842800 ns, Reaching safepoint: 116000 ns, At safepoint: 10800 ns, Total: 126800 ns
[2020-03-27T05:05:46.392+0000][1][safepoint    ] Safepoint "RevokeBias", Time since last: 552500 ns, Reaching safepoint: 194200 ns, At safepoint: 23300 ns, Total: 217500 ns
[2020-03-27T05:05:46.392+0000][1][safepoint    ] Safepoint "RevokeBias", Time since last: 434300 ns, Reaching safepoint: 138600 ns, At safepoint: 13500 ns, Total: 152100 ns
[2020-03-27T05:05:46.398+0000][1][safepoint    ] Safepoint "RevokeBias", Time since last: 5307300 ns, Reaching safepoint: 102200 ns, At safepoint: 9900 ns, Total: 112100 ns
[2020-03-27T05:05:46.398+0000][1][safepoint    ] Safepoint "RevokeBias", Time since last: 506800 ns, Reaching safepoint: 175800 ns, At safepoint: 11400 ns, Total: 187200 ns
[2020-03-27T05:05:46.399+0000][1][safepoint    ] Safepoint "RevokeBias", Time since last: 623400 ns, Reaching safepoint: 118700 ns, At safepoint: 8700 ns, Total: 127400 ns
[2020-03-27T05:05:46.400+0000][1][safepoint    ] Safepoint "RevokeBias", Time since last: 441400 ns, Reaching safepoint: 91100 ns, At safepoint: 8200 ns, Total: 99300 ns
[2020-03-27T05:05:46.401+0000][1][safepoint    ] Safepoint "RevokeBias", Time since last: 940200 ns, Reaching safepoint: 63300 ns, At safepoint: 8600 ns, Total: 71900 ns
[2020-03-27T05:05:46.401+0000][1][safepoint    ] Safepoint "RevokeBias", Time since last: 456700 ns, Reaching safepoint: 110500 ns, At safepoint: 16300 ns, Total: 126800 ns
[2020-03-27T05:05:46.402+0000][1][safepoint    ] Safepoint "RevokeBias", Time since last: 631300 ns, Reaching safepoint: 97700 ns, At safepoint: 22200 ns, Total: 119900 ns
[2020-03-27T05:05:46.403+0000][1][safepoint    ] Safepoint "RevokeBias", Time since last: 414300 ns, Reaching safepoint: 133800 ns, At safepoint: 9300 ns, Total: 143100 ns
[2020-03-27T05:05:46.406+0000][1][safepoint    ] Safepoint "RevokeBias", Time since last: 3427800 ns, Reaching safepoint: 62600 ns, At safepoint: 9700 ns, Total: 72300 ns
[2020-03-27T05:05:46.407+0000][1][safepoint    ] Safepoint "RevokeBias", Time since last: 478800 ns, Reaching safepoint: 98400 ns, At safepoint: 11400 ns, Total: 109800 ns
[2020-03-27T05:05:46.409+0000][1][safepoint    ] Safepoint "RevokeBias", Time since last: 1941000 ns, Reaching safepoint: 116500 ns, At safepoint: 11000 ns, Total: 127500 ns
[2020-03-27T05:05:46.416+0000][1][safepoint    ] Safepoint "RevokeBias", Time since last: 7525400 ns, Reaching safepoint: 118300 ns, At safepoint: 11200 ns, Total: 129500 ns
[2020-03-27T05:05:46.419+0000][1][safepoint    ] Safepoint "RevokeBias", Time since last: 2155300 ns, Reaching safepoint: 106300 ns, At safepoint: 11200 ns, Total: 117500 ns
[2020-03-27T05:05:46.419+0000][1][safepoint    ] Safepoint "RevokeBias", Time since last: 356600 ns, Reaching safepoint: 97700 ns, At safepoint: 10200 ns, Total: 107900 ns
[2020-03-27T05:05:46.427+0000][1][safepoint    ] Safepoint "RevokeBias", Time since last: 7727300 ns, Reaching safepoint: 108900 ns, At safepoint: 10500 ns, Total: 119400 ns
[2020-03-27T05:05:46.443+0000][1][safepoint    ] Safepoint "BulkRevokeBias", Time since last: 15425600 ns, Reaching safepoint: 145800 ns, At safepoint: 166400 ns, Total: 312200 ns
[2020-03-27T05:05:46.516+0000][1][safepoint    ] Safepoint "RevokeBias", Time since last: 73250602 ns, Reaching safepoint: 144200 ns, At safepoint: 12100 ns, Total: 156300 ns
[2020-03-27T05:05:46.566+0000][1][safepoint    ] Safepoint "RevokeBias", Time since last: 50122300 ns, Reaching safepoint: 156300 ns, At safepoint: 14300 ns, Total: 170600 ns
[2020-03-27T05:05:46.567+0000][1][safepoint    ] Safepoint "RevokeBias", Time since last: 561100 ns, Reaching safepoint: 177000 ns, At safepoint: 10600 ns, Total: 187600 ns
[2020-03-27T05:05:46.568+0000][1][safepoint    ] Safepoint "RevokeBias", Time since last: 459800 ns, Reaching safepoint: 155000 ns, At safepoint: 11600 ns, Total: 166600 ns
[2020-03-27T05:05:46.568+0000][1][safepoint    ] Safepoint "RevokeBias", Time since last: 401200 ns, Reaching safepoint: 231100 ns, At safepoint: 10900 ns, Total: 242000 ns
[2020-03-27T05:05:46.569+0000][1][safepoint    ] Safepoint "RevokeBias", Time since last: 359300 ns, Reaching safepoint: 161200 ns, At safepoint: 10200 ns, Total: 171400 ns
[2020-03-27T05:05:46.570+0000][1][safepoint    ] Safepoint "RevokeBias", Time since last: 393700 ns, Reaching safepoint: 246900 ns, At safepoint: 10700 ns, Total: 257600 ns
[2020-03-27T05:05:46.604+0000][1][safepoint    ] Safepoint "RevokeBias", Time since last: 33701701 ns, Reaching safepoint: 635900 ns, At safepoint: 14000 ns, Total: 649900 ns
[2020-03-27T05:05:46.605+0000][1][safepoint    ] Safepoint "RevokeBias", Time since last: 572000 ns, Reaching safepoint: 109600 ns, At safepoint: 12200 ns, Total: 121800 ns
[2020-03-27T05:05:46.605+0000][1][safepoint    ] Safepoint "RevokeBias", Time since last: 364300 ns, Reaching safepoint: 165000 ns, At safepoint: 38800 ns, Total: 203800 ns
[2020-03-27T05:05:46.606+0000][1][safepoint    ] Safepoint "RevokeBias", Time since last: 433700 ns, Reaching safepoint: 206300 ns, At safepoint: 11000 ns, Total: 217300 ns
[2020-03-27T05:05:46.607+0000][1][safepoint    ] Safepoint "RevokeBias", Time since last: 445300 ns, Reaching safepoint: 193000 ns, At safepoint: 19600 ns, Total: 212600 ns
[2020-03-27T05:05:46.607+0000][1][safepoint    ] Safepoint "RevokeBias", Time since last: 334000 ns, Reaching safepoint: 129500 ns, At safepoint: 21300 ns, Total: 150800 ns
[2020-03-27T05:05:46.608+0000][1][safepoint    ] Safepoint "BulkRevokeBias", Time since last: 327900 ns, Reaching safepoint: 120400 ns, At safepoint: 427400 ns, Total: 547800 ns
[2020-03-27T05:05:46.626+0000][1][safepoint    ] Safepoint "RevokeBias", Time since last: 17887900 ns, Reaching safepoint: 116200 ns, At safepoint: 13500 ns, Total: 129700 ns
[2020-03-27T05:05:46.627+0000][1][safepoint    ] Safepoint "RevokeBias", Time since last: 558400 ns, Reaching safepoint: 111400 ns, At safepoint: 11400 ns, Total: 122800 ns
[2020-03-27T05:05:46.628+0000][1][safepoint    ] Safepoint "RevokeBias", Time since last: 340200 ns, Reaching safepoint: 770700 ns, At safepoint: 18200 ns, Total: 788900 ns
[2020-03-27T05:05:46.669+0000][1][safepoint    ] Safepoint "RevokeBias", Time since last: 41490901 ns, Reaching safepoint: 139700 ns, At safepoint: 15000 ns, Total: 154700 ns
[2020-03-27T05:05:46.670+0000][1][safepoint    ] Safepoint "RevokeBias", Time since last: 510600 ns, Reaching safepoint: 32600 ns, At safepoint: 10300 ns, Total: 42900 ns
[2020-03-27T05:05:46.670+0000][1][safepoint    ] Safepoint "RevokeBias", Time since last: 430800 ns, Reaching safepoint: 62000 ns, At safepoint: 18000 ns, Total: 80000 ns
[2020-03-27T05:05:46.671+0000][1][safepoint    ] Safepoint "RevokeBias", Time since last: 317600 ns, Reaching safepoint: 82100 ns, At safepoint: 11700 ns, Total: 93800 ns
[2020-03-27T05:05:47.113+0000][1][safepoint    ] Safepoint "RevokeBias", Time since last: 442074307 ns, Reaching safepoint: 139900 ns, At safepoint: 13600 ns, Total: 153500 ns
[2020-03-27T05:05:47.114+0000][1][safepoint    ] Safepoint "RevokeBias", Time since last: 582800 ns, Reaching safepoint: 48200 ns, At safepoint: 37500 ns, Total: 85700 ns
[2020-03-27T05:05:47.114+0000][1][safepoint    ] Safepoint "RevokeBias", Time since last: 586600 ns, Reaching safepoint: 32400 ns, At safepoint: 19000 ns, Total: 51400 ns
[2020-03-27T05:05:47.115+0000][1][safepoint    ] Safepoint "RevokeBias", Time since last: 563700 ns, Reaching safepoint: 17400 ns, At safepoint: 9800 ns, Total: 27200 ns
[2020-03-27T05:05:47.115+0000][1][safepoint    ] Safepoint "RevokeBias", Time since last: 464100 ns, Reaching safepoint: 17200 ns, At safepoint: 8800 ns, Total: 26000 ns
[2020-03-27T05:05:47.116+0000][1][safepoint    ] Safepoint "RevokeBias", Time since last: 500600 ns, Reaching safepoint: 18300 ns, At safepoint: 10300 ns, Total: 28600 ns
[2020-03-27T05:05:47.117+0000][1][safepoint    ] Safepoint "RevokeBias", Time since last: 771100 ns, Reaching safepoint: 17600 ns, At safepoint: 18800 ns, Total: 36400 ns
[2020-03-27T05:05:48.118+0000][1][safepoint    ] Safepoint "Cleanup", Time since last: 1000683715 ns, Reaching safepoint: 211600 ns, At safepoint: 71400 ns, Total: 283000 ns
[2020-03-27T05:05:49.120+0000][1][safepoint    ] Safepoint "Cleanup", Time since last: 1001892316 ns, Reaching safepoint: 229100 ns, At safepoint: 28500 ns, Total: 257600 ns
[2020-03-27T05:05:50.122+0000][1][safepoint    ] Safepoint "Cleanup", Time since last: 1002013215 ns, Reaching safepoint: 157100 ns, At safepoint: 76500 ns, Total: 233600 ns
[2020-03-27T05:05:51.125+0000][1][safepoint    ] Safepoint "Cleanup", Time since last: 1002497016 ns, Reaching safepoint: 143100 ns, At safepoint: 83800 ns, Total: 226900 ns
[2020-03-27T05:05:51.919+0000][1][safepoint    ] Safepoint "RevokeBias", Time since last: 794364812 ns, Reaching safepoint: 55600 ns, At safepoint: 21900 ns, Total: 77500 ns
[2020-03-27T05:05:51.920+0000][1][safepoint    ] Safepoint "RevokeBias", Time since last: 381700 ns, Reaching safepoint: 34500 ns, At safepoint: 11400 ns, Total: 45900 ns
[2020-03-27T05:05:51.920+0000][1][safepoint    ] Safepoint "RevokeBias", Time since last: 428300 ns, Reaching safepoint: 29400 ns, At safepoint: 23200 ns, Total: 52600 ns
[2020-03-27T05:05:51.921+0000][1][safepoint    ] Safepoint "RevokeBias", Time since last: 480500 ns, Reaching safepoint: 113400 ns, At safepoint: 27200 ns, Total: 140600 ns
[2020-03-27T05:05:51.941+0000][1][safepoint    ] Safepoint "RevokeBias", Time since last: 19684401 ns, Reaching safepoint: 64900 ns, At safepoint: 26400 ns, Total: 91300 ns
[2020-03-27T05:05:51.942+0000][1][safepoint    ] Safepoint "RevokeBias", Time since last: 1085700 ns, Reaching safepoint: 57500 ns, At safepoint: 19400 ns, Total: 76900 ns
[2020-03-27T05:05:51.942+0000][1][safepoint    ] Safepoint "RevokeBias", Time since last: 421500 ns, Reaching safepoint: 51500 ns, At safepoint: 20600 ns, Total: 72100 ns
[2020-03-27T05:05:51.943+0000][1][safepoint    ] Safepoint "RevokeBias", Time since last: 404500 ns, Reaching safepoint: 34700 ns, At safepoint: 20100 ns, Total: 54800 ns
[2020-03-27T05:05:51.943+0000][1][safepoint    ] Safepoint "RevokeBias", Time since last: 340800 ns, Reaching safepoint: 45600 ns, At safepoint: 19900 ns, Total: 65500 ns
[2020-03-27T05:05:51.944+0000][1][safepoint    ] Safepoint "RevokeBias", Time since last: 443900 ns, Reaching safepoint: 120500 ns, At safepoint: 22600 ns, Total: 143100 ns
[2020-03-27T05:05:51.944+0000][1][safepoint    ] Safepoint "RevokeBias", Time since last: 350500 ns, Reaching safepoint: 115200 ns, At safepoint: 20800 ns, Total: 136000 ns
[2020-03-27T05:05:51.947+0000][1][safepoint    ] Safepoint "RevokeBias", Time since last: 3133200 ns, Reaching safepoint: 38100 ns, At safepoint: 40000 ns, Total: 78100 ns
[2020-03-27T05:05:51.949+0000][1][safepoint    ] Safepoint "RevokeBias", Time since last: 1334400 ns, Reaching safepoint: 54400 ns, At safepoint: 27000 ns, Total: 81400 ns
[2020-03-27T05:05:51.949+0000][1][safepoint    ] Safepoint "RevokeBias", Time since last: 442200 ns, Reaching safepoint: 40100 ns, At safepoint: 25000 ns, Total: 65100 ns
[2020-03-27T05:05:51.963+0000][1][safepoint    ] Safepoint "RevokeBias", Time since last: 13062200 ns, Reaching safepoint: 42800 ns, At safepoint: 44100 ns, Total: 86900 ns
[2020-03-27T05:05:51.963+0000][1][safepoint    ] Safepoint "BulkRevokeBias", Time since last: 372100 ns, Reaching safepoint: 30000 ns, At safepoint: 198600 ns, Total: 228600 ns
[2020-03-27T05:05:51.974+0000][1][safepoint    ] Safepoint "RevokeBias", Time since last: 10514500 ns, Reaching safepoint: 118500 ns, At safepoint: 16400 ns, Total: 134900 ns
[2020-03-27T05:05:51.975+0000][1][safepoint    ] Safepoint "RevokeBias", Time since last: 1172500 ns, Reaching safepoint: 153200 ns, At safepoint: 38600 ns, Total: 191800 ns
[2020-03-27T05:05:51.976+0000][1][safepoint    ] Safepoint "RevokeBias", Time since last: 950400 ns, Reaching safepoint: 105600 ns, At safepoint: 13500 ns, Total: 119100 ns
[2020-03-27T05:05:51.977+0000][1][safepoint    ] Safepoint "RevokeBias", Time since last: 584400 ns, Reaching safepoint: 120700 ns, At safepoint: 12500 ns, Total: 133200 ns
[2020-03-27T05:05:51.978+0000][1][safepoint    ] Safepoint "RevokeBias", Time since last: 555700 ns, Reaching safepoint: 98900 ns, At safepoint: 11500 ns, Total: 110400 ns
[2020-03-27T05:05:52.019+0000][1][safepoint    ] Safepoint "RevokeBias", Time since last: 41190701 ns, Reaching safepoint: 50800 ns, At safepoint: 20100 ns, Total: 70900 ns
[2020-03-27T05:05:52.050+0000][1][safepoint    ] Safepoint "RevokeBias", Time since last: 31492300 ns, Reaching safepoint: 49800 ns, At safepoint: 20600 ns, Total: 70400 ns
[2020-03-27T05:05:52.053+0000][1][safepoint    ] Safepoint "RevokeBias", Time since last: 2239700 ns, Reaching safepoint: 38600 ns, At safepoint: 15700 ns, Total: 54300 ns
[2020-03-27T05:05:52.063+0000][1][safepoint    ] Safepoint "RevokeBias", Time since last: 10488201 ns, Reaching safepoint: 120400 ns, At safepoint: 24200 ns, Total: 144600 ns
[2020-03-27T05:05:52.081+0000][1][safepoint    ] Safepoint "RevokeBias", Time since last: 16967900 ns, Reaching safepoint: 360500 ns, At safepoint: 33500 ns, Total: 394000 ns
[2020-03-27T05:05:52.085+0000][1][safepoint    ] Safepoint "RevokeBias", Time since last: 3869500 ns, Reaching safepoint: 785400 ns, At safepoint: 19000 ns, Total: 804400 ns
[2020-03-27T05:05:52.087+0000][1][safepoint    ] Safepoint "RevokeBias", Time since last: 1778000 ns, Reaching safepoint: 126100 ns, At safepoint: 33700 ns, Total: 159800 ns
[2020-03-27T05:05:52.101+0000][1][safepoint    ] Safepoint "RevokeBias", Time since last: 13510000 ns, Reaching safepoint: 135000 ns, At safepoint: 21500 ns, Total: 156500 ns
[2020-03-27T05:05:52.102+0000][1][safepoint    ] Safepoint "RevokeBias", Time since last: 614600 ns, Reaching safepoint: 172100 ns, At safepoint: 9300 ns, Total: 181400 ns
[2020-03-27T05:05:52.102+0000][1][safepoint    ] Safepoint "RevokeBias", Time since last: 356100 ns, Reaching safepoint: 120600 ns, At safepoint: 8300 ns, Total: 128900 ns
[2020-03-27T05:05:52.113+0000][1][safepoint    ] Safepoint "RevokeBias", Time since last: 10666700 ns, Reaching safepoint: 139600 ns, At safepoint: 352900 ns, Total: 492500 ns
[2020-03-27T05:05:52.114+0000][1][safepoint    ] Safepoint "RevokeBias", Time since last: 372300 ns, Reaching safepoint: 179400 ns, At safepoint: 38600 ns, Total: 218000 ns
[2020-03-27T05:05:52.115+0000][1][safepoint    ] Safepoint "RevokeBias", Time since last: 379400 ns, Reaching safepoint: 222400 ns, At safepoint: 342800 ns, Total: 565200 ns
[2020-03-27T05:05:52.128+0000][1][safepoint    ] Safepoint "RevokeBias", Time since last: 13020101 ns, Reaching safepoint: 228600 ns, At safepoint: 16100 ns, Total: 244700 ns
[2020-03-27T05:05:52.145+0000][1][safepoint    ] Safepoint "RevokeBias", Time since last: 16359500 ns, Reaching safepoint: 136400 ns, At safepoint: 26900 ns, Total: 163300 ns
[2020-03-27T05:05:52.148+0000][1][safepoint    ] Safepoint "RevokeBias", Time since last: 2780300 ns, Reaching safepoint: 130600 ns, At safepoint: 16300 ns, Total: 146900 ns
[2020-03-27T05:05:52.148+0000][1][safepoint    ] Safepoint "RevokeBias", Time since last: 459200 ns, Reaching safepoint: 120300 ns, At safepoint: 15400 ns, Total: 135700 ns
[2020-03-27T05:05:52.149+0000][1][safepoint    ] Safepoint "RevokeBias", Time since last: 623800 ns, Reaching safepoint: 88200 ns, At safepoint: 23900 ns, Total: 112100 ns
[2020-03-27T05:05:52.150+0000][1][safepoint    ] Safepoint "RevokeBias", Time since last: 346200 ns, Reaching safepoint: 196300 ns, At safepoint: 106600 ns, Total: 302900 ns
[2020-03-27T05:05:52.153+0000][1][safepoint    ] Safepoint "RevokeBias", Time since last: 3053000 ns, Reaching safepoint: 97900 ns, At safepoint: 37600 ns, Total: 135500 ns
[2020-03-27T05:05:52.160+0000][1][safepoint    ] Safepoint "RevokeBias", Time since last: 6483900 ns, Reaching safepoint: 125800 ns, At safepoint: 193500 ns, Total: 319300 ns
[2020-03-27T05:05:52.164+0000][1][safepoint    ] Safepoint "RevokeBias", Time since last: 4050600 ns, Reaching safepoint: 297900 ns, At safepoint: 396700 ns, Total: 694600 ns
[2020-03-27T05:05:52.165+0000][1][safepoint    ] Safepoint "RevokeBias", Time since last: 234300 ns, Reaching safepoint: 132200 ns, At safepoint: 14700 ns, Total: 146900 ns
[2020-03-27T05:05:52.167+0000][1][safepoint    ] Safepoint "RevokeBias", Time since last: 2014900 ns, Reaching safepoint: 201900 ns, At safepoint: 24800 ns, Total: 226700 ns
[2020-03-27T05:05:52.168+0000][1][safepoint    ] Safepoint "RevokeBias", Time since last: 301400 ns, Reaching safepoint: 141400 ns, At safepoint: 110300 ns, Total: 251700 ns
[2020-03-27T05:05:52.168+0000][1][safepoint    ] Safepoint "RevokeBias", Time since last: 189100 ns, Reaching safepoint: 84100 ns, At safepoint: 29600 ns, Total: 113700 ns
[2020-03-27T05:05:52.168+0000][1][safepoint    ] Safepoint "RevokeBias", Time since last: 232700 ns, Reaching safepoint: 162600 ns, At safepoint: 31200 ns, Total: 193800 ns
[2020-03-27T05:05:52.172+0000][1][safepoint    ] Safepoint "RevokeBias", Time since last: 3088600 ns, Reaching safepoint: 183700 ns, At safepoint: 27000 ns, Total: 210700 ns
[2020-03-27T05:05:52.173+0000][1][safepoint    ] Safepoint "RevokeBias", Time since last: 747200 ns, Reaching safepoint: 509300 ns, At safepoint: 19300 ns, Total: 528600 ns
[2020-03-27T05:05:52.173+0000][1][safepoint    ] Safepoint "RevokeBias", Time since last: 354400 ns, Reaching safepoint: 184500 ns, At safepoint: 39200 ns, Total: 223700 ns
[2020-03-27T05:05:52.175+0000][1][safepoint    ] Safepoint "RevokeBias", Time since last: 1147000 ns, Reaching safepoint: 41700 ns, At safepoint: 23600 ns, Total: 65300 ns
[2020-03-27T05:05:52.175+0000][1][safepoint    ] Safepoint "RevokeBias", Time since last: 566300 ns, Reaching safepoint: 148100 ns, At safepoint: 12400 ns, Total: 160500 ns
[2020-03-27T05:05:52.176+0000][1][safepoint    ] Safepoint "RevokeBias", Time since last: 748500 ns, Reaching safepoint: 172000 ns, At safepoint: 20300 ns, Total: 192300 ns
[2020-03-27T05:05:52.177+0000][1][safepoint    ] Safepoint "RevokeBias", Time since last: 630000 ns, Reaching safepoint: 142200 ns, At safepoint: 15300 ns, Total: 157500 ns
[2020-03-27T05:05:52.178+0000][1][safepoint    ] Safepoint "RevokeBias", Time since last: 466000 ns, Reaching safepoint: 275600 ns, At safepoint: 177500 ns, Total: 453100 ns
[2020-03-27T05:05:52.178+0000][1][safepoint    ] Safepoint "RevokeBias", Time since last: 241900 ns, Reaching safepoint: 114500 ns, At safepoint: 16800 ns, Total: 131300 ns
[2020-03-27T05:05:52.179+0000][1][safepoint    ] Safepoint "RevokeBias", Time since last: 741600 ns, Reaching safepoint: 132000 ns, At safepoint: 17700 ns, Total: 149700 ns
[2020-03-27T05:05:52.180+0000][1][safepoint    ] Safepoint "RevokeBias", Time since last: 405300 ns, Reaching safepoint: 194200 ns, At safepoint: 24600 ns, Total: 218800 ns
[2020-03-27T05:05:52.180+0000][1][safepoint    ] Safepoint "RevokeBias", Time since last: 425600 ns, Reaching safepoint: 120100 ns, At safepoint: 10900 ns, Total: 131000 ns
[2020-03-27T05:05:52.181+0000][1][safepoint    ] Safepoint "RevokeBias", Time since last: 283600 ns, Reaching safepoint: 162300 ns, At safepoint: 23100 ns, Total: 185400 ns
[2020-03-27T05:05:52.182+0000][1][safepoint    ] Safepoint "RevokeBias", Time since last: 568900 ns, Reaching safepoint: 271900 ns, At safepoint: 15900 ns, Total: 287800 ns
[2020-03-27T05:05:52.183+0000][1][safepoint    ] Safepoint "RevokeBias", Time since last: 627200 ns, Reaching safepoint: 232100 ns, At safepoint: 15300 ns, Total: 247400 ns
[2020-03-27T05:05:52.183+0000][1][safepoint    ] Safepoint "RevokeBias", Time since last: 236600 ns, Reaching safepoint: 123900 ns, At safepoint: 35400 ns, Total: 159300 ns
[2020-03-27T05:05:52.184+0000][1][safepoint    ] Safepoint "RevokeBias", Time since last: 650600 ns, Reaching safepoint: 131300 ns, At safepoint: 15300 ns, Total: 146600 ns
[2020-03-27T05:05:52.184+0000][1][safepoint    ] Safepoint "RevokeBias", Time since last: 325000 ns, Reaching safepoint: 121100 ns, At safepoint: 24900 ns, Total: 146000 ns
[2020-03-27T05:05:52.237+0000][1][safepoint    ] Safepoint "RevokeBias", Time since last: 52078001 ns, Reaching safepoint: 91900 ns, At safepoint: 438300 ns, Total: 530200 ns
[2020-03-27T05:05:52.238+0000][1][safepoint    ] Safepoint "RevokeBias", Time since last: 1056200 ns, Reaching safepoint: 130200 ns, At safepoint: 221000 ns, Total: 351200 ns
[2020-03-27T05:05:52.240+0000][1][safepoint    ] Safepoint "RevokeBias", Time since last: 1236000 ns, Reaching safepoint: 222500 ns, At safepoint: 274100 ns, Total: 496600 ns
[2020-03-27T05:05:52.242+0000][1][safepoint    ] Safepoint "RevokeBias", Time since last: 1449200 ns, Reaching safepoint: 217500 ns, At safepoint: 216700 ns, Total: 434200 ns
[2020-03-27T05:05:52.249+0000][1][safepoint    ] Safepoint "Deoptimize", Time since last: 5553900 ns, Reaching safepoint: 154700 ns, At safepoint: 1187500 ns, Total: 1342200 ns
[2020-03-27T05:05:52.433+0000][1][safepoint    ] Safepoint "RevokeBias", Time since last: 184397803 ns, Reaching safepoint: 158500 ns, At safepoint: 22900 ns, Total: 181400 ns
[2020-03-27T05:05:52.454+0000][1][gc,start     ] GC(18) Pause Young (Allocation Failure)
[2020-03-27T05:05:52.454+0000][1][gc,task      ] GC(18) Using 2 workers of 2 for evacuation
[2020-03-27T05:05:52.472+0000][1][gc,age       ] GC(18) Desired survivor size 8716288 bytes, new threshold 6 (max threshold 6)
[2020-03-27T05:05:52.472+0000][1][gc,age       ] GC(18) Age table with threshold 6 (max threshold 6)
[2020-03-27T05:05:52.473+0000][1][gc,age       ] GC(18) - age   1:    2463912 bytes,    2463912 total
[2020-03-27T05:05:52.473+0000][1][gc,age       ] GC(18) - age   2:    5322808 bytes,    7786720 total
[2020-03-27T05:05:52.473+0000][1][gc,heap      ] GC(18) ParNew: 153344K->15297K(153344K)
[2020-03-27T05:05:52.474+0000][1][gc,heap      ] GC(18) CMS: 62974K->70771K(353920K)
[2020-03-27T05:05:52.474+0000][1][gc,metaspace ] GC(18) Metaspace: 86357K->86357K(1128448K)
[2020-03-27T05:05:52.474+0000][1][gc           ] GC(18) Pause Young (Allocation Failure) 211M->84M(495M) 20.448ms
[2020-03-27T05:05:52.474+0000][1][gc,cpu       ] GC(18) User=0.03s Sys=0.00s Real=0.02s
[2020-03-27T05:05:52.475+0000][1][safepoint    ] Safepoint "GenCollectForAllocation", Time since last: 19651701 ns, Reaching safepoint: 215400 ns, At safepoint: 21360000 ns, Total: 21575400 ns
[2020-03-27T05:05:52.557+0000][1][safepoint    ] Safepoint "RevokeBias", Time since last: 82194301 ns, Reaching safepoint: 89600 ns, At safepoint: 14400 ns, Total: 104000 ns
[2020-03-27T05:05:52.559+0000][1][safepoint    ] Safepoint "RevokeBias", Time since last: 1491100 ns, Reaching safepoint: 178200 ns, At safepoint: 14800 ns, Total: 193000 ns
[2020-03-27T05:05:52.559+0000][1][safepoint    ] Safepoint "RevokeBias", Time since last: 499300 ns, Reaching safepoint: 109500 ns, At safepoint: 24000 ns, Total: 133500 ns
[2020-03-27T05:05:52.560+0000][1][safepoint    ] Safepoint "RevokeBias", Time since last: 419000 ns, Reaching safepoint: 115200 ns, At safepoint: 10300 ns, Total: 125500 ns
[2020-03-27T05:05:52.560+0000][1][safepoint    ] Safepoint "RevokeBias", Time since last: 373100 ns, Reaching safepoint: 137400 ns, At safepoint: 11700 ns, Total: 149100 ns
[2020-03-27T05:05:52.561+0000][1][safepoint    ] Safepoint "RevokeBias", Time since last: 389100 ns, Reaching safepoint: 276400 ns, At safepoint: 11800 ns, Total: 288200 ns
[2020-03-27T05:05:52.562+0000][1][safepoint    ] Safepoint "RevokeBias", Time since last: 360000 ns, Reaching safepoint: 246300 ns, At safepoint: 12900 ns, Total: 259200 ns
[2020-03-27T05:05:52.562+0000][1][safepoint    ] Safepoint "RevokeBias", Time since last: 565700 ns, Reaching safepoint: 120700 ns, At safepoint: 11600 ns, Total: 132300 ns
[2020-03-27T05:05:52.563+0000][1][safepoint    ] Safepoint "RevokeBias", Time since last: 853000 ns, Reaching safepoint: 119500 ns, At safepoint: 69400 ns, Total: 188900 ns
[2020-03-27T05:05:52.564+0000][1][safepoint    ] Safepoint "RevokeBias", Time since last: 685100 ns, Reaching safepoint: 299500 ns, At safepoint: 24700 ns, Total: 324200 ns
[2020-03-27T05:05:52.565+0000][1][safepoint    ] Safepoint "RevokeBias", Time since last: 589000 ns, Reaching safepoint: 116600 ns, At safepoint: 10200 ns, Total: 126800 ns
[2020-03-27T05:05:52.589+0000][1][safepoint    ] Safepoint "RevokeBias", Time since last: 23323301 ns, Reaching safepoint: 194100 ns, At safepoint: 20400 ns, Total: 214500 ns
[2020-03-27T05:05:52.624+0000][1][safepoint    ] Safepoint "RevokeBias", Time since last: 35017200 ns, Reaching safepoint: 55300 ns, At safepoint: 33900 ns, Total: 89200 ns
[2020-03-27T05:05:52.653+0000][1][safepoint    ] Safepoint "RevokeBias", Time since last: 29281801 ns, Reaching safepoint: 182200 ns, At safepoint: 103500 ns, Total: 285700 ns
[2020-03-27T05:05:52.658+0000][1][safepoint    ] Safepoint "RevokeBias", Time since last: 4303600 ns, Reaching safepoint: 361900 ns, At safepoint: 41300 ns, Total: 403200 ns
[2020-03-27T05:05:52.672+0000][1][safepoint    ] Safepoint "RevokeBias", Time since last: 13530200 ns, Reaching safepoint: 102100 ns, At safepoint: 133200 ns, Total: 235300 ns
[2020-03-27T05:05:52.682+0000][1][safepoint    ] Safepoint "RevokeBias", Time since last: 10134800 ns, Reaching safepoint: 258400 ns, At safepoint: 166100 ns, Total: 424500 ns
[2020-03-27T05:05:52.779+0000][1][safepoint    ] Safepoint "RevokeBias", Time since last: 95875802 ns, Reaching safepoint: 147300 ns, At safepoint: 146900 ns, Total: 294200 ns
[2020-03-27T05:05:52.800+0000][1][safepoint    ] Safepoint "RevokeBias", Time since last: 20825000 ns, Reaching safepoint: 211900 ns, At safepoint: 180700 ns, Total: 392600 ns
[2020-03-27T05:05:52.801+0000][1][safepoint    ] Safepoint "RevokeBias", Time since last: 951600 ns, Reaching safepoint: 155100 ns, At safepoint: 123000 ns, Total: 278100 ns
[2020-03-27T05:05:52.803+0000][1][safepoint    ] Safepoint "RevokeBias", Time since last: 1378400 ns, Reaching safepoint: 156900 ns, At safepoint: 105100 ns, Total: 262000 ns
[2020-03-27T05:05:52.804+0000][1][safepoint    ] Safepoint "RevokeBias", Time since last: 1026200 ns, Reaching safepoint: 137100 ns, At safepoint: 84200 ns, Total: 221300 ns
[2020-03-27T05:05:52.946+0000][1][safepoint    ] Safepoint "RevokeBias", Time since last: 141818202 ns, Reaching safepoint: 164200 ns, At safepoint: 17000 ns, Total: 181200 ns
[2020-03-27T05:05:52.991+0000][1][safepoint    ] Safepoint "RevokeBias", Time since last: 45229501 ns, Reaching safepoint: 142600 ns, At safepoint: 23700 ns, Total: 166300 ns
[2020-03-27T05:05:52.992+0000][1][safepoint    ] Safepoint "RevokeBias", Time since last: 397600 ns, Reaching safepoint: 62400 ns, At safepoint: 97300 ns, Total: 159700 ns
[2020-03-27T05:05:52.992+0000][1][safepoint    ] Safepoint "RevokeBias", Time since last: 213000 ns, Reaching safepoint: 135700 ns, At safepoint: 110900 ns, Total: 246600 ns
[2020-03-27T05:05:52.995+0000][1][safepoint    ] Safepoint "RevokeBias", Time since last: 2036300 ns, Reaching safepoint: 130500 ns, At safepoint: 137100 ns, Total: 267600 ns
[2020-03-27T05:05:52.995+0000][1][safepoint    ] Safepoint "RevokeBias", Time since last: 608500 ns, Reaching safepoint: 50900 ns, At safepoint: 144300 ns, Total: 195200 ns
[2020-03-27T05:05:52.996+0000][1][safepoint    ] Safepoint "RevokeBias", Time since last: 555400 ns, Reaching safepoint: 46000 ns, At safepoint: 86600 ns, Total: 132600 ns
[2020-03-27T05:05:52.997+0000][1][safepoint    ] Safepoint "RevokeBias", Time since last: 515900 ns, Reaching safepoint: 46800 ns, At safepoint: 104200 ns, Total: 151000 ns
[2020-03-27T05:05:52.997+0000][1][safepoint    ] Safepoint "RevokeBias", Time since last: 354600 ns, Reaching safepoint: 54700 ns, At safepoint: 74600 ns, Total: 129300 ns
[2020-03-27T05:05:53.000+0000][1][safepoint    ] Safepoint "RevokeBias", Time since last: 2737800 ns, Reaching safepoint: 127300 ns, At safepoint: 72600 ns, Total: 199900 ns
[2020-03-27T05:05:53.004+0000][1][safepoint    ] Safepoint "RevokeBias", Time since last: 3896300 ns, Reaching safepoint: 160600 ns, At safepoint: 240800 ns, Total: 401400 ns
[2020-03-27T05:05:53.006+0000][1][safepoint    ] Safepoint "RevokeBias", Time since last: 671700 ns, Reaching safepoint: 220400 ns, At safepoint: 507100 ns, Total: 727500 ns
[2020-03-27T05:05:53.007+0000][1][safepoint    ] Safepoint "RevokeBias", Time since last: 487900 ns, Reaching safepoint: 169300 ns, At safepoint: 386500 ns, Total: 555800 ns
[2020-03-27T05:05:53.008+0000][1][safepoint    ] Safepoint "RevokeBias", Time since last: 377100 ns, Reaching safepoint: 166000 ns, At safepoint: 138100 ns, Total: 304100 ns
[2020-03-27T05:05:53.013+0000][1][safepoint    ] Safepoint "RevokeBias", Time since last: 5108000 ns, Reaching safepoint: 158300 ns, At safepoint: 181800 ns, Total: 340100 ns
[2020-03-27T05:05:53.014+0000][1][safepoint    ] Safepoint "RevokeBias", Time since last: 1029400 ns, Reaching safepoint: 80900 ns, At safepoint: 198500 ns, Total: 279400 ns
[2020-03-27T05:05:53.016+0000][1][safepoint    ] Safepoint "RevokeBias", Time since last: 383400 ns, Reaching safepoint: 453700 ns, At safepoint: 497300 ns, Total: 951000 ns
[2020-03-27T05:05:53.016+0000][1][safepoint    ] Safepoint "RevokeBias", Time since last: 268500 ns, Reaching safepoint: 64500 ns, At safepoint: 101800 ns, Total: 166300 ns
[2020-03-27T05:05:53.017+0000][1][safepoint    ] Safepoint "RevokeBias", Time since last: 365100 ns, Reaching safepoint: 94300 ns, At safepoint: 91200 ns, Total: 185500 ns
[2020-03-27T05:05:53.017+0000][1][safepoint    ] Safepoint "RevokeBias", Time since last: 352100 ns, Reaching safepoint: 38000 ns, At safepoint: 108700 ns, Total: 146700 ns
[2020-03-27T05:05:53.053+0000][1][safepoint    ] Safepoint "RevokeBias", Time since last: 35305901 ns, Reaching safepoint: 389600 ns, At safepoint: 154500 ns, Total: 544100 ns
[2020-03-27T05:05:53.318+0000][1][safepoint    ] Safepoint "RevokeBias", Time since last: 264708804 ns, Reaching safepoint: 101900 ns, At safepoint: 11500 ns, Total: 113400 ns
[2020-03-27T05:05:53.335+0000][1][safepoint    ] Safepoint "RevokeBias", Time since last: 17248500 ns, Reaching safepoint: 71200 ns, At safepoint: 118200 ns, Total: 189400 ns
[2020-03-27T05:05:53.351+0000][1][safepoint    ] Safepoint "RevokeBias", Time since last: 15116700 ns, Reaching safepoint: 157400 ns, At safepoint: 8500 ns, Total: 165900 ns
[2020-03-27T05:05:53.367+0000][1][safepoint    ] Safepoint "RevokeBias", Time since last: 16445301 ns, Reaching safepoint: 60500 ns, At safepoint: 20900 ns, Total: 81400 ns
[2020-03-27T05:05:53.369+0000][1][safepoint    ] Safepoint "RevokeBias", Time since last: 1350600 ns, Reaching safepoint: 165400 ns, At safepoint: 118400 ns, Total: 283800 ns
[2020-03-27T05:05:53.369+0000][1][safepoint    ] Safepoint "RevokeBias", Time since last: 395800 ns, Reaching safepoint: 40200 ns, At safepoint: 85200 ns, Total: 125400 ns
[2020-03-27T05:05:53.370+0000][1][safepoint    ] Safepoint "RevokeBias", Time since last: 478500 ns, Reaching safepoint: 36100 ns, At safepoint: 87300 ns, Total: 123400 ns
[2020-03-27T05:05:53.370+0000][1][safepoint    ] Safepoint "RevokeBias", Time since last: 432300 ns, Reaching safepoint: 35500 ns, At safepoint: 64100 ns, Total: 99600 ns
[2020-03-27T05:05:53.371+0000][1][safepoint    ] Safepoint "RevokeBias", Time since last: 383400 ns, Reaching safepoint: 35400 ns, At safepoint: 81800 ns, Total: 117200 ns
[2020-03-27T05:05:53.371+0000][1][safepoint    ] Safepoint "RevokeBias", Time since last: 401700 ns, Reaching safepoint: 32100 ns, At safepoint: 57700 ns, Total: 89800 ns
[2020-03-27T05:05:53.372+0000][1][safepoint    ] Safepoint "RevokeBias", Time since last: 366400 ns, Reaching safepoint: 32600 ns, At safepoint: 65600 ns, Total: 98200 ns
[2020-03-27T05:05:53.372+0000][1][safepoint    ] Safepoint "RevokeBias", Time since last: 462200 ns, Reaching safepoint: 34500 ns, At safepoint: 65300 ns, Total: 99800 ns
[2020-03-27T05:05:53.373+0000][1][safepoint    ] Safepoint "RevokeBias", Time since last: 855900 ns, Reaching safepoint: 59500 ns, At safepoint: 86400 ns, Total: 145900 ns
[2020-03-27T05:05:53.374+0000][1][safepoint    ] Safepoint "BulkRevokeBias", Time since last: 398800 ns, Reaching safepoint: 36300 ns, At safepoint: 334200 ns, Total: 370500 ns
[2020-03-27T05:05:53.375+0000][1][safepoint    ] Safepoint "RevokeBias", Time since last: 817900 ns, Reaching safepoint: 39900 ns, At safepoint: 113500 ns, Total: 153400 ns
[2020-03-27T05:05:53.376+0000][1][safepoint    ] Safepoint "RevokeBias", Time since last: 503300 ns, Reaching safepoint: 68200 ns, At safepoint: 102900 ns, Total: 171100 ns
[2020-03-27T05:05:53.408+0000][1][safepoint    ] Safepoint "RevokeBias", Time since last: 32428900 ns, Reaching safepoint: 60200 ns, At safepoint: 114600 ns, Total: 174800 ns
[2020-03-27T05:05:53.415+0000][1][safepoint    ] Safepoint "RevokeBias", Time since last: 6671100 ns, Reaching safepoint: 296900 ns, At safepoint: 21300 ns, Total: 318200 ns
[2020-03-27T05:05:53.421+0000][1][safepoint    ] Safepoint "RevokeBias", Time since last: 5024101 ns, Reaching safepoint: 158500 ns, At safepoint: 26000 ns, Total: 184500 ns
[2020-03-27T05:05:53.424+0000][1][safepoint    ] Safepoint "RevokeBias", Time since last: 2981500 ns, Reaching safepoint: 56400 ns, At safepoint: 35700 ns, Total: 92100 ns
[2020-03-27T05:05:53.426+0000][1][safepoint    ] Safepoint "RevokeBias", Time since last: 2722700 ns, Reaching safepoint: 50100 ns, At safepoint: 22300 ns, Total: 72400 ns
[2020-03-27T05:05:53.429+0000][1][safepoint    ] Safepoint "RevokeBias", Time since last: 2198800 ns, Reaching safepoint: 42000 ns, At safepoint: 35800 ns, Total: 77800 ns
[2020-03-27T05:05:53.429+0000][1][safepoint    ] Safepoint "RevokeBias", Time since last: 545600 ns, Reaching safepoint: 64300 ns, At safepoint: 37800 ns, Total: 102100 ns
[2020-03-27T05:05:53.432+0000][1][safepoint    ] Safepoint "RevokeBias", Time since last: 2174800 ns, Reaching safepoint: 87400 ns, At safepoint: 19800 ns, Total: 107200 ns
[2020-03-27T05:05:53.432+0000][1][safepoint    ] Safepoint "RevokeBias", Time since last: 621600 ns, Reaching safepoint: 35900 ns, At safepoint: 136400 ns, Total: 172300 ns
[2020-03-27T05:05:53.446+0000][1][gc,start     ] GC(19) Pause Young (Allocation Failure)
[2020-03-27T05:05:53.446+0000][1][gc,task      ] GC(19) Using 2 workers of 2 for evacuation
[2020-03-27T05:05:53.456+0000][1][gc,age       ] GC(19) Desired survivor size 8716288 bytes, new threshold 3 (max threshold 6)
[2020-03-27T05:05:53.462+0000][1][gc,age       ] GC(19) Age table with threshold 3 (max threshold 6)
[2020-03-27T05:05:53.462+0000][1][gc,age       ] GC(19) - age   1:    3218296 bytes,    3218296 total
[2020-03-27T05:05:53.462+0000][1][gc,age       ] GC(19) - age   2:    2145208 bytes,    5363504 total
[2020-03-27T05:05:53.463+0000][1][gc,age       ] GC(19) - age   3:    4979976 bytes,   10343480 total
[2020-03-27T05:05:53.463+0000][1][gc,heap      ] GC(19) ParNew: 151344K->13502K(153344K)
[2020-03-27T05:05:53.464+0000][1][gc,heap      ] GC(19) CMS: 70771K->70771K(353920K)
[2020-03-27T05:05:53.464+0000][1][gc,metaspace ] GC(19) Metaspace: 87043K->87043K(1130496K)
[2020-03-27T05:05:53.465+0000][1][gc           ] GC(19) Pause Young (Allocation Failure) 216M->82M(495M) 18.527ms
[2020-03-27T05:05:53.465+0000][1][gc,cpu       ] GC(19) User=0.01s Sys=0.00s Real=0.01s
[2020-03-27T05:05:53.465+0000][1][safepoint    ] Safepoint "GenCollectForAllocation", Time since last: 13453600 ns, Reaching safepoint: 145200 ns, At safepoint: 19361100 ns, Total: 19506300 ns
[2020-03-27T05:05:53.531+0000][1][safepoint    ] Safepoint "RevokeBias", Time since last: 65085801 ns, Reaching safepoint: 54500 ns, At safepoint: 112200 ns, Total: 166700 ns
[2020-03-27T05:05:53.538+0000][1][safepoint    ] Safepoint "RevokeBias", Time since last: 6965900 ns, Reaching safepoint: 82200 ns, At safepoint: 26500 ns, Total: 108700 ns
[2020-03-27T05:05:53.565+0000][1][safepoint    ] Safepoint "RevokeBias", Time since last: 26705001 ns, Reaching safepoint: 68400 ns, At safepoint: 15900 ns, Total: 84300 ns
[2020-03-27T05:05:53.568+0000][1][safepoint    ] Safepoint "RevokeBias", Time since last: 2977100 ns, Reaching safepoint: 48500 ns, At safepoint: 26200 ns, Total: 74700 ns
[2020-03-27T05:05:53.581+0000][1][safepoint    ] Safepoint "RevokeBias", Time since last: 13033400 ns, Reaching safepoint: 182600 ns, At safepoint: 18800 ns, Total: 201400 ns
[2020-03-27T05:05:53.588+0000][1][safepoint    ] Safepoint "RevokeBias", Time since last: 6467100 ns, Reaching safepoint: 132900 ns, At safepoint: 80300 ns, Total: 213200 ns
[2020-03-27T05:05:53.589+0000][1][safepoint    ] Safepoint "RevokeBias", Time since last: 981700 ns, Reaching safepoint: 132200 ns, At safepoint: 25800 ns, Total: 158000 ns
[2020-03-27T05:05:53.611+0000][1][safepoint    ] Safepoint "RevokeBias", Time since last: 22455601 ns, Reaching safepoint: 151100 ns, At safepoint: 32100 ns, Total: 183200 ns
[2020-03-27T05:05:53.630+0000][1][safepoint    ] Safepoint "RevokeBias", Time since last: 18563900 ns, Reaching safepoint: 172300 ns, At safepoint: 17800 ns, Total: 190100 ns
[2020-03-27T05:05:53.632+0000][1][safepoint    ] Safepoint "RevokeBias", Time since last: 1600600 ns, Reaching safepoint: 235500 ns, At safepoint: 229100 ns, Total: 464600 ns
[2020-03-27T05:05:53.633+0000][1][safepoint    ] Safepoint "RevokeBias", Time since last: 907700 ns, Reaching safepoint: 171400 ns, At safepoint: 264900 ns, Total: 436300 ns
[2020-03-27T05:05:54.634+0000][1][safepoint    ] Safepoint "Cleanup", Time since last: 1000635898 ns, Reaching safepoint: 60000 ns, At safepoint: 4700 ns, Total: 64700 ns
[2020-03-27T05:05:54.678+0000][1][safepoint    ] Safepoint "RevokeBias", Time since last: 44073399 ns, Reaching safepoint: 128200 ns, At safepoint: 27200 ns, Total: 155400 ns
[2020-03-27T05:05:54.680+0000][1][safepoint    ] Safepoint "RevokeBias", Time since last: 1400300 ns, Reaching safepoint: 57900 ns, At safepoint: 63000 ns, Total: 120900 ns
[2020-03-27T05:05:54.682+0000][1][safepoint    ] Safepoint "RevokeBias", Time since last: 1812200 ns, Reaching safepoint: 128400 ns, At safepoint: 22000 ns, Total: 150400 ns
[2020-03-27T05:05:54.683+0000][1][safepoint    ] Safepoint "BulkRevokeBias", Time since last: 696500 ns, Reaching safepoint: 33000 ns, At safepoint: 319400 ns, Total: 352400 ns
[2020-03-27T05:05:54.756+0000][1][safepoint    ] Safepoint "RevokeBias", Time since last: 72885800 ns, Reaching safepoint: 143800 ns, At safepoint: 27800 ns, Total: 171600 ns
[2020-03-27T05:05:54.762+0000][1][safepoint    ] Safepoint "RevokeBias", Time since last: 5556300 ns, Reaching safepoint: 56700 ns, At safepoint: 16900 ns, Total: 73600 ns
[2020-03-27T05:05:54.763+0000][1][safepoint    ] Safepoint "RevokeBias", Time since last: 1021400 ns, Reaching safepoint: 47800 ns, At safepoint: 12200 ns, Total: 60000 ns
[2020-03-27T05:05:54.763+0000][1][safepoint    ] Safepoint "RevokeBias", Time since last: 564400 ns, Reaching safepoint: 211000 ns, At safepoint: 19000 ns, Total: 230000 ns
[2020-03-27T05:05:54.764+0000][1][safepoint    ] Safepoint "RevokeBias", Time since last: 418300 ns, Reaching safepoint: 54500 ns, At safepoint: 14600 ns, Total: 69100 ns
[2020-03-27T05:05:54.765+0000][1][safepoint    ] Safepoint "RevokeBias", Time since last: 637600 ns, Reaching safepoint: 129900 ns, At safepoint: 8900 ns, Total: 138800 ns
[2020-03-27T05:05:54.765+0000][1][safepoint    ] Safepoint "RevokeBias", Time since last: 257800 ns, Reaching safepoint: 27200 ns, At safepoint: 22400 ns, Total: 49600 ns
[2020-03-27T05:05:54.765+0000][1][safepoint    ] Safepoint "RevokeBias", Time since last: 306400 ns, Reaching safepoint: 42600 ns, At safepoint: 15400 ns, Total: 58000 ns
[2020-03-27T05:05:54.767+0000][1][safepoint    ] Safepoint "RevokeBias", Time since last: 1115500 ns, Reaching safepoint: 306600 ns, At safepoint: 20800 ns, Total: 327400 ns
[2020-03-27T05:05:54.769+0000][1][safepoint    ] Safepoint "RevokeBias", Time since last: 1675200 ns, Reaching safepoint: 226600 ns, At safepoint: 24600 ns, Total: 251200 ns
[2020-03-27T05:05:54.770+0000][1][safepoint    ] Safepoint "RevokeBias", Time since last: 995300 ns, Reaching safepoint: 135900 ns, At safepoint: 24900 ns, Total: 160800 ns
[2020-03-27T05:05:54.770+0000][1][safepoint    ] Safepoint "RevokeBias", Time since last: 262400 ns, Reaching safepoint: 121100 ns, At safepoint: 27100 ns, Total: 148200 ns
[2020-03-27T05:05:54.771+0000][1][safepoint    ] Safepoint "RevokeBias", Time since last: 291200 ns, Reaching safepoint: 125300 ns, At safepoint: 17200 ns, Total: 142500 ns
[2020-03-27T05:05:54.772+0000][1][safepoint    ] Safepoint "RevokeBias", Time since last: 599100 ns, Reaching safepoint: 179800 ns, At safepoint: 7500 ns, Total: 187300 ns
[2020-03-27T05:05:54.772+0000][1][safepoint    ] Safepoint "RevokeBias", Time since last: 446400 ns, Reaching safepoint: 48200 ns, At safepoint: 8500 ns, Total: 56700 ns
[2020-03-27T05:05:54.773+0000][1][safepoint    ] Safepoint "RevokeBias", Time since last: 552300 ns, Reaching safepoint: 29300 ns, At safepoint: 16400 ns, Total: 45700 ns
[2020-03-27T05:05:54.773+0000][1][safepoint    ] Safepoint "RevokeBias", Time since last: 210900 ns, Reaching safepoint: 36700 ns, At safepoint: 15700 ns, Total: 52400 ns
[2020-03-27T05:05:54.773+0000][1][safepoint    ] Safepoint "RevokeBias", Time since last: 212400 ns, Reaching safepoint: 46400 ns, At safepoint: 19500 ns, Total: 65900 ns
[2020-03-27T05:05:54.774+0000][1][safepoint    ] Safepoint "RevokeBias", Time since last: 350900 ns, Reaching safepoint: 32800 ns, At safepoint: 5500 ns, Total: 38300 ns
[2020-03-27T05:05:54.774+0000][1][safepoint    ] Safepoint "RevokeBias", Time since last: 236600 ns, Reaching safepoint: 24400 ns, At safepoint: 12900 ns, Total: 37300 ns
[2020-03-27T05:05:54.774+0000][1][safepoint    ] Safepoint "RevokeBias", Time since last: 390600 ns, Reaching safepoint: 38000 ns, At safepoint: 15000 ns, Total: 53000 ns
[2020-03-27T05:05:54.777+0000][1][safepoint    ] Safepoint "RevokeBias", Time since last: 2793600 ns, Reaching safepoint: 116700 ns, At safepoint: 21500 ns, Total: 138200 ns
[2020-03-27T05:05:54.778+0000][1][safepoint    ] Safepoint "RevokeBias", Time since last: 372500 ns, Reaching safepoint: 72200 ns, At safepoint: 23400 ns, Total: 95600 ns
[2020-03-27T05:05:54.819+0000][1][safepoint    ] Safepoint "RevokeBias", Time since last: 41121000 ns, Reaching safepoint: 167800 ns, At safepoint: 26500 ns, Total: 194300 ns
[2020-03-27T05:05:54.820+0000][1][safepoint    ] Safepoint "RevokeBias", Time since last: 546800 ns, Reaching safepoint: 31500 ns, At safepoint: 28900 ns, Total: 60400 ns
[2020-03-27T05:05:54.967+0000][1][safepoint    ] Safepoint "RevokeBias", Time since last: 146620399 ns, Reaching safepoint: 189800 ns, At safepoint: 62700 ns, Total: 252500 ns
[2020-03-27T05:05:54.968+0000][1][safepoint    ] Safepoint "RevokeBias", Time since last: 1126700 ns, Reaching safepoint: 114400 ns, At safepoint: 27600 ns, Total: 142000 ns
[2020-03-27T05:05:54.970+0000][1][safepoint    ] Safepoint "RevokeBias", Time since last: 1848400 ns, Reaching safepoint: 272000 ns, At safepoint: 413000 ns, Total: 685000 ns
[2020-03-27T05:05:54.972+0000][1][safepoint    ] Safepoint "RevokeBias", Time since last: 1111400 ns, Reaching safepoint: 366400 ns, At safepoint: 380600 ns, Total: 747000 ns
[2020-03-27T05:05:54.973+0000][1][safepoint    ] Safepoint "RevokeBias", Time since last: 742500 ns, Reaching safepoint: 93100 ns, At safepoint: 33400 ns, Total: 126500 ns
[2020-03-27T05:05:54.974+0000][1][safepoint    ] Safepoint "RevokeBias", Time since last: 855300 ns, Reaching safepoint: 103500 ns, At safepoint: 19400 ns, Total: 122900 ns
[2020-03-27T05:05:54.975+0000][1][safepoint    ] Safepoint "RevokeBias", Time since last: 644900 ns, Reaching safepoint: 74000 ns, At safepoint: 41300 ns, Total: 115300 ns
[2020-03-27T05:05:54.976+0000][1][safepoint    ] Safepoint "RevokeBias", Time since last: 731100 ns, Reaching safepoint: 65300 ns, At safepoint: 16400 ns, Total: 81700 ns
[2020-03-27T05:05:54.976+0000][1][safepoint    ] Safepoint "RevokeBias", Time since last: 786000 ns, Reaching safepoint: 41500 ns, At safepoint: 13500 ns, Total: 55000 ns
[2020-03-27T05:05:54.977+0000][1][safepoint    ] Safepoint "RevokeBias", Time since last: 582900 ns, Reaching safepoint: 21000 ns, At safepoint: 13600 ns, Total: 34600 ns
[2020-03-27T05:05:54.978+0000][1][safepoint    ] Safepoint "RevokeBias", Time since last: 414900 ns, Reaching safepoint: 58100 ns, At safepoint: 39600 ns, Total: 97700 ns
[2020-03-27T05:05:54.978+0000][1][safepoint    ] Safepoint "RevokeBias", Time since last: 675400 ns, Reaching safepoint: 48100 ns, At safepoint: 19800 ns, Total: 67900 ns
[2020-03-27T05:05:54.979+0000][1][safepoint    ] Safepoint "RevokeBias", Time since last: 415500 ns, Reaching safepoint: 37600 ns, At safepoint: 29100 ns, Total: 66700 ns
[2020-03-27T05:05:54.979+0000][1][safepoint    ] Safepoint "RevokeBias", Time since last: 521000 ns, Reaching safepoint: 94100 ns, At safepoint: 20000 ns, Total: 114100 ns
[2020-03-27T05:05:54.980+0000][1][safepoint    ] Safepoint "RevokeBias", Time since last: 741500 ns, Reaching safepoint: 40200 ns, At safepoint: 12500 ns, Total: 52700 ns
[2020-03-27T05:05:54.981+0000][1][safepoint    ] Safepoint "BulkRevokeBias", Time since last: 514700 ns, Reaching safepoint: 21100 ns, At safepoint: 172200 ns, Total: 193300 ns
[2020-03-27T05:05:54.982+0000][1][safepoint    ] Safepoint "RevokeBias", Time since last: 771600 ns, Reaching safepoint: 40900 ns, At safepoint: 5400 ns, Total: 46300 ns
[2020-03-27T05:05:54.983+0000][1][safepoint    ] Safepoint "RevokeBias", Time since last: 722400 ns, Reaching safepoint: 163400 ns, At safepoint: 20000 ns, Total: 183400 ns
[2020-03-27T05:05:54.983+0000][1][safepoint    ] Safepoint "RevokeBias", Time since last: 190900 ns, Reaching safepoint: 147400 ns, At safepoint: 9900 ns, Total: 157300 ns
[2020-03-27T05:05:54.983+0000][1][safepoint    ] Safepoint "RevokeBias", Time since last: 197400 ns, Reaching safepoint: 254800 ns, At safepoint: 39600 ns, Total: 294400 ns
[2020-03-27T05:05:54.984+0000][1][safepoint    ] Safepoint "RevokeBias", Time since last: 310200 ns, Reaching safepoint: 124700 ns, At safepoint: 25900 ns, Total: 150600 ns
[2020-03-27T05:05:54.984+0000][1][safepoint    ] Safepoint "RevokeBias", Time since last: 313500 ns, Reaching safepoint: 120400 ns, At safepoint: 26300 ns, Total: 146700 ns
[2020-03-27T05:05:54.986+0000][1][safepoint    ] Safepoint "RevokeBias", Time since last: 1688900 ns, Reaching safepoint: 157200 ns, At safepoint: 8200 ns, Total: 165400 ns
[2020-03-27T05:05:54.988+0000][1][safepoint    ] Safepoint "RevokeBias", Time since last: 564700 ns, Reaching safepoint: 821600 ns, At safepoint: 34400 ns, Total: 856000 ns
[2020-03-27T05:05:54.989+0000][1][safepoint    ] Safepoint "RevokeBias", Time since last: 861700 ns, Reaching safepoint: 103700 ns, At safepoint: 26900 ns, Total: 130600 ns
[2020-03-27T05:05:54.989+0000][1][safepoint    ] Safepoint "RevokeBias", Time since last: 239300 ns, Reaching safepoint: 122400 ns, At safepoint: 25800 ns, Total: 148200 ns
[2020-03-27T05:05:54.990+0000][1][safepoint    ] Safepoint "BulkRevokeBias", Time since last: 951700 ns, Reaching safepoint: 119000 ns, At safepoint: 217200 ns, Total: 336200 ns
[2020-03-27T05:05:54.993+0000][1][safepoint    ] Safepoint "RevokeBias", Time since last: 2482500 ns, Reaching safepoint: 203500 ns, At safepoint: 67900 ns, Total: 271400 ns
[2020-03-27T05:05:54.994+0000][1][safepoint    ] Safepoint "RevokeBias", Time since last: 487100 ns, Reaching safepoint: 102100 ns, At safepoint: 25700 ns, Total: 127800 ns
[2020-03-27T05:05:54.994+0000][1][safepoint    ] Safepoint "RevokeBias", Time since last: 284700 ns, Reaching safepoint: 97400 ns, At safepoint: 71200 ns, Total: 168600 ns
[2020-03-27T05:05:54.997+0000][1][safepoint    ] Safepoint "RevokeBias", Time since last: 2299800 ns, Reaching safepoint: 261100 ns, At safepoint: 38600 ns, Total: 299700 ns
[2020-03-27T05:05:55.001+0000][1][safepoint    ] Safepoint "RevokeBias", Time since last: 3600800 ns, Reaching safepoint: 458900 ns, At safepoint: 27400 ns, Total: 486300 ns
[2020-03-27T05:05:55.003+0000][1][safepoint    ] Safepoint "RevokeBias", Time since last: 1480600 ns, Reaching safepoint: 128400 ns, At safepoint: 67200 ns, Total: 195600 ns
[2020-03-27T05:05:55.004+0000][1][safepoint    ] Safepoint "RevokeBias", Time since last: 931800 ns, Reaching safepoint: 324400 ns, At safepoint: 54600 ns, Total: 379000 ns
[2020-03-27T05:05:55.005+0000][1][safepoint    ] Safepoint "RevokeBias", Time since last: 737400 ns, Reaching safepoint: 220800 ns, At safepoint: 38600 ns, Total: 259400 ns
[2020-03-27T05:05:55.006+0000][1][safepoint    ] Safepoint "RevokeBias", Time since last: 502500 ns, Reaching safepoint: 188300 ns, At safepoint: 29300 ns, Total: 217600 ns
[2020-03-27T05:05:55.007+0000][1][safepoint    ] Safepoint "RevokeBias", Time since last: 835900 ns, Reaching safepoint: 143700 ns, At safepoint: 24600 ns, Total: 168300 ns
[2020-03-27T05:05:55.007+0000][1][safepoint    ] Safepoint "RevokeBias", Time since last: 251700 ns, Reaching safepoint: 111100 ns, At safepoint: 15600 ns, Total: 126700 ns
[2020-03-27T05:05:55.009+0000][1][safepoint    ] Safepoint "RevokeBias", Time since last: 939800 ns, Reaching safepoint: 292400 ns, At safepoint: 336600 ns, Total: 629000 ns
[2020-03-27T05:05:55.010+0000][1][safepoint    ] Safepoint "RevokeBias", Time since last: 1214500 ns, Reaching safepoint: 192700 ns, At safepoint: 55800 ns, Total: 248500 ns
[2020-03-27T05:05:55.011+0000][1][safepoint    ] Safepoint "RevokeBias", Time since last: 1055600 ns, Reaching safepoint: 127700 ns, At safepoint: 14900 ns, Total: 142600 ns
[2020-03-27T05:05:55.012+0000][1][safepoint    ] Safepoint "RevokeBias", Time since last: 508300 ns, Reaching safepoint: 156400 ns, At safepoint: 66100 ns, Total: 222500 ns
[2020-03-27T05:05:55.013+0000][1][safepoint    ] Safepoint "RevokeBias", Time since last: 539000 ns, Reaching safepoint: 282400 ns, At safepoint: 18400 ns, Total: 300800 ns
[2020-03-27T05:05:55.013+0000][1][safepoint    ] Safepoint "RevokeBias", Time since last: 560200 ns, Reaching safepoint: 119200 ns, At safepoint: 16300 ns, Total: 135500 ns
[2020-03-27T05:05:55.015+0000][1][safepoint    ] Safepoint "RevokeBias", Time since last: 871400 ns, Reaching safepoint: 655100 ns, At safepoint: 37200 ns, Total: 692300 ns
[2020-03-27T05:05:55.016+0000][1][safepoint    ] Safepoint "RevokeBias", Time since last: 553400 ns, Reaching safepoint: 163800 ns, At safepoint: 32800 ns, Total: 196600 ns
[2020-03-27T05:05:55.017+0000][1][safepoint    ] Safepoint "RevokeBias", Time since last: 598700 ns, Reaching safepoint: 119800 ns, At safepoint: 71400 ns, Total: 191200 ns
[2020-03-27T05:05:55.021+0000][1][safepoint    ] Safepoint "RevokeBias", Time since last: 1976800 ns, Reaching safepoint: 332900 ns, At safepoint: 2423600 ns, Total: 2756500 ns
[2020-03-27T05:05:55.022+0000][1][safepoint    ] Safepoint "RevokeBias", Time since last: 460400 ns, Reaching safepoint: 322400 ns, At safepoint: 376100 ns, Total: 698500 ns
[2020-03-27T05:05:55.024+0000][1][safepoint    ] Safepoint "RevokeBias", Time since last: 936200 ns, Reaching safepoint: 389300 ns, At safepoint: 38400 ns, Total: 427700 ns
[2020-03-27T05:05:55.025+0000][1][safepoint    ] Safepoint "RevokeBias", Time since last: 1372900 ns, Reaching safepoint: 47500 ns, At safepoint: 20500 ns, Total: 68000 ns
[2020-03-27T05:05:55.028+0000][1][safepoint    ] Safepoint "RevokeBias", Time since last: 2589700 ns, Reaching safepoint: 29600 ns, At safepoint: 14000 ns, Total: 43600 ns
[2020-03-27T05:05:55.029+0000][1][safepoint    ] Safepoint "RevokeBias", Time since last: 687600 ns, Reaching safepoint: 312200 ns, At safepoint: 22700 ns, Total: 334900 ns
[2020-03-27T05:05:55.030+0000][1][safepoint    ] Safepoint "RevokeBias", Time since last: 693100 ns, Reaching safepoint: 164700 ns, At safepoint: 100700 ns, Total: 265400 ns
[2020-03-27T05:05:55.031+0000][1][safepoint    ] Safepoint "RevokeBias", Time since last: 822000 ns, Reaching safepoint: 146300 ns, At safepoint: 152300 ns, Total: 298600 ns
[2020-03-27T05:05:55.032+0000][1][safepoint    ] Safepoint "RevokeBias", Time since last: 482100 ns, Reaching safepoint: 249100 ns, At safepoint: 38700 ns, Total: 287800 ns
[2020-03-27T05:05:55.033+0000][1][safepoint    ] Safepoint "RevokeBias", Time since last: 970300 ns, Reaching safepoint: 49600 ns, At safepoint: 47300 ns, Total: 96900 ns
[2020-03-27T05:05:55.034+0000][1][safepoint    ] Safepoint "RevokeBias", Time since last: 733800 ns, Reaching safepoint: 371300 ns, At safepoint: 27300 ns, Total: 398600 ns
[2020-03-27T05:05:55.035+0000][1][safepoint    ] Safepoint "RevokeBias", Time since last: 598200 ns, Reaching safepoint: 264400 ns, At safepoint: 21600 ns, Total: 286000 ns
[2020-03-27T05:05:55.035+0000][1][safepoint    ] Safepoint "RevokeBias", Time since last: 488300 ns, Reaching safepoint: 138800 ns, At safepoint: 14100 ns, Total: 152900 ns
[2020-03-27T05:05:55.038+0000][1][safepoint    ] Safepoint "RevokeBias", Time since last: 1906400 ns, Reaching safepoint: 424100 ns, At safepoint: 404100 ns, Total: 828200 ns
[2020-03-27T05:05:55.039+0000][1][safepoint    ] Safepoint "RevokeBias", Time since last: 694600 ns, Reaching safepoint: 122500 ns, At safepoint: 29500 ns, Total: 152000 ns
[2020-03-27T05:05:55.040+0000][1][safepoint    ] Safepoint "RevokeBias", Time since last: 473900 ns, Reaching safepoint: 142700 ns, At safepoint: 21300 ns, Total: 164000 ns
[2020-03-27T05:05:55.041+0000][1][safepoint    ] Safepoint "RevokeBias", Time since last: 629800 ns, Reaching safepoint: 280400 ns, At safepoint: 13500 ns, Total: 293900 ns
[2020-03-27T05:05:55.041+0000][1][safepoint    ] Safepoint "RevokeBias", Time since last: 417100 ns, Reaching safepoint: 361000 ns, At safepoint: 15800 ns, Total: 376800 ns
[2020-03-27T05:05:55.042+0000][1][safepoint    ] Safepoint "RevokeBias", Time since last: 374700 ns, Reaching safepoint: 40000 ns, At safepoint: 34100 ns, Total: 74100 ns
[2020-03-27T05:05:55.043+0000][1][safepoint    ] Safepoint "RevokeBias", Time since last: 642300 ns, Reaching safepoint: 118000 ns, At safepoint: 471700 ns, Total: 589700 ns
[2020-03-27T05:05:55.045+0000][1][safepoint    ] Safepoint "RevokeBias", Time since last: 1124900 ns, Reaching safepoint: 131900 ns, At safepoint: 166000 ns, Total: 297900 ns
[2020-03-27T05:05:55.045+0000][1][safepoint    ] Safepoint "RevokeBias", Time since last: 390600 ns, Reaching safepoint: 117800 ns, At safepoint: 21800 ns, Total: 139600 ns
[2020-03-27T05:05:55.045+0000][1][safepoint    ] Safepoint "RevokeBias", Time since last: 193200 ns, Reaching safepoint: 137400 ns, At safepoint: 19200 ns, Total: 156600 ns
[2020-03-27T05:05:55.046+0000][1][safepoint    ] Safepoint "RevokeBias", Time since last: 234200 ns, Reaching safepoint: 516200 ns, At safepoint: 14900 ns, Total: 531100 ns
[2020-03-27T05:05:55.046+0000][1][safepoint    ] Safepoint "RevokeBias", Time since last: 224600 ns, Reaching safepoint: 56400 ns, At safepoint: 22200 ns, Total: 78600 ns
[2020-03-27T05:05:55.048+0000][1][safepoint    ] Safepoint "RevokeBias", Time since last: 1653000 ns, Reaching safepoint: 135000 ns, At safepoint: 17800 ns, Total: 152800 ns
[2020-03-27T05:05:55.049+0000][1][safepoint    ] Safepoint "RevokeBias", Time since last: 344800 ns, Reaching safepoint: 27800 ns, At safepoint: 65600 ns, Total: 93400 ns
[2020-03-27T05:05:55.050+0000][1][safepoint    ] Safepoint "RevokeBias", Time since last: 648500 ns, Reaching safepoint: 115200 ns, At safepoint: 42000 ns, Total: 157200 ns
[2020-03-27T05:05:55.056+0000][1][safepoint    ] Safepoint "RevokeBias", Time since last: 5998000 ns, Reaching safepoint: 45800 ns, At safepoint: 36700 ns, Total: 82500 ns
[2020-03-27T05:05:55.057+0000][1][safepoint    ] Safepoint "RevokeBias", Time since last: 1111500 ns, Reaching safepoint: 147000 ns, At safepoint: 42800 ns, Total: 189800 ns
[2020-03-27T05:05:55.066+0000][1][safepoint    ] Safepoint "RevokeBias", Time since last: 9017200 ns, Reaching safepoint: 151500 ns, At safepoint: 30000 ns, Total: 181500 ns
[2020-03-27T05:05:55.067+0000][1][safepoint    ] Safepoint "RevokeBias", Time since last: 836400 ns, Reaching safepoint: 99400 ns, At safepoint: 34500 ns, Total: 133900 ns
[2020-03-27T05:05:55.130+0000][1][safepoint    ] Safepoint "RevokeBias", Time since last: 62690400 ns, Reaching safepoint: 70800 ns, At safepoint: 32500 ns, Total: 103300 ns
[2020-03-27T05:05:55.131+0000][1][safepoint    ] Safepoint "RevokeBias", Time since last: 693800 ns, Reaching safepoint: 119500 ns, At safepoint: 24600 ns, Total: 144100 ns
[2020-03-27T05:05:55.139+0000][1][safepoint    ] Safepoint "RevokeBias", Time since last: 7414500 ns, Reaching safepoint: 356400 ns, At safepoint: 74900 ns, Total: 431300 ns
[2020-03-27T05:05:55.139+0000][1][safepoint    ] Safepoint "RevokeBias", Time since last: 577300 ns, Reaching safepoint: 110400 ns, At safepoint: 14500 ns, Total: 124900 ns
[2020-03-27T05:05:55.140+0000][1][safepoint    ] Safepoint "RevokeBias", Time since last: 915900 ns, Reaching safepoint: 36800 ns, At safepoint: 40700 ns, Total: 77500 ns
[2020-03-27T05:05:55.141+0000][1][safepoint    ] Safepoint "RevokeBias", Time since last: 402200 ns, Reaching safepoint: 192800 ns, At safepoint: 10100 ns, Total: 202900 ns
[2020-03-27T05:05:55.141+0000][1][safepoint    ] Safepoint "RevokeBias", Time since last: 227600 ns, Reaching safepoint: 83100 ns, At safepoint: 16100 ns, Total: 99200 ns
[2020-03-27T05:05:55.196+0000][1][safepoint    ] Safepoint "RevokeBias", Time since last: 54766399 ns, Reaching safepoint: 131500 ns, At safepoint: 17500 ns, Total: 149000 ns
[2020-03-27T05:05:55.197+0000][1][safepoint    ] Safepoint "RevokeBias", Time since last: 897500 ns, Reaching safepoint: 132700 ns, At safepoint: 14400 ns, Total: 147100 ns
[2020-03-27T05:05:55.198+0000][1][safepoint    ] Safepoint "RevokeBias", Time since last: 661800 ns, Reaching safepoint: 30000 ns, At safepoint: 16200 ns, Total: 46200 ns
[2020-03-27T05:05:55.198+0000][1][safepoint    ] Safepoint "RevokeBias", Time since last: 343400 ns, Reaching safepoint: 23500 ns, At safepoint: 13600 ns, Total: 37100 ns
[2020-03-27T05:05:55.199+0000][1][safepoint    ] Safepoint "RevokeBias", Time since last: 343700 ns, Reaching safepoint: 22900 ns, At safepoint: 14400 ns, Total: 37300 ns
[2020-03-27T05:05:55.199+0000][1][safepoint    ] Safepoint "RevokeBias", Time since last: 713900 ns, Reaching safepoint: 110300 ns, At safepoint: 39600 ns, Total: 149900 ns
[2020-03-27T05:05:55.200+0000][1][safepoint    ] Safepoint "RevokeBias", Time since last: 508000 ns, Reaching safepoint: 113900 ns, At safepoint: 34200 ns, Total: 148100 ns
[2020-03-27T05:05:55.205+0000][1][safepoint    ] Safepoint "RevokeBias", Time since last: 5187400 ns, Reaching safepoint: 46800 ns, At safepoint: 18000 ns, Total: 64800 ns
[2020-03-27T05:05:55.206+0000][1][safepoint    ] Safepoint "RevokeBias", Time since last: 949000 ns, Reaching safepoint: 32000 ns, At safepoint: 16400 ns, Total: 48400 ns
[2020-03-27T05:05:55.207+0000][1][safepoint    ] Safepoint "RevokeBias", Time since last: 823600 ns, Reaching safepoint: 30900 ns, At safepoint: 12800 ns, Total: 43700 ns
[2020-03-27T05:05:55.208+0000][1][safepoint    ] Safepoint "RevokeBias", Time since last: 1010800 ns, Reaching safepoint: 55200 ns, At safepoint: 7500 ns, Total: 62700 ns
[2020-03-27T05:05:55.211+0000][1][safepoint    ] Safepoint "RevokeBias", Time since last: 2724900 ns, Reaching safepoint: 126200 ns, At safepoint: 19600 ns, Total: 145800 ns
[2020-03-27T05:05:55.214+0000][1][safepoint    ] Safepoint "RevokeBias", Time since last: 2761000 ns, Reaching safepoint: 104300 ns, At safepoint: 9000 ns, Total: 113300 ns
[2020-03-27T05:05:55.215+0000][1][safepoint    ] Safepoint "RevokeBias", Time since last: 1041900 ns, Reaching safepoint: 14400 ns, At safepoint: 12600 ns, Total: 27000 ns
[2020-03-27T05:05:55.220+0000][1][gc,heap,exit ] Heap
[2020-03-27T05:05:55.221+0000][1][gc,heap,exit ]  par new generation   total 153344K, used 100778K [0x00000000e0000000, 0x00000000ea660000, 0x00000000ea660000)
[2020-03-27T05:05:55.221+0000][1][gc,heap,exit ]   eden space 136320K,  64% used [0x00000000e0000000, 0x00000000e553ad50, 0x00000000e8520000)
[2020-03-27T05:05:55.222+0000][1][gc,heap,exit ]   from space 17024K,  79% used [0x00000000e8520000, 0x00000000e924fb18, 0x00000000e95c0000)
[2020-03-27T05:05:55.222+0000][1][gc,heap,exit ]   to   space 17024K,   0% used [0x00000000e95c0000, 0x00000000e95c0000, 0x00000000ea660000)
[2020-03-27T05:05:55.222+0000][1][gc,heap,exit ]  concurrent mark-sweep generation total 353920K, used 70771K [0x00000000ea660000, 0x0000000100000000, 0x0000000100000000)
[2020-03-27T05:05:55.223+0000][1][gc,heap,exit ]  Metaspace       used 87405K, capacity 94396K, committed 94476K, reserved 1130496K
[2020-03-27T05:05:55.223+0000][1][gc,heap,exit ]   class space    used 11760K, capacity 14657K, committed 14696K, reserved 1048576K
