[2020-03-27T04:54:27.369+0000][1][gc] Using Concurrent Mark Sweep
[2020-03-27T04:54:27.370+0000][1][gc,heap,coops] Heap address: 0x00000000e0000000, size: 512 MB, Compressed Oops mode: 32-bit
[2020-03-27T04:54:27.401+0000][1][safepoint    ] Safepoint "EnableBiasedLocking", Time since last: 22781199 ns, Reaching safepoint: 92600 ns, At safepoint: 30300 ns, Total: 122900 ns
[2020-03-27T04:54:27.404+0000][1][safepoint    ] Safepoint "RevokeBias", Time since last: 2114700 ns, Reaching safepoint: 119500 ns, At safepoint: 47200 ns, Total: 166700 ns
[2020-03-27T04:54:27.410+0000][1][safepoint    ] Safepoint "Deoptimize", Time since last: 5613299 ns, Reaching safepoint: 850100 ns, At safepoint: 26300 ns, Total: 876400 ns
[2020-03-27T04:54:27.461+0000][1][safepoint    ] Safepoint "RevokeBias", Time since last: 51054898 ns, Reaching safepoint: 106000 ns, At safepoint: 55900 ns, Total: 161900 ns
[2020-03-27T04:54:27.464+0000][1][safepoint    ] Safepoint "Deoptimize", Time since last: 2891400 ns, Reaching safepoint: 91500 ns, At safepoint: 48200 ns, Total: 139700 ns
[2020-03-27T04:54:27.490+0000][1][safepoint    ] Safepoint "Deoptimize", Time since last: 25545198 ns, Reaching safepoint: 92800 ns, At safepoint: 26600 ns, Total: 119400 ns
[2020-03-27T04:54:27.676+0000][1][safepoint    ] Safepoint "Deoptimize", Time since last: 185531091 ns, Reaching safepoint: 117600 ns, At safepoint: 42600 ns, Total: 160200 ns
[2020-03-27T04:54:27.707+0000][1][safepoint    ] Safepoint "Deoptimize", Time since last: 31103099 ns, Reaching safepoint: 101800 ns, At safepoint: 58100 ns, Total: 159900 ns
[2020-03-27T04:54:27.850+0000][1][gc,start     ] GC(0) Pause Young (Allocation Failure)
[2020-03-27T04:54:27.857+0000][1][gc,task      ] GC(0) Using 2 workers of 2 for evacuation
[2020-03-27T04:54:27.864+0000][1][gc,age       ] GC(0) Desired survivor size 2228224 bytes, new threshold 1 (max threshold 6)
[2020-03-27T04:54:27.864+0000][1][gc,age       ] GC(0) Age table with threshold 1 (max threshold 6)
[2020-03-27T04:54:27.864+0000][1][gc,age       ] GC(0) - age   1:    4428440 bytes,    4428440 total
[2020-03-27T04:54:27.865+0000][1][gc,heap      ] GC(0) ParNew: 34944K->4351K(39296K)
[2020-03-27T04:54:27.865+0000][1][gc,heap      ] GC(0) CMS: 0K->0K(87424K)
[2020-03-27T04:54:27.866+0000][1][gc,metaspace ] GC(0) Metaspace: 7952K->7952K(1056768K)
[2020-03-27T04:54:27.866+0000][1][gc           ] GC(0) Pause Young (Allocation Failure) 34M->4M(123M) 16.181ms
[2020-03-27T04:54:27.866+0000][1][gc,cpu       ] GC(0) User=0.01s Sys=0.00s Real=0.02s
[2020-03-27T04:54:27.867+0000][1][safepoint    ] Safepoint "GenCollectForAllocation", Time since last: 142649792 ns, Reaching safepoint: 118900 ns, At safepoint: 16875400 ns, Total: 16994300 ns
[2020-03-27T04:54:27.867+0000][1][safepoint    ] Safepoint "RevokeBias", Time since last: 617200 ns, Reaching safepoint: 88700 ns, At safepoint: 17800 ns, Total: 106500 ns
[2020-03-27T04:54:27.868+0000][1][safepoint    ] Safepoint "RevokeBias", Time since last: 316500 ns, Reaching safepoint: 117200 ns, At safepoint: 12800 ns, Total: 130000 ns
[2020-03-27T04:54:27.868+0000][1][safepoint    ] Safepoint "RevokeBias", Time since last: 348900 ns, Reaching safepoint: 135900 ns, At safepoint: 41800 ns, Total: 177700 ns
[2020-03-27T04:54:27.869+0000][1][safepoint    ] Safepoint "RevokeBias", Time since last: 343400 ns, Reaching safepoint: 92500 ns, At safepoint: 31000 ns, Total: 123500 ns
[2020-03-27T04:54:27.870+0000][1][safepoint    ] Safepoint "RevokeBias", Time since last: 780499 ns, Reaching safepoint: 118200 ns, At safepoint: 17300 ns, Total: 135500 ns
[2020-03-27T04:54:27.871+0000][1][safepoint    ] Safepoint "RevokeBias", Time since last: 563500 ns, Reaching safepoint: 238300 ns, At safepoint: 32400 ns, Total: 270700 ns
[2020-03-27T04:54:27.872+0000][1][safepoint    ] Safepoint "RevokeBias", Time since last: 891000 ns, Reaching safepoint: 130900 ns, At safepoint: 12900 ns, Total: 143800 ns
[2020-03-27T04:54:27.874+0000][1][safepoint    ] Safepoint "RevokeBias", Time since last: 1983700 ns, Reaching safepoint: 92300 ns, At safepoint: 32100 ns, Total: 124400 ns
[2020-03-27T04:54:27.876+0000][1][safepoint    ] Safepoint "RevokeBias", Time since last: 1888800 ns, Reaching safepoint: 80000 ns, At safepoint: 22900 ns, Total: 102900 ns
[2020-03-27T04:54:27.876+0000][1][safepoint    ] Safepoint "RevokeBias", Time since last: 428800 ns, Reaching safepoint: 163700 ns, At safepoint: 21600 ns, Total: 185300 ns
[2020-03-27T04:54:27.877+0000][1][safepoint    ] Safepoint "RevokeBias", Time since last: 352400 ns, Reaching safepoint: 76400 ns, At safepoint: 38600 ns, Total: 115000 ns
[2020-03-27T04:54:27.877+0000][1][safepoint    ] Safepoint "RevokeBias", Time since last: 420400 ns, Reaching safepoint: 226900 ns, At safepoint: 17000 ns, Total: 243900 ns
[2020-03-27T04:54:27.878+0000][1][safepoint    ] Safepoint "RevokeBias", Time since last: 371400 ns, Reaching safepoint: 113100 ns, At safepoint: 33400 ns, Total: 146500 ns
[2020-03-27T04:54:27.878+0000][1][safepoint    ] Safepoint "RevokeBias", Time since last: 338400 ns, Reaching safepoint: 87700 ns, At safepoint: 25100 ns, Total: 112800 ns
[2020-03-27T04:54:27.879+0000][1][safepoint    ] Safepoint "RevokeBias", Time since last: 368700 ns, Reaching safepoint: 93100 ns, At safepoint: 43100 ns, Total: 136200 ns
[2020-03-27T04:54:27.879+0000][1][safepoint    ] Safepoint "RevokeBias", Time since last: 395000 ns, Reaching safepoint: 88100 ns, At safepoint: 23700 ns, Total: 111800 ns
[2020-03-27T04:54:27.880+0000][1][safepoint    ] Safepoint "RevokeBias", Time since last: 350000 ns, Reaching safepoint: 109500 ns, At safepoint: 52900 ns, Total: 162400 ns
[2020-03-27T04:54:27.880+0000][1][safepoint    ] Safepoint "RevokeBias", Time since last: 321200 ns, Reaching safepoint: 220600 ns, At safepoint: 21700 ns, Total: 242300 ns
[2020-03-27T04:54:27.881+0000][1][safepoint    ] Safepoint "RevokeBias", Time since last: 435600 ns, Reaching safepoint: 8500 ns, At safepoint: 19000 ns, Total: 27500 ns
[2020-03-27T04:54:27.881+0000][1][safepoint    ] Safepoint "RevokeBias", Time since last: 344000 ns, Reaching safepoint: 87400 ns, At safepoint: 22900 ns, Total: 110300 ns
[2020-03-27T04:54:27.882+0000][1][safepoint    ] Safepoint "RevokeBias", Time since last: 287300 ns, Reaching safepoint: 106300 ns, At safepoint: 21000 ns, Total: 127300 ns
[2020-03-27T04:54:27.882+0000][1][safepoint    ] Safepoint "RevokeBias", Time since last: 278300 ns, Reaching safepoint: 86700 ns, At safepoint: 30200 ns, Total: 116900 ns
[2020-03-27T04:54:27.883+0000][1][safepoint    ] Safepoint "RevokeBias", Time since last: 249300 ns, Reaching safepoint: 96200 ns, At safepoint: 36200 ns, Total: 132400 ns
[2020-03-27T04:54:27.883+0000][1][safepoint    ] Safepoint "RevokeBias", Time since last: 291500 ns, Reaching safepoint: 9200 ns, At safepoint: 55900 ns, Total: 65100 ns
[2020-03-27T04:54:27.883+0000][1][safepoint    ] Safepoint "RevokeBias", Time since last: 293000 ns, Reaching safepoint: 152800 ns, At safepoint: 21900 ns, Total: 174700 ns
[2020-03-27T04:54:27.884+0000][1][safepoint    ] Safepoint "RevokeBias", Time since last: 213900 ns, Reaching safepoint: 86200 ns, At safepoint: 29000 ns, Total: 115200 ns
[2020-03-27T04:54:27.919+0000][1][safepoint    ] Safepoint "Deoptimize", Time since last: 35250198 ns, Reaching safepoint: 100200 ns, At safepoint: 58000 ns, Total: 158200 ns
[2020-03-27T04:54:28.016+0000][1][safepoint    ] Safepoint "Deoptimize", Time since last: 96677395 ns, Reaching safepoint: 22400 ns, At safepoint: 91500 ns, Total: 113900 ns
[2020-03-27T04:54:28.209+0000][1][safepoint    ] Safepoint "Deoptimize", Time since last: 192545091 ns, Reaching safepoint: 72000 ns, At safepoint: 98400 ns, Total: 170400 ns
[2020-03-27T04:54:28.275+0000][1][safepoint    ] Safepoint "Deoptimize", Time since last: 66385296 ns, Reaching safepoint: 98000 ns, At safepoint: 110700 ns, Total: 208700 ns
[2020-03-27T04:54:28.276+0000][1][safepoint    ] Safepoint "Deoptimize", Time since last: 700900 ns, Reaching safepoint: 63300 ns, At safepoint: 115700 ns, Total: 179000 ns
[2020-03-27T04:54:28.297+0000][1][safepoint    ] Safepoint "Deoptimize", Time since last: 20648299 ns, Reaching safepoint: 20800 ns, At safepoint: 115100 ns, Total: 135900 ns
[2020-03-27T04:54:28.299+0000][1][safepoint    ] Safepoint "Deoptimize", Time since last: 2409500 ns, Reaching safepoint: 11600 ns, At safepoint: 115600 ns, Total: 127200 ns
[2020-03-27T04:54:28.305+0000][1][safepoint    ] Safepoint "RevokeBias", Time since last: 5227100 ns, Reaching safepoint: 100300 ns, At safepoint: 13700 ns, Total: 114000 ns
[2020-03-27T04:54:28.306+0000][1][safepoint    ] Safepoint "RevokeBias", Time since last: 920200 ns, Reaching safepoint: 87100 ns, At safepoint: 37200 ns, Total: 124300 ns
[2020-03-27T04:54:28.307+0000][1][safepoint    ] Safepoint "RevokeBias", Time since last: 422800 ns, Reaching safepoint: 469700 ns, At safepoint: 26200 ns, Total: 495900 ns
[2020-03-27T04:54:28.309+0000][1][safepoint    ] Safepoint "RevokeBias", Time since last: 1985500 ns, Reaching safepoint: 88200 ns, At safepoint: 22300 ns, Total: 110500 ns
[2020-03-27T04:54:28.339+0000][1][gc,start     ] GC(1) Pause Young (Allocation Failure)
[2020-03-27T04:54:28.340+0000][1][gc,task      ] GC(1) Using 2 workers of 2 for evacuation
[2020-03-27T04:54:28.353+0000][1][gc,age       ] GC(1) Desired survivor size 2228224 bytes, new threshold 1 (max threshold 6)
[2020-03-27T04:54:28.354+0000][1][gc,age       ] GC(1) Age table with threshold 1 (max threshold 6)
[2020-03-27T04:54:28.366+0000][1][gc,age       ] GC(1) - age   1:    3734384 bytes,    3734384 total
[2020-03-27T04:54:28.366+0000][1][gc,heap      ] GC(1) ParNew: 39295K->4352K(39296K)
[2020-03-27T04:54:28.367+0000][1][gc,heap      ] GC(1) CMS: 0K->4642K(87424K)
[2020-03-27T04:54:28.367+0000][1][gc,metaspace ] GC(1) Metaspace: 12548K->12548K(1060864K)
[2020-03-27T04:54:28.368+0000][1][gc           ] GC(1) Pause Young (Allocation Failure) 38M->8M(123M) 28.515ms
[2020-03-27T04:54:28.368+0000][1][gc,cpu       ] GC(1) User=0.03s Sys=0.00s Real=0.03s
[2020-03-27T04:54:28.369+0000][1][safepoint    ] Safepoint "GenCollectForAllocation", Time since last: 30337798 ns, Reaching safepoint: 24400 ns, At safepoint: 29519799 ns, Total: 29544199 ns
[2020-03-27T04:54:28.369+0000][1][safepoint    ] Safepoint "RevokeBias", Time since last: 579100 ns, Reaching safepoint: 95000 ns, At safepoint: 48500 ns, Total: 143500 ns
[2020-03-27T04:54:28.370+0000][1][safepoint    ] Safepoint "RevokeBias", Time since last: 397100 ns, Reaching safepoint: 97500 ns, At safepoint: 29500 ns, Total: 127000 ns
[2020-03-27T04:54:28.371+0000][1][safepoint    ] Safepoint "RevokeBias", Time since last: 519600 ns, Reaching safepoint: 89300 ns, At safepoint: 30400 ns, Total: 119700 ns
[2020-03-27T04:54:28.716+0000][1][gc,start     ] GC(2) Pause Young (Allocation Failure)
[2020-03-27T04:54:28.717+0000][1][gc,task      ] GC(2) Using 2 workers of 2 for evacuation
[2020-03-27T04:54:28.722+0000][1][gc,age       ] GC(2) Desired survivor size 2228224 bytes, new threshold 1 (max threshold 6)
[2020-03-27T04:54:28.723+0000][1][gc,age       ] GC(2) Age table with threshold 1 (max threshold 6)
[2020-03-27T04:54:28.723+0000][1][gc,age       ] GC(2) - age   1:    2420040 bytes,    2420040 total
[2020-03-27T04:54:28.724+0000][1][gc,heap      ] GC(2) ParNew: 39296K->3294K(39296K)
[2020-03-27T04:54:28.724+0000][1][gc,heap      ] GC(2) CMS: 4642K->6721K(87424K)
[2020-03-27T04:54:28.725+0000][1][gc,metaspace ] GC(2) Metaspace: 16010K->16010K(1064960K)
[2020-03-27T04:54:28.725+0000][1][gc           ] GC(2) Pause Young (Allocation Failure) 42M->9M(123M) 9.275ms
[2020-03-27T04:54:28.726+0000][1][gc,cpu       ] GC(2) User=0.01s Sys=0.00s Real=0.01s
[2020-03-27T04:54:28.726+0000][1][safepoint    ] Safepoint "GenCollectForAllocation", Time since last: 345453682 ns, Reaching safepoint: 60900 ns, At safepoint: 10272000 ns, Total: 10332900 ns
[2020-03-27T04:54:28.727+0000][1][safepoint    ] Safepoint "RevokeBias", Time since last: 634600 ns, Reaching safepoint: 119800 ns, At safepoint: 49700 ns, Total: 169500 ns
[2020-03-27T04:54:28.728+0000][1][safepoint    ] Safepoint "RevokeBias", Time since last: 492500 ns, Reaching safepoint: 199600 ns, At safepoint: 30900 ns, Total: 230500 ns
[2020-03-27T04:54:28.729+0000][1][safepoint    ] Safepoint "RevokeBias", Time since last: 492200 ns, Reaching safepoint: 140300 ns, At safepoint: 21000 ns, Total: 161300 ns
[2020-03-27T04:54:28.729+0000][1][safepoint    ] Safepoint "RevokeBias", Time since last: 627700 ns, Reaching safepoint: 45300 ns, At safepoint: 15800 ns, Total: 61100 ns
[2020-03-27T04:54:28.731+0000][1][safepoint    ] Safepoint "RevokeBias", Time since last: 1332300 ns, Reaching safepoint: 21000 ns, At safepoint: 13800 ns, Total: 34800 ns
[2020-03-27T04:54:28.731+0000][1][safepoint    ] Safepoint "RevokeBias", Time since last: 308000 ns, Reaching safepoint: 100100 ns, At safepoint: 35200 ns, Total: 135300 ns
[2020-03-27T04:54:28.731+0000][1][safepoint    ] Safepoint "RevokeBias", Time since last: 284500 ns, Reaching safepoint: 95800 ns, At safepoint: 31400 ns, Total: 127200 ns
[2020-03-27T04:54:28.732+0000][1][safepoint    ] Safepoint "RevokeBias", Time since last: 409500 ns, Reaching safepoint: 7000 ns, At safepoint: 28600 ns, Total: 35600 ns
[2020-03-27T04:54:28.732+0000][1][safepoint    ] Safepoint "RevokeBias", Time since last: 243700 ns, Reaching safepoint: 143400 ns, At safepoint: 30799 ns, Total: 174199 ns
[2020-03-27T04:54:28.733+0000][1][safepoint    ] Safepoint "RevokeBias", Time since last: 641000 ns, Reaching safepoint: 86500 ns, At safepoint: 24700 ns, Total: 111200 ns
[2020-03-27T04:54:28.743+0000][1][safepoint    ] Safepoint "RevokeBias", Time since last: 9574500 ns, Reaching safepoint: 16100 ns, At safepoint: 37200 ns, Total: 53300 ns
[2020-03-27T04:54:28.809+0000][1][gc,start     ] GC(3) Pause Young (Allocation Failure)
[2020-03-27T04:54:28.809+0000][1][gc,task      ] GC(3) Using 2 workers of 2 for evacuation
[2020-03-27T04:54:28.813+0000][1][gc,age       ] GC(3) Desired survivor size 2228224 bytes, new threshold 1 (max threshold 6)
[2020-03-27T04:54:28.814+0000][1][gc,age       ] GC(3) Age table with threshold 1 (max threshold 6)
[2020-03-27T04:54:28.814+0000][1][gc,age       ] GC(3) - age   1:    2604504 bytes,    2604504 total
[2020-03-27T04:54:28.814+0000][1][gc,heap      ] GC(3) ParNew: 38238K->3894K(39296K)
[2020-03-27T04:54:28.815+0000][1][gc,heap      ] GC(3) CMS: 6721K->7962K(87424K)
[2020-03-27T04:54:28.815+0000][1][gc,metaspace ] GC(3) Metaspace: 17084K->17084K(1064960K)
[2020-03-27T04:54:28.815+0000][1][gc           ] GC(3) Pause Young (Allocation Failure) 43M->11M(123M) 6.421ms
[2020-03-27T04:54:28.816+0000][1][gc,cpu       ] GC(3) User=0.01s Sys=0.00s Real=0.01s
[2020-03-27T04:54:28.816+0000][1][safepoint    ] Safepoint "GenCollectForAllocation", Time since last: 66040397 ns, Reaching safepoint: 106800 ns, At safepoint: 7278899 ns, Total: 7385699 ns
[2020-03-27T04:54:28.818+0000][1][safepoint    ] Safepoint "RevokeBias", Time since last: 1298000 ns, Reaching safepoint: 165500 ns, At safepoint: 24100 ns, Total: 189600 ns
[2020-03-27T04:54:28.818+0000][1][safepoint    ] Safepoint "BulkRevokeBias", Time since last: 363200 ns, Reaching safepoint: 106900 ns, At safepoint: 43100 ns, Total: 150000 ns
[2020-03-27T04:54:28.911+0000][1][gc,start     ] GC(4) Pause Young (Allocation Failure)
[2020-03-27T04:54:28.911+0000][1][gc,task      ] GC(4) Using 2 workers of 2 for evacuation
[2020-03-27T04:54:28.915+0000][1][gc,age       ] GC(4) Desired survivor size 2228224 bytes, new threshold 6 (max threshold 6)
[2020-03-27T04:54:28.916+0000][1][gc,age       ] GC(4) Age table with threshold 6 (max threshold 6)
[2020-03-27T04:54:28.916+0000][1][gc,age       ] GC(4) - age   1:    1802944 bytes,    1802944 total
[2020-03-27T04:54:28.916+0000][1][gc,heap      ] GC(4) ParNew: 38838K->2684K(39296K)
[2020-03-27T04:54:28.917+0000][1][gc,heap      ] GC(4) CMS: 7962K->9151K(87424K)
[2020-03-27T04:54:28.917+0000][1][gc,metaspace ] GC(4) Metaspace: 18285K->18285K(1067008K)
[2020-03-27T04:54:28.918+0000][1][gc           ] GC(4) Pause Young (Allocation Failure) 45M->11M(123M) 6.787ms
[2020-03-27T04:54:28.918+0000][1][gc,cpu       ] GC(4) User=0.00s Sys=0.00s Real=0.01s
[2020-03-27T04:54:28.919+0000][1][safepoint    ] Safepoint "GenCollectForAllocation", Time since last: 92710696 ns, Reaching safepoint: 39200 ns, At safepoint: 7757399 ns, Total: 7796599 ns
[2020-03-27T04:54:28.920+0000][1][safepoint    ] Safepoint "RevokeBias", Time since last: 974500 ns, Reaching safepoint: 12100 ns, At safepoint: 26500 ns, Total: 38600 ns
[2020-03-27T04:54:28.920+0000][1][safepoint    ] Safepoint "RevokeBias", Time since last: 358800 ns, Reaching safepoint: 106900 ns, At safepoint: 60700 ns, Total: 167600 ns
[2020-03-27T04:54:28.920+0000][1][safepoint    ] Safepoint "RevokeBias", Time since last: 290000 ns, Reaching safepoint: 8600 ns, At safepoint: 13900 ns, Total: 22500 ns
[2020-03-27T04:54:28.921+0000][1][safepoint    ] Safepoint "RevokeBias", Time since last: 379800 ns, Reaching safepoint: 75100 ns, At safepoint: 24500 ns, Total: 99600 ns
[2020-03-27T04:54:28.921+0000][1][safepoint    ] Safepoint "RevokeBias", Time since last: 323300 ns, Reaching safepoint: 85300 ns, At safepoint: 40400 ns, Total: 125700 ns
[2020-03-27T04:54:28.922+0000][1][safepoint    ] Safepoint "RevokeBias", Time since last: 276800 ns, Reaching safepoint: 51400 ns, At safepoint: 26500 ns, Total: 77900 ns
[2020-03-27T04:54:28.922+0000][1][safepoint    ] Safepoint "RevokeBias", Time since last: 198900 ns, Reaching safepoint: 78700 ns, At safepoint: 30700 ns, Total: 109400 ns
[2020-03-27T04:54:28.922+0000][1][safepoint    ] Safepoint "RevokeBias", Time since last: 280100 ns, Reaching safepoint: 86000 ns, At safepoint: 26800 ns, Total: 112800 ns
[2020-03-27T04:54:28.923+0000][1][safepoint    ] Safepoint "RevokeBias", Time since last: 266300 ns, Reaching safepoint: 89000 ns, At safepoint: 28900 ns, Total: 117900 ns
[2020-03-27T04:54:28.923+0000][1][safepoint    ] Safepoint "RevokeBias", Time since last: 226500 ns, Reaching safepoint: 93100 ns, At safepoint: 33600 ns, Total: 126700 ns
[2020-03-27T04:54:28.924+0000][1][safepoint    ] Safepoint "RevokeBias", Time since last: 229500 ns, Reaching safepoint: 89800 ns, At safepoint: 27200 ns, Total: 117000 ns
[2020-03-27T04:54:28.924+0000][1][safepoint    ] Safepoint "RevokeBias", Time since last: 222000 ns, Reaching safepoint: 94900 ns, At safepoint: 32800 ns, Total: 127700 ns
[2020-03-27T04:54:28.924+0000][1][safepoint    ] Safepoint "RevokeBias", Time since last: 261000 ns, Reaching safepoint: 85300 ns, At safepoint: 32500 ns, Total: 117800 ns
[2020-03-27T04:54:28.926+0000][1][safepoint    ] Safepoint "RevokeBias", Time since last: 829100 ns, Reaching safepoint: 610600 ns, At safepoint: 44500 ns, Total: 655100 ns
[2020-03-27T04:54:28.926+0000][1][safepoint    ] Safepoint "RevokeBias", Time since last: 248400 ns, Reaching safepoint: 127700 ns, At safepoint: 54200 ns, Total: 181900 ns
[2020-03-27T04:54:28.927+0000][1][safepoint    ] Safepoint "RevokeBias", Time since last: 185600 ns, Reaching safepoint: 90100 ns, At safepoint: 39200 ns, Total: 129300 ns
[2020-03-27T04:54:28.927+0000][1][safepoint    ] Safepoint "RevokeBias", Time since last: 200900 ns, Reaching safepoint: 65300 ns, At safepoint: 28400 ns, Total: 93700 ns
[2020-03-27T04:54:28.972+0000][1][gc,start     ] GC(5) Pause Young (Allocation Failure)
[2020-03-27T04:54:28.973+0000][1][gc,task      ] GC(5) Using 2 workers of 2 for evacuation
[2020-03-27T04:54:28.974+0000][1][gc,age       ] GC(5) Desired survivor size 2228224 bytes, new threshold 6 (max threshold 6)
[2020-03-27T04:54:28.974+0000][1][gc,age       ] GC(5) Age table with threshold 6 (max threshold 6)
[2020-03-27T04:54:28.975+0000][1][gc,age       ] GC(5) - age   1:      69416 bytes,      69416 total
[2020-03-27T04:54:28.975+0000][1][gc,age       ] GC(5) - age   2:    1256592 bytes,    1326008 total
[2020-03-27T04:54:28.975+0000][1][gc,heap      ] GC(5) ParNew: 37628K->2795K(39296K)
[2020-03-27T04:54:28.975+0000][1][gc,heap      ] GC(5) CMS: 9151K->9151K(87424K)
[2020-03-27T04:54:28.976+0000][1][gc,metaspace ] GC(5) Metaspace: 18351K->18351K(1067008K)
[2020-03-27T04:54:28.976+0000][1][gc           ] GC(5) Pause Young (Allocation Failure) 45M->11M(123M) 4.087ms
[2020-03-27T04:54:28.976+0000][1][gc,cpu       ] GC(5) User=0.00s Sys=0.00s Real=0.01s
[2020-03-27T04:54:28.977+0000][1][safepoint    ] Safepoint "GenCollectForAllocation", Time since last: 45108298 ns, Reaching safepoint: 28500 ns, At safepoint: 4645099 ns, Total: 4673599 ns
[2020-03-27T04:54:28.977+0000][1][safepoint    ] Safepoint "RevokeBias", Time since last: 460700 ns, Reaching safepoint: 130100 ns, At safepoint: 57000 ns, Total: 187100 ns
[2020-03-27T04:54:28.978+0000][1][safepoint    ] Safepoint "RevokeBias", Time since last: 326200 ns, Reaching safepoint: 87400 ns, At safepoint: 18500 ns, Total: 105900 ns
[2020-03-27T04:54:29.014+0000][1][gc,start     ] GC(6) Pause Young (Allocation Failure)
[2020-03-27T04:54:29.014+0000][1][gc,task      ] GC(6) Using 2 workers of 2 for evacuation
[2020-03-27T04:54:29.017+0000][1][gc,age       ] GC(6) Desired survivor size 2228224 bytes, new threshold 3 (max threshold 6)
[2020-03-27T04:54:29.017+0000][1][gc,age       ] GC(6) Age table with threshold 3 (max threshold 6)
[2020-03-27T04:54:29.018+0000][1][gc,age       ] GC(6) - age   1:    1779904 bytes,    1779904 total
[2020-03-27T04:54:29.018+0000][1][gc,age       ] GC(6) - age   2:      41560 bytes,    1821464 total
[2020-03-27T04:54:29.018+0000][1][gc,age       ] GC(6) - age   3:    1256592 bytes,    3078056 total
[2020-03-27T04:54:29.019+0000][1][gc,heap      ] GC(6) ParNew: 37739K->3544K(39296K)
[2020-03-27T04:54:29.019+0000][1][gc,heap      ] GC(6) CMS: 9151K->9151K(87424K)
[2020-03-27T04:54:29.020+0000][1][gc,metaspace ] GC(6) Metaspace: 18404K->18404K(1067008K)
[2020-03-27T04:54:29.020+0000][1][gc           ] GC(6) Pause Young (Allocation Failure) 45M->12M(123M) 6.534ms
[2020-03-27T04:54:29.021+0000][1][gc,cpu       ] GC(6) User=0.01s Sys=0.00s Real=0.01s
[2020-03-27T04:54:29.021+0000][1][safepoint    ] Safepoint "GenCollectForAllocation", Time since last: 35941298 ns, Reaching safepoint: 117000 ns, At safepoint: 7685700 ns, Total: 7802700 ns
[2020-03-27T04:54:29.022+0000][1][safepoint    ] Safepoint "RevokeBias", Time since last: 352300 ns, Reaching safepoint: 95400 ns, At safepoint: 16200 ns, Total: 111600 ns
[2020-03-27T04:54:29.022+0000][1][safepoint    ] Safepoint "RevokeBias", Time since last: 214600 ns, Reaching safepoint: 104200 ns, At safepoint: 28500 ns, Total: 132700 ns
[2020-03-27T04:54:29.023+0000][1][safepoint    ] Safepoint "RevokeBias", Time since last: 418300 ns, Reaching safepoint: 224200 ns, At safepoint: 27200 ns, Total: 251400 ns
[2020-03-27T04:54:29.023+0000][1][safepoint    ] Safepoint "RevokeBias", Time since last: 256800 ns, Reaching safepoint: 109200 ns, At safepoint: 37600 ns, Total: 146800 ns
[2020-03-27T04:54:29.051+0000][1][gc,start     ] GC(7) Pause Young (Allocation Failure)
[2020-03-27T04:54:29.052+0000][1][gc,task      ] GC(7) Using 2 workers of 2 for evacuation
[2020-03-27T04:54:29.054+0000][1][gc,age       ] GC(7) Desired survivor size 2228224 bytes, new threshold 6 (max threshold 6)
[2020-03-27T04:54:29.054+0000][1][gc,age       ] GC(7) Age table with threshold 6 (max threshold 6)
[2020-03-27T04:54:29.055+0000][1][gc,age       ] GC(7) - age   1:    1022328 bytes,    1022328 total
[2020-03-27T04:54:29.055+0000][1][gc,age       ] GC(7) - age   2:      60776 bytes,    1083104 total
[2020-03-27T04:54:29.055+0000][1][gc,age       ] GC(7) - age   3:      41560 bytes,    1124664 total
[2020-03-27T04:54:29.056+0000][1][gc,heap      ] GC(7) ParNew: 38488K->2331K(39296K)
[2020-03-27T04:54:29.056+0000][1][gc,heap      ] GC(7) CMS: 9151K->10387K(87424K)
[2020-03-27T04:54:29.056+0000][1][gc,metaspace ] GC(7) Metaspace: 18454K->18454K(1067008K)
[2020-03-27T04:54:29.056+0000][1][gc           ] GC(7) Pause Young (Allocation Failure) 46M->12M(123M) 5.495ms
[2020-03-27T04:54:29.057+0000][1][gc,cpu       ] GC(7) User=0.00s Sys=0.00s Real=0.01s
[2020-03-27T04:54:29.057+0000][1][safepoint    ] Safepoint "GenCollectForAllocation", Time since last: 27557699 ns, Reaching safepoint: 96600 ns, At safepoint: 6220999 ns, Total: 6317599 ns
[2020-03-27T04:54:29.058+0000][1][safepoint    ] Safepoint "RevokeBias", Time since last: 414800 ns, Reaching safepoint: 91700 ns, At safepoint: 16800 ns, Total: 108500 ns
[2020-03-27T04:54:29.058+0000][1][safepoint    ] Safepoint "RevokeBias", Time since last: 341100 ns, Reaching safepoint: 118100 ns, At safepoint: 15400 ns, Total: 133500 ns
[2020-03-27T04:54:29.059+0000][1][safepoint    ] Safepoint "RevokeBias", Time since last: 383000 ns, Reaching safepoint: 90000 ns, At safepoint: 14200 ns, Total: 104200 ns
[2020-03-27T04:54:29.059+0000][1][safepoint    ] Safepoint "RevokeBias", Time since last: 151900 ns, Reaching safepoint: 116700 ns, At safepoint: 14300 ns, Total: 131000 ns
[2020-03-27T04:54:29.085+0000][1][gc,start     ] GC(8) Pause Young (Allocation Failure)
[2020-03-27T04:54:29.086+0000][1][gc,task      ] GC(8) Using 2 workers of 2 for evacuation
[2020-03-27T04:54:29.087+0000][1][gc,age       ] GC(8) Desired survivor size 2228224 bytes, new threshold 6 (max threshold 6)
[2020-03-27T04:54:29.088+0000][1][gc,age       ] GC(8) Age table with threshold 6 (max threshold 6)
[2020-03-27T04:54:29.088+0000][1][gc,age       ] GC(8) - age   1:     523128 bytes,     523128 total
[2020-03-27T04:54:29.089+0000][1][gc,age       ] GC(8) - age   2:     276688 bytes,     799816 total
[2020-03-27T04:54:29.089+0000][1][gc,age       ] GC(8) - age   3:      60776 bytes,     860592 total
[2020-03-27T04:54:29.089+0000][1][gc,age       ] GC(8) - age   4:      41560 bytes,     902152 total
[2020-03-27T04:54:29.090+0000][1][gc,heap      ] GC(8) ParNew: 37275K->1165K(39296K)
[2020-03-27T04:54:29.090+0000][1][gc,heap      ] GC(8) CMS: 10387K->10387K(87424K)
[2020-03-27T04:54:29.090+0000][1][gc,metaspace ] GC(8) Metaspace: 18462K->18462K(1067008K)
[2020-03-27T04:54:29.091+0000][1][gc           ] GC(8) Pause Young (Allocation Failure) 46M->11M(123M) 5.839ms
[2020-03-27T04:54:29.091+0000][1][gc,cpu       ] GC(8) User=0.00s Sys=0.00s Real=0.01s
[2020-03-27T04:54:29.092+0000][1][safepoint    ] Safepoint "GenCollectForAllocation", Time since last: 25908299 ns, Reaching safepoint: 98700 ns, At safepoint: 6748700 ns, Total: 6847400 ns
[2020-03-27T04:54:29.124+0000][1][safepoint    ] Safepoint "RevokeBias", Time since last: 32187198 ns, Reaching safepoint: 102100 ns, At safepoint: 10900 ns, Total: 113000 ns
[2020-03-27T04:54:29.147+0000][1][gc,start     ] GC(9) Pause Young (Allocation Failure)
[2020-03-27T04:54:29.148+0000][1][gc,task      ] GC(9) Using 2 workers of 2 for evacuation
[2020-03-27T04:54:29.150+0000][1][gc,age       ] GC(9) Desired survivor size 2228224 bytes, new threshold 6 (max threshold 6)
[2020-03-27T04:54:29.150+0000][1][gc,age       ] GC(9) Age table with threshold 6 (max threshold 6)
[2020-03-27T04:54:29.151+0000][1][gc,age       ] GC(9) - age   1:     699032 bytes,     699032 total
[2020-03-27T04:54:29.151+0000][1][gc,age       ] GC(9) - age   2:     521032 bytes,    1220064 total
[2020-03-27T04:54:29.152+0000][1][gc,age       ] GC(9) - age   3:     263000 bytes,    1483064 total
[2020-03-27T04:54:29.152+0000][1][gc,age       ] GC(9) - age   4:      60776 bytes,    1543840 total
[2020-03-27T04:54:29.153+0000][1][gc,age       ] GC(9) - age   5:      41560 bytes,    1585400 total
[2020-03-27T04:54:29.153+0000][1][gc,heap      ] GC(9) ParNew: 36109K->1678K(39296K)
[2020-03-27T04:54:29.154+0000][1][gc,heap      ] GC(9) CMS: 10387K->10387K(87424K)
[2020-03-27T04:54:29.154+0000][1][gc,metaspace ] GC(9) Metaspace: 18767K->18767K(1067008K)
[2020-03-27T04:54:29.154+0000][1][gc           ] GC(9) Pause Young (Allocation Failure) 45M->11M(123M) 7.618ms
[2020-03-27T04:54:29.155+0000][1][gc,cpu       ] GC(9) User=0.00s Sys=0.00s Real=0.00s
[2020-03-27T04:54:29.156+0000][1][safepoint    ] Safepoint "GenCollectForAllocation", Time since last: 22760099 ns, Reaching safepoint: 101300 ns, At safepoint: 8664399 ns, Total: 8765699 ns
[2020-03-27T04:54:29.157+0000][1][safepoint    ] Safepoint "RevokeBias", Time since last: 1066300 ns, Reaching safepoint: 87000 ns, At safepoint: 30500 ns, Total: 117500 ns
[2020-03-27T04:54:29.157+0000][1][safepoint    ] Safepoint "RevokeBias", Time since last: 197800 ns, Reaching safepoint: 11800 ns, At safepoint: 29400 ns, Total: 41200 ns
[2020-03-27T04:54:29.157+0000][1][safepoint    ] Safepoint "RevokeBias", Time since last: 202300 ns, Reaching safepoint: 93400 ns, At safepoint: 13700 ns, Total: 107100 ns
[2020-03-27T04:54:29.158+0000][1][safepoint    ] Safepoint "RevokeBias", Time since last: 176000 ns, Reaching safepoint: 94800 ns, At safepoint: 12000 ns, Total: 106800 ns
[2020-03-27T04:54:29.186+0000][1][gc,start     ] GC(10) Pause Young (Allocation Failure)
[2020-03-27T04:54:29.186+0000][1][gc,task      ] GC(10) Using 2 workers of 2 for evacuation
[2020-03-27T04:54:29.187+0000][1][gc,age       ] GC(10) Desired survivor size 2228224 bytes, new threshold 6 (max threshold 6)
[2020-03-27T04:54:29.188+0000][1][gc,age       ] GC(10) Age table with threshold 6 (max threshold 6)
[2020-03-27T04:54:29.188+0000][1][gc,age       ] GC(10) - age   1:     201920 bytes,     201920 total
[2020-03-27T04:54:29.188+0000][1][gc,age       ] GC(10) - age   2:     680592 bytes,     882512 total
[2020-03-27T04:54:29.188+0000][1][gc,age       ] GC(10) - age   3:     520520 bytes,    1403032 total
[2020-03-27T04:54:29.188+0000][1][gc,age       ] GC(10) - age   4:     263000 bytes,    1666032 total
[2020-03-27T04:54:29.189+0000][1][gc,age       ] GC(10) - age   5:      60776 bytes,    1726808 total
[2020-03-27T04:54:29.189+0000][1][gc,age       ] GC(10) - age   6:      41560 bytes,    1768368 total
[2020-03-27T04:54:29.189+0000][1][gc,heap      ] GC(10) ParNew: 36622K->2711K(39296K)
[2020-03-27T04:54:29.189+0000][1][gc,heap      ] GC(10) CMS: 10387K->10387K(87424K)
[2020-03-27T04:54:29.190+0000][1][gc,metaspace ] GC(10) Metaspace: 18864K->18864K(1067008K)
[2020-03-27T04:54:29.190+0000][1][gc           ] GC(10) Pause Young (Allocation Failure) 45M->12M(123M) 4.197ms
[2020-03-27T04:54:29.190+0000][1][gc,cpu       ] GC(10) User=0.00s Sys=0.00s Real=0.00s
[2020-03-27T04:54:29.191+0000][1][safepoint    ] Safepoint "GenCollectForAllocation", Time since last: 27874199 ns, Reaching safepoint: 122900 ns, At safepoint: 4968400 ns, Total: 5091300 ns
[2020-03-27T04:54:29.191+0000][1][safepoint    ] Safepoint "BulkRevokeBias", Time since last: 316500 ns, Reaching safepoint: 93500 ns, At safepoint: 100000 ns, Total: 193500 ns
[2020-03-27T04:54:29.192+0000][1][safepoint    ] Safepoint "RevokeBias", Time since last: 521400 ns, Reaching safepoint: 83200 ns, At safepoint: 29800 ns, Total: 113000 ns
[2020-03-27T04:54:29.217+0000][1][safepoint    ] Safepoint "Deoptimize", Time since last: 25284298 ns, Reaching safepoint: 97400 ns, At safepoint: 173200 ns, Total: 270600 ns
[2020-03-27T04:54:29.241+0000][1][safepoint    ] Safepoint "Deoptimize", Time since last: 23672199 ns, Reaching safepoint: 100600 ns, At safepoint: 236500 ns, Total: 337100 ns
[2020-03-27T04:54:29.254+0000][1][gc,start     ] GC(11) Pause Young (Allocation Failure)
[2020-03-27T04:54:29.255+0000][1][gc,task      ] GC(11) Using 2 workers of 2 for evacuation
[2020-03-27T04:54:29.270+0000][1][gc,age       ] GC(11) Desired survivor size 2228224 bytes, new threshold 2 (max threshold 6)
[2020-03-27T04:54:29.270+0000][1][gc,age       ] GC(11) Age table with threshold 2 (max threshold 6)
[2020-03-27T04:54:29.271+0000][1][gc,age       ] GC(11) - age   1:    2218760 bytes,    2218760 total
[2020-03-27T04:54:29.271+0000][1][gc,age       ] GC(11) - age   2:     185504 bytes,    2404264 total
[2020-03-27T04:54:29.272+0000][1][gc,age       ] GC(11) - age   3:     679904 bytes,    3084168 total
[2020-03-27T04:54:29.272+0000][1][gc,age       ] GC(11) - age   4:     520520 bytes,    3604688 total
[2020-03-27T04:54:29.273+0000][1][gc,age       ] GC(11) - age   5:     263000 bytes,    3867688 total
[2020-03-27T04:54:29.273+0000][1][gc,age       ] GC(11) - age   6:      60776 bytes,    3928464 total
[2020-03-27T04:54:29.273+0000][1][gc,heap      ] GC(11) ParNew: 37655K->4352K(39296K)
[2020-03-27T04:54:29.274+0000][1][gc,heap      ] GC(11) CMS: 10387K->10429K(87424K)
[2020-03-27T04:54:29.274+0000][1][gc,metaspace ] GC(11) Metaspace: 19184K->19184K(1067008K)
[2020-03-27T04:54:29.274+0000][1][gc           ] GC(11) Pause Young (Allocation Failure) 46M->14M(123M) 20.101ms
[2020-03-27T04:54:29.274+0000][1][gc,cpu       ] GC(11) User=0.03s Sys=0.00s Real=0.02s
[2020-03-27T04:54:29.275+0000][1][safepoint    ] Safepoint "GenCollectForAllocation", Time since last: 12652700 ns, Reaching safepoint: 99700 ns, At safepoint: 20586498 ns, Total: 20686198 ns
[2020-03-27T04:54:29.275+0000][1][safepoint    ] Safepoint "RevokeBias", Time since last: 303900 ns, Reaching safepoint: 19000 ns, At safepoint: 41900 ns, Total: 60900 ns
[2020-03-27T04:54:29.275+0000][1][safepoint    ] Safepoint "RevokeBias", Time since last: 260100 ns, Reaching safepoint: 140300 ns, At safepoint: 33000 ns, Total: 173300 ns
[2020-03-27T04:54:29.276+0000][1][safepoint    ] Safepoint "RevokeBias", Time since last: 209400 ns, Reaching safepoint: 67400 ns, At safepoint: 21200 ns, Total: 88600 ns
[2020-03-27T04:54:29.276+0000][1][safepoint    ] Safepoint "RevokeBias", Time since last: 164100 ns, Reaching safepoint: 80300 ns, At safepoint: 23200 ns, Total: 103500 ns
[2020-03-27T04:54:29.276+0000][1][safepoint    ] Safepoint "BulkRevokeBias", Time since last: 192700 ns, Reaching safepoint: 77700 ns, At safepoint: 82400 ns, Total: 160100 ns
[2020-03-27T04:54:29.277+0000][1][safepoint    ] Safepoint "BulkRevokeBias", Time since last: 188600 ns, Reaching safepoint: 62100 ns, At safepoint: 30700 ns, Total: 92800 ns
[2020-03-27T04:54:29.296+0000][1][gc,start     ] GC(12) Pause Young (Allocation Failure)
[2020-03-27T04:54:29.297+0000][1][gc,task      ] GC(12) Using 2 workers of 2 for evacuation
[2020-03-27T04:54:29.300+0000][1][gc,age       ] GC(12) Desired survivor size 2228224 bytes, new threshold 6 (max threshold 6)
[2020-03-27T04:54:29.300+0000][1][gc,age       ] GC(12) Age table with threshold 6 (max threshold 6)
[2020-03-27T04:54:29.300+0000][1][gc,age       ] GC(12) - age   1:      15992 bytes,      15992 total
[2020-03-27T04:54:29.301+0000][1][gc,age       ] GC(12) - age   2:    1743288 bytes,    1759280 total
[2020-03-27T04:54:29.301+0000][1][gc,heap      ] GC(12) ParNew: 39296K->3118K(39296K)
[2020-03-27T04:54:29.301+0000][1][gc,heap      ] GC(12) CMS: 10429K->12117K(87424K)
[2020-03-27T04:54:29.302+0000][1][gc,metaspace ] GC(12) Metaspace: 19184K->19184K(1067008K)
[2020-03-27T04:54:29.302+0000][1][gc           ] GC(12) Pause Young (Allocation Failure) 48M->14M(123M) 5.352ms
[2020-03-27T04:54:29.302+0000][1][gc,cpu       ] GC(12) User=0.01s Sys=0.00s Real=0.00s
[2020-03-27T04:54:29.302+0000][1][safepoint    ] Safepoint "GenCollectForAllocation", Time since last: 19815199 ns, Reaching safepoint: 90500 ns, At safepoint: 5906000 ns, Total: 5996500 ns
[2020-03-27T04:54:29.328+0000][1][gc,start     ] GC(13) Pause Young (Allocation Failure)
[2020-03-27T04:54:29.328+0000][1][gc,task      ] GC(13) Using 2 workers of 2 for evacuation
[2020-03-27T04:54:29.331+0000][1][gc,age       ] GC(13) Desired survivor size 2228224 bytes, new threshold 3 (max threshold 6)
[2020-03-27T04:54:29.331+0000][1][gc,age       ] GC(13) Age table with threshold 3 (max threshold 6)
[2020-03-27T04:54:29.332+0000][1][gc,age       ] GC(13) - age   1:     622832 bytes,     622832 total
[2020-03-27T04:54:29.332+0000][1][gc,age       ] GC(13) - age   2:      11704 bytes,     634536 total
[2020-03-27T04:54:29.333+0000][1][gc,age       ] GC(13) - age   3:    1729672 bytes,    2364208 total
[2020-03-27T04:54:29.333+0000][1][gc,heap      ] GC(13) ParNew: 38062K->2847K(39296K)
[2020-03-27T04:54:29.333+0000][1][gc,heap      ] GC(13) CMS: 12117K->12117K(87424K)
[2020-03-27T04:54:29.334+0000][1][gc,metaspace ] GC(13) Metaspace: 19210K->19210K(1067008K)
[2020-03-27T04:54:29.334+0000][1][gc           ] GC(13) Pause Young (Allocation Failure) 49M->14M(123M) 6.285ms
[2020-03-27T04:54:29.335+0000][1][gc,cpu       ] GC(13) User=0.00s Sys=0.00s Real=0.00s
[2020-03-27T04:54:29.335+0000][1][safepoint    ] Safepoint "GenCollectForAllocation", Time since last: 25417899 ns, Reaching safepoint: 140200 ns, At safepoint: 6956699 ns, Total: 7096899 ns
[2020-03-27T04:54:29.356+0000][1][gc,start     ] GC(14) Pause Young (Allocation Failure)
[2020-03-27T04:54:29.357+0000][1][gc,task      ] GC(14) Using 2 workers of 2 for evacuation
[2020-03-27T04:54:29.361+0000][1][gc,age       ] GC(14) Desired survivor size 2228224 bytes, new threshold 1 (max threshold 6)
[2020-03-27T04:54:29.362+0000][1][gc,age       ] GC(14) Age table with threshold 1 (max threshold 6)
[2020-03-27T04:54:29.362+0000][1][gc,age       ] GC(14) - age   1:    2355440 bytes,    2355440 total
[2020-03-27T04:54:29.363+0000][1][gc,age       ] GC(14) - age   2:     118192 bytes,    2473632 total
[2020-03-27T04:54:29.363+0000][1][gc,age       ] GC(14) - age   3:      11704 bytes,    2485336 total
[2020-03-27T04:54:29.363+0000][1][gc,heap      ] GC(14) ParNew: 37791K->4175K(39296K)
[2020-03-27T04:54:29.364+0000][1][gc,heap      ] GC(14) CMS: 12117K->13862K(87424K)
[2020-03-27T04:54:29.364+0000][1][gc,metaspace ] GC(14) Metaspace: 19212K->19212K(1067008K)
[2020-03-27T04:54:29.365+0000][1][gc           ] GC(14) Pause Young (Allocation Failure) 48M->17M(123M) 8.586ms
[2020-03-27T04:54:29.365+0000][1][gc,cpu       ] GC(14) User=0.01s Sys=0.00s Real=0.00s
[2020-03-27T04:54:29.365+0000][1][safepoint    ] Safepoint "GenCollectForAllocation", Time since last: 21066099 ns, Reaching safepoint: 95900 ns, At safepoint: 9309800 ns, Total: 9405700 ns
[2020-03-27T04:54:29.409+0000][1][gc,start     ] GC(15) Pause Young (Allocation Failure)
[2020-03-27T04:54:29.410+0000][1][gc,task      ] GC(15) Using 2 workers of 2 for evacuation
[2020-03-27T04:54:29.412+0000][1][gc,age       ] GC(15) Desired survivor size 2228224 bytes, new threshold 6 (max threshold 6)
[2020-03-27T04:54:29.412+0000][1][gc,age       ] GC(15) Age table with threshold 6 (max threshold 6)
[2020-03-27T04:54:29.413+0000][1][gc,age       ] GC(15) - age   1:    1815624 bytes,    1815624 total
[2020-03-27T04:54:29.413+0000][1][gc,heap      ] GC(15) ParNew: 39119K->2148K(39296K)
[2020-03-27T04:54:29.414+0000][1][gc,heap      ] GC(15) CMS: 13862K->13967K(87424K)
[2020-03-27T04:54:29.414+0000][1][gc,metaspace ] GC(15) Metaspace: 19467K->19467K(1067008K)
[2020-03-27T04:54:29.415+0000][1][gc           ] GC(15) Pause Young (Allocation Failure) 51M->15M(123M) 5.278ms
[2020-03-27T04:54:29.415+0000][1][gc,cpu       ] GC(15) User=0.00s Sys=0.00s Real=0.00s
[2020-03-27T04:54:29.416+0000][1][safepoint    ] Safepoint "GenCollectForAllocation", Time since last: 43952498 ns, Reaching safepoint: 23400 ns, At safepoint: 6438099 ns, Total: 6461499 ns
[2020-03-27T04:54:29.445+0000][1][gc,start     ] GC(16) Pause Young (Allocation Failure)
[2020-03-27T04:54:29.446+0000][1][gc,task      ] GC(16) Using 2 workers of 2 for evacuation
[2020-03-27T04:54:29.448+0000][1][gc,age       ] GC(16) Desired survivor size 2228224 bytes, new threshold 2 (max threshold 6)
[2020-03-27T04:54:29.448+0000][1][gc,age       ] GC(16) Age table with threshold 2 (max threshold 6)
[2020-03-27T04:54:29.449+0000][1][gc,age       ] GC(16) - age   1:    1491856 bytes,    1491856 total
[2020-03-27T04:54:29.449+0000][1][gc,age       ] GC(16) - age   2:     868936 bytes,    2360792 total
[2020-03-27T04:54:29.449+0000][1][gc,heap      ] GC(16) ParNew: 37092K->2659K(39296K)
[2020-03-27T04:54:29.450+0000][1][gc,heap      ] GC(16) CMS: 13967K->13967K(87424K)
[2020-03-27T04:54:29.450+0000][1][gc,metaspace ] GC(16) Metaspace: 19529K->19529K(1067008K)
[2020-03-27T04:54:29.451+0000][1][gc           ] GC(16) Pause Young (Allocation Failure) 49M->16M(123M) 5.718ms
[2020-03-27T04:54:29.451+0000][1][gc,cpu       ] GC(16) User=0.00s Sys=0.00s Real=0.01s
[2020-03-27T04:54:29.452+0000][1][safepoint    ] Safepoint "GenCollectForAllocation", Time since last: 29162799 ns, Reaching safepoint: 101700 ns, At safepoint: 6564600 ns, Total: 6666300 ns
[2020-03-27T04:54:29.477+0000][1][gc,start     ] GC(17) Pause Young (Allocation Failure)
[2020-03-27T04:54:29.477+0000][1][gc,task      ] GC(17) Using 2 workers of 2 for evacuation
[2020-03-27T04:54:29.481+0000][1][gc,age       ] GC(17) Desired survivor size 2228224 bytes, new threshold 6 (max threshold 6)
[2020-03-27T04:54:29.481+0000][1][gc,age       ] GC(17) Age table with threshold 6 (max threshold 6)
[2020-03-27T04:54:29.482+0000][1][gc,age       ] GC(17) - age   1:    2040656 bytes,    2040656 total
[2020-03-27T04:54:29.482+0000][1][gc,age       ] GC(17) - age   2:      58088 bytes,    2098744 total
[2020-03-27T04:54:29.483+0000][1][gc,heap      ] GC(17) ParNew: 37603K->3082K(39296K)
[2020-03-27T04:54:29.483+0000][1][gc,heap      ] GC(17) CMS: 13967K->14822K(87424K)
[2020-03-27T04:54:29.484+0000][1][gc,metaspace ] GC(17) Metaspace: 19660K->19660K(1067008K)
[2020-03-27T04:54:29.484+0000][1][gc           ] GC(17) Pause Young (Allocation Failure) 50M->17M(123M) 7.396ms
[2020-03-27T04:54:29.485+0000][1][gc,cpu       ] GC(17) User=0.00s Sys=0.00s Real=0.00s
[2020-03-27T04:54:29.485+0000][1][safepoint    ] Safepoint "GenCollectForAllocation", Time since last: 24990798 ns, Reaching safepoint: 106400 ns, At safepoint: 8243400 ns, Total: 8349800 ns
[2020-03-27T04:54:29.512+0000][1][gc,start     ] GC(18) Pause Young (Allocation Failure)
[2020-03-27T04:54:29.512+0000][1][gc,task      ] GC(18) Using 2 workers of 2 for evacuation
[2020-03-27T04:54:29.513+0000][1][gc,age       ] GC(18) Desired survivor size 2228224 bytes, new threshold 6 (max threshold 6)
[2020-03-27T04:54:29.514+0000][1][gc,age       ] GC(18) Age table with threshold 6 (max threshold 6)
[2020-03-27T04:54:29.515+0000][1][gc,age       ] GC(18) - age   1:     410288 bytes,     410288 total
[2020-03-27T04:54:29.515+0000][1][gc,age       ] GC(18) - age   2:      79952 bytes,     490240 total
[2020-03-27T04:54:29.515+0000][1][gc,age       ] GC(18) - age   3:      57984 bytes,     548224 total
[2020-03-27T04:54:29.516+0000][1][gc,heap      ] GC(18) ParNew: 38026K->2050K(39296K)
[2020-03-27T04:54:29.516+0000][1][gc,heap      ] GC(18) CMS: 14822K->14822K(87424K)
[2020-03-27T04:54:29.517+0000][1][gc,metaspace ] GC(18) Metaspace: 19682K->19682K(1067008K)
[2020-03-27T04:54:29.517+0000][1][gc           ] GC(18) Pause Young (Allocation Failure) 51M->16M(123M) 5.624ms
[2020-03-27T04:54:29.518+0000][1][gc,cpu       ] GC(18) User=0.00s Sys=0.00s Real=0.01s
[2020-03-27T04:54:29.518+0000][1][safepoint    ] Safepoint "GenCollectForAllocation", Time since last: 26428199 ns, Reaching safepoint: 158800 ns, At safepoint: 6830899 ns, Total: 6989699 ns
[2020-03-27T04:54:29.543+0000][1][gc,start     ] GC(19) Pause Young (Allocation Failure)
[2020-03-27T04:54:29.543+0000][1][gc,task      ] GC(19) Using 2 workers of 2 for evacuation
[2020-03-27T04:54:29.546+0000][1][gc,age       ] GC(19) Desired survivor size 2228224 bytes, new threshold 2 (max threshold 6)
[2020-03-27T04:54:29.546+0000][1][gc,age       ] GC(19) Age table with threshold 2 (max threshold 6)
[2020-03-27T04:54:29.547+0000][1][gc,age       ] GC(19) - age   1:    2182560 bytes,    2182560 total
[2020-03-27T04:54:29.547+0000][1][gc,age       ] GC(19) - age   2:      69192 bytes,    2251752 total
[2020-03-27T04:54:29.547+0000][1][gc,age       ] GC(19) - age   3:      79952 bytes,    2331704 total
[2020-03-27T04:54:29.548+0000][1][gc,age       ] GC(19) - age   4:      57984 bytes,    2389688 total
[2020-03-27T04:54:29.548+0000][1][gc,heap      ] GC(19) ParNew: 36994K->2586K(39296K)
[2020-03-27T04:54:29.548+0000][1][gc,heap      ] GC(19) CMS: 14822K->14822K(87424K)
[2020-03-27T04:54:29.549+0000][1][gc,metaspace ] GC(19) Metaspace: 19692K->19692K(1067008K)
[2020-03-27T04:54:29.549+0000][1][gc           ] GC(19) Pause Young (Allocation Failure) 50M->17M(123M) 6.345ms
[2020-03-27T04:54:29.549+0000][1][gc,cpu       ] GC(19) User=0.01s Sys=0.01s Real=0.01s
[2020-03-27T04:54:29.549+0000][1][safepoint    ] Safepoint "GenCollectForAllocation", Time since last: 24180899 ns, Reaching safepoint: 110700 ns, At safepoint: 6842000 ns, Total: 6952700 ns
[2020-03-27T04:54:29.570+0000][1][safepoint    ] Safepoint "CollectForMetadataAllocation", Time since last: 20524599 ns, Reaching safepoint: 96000 ns, At safepoint: 74600 ns, Total: 170600 ns
[2020-03-27T04:54:29.585+0000][1][safepoint    ] Safepoint "CollectForMetadataAllocation", Time since last: 14436599 ns, Reaching safepoint: 107600 ns, At safepoint: 69900 ns, Total: 177500 ns
[2020-03-27T04:54:29.604+0000][1][gc,start     ] GC(20) Pause Young (Allocation Failure)
[2020-03-27T04:54:29.605+0000][1][gc,task      ] GC(20) Using 2 workers of 2 for evacuation
[2020-03-27T04:54:29.607+0000][1][gc,age       ] GC(20) Desired survivor size 2228224 bytes, new threshold 6 (max threshold 6)
[2020-03-27T04:54:29.608+0000][1][gc,age       ] GC(20) Age table with threshold 6 (max threshold 6)
[2020-03-27T04:54:29.608+0000][1][gc,age       ] GC(20) - age   1:    1800848 bytes,    1800848 total
[2020-03-27T04:54:29.609+0000][1][gc,age       ] GC(20) - age   2:     291760 bytes,    2092608 total
[2020-03-27T04:54:29.609+0000][1][gc,heap      ] GC(20) ParNew: 37530K->2867K(39296K)
[2020-03-27T04:54:29.609+0000][1][gc,heap      ] GC(20) CMS: 14822K->15031K(87424K)
[2020-03-27T04:54:29.609+0000][1][gc,metaspace ] GC(20) Metaspace: 20596K->20596K(1069056K)
[2020-03-27T04:54:29.609+0000][1][gc           ] GC(20) Pause Young (Allocation Failure) 51M->17M(123M) 5.124ms
[2020-03-27T04:54:29.610+0000][1][gc,cpu       ] GC(20) User=0.01s Sys=0.00s Real=0.01s
[2020-03-27T04:54:29.610+0000][1][safepoint    ] Safepoint "GenCollectForAllocation", Time since last: 19403599 ns, Reaching safepoint: 137900 ns, At safepoint: 5778400 ns, Total: 5916300 ns
[2020-03-27T04:54:29.611+0000][1][gc,start     ] GC(21) Pause Initial Mark
[2020-03-27T04:54:29.612+0000][1][gc           ] GC(21) Pause Initial Mark 18M->18M(123M) 0.888ms
[2020-03-27T04:54:29.612+0000][1][gc,cpu       ] GC(21) User=0.00s Sys=0.00s Real=0.00s
[2020-03-27T04:54:29.612+0000][1][safepoint    ] Safepoint "CMS_Initial_Mark", Time since last: 359300 ns, Reaching safepoint: 154300 ns, At safepoint: 1551200 ns, Total: 1705500 ns
[2020-03-27T04:54:29.613+0000][1][gc           ] GC(21) Concurrent Mark
[2020-03-27T04:54:29.628+0000][1][gc           ] GC(21) Concurrent Mark 15.369ms
[2020-03-27T04:54:29.629+0000][1][gc,cpu       ] GC(21) User=0.03s Sys=0.00s Real=0.02s
[2020-03-27T04:54:29.629+0000][1][gc           ] GC(21) Concurrent Preclean
[2020-03-27T04:54:29.630+0000][1][gc           ] GC(21) Concurrent Preclean 0.597ms
[2020-03-27T04:54:29.630+0000][1][gc,cpu       ] GC(21) User=0.00s Sys=0.00s Real=0.00s
[2020-03-27T04:54:29.630+0000][1][gc           ] GC(21) Concurrent Abortable Preclean
[2020-03-27T04:54:29.641+0000][1][gc,start     ] GC(22) Pause Young (Allocation Failure)
[2020-03-27T04:54:29.641+0000][1][gc,task      ] GC(22) Using 2 workers of 2 for evacuation
[2020-03-27T04:54:29.642+0000][1][gc,age       ] GC(22) Desired survivor size 2228224 bytes, new threshold 6 (max threshold 6)
[2020-03-27T04:54:29.643+0000][1][gc,age       ] GC(22) Age table with threshold 6 (max threshold 6)
[2020-03-27T04:54:29.643+0000][1][gc,age       ] GC(22) - age   1:     203648 bytes,     203648 total
[2020-03-27T04:54:29.643+0000][1][gc,age       ] GC(22) - age   2:     513720 bytes,     717368 total
[2020-03-27T04:54:29.644+0000][1][gc,age       ] GC(22) - age   3:     291760 bytes,    1009128 total
[2020-03-27T04:54:29.644+0000][1][gc,heap      ] GC(22) ParNew: 37811K->2010K(39296K)
[2020-03-27T04:54:29.644+0000][1][gc,heap      ] GC(22) CMS: 15031K->15031K(87424K)
[2020-03-27T04:54:29.645+0000][1][gc,metaspace ] GC(22) Metaspace: 20618K->20618K(1069056K)
[2020-03-27T04:54:29.645+0000][1][gc           ] GC(22) Pause Young (Allocation Failure) 51M->16M(123M) 4.239ms
[2020-03-27T04:54:29.645+0000][1][gc,cpu       ] GC(22) User=0.01s Sys=0.00s Real=0.00s
[2020-03-27T04:54:29.646+0000][1][safepoint    ] Safepoint "GenCollectForAllocation", Time since last: 28332098 ns, Reaching safepoint: 103100 ns, At safepoint: 4940000 ns, Total: 5043100 ns
[2020-03-27T04:54:29.666+0000][1][gc,start     ] GC(23) Pause Young (Allocation Failure)
[2020-03-27T04:54:29.667+0000][1][gc,task      ] GC(23) Using 2 workers of 2 for evacuation
[2020-03-27T04:54:29.670+0000][1][gc,age       ] GC(23) Desired survivor size 2228224 bytes, new threshold 3 (max threshold 6)
[2020-03-27T04:54:29.670+0000][1][gc,age       ] GC(23) Age table with threshold 3 (max threshold 6)
[2020-03-27T04:54:29.670+0000][1][gc,age       ] GC(23) - age   1:    1726744 bytes,    1726744 total
[2020-03-27T04:54:29.671+0000][1][gc,age       ] GC(23) - age   2:     173808 bytes,    1900552 total
[2020-03-27T04:54:29.671+0000][1][gc,age       ] GC(23) - age   3:     513720 bytes,    2414272 total
[2020-03-27T04:54:29.671+0000][1][gc,age       ] GC(23) - age   4:     291760 bytes,    2706032 total
[2020-03-27T04:54:29.671+0000][1][gc,heap      ] GC(23) ParNew: 36954K->3052K(39296K)
[2020-03-27T04:54:29.672+0000][1][gc,heap      ] GC(23) CMS: 15031K->15031K(87424K)
[2020-03-27T04:54:29.672+0000][1][gc,metaspace ] GC(23) Metaspace: 20621K->20621K(1069056K)
[2020-03-27T04:54:29.672+0000][1][gc           ] GC(23) Pause Young (Allocation Failure) 50M->17M(123M) 5.974ms
[2020-03-27T04:54:29.672+0000][1][gc,cpu       ] GC(23) User=0.01s Sys=0.00s Real=0.00s
[2020-03-27T04:54:29.673+0000][1][safepoint    ] Safepoint "GenCollectForAllocation", Time since last: 20630699 ns, Reaching safepoint: 112900 ns, At safepoint: 6303600 ns, Total: 6416500 ns
[2020-03-27T04:54:29.692+0000][1][gc           ] GC(21) Concurrent Abortable Preclean 61.527ms
[2020-03-27T04:54:29.693+0000][1][gc,cpu       ] GC(21) User=0.11s Sys=0.00s Real=0.06s
[2020-03-27T04:54:29.693+0000][1][gc,start     ] GC(21) Pause Remark
[2020-03-27T04:54:29.699+0000][1][gc           ] GC(21) Pause Remark 47M->47M(123M) 6.059ms
[2020-03-27T04:54:29.700+0000][1][gc,cpu       ] GC(21) User=0.01s Sys=0.00s Real=0.01s
[2020-03-27T04:54:29.700+0000][1][safepoint    ] Safepoint "CMS_Final_Remark", Time since last: 20352399 ns, Reaching safepoint: 208400 ns, At safepoint: 6686799 ns, Total: 6895199 ns
[2020-03-27T04:54:29.700+0000][1][gc           ] GC(21) Concurrent Sweep
[2020-03-27T04:54:29.703+0000][1][gc           ] GC(21) Concurrent Sweep 3.057ms
[2020-03-27T04:54:29.704+0000][1][gc,cpu       ] GC(21) User=0.00s Sys=0.00s Real=0.00s
[2020-03-27T04:54:29.704+0000][1][gc           ] GC(21) Concurrent Reset
[2020-03-27T04:54:29.705+0000][1][gc           ] GC(21) Concurrent Reset 0.863ms
[2020-03-27T04:54:29.705+0000][1][gc,cpu       ] GC(21) User=0.01s Sys=0.00s Real=0.00s
[2020-03-27T04:54:29.705+0000][1][gc,heap      ] GC(21) Old: 15031K->14961K(87424K)
[2020-03-27T04:54:29.710+0000][1][gc,start     ] GC(24) Pause Young (Allocation Failure)
[2020-03-27T04:54:29.710+0000][1][gc,task      ] GC(24) Using 2 workers of 2 for evacuation
[2020-03-27T04:54:29.713+0000][1][gc,age       ] GC(24) Desired survivor size 2228224 bytes, new threshold 6 (max threshold 6)
[2020-03-27T04:54:29.713+0000][1][gc,age       ] GC(24) Age table with threshold 6 (max threshold 6)
[2020-03-27T04:54:29.713+0000][1][gc,age       ] GC(24) - age   1:     350168 bytes,     350168 total
[2020-03-27T04:54:29.714+0000][1][gc,age       ] GC(24) - age   2:      32776 bytes,     382944 total
[2020-03-27T04:54:29.714+0000][1][gc,age       ] GC(24) - age   3:     173808 bytes,     556752 total
[2020-03-27T04:54:29.714+0000][1][gc,heap      ] GC(24) ParNew: 37996K->2200K(39296K)
[2020-03-27T04:54:29.715+0000][1][gc,heap      ] GC(24) CMS: 14961K->15755K(87424K)
[2020-03-27T04:54:29.715+0000][1][gc,metaspace ] GC(24) Metaspace: 20632K->20632K(1069056K)
[2020-03-27T04:54:29.715+0000][1][gc           ] GC(24) Pause Young (Allocation Failure) 51M->17M(123M) 5.603ms
[2020-03-27T04:54:29.715+0000][1][gc,cpu       ] GC(24) User=0.01s Sys=0.00s Real=0.00s
[2020-03-27T04:54:29.716+0000][1][safepoint    ] Safepoint "GenCollectForAllocation", Time since last: 9335600 ns, Reaching safepoint: 372600 ns, At safepoint: 6206800 ns, Total: 6579400 ns
[2020-03-27T04:54:29.738+0000][1][gc,start     ] GC(25) Pause Young (Allocation Failure)
[2020-03-27T04:54:29.738+0000][1][gc,task      ] GC(25) Using 2 workers of 2 for evacuation
[2020-03-27T04:54:29.741+0000][1][gc,age       ] GC(25) Desired survivor size 2228224 bytes, new threshold 6 (max threshold 6)
[2020-03-27T04:54:29.742+0000][1][gc,age       ] GC(25) Age table with threshold 6 (max threshold 6)
[2020-03-27T04:54:29.742+0000][1][gc,age       ] GC(25) - age   1:     914704 bytes,     914704 total
[2020-03-27T04:54:29.742+0000][1][gc,age       ] GC(25) - age   2:      71096 bytes,     985800 total
[2020-03-27T04:54:29.743+0000][1][gc,age       ] GC(25) - age   3:      32776 bytes,    1018576 total
[2020-03-27T04:54:29.743+0000][1][gc,age       ] GC(25) - age   4:     173696 bytes,    1192272 total
[2020-03-27T04:54:29.743+0000][1][gc,heap      ] GC(25) ParNew: 37144K->1371K(39296K)
[2020-03-27T04:54:29.743+0000][1][gc,heap      ] GC(25) CMS: 15755K->15755K(87424K)
[2020-03-27T04:54:29.744+0000][1][gc,metaspace ] GC(25) Metaspace: 20639K->20639K(1069056K)
[2020-03-27T04:54:29.744+0000][1][gc           ] GC(25) Pause Young (Allocation Failure) 51M->16M(123M) 6.173ms
[2020-03-27T04:54:29.744+0000][1][gc,cpu       ] GC(25) User=0.01s Sys=0.00s Real=0.00s
[2020-03-27T04:54:29.744+0000][1][safepoint    ] Safepoint "GenCollectForAllocation", Time since last: 21853698 ns, Reaching safepoint: 106600 ns, At safepoint: 6558800 ns, Total: 6665400 ns
[2020-03-27T04:54:29.771+0000][1][gc,start     ] GC(26) Pause Young (Allocation Failure)
[2020-03-27T04:54:29.772+0000][1][gc,task      ] GC(26) Using 2 workers of 2 for evacuation
[2020-03-27T04:54:29.774+0000][1][gc,age       ] GC(26) Desired survivor size 2228224 bytes, new threshold 6 (max threshold 6)
[2020-03-27T04:54:29.774+0000][1][gc,age       ] GC(26) Age table with threshold 6 (max threshold 6)
[2020-03-27T04:54:29.775+0000][1][gc,age       ] GC(26) - age   1:     692456 bytes,     692456 total
[2020-03-27T04:54:29.775+0000][1][gc,age       ] GC(26) - age   2:      34584 bytes,     727040 total
[2020-03-27T04:54:29.776+0000][1][gc,age       ] GC(26) - age   3:      71096 bytes,     798136 total
[2020-03-27T04:54:29.776+0000][1][gc,age       ] GC(26) - age   4:      32776 bytes,     830912 total
[2020-03-27T04:54:29.777+0000][1][gc,age       ] GC(26) - age   5:     173696 bytes,    1004608 total
[2020-03-27T04:54:29.777+0000][1][gc,heap      ] GC(26) ParNew: 36315K->1567K(39296K)
[2020-03-27T04:54:29.778+0000][1][gc,heap      ] GC(26) CMS: 15755K->15755K(87424K)
[2020-03-27T04:54:29.778+0000][1][gc,metaspace ] GC(26) Metaspace: 20731K->20731K(1069056K)
[2020-03-27T04:54:29.780+0000][1][gc           ] GC(26) Pause Young (Allocation Failure) 50M->16M(123M) 8.611ms
[2020-03-27T04:54:29.780+0000][1][gc,cpu       ] GC(26) User=0.00s Sys=0.01s Real=0.01s
[2020-03-27T04:54:29.781+0000][1][safepoint    ] Safepoint "GenCollectForAllocation", Time since last: 26817599 ns, Reaching safepoint: 93900 ns, At safepoint: 9612299 ns, Total: 9706199 ns
[2020-03-27T04:54:29.809+0000][1][gc,start     ] GC(27) Pause Young (Allocation Failure)
[2020-03-27T04:54:29.809+0000][1][gc,task      ] GC(27) Using 2 workers of 2 for evacuation
[2020-03-27T04:54:29.811+0000][1][gc,age       ] GC(27) Desired survivor size 2228224 bytes, new threshold 6 (max threshold 6)
[2020-03-27T04:54:29.811+0000][1][gc,age       ] GC(27) Age table with threshold 6 (max threshold 6)
[2020-03-27T04:54:29.812+0000][1][gc,age       ] GC(27) - age   1:    1155160 bytes,    1155160 total
[2020-03-27T04:54:29.812+0000][1][gc,age       ] GC(27) - age   2:      67256 bytes,    1222416 total
[2020-03-27T04:54:29.812+0000][1][gc,age       ] GC(27) - age   3:      34584 bytes,    1257000 total
[2020-03-27T04:54:29.813+0000][1][gc,age       ] GC(27) - age   4:      71096 bytes,    1328096 total
[2020-03-27T04:54:29.813+0000][1][gc,age       ] GC(27) - age   5:      32776 bytes,    1360872 total
[2020-03-27T04:54:29.813+0000][1][gc,age       ] GC(27) - age   6:     173696 bytes,    1534568 total
[2020-03-27T04:54:29.814+0000][1][gc,heap      ] GC(27) ParNew: 36511K->1993K(39296K)
[2020-03-27T04:54:29.814+0000][1][gc,heap      ] GC(27) CMS: 15755K->15755K(87424K)
[2020-03-27T04:54:29.814+0000][1][gc,metaspace ] GC(27) Metaspace: 20778K->20778K(1069056K)
[2020-03-27T04:54:29.814+0000][1][gc           ] GC(27) Pause Young (Allocation Failure) 51M->17M(123M) 5.859ms
[2020-03-27T04:54:29.815+0000][1][gc,cpu       ] GC(27) User=0.01s Sys=0.00s Real=0.00s
[2020-03-27T04:54:29.815+0000][1][safepoint    ] Safepoint "GenCollectForAllocation", Time since last: 27701899 ns, Reaching safepoint: 101300 ns, At safepoint: 6382900 ns, Total: 6484200 ns
[2020-03-27T04:54:29.837+0000][1][gc,start     ] GC(28) Pause Young (Allocation Failure)
[2020-03-27T04:54:29.837+0000][1][gc,task      ] GC(28) Using 2 workers of 2 for evacuation
[2020-03-27T04:54:29.840+0000][1][gc,age       ] GC(28) Desired survivor size 2228224 bytes, new threshold 6 (max threshold 6)
[2020-03-27T04:54:29.840+0000][1][gc,age       ] GC(28) Age table with threshold 6 (max threshold 6)
[2020-03-27T04:54:29.840+0000][1][gc,age       ] GC(28) - age   1:    1426992 bytes,    1426992 total
[2020-03-27T04:54:29.841+0000][1][gc,age       ] GC(28) - age   2:     244096 bytes,    1671088 total
[2020-03-27T04:54:29.841+0000][1][gc,age       ] GC(28) - age   3:      67256 bytes,    1738344 total
[2020-03-27T04:54:29.841+0000][1][gc,age       ] GC(28) - age   4:      34584 bytes,    1772928 total
[2020-03-27T04:54:29.842+0000][1][gc,age       ] GC(28) - age   5:      71096 bytes,    1844024 total
[2020-03-27T04:54:29.842+0000][1][gc,age       ] GC(28) - age   6:      32776 bytes,    1876800 total
[2020-03-27T04:54:29.843+0000][1][gc,heap      ] GC(28) ParNew: 36937K->2746K(39296K)
[2020-03-27T04:54:29.843+0000][1][gc,heap      ] GC(28) CMS: 15755K->15928K(87424K)
[2020-03-27T04:54:29.843+0000][1][gc,metaspace ] GC(28) Metaspace: 20784K->20784K(1069056K)
[2020-03-27T04:54:29.844+0000][1][gc           ] GC(28) Pause Young (Allocation Failure) 51M->18M(123M) 6.817ms
[2020-03-27T04:54:29.844+0000][1][gc,cpu       ] GC(28) User=0.01s Sys=0.00s Real=0.00s
[2020-03-27T04:54:29.845+0000][1][safepoint    ] Safepoint "GenCollectForAllocation", Time since last: 21902398 ns, Reaching safepoint: 99300 ns, At safepoint: 7680400 ns, Total: 7779700 ns
[2020-03-27T04:54:29.868+0000][1][gc,start     ] GC(29) Pause Young (Allocation Failure)
[2020-03-27T04:54:29.869+0000][1][gc,task      ] GC(29) Using 2 workers of 2 for evacuation
[2020-03-27T04:54:29.872+0000][1][gc,age       ] GC(29) Desired survivor size 2228224 bytes, new threshold 3 (max threshold 6)
[2020-03-27T04:54:29.872+0000][1][gc,age       ] GC(29) Age table with threshold 3 (max threshold 6)
[2020-03-27T04:54:29.872+0000][1][gc,age       ] GC(29) - age   1:    1990176 bytes,    1990176 total
[2020-03-27T04:54:29.872+0000][1][gc,age       ] GC(29) - age   2:      37408 bytes,    2027584 total
[2020-03-27T04:54:29.873+0000][1][gc,age       ] GC(29) - age   3:     244032 bytes,    2271616 total
[2020-03-27T04:54:29.873+0000][1][gc,age       ] GC(29) - age   4:      67144 bytes,    2338760 total
[2020-03-27T04:54:29.873+0000][1][gc,age       ] GC(29) - age   5:      34584 bytes,    2373344 total
[2020-03-27T04:54:29.873+0000][1][gc,age       ] GC(29) - age   6:      71096 bytes,    2444440 total
[2020-03-27T04:54:29.873+0000][1][gc,heap      ] GC(29) ParNew: 37690K->3435K(39296K)
[2020-03-27T04:54:29.874+0000][1][gc,heap      ] GC(29) CMS: 15928K->15961K(87424K)
[2020-03-27T04:54:29.874+0000][1][gc,metaspace ] GC(29) Metaspace: 20821K->20821K(1069056K)
[2020-03-27T04:54:29.874+0000][1][gc           ] GC(29) Pause Young (Allocation Failure) 52M->18M(123M) 5.934ms
[2020-03-27T04:54:29.874+0000][1][gc,cpu       ] GC(29) User=0.01s Sys=0.00s Real=0.00s
[2020-03-27T04:54:29.875+0000][1][safepoint    ] Safepoint "GenCollectForAllocation", Time since last: 23509699 ns, Reaching safepoint: 103900 ns, At safepoint: 6489600 ns, Total: 6593500 ns
[2020-03-27T04:54:29.902+0000][1][gc,start     ] GC(30) Pause Young (Allocation Failure)
[2020-03-27T04:54:29.902+0000][1][gc,task      ] GC(30) Using 2 workers of 2 for evacuation
[2020-03-27T04:54:29.904+0000][1][gc,age       ] GC(30) Desired survivor size 2228224 bytes, new threshold 6 (max threshold 6)
[2020-03-27T04:54:29.905+0000][1][gc,age       ] GC(30) Age table with threshold 6 (max threshold 6)
[2020-03-27T04:54:29.905+0000][1][gc,age       ] GC(30) - age   1:     888608 bytes,     888608 total
[2020-03-27T04:54:29.905+0000][1][gc,age       ] GC(30) - age   2:      49920 bytes,     938528 total
[2020-03-27T04:54:29.906+0000][1][gc,age       ] GC(30) - age   3:      37408 bytes,     975936 total
[2020-03-27T04:54:29.906+0000][1][gc,heap      ] GC(30) ParNew: 38379K->2219K(39296K)
[2020-03-27T04:54:29.906+0000][1][gc,heap      ] GC(30) CMS: 15961K->16376K(87424K)
[2020-03-27T04:54:29.906+0000][1][gc,metaspace ] GC(30) Metaspace: 20873K->20873K(1069056K)
[2020-03-27T04:54:29.907+0000][1][gc           ] GC(30) Pause Young (Allocation Failure) 53M->18M(123M) 4.910ms
[2020-03-27T04:54:29.907+0000][1][gc,cpu       ] GC(30) User=0.01s Sys=0.00s Real=0.01s
[2020-03-27T04:54:29.907+0000][1][safepoint    ] Safepoint "GenCollectForAllocation", Time since last: 26870498 ns, Reaching safepoint: 106700 ns, At safepoint: 5402300 ns, Total: 5509000 ns
[2020-03-27T04:54:29.932+0000][1][gc,start     ] GC(31) Pause Young (Allocation Failure)
[2020-03-27T04:54:29.933+0000][1][gc,task      ] GC(31) Using 2 workers of 2 for evacuation
[2020-03-27T04:54:29.934+0000][1][gc,age       ] GC(31) Desired survivor size 2228224 bytes, new threshold 6 (max threshold 6)
[2020-03-27T04:54:29.934+0000][1][gc,age       ] GC(31) Age table with threshold 6 (max threshold 6)
[2020-03-27T04:54:29.934+0000][1][gc,age       ] GC(31) - age   1:     259240 bytes,     259240 total
[2020-03-27T04:54:29.935+0000][1][gc,age       ] GC(31) - age   2:     142464 bytes,     401704 total
[2020-03-27T04:54:29.935+0000][1][gc,age       ] GC(31) - age   3:      49920 bytes,     451624 total
[2020-03-27T04:54:29.935+0000][1][gc,age       ] GC(31) - age   4:      37408 bytes,     489032 total
[2020-03-27T04:54:29.935+0000][1][gc,heap      ] GC(31) ParNew: 37163K->912K(39296K)
[2020-03-27T04:54:29.936+0000][1][gc,heap      ] GC(31) CMS: 16376K->16376K(87424K)
[2020-03-27T04:54:29.936+0000][1][gc,metaspace ] GC(31) Metaspace: 20884K->20884K(1069056K)
[2020-03-27T04:54:29.937+0000][1][gc           ] GC(31) Pause Young (Allocation Failure) 52M->16M(123M) 4.539ms
[2020-03-27T04:54:29.937+0000][1][gc,cpu       ] GC(31) User=0.00s Sys=0.00s Real=0.01s
[2020-03-27T04:54:29.937+0000][1][safepoint    ] Safepoint "GenCollectForAllocation", Time since last: 24699999 ns, Reaching safepoint: 99400 ns, At safepoint: 5468399 ns, Total: 5567799 ns
[2020-03-27T04:54:29.957+0000][1][safepoint    ] Safepoint "Deoptimize", Time since last: 19591500 ns, Reaching safepoint: 99599 ns, At safepoint: 175200 ns, Total: 274799 ns
[2020-03-27T04:54:30.002+0000][1][gc,start     ] GC(32) Pause Young (Allocation Failure)
[2020-03-27T04:54:30.003+0000][1][gc,task      ] GC(32) Using 2 workers of 2 for evacuation
[2020-03-27T04:54:30.005+0000][1][gc,age       ] GC(32) Desired survivor size 2228224 bytes, new threshold 6 (max threshold 6)
[2020-03-27T04:54:30.006+0000][1][gc,age       ] GC(32) Age table with threshold 6 (max threshold 6)
[2020-03-27T04:54:30.007+0000][1][gc,age       ] GC(32) - age   1:     246656 bytes,     246656 total
[2020-03-27T04:54:30.007+0000][1][gc,age       ] GC(32) - age   2:      77552 bytes,     324208 total
[2020-03-27T04:54:30.008+0000][1][gc,age       ] GC(32) - age   3:     142328 bytes,     466536 total
[2020-03-27T04:54:30.008+0000][1][gc,age       ] GC(32) - age   4:      49920 bytes,     516456 total
[2020-03-27T04:54:30.008+0000][1][gc,age       ] GC(32) - age   5:      37408 bytes,     553864 total
[2020-03-27T04:54:30.009+0000][1][gc,heap      ] GC(32) ParNew: 35856K->610K(39296K)
[2020-03-27T04:54:30.009+0000][1][gc,heap      ] GC(32) CMS: 16376K->16376K(87424K)
[2020-03-27T04:54:30.010+0000][1][gc,metaspace ] GC(32) Metaspace: 21834K->21834K(1069056K)
[2020-03-27T04:54:30.010+0000][1][gc           ] GC(32) Pause Young (Allocation Failure) 51M->16M(123M) 8.023ms
[2020-03-27T04:54:30.011+0000][1][gc,cpu       ] GC(32) User=0.00s Sys=0.00s Real=0.01s
[2020-03-27T04:54:30.011+0000][1][safepoint    ] Safepoint "GenCollectForAllocation", Time since last: 44952998 ns, Reaching safepoint: 30900 ns, At safepoint: 8917500 ns, Total: 8948400 ns
[2020-03-27T04:54:30.189+0000][1][safepoint    ] Safepoint "Deoptimize", Time since last: 177030391 ns, Reaching safepoint: 232000 ns, At safepoint: 242000 ns, Total: 474000 ns
[2020-03-27T04:54:30.194+0000][1][safepoint    ] Safepoint "Deoptimize", Time since last: 4990700 ns, Reaching safepoint: 110500 ns, At safepoint: 201600 ns, Total: 312100 ns
[2020-03-27T04:54:30.251+0000][1][gc,start     ] GC(33) Pause Young (Allocation Failure)
[2020-03-27T04:54:30.252+0000][1][gc,task      ] GC(33) Using 2 workers of 2 for evacuation
[2020-03-27T04:54:30.257+0000][1][gc,age       ] GC(33) Desired survivor size 2228224 bytes, new threshold 1 (max threshold 6)
[2020-03-27T04:54:30.257+0000][1][gc,age       ] GC(33) Age table with threshold 1 (max threshold 6)
[2020-03-27T04:54:30.257+0000][1][gc,age       ] GC(33) - age   1:    3011976 bytes,    3011976 total
[2020-03-27T04:54:30.258+0000][1][gc,age       ] GC(33) - age   2:     237480 bytes,    3249456 total
[2020-03-27T04:54:30.258+0000][1][gc,age       ] GC(33) - age   3:      77552 bytes,    3327008 total
[2020-03-27T04:54:30.258+0000][1][gc,age       ] GC(33) - age   4:     142296 bytes,    3469304 total
[2020-03-27T04:54:30.259+0000][1][gc,age       ] GC(33) - age   5:      49760 bytes,    3519064 total
[2020-03-27T04:54:30.259+0000][1][gc,age       ] GC(33) - age   6:      37408 bytes,    3556472 total
[2020-03-27T04:54:30.259+0000][1][gc,heap      ] GC(33) ParNew: 35554K->3584K(39296K)
[2020-03-27T04:54:30.260+0000][1][gc,heap      ] GC(33) CMS: 16376K->16376K(87424K)
[2020-03-27T04:54:30.260+0000][1][gc,metaspace ] GC(33) Metaspace: 27036K->27036K(1075200K)
[2020-03-27T04:54:30.260+0000][1][gc           ] GC(33) Pause Young (Allocation Failure) 50M->19M(123M) 8.701ms
[2020-03-27T04:54:30.260+0000][1][gc,cpu       ] GC(33) User=0.01s Sys=0.00s Real=0.01s
[2020-03-27T04:54:30.261+0000][1][safepoint    ] Safepoint "GenCollectForAllocation", Time since last: 57230397 ns, Reaching safepoint: 197600 ns, At safepoint: 9319299 ns, Total: 9516899 ns
[2020-03-27T04:54:30.473+0000][1][gc,start     ] GC(34) Pause Young (Allocation Failure)
[2020-03-27T04:54:30.474+0000][1][gc,task      ] GC(34) Using 2 workers of 2 for evacuation
[2020-03-27T04:54:30.485+0000][1][gc,age       ] GC(34) Desired survivor size 2228224 bytes, new threshold 1 (max threshold 6)
[2020-03-27T04:54:30.485+0000][1][gc,age       ] GC(34) Age table with threshold 1 (max threshold 6)
[2020-03-27T04:54:30.499+0000][1][gc,age       ] GC(34) - age   1:    4456184 bytes,    4456184 total
[2020-03-27T04:54:30.500+0000][1][gc,heap      ] GC(34) ParNew: 38528K->4352K(39296K)
[2020-03-27T04:54:30.501+0000][1][gc,heap      ] GC(34) CMS: 16376K->20938K(87424K)
[2020-03-27T04:54:30.502+0000][1][gc,metaspace ] GC(34) Metaspace: 27850K->27850K(1075200K)
[2020-03-27T04:54:30.503+0000][1][gc           ] GC(34) Pause Young (Allocation Failure) 53M->24M(123M) 29.578ms
[2020-03-27T04:54:30.504+0000][1][gc,cpu       ] GC(34) User=0.02s Sys=0.00s Real=0.03s
[2020-03-27T04:54:30.504+0000][1][safepoint    ] Safepoint "GenCollectForAllocation", Time since last: 212264790 ns, Reaching safepoint: 119500 ns, At safepoint: 31342198 ns, Total: 31461698 ns
[2020-03-27T04:54:30.643+0000][1][gc,start     ] GC(35) Pause Young (Allocation Failure)
[2020-03-27T04:54:30.643+0000][1][gc,task      ] GC(35) Using 2 workers of 2 for evacuation
[2020-03-27T04:54:30.654+0000][1][gc,age       ] GC(35) Desired survivor size 2228224 bytes, new threshold 1 (max threshold 6)
[2020-03-27T04:54:30.654+0000][1][gc,age       ] GC(35) Age table with threshold 1 (max threshold 6)
[2020-03-27T04:54:30.669+0000][1][gc,age       ] GC(35) - age   1:    3744528 bytes,    3744528 total
[2020-03-27T04:54:30.670+0000][1][gc,heap      ] GC(35) ParNew: 39296K->4352K(39296K)
[2020-03-27T04:54:30.671+0000][1][gc,heap      ] GC(35) CMS: 20938K->25800K(87424K)
[2020-03-27T04:54:30.671+0000][1][gc,metaspace ] GC(35) Metaspace: 27866K->27866K(1075200K)
[2020-03-27T04:54:30.672+0000][1][gc           ] GC(35) Pause Young (Allocation Failure) 58M->29M(123M) 29.205ms
[2020-03-27T04:54:30.673+0000][1][gc,cpu       ] GC(35) User=0.03s Sys=0.00s Real=0.03s
[2020-03-27T04:54:30.674+0000][1][safepoint    ] Safepoint "GenCollectForAllocation", Time since last: 138370693 ns, Reaching safepoint: 105400 ns, At safepoint: 30865899 ns, Total: 30971299 ns
[2020-03-27T04:54:30.813+0000][1][gc,start     ] GC(36) Pause Young (Allocation Failure)
[2020-03-27T04:54:30.813+0000][1][gc,task      ] GC(36) Using 2 workers of 2 for evacuation
[2020-03-27T04:54:30.820+0000][1][gc,age       ] GC(36) Desired survivor size 2228224 bytes, new threshold 1 (max threshold 6)
[2020-03-27T04:54:30.821+0000][1][gc,age       ] GC(36) Age table with threshold 1 (max threshold 6)
[2020-03-27T04:54:30.829+0000][1][gc,age       ] GC(36) - age   1:    4013144 bytes,    4013144 total
[2020-03-27T04:54:30.830+0000][1][gc,heap      ] GC(36) ParNew: 39296K->4352K(39296K)
[2020-03-27T04:54:30.831+0000][1][gc,heap      ] GC(36) CMS: 25800K->29496K(87424K)
[2020-03-27T04:54:30.831+0000][1][gc,metaspace ] GC(36) Metaspace: 28024K->28024K(1075200K)
[2020-03-27T04:54:30.832+0000][1][gc           ] GC(36) Pause Young (Allocation Failure) 63M->33M(123M) 19.579ms
[2020-03-27T04:54:30.833+0000][1][gc,cpu       ] GC(36) User=0.01s Sys=0.00s Real=0.02s
[2020-03-27T04:54:30.834+0000][1][safepoint    ] Safepoint "GenCollectForAllocation", Time since last: 138747393 ns, Reaching safepoint: 105200 ns, At safepoint: 21156099 ns, Total: 21261299 ns
[2020-03-27T04:54:30.908+0000][1][safepoint    ] Safepoint "RevokeBias", Time since last: 74428396 ns, Reaching safepoint: 101900 ns, At safepoint: 20600 ns, Total: 122500 ns
[2020-03-27T04:54:30.957+0000][1][gc,start     ] GC(37) Pause Young (Allocation Failure)
[2020-03-27T04:54:30.957+0000][1][gc,task      ] GC(37) Using 2 workers of 2 for evacuation
[2020-03-27T04:54:30.966+0000][1][gc,age       ] GC(37) Desired survivor size 2228224 bytes, new threshold 1 (max threshold 6)
[2020-03-27T04:54:30.966+0000][1][gc,age       ] GC(37) Age table with threshold 1 (max threshold 6)
[2020-03-27T04:54:30.973+0000][1][gc,age       ] GC(37) - age   1:    4456352 bytes,    4456352 total
[2020-03-27T04:54:30.974+0000][1][gc,heap      ] GC(37) ParNew: 39296K->4352K(39296K)
[2020-03-27T04:54:30.975+0000][1][gc,heap      ] GC(37) CMS: 29496K->33831K(87424K)
[2020-03-27T04:54:30.976+0000][1][gc,metaspace ] GC(37) Metaspace: 28064K->28064K(1075200K)
[2020-03-27T04:54:30.976+0000][1][gc           ] GC(37) Pause Young (Allocation Failure) 67M->37M(123M) 19.513ms
[2020-03-27T04:54:30.977+0000][1][gc,cpu       ] GC(37) User=0.02s Sys=0.00s Real=0.02s
[2020-03-27T04:54:30.978+0000][1][safepoint    ] Safepoint "GenCollectForAllocation", Time since last: 48368198 ns, Reaching safepoint: 98500 ns, At safepoint: 21271499 ns, Total: 21369999 ns
[2020-03-27T04:54:31.095+0000][1][gc,start     ] GC(38) Pause Young (Allocation Failure)
[2020-03-27T04:54:31.095+0000][1][gc,task      ] GC(38) Using 2 workers of 2 for evacuation
[2020-03-27T04:54:31.110+0000][1][gc,age       ] GC(38) Desired survivor size 2228224 bytes, new threshold 1 (max threshold 6)
[2020-03-27T04:54:31.110+0000][1][gc,age       ] GC(38) Age table with threshold 1 (max threshold 6)
[2020-03-27T04:54:31.121+0000][1][gc,age       ] GC(38) - age   1:    4099632 bytes,    4099632 total
[2020-03-27T04:54:31.121+0000][1][gc,heap      ] GC(38) ParNew: 39296K->4352K(39296K)
[2020-03-27T04:54:31.121+0000][1][gc,heap      ] GC(38) CMS: 33831K->38168K(87424K)
[2020-03-27T04:54:31.122+0000][1][gc,metaspace ] GC(38) Metaspace: 28068K->28068K(1075200K)
[2020-03-27T04:54:31.122+0000][1][gc           ] GC(38) Pause Young (Allocation Failure) 71M->41M(123M) 26.953ms
[2020-03-27T04:54:31.122+0000][1][gc,cpu       ] GC(38) User=0.04s Sys=0.00s Real=0.03s
[2020-03-27T04:54:31.122+0000][1][safepoint    ] Safepoint "GenCollectForAllocation", Time since last: 116674994 ns, Reaching safepoint: 129800 ns, At safepoint: 27492698 ns, Total: 27622498 ns
[2020-03-27T04:54:31.292+0000][1][gc,start     ] GC(39) Pause Young (Allocation Failure)
[2020-03-27T04:54:31.292+0000][1][gc,task      ] GC(39) Using 2 workers of 2 for evacuation
[2020-03-27T04:54:31.300+0000][1][gc,age       ] GC(39) Desired survivor size 2228224 bytes, new threshold 1 (max threshold 6)
[2020-03-27T04:54:31.300+0000][1][gc,age       ] GC(39) Age table with threshold 1 (max threshold 6)
[2020-03-27T04:54:31.308+0000][1][gc,age       ] GC(39) - age   1:    3367192 bytes,    3367192 total
[2020-03-27T04:54:31.309+0000][1][gc,heap      ] GC(39) ParNew: 39296K->4352K(39296K)
[2020-03-27T04:54:31.310+0000][1][gc,heap      ] GC(39) CMS: 38168K->42142K(87424K)
[2020-03-27T04:54:31.311+0000][1][gc,metaspace ] GC(39) Metaspace: 30792K->30792K(1077248K)
[2020-03-27T04:54:31.311+0000][1][gc           ] GC(39) Pause Young (Allocation Failure) 75M->45M(123M) 19.487ms
[2020-03-27T04:54:31.312+0000][1][gc,cpu       ] GC(39) User=0.02s Sys=0.00s Real=0.02s
[2020-03-27T04:54:31.313+0000][1][safepoint    ] Safepoint "GenCollectForAllocation", Time since last: 169245692 ns, Reaching safepoint: 124800 ns, At safepoint: 21142399 ns, Total: 21267199 ns
[2020-03-27T04:54:31.327+0000][1][safepoint    ] Safepoint "RevokeBias", Time since last: 14032399 ns, Reaching safepoint: 118600 ns, At safepoint: 31700 ns, Total: 150300 ns
[2020-03-27T04:54:31.345+0000][1][safepoint    ] Safepoint "RevokeBias", Time since last: 17537299 ns, Reaching safepoint: 109200 ns, At safepoint: 23800 ns, Total: 133000 ns
[2020-03-27T04:54:31.347+0000][1][safepoint    ] Safepoint "RevokeBias", Time since last: 1895700 ns, Reaching safepoint: 74200 ns, At safepoint: 19500 ns, Total: 93700 ns
[2020-03-27T04:54:31.350+0000][1][safepoint    ] Safepoint "RevokeBias", Time since last: 3180300 ns, Reaching safepoint: 56700 ns, At safepoint: 21500 ns, Total: 78200 ns
[2020-03-27T04:54:31.355+0000][1][safepoint    ] Safepoint "RevokeBias", Time since last: 4772500 ns, Reaching safepoint: 115900 ns, At safepoint: 22600 ns, Total: 138500 ns
[2020-03-27T04:54:31.358+0000][1][safepoint    ] Safepoint "RevokeBias", Time since last: 2488500 ns, Reaching safepoint: 128100 ns, At safepoint: 55300 ns, Total: 183400 ns
[2020-03-27T04:54:31.360+0000][1][safepoint    ] Safepoint "RevokeBias", Time since last: 2632000 ns, Reaching safepoint: 57300 ns, At safepoint: 20900 ns, Total: 78200 ns
[2020-03-27T04:54:31.363+0000][1][safepoint    ] Safepoint "RevokeBias", Time since last: 2920999 ns, Reaching safepoint: 70200 ns, At safepoint: 17400 ns, Total: 87600 ns
[2020-03-27T04:54:31.366+0000][1][safepoint    ] Safepoint "RevokeBias", Time since last: 2502500 ns, Reaching safepoint: 98500 ns, At safepoint: 22200 ns, Total: 120700 ns
[2020-03-27T04:54:31.442+0000][1][gc,start     ] GC(40) Pause Young (Allocation Failure)
[2020-03-27T04:54:31.442+0000][1][gc,task      ] GC(40) Using 2 workers of 2 for evacuation
[2020-03-27T04:54:31.448+0000][1][gc,age       ] GC(40) Desired survivor size 2228224 bytes, new threshold 6 (max threshold 6)
[2020-03-27T04:54:31.449+0000][1][gc,age       ] GC(40) Age table with threshold 6 (max threshold 6)
[2020-03-27T04:54:31.449+0000][1][gc,age       ] GC(40) - age   1:    1068528 bytes,    1068528 total
[2020-03-27T04:54:31.449+0000][1][gc,heap      ] GC(40) ParNew: 39296K->3481K(39296K)
[2020-03-27T04:54:31.450+0000][1][gc,heap      ] GC(40) CMS: 42142K->45444K(87424K)
[2020-03-27T04:54:31.450+0000][1][gc,metaspace ] GC(40) Metaspace: 33381K->33381K(1081344K)
[2020-03-27T04:54:31.450+0000][1][gc           ] GC(40) Pause Young (Allocation Failure) 79M->47M(123M) 8.527ms
[2020-03-27T04:54:31.451+0000][1][gc,cpu       ] GC(40) User=0.01s Sys=0.00s Real=0.01s
[2020-03-27T04:54:31.451+0000][1][safepoint    ] Safepoint "GenCollectForAllocation", Time since last: 75750197 ns, Reaching safepoint: 114600 ns, At safepoint: 9175999 ns, Total: 9290599 ns
[2020-03-27T04:54:31.473+0000][1][gc,start     ] GC(41) Pause Young (Allocation Failure)
[2020-03-27T04:54:31.474+0000][1][gc,task      ] GC(41) Using 2 workers of 2 for evacuation
[2020-03-27T04:54:31.477+0000][1][gc,age       ] GC(41) Desired survivor size 2228224 bytes, new threshold 6 (max threshold 6)
[2020-03-27T04:54:31.477+0000][1][gc,age       ] GC(41) Age table with threshold 6 (max threshold 6)
[2020-03-27T04:54:31.478+0000][1][gc,age       ] GC(41) - age   1:      32832 bytes,      32832 total
[2020-03-27T04:54:31.478+0000][1][gc,age       ] GC(41) - age   2:    1057120 bytes,    1089952 total
[2020-03-27T04:54:31.478+0000][1][gc,heap      ] GC(41) ParNew: 38425K->1696K(39296K)
[2020-03-27T04:54:31.479+0000][1][gc,heap      ] GC(41) CMS: 45444K->45444K(87424K)
[2020-03-27T04:54:31.479+0000][1][gc,metaspace ] GC(41) Metaspace: 33381K->33381K(1081344K)
[2020-03-27T04:54:31.480+0000][1][gc           ] GC(41) Pause Young (Allocation Failure) 81M->46M(123M) 6.341ms
[2020-03-27T04:54:31.480+0000][1][gc,cpu       ] GC(41) User=0.01s Sys=0.00s Real=0.01s
[2020-03-27T04:54:31.480+0000][1][safepoint    ] Safepoint "GenCollectForAllocation", Time since last: 22112799 ns, Reaching safepoint: 98300 ns, At safepoint: 7173300 ns, Total: 7271600 ns
[2020-03-27T04:54:31.509+0000][1][gc,start     ] GC(42) Pause Young (Allocation Failure)
[2020-03-27T04:54:31.509+0000][1][gc,task      ] GC(42) Using 2 workers of 2 for evacuation
[2020-03-27T04:54:31.511+0000][1][gc,age       ] GC(42) Desired survivor size 2228224 bytes, new threshold 6 (max threshold 6)
[2020-03-27T04:54:31.512+0000][1][gc,age       ] GC(42) Age table with threshold 6 (max threshold 6)
[2020-03-27T04:54:31.512+0000][1][gc,age       ] GC(42) - age   1:      20904 bytes,      20904 total
[2020-03-27T04:54:31.513+0000][1][gc,age       ] GC(42) - age   2:      30728 bytes,      51632 total
[2020-03-27T04:54:31.513+0000][1][gc,age       ] GC(42) - age   3:    1057120 bytes,    1108752 total
[2020-03-27T04:54:31.514+0000][1][gc,heap      ] GC(42) ParNew: 36640K->1621K(39296K)
[2020-03-27T04:54:31.514+0000][1][gc,heap      ] GC(42) CMS: 45444K->45444K(87424K)
[2020-03-27T04:54:31.515+0000][1][gc,metaspace ] GC(42) Metaspace: 33381K->33381K(1081344K)
[2020-03-27T04:54:31.515+0000][1][gc           ] GC(42) Pause Young (Allocation Failure) 80M->45M(123M) 6.643ms
[2020-03-27T04:54:31.516+0000][1][gc,cpu       ] GC(42) User=0.01s Sys=0.00s Real=0.01s
[2020-03-27T04:54:31.516+0000][1][safepoint    ] Safepoint "GenCollectForAllocation", Time since last: 28186498 ns, Reaching safepoint: 102000 ns, At safepoint: 7225200 ns, Total: 7327200 ns
[2020-03-27T04:54:31.540+0000][1][safepoint    ] Safepoint "CollectForMetadataAllocation", Time since last: 24071499 ns, Reaching safepoint: 111000 ns, At safepoint: 79100 ns, Total: 190100 ns
[2020-03-27T04:54:31.623+0000][1][safepoint    ] Safepoint "CollectForMetadataAllocation", Time since last: 82921896 ns, Reaching safepoint: 125400 ns, At safepoint: 77600 ns, Total: 203000 ns
[2020-03-27T04:54:31.656+0000][1][safepoint    ] Safepoint "CollectForMetadataAllocation", Time since last: 32135298 ns, Reaching safepoint: 114200 ns, At safepoint: 67900 ns, Total: 182100 ns
[2020-03-27T04:54:31.667+0000][1][gc,start     ] GC(43) Pause Young (Allocation Failure)
[2020-03-27T04:54:31.668+0000][1][gc,task      ] GC(43) Using 2 workers of 2 for evacuation
[2020-03-27T04:54:31.673+0000][1][gc,age       ] GC(43) Desired survivor size 2228224 bytes, new threshold 4 (max threshold 6)
[2020-03-27T04:54:31.674+0000][1][gc,age       ] GC(43) Age table with threshold 4 (max threshold 6)
[2020-03-27T04:54:31.674+0000][1][gc,age       ] GC(43) - age   1:    1811720 bytes,    1811720 total
[2020-03-27T04:54:31.674+0000][1][gc,age       ] GC(43) - age   2:      20608 bytes,    1832328 total
[2020-03-27T04:54:31.674+0000][1][gc,age       ] GC(43) - age   3:      30728 bytes,    1863056 total
[2020-03-27T04:54:31.674+0000][1][gc,age       ] GC(43) - age   4:    1013312 bytes,    2876368 total
[2020-03-27T04:54:31.674+0000][1][gc,heap      ] GC(43) ParNew: 36565K->3247K(39296K)
[2020-03-27T04:54:31.675+0000][1][gc,heap      ] GC(43) CMS: 45444K->45444K(87424K)
[2020-03-27T04:54:31.675+0000][1][gc,metaspace ] GC(43) Metaspace: 34407K->34407K(1081344K)
[2020-03-27T04:54:31.675+0000][1][gc           ] GC(43) Pause Young (Allocation Failure) 80M->47M(123M) 7.580ms
[2020-03-27T04:54:31.675+0000][1][gc,cpu       ] GC(43) User=0.01s Sys=0.00s Real=0.00s
[2020-03-27T04:54:31.675+0000][1][safepoint    ] Safepoint "GenCollectForAllocation", Time since last: 11641699 ns, Reaching safepoint: 150800 ns, At safepoint: 7906300 ns, Total: 8057100 ns
[2020-03-27T04:54:31.676+0000][1][gc,start     ] GC(44) Pause Initial Mark
[2020-03-27T04:54:31.677+0000][1][gc           ] GC(44) Pause Initial Mark 48M->48M(123M) 1.702ms
[2020-03-27T04:54:31.678+0000][1][gc,cpu       ] GC(44) User=0.01s Sys=0.00s Real=0.00s
[2020-03-27T04:54:31.678+0000][1][safepoint    ] Safepoint "CMS_Initial_Mark", Time since last: 281300 ns, Reaching safepoint: 106100 ns, At safepoint: 2099600 ns, Total: 2205700 ns
[2020-03-27T04:54:31.678+0000][1][gc           ] GC(44) Concurrent Mark
[2020-03-27T04:54:31.682+0000][1][safepoint    ] Safepoint "CollectForMetadataAllocation", Time since last: 4452100 ns, Reaching safepoint: 24800 ns, At safepoint: 104100 ns, Total: 128900 ns
[2020-03-27T04:54:31.703+0000][1][safepoint    ] Safepoint "CollectForMetadataAllocation", Time since last: 19229499 ns, Reaching safepoint: 1071000 ns, At safepoint: 75600 ns, Total: 1146600 ns
[2020-03-27T04:54:31.724+0000][1][safepoint    ] Safepoint "CollectForMetadataAllocation", Time since last: 20988799 ns, Reaching safepoint: 29400 ns, At safepoint: 72800 ns, Total: 102200 ns
[2020-03-27T04:54:31.739+0000][1][gc           ] GC(44) Concurrent Mark 61.029ms
[2020-03-27T04:54:31.740+0000][1][gc,cpu       ] GC(44) User=0.11s Sys=0.00s Real=0.06s
[2020-03-27T04:54:31.740+0000][1][gc           ] GC(44) Concurrent Preclean
[2020-03-27T04:54:31.741+0000][1][gc           ] GC(44) Concurrent Preclean 1.020ms
[2020-03-27T04:54:31.741+0000][1][gc,cpu       ] GC(44) User=0.00s Sys=0.00s Real=0.00s
[2020-03-27T04:54:31.742+0000][1][gc           ] GC(44) Concurrent Abortable Preclean
[2020-03-27T04:54:31.742+0000][1][safepoint    ] Safepoint "CollectForMetadataAllocation", Time since last: 17754699 ns, Reaching safepoint: 14900 ns, At safepoint: 73700 ns, Total: 88600 ns
[2020-03-27T04:54:31.759+0000][1][safepoint    ] Safepoint "CollectForMetadataAllocation", Time since last: 17329899 ns, Reaching safepoint: 253700 ns, At safepoint: 129600 ns, Total: 383300 ns
[2020-03-27T04:54:31.770+0000][1][safepoint    ] Safepoint "CollectForMetadataAllocation", Time since last: 10980399 ns, Reaching safepoint: 28100 ns, At safepoint: 80700 ns, Total: 108800 ns
[2020-03-27T04:54:31.785+0000][1][safepoint    ] Safepoint "CollectForMetadataAllocation", Time since last: 13538600 ns, Reaching safepoint: 545199 ns, At safepoint: 41200 ns, Total: 586399 ns
[2020-03-27T04:54:31.802+0000][1][safepoint    ] Safepoint "CollectForMetadataAllocation", Time since last: 17619800 ns, Reaching safepoint: 24000 ns, At safepoint: 80600 ns, Total: 104600 ns
[2020-03-27T04:54:31.827+0000][1][safepoint    ] Safepoint "CollectForMetadataAllocation", Time since last: 24999698 ns, Reaching safepoint: 24800 ns, At safepoint: 69500 ns, Total: 94300 ns
[2020-03-27T04:54:31.833+0000][1][safepoint    ] Safepoint "Deoptimize", Time since last: 5592200 ns, Reaching safepoint: 25200 ns, At safepoint: 244200 ns, Total: 269400 ns
[2020-03-27T04:54:31.837+0000][1][safepoint    ] Safepoint "Deoptimize", Time since last: 3517000 ns, Reaching safepoint: 33800 ns, At safepoint: 342100 ns, Total: 375900 ns
[2020-03-27T04:54:31.847+0000][1][safepoint    ] Safepoint "CollectForMetadataAllocation", Time since last: 9709699 ns, Reaching safepoint: 131800 ns, At safepoint: 49900 ns, Total: 181700 ns
[2020-03-27T04:54:31.862+0000][1][safepoint    ] Safepoint "CollectForMetadataAllocation", Time since last: 14761600 ns, Reaching safepoint: 52900 ns, At safepoint: 74800 ns, Total: 127700 ns
[2020-03-27T04:54:31.866+0000][1][safepoint    ] Safepoint "Deoptimize", Time since last: 3566399 ns, Reaching safepoint: 31700 ns, At safepoint: 321000 ns, Total: 352700 ns
[2020-03-27T04:54:31.897+0000][1][safepoint    ] Safepoint "RevokeBias", Time since last: 30658899 ns, Reaching safepoint: 26000 ns, At safepoint: 33900 ns, Total: 59900 ns
[2020-03-27T04:54:31.906+0000][1][safepoint    ] Safepoint "CollectForMetadataAllocation", Time since last: 8681599 ns, Reaching safepoint: 647600 ns, At safepoint: 108200 ns, Total: 755800 ns
[2020-03-27T04:54:31.918+0000][1][safepoint    ] Safepoint "CollectForMetadataAllocation", Time since last: 11735600 ns, Reaching safepoint: 17500 ns, At safepoint: 96900 ns, Total: 114400 ns
[2020-03-27T04:54:31.936+0000][1][safepoint    ] Safepoint "CollectForMetadataAllocation", Time since last: 18443699 ns, Reaching safepoint: 25600 ns, At safepoint: 80300 ns, Total: 105900 ns
[2020-03-27T04:54:31.960+0000][1][safepoint    ] Safepoint "CollectForMetadataAllocation", Time since last: 23364799 ns, Reaching safepoint: 26300 ns, At safepoint: 67700 ns, Total: 94000 ns
[2020-03-27T04:54:32.000+0000][1][safepoint    ] Safepoint "CollectForMetadataAllocation", Time since last: 39992698 ns, Reaching safepoint: 66600 ns, At safepoint: 97600 ns, Total: 164200 ns
[2020-03-27T04:54:32.025+0000][1][safepoint    ] Safepoint "CollectForMetadataAllocation", Time since last: 25181498 ns, Reaching safepoint: 110800 ns, At safepoint: 79600 ns, Total: 190400 ns
[2020-03-27T04:54:32.039+0000][1][safepoint    ] Safepoint "CollectForMetadataAllocation", Time since last: 13896200 ns, Reaching safepoint: 22200 ns, At safepoint: 78200 ns, Total: 100400 ns
[2020-03-27T04:54:32.063+0000][1][safepoint    ] Safepoint "CollectForMetadataAllocation", Time since last: 23563599 ns, Reaching safepoint: 18400 ns, At safepoint: 83300 ns, Total: 101700 ns
[2020-03-27T04:54:32.083+0000][1][safepoint    ] Safepoint "CollectForMetadataAllocation", Time since last: 20319899 ns, Reaching safepoint: 15100 ns, At safepoint: 89700 ns, Total: 104800 ns
[2020-03-27T04:54:32.096+0000][1][safepoint    ] Safepoint "CollectForMetadataAllocation", Time since last: 12745399 ns, Reaching safepoint: 17300 ns, At safepoint: 79000 ns, Total: 96300 ns
[2020-03-27T04:54:32.127+0000][1][safepoint    ] Safepoint "CollectForMetadataAllocation", Time since last: 30939299 ns, Reaching safepoint: 21600 ns, At safepoint: 56700 ns, Total: 78300 ns
[2020-03-27T04:54:32.128+0000][1][gc,start     ] GC(45) Pause Young (Allocation Failure)
[2020-03-27T04:54:32.128+0000][1][gc,task      ] GC(45) Using 2 workers of 2 for evacuation
[2020-03-27T04:54:32.134+0000][1][gc,age       ] GC(45) Desired survivor size 2228224 bytes, new threshold 2 (max threshold 6)
[2020-03-27T04:54:32.134+0000][1][gc,age       ] GC(45) Age table with threshold 2 (max threshold 6)
[2020-03-27T04:54:32.135+0000][1][gc,age       ] GC(45) - age   1:    1259040 bytes,    1259040 total
[2020-03-27T04:54:32.135+0000][1][gc,age       ] GC(45) - age   2:    1799904 bytes,    3058944 total
[2020-03-27T04:54:32.135+0000][1][gc,age       ] GC(45) - age   3:      20608 bytes,    3079552 total
[2020-03-27T04:54:32.135+0000][1][gc,age       ] GC(45) - age   4:      30728 bytes,    3110280 total
[2020-03-27T04:54:32.136+0000][1][gc,heap      ] GC(45) ParNew: 38191K->4352K(39296K)
[2020-03-27T04:54:32.136+0000][1][gc,heap      ] GC(45) CMS: 45444K->46451K(87424K)
[2020-03-27T04:54:32.136+0000][1][gc,metaspace ] GC(45) Metaspace: 40917K->40917K(1087488K)
[2020-03-27T04:54:32.137+0000][1][gc           ] GC(45) Pause Young (Allocation Failure) 81M->49M(123M) 8.493ms
[2020-03-27T04:54:32.137+0000][1][gc,cpu       ] GC(45) User=0.01s Sys=0.00s Real=0.01s
[2020-03-27T04:54:32.137+0000][1][safepoint    ] Safepoint "GenCollectForAllocation", Time since last: 707300 ns, Reaching safepoint: 12800 ns, At safepoint: 9021099 ns, Total: 9033899 ns
[2020-03-27T04:54:32.166+0000][1][safepoint    ] Safepoint "CollectForMetadataAllocation", Time since last: 28534299 ns, Reaching safepoint: 33800 ns, At safepoint: 123300 ns, Total: 157100 ns
[2020-03-27T04:54:32.182+0000][1][safepoint    ] Safepoint "CollectForMetadataAllocation", Time since last: 16293499 ns, Reaching safepoint: 27300 ns, At safepoint: 68300 ns, Total: 95600 ns
[2020-03-27T04:54:32.217+0000][1][safepoint    ] Safepoint "CollectForMetadataAllocation", Time since last: 34732398 ns, Reaching safepoint: 97200 ns, At safepoint: 78700 ns, Total: 175900 ns
[2020-03-27T04:54:32.245+0000][1][safepoint    ] Safepoint "CollectForMetadataAllocation", Time since last: 28061399 ns, Reaching safepoint: 19700 ns, At safepoint: 59300 ns, Total: 79000 ns
[2020-03-27T04:54:32.260+0000][1][safepoint    ] Safepoint "CollectForMetadataAllocation", Time since last: 14796499 ns, Reaching safepoint: 17300 ns, At safepoint: 48200 ns, Total: 65500 ns
[2020-03-27T04:54:32.287+0000][1][safepoint    ] Safepoint "CollectForMetadataAllocation", Time since last: 27011499 ns, Reaching safepoint: 26900 ns, At safepoint: 67700 ns, Total: 94600 ns
[2020-03-27T04:54:32.303+0000][1][safepoint    ] Safepoint "CollectForMetadataAllocation", Time since last: 15545099 ns, Reaching safepoint: 31800 ns, At safepoint: 71400 ns, Total: 103200 ns
[2020-03-27T04:54:32.318+0000][1][safepoint    ] Safepoint "CollectForMetadataAllocation", Time since last: 13706800 ns, Reaching safepoint: 995100 ns, At safepoint: 66300 ns, Total: 1061400 ns
[2020-03-27T04:54:32.336+0000][1][safepoint    ] Safepoint "CollectForMetadataAllocation", Time since last: 18512799 ns, Reaching safepoint: 23700 ns, At safepoint: 39300 ns, Total: 63000 ns
[2020-03-27T04:54:32.338+0000][1][gc           ] GC(44) Concurrent Abortable Preclean 596.479ms
[2020-03-27T04:54:32.343+0000][1][gc,cpu       ] GC(44) User=1.12s Sys=0.03s Real=0.60s
[2020-03-27T04:54:32.344+0000][1][gc,start     ] GC(44) Pause Remark
[2020-03-27T04:54:32.351+0000][1][gc           ] GC(44) Pause Remark 67M->67M(123M) 7.267ms
[2020-03-27T04:54:32.352+0000][1][gc,cpu       ] GC(44) User=0.01s Sys=0.00s Real=0.01s
[2020-03-27T04:54:32.352+0000][1][safepoint    ] Safepoint "CMS_Final_Remark", Time since last: 7376700 ns, Reaching safepoint: 192300 ns, At safepoint: 8242999 ns, Total: 8435299 ns
[2020-03-27T04:54:32.352+0000][1][gc           ] GC(44) Concurrent Sweep
[2020-03-27T04:54:32.360+0000][1][safepoint    ] Safepoint "CollectForMetadataAllocation", Time since last: 7841900 ns, Reaching safepoint: 499700 ns, At safepoint: 20600 ns, Total: 520300 ns
[2020-03-27T04:54:32.361+0000][1][safepoint    ] Safepoint "CollectForMetadataAllocation", Time since last: 764700 ns, Reaching safepoint: 137900 ns, At safepoint: 70800 ns, Total: 208700 ns
[2020-03-27T04:54:32.366+0000][1][gc           ] GC(44) Concurrent Sweep 14.027ms
[2020-03-27T04:54:32.367+0000][1][gc,cpu       ] GC(44) User=0.03s Sys=0.00s Real=0.02s
[2020-03-27T04:54:32.367+0000][1][gc           ] GC(44) Concurrent Reset
[2020-03-27T04:54:32.368+0000][1][gc           ] GC(44) Concurrent Reset 0.898ms
[2020-03-27T04:54:32.368+0000][1][gc,cpu       ] GC(44) User=0.00s Sys=0.00s Real=0.00s
[2020-03-27T04:54:32.369+0000][1][gc,heap      ] GC(44) Old: 45444K->45454K(87424K)
[2020-03-27T04:54:32.452+0000][1][safepoint    ] Safepoint "Deoptimize", Time since last: 89831796 ns, Reaching safepoint: 116800 ns, At safepoint: 278200 ns, Total: 395000 ns
[2020-03-27T04:54:32.454+0000][1][safepoint    ] Safepoint "Deoptimize", Time since last: 1750099 ns, Reaching safepoint: 78100 ns, At safepoint: 303500 ns, Total: 381600 ns
[2020-03-27T04:54:32.547+0000][1][gc,start     ] GC(46) Pause Young (Allocation Failure)
[2020-03-27T04:54:32.548+0000][1][gc,task      ] GC(46) Using 2 workers of 2 for evacuation
[2020-03-27T04:54:32.555+0000][1][gc,age       ] GC(46) Desired survivor size 2228224 bytes, new threshold 1 (max threshold 6)
[2020-03-27T04:54:32.555+0000][1][gc,age       ] GC(46) Age table with threshold 1 (max threshold 6)
[2020-03-27T04:54:32.558+0000][1][gc,age       ] GC(46) - age   1:    2396528 bytes,    2396528 total
[2020-03-27T04:54:32.558+0000][1][gc,age       ] GC(46) - age   2:    1187176 bytes,    3583704 total
[2020-03-27T04:54:32.559+0000][1][gc,heap      ] GC(46) ParNew: 39296K->4315K(39296K)
[2020-03-27T04:54:32.559+0000][1][gc,heap      ] GC(46) CMS: 45454K->47315K(87424K)
[2020-03-27T04:54:32.559+0000][1][gc,metaspace ] GC(46) Metaspace: 45839K->45839K(1091584K)
[2020-03-27T04:54:32.559+0000][1][gc           ] GC(46) Pause Young (Allocation Failure) 82M->50M(123M) 12.011ms
[2020-03-27T04:54:32.560+0000][1][gc,cpu       ] GC(46) User=0.02s Sys=0.00s Real=0.01s
[2020-03-27T04:54:32.560+0000][1][safepoint    ] Safepoint "GenCollectForAllocation", Time since last: 93605796 ns, Reaching safepoint: 110100 ns, At safepoint: 12528100 ns, Total: 12638200 ns
[2020-03-27T04:54:32.562+0000][1][safepoint    ] Safepoint "RevokeBias", Time since last: 1765699 ns, Reaching safepoint: 68800 ns, At safepoint: 28700 ns, Total: 97500 ns
[2020-03-27T04:54:32.562+0000][1][safepoint    ] Safepoint "RevokeBias", Time since last: 355300 ns, Reaching safepoint: 98700 ns, At safepoint: 24100 ns, Total: 122800 ns
[2020-03-27T04:54:32.563+0000][1][safepoint    ] Safepoint "RevokeBias", Time since last: 591100 ns, Reaching safepoint: 81000 ns, At safepoint: 22800 ns, Total: 103800 ns
[2020-03-27T04:54:32.563+0000][1][safepoint    ] Safepoint "RevokeBias", Time since last: 343500 ns, Reaching safepoint: 72400 ns, At safepoint: 21000 ns, Total: 93400 ns
[2020-03-27T04:54:32.564+0000][1][safepoint    ] Safepoint "RevokeBias", Time since last: 256000 ns, Reaching safepoint: 92600 ns, At safepoint: 12800 ns, Total: 105400 ns
[2020-03-27T04:54:32.564+0000][1][safepoint    ] Safepoint "RevokeBias", Time since last: 255700 ns, Reaching safepoint: 101000 ns, At safepoint: 46400 ns, Total: 147400 ns
[2020-03-27T04:54:32.565+0000][1][safepoint    ] Safepoint "RevokeBias", Time since last: 185100 ns, Reaching safepoint: 123700 ns, At safepoint: 39400 ns, Total: 163100 ns
[2020-03-27T04:54:32.565+0000][1][safepoint    ] Safepoint "RevokeBias", Time since last: 194900 ns, Reaching safepoint: 102900 ns, At safepoint: 21300 ns, Total: 124200 ns
[2020-03-27T04:54:32.565+0000][1][safepoint    ] Safepoint "RevokeBias", Time since last: 224900 ns, Reaching safepoint: 93300 ns, At safepoint: 21900 ns, Total: 115200 ns
[2020-03-27T04:54:32.566+0000][1][safepoint    ] Safepoint "RevokeBias", Time since last: 235000 ns, Reaching safepoint: 106700 ns, At safepoint: 21700 ns, Total: 128400 ns
[2020-03-27T04:54:32.566+0000][1][safepoint    ] Safepoint "RevokeBias", Time since last: 198100 ns, Reaching safepoint: 101800 ns, At safepoint: 17700 ns, Total: 119500 ns
[2020-03-27T04:54:32.566+0000][1][safepoint    ] Safepoint "RevokeBias", Time since last: 171900 ns, Reaching safepoint: 93000 ns, At safepoint: 7100 ns, Total: 100100 ns
[2020-03-27T04:54:32.566+0000][1][safepoint    ] Safepoint "RevokeBias", Time since last: 162900 ns, Reaching safepoint: 91400 ns, At safepoint: 54000 ns, Total: 145400 ns
[2020-03-27T04:54:32.567+0000][1][safepoint    ] Safepoint "RevokeBias", Time since last: 190400 ns, Reaching safepoint: 55300 ns, At safepoint: 102300 ns, Total: 157600 ns
[2020-03-27T04:54:32.567+0000][1][safepoint    ] Safepoint "RevokeBias", Time since last: 167200 ns, Reaching safepoint: 92400 ns, At safepoint: 29700 ns, Total: 122100 ns
[2020-03-27T04:54:32.567+0000][1][safepoint    ] Safepoint "RevokeBias", Time since last: 163700 ns, Reaching safepoint: 52500 ns, At safepoint: 17900 ns, Total: 70400 ns
[2020-03-27T04:54:32.568+0000][1][safepoint    ] Safepoint "RevokeBias", Time since last: 150200 ns, Reaching safepoint: 94800 ns, At safepoint: 12600 ns, Total: 107400 ns
[2020-03-27T04:54:32.568+0000][1][safepoint    ] Safepoint "BulkRevokeBias", Time since last: 158300 ns, Reaching safepoint: 94300 ns, At safepoint: 188100 ns, Total: 282400 ns
[2020-03-27T04:54:32.988+0000][1][gc,start     ] GC(47) Pause Young (Allocation Failure)
[2020-03-27T04:54:32.989+0000][1][gc,task      ] GC(47) Using 2 workers of 2 for evacuation
[2020-03-27T04:54:32.995+0000][1][gc,age       ] GC(47) Desired survivor size 2228224 bytes, new threshold 6 (max threshold 6)
[2020-03-27T04:54:32.996+0000][1][gc,age       ] GC(47) Age table with threshold 6 (max threshold 6)
[2020-03-27T04:54:32.999+0000][1][gc,age       ] GC(47) - age   1:    1527800 bytes,    1527800 total
[2020-03-27T04:54:32.999+0000][1][gc,heap      ] GC(47) ParNew: 39259K->3337K(39296K)
[2020-03-27T04:54:33.000+0000][1][gc,heap      ] GC(47) CMS: 47315K->50856K(87424K)
[2020-03-27T04:54:33.000+0000][1][gc,metaspace ] GC(47) Metaspace: 47553K->47553K(1093632K)
[2020-03-27T04:54:33.001+0000][1][gc           ] GC(47) Pause Young (Allocation Failure) 84M->52M(123M) 12.913ms
[2020-03-27T04:54:33.001+0000][1][gc,cpu       ] GC(47) User=0.01s Sys=0.00s Real=0.01s
[2020-03-27T04:54:33.002+0000][1][safepoint    ] Safepoint "GenCollectForAllocation", Time since last: 419819181 ns, Reaching safepoint: 92100 ns, At safepoint: 13743799 ns, Total: 13835899 ns
[2020-03-27T04:54:33.002+0000][1][safepoint    ] Safepoint "RevokeBias", Time since last: 534400 ns, Reaching safepoint: 117600 ns, At safepoint: 33200 ns, Total: 150800 ns
[2020-03-27T04:54:33.003+0000][1][safepoint    ] Safepoint "RevokeBias", Time since last: 352500 ns, Reaching safepoint: 26700 ns, At safepoint: 42800 ns, Total: 69500 ns
[2020-03-27T04:54:33.003+0000][1][safepoint    ] Safepoint "RevokeBias", Time since last: 203600 ns, Reaching safepoint: 325500 ns, At safepoint: 18300 ns, Total: 343800 ns
[2020-03-27T04:54:33.004+0000][1][safepoint    ] Safepoint "RevokeBias", Time since last: 330200 ns, Reaching safepoint: 180800 ns, At safepoint: 31300 ns, Total: 212100 ns
[2020-03-27T04:54:33.004+0000][1][safepoint    ] Safepoint "RevokeBias", Time since last: 285800 ns, Reaching safepoint: 10800 ns, At safepoint: 16900 ns, Total: 27700 ns
[2020-03-27T04:54:33.005+0000][1][safepoint    ] Safepoint "RevokeBias", Time since last: 203600 ns, Reaching safepoint: 102300 ns, At safepoint: 29800 ns, Total: 132100 ns
[2020-03-27T04:54:33.005+0000][1][safepoint    ] Safepoint "RevokeBias", Time since last: 192700 ns, Reaching safepoint: 9900 ns, At safepoint: 25900 ns, Total: 35800 ns
[2020-03-27T04:54:33.005+0000][1][safepoint    ] Safepoint "RevokeBias", Time since last: 178300 ns, Reaching safepoint: 159800 ns, At safepoint: 16300 ns, Total: 176100 ns
[2020-03-27T04:54:33.005+0000][1][safepoint    ] Safepoint "RevokeBias", Time since last: 171800 ns, Reaching safepoint: 86300 ns, At safepoint: 16200 ns, Total: 102500 ns
[2020-03-27T04:54:33.006+0000][1][safepoint    ] Safepoint "RevokeBias", Time since last: 255500 ns, Reaching safepoint: 56000 ns, At safepoint: 15500 ns, Total: 71500 ns
[2020-03-27T04:54:33.006+0000][1][safepoint    ] Safepoint "RevokeBias", Time since last: 189400 ns, Reaching safepoint: 84500 ns, At safepoint: 19600 ns, Total: 104100 ns
[2020-03-27T04:54:33.006+0000][1][safepoint    ] Safepoint "RevokeBias", Time since last: 174100 ns, Reaching safepoint: 199300 ns, At safepoint: 16400 ns, Total: 215700 ns
[2020-03-27T04:54:33.007+0000][1][safepoint    ] Safepoint "RevokeBias", Time since last: 241100 ns, Reaching safepoint: 85200 ns, At safepoint: 17200 ns, Total: 102400 ns
[2020-03-27T04:54:33.053+0000][1][safepoint    ] Safepoint "RevokeBias", Time since last: 45944098 ns, Reaching safepoint: 108700 ns, At safepoint: 20600 ns, Total: 129300 ns
[2020-03-27T04:54:33.055+0000][1][safepoint    ] Safepoint "RevokeBias", Time since last: 2506800 ns, Reaching safepoint: 77000 ns, At safepoint: 16900 ns, Total: 93900 ns
[2020-03-27T04:54:33.152+0000][1][safepoint    ] Safepoint "RevokeBias", Time since last: 96168295 ns, Reaching safepoint: 327100 ns, At safepoint: 32300 ns, Total: 359400 ns
[2020-03-27T04:54:33.153+0000][1][safepoint    ] Safepoint "RevokeBias", Time since last: 697900 ns, Reaching safepoint: 186000 ns, At safepoint: 13600 ns, Total: 199600 ns
[2020-03-27T04:54:33.153+0000][1][safepoint    ] Safepoint "RevokeBias", Time since last: 559500 ns, Reaching safepoint: 77000 ns, At safepoint: 22000 ns, Total: 99000 ns
[2020-03-27T04:54:33.154+0000][1][safepoint    ] Safepoint "RevokeBias", Time since last: 348800 ns, Reaching safepoint: 88200 ns, At safepoint: 15400 ns, Total: 103600 ns
[2020-03-27T04:54:33.199+0000][1][safepoint    ] Safepoint "RevokeBias", Time since last: 45317898 ns, Reaching safepoint: 109200 ns, At safepoint: 25800 ns, Total: 135000 ns
[2020-03-27T04:54:33.200+0000][1][safepoint    ] Safepoint "RevokeBias", Time since last: 908200 ns, Reaching safepoint: 61800 ns, At safepoint: 24800 ns, Total: 86600 ns
[2020-03-27T04:54:33.201+0000][1][safepoint    ] Safepoint "RevokeBias", Time since last: 420300 ns, Reaching safepoint: 44100 ns, At safepoint: 14600 ns, Total: 58700 ns
[2020-03-27T04:54:33.201+0000][1][safepoint    ] Safepoint "RevokeBias", Time since last: 466600 ns, Reaching safepoint: 95100 ns, At safepoint: 27200 ns, Total: 122300 ns
[2020-03-27T04:54:33.202+0000][1][safepoint    ] Safepoint "RevokeBias", Time since last: 600000 ns, Reaching safepoint: 84600 ns, At safepoint: 25400 ns, Total: 110000 ns
[2020-03-27T04:54:33.203+0000][1][safepoint    ] Safepoint "RevokeBias", Time since last: 1164000 ns, Reaching safepoint: 93000 ns, At safepoint: 21300 ns, Total: 114300 ns
[2020-03-27T04:54:33.204+0000][1][safepoint    ] Safepoint "RevokeBias", Time since last: 597500 ns, Reaching safepoint: 94200 ns, At safepoint: 24700 ns, Total: 118900 ns
[2020-03-27T04:54:33.205+0000][1][safepoint    ] Safepoint "RevokeBias", Time since last: 980600 ns, Reaching safepoint: 54900 ns, At safepoint: 19100 ns, Total: 74000 ns
[2020-03-27T04:54:33.206+0000][1][safepoint    ] Safepoint "RevokeBias", Time since last: 327100 ns, Reaching safepoint: 123400 ns, At safepoint: 17300 ns, Total: 140700 ns
[2020-03-27T04:54:33.206+0000][1][safepoint    ] Safepoint "RevokeBias", Time since last: 212000 ns, Reaching safepoint: 113300 ns, At safepoint: 19200 ns, Total: 132500 ns
[2020-03-27T04:54:33.206+0000][1][safepoint    ] Safepoint "RevokeBias", Time since last: 325400 ns, Reaching safepoint: 67900 ns, At safepoint: 28500 ns, Total: 96400 ns
[2020-03-27T04:54:33.207+0000][1][safepoint    ] Safepoint "RevokeBias", Time since last: 297900 ns, Reaching safepoint: 426400 ns, At safepoint: 15800 ns, Total: 442200 ns
[2020-03-27T04:54:33.208+0000][1][safepoint    ] Safepoint "RevokeBias", Time since last: 247000 ns, Reaching safepoint: 107600 ns, At safepoint: 11000 ns, Total: 118600 ns
[2020-03-27T04:54:33.208+0000][1][safepoint    ] Safepoint "RevokeBias", Time since last: 260900 ns, Reaching safepoint: 49200 ns, At safepoint: 43700 ns, Total: 92900 ns
[2020-03-27T04:54:33.208+0000][1][safepoint    ] Safepoint "RevokeBias", Time since last: 254200 ns, Reaching safepoint: 58600 ns, At safepoint: 26300 ns, Total: 84900 ns
[2020-03-27T04:54:33.209+0000][1][safepoint    ] Safepoint "RevokeBias", Time since last: 197800 ns, Reaching safepoint: 101900 ns, At safepoint: 17000 ns, Total: 118900 ns
[2020-03-27T04:54:33.209+0000][1][safepoint    ] Safepoint "RevokeBias", Time since last: 173699 ns, Reaching safepoint: 172600 ns, At safepoint: 15300 ns, Total: 187900 ns
[2020-03-27T04:54:33.209+0000][1][safepoint    ] Safepoint "RevokeBias", Time since last: 194800 ns, Reaching safepoint: 46200 ns, At safepoint: 10800 ns, Total: 57000 ns
[2020-03-27T04:54:33.209+0000][1][safepoint    ] Safepoint "RevokeBias", Time since last: 194800 ns, Reaching safepoint: 39200 ns, At safepoint: 20400 ns, Total: 59600 ns
[2020-03-27T04:54:33.210+0000][1][safepoint    ] Safepoint "RevokeBias", Time since last: 215600 ns, Reaching safepoint: 97800 ns, At safepoint: 17000 ns, Total: 114800 ns
[2020-03-27T04:54:33.210+0000][1][safepoint    ] Safepoint "RevokeBias", Time since last: 221800 ns, Reaching safepoint: 247700 ns, At safepoint: 16200 ns, Total: 263900 ns
[2020-03-27T04:54:33.211+0000][1][safepoint    ] Safepoint "RevokeBias", Time since last: 176800 ns, Reaching safepoint: 88000 ns, At safepoint: 27500 ns, Total: 115500 ns
[2020-03-27T04:54:33.211+0000][1][safepoint    ] Safepoint "RevokeBias", Time since last: 155900 ns, Reaching safepoint: 55800 ns, At safepoint: 18200 ns, Total: 74000 ns
[2020-03-27T04:54:33.211+0000][1][safepoint    ] Safepoint "RevokeBias", Time since last: 242400 ns, Reaching safepoint: 84400 ns, At safepoint: 10600 ns, Total: 95000 ns
[2020-03-27T04:54:33.211+0000][1][safepoint    ] Safepoint "RevokeBias", Time since last: 189000 ns, Reaching safepoint: 46100 ns, At safepoint: 24400 ns, Total: 70500 ns
[2020-03-27T04:54:33.212+0000][1][safepoint    ] Safepoint "RevokeBias", Time since last: 191400 ns, Reaching safepoint: 82800 ns, At safepoint: 22900 ns, Total: 105700 ns
[2020-03-27T04:54:33.212+0000][1][safepoint    ] Safepoint "BulkRevokeBias", Time since last: 181500 ns, Reaching safepoint: 51200 ns, At safepoint: 50400 ns, Total: 101600 ns
[2020-03-27T04:54:33.213+0000][1][safepoint    ] Safepoint "RevokeBias", Time since last: 169800 ns, Reaching safepoint: 398900 ns, At safepoint: 18700 ns, Total: 417600 ns
[2020-03-27T04:54:33.213+0000][1][safepoint    ] Safepoint "RevokeBias", Time since last: 181600 ns, Reaching safepoint: 48100 ns, At safepoint: 11200 ns, Total: 59300 ns
[2020-03-27T04:54:33.213+0000][1][safepoint    ] Safepoint "RevokeBias", Time since last: 568600 ns, Reaching safepoint: 125700 ns, At safepoint: 11900 ns, Total: 137600 ns
[2020-03-27T04:54:33.214+0000][1][safepoint    ] Safepoint "RevokeBias", Time since last: 268700 ns, Reaching safepoint: 9500 ns, At safepoint: 12400 ns, Total: 21900 ns
[2020-03-27T04:54:33.214+0000][1][safepoint    ] Safepoint "RevokeBias", Time since last: 268800 ns, Reaching safepoint: 10700 ns, At safepoint: 12200 ns, Total: 22900 ns
[2020-03-27T04:54:33.214+0000][1][safepoint    ] Safepoint "RevokeBias", Time since last: 182400 ns, Reaching safepoint: 22900 ns, At safepoint: 22200 ns, Total: 45100 ns
[2020-03-27T04:54:33.215+0000][1][safepoint    ] Safepoint "RevokeBias", Time since last: 178500 ns, Reaching safepoint: 11400 ns, At safepoint: 60700 ns, Total: 72100 ns
[2020-03-27T04:54:33.216+0000][1][gc,start     ] GC(48) Pause Young (Allocation Failure)
[2020-03-27T04:54:33.216+0000][1][gc,task      ] GC(48) Using 2 workers of 2 for evacuation
[2020-03-27T04:54:33.220+0000][1][gc,age       ] GC(48) Desired survivor size 2228224 bytes, new threshold 2 (max threshold 6)
[2020-03-27T04:54:33.220+0000][1][gc,age       ] GC(48) Age table with threshold 2 (max threshold 6)
[2020-03-27T04:54:33.221+0000][1][gc,age       ] GC(48) - age   1:    1711432 bytes,    1711432 total
[2020-03-27T04:54:33.221+0000][1][gc,age       ] GC(48) - age   2:    1515472 bytes,    3226904 total
[2020-03-27T04:54:33.222+0000][1][gc,heap      ] GC(48) ParNew: 38280K->4181K(39296K)
[2020-03-27T04:54:33.222+0000][1][gc,heap      ] GC(48) CMS: 50856K->50856K(87424K)
[2020-03-27T04:54:33.222+0000][1][gc,metaspace ] GC(48) Metaspace: 50635K->50635K(1095680K)
[2020-03-27T04:54:33.222+0000][1][gc           ] GC(48) Pause Young (Allocation Failure) 87M->53M(123M) 6.709ms
[2020-03-27T04:54:33.223+0000][1][gc,cpu       ] GC(48) User=0.01s Sys=0.00s Real=0.00s
[2020-03-27T04:54:33.223+0000][1][safepoint    ] Safepoint "GenCollectForAllocation", Time since last: 1049900 ns, Reaching safepoint: 88600 ns, At safepoint: 7180000 ns, Total: 7268600 ns
[2020-03-27T04:54:33.223+0000][1][safepoint    ] Safepoint "RevokeBias", Time since last: 229000 ns, Reaching safepoint: 18100 ns, At safepoint: 33100 ns, Total: 51200 ns
[2020-03-27T04:54:33.226+0000][1][safepoint    ] Safepoint "RevokeBias", Time since last: 2426800 ns, Reaching safepoint: 91200 ns, At safepoint: 16900 ns, Total: 108100 ns
[2020-03-27T04:54:33.226+0000][1][safepoint    ] Safepoint "RevokeBias", Time since last: 377800 ns, Reaching safepoint: 87300 ns, At safepoint: 13100 ns, Total: 100400 ns
[2020-03-27T04:54:33.227+0000][1][safepoint    ] Safepoint "RevokeBias", Time since last: 350700 ns, Reaching safepoint: 85600 ns, At safepoint: 29500 ns, Total: 115100 ns
[2020-03-27T04:54:33.227+0000][1][safepoint    ] Safepoint "RevokeBias", Time since last: 322900 ns, Reaching safepoint: 89400 ns, At safepoint: 14300 ns, Total: 103700 ns
[2020-03-27T04:54:33.227+0000][1][safepoint    ] Safepoint "RevokeBias", Time since last: 340900 ns, Reaching safepoint: 12000 ns, At safepoint: 11200 ns, Total: 23200 ns
[2020-03-27T04:54:33.228+0000][1][safepoint    ] Safepoint "RevokeBias", Time since last: 270000 ns, Reaching safepoint: 34600 ns, At safepoint: 24700 ns, Total: 59300 ns
[2020-03-27T04:54:33.228+0000][1][safepoint    ] Safepoint "RevokeBias", Time since last: 286600 ns, Reaching safepoint: 11400 ns, At safepoint: 34000 ns, Total: 45400 ns
[2020-03-27T04:54:33.228+0000][1][safepoint    ] Safepoint "RevokeBias", Time since last: 235800 ns, Reaching safepoint: 11900 ns, At safepoint: 30200 ns, Total: 42100 ns
[2020-03-27T04:54:33.229+0000][1][safepoint    ] Safepoint "RevokeBias", Time since last: 302700 ns, Reaching safepoint: 11200 ns, At safepoint: 10700 ns, Total: 21900 ns
[2020-03-27T04:54:33.229+0000][1][safepoint    ] Safepoint "RevokeBias", Time since last: 243600 ns, Reaching safepoint: 11000 ns, At safepoint: 10600 ns, Total: 21600 ns
[2020-03-27T04:54:33.229+0000][1][safepoint    ] Safepoint "RevokeBias", Time since last: 233600 ns, Reaching safepoint: 11000 ns, At safepoint: 10700 ns, Total: 21700 ns
[2020-03-27T04:54:33.229+0000][1][safepoint    ] Safepoint "RevokeBias", Time since last: 149300 ns, Reaching safepoint: 10700 ns, At safepoint: 10200 ns, Total: 20900 ns
[2020-03-27T04:54:33.230+0000][1][safepoint    ] Safepoint "RevokeBias", Time since last: 173900 ns, Reaching safepoint: 10900 ns, At safepoint: 10500 ns, Total: 21400 ns
[2020-03-27T04:54:33.230+0000][1][safepoint    ] Safepoint "RevokeBias", Time since last: 165800 ns, Reaching safepoint: 10500 ns, At safepoint: 10300 ns, Total: 20800 ns
[2020-03-27T04:54:33.230+0000][1][safepoint    ] Safepoint "RevokeBias", Time since last: 165500 ns, Reaching safepoint: 11000 ns, At safepoint: 10400 ns, Total: 21400 ns
[2020-03-27T04:54:33.230+0000][1][safepoint    ] Safepoint "RevokeBias", Time since last: 143500 ns, Reaching safepoint: 10700 ns, At safepoint: 10300 ns, Total: 21000 ns
[2020-03-27T04:54:33.230+0000][1][safepoint    ] Safepoint "RevokeBias", Time since last: 139600 ns, Reaching safepoint: 10699 ns, At safepoint: 10300 ns, Total: 20999 ns
[2020-03-27T04:54:33.230+0000][1][safepoint    ] Safepoint "RevokeBias", Time since last: 150600 ns, Reaching safepoint: 10800 ns, At safepoint: 10300 ns, Total: 21100 ns
[2020-03-27T04:54:33.231+0000][1][safepoint    ] Safepoint "RevokeBias", Time since last: 144800 ns, Reaching safepoint: 10600 ns, At safepoint: 10400 ns, Total: 21000 ns
[2020-03-27T04:54:33.231+0000][1][safepoint    ] Safepoint "RevokeBias", Time since last: 136000 ns, Reaching safepoint: 10700 ns, At safepoint: 10300 ns, Total: 21000 ns
[2020-03-27T04:54:33.231+0000][1][safepoint    ] Safepoint "BulkRevokeBias", Time since last: 137000 ns, Reaching safepoint: 21400 ns, At safepoint: 50900 ns, Total: 72300 ns
[2020-03-27T04:54:33.231+0000][1][safepoint    ] Safepoint "RevokeBias", Time since last: 212800 ns, Reaching safepoint: 87900 ns, At safepoint: 26400 ns, Total: 114300 ns
[2020-03-27T04:54:33.232+0000][1][safepoint    ] Safepoint "RevokeBias", Time since last: 196500 ns, Reaching safepoint: 89000 ns, At safepoint: 16500 ns, Total: 105500 ns
[2020-03-27T04:54:33.232+0000][1][safepoint    ] Safepoint "RevokeBias", Time since last: 154400 ns, Reaching safepoint: 87600 ns, At safepoint: 15900 ns, Total: 103500 ns
[2020-03-27T04:54:33.232+0000][1][safepoint    ] Safepoint "RevokeBias", Time since last: 150800 ns, Reaching safepoint: 292800 ns, At safepoint: 15400 ns, Total: 308200 ns
[2020-03-27T04:54:33.233+0000][1][safepoint    ] Safepoint "RevokeBias", Time since last: 161700 ns, Reaching safepoint: 119800 ns, At safepoint: 14500 ns, Total: 134300 ns
[2020-03-27T04:54:33.233+0000][1][safepoint    ] Safepoint "RevokeBias", Time since last: 287300 ns, Reaching safepoint: 94300 ns, At safepoint: 11600 ns, Total: 105900 ns
[2020-03-27T04:54:33.233+0000][1][safepoint    ] Safepoint "RevokeBias", Time since last: 199300 ns, Reaching safepoint: 94000 ns, At safepoint: 15300 ns, Total: 109300 ns
[2020-03-27T04:54:33.234+0000][1][safepoint    ] Safepoint "BulkRevokeBias", Time since last: 145900 ns, Reaching safepoint: 128000 ns, At safepoint: 33200 ns, Total: 161200 ns
[2020-03-27T04:54:33.234+0000][1][safepoint    ] Safepoint "RevokeBias", Time since last: 445500 ns, Reaching safepoint: 88100 ns, At safepoint: 14500 ns, Total: 102600 ns
[2020-03-27T04:54:33.235+0000][1][safepoint    ] Safepoint "RevokeBias", Time since last: 376000 ns, Reaching safepoint: 87500 ns, At safepoint: 11300 ns, Total: 98800 ns
[2020-03-27T04:54:33.235+0000][1][safepoint    ] Safepoint "RevokeBias", Time since last: 194800 ns, Reaching safepoint: 86300 ns, At safepoint: 12500 ns, Total: 98800 ns
[2020-03-27T04:54:33.235+0000][1][safepoint    ] Safepoint "RevokeBias", Time since last: 253100 ns, Reaching safepoint: 86300 ns, At safepoint: 22100 ns, Total: 108400 ns
[2020-03-27T04:54:33.237+0000][1][safepoint    ] Safepoint "Deoptimize", Time since last: 967200 ns, Reaching safepoint: 88100 ns, At safepoint: 269800 ns, Total: 357900 ns
[2020-03-27T04:54:33.244+0000][1][safepoint    ] Safepoint "RevokeBias", Time since last: 4488300 ns, Reaching safepoint: 11700 ns, At safepoint: 2904400 ns, Total: 2916100 ns
[2020-03-27T04:54:33.246+0000][1][safepoint    ] Safepoint "RevokeBias", Time since last: 384600 ns, Reaching safepoint: 122500 ns, At safepoint: 1334400 ns, Total: 1456900 ns
[2020-03-27T04:54:33.246+0000][1][safepoint    ] Safepoint "RevokeBias", Time since last: 339900 ns, Reaching safepoint: 126500 ns, At safepoint: 52400 ns, Total: 178900 ns
[2020-03-27T04:54:33.247+0000][1][safepoint    ] Safepoint "RevokeBias", Time since last: 320900 ns, Reaching safepoint: 12900 ns, At safepoint: 21800 ns, Total: 34700 ns
[2020-03-27T04:54:33.247+0000][1][safepoint    ] Safepoint "RevokeBias", Time since last: 368300 ns, Reaching safepoint: 66700 ns, At safepoint: 25200 ns, Total: 91900 ns
[2020-03-27T04:54:33.358+0000][1][gc,start     ] GC(49) Pause Young (Allocation Failure)
[2020-03-27T04:54:33.359+0000][1][gc,task      ] GC(49) Using 2 workers of 2 for evacuation
[2020-03-27T04:54:33.364+0000][1][gc,age       ] GC(49) Desired survivor size 2228224 bytes, new threshold 2 (max threshold 6)
[2020-03-27T04:54:33.364+0000][1][gc,age       ] GC(49) Age table with threshold 2 (max threshold 6)
[2020-03-27T04:54:33.365+0000][1][gc,age       ] GC(49) - age   1:     625576 bytes,     625576 total
[2020-03-27T04:54:33.365+0000][1][gc,age       ] GC(49) - age   2:    1695992 bytes,    2321568 total
[2020-03-27T04:54:33.365+0000][1][gc,heap      ] GC(49) ParNew: 39125K->2711K(39296K)
[2020-03-27T04:54:33.365+0000][1][gc,heap      ] GC(49) CMS: 50856K->52401K(87424K)
[2020-03-27T04:54:33.366+0000][1][gc,metaspace ] GC(49) Metaspace: 52721K->52721K(1097728K)
[2020-03-27T04:54:33.366+0000][1][gc           ] GC(49) Pause Young (Allocation Failure) 87M->53M(123M) 7.653ms
[2020-03-27T04:54:33.366+0000][1][gc,cpu       ] GC(49) User=0.01s Sys=0.00s Real=0.01s
[2020-03-27T04:54:33.367+0000][1][safepoint    ] Safepoint "GenCollectForAllocation", Time since last: 111036495 ns, Reaching safepoint: 112200 ns, At safepoint: 8228199 ns, Total: 8340399 ns
[2020-03-27T04:54:33.509+0000][1][gc,start     ] GC(50) Pause Young (Allocation Failure)
[2020-03-27T04:54:33.509+0000][1][gc,task      ] GC(50) Using 2 workers of 2 for evacuation
[2020-03-27T04:54:33.514+0000][1][gc,age       ] GC(50) Desired survivor size 2228224 bytes, new threshold 6 (max threshold 6)
[2020-03-27T04:54:33.515+0000][1][gc,age       ] GC(50) Age table with threshold 6 (max threshold 6)
[2020-03-27T04:54:33.515+0000][1][gc,age       ] GC(50) - age   1:     533576 bytes,     533576 total
[2020-03-27T04:54:33.515+0000][1][gc,age       ] GC(50) - age   2:     608000 bytes,    1141576 total
[2020-03-27T04:54:33.516+0000][1][gc,heap      ] GC(50) ParNew: 37655K->2366K(39296K)
[2020-03-27T04:54:33.516+0000][1][gc,heap      ] GC(50) CMS: 52401K->54067K(87424K)
[2020-03-27T04:54:33.516+0000][1][gc,metaspace ] GC(50) Metaspace: 56030K->56030K(1101824K)
[2020-03-27T04:54:33.517+0000][1][gc           ] GC(50) Pause Young (Allocation Failure) 87M->55M(123M) 8.220ms
[2020-03-27T04:54:33.517+0000][1][gc,cpu       ] GC(50) User=0.01s Sys=0.00s Real=0.01s
[2020-03-27T04:54:33.517+0000][1][safepoint    ] Safepoint "GenCollectForAllocation", Time since last: 141509294 ns, Reaching safepoint: 448600 ns, At safepoint: 8744099 ns, Total: 9192699 ns
[2020-03-27T04:54:33.704+0000][1][gc,start     ] GC(51) Pause Young (Allocation Failure)
[2020-03-27T04:54:33.705+0000][1][gc,task      ] GC(51) Using 2 workers of 2 for evacuation
[2020-03-27T04:54:33.709+0000][1][gc,age       ] GC(51) Desired survivor size 2228224 bytes, new threshold 6 (max threshold 6)
[2020-03-27T04:54:33.709+0000][1][gc,age       ] GC(51) Age table with threshold 6 (max threshold 6)
[2020-03-27T04:54:33.710+0000][1][gc,age       ] GC(51) - age   1:     773472 bytes,     773472 total
[2020-03-27T04:54:33.711+0000][1][gc,age       ] GC(51) - age   2:     511888 bytes,    1285360 total
[2020-03-27T04:54:33.711+0000][1][gc,age       ] GC(51) - age   3:     607408 bytes,    1892768 total
[2020-03-27T04:54:33.712+0000][1][gc,heap      ] GC(51) ParNew: 37310K->2524K(39296K)
[2020-03-27T04:54:33.712+0000][1][gc,heap      ] GC(51) CMS: 54067K->54067K(87424K)
[2020-03-27T04:54:33.713+0000][1][gc,metaspace ] GC(51) Metaspace: 60215K->60215K(1103872K)
[2020-03-27T04:54:33.713+0000][1][gc           ] GC(51) Pause Young (Allocation Failure) 89M->55M(123M) 9.132ms
[2020-03-27T04:54:33.714+0000][1][gc,cpu       ] GC(51) User=0.01s Sys=0.00s Real=0.01s
[2020-03-27T04:54:33.714+0000][1][safepoint    ] Safepoint "GenCollectForAllocation", Time since last: 186606192 ns, Reaching safepoint: 140700 ns, At safepoint: 10028899 ns, Total: 10169599 ns
[2020-03-27T04:54:33.815+0000][1][safepoint    ] Safepoint "RevokeBias", Time since last: 98536796 ns, Reaching safepoint: 2861099 ns, At safepoint: 35600 ns, Total: 2896699 ns
[2020-03-27T04:54:33.816+0000][1][safepoint    ] Safepoint "RevokeBias", Time since last: 557300 ns, Reaching safepoint: 63500 ns, At safepoint: 28300 ns, Total: 91800 ns
[2020-03-27T04:54:33.817+0000][1][safepoint    ] Safepoint "RevokeBias", Time since last: 487300 ns, Reaching safepoint: 93700 ns, At safepoint: 16900 ns, Total: 110600 ns
[2020-03-27T04:54:33.819+0000][1][safepoint    ] Safepoint "RevokeBias", Time since last: 2451100 ns, Reaching safepoint: 62900 ns, At safepoint: 28600 ns, Total: 91500 ns
[2020-03-27T04:54:33.922+0000][1][gc,start     ] GC(52) Pause Young (Allocation Failure)
[2020-03-27T04:54:33.922+0000][1][gc,task      ] GC(52) Using 2 workers of 2 for evacuation
[2020-03-27T04:54:33.929+0000][1][gc,age       ] GC(52) Desired survivor size 2228224 bytes, new threshold 2 (max threshold 6)
[2020-03-27T04:54:33.929+0000][1][gc,age       ] GC(52) Age table with threshold 2 (max threshold 6)
[2020-03-27T04:54:33.929+0000][1][gc,age       ] GC(52) - age   1:    2118072 bytes,    2118072 total
[2020-03-27T04:54:33.930+0000][1][gc,age       ] GC(52) - age   2:     735816 bytes,    2853888 total
[2020-03-27T04:54:33.930+0000][1][gc,age       ] GC(52) - age   3:     511400 bytes,    3365288 total
[2020-03-27T04:54:33.931+0000][1][gc,age       ] GC(52) - age   4:     607280 bytes,    3972568 total
[2020-03-27T04:54:33.931+0000][1][gc,heap      ] GC(52) ParNew: 37468K->4352K(39296K)
[2020-03-27T04:54:33.932+0000][1][gc,heap      ] GC(52) CMS: 54067K->54067K(87424K)
[2020-03-27T04:54:33.932+0000][1][gc,metaspace ] GC(52) Metaspace: 63452K->63452K(1107968K)
[2020-03-27T04:54:33.933+0000][1][gc           ] GC(52) Pause Young (Allocation Failure) 89M->57M(123M) 10.699ms
[2020-03-27T04:54:33.933+0000][1][gc,cpu       ] GC(52) User=0.01s Sys=0.00s Real=0.01s
[2020-03-27T04:54:33.933+0000][1][safepoint    ] Safepoint "GenCollectForAllocation", Time since last: 102500195 ns, Reaching safepoint: 120200 ns, At safepoint: 11587000 ns, Total: 11707200 ns
[2020-03-27T04:54:33.958+0000][1][safepoint    ] Safepoint "Deoptimize", Time since last: 23721699 ns, Reaching safepoint: 108100 ns, At safepoint: 273000 ns, Total: 381100 ns
[2020-03-27T04:54:34.174+0000][1][gc,start     ] GC(53) Pause Young (Allocation Failure)
[2020-03-27T04:54:34.175+0000][1][gc,task      ] GC(53) Using 2 workers of 2 for evacuation
[2020-03-27T04:54:34.190+0000][1][gc,age       ] GC(53) Desired survivor size 2228224 bytes, new threshold 2 (max threshold 6)
[2020-03-27T04:54:34.190+0000][1][gc,age       ] GC(53) Age table with threshold 2 (max threshold 6)
[2020-03-27T04:54:34.191+0000][1][gc,age       ] GC(53) - age   1:    1795328 bytes,    1795328 total
[2020-03-27T04:54:34.191+0000][1][gc,age       ] GC(53) - age   2:    1816800 bytes,    3612128 total
[2020-03-27T04:54:34.191+0000][1][gc,heap      ] GC(53) ParNew: 39296K->4352K(39296K)
[2020-03-27T04:54:34.191+0000][1][gc,heap      ] GC(53) CMS: 54067K->55930K(87424K)
[2020-03-27T04:54:34.192+0000][1][gc,metaspace ] GC(53) Metaspace: 66448K->66448K(1110016K)
[2020-03-27T04:54:34.192+0000][1][gc           ] GC(53) Pause Young (Allocation Failure) 91M->58M(123M) 17.973ms
[2020-03-27T04:54:34.192+0000][1][gc,cpu       ] GC(53) User=0.04s Sys=0.00s Real=0.02s
[2020-03-27T04:54:34.192+0000][1][safepoint    ] Safepoint "GenCollectForAllocation", Time since last: 216320590 ns, Reaching safepoint: 120900 ns, At safepoint: 18401999 ns, Total: 18522899 ns
[2020-03-27T04:54:34.276+0000][1][safepoint    ] Safepoint "RevokeBias", Time since last: 83635896 ns, Reaching safepoint: 106800 ns, At safepoint: 10800 ns, Total: 117600 ns
[2020-03-27T04:54:34.301+0000][1][safepoint    ] Safepoint "Deoptimize", Time since last: 24727199 ns, Reaching safepoint: 99000 ns, At safepoint: 261600 ns, Total: 360600 ns
[2020-03-27T04:54:34.340+0000][1][safepoint    ] Safepoint "RevokeBias", Time since last: 38773898 ns, Reaching safepoint: 104100 ns, At safepoint: 16100 ns, Total: 120200 ns
[2020-03-27T04:54:34.341+0000][1][safepoint    ] Safepoint "RevokeBias", Time since last: 738600 ns, Reaching safepoint: 47400 ns, At safepoint: 14200 ns, Total: 61600 ns
[2020-03-27T04:54:34.342+0000][1][safepoint    ] Safepoint "RevokeBias", Time since last: 820400 ns, Reaching safepoint: 59200 ns, At safepoint: 15000 ns, Total: 74200 ns
[2020-03-27T04:54:34.343+0000][1][safepoint    ] Safepoint "RevokeBias", Time since last: 601900 ns, Reaching safepoint: 71400 ns, At safepoint: 16900 ns, Total: 88300 ns
[2020-03-27T04:54:34.343+0000][1][safepoint    ] Safepoint "RevokeBias", Time since last: 362600 ns, Reaching safepoint: 73500 ns, At safepoint: 14100 ns, Total: 87600 ns
[2020-03-27T04:54:34.343+0000][1][safepoint    ] Safepoint "RevokeBias", Time since last: 408900 ns, Reaching safepoint: 63300 ns, At safepoint: 13200 ns, Total: 76500 ns
[2020-03-27T04:54:34.344+0000][1][safepoint    ] Safepoint "RevokeBias", Time since last: 509900 ns, Reaching safepoint: 63000 ns, At safepoint: 15700 ns, Total: 78700 ns
[2020-03-27T04:54:34.345+0000][1][safepoint    ] Safepoint "RevokeBias", Time since last: 477600 ns, Reaching safepoint: 91100 ns, At safepoint: 14000 ns, Total: 105100 ns
[2020-03-27T04:54:34.345+0000][1][safepoint    ] Safepoint "RevokeBias", Time since last: 394600 ns, Reaching safepoint: 115500 ns, At safepoint: 15900 ns, Total: 131400 ns
[2020-03-27T04:54:34.346+0000][1][safepoint    ] Safepoint "BulkRevokeBias", Time since last: 815000 ns, Reaching safepoint: 202500 ns, At safepoint: 61700 ns, Total: 264200 ns
[2020-03-27T04:54:34.347+0000][1][safepoint    ] Safepoint "RevokeBias", Time since last: 971200 ns, Reaching safepoint: 51000 ns, At safepoint: 17100 ns, Total: 68100 ns
[2020-03-27T04:54:34.348+0000][1][safepoint    ] Safepoint "RevokeBias", Time since last: 295100 ns, Reaching safepoint: 82600 ns, At safepoint: 15800 ns, Total: 98400 ns
[2020-03-27T04:54:34.350+0000][1][safepoint    ] Safepoint "Deoptimize", Time since last: 2065200 ns, Reaching safepoint: 77700 ns, At safepoint: 306900 ns, Total: 384600 ns
[2020-03-27T04:54:34.351+0000][1][safepoint    ] Safepoint "RevokeBias", Time since last: 720400 ns, Reaching safepoint: 11100 ns, At safepoint: 14000 ns, Total: 25100 ns
[2020-03-27T04:54:34.433+0000][1][gc,start     ] GC(54) Pause Young (Allocation Failure)
[2020-03-27T04:54:34.434+0000][1][gc,task      ] GC(54) Using 2 workers of 2 for evacuation
[2020-03-27T04:54:34.444+0000][1][gc,age       ] GC(54) Desired survivor size 2228224 bytes, new threshold 2 (max threshold 6)
[2020-03-27T04:54:34.445+0000][1][gc,age       ] GC(54) Age table with threshold 2 (max threshold 6)
[2020-03-27T04:54:34.459+0000][1][gc,age       ] GC(54) - age   1:    1328496 bytes,    1328496 total
[2020-03-27T04:54:34.460+0000][1][gc,age       ] GC(54) - age   2:    1740128 bytes,    3068624 total
[2020-03-27T04:54:34.461+0000][1][gc,heap      ] GC(54) ParNew: 39296K->3475K(39296K)
[2020-03-27T04:54:34.461+0000][1][gc,heap      ] GC(54) CMS: 55930K->57778K(87424K)
[2020-03-27T04:54:34.462+0000][1][gc,metaspace ] GC(54) Metaspace: 71344K->71344K(1114112K)
[2020-03-27T04:54:34.463+0000][1][gc           ] GC(54) Pause Young (Allocation Failure) 92M->59M(123M) 29.461ms
[2020-03-27T04:54:34.463+0000][1][gc,cpu       ] GC(54) User=0.02s Sys=0.00s Real=0.03s
[2020-03-27T04:54:34.464+0000][1][safepoint    ] Safepoint "GenCollectForAllocation", Time since last: 82155496 ns, Reaching safepoint: 141800 ns, At safepoint: 30952698 ns, Total: 31094498 ns
[2020-03-27T04:54:34.509+0000][1][safepoint    ] Safepoint "Deoptimize", Time since last: 44626298 ns, Reaching safepoint: 41000 ns, At safepoint: 258700 ns, Total: 299700 ns
[2020-03-27T04:54:34.782+0000][1][safepoint    ] Safepoint "RevokeBias", Time since last: 270589488 ns, Reaching safepoint: 2261300 ns, At safepoint: 24000 ns, Total: 2285300 ns
[2020-03-27T04:54:34.783+0000][1][safepoint    ] Safepoint "RevokeBias", Time since last: 548700 ns, Reaching safepoint: 195000 ns, At safepoint: 25800 ns, Total: 220800 ns
[2020-03-27T04:54:34.783+0000][1][safepoint    ] Safepoint "RevokeBias", Time since last: 480300 ns, Reaching safepoint: 104400 ns, At safepoint: 21400 ns, Total: 125800 ns
[2020-03-27T04:54:34.784+0000][1][safepoint    ] Safepoint "RevokeBias", Time since last: 458000 ns, Reaching safepoint: 44700 ns, At safepoint: 8500 ns, Total: 53200 ns
[2020-03-27T04:54:34.784+0000][1][safepoint    ] Safepoint "RevokeBias", Time since last: 543300 ns, Reaching safepoint: 89900 ns, At safepoint: 8400 ns, Total: 98300 ns
[2020-03-27T04:54:34.785+0000][1][safepoint    ] Safepoint "RevokeBias", Time since last: 574200 ns, Reaching safepoint: 9700 ns, At safepoint: 7700 ns, Total: 17400 ns
[2020-03-27T04:54:34.786+0000][1][safepoint    ] Safepoint "RevokeBias", Time since last: 498799 ns, Reaching safepoint: 9300 ns, At safepoint: 31700 ns, Total: 41000 ns
[2020-03-27T04:54:34.786+0000][1][safepoint    ] Safepoint "RevokeBias", Time since last: 455800 ns, Reaching safepoint: 8600 ns, At safepoint: 26000 ns, Total: 34600 ns
[2020-03-27T04:54:34.787+0000][1][safepoint    ] Safepoint "RevokeBias", Time since last: 495500 ns, Reaching safepoint: 22600 ns, At safepoint: 98100 ns, Total: 120700 ns
[2020-03-27T04:54:34.787+0000][1][safepoint    ] Safepoint "RevokeBias", Time since last: 687400 ns, Reaching safepoint: 9000 ns, At safepoint: 18400 ns, Total: 27400 ns
[2020-03-27T04:54:34.788+0000][1][safepoint    ] Safepoint "RevokeBias", Time since last: 559900 ns, Reaching safepoint: 21700 ns, At safepoint: 42500 ns, Total: 64200 ns
[2020-03-27T04:54:34.789+0000][1][safepoint    ] Safepoint "RevokeBias", Time since last: 648400 ns, Reaching safepoint: 114000 ns, At safepoint: 17000 ns, Total: 131000 ns
[2020-03-27T04:54:34.789+0000][1][safepoint    ] Safepoint "RevokeBias", Time since last: 530400 ns, Reaching safepoint: 9700 ns, At safepoint: 16400 ns, Total: 26100 ns
[2020-03-27T04:54:34.790+0000][1][safepoint    ] Safepoint "RevokeBias", Time since last: 569700 ns, Reaching safepoint: 9200 ns, At safepoint: 18500 ns, Total: 27700 ns
[2020-03-27T04:54:34.791+0000][1][safepoint    ] Safepoint "RevokeBias", Time since last: 547300 ns, Reaching safepoint: 9000 ns, At safepoint: 16400 ns, Total: 25400 ns
[2020-03-27T04:54:34.791+0000][1][safepoint    ] Safepoint "RevokeBias", Time since last: 777000 ns, Reaching safepoint: 9300 ns, At safepoint: 31800 ns, Total: 41100 ns
[2020-03-27T04:54:34.793+0000][1][safepoint    ] Safepoint "RevokeBias", Time since last: 1280600 ns, Reaching safepoint: 14300 ns, At safepoint: 32000 ns, Total: 46300 ns
[2020-03-27T04:54:34.794+0000][1][safepoint    ] Safepoint "RevokeBias", Time since last: 1282700 ns, Reaching safepoint: 10500 ns, At safepoint: 40200 ns, Total: 50700 ns
[2020-03-27T04:54:34.796+0000][1][safepoint    ] Safepoint "RevokeBias", Time since last: 1488700 ns, Reaching safepoint: 10900 ns, At safepoint: 8800 ns, Total: 19700 ns
[2020-03-27T04:54:34.798+0000][1][safepoint    ] Safepoint "RevokeBias", Time since last: 1217800 ns, Reaching safepoint: 976300 ns, At safepoint: 12100 ns, Total: 988400 ns
[2020-03-27T04:54:34.799+0000][1][safepoint    ] Safepoint "RevokeBias", Time since last: 412800 ns, Reaching safepoint: 457600 ns, At safepoint: 51400 ns, Total: 509000 ns
[2020-03-27T04:54:34.800+0000][1][safepoint    ] Safepoint "RevokeBias", Time since last: 1646000 ns, Reaching safepoint: 61900 ns, At safepoint: 29400 ns, Total: 91300 ns
[2020-03-27T04:54:34.806+0000][1][safepoint    ] Safepoint "RevokeBias", Time since last: 331700 ns, Reaching safepoint: 4907100 ns, At safepoint: 68700 ns, Total: 4975800 ns
[2020-03-27T04:54:34.806+0000][1][safepoint    ] Safepoint "RevokeBias", Time since last: 395400 ns, Reaching safepoint: 37900 ns, At safepoint: 25000 ns, Total: 62900 ns
[2020-03-27T04:54:34.807+0000][1][safepoint    ] Safepoint "RevokeBias", Time since last: 438200 ns, Reaching safepoint: 158700 ns, At safepoint: 27900 ns, Total: 186600 ns
[2020-03-27T04:54:34.807+0000][1][safepoint    ] Safepoint "RevokeBias", Time since last: 462199 ns, Reaching safepoint: 187500 ns, At safepoint: 20600 ns, Total: 208100 ns
[2020-03-27T04:54:34.808+0000][1][safepoint    ] Safepoint "RevokeBias", Time since last: 373300 ns, Reaching safepoint: 150400 ns, At safepoint: 22600 ns, Total: 173000 ns
[2020-03-27T04:54:34.809+0000][1][safepoint    ] Safepoint "RevokeBias", Time since last: 713100 ns, Reaching safepoint: 11200 ns, At safepoint: 51500 ns, Total: 62700 ns
[2020-03-27T04:54:34.809+0000][1][safepoint    ] Safepoint "RevokeBias", Time since last: 648100 ns, Reaching safepoint: 9700 ns, At safepoint: 17700 ns, Total: 27400 ns
[2020-03-27T04:54:34.810+0000][1][safepoint    ] Safepoint "RevokeBias", Time since last: 630800 ns, Reaching safepoint: 9200 ns, At safepoint: 17200 ns, Total: 26400 ns
[2020-03-27T04:54:34.811+0000][1][safepoint    ] Safepoint "RevokeBias", Time since last: 555400 ns, Reaching safepoint: 10200 ns, At safepoint: 8200 ns, Total: 18400 ns
[2020-03-27T04:54:34.811+0000][1][safepoint    ] Safepoint "RevokeBias", Time since last: 570200 ns, Reaching safepoint: 8900 ns, At safepoint: 7100 ns, Total: 16000 ns
[2020-03-27T04:54:34.812+0000][1][safepoint    ] Safepoint "BulkRevokeBias", Time since last: 560600 ns, Reaching safepoint: 9600 ns, At safepoint: 73700 ns, Total: 83300 ns
[2020-03-27T04:54:34.820+0000][1][safepoint    ] Safepoint "RevokeBias", Time since last: 7644800 ns, Reaching safepoint: 135300 ns, At safepoint: 24000 ns, Total: 159300 ns
[2020-03-27T04:54:34.821+0000][1][safepoint    ] Safepoint "RevokeBias", Time since last: 1187000 ns, Reaching safepoint: 92400 ns, At safepoint: 20600 ns, Total: 113000 ns
[2020-03-27T04:54:34.822+0000][1][safepoint    ] Safepoint "RevokeBias", Time since last: 591100 ns, Reaching safepoint: 203600 ns, At safepoint: 23200 ns, Total: 226800 ns
[2020-03-27T04:54:34.823+0000][1][safepoint    ] Safepoint "RevokeBias", Time since last: 715700 ns, Reaching safepoint: 134500 ns, At safepoint: 22500 ns, Total: 157000 ns
[2020-03-27T04:54:34.823+0000][1][safepoint    ] Safepoint "RevokeBias", Time since last: 421700 ns, Reaching safepoint: 92600 ns, At safepoint: 10600 ns, Total: 103200 ns
[2020-03-27T04:54:34.824+0000][1][safepoint    ] Safepoint "RevokeBias", Time since last: 548300 ns, Reaching safepoint: 12600 ns, At safepoint: 9500 ns, Total: 22100 ns
[2020-03-27T04:54:34.825+0000][1][safepoint    ] Safepoint "RevokeBias", Time since last: 896300 ns, Reaching safepoint: 12400 ns, At safepoint: 18200 ns, Total: 30600 ns
[2020-03-27T04:54:34.826+0000][1][safepoint    ] Safepoint "RevokeBias", Time since last: 823900 ns, Reaching safepoint: 13000 ns, At safepoint: 17300 ns, Total: 30300 ns
[2020-03-27T04:54:34.826+0000][1][safepoint    ] Safepoint "RevokeBias", Time since last: 585600 ns, Reaching safepoint: 7900 ns, At safepoint: 7800 ns, Total: 15700 ns
[2020-03-27T04:54:34.827+0000][1][safepoint    ] Safepoint "RevokeBias", Time since last: 865900 ns, Reaching safepoint: 10000 ns, At safepoint: 9200 ns, Total: 19200 ns
[2020-03-27T04:54:34.828+0000][1][safepoint    ] Safepoint "RevokeBias", Time since last: 515000 ns, Reaching safepoint: 102900 ns, At safepoint: 19800 ns, Total: 122700 ns
[2020-03-27T04:54:34.829+0000][1][safepoint    ] Safepoint "RevokeBias", Time since last: 1239999 ns, Reaching safepoint: 85900 ns, At safepoint: 19600 ns, Total: 105500 ns
[2020-03-27T04:54:34.829+0000][1][safepoint    ] Safepoint "RevokeBias", Time since last: 297300 ns, Reaching safepoint: 85300 ns, At safepoint: 21700 ns, Total: 107000 ns
[2020-03-27T04:54:34.830+0000][1][safepoint    ] Safepoint "RevokeBias", Time since last: 291700 ns, Reaching safepoint: 85800 ns, At safepoint: 13300 ns, Total: 99100 ns
[2020-03-27T04:54:34.830+0000][1][safepoint    ] Safepoint "RevokeBias", Time since last: 262300 ns, Reaching safepoint: 84200 ns, At safepoint: 31900 ns, Total: 116100 ns
[2020-03-27T04:54:34.831+0000][1][safepoint    ] Safepoint "RevokeBias", Time since last: 280600 ns, Reaching safepoint: 84400 ns, At safepoint: 18600 ns, Total: 103000 ns
[2020-03-27T04:54:34.831+0000][1][safepoint    ] Safepoint "RevokeBias", Time since last: 317900 ns, Reaching safepoint: 36100 ns, At safepoint: 21500 ns, Total: 57600 ns
[2020-03-27T04:54:34.831+0000][1][safepoint    ] Safepoint "RevokeBias", Time since last: 414200 ns, Reaching safepoint: 8400 ns, At safepoint: 17400 ns, Total: 25800 ns
[2020-03-27T04:54:34.834+0000][1][safepoint    ] Safepoint "RevokeBias", Time since last: 2175000 ns, Reaching safepoint: 90500 ns, At safepoint: 20300 ns, Total: 110800 ns
[2020-03-27T04:54:34.834+0000][1][safepoint    ] Safepoint "RevokeBias", Time since last: 261800 ns, Reaching safepoint: 8300 ns, At safepoint: 17200 ns, Total: 25500 ns
[2020-03-27T04:54:34.834+0000][1][safepoint    ] Safepoint "RevokeBias", Time since last: 307700 ns, Reaching safepoint: 91200 ns, At safepoint: 14700 ns, Total: 105900 ns
[2020-03-27T04:54:34.835+0000][1][safepoint    ] Safepoint "RevokeBias", Time since last: 302800 ns, Reaching safepoint: 87400 ns, At safepoint: 15300 ns, Total: 102700 ns
[2020-03-27T04:54:34.835+0000][1][safepoint    ] Safepoint "RevokeBias", Time since last: 221600 ns, Reaching safepoint: 101100 ns, At safepoint: 17100 ns, Total: 118200 ns
[2020-03-27T04:54:34.849+0000][1][safepoint    ] Safepoint "RevokeBias", Time since last: 13173200 ns, Reaching safepoint: 139600 ns, At safepoint: 37900 ns, Total: 177500 ns
[2020-03-27T04:54:34.850+0000][1][safepoint    ] Safepoint "RevokeBias", Time since last: 926400 ns, Reaching safepoint: 123300 ns, At safepoint: 32500 ns, Total: 155800 ns
[2020-03-27T04:54:34.852+0000][1][safepoint    ] Safepoint "RevokeBias", Time since last: 2776699 ns, Reaching safepoint: 28500 ns, At safepoint: 15600 ns, Total: 44100 ns
[2020-03-27T04:54:34.853+0000][1][safepoint    ] Safepoint "RevokeBias", Time since last: 586900 ns, Reaching safepoint: 9200 ns, At safepoint: 43400 ns, Total: 52600 ns
[2020-03-27T04:54:34.855+0000][1][safepoint    ] Safepoint "RevokeBias", Time since last: 1876700 ns, Reaching safepoint: 10200 ns, At safepoint: 40600 ns, Total: 50800 ns
[2020-03-27T04:54:34.857+0000][1][safepoint    ] Safepoint "RevokeBias", Time since last: 1969800 ns, Reaching safepoint: 9200 ns, At safepoint: 16500 ns, Total: 25700 ns
[2020-03-27T04:54:34.858+0000][1][safepoint    ] Safepoint "RevokeBias", Time since last: 1248000 ns, Reaching safepoint: 8500 ns, At safepoint: 22000 ns, Total: 30500 ns
[2020-03-27T04:54:34.859+0000][1][safepoint    ] Safepoint "RevokeBias", Time since last: 440700 ns, Reaching safepoint: 104700 ns, At safepoint: 26900 ns, Total: 131600 ns
[2020-03-27T04:54:34.859+0000][1][safepoint    ] Safepoint "RevokeBias", Time since last: 348800 ns, Reaching safepoint: 12800 ns, At safepoint: 15000 ns, Total: 27800 ns
[2020-03-27T04:54:34.861+0000][1][gc,heap,exit ] Heap
[2020-03-27T04:54:34.861+0000][1][gc,heap,exit ]  par new generation   total 39296K, used 21004K [0x00000000e0000000, 0x00000000e2aa0000, 0x00000000ea660000)
[2020-03-27T04:54:34.862+0000][1][gc,heap,exit ]   eden space 34944K,  50% used [0x00000000e0000000, 0x00000000e111e480, 0x00000000e2220000)
[2020-03-27T04:54:34.862+0000][1][gc,heap,exit ]   from space 4352K,  79% used [0x00000000e2660000, 0x00000000e29c4da0, 0x00000000e2aa0000)
[2020-03-27T04:54:34.863+0000][1][gc,heap,exit ]   to   space 4352K,   0% used [0x00000000e2220000, 0x00000000e2220000, 0x00000000e2660000)
[2020-03-27T04:54:34.863+0000][1][gc,heap,exit ]  concurrent mark-sweep generation total 87424K, used 57778K [0x00000000ea660000, 0x00000000efbc0000, 0x0000000100000000)
[2020-03-27T04:54:34.864+0000][1][gc,heap,exit ]  Metaspace       used 72997K, capacity 78887K, committed 79124K, reserved 1116160K
[2020-03-27T04:54:34.864+0000][1][gc,heap,exit ]   class space    used 9860K, capacity 12301K, committed 12408K, reserved 1048576K
