[2020-03-27T04:53:27.501+0000][123][gc] Using Concurrent Mark Sweep
[2020-03-27T04:53:27.502+0000][123][gc,heap,coops] Heap address: 0x00000000e0000000, size: 512 MB, Compressed Oops mode: 32-bit
[2020-03-27T04:53:27.552+0000][123][safepoint    ] Safepoint "EnableBiasedLocking", Time since last: 23743100 ns, Reaching safepoint: 13800 ns, At safepoint: 31600 ns, Total: 45400 ns
[2020-03-27T04:53:27.553+0000][123][gc,heap,exit ] Heap
[2020-03-27T04:53:27.554+0000][123][gc,heap,exit ]  par new generation   total 39296K, used 1398K [0x00000000e0000000, 0x00000000e2aa0000, 0x00000000ea660000)
[2020-03-27T04:53:27.554+0000][123][gc,heap,exit ]   eden space 34944K,   4% used [0x00000000e0000000, 0x00000000e015d880, 0x00000000e2220000)
[2020-03-27T04:53:27.555+0000][123][gc,heap,exit ]   from space 4352K,   0% used [0x00000000e2220000, 0x00000000e2220000, 0x00000000e2660000)
[2020-03-27T04:53:27.555+0000][123][gc,heap,exit ]   to   space 4352K,   0% used [0x00000000e2660000, 0x00000000e2660000, 0x00000000e2aa0000)
[2020-03-27T04:53:27.556+0000][123][gc,heap,exit ]  concurrent mark-sweep generation total 87424K, used 0K [0x00000000ea660000, 0x00000000efbc0000, 0x0000000100000000)
[2020-03-27T04:53:27.556+0000][123][gc,heap,exit ]  Metaspace       used 160K, capacity 4480K, committed 4480K, reserved 1056768K
[2020-03-27T04:53:27.557+0000][123][gc,heap,exit ]   class space    used 7K, capacity 384K, committed 384K, reserved 1048576K
