[2020-03-27T04:54:49.296+0000][1][gc] Using Concurrent Mark Sweep
[2020-03-27T04:54:49.296+0000][1][gc,heap,coops] Heap address: 0x00000000e0000000, size: 512 MB, Compressed Oops mode: 32-bit
[2020-03-27T04:54:49.326+0000][1][safepoint    ] Safepoint "EnableBiasedLocking", Time since last: 21361995 ns, Reaching safepoint: 92000 ns, At safepoint: 26100 ns, Total: 118100 ns
[2020-03-27T04:54:49.328+0000][1][safepoint    ] Safepoint "RevokeBias", Time since last: 2130199 ns, Reaching safepoint: 126200 ns, At safepoint: 32900 ns, Total: 159100 ns
[2020-03-27T04:54:49.335+0000][1][safepoint    ] Safepoint "Deoptimize", Time since last: 6289498 ns, Reaching safepoint: 8200 ns, At safepoint: 13100 ns, Total: 21300 ns
[2020-03-27T04:54:49.384+0000][1][safepoint    ] Safepoint "RevokeBias", Time since last: 48580288 ns, Reaching safepoint: 162200 ns, At safepoint: 36500 ns, Total: 198700 ns
[2020-03-27T04:54:49.400+0000][1][safepoint    ] Safepoint "Deoptimize", Time since last: 16652195 ns, Reaching safepoint: 15100 ns, At safepoint: 32000 ns, Total: 47100 ns
[2020-03-27T04:54:49.592+0000][1][safepoint    ] Safepoint "Deoptimize", Time since last: 191232551 ns, Reaching safepoint: 98600 ns, At safepoint: 51500 ns, Total: 150100 ns
[2020-03-27T04:54:49.614+0000][1][safepoint    ] Safepoint "Deoptimize", Time since last: 21959094 ns, Reaching safepoint: 104600 ns, At safepoint: 53500 ns, Total: 158100 ns
[2020-03-27T04:54:49.742+0000][1][gc,start     ] GC(0) Pause Young (Allocation Failure)
[2020-03-27T04:54:49.743+0000][1][gc,task      ] GC(0) Using 2 workers of 2 for evacuation
[2020-03-27T04:54:49.747+0000][1][gc,age       ] GC(0) Desired survivor size 2228224 bytes, new threshold 1 (max threshold 6)
[2020-03-27T04:54:49.747+0000][1][gc,age       ] GC(0) Age table with threshold 1 (max threshold 6)
[2020-03-27T04:54:49.748+0000][1][gc,age       ] GC(0) - age   1:    4388776 bytes,    4388776 total
[2020-03-27T04:54:49.748+0000][1][gc,heap      ] GC(0) ParNew: 34944K->4316K(39296K)
[2020-03-27T04:54:49.748+0000][1][gc,heap      ] GC(0) CMS: 0K->0K(87424K)
[2020-03-27T04:54:49.748+0000][1][gc,metaspace ] GC(0) Metaspace: 7824K->7824K(1056768K)
[2020-03-27T04:54:49.749+0000][1][gc           ] GC(0) Pause Young (Allocation Failure) 34M->4M(123M) 6.712ms
[2020-03-27T04:54:49.749+0000][1][gc,cpu       ] GC(0) User=0.01s Sys=0.00s Real=0.01s
[2020-03-27T04:54:49.750+0000][1][safepoint    ] Safepoint "GenCollectForAllocation", Time since last: 128283467 ns, Reaching safepoint: 127000 ns, At safepoint: 7420298 ns, Total: 7547298 ns
[2020-03-27T04:54:49.750+0000][1][safepoint    ] Safepoint "RevokeBias", Time since last: 895500 ns, Reaching safepoint: 15800 ns, At safepoint: 19900 ns, Total: 35700 ns
[2020-03-27T04:54:49.751+0000][1][safepoint    ] Safepoint "RevokeBias", Time since last: 369700 ns, Reaching safepoint: 85000 ns, At safepoint: 14000 ns, Total: 99000 ns
[2020-03-27T04:54:49.751+0000][1][safepoint    ] Safepoint "RevokeBias", Time since last: 271700 ns, Reaching safepoint: 81600 ns, At safepoint: 12800 ns, Total: 94400 ns
[2020-03-27T04:54:49.752+0000][1][safepoint    ] Safepoint "RevokeBias", Time since last: 694500 ns, Reaching safepoint: 98200 ns, At safepoint: 15200 ns, Total: 113400 ns
[2020-03-27T04:54:49.753+0000][1][safepoint    ] Safepoint "RevokeBias", Time since last: 237799 ns, Reaching safepoint: 285500 ns, At safepoint: 20900 ns, Total: 306400 ns
[2020-03-27T04:54:49.753+0000][1][safepoint    ] Safepoint "RevokeBias", Time since last: 194300 ns, Reaching safepoint: 17800 ns, At safepoint: 15800 ns, Total: 33600 ns
[2020-03-27T04:54:49.753+0000][1][safepoint    ] Safepoint "RevokeBias", Time since last: 248900 ns, Reaching safepoint: 7400 ns, At safepoint: 18300 ns, Total: 25700 ns
[2020-03-27T04:54:49.754+0000][1][safepoint    ] Safepoint "RevokeBias", Time since last: 297600 ns, Reaching safepoint: 98800 ns, At safepoint: 17900 ns, Total: 116700 ns
[2020-03-27T04:54:49.754+0000][1][safepoint    ] Safepoint "RevokeBias", Time since last: 182600 ns, Reaching safepoint: 87600 ns, At safepoint: 16300 ns, Total: 103900 ns
[2020-03-27T04:54:49.754+0000][1][safepoint    ] Safepoint "RevokeBias", Time since last: 251000 ns, Reaching safepoint: 97700 ns, At safepoint: 15600 ns, Total: 113300 ns
[2020-03-27T04:54:49.755+0000][1][safepoint    ] Safepoint "RevokeBias", Time since last: 174600 ns, Reaching safepoint: 77000 ns, At safepoint: 34600 ns, Total: 111600 ns
[2020-03-27T04:54:49.755+0000][1][safepoint    ] Safepoint "RevokeBias", Time since last: 180100 ns, Reaching safepoint: 100300 ns, At safepoint: 16800 ns, Total: 117100 ns
[2020-03-27T04:54:49.755+0000][1][safepoint    ] Safepoint "RevokeBias", Time since last: 242400 ns, Reaching safepoint: 78000 ns, At safepoint: 11200 ns, Total: 89200 ns
[2020-03-27T04:54:49.755+0000][1][safepoint    ] Safepoint "RevokeBias", Time since last: 168300 ns, Reaching safepoint: 7700 ns, At safepoint: 28800 ns, Total: 36500 ns
[2020-03-27T04:54:49.756+0000][1][safepoint    ] Safepoint "RevokeBias", Time since last: 188400 ns, Reaching safepoint: 84600 ns, At safepoint: 20200 ns, Total: 104800 ns
[2020-03-27T04:54:49.756+0000][1][safepoint    ] Safepoint "RevokeBias", Time since last: 159800 ns, Reaching safepoint: 85800 ns, At safepoint: 28400 ns, Total: 114200 ns
[2020-03-27T04:54:49.756+0000][1][safepoint    ] Safepoint "RevokeBias", Time since last: 257300 ns, Reaching safepoint: 136899 ns, At safepoint: 19700 ns, Total: 156599 ns
[2020-03-27T04:54:49.757+0000][1][safepoint    ] Safepoint "RevokeBias", Time since last: 167300 ns, Reaching safepoint: 80000 ns, At safepoint: 19600 ns, Total: 99600 ns
[2020-03-27T04:54:49.757+0000][1][safepoint    ] Safepoint "RevokeBias", Time since last: 329700 ns, Reaching safepoint: 87700 ns, At safepoint: 17100 ns, Total: 104800 ns
[2020-03-27T04:54:49.757+0000][1][safepoint    ] Safepoint "RevokeBias", Time since last: 165600 ns, Reaching safepoint: 82500 ns, At safepoint: 9100 ns, Total: 91600 ns
[2020-03-27T04:54:49.758+0000][1][safepoint    ] Safepoint "RevokeBias", Time since last: 153100 ns, Reaching safepoint: 110100 ns, At safepoint: 12800 ns, Total: 122900 ns
[2020-03-27T04:54:49.758+0000][1][safepoint    ] Safepoint "RevokeBias", Time since last: 240500 ns, Reaching safepoint: 6900 ns, At safepoint: 15400 ns, Total: 22300 ns
[2020-03-27T04:54:49.758+0000][1][safepoint    ] Safepoint "RevokeBias", Time since last: 343100 ns, Reaching safepoint: 58700 ns, At safepoint: 35100 ns, Total: 93800 ns
[2020-03-27T04:54:49.759+0000][1][safepoint    ] Safepoint "RevokeBias", Time since last: 159300 ns, Reaching safepoint: 95900 ns, At safepoint: 38800 ns, Total: 134700 ns
[2020-03-27T04:54:49.759+0000][1][safepoint    ] Safepoint "RevokeBias", Time since last: 231400 ns, Reaching safepoint: 199700 ns, At safepoint: 38300 ns, Total: 238000 ns
[2020-03-27T04:54:49.759+0000][1][safepoint    ] Safepoint "RevokeBias", Time since last: 163300 ns, Reaching safepoint: 89200 ns, At safepoint: 37400 ns, Total: 126600 ns
[2020-03-27T04:54:49.800+0000][1][safepoint    ] Safepoint "Deoptimize", Time since last: 40109389 ns, Reaching safepoint: 122500 ns, At safepoint: 70300 ns, Total: 192800 ns
[2020-03-27T04:54:49.900+0000][1][safepoint    ] Safepoint "Deoptimize", Time since last: 99833075 ns, Reaching safepoint: 129399 ns, At safepoint: 86300 ns, Total: 215699 ns
[2020-03-27T04:54:50.135+0000][1][safepoint    ] Safepoint "Deoptimize", Time since last: 234897140 ns, Reaching safepoint: 44800 ns, At safepoint: 102600 ns, Total: 147400 ns
[2020-03-27T04:54:50.208+0000][1][safepoint    ] Safepoint "Deoptimize", Time since last: 73089081 ns, Reaching safepoint: 135400 ns, At safepoint: 107000 ns, Total: 242400 ns
[2020-03-27T04:54:50.209+0000][1][safepoint    ] Safepoint "Deoptimize", Time since last: 690800 ns, Reaching safepoint: 7600 ns, At safepoint: 159800 ns, Total: 167400 ns
[2020-03-27T04:54:50.226+0000][1][safepoint    ] Safepoint "Deoptimize", Time since last: 17393595 ns, Reaching safepoint: 20900 ns, At safepoint: 117200 ns, Total: 138100 ns
[2020-03-27T04:54:50.229+0000][1][safepoint    ] Safepoint "Deoptimize", Time since last: 2510199 ns, Reaching safepoint: 14500 ns, At safepoint: 110800 ns, Total: 125300 ns
[2020-03-27T04:54:50.236+0000][1][safepoint    ] Safepoint "RevokeBias", Time since last: 6728499 ns, Reaching safepoint: 109000 ns, At safepoint: 29100 ns, Total: 138100 ns
[2020-03-27T04:54:50.237+0000][1][safepoint    ] Safepoint "RevokeBias", Time since last: 653499 ns, Reaching safepoint: 112800 ns, At safepoint: 75300 ns, Total: 188100 ns
[2020-03-27T04:54:50.239+0000][1][safepoint    ] Safepoint "RevokeBias", Time since last: 2467300 ns, Reaching safepoint: 73700 ns, At safepoint: 34100 ns, Total: 107800 ns
[2020-03-27T04:54:50.241+0000][1][safepoint    ] Safepoint "RevokeBias", Time since last: 1391799 ns, Reaching safepoint: 87000 ns, At safepoint: 29200 ns, Total: 116200 ns
[2020-03-27T04:54:50.242+0000][1][safepoint    ] Safepoint "RevokeBias", Time since last: 807200 ns, Reaching safepoint: 96300 ns, At safepoint: 30600 ns, Total: 126900 ns
[2020-03-27T04:54:50.267+0000][1][gc,start     ] GC(1) Pause Young (Allocation Failure)
[2020-03-27T04:54:50.268+0000][1][gc,task      ] GC(1) Using 2 workers of 2 for evacuation
[2020-03-27T04:54:50.280+0000][1][gc,age       ] GC(1) Desired survivor size 2228224 bytes, new threshold 1 (max threshold 6)
[2020-03-27T04:54:50.280+0000][1][gc,age       ] GC(1) Age table with threshold 1 (max threshold 6)
[2020-03-27T04:54:50.293+0000][1][gc,age       ] GC(1) - age   1:    2750584 bytes,    2750584 total
[2020-03-27T04:54:50.294+0000][1][gc,heap      ] GC(1) ParNew: 39260K->4352K(39296K)
[2020-03-27T04:54:50.294+0000][1][gc,heap      ] GC(1) CMS: 0K->4522K(87424K)
[2020-03-27T04:54:50.295+0000][1][gc,metaspace ] GC(1) Metaspace: 12485K->12485K(1060864K)
[2020-03-27T04:54:50.296+0000][1][gc           ] GC(1) Pause Young (Allocation Failure) 38M->8M(123M) 28.648ms
[2020-03-27T04:54:50.296+0000][1][gc,cpu       ] GC(1) User=0.02s Sys=0.00s Real=0.03s
[2020-03-27T04:54:50.297+0000][1][safepoint    ] Safepoint "GenCollectForAllocation", Time since last: 24920194 ns, Reaching safepoint: 104600 ns, At safepoint: 29980592 ns, Total: 30085192 ns
[2020-03-27T04:54:50.297+0000][1][safepoint    ] Safepoint "RevokeBias", Time since last: 502300 ns, Reaching safepoint: 118100 ns, At safepoint: 49400 ns, Total: 167500 ns
[2020-03-27T04:54:50.298+0000][1][safepoint    ] Safepoint "RevokeBias", Time since last: 378100 ns, Reaching safepoint: 112900 ns, At safepoint: 34100 ns, Total: 147000 ns
[2020-03-27T04:54:50.299+0000][1][safepoint    ] Safepoint "RevokeBias", Time since last: 384700 ns, Reaching safepoint: 85100 ns, At safepoint: 93699 ns, Total: 178799 ns
[2020-03-27T04:54:50.325+0000][1][safepoint    ] Safepoint "RevokeBias", Time since last: 26232594 ns, Reaching safepoint: 100100 ns, At safepoint: 10900 ns, Total: 111000 ns
[2020-03-27T04:54:50.470+0000][1][safepoint    ] Safepoint "RevokeBias", Time since last: 145068762 ns, Reaching safepoint: 155200 ns, At safepoint: 12600 ns, Total: 167800 ns
[2020-03-27T04:54:50.674+0000][1][gc,start     ] GC(2) Pause Young (Allocation Failure)
[2020-03-27T04:54:50.674+0000][1][gc,task      ] GC(2) Using 2 workers of 2 for evacuation
[2020-03-27T04:54:50.681+0000][1][gc,age       ] GC(2) Desired survivor size 2228224 bytes, new threshold 6 (max threshold 6)
[2020-03-27T04:54:50.682+0000][1][gc,age       ] GC(2) Age table with threshold 6 (max threshold 6)
[2020-03-27T04:54:50.682+0000][1][gc,age       ] GC(2) - age   1:    2032528 bytes,    2032528 total
[2020-03-27T04:54:50.683+0000][1][gc,heap      ] GC(2) ParNew: 39296K->2563K(39296K)
[2020-03-27T04:54:50.683+0000][1][gc,heap      ] GC(2) CMS: 4522K->6664K(87424K)
[2020-03-27T04:54:50.684+0000][1][gc,metaspace ] GC(2) Metaspace: 15909K->15909K(1062912K)
[2020-03-27T04:54:50.684+0000][1][gc           ] GC(2) Pause Young (Allocation Failure) 42M->9M(123M) 10.578ms
[2020-03-27T04:54:50.685+0000][1][gc,cpu       ] GC(2) User=0.01s Sys=0.00s Real=0.01s
[2020-03-27T04:54:50.685+0000][1][safepoint    ] Safepoint "GenCollectForAllocation", Time since last: 203186848 ns, Reaching safepoint: 200100 ns, At safepoint: 11764497 ns, Total: 11964597 ns
[2020-03-27T04:54:50.687+0000][1][safepoint    ] Safepoint "BulkRevokeBias", Time since last: 1294899 ns, Reaching safepoint: 69400 ns, At safepoint: 43700 ns, Total: 113100 ns
[2020-03-27T04:54:50.687+0000][1][safepoint    ] Safepoint "RevokeBias", Time since last: 241200 ns, Reaching safepoint: 133100 ns, At safepoint: 15400 ns, Total: 148500 ns
[2020-03-27T04:54:50.687+0000][1][safepoint    ] Safepoint "RevokeBias", Time since last: 193400 ns, Reaching safepoint: 154600 ns, At safepoint: 16000 ns, Total: 170600 ns
[2020-03-27T04:54:50.688+0000][1][safepoint    ] Safepoint "RevokeBias", Time since last: 192700 ns, Reaching safepoint: 80100 ns, At safepoint: 22400 ns, Total: 102500 ns
[2020-03-27T04:54:50.688+0000][1][safepoint    ] Safepoint "RevokeBias", Time since last: 227700 ns, Reaching safepoint: 105400 ns, At safepoint: 16400 ns, Total: 121800 ns
[2020-03-27T04:54:50.688+0000][1][safepoint    ] Safepoint "RevokeBias", Time since last: 220300 ns, Reaching safepoint: 138800 ns, At safepoint: 15400 ns, Total: 154200 ns
[2020-03-27T04:54:50.689+0000][1][safepoint    ] Safepoint "RevokeBias", Time since last: 226800 ns, Reaching safepoint: 77100 ns, At safepoint: 24100 ns, Total: 101200 ns
[2020-03-27T04:54:50.689+0000][1][safepoint    ] Safepoint "RevokeBias", Time since last: 170700 ns, Reaching safepoint: 91900 ns, At safepoint: 33900 ns, Total: 125800 ns
[2020-03-27T04:54:50.689+0000][1][safepoint    ] Safepoint "RevokeBias", Time since last: 190700 ns, Reaching safepoint: 75300 ns, At safepoint: 15100 ns, Total: 90400 ns
[2020-03-27T04:54:50.690+0000][1][safepoint    ] Safepoint "RevokeBias", Time since last: 222600 ns, Reaching safepoint: 91600 ns, At safepoint: 14700 ns, Total: 106300 ns
[2020-03-27T04:54:50.720+0000][1][safepoint    ] Safepoint "RevokeBias", Time since last: 30313492 ns, Reaching safepoint: 149400 ns, At safepoint: 19300 ns, Total: 168700 ns
[2020-03-27T04:54:50.721+0000][1][safepoint    ] Safepoint "RevokeBias", Time since last: 850599 ns, Reaching safepoint: 90500 ns, At safepoint: 36400 ns, Total: 126900 ns
[2020-03-27T04:54:50.748+0000][1][safepoint    ] Safepoint "RevokeBias", Time since last: 26367494 ns, Reaching safepoint: 107400 ns, At safepoint: 29400 ns, Total: 136800 ns
[2020-03-27T04:54:50.881+0000][1][safepoint    ] Safepoint "RevokeBias", Time since last: 133270965 ns, Reaching safepoint: 17400 ns, At safepoint: 26400 ns, Total: 43800 ns
[2020-03-27T04:54:50.888+0000][1][safepoint    ] Safepoint "RevokeBias", Time since last: 6812998 ns, Reaching safepoint: 94600 ns, At safepoint: 27900 ns, Total: 122500 ns
[2020-03-27T04:54:50.902+0000][1][gc,start     ] GC(3) Pause Young (Allocation Failure)
[2020-03-27T04:54:50.903+0000][1][gc,task      ] GC(3) Using 2 workers of 2 for evacuation
[2020-03-27T04:54:50.919+0000][1][gc,age       ] GC(3) Desired survivor size 2228224 bytes, new threshold 2 (max threshold 6)
[2020-03-27T04:54:50.919+0000][1][gc,age       ] GC(3) Age table with threshold 2 (max threshold 6)
[2020-03-27T04:54:50.920+0000][1][gc,age       ] GC(3) - age   1:    2198880 bytes,    2198880 total
[2020-03-27T04:54:50.920+0000][1][gc,age       ] GC(3) - age   2:    1253648 bytes,    3452528 total
[2020-03-27T04:54:50.921+0000][1][gc,heap      ] GC(3) ParNew: 37507K->4259K(39296K)
[2020-03-27T04:54:50.921+0000][1][gc,heap      ] GC(3) CMS: 6664K->6664K(87424K)
[2020-03-27T04:54:50.921+0000][1][gc,metaspace ] GC(3) Metaspace: 16969K->16969K(1064960K)
[2020-03-27T04:54:50.922+0000][1][gc           ] GC(3) Pause Young (Allocation Failure) 43M->10M(123M) 19.574ms
[2020-03-27T04:54:50.922+0000][1][gc,cpu       ] GC(3) User=0.00s Sys=0.00s Real=0.02s
[2020-03-27T04:54:50.923+0000][1][safepoint    ] Safepoint "GenCollectForAllocation", Time since last: 13730297 ns, Reaching safepoint: 412800 ns, At safepoint: 20642194 ns, Total: 21054994 ns
[2020-03-27T04:54:50.923+0000][1][safepoint    ] Safepoint "RevokeBias", Time since last: 360400 ns, Reaching safepoint: 93800 ns, At safepoint: 38600 ns, Total: 132400 ns
[2020-03-27T04:54:50.924+0000][1][safepoint    ] Safepoint "BulkRevokeBias", Time since last: 296600 ns, Reaching safepoint: 150200 ns, At safepoint: 46200 ns, Total: 196400 ns
[2020-03-27T04:54:50.950+0000][1][safepoint    ] Safepoint "RevokeBias", Time since last: 25923093 ns, Reaching safepoint: 140100 ns, At safepoint: 32900 ns, Total: 173000 ns
[2020-03-27T04:54:50.955+0000][1][safepoint    ] Safepoint "RevokeBias", Time since last: 4825299 ns, Reaching safepoint: 98400 ns, At safepoint: 19000 ns, Total: 117400 ns
[2020-03-27T04:54:51.014+0000][1][gc,start     ] GC(4) Pause Young (Allocation Failure)
[2020-03-27T04:54:51.014+0000][1][gc,task      ] GC(4) Using 2 workers of 2 for evacuation
[2020-03-27T04:54:51.018+0000][1][gc,age       ] GC(4) Desired survivor size 2228224 bytes, new threshold 2 (max threshold 6)
[2020-03-27T04:54:51.019+0000][1][gc,age       ] GC(4) Age table with threshold 2 (max threshold 6)
[2020-03-27T04:54:51.019+0000][1][gc,age       ] GC(4) - age   1:    2161088 bytes,    2161088 total
[2020-03-27T04:54:51.020+0000][1][gc,age       ] GC(4) - age   2:    1210264 bytes,    3371352 total
[2020-03-27T04:54:51.020+0000][1][gc,heap      ] GC(4) ParNew: 39203K->4352K(39296K)
[2020-03-27T04:54:51.021+0000][1][gc,heap      ] GC(4) CMS: 6664K->7962K(87424K)
[2020-03-27T04:54:51.021+0000][1][gc,metaspace ] GC(4) Metaspace: 18193K->18193K(1064960K)
[2020-03-27T04:54:51.022+0000][1][gc           ] GC(4) Pause Young (Allocation Failure) 44M->12M(123M) 7.823ms
[2020-03-27T04:54:51.022+0000][1][gc,cpu       ] GC(4) User=0.01s Sys=0.00s Real=0.01s
[2020-03-27T04:54:51.022+0000][1][safepoint    ] Safepoint "GenCollectForAllocation", Time since last: 58920585 ns, Reaching safepoint: 122000 ns, At safepoint: 8681298 ns, Total: 8803298 ns
[2020-03-27T04:54:51.026+0000][1][safepoint    ] Safepoint "RevokeBias", Time since last: 3169099 ns, Reaching safepoint: 52500 ns, At safepoint: 13800 ns, Total: 66300 ns
[2020-03-27T04:54:51.026+0000][1][safepoint    ] Safepoint "RevokeBias", Time since last: 428400 ns, Reaching safepoint: 131300 ns, At safepoint: 31800 ns, Total: 163100 ns
[2020-03-27T04:54:51.027+0000][1][safepoint    ] Safepoint "RevokeBias", Time since last: 259200 ns, Reaching safepoint: 359399 ns, At safepoint: 29800 ns, Total: 389199 ns
[2020-03-27T04:54:51.027+0000][1][safepoint    ] Safepoint "RevokeBias", Time since last: 256000 ns, Reaching safepoint: 142000 ns, At safepoint: 37100 ns, Total: 179100 ns
[2020-03-27T04:54:51.028+0000][1][safepoint    ] Safepoint "RevokeBias", Time since last: 266400 ns, Reaching safepoint: 71300 ns, At safepoint: 15700 ns, Total: 87000 ns
[2020-03-27T04:54:51.028+0000][1][safepoint    ] Safepoint "RevokeBias", Time since last: 307200 ns, Reaching safepoint: 114300 ns, At safepoint: 16800 ns, Total: 131100 ns
[2020-03-27T04:54:51.029+0000][1][safepoint    ] Safepoint "RevokeBias", Time since last: 292500 ns, Reaching safepoint: 138800 ns, At safepoint: 27200 ns, Total: 166000 ns
[2020-03-27T04:54:51.029+0000][1][safepoint    ] Safepoint "RevokeBias", Time since last: 239900 ns, Reaching safepoint: 92500 ns, At safepoint: 15600 ns, Total: 108100 ns
[2020-03-27T04:54:51.029+0000][1][safepoint    ] Safepoint "RevokeBias", Time since last: 395200 ns, Reaching safepoint: 58700 ns, At safepoint: 15100 ns, Total: 73800 ns
[2020-03-27T04:54:51.030+0000][1][safepoint    ] Safepoint "RevokeBias", Time since last: 275800 ns, Reaching safepoint: 100100 ns, At safepoint: 16800 ns, Total: 116900 ns
[2020-03-27T04:54:51.030+0000][1][safepoint    ] Safepoint "RevokeBias", Time since last: 180100 ns, Reaching safepoint: 57600 ns, At safepoint: 15400 ns, Total: 73000 ns
[2020-03-27T04:54:51.030+0000][1][safepoint    ] Safepoint "RevokeBias", Time since last: 179800 ns, Reaching safepoint: 81400 ns, At safepoint: 15800 ns, Total: 97200 ns
[2020-03-27T04:54:51.031+0000][1][safepoint    ] Safepoint "RevokeBias", Time since last: 173000 ns, Reaching safepoint: 85000 ns, At safepoint: 14300 ns, Total: 99300 ns
[2020-03-27T04:54:51.031+0000][1][safepoint    ] Safepoint "RevokeBias", Time since last: 162499 ns, Reaching safepoint: 79400 ns, At safepoint: 10400 ns, Total: 89800 ns
[2020-03-27T04:54:51.031+0000][1][safepoint    ] Safepoint "RevokeBias", Time since last: 175500 ns, Reaching safepoint: 73500 ns, At safepoint: 11400 ns, Total: 84900 ns
[2020-03-27T04:54:51.031+0000][1][safepoint    ] Safepoint "RevokeBias", Time since last: 170900 ns, Reaching safepoint: 69700 ns, At safepoint: 13700 ns, Total: 83400 ns
[2020-03-27T04:54:51.032+0000][1][safepoint    ] Safepoint "RevokeBias", Time since last: 164400 ns, Reaching safepoint: 112800 ns, At safepoint: 13300 ns, Total: 126100 ns
[2020-03-27T04:54:51.061+0000][1][safepoint    ] Safepoint "RevokeBias", Time since last: 28720493 ns, Reaching safepoint: 124200 ns, At safepoint: 20600 ns, Total: 144800 ns
[2020-03-27T04:54:51.066+0000][1][safepoint    ] Safepoint "RevokeBias", Time since last: 3081299 ns, Reaching safepoint: 2168499 ns, At safepoint: 22300 ns, Total: 2190799 ns
[2020-03-27T04:54:51.069+0000][1][safepoint    ] Safepoint "RevokeBias", Time since last: 3015200 ns, Reaching safepoint: 80300 ns, At safepoint: 18300 ns, Total: 98600 ns
[2020-03-27T04:54:51.080+0000][1][gc,start     ] GC(5) Pause Young (Allocation Failure)
[2020-03-27T04:54:51.080+0000][1][gc,task      ] GC(5) Using 2 workers of 2 for evacuation
[2020-03-27T04:54:51.102+0000][1][gc,age       ] GC(5) Desired survivor size 2228224 bytes, new threshold 2 (max threshold 6)
[2020-03-27T04:54:51.103+0000][1][gc,age       ] GC(5) Age table with threshold 2 (max threshold 6)
[2020-03-27T04:54:51.111+0000][1][gc,age       ] GC(5) - age   1:    1723152 bytes,    1723152 total
[2020-03-27T04:54:51.111+0000][1][gc,age       ] GC(5) - age   2:    1200096 bytes,    2923248 total
[2020-03-27T04:54:51.112+0000][1][gc,heap      ] GC(5) ParNew: 39296K->4352K(39296K)
[2020-03-27T04:54:51.112+0000][1][gc,heap      ] GC(5) CMS: 7962K->9151K(87424K)
[2020-03-27T04:54:51.113+0000][1][gc,metaspace ] GC(5) Metaspace: 18239K->18239K(1067008K)
[2020-03-27T04:54:51.113+0000][1][gc           ] GC(5) Pause Young (Allocation Failure) 46M->13M(123M) 33.680ms
[2020-03-27T04:54:51.114+0000][1][gc,cpu       ] GC(5) User=0.02s Sys=0.00s Real=0.03s
[2020-03-27T04:54:51.115+0000][1][safepoint    ] Safepoint "GenCollectForAllocation", Time since last: 10536697 ns, Reaching safepoint: 67800 ns, At safepoint: 34987691 ns, Total: 35055491 ns
[2020-03-27T04:54:51.116+0000][1][safepoint    ] Safepoint "RevokeBias", Time since last: 1618999 ns, Reaching safepoint: 127900 ns, At safepoint: 14200 ns, Total: 142100 ns
[2020-03-27T04:54:51.117+0000][1][safepoint    ] Safepoint "RevokeBias", Time since last: 428700 ns, Reaching safepoint: 134700 ns, At safepoint: 30300 ns, Total: 165000 ns
[2020-03-27T04:54:51.121+0000][1][safepoint    ] Safepoint "RevokeBias", Time since last: 4189899 ns, Reaching safepoint: 77400 ns, At safepoint: 17700 ns, Total: 95100 ns
[2020-03-27T04:54:51.122+0000][1][safepoint    ] Safepoint "RevokeBias", Time since last: 1044900 ns, Reaching safepoint: 103700 ns, At safepoint: 18800 ns, Total: 122500 ns
[2020-03-27T04:54:51.138+0000][1][safepoint    ] Safepoint "RevokeBias", Time since last: 15572596 ns, Reaching safepoint: 101200 ns, At safepoint: 19100 ns, Total: 120300 ns
[2020-03-27T04:54:51.140+0000][1][safepoint    ] Safepoint "RevokeBias", Time since last: 1768299 ns, Reaching safepoint: 95200 ns, At safepoint: 18400 ns, Total: 113600 ns
[2020-03-27T04:54:51.152+0000][1][gc,start     ] GC(6) Pause Young (Allocation Failure)
[2020-03-27T04:54:51.153+0000][1][gc,task      ] GC(6) Using 2 workers of 2 for evacuation
[2020-03-27T04:54:51.168+0000][1][gc,age       ] GC(6) Desired survivor size 2228224 bytes, new threshold 6 (max threshold 6)
[2020-03-27T04:54:51.168+0000][1][gc,age       ] GC(6) Age table with threshold 6 (max threshold 6)
[2020-03-27T04:54:51.169+0000][1][gc,age       ] GC(6) - age   1:    1476000 bytes,    1476000 total
[2020-03-27T04:54:51.169+0000][1][gc,age       ] GC(6) - age   2:      33952 bytes,    1509952 total
[2020-03-27T04:54:51.170+0000][1][gc,heap      ] GC(6) ParNew: 39296K->2949K(39296K)
[2020-03-27T04:54:51.170+0000][1][gc,heap      ] GC(6) CMS: 9151K->10330K(87424K)
[2020-03-27T04:54:51.171+0000][1][gc,metaspace ] GC(6) Metaspace: 18315K->18315K(1067008K)
[2020-03-27T04:54:51.171+0000][1][gc           ] GC(6) Pause Young (Allocation Failure) 47M->12M(123M) 19.049ms
[2020-03-27T04:54:51.172+0000][1][gc,cpu       ] GC(6) User=0.01s Sys=0.00s Real=0.02s
[2020-03-27T04:54:51.172+0000][1][safepoint    ] Safepoint "GenCollectForAllocation", Time since last: 12082697 ns, Reaching safepoint: 97900 ns, At safepoint: 19879595 ns, Total: 19977495 ns
[2020-03-27T04:54:51.173+0000][1][safepoint    ] Safepoint "RevokeBias", Time since last: 381500 ns, Reaching safepoint: 110300 ns, At safepoint: 40400 ns, Total: 150700 ns
[2020-03-27T04:54:51.173+0000][1][safepoint    ] Safepoint "RevokeBias", Time since last: 283700 ns, Reaching safepoint: 63300 ns, At safepoint: 18700 ns, Total: 82000 ns
[2020-03-27T04:54:51.173+0000][1][safepoint    ] Safepoint "RevokeBias", Time since last: 222500 ns, Reaching safepoint: 300600 ns, At safepoint: 30900 ns, Total: 331500 ns
[2020-03-27T04:54:51.175+0000][1][safepoint    ] Safepoint "RevokeBias", Time since last: 245100 ns, Reaching safepoint: 975399 ns, At safepoint: 16800 ns, Total: 992199 ns
[2020-03-27T04:54:51.227+0000][1][gc,start     ] GC(7) Pause Young (Allocation Failure)
[2020-03-27T04:54:51.227+0000][1][gc,task      ] GC(7) Using 2 workers of 2 for evacuation
[2020-03-27T04:54:51.229+0000][1][gc,age       ] GC(7) Desired survivor size 2228224 bytes, new threshold 6 (max threshold 6)
[2020-03-27T04:54:51.229+0000][1][gc,age       ] GC(7) Age table with threshold 6 (max threshold 6)
[2020-03-27T04:54:51.229+0000][1][gc,age       ] GC(7) - age   1:     526672 bytes,     526672 total
[2020-03-27T04:54:51.230+0000][1][gc,age       ] GC(7) - age   2:      68128 bytes,     594800 total
[2020-03-27T04:54:51.230+0000][1][gc,age       ] GC(7) - age   3:      33952 bytes,     628752 total
[2020-03-27T04:54:51.231+0000][1][gc,heap      ] GC(7) ParNew: 37893K->1290K(39296K)
[2020-03-27T04:54:51.231+0000][1][gc,heap      ] GC(7) CMS: 10330K->10330K(87424K)
[2020-03-27T04:54:51.232+0000][1][gc,metaspace ] GC(7) Metaspace: 18388K->18388K(1067008K)
[2020-03-27T04:54:51.232+0000][1][gc           ] GC(7) Pause Young (Allocation Failure) 47M->11M(123M) 5.339ms
[2020-03-27T04:54:51.232+0000][1][gc,cpu       ] GC(7) User=0.00s Sys=0.00s Real=0.00s
[2020-03-27T04:54:51.233+0000][1][safepoint    ] Safepoint "GenCollectForAllocation", Time since last: 51767887 ns, Reaching safepoint: 144300 ns, At safepoint: 6146298 ns, Total: 6290598 ns
[2020-03-27T04:54:51.233+0000][1][safepoint    ] Safepoint "RevokeBias", Time since last: 273500 ns, Reaching safepoint: 93700 ns, At safepoint: 29900 ns, Total: 123600 ns
[2020-03-27T04:54:51.233+0000][1][safepoint    ] Safepoint "RevokeBias", Time since last: 195600 ns, Reaching safepoint: 117800 ns, At safepoint: 31300 ns, Total: 149100 ns
[2020-03-27T04:54:51.234+0000][1][safepoint    ] Safepoint "RevokeBias", Time since last: 235400 ns, Reaching safepoint: 94900 ns, At safepoint: 40900 ns, Total: 135800 ns
[2020-03-27T04:54:51.234+0000][1][safepoint    ] Safepoint "RevokeBias", Time since last: 167200 ns, Reaching safepoint: 100000 ns, At safepoint: 30300 ns, Total: 130300 ns
[2020-03-27T04:54:51.262+0000][1][gc,start     ] GC(8) Pause Young (Allocation Failure)
[2020-03-27T04:54:51.263+0000][1][gc,task      ] GC(8) Using 2 workers of 2 for evacuation
[2020-03-27T04:54:51.267+0000][1][gc,age       ] GC(8) Desired survivor size 2228224 bytes, new threshold 1 (max threshold 6)
[2020-03-27T04:54:51.268+0000][1][gc,age       ] GC(8) Age table with threshold 1 (max threshold 6)
[2020-03-27T04:54:51.268+0000][1][gc,age       ] GC(8) - age   1:    2550136 bytes,    2550136 total
[2020-03-27T04:54:51.269+0000][1][gc,age       ] GC(8) - age   2:     289608 bytes,    2839744 total
[2020-03-27T04:54:51.269+0000][1][gc,age       ] GC(8) - age   3:      68128 bytes,    2907872 total
[2020-03-27T04:54:51.270+0000][1][gc,age       ] GC(8) - age   4:      33952 bytes,    2941824 total
[2020-03-27T04:54:51.270+0000][1][gc,heap      ] GC(8) ParNew: 36234K->3040K(39296K)
[2020-03-27T04:54:51.271+0000][1][gc,heap      ] GC(8) CMS: 10330K->10330K(87424K)
[2020-03-27T04:54:51.271+0000][1][gc,metaspace ] GC(8) Metaspace: 18390K->18390K(1067008K)
[2020-03-27T04:54:51.271+0000][1][gc           ] GC(8) Pause Young (Allocation Failure) 45M->13M(123M) 9.246ms
[2020-03-27T04:54:51.272+0000][1][gc,cpu       ] GC(8) User=0.01s Sys=0.00s Real=0.01s
[2020-03-27T04:54:51.272+0000][1][safepoint    ] Safepoint "GenCollectForAllocation", Time since last: 27960793 ns, Reaching safepoint: 19100 ns, At safepoint: 9896697 ns, Total: 9915797 ns
[2020-03-27T04:54:51.327+0000][1][gc,start     ] GC(9) Pause Young (Allocation Failure)
[2020-03-27T04:54:51.327+0000][1][gc,task      ] GC(9) Using 2 workers of 2 for evacuation
[2020-03-27T04:54:51.330+0000][1][gc,age       ] GC(9) Desired survivor size 2228224 bytes, new threshold 1 (max threshold 6)
[2020-03-27T04:54:51.330+0000][1][gc,age       ] GC(9) Age table with threshold 1 (max threshold 6)
[2020-03-27T04:54:51.331+0000][1][gc,age       ] GC(9) - age   1:    2772080 bytes,    2772080 total
[2020-03-27T04:54:51.331+0000][1][gc,heap      ] GC(9) ParNew: 37984K->4352K(39296K)
[2020-03-27T04:54:51.332+0000][1][gc,heap      ] GC(9) CMS: 10330K->10694K(87424K)
[2020-03-27T04:54:51.332+0000][1][gc,metaspace ] GC(9) Metaspace: 18719K->18719K(1067008K)
[2020-03-27T04:54:51.332+0000][1][gc           ] GC(9) Pause Young (Allocation Failure) 47M->14M(123M) 5.447ms
[2020-03-27T04:54:51.333+0000][1][gc,cpu       ] GC(9) User=0.01s Sys=0.00s Real=0.00s
[2020-03-27T04:54:51.333+0000][1][safepoint    ] Safepoint "GenCollectForAllocation", Time since last: 54709986 ns, Reaching safepoint: 22900 ns, At safepoint: 6025799 ns, Total: 6048699 ns
[2020-03-27T04:54:51.333+0000][1][safepoint    ] Safepoint "RevokeBias", Time since last: 405999 ns, Reaching safepoint: 94000 ns, At safepoint: 23200 ns, Total: 117200 ns
[2020-03-27T04:54:51.334+0000][1][safepoint    ] Safepoint "RevokeBias", Time since last: 223300 ns, Reaching safepoint: 68200 ns, At safepoint: 21700 ns, Total: 89900 ns
[2020-03-27T04:54:51.334+0000][1][safepoint    ] Safepoint "RevokeBias", Time since last: 190700 ns, Reaching safepoint: 91200 ns, At safepoint: 14900 ns, Total: 106100 ns
[2020-03-27T04:54:51.334+0000][1][safepoint    ] Safepoint "RevokeBias", Time since last: 187800 ns, Reaching safepoint: 29200 ns, At safepoint: 25900 ns, Total: 55100 ns
[2020-03-27T04:54:51.368+0000][1][gc,start     ] GC(10) Pause Young (Allocation Failure)
[2020-03-27T04:54:51.369+0000][1][gc,task      ] GC(10) Using 2 workers of 2 for evacuation
[2020-03-27T04:54:51.372+0000][1][gc,age       ] GC(10) Desired survivor size 2228224 bytes, new threshold 6 (max threshold 6)
[2020-03-27T04:54:51.372+0000][1][gc,age       ] GC(10) Age table with threshold 6 (max threshold 6)
[2020-03-27T04:54:51.373+0000][1][gc,age       ] GC(10) - age   1:    2036608 bytes,    2036608 total
[2020-03-27T04:54:51.373+0000][1][gc,heap      ] GC(10) ParNew: 39296K->2603K(39296K)
[2020-03-27T04:54:51.373+0000][1][gc,heap      ] GC(10) CMS: 10694K->11876K(87424K)
[2020-03-27T04:54:51.373+0000][1][gc,metaspace ] GC(10) Metaspace: 18812K->18812K(1067008K)
[2020-03-27T04:54:51.374+0000][1][gc           ] GC(10) Pause Young (Allocation Failure) 48M->14M(123M) 5.658ms
[2020-03-27T04:54:51.374+0000][1][gc,cpu       ] GC(10) User=0.00s Sys=0.00s Real=0.00s
[2020-03-27T04:54:51.374+0000][1][safepoint    ] Safepoint "GenCollectForAllocation", Time since last: 33839191 ns, Reaching safepoint: 97300 ns, At safepoint: 6285499 ns, Total: 6382799 ns
[2020-03-27T04:54:51.375+0000][1][safepoint    ] Safepoint "BulkRevokeBias", Time since last: 306300 ns, Reaching safepoint: 101000 ns, At safepoint: 83300 ns, Total: 184300 ns
[2020-03-27T04:54:51.375+0000][1][safepoint    ] Safepoint "RevokeBias", Time since last: 223400 ns, Reaching safepoint: 101500 ns, At safepoint: 30400 ns, Total: 131900 ns
[2020-03-27T04:54:51.376+0000][1][safepoint    ] Safepoint "RevokeBias", Time since last: 306500 ns, Reaching safepoint: 93599 ns, At safepoint: 13900 ns, Total: 107499 ns
[2020-03-27T04:54:51.412+0000][1][safepoint    ] Safepoint "Deoptimize", Time since last: 36513391 ns, Reaching safepoint: 110000 ns, At safepoint: 195900 ns, Total: 305900 ns
[2020-03-27T04:54:51.421+0000][1][safepoint    ] Safepoint "RevokeBias", Time since last: 8144898 ns, Reaching safepoint: 92300 ns, At safepoint: 28400 ns, Total: 120700 ns
[2020-03-27T04:54:51.430+0000][1][safepoint    ] Safepoint "RevokeBias", Time since last: 9182797 ns, Reaching safepoint: 97100 ns, At safepoint: 27100 ns, Total: 124200 ns
[2020-03-27T04:54:51.434+0000][1][safepoint    ] Safepoint "RevokeBias", Time since last: 3600300 ns, Reaching safepoint: 60299 ns, At safepoint: 20600 ns, Total: 80899 ns
[2020-03-27T04:54:51.436+0000][1][safepoint    ] Safepoint "RevokeBias", Time since last: 2031800 ns, Reaching safepoint: 125200 ns, At safepoint: 23000 ns, Total: 148200 ns
[2020-03-27T04:54:51.443+0000][1][safepoint    ] Safepoint "RevokeBias", Time since last: 7136498 ns, Reaching safepoint: 97600 ns, At safepoint: 24400 ns, Total: 122000 ns
[2020-03-27T04:54:51.449+0000][1][safepoint    ] Safepoint "RevokeBias", Time since last: 5689299 ns, Reaching safepoint: 95300 ns, At safepoint: 51100 ns, Total: 146400 ns
[2020-03-27T04:54:51.453+0000][1][safepoint    ] Safepoint "RevokeBias", Time since last: 3831099 ns, Reaching safepoint: 108800 ns, At safepoint: 20400 ns, Total: 129200 ns
[2020-03-27T04:54:51.460+0000][1][gc,start     ] GC(11) Pause Young (Allocation Failure)
[2020-03-27T04:54:51.461+0000][1][gc,task      ] GC(11) Using 2 workers of 2 for evacuation
[2020-03-27T04:54:51.463+0000][1][gc,age       ] GC(11) Desired survivor size 2228224 bytes, new threshold 6 (max threshold 6)
[2020-03-27T04:54:51.463+0000][1][gc,age       ] GC(11) Age table with threshold 6 (max threshold 6)
[2020-03-27T04:54:51.464+0000][1][gc,age       ] GC(11) - age   1:    1685416 bytes,    1685416 total
[2020-03-27T04:54:51.464+0000][1][gc,age       ] GC(11) - age   2:      63672 bytes,    1749088 total
[2020-03-27T04:54:51.464+0000][1][gc,heap      ] GC(11) ParNew: 37547K->3213K(39296K)
[2020-03-27T04:54:51.464+0000][1][gc,heap      ] GC(11) CMS: 11876K->11876K(87424K)
[2020-03-27T04:54:51.465+0000][1][gc,metaspace ] GC(11) Metaspace: 19012K->19012K(1067008K)
[2020-03-27T04:54:51.465+0000][1][gc           ] GC(11) Pause Young (Allocation Failure) 48M->14M(123M) 5.003ms
[2020-03-27T04:54:51.465+0000][1][gc,cpu       ] GC(11) User=0.00s Sys=0.00s Real=0.00s
[2020-03-27T04:54:51.466+0000][1][safepoint    ] Safepoint "GenCollectForAllocation", Time since last: 7024198 ns, Reaching safepoint: 93100 ns, At safepoint: 5807598 ns, Total: 5900698 ns
[2020-03-27T04:54:51.466+0000][1][safepoint    ] Safepoint "RevokeBias", Time since last: 240800 ns, Reaching safepoint: 91900 ns, At safepoint: 35500 ns, Total: 127400 ns
[2020-03-27T04:54:51.467+0000][1][safepoint    ] Safepoint "RevokeBias", Time since last: 314800 ns, Reaching safepoint: 84600 ns, At safepoint: 29300 ns, Total: 113900 ns
[2020-03-27T04:54:51.467+0000][1][safepoint    ] Safepoint "RevokeBias", Time since last: 316500 ns, Reaching safepoint: 88900 ns, At safepoint: 27000 ns, Total: 115900 ns
[2020-03-27T04:54:51.468+0000][1][safepoint    ] Safepoint "RevokeBias", Time since last: 334400 ns, Reaching safepoint: 105800 ns, At safepoint: 28400 ns, Total: 134200 ns
[2020-03-27T04:54:51.468+0000][1][safepoint    ] Safepoint "BulkRevokeBias", Time since last: 269300 ns, Reaching safepoint: 88600 ns, At safepoint: 40800 ns, Total: 129400 ns
[2020-03-27T04:54:51.468+0000][1][safepoint    ] Safepoint "BulkRevokeBias", Time since last: 323400 ns, Reaching safepoint: 107100 ns, At safepoint: 40300 ns, Total: 147400 ns
[2020-03-27T04:54:51.470+0000][1][safepoint    ] Safepoint "RevokeBias", Time since last: 1111999 ns, Reaching safepoint: 9300 ns, At safepoint: 29400 ns, Total: 38700 ns
[2020-03-27T04:54:51.472+0000][1][safepoint    ] Safepoint "RevokeBias", Time since last: 2587100 ns, Reaching safepoint: 99300 ns, At safepoint: 19100 ns, Total: 118400 ns
[2020-03-27T04:54:51.476+0000][1][safepoint    ] Safepoint "Deoptimize", Time since last: 3802399 ns, Reaching safepoint: 92300 ns, At safepoint: 178899 ns, Total: 271199 ns
[2020-03-27T04:54:51.481+0000][1][safepoint    ] Safepoint "RevokeBias", Time since last: 4640799 ns, Reaching safepoint: 91300 ns, At safepoint: 16700 ns, Total: 108000 ns
[2020-03-27T04:54:51.485+0000][1][safepoint    ] Safepoint "RevokeBias", Time since last: 4116099 ns, Reaching safepoint: 92100 ns, At safepoint: 17600 ns, Total: 109700 ns
[2020-03-27T04:54:51.514+0000][1][gc,start     ] GC(12) Pause Young (Allocation Failure)
[2020-03-27T04:54:51.514+0000][1][gc,task      ] GC(12) Using 2 workers of 2 for evacuation
[2020-03-27T04:54:51.518+0000][1][gc,age       ] GC(12) Desired survivor size 2228224 bytes, new threshold 2 (max threshold 6)
[2020-03-27T04:54:51.518+0000][1][gc,age       ] GC(12) Age table with threshold 2 (max threshold 6)
[2020-03-27T04:54:51.519+0000][1][gc,age       ] GC(12) - age   1:    1838432 bytes,    1838432 total
[2020-03-27T04:54:51.519+0000][1][gc,age       ] GC(12) - age   2:    1628016 bytes,    3466448 total
[2020-03-27T04:54:51.520+0000][1][gc,age       ] GC(12) - age   3:      63672 bytes,    3530120 total
[2020-03-27T04:54:51.520+0000][1][gc,heap      ] GC(12) ParNew: 38157K->3656K(39296K)
[2020-03-27T04:54:51.521+0000][1][gc,heap      ] GC(12) CMS: 11876K->11876K(87424K)
[2020-03-27T04:54:51.521+0000][1][gc,metaspace ] GC(12) Metaspace: 19138K->19138K(1067008K)
[2020-03-27T04:54:51.521+0000][1][gc           ] GC(12) Pause Young (Allocation Failure) 48M->15M(123M) 7.565ms
[2020-03-27T04:54:51.522+0000][1][gc,cpu       ] GC(12) User=0.01s Sys=0.00s Real=0.01s
[2020-03-27T04:54:51.522+0000][1][safepoint    ] Safepoint "GenCollectForAllocation", Time since last: 28407393 ns, Reaching safepoint: 104300 ns, At safepoint: 8302598 ns, Total: 8406898 ns
[2020-03-27T04:54:51.527+0000][1][safepoint    ] Safepoint "RevokeBias", Time since last: 5168298 ns, Reaching safepoint: 41200 ns, At safepoint: 21900 ns, Total: 63100 ns
[2020-03-27T04:54:51.528+0000][1][safepoint    ] Safepoint "RevokeBias", Time since last: 966000 ns, Reaching safepoint: 87600 ns, At safepoint: 27700 ns, Total: 115300 ns
[2020-03-27T04:54:51.555+0000][1][safepoint    ] Safepoint "RevokeBias", Time since last: 26676693 ns, Reaching safepoint: 100000 ns, At safepoint: 20800 ns, Total: 120800 ns
[2020-03-27T04:54:51.558+0000][1][gc,start     ] GC(13) Pause Young (Allocation Failure)
[2020-03-27T04:54:51.558+0000][1][gc,task      ] GC(13) Using 2 workers of 2 for evacuation
[2020-03-27T04:54:51.561+0000][1][gc,age       ] GC(13) Desired survivor size 2228224 bytes, new threshold 6 (max threshold 6)
[2020-03-27T04:54:51.561+0000][1][gc,age       ] GC(13) Age table with threshold 6 (max threshold 6)
[2020-03-27T04:54:51.562+0000][1][gc,age       ] GC(13) - age   1:     104504 bytes,     104504 total
[2020-03-27T04:54:51.562+0000][1][gc,age       ] GC(13) - age   2:     240672 bytes,     345176 total
[2020-03-27T04:54:51.563+0000][1][gc,heap      ] GC(13) ParNew: 38600K->2783K(39296K)
[2020-03-27T04:54:51.563+0000][1][gc,heap      ] GC(13) CMS: 11876K->13526K(87424K)
[2020-03-27T04:54:51.563+0000][1][gc,metaspace ] GC(13) Metaspace: 19157K->19157K(1067008K)
[2020-03-27T04:54:51.564+0000][1][gc           ] GC(13) Pause Young (Allocation Failure) 49M->15M(123M) 6.488ms
[2020-03-27T04:54:51.565+0000][1][gc,cpu       ] GC(13) User=0.01s Sys=0.00s Real=0.00s
[2020-03-27T04:54:51.565+0000][1][safepoint    ] Safepoint "GenCollectForAllocation", Time since last: 2169200 ns, Reaching safepoint: 96300 ns, At safepoint: 7521298 ns, Total: 7617598 ns
[2020-03-27T04:54:51.567+0000][1][safepoint    ] Safepoint "RevokeBias", Time since last: 1655599 ns, Reaching safepoint: 40000 ns, At safepoint: 18400 ns, Total: 58400 ns
[2020-03-27T04:54:51.589+0000][1][gc,start     ] GC(14) Pause Young (Allocation Failure)
[2020-03-27T04:54:51.590+0000][1][gc,task      ] GC(14) Using 2 workers of 2 for evacuation
[2020-03-27T04:54:51.592+0000][1][gc,age       ] GC(14) Desired survivor size 2228224 bytes, new threshold 6 (max threshold 6)
[2020-03-27T04:54:51.592+0000][1][gc,age       ] GC(14) Age table with threshold 6 (max threshold 6)
[2020-03-27T04:54:51.593+0000][1][gc,age       ] GC(14) - age   1:    1605232 bytes,    1605232 total
[2020-03-27T04:54:51.593+0000][1][gc,age       ] GC(14) - age   2:      88528 bytes,    1693760 total
[2020-03-27T04:54:51.593+0000][1][gc,age       ] GC(14) - age   3:     240672 bytes,    1934432 total
[2020-03-27T04:54:51.594+0000][1][gc,heap      ] GC(14) ParNew: 37727K->2277K(39296K)
[2020-03-27T04:54:51.594+0000][1][gc,heap      ] GC(14) CMS: 13526K->13526K(87424K)
[2020-03-27T04:54:51.595+0000][1][gc,metaspace ] GC(14) Metaspace: 19168K->19168K(1067008K)
[2020-03-27T04:54:51.595+0000][1][gc           ] GC(14) Pause Young (Allocation Failure) 50M->15M(123M) 5.885ms
[2020-03-27T04:54:51.595+0000][1][gc,cpu       ] GC(14) User=0.01s Sys=0.00s Real=0.00s
[2020-03-27T04:54:51.596+0000][1][safepoint    ] Safepoint "GenCollectForAllocation", Time since last: 22249994 ns, Reaching safepoint: 99700 ns, At safepoint: 6676099 ns, Total: 6775799 ns
[2020-03-27T04:54:51.608+0000][1][safepoint    ] Safepoint "RevokeBias", Time since last: 11879397 ns, Reaching safepoint: 100700 ns, At safepoint: 47600 ns, Total: 148300 ns
[2020-03-27T04:54:51.613+0000][1][safepoint    ] Safepoint "RevokeBias", Time since last: 4831798 ns, Reaching safepoint: 91000 ns, At safepoint: 20800 ns, Total: 111800 ns
[2020-03-27T04:54:51.640+0000][1][safepoint    ] Safepoint "RevokeBias", Time since last: 27470593 ns, Reaching safepoint: 98800 ns, At safepoint: 32800 ns, Total: 131600 ns
[2020-03-27T04:54:51.648+0000][1][safepoint    ] Safepoint "RevokeBias", Time since last: 7236598 ns, Reaching safepoint: 85800 ns, At safepoint: 22100 ns, Total: 107900 ns
[2020-03-27T04:54:51.651+0000][1][safepoint    ] Safepoint "RevokeBias", Time since last: 3234499 ns, Reaching safepoint: 201700 ns, At safepoint: 18400 ns, Total: 220100 ns
[2020-03-27T04:54:51.655+0000][1][gc,start     ] GC(15) Pause Young (Allocation Failure)
[2020-03-27T04:54:51.656+0000][1][gc,task      ] GC(15) Using 2 workers of 2 for evacuation
[2020-03-27T04:54:51.657+0000][1][gc,age       ] GC(15) Desired survivor size 2228224 bytes, new threshold 6 (max threshold 6)
[2020-03-27T04:54:51.658+0000][1][gc,age       ] GC(15) Age table with threshold 6 (max threshold 6)
[2020-03-27T04:54:51.658+0000][1][gc,age       ] GC(15) - age   1:    1395128 bytes,    1395128 total
[2020-03-27T04:54:51.658+0000][1][gc,age       ] GC(15) - age   2:      27888 bytes,    1423016 total
[2020-03-27T04:54:51.659+0000][1][gc,age       ] GC(15) - age   3:      75928 bytes,    1498944 total
[2020-03-27T04:54:51.659+0000][1][gc,age       ] GC(15) - age   4:     240672 bytes,    1739616 total
[2020-03-27T04:54:51.659+0000][1][gc,heap      ] GC(15) ParNew: 37221K->2409K(39296K)
[2020-03-27T04:54:51.660+0000][1][gc,heap      ] GC(15) CMS: 13526K->13526K(87424K)
[2020-03-27T04:54:51.660+0000][1][gc,metaspace ] GC(15) Metaspace: 19424K->19424K(1067008K)
[2020-03-27T04:54:51.660+0000][1][gc           ] GC(15) Pause Young (Allocation Failure) 49M->15M(123M) 5.079ms
[2020-03-27T04:54:51.661+0000][1][gc,cpu       ] GC(15) User=0.00s Sys=0.00s Real=0.01s
[2020-03-27T04:54:51.661+0000][1][safepoint    ] Safepoint "GenCollectForAllocation", Time since last: 4015099 ns, Reaching safepoint: 54600 ns, At safepoint: 5594699 ns, Total: 5649299 ns
[2020-03-27T04:54:51.678+0000][1][safepoint    ] Safepoint "RevokeBias", Time since last: 17435495 ns, Reaching safepoint: 92400 ns, At safepoint: 18800 ns, Total: 111200 ns
[2020-03-27T04:54:51.680+0000][1][safepoint    ] Safepoint "RevokeBias", Time since last: 1320600 ns, Reaching safepoint: 63300 ns, At safepoint: 35800 ns, Total: 99100 ns
[2020-03-27T04:54:51.692+0000][1][gc,start     ] GC(16) Pause Young (Allocation Failure)
[2020-03-27T04:54:51.692+0000][1][gc,task      ] GC(16) Using 2 workers of 2 for evacuation
[2020-03-27T04:54:51.707+0000][1][gc,age       ] GC(16) Desired survivor size 2228224 bytes, new threshold 5 (max threshold 6)
[2020-03-27T04:54:51.707+0000][1][gc,age       ] GC(16) Age table with threshold 5 (max threshold 6)
[2020-03-27T04:54:51.708+0000][1][gc,age       ] GC(16) - age   1:    1141568 bytes,    1141568 total
[2020-03-27T04:54:51.708+0000][1][gc,age       ] GC(16) - age   2:     868992 bytes,    2010560 total
[2020-03-27T04:54:51.708+0000][1][gc,age       ] GC(16) - age   3:      27888 bytes,    2038448 total
[2020-03-27T04:54:51.709+0000][1][gc,age       ] GC(16) - age   4:      75928 bytes,    2114376 total
[2020-03-27T04:54:51.709+0000][1][gc,age       ] GC(16) - age   5:     240592 bytes,    2354968 total
[2020-03-27T04:54:51.709+0000][1][gc,heap      ] GC(16) ParNew: 37353K->3351K(39296K)
[2020-03-27T04:54:51.709+0000][1][gc,heap      ] GC(16) CMS: 13526K->13526K(87424K)
[2020-03-27T04:54:51.710+0000][1][gc,metaspace ] GC(16) Metaspace: 19485K->19485K(1067008K)
[2020-03-27T04:54:51.710+0000][1][gc           ] GC(16) Pause Young (Allocation Failure) 49M->16M(123M) 18.249ms
[2020-03-27T04:54:51.710+0000][1][gc,cpu       ] GC(16) User=0.02s Sys=0.00s Real=0.02s
[2020-03-27T04:54:51.710+0000][1][safepoint    ] Safepoint "GenCollectForAllocation", Time since last: 11643597 ns, Reaching safepoint: 205200 ns, At safepoint: 18633595 ns, Total: 18838795 ns
[2020-03-27T04:54:51.719+0000][1][safepoint    ] Safepoint "RevokeBias", Time since last: 8699598 ns, Reaching safepoint: 124000 ns, At safepoint: 20000 ns, Total: 144000 ns
[2020-03-27T04:54:51.721+0000][1][safepoint    ] Safepoint "RevokeBias", Time since last: 1601599 ns, Reaching safepoint: 87900 ns, At safepoint: 18500 ns, Total: 106400 ns
[2020-03-27T04:54:51.741+0000][1][gc,start     ] GC(17) Pause Young (Allocation Failure)
[2020-03-27T04:54:51.742+0000][1][gc,task      ] GC(17) Using 2 workers of 2 for evacuation
[2020-03-27T04:54:51.745+0000][1][gc,age       ] GC(17) Desired survivor size 2228224 bytes, new threshold 3 (max threshold 6)
[2020-03-27T04:54:51.745+0000][1][gc,age       ] GC(17) Age table with threshold 3 (max threshold 6)
[2020-03-27T04:54:51.745+0000][1][gc,age       ] GC(17) - age   1:    1556840 bytes,    1556840 total
[2020-03-27T04:54:51.746+0000][1][gc,age       ] GC(17) - age   2:      58088 bytes,    1614928 total
[2020-03-27T04:54:51.746+0000][1][gc,age       ] GC(17) - age   3:     868992 bytes,    2483920 total
[2020-03-27T04:54:51.746+0000][1][gc,age       ] GC(17) - age   4:      27888 bytes,    2511808 total
[2020-03-27T04:54:51.746+0000][1][gc,age       ] GC(17) - age   5:      75928 bytes,    2587736 total
[2020-03-27T04:54:51.747+0000][1][gc,heap      ] GC(17) ParNew: 38295K->3215K(39296K)
[2020-03-27T04:54:51.747+0000][1][gc,heap      ] GC(17) CMS: 13526K->13763K(87424K)
[2020-03-27T04:54:51.747+0000][1][gc,metaspace ] GC(17) Metaspace: 19616K->19616K(1067008K)
[2020-03-27T04:54:51.748+0000][1][gc           ] GC(17) Pause Young (Allocation Failure) 50M->16M(123M) 6.332ms
[2020-03-27T04:54:51.748+0000][1][gc,cpu       ] GC(17) User=0.01s Sys=0.00s Real=0.01s
[2020-03-27T04:54:51.748+0000][1][safepoint    ] Safepoint "GenCollectForAllocation", Time since last: 20302995 ns, Reaching safepoint: 99300 ns, At safepoint: 6884598 ns, Total: 6983898 ns
[2020-03-27T04:54:51.753+0000][1][safepoint    ] Safepoint "RevokeBias", Time since last: 4414899 ns, Reaching safepoint: 78500 ns, At safepoint: 19100 ns, Total: 97600 ns
[2020-03-27T04:54:51.756+0000][1][safepoint    ] Safepoint "RevokeBias", Time since last: 2927199 ns, Reaching safepoint: 96100 ns, At safepoint: 34700 ns, Total: 130800 ns
[2020-03-27T04:54:51.775+0000][1][gc,start     ] GC(18) Pause Young (Allocation Failure)
[2020-03-27T04:54:51.776+0000][1][gc,task      ] GC(18) Using 2 workers of 2 for evacuation
[2020-03-27T04:54:51.777+0000][1][gc,age       ] GC(18) Desired survivor size 2228224 bytes, new threshold 6 (max threshold 6)
[2020-03-27T04:54:51.778+0000][1][gc,age       ] GC(18) Age table with threshold 6 (max threshold 6)
[2020-03-27T04:54:51.778+0000][1][gc,age       ] GC(18) - age   1:      55304 bytes,      55304 total
[2020-03-27T04:54:51.778+0000][1][gc,age       ] GC(18) - age   2:      79952 bytes,     135256 total
[2020-03-27T04:54:51.779+0000][1][gc,age       ] GC(18) - age   3:      58088 bytes,     193344 total
[2020-03-27T04:54:51.779+0000][1][gc,heap      ] GC(18) ParNew: 38159K->2431K(39296K)
[2020-03-27T04:54:51.779+0000][1][gc,heap      ] GC(18) CMS: 13763K->14723K(87424K)
[2020-03-27T04:54:51.780+0000][1][gc,metaspace ] GC(18) Metaspace: 19628K->19628K(1067008K)
[2020-03-27T04:54:51.780+0000][1][gc           ] GC(18) Pause Young (Allocation Failure) 50M->16M(123M) 4.958ms
[2020-03-27T04:54:51.780+0000][1][gc,cpu       ] GC(18) User=0.01s Sys=0.00s Real=0.01s
[2020-03-27T04:54:51.781+0000][1][safepoint    ] Safepoint "GenCollectForAllocation", Time since last: 19411895 ns, Reaching safepoint: 96600 ns, At safepoint: 5577399 ns, Total: 5673999 ns
[2020-03-27T04:54:51.821+0000][1][gc,start     ] GC(19) Pause Young (Allocation Failure)
[2020-03-27T04:54:51.821+0000][1][gc,task      ] GC(19) Using 2 workers of 2 for evacuation
[2020-03-27T04:54:51.824+0000][1][gc,age       ] GC(19) Desired survivor size 2228224 bytes, new threshold 6 (max threshold 6)
[2020-03-27T04:54:51.824+0000][1][gc,age       ] GC(19) Age table with threshold 6 (max threshold 6)
[2020-03-27T04:54:51.824+0000][1][gc,age       ] GC(19) - age   1:    1771832 bytes,    1771832 total
[2020-03-27T04:54:51.825+0000][1][gc,age       ] GC(19) - age   2:      37136 bytes,    1808968 total
[2020-03-27T04:54:51.825+0000][1][gc,age       ] GC(19) - age   3:      79952 bytes,    1888920 total
[2020-03-27T04:54:51.825+0000][1][gc,age       ] GC(19) - age   4:      57984 bytes,    1946904 total
[2020-03-27T04:54:51.826+0000][1][gc,heap      ] GC(19) ParNew: 37375K->2251K(39296K)
[2020-03-27T04:54:51.826+0000][1][gc,heap      ] GC(19) CMS: 14723K->14723K(87424K)
[2020-03-27T04:54:51.826+0000][1][gc,metaspace ] GC(19) Metaspace: 19648K->19648K(1067008K)
[2020-03-27T04:54:51.826+0000][1][gc           ] GC(19) Pause Young (Allocation Failure) 50M->16M(123M) 5.493ms
[2020-03-27T04:54:51.827+0000][1][gc,cpu       ] GC(19) User=0.01s Sys=0.00s Real=0.01s
[2020-03-27T04:54:51.827+0000][1][safepoint    ] Safepoint "GenCollectForAllocation", Time since last: 40030090 ns, Reaching safepoint: 117500 ns, At safepoint: 5852398 ns, Total: 5969898 ns
[2020-03-27T04:54:51.854+0000][1][safepoint    ] Safepoint "CollectForMetadataAllocation", Time since last: 27180793 ns, Reaching safepoint: 90900 ns, At safepoint: 43300 ns, Total: 134200 ns
[2020-03-27T04:54:51.871+0000][1][safepoint    ] Safepoint "CollectForMetadataAllocation", Time since last: 16993196 ns, Reaching safepoint: 97800 ns, At safepoint: 76700 ns, Total: 174500 ns
[2020-03-27T04:54:51.897+0000][1][gc,start     ] GC(20) Pause Young (Allocation Failure)
[2020-03-27T04:54:51.897+0000][1][gc,task      ] GC(20) Using 2 workers of 2 for evacuation
[2020-03-27T04:54:51.900+0000][1][gc,age       ] GC(20) Desired survivor size 2228224 bytes, new threshold 6 (max threshold 6)
[2020-03-27T04:54:51.900+0000][1][gc,age       ] GC(20) Age table with threshold 6 (max threshold 6)
[2020-03-27T04:54:51.900+0000][1][gc,age       ] GC(20) - age   1:    1395920 bytes,    1395920 total
[2020-03-27T04:54:51.901+0000][1][gc,age       ] GC(20) - age   2:     323760 bytes,    1719680 total
[2020-03-27T04:54:51.901+0000][1][gc,age       ] GC(20) - age   3:      37136 bytes,    1756816 total
[2020-03-27T04:54:51.901+0000][1][gc,age       ] GC(20) - age   4:      79952 bytes,    1836768 total
[2020-03-27T04:54:51.902+0000][1][gc,age       ] GC(20) - age   5:      57984 bytes,    1894752 total
[2020-03-27T04:54:51.903+0000][1][gc,heap      ] GC(20) ParNew: 37195K->2380K(39296K)
[2020-03-27T04:54:51.903+0000][1][gc,heap      ] GC(20) CMS: 14723K->14723K(87424K)
[2020-03-27T04:54:51.904+0000][1][gc,metaspace ] GC(20) Metaspace: 20550K->20550K(1069056K)
[2020-03-27T04:54:51.904+0000][1][gc           ] GC(20) Pause Young (Allocation Failure) 50M->16M(123M) 7.398ms
[2020-03-27T04:54:51.904+0000][1][gc,cpu       ] GC(20) User=0.00s Sys=0.00s Real=0.00s
[2020-03-27T04:54:51.905+0000][1][safepoint    ] Safepoint "GenCollectForAllocation", Time since last: 25153693 ns, Reaching safepoint: 117600 ns, At safepoint: 8022698 ns, Total: 8140298 ns
[2020-03-27T04:54:51.906+0000][1][gc,start     ] GC(21) Pause Initial Mark
[2020-03-27T04:54:51.907+0000][1][gc           ] GC(21) Pause Initial Mark 16M->16M(123M) 1.444ms
[2020-03-27T04:54:51.908+0000][1][gc,cpu       ] GC(21) User=0.00s Sys=0.00s Real=0.00s
[2020-03-27T04:54:51.908+0000][1][safepoint    ] Safepoint "CMS_Initial_Mark", Time since last: 1019900 ns, Reaching safepoint: 110800 ns, At safepoint: 2131899 ns, Total: 2242699 ns
[2020-03-27T04:54:51.908+0000][1][gc           ] GC(21) Concurrent Mark
[2020-03-27T04:54:51.919+0000][1][gc           ] GC(21) Concurrent Mark 11.171ms
[2020-03-27T04:54:51.920+0000][1][gc,cpu       ] GC(21) User=0.03s Sys=0.00s Real=0.01s
[2020-03-27T04:54:51.920+0000][1][gc           ] GC(21) Concurrent Preclean
[2020-03-27T04:54:51.920+0000][1][gc           ] GC(21) Concurrent Preclean 0.352ms
[2020-03-27T04:54:51.921+0000][1][gc,cpu       ] GC(21) User=0.00s Sys=0.00s Real=0.00s
[2020-03-27T04:54:51.921+0000][1][gc           ] GC(21) Concurrent Abortable Preclean
[2020-03-27T04:54:51.949+0000][1][gc,start     ] GC(22) Pause Young (Allocation Failure)
[2020-03-27T04:54:51.950+0000][1][gc,task      ] GC(22) Using 2 workers of 2 for evacuation
[2020-03-27T04:54:51.952+0000][1][gc,age       ] GC(22) Desired survivor size 2228224 bytes, new threshold 6 (max threshold 6)
[2020-03-27T04:54:51.952+0000][1][gc,age       ] GC(22) Age table with threshold 6 (max threshold 6)
[2020-03-27T04:54:51.952+0000][1][gc,age       ] GC(22) - age   1:     701336 bytes,     701336 total
[2020-03-27T04:54:51.953+0000][1][gc,age       ] GC(22) - age   2:     514000 bytes,    1215336 total
[2020-03-27T04:54:51.953+0000][1][gc,age       ] GC(22) - age   3:     323640 bytes,    1538976 total
[2020-03-27T04:54:51.954+0000][1][gc,age       ] GC(22) - age   4:      37136 bytes,    1576112 total
[2020-03-27T04:54:51.954+0000][1][gc,age       ] GC(22) - age   5:      79952 bytes,    1656064 total
[2020-03-27T04:54:51.955+0000][1][gc,age       ] GC(22) - age   6:      57880 bytes,    1713944 total
[2020-03-27T04:54:51.955+0000][1][gc,heap      ] GC(22) ParNew: 37324K->2676K(39296K)
[2020-03-27T04:54:51.956+0000][1][gc,heap      ] GC(22) CMS: 14723K->14723K(87424K)
[2020-03-27T04:54:51.956+0000][1][gc,metaspace ] GC(22) Metaspace: 20572K->20572K(1069056K)
[2020-03-27T04:54:51.957+0000][1][gc           ] GC(22) Pause Young (Allocation Failure) 50M->16M(123M) 7.283ms
[2020-03-27T04:54:51.957+0000][1][gc,cpu       ] GC(22) User=0.01s Sys=0.00s Real=0.01s
[2020-03-27T04:54:51.957+0000][1][safepoint    ] Safepoint "GenCollectForAllocation", Time since last: 41317989 ns, Reaching safepoint: 105300 ns, At safepoint: 8043598 ns, Total: 8148898 ns
[2020-03-27T04:54:51.979+0000][1][gc,start     ] GC(23) Pause Young (Allocation Failure)
[2020-03-27T04:54:51.980+0000][1][gc,task      ] GC(23) Using 2 workers of 2 for evacuation
[2020-03-27T04:54:51.982+0000][1][gc,age       ] GC(23) Desired survivor size 2228224 bytes, new threshold 4 (max threshold 6)
[2020-03-27T04:54:51.983+0000][1][gc,age       ] GC(23) Age table with threshold 4 (max threshold 6)
[2020-03-27T04:54:51.983+0000][1][gc,age       ] GC(23) - age   1:    1411856 bytes,    1411856 total
[2020-03-27T04:54:51.983+0000][1][gc,age       ] GC(23) - age   2:     173776 bytes,    1585632 total
[2020-03-27T04:54:51.984+0000][1][gc,age       ] GC(23) - age   3:     514000 bytes,    2099632 total
[2020-03-27T04:54:51.984+0000][1][gc,age       ] GC(23) - age   4:     323640 bytes,    2423272 total
[2020-03-27T04:54:51.984+0000][1][gc,age       ] GC(23) - age   5:      37136 bytes,    2460408 total
[2020-03-27T04:54:51.985+0000][1][gc,age       ] GC(23) - age   6:      79952 bytes,    2540360 total
[2020-03-27T04:54:51.985+0000][1][gc,heap      ] GC(23) ParNew: 37620K->3402K(39296K)
[2020-03-27T04:54:51.985+0000][1][gc,heap      ] GC(23) CMS: 14723K->14781K(87424K)
[2020-03-27T04:54:51.986+0000][1][gc,metaspace ] GC(23) Metaspace: 20575K->20575K(1069056K)
[2020-03-27T04:54:51.986+0000][1][gc           ] GC(23) Pause Young (Allocation Failure) 51M->17M(123M) 6.609ms
[2020-03-27T04:54:51.986+0000][1][gc,cpu       ] GC(23) User=0.01s Sys=0.00s Real=0.01s
[2020-03-27T04:54:51.986+0000][1][safepoint    ] Safepoint "GenCollectForAllocation", Time since last: 21774695 ns, Reaching safepoint: 100500 ns, At safepoint: 7096598 ns, Total: 7197098 ns
[2020-03-27T04:54:51.986+0000][1][gc           ] GC(21) Concurrent Abortable Preclean 65.315ms
[2020-03-27T04:54:51.987+0000][1][gc,cpu       ] GC(21) User=0.11s Sys=0.00s Real=0.07s
[2020-03-27T04:54:51.987+0000][1][gc,start     ] GC(21) Pause Remark
[2020-03-27T04:54:51.990+0000][1][gc           ] GC(21) Pause Remark 18M->18M(123M) 3.267ms
[2020-03-27T04:54:51.991+0000][1][gc,cpu       ] GC(21) User=0.00s Sys=0.00s Real=0.00s
[2020-03-27T04:54:51.991+0000][1][safepoint    ] Safepoint "CMS_Final_Remark", Time since last: 636600 ns, Reaching safepoint: 111500 ns, At safepoint: 3982999 ns, Total: 4094499 ns
[2020-03-27T04:54:51.991+0000][1][gc           ] GC(21) Concurrent Sweep
[2020-03-27T04:54:51.994+0000][1][gc           ] GC(21) Concurrent Sweep 2.754ms
[2020-03-27T04:54:51.994+0000][1][gc,cpu       ] GC(21) User=0.01s Sys=0.01s Real=0.00s
[2020-03-27T04:54:51.995+0000][1][gc           ] GC(21) Concurrent Reset
[2020-03-27T04:54:51.996+0000][1][gc           ] GC(21) Concurrent Reset 1.327ms
[2020-03-27T04:54:51.996+0000][1][gc,cpu       ] GC(21) User=0.00s Sys=0.00s Real=0.01s
[2020-03-27T04:54:51.997+0000][1][gc,heap      ] GC(21) Old: 14723K->14739K(87424K)
[2020-03-27T04:54:52.015+0000][1][gc,start     ] GC(24) Pause Young (Allocation Failure)
[2020-03-27T04:54:52.016+0000][1][gc,task      ] GC(24) Using 2 workers of 2 for evacuation
[2020-03-27T04:54:52.019+0000][1][gc,age       ] GC(24) Desired survivor size 2228224 bytes, new threshold 3 (max threshold 6)
[2020-03-27T04:54:52.019+0000][1][gc,age       ] GC(24) Age table with threshold 3 (max threshold 6)
[2020-03-27T04:54:52.020+0000][1][gc,age       ] GC(24) - age   1:    2024968 bytes,    2024968 total
[2020-03-27T04:54:52.020+0000][1][gc,age       ] GC(24) - age   2:      32888 bytes,    2057856 total
[2020-03-27T04:54:52.020+0000][1][gc,age       ] GC(24) - age   3:     173776 bytes,    2231632 total
[2020-03-27T04:54:52.021+0000][1][gc,age       ] GC(24) - age   4:     513904 bytes,    2745536 total
[2020-03-27T04:54:52.021+0000][1][gc,heap      ] GC(24) ParNew: 38346K->4352K(39296K)
[2020-03-27T04:54:52.021+0000][1][gc,heap      ] GC(24) CMS: 14739K->15175K(87424K)
[2020-03-27T04:54:52.022+0000][1][gc,metaspace ] GC(24) Metaspace: 20579K->20579K(1069056K)
[2020-03-27T04:54:52.022+0000][1][gc           ] GC(24) Pause Young (Allocation Failure) 51M->19M(123M) 6.611ms
[2020-03-27T04:54:52.022+0000][1][gc,cpu       ] GC(24) User=0.01s Sys=0.00s Real=0.01s
[2020-03-27T04:54:52.022+0000][1][safepoint    ] Safepoint "GenCollectForAllocation", Time since last: 23923593 ns, Reaching safepoint: 344100 ns, At safepoint: 7131499 ns, Total: 7475599 ns
[2020-03-27T04:54:52.046+0000][1][gc,start     ] GC(25) Pause Young (Allocation Failure)
[2020-03-27T04:54:52.047+0000][1][gc,task      ] GC(25) Using 2 workers of 2 for evacuation
[2020-03-27T04:54:52.050+0000][1][gc,age       ] GC(25) Desired survivor size 2228224 bytes, new threshold 6 (max threshold 6)
[2020-03-27T04:54:52.050+0000][1][gc,age       ] GC(25) Age table with threshold 6 (max threshold 6)
[2020-03-27T04:54:52.051+0000][1][gc,age       ] GC(25) - age   1:     591888 bytes,     591888 total
[2020-03-27T04:54:52.051+0000][1][gc,age       ] GC(25) - age   2:      37632 bytes,     629520 total
[2020-03-27T04:54:52.051+0000][1][gc,age       ] GC(25) - age   3:      32888 bytes,     662408 total
[2020-03-27T04:54:52.052+0000][1][gc,heap      ] GC(25) ParNew: 39296K->2582K(39296K)
[2020-03-27T04:54:52.052+0000][1][gc,heap      ] GC(25) CMS: 15175K->15856K(87424K)
[2020-03-27T04:54:52.052+0000][1][gc,metaspace ] GC(25) Metaspace: 20592K->20592K(1069056K)
[2020-03-27T04:54:52.053+0000][1][gc           ] GC(25) Pause Young (Allocation Failure) 53M->18M(123M) 6.372ms
[2020-03-27T04:54:52.053+0000][1][gc,cpu       ] GC(25) User=0.00s Sys=0.00s Real=0.00s
[2020-03-27T04:54:52.053+0000][1][safepoint    ] Safepoint "GenCollectForAllocation", Time since last: 23721193 ns, Reaching safepoint: 95300 ns, At safepoint: 7133399 ns, Total: 7228699 ns
[2020-03-27T04:54:52.079+0000][1][gc,start     ] GC(26) Pause Young (Allocation Failure)
[2020-03-27T04:54:52.079+0000][1][gc,task      ] GC(26) Using 2 workers of 2 for evacuation
[2020-03-27T04:54:52.082+0000][1][gc,age       ] GC(26) Desired survivor size 2228224 bytes, new threshold 6 (max threshold 6)
[2020-03-27T04:54:52.082+0000][1][gc,age       ] GC(26) Age table with threshold 6 (max threshold 6)
[2020-03-27T04:54:52.083+0000][1][gc,age       ] GC(26) - age   1:     915736 bytes,     915736 total
[2020-03-27T04:54:52.083+0000][1][gc,age       ] GC(26) - age   2:      68048 bytes,     983784 total
[2020-03-27T04:54:52.084+0000][1][gc,age       ] GC(26) - age   3:      37632 bytes,    1021416 total
[2020-03-27T04:54:52.084+0000][1][gc,age       ] GC(26) - age   4:      32888 bytes,    1054304 total
[2020-03-27T04:54:52.085+0000][1][gc,heap      ] GC(26) ParNew: 37526K->1614K(39296K)
[2020-03-27T04:54:52.085+0000][1][gc,heap      ] GC(26) CMS: 15856K->15856K(87424K)
[2020-03-27T04:54:52.086+0000][1][gc,metaspace ] GC(26) Metaspace: 20684K->20684K(1069056K)
[2020-03-27T04:54:52.086+0000][1][gc           ] GC(26) Pause Young (Allocation Failure) 52M->17M(123M) 7.328ms
[2020-03-27T04:54:52.086+0000][1][gc,cpu       ] GC(26) User=0.01s Sys=0.00s Real=0.01s
[2020-03-27T04:54:52.087+0000][1][safepoint    ] Safepoint "GenCollectForAllocation", Time since last: 25201193 ns, Reaching safepoint: 99900 ns, At safepoint: 8197898 ns, Total: 8297798 ns
[2020-03-27T04:54:52.115+0000][1][gc,start     ] GC(27) Pause Young (Allocation Failure)
[2020-03-27T04:54:52.115+0000][1][gc,task      ] GC(27) Using 2 workers of 2 for evacuation
[2020-03-27T04:54:52.117+0000][1][gc,age       ] GC(27) Desired survivor size 2228224 bytes, new threshold 6 (max threshold 6)
[2020-03-27T04:54:52.117+0000][1][gc,age       ] GC(27) Age table with threshold 6 (max threshold 6)
[2020-03-27T04:54:52.118+0000][1][gc,age       ] GC(27) - age   1:     241232 bytes,     241232 total
[2020-03-27T04:54:52.118+0000][1][gc,age       ] GC(27) - age   2:      66848 bytes,     308080 total
[2020-03-27T04:54:52.118+0000][1][gc,age       ] GC(27) - age   3:      68048 bytes,     376128 total
[2020-03-27T04:54:52.118+0000][1][gc,age       ] GC(27) - age   4:      37632 bytes,     413760 total
[2020-03-27T04:54:52.119+0000][1][gc,age       ] GC(27) - age   5:      32888 bytes,     446648 total
[2020-03-27T04:54:52.119+0000][1][gc,heap      ] GC(27) ParNew: 36558K->974K(39296K)
[2020-03-27T04:54:52.119+0000][1][gc,heap      ] GC(27) CMS: 15856K->15856K(87424K)
[2020-03-27T04:54:52.119+0000][1][gc,metaspace ] GC(27) Metaspace: 20699K->20699K(1069056K)
[2020-03-27T04:54:52.119+0000][1][gc           ] GC(27) Pause Young (Allocation Failure) 51M->16M(123M) 4.611ms
[2020-03-27T04:54:52.120+0000][1][gc,cpu       ] GC(27) User=0.01s Sys=0.00s Real=0.01s
[2020-03-27T04:54:52.120+0000][1][safepoint    ] Safepoint "GenCollectForAllocation", Time since last: 27890493 ns, Reaching safepoint: 124700 ns, At safepoint: 5044598 ns, Total: 5169298 ns
[2020-03-27T04:54:52.145+0000][1][gc,start     ] GC(28) Pause Young (Allocation Failure)
[2020-03-27T04:54:52.145+0000][1][gc,task      ] GC(28) Using 2 workers of 2 for evacuation
[2020-03-27T04:54:52.148+0000][1][gc,age       ] GC(28) Desired survivor size 2228224 bytes, new threshold 6 (max threshold 6)
[2020-03-27T04:54:52.148+0000][1][gc,age       ] GC(28) Age table with threshold 6 (max threshold 6)
[2020-03-27T04:54:52.149+0000][1][gc,age       ] GC(28) - age   1:    1097888 bytes,    1097888 total
[2020-03-27T04:54:52.149+0000][1][gc,age       ] GC(28) - age   2:     223016 bytes,    1320904 total
[2020-03-27T04:54:52.150+0000][1][gc,age       ] GC(28) - age   3:      66784 bytes,    1387688 total
[2020-03-27T04:54:52.150+0000][1][gc,age       ] GC(28) - age   4:      68048 bytes,    1455736 total
[2020-03-27T04:54:52.150+0000][1][gc,age       ] GC(28) - age   5:      37632 bytes,    1493368 total
[2020-03-27T04:54:52.151+0000][1][gc,age       ] GC(28) - age   6:      32888 bytes,    1526256 total
[2020-03-27T04:54:52.151+0000][1][gc,heap      ] GC(28) ParNew: 35918K->1552K(39296K)
[2020-03-27T04:54:52.151+0000][1][gc,heap      ] GC(28) CMS: 15856K->15856K(87424K)
[2020-03-27T04:54:52.151+0000][1][gc,metaspace ] GC(28) Metaspace: 20738K->20738K(1069056K)
[2020-03-27T04:54:52.152+0000][1][gc           ] GC(28) Pause Young (Allocation Failure) 50M->17M(123M) 7.166ms
[2020-03-27T04:54:52.152+0000][1][gc,cpu       ] GC(28) User=0.01s Sys=0.00s Real=0.01s
[2020-03-27T04:54:52.153+0000][1][safepoint    ] Safepoint "GenCollectForAllocation", Time since last: 24712194 ns, Reaching safepoint: 105500 ns, At safepoint: 7814798 ns, Total: 7920298 ns
[2020-03-27T04:54:52.176+0000][1][gc,start     ] GC(29) Pause Young (Allocation Failure)
[2020-03-27T04:54:52.176+0000][1][gc,task      ] GC(29) Using 2 workers of 2 for evacuation
[2020-03-27T04:54:52.178+0000][1][gc,age       ] GC(29) Desired survivor size 2228224 bytes, new threshold 6 (max threshold 6)
[2020-03-27T04:54:52.179+0000][1][gc,age       ] GC(29) Age table with threshold 6 (max threshold 6)
[2020-03-27T04:54:52.179+0000][1][gc,age       ] GC(29) - age   1:    1551520 bytes,    1551520 total
[2020-03-27T04:54:52.179+0000][1][gc,age       ] GC(29) - age   2:      60080 bytes,    1611600 total
[2020-03-27T04:54:52.180+0000][1][gc,age       ] GC(29) - age   3:     223016 bytes,    1834616 total
[2020-03-27T04:54:52.180+0000][1][gc,age       ] GC(29) - age   4:      66672 bytes,    1901288 total
[2020-03-27T04:54:52.181+0000][1][gc,age       ] GC(29) - age   5:      68048 bytes,    1969336 total
[2020-03-27T04:54:52.181+0000][1][gc,age       ] GC(29) - age   6:      37632 bytes,    2006968 total
[2020-03-27T04:54:52.181+0000][1][gc,heap      ] GC(29) ParNew: 36496K->2247K(39296K)
[2020-03-27T04:54:52.181+0000][1][gc,heap      ] GC(29) CMS: 15856K->15889K(87424K)
[2020-03-27T04:54:52.182+0000][1][gc,metaspace ] GC(29) Metaspace: 20775K->20775K(1069056K)
[2020-03-27T04:54:52.182+0000][1][gc           ] GC(29) Pause Young (Allocation Failure) 51M->17M(123M) 6.512ms
[2020-03-27T04:54:52.182+0000][1][gc,cpu       ] GC(29) User=0.01s Sys=0.00s Real=0.00s
[2020-03-27T04:54:52.182+0000][1][safepoint    ] Safepoint "GenCollectForAllocation", Time since last: 22882594 ns, Reaching safepoint: 121700 ns, At safepoint: 6946898 ns, Total: 7068598 ns
[2020-03-27T04:54:52.214+0000][1][gc,start     ] GC(30) Pause Young (Allocation Failure)
[2020-03-27T04:54:52.215+0000][1][gc,task      ] GC(30) Using 2 workers of 2 for evacuation
[2020-03-27T04:54:52.216+0000][1][gc,age       ] GC(30) Desired survivor size 2228224 bytes, new threshold 6 (max threshold 6)
[2020-03-27T04:54:52.217+0000][1][gc,age       ] GC(30) Age table with threshold 6 (max threshold 6)
[2020-03-27T04:54:52.217+0000][1][gc,age       ] GC(30) - age   1:     592768 bytes,     592768 total
[2020-03-27T04:54:52.217+0000][1][gc,age       ] GC(30) - age   2:      49184 bytes,     641952 total
[2020-03-27T04:54:52.218+0000][1][gc,age       ] GC(30) - age   3:      60080 bytes,     702032 total
[2020-03-27T04:54:52.218+0000][1][gc,age       ] GC(30) - age   4:     223016 bytes,     925048 total
[2020-03-27T04:54:52.218+0000][1][gc,age       ] GC(30) - age   5:      66672 bytes,     991720 total
[2020-03-27T04:54:52.219+0000][1][gc,age       ] GC(30) - age   6:      68048 bytes,    1059768 total
[2020-03-27T04:54:52.219+0000][1][gc,heap      ] GC(30) ParNew: 37191K->1750K(39296K)
[2020-03-27T04:54:52.219+0000][1][gc,heap      ] GC(30) CMS: 15889K->15927K(87424K)
[2020-03-27T04:54:52.219+0000][1][gc,metaspace ] GC(30) Metaspace: 20827K->20827K(1069056K)
[2020-03-27T04:54:52.220+0000][1][gc           ] GC(30) Pause Young (Allocation Failure) 51M->17M(123M) 5.636ms
[2020-03-27T04:54:52.220+0000][1][gc,cpu       ] GC(30) User=0.01s Sys=0.00s Real=0.01s
[2020-03-27T04:54:52.220+0000][1][safepoint    ] Safepoint "GenCollectForAllocation", Time since last: 31577392 ns, Reaching safepoint: 97600 ns, At safepoint: 6162998 ns, Total: 6260598 ns
[2020-03-27T04:54:52.244+0000][1][gc,start     ] GC(31) Pause Young (Allocation Failure)
[2020-03-27T04:54:52.245+0000][1][gc,task      ] GC(31) Using 2 workers of 2 for evacuation
[2020-03-27T04:54:52.248+0000][1][gc,age       ] GC(31) Desired survivor size 2228224 bytes, new threshold 4 (max threshold 6)
[2020-03-27T04:54:52.248+0000][1][gc,age       ] GC(31) Age table with threshold 4 (max threshold 6)
[2020-03-27T04:54:52.249+0000][1][gc,age       ] GC(31) - age   1:    2030008 bytes,    2030008 total
[2020-03-27T04:54:52.249+0000][1][gc,age       ] GC(31) - age   2:     142592 bytes,    2172600 total
[2020-03-27T04:54:52.250+0000][1][gc,age       ] GC(31) - age   3:      49184 bytes,    2221784 total
[2020-03-27T04:54:52.250+0000][1][gc,age       ] GC(31) - age   4:      60080 bytes,    2281864 total
[2020-03-27T04:54:52.251+0000][1][gc,age       ] GC(31) - age   5:     223016 bytes,    2504880 total
[2020-03-27T04:54:52.251+0000][1][gc,age       ] GC(31) - age   6:      66672 bytes,    2571552 total
[2020-03-27T04:54:52.252+0000][1][gc,heap      ] GC(31) ParNew: 36694K->2890K(39296K)
[2020-03-27T04:54:52.252+0000][1][gc,heap      ] GC(31) CMS: 15927K->15996K(87424K)
[2020-03-27T04:54:52.252+0000][1][gc,metaspace ] GC(31) Metaspace: 20836K->20836K(1069056K)
[2020-03-27T04:54:52.253+0000][1][gc           ] GC(31) Pause Young (Allocation Failure) 51M->18M(123M) 8.806ms
[2020-03-27T04:54:52.253+0000][1][gc,cpu       ] GC(31) User=0.01s Sys=0.00s Real=0.01s
[2020-03-27T04:54:52.253+0000][1][safepoint    ] Safepoint "GenCollectForAllocation", Time since last: 23494094 ns, Reaching safepoint: 189500 ns, At safepoint: 9318498 ns, Total: 9507998 ns
[2020-03-27T04:54:52.280+0000][1][safepoint    ] Safepoint "Deoptimize", Time since last: 26721493 ns, Reaching safepoint: 99000 ns, At safepoint: 179900 ns, Total: 278900 ns
[2020-03-27T04:54:52.300+0000][1][gc,start     ] GC(32) Pause Young (Allocation Failure)
[2020-03-27T04:54:52.301+0000][1][gc,task      ] GC(32) Using 2 workers of 2 for evacuation
[2020-03-27T04:54:52.303+0000][1][gc,age       ] GC(32) Desired survivor size 2228224 bytes, new threshold 6 (max threshold 6)
[2020-03-27T04:54:52.303+0000][1][gc,age       ] GC(32) Age table with threshold 6 (max threshold 6)
[2020-03-27T04:54:52.303+0000][1][gc,age       ] GC(32) - age   1:     163584 bytes,     163584 total
[2020-03-27T04:54:52.304+0000][1][gc,age       ] GC(32) - age   2:      35144 bytes,     198728 total
[2020-03-27T04:54:52.304+0000][1][gc,age       ] GC(32) - age   3:     142456 bytes,     341184 total
[2020-03-27T04:54:52.304+0000][1][gc,age       ] GC(32) - age   4:      49184 bytes,     390368 total
[2020-03-27T04:54:52.305+0000][1][gc,heap      ] GC(32) ParNew: 37834K->2089K(39296K)
[2020-03-27T04:54:52.305+0000][1][gc,heap      ] GC(32) CMS: 15996K->16343K(87424K)
[2020-03-27T04:54:52.305+0000][1][gc,metaspace ] GC(32) Metaspace: 21169K->21169K(1069056K)
[2020-03-27T04:54:52.306+0000][1][gc           ] GC(32) Pause Young (Allocation Failure) 52M->18M(123M) 5.116ms
[2020-03-27T04:54:52.306+0000][1][gc,cpu       ] GC(32) User=0.01s Sys=0.00s Real=0.01s
[2020-03-27T04:54:52.306+0000][1][safepoint    ] Safepoint "GenCollectForAllocation", Time since last: 20072395 ns, Reaching safepoint: 21300 ns, At safepoint: 5726198 ns, Total: 5747498 ns
[2020-03-27T04:54:52.507+0000][1][gc,start     ] GC(33) Pause Young (Allocation Failure)
[2020-03-27T04:54:52.508+0000][1][gc,task      ] GC(33) Using 2 workers of 2 for evacuation
[2020-03-27T04:54:52.514+0000][1][gc,age       ] GC(33) Desired survivor size 2228224 bytes, new threshold 4 (max threshold 6)
[2020-03-27T04:54:52.514+0000][1][gc,age       ] GC(33) Age table with threshold 4 (max threshold 6)
[2020-03-27T04:54:52.515+0000][1][gc,age       ] GC(33) - age   1:    1894192 bytes,    1894192 total
[2020-03-27T04:54:52.515+0000][1][gc,age       ] GC(33) - age   2:     158216 bytes,    2052408 total
[2020-03-27T04:54:52.516+0000][1][gc,age       ] GC(33) - age   3:      35144 bytes,    2087552 total
[2020-03-27T04:54:52.517+0000][1][gc,age       ] GC(33) - age   4:     142424 bytes,    2229976 total
[2020-03-27T04:54:52.517+0000][1][gc,age       ] GC(33) - age   5:      49024 bytes,    2279000 total
[2020-03-27T04:54:52.518+0000][1][gc,heap      ] GC(33) ParNew: 37033K->2375K(39296K)
[2020-03-27T04:54:52.518+0000][1][gc,heap      ] GC(33) CMS: 16343K->16343K(87424K)
[2020-03-27T04:54:52.519+0000][1][gc,metaspace ] GC(33) Metaspace: 26459K->26459K(1073152K)
[2020-03-27T04:54:52.519+0000][1][gc           ] GC(33) Pause Young (Allocation Failure) 52M->18M(123M) 12.016ms
[2020-03-27T04:54:52.519+0000][1][gc,cpu       ] GC(33) User=0.00s Sys=0.00s Real=0.01s
[2020-03-27T04:54:52.520+0000][1][safepoint    ] Safepoint "GenCollectForAllocation", Time since last: 200674248 ns, Reaching safepoint: 227200 ns, At safepoint: 12659197 ns, Total: 12886397 ns
[2020-03-27T04:54:52.525+0000][1][safepoint    ] Safepoint "Deoptimize", Time since last: 5203899 ns, Reaching safepoint: 103600 ns, At safepoint: 194500 ns, Total: 298100 ns
[2020-03-27T04:54:52.534+0000][1][safepoint    ] Safepoint "Deoptimize", Time since last: 8127498 ns, Reaching safepoint: 106700 ns, At safepoint: 135700 ns, Total: 242400 ns
[2020-03-27T04:54:52.808+0000][1][gc,start     ] GC(34) Pause Young (Allocation Failure)
[2020-03-27T04:54:52.808+0000][1][gc,task      ] GC(34) Using 2 workers of 2 for evacuation
[2020-03-27T04:54:52.823+0000][1][gc,age       ] GC(34) Desired survivor size 2228224 bytes, new threshold 1 (max threshold 6)
[2020-03-27T04:54:52.824+0000][1][gc,age       ] GC(34) Age table with threshold 1 (max threshold 6)
[2020-03-27T04:54:52.824+0000][1][gc,age       ] GC(34) - age   1:    3216592 bytes,    3216592 total
[2020-03-27T04:54:52.824+0000][1][gc,age       ] GC(34) - age   2:    1112776 bytes,    4329368 total
[2020-03-27T04:54:52.825+0000][1][gc,age       ] GC(34) - age   3:      92920 bytes,    4422288 total
[2020-03-27T04:54:52.825+0000][1][gc,age       ] GC(34) - age   4:      33960 bytes,    4456248 total
[2020-03-27T04:54:52.826+0000][1][gc,heap      ] GC(34) ParNew: 37319K->4352K(39296K)
[2020-03-27T04:54:52.826+0000][1][gc,heap      ] GC(34) CMS: 16343K->21537K(87424K)
[2020-03-27T04:54:52.827+0000][1][gc,metaspace ] GC(34) Metaspace: 27813K->27813K(1075200K)
[2020-03-27T04:54:52.827+0000][1][gc           ] GC(34) Pause Young (Allocation Failure) 52M->25M(123M) 19.606ms
[2020-03-27T04:54:52.828+0000][1][gc,cpu       ] GC(34) User=0.03s Sys=0.01s Real=0.02s
[2020-03-27T04:54:52.828+0000][1][safepoint    ] Safepoint "GenCollectForAllocation", Time since last: 273788129 ns, Reaching safepoint: 258900 ns, At safepoint: 20455395 ns, Total: 20714295 ns
[2020-03-27T04:54:52.986+0000][1][gc,start     ] GC(35) Pause Young (Allocation Failure)
[2020-03-27T04:54:52.986+0000][1][gc,task      ] GC(35) Using 2 workers of 2 for evacuation
[2020-03-27T04:54:53.000+0000][1][gc,age       ] GC(35) Desired survivor size 2228224 bytes, new threshold 1 (max threshold 6)
[2020-03-27T04:54:53.001+0000][1][gc,age       ] GC(35) Age table with threshold 1 (max threshold 6)
[2020-03-27T04:54:53.011+0000][1][gc,age       ] GC(35) - age   1:    4456336 bytes,    4456336 total
[2020-03-27T04:54:53.012+0000][1][gc,heap      ] GC(35) ParNew: 39296K->4352K(39296K)
[2020-03-27T04:54:53.012+0000][1][gc,heap      ] GC(35) CMS: 21537K->26704K(87424K)
[2020-03-27T04:54:53.012+0000][1][gc,metaspace ] GC(35) Metaspace: 27822K->27822K(1075200K)
[2020-03-27T04:54:53.013+0000][1][gc           ] GC(35) Pause Young (Allocation Failure) 59M->30M(123M) 27.292ms
[2020-03-27T04:54:53.013+0000][1][gc,cpu       ] GC(35) User=0.04s Sys=0.00s Real=0.02s
[2020-03-27T04:54:53.014+0000][1][safepoint    ] Safepoint "GenCollectForAllocation", Time since last: 157445159 ns, Reaching safepoint: 103700 ns, At safepoint: 28215393 ns, Total: 28319093 ns
[2020-03-27T04:54:53.162+0000][1][gc,start     ] GC(36) Pause Young (Allocation Failure)
[2020-03-27T04:54:53.162+0000][1][gc,task      ] GC(36) Using 2 workers of 2 for evacuation
[2020-03-27T04:54:53.170+0000][1][gc,age       ] GC(36) Desired survivor size 2228224 bytes, new threshold 1 (max threshold 6)
[2020-03-27T04:54:53.173+0000][1][gc,age       ] GC(36) Age table with threshold 1 (max threshold 6)
[2020-03-27T04:54:53.174+0000][1][gc,age       ] GC(36) - age   1:    4429584 bytes,    4429584 total
[2020-03-27T04:54:53.174+0000][1][gc,heap      ] GC(36) ParNew: 39296K->4352K(39296K)
[2020-03-27T04:54:53.189+0000][1][gc,heap      ] GC(36) CMS: 26704K->30726K(87424K)
[2020-03-27T04:54:53.189+0000][1][gc,metaspace ] GC(36) Metaspace: 27837K->27837K(1075200K)
[2020-03-27T04:54:53.189+0000][1][gc           ] GC(36) Pause Young (Allocation Failure) 64M->34M(123M) 27.609ms
[2020-03-27T04:54:53.190+0000][1][gc,cpu       ] GC(36) User=0.03s Sys=0.00s Real=0.03s
[2020-03-27T04:54:53.190+0000][1][safepoint    ] Safepoint "GenCollectForAllocation", Time since last: 147703161 ns, Reaching safepoint: 137600 ns, At safepoint: 28414093 ns, Total: 28551693 ns
[2020-03-27T04:54:53.326+0000][1][gc,start     ] GC(37) Pause Young (Allocation Failure)
[2020-03-27T04:54:53.327+0000][1][gc,task      ] GC(37) Using 2 workers of 2 for evacuation
[2020-03-27T04:54:53.335+0000][1][gc,age       ] GC(37) Desired survivor size 2228224 bytes, new threshold 1 (max threshold 6)
[2020-03-27T04:54:53.335+0000][1][gc,age       ] GC(37) Age table with threshold 1 (max threshold 6)
[2020-03-27T04:54:53.342+0000][1][gc,age       ] GC(37) - age   1:    4128288 bytes,    4128288 total
[2020-03-27T04:54:53.343+0000][1][gc,heap      ] GC(37) ParNew: 39296K->4352K(39296K)
[2020-03-27T04:54:53.343+0000][1][gc,heap      ] GC(37) CMS: 30726K->34901K(87424K)
[2020-03-27T04:54:53.344+0000][1][gc,metaspace ] GC(37) Metaspace: 27865K->27865K(1075200K)
[2020-03-27T04:54:53.344+0000][1][gc           ] GC(37) Pause Young (Allocation Failure) 68M->38M(123M) 17.767ms
[2020-03-27T04:54:53.345+0000][1][gc,cpu       ] GC(37) User=0.01s Sys=0.00s Real=0.01s
[2020-03-27T04:54:53.345+0000][1][safepoint    ] Safepoint "GenCollectForAllocation", Time since last: 136090765 ns, Reaching safepoint: 142600 ns, At safepoint: 18796695 ns, Total: 18939295 ns
[2020-03-27T04:54:53.469+0000][1][gc,start     ] GC(38) Pause Young (Allocation Failure)
[2020-03-27T04:54:53.470+0000][1][gc,task      ] GC(38) Using 2 workers of 2 for evacuation
[2020-03-27T04:54:53.479+0000][1][gc,age       ] GC(38) Desired survivor size 2228224 bytes, new threshold 1 (max threshold 6)
[2020-03-27T04:54:53.479+0000][1][gc,age       ] GC(38) Age table with threshold 1 (max threshold 6)
[2020-03-27T04:54:53.480+0000][1][gc,age       ] GC(38) - age   1:    4424688 bytes,    4424688 total
[2020-03-27T04:54:53.480+0000][1][gc,heap      ] GC(38) ParNew: 39296K->4352K(39296K)
[2020-03-27T04:54:53.481+0000][1][gc,heap      ] GC(38) CMS: 34901K->38849K(87424K)
[2020-03-27T04:54:53.481+0000][1][gc,metaspace ] GC(38) Metaspace: 27865K->27865K(1075200K)
[2020-03-27T04:54:53.482+0000][1][gc           ] GC(38) Pause Young (Allocation Failure) 72M->42M(123M) 12.627ms
[2020-03-27T04:54:53.482+0000][1][gc,cpu       ] GC(38) User=0.01s Sys=0.00s Real=0.01s
[2020-03-27T04:54:53.483+0000][1][safepoint    ] Safepoint "GenCollectForAllocation", Time since last: 123716868 ns, Reaching safepoint: 125700 ns, At safepoint: 13656197 ns, Total: 13781897 ns
[2020-03-27T04:54:53.554+0000][1][safepoint    ] Safepoint "RevokeBias", Time since last: 71284581 ns, Reaching safepoint: 112700 ns, At safepoint: 23200 ns, Total: 135900 ns
[2020-03-27T04:54:53.646+0000][1][gc,start     ] GC(39) Pause Young (Allocation Failure)
[2020-03-27T04:54:53.647+0000][1][gc,task      ] GC(39) Using 2 workers of 2 for evacuation
[2020-03-27T04:54:53.654+0000][1][gc,age       ] GC(39) Desired survivor size 2228224 bytes, new threshold 1 (max threshold 6)
[2020-03-27T04:54:53.655+0000][1][gc,age       ] GC(39) Age table with threshold 1 (max threshold 6)
[2020-03-27T04:54:53.662+0000][1][gc,age       ] GC(39) - age   1:    2643464 bytes,    2643464 total
[2020-03-27T04:54:53.663+0000][1][gc,heap      ] GC(39) ParNew: 39296K->4352K(39296K)
[2020-03-27T04:54:53.663+0000][1][gc,heap      ] GC(39) CMS: 38849K->43036K(87424K)
[2020-03-27T04:54:53.664+0000][1][gc,metaspace ] GC(39) Metaspace: 30538K->30538K(1077248K)
[2020-03-27T04:54:53.664+0000][1][gc           ] GC(39) Pause Young (Allocation Failure) 76M->46M(123M) 17.902ms
[2020-03-27T04:54:53.665+0000][1][gc,cpu       ] GC(39) User=0.03s Sys=0.00s Real=0.01s
[2020-03-27T04:54:53.665+0000][1][safepoint    ] Safepoint "GenCollectForAllocation", Time since last: 92202476 ns, Reaching safepoint: 115400 ns, At safepoint: 18812695 ns, Total: 18928095 ns
[2020-03-27T04:54:53.782+0000][1][gc,start     ] GC(40) Pause Young (Allocation Failure)
[2020-03-27T04:54:53.782+0000][1][gc,task      ] GC(40) Using 2 workers of 2 for evacuation
[2020-03-27T04:54:53.787+0000][1][gc,age       ] GC(40) Desired survivor size 2228224 bytes, new threshold 6 (max threshold 6)
[2020-03-27T04:54:53.788+0000][1][gc,age       ] GC(40) Age table with threshold 6 (max threshold 6)
[2020-03-27T04:54:53.788+0000][1][gc,age       ] GC(40) - age   1:    1110128 bytes,    1110128 total
[2020-03-27T04:54:53.789+0000][1][gc,heap      ] GC(40) ParNew: 39296K->2034K(39296K)
[2020-03-27T04:54:53.789+0000][1][gc,heap      ] GC(40) CMS: 43036K->45619K(87424K)
[2020-03-27T04:54:53.789+0000][1][gc,metaspace ] GC(40) Metaspace: 33279K->33279K(1081344K)
[2020-03-27T04:54:53.790+0000][1][gc           ] GC(40) Pause Young (Allocation Failure) 80M->46M(123M) 8.320ms
[2020-03-27T04:54:53.790+0000][1][gc,cpu       ] GC(40) User=0.02s Sys=0.00s Real=0.01s
[2020-03-27T04:54:53.791+0000][1][safepoint    ] Safepoint "GenCollectForAllocation", Time since last: 116291270 ns, Reaching safepoint: 111600 ns, At safepoint: 9062898 ns, Total: 9174498 ns
[2020-03-27T04:54:53.812+0000][1][gc,start     ] GC(41) Pause Young (Allocation Failure)
[2020-03-27T04:54:53.812+0000][1][gc,task      ] GC(41) Using 2 workers of 2 for evacuation
[2020-03-27T04:54:53.814+0000][1][gc,age       ] GC(41) Desired survivor size 2228224 bytes, new threshold 6 (max threshold 6)
[2020-03-27T04:54:53.815+0000][1][gc,age       ] GC(41) Age table with threshold 6 (max threshold 6)
[2020-03-27T04:54:53.815+0000][1][gc,age       ] GC(41) - age   1:      33560 bytes,      33560 total
[2020-03-27T04:54:53.815+0000][1][gc,age       ] GC(41) - age   2:    1097488 bytes,    1131048 total
[2020-03-27T04:54:53.816+0000][1][gc,heap      ] GC(41) ParNew: 36978K->1830K(39296K)
[2020-03-27T04:54:53.816+0000][1][gc,heap      ] GC(41) CMS: 45619K->45619K(87424K)
[2020-03-27T04:54:53.817+0000][1][gc,metaspace ] GC(41) Metaspace: 33279K->33279K(1081344K)
[2020-03-27T04:54:53.817+0000][1][gc           ] GC(41) Pause Young (Allocation Failure) 80M->46M(123M) 5.294ms
[2020-03-27T04:54:53.817+0000][1][gc,cpu       ] GC(41) User=0.00s Sys=0.00s Real=0.01s
[2020-03-27T04:54:53.818+0000][1][safepoint    ] Safepoint "GenCollectForAllocation", Time since last: 20978495 ns, Reaching safepoint: 114400 ns, At safepoint: 6037798 ns, Total: 6152198 ns
[2020-03-27T04:54:53.838+0000][1][gc,start     ] GC(42) Pause Young (Allocation Failure)
[2020-03-27T04:54:53.839+0000][1][gc,task      ] GC(42) Using 2 workers of 2 for evacuation
[2020-03-27T04:54:53.841+0000][1][gc,age       ] GC(42) Desired survivor size 2228224 bytes, new threshold 6 (max threshold 6)
[2020-03-27T04:54:53.841+0000][1][gc,age       ] GC(42) Age table with threshold 6 (max threshold 6)
[2020-03-27T04:54:53.841+0000][1][gc,age       ] GC(42) - age   1:      21048 bytes,      21048 total
[2020-03-27T04:54:53.842+0000][1][gc,age       ] GC(42) - age   2:      31376 bytes,      52424 total
[2020-03-27T04:54:53.842+0000][1][gc,age       ] GC(42) - age   3:    1097640 bytes,    1150064 total
[2020-03-27T04:54:53.843+0000][1][gc,heap      ] GC(42) ParNew: 36774K->1585K(39296K)
[2020-03-27T04:54:53.843+0000][1][gc,heap      ] GC(42) CMS: 45619K->45619K(87424K)
[2020-03-27T04:54:53.844+0000][1][gc,metaspace ] GC(42) Metaspace: 33279K->33279K(1081344K)
[2020-03-27T04:54:53.844+0000][1][gc           ] GC(42) Pause Young (Allocation Failure) 80M->46M(123M) 6.019ms
[2020-03-27T04:54:53.845+0000][1][gc,cpu       ] GC(42) User=0.00s Sys=0.00s Real=0.00s
[2020-03-27T04:54:53.845+0000][1][safepoint    ] Safepoint "GenCollectForAllocation", Time since last: 20227895 ns, Reaching safepoint: 95500 ns, At safepoint: 6805398 ns, Total: 6900898 ns
[2020-03-27T04:54:53.939+0000][1][safepoint    ] Safepoint "CollectForMetadataAllocation", Time since last: 93438676 ns, Reaching safepoint: 120400 ns, At safepoint: 122900 ns, Total: 243300 ns
[2020-03-27T04:54:53.965+0000][1][safepoint    ] Safepoint "CollectForMetadataAllocation", Time since last: 26203793 ns, Reaching safepoint: 16200 ns, At safepoint: 78500 ns, Total: 94700 ns
[2020-03-27T04:54:53.982+0000][1][gc,start     ] GC(43) Pause Young (Allocation Failure)
[2020-03-27T04:54:53.982+0000][1][gc,task      ] GC(43) Using 2 workers of 2 for evacuation
[2020-03-27T04:54:53.989+0000][1][gc,age       ] GC(43) Desired survivor size 2228224 bytes, new threshold 4 (max threshold 6)
[2020-03-27T04:54:53.989+0000][1][gc,age       ] GC(43) Age table with threshold 4 (max threshold 6)
[2020-03-27T04:54:53.990+0000][1][gc,age       ] GC(43) - age   1:    1760704 bytes,    1760704 total
[2020-03-27T04:54:53.990+0000][1][gc,age       ] GC(43) - age   2:      20816 bytes,    1781520 total
[2020-03-27T04:54:53.990+0000][1][gc,age       ] GC(43) - age   3:      31376 bytes,    1812896 total
[2020-03-27T04:54:53.991+0000][1][gc,age       ] GC(43) - age   4:    1053312 bytes,    2866208 total
[2020-03-27T04:54:53.991+0000][1][gc,heap      ] GC(43) ParNew: 36529K->3317K(39296K)
[2020-03-27T04:54:53.991+0000][1][gc,heap      ] GC(43) CMS: 45619K->45619K(87424K)
[2020-03-27T04:54:53.991+0000][1][gc,metaspace ] GC(43) Metaspace: 34183K->34183K(1081344K)
[2020-03-27T04:54:53.992+0000][1][gc           ] GC(43) Pause Young (Allocation Failure) 80M->47M(123M) 10.171ms
[2020-03-27T04:54:53.992+0000][1][gc,cpu       ] GC(43) User=0.01s Sys=0.00s Real=0.01s
[2020-03-27T04:54:53.992+0000][1][safepoint    ] Safepoint "GenCollectForAllocation", Time since last: 16752396 ns, Reaching safepoint: 24400 ns, At safepoint: 10804997 ns, Total: 10829397 ns
[2020-03-27T04:54:53.993+0000][1][gc,start     ] GC(44) Pause Initial Mark
[2020-03-27T04:54:53.995+0000][1][gc           ] GC(44) Pause Initial Mark 48M->48M(123M) 2.250ms
[2020-03-27T04:54:53.995+0000][1][gc,cpu       ] GC(44) User=0.01s Sys=0.00s Real=0.00s
[2020-03-27T04:54:53.996+0000][1][safepoint    ] Safepoint "CMS_Initial_Mark", Time since last: 370200 ns, Reaching safepoint: 32200 ns, At safepoint: 2743799 ns, Total: 2775999 ns
[2020-03-27T04:54:53.996+0000][1][gc           ] GC(44) Concurrent Mark
[2020-03-27T04:54:54.009+0000][1][safepoint    ] Safepoint "CollectForMetadataAllocation", Time since last: 12825897 ns, Reaching safepoint: 18100 ns, At safepoint: 70200 ns, Total: 88300 ns
[2020-03-27T04:54:54.039+0000][1][gc           ] GC(44) Concurrent Mark 43.175ms
[2020-03-27T04:54:54.039+0000][1][gc,cpu       ] GC(44) User=0.08s Sys=0.00s Real=0.04s
[2020-03-27T04:54:54.040+0000][1][safepoint    ] Safepoint "CollectForMetadataAllocation", Time since last: 31197492 ns, Reaching safepoint: 152300 ns, At safepoint: 41100 ns, Total: 193400 ns
[2020-03-27T04:54:54.040+0000][1][gc           ] GC(44) Concurrent Preclean
[2020-03-27T04:54:54.041+0000][1][gc           ] GC(44) Concurrent Preclean 1.227ms
[2020-03-27T04:54:54.042+0000][1][gc,cpu       ] GC(44) User=0.00s Sys=0.00s Real=0.00s
[2020-03-27T04:54:54.042+0000][1][gc           ] GC(44) Concurrent Abortable Preclean
[2020-03-27T04:54:54.067+0000][1][safepoint    ] Safepoint "CollectForMetadataAllocation", Time since last: 26755393 ns, Reaching safepoint: 95200 ns, At safepoint: 75800 ns, Total: 171000 ns
[2020-03-27T04:54:54.081+0000][1][safepoint    ] Safepoint "CollectForMetadataAllocation", Time since last: 13629696 ns, Reaching safepoint: 60500 ns, At safepoint: 84200 ns, Total: 144700 ns
[2020-03-27T04:54:54.095+0000][1][safepoint    ] Safepoint "CollectForMetadataAllocation", Time since last: 14699796 ns, Reaching safepoint: 95100 ns, At safepoint: 81400 ns, Total: 176500 ns
[2020-03-27T04:54:54.110+0000][1][safepoint    ] Safepoint "CollectForMetadataAllocation", Time since last: 14651297 ns, Reaching safepoint: 16100 ns, At safepoint: 74600 ns, Total: 90700 ns
[2020-03-27T04:54:54.135+0000][1][safepoint    ] Safepoint "CollectForMetadataAllocation", Time since last: 24875493 ns, Reaching safepoint: 94600 ns, At safepoint: 83100 ns, Total: 177700 ns
[2020-03-27T04:54:54.147+0000][1][safepoint    ] Safepoint "CollectForMetadataAllocation", Time since last: 10229497 ns, Reaching safepoint: 1031400 ns, At safepoint: 82700 ns, Total: 1114100 ns
[2020-03-27T04:54:54.158+0000][1][safepoint    ] Safepoint "CollectForMetadataAllocation", Time since last: 11582397 ns, Reaching safepoint: 26800 ns, At safepoint: 69000 ns, Total: 95800 ns
[2020-03-27T04:54:54.169+0000][1][safepoint    ] Safepoint "CollectForMetadataAllocation", Time since last: 10459697 ns, Reaching safepoint: 110600 ns, At safepoint: 65600 ns, Total: 176200 ns
[2020-03-27T04:54:54.177+0000][1][safepoint    ] Safepoint "Deoptimize", Time since last: 7413199 ns, Reaching safepoint: 23800 ns, At safepoint: 240599 ns, Total: 264399 ns
[2020-03-27T04:54:54.181+0000][1][safepoint    ] Safepoint "Deoptimize", Time since last: 3815699 ns, Reaching safepoint: 21400 ns, At safepoint: 248900 ns, Total: 270300 ns
[2020-03-27T04:54:54.183+0000][1][safepoint    ] Safepoint "CollectForMetadataAllocation", Time since last: 2649100 ns, Reaching safepoint: 19700 ns, At safepoint: 63000 ns, Total: 82700 ns
[2020-03-27T04:54:54.193+0000][1][safepoint    ] Safepoint "CollectForMetadataAllocation", Time since last: 9721597 ns, Reaching safepoint: 100000 ns, At safepoint: 83900 ns, Total: 183900 ns
[2020-03-27T04:54:54.200+0000][1][safepoint    ] Safepoint "Deoptimize", Time since last: 6562198 ns, Reaching safepoint: 15900 ns, At safepoint: 283500 ns, Total: 299400 ns
[2020-03-27T04:54:54.203+0000][1][safepoint    ] Safepoint "RevokeBias", Time since last: 3040500 ns, Reaching safepoint: 15000 ns, At safepoint: 42600 ns, Total: 57600 ns
[2020-03-27T04:54:54.203+0000][1][gc           ] GC(44) Concurrent Abortable Preclean 161.403ms
[2020-03-27T04:54:54.204+0000][1][gc,cpu       ] GC(44) User=0.29s Sys=0.01s Real=0.16s
[2020-03-27T04:54:54.205+0000][1][gc,start     ] GC(44) Pause Remark
[2020-03-27T04:54:54.213+0000][1][gc           ] GC(44) Pause Remark 64M->64M(123M) 8.169ms
[2020-03-27T04:54:54.213+0000][1][gc,cpu       ] GC(44) User=0.01s Sys=0.00s Real=0.01s
[2020-03-27T04:54:54.214+0000][1][safepoint    ] Safepoint "CMS_Final_Remark", Time since last: 1316899 ns, Reaching safepoint: 200800 ns, At safepoint: 9060998 ns, Total: 9261798 ns
[2020-03-27T04:54:54.214+0000][1][gc           ] GC(44) Concurrent Sweep
[2020-03-27T04:54:54.224+0000][1][safepoint    ] Safepoint "CollectForMetadataAllocation", Time since last: 9653497 ns, Reaching safepoint: 347700 ns, At safepoint: 19600 ns, Total: 367300 ns
[2020-03-27T04:54:54.225+0000][1][safepoint    ] Safepoint "RevokeBias", Time since last: 464400 ns, Reaching safepoint: 306100 ns, At safepoint: 34900 ns, Total: 341000 ns
[2020-03-27T04:54:54.226+0000][1][gc           ] GC(44) Concurrent Sweep 11.813ms
[2020-03-27T04:54:54.226+0000][1][gc,cpu       ] GC(44) User=0.02s Sys=0.01s Real=0.02s
[2020-03-27T04:54:54.227+0000][1][gc           ] GC(44) Concurrent Reset
[2020-03-27T04:54:54.228+0000][1][gc           ] GC(44) Concurrent Reset 0.995ms
[2020-03-27T04:54:54.228+0000][1][gc,cpu       ] GC(44) User=0.00s Sys=0.00s Real=0.00s
[2020-03-27T04:54:54.229+0000][1][gc,heap      ] GC(44) Old: 45619K->44458K(87424K)
[2020-03-27T04:54:54.329+0000][1][gc,start     ] GC(45) Pause Young (Allocation Failure)
[2020-03-27T04:54:54.330+0000][1][gc,task      ] GC(45) Using 2 workers of 2 for evacuation
[2020-03-27T04:54:54.335+0000][1][gc,age       ] GC(45) Desired survivor size 2228224 bytes, new threshold 2 (max threshold 6)
[2020-03-27T04:54:54.336+0000][1][gc,age       ] GC(45) Age table with threshold 2 (max threshold 6)
[2020-03-27T04:54:54.336+0000][1][gc,age       ] GC(45) - age   1:    1273896 bytes,    1273896 total
[2020-03-27T04:54:54.336+0000][1][gc,age       ] GC(45) - age   2:    1750040 bytes,    3023936 total
[2020-03-27T04:54:54.337+0000][1][gc,age       ] GC(45) - age   3:      20816 bytes,    3044752 total
[2020-03-27T04:54:54.337+0000][1][gc,age       ] GC(45) - age   4:      31376 bytes,    3076128 total
[2020-03-27T04:54:54.338+0000][1][gc,heap      ] GC(45) ParNew: 38261K->3563K(39296K)
[2020-03-27T04:54:54.338+0000][1][gc,heap      ] GC(45) CMS: 44458K->45505K(87424K)
[2020-03-27T04:54:54.339+0000][1][gc,metaspace ] GC(45) Metaspace: 40653K->40653K(1087488K)
[2020-03-27T04:54:54.339+0000][1][gc           ] GC(45) Pause Young (Allocation Failure) 80M->47M(123M) 9.789ms
[2020-03-27T04:54:54.339+0000][1][gc,cpu       ] GC(45) User=0.01s Sys=0.00s Real=0.01s
[2020-03-27T04:54:54.339+0000][1][safepoint    ] Safepoint "GenCollectForAllocation", Time since last: 104136473 ns, Reaching safepoint: 104800 ns, At safepoint: 10495297 ns, Total: 10600097 ns
[2020-03-27T04:54:54.476+0000][1][safepoint    ] Safepoint "RevokeBias", Time since last: 136477365 ns, Reaching safepoint: 123200 ns, At safepoint: 28200 ns, Total: 151400 ns
[2020-03-27T04:54:54.477+0000][1][safepoint    ] Safepoint "RevokeBias", Time since last: 662700 ns, Reaching safepoint: 92700 ns, At safepoint: 17500 ns, Total: 110200 ns
[2020-03-27T04:54:54.477+0000][1][safepoint    ] Safepoint "RevokeBias", Time since last: 415300 ns, Reaching safepoint: 55000 ns, At safepoint: 13700 ns, Total: 68700 ns
[2020-03-27T04:54:54.525+0000][1][safepoint    ] Safepoint "Deoptimize", Time since last: 47305388 ns, Reaching safepoint: 109000 ns, At safepoint: 266300 ns, Total: 375300 ns
[2020-03-27T04:54:54.530+0000][1][safepoint    ] Safepoint "Deoptimize", Time since last: 4276298 ns, Reaching safepoint: 52200 ns, At safepoint: 345300 ns, Total: 397500 ns
[2020-03-27T04:54:54.594+0000][1][gc,start     ] GC(46) Pause Young (Allocation Failure)
[2020-03-27T04:54:54.594+0000][1][gc,task      ] GC(46) Using 2 workers of 2 for evacuation
[2020-03-27T04:54:54.602+0000][1][gc,age       ] GC(46) Desired survivor size 2228224 bytes, new threshold 1 (max threshold 6)
[2020-03-27T04:54:54.602+0000][1][gc,age       ] GC(46) Age table with threshold 1 (max threshold 6)
[2020-03-27T04:54:54.610+0000][1][gc,age       ] GC(46) - age   1:    2468064 bytes,    2468064 total
[2020-03-27T04:54:54.610+0000][1][gc,age       ] GC(46) - age   2:    1210760 bytes,    3678824 total
[2020-03-27T04:54:54.611+0000][1][gc,heap      ] GC(46) ParNew: 38507K->4277K(39296K)
[2020-03-27T04:54:54.611+0000][1][gc,heap      ] GC(46) CMS: 45505K->47318K(87424K)
[2020-03-27T04:54:54.612+0000][1][gc,metaspace ] GC(46) Metaspace: 45952K->45952K(1091584K)
[2020-03-27T04:54:54.612+0000][1][gc           ] GC(46) Pause Young (Allocation Failure) 82M->50M(123M) 18.337ms
[2020-03-27T04:54:54.613+0000][1][gc,cpu       ] GC(46) User=0.01s Sys=0.00s Real=0.02s
[2020-03-27T04:54:54.613+0000][1][safepoint    ] Safepoint "GenCollectForAllocation", Time since last: 63850184 ns, Reaching safepoint: 113800 ns, At safepoint: 19400795 ns, Total: 19514595 ns
[2020-03-27T04:54:54.615+0000][1][safepoint    ] Safepoint "RevokeBias", Time since last: 1529999 ns, Reaching safepoint: 133500 ns, At safepoint: 37200 ns, Total: 170700 ns
[2020-03-27T04:54:54.615+0000][1][safepoint    ] Safepoint "RevokeBias", Time since last: 310000 ns, Reaching safepoint: 115200 ns, At safepoint: 51400 ns, Total: 166600 ns
[2020-03-27T04:54:54.616+0000][1][safepoint    ] Safepoint "RevokeBias", Time since last: 344800 ns, Reaching safepoint: 127000 ns, At safepoint: 48100 ns, Total: 175100 ns
[2020-03-27T04:54:54.616+0000][1][safepoint    ] Safepoint "RevokeBias", Time since last: 306200 ns, Reaching safepoint: 153800 ns, At safepoint: 39500 ns, Total: 193300 ns
[2020-03-27T04:54:54.617+0000][1][safepoint    ] Safepoint "RevokeBias", Time since last: 306400 ns, Reaching safepoint: 113800 ns, At safepoint: 36400 ns, Total: 150200 ns
[2020-03-27T04:54:54.617+0000][1][safepoint    ] Safepoint "RevokeBias", Time since last: 337200 ns, Reaching safepoint: 165800 ns, At safepoint: 34500 ns, Total: 200300 ns
[2020-03-27T04:54:54.618+0000][1][safepoint    ] Safepoint "RevokeBias", Time since last: 624800 ns, Reaching safepoint: 94200 ns, At safepoint: 25400 ns, Total: 119600 ns
[2020-03-27T04:54:54.618+0000][1][safepoint    ] Safepoint "RevokeBias", Time since last: 304399 ns, Reaching safepoint: 107200 ns, At safepoint: 35300 ns, Total: 142500 ns
[2020-03-27T04:54:54.619+0000][1][safepoint    ] Safepoint "RevokeBias", Time since last: 283600 ns, Reaching safepoint: 93000 ns, At safepoint: 29600 ns, Total: 122600 ns
[2020-03-27T04:54:54.619+0000][1][safepoint    ] Safepoint "RevokeBias", Time since last: 431400 ns, Reaching safepoint: 126900 ns, At safepoint: 34200 ns, Total: 161100 ns
[2020-03-27T04:54:54.620+0000][1][safepoint    ] Safepoint "RevokeBias", Time since last: 316600 ns, Reaching safepoint: 98500 ns, At safepoint: 29800 ns, Total: 128300 ns
[2020-03-27T04:54:54.620+0000][1][safepoint    ] Safepoint "RevokeBias", Time since last: 280100 ns, Reaching safepoint: 81200 ns, At safepoint: 20600 ns, Total: 101800 ns
[2020-03-27T04:54:54.621+0000][1][safepoint    ] Safepoint "RevokeBias", Time since last: 208700 ns, Reaching safepoint: 66100 ns, At safepoint: 19900 ns, Total: 86000 ns
[2020-03-27T04:54:54.621+0000][1][safepoint    ] Safepoint "BulkRevokeBias", Time since last: 271700 ns, Reaching safepoint: 66600 ns, At safepoint: 52100 ns, Total: 118700 ns
[2020-03-27T04:54:54.927+0000][1][safepoint    ] Safepoint "RevokeBias", Time since last: 306002721 ns, Reaching safepoint: 50300 ns, At safepoint: 21900 ns, Total: 72200 ns
[2020-03-27T04:54:55.029+0000][1][gc,start     ] GC(47) Pause Young (Allocation Failure)
[2020-03-27T04:54:55.029+0000][1][gc,task      ] GC(47) Using 2 workers of 2 for evacuation
[2020-03-27T04:54:55.036+0000][1][gc,age       ] GC(47) Desired survivor size 2228224 bytes, new threshold 6 (max threshold 6)
[2020-03-27T04:54:55.037+0000][1][gc,age       ] GC(47) Age table with threshold 6 (max threshold 6)
[2020-03-27T04:54:55.040+0000][1][gc,age       ] GC(47) - age   1:    1521096 bytes,    1521096 total
[2020-03-27T04:54:55.042+0000][1][gc,heap      ] GC(47) ParNew: 39221K->3400K(39296K)
[2020-03-27T04:54:55.043+0000][1][gc,heap      ] GC(47) CMS: 47318K->50952K(87424K)
[2020-03-27T04:54:55.044+0000][1][gc,metaspace ] GC(47) Metaspace: 47590K->47590K(1093632K)
[2020-03-27T04:54:55.045+0000][1][gc           ] GC(47) Pause Young (Allocation Failure) 84M->53M(123M) 15.951ms
[2020-03-27T04:54:55.046+0000][1][gc,cpu       ] GC(47) User=0.02s Sys=0.00s Real=0.02s
[2020-03-27T04:54:55.046+0000][1][safepoint    ] Safepoint "GenCollectForAllocation", Time since last: 101685973 ns, Reaching safepoint: 140100 ns, At safepoint: 17627496 ns, Total: 17767596 ns
[2020-03-27T04:54:55.049+0000][1][safepoint    ] Safepoint "RevokeBias", Time since last: 2318799 ns, Reaching safepoint: 149000 ns, At safepoint: 56200 ns, Total: 205200 ns
[2020-03-27T04:54:55.050+0000][1][safepoint    ] Safepoint "RevokeBias", Time since last: 577900 ns, Reaching safepoint: 134600 ns, At safepoint: 63800 ns, Total: 198400 ns
[2020-03-27T04:54:55.050+0000][1][safepoint    ] Safepoint "RevokeBias", Time since last: 468200 ns, Reaching safepoint: 168000 ns, At safepoint: 59900 ns, Total: 227900 ns
[2020-03-27T04:54:55.051+0000][1][safepoint    ] Safepoint "RevokeBias", Time since last: 607100 ns, Reaching safepoint: 129100 ns, At safepoint: 40700 ns, Total: 169800 ns
[2020-03-27T04:54:55.052+0000][1][safepoint    ] Safepoint "RevokeBias", Time since last: 703899 ns, Reaching safepoint: 23000 ns, At safepoint: 60400 ns, Total: 83400 ns
[2020-03-27T04:54:55.053+0000][1][safepoint    ] Safepoint "RevokeBias", Time since last: 585400 ns, Reaching safepoint: 340200 ns, At safepoint: 20200 ns, Total: 360400 ns
[2020-03-27T04:54:55.053+0000][1][safepoint    ] Safepoint "RevokeBias", Time since last: 348900 ns, Reaching safepoint: 78200 ns, At safepoint: 67800 ns, Total: 146000 ns
[2020-03-27T04:54:55.054+0000][1][safepoint    ] Safepoint "RevokeBias", Time since last: 418300 ns, Reaching safepoint: 206500 ns, At safepoint: 102200 ns, Total: 308700 ns
[2020-03-27T04:54:55.055+0000][1][safepoint    ] Safepoint "RevokeBias", Time since last: 250000 ns, Reaching safepoint: 200800 ns, At safepoint: 17600 ns, Total: 218400 ns
[2020-03-27T04:54:55.055+0000][1][safepoint    ] Safepoint "RevokeBias", Time since last: 319400 ns, Reaching safepoint: 141200 ns, At safepoint: 33400 ns, Total: 174600 ns
[2020-03-27T04:54:55.056+0000][1][safepoint    ] Safepoint "RevokeBias", Time since last: 318400 ns, Reaching safepoint: 76200 ns, At safepoint: 30500 ns, Total: 106700 ns
[2020-03-27T04:54:55.056+0000][1][safepoint    ] Safepoint "RevokeBias", Time since last: 277299 ns, Reaching safepoint: 84500 ns, At safepoint: 26600 ns, Total: 111100 ns
[2020-03-27T04:54:55.056+0000][1][safepoint    ] Safepoint "RevokeBias", Time since last: 337000 ns, Reaching safepoint: 91400 ns, At safepoint: 36600 ns, Total: 128000 ns
[2020-03-27T04:54:55.057+0000][1][safepoint    ] Safepoint "RevokeBias", Time since last: 222000 ns, Reaching safepoint: 99100 ns, At safepoint: 28600 ns, Total: 127700 ns
[2020-03-27T04:54:55.110+0000][1][safepoint    ] Safepoint "RevokeBias", Time since last: 52837587 ns, Reaching safepoint: 33400 ns, At safepoint: 32200 ns, Total: 65600 ns
[2020-03-27T04:54:55.113+0000][1][safepoint    ] Safepoint "RevokeBias", Time since last: 3349399 ns, Reaching safepoint: 14200 ns, At safepoint: 16700 ns, Total: 30900 ns
[2020-03-27T04:54:55.202+0000][1][safepoint    ] Safepoint "RevokeBias", Time since last: 88285777 ns, Reaching safepoint: 370700 ns, At safepoint: 18400 ns, Total: 389100 ns
[2020-03-27T04:54:55.203+0000][1][safepoint    ] Safepoint "RevokeBias", Time since last: 581200 ns, Reaching safepoint: 113100 ns, At safepoint: 102100 ns, Total: 215200 ns
[2020-03-27T04:54:55.203+0000][1][safepoint    ] Safepoint "RevokeBias", Time since last: 626899 ns, Reaching safepoint: 92700 ns, At safepoint: 20400 ns, Total: 113100 ns
[2020-03-27T04:54:55.204+0000][1][safepoint    ] Safepoint "RevokeBias", Time since last: 317200 ns, Reaching safepoint: 138200 ns, At safepoint: 37400 ns, Total: 175600 ns
[2020-03-27T04:54:55.251+0000][1][gc,start     ] GC(48) Pause Young (Allocation Failure)
[2020-03-27T04:54:55.252+0000][1][gc,task      ] GC(48) Using 2 workers of 2 for evacuation
[2020-03-27T04:54:55.256+0000][1][gc,age       ] GC(48) Desired survivor size 2228224 bytes, new threshold 2 (max threshold 6)
[2020-03-27T04:54:55.256+0000][1][gc,age       ] GC(48) Age table with threshold 2 (max threshold 6)
[2020-03-27T04:54:55.257+0000][1][gc,age       ] GC(48) - age   1:    1709696 bytes,    1709696 total
[2020-03-27T04:54:55.257+0000][1][gc,age       ] GC(48) - age   2:    1507904 bytes,    3217600 total
[2020-03-27T04:54:55.258+0000][1][gc,heap      ] GC(48) ParNew: 38344K->4221K(39296K)
[2020-03-27T04:54:55.258+0000][1][gc,heap      ] GC(48) CMS: 50952K->50952K(87424K)
[2020-03-27T04:54:55.258+0000][1][gc,metaspace ] GC(48) Metaspace: 50729K->50729K(1095680K)
[2020-03-27T04:54:55.259+0000][1][gc           ] GC(48) Pause Young (Allocation Failure) 87M->53M(123M) 7.348ms
[2020-03-27T04:54:55.259+0000][1][gc,cpu       ] GC(48) User=0.01s Sys=0.00s Real=0.01s
[2020-03-27T04:54:55.259+0000][1][safepoint    ] Safepoint "GenCollectForAllocation", Time since last: 47345288 ns, Reaching safepoint: 105000 ns, At safepoint: 8053898 ns, Total: 8158898 ns
[2020-03-27T04:54:55.260+0000][1][safepoint    ] Safepoint "RevokeBias", Time since last: 620500 ns, Reaching safepoint: 134200 ns, At safepoint: 27300 ns, Total: 161500 ns
[2020-03-27T04:54:55.260+0000][1][safepoint    ] Safepoint "RevokeBias", Time since last: 364100 ns, Reaching safepoint: 38500 ns, At safepoint: 19600 ns, Total: 58100 ns
[2020-03-27T04:54:55.261+0000][1][safepoint    ] Safepoint "RevokeBias", Time since last: 278200 ns, Reaching safepoint: 392299 ns, At safepoint: 17800 ns, Total: 410099 ns
[2020-03-27T04:54:55.261+0000][1][safepoint    ] Safepoint "RevokeBias", Time since last: 204200 ns, Reaching safepoint: 60300 ns, At safepoint: 11300 ns, Total: 71600 ns
[2020-03-27T04:54:55.262+0000][1][safepoint    ] Safepoint "RevokeBias", Time since last: 190000 ns, Reaching safepoint: 82000 ns, At safepoint: 13000 ns, Total: 95000 ns
[2020-03-27T04:54:55.262+0000][1][safepoint    ] Safepoint "RevokeBias", Time since last: 468200 ns, Reaching safepoint: 92900 ns, At safepoint: 25200 ns, Total: 118100 ns
[2020-03-27T04:54:55.263+0000][1][safepoint    ] Safepoint "RevokeBias", Time since last: 517500 ns, Reaching safepoint: 181900 ns, At safepoint: 18600 ns, Total: 200500 ns
[2020-03-27T04:54:55.264+0000][1][safepoint    ] Safepoint "BulkRevokeBias", Time since last: 410400 ns, Reaching safepoint: 95000 ns, At safepoint: 41200 ns, Total: 136200 ns
[2020-03-27T04:54:55.264+0000][1][safepoint    ] Safepoint "RevokeBias", Time since last: 439800 ns, Reaching safepoint: 13100 ns, At safepoint: 33000 ns, Total: 46100 ns
[2020-03-27T04:54:55.264+0000][1][safepoint    ] Safepoint "RevokeBias", Time since last: 196700 ns, Reaching safepoint: 11700 ns, At safepoint: 15500 ns, Total: 27200 ns
[2020-03-27T04:54:55.265+0000][1][safepoint    ] Safepoint "RevokeBias", Time since last: 186400 ns, Reaching safepoint: 352100 ns, At safepoint: 16200 ns, Total: 368300 ns
[2020-03-27T04:54:55.265+0000][1][safepoint    ] Safepoint "RevokeBias", Time since last: 190999 ns, Reaching safepoint: 67700 ns, At safepoint: 19400 ns, Total: 87100 ns
[2020-03-27T04:54:55.265+0000][1][safepoint    ] Safepoint "RevokeBias", Time since last: 172800 ns, Reaching safepoint: 129800 ns, At safepoint: 11900 ns, Total: 141700 ns
[2020-03-27T04:54:55.266+0000][1][safepoint    ] Safepoint "RevokeBias", Time since last: 157200 ns, Reaching safepoint: 251300 ns, At safepoint: 24700 ns, Total: 276000 ns
[2020-03-27T04:54:55.266+0000][1][safepoint    ] Safepoint "RevokeBias", Time since last: 256000 ns, Reaching safepoint: 206000 ns, At safepoint: 30400 ns, Total: 236400 ns
[2020-03-27T04:54:55.267+0000][1][safepoint    ] Safepoint "RevokeBias", Time since last: 237500 ns, Reaching safepoint: 161600 ns, At safepoint: 27200 ns, Total: 188800 ns
[2020-03-27T04:54:55.267+0000][1][safepoint    ] Safepoint "RevokeBias", Time since last: 269000 ns, Reaching safepoint: 92900 ns, At safepoint: 15600 ns, Total: 108500 ns
[2020-03-27T04:54:55.267+0000][1][safepoint    ] Safepoint "RevokeBias", Time since last: 201400 ns, Reaching safepoint: 102000 ns, At safepoint: 18700 ns, Total: 120700 ns
[2020-03-27T04:54:55.268+0000][1][safepoint    ] Safepoint "RevokeBias", Time since last: 201000 ns, Reaching safepoint: 101500 ns, At safepoint: 14500 ns, Total: 116000 ns
[2020-03-27T04:54:55.268+0000][1][safepoint    ] Safepoint "RevokeBias", Time since last: 168200 ns, Reaching safepoint: 96800 ns, At safepoint: 44200 ns, Total: 141000 ns
[2020-03-27T04:54:55.268+0000][1][safepoint    ] Safepoint "RevokeBias", Time since last: 221700 ns, Reaching safepoint: 97500 ns, At safepoint: 23300 ns, Total: 120800 ns
[2020-03-27T04:54:55.269+0000][1][safepoint    ] Safepoint "RevokeBias", Time since last: 176400 ns, Reaching safepoint: 87100 ns, At safepoint: 23400 ns, Total: 110500 ns
[2020-03-27T04:54:55.269+0000][1][safepoint    ] Safepoint "RevokeBias", Time since last: 173599 ns, Reaching safepoint: 94700 ns, At safepoint: 18700 ns, Total: 113400 ns
[2020-03-27T04:54:55.269+0000][1][safepoint    ] Safepoint "RevokeBias", Time since last: 180500 ns, Reaching safepoint: 93600 ns, At safepoint: 23600 ns, Total: 117200 ns
[2020-03-27T04:54:55.270+0000][1][safepoint    ] Safepoint "RevokeBias", Time since last: 195400 ns, Reaching safepoint: 100200 ns, At safepoint: 17900 ns, Total: 118100 ns
[2020-03-27T04:54:55.270+0000][1][safepoint    ] Safepoint "RevokeBias", Time since last: 147900 ns, Reaching safepoint: 90900 ns, At safepoint: 16900 ns, Total: 107800 ns
[2020-03-27T04:54:55.270+0000][1][safepoint    ] Safepoint "RevokeBias", Time since last: 157500 ns, Reaching safepoint: 95000 ns, At safepoint: 25100 ns, Total: 120100 ns
[2020-03-27T04:54:55.271+0000][1][safepoint    ] Safepoint "BulkRevokeBias", Time since last: 163900 ns, Reaching safepoint: 94500 ns, At safepoint: 96600 ns, Total: 191100 ns
[2020-03-27T04:54:55.271+0000][1][safepoint    ] Safepoint "RevokeBias", Time since last: 178700 ns, Reaching safepoint: 11000 ns, At safepoint: 15100 ns, Total: 26100 ns
[2020-03-27T04:54:55.271+0000][1][safepoint    ] Safepoint "RevokeBias", Time since last: 167000 ns, Reaching safepoint: 12700 ns, At safepoint: 27600 ns, Total: 40300 ns
[2020-03-27T04:54:55.271+0000][1][safepoint    ] Safepoint "RevokeBias", Time since last: 174900 ns, Reaching safepoint: 12100 ns, At safepoint: 25900 ns, Total: 38000 ns
[2020-03-27T04:54:55.272+0000][1][safepoint    ] Safepoint "RevokeBias", Time since last: 623000 ns, Reaching safepoint: 75700 ns, At safepoint: 18100 ns, Total: 93800 ns
[2020-03-27T04:54:55.272+0000][1][safepoint    ] Safepoint "RevokeBias", Time since last: 314600 ns, Reaching safepoint: 122300 ns, At safepoint: 13700 ns, Total: 136000 ns
[2020-03-27T04:54:55.273+0000][1][safepoint    ] Safepoint "RevokeBias", Time since last: 190200 ns, Reaching safepoint: 75700 ns, At safepoint: 19900 ns, Total: 95600 ns
[2020-03-27T04:54:55.273+0000][1][safepoint    ] Safepoint "RevokeBias", Time since last: 358399 ns, Reaching safepoint: 71700 ns, At safepoint: 19400 ns, Total: 91100 ns
[2020-03-27T04:54:55.273+0000][1][safepoint    ] Safepoint "RevokeBias", Time since last: 182000 ns, Reaching safepoint: 11700 ns, At safepoint: 28800 ns, Total: 40500 ns
[2020-03-27T04:54:55.274+0000][1][safepoint    ] Safepoint "RevokeBias", Time since last: 189600 ns, Reaching safepoint: 237400 ns, At safepoint: 18400 ns, Total: 255800 ns
[2020-03-27T04:54:55.274+0000][1][safepoint    ] Safepoint "RevokeBias", Time since last: 204400 ns, Reaching safepoint: 102300 ns, At safepoint: 13100 ns, Total: 115400 ns
[2020-03-27T04:54:55.274+0000][1][safepoint    ] Safepoint "RevokeBias", Time since last: 165500 ns, Reaching safepoint: 94400 ns, At safepoint: 13900 ns, Total: 108300 ns
[2020-03-27T04:54:55.275+0000][1][safepoint    ] Safepoint "RevokeBias", Time since last: 156500 ns, Reaching safepoint: 9800 ns, At safepoint: 46100 ns, Total: 55900 ns
[2020-03-27T04:54:55.275+0000][1][safepoint    ] Safepoint "RevokeBias", Time since last: 159000 ns, Reaching safepoint: 102200 ns, At safepoint: 19000 ns, Total: 121200 ns
[2020-03-27T04:54:55.275+0000][1][safepoint    ] Safepoint "RevokeBias", Time since last: 164200 ns, Reaching safepoint: 58500 ns, At safepoint: 18300 ns, Total: 76800 ns
[2020-03-27T04:54:55.275+0000][1][safepoint    ] Safepoint "RevokeBias", Time since last: 154300 ns, Reaching safepoint: 92600 ns, At safepoint: 19100 ns, Total: 111700 ns
[2020-03-27T04:54:55.276+0000][1][safepoint    ] Safepoint "RevokeBias", Time since last: 162100 ns, Reaching safepoint: 12100 ns, At safepoint: 51500 ns, Total: 63600 ns
[2020-03-27T04:54:55.276+0000][1][safepoint    ] Safepoint "RevokeBias", Time since last: 162700 ns, Reaching safepoint: 10400 ns, At safepoint: 15300 ns, Total: 25700 ns
[2020-03-27T04:54:55.276+0000][1][safepoint    ] Safepoint "RevokeBias", Time since last: 138600 ns, Reaching safepoint: 10100 ns, At safepoint: 27600 ns, Total: 37700 ns
[2020-03-27T04:54:55.276+0000][1][safepoint    ] Safepoint "RevokeBias", Time since last: 156400 ns, Reaching safepoint: 19600 ns, At safepoint: 29700 ns, Total: 49300 ns
[2020-03-27T04:54:55.277+0000][1][safepoint    ] Safepoint "RevokeBias", Time since last: 179200 ns, Reaching safepoint: 659399 ns, At safepoint: 18300 ns, Total: 677699 ns
[2020-03-27T04:54:55.277+0000][1][safepoint    ] Safepoint "RevokeBias", Time since last: 189200 ns, Reaching safepoint: 151700 ns, At safepoint: 13900 ns, Total: 165600 ns
[2020-03-27T04:54:55.280+0000][1][safepoint    ] Safepoint "RevokeBias", Time since last: 2877500 ns, Reaching safepoint: 88900 ns, At safepoint: 14700 ns, Total: 103600 ns
[2020-03-27T04:54:55.281+0000][1][safepoint    ] Safepoint "BulkRevokeBias", Time since last: 258399 ns, Reaching safepoint: 82300 ns, At safepoint: 50400 ns, Total: 132700 ns
[2020-03-27T04:54:55.281+0000][1][safepoint    ] Safepoint "RevokeBias", Time since last: 492600 ns, Reaching safepoint: 83700 ns, At safepoint: 18300 ns, Total: 102000 ns
[2020-03-27T04:54:55.282+0000][1][safepoint    ] Safepoint "RevokeBias", Time since last: 479600 ns, Reaching safepoint: 79700 ns, At safepoint: 15700 ns, Total: 95400 ns
[2020-03-27T04:54:55.282+0000][1][safepoint    ] Safepoint "RevokeBias", Time since last: 377000 ns, Reaching safepoint: 93100 ns, At safepoint: 31300 ns, Total: 124400 ns
[2020-03-27T04:54:55.283+0000][1][safepoint    ] Safepoint "RevokeBias", Time since last: 223500 ns, Reaching safepoint: 302900 ns, At safepoint: 13100 ns, Total: 316000 ns
[2020-03-27T04:54:55.283+0000][1][safepoint    ] Safepoint "RevokeBias", Time since last: 187100 ns, Reaching safepoint: 78100 ns, At safepoint: 16300 ns, Total: 94400 ns
[2020-03-27T04:54:55.284+0000][1][safepoint    ] Safepoint "RevokeBias", Time since last: 256900 ns, Reaching safepoint: 84000 ns, At safepoint: 13900 ns, Total: 97900 ns
[2020-03-27T04:54:55.284+0000][1][safepoint    ] Safepoint "RevokeBias", Time since last: 488700 ns, Reaching safepoint: 77900 ns, At safepoint: 18600 ns, Total: 96500 ns
[2020-03-27T04:54:55.284+0000][1][safepoint    ] Safepoint "RevokeBias", Time since last: 244799 ns, Reaching safepoint: 99300 ns, At safepoint: 19000 ns, Total: 118300 ns
[2020-03-27T04:54:55.285+0000][1][safepoint    ] Safepoint "RevokeBias", Time since last: 194500 ns, Reaching safepoint: 89800 ns, At safepoint: 19300 ns, Total: 109100 ns
[2020-03-27T04:54:55.285+0000][1][safepoint    ] Safepoint "RevokeBias", Time since last: 172000 ns, Reaching safepoint: 84300 ns, At safepoint: 13000 ns, Total: 97300 ns
[2020-03-27T04:54:55.285+0000][1][safepoint    ] Safepoint "RevokeBias", Time since last: 163100 ns, Reaching safepoint: 92600 ns, At safepoint: 12600 ns, Total: 105200 ns
[2020-03-27T04:54:55.286+0000][1][safepoint    ] Safepoint "RevokeBias", Time since last: 396500 ns, Reaching safepoint: 49300 ns, At safepoint: 15900 ns, Total: 65200 ns
[2020-03-27T04:54:55.286+0000][1][safepoint    ] Safepoint "RevokeBias", Time since last: 415900 ns, Reaching safepoint: 72700 ns, At safepoint: 14300 ns, Total: 87000 ns
[2020-03-27T04:54:55.287+0000][1][safepoint    ] Safepoint "RevokeBias", Time since last: 432800 ns, Reaching safepoint: 39500 ns, At safepoint: 15300 ns, Total: 54800 ns
[2020-03-27T04:54:55.287+0000][1][safepoint    ] Safepoint "RevokeBias", Time since last: 203300 ns, Reaching safepoint: 47900 ns, At safepoint: 14900 ns, Total: 62800 ns
[2020-03-27T04:54:55.287+0000][1][safepoint    ] Safepoint "RevokeBias", Time since last: 296600 ns, Reaching safepoint: 95300 ns, At safepoint: 15700 ns, Total: 111000 ns
[2020-03-27T04:54:55.289+0000][1][safepoint    ] Safepoint "Deoptimize", Time since last: 1305899 ns, Reaching safepoint: 53800 ns, At safepoint: 307000 ns, Total: 360800 ns
[2020-03-27T04:54:55.294+0000][1][safepoint    ] Safepoint "RevokeBias", Time since last: 4591599 ns, Reaching safepoint: 14900 ns, At safepoint: 18700 ns, Total: 33600 ns
[2020-03-27T04:54:55.294+0000][1][safepoint    ] Safepoint "RevokeBias", Time since last: 314200 ns, Reaching safepoint: 127700 ns, At safepoint: 48900 ns, Total: 176600 ns
[2020-03-27T04:54:55.297+0000][1][safepoint    ] Safepoint "RevokeBias", Time since last: 2440599 ns, Reaching safepoint: 92600 ns, At safepoint: 33400 ns, Total: 126000 ns
[2020-03-27T04:54:55.297+0000][1][safepoint    ] Safepoint "RevokeBias", Time since last: 403800 ns, Reaching safepoint: 253200 ns, At safepoint: 21900 ns, Total: 275100 ns
[2020-03-27T04:54:55.298+0000][1][safepoint    ] Safepoint "RevokeBias", Time since last: 431100 ns, Reaching safepoint: 80500 ns, At safepoint: 25500 ns, Total: 106000 ns
[2020-03-27T04:54:55.408+0000][1][gc,start     ] GC(49) Pause Young (Allocation Failure)
[2020-03-27T04:54:55.408+0000][1][gc,task      ] GC(49) Using 2 workers of 2 for evacuation
[2020-03-27T04:54:55.414+0000][1][gc,age       ] GC(49) Desired survivor size 2228224 bytes, new threshold 2 (max threshold 6)
[2020-03-27T04:54:55.414+0000][1][gc,age       ] GC(49) Age table with threshold 2 (max threshold 6)
[2020-03-27T04:54:55.416+0000][1][gc,age       ] GC(49) - age   1:     631240 bytes,     631240 total
[2020-03-27T04:54:55.416+0000][1][gc,age       ] GC(49) - age   2:    1680440 bytes,    2311680 total
[2020-03-27T04:54:55.416+0000][1][gc,heap      ] GC(49) ParNew: 39165K->4062K(39296K)
[2020-03-27T04:54:55.417+0000][1][gc,heap      ] GC(49) CMS: 50952K->52490K(87424K)
[2020-03-27T04:54:55.417+0000][1][gc,metaspace ] GC(49) Metaspace: 52862K->52862K(1097728K)
[2020-03-27T04:54:55.417+0000][1][gc           ] GC(49) Pause Young (Allocation Failure) 88M->55M(123M) 9.408ms
[2020-03-27T04:54:55.418+0000][1][gc,cpu       ] GC(49) User=0.01s Sys=0.00s Real=0.01s
[2020-03-27T04:54:55.418+0000][1][safepoint    ] Safepoint "GenCollectForAllocation", Time since last: 109670372 ns, Reaching safepoint: 144900 ns, At safepoint: 10054597 ns, Total: 10199497 ns
[2020-03-27T04:54:55.574+0000][1][gc,start     ] GC(50) Pause Young (Allocation Failure)
[2020-03-27T04:54:55.574+0000][1][gc,task      ] GC(50) Using 2 workers of 2 for evacuation
[2020-03-27T04:54:55.580+0000][1][gc,age       ] GC(50) Desired survivor size 2228224 bytes, new threshold 6 (max threshold 6)
[2020-03-27T04:54:55.580+0000][1][gc,age       ] GC(50) Age table with threshold 6 (max threshold 6)
[2020-03-27T04:54:55.582+0000][1][gc,age       ] GC(50) - age   1:     536272 bytes,     536272 total
[2020-03-27T04:54:55.582+0000][1][gc,age       ] GC(50) - age   2:     613496 bytes,    1149768 total
[2020-03-27T04:54:55.582+0000][1][gc,heap      ] GC(50) ParNew: 39006K->2285K(39296K)
[2020-03-27T04:54:55.583+0000][1][gc,heap      ] GC(50) CMS: 52490K->54157K(87424K)
[2020-03-27T04:54:55.583+0000][1][gc,metaspace ] GC(50) Metaspace: 56195K->56195K(1101824K)
[2020-03-27T04:54:55.584+0000][1][gc           ] GC(50) Pause Young (Allocation Failure) 89M->55M(123M) 9.876ms
[2020-03-27T04:54:55.584+0000][1][gc,cpu       ] GC(50) User=0.02s Sys=0.00s Real=0.01s
[2020-03-27T04:54:55.584+0000][1][safepoint    ] Safepoint "GenCollectForAllocation", Time since last: 155254360 ns, Reaching safepoint: 485500 ns, At safepoint: 10505397 ns, Total: 10990897 ns
[2020-03-27T04:54:55.765+0000][1][gc,start     ] GC(51) Pause Young (Allocation Failure)
[2020-03-27T04:54:55.765+0000][1][gc,task      ] GC(51) Using 2 workers of 2 for evacuation
[2020-03-27T04:54:55.769+0000][1][gc,age       ] GC(51) Desired survivor size 2228224 bytes, new threshold 6 (max threshold 6)
[2020-03-27T04:54:55.770+0000][1][gc,age       ] GC(51) Age table with threshold 6 (max threshold 6)
[2020-03-27T04:54:55.770+0000][1][gc,age       ] GC(51) - age   1:     779912 bytes,     779912 total
[2020-03-27T04:54:55.770+0000][1][gc,age       ] GC(51) - age   2:     515376 bytes,    1295288 total
[2020-03-27T04:54:55.771+0000][1][gc,age       ] GC(51) - age   3:     612904 bytes,    1908192 total
[2020-03-27T04:54:55.771+0000][1][gc,heap      ] GC(51) ParNew: 37229K->2004K(39296K)
[2020-03-27T04:54:55.771+0000][1][gc,heap      ] GC(51) CMS: 54157K->54157K(87424K)
[2020-03-27T04:54:55.772+0000][1][gc,metaspace ] GC(51) Metaspace: 60363K->60363K(1103872K)
[2020-03-27T04:54:55.772+0000][1][gc           ] GC(51) Pause Young (Allocation Failure) 89M->54M(123M) 7.161ms
[2020-03-27T04:54:55.772+0000][1][gc,cpu       ] GC(51) User=0.01s Sys=0.00s Real=0.01s
[2020-03-27T04:54:55.773+0000][1][safepoint    ] Safepoint "GenCollectForAllocation", Time since last: 180520654 ns, Reaching safepoint: 120599 ns, At safepoint: 8009898 ns, Total: 8130497 ns
[2020-03-27T04:54:55.926+0000][1][safepoint    ] Safepoint "CollectForMetadataAllocation", Time since last: 151939061 ns, Reaching safepoint: 800000 ns, At safepoint: 77300 ns, Total: 877300 ns
[2020-03-27T04:54:55.956+0000][1][gc,start     ] GC(52) Pause Young (Allocation Failure)
[2020-03-27T04:54:55.957+0000][1][gc,task      ] GC(52) Using 2 workers of 2 for evacuation
[2020-03-27T04:54:55.964+0000][1][gc,age       ] GC(52) Desired survivor size 2228224 bytes, new threshold 2 (max threshold 6)
[2020-03-27T04:54:55.966+0000][1][gc,age       ] GC(52) Age table with threshold 2 (max threshold 6)
[2020-03-27T04:54:55.966+0000][1][gc,age       ] GC(52) - age   1:    2152528 bytes,    2152528 total
[2020-03-27T04:54:55.966+0000][1][gc,age       ] GC(52) - age   2:     741616 bytes,    2894144 total
[2020-03-27T04:54:55.967+0000][1][gc,age       ] GC(52) - age   3:     514856 bytes,    3409000 total
[2020-03-27T04:54:55.967+0000][1][gc,age       ] GC(52) - age   4:     612776 bytes,    4021776 total
[2020-03-27T04:54:55.968+0000][1][gc,heap      ] GC(52) ParNew: 36948K->4352K(39296K)
[2020-03-27T04:54:55.968+0000][1][gc,heap      ] GC(52) CMS: 54157K->54157K(87424K)
[2020-03-27T04:54:55.969+0000][1][gc,metaspace ] GC(52) Metaspace: 63604K->63604K(1107968K)
[2020-03-27T04:54:55.969+0000][1][gc           ] GC(52) Pause Young (Allocation Failure) 88M->57M(123M) 12.985ms
[2020-03-27T04:54:55.969+0000][1][gc,cpu       ] GC(52) User=0.01s Sys=0.00s Real=0.01s
[2020-03-27T04:54:55.970+0000][1][safepoint    ] Safepoint "GenCollectForAllocation", Time since last: 30458792 ns, Reaching safepoint: 112700 ns, At safepoint: 13634997 ns, Total: 13747697 ns
[2020-03-27T04:54:55.970+0000][1][gc,start     ] GC(53) Pause Initial Mark
[2020-03-27T04:54:55.974+0000][1][gc           ] GC(53) Pause Initial Mark 57M->57M(123M) 3.732ms
[2020-03-27T04:54:55.974+0000][1][gc,cpu       ] GC(53) User=0.01s Sys=0.00s Real=0.00s
[2020-03-27T04:54:55.975+0000][1][safepoint    ] Safepoint "CMS_Initial_Mark", Time since last: 367299 ns, Reaching safepoint: 71700 ns, At safepoint: 4383499 ns, Total: 4455199 ns
[2020-03-27T04:54:55.975+0000][1][gc           ] GC(53) Concurrent Mark
[2020-03-27T04:54:55.993+0000][1][safepoint    ] Safepoint "CollectForMetadataAllocation", Time since last: 18115496 ns, Reaching safepoint: 34300 ns, At safepoint: 87800 ns, Total: 122100 ns
[2020-03-27T04:54:56.013+0000][1][safepoint    ] Safepoint "Deoptimize", Time since last: 19659895 ns, Reaching safepoint: 33000 ns, At safepoint: 240599 ns, Total: 273599 ns
[2020-03-27T04:54:56.017+0000][1][gc           ] GC(53) Concurrent Mark 41.860ms
[2020-03-27T04:54:56.017+0000][1][gc,cpu       ] GC(53) User=0.07s Sys=0.01s Real=0.05s
[2020-03-27T04:54:56.017+0000][1][gc           ] GC(53) Concurrent Preclean
[2020-03-27T04:54:56.021+0000][1][gc           ] GC(53) Concurrent Preclean 3.269ms
[2020-03-27T04:54:56.021+0000][1][gc,cpu       ] GC(53) User=0.01s Sys=0.00s Real=0.00s
[2020-03-27T04:54:56.022+0000][1][gc           ] GC(53) Concurrent Abortable Preclean
[2020-03-27T04:54:56.070+0000][1][safepoint    ] Safepoint "CollectForMetadataAllocation", Time since last: 57403386 ns, Reaching safepoint: 46300 ns, At safepoint: 75600 ns, Total: 121900 ns
[2020-03-27T04:54:56.087+0000][1][safepoint    ] Safepoint "CollectForMetadataAllocation", Time since last: 16715295 ns, Reaching safepoint: 27900 ns, At safepoint: 50400 ns, Total: 78300 ns
[2020-03-27T04:54:56.109+0000][1][safepoint    ] Safepoint "CollectForMetadataAllocation", Time since last: 20586695 ns, Reaching safepoint: 887600 ns, At safepoint: 78300 ns, Total: 965900 ns
[2020-03-27T04:54:56.149+0000][1][safepoint    ] Safepoint "CollectForMetadataAllocation", Time since last: 40505291 ns, Reaching safepoint: 50100 ns, At safepoint: 39500 ns, Total: 89600 ns
[2020-03-27T04:54:56.169+0000][1][safepoint    ] Safepoint "CollectForMetadataAllocation", Time since last: 19137599 ns, Reaching safepoint: 39900 ns, At safepoint: 105600 ns, Total: 145500 ns
[2020-03-27T04:54:56.216+0000][1][safepoint    ] Safepoint "CollectForMetadataAllocation", Time since last: 47046698 ns, Reaching safepoint: 26600 ns, At safepoint: 73900 ns, Total: 100500 ns
[2020-03-27T04:54:56.236+0000][1][safepoint    ] Safepoint "CollectForMetadataAllocation", Time since last: 19711999 ns, Reaching safepoint: 24100 ns, At safepoint: 98500 ns, Total: 122600 ns
[2020-03-27T04:54:56.256+0000][1][safepoint    ] Safepoint "CollectForMetadataAllocation", Time since last: 20058399 ns, Reaching safepoint: 31100 ns, At safepoint: 75200 ns, Total: 106300 ns
[2020-03-27T04:54:56.269+0000][1][safepoint    ] Safepoint "CollectForMetadataAllocation", Time since last: 13019200 ns, Reaching safepoint: 85800 ns, At safepoint: 74400 ns, Total: 160200 ns
[2020-03-27T04:54:56.300+0000][1][safepoint    ] Safepoint "CollectForMetadataAllocation", Time since last: 30363998 ns, Reaching safepoint: 315800 ns, At safepoint: 62700 ns, Total: 378500 ns
[2020-03-27T04:54:56.303+0000][1][gc,start     ] GC(54) Pause Young (Allocation Failure)
[2020-03-27T04:54:56.304+0000][1][gc,task      ] GC(54) Using 2 workers of 2 for evacuation
[2020-03-27T04:54:56.318+0000][1][gc,age       ] GC(54) Desired survivor size 2228224 bytes, new threshold 2 (max threshold 6)
[2020-03-27T04:54:56.319+0000][1][gc,age       ] GC(54) Age table with threshold 2 (max threshold 6)
[2020-03-27T04:54:56.319+0000][1][gc,age       ] GC(54) - age   1:    1802304 bytes,    1802304 total
[2020-03-27T04:54:56.320+0000][1][gc,age       ] GC(54) - age   2:    1852520 bytes,    3654824 total
[2020-03-27T04:54:56.320+0000][1][gc,heap      ] GC(54) ParNew: 39296K->4352K(39296K)
[2020-03-27T04:54:56.321+0000][1][gc,heap      ] GC(54) CMS: 54157K->56032K(87424K)
[2020-03-27T04:54:56.321+0000][1][gc,metaspace ] GC(54) Metaspace: 66699K->66699K(1110016K)
[2020-03-27T04:54:56.321+0000][1][gc           ] GC(54) Pause Young (Allocation Failure) 91M->58M(123M) 18.154ms
[2020-03-27T04:54:56.322+0000][1][gc,cpu       ] GC(54) User=0.01s Sys=0.00s Real=0.02s
[2020-03-27T04:54:56.322+0000][1][safepoint    ] Safepoint "GenCollectForAllocation", Time since last: 3446400 ns, Reaching safepoint: 24900 ns, At safepoint: 18885299 ns, Total: 18910199 ns
[2020-03-27T04:54:56.346+0000][1][safepoint    ] Safepoint "CollectForMetadataAllocation", Time since last: 23537999 ns, Reaching safepoint: 29500 ns, At safepoint: 79100 ns, Total: 108600 ns
[2020-03-27T04:54:56.390+0000][1][safepoint    ] Safepoint "CollectForMetadataAllocation", Time since last: 44200398 ns, Reaching safepoint: 30700 ns, At safepoint: 72700 ns, Total: 103400 ns
[2020-03-27T04:54:56.412+0000][1][safepoint    ] Safepoint "CollectForMetadataAllocation", Time since last: 21652999 ns, Reaching safepoint: 26800 ns, At safepoint: 67600 ns, Total: 94400 ns
[2020-03-27T04:54:56.462+0000][1][safepoint    ] Safepoint "CollectForMetadataAllocation", Time since last: 50030498 ns, Reaching safepoint: 35400 ns, At safepoint: 41100 ns, Total: 76500 ns
[2020-03-27T04:54:56.468+0000][1][safepoint    ] Safepoint "RevokeBias", Time since last: 5957500 ns, Reaching safepoint: 30300 ns, At safepoint: 5600 ns, Total: 35900 ns
[2020-03-27T04:54:56.479+0000][1][safepoint    ] Safepoint "CollectForMetadataAllocation", Time since last: 11446299 ns, Reaching safepoint: 140500 ns, At safepoint: 72500 ns, Total: 213000 ns
[2020-03-27T04:54:56.498+0000][1][safepoint    ] Safepoint "CollectForMetadataAllocation", Time since last: 18591199 ns, Reaching safepoint: 27800 ns, At safepoint: 68000 ns, Total: 95800 ns
[2020-03-27T04:54:56.499+0000][1][gc           ] GC(53) Concurrent Abortable Preclean 477.538ms
[2020-03-27T04:54:56.500+0000][1][gc,cpu       ] GC(53) User=0.87s Sys=0.02s Real=0.48s
[2020-03-27T04:54:56.503+0000][1][gc,start     ] GC(53) Pause Remark
[2020-03-27T04:54:56.519+0000][1][gc           ] GC(53) Pause Remark 77M->77M(123M) 15.810ms
[2020-03-27T04:54:56.519+0000][1][gc,cpu       ] GC(53) User=0.02s Sys=0.00s Real=0.02s
[2020-03-27T04:54:56.522+0000][1][safepoint    ] Safepoint "CMS_Final_Remark", Time since last: 4504800 ns, Reaching safepoint: 133400 ns, At safepoint: 19014299 ns, Total: 19147699 ns
[2020-03-27T04:54:56.522+0000][1][gc           ] GC(53) Concurrent Sweep
[2020-03-27T04:54:56.542+0000][1][safepoint    ] Safepoint "CollectForMetadataAllocation", Time since last: 19359000 ns, Reaching safepoint: 837199 ns, At safepoint: 46300 ns, Total: 883499 ns
[2020-03-27T04:54:56.550+0000][1][safepoint    ] Safepoint "Deoptimize", Time since last: 7961500 ns, Reaching safepoint: 28000 ns, At safepoint: 262800 ns, Total: 290800 ns
[2020-03-27T04:54:56.551+0000][1][gc           ] GC(53) Concurrent Sweep 28.766ms
[2020-03-27T04:54:56.552+0000][1][gc,cpu       ] GC(53) User=0.06s Sys=0.00s Real=0.03s
[2020-03-27T04:54:56.557+0000][1][safepoint    ] Safepoint "CollectForMetadataAllocation", Time since last: 6537400 ns, Reaching safepoint: 117400 ns, At safepoint: 64400 ns, Total: 181800 ns
[2020-03-27T04:54:56.559+0000][1][gc           ] GC(53) Concurrent Reset
[2020-03-27T04:54:56.560+0000][1][gc           ] GC(53) Concurrent Reset 0.958ms
[2020-03-27T04:54:56.561+0000][1][gc,cpu       ] GC(53) User=0.00s Sys=0.00s Real=0.00s
[2020-03-27T04:54:56.561+0000][1][gc,heap      ] GC(53) Old: 54157K->55791K(92988K)
[2020-03-27T04:54:56.589+0000][1][safepoint    ] Safepoint "RevokeBias", Time since last: 31570698 ns, Reaching safepoint: 104400 ns, At safepoint: 20500 ns, Total: 124900 ns
[2020-03-27T04:54:56.590+0000][1][safepoint    ] Safepoint "RevokeBias", Time since last: 1036600 ns, Reaching safepoint: 63100 ns, At safepoint: 12500 ns, Total: 75600 ns
[2020-03-27T04:54:56.591+0000][1][safepoint    ] Safepoint "RevokeBias", Time since last: 1198600 ns, Reaching safepoint: 136100 ns, At safepoint: 27000 ns, Total: 163100 ns
[2020-03-27T04:54:56.592+0000][1][safepoint    ] Safepoint "RevokeBias", Time since last: 693100 ns, Reaching safepoint: 12900 ns, At safepoint: 27700 ns, Total: 40600 ns
[2020-03-27T04:54:56.592+0000][1][safepoint    ] Safepoint "RevokeBias", Time since last: 481800 ns, Reaching safepoint: 12000 ns, At safepoint: 11500 ns, Total: 23500 ns
[2020-03-27T04:54:56.593+0000][1][safepoint    ] Safepoint "RevokeBias", Time since last: 723100 ns, Reaching safepoint: 12500 ns, At safepoint: 22700 ns, Total: 35200 ns
[2020-03-27T04:54:56.594+0000][1][safepoint    ] Safepoint "RevokeBias", Time since last: 732700 ns, Reaching safepoint: 12600 ns, At safepoint: 27300 ns, Total: 39900 ns
[2020-03-27T04:54:56.595+0000][1][safepoint    ] Safepoint "RevokeBias", Time since last: 684800 ns, Reaching safepoint: 11300 ns, At safepoint: 21400 ns, Total: 32700 ns
[2020-03-27T04:54:56.595+0000][1][safepoint    ] Safepoint "RevokeBias", Time since last: 453700 ns, Reaching safepoint: 27900 ns, At safepoint: 11900 ns, Total: 39800 ns
[2020-03-27T04:54:56.596+0000][1][safepoint    ] Safepoint "BulkRevokeBias", Time since last: 1099700 ns, Reaching safepoint: 22700 ns, At safepoint: 54200 ns, Total: 76900 ns
[2020-03-27T04:54:56.598+0000][1][safepoint    ] Safepoint "RevokeBias", Time since last: 1540500 ns, Reaching safepoint: 26300 ns, At safepoint: 14600 ns, Total: 40900 ns
[2020-03-27T04:54:56.599+0000][1][safepoint    ] Safepoint "RevokeBias", Time since last: 588100 ns, Reaching safepoint: 26000 ns, At safepoint: 13800 ns, Total: 39800 ns
[2020-03-27T04:54:56.601+0000][1][safepoint    ] Safepoint "Deoptimize", Time since last: 2210500 ns, Reaching safepoint: 161100 ns, At safepoint: 267100 ns, Total: 428200 ns
[2020-03-27T04:54:56.603+0000][1][safepoint    ] Safepoint "RevokeBias", Time since last: 1798900 ns, Reaching safepoint: 10400 ns, At safepoint: 46300 ns, Total: 56700 ns
[2020-03-27T04:54:56.692+0000][1][gc,start     ] GC(55) Pause Young (Allocation Failure)
[2020-03-27T04:54:56.693+0000][1][gc,task      ] GC(55) Using 2 workers of 2 for evacuation
[2020-03-27T04:54:56.702+0000][1][gc,age       ] GC(55) Desired survivor size 2228224 bytes, new threshold 2 (max threshold 6)
[2020-03-27T04:54:56.702+0000][1][gc,age       ] GC(55) Age table with threshold 2 (max threshold 6)
[2020-03-27T04:54:56.709+0000][1][gc,age       ] GC(55) - age   1:    1332568 bytes,    1332568 total
[2020-03-27T04:54:56.710+0000][1][gc,age       ] GC(55) - age   2:    1746600 bytes,    3079168 total
[2020-03-27T04:54:56.710+0000][1][gc,heap      ] GC(55) ParNew: 39296K->4352K(39296K)
[2020-03-27T04:54:56.711+0000][1][gc,heap      ] GC(55) CMS: 55791K->57676K(92988K)
[2020-03-27T04:54:56.711+0000][1][gc,metaspace ] GC(55) Metaspace: 71406K->71406K(1114112K)
[2020-03-27T04:54:56.712+0000][1][gc           ] GC(55) Pause Young (Allocation Failure) 92M->60M(129M) 19.413ms
[2020-03-27T04:54:56.712+0000][1][gc,cpu       ] GC(55) User=0.01s Sys=0.00s Real=0.02s
[2020-03-27T04:54:56.713+0000][1][safepoint    ] Safepoint "GenCollectForAllocation", Time since last: 89023496 ns, Reaching safepoint: 121700 ns, At safepoint: 20402299 ns, Total: 20523999 ns
[2020-03-27T04:54:56.754+0000][1][safepoint    ] Safepoint "Deoptimize", Time since last: 40713298 ns, Reaching safepoint: 27000 ns, At safepoint: 287600 ns, Total: 314600 ns
[2020-03-27T04:54:56.928+0000][1][safepoint    ] Safepoint "RevokeBias", Time since last: 174713892 ns, Reaching safepoint: 140900 ns, At safepoint: 23800 ns, Total: 164700 ns
[2020-03-27T04:54:56.929+0000][1][safepoint    ] Safepoint "RevokeBias", Time since last: 465000 ns, Reaching safepoint: 12300 ns, At safepoint: 20700 ns, Total: 33000 ns
[2020-03-27T04:54:56.930+0000][1][safepoint    ] Safepoint "RevokeBias", Time since last: 609400 ns, Reaching safepoint: 93700 ns, At safepoint: 24700 ns, Total: 118400 ns
[2020-03-27T04:54:56.930+0000][1][safepoint    ] Safepoint "RevokeBias", Time since last: 443800 ns, Reaching safepoint: 10000 ns, At safepoint: 24100 ns, Total: 34100 ns
[2020-03-27T04:54:56.931+0000][1][safepoint    ] Safepoint "RevokeBias", Time since last: 441100 ns, Reaching safepoint: 88300 ns, At safepoint: 22000 ns, Total: 110300 ns
[2020-03-27T04:54:56.931+0000][1][safepoint    ] Safepoint "RevokeBias", Time since last: 486000 ns, Reaching safepoint: 9700 ns, At safepoint: 25200 ns, Total: 34900 ns
[2020-03-27T04:54:56.932+0000][1][safepoint    ] Safepoint "RevokeBias", Time since last: 474400 ns, Reaching safepoint: 22800 ns, At safepoint: 9100 ns, Total: 31900 ns
[2020-03-27T04:54:56.932+0000][1][safepoint    ] Safepoint "RevokeBias", Time since last: 376100 ns, Reaching safepoint: 11200 ns, At safepoint: 8200 ns, Total: 19400 ns
[2020-03-27T04:54:56.933+0000][1][safepoint    ] Safepoint "RevokeBias", Time since last: 395800 ns, Reaching safepoint: 9300 ns, At safepoint: 21000 ns, Total: 30300 ns
[2020-03-27T04:54:56.933+0000][1][safepoint    ] Safepoint "RevokeBias", Time since last: 358500 ns, Reaching safepoint: 9500 ns, At safepoint: 7200 ns, Total: 16700 ns
[2020-03-27T04:54:56.933+0000][1][safepoint    ] Safepoint "RevokeBias", Time since last: 310400 ns, Reaching safepoint: 24500 ns, At safepoint: 7000 ns, Total: 31500 ns
[2020-03-27T04:54:56.934+0000][1][safepoint    ] Safepoint "RevokeBias", Time since last: 413200 ns, Reaching safepoint: 9100 ns, At safepoint: 10400 ns, Total: 19500 ns
[2020-03-27T04:54:56.934+0000][1][safepoint    ] Safepoint "RevokeBias", Time since last: 405400 ns, Reaching safepoint: 9000 ns, At safepoint: 8000 ns, Total: 17000 ns
[2020-03-27T04:54:56.935+0000][1][safepoint    ] Safepoint "RevokeBias", Time since last: 382500 ns, Reaching safepoint: 22000 ns, At safepoint: 17800 ns, Total: 39800 ns
[2020-03-27T04:54:56.935+0000][1][safepoint    ] Safepoint "RevokeBias", Time since last: 683800 ns, Reaching safepoint: 23600 ns, At safepoint: 17200 ns, Total: 40800 ns
[2020-03-27T04:54:56.937+0000][1][safepoint    ] Safepoint "RevokeBias", Time since last: 1457300 ns, Reaching safepoint: 11900 ns, At safepoint: 17400 ns, Total: 29300 ns
[2020-03-27T04:54:56.938+0000][1][safepoint    ] Safepoint "RevokeBias", Time since last: 970699 ns, Reaching safepoint: 9600 ns, At safepoint: 18800 ns, Total: 28400 ns
[2020-03-27T04:54:56.939+0000][1][safepoint    ] Safepoint "RevokeBias", Time since last: 1417900 ns, Reaching safepoint: 10400 ns, At safepoint: 18200 ns, Total: 28600 ns
[2020-03-27T04:54:56.941+0000][1][safepoint    ] Safepoint "RevokeBias", Time since last: 1294100 ns, Reaching safepoint: 269900 ns, At safepoint: 51100 ns, Total: 321000 ns
[2020-03-27T04:54:56.944+0000][1][safepoint    ] Safepoint "RevokeBias", Time since last: 2860500 ns, Reaching safepoint: 292900 ns, At safepoint: 44400 ns, Total: 337300 ns
[2020-03-27T04:54:56.946+0000][1][safepoint    ] Safepoint "RevokeBias", Time since last: 473800 ns, Reaching safepoint: 1136900 ns, At safepoint: 21500 ns, Total: 1158400 ns
[2020-03-27T04:54:56.946+0000][1][safepoint    ] Safepoint "RevokeBias", Time since last: 354700 ns, Reaching safepoint: 10600 ns, At safepoint: 14300 ns, Total: 24900 ns
[2020-03-27T04:54:56.946+0000][1][safepoint    ] Safepoint "RevokeBias", Time since last: 278000 ns, Reaching safepoint: 88100 ns, At safepoint: 16200 ns, Total: 104300 ns
[2020-03-27T04:54:56.947+0000][1][safepoint    ] Safepoint "RevokeBias", Time since last: 454600 ns, Reaching safepoint: 23200 ns, At safepoint: 43100 ns, Total: 66300 ns
[2020-03-27T04:54:56.948+0000][1][safepoint    ] Safepoint "RevokeBias", Time since last: 621400 ns, Reaching safepoint: 92300 ns, At safepoint: 13400 ns, Total: 105700 ns
[2020-03-27T04:54:56.948+0000][1][safepoint    ] Safepoint "RevokeBias", Time since last: 284900 ns, Reaching safepoint: 10100 ns, At safepoint: 8400 ns, Total: 18500 ns
[2020-03-27T04:54:56.948+0000][1][safepoint    ] Safepoint "RevokeBias", Time since last: 357100 ns, Reaching safepoint: 9500 ns, At safepoint: 10600 ns, Total: 20100 ns
[2020-03-27T04:54:56.949+0000][1][safepoint    ] Safepoint "RevokeBias", Time since last: 302300 ns, Reaching safepoint: 91500 ns, At safepoint: 9300 ns, Total: 100800 ns
[2020-03-27T04:54:56.949+0000][1][safepoint    ] Safepoint "RevokeBias", Time since last: 369500 ns, Reaching safepoint: 9600 ns, At safepoint: 9500 ns, Total: 19100 ns
[2020-03-27T04:54:56.949+0000][1][safepoint    ] Safepoint "RevokeBias", Time since last: 296400 ns, Reaching safepoint: 10000 ns, At safepoint: 9000 ns, Total: 19000 ns
[2020-03-27T04:54:56.950+0000][1][safepoint    ] Safepoint "BulkRevokeBias", Time since last: 264900 ns, Reaching safepoint: 9100 ns, At safepoint: 45700 ns, Total: 54800 ns
[2020-03-27T04:54:56.954+0000][1][safepoint    ] Safepoint "RevokeBias", Time since last: 4344100 ns, Reaching safepoint: 96800 ns, At safepoint: 13100 ns, Total: 109900 ns
[2020-03-27T04:54:56.955+0000][1][safepoint    ] Safepoint "RevokeBias", Time since last: 458900 ns, Reaching safepoint: 89900 ns, At safepoint: 12100 ns, Total: 102000 ns
[2020-03-27T04:54:56.955+0000][1][safepoint    ] Safepoint "RevokeBias", Time since last: 414100 ns, Reaching safepoint: 145300 ns, At safepoint: 12800 ns, Total: 158100 ns
[2020-03-27T04:54:56.956+0000][1][safepoint    ] Safepoint "RevokeBias", Time since last: 832200 ns, Reaching safepoint: 91100 ns, At safepoint: 11900 ns, Total: 103000 ns
[2020-03-27T04:54:56.957+0000][1][safepoint    ] Safepoint "RevokeBias", Time since last: 471700 ns, Reaching safepoint: 129100 ns, At safepoint: 12000 ns, Total: 141100 ns
[2020-03-27T04:54:56.957+0000][1][safepoint    ] Safepoint "RevokeBias", Time since last: 351900 ns, Reaching safepoint: 90200 ns, At safepoint: 10900 ns, Total: 101100 ns
[2020-03-27T04:54:56.958+0000][1][safepoint    ] Safepoint "RevokeBias", Time since last: 602000 ns, Reaching safepoint: 90800 ns, At safepoint: 7900 ns, Total: 98700 ns
[2020-03-27T04:54:56.959+0000][1][safepoint    ] Safepoint "RevokeBias", Time since last: 660100 ns, Reaching safepoint: 89100 ns, At safepoint: 8200 ns, Total: 97300 ns
[2020-03-27T04:54:56.959+0000][1][safepoint    ] Safepoint "RevokeBias", Time since last: 379100 ns, Reaching safepoint: 87500 ns, At safepoint: 21100 ns, Total: 108600 ns
[2020-03-27T04:54:56.960+0000][1][safepoint    ] Safepoint "RevokeBias", Time since last: 551199 ns, Reaching safepoint: 87500 ns, At safepoint: 12500 ns, Total: 100000 ns
[2020-03-27T04:54:56.960+0000][1][safepoint    ] Safepoint "RevokeBias", Time since last: 399200 ns, Reaching safepoint: 86500 ns, At safepoint: 11200 ns, Total: 97700 ns
[2020-03-27T04:54:56.962+0000][1][safepoint    ] Safepoint "RevokeBias", Time since last: 1199300 ns, Reaching safepoint: 96000 ns, At safepoint: 21400 ns, Total: 117400 ns
[2020-03-27T04:54:56.962+0000][1][safepoint    ] Safepoint "RevokeBias", Time since last: 374200 ns, Reaching safepoint: 85200 ns, At safepoint: 21200 ns, Total: 106400 ns
[2020-03-27T04:54:56.964+0000][1][safepoint    ] Safepoint "RevokeBias", Time since last: 1466100 ns, Reaching safepoint: 89600 ns, At safepoint: 25300 ns, Total: 114900 ns
[2020-03-27T04:54:56.966+0000][1][safepoint    ] Safepoint "RevokeBias", Time since last: 1749100 ns, Reaching safepoint: 10900 ns, At safepoint: 19500 ns, Total: 30400 ns
[2020-03-27T04:54:56.966+0000][1][safepoint    ] Safepoint "RevokeBias", Time since last: 446900 ns, Reaching safepoint: 86400 ns, At safepoint: 22200 ns, Total: 108600 ns
[2020-03-27T04:54:56.968+0000][1][safepoint    ] Safepoint "RevokeBias", Time since last: 1419800 ns, Reaching safepoint: 87200 ns, At safepoint: 21400 ns, Total: 108600 ns
[2020-03-27T04:54:56.968+0000][1][safepoint    ] Safepoint "RevokeBias", Time since last: 354600 ns, Reaching safepoint: 114800 ns, At safepoint: 10800 ns, Total: 125600 ns
[2020-03-27T04:54:56.971+0000][1][safepoint    ] Safepoint "RevokeBias", Time since last: 2974500 ns, Reaching safepoint: 94400 ns, At safepoint: 28400 ns, Total: 122800 ns
[2020-03-27T04:54:56.972+0000][1][safepoint    ] Safepoint "RevokeBias", Time since last: 429000 ns, Reaching safepoint: 148100 ns, At safepoint: 12300 ns, Total: 160400 ns
[2020-03-27T04:54:56.972+0000][1][safepoint    ] Safepoint "RevokeBias", Time since last: 480500 ns, Reaching safepoint: 94000 ns, At safepoint: 10800 ns, Total: 104800 ns
[2020-03-27T04:54:56.973+0000][1][safepoint    ] Safepoint "RevokeBias", Time since last: 846600 ns, Reaching safepoint: 90300 ns, At safepoint: 11900 ns, Total: 102200 ns
[2020-03-27T04:54:56.976+0000][1][safepoint    ] Safepoint "RevokeBias", Time since last: 2276000 ns, Reaching safepoint: 88400 ns, At safepoint: 24200 ns, Total: 112600 ns
[2020-03-27T04:54:56.988+0000][1][safepoint    ] Safepoint "RevokeBias", Time since last: 12118099 ns, Reaching safepoint: 15500 ns, At safepoint: 22700 ns, Total: 38200 ns
[2020-03-27T04:54:56.989+0000][1][safepoint    ] Safepoint "RevokeBias", Time since last: 967000 ns, Reaching safepoint: 12000 ns, At safepoint: 10100 ns, Total: 22100 ns
[2020-03-27T04:54:56.990+0000][1][safepoint    ] Safepoint "RevokeBias", Time since last: 577600 ns, Reaching safepoint: 8400 ns, At safepoint: 8900 ns, Total: 17300 ns
[2020-03-27T04:54:56.990+0000][1][safepoint    ] Safepoint "RevokeBias", Time since last: 665100 ns, Reaching safepoint: 9800 ns, At safepoint: 24200 ns, Total: 34000 ns
[2020-03-27T04:54:56.992+0000][1][safepoint    ] Safepoint "RevokeBias", Time since last: 1948300 ns, Reaching safepoint: 10800 ns, At safepoint: 9600 ns, Total: 20400 ns
[2020-03-27T04:54:56.993+0000][1][safepoint    ] Safepoint "RevokeBias", Time since last: 360800 ns, Reaching safepoint: 8700 ns, At safepoint: 9200 ns, Total: 17900 ns
[2020-03-27T04:54:56.993+0000][1][safepoint    ] Safepoint "RevokeBias", Time since last: 510100 ns, Reaching safepoint: 7700 ns, At safepoint: 14000 ns, Total: 21700 ns
[2020-03-27T04:54:56.994+0000][1][safepoint    ] Safepoint "RevokeBias", Time since last: 461700 ns, Reaching safepoint: 138100 ns, At safepoint: 29800 ns, Total: 167900 ns
[2020-03-27T04:54:56.994+0000][1][safepoint    ] Safepoint "RevokeBias", Time since last: 269600 ns, Reaching safepoint: 89400 ns, At safepoint: 47900 ns, Total: 137300 ns
[2020-03-27T04:54:56.995+0000][1][safepoint    ] Safepoint "RevokeBias", Time since last: 290900 ns, Reaching safepoint: 93600 ns, At safepoint: 7900 ns, Total: 101500 ns
[2020-03-27T04:54:56.997+0000][1][gc,heap,exit ] Heap
[2020-03-27T04:54:56.997+0000][1][gc,heap,exit ]  par new generation   total 39296K, used 20609K [0x00000000e0000000, 0x00000000e2aa0000, 0x00000000ea660000)
[2020-03-27T04:54:56.998+0000][1][gc,heap,exit ]   eden space 34944K,  46% used [0x00000000e0000000, 0x00000000e0fe05f0, 0x00000000e2220000)
[2020-03-27T04:54:56.998+0000][1][gc,heap,exit ]   from space 4352K, 100% used [0x00000000e2660000, 0x00000000e2aa0000, 0x00000000e2aa0000)
[2020-03-27T04:54:56.999+0000][1][gc,heap,exit ]   to   space 4352K,   0% used [0x00000000e2220000, 0x00000000e2220000, 0x00000000e2660000)
[2020-03-27T04:54:56.999+0000][1][gc,heap,exit ]  concurrent mark-sweep generation total 92988K, used 57676K [0x00000000ea660000, 0x00000000f012f000, 0x0000000100000000)
[2020-03-27T04:54:56.999+0000][1][gc,heap,exit ]  Metaspace       used 72892K, capacity 78827K, committed 78948K, reserved 1116160K
[2020-03-27T04:54:57.000+0000][1][gc,heap,exit ]   class space    used 9860K, capacity 12304K, committed 12360K, reserved 1048576K
