[2020-03-27T04:54:11.560+0000][1][gc] Using Concurrent Mark Sweep
[2020-03-27T04:54:11.561+0000][1][gc,heap,coops] Heap address: 0x00000000e0000000, size: 512 MB, Compressed Oops mode: 32-bit
[2020-03-27T04:54:11.591+0000][1][safepoint    ] Safepoint "EnableBiasedLocking", Time since last: 21407491 ns, Reaching safepoint: 93800 ns, At safepoint: 25500 ns, Total: 119300 ns
[2020-03-27T04:54:11.595+0000][1][safepoint    ] Safepoint "RevokeBias", Time since last: 3784199 ns, Reaching safepoint: 131900 ns, At safepoint: 26000 ns, Total: 157900 ns
[2020-03-27T04:54:11.599+0000][1][safepoint    ] Safepoint "Deoptimize", Time since last: 4629398 ns, Reaching safepoint: 85100 ns, At safepoint: 24100 ns, Total: 109200 ns
[2020-03-27T04:54:11.647+0000][1][safepoint    ] Safepoint "RevokeBias", Time since last: 47522281 ns, Reaching safepoint: 18300 ns, At safepoint: 25600 ns, Total: 43900 ns
[2020-03-27T04:54:11.666+0000][1][safepoint    ] Safepoint "Deoptimize", Time since last: 18696592 ns, Reaching safepoint: 95900 ns, At safepoint: 22600 ns, Total: 118500 ns
[2020-03-27T04:54:11.856+0000][1][safepoint    ] Safepoint "Deoptimize", Time since last: 190113125 ns, Reaching safepoint: 37800 ns, At safepoint: 55900 ns, Total: 93700 ns
[2020-03-27T04:54:11.881+0000][1][safepoint    ] Safepoint "Deoptimize", Time since last: 24808090 ns, Reaching safepoint: 102200 ns, At safepoint: 60600 ns, Total: 162800 ns
[2020-03-27T04:54:11.949+0000][1][safepoint    ] Safepoint "Deoptimize", Time since last: 68007673 ns, Reaching safepoint: 20500 ns, At safepoint: 66200 ns, Total: 86700 ns
[2020-03-27T04:54:12.009+0000][1][gc,start     ] GC(0) Pause Young (Allocation Failure)
[2020-03-27T04:54:12.009+0000][1][gc,task      ] GC(0) Using 2 workers of 2 for evacuation
[2020-03-27T04:54:12.013+0000][1][gc,age       ] GC(0) Desired survivor size 2228224 bytes, new threshold 1 (max threshold 6)
[2020-03-27T04:54:12.013+0000][1][gc,age       ] GC(0) Age table with threshold 1 (max threshold 6)
[2020-03-27T04:54:12.013+0000][1][gc,age       ] GC(0) - age   1:    4424896 bytes,    4424896 total
[2020-03-27T04:54:12.014+0000][1][gc,heap      ] GC(0) ParNew: 34944K->4346K(39296K)
[2020-03-27T04:54:12.014+0000][1][gc,heap      ] GC(0) CMS: 0K->0K(87424K)
[2020-03-27T04:54:12.014+0000][1][gc,metaspace ] GC(0) Metaspace: 7932K->7932K(1056768K)
[2020-03-27T04:54:12.015+0000][1][gc           ] GC(0) Pause Young (Allocation Failure) 34M->4M(123M) 6.286ms
[2020-03-27T04:54:12.015+0000][1][gc,cpu       ] GC(0) User=0.01s Sys=0.01s Real=0.00s
[2020-03-27T04:54:12.016+0000][1][safepoint    ] Safepoint "GenCollectForAllocation", Time since last: 59294876 ns, Reaching safepoint: 106400 ns, At safepoint: 7086597 ns, Total: 7192997 ns
[2020-03-27T04:54:12.018+0000][1][safepoint    ] Safepoint "RevokeBias", Time since last: 1199100 ns, Reaching safepoint: 700099 ns, At safepoint: 17400 ns, Total: 717499 ns
[2020-03-27T04:54:12.019+0000][1][safepoint    ] Safepoint "RevokeBias", Time since last: 995200 ns, Reaching safepoint: 90200 ns, At safepoint: 13400 ns, Total: 103600 ns
[2020-03-27T04:54:12.019+0000][1][safepoint    ] Safepoint "RevokeBias", Time since last: 333400 ns, Reaching safepoint: 201100 ns, At safepoint: 16600 ns, Total: 217700 ns
[2020-03-27T04:54:12.020+0000][1][safepoint    ] Safepoint "RevokeBias", Time since last: 253400 ns, Reaching safepoint: 96600 ns, At safepoint: 52900 ns, Total: 149500 ns
[2020-03-27T04:54:12.020+0000][1][safepoint    ] Safepoint "RevokeBias", Time since last: 280899 ns, Reaching safepoint: 88000 ns, At safepoint: 22200 ns, Total: 110200 ns
[2020-03-27T04:54:12.020+0000][1][safepoint    ] Safepoint "RevokeBias", Time since last: 264900 ns, Reaching safepoint: 86400 ns, At safepoint: 58500 ns, Total: 144900 ns
[2020-03-27T04:54:12.021+0000][1][safepoint    ] Safepoint "RevokeBias", Time since last: 225300 ns, Reaching safepoint: 96100 ns, At safepoint: 94300 ns, Total: 190400 ns
[2020-03-27T04:54:12.021+0000][1][safepoint    ] Safepoint "RevokeBias", Time since last: 298700 ns, Reaching safepoint: 161100 ns, At safepoint: 35300 ns, Total: 196400 ns
[2020-03-27T04:54:12.022+0000][1][safepoint    ] Safepoint "RevokeBias", Time since last: 337700 ns, Reaching safepoint: 648900 ns, At safepoint: 43800 ns, Total: 692700 ns
[2020-03-27T04:54:12.023+0000][1][safepoint    ] Safepoint "RevokeBias", Time since last: 298599 ns, Reaching safepoint: 238000 ns, At safepoint: 48100 ns, Total: 286100 ns
[2020-03-27T04:54:12.023+0000][1][safepoint    ] Safepoint "RevokeBias", Time since last: 274000 ns, Reaching safepoint: 123900 ns, At safepoint: 37500 ns, Total: 161400 ns
[2020-03-27T04:54:12.024+0000][1][safepoint    ] Safepoint "RevokeBias", Time since last: 298600 ns, Reaching safepoint: 104000 ns, At safepoint: 33600 ns, Total: 137600 ns
[2020-03-27T04:54:12.024+0000][1][safepoint    ] Safepoint "RevokeBias", Time since last: 236000 ns, Reaching safepoint: 128800 ns, At safepoint: 27100 ns, Total: 155900 ns
[2020-03-27T04:54:12.025+0000][1][safepoint    ] Safepoint "RevokeBias", Time since last: 329900 ns, Reaching safepoint: 83500 ns, At safepoint: 27000 ns, Total: 110500 ns
[2020-03-27T04:54:12.026+0000][1][safepoint    ] Safepoint "RevokeBias", Time since last: 799199 ns, Reaching safepoint: 102400 ns, At safepoint: 35300 ns, Total: 137700 ns
[2020-03-27T04:54:12.026+0000][1][safepoint    ] Safepoint "RevokeBias", Time since last: 244300 ns, Reaching safepoint: 103700 ns, At safepoint: 63900 ns, Total: 167600 ns
[2020-03-27T04:54:12.026+0000][1][safepoint    ] Safepoint "RevokeBias", Time since last: 281600 ns, Reaching safepoint: 83300 ns, At safepoint: 39500 ns, Total: 122800 ns
[2020-03-27T04:54:12.027+0000][1][safepoint    ] Safepoint "RevokeBias", Time since last: 226700 ns, Reaching safepoint: 101900 ns, At safepoint: 48300 ns, Total: 150200 ns
[2020-03-27T04:54:12.027+0000][1][safepoint    ] Safepoint "RevokeBias", Time since last: 280300 ns, Reaching safepoint: 89400 ns, At safepoint: 43400 ns, Total: 132800 ns
[2020-03-27T04:54:12.028+0000][1][safepoint    ] Safepoint "RevokeBias", Time since last: 217199 ns, Reaching safepoint: 140700 ns, At safepoint: 16800 ns, Total: 157500 ns
[2020-03-27T04:54:12.028+0000][1][safepoint    ] Safepoint "RevokeBias", Time since last: 252300 ns, Reaching safepoint: 157000 ns, At safepoint: 25500 ns, Total: 182500 ns
[2020-03-27T04:54:12.028+0000][1][safepoint    ] Safepoint "RevokeBias", Time since last: 214100 ns, Reaching safepoint: 26800 ns, At safepoint: 24600 ns, Total: 51400 ns
[2020-03-27T04:54:12.029+0000][1][safepoint    ] Safepoint "RevokeBias", Time since last: 203900 ns, Reaching safepoint: 132700 ns, At safepoint: 34100 ns, Total: 166800 ns
[2020-03-27T04:54:12.029+0000][1][safepoint    ] Safepoint "RevokeBias", Time since last: 198400 ns, Reaching safepoint: 105700 ns, At safepoint: 20800 ns, Total: 126500 ns
[2020-03-27T04:54:12.029+0000][1][safepoint    ] Safepoint "RevokeBias", Time since last: 176000 ns, Reaching safepoint: 128000 ns, At safepoint: 24900 ns, Total: 152900 ns
[2020-03-27T04:54:12.030+0000][1][safepoint    ] Safepoint "RevokeBias", Time since last: 235100 ns, Reaching safepoint: 77000 ns, At safepoint: 34500 ns, Total: 111500 ns
[2020-03-27T04:54:12.059+0000][1][safepoint    ] Safepoint "Deoptimize", Time since last: 29618688 ns, Reaching safepoint: 101000 ns, At safepoint: 77900 ns, Total: 178900 ns
[2020-03-27T04:54:12.160+0000][1][safepoint    ] Safepoint "Deoptimize", Time since last: 100086760 ns, Reaching safepoint: 61700 ns, At safepoint: 86300 ns, Total: 148000 ns
[2020-03-27T04:54:12.285+0000][1][safepoint    ] Safepoint "RevokeBias", Time since last: 125170350 ns, Reaching safepoint: 111700 ns, At safepoint: 29200 ns, Total: 140900 ns
[2020-03-27T04:54:12.354+0000][1][safepoint    ] Safepoint "Deoptimize", Time since last: 68971972 ns, Reaching safepoint: 30800 ns, At safepoint: 91900 ns, Total: 122700 ns
[2020-03-27T04:54:12.402+0000][1][safepoint    ] Safepoint "Deoptimize", Time since last: 48224481 ns, Reaching safepoint: 21300 ns, At safepoint: 131900 ns, Total: 153200 ns
[2020-03-27T04:54:12.403+0000][1][safepoint    ] Safepoint "Deoptimize", Time since last: 570300 ns, Reaching safepoint: 5600 ns, At safepoint: 107600 ns, Total: 113200 ns
[2020-03-27T04:54:12.425+0000][1][safepoint    ] Safepoint "Deoptimize", Time since last: 21948491 ns, Reaching safepoint: 19800 ns, At safepoint: 104400 ns, Total: 124200 ns
[2020-03-27T04:54:12.428+0000][1][safepoint    ] Safepoint "Deoptimize", Time since last: 2143099 ns, Reaching safepoint: 51300 ns, At safepoint: 113200 ns, Total: 164500 ns
[2020-03-27T04:54:12.439+0000][1][safepoint    ] Safepoint "RevokeBias", Time since last: 11674096 ns, Reaching safepoint: 91000 ns, At safepoint: 31900 ns, Total: 122900 ns
[2020-03-27T04:54:12.440+0000][1][safepoint    ] Safepoint "RevokeBias", Time since last: 522699 ns, Reaching safepoint: 82800 ns, At safepoint: 22900 ns, Total: 105700 ns
[2020-03-27T04:54:12.454+0000][1][safepoint    ] Safepoint "RevokeBias", Time since last: 12982595 ns, Reaching safepoint: 779300 ns, At safepoint: 27000 ns, Total: 806300 ns
[2020-03-27T04:54:12.454+0000][1][safepoint    ] Safepoint "RevokeBias", Time since last: 551000 ns, Reaching safepoint: 136499 ns, At safepoint: 25600 ns, Total: 162099 ns
[2020-03-27T04:54:12.475+0000][1][gc,start     ] GC(1) Pause Young (Allocation Failure)
[2020-03-27T04:54:12.475+0000][1][gc,task      ] GC(1) Using 2 workers of 2 for evacuation
[2020-03-27T04:54:12.491+0000][1][gc,age       ] GC(1) Desired survivor size 2228224 bytes, new threshold 1 (max threshold 6)
[2020-03-27T04:54:12.492+0000][1][gc,age       ] GC(1) Age table with threshold 1 (max threshold 6)
[2020-03-27T04:54:12.492+0000][1][gc,age       ] GC(1) - age   1:    3616224 bytes,    3616224 total
[2020-03-27T04:54:12.493+0000][1][gc,heap      ] GC(1) ParNew: 39290K->4352K(39296K)
[2020-03-27T04:54:12.493+0000][1][gc,heap      ] GC(1) CMS: 0K->4562K(87424K)
[2020-03-27T04:54:12.494+0000][1][gc,metaspace ] GC(1) Metaspace: 12510K->12510K(1060864K)
[2020-03-27T04:54:12.494+0000][1][gc           ] GC(1) Pause Young (Allocation Failure) 38M->8M(123M) 19.191ms
[2020-03-27T04:54:12.495+0000][1][gc,cpu       ] GC(1) User=0.02s Sys=0.01s Real=0.02s
[2020-03-27T04:54:12.495+0000][1][safepoint    ] Safepoint "GenCollectForAllocation", Time since last: 20409092 ns, Reaching safepoint: 18000 ns, At safepoint: 20477892 ns, Total: 20495892 ns
[2020-03-27T04:54:12.496+0000][1][safepoint    ] Safepoint "RevokeBias", Time since last: 563500 ns, Reaching safepoint: 94300 ns, At safepoint: 26600 ns, Total: 120900 ns
[2020-03-27T04:54:12.496+0000][1][safepoint    ] Safepoint "RevokeBias", Time since last: 220800 ns, Reaching safepoint: 102000 ns, At safepoint: 27600 ns, Total: 129600 ns
[2020-03-27T04:54:12.822+0000][1][gc,start     ] GC(2) Pause Young (Allocation Failure)
[2020-03-27T04:54:12.822+0000][1][gc,task      ] GC(2) Using 2 workers of 2 for evacuation
[2020-03-27T04:54:12.828+0000][1][gc,age       ] GC(2) Desired survivor size 2228224 bytes, new threshold 1 (max threshold 6)
[2020-03-27T04:54:12.828+0000][1][gc,age       ] GC(2) Age table with threshold 1 (max threshold 6)
[2020-03-27T04:54:12.830+0000][1][gc,age       ] GC(2) - age   1:    2378216 bytes,    2378216 total
[2020-03-27T04:54:12.830+0000][1][gc,heap      ] GC(2) ParNew: 39296K->3207K(39296K)
[2020-03-27T04:54:12.830+0000][1][gc,heap      ] GC(2) CMS: 4562K->6679K(87424K)
[2020-03-27T04:54:12.831+0000][1][gc,metaspace ] GC(2) Metaspace: 15964K->15964K(1064960K)
[2020-03-27T04:54:12.831+0000][1][gc           ] GC(2) Pause Young (Allocation Failure) 42M->9M(123M) 9.340ms
[2020-03-27T04:54:12.831+0000][1][gc,cpu       ] GC(2) User=0.01s Sys=0.01s Real=0.01s
[2020-03-27T04:54:12.832+0000][1][safepoint    ] Safepoint "GenCollectForAllocation", Time since last: 325282370 ns, Reaching safepoint: 58200 ns, At safepoint: 10035196 ns, Total: 10093396 ns
[2020-03-27T04:54:12.832+0000][1][safepoint    ] Safepoint "BulkRevokeBias", Time since last: 402000 ns, Reaching safepoint: 64000 ns, At safepoint: 44800 ns, Total: 108800 ns
[2020-03-27T04:54:12.833+0000][1][safepoint    ] Safepoint "RevokeBias", Time since last: 316800 ns, Reaching safepoint: 12400 ns, At safepoint: 38600 ns, Total: 51000 ns
[2020-03-27T04:54:12.833+0000][1][safepoint    ] Safepoint "RevokeBias", Time since last: 337100 ns, Reaching safepoint: 140000 ns, At safepoint: 43100 ns, Total: 183100 ns
[2020-03-27T04:54:12.834+0000][1][safepoint    ] Safepoint "RevokeBias", Time since last: 310900 ns, Reaching safepoint: 118000 ns, At safepoint: 14500 ns, Total: 132500 ns
[2020-03-27T04:54:12.834+0000][1][safepoint    ] Safepoint "RevokeBias", Time since last: 405299 ns, Reaching safepoint: 102500 ns, At safepoint: 25700 ns, Total: 128200 ns
[2020-03-27T04:54:12.834+0000][1][safepoint    ] Safepoint "RevokeBias", Time since last: 227500 ns, Reaching safepoint: 101400 ns, At safepoint: 33000 ns, Total: 134400 ns
[2020-03-27T04:54:12.835+0000][1][safepoint    ] Safepoint "RevokeBias", Time since last: 423100 ns, Reaching safepoint: 8000 ns, At safepoint: 13600 ns, Total: 21600 ns
[2020-03-27T04:54:12.835+0000][1][safepoint    ] Safepoint "RevokeBias", Time since last: 266700 ns, Reaching safepoint: 51200 ns, At safepoint: 12300 ns, Total: 63500 ns
[2020-03-27T04:54:12.836+0000][1][safepoint    ] Safepoint "RevokeBias", Time since last: 581800 ns, Reaching safepoint: 81400 ns, At safepoint: 17600 ns, Total: 99000 ns
[2020-03-27T04:54:12.837+0000][1][safepoint    ] Safepoint "RevokeBias", Time since last: 632199 ns, Reaching safepoint: 50700 ns, At safepoint: 20000 ns, Total: 70700 ns
[2020-03-27T04:54:12.840+0000][1][safepoint    ] Safepoint "RevokeBias", Time since last: 2890899 ns, Reaching safepoint: 81300 ns, At safepoint: 17300 ns, Total: 98600 ns
[2020-03-27T04:54:12.857+0000][1][safepoint    ] Safepoint "RevokeBias", Time since last: 17507893 ns, Reaching safepoint: 98100 ns, At safepoint: 26900 ns, Total: 125000 ns
[2020-03-27T04:54:12.941+0000][1][gc,start     ] GC(3) Pause Young (Allocation Failure)
[2020-03-27T04:54:12.942+0000][1][gc,task      ] GC(3) Using 2 workers of 2 for evacuation
[2020-03-27T04:54:12.948+0000][1][gc,age       ] GC(3) Desired survivor size 2228224 bytes, new threshold 1 (max threshold 6)
[2020-03-27T04:54:12.949+0000][1][gc,age       ] GC(3) Age table with threshold 1 (max threshold 6)
[2020-03-27T04:54:12.952+0000][1][gc,age       ] GC(3) - age   1:    2545800 bytes,    2545800 total
[2020-03-27T04:54:12.952+0000][1][gc,heap      ] GC(3) ParNew: 38151K->3815K(39296K)
[2020-03-27T04:54:12.953+0000][1][gc,heap      ] GC(3) CMS: 6679K->7917K(87424K)
[2020-03-27T04:54:12.953+0000][1][gc,metaspace ] GC(3) Metaspace: 17036K->17036K(1064960K)
[2020-03-27T04:54:12.953+0000][1][gc           ] GC(3) Pause Young (Allocation Failure) 43M->11M(123M) 12.351ms
[2020-03-27T04:54:12.954+0000][1][gc,cpu       ] GC(3) User=0.01s Sys=0.00s Real=0.01s
[2020-03-27T04:54:12.954+0000][1][safepoint    ] Safepoint "GenCollectForAllocation", Time since last: 83563167 ns, Reaching safepoint: 104800 ns, At safepoint: 12970795 ns, Total: 13075595 ns
[2020-03-27T04:54:12.954+0000][1][safepoint    ] Safepoint "BulkRevokeBias", Time since last: 360099 ns, Reaching safepoint: 126100 ns, At safepoint: 26200 ns, Total: 152300 ns
[2020-03-27T04:54:12.955+0000][1][safepoint    ] Safepoint "RevokeBias", Time since last: 412200 ns, Reaching safepoint: 106600 ns, At safepoint: 56900 ns, Total: 163500 ns
[2020-03-27T04:54:13.072+0000][1][gc,start     ] GC(4) Pause Young (Allocation Failure)
[2020-03-27T04:54:13.072+0000][1][gc,task      ] GC(4) Using 2 workers of 2 for evacuation
[2020-03-27T04:54:13.076+0000][1][gc,age       ] GC(4) Desired survivor size 2228224 bytes, new threshold 6 (max threshold 6)
[2020-03-27T04:54:13.077+0000][1][gc,age       ] GC(4) Age table with threshold 6 (max threshold 6)
[2020-03-27T04:54:13.077+0000][1][gc,age       ] GC(4) - age   1:    1799904 bytes,    1799904 total
[2020-03-27T04:54:13.078+0000][1][gc,heap      ] GC(4) ParNew: 38758K->2500K(39296K)
[2020-03-27T04:54:13.078+0000][1][gc,heap      ] GC(4) CMS: 7917K->9105K(87424K)
[2020-03-27T04:54:13.079+0000][1][gc,metaspace ] GC(4) Metaspace: 18271K->18271K(1067008K)
[2020-03-27T04:54:13.079+0000][1][gc           ] GC(4) Pause Young (Allocation Failure) 45M->11M(123M) 7.161ms
[2020-03-27T04:54:13.079+0000][1][gc,cpu       ] GC(4) User=0.00s Sys=0.00s Real=0.01s
[2020-03-27T04:54:13.080+0000][1][safepoint    ] Safepoint "GenCollectForAllocation", Time since last: 116816854 ns, Reaching safepoint: 48700 ns, At safepoint: 8120596 ns, Total: 8169296 ns
[2020-03-27T04:54:13.080+0000][1][safepoint    ] Safepoint "RevokeBias", Time since last: 372600 ns, Reaching safepoint: 83600 ns, At safepoint: 31300 ns, Total: 114900 ns
[2020-03-27T04:54:13.081+0000][1][safepoint    ] Safepoint "RevokeBias", Time since last: 359600 ns, Reaching safepoint: 121800 ns, At safepoint: 27800 ns, Total: 149600 ns
[2020-03-27T04:54:13.081+0000][1][safepoint    ] Safepoint "RevokeBias", Time since last: 299400 ns, Reaching safepoint: 177700 ns, At safepoint: 13900 ns, Total: 191600 ns
[2020-03-27T04:54:13.082+0000][1][safepoint    ] Safepoint "RevokeBias", Time since last: 307200 ns, Reaching safepoint: 92900 ns, At safepoint: 12600 ns, Total: 105500 ns
[2020-03-27T04:54:13.082+0000][1][safepoint    ] Safepoint "RevokeBias", Time since last: 331000 ns, Reaching safepoint: 82599 ns, At safepoint: 24000 ns, Total: 106599 ns
[2020-03-27T04:54:13.083+0000][1][safepoint    ] Safepoint "RevokeBias", Time since last: 298600 ns, Reaching safepoint: 113600 ns, At safepoint: 10900 ns, Total: 124500 ns
[2020-03-27T04:54:13.083+0000][1][safepoint    ] Safepoint "RevokeBias", Time since last: 281900 ns, Reaching safepoint: 86700 ns, At safepoint: 22700 ns, Total: 109400 ns
[2020-03-27T04:54:13.084+0000][1][safepoint    ] Safepoint "RevokeBias", Time since last: 241000 ns, Reaching safepoint: 169200 ns, At safepoint: 28600 ns, Total: 197800 ns
[2020-03-27T04:54:13.084+0000][1][safepoint    ] Safepoint "RevokeBias", Time since last: 251300 ns, Reaching safepoint: 104100 ns, At safepoint: 12000 ns, Total: 116100 ns
[2020-03-27T04:54:13.084+0000][1][safepoint    ] Safepoint "RevokeBias", Time since last: 351900 ns, Reaching safepoint: 83800 ns, At safepoint: 15400 ns, Total: 99200 ns
[2020-03-27T04:54:13.085+0000][1][safepoint    ] Safepoint "RevokeBias", Time since last: 263000 ns, Reaching safepoint: 102700 ns, At safepoint: 13600 ns, Total: 116300 ns
[2020-03-27T04:54:13.085+0000][1][safepoint    ] Safepoint "RevokeBias", Time since last: 259899 ns, Reaching safepoint: 95900 ns, At safepoint: 13300 ns, Total: 109200 ns
[2020-03-27T04:54:13.085+0000][1][safepoint    ] Safepoint "RevokeBias", Time since last: 203100 ns, Reaching safepoint: 98700 ns, At safepoint: 11000 ns, Total: 109700 ns
[2020-03-27T04:54:13.086+0000][1][safepoint    ] Safepoint "RevokeBias", Time since last: 201100 ns, Reaching safepoint: 101600 ns, At safepoint: 27800 ns, Total: 129400 ns
[2020-03-27T04:54:13.086+0000][1][safepoint    ] Safepoint "RevokeBias", Time since last: 190700 ns, Reaching safepoint: 91900 ns, At safepoint: 41100 ns, Total: 133000 ns
[2020-03-27T04:54:13.086+0000][1][safepoint    ] Safepoint "RevokeBias", Time since last: 174600 ns, Reaching safepoint: 87400 ns, At safepoint: 28100 ns, Total: 115500 ns
[2020-03-27T04:54:13.087+0000][1][safepoint    ] Safepoint "RevokeBias", Time since last: 224800 ns, Reaching safepoint: 90200 ns, At safepoint: 37900 ns, Total: 128100 ns
[2020-03-27T04:54:13.139+0000][1][gc,start     ] GC(5) Pause Young (Allocation Failure)
[2020-03-27T04:54:13.140+0000][1][gc,task      ] GC(5) Using 2 workers of 2 for evacuation
[2020-03-27T04:54:13.142+0000][1][gc,age       ] GC(5) Desired survivor size 2228224 bytes, new threshold 6 (max threshold 6)
[2020-03-27T04:54:13.142+0000][1][gc,age       ] GC(5) Age table with threshold 6 (max threshold 6)
[2020-03-27T04:54:13.143+0000][1][gc,age       ] GC(5) - age   1:      58336 bytes,      58336 total
[2020-03-27T04:54:13.143+0000][1][gc,age       ] GC(5) - age   2:    1256656 bytes,    1314992 total
[2020-03-27T04:54:13.144+0000][1][gc,heap      ] GC(5) ParNew: 37444K->1943K(39296K)
[2020-03-27T04:54:13.144+0000][1][gc,heap      ] GC(5) CMS: 9105K->9105K(87424K)
[2020-03-27T04:54:13.144+0000][1][gc,metaspace ] GC(5) Metaspace: 18337K->18337K(1067008K)
[2020-03-27T04:54:13.145+0000][1][gc           ] GC(5) Pause Young (Allocation Failure) 45M->10M(123M) 5.772ms
[2020-03-27T04:54:13.145+0000][1][gc,cpu       ] GC(5) User=0.01s Sys=0.00s Real=0.00s
[2020-03-27T04:54:13.146+0000][1][safepoint    ] Safepoint "GenCollectForAllocation", Time since last: 52226679 ns, Reaching safepoint: 40500 ns, At safepoint: 6924297 ns, Total: 6964797 ns
[2020-03-27T04:54:13.147+0000][1][safepoint    ] Safepoint "RevokeBias", Time since last: 430400 ns, Reaching safepoint: 111100 ns, At safepoint: 52600 ns, Total: 163700 ns
[2020-03-27T04:54:13.147+0000][1][safepoint    ] Safepoint "RevokeBias", Time since last: 567000 ns, Reaching safepoint: 115800 ns, At safepoint: 19100 ns, Total: 134900 ns
[2020-03-27T04:54:13.181+0000][1][gc,start     ] GC(6) Pause Young (Allocation Failure)
[2020-03-27T04:54:13.182+0000][1][gc,task      ] GC(6) Using 2 workers of 2 for evacuation
[2020-03-27T04:54:13.186+0000][1][gc,age       ] GC(6) Desired survivor size 2228224 bytes, new threshold 3 (max threshold 6)
[2020-03-27T04:54:13.187+0000][1][gc,age       ] GC(6) Age table with threshold 3 (max threshold 6)
[2020-03-27T04:54:13.188+0000][1][gc,age       ] GC(6) - age   1:    1722832 bytes,    1722832 total
[2020-03-27T04:54:13.188+0000][1][gc,age       ] GC(6) - age   2:      40776 bytes,    1763608 total
[2020-03-27T04:54:13.188+0000][1][gc,age       ] GC(6) - age   3:    1256656 bytes,    3020264 total
[2020-03-27T04:54:13.189+0000][1][gc,heap      ] GC(6) ParNew: 36887K->3112K(39296K)
[2020-03-27T04:54:13.190+0000][1][gc,heap      ] GC(6) CMS: 9105K->9105K(87424K)
[2020-03-27T04:54:13.190+0000][1][gc,metaspace ] GC(6) Metaspace: 18388K->18388K(1067008K)
[2020-03-27T04:54:13.190+0000][1][gc           ] GC(6) Pause Young (Allocation Failure) 44M->11M(123M) 8.909ms
[2020-03-27T04:54:13.191+0000][1][gc,cpu       ] GC(6) User=0.00s Sys=0.00s Real=0.01s
[2020-03-27T04:54:13.191+0000][1][safepoint    ] Safepoint "GenCollectForAllocation", Time since last: 34140986 ns, Reaching safepoint: 100900 ns, At safepoint: 9646696 ns, Total: 9747596 ns
[2020-03-27T04:54:13.192+0000][1][safepoint    ] Safepoint "RevokeBias", Time since last: 286200 ns, Reaching safepoint: 115100 ns, At safepoint: 56100 ns, Total: 171200 ns
[2020-03-27T04:54:13.192+0000][1][safepoint    ] Safepoint "RevokeBias", Time since last: 203200 ns, Reaching safepoint: 99700 ns, At safepoint: 34900 ns, Total: 134600 ns
[2020-03-27T04:54:13.192+0000][1][safepoint    ] Safepoint "RevokeBias", Time since last: 248600 ns, Reaching safepoint: 113000 ns, At safepoint: 42100 ns, Total: 155100 ns
[2020-03-27T04:54:13.193+0000][1][safepoint    ] Safepoint "RevokeBias", Time since last: 310700 ns, Reaching safepoint: 88300 ns, At safepoint: 31600 ns, Total: 119900 ns
[2020-03-27T04:54:13.235+0000][1][gc,start     ] GC(7) Pause Young (Allocation Failure)
[2020-03-27T04:54:13.235+0000][1][gc,task      ] GC(7) Using 2 workers of 2 for evacuation
[2020-03-27T04:54:13.238+0000][1][gc,age       ] GC(7) Desired survivor size 2228224 bytes, new threshold 6 (max threshold 6)
[2020-03-27T04:54:13.238+0000][1][gc,age       ] GC(7) Age table with threshold 6 (max threshold 6)
[2020-03-27T04:54:13.239+0000][1][gc,age       ] GC(7) - age   1:     939088 bytes,     939088 total
[2020-03-27T04:54:13.239+0000][1][gc,age       ] GC(7) - age   2:      61760 bytes,    1000848 total
[2020-03-27T04:54:13.240+0000][1][gc,age       ] GC(7) - age   3:      40776 bytes,    1041624 total
[2020-03-27T04:54:13.240+0000][1][gc,heap      ] GC(7) ParNew: 38056K->2413K(39296K)
[2020-03-27T04:54:13.240+0000][1][gc,heap      ] GC(7) CMS: 9105K->10342K(87424K)
[2020-03-27T04:54:13.241+0000][1][gc,metaspace ] GC(7) Metaspace: 18440K->18440K(1067008K)
[2020-03-27T04:54:13.241+0000][1][gc           ] GC(7) Pause Young (Allocation Failure) 46M->12M(123M) 6.123ms
[2020-03-27T04:54:13.241+0000][1][gc,cpu       ] GC(7) User=0.01s Sys=0.00s Real=0.01s
[2020-03-27T04:54:13.242+0000][1][safepoint    ] Safepoint "GenCollectForAllocation", Time since last: 42080283 ns, Reaching safepoint: 18800 ns, At safepoint: 6809197 ns, Total: 6827997 ns
[2020-03-27T04:54:13.242+0000][1][safepoint    ] Safepoint "RevokeBias", Time since last: 418300 ns, Reaching safepoint: 91400 ns, At safepoint: 15900 ns, Total: 107300 ns
[2020-03-27T04:54:13.243+0000][1][safepoint    ] Safepoint "RevokeBias", Time since last: 255100 ns, Reaching safepoint: 108700 ns, At safepoint: 15200 ns, Total: 123900 ns
[2020-03-27T04:54:13.243+0000][1][safepoint    ] Safepoint "RevokeBias", Time since last: 300100 ns, Reaching safepoint: 50500 ns, At safepoint: 25900 ns, Total: 76400 ns
[2020-03-27T04:54:13.243+0000][1][safepoint    ] Safepoint "RevokeBias", Time since last: 281699 ns, Reaching safepoint: 60900 ns, At safepoint: 29100 ns, Total: 90000 ns
[2020-03-27T04:54:13.321+0000][1][gc,start     ] GC(8) Pause Young (Allocation Failure)
[2020-03-27T04:54:13.340+0000][1][gc,task      ] GC(8) Using 2 workers of 2 for evacuation
[2020-03-27T04:54:13.362+0000][1][gc,age       ] GC(8) Desired survivor size 2228224 bytes, new threshold 6 (max threshold 6)
[2020-03-27T04:54:13.363+0000][1][gc,age       ] GC(8) Age table with threshold 6 (max threshold 6)
[2020-03-27T04:54:13.364+0000][1][gc,age       ] GC(8) - age   1:     258544 bytes,     258544 total
[2020-03-27T04:54:13.364+0000][1][gc,age       ] GC(8) - age   2:     276688 bytes,     535232 total
[2020-03-27T04:54:13.364+0000][1][gc,age       ] GC(8) - age   3:      61760 bytes,     596992 total
[2020-03-27T04:54:13.365+0000][1][gc,age       ] GC(8) - age   4:      40776 bytes,     637768 total
[2020-03-27T04:54:13.365+0000][1][gc,heap      ] GC(8) ParNew: 37357K->1477K(39296K)
[2020-03-27T04:54:13.366+0000][1][gc,heap      ] GC(8) CMS: 10342K->10342K(87424K)
[2020-03-27T04:54:13.366+0000][1][gc,metaspace ] GC(8) Metaspace: 18450K->18450K(1067008K)
[2020-03-27T04:54:13.366+0000][1][gc           ] GC(8) Pause Young (Allocation Failure) 46M->11M(123M) 44.776ms
[2020-03-27T04:54:13.366+0000][1][gc,cpu       ] GC(8) User=0.04s Sys=0.00s Real=0.05s
[2020-03-27T04:54:13.367+0000][1][safepoint    ] Safepoint "GenCollectForAllocation", Time since last: 77907669 ns, Reaching safepoint: 100000 ns, At safepoint: 45350782 ns, Total: 45450782 ns
[2020-03-27T04:54:13.419+0000][1][gc,start     ] GC(9) Pause Young (Allocation Failure)
[2020-03-27T04:54:13.420+0000][1][gc,task      ] GC(9) Using 2 workers of 2 for evacuation
[2020-03-27T04:54:13.423+0000][1][gc,age       ] GC(9) Desired survivor size 2228224 bytes, new threshold 1 (max threshold 6)
[2020-03-27T04:54:13.423+0000][1][gc,age       ] GC(9) Age table with threshold 1 (max threshold 6)
[2020-03-27T04:54:13.424+0000][1][gc,age       ] GC(9) - age   1:    2944944 bytes,    2944944 total
[2020-03-27T04:54:13.425+0000][1][gc,age       ] GC(9) - age   2:     256712 bytes,    3201656 total
[2020-03-27T04:54:13.425+0000][1][gc,age       ] GC(9) - age   3:     263000 bytes,    3464656 total
[2020-03-27T04:54:13.426+0000][1][gc,age       ] GC(9) - age   4:      61760 bytes,    3526416 total
[2020-03-27T04:54:13.426+0000][1][gc,age       ] GC(9) - age   5:      40776 bytes,    3567192 total
[2020-03-27T04:54:13.427+0000][1][gc,heap      ] GC(9) ParNew: 36421K->3841K(39296K)
[2020-03-27T04:54:13.427+0000][1][gc,heap      ] GC(9) CMS: 10342K->10342K(87424K)
[2020-03-27T04:54:13.428+0000][1][gc,metaspace ] GC(9) Metaspace: 18752K->18752K(1067008K)
[2020-03-27T04:54:13.428+0000][1][gc           ] GC(9) Pause Young (Allocation Failure) 45M->13M(123M) 9.204ms
[2020-03-27T04:54:13.429+0000][1][gc,cpu       ] GC(9) User=0.00s Sys=0.00s Real=0.01s
[2020-03-27T04:54:13.429+0000][1][safepoint    ] Safepoint "GenCollectForAllocation", Time since last: 52140980 ns, Reaching safepoint: 101799 ns, At safepoint: 10320796 ns, Total: 10422595 ns
[2020-03-27T04:54:13.433+0000][1][safepoint    ] Safepoint "RevokeBias", Time since last: 4157599 ns, Reaching safepoint: 15900 ns, At safepoint: 15900 ns, Total: 31800 ns
[2020-03-27T04:54:13.441+0000][1][safepoint    ] Safepoint "RevokeBias", Time since last: 7152297 ns, Reaching safepoint: 92000 ns, At safepoint: 30100 ns, Total: 122100 ns
[2020-03-27T04:54:13.447+0000][1][safepoint    ] Safepoint "RevokeBias", Time since last: 5904397 ns, Reaching safepoint: 119500 ns, At safepoint: 16000 ns, Total: 135500 ns
[2020-03-27T04:54:13.449+0000][1][safepoint    ] Safepoint "RevokeBias", Time since last: 1803100 ns, Reaching safepoint: 76700 ns, At safepoint: 19400 ns, Total: 96100 ns
[2020-03-27T04:54:13.510+0000][1][gc,start     ] GC(10) Pause Young (Allocation Failure)
[2020-03-27T04:54:13.511+0000][1][gc,task      ] GC(10) Using 2 workers of 2 for evacuation
[2020-03-27T04:54:13.515+0000][1][gc,age       ] GC(10) Desired survivor size 2228224 bytes, new threshold 6 (max threshold 6)
[2020-03-27T04:54:13.515+0000][1][gc,age       ] GC(10) Age table with threshold 6 (max threshold 6)
[2020-03-27T04:54:13.516+0000][1][gc,age       ] GC(10) - age   1:      85448 bytes,      85448 total
[2020-03-27T04:54:13.516+0000][1][gc,heap      ] GC(10) ParNew: 38785K->1275K(39296K)
[2020-03-27T04:54:13.517+0000][1][gc,heap      ] GC(10) CMS: 10342K->11887K(87424K)
[2020-03-27T04:54:13.518+0000][1][gc,metaspace ] GC(10) Metaspace: 18847K->18847K(1067008K)
[2020-03-27T04:54:13.518+0000][1][gc           ] GC(10) Pause Young (Allocation Failure) 47M->12M(123M) 7.786ms
[2020-03-27T04:54:13.519+0000][1][gc,cpu       ] GC(10) User=0.00s Sys=0.00s Real=0.01s
[2020-03-27T04:54:13.519+0000][1][safepoint    ] Safepoint "GenCollectForAllocation", Time since last: 61808375 ns, Reaching safepoint: 30600 ns, At safepoint: 8454797 ns, Total: 8485397 ns
[2020-03-27T04:54:13.520+0000][1][safepoint    ] Safepoint "BulkRevokeBias", Time since last: 458199 ns, Reaching safepoint: 103300 ns, At safepoint: 118500 ns, Total: 221800 ns
[2020-03-27T04:54:13.523+0000][1][safepoint    ] Safepoint "RevokeBias", Time since last: 3049699 ns, Reaching safepoint: 97200 ns, At safepoint: 32900 ns, Total: 130100 ns
[2020-03-27T04:54:13.557+0000][1][safepoint    ] Safepoint "Deoptimize", Time since last: 33476187 ns, Reaching safepoint: 102100 ns, At safepoint: 216300 ns, Total: 318400 ns
[2020-03-27T04:54:13.588+0000][1][safepoint    ] Safepoint "Deoptimize", Time since last: 31370987 ns, Reaching safepoint: 313700 ns, At safepoint: 172900 ns, Total: 486600 ns
[2020-03-27T04:54:13.592+0000][1][safepoint    ] Safepoint "RevokeBias", Time since last: 3339599 ns, Reaching safepoint: 55300 ns, At safepoint: 23400 ns, Total: 78700 ns
[2020-03-27T04:54:13.597+0000][1][gc,start     ] GC(11) Pause Young (Allocation Failure)
[2020-03-27T04:54:13.597+0000][1][gc,task      ] GC(11) Using 2 workers of 2 for evacuation
[2020-03-27T04:54:13.608+0000][1][gc,age       ] GC(11) Desired survivor size 2228224 bytes, new threshold 2 (max threshold 6)
[2020-03-27T04:54:13.609+0000][1][gc,age       ] GC(11) Age table with threshold 2 (max threshold 6)
[2020-03-27T04:54:13.636+0000][1][gc,age       ] GC(11) - age   1:    2186656 bytes,    2186656 total
[2020-03-27T04:54:13.658+0000][1][gc,age       ] GC(11) - age   2:      67296 bytes,    2253952 total
[2020-03-27T04:54:13.658+0000][1][gc,heap      ] GC(11) ParNew: 36219K->2286K(39296K)
[2020-03-27T04:54:13.659+0000][1][gc,heap      ] GC(11) CMS: 11887K->11887K(87424K)
[2020-03-27T04:54:13.659+0000][1][gc,metaspace ] GC(11) Metaspace: 19162K->19162K(1067008K)
[2020-03-27T04:54:13.659+0000][1][gc           ] GC(11) Pause Young (Allocation Failure) 46M->13M(123M) 62.809ms
[2020-03-27T04:54:13.660+0000][1][gc,cpu       ] GC(11) User=0.01s Sys=0.00s Real=0.07s
[2020-03-27T04:54:13.660+0000][1][safepoint    ] Safepoint "GenCollectForAllocation", Time since last: 4634298 ns, Reaching safepoint: 126700 ns, At safepoint: 63540674 ns, Total: 63667374 ns
[2020-03-27T04:54:13.662+0000][1][safepoint    ] Safepoint "RevokeBias", Time since last: 2047600 ns, Reaching safepoint: 139800 ns, At safepoint: 27500 ns, Total: 167300 ns
[2020-03-27T04:54:13.663+0000][1][safepoint    ] Safepoint "RevokeBias", Time since last: 304799 ns, Reaching safepoint: 101200 ns, At safepoint: 13000 ns, Total: 114200 ns
[2020-03-27T04:54:13.663+0000][1][safepoint    ] Safepoint "RevokeBias", Time since last: 343300 ns, Reaching safepoint: 8500 ns, At safepoint: 89200 ns, Total: 97700 ns
[2020-03-27T04:54:13.664+0000][1][safepoint    ] Safepoint "RevokeBias", Time since last: 340000 ns, Reaching safepoint: 83000 ns, At safepoint: 12300 ns, Total: 95300 ns
[2020-03-27T04:54:13.664+0000][1][safepoint    ] Safepoint "BulkRevokeBias", Time since last: 228000 ns, Reaching safepoint: 177800 ns, At safepoint: 65000 ns, Total: 242800 ns
[2020-03-27T04:54:13.665+0000][1][safepoint    ] Safepoint "BulkRevokeBias", Time since last: 246400 ns, Reaching safepoint: 101100 ns, At safepoint: 62700 ns, Total: 163800 ns
[2020-03-27T04:54:13.712+0000][1][safepoint    ] Safepoint "RevokeBias", Time since last: 47450481 ns, Reaching safepoint: 135100 ns, At safepoint: 22400 ns, Total: 157500 ns
[2020-03-27T04:54:13.713+0000][1][safepoint    ] Safepoint "RevokeBias", Time since last: 877299 ns, Reaching safepoint: 8400 ns, At safepoint: 16900 ns, Total: 25300 ns
[2020-03-27T04:54:13.715+0000][1][gc,start     ] GC(12) Pause Young (Allocation Failure)
[2020-03-27T04:54:13.715+0000][1][gc,task      ] GC(12) Using 2 workers of 2 for evacuation
[2020-03-27T04:54:13.721+0000][1][gc,age       ] GC(12) Desired survivor size 2228224 bytes, new threshold 6 (max threshold 6)
[2020-03-27T04:54:13.722+0000][1][gc,age       ] GC(12) Age table with threshold 6 (max threshold 6)
[2020-03-27T04:54:13.722+0000][1][gc,age       ] GC(12) - age   1:       6496 bytes,       6496 total
[2020-03-27T04:54:13.723+0000][1][gc,age       ] GC(12) - age   2:    1865392 bytes,    1871888 total
[2020-03-27T04:54:13.724+0000][1][gc,heap      ] GC(12) ParNew: 37230K->2721K(39296K)
[2020-03-27T04:54:13.725+0000][1][gc,heap      ] GC(12) CMS: 11887K->11955K(87424K)
[2020-03-27T04:54:13.725+0000][1][gc,metaspace ] GC(12) Metaspace: 19164K->19164K(1067008K)
[2020-03-27T04:54:13.725+0000][1][gc           ] GC(12) Pause Young (Allocation Failure) 47M->14M(123M) 10.377ms
[2020-03-27T04:54:13.726+0000][1][gc,cpu       ] GC(12) User=0.01s Sys=0.00s Real=0.02s
[2020-03-27T04:54:13.726+0000][1][safepoint    ] Safepoint "GenCollectForAllocation", Time since last: 1890900 ns, Reaching safepoint: 15700 ns, At safepoint: 10974195 ns, Total: 10989895 ns
[2020-03-27T04:54:13.731+0000][1][safepoint    ] Safepoint "RevokeBias", Time since last: 5405898 ns, Reaching safepoint: 124900 ns, At safepoint: 17500 ns, Total: 142400 ns
[2020-03-27T04:54:13.734+0000][1][safepoint    ] Safepoint "RevokeBias", Time since last: 2817299 ns, Reaching safepoint: 75500 ns, At safepoint: 19600 ns, Total: 95100 ns
[2020-03-27T04:54:13.784+0000][1][safepoint    ] Safepoint "RevokeBias", Time since last: 49439580 ns, Reaching safepoint: 99000 ns, At safepoint: 21800 ns, Total: 120800 ns
[2020-03-27T04:54:13.788+0000][1][safepoint    ] Safepoint "RevokeBias", Time since last: 3901899 ns, Reaching safepoint: 89200 ns, At safepoint: 18600 ns, Total: 107800 ns
[2020-03-27T04:54:13.809+0000][1][gc,start     ] GC(13) Pause Young (Allocation Failure)
[2020-03-27T04:54:13.809+0000][1][gc,task      ] GC(13) Using 2 workers of 2 for evacuation
[2020-03-27T04:54:13.812+0000][1][gc,age       ] GC(13) Desired survivor size 2228224 bytes, new threshold 3 (max threshold 6)
[2020-03-27T04:54:13.812+0000][1][gc,age       ] GC(13) Age table with threshold 3 (max threshold 6)
[2020-03-27T04:54:13.812+0000][1][gc,age       ] GC(13) - age   1:     627824 bytes,     627824 total
[2020-03-27T04:54:13.834+0000][1][gc,age       ] GC(13) - age   2:       3192 bytes,     631016 total
[2020-03-27T04:54:13.835+0000][1][gc,age       ] GC(13) - age   3:    1850784 bytes,    2481800 total
[2020-03-27T04:54:13.835+0000][1][gc,heap      ] GC(13) ParNew: 37665K->3649K(39296K)
[2020-03-27T04:54:13.835+0000][1][gc,heap      ] GC(13) CMS: 11955K->11955K(87424K)
[2020-03-27T04:54:13.836+0000][1][gc,metaspace ] GC(13) Metaspace: 19191K->19191K(1067008K)
[2020-03-27T04:54:13.836+0000][1][gc           ] GC(13) Pause Young (Allocation Failure) 48M->15M(123M) 27.109ms
[2020-03-27T04:54:13.837+0000][1][gc,cpu       ] GC(13) User=0.00s Sys=0.00s Real=0.03s
[2020-03-27T04:54:13.837+0000][1][safepoint    ] Safepoint "GenCollectForAllocation", Time since last: 20949891 ns, Reaching safepoint: 93800 ns, At safepoint: 27985290 ns, Total: 28079090 ns
[2020-03-27T04:54:13.861+0000][1][gc,start     ] GC(14) Pause Young (Allocation Failure)
[2020-03-27T04:54:13.862+0000][1][gc,task      ] GC(14) Using 2 workers of 2 for evacuation
[2020-03-27T04:54:13.911+0000][1][gc,age       ] GC(14) Desired survivor size 2228224 bytes, new threshold 6 (max threshold 6)
[2020-03-27T04:54:13.911+0000][1][gc,age       ] GC(14) Age table with threshold 6 (max threshold 6)
[2020-03-27T04:54:13.912+0000][1][gc,age       ] GC(14) - age   1:    1802864 bytes,    1802864 total
[2020-03-27T04:54:13.912+0000][1][gc,age       ] GC(14) - age   2:     126976 bytes,    1929840 total
[2020-03-27T04:54:13.913+0000][1][gc,age       ] GC(14) - age   3:       3192 bytes,    1933032 total
[2020-03-27T04:54:13.914+0000][1][gc,heap      ] GC(14) ParNew: 38593K->2273K(39296K)
[2020-03-27T04:54:13.914+0000][1][gc,heap      ] GC(14) CMS: 11955K->13832K(87424K)
[2020-03-27T04:54:13.914+0000][1][gc,metaspace ] GC(14) Metaspace: 19192K->19192K(1067008K)
[2020-03-27T04:54:13.915+0000][1][gc           ] GC(14) Pause Young (Allocation Failure) 49M->15M(123M) 53.388ms
[2020-03-27T04:54:13.915+0000][1][gc,cpu       ] GC(14) User=0.05s Sys=0.00s Real=0.06s
[2020-03-27T04:54:13.915+0000][1][safepoint    ] Safepoint "GenCollectForAllocation", Time since last: 24168700 ns, Reaching safepoint: 96900 ns, At safepoint: 53957198 ns, Total: 54054098 ns
[2020-03-27T04:54:13.919+0000][1][safepoint    ] Safepoint "RevokeBias", Time since last: 3962300 ns, Reaching safepoint: 15300 ns, At safepoint: 20400 ns, Total: 35700 ns
[2020-03-27T04:54:13.923+0000][1][safepoint    ] Safepoint "RevokeBias", Time since last: 4173200 ns, Reaching safepoint: 18500 ns, At safepoint: 20900 ns, Total: 39400 ns
[2020-03-27T04:54:13.959+0000][1][safepoint    ] Safepoint "RevokeBias", Time since last: 34962499 ns, Reaching safepoint: 159100 ns, At safepoint: 64200 ns, Total: 223300 ns
[2020-03-27T04:54:13.967+0000][1][safepoint    ] Safepoint "RevokeBias", Time since last: 7828800 ns, Reaching safepoint: 149900 ns, At safepoint: 20900 ns, Total: 170800 ns
[2020-03-27T04:54:13.970+0000][1][safepoint    ] Safepoint "RevokeBias", Time since last: 3632800 ns, Reaching safepoint: 95700 ns, At safepoint: 16600 ns, Total: 112300 ns
[2020-03-27T04:54:13.975+0000][1][gc,start     ] GC(15) Pause Young (Allocation Failure)
[2020-03-27T04:54:13.976+0000][1][gc,task      ] GC(15) Using 2 workers of 2 for evacuation
[2020-03-27T04:54:13.977+0000][1][gc,age       ] GC(15) Desired survivor size 2228224 bytes, new threshold 6 (max threshold 6)
[2020-03-27T04:54:13.978+0000][1][gc,age       ] GC(15) Age table with threshold 6 (max threshold 6)
[2020-03-27T04:54:13.978+0000][1][gc,age       ] GC(15) - age   1:    1714472 bytes,    1714472 total
[2020-03-27T04:54:13.978+0000][1][gc,age       ] GC(15) - age   2:        752 bytes,    1715224 total
[2020-03-27T04:54:13.979+0000][1][gc,age       ] GC(15) - age   3:     100712 bytes,    1815936 total
[2020-03-27T04:54:13.979+0000][1][gc,age       ] GC(15) - age   4:       3192 bytes,    1819128 total
[2020-03-27T04:54:13.979+0000][1][gc,heap      ] GC(15) ParNew: 37217K->3104K(39296K)
[2020-03-27T04:54:13.979+0000][1][gc,heap      ] GC(15) CMS: 13832K->13832K(87424K)
[2020-03-27T04:54:13.980+0000][1][gc,metaspace ] GC(15) Metaspace: 19447K->19447K(1067008K)
[2020-03-27T04:54:13.980+0000][1][gc           ] GC(15) Pause Young (Allocation Failure) 49M->16M(123M) 5.052ms
[2020-03-27T04:54:13.981+0000][1][gc,cpu       ] GC(15) User=0.01s Sys=0.00s Real=0.01s
[2020-03-27T04:54:13.981+0000][1][safepoint    ] Safepoint "GenCollectForAllocation", Time since last: 4719200 ns, Reaching safepoint: 94100 ns, At safepoint: 6003500 ns, Total: 6097600 ns
[2020-03-27T04:54:13.998+0000][1][safepoint    ] Safepoint "RevokeBias", Time since last: 17171699 ns, Reaching safepoint: 49100 ns, At safepoint: 19600 ns, Total: 68700 ns
[2020-03-27T04:54:14.000+0000][1][safepoint    ] Safepoint "RevokeBias", Time since last: 1440900 ns, Reaching safepoint: 71900 ns, At safepoint: 51100 ns, Total: 123000 ns
[2020-03-27T04:54:14.014+0000][1][gc,start     ] GC(16) Pause Young (Allocation Failure)
[2020-03-27T04:54:14.015+0000][1][gc,task      ] GC(16) Using 2 workers of 2 for evacuation
[2020-03-27T04:54:14.017+0000][1][gc,age       ] GC(16) Desired survivor size 2228224 bytes, new threshold 2 (max threshold 6)
[2020-03-27T04:54:14.017+0000][1][gc,age       ] GC(16) Age table with threshold 2 (max threshold 6)
[2020-03-27T04:54:14.017+0000][1][gc,age       ] GC(16) - age   1:    1453408 bytes,    1453408 total
[2020-03-27T04:54:14.018+0000][1][gc,age       ] GC(16) - age   2:     869064 bytes,    2322472 total
[2020-03-27T04:54:14.018+0000][1][gc,age       ] GC(16) - age   3:        752 bytes,    2323224 total
[2020-03-27T04:54:14.019+0000][1][gc,age       ] GC(16) - age   4:     100712 bytes,    2423936 total
[2020-03-27T04:54:14.019+0000][1][gc,age       ] GC(16) - age   5:       3192 bytes,    2427128 total
[2020-03-27T04:54:14.019+0000][1][gc,heap      ] GC(16) ParNew: 38048K->2655K(39296K)
[2020-03-27T04:54:14.020+0000][1][gc,heap      ] GC(16) CMS: 13832K->13832K(87424K)
[2020-03-27T04:54:14.020+0000][1][gc,metaspace ] GC(16) Metaspace: 19510K->19510K(1067008K)
[2020-03-27T04:54:14.020+0000][1][gc           ] GC(16) Pause Young (Allocation Failure) 50M->16M(123M) 6.008ms
[2020-03-27T04:54:14.021+0000][1][gc,cpu       ] GC(16) User=0.01s Sys=0.00s Real=0.01s
[2020-03-27T04:54:14.021+0000][1][safepoint    ] Safepoint "GenCollectForAllocation", Time since last: 14044400 ns, Reaching safepoint: 140400 ns, At safepoint: 6773900 ns, Total: 6914300 ns
[2020-03-27T04:54:14.028+0000][1][safepoint    ] Safepoint "RevokeBias", Time since last: 7334400 ns, Reaching safepoint: 96800 ns, At safepoint: 20800 ns, Total: 117600 ns
[2020-03-27T04:54:14.037+0000][1][safepoint    ] Safepoint "RevokeBias", Time since last: 8378199 ns, Reaching safepoint: 23200 ns, At safepoint: 25100 ns, Total: 48300 ns
[2020-03-27T04:54:14.059+0000][1][gc,start     ] GC(17) Pause Young (Allocation Failure)
[2020-03-27T04:54:14.060+0000][1][gc,task      ] GC(17) Using 2 workers of 2 for evacuation
[2020-03-27T04:54:14.064+0000][1][gc,age       ] GC(17) Desired survivor size 2228224 bytes, new threshold 6 (max threshold 6)
[2020-03-27T04:54:14.065+0000][1][gc,age       ] GC(17) Age table with threshold 6 (max threshold 6)
[2020-03-27T04:54:14.065+0000][1][gc,age       ] GC(17) - age   1:    1791192 bytes,    1791192 total
[2020-03-27T04:54:14.066+0000][1][gc,age       ] GC(17) - age   2:      58088 bytes,    1849280 total
[2020-03-27T04:54:14.066+0000][1][gc,heap      ] GC(17) ParNew: 37599K->3471K(39296K)
[2020-03-27T04:54:14.067+0000][1][gc,heap      ] GC(17) CMS: 13832K->14793K(87424K)
[2020-03-27T04:54:14.067+0000][1][gc,metaspace ] GC(17) Metaspace: 19643K->19643K(1067008K)
[2020-03-27T04:54:14.068+0000][1][gc           ] GC(17) Pause Young (Allocation Failure) 50M->17M(123M) 8.334ms
[2020-03-27T04:54:14.068+0000][1][gc,cpu       ] GC(17) User=0.01s Sys=0.00s Real=0.01s
[2020-03-27T04:54:14.068+0000][1][safepoint    ] Safepoint "GenCollectForAllocation", Time since last: 22249000 ns, Reaching safepoint: 106600 ns, At safepoint: 9188200 ns, Total: 9294800 ns
[2020-03-27T04:54:14.071+0000][1][safepoint    ] Safepoint "RevokeBias", Time since last: 2604300 ns, Reaching safepoint: 104300 ns, At safepoint: 18200 ns, Total: 122500 ns
[2020-03-27T04:54:14.074+0000][1][safepoint    ] Safepoint "RevokeBias", Time since last: 2771499 ns, Reaching safepoint: 83100 ns, At safepoint: 16900 ns, Total: 100000 ns
[2020-03-27T04:54:14.092+0000][1][safepoint    ] Safepoint "RevokeBias", Time since last: 17606800 ns, Reaching safepoint: 144900 ns, At safepoint: 30000 ns, Total: 174900 ns
[2020-03-27T04:54:14.094+0000][1][safepoint    ] Safepoint "RevokeBias", Time since last: 2501400 ns, Reaching safepoint: 102500 ns, At safepoint: 29200 ns, Total: 131700 ns
[2020-03-27T04:54:14.096+0000][1][safepoint    ] Safepoint "RevokeBias", Time since last: 1918800 ns, Reaching safepoint: 81600 ns, At safepoint: 18800 ns, Total: 100400 ns
[2020-03-27T04:54:14.099+0000][1][gc,start     ] GC(18) Pause Young (Allocation Failure)
[2020-03-27T04:54:14.100+0000][1][gc,task      ] GC(18) Using 2 workers of 2 for evacuation
[2020-03-27T04:54:14.101+0000][1][gc,age       ] GC(18) Desired survivor size 2228224 bytes, new threshold 6 (max threshold 6)
[2020-03-27T04:54:14.101+0000][1][gc,age       ] GC(18) Age table with threshold 6 (max threshold 6)
[2020-03-27T04:54:14.102+0000][1][gc,age       ] GC(18) - age   1:     387200 bytes,     387200 total
[2020-03-27T04:54:14.102+0000][1][gc,age       ] GC(18) - age   2:      79952 bytes,     467152 total
[2020-03-27T04:54:14.103+0000][1][gc,age       ] GC(18) - age   3:      57984 bytes,     525136 total
[2020-03-27T04:54:14.103+0000][1][gc,heap      ] GC(18) ParNew: 38415K->1111K(39296K)
[2020-03-27T04:54:14.104+0000][1][gc,heap      ] GC(18) CMS: 14793K->14793K(87424K)
[2020-03-27T04:54:14.104+0000][1][gc,metaspace ] GC(18) Metaspace: 19665K->19665K(1067008K)
[2020-03-27T04:54:14.105+0000][1][gc           ] GC(18) Pause Young (Allocation Failure) 51M->15M(123M) 5.451ms
[2020-03-27T04:54:14.105+0000][1][gc,cpu       ] GC(18) User=0.00s Sys=0.00s Real=0.00s
[2020-03-27T04:54:14.106+0000][1][safepoint    ] Safepoint "GenCollectForAllocation", Time since last: 2673500 ns, Reaching safepoint: 48600 ns, At safepoint: 6439200 ns, Total: 6487800 ns
[2020-03-27T04:54:14.119+0000][1][safepoint    ] Safepoint "RevokeBias", Time since last: 13198599 ns, Reaching safepoint: 16100 ns, At safepoint: 26100 ns, Total: 42200 ns
[2020-03-27T04:54:14.121+0000][1][safepoint    ] Safepoint "RevokeBias", Time since last: 1723300 ns, Reaching safepoint: 11200 ns, At safepoint: 25500 ns, Total: 36700 ns
[2020-03-27T04:54:14.131+0000][1][gc,start     ] GC(19) Pause Young (Allocation Failure)
[2020-03-27T04:54:14.132+0000][1][gc,task      ] GC(19) Using 2 workers of 2 for evacuation
[2020-03-27T04:54:14.134+0000][1][gc,age       ] GC(19) Desired survivor size 2228224 bytes, new threshold 6 (max threshold 6)
[2020-03-27T04:54:14.134+0000][1][gc,age       ] GC(19) Age table with threshold 6 (max threshold 6)
[2020-03-27T04:54:14.134+0000][1][gc,age       ] GC(19) - age   1:    2003568 bytes,    2003568 total
[2020-03-27T04:54:14.135+0000][1][gc,age       ] GC(19) - age   2:      72448 bytes,    2076016 total
[2020-03-27T04:54:14.135+0000][1][gc,age       ] GC(19) - age   3:      79952 bytes,    2155968 total
[2020-03-27T04:54:14.135+0000][1][gc,age       ] GC(19) - age   4:      57984 bytes,    2213952 total
[2020-03-27T04:54:14.136+0000][1][gc,heap      ] GC(19) ParNew: 36055K->2390K(39296K)
[2020-03-27T04:54:14.136+0000][1][gc,heap      ] GC(19) CMS: 14793K->14793K(87424K)
[2020-03-27T04:54:14.136+0000][1][gc,metaspace ] GC(19) Metaspace: 19673K->19673K(1067008K)
[2020-03-27T04:54:14.137+0000][1][gc           ] GC(19) Pause Young (Allocation Failure) 49M->16M(123M) 5.577ms
[2020-03-27T04:54:14.137+0000][1][gc,cpu       ] GC(19) User=0.00s Sys=0.00s Real=0.01s
[2020-03-27T04:54:14.137+0000][1][safepoint    ] Safepoint "GenCollectForAllocation", Time since last: 10488500 ns, Reaching safepoint: 17300 ns, At safepoint: 6145500 ns, Total: 6162800 ns
[2020-03-27T04:54:14.140+0000][1][safepoint    ] Safepoint "RevokeBias", Time since last: 2813300 ns, Reaching safepoint: 11500 ns, At safepoint: 26800 ns, Total: 38300 ns
[2020-03-27T04:54:14.157+0000][1][safepoint    ] Safepoint "CollectForMetadataAllocation", Time since last: 17157599 ns, Reaching safepoint: 16600 ns, At safepoint: 80100 ns, Total: 96700 ns
[2020-03-27T04:54:14.168+0000][1][safepoint    ] Safepoint "CollectForMetadataAllocation", Time since last: 10642400 ns, Reaching safepoint: 104500 ns, At safepoint: 67300 ns, Total: 171800 ns
[2020-03-27T04:54:14.191+0000][1][gc,start     ] GC(20) Pause Young (Allocation Failure)
[2020-03-27T04:54:14.191+0000][1][gc,task      ] GC(20) Using 2 workers of 2 for evacuation
[2020-03-27T04:54:14.193+0000][1][gc,age       ] GC(20) Desired survivor size 2228224 bytes, new threshold 6 (max threshold 6)
[2020-03-27T04:54:14.194+0000][1][gc,age       ] GC(20) Age table with threshold 6 (max threshold 6)
[2020-03-27T04:54:14.194+0000][1][gc,age       ] GC(20) - age   1:    1666200 bytes,    1666200 total
[2020-03-27T04:54:14.194+0000][1][gc,age       ] GC(20) - age   2:     291760 bytes,    1957960 total
[2020-03-27T04:54:14.195+0000][1][gc,age       ] GC(20) - age   3:      72448 bytes,    2030408 total
[2020-03-27T04:54:14.195+0000][1][gc,age       ] GC(20) - age   4:      79952 bytes,    2110360 total
[2020-03-27T04:54:14.195+0000][1][gc,age       ] GC(20) - age   5:      57984 bytes,    2168344 total
[2020-03-27T04:54:14.195+0000][1][gc,heap      ] GC(20) ParNew: 37334K->2563K(39296K)
[2020-03-27T04:54:14.196+0000][1][gc,heap      ] GC(20) CMS: 14793K->14793K(87424K)
[2020-03-27T04:54:14.196+0000][1][gc,metaspace ] GC(20) Metaspace: 20578K->20578K(1069056K)
[2020-03-27T04:54:14.196+0000][1][gc           ] GC(20) Pause Young (Allocation Failure) 50M->16M(123M) 5.594ms
[2020-03-27T04:54:14.197+0000][1][gc,cpu       ] GC(20) User=0.01s Sys=0.00s Real=0.01s
[2020-03-27T04:54:14.197+0000][1][safepoint    ] Safepoint "GenCollectForAllocation", Time since last: 22461000 ns, Reaching safepoint: 99600 ns, At safepoint: 6020300 ns, Total: 6119900 ns
[2020-03-27T04:54:14.197+0000][1][gc,start     ] GC(21) Pause Initial Mark
[2020-03-27T04:54:14.198+0000][1][gc           ] GC(21) Pause Initial Mark 16M->16M(123M) 0.703ms
[2020-03-27T04:54:14.198+0000][1][gc,cpu       ] GC(21) User=0.00s Sys=0.00s Real=0.00s
[2020-03-27T04:54:14.198+0000][1][safepoint    ] Safepoint "CMS_Initial_Mark", Time since last: 371800 ns, Reaching safepoint: 160600 ns, At safepoint: 1080499 ns, Total: 1241099 ns
[2020-03-27T04:54:14.199+0000][1][gc           ] GC(21) Concurrent Mark
[2020-03-27T04:54:14.209+0000][1][gc           ] GC(21) Concurrent Mark 10.203ms
[2020-03-27T04:54:14.209+0000][1][gc,cpu       ] GC(21) User=0.02s Sys=0.00s Real=0.01s
[2020-03-27T04:54:14.210+0000][1][gc           ] GC(21) Concurrent Preclean
[2020-03-27T04:54:14.210+0000][1][gc           ] GC(21) Concurrent Preclean 0.660ms
[2020-03-27T04:54:14.211+0000][1][gc,cpu       ] GC(21) User=0.01s Sys=0.00s Real=0.00s
[2020-03-27T04:54:14.211+0000][1][gc           ] GC(21) Concurrent Abortable Preclean
[2020-03-27T04:54:14.241+0000][1][gc,start     ] GC(22) Pause Young (Allocation Failure)
[2020-03-27T04:54:14.241+0000][1][gc,task      ] GC(22) Using 2 workers of 2 for evacuation
[2020-03-27T04:54:14.243+0000][1][gc,age       ] GC(22) Desired survivor size 2228224 bytes, new threshold 6 (max threshold 6)
[2020-03-27T04:54:14.244+0000][1][gc,age       ] GC(22) Age table with threshold 6 (max threshold 6)
[2020-03-27T04:54:14.244+0000][1][gc,age       ] GC(22) - age   1:    1007824 bytes,    1007824 total
[2020-03-27T04:54:14.245+0000][1][gc,age       ] GC(22) - age   2:     513344 bytes,    1521168 total
[2020-03-27T04:54:14.246+0000][1][gc,age       ] GC(22) - age   3:     291760 bytes,    1812928 total
[2020-03-27T04:54:14.247+0000][1][gc,age       ] GC(22) - age   4:      72328 bytes,    1885256 total
[2020-03-27T04:54:14.248+0000][1][gc,age       ] GC(22) - age   5:      79952 bytes,    1965208 total
[2020-03-27T04:54:14.263+0000][1][gc,age       ] GC(22) - age   6:      57880 bytes,    2023088 total
[2020-03-27T04:54:14.264+0000][1][gc,heap      ] GC(22) ParNew: 37507K->3023K(39296K)
[2020-03-27T04:54:14.265+0000][1][gc,heap      ] GC(22) CMS: 14793K->14793K(87424K)
[2020-03-27T04:54:14.266+0000][1][gc,metaspace ] GC(22) Metaspace: 20600K->20600K(1069056K)
[2020-03-27T04:54:14.267+0000][1][gc           ] GC(22) Pause Young (Allocation Failure) 51M->17M(123M) 25.942ms
[2020-03-27T04:54:14.268+0000][1][gc,cpu       ] GC(22) User=0.01s Sys=0.00s Real=0.03s
[2020-03-27T04:54:14.268+0000][1][safepoint    ] Safepoint "GenCollectForAllocation", Time since last: 42371999 ns, Reaching safepoint: 98400 ns, At safepoint: 27465000 ns, Total: 27563400 ns
[2020-03-27T04:54:14.300+0000][1][gc,start     ] GC(23) Pause Young (Allocation Failure)
[2020-03-27T04:54:14.301+0000][1][gc,task      ] GC(23) Using 2 workers of 2 for evacuation
[2020-03-27T04:54:14.303+0000][1][gc,age       ] GC(23) Desired survivor size 2228224 bytes, new threshold 3 (max threshold 6)
[2020-03-27T04:54:14.304+0000][1][gc,age       ] GC(23) Age table with threshold 3 (max threshold 6)
[2020-03-27T04:54:14.304+0000][1][gc,age       ] GC(23) - age   1:    1614184 bytes,    1614184 total
[2020-03-27T04:54:14.304+0000][1][gc,age       ] GC(23) - age   2:     173776 bytes,    1787960 total
[2020-03-27T04:54:14.305+0000][1][gc,age       ] GC(23) - age   3:     513344 bytes,    2301304 total
[2020-03-27T04:54:14.305+0000][1][gc,age       ] GC(23) - age   4:     291760 bytes,    2593064 total
[2020-03-27T04:54:14.305+0000][1][gc,age       ] GC(23) - age   5:      72328 bytes,    2665392 total
[2020-03-27T04:54:14.306+0000][1][gc,age       ] GC(23) - age   6:      79952 bytes,    2745344 total
[2020-03-27T04:54:14.306+0000][1][gc,heap      ] GC(23) ParNew: 37964K->3971K(39296K)
[2020-03-27T04:54:14.306+0000][1][gc,heap      ] GC(23) CMS: 14793K->14851K(87424K)
[2020-03-27T04:54:14.307+0000][1][gc,metaspace ] GC(23) Metaspace: 20603K->20603K(1069056K)
[2020-03-27T04:54:14.307+0000][1][gc           ] GC(23) Pause Young (Allocation Failure) 51M->18M(123M) 6.729ms
[2020-03-27T04:54:14.307+0000][1][gc,cpu       ] GC(23) User=0.00s Sys=0.00s Real=0.01s
[2020-03-27T04:54:14.308+0000][1][safepoint    ] Safepoint "GenCollectForAllocation", Time since last: 31808799 ns, Reaching safepoint: 99400 ns, At safepoint: 7554400 ns, Total: 7653800 ns
[2020-03-27T04:54:14.331+0000][1][gc,start     ] GC(24) Pause Young (Allocation Failure)
[2020-03-27T04:54:14.331+0000][1][gc,task      ] GC(24) Using 2 workers of 2 for evacuation
[2020-03-27T04:54:14.333+0000][1][gc,age       ] GC(24) Desired survivor size 2228224 bytes, new threshold 6 (max threshold 6)
[2020-03-27T04:54:14.334+0000][1][gc,age       ] GC(24) Age table with threshold 6 (max threshold 6)
[2020-03-27T04:54:14.334+0000][1][gc,age       ] GC(24) - age   1:      84200 bytes,      84200 total
[2020-03-27T04:54:14.334+0000][1][gc,age       ] GC(24) - age   2:      32864 bytes,     117064 total
[2020-03-27T04:54:14.335+0000][1][gc,age       ] GC(24) - age   3:     173776 bytes,     290840 total
[2020-03-27T04:54:14.335+0000][1][gc,heap      ] GC(24) ParNew: 38915K->2507K(39296K)
[2020-03-27T04:54:14.336+0000][1][gc,heap      ] GC(24) CMS: 14851K->15799K(87424K)
[2020-03-27T04:54:14.336+0000][1][gc,metaspace ] GC(24) Metaspace: 20608K->20608K(1069056K)
[2020-03-27T04:54:14.336+0000][1][gc           ] GC(24) Pause Young (Allocation Failure) 52M->17M(123M) 5.410ms
[2020-03-27T04:54:14.337+0000][1][gc,cpu       ] GC(24) User=0.01s Sys=0.00s Real=0.01s
[2020-03-27T04:54:14.337+0000][1][safepoint    ] Safepoint "GenCollectForAllocation", Time since last: 23127699 ns, Reaching safepoint: 56300 ns, At safepoint: 5969700 ns, Total: 6026000 ns
[2020-03-27T04:54:14.338+0000][1][gc           ] GC(21) Concurrent Abortable Preclean 126.467ms
[2020-03-27T04:54:14.338+0000][1][gc,cpu       ] GC(21) User=0.18s Sys=0.00s Real=0.13s
[2020-03-27T04:54:14.338+0000][1][gc,start     ] GC(21) Pause Remark
[2020-03-27T04:54:14.341+0000][1][gc           ] GC(21) Pause Remark 18M->18M(123M) 2.959ms
[2020-03-27T04:54:14.342+0000][1][gc,cpu       ] GC(21) User=0.00s Sys=0.00s Real=0.00s
[2020-03-27T04:54:14.342+0000][1][safepoint    ] Safepoint "CMS_Final_Remark", Time since last: 1295600 ns, Reaching safepoint: 117700 ns, At safepoint: 3847200 ns, Total: 3964900 ns
[2020-03-27T04:54:14.342+0000][1][gc           ] GC(21) Concurrent Sweep
[2020-03-27T04:54:14.346+0000][1][gc           ] GC(21) Concurrent Sweep 3.645ms
[2020-03-27T04:54:14.346+0000][1][gc,cpu       ] GC(21) User=0.01s Sys=0.00s Real=0.01s
[2020-03-27T04:54:14.347+0000][1][gc           ] GC(21) Concurrent Reset
[2020-03-27T04:54:14.348+0000][1][gc           ] GC(21) Concurrent Reset 1.202ms
[2020-03-27T04:54:14.348+0000][1][gc,cpu       ] GC(21) User=0.00s Sys=0.00s Real=0.00s
[2020-03-27T04:54:14.349+0000][1][gc,heap      ] GC(21) Old: 14793K->15756K(87424K)
[2020-03-27T04:54:14.363+0000][1][gc,start     ] GC(25) Pause Young (Allocation Failure)
[2020-03-27T04:54:14.363+0000][1][gc,task      ] GC(25) Using 2 workers of 2 for evacuation
[2020-03-27T04:54:14.375+0000][1][gc,age       ] GC(25) Desired survivor size 2228224 bytes, new threshold 6 (max threshold 6)
[2020-03-27T04:54:14.376+0000][1][gc,age       ] GC(25) Age table with threshold 6 (max threshold 6)
[2020-03-27T04:54:14.376+0000][1][gc,age       ] GC(25) - age   1:     694104 bytes,     694104 total
[2020-03-27T04:54:14.376+0000][1][gc,age       ] GC(25) - age   2:      67072 bytes,     761176 total
[2020-03-27T04:54:14.377+0000][1][gc,age       ] GC(25) - age   3:      32864 bytes,     794040 total
[2020-03-27T04:54:14.378+0000][1][gc,age       ] GC(25) - age   4:     173664 bytes,     967704 total
[2020-03-27T04:54:14.378+0000][1][gc,heap      ] GC(25) ParNew: 37451K->1360K(39296K)
[2020-03-27T04:54:14.379+0000][1][gc,heap      ] GC(25) CMS: 15756K->15756K(87424K)
[2020-03-27T04:54:14.379+0000][1][gc,metaspace ] GC(25) Metaspace: 20620K->20620K(1069056K)
[2020-03-27T04:54:14.380+0000][1][gc           ] GC(25) Pause Young (Allocation Failure) 51M->16M(123M) 16.982ms
[2020-03-27T04:54:14.380+0000][1][gc,cpu       ] GC(25) User=0.00s Sys=0.00s Real=0.02s
[2020-03-27T04:54:14.381+0000][1][safepoint    ] Safepoint "GenCollectForAllocation", Time since last: 20096300 ns, Reaching safepoint: 353200 ns, At safepoint: 17938399 ns, Total: 18291599 ns
[2020-03-27T04:54:14.406+0000][1][gc,start     ] GC(26) Pause Young (Allocation Failure)
[2020-03-27T04:54:14.406+0000][1][gc,task      ] GC(26) Using 2 workers of 2 for evacuation
[2020-03-27T04:54:14.408+0000][1][gc,age       ] GC(26) Desired survivor size 2228224 bytes, new threshold 6 (max threshold 6)
[2020-03-27T04:54:14.408+0000][1][gc,age       ] GC(26) Age table with threshold 6 (max threshold 6)
[2020-03-27T04:54:14.408+0000][1][gc,age       ] GC(26) - age   1:     521200 bytes,     521200 total
[2020-03-27T04:54:14.409+0000][1][gc,age       ] GC(26) - age   2:      39176 bytes,     560376 total
[2020-03-27T04:54:14.409+0000][1][gc,age       ] GC(26) - age   3:      67072 bytes,     627448 total
[2020-03-27T04:54:14.409+0000][1][gc,age       ] GC(26) - age   4:      32864 bytes,     660312 total
[2020-03-27T04:54:14.410+0000][1][gc,age       ] GC(26) - age   5:     173664 bytes,     833976 total
[2020-03-27T04:54:14.410+0000][1][gc,heap      ] GC(26) ParNew: 36304K->1318K(39296K)
[2020-03-27T04:54:14.411+0000][1][gc,heap      ] GC(26) CMS: 15756K->15756K(87424K)
[2020-03-27T04:54:14.411+0000][1][gc,metaspace ] GC(26) Metaspace: 20712K->20712K(1069056K)
[2020-03-27T04:54:14.411+0000][1][gc           ] GC(26) Pause Young (Allocation Failure) 50M->16M(123M) 5.674ms
[2020-03-27T04:54:14.412+0000][1][gc,cpu       ] GC(26) User=0.01s Sys=0.00s Real=0.00s
[2020-03-27T04:54:14.412+0000][1][safepoint    ] Safepoint "GenCollectForAllocation", Time since last: 24916900 ns, Reaching safepoint: 103200 ns, At safepoint: 6471099 ns, Total: 6574299 ns
[2020-03-27T04:54:14.437+0000][1][gc,start     ] GC(27) Pause Young (Allocation Failure)
[2020-03-27T04:54:14.437+0000][1][gc,task      ] GC(27) Using 2 workers of 2 for evacuation
[2020-03-27T04:54:14.439+0000][1][gc,age       ] GC(27) Desired survivor size 2228224 bytes, new threshold 6 (max threshold 6)
[2020-03-27T04:54:14.439+0000][1][gc,age       ] GC(27) Age table with threshold 6 (max threshold 6)
[2020-03-27T04:54:14.440+0000][1][gc,age       ] GC(27) - age   1:     817648 bytes,     817648 total
[2020-03-27T04:54:14.440+0000][1][gc,age       ] GC(27) - age   2:      67256 bytes,     884904 total
[2020-03-27T04:54:14.441+0000][1][gc,age       ] GC(27) - age   3:      39176 bytes,     924080 total
[2020-03-27T04:54:14.441+0000][1][gc,age       ] GC(27) - age   4:      67072 bytes,     991152 total
[2020-03-27T04:54:14.442+0000][1][gc,age       ] GC(27) - age   5:      32864 bytes,    1024016 total
[2020-03-27T04:54:14.442+0000][1][gc,age       ] GC(27) - age   6:     173664 bytes,    1197680 total
[2020-03-27T04:54:14.442+0000][1][gc,heap      ] GC(27) ParNew: 36262K->1661K(39296K)
[2020-03-27T04:54:14.443+0000][1][gc,heap      ] GC(27) CMS: 15756K->15756K(87424K)
[2020-03-27T04:54:14.443+0000][1][gc,metaspace ] GC(27) Metaspace: 20758K->20758K(1069056K)
[2020-03-27T04:54:14.444+0000][1][gc           ] GC(27) Pause Young (Allocation Failure) 50M->17M(123M) 6.803ms
[2020-03-27T04:54:14.444+0000][1][gc,cpu       ] GC(27) User=0.00s Sys=0.00s Real=0.00s
[2020-03-27T04:54:14.444+0000][1][safepoint    ] Safepoint "GenCollectForAllocation", Time since last: 24627900 ns, Reaching safepoint: 135100 ns, At safepoint: 7561900 ns, Total: 7697000 ns
[2020-03-27T04:54:14.465+0000][1][gc,start     ] GC(28) Pause Young (Allocation Failure)
[2020-03-27T04:54:14.465+0000][1][gc,task      ] GC(28) Using 2 workers of 2 for evacuation
[2020-03-27T04:54:14.468+0000][1][gc,age       ] GC(28) Desired survivor size 2228224 bytes, new threshold 6 (max threshold 6)
[2020-03-27T04:54:14.468+0000][1][gc,age       ] GC(28) Age table with threshold 6 (max threshold 6)
[2020-03-27T04:54:14.469+0000][1][gc,age       ] GC(28) - age   1:    1367000 bytes,    1367000 total
[2020-03-27T04:54:14.470+0000][1][gc,age       ] GC(28) - age   2:     244096 bytes,    1611096 total
[2020-03-27T04:54:14.470+0000][1][gc,age       ] GC(28) - age   3:      67256 bytes,    1678352 total
[2020-03-27T04:54:14.471+0000][1][gc,age       ] GC(28) - age   4:      39176 bytes,    1717528 total
[2020-03-27T04:54:14.471+0000][1][gc,age       ] GC(28) - age   5:      67072 bytes,    1784600 total
[2020-03-27T04:54:14.471+0000][1][gc,age       ] GC(28) - age   6:      32864 bytes,    1817464 total
[2020-03-27T04:54:14.472+0000][1][gc,heap      ] GC(28) ParNew: 36605K->2169K(39296K)
[2020-03-27T04:54:14.472+0000][1][gc,heap      ] GC(28) CMS: 15756K->15928K(87424K)
[2020-03-27T04:54:14.473+0000][1][gc,metaspace ] GC(28) Metaspace: 20764K->20764K(1069056K)
[2020-03-27T04:54:14.473+0000][1][gc           ] GC(28) Pause Young (Allocation Failure) 51M->17M(123M) 8.549ms
[2020-03-27T04:54:14.474+0000][1][gc,cpu       ] GC(28) User=0.00s Sys=0.00s Real=0.01s
[2020-03-27T04:54:14.474+0000][1][safepoint    ] Safepoint "GenCollectForAllocation", Time since last: 20281399 ns, Reaching safepoint: 99300 ns, At safepoint: 9496400 ns, Total: 9595700 ns
[2020-03-27T04:54:14.499+0000][1][gc,start     ] GC(29) Pause Young (Allocation Failure)
[2020-03-27T04:54:14.499+0000][1][gc,task      ] GC(29) Using 2 workers of 2 for evacuation
[2020-03-27T04:54:14.502+0000][1][gc,age       ] GC(29) Desired survivor size 2228224 bytes, new threshold 6 (max threshold 6)
[2020-03-27T04:54:14.502+0000][1][gc,age       ] GC(29) Age table with threshold 6 (max threshold 6)
[2020-03-27T04:54:14.503+0000][1][gc,age       ] GC(29) - age   1:    1737920 bytes,    1737920 total
[2020-03-27T04:54:14.503+0000][1][gc,age       ] GC(29) - age   2:      37640 bytes,    1775560 total
[2020-03-27T04:54:14.503+0000][1][gc,age       ] GC(29) - age   3:     244032 bytes,    2019592 total
[2020-03-27T04:54:14.504+0000][1][gc,age       ] GC(29) - age   4:      67144 bytes,    2086736 total
[2020-03-27T04:54:14.504+0000][1][gc,age       ] GC(29) - age   5:      39176 bytes,    2125912 total
[2020-03-27T04:54:14.505+0000][1][gc,age       ] GC(29) - age   6:      67072 bytes,    2192984 total
[2020-03-27T04:54:14.505+0000][1][gc,heap      ] GC(29) ParNew: 37113K->3204K(39296K)
[2020-03-27T04:54:14.505+0000][1][gc,heap      ] GC(29) CMS: 15928K->15962K(87424K)
[2020-03-27T04:54:14.506+0000][1][gc,metaspace ] GC(29) Metaspace: 20802K->20802K(1069056K)
[2020-03-27T04:54:14.506+0000][1][gc           ] GC(29) Pause Young (Allocation Failure) 51M->18M(123M) 7.232ms
[2020-03-27T04:54:14.506+0000][1][gc,cpu       ] GC(29) User=0.01s Sys=0.00s Real=0.01s
[2020-03-27T04:54:14.507+0000][1][safepoint    ] Safepoint "GenCollectForAllocation", Time since last: 24359099 ns, Reaching safepoint: 134100 ns, At safepoint: 8020000 ns, Total: 8154100 ns
[2020-03-27T04:54:14.536+0000][1][gc,start     ] GC(30) Pause Young (Allocation Failure)
[2020-03-27T04:54:14.537+0000][1][gc,task      ] GC(30) Using 2 workers of 2 for evacuation
[2020-03-27T04:54:14.539+0000][1][gc,age       ] GC(30) Desired survivor size 2228224 bytes, new threshold 6 (max threshold 6)
[2020-03-27T04:54:14.539+0000][1][gc,age       ] GC(30) Age table with threshold 6 (max threshold 6)
[2020-03-27T04:54:14.540+0000][1][gc,age       ] GC(30) - age   1:     640256 bytes,     640256 total
[2020-03-27T04:54:14.540+0000][1][gc,age       ] GC(30) - age   2:      49184 bytes,     689440 total
[2020-03-27T04:54:14.541+0000][1][gc,age       ] GC(30) - age   3:      37640 bytes,     727080 total
[2020-03-27T04:54:14.541+0000][1][gc,age       ] GC(30) - age   4:     244032 bytes,     971112 total
[2020-03-27T04:54:14.541+0000][1][gc,age       ] GC(30) - age   5:      67144 bytes,    1038256 total
[2020-03-27T04:54:14.542+0000][1][gc,age       ] GC(30) - age   6:      39176 bytes,    1077432 total
[2020-03-27T04:54:14.542+0000][1][gc,heap      ] GC(30) ParNew: 38148K->2006K(39296K)
[2020-03-27T04:54:14.543+0000][1][gc,heap      ] GC(30) CMS: 15962K->16029K(87424K)
[2020-03-27T04:54:14.543+0000][1][gc,metaspace ] GC(30) Metaspace: 20854K->20854K(1069056K)
[2020-03-27T04:54:14.543+0000][1][gc           ] GC(30) Pause Young (Allocation Failure) 52M->17M(123M) 7.453ms
[2020-03-27T04:54:14.544+0000][1][gc,cpu       ] GC(30) User=0.01s Sys=0.00s Real=0.00s
[2020-03-27T04:54:14.544+0000][1][safepoint    ] Safepoint "GenCollectForAllocation", Time since last: 29101399 ns, Reaching safepoint: 155100 ns, At safepoint: 8060500 ns, Total: 8215600 ns
[2020-03-27T04:54:14.573+0000][1][gc,start     ] GC(31) Pause Young (Allocation Failure)
[2020-03-27T04:54:14.574+0000][1][gc,task      ] GC(31) Using 2 workers of 2 for evacuation
[2020-03-27T04:54:14.575+0000][1][gc,age       ] GC(31) Desired survivor size 2228224 bytes, new threshold 6 (max threshold 6)
[2020-03-27T04:54:14.575+0000][1][gc,age       ] GC(31) Age table with threshold 6 (max threshold 6)
[2020-03-27T04:54:14.575+0000][1][gc,age       ] GC(31) - age   1:      83904 bytes,      83904 total
[2020-03-27T04:54:14.576+0000][1][gc,age       ] GC(31) - age   2:     142464 bytes,     226368 total
[2020-03-27T04:54:14.576+0000][1][gc,age       ] GC(31) - age   3:      49184 bytes,     275552 total
[2020-03-27T04:54:14.576+0000][1][gc,age       ] GC(31) - age   4:      37640 bytes,     313192 total
[2020-03-27T04:54:14.577+0000][1][gc,age       ] GC(31) - age   5:     244032 bytes,     557224 total
[2020-03-27T04:54:14.577+0000][1][gc,age       ] GC(31) - age   6:      67144 bytes,     624368 total
[2020-03-27T04:54:14.577+0000][1][gc,heap      ] GC(31) ParNew: 36950K->1344K(39296K)
[2020-03-27T04:54:14.577+0000][1][gc,heap      ] GC(31) CMS: 16029K->16069K(87424K)
[2020-03-27T04:54:14.578+0000][1][gc,metaspace ] GC(31) Metaspace: 20859K->20859K(1069056K)
[2020-03-27T04:54:14.578+0000][1][gc           ] GC(31) Pause Young (Allocation Failure) 51M->17M(123M) 4.734ms
[2020-03-27T04:54:14.578+0000][1][gc,cpu       ] GC(31) User=0.00s Sys=0.00s Real=0.01s
[2020-03-27T04:54:14.578+0000][1][safepoint    ] Safepoint "GenCollectForAllocation", Time since last: 28761800 ns, Reaching safepoint: 279900 ns, At safepoint: 5357899 ns, Total: 5637799 ns
[2020-03-27T04:54:14.601+0000][1][safepoint    ] Safepoint "Deoptimize", Time since last: 22088800 ns, Reaching safepoint: 101500 ns, At safepoint: 199500 ns, Total: 301000 ns
[2020-03-27T04:54:14.664+0000][1][gc,start     ] GC(32) Pause Young (Allocation Failure)
[2020-03-27T04:54:14.664+0000][1][gc,task      ] GC(32) Using 2 workers of 2 for evacuation
[2020-03-27T04:54:14.666+0000][1][gc,age       ] GC(32) Desired survivor size 2228224 bytes, new threshold 6 (max threshold 6)
[2020-03-27T04:54:14.667+0000][1][gc,age       ] GC(32) Age table with threshold 6 (max threshold 6)
[2020-03-27T04:54:14.667+0000][1][gc,age       ] GC(32) - age   1:     251560 bytes,     251560 total
[2020-03-27T04:54:14.667+0000][1][gc,age       ] GC(32) - age   2:      65216 bytes,     316776 total
[2020-03-27T04:54:14.668+0000][1][gc,age       ] GC(32) - age   3:     142328 bytes,     459104 total
[2020-03-27T04:54:14.668+0000][1][gc,age       ] GC(32) - age   4:      49184 bytes,     508288 total
[2020-03-27T04:54:14.668+0000][1][gc,age       ] GC(32) - age   5:      37640 bytes,     545928 total
[2020-03-27T04:54:14.669+0000][1][gc,age       ] GC(32) - age   6:     244032 bytes,     789960 total
[2020-03-27T04:54:14.669+0000][1][gc,heap      ] GC(32) ParNew: 36288K->1015K(39296K)
[2020-03-27T04:54:14.669+0000][1][gc,heap      ] GC(32) CMS: 16069K->16137K(87424K)
[2020-03-27T04:54:14.670+0000][1][gc,metaspace ] GC(32) Metaspace: 21689K->21689K(1069056K)
[2020-03-27T04:54:14.670+0000][1][gc           ] GC(32) Pause Young (Allocation Failure) 51M->16M(123M) 6.373ms
[2020-03-27T04:54:14.670+0000][1][gc,cpu       ] GC(32) User=0.00s Sys=0.00s Real=0.01s
[2020-03-27T04:54:14.670+0000][1][safepoint    ] Safepoint "GenCollectForAllocation", Time since last: 62579698 ns, Reaching safepoint: 158600 ns, At safepoint: 6876500 ns, Total: 7035100 ns
[2020-03-27T04:54:14.736+0000][1][safepoint    ] Safepoint "RevokeBias", Time since last: 65633699 ns, Reaching safepoint: 105900 ns, At safepoint: 11800 ns, Total: 117700 ns
[2020-03-27T04:54:14.848+0000][1][safepoint    ] Safepoint "Deoptimize", Time since last: 111138597 ns, Reaching safepoint: 233600 ns, At safepoint: 198000 ns, Total: 431600 ns
[2020-03-27T04:54:14.851+0000][1][safepoint    ] Safepoint "Deoptimize", Time since last: 3048400 ns, Reaching safepoint: 40100 ns, At safepoint: 220500 ns, Total: 260600 ns
[2020-03-27T04:54:14.878+0000][1][gc,start     ] GC(33) Pause Young (Allocation Failure)
[2020-03-27T04:54:14.879+0000][1][gc,task      ] GC(33) Using 2 workers of 2 for evacuation
[2020-03-27T04:54:14.884+0000][1][gc,age       ] GC(33) Desired survivor size 2228224 bytes, new threshold 1 (max threshold 6)
[2020-03-27T04:54:14.884+0000][1][gc,age       ] GC(33) Age table with threshold 1 (max threshold 6)
[2020-03-27T04:54:14.885+0000][1][gc,age       ] GC(33) - age   1:    2799504 bytes,    2799504 total
[2020-03-27T04:54:14.885+0000][1][gc,age       ] GC(33) - age   2:     227672 bytes,    3027176 total
[2020-03-27T04:54:14.885+0000][1][gc,age       ] GC(33) - age   3:      65216 bytes,    3092392 total
[2020-03-27T04:54:14.886+0000][1][gc,age       ] GC(33) - age   4:     142296 bytes,    3234688 total
[2020-03-27T04:54:14.886+0000][1][gc,age       ] GC(33) - age   5:      49024 bytes,    3283712 total
[2020-03-27T04:54:14.887+0000][1][gc,age       ] GC(33) - age   6:      37640 bytes,    3321352 total
[2020-03-27T04:54:14.887+0000][1][gc,heap      ] GC(33) ParNew: 35959K->3654K(39296K)
[2020-03-27T04:54:14.887+0000][1][gc,heap      ] GC(33) CMS: 16137K->16378K(87424K)
[2020-03-27T04:54:14.888+0000][1][gc,metaspace ] GC(33) Metaspace: 26939K->26939K(1075200K)
[2020-03-27T04:54:14.888+0000][1][gc           ] GC(33) Pause Young (Allocation Failure) 50M->19M(123M) 9.405ms
[2020-03-27T04:54:14.888+0000][1][gc,cpu       ] GC(33) User=0.01s Sys=0.00s Real=0.01s
[2020-03-27T04:54:14.889+0000][1][safepoint    ] Safepoint "GenCollectForAllocation", Time since last: 27031399 ns, Reaching safepoint: 335700 ns, At safepoint: 10128300 ns, Total: 10464000 ns
[2020-03-27T04:54:15.170+0000][1][gc,start     ] GC(34) Pause Young (Allocation Failure)
[2020-03-27T04:54:15.170+0000][1][gc,task      ] GC(34) Using 2 workers of 2 for evacuation
[2020-03-27T04:54:15.183+0000][1][gc,age       ] GC(34) Desired survivor size 2228224 bytes, new threshold 1 (max threshold 6)
[2020-03-27T04:54:15.184+0000][1][gc,age       ] GC(34) Age table with threshold 1 (max threshold 6)
[2020-03-27T04:54:15.185+0000][1][gc,age       ] GC(34) - age   1:    4456304 bytes,    4456304 total
[2020-03-27T04:54:15.185+0000][1][gc,heap      ] GC(34) ParNew: 38598K->4352K(39296K)
[2020-03-27T04:54:15.186+0000][1][gc,heap      ] GC(34) CMS: 16378K->20892K(87424K)
[2020-03-27T04:54:15.186+0000][1][gc,metaspace ] GC(34) Metaspace: 27844K->27844K(1075200K)
[2020-03-27T04:54:15.187+0000][1][gc           ] GC(34) Pause Young (Allocation Failure) 53M->24M(123M) 16.960ms
[2020-03-27T04:54:15.187+0000][1][gc,cpu       ] GC(34) User=0.02s Sys=0.00s Real=0.02s
[2020-03-27T04:54:15.188+0000][1][safepoint    ] Safepoint "GenCollectForAllocation", Time since last: 280869293 ns, Reaching safepoint: 172500 ns, At safepoint: 17954400 ns, Total: 18126900 ns
[2020-03-27T04:54:15.333+0000][1][gc,start     ] GC(35) Pause Young (Allocation Failure)
[2020-03-27T04:54:15.334+0000][1][gc,task      ] GC(35) Using 2 workers of 2 for evacuation
[2020-03-27T04:54:15.345+0000][1][gc,age       ] GC(35) Desired survivor size 2228224 bytes, new threshold 1 (max threshold 6)
[2020-03-27T04:54:15.346+0000][1][gc,age       ] GC(35) Age table with threshold 1 (max threshold 6)
[2020-03-27T04:54:15.359+0000][1][gc,age       ] GC(35) - age   1:    4401816 bytes,    4401816 total
[2020-03-27T04:54:15.360+0000][1][gc,heap      ] GC(35) ParNew: 39296K->4352K(39296K)
[2020-03-27T04:54:15.360+0000][1][gc,heap      ] GC(35) CMS: 20892K->25011K(87424K)
[2020-03-27T04:54:15.361+0000][1][gc,metaspace ] GC(35) Metaspace: 27856K->27856K(1075200K)
[2020-03-27T04:54:15.361+0000][1][gc           ] GC(35) Pause Young (Allocation Failure) 58M->28M(123M) 28.178ms
[2020-03-27T04:54:15.362+0000][1][gc,cpu       ] GC(35) User=0.02s Sys=0.00s Real=0.03s
[2020-03-27T04:54:15.362+0000][1][safepoint    ] Safepoint "GenCollectForAllocation", Time since last: 145400696 ns, Reaching safepoint: 106700 ns, At safepoint: 29065400 ns, Total: 29172100 ns
[2020-03-27T04:54:15.490+0000][1][gc,start     ] GC(36) Pause Young (Allocation Failure)
[2020-03-27T04:54:15.491+0000][1][gc,task      ] GC(36) Using 2 workers of 2 for evacuation
[2020-03-27T04:54:15.499+0000][1][gc,age       ] GC(36) Desired survivor size 2228224 bytes, new threshold 1 (max threshold 6)
[2020-03-27T04:54:15.499+0000][1][gc,age       ] GC(36) Age table with threshold 1 (max threshold 6)
[2020-03-27T04:54:15.499+0000][1][gc,age       ] GC(36) - age   1:    3862472 bytes,    3862472 total
[2020-03-27T04:54:15.500+0000][1][gc,heap      ] GC(36) ParNew: 39296K->4352K(39296K)
[2020-03-27T04:54:15.500+0000][1][gc,heap      ] GC(36) CMS: 25011K->29579K(87424K)
[2020-03-27T04:54:15.500+0000][1][gc,metaspace ] GC(36) Metaspace: 28015K->28015K(1075200K)
[2020-03-27T04:54:15.500+0000][1][gc           ] GC(36) Pause Young (Allocation Failure) 62M->33M(123M) 10.082ms
[2020-03-27T04:54:15.501+0000][1][gc,cpu       ] GC(36) User=0.02s Sys=0.00s Real=0.01s
[2020-03-27T04:54:15.501+0000][1][safepoint    ] Safepoint "GenCollectForAllocation", Time since last: 128025597 ns, Reaching safepoint: 144900 ns, At safepoint: 10649999 ns, Total: 10794899 ns
[2020-03-27T04:54:15.572+0000][1][safepoint    ] Safepoint "RevokeBias", Time since last: 70952799 ns, Reaching safepoint: 99900 ns, At safepoint: 23700 ns, Total: 123600 ns
[2020-03-27T04:54:15.621+0000][1][gc,start     ] GC(37) Pause Young (Allocation Failure)
[2020-03-27T04:54:15.622+0000][1][gc,task      ] GC(37) Using 2 workers of 2 for evacuation
[2020-03-27T04:54:15.637+0000][1][gc,age       ] GC(37) Desired survivor size 2228224 bytes, new threshold 1 (max threshold 6)
[2020-03-27T04:54:15.638+0000][1][gc,age       ] GC(37) Age table with threshold 1 (max threshold 6)
[2020-03-27T04:54:15.638+0000][1][gc,age       ] GC(37) - age   1:    3806488 bytes,    3806488 total
[2020-03-27T04:54:15.638+0000][1][gc,heap      ] GC(37) ParNew: 39296K->4352K(39296K)
[2020-03-27T04:54:15.639+0000][1][gc,heap      ] GC(37) CMS: 29579K->34446K(87424K)
[2020-03-27T04:54:15.639+0000][1][gc,metaspace ] GC(37) Metaspace: 28056K->28056K(1075200K)
[2020-03-27T04:54:15.639+0000][1][gc           ] GC(37) Pause Young (Allocation Failure) 67M->37M(123M) 17.962ms
[2020-03-27T04:54:15.640+0000][1][gc,cpu       ] GC(37) User=0.04s Sys=0.00s Real=0.02s
[2020-03-27T04:54:15.640+0000][1][safepoint    ] Safepoint "GenCollectForAllocation", Time since last: 49223999 ns, Reaching safepoint: 102500 ns, At safepoint: 18528599 ns, Total: 18631099 ns
[2020-03-27T04:54:15.759+0000][1][gc,start     ] GC(38) Pause Young (Allocation Failure)
[2020-03-27T04:54:15.760+0000][1][gc,task      ] GC(38) Using 2 workers of 2 for evacuation
[2020-03-27T04:54:15.775+0000][1][gc,age       ] GC(38) Desired survivor size 2228224 bytes, new threshold 1 (max threshold 6)
[2020-03-27T04:54:15.776+0000][1][gc,age       ] GC(38) Age table with threshold 1 (max threshold 6)
[2020-03-27T04:54:15.776+0000][1][gc,age       ] GC(38) - age   1:    3983840 bytes,    3983840 total
[2020-03-27T04:54:15.777+0000][1][gc,heap      ] GC(38) ParNew: 39296K->4352K(39296K)
[2020-03-27T04:54:15.777+0000][1][gc,heap      ] GC(38) CMS: 34446K->39169K(87424K)
[2020-03-27T04:54:15.778+0000][1][gc,metaspace ] GC(38) Metaspace: 28061K->28061K(1075200K)
[2020-03-27T04:54:15.778+0000][1][gc           ] GC(38) Pause Young (Allocation Failure) 72M->42M(123M) 19.032ms
[2020-03-27T04:54:15.778+0000][1][gc,cpu       ] GC(38) User=0.03s Sys=0.00s Real=0.02s
[2020-03-27T04:54:15.779+0000][1][safepoint    ] Safepoint "GenCollectForAllocation", Time since last: 118928397 ns, Reaching safepoint: 138200 ns, At safepoint: 19933300 ns, Total: 20071500 ns
[2020-03-27T04:54:15.951+0000][1][gc,start     ] GC(39) Pause Young (Allocation Failure)
[2020-03-27T04:54:15.952+0000][1][gc,task      ] GC(39) Using 2 workers of 2 for evacuation
[2020-03-27T04:54:15.958+0000][1][gc,age       ] GC(39) Desired survivor size 2228224 bytes, new threshold 1 (max threshold 6)
[2020-03-27T04:54:15.959+0000][1][gc,age       ] GC(39) Age table with threshold 1 (max threshold 6)
[2020-03-27T04:54:15.959+0000][1][gc,age       ] GC(39) - age   1:    3037360 bytes,    3037360 total
[2020-03-27T04:54:15.960+0000][1][gc,heap      ] GC(39) ParNew: 39296K->3857K(39296K)
[2020-03-27T04:54:15.960+0000][1][gc,heap      ] GC(39) CMS: 39169K->42693K(87424K)
[2020-03-27T04:54:15.960+0000][1][gc,metaspace ] GC(39) Metaspace: 30685K->30685K(1077248K)
[2020-03-27T04:54:15.961+0000][1][gc           ] GC(39) Pause Young (Allocation Failure) 76M->45M(123M) 9.610ms
[2020-03-27T04:54:15.961+0000][1][gc,cpu       ] GC(39) User=0.01s Sys=0.00s Real=0.01s
[2020-03-27T04:54:15.961+0000][1][safepoint    ] Safepoint "GenCollectForAllocation", Time since last: 171898196 ns, Reaching safepoint: 126800 ns, At safepoint: 10266700 ns, Total: 10393500 ns
[2020-03-27T04:54:16.095+0000][1][gc,start     ] GC(40) Pause Young (Allocation Failure)
[2020-03-27T04:54:16.096+0000][1][gc,task      ] GC(40) Using 2 workers of 2 for evacuation
[2020-03-27T04:54:16.102+0000][1][gc,age       ] GC(40) Desired survivor size 2228224 bytes, new threshold 6 (max threshold 6)
[2020-03-27T04:54:16.102+0000][1][gc,age       ] GC(40) Age table with threshold 6 (max threshold 6)
[2020-03-27T04:54:16.103+0000][1][gc,age       ] GC(40) - age   1:    1094304 bytes,    1094304 total
[2020-03-27T04:54:16.103+0000][1][gc,heap      ] GC(40) ParNew: 38801K->3188K(39296K)
[2020-03-27T04:54:16.104+0000][1][gc,heap      ] GC(40) CMS: 42693K->45658K(87424K)
[2020-03-27T04:54:16.104+0000][1][gc,metaspace ] GC(40) Metaspace: 33379K->33379K(1081344K)
[2020-03-27T04:54:16.104+0000][1][gc           ] GC(40) Pause Young (Allocation Failure) 79M->47M(123M) 9.165ms
[2020-03-27T04:54:16.105+0000][1][gc,cpu       ] GC(40) User=0.01s Sys=0.00s Real=0.01s
[2020-03-27T04:54:16.105+0000][1][safepoint    ] Safepoint "GenCollectForAllocation", Time since last: 133857095 ns, Reaching safepoint: 150500 ns, At safepoint: 10100000 ns, Total: 10250500 ns
[2020-03-27T04:54:16.128+0000][1][gc,start     ] GC(41) Pause Young (Allocation Failure)
[2020-03-27T04:54:16.129+0000][1][gc,task      ] GC(41) Using 2 workers of 2 for evacuation
[2020-03-27T04:54:16.131+0000][1][gc,age       ] GC(41) Desired survivor size 2228224 bytes, new threshold 6 (max threshold 6)
[2020-03-27T04:54:16.131+0000][1][gc,age       ] GC(41) Age table with threshold 6 (max threshold 6)
[2020-03-27T04:54:16.132+0000][1][gc,age       ] GC(41) - age   1:      33232 bytes,      33232 total
[2020-03-27T04:54:16.132+0000][1][gc,age       ] GC(41) - age   2:    1082384 bytes,    1115616 total
[2020-03-27T04:54:16.133+0000][1][gc,heap      ] GC(41) ParNew: 38132K->2128K(39296K)
[2020-03-27T04:54:16.133+0000][1][gc,heap      ] GC(41) CMS: 45658K->45658K(87424K)
[2020-03-27T04:54:16.134+0000][1][gc,metaspace ] GC(41) Metaspace: 33379K->33379K(1081344K)
[2020-03-27T04:54:16.134+0000][1][gc           ] GC(41) Pause Young (Allocation Failure) 81M->46M(123M) 6.051ms
[2020-03-27T04:54:16.134+0000][1][gc,cpu       ] GC(41) User=0.00s Sys=0.00s Real=0.00s
[2020-03-27T04:54:16.135+0000][1][safepoint    ] Safepoint "GenCollectForAllocation", Time since last: 22568299 ns, Reaching safepoint: 101000 ns, At safepoint: 7112199 ns, Total: 7213199 ns
[2020-03-27T04:54:16.158+0000][1][gc,start     ] GC(42) Pause Young (Allocation Failure)
[2020-03-27T04:54:16.159+0000][1][gc,task      ] GC(42) Using 2 workers of 2 for evacuation
[2020-03-27T04:54:16.161+0000][1][gc,age       ] GC(42) Desired survivor size 2228224 bytes, new threshold 6 (max threshold 6)
[2020-03-27T04:54:16.161+0000][1][gc,age       ] GC(42) Age table with threshold 6 (max threshold 6)
[2020-03-27T04:54:16.161+0000][1][gc,age       ] GC(42) - age   1:      20992 bytes,      20992 total
[2020-03-27T04:54:16.162+0000][1][gc,age       ] GC(42) - age   2:      31072 bytes,      52064 total
[2020-03-27T04:54:16.162+0000][1][gc,age       ] GC(42) - age   3:    1085224 bytes,    1137288 total
[2020-03-27T04:54:16.163+0000][1][gc,heap      ] GC(42) ParNew: 37072K->1686K(39296K)
[2020-03-27T04:54:16.163+0000][1][gc,heap      ] GC(42) CMS: 45658K->45658K(87424K)
[2020-03-27T04:54:16.163+0000][1][gc,metaspace ] GC(42) Metaspace: 33379K->33379K(1081344K)
[2020-03-27T04:54:16.164+0000][1][gc           ] GC(42) Pause Young (Allocation Failure) 80M->46M(123M) 5.423ms
[2020-03-27T04:54:16.164+0000][1][gc,cpu       ] GC(42) User=0.01s Sys=0.00s Real=0.00s
[2020-03-27T04:54:16.165+0000][1][safepoint    ] Safepoint "GenCollectForAllocation", Time since last: 23242899 ns, Reaching safepoint: 21300 ns, At safepoint: 6399800 ns, Total: 6421100 ns
[2020-03-27T04:54:16.181+0000][1][safepoint    ] Safepoint "CollectForMetadataAllocation", Time since last: 16142599 ns, Reaching safepoint: 108900 ns, At safepoint: 74700 ns, Total: 183600 ns
[2020-03-27T04:54:16.267+0000][1][safepoint    ] Safepoint "CollectForMetadataAllocation", Time since last: 85374395 ns, Reaching safepoint: 113700 ns, At safepoint: 78400 ns, Total: 192100 ns
[2020-03-27T04:54:16.292+0000][1][safepoint    ] Safepoint "CollectForMetadataAllocation", Time since last: 25150199 ns, Reaching safepoint: 110300 ns, At safepoint: 88000 ns, Total: 198300 ns
[2020-03-27T04:54:16.306+0000][1][gc,start     ] GC(43) Pause Young (Allocation Failure)
[2020-03-27T04:54:16.307+0000][1][gc,task      ] GC(43) Using 2 workers of 2 for evacuation
[2020-03-27T04:54:16.311+0000][1][gc,age       ] GC(43) Desired survivor size 2228224 bytes, new threshold 4 (max threshold 6)
[2020-03-27T04:54:16.311+0000][1][gc,age       ] GC(43) Age table with threshold 4 (max threshold 6)
[2020-03-27T04:54:16.312+0000][1][gc,age       ] GC(43) - age   1:    1771072 bytes,    1771072 total
[2020-03-27T04:54:16.312+0000][1][gc,age       ] GC(43) - age   2:      20816 bytes,    1791888 total
[2020-03-27T04:54:16.313+0000][1][gc,age       ] GC(43) - age   3:      31072 bytes,    1822960 total
[2020-03-27T04:54:16.313+0000][1][gc,age       ] GC(43) - age   4:    1038672 bytes,    2861632 total
[2020-03-27T04:54:16.313+0000][1][gc,heap      ] GC(43) ParNew: 36630K->3498K(39296K)
[2020-03-27T04:54:16.313+0000][1][gc,heap      ] GC(43) CMS: 45658K->45658K(87424K)
[2020-03-27T04:54:16.314+0000][1][gc,metaspace ] GC(43) Metaspace: 34304K->34304K(1081344K)
[2020-03-27T04:54:16.314+0000][1][gc           ] GC(43) Pause Young (Allocation Failure) 80M->48M(123M) 7.574ms
[2020-03-27T04:54:16.314+0000][1][gc,cpu       ] GC(43) User=0.01s Sys=0.00s Real=0.00s
[2020-03-27T04:54:16.314+0000][1][safepoint    ] Safepoint "GenCollectForAllocation", Time since last: 14195999 ns, Reaching safepoint: 136200 ns, At safepoint: 8016400 ns, Total: 8152600 ns
[2020-03-27T04:54:16.315+0000][1][gc,start     ] GC(44) Pause Initial Mark
[2020-03-27T04:54:16.316+0000][1][gc           ] GC(44) Pause Initial Mark 48M->48M(123M) 1.287ms
[2020-03-27T04:54:16.316+0000][1][gc,cpu       ] GC(44) User=0.00s Sys=0.00s Real=0.01s
[2020-03-27T04:54:16.316+0000][1][safepoint    ] Safepoint "CMS_Initial_Mark", Time since last: 234600 ns, Reaching safepoint: 70900 ns, At safepoint: 1747300 ns, Total: 1818200 ns
[2020-03-27T04:54:16.317+0000][1][gc           ] GC(44) Concurrent Mark
[2020-03-27T04:54:16.349+0000][1][safepoint    ] Safepoint "CollectForMetadataAllocation", Time since last: 32486698 ns, Reaching safepoint: 24200 ns, At safepoint: 65800 ns, Total: 90000 ns
[2020-03-27T04:54:16.370+0000][1][gc           ] GC(44) Concurrent Mark 52.965ms
[2020-03-27T04:54:16.370+0000][1][gc,cpu       ] GC(44) User=0.10s Sys=0.00s Real=0.05s
[2020-03-27T04:54:16.370+0000][1][gc           ] GC(44) Concurrent Preclean
[2020-03-27T04:54:16.371+0000][1][gc           ] GC(44) Concurrent Preclean 0.777ms
[2020-03-27T04:54:16.372+0000][1][gc,cpu       ] GC(44) User=0.00s Sys=0.00s Real=0.00s
[2020-03-27T04:54:16.372+0000][1][gc           ] GC(44) Concurrent Abortable Preclean
[2020-03-27T04:54:16.382+0000][1][safepoint    ] Safepoint "CollectForMetadataAllocation", Time since last: 32778098 ns, Reaching safepoint: 27300 ns, At safepoint: 38600 ns, Total: 65900 ns
[2020-03-27T04:54:16.402+0000][1][safepoint    ] Safepoint "CollectForMetadataAllocation", Time since last: 19853899 ns, Reaching safepoint: 27000 ns, At safepoint: 64500 ns, Total: 91500 ns
[2020-03-27T04:54:16.425+0000][1][safepoint    ] Safepoint "CollectForMetadataAllocation", Time since last: 22805799 ns, Reaching safepoint: 22300 ns, At safepoint: 54800 ns, Total: 77100 ns
[2020-03-27T04:54:16.439+0000][1][safepoint    ] Safepoint "CollectForMetadataAllocation", Time since last: 13784700 ns, Reaching safepoint: 42800 ns, At safepoint: 85600 ns, Total: 128400 ns
[2020-03-27T04:54:16.471+0000][1][safepoint    ] Safepoint "CollectForMetadataAllocation", Time since last: 31762198 ns, Reaching safepoint: 76300 ns, At safepoint: 128000 ns, Total: 204300 ns
[2020-03-27T04:54:16.506+0000][1][safepoint    ] Safepoint "CollectForMetadataAllocation", Time since last: 35069298 ns, Reaching safepoint: 24900 ns, At safepoint: 42800 ns, Total: 67700 ns
[2020-03-27T04:54:16.523+0000][1][safepoint    ] Safepoint "CollectForMetadataAllocation", Time since last: 17053999 ns, Reaching safepoint: 134800 ns, At safepoint: 71600 ns, Total: 206400 ns
[2020-03-27T04:54:16.544+0000][1][safepoint    ] Safepoint "CollectForMetadataAllocation", Time since last: 20972899 ns, Reaching safepoint: 97100 ns, At safepoint: 70700 ns, Total: 167800 ns
[2020-03-27T04:54:16.549+0000][1][safepoint    ] Safepoint "Deoptimize", Time since last: 4553200 ns, Reaching safepoint: 23100 ns, At safepoint: 288000 ns, Total: 311100 ns
[2020-03-27T04:54:16.553+0000][1][safepoint    ] Safepoint "Deoptimize", Time since last: 4119600 ns, Reaching safepoint: 24000 ns, At safepoint: 367900 ns, Total: 391900 ns
[2020-03-27T04:54:16.561+0000][1][safepoint    ] Safepoint "CollectForMetadataAllocation", Time since last: 7429499 ns, Reaching safepoint: 25100 ns, At safepoint: 67800 ns, Total: 92900 ns
[2020-03-27T04:54:16.576+0000][1][safepoint    ] Safepoint "CollectForMetadataAllocation", Time since last: 14651499 ns, Reaching safepoint: 103000 ns, At safepoint: 76100 ns, Total: 179100 ns
[2020-03-27T04:54:16.584+0000][1][safepoint    ] Safepoint "Deoptimize", Time since last: 7560800 ns, Reaching safepoint: 77800 ns, At safepoint: 392400 ns, Total: 470200 ns
[2020-03-27T04:54:16.588+0000][1][safepoint    ] Safepoint "CollectForMetadataAllocation", Time since last: 3867800 ns, Reaching safepoint: 24700 ns, At safepoint: 74600 ns, Total: 99300 ns
[2020-03-27T04:54:16.602+0000][1][safepoint    ] Safepoint "RevokeBias", Time since last: 14379699 ns, Reaching safepoint: 102400 ns, At safepoint: 115900 ns, Total: 218300 ns
[2020-03-27T04:54:16.615+0000][1][safepoint    ] Safepoint "CollectForMetadataAllocation", Time since last: 12624799 ns, Reaching safepoint: 26400 ns, At safepoint: 60500 ns, Total: 86900 ns
[2020-03-27T04:54:16.638+0000][1][safepoint    ] Safepoint "CollectForMetadataAllocation", Time since last: 23115199 ns, Reaching safepoint: 92000 ns, At safepoint: 84100 ns, Total: 176100 ns
[2020-03-27T04:54:16.656+0000][1][safepoint    ] Safepoint "CollectForMetadataAllocation", Time since last: 17626199 ns, Reaching safepoint: 103500 ns, At safepoint: 70800 ns, Total: 174300 ns
[2020-03-27T04:54:16.669+0000][1][safepoint    ] Safepoint "CollectForMetadataAllocation", Time since last: 12997799 ns, Reaching safepoint: 23500 ns, At safepoint: 65400 ns, Total: 88900 ns
[2020-03-27T04:54:16.686+0000][1][safepoint    ] Safepoint "CollectForMetadataAllocation", Time since last: 16303700 ns, Reaching safepoint: 54300 ns, At safepoint: 75700 ns, Total: 130000 ns
[2020-03-27T04:54:16.699+0000][1][safepoint    ] Safepoint "CollectForMetadataAllocation", Time since last: 13402699 ns, Reaching safepoint: 15400 ns, At safepoint: 76400 ns, Total: 91800 ns
[2020-03-27T04:54:16.722+0000][1][safepoint    ] Safepoint "CollectForMetadataAllocation", Time since last: 22247799 ns, Reaching safepoint: 26900 ns, At safepoint: 95100 ns, Total: 122000 ns
[2020-03-27T04:54:16.732+0000][1][safepoint    ] Safepoint "CollectForMetadataAllocation", Time since last: 10546999 ns, Reaching safepoint: 16400 ns, At safepoint: 78800 ns, Total: 95200 ns
[2020-03-27T04:54:16.762+0000][1][safepoint    ] Safepoint "CollectForMetadataAllocation", Time since last: 29137699 ns, Reaching safepoint: 67600 ns, At safepoint: 136900 ns, Total: 204500 ns
[2020-03-27T04:54:16.775+0000][1][gc,start     ] GC(45) Pause Young (Allocation Failure)
[2020-03-27T04:54:16.776+0000][1][gc,task      ] GC(45) Using 2 workers of 2 for evacuation
[2020-03-27T04:54:16.782+0000][1][gc,age       ] GC(45) Desired survivor size 2228224 bytes, new threshold 2 (max threshold 6)
[2020-03-27T04:54:16.787+0000][1][gc,age       ] GC(45) Age table with threshold 2 (max threshold 6)
[2020-03-27T04:54:16.788+0000][1][gc,age       ] GC(45) - age   1:    1286176 bytes,    1286176 total
[2020-03-27T04:54:16.788+0000][1][gc,age       ] GC(45) - age   2:    1757624 bytes,    3043800 total
[2020-03-27T04:54:16.789+0000][1][gc,age       ] GC(45) - age   3:      20816 bytes,    3064616 total
[2020-03-27T04:54:16.789+0000][1][gc,age       ] GC(45) - age   4:      31072 bytes,    3095688 total
[2020-03-27T04:54:16.790+0000][1][gc,heap      ] GC(45) ParNew: 38442K->4352K(39296K)
[2020-03-27T04:54:16.790+0000][1][gc,heap      ] GC(45) CMS: 45658K->46690K(87424K)
[2020-03-27T04:54:16.791+0000][1][gc,metaspace ] GC(45) Metaspace: 40802K->40802K(1087488K)
[2020-03-27T04:54:16.791+0000][1][gc           ] GC(45) Pause Young (Allocation Failure) 82M->49M(123M) 15.813ms
[2020-03-27T04:54:16.791+0000][1][gc,cpu       ] GC(45) User=0.02s Sys=0.00s Real=0.02s
[2020-03-27T04:54:16.792+0000][1][safepoint    ] Safepoint "GenCollectForAllocation", Time since last: 13515099 ns, Reaching safepoint: 23900 ns, At safepoint: 16630799 ns, Total: 16654699 ns
[2020-03-27T04:54:16.806+0000][1][safepoint    ] Safepoint "CollectForMetadataAllocation", Time since last: 14283399 ns, Reaching safepoint: 29700 ns, At safepoint: 62500 ns, Total: 92200 ns
[2020-03-27T04:54:16.828+0000][1][safepoint    ] Safepoint "CollectForMetadataAllocation", Time since last: 21925599 ns, Reaching safepoint: 27300 ns, At safepoint: 65000 ns, Total: 92300 ns
[2020-03-27T04:54:16.842+0000][1][safepoint    ] Safepoint "CollectForMetadataAllocation", Time since last: 14129199 ns, Reaching safepoint: 103700 ns, At safepoint: 85200 ns, Total: 188900 ns
[2020-03-27T04:54:16.880+0000][1][safepoint    ] Safepoint "CollectForMetadataAllocation", Time since last: 37813498 ns, Reaching safepoint: 47000 ns, At safepoint: 63300 ns, Total: 110300 ns
[2020-03-27T04:54:16.903+0000][1][safepoint    ] Safepoint "CollectForMetadataAllocation", Time since last: 22893499 ns, Reaching safepoint: 29000 ns, At safepoint: 66700 ns, Total: 95700 ns
[2020-03-27T04:54:16.923+0000][1][safepoint    ] Safepoint "CollectForMetadataAllocation", Time since last: 20030699 ns, Reaching safepoint: 24900 ns, At safepoint: 64200 ns, Total: 89100 ns
[2020-03-27T04:54:16.944+0000][1][safepoint    ] Safepoint "CollectForMetadataAllocation", Time since last: 19972199 ns, Reaching safepoint: 17200 ns, At safepoint: 106900 ns, Total: 124100 ns
[2020-03-27T04:54:16.968+0000][1][safepoint    ] Safepoint "CollectForMetadataAllocation", Time since last: 24287299 ns, Reaching safepoint: 86700 ns, At safepoint: 70300 ns, Total: 157000 ns
[2020-03-27T04:54:16.987+0000][1][safepoint    ] Safepoint "CollectForMetadataAllocation", Time since last: 18261599 ns, Reaching safepoint: 315100 ns, At safepoint: 72600 ns, Total: 387700 ns
[2020-03-27T04:54:16.991+0000][1][gc           ] GC(44) Concurrent Abortable Preclean 618.930ms
[2020-03-27T04:54:16.991+0000][1][gc,cpu       ] GC(44) User=1.13s Sys=0.03s Real=0.62s
[2020-03-27T04:54:16.992+0000][1][gc,start     ] GC(44) Pause Remark
[2020-03-27T04:54:16.999+0000][1][gc           ] GC(44) Pause Remark 67M->67M(123M) 7.004ms
[2020-03-27T04:54:16.999+0000][1][gc,cpu       ] GC(44) User=0.01s Sys=0.00s Real=0.01s
[2020-03-27T04:54:17.000+0000][1][safepoint    ] Safepoint "CMS_Final_Remark", Time since last: 4790500 ns, Reaching safepoint: 316600 ns, At safepoint: 8071699 ns, Total: 8388299 ns
[2020-03-27T04:54:17.000+0000][1][gc           ] GC(44) Concurrent Sweep
[2020-03-27T04:54:17.013+0000][1][safepoint    ] Safepoint "CollectForMetadataAllocation", Time since last: 12341100 ns, Reaching safepoint: 568800 ns, At safepoint: 80000 ns, Total: 648800 ns
[2020-03-27T04:54:17.014+0000][1][gc           ] GC(44) Concurrent Sweep 13.755ms
[2020-03-27T04:54:17.014+0000][1][gc,cpu       ] GC(44) User=0.02s Sys=0.01s Real=0.01s
[2020-03-27T04:54:17.015+0000][1][gc           ] GC(44) Concurrent Reset
[2020-03-27T04:54:17.016+0000][1][gc           ] GC(44) Concurrent Reset 1.067ms
[2020-03-27T04:54:17.016+0000][1][gc,cpu       ] GC(44) User=0.00s Sys=0.00s Real=0.01s
[2020-03-27T04:54:17.016+0000][1][gc,heap      ] GC(44) Old: 45658K->45642K(87424K)
[2020-03-27T04:54:17.054+0000][1][safepoint    ] Safepoint "RevokeBias", Time since last: 40868897 ns, Reaching safepoint: 141800 ns, At safepoint: 38000 ns, Total: 179800 ns
[2020-03-27T04:54:17.134+0000][1][safepoint    ] Safepoint "Deoptimize", Time since last: 80091296 ns, Reaching safepoint: 125200 ns, At safepoint: 239600 ns, Total: 364800 ns
[2020-03-27T04:54:17.136+0000][1][safepoint    ] Safepoint "Deoptimize", Time since last: 1685900 ns, Reaching safepoint: 77800 ns, At safepoint: 256800 ns, Total: 334600 ns
[2020-03-27T04:54:17.204+0000][1][gc,start     ] GC(46) Pause Young (Allocation Failure)
[2020-03-27T04:54:17.204+0000][1][gc,task      ] GC(46) Using 2 workers of 2 for evacuation
[2020-03-27T04:54:17.211+0000][1][gc,age       ] GC(46) Desired survivor size 2228224 bytes, new threshold 1 (max threshold 6)
[2020-03-27T04:54:17.212+0000][1][gc,age       ] GC(46) Age table with threshold 1 (max threshold 6)
[2020-03-27T04:54:17.220+0000][1][gc,age       ] GC(46) - age   1:    2414800 bytes,    2414800 total
[2020-03-27T04:54:17.220+0000][1][gc,age       ] GC(46) - age   2:    1209464 bytes,    3624264 total
[2020-03-27T04:54:17.221+0000][1][gc,heap      ] GC(46) ParNew: 39296K->4287K(39296K)
[2020-03-27T04:54:17.221+0000][1][gc,heap      ] GC(46) CMS: 45642K->47462K(87424K)
[2020-03-27T04:54:17.222+0000][1][gc,metaspace ] GC(46) Metaspace: 45846K->45846K(1091584K)
[2020-03-27T04:54:17.222+0000][1][gc           ] GC(46) Pause Young (Allocation Failure) 82M->50M(123M) 18.263ms
[2020-03-27T04:54:17.222+0000][1][gc,cpu       ] GC(46) User=0.01s Sys=0.00s Real=0.02s
[2020-03-27T04:54:17.223+0000][1][safepoint    ] Safepoint "GenCollectForAllocation", Time since last: 67237997 ns, Reaching safepoint: 122300 ns, At safepoint: 19071199 ns, Total: 19193499 ns
[2020-03-27T04:54:17.225+0000][1][safepoint    ] Safepoint "RevokeBias", Time since last: 2033200 ns, Reaching safepoint: 111200 ns, At safepoint: 38800 ns, Total: 150000 ns
[2020-03-27T04:54:17.226+0000][1][safepoint    ] Safepoint "RevokeBias", Time since last: 419999 ns, Reaching safepoint: 177000 ns, At safepoint: 57300 ns, Total: 234300 ns
[2020-03-27T04:54:17.226+0000][1][safepoint    ] Safepoint "RevokeBias", Time since last: 353000 ns, Reaching safepoint: 92800 ns, At safepoint: 38100 ns, Total: 130900 ns
[2020-03-27T04:54:17.227+0000][1][safepoint    ] Safepoint "RevokeBias", Time since last: 325000 ns, Reaching safepoint: 110700 ns, At safepoint: 53200 ns, Total: 163900 ns
[2020-03-27T04:54:17.233+0000][1][safepoint    ] Safepoint "RevokeBias", Time since last: 6151400 ns, Reaching safepoint: 90400 ns, At safepoint: 32500 ns, Total: 122900 ns
[2020-03-27T04:54:17.233+0000][1][safepoint    ] Safepoint "RevokeBias", Time since last: 416100 ns, Reaching safepoint: 86100 ns, At safepoint: 33700 ns, Total: 119800 ns
[2020-03-27T04:54:17.234+0000][1][safepoint    ] Safepoint "RevokeBias", Time since last: 394200 ns, Reaching safepoint: 86800 ns, At safepoint: 30400 ns, Total: 117200 ns
[2020-03-27T04:54:17.234+0000][1][safepoint    ] Safepoint "RevokeBias", Time since last: 370200 ns, Reaching safepoint: 86200 ns, At safepoint: 33700 ns, Total: 119900 ns
[2020-03-27T04:54:17.235+0000][1][safepoint    ] Safepoint "RevokeBias", Time since last: 396100 ns, Reaching safepoint: 129200 ns, At safepoint: 32300 ns, Total: 161500 ns
[2020-03-27T04:54:17.236+0000][1][safepoint    ] Safepoint "RevokeBias", Time since last: 381000 ns, Reaching safepoint: 147200 ns, At safepoint: 33300 ns, Total: 180500 ns
[2020-03-27T04:54:17.236+0000][1][safepoint    ] Safepoint "RevokeBias", Time since last: 285700 ns, Reaching safepoint: 93000 ns, At safepoint: 33500 ns, Total: 126500 ns
[2020-03-27T04:54:17.236+0000][1][safepoint    ] Safepoint "RevokeBias", Time since last: 325600 ns, Reaching safepoint: 85300 ns, At safepoint: 30900 ns, Total: 116200 ns
[2020-03-27T04:54:17.237+0000][1][safepoint    ] Safepoint "RevokeBias", Time since last: 406700 ns, Reaching safepoint: 83500 ns, At safepoint: 33000 ns, Total: 116500 ns
[2020-03-27T04:54:17.237+0000][1][safepoint    ] Safepoint "RevokeBias", Time since last: 354900 ns, Reaching safepoint: 139600 ns, At safepoint: 21900 ns, Total: 161500 ns
[2020-03-27T04:54:17.238+0000][1][safepoint    ] Safepoint "RevokeBias", Time since last: 334900 ns, Reaching safepoint: 438000 ns, At safepoint: 22700 ns, Total: 460700 ns
[2020-03-27T04:54:17.239+0000][1][safepoint    ] Safepoint "BulkRevokeBias", Time since last: 425200 ns, Reaching safepoint: 96500 ns, At safepoint: 81700 ns, Total: 178200 ns
[2020-03-27T04:54:17.622+0000][1][gc,start     ] GC(47) Pause Young (Allocation Failure)
[2020-03-27T04:54:17.623+0000][1][gc,task      ] GC(47) Using 2 workers of 2 for evacuation
[2020-03-27T04:54:17.629+0000][1][gc,age       ] GC(47) Desired survivor size 2228224 bytes, new threshold 6 (max threshold 6)
[2020-03-27T04:54:17.630+0000][1][gc,age       ] GC(47) Age table with threshold 6 (max threshold 6)
[2020-03-27T04:54:17.630+0000][1][gc,age       ] GC(47) - age   1:    1535624 bytes,    1535624 total
[2020-03-27T04:54:17.631+0000][1][gc,heap      ] GC(47) ParNew: 39230K->3363K(39296K)
[2020-03-27T04:54:17.631+0000][1][gc,heap      ] GC(47) CMS: 47462K->51043K(87424K)
[2020-03-27T04:54:17.631+0000][1][gc,metaspace ] GC(47) Metaspace: 47467K->47467K(1093632K)
[2020-03-27T04:54:17.631+0000][1][gc           ] GC(47) Pause Young (Allocation Failure) 84M->53M(123M) 9.360ms
[2020-03-27T04:54:17.632+0000][1][gc,cpu       ] GC(47) User=0.01s Sys=0.00s Real=0.01s
[2020-03-27T04:54:17.632+0000][1][safepoint    ] Safepoint "GenCollectForAllocation", Time since last: 383147580 ns, Reaching safepoint: 61700 ns, At safepoint: 10018099 ns, Total: 10079799 ns
[2020-03-27T04:54:17.633+0000][1][safepoint    ] Safepoint "RevokeBias", Time since last: 419000 ns, Reaching safepoint: 166600 ns, At safepoint: 29400 ns, Total: 196000 ns
[2020-03-27T04:54:17.633+0000][1][safepoint    ] Safepoint "RevokeBias", Time since last: 323100 ns, Reaching safepoint: 126400 ns, At safepoint: 53600 ns, Total: 180000 ns
[2020-03-27T04:54:17.634+0000][1][safepoint    ] Safepoint "RevokeBias", Time since last: 299500 ns, Reaching safepoint: 26900 ns, At safepoint: 59800 ns, Total: 86700 ns
[2020-03-27T04:54:17.634+0000][1][safepoint    ] Safepoint "RevokeBias", Time since last: 259100 ns, Reaching safepoint: 89900 ns, At safepoint: 17800 ns, Total: 107700 ns
[2020-03-27T04:54:17.634+0000][1][safepoint    ] Safepoint "RevokeBias", Time since last: 321100 ns, Reaching safepoint: 82200 ns, At safepoint: 19700 ns, Total: 101900 ns
[2020-03-27T04:54:17.635+0000][1][safepoint    ] Safepoint "RevokeBias", Time since last: 293600 ns, Reaching safepoint: 94500 ns, At safepoint: 36200 ns, Total: 130700 ns
[2020-03-27T04:54:17.635+0000][1][safepoint    ] Safepoint "RevokeBias", Time since last: 258100 ns, Reaching safepoint: 89700 ns, At safepoint: 23600 ns, Total: 113300 ns
[2020-03-27T04:54:17.636+0000][1][safepoint    ] Safepoint "RevokeBias", Time since last: 792100 ns, Reaching safepoint: 93700 ns, At safepoint: 21500 ns, Total: 115200 ns
[2020-03-27T04:54:17.636+0000][1][safepoint    ] Safepoint "RevokeBias", Time since last: 265400 ns, Reaching safepoint: 10900 ns, At safepoint: 37200 ns, Total: 48100 ns
[2020-03-27T04:54:17.637+0000][1][safepoint    ] Safepoint "RevokeBias", Time since last: 266100 ns, Reaching safepoint: 236900 ns, At safepoint: 23200 ns, Total: 260100 ns
[2020-03-27T04:54:17.637+0000][1][safepoint    ] Safepoint "RevokeBias", Time since last: 268800 ns, Reaching safepoint: 11000 ns, At safepoint: 37400 ns, Total: 48400 ns
[2020-03-27T04:54:17.638+0000][1][safepoint    ] Safepoint "RevokeBias", Time since last: 232500 ns, Reaching safepoint: 91400 ns, At safepoint: 16600 ns, Total: 108000 ns
[2020-03-27T04:54:17.638+0000][1][safepoint    ] Safepoint "RevokeBias", Time since last: 305900 ns, Reaching safepoint: 136500 ns, At safepoint: 16300 ns, Total: 152800 ns
[2020-03-27T04:54:17.666+0000][1][safepoint    ] Safepoint "RevokeBias", Time since last: 28280099 ns, Reaching safepoint: 128600 ns, At safepoint: 9600 ns, Total: 138200 ns
[2020-03-27T04:54:17.694+0000][1][safepoint    ] Safepoint "RevokeBias", Time since last: 27609398 ns, Reaching safepoint: 24600 ns, At safepoint: 24100 ns, Total: 48700 ns
[2020-03-27T04:54:17.700+0000][1][safepoint    ] Safepoint "RevokeBias", Time since last: 5735800 ns, Reaching safepoint: 122700 ns, At safepoint: 26700 ns, Total: 149400 ns
[2020-03-27T04:54:17.809+0000][1][safepoint    ] Safepoint "RevokeBias", Time since last: 108632094 ns, Reaching safepoint: 382200 ns, At safepoint: 23900 ns, Total: 406100 ns
[2020-03-27T04:54:17.810+0000][1][safepoint    ] Safepoint "RevokeBias", Time since last: 631300 ns, Reaching safepoint: 175900 ns, At safepoint: 21700 ns, Total: 197600 ns
[2020-03-27T04:54:17.810+0000][1][safepoint    ] Safepoint "RevokeBias", Time since last: 530400 ns, Reaching safepoint: 78300 ns, At safepoint: 18900 ns, Total: 97200 ns
[2020-03-27T04:54:17.811+0000][1][safepoint    ] Safepoint "RevokeBias", Time since last: 323800 ns, Reaching safepoint: 82100 ns, At safepoint: 13900 ns, Total: 96000 ns
[2020-03-27T04:54:17.853+0000][1][safepoint    ] Safepoint "RevokeBias", Time since last: 41704298 ns, Reaching safepoint: 105400 ns, At safepoint: 25700 ns, Total: 131100 ns
[2020-03-27T04:54:17.853+0000][1][safepoint    ] Safepoint "RevokeBias", Time since last: 497900 ns, Reaching safepoint: 63500 ns, At safepoint: 16500 ns, Total: 80000 ns
[2020-03-27T04:54:17.854+0000][1][safepoint    ] Safepoint "RevokeBias", Time since last: 366100 ns, Reaching safepoint: 53000 ns, At safepoint: 15800 ns, Total: 68800 ns
[2020-03-27T04:54:17.854+0000][1][safepoint    ] Safepoint "RevokeBias", Time since last: 393000 ns, Reaching safepoint: 61000 ns, At safepoint: 13000 ns, Total: 74000 ns
[2020-03-27T04:54:17.855+0000][1][safepoint    ] Safepoint "RevokeBias", Time since last: 353000 ns, Reaching safepoint: 78800 ns, At safepoint: 11500 ns, Total: 90300 ns
[2020-03-27T04:54:17.855+0000][1][safepoint    ] Safepoint "RevokeBias", Time since last: 665400 ns, Reaching safepoint: 91800 ns, At safepoint: 17400 ns, Total: 109200 ns
[2020-03-27T04:54:17.856+0000][1][safepoint    ] Safepoint "RevokeBias", Time since last: 555300 ns, Reaching safepoint: 89400 ns, At safepoint: 18400 ns, Total: 107800 ns
[2020-03-27T04:54:17.858+0000][1][safepoint    ] Safepoint "RevokeBias", Time since last: 1180800 ns, Reaching safepoint: 243600 ns, At safepoint: 40500 ns, Total: 284100 ns
[2020-03-27T04:54:17.858+0000][1][safepoint    ] Safepoint "RevokeBias", Time since last: 400200 ns, Reaching safepoint: 97200 ns, At safepoint: 23700 ns, Total: 120900 ns
[2020-03-27T04:54:17.858+0000][1][safepoint    ] Safepoint "RevokeBias", Time since last: 222099 ns, Reaching safepoint: 45200 ns, At safepoint: 15900 ns, Total: 61100 ns
[2020-03-27T04:54:17.859+0000][1][safepoint    ] Safepoint "RevokeBias", Time since last: 288900 ns, Reaching safepoint: 91500 ns, At safepoint: 35100 ns, Total: 126600 ns
[2020-03-27T04:54:17.859+0000][1][safepoint    ] Safepoint "RevokeBias", Time since last: 328600 ns, Reaching safepoint: 82100 ns, At safepoint: 11100 ns, Total: 93200 ns
[2020-03-27T04:54:17.860+0000][1][safepoint    ] Safepoint "RevokeBias", Time since last: 276300 ns, Reaching safepoint: 99500 ns, At safepoint: 16800 ns, Total: 116300 ns
[2020-03-27T04:54:17.860+0000][1][gc,start     ] GC(48) Pause Young (Allocation Failure)
[2020-03-27T04:54:17.860+0000][1][gc,task      ] GC(48) Using 2 workers of 2 for evacuation
[2020-03-27T04:54:17.864+0000][1][gc,age       ] GC(48) Desired survivor size 2228224 bytes, new threshold 2 (max threshold 6)
[2020-03-27T04:54:17.864+0000][1][gc,age       ] GC(48) Age table with threshold 2 (max threshold 6)
[2020-03-27T04:54:17.865+0000][1][gc,age       ] GC(48) - age   1:    1699176 bytes,    1699176 total
[2020-03-27T04:54:17.865+0000][1][gc,age       ] GC(48) - age   2:    1507896 bytes,    3207072 total
[2020-03-27T04:54:17.865+0000][1][gc,heap      ] GC(48) ParNew: 38306K->3507K(39296K)
[2020-03-27T04:54:17.865+0000][1][gc,heap      ] GC(48) CMS: 51043K->51043K(87424K)
[2020-03-27T04:54:17.866+0000][1][gc,metaspace ] GC(48) Metaspace: 50573K->50573K(1095680K)
[2020-03-27T04:54:17.866+0000][1][gc           ] GC(48) Pause Young (Allocation Failure) 87M->53M(123M) 6.155ms
[2020-03-27T04:54:17.866+0000][1][gc,cpu       ] GC(48) User=0.01s Sys=0.00s Real=0.01s
[2020-03-27T04:54:17.866+0000][1][safepoint    ] Safepoint "GenCollectForAllocation", Time since last: 235400 ns, Reaching safepoint: 10200 ns, At safepoint: 6572700 ns, Total: 6582900 ns
[2020-03-27T04:54:17.867+0000][1][safepoint    ] Safepoint "RevokeBias", Time since last: 177400 ns, Reaching safepoint: 165400 ns, At safepoint: 85600 ns, Total: 251000 ns
[2020-03-27T04:54:17.867+0000][1][safepoint    ] Safepoint "RevokeBias", Time since last: 280900 ns, Reaching safepoint: 110700 ns, At safepoint: 37600 ns, Total: 148300 ns
[2020-03-27T04:54:17.868+0000][1][safepoint    ] Safepoint "RevokeBias", Time since last: 345100 ns, Reaching safepoint: 12000 ns, At safepoint: 28100 ns, Total: 40100 ns
[2020-03-27T04:54:17.868+0000][1][safepoint    ] Safepoint "RevokeBias", Time since last: 278900 ns, Reaching safepoint: 420600 ns, At safepoint: 16200 ns, Total: 436800 ns
[2020-03-27T04:54:17.869+0000][1][safepoint    ] Safepoint "RevokeBias", Time since last: 254100 ns, Reaching safepoint: 86000 ns, At safepoint: 11000 ns, Total: 97000 ns
[2020-03-27T04:54:17.869+0000][1][safepoint    ] Safepoint "RevokeBias", Time since last: 318100 ns, Reaching safepoint: 11500 ns, At safepoint: 15100 ns, Total: 26600 ns
[2020-03-27T04:54:17.869+0000][1][safepoint    ] Safepoint "RevokeBias", Time since last: 294200 ns, Reaching safepoint: 89300 ns, At safepoint: 18300 ns, Total: 107600 ns
[2020-03-27T04:54:17.870+0000][1][safepoint    ] Safepoint "RevokeBias", Time since last: 280700 ns, Reaching safepoint: 80300 ns, At safepoint: 15300 ns, Total: 95600 ns
[2020-03-27T04:54:17.870+0000][1][safepoint    ] Safepoint "RevokeBias", Time since last: 303000 ns, Reaching safepoint: 86400 ns, At safepoint: 10900 ns, Total: 97300 ns
[2020-03-27T04:54:17.871+0000][1][safepoint    ] Safepoint "RevokeBias", Time since last: 234900 ns, Reaching safepoint: 89700 ns, At safepoint: 31100 ns, Total: 120800 ns
[2020-03-27T04:54:17.871+0000][1][safepoint    ] Safepoint "RevokeBias", Time since last: 218500 ns, Reaching safepoint: 122300 ns, At safepoint: 25100 ns, Total: 147400 ns
[2020-03-27T04:54:17.871+0000][1][safepoint    ] Safepoint "RevokeBias", Time since last: 260700 ns, Reaching safepoint: 25200 ns, At safepoint: 27200 ns, Total: 52400 ns
[2020-03-27T04:54:17.872+0000][1][safepoint    ] Safepoint "RevokeBias", Time since last: 213600 ns, Reaching safepoint: 272400 ns, At safepoint: 15800 ns, Total: 288200 ns
[2020-03-27T04:54:17.872+0000][1][safepoint    ] Safepoint "BulkRevokeBias", Time since last: 228400 ns, Reaching safepoint: 114100 ns, At safepoint: 59700 ns, Total: 173800 ns
[2020-03-27T04:54:17.873+0000][1][safepoint    ] Safepoint "RevokeBias", Time since last: 223700 ns, Reaching safepoint: 163600 ns, At safepoint: 20700 ns, Total: 184300 ns
[2020-03-27T04:54:17.873+0000][1][safepoint    ] Safepoint "RevokeBias", Time since last: 232700 ns, Reaching safepoint: 108000 ns, At safepoint: 21200 ns, Total: 129200 ns
[2020-03-27T04:54:17.873+0000][1][safepoint    ] Safepoint "RevokeBias", Time since last: 471400 ns, Reaching safepoint: 88100 ns, At safepoint: 11800 ns, Total: 99900 ns
[2020-03-27T04:54:17.874+0000][1][safepoint    ] Safepoint "RevokeBias", Time since last: 263500 ns, Reaching safepoint: 101200 ns, At safepoint: 13700 ns, Total: 114900 ns
[2020-03-27T04:54:17.874+0000][1][safepoint    ] Safepoint "RevokeBias", Time since last: 309300 ns, Reaching safepoint: 87300 ns, At safepoint: 13900 ns, Total: 101200 ns
[2020-03-27T04:54:17.875+0000][1][safepoint    ] Safepoint "RevokeBias", Time since last: 256700 ns, Reaching safepoint: 11000 ns, At safepoint: 11200 ns, Total: 22200 ns
[2020-03-27T04:54:17.875+0000][1][safepoint    ] Safepoint "RevokeBias", Time since last: 212000 ns, Reaching safepoint: 10500 ns, At safepoint: 22200 ns, Total: 32700 ns
[2020-03-27T04:54:17.875+0000][1][safepoint    ] Safepoint "RevokeBias", Time since last: 166500 ns, Reaching safepoint: 10600 ns, At safepoint: 24500 ns, Total: 35100 ns
[2020-03-27T04:54:17.875+0000][1][safepoint    ] Safepoint "RevokeBias", Time since last: 217400 ns, Reaching safepoint: 20700 ns, At safepoint: 21600 ns, Total: 42300 ns
[2020-03-27T04:54:17.876+0000][1][safepoint    ] Safepoint "RevokeBias", Time since last: 132400 ns, Reaching safepoint: 88600 ns, At safepoint: 37500 ns, Total: 126100 ns
[2020-03-27T04:54:17.876+0000][1][safepoint    ] Safepoint "RevokeBias", Time since last: 196700 ns, Reaching safepoint: 12100 ns, At safepoint: 16700 ns, Total: 28800 ns
[2020-03-27T04:54:17.876+0000][1][safepoint    ] Safepoint "RevokeBias", Time since last: 169500 ns, Reaching safepoint: 99800 ns, At safepoint: 18900 ns, Total: 118700 ns
[2020-03-27T04:54:17.877+0000][1][safepoint    ] Safepoint "RevokeBias", Time since last: 130000 ns, Reaching safepoint: 355400 ns, At safepoint: 16100 ns, Total: 371500 ns
[2020-03-27T04:54:17.877+0000][1][safepoint    ] Safepoint "RevokeBias", Time since last: 169500 ns, Reaching safepoint: 86800 ns, At safepoint: 11100 ns, Total: 97900 ns
[2020-03-27T04:54:17.877+0000][1][safepoint    ] Safepoint "RevokeBias", Time since last: 134400 ns, Reaching safepoint: 86900 ns, At safepoint: 12500 ns, Total: 99400 ns
[2020-03-27T04:54:17.877+0000][1][safepoint    ] Safepoint "RevokeBias", Time since last: 128700 ns, Reaching safepoint: 152900 ns, At safepoint: 11100 ns, Total: 164000 ns
[2020-03-27T04:54:17.878+0000][1][safepoint    ] Safepoint "RevokeBias", Time since last: 137499 ns, Reaching safepoint: 89600 ns, At safepoint: 26500 ns, Total: 116100 ns
[2020-03-27T04:54:17.878+0000][1][safepoint    ] Safepoint "RevokeBias", Time since last: 166700 ns, Reaching safepoint: 11900 ns, At safepoint: 16500 ns, Total: 28400 ns
[2020-03-27T04:54:17.878+0000][1][safepoint    ] Safepoint "RevokeBias", Time since last: 139600 ns, Reaching safepoint: 11000 ns, At safepoint: 14900 ns, Total: 25900 ns
[2020-03-27T04:54:17.879+0000][1][safepoint    ] Safepoint "RevokeBias", Time since last: 131700 ns, Reaching safepoint: 431200 ns, At safepoint: 18100 ns, Total: 449300 ns
[2020-03-27T04:54:17.879+0000][1][safepoint    ] Safepoint "RevokeBias", Time since last: 141200 ns, Reaching safepoint: 93500 ns, At safepoint: 28400 ns, Total: 121900 ns
[2020-03-27T04:54:17.881+0000][1][safepoint    ] Safepoint "RevokeBias", Time since last: 2402200 ns, Reaching safepoint: 91400 ns, At safepoint: 15000 ns, Total: 106400 ns
[2020-03-27T04:54:17.882+0000][1][safepoint    ] Safepoint "BulkRevokeBias", Time since last: 245700 ns, Reaching safepoint: 103000 ns, At safepoint: 58900 ns, Total: 161900 ns
[2020-03-27T04:54:17.882+0000][1][safepoint    ] Safepoint "RevokeBias", Time since last: 419300 ns, Reaching safepoint: 87000 ns, At safepoint: 16400 ns, Total: 103400 ns
[2020-03-27T04:54:17.883+0000][1][safepoint    ] Safepoint "RevokeBias", Time since last: 255300 ns, Reaching safepoint: 86600 ns, At safepoint: 20200 ns, Total: 106800 ns
[2020-03-27T04:54:17.883+0000][1][safepoint    ] Safepoint "RevokeBias", Time since last: 245600 ns, Reaching safepoint: 86200 ns, At safepoint: 15300 ns, Total: 101500 ns
[2020-03-27T04:54:17.883+0000][1][safepoint    ] Safepoint "RevokeBias", Time since last: 194700 ns, Reaching safepoint: 87300 ns, At safepoint: 12000 ns, Total: 99300 ns
[2020-03-27T04:54:17.884+0000][1][safepoint    ] Safepoint "RevokeBias", Time since last: 220400 ns, Reaching safepoint: 89800 ns, At safepoint: 19400 ns, Total: 109200 ns
[2020-03-27T04:54:17.884+0000][1][safepoint    ] Safepoint "RevokeBias", Time since last: 270600 ns, Reaching safepoint: 93000 ns, At safepoint: 30600 ns, Total: 123600 ns
[2020-03-27T04:54:17.884+0000][1][safepoint    ] Safepoint "RevokeBias", Time since last: 332100 ns, Reaching safepoint: 88600 ns, At safepoint: 29100 ns, Total: 117700 ns
[2020-03-27T04:54:17.887+0000][1][safepoint    ] Safepoint "RevokeBias", Time since last: 272200 ns, Reaching safepoint: 2129200 ns, At safepoint: 36800 ns, Total: 2166000 ns
[2020-03-27T04:54:17.887+0000][1][safepoint    ] Safepoint "RevokeBias", Time since last: 298900 ns, Reaching safepoint: 85600 ns, At safepoint: 22900 ns, Total: 108500 ns
[2020-03-27T04:54:17.888+0000][1][safepoint    ] Safepoint "RevokeBias", Time since last: 237800 ns, Reaching safepoint: 231100 ns, At safepoint: 32400 ns, Total: 263500 ns
[2020-03-27T04:54:17.888+0000][1][safepoint    ] Safepoint "RevokeBias", Time since last: 344600 ns, Reaching safepoint: 84900 ns, At safepoint: 22300 ns, Total: 107200 ns
[2020-03-27T04:54:17.891+0000][1][safepoint    ] Safepoint "RevokeBias", Time since last: 405400 ns, Reaching safepoint: 2139100 ns, At safepoint: 19700 ns, Total: 2158800 ns
[2020-03-27T04:54:17.891+0000][1][safepoint    ] Safepoint "BulkRevokeBias", Time since last: 251000 ns, Reaching safepoint: 12800 ns, At safepoint: 47800 ns, Total: 60600 ns
[2020-03-27T04:54:17.892+0000][1][safepoint    ] Safepoint "RevokeBias", Time since last: 371000 ns, Reaching safepoint: 88600 ns, At safepoint: 16600 ns, Total: 105200 ns
[2020-03-27T04:54:17.892+0000][1][safepoint    ] Safepoint "RevokeBias", Time since last: 481300 ns, Reaching safepoint: 88600 ns, At safepoint: 17600 ns, Total: 106200 ns
[2020-03-27T04:54:17.893+0000][1][safepoint    ] Safepoint "RevokeBias", Time since last: 309600 ns, Reaching safepoint: 83600 ns, At safepoint: 13200 ns, Total: 96800 ns
[2020-03-27T04:54:17.893+0000][1][safepoint    ] Safepoint "RevokeBias", Time since last: 420500 ns, Reaching safepoint: 87700 ns, At safepoint: 14600 ns, Total: 102300 ns
[2020-03-27T04:54:17.895+0000][1][safepoint    ] Safepoint "Deoptimize", Time since last: 1098800 ns, Reaching safepoint: 93500 ns, At safepoint: 283100 ns, Total: 376600 ns
[2020-03-27T04:54:17.898+0000][1][safepoint    ] Safepoint "RevokeBias", Time since last: 3484599 ns, Reaching safepoint: 94700 ns, At safepoint: 22800 ns, Total: 117500 ns
[2020-03-27T04:54:17.899+0000][1][safepoint    ] Safepoint "RevokeBias", Time since last: 309800 ns, Reaching safepoint: 219800 ns, At safepoint: 37700 ns, Total: 257500 ns
[2020-03-27T04:54:17.903+0000][1][safepoint    ] Safepoint "RevokeBias", Time since last: 4026300 ns, Reaching safepoint: 109700 ns, At safepoint: 26500 ns, Total: 136200 ns
[2020-03-27T04:54:17.903+0000][1][safepoint    ] Safepoint "RevokeBias", Time since last: 445500 ns, Reaching safepoint: 95900 ns, At safepoint: 27200 ns, Total: 123100 ns
[2020-03-27T04:54:17.904+0000][1][safepoint    ] Safepoint "RevokeBias", Time since last: 411700 ns, Reaching safepoint: 92000 ns, At safepoint: 23700 ns, Total: 115700 ns
[2020-03-27T04:54:18.013+0000][1][gc,start     ] GC(49) Pause Young (Allocation Failure)
[2020-03-27T04:54:18.013+0000][1][gc,task      ] GC(49) Using 2 workers of 2 for evacuation
[2020-03-27T04:54:18.025+0000][1][gc,age       ] GC(49) Desired survivor size 2228224 bytes, new threshold 2 (max threshold 6)
[2020-03-27T04:54:18.025+0000][1][gc,age       ] GC(49) Age table with threshold 2 (max threshold 6)
[2020-03-27T04:54:18.026+0000][1][gc,age       ] GC(49) - age   1:     634648 bytes,     634648 total
[2020-03-27T04:54:18.026+0000][1][gc,age       ] GC(49) - age   2:    1668832 bytes,    2303480 total
[2020-03-27T04:54:18.027+0000][1][gc,heap      ] GC(49) ParNew: 38451K->4049K(39296K)
[2020-03-27T04:54:18.027+0000][1][gc,heap      ] GC(49) CMS: 51043K->52581K(87424K)
[2020-03-27T04:54:18.028+0000][1][gc,metaspace ] GC(49) Metaspace: 52708K->52708K(1097728K)
[2020-03-27T04:54:18.028+0000][1][gc           ] GC(49) Pause Young (Allocation Failure) 87M->55M(123M) 15.797ms
[2020-03-27T04:54:18.029+0000][1][gc,cpu       ] GC(49) User=0.03s Sys=0.00s Real=0.02s
[2020-03-27T04:54:18.029+0000][1][safepoint    ] Safepoint "GenCollectForAllocation", Time since last: 108397294 ns, Reaching safepoint: 111200 ns, At safepoint: 16625200 ns, Total: 16736400 ns
[2020-03-27T04:54:18.174+0000][1][gc,start     ] GC(50) Pause Young (Allocation Failure)
[2020-03-27T04:54:18.175+0000][1][gc,task      ] GC(50) Using 2 workers of 2 for evacuation
[2020-03-27T04:54:18.186+0000][1][gc,age       ] GC(50) Desired survivor size 2228224 bytes, new threshold 6 (max threshold 6)
[2020-03-27T04:54:18.186+0000][1][gc,age       ] GC(50) Age table with threshold 6 (max threshold 6)
[2020-03-27T04:54:18.186+0000][1][gc,age       ] GC(50) - age   1:     537416 bytes,     537416 total
[2020-03-27T04:54:18.187+0000][1][gc,age       ] GC(50) - age   2:     616928 bytes,    1154344 total
[2020-03-27T04:54:18.187+0000][1][gc,heap      ] GC(50) ParNew: 38993K->2277K(39296K)
[2020-03-27T04:54:18.187+0000][1][gc,heap      ] GC(50) CMS: 52581K->54236K(87424K)
[2020-03-27T04:54:18.188+0000][1][gc,metaspace ] GC(50) Metaspace: 55977K->55977K(1101824K)
[2020-03-27T04:54:18.188+0000][1][gc           ] GC(50) Pause Young (Allocation Failure) 89M->55M(123M) 13.433ms
[2020-03-27T04:54:18.188+0000][1][gc,cpu       ] GC(50) User=0.02s Sys=0.00s Real=0.02s
[2020-03-27T04:54:18.188+0000][1][safepoint    ] Safepoint "GenCollectForAllocation", Time since last: 144903092 ns, Reaching safepoint: 420200 ns, At safepoint: 13927999 ns, Total: 14348199 ns
[2020-03-27T04:54:18.357+0000][1][gc,start     ] GC(51) Pause Young (Allocation Failure)
[2020-03-27T04:54:18.358+0000][1][gc,task      ] GC(51) Using 2 workers of 2 for evacuation
[2020-03-27T04:54:18.365+0000][1][gc,age       ] GC(51) Desired survivor size 2228224 bytes, new threshold 6 (max threshold 6)
[2020-03-27T04:54:18.365+0000][1][gc,age       ] GC(51) Age table with threshold 6 (max threshold 6)
[2020-03-27T04:54:18.366+0000][1][gc,age       ] GC(51) - age   1:     764928 bytes,     764928 total
[2020-03-27T04:54:18.366+0000][1][gc,age       ] GC(51) - age   2:     516064 bytes,    1280992 total
[2020-03-27T04:54:18.367+0000][1][gc,age       ] GC(51) - age   3:     616336 bytes,    1897328 total
[2020-03-27T04:54:18.367+0000][1][gc,heap      ] GC(51) ParNew: 37221K->2005K(39296K)
[2020-03-27T04:54:18.368+0000][1][gc,heap      ] GC(51) CMS: 54236K->54236K(87424K)
[2020-03-27T04:54:18.368+0000][1][gc,metaspace ] GC(51) Metaspace: 60186K->60186K(1103872K)
[2020-03-27T04:54:18.368+0000][1][gc           ] GC(51) Pause Young (Allocation Failure) 89M->54M(123M) 11.105ms
[2020-03-27T04:54:18.369+0000][1][gc,cpu       ] GC(51) User=0.02s Sys=0.00s Real=0.01s
[2020-03-27T04:54:18.369+0000][1][safepoint    ] Safepoint "GenCollectForAllocation", Time since last: 168826691 ns, Reaching safepoint: 124700 ns, At safepoint: 11866900 ns, Total: 11991600 ns
[2020-03-27T04:54:18.482+0000][1][safepoint    ] Safepoint "RevokeBias", Time since last: 111689694 ns, Reaching safepoint: 845300 ns, At safepoint: 20000 ns, Total: 865300 ns
[2020-03-27T04:54:18.483+0000][1][safepoint    ] Safepoint "RevokeBias", Time since last: 1422000 ns, Reaching safepoint: 95800 ns, At safepoint: 15700 ns, Total: 111500 ns
[2020-03-27T04:54:18.484+0000][1][safepoint    ] Safepoint "RevokeBias", Time since last: 447000 ns, Reaching safepoint: 123400 ns, At safepoint: 14300 ns, Total: 137700 ns
[2020-03-27T04:54:18.486+0000][1][safepoint    ] Safepoint "RevokeBias", Time since last: 2215600 ns, Reaching safepoint: 86600 ns, At safepoint: 14500 ns, Total: 101100 ns
[2020-03-27T04:54:18.592+0000][1][gc,start     ] GC(52) Pause Young (Allocation Failure)
[2020-03-27T04:54:18.592+0000][1][gc,task      ] GC(52) Using 2 workers of 2 for evacuation
[2020-03-27T04:54:18.598+0000][1][gc,age       ] GC(52) Desired survivor size 2228224 bytes, new threshold 2 (max threshold 6)
[2020-03-27T04:54:18.599+0000][1][gc,age       ] GC(52) Age table with threshold 2 (max threshold 6)
[2020-03-27T04:54:18.599+0000][1][gc,age       ] GC(52) - age   1:    2067968 bytes,    2067968 total
[2020-03-27T04:54:18.599+0000][1][gc,age       ] GC(52) - age   2:     715432 bytes,    2783400 total
[2020-03-27T04:54:18.599+0000][1][gc,age       ] GC(52) - age   3:     515456 bytes,    3298856 total
[2020-03-27T04:54:18.600+0000][1][gc,age       ] GC(52) - age   4:     616272 bytes,    3915128 total
[2020-03-27T04:54:18.600+0000][1][gc,heap      ] GC(52) ParNew: 36949K->4352K(39296K)
[2020-03-27T04:54:18.600+0000][1][gc,heap      ] GC(52) CMS: 54236K->54236K(87424K)
[2020-03-27T04:54:18.601+0000][1][gc,metaspace ] GC(52) Metaspace: 63386K->63386K(1107968K)
[2020-03-27T04:54:18.601+0000][1][gc           ] GC(52) Pause Young (Allocation Failure) 89M->57M(123M) 9.123ms
[2020-03-27T04:54:18.601+0000][1][gc,cpu       ] GC(52) User=0.01s Sys=0.00s Real=0.01s
[2020-03-27T04:54:18.601+0000][1][safepoint    ] Safepoint "GenCollectForAllocation", Time since last: 105403694 ns, Reaching safepoint: 113400 ns, At safepoint: 9763700 ns, Total: 9877100 ns
[2020-03-27T04:54:18.629+0000][1][safepoint    ] Safepoint "Deoptimize", Time since last: 26872698 ns, Reaching safepoint: 104600 ns, At safepoint: 288200 ns, Total: 392800 ns
[2020-03-27T04:54:18.810+0000][1][gc,start     ] GC(53) Pause Young (Allocation Failure)
[2020-03-27T04:54:18.810+0000][1][gc,task      ] GC(53) Using 2 workers of 2 for evacuation
[2020-03-27T04:54:18.818+0000][1][gc,age       ] GC(53) Desired survivor size 2228224 bytes, new threshold 2 (max threshold 6)
[2020-03-27T04:54:18.819+0000][1][gc,age       ] GC(53) Age table with threshold 2 (max threshold 6)
[2020-03-27T04:54:18.825+0000][1][gc,age       ] GC(53) - age   1:    1837680 bytes,    1837680 total
[2020-03-27T04:54:18.826+0000][1][gc,age       ] GC(53) - age   2:    1765560 bytes,    3603240 total
[2020-03-27T04:54:18.826+0000][1][gc,heap      ] GC(53) ParNew: 39296K->4352K(39296K)
[2020-03-27T04:54:18.826+0000][1][gc,heap      ] GC(53) CMS: 54236K->56097K(87424K)
[2020-03-27T04:54:18.827+0000][1][gc,metaspace ] GC(53) Metaspace: 66389K->66389K(1110016K)
[2020-03-27T04:54:18.827+0000][1][gc           ] GC(53) Pause Young (Allocation Failure) 91M->59M(123M) 17.606ms
[2020-03-27T04:54:18.828+0000][1][gc,cpu       ] GC(53) User=0.02s Sys=0.00s Real=0.02s
[2020-03-27T04:54:18.828+0000][1][safepoint    ] Safepoint "GenCollectForAllocation", Time since last: 180738791 ns, Reaching safepoint: 110900 ns, At safepoint: 18228499 ns, Total: 18339399 ns
[2020-03-27T04:54:18.912+0000][1][safepoint    ] Safepoint "RevokeBias", Time since last: 84283596 ns, Reaching safepoint: 39500 ns, At safepoint: 18400 ns, Total: 57900 ns
[2020-03-27T04:54:18.935+0000][1][safepoint    ] Safepoint "Deoptimize", Time since last: 22680598 ns, Reaching safepoint: 23900 ns, At safepoint: 277400 ns, Total: 301300 ns
[2020-03-27T04:54:18.972+0000][1][safepoint    ] Safepoint "RevokeBias", Time since last: 36478798 ns, Reaching safepoint: 103500 ns, At safepoint: 30700 ns, Total: 134200 ns
[2020-03-27T04:54:18.973+0000][1][safepoint    ] Safepoint "BulkRevokeBias", Time since last: 912200 ns, Reaching safepoint: 46600 ns, At safepoint: 49400 ns, Total: 96000 ns
[2020-03-27T04:54:18.974+0000][1][safepoint    ] Safepoint "RevokeBias", Time since last: 1027200 ns, Reaching safepoint: 81500 ns, At safepoint: 24400 ns, Total: 105900 ns
[2020-03-27T04:54:18.975+0000][1][safepoint    ] Safepoint "RevokeBias", Time since last: 956300 ns, Reaching safepoint: 65200 ns, At safepoint: 13000 ns, Total: 78200 ns
[2020-03-27T04:54:18.975+0000][1][safepoint    ] Safepoint "RevokeBias", Time since last: 417700 ns, Reaching safepoint: 73200 ns, At safepoint: 15500 ns, Total: 88700 ns
[2020-03-27T04:54:18.976+0000][1][safepoint    ] Safepoint "RevokeBias", Time since last: 465400 ns, Reaching safepoint: 63900 ns, At safepoint: 13600 ns, Total: 77500 ns
[2020-03-27T04:54:18.977+0000][1][safepoint    ] Safepoint "RevokeBias", Time since last: 669000 ns, Reaching safepoint: 92700 ns, At safepoint: 11300 ns, Total: 104000 ns
[2020-03-27T04:54:18.977+0000][1][safepoint    ] Safepoint "RevokeBias", Time since last: 656500 ns, Reaching safepoint: 76800 ns, At safepoint: 13400 ns, Total: 90200 ns
[2020-03-27T04:54:18.978+0000][1][safepoint    ] Safepoint "RevokeBias", Time since last: 492300 ns, Reaching safepoint: 88400 ns, At safepoint: 65500 ns, Total: 153900 ns
[2020-03-27T04:54:18.980+0000][1][safepoint    ] Safepoint "RevokeBias", Time since last: 1424200 ns, Reaching safepoint: 48900 ns, At safepoint: 17800 ns, Total: 66700 ns
[2020-03-27T04:54:18.980+0000][1][safepoint    ] Safepoint "RevokeBias", Time since last: 312300 ns, Reaching safepoint: 55800 ns, At safepoint: 17200 ns, Total: 73000 ns
[2020-03-27T04:54:18.983+0000][1][safepoint    ] Safepoint "Deoptimize", Time since last: 2196500 ns, Reaching safepoint: 93900 ns, At safepoint: 384000 ns, Total: 477900 ns
[2020-03-27T04:54:18.983+0000][1][safepoint    ] Safepoint "RevokeBias", Time since last: 721800 ns, Reaching safepoint: 12900 ns, At safepoint: 28000 ns, Total: 40900 ns
[2020-03-27T04:54:19.049+0000][1][gc,start     ] GC(54) Pause Young (Allocation Failure)
[2020-03-27T04:54:19.050+0000][1][gc,task      ] GC(54) Using 2 workers of 2 for evacuation
[2020-03-27T04:54:19.057+0000][1][gc,age       ] GC(54) Desired survivor size 2228224 bytes, new threshold 2 (max threshold 6)
[2020-03-27T04:54:19.057+0000][1][gc,age       ] GC(54) Age table with threshold 2 (max threshold 6)
[2020-03-27T04:54:19.058+0000][1][gc,age       ] GC(54) - age   1:    1271976 bytes,    1271976 total
[2020-03-27T04:54:19.058+0000][1][gc,age       ] GC(54) - age   2:    1774912 bytes,    3046888 total
[2020-03-27T04:54:19.058+0000][1][gc,heap      ] GC(54) ParNew: 39296K->3455K(39296K)
[2020-03-27T04:54:19.058+0000][1][gc,heap      ] GC(54) CMS: 56097K->57893K(87424K)
[2020-03-27T04:54:19.059+0000][1][gc,metaspace ] GC(54) Metaspace: 71154K->71154K(1114112K)
[2020-03-27T04:54:19.059+0000][1][gc           ] GC(54) Pause Young (Allocation Failure) 93M->59M(123M) 9.902ms
[2020-03-27T04:54:19.059+0000][1][gc,cpu       ] GC(54) User=0.02s Sys=0.00s Real=0.01s
[2020-03-27T04:54:19.060+0000][1][safepoint    ] Safepoint "GenCollectForAllocation", Time since last: 65533996 ns, Reaching safepoint: 125700 ns, At safepoint: 10552300 ns, Total: 10678000 ns
[2020-03-27T04:54:19.123+0000][1][safepoint    ] Safepoint "Deoptimize", Time since last: 63146697 ns, Reaching safepoint: 34400 ns, At safepoint: 281100 ns, Total: 315500 ns
[2020-03-27T04:54:19.323+0000][1][safepoint    ] Safepoint "RevokeBias", Time since last: 200048989 ns, Reaching safepoint: 152100 ns, At safepoint: 27600 ns, Total: 179700 ns
[2020-03-27T04:54:19.324+0000][1][safepoint    ] Safepoint "RevokeBias", Time since last: 494800 ns, Reaching safepoint: 164200 ns, At safepoint: 26700 ns, Total: 190900 ns
[2020-03-27T04:54:19.325+0000][1][safepoint    ] Safepoint "RevokeBias", Time since last: 408600 ns, Reaching safepoint: 134700 ns, At safepoint: 15700 ns, Total: 150400 ns
[2020-03-27T04:54:19.326+0000][1][safepoint    ] Safepoint "RevokeBias", Time since last: 1240800 ns, Reaching safepoint: 11000 ns, At safepoint: 41000 ns, Total: 52000 ns
[2020-03-27T04:54:19.329+0000][1][safepoint    ] Safepoint "RevokeBias", Time since last: 2729100 ns, Reaching safepoint: 124600 ns, At safepoint: 11100 ns, Total: 135700 ns
[2020-03-27T04:54:19.329+0000][1][safepoint    ] Safepoint "RevokeBias", Time since last: 443200 ns, Reaching safepoint: 130800 ns, At safepoint: 11500 ns, Total: 142300 ns
[2020-03-27T04:54:19.330+0000][1][safepoint    ] Safepoint "RevokeBias", Time since last: 486700 ns, Reaching safepoint: 137700 ns, At safepoint: 13500 ns, Total: 151200 ns
[2020-03-27T04:54:19.331+0000][1][safepoint    ] Safepoint "RevokeBias", Time since last: 509900 ns, Reaching safepoint: 137800 ns, At safepoint: 11000 ns, Total: 148800 ns
[2020-03-27T04:54:19.331+0000][1][safepoint    ] Safepoint "RevokeBias", Time since last: 517900 ns, Reaching safepoint: 155800 ns, At safepoint: 26800 ns, Total: 182600 ns
[2020-03-27T04:54:19.332+0000][1][safepoint    ] Safepoint "RevokeBias", Time since last: 465300 ns, Reaching safepoint: 119400 ns, At safepoint: 12900 ns, Total: 132300 ns
[2020-03-27T04:54:19.333+0000][1][safepoint    ] Safepoint "RevokeBias", Time since last: 417300 ns, Reaching safepoint: 145400 ns, At safepoint: 33600 ns, Total: 179000 ns
[2020-03-27T04:54:19.333+0000][1][safepoint    ] Safepoint "RevokeBias", Time since last: 407800 ns, Reaching safepoint: 126400 ns, At safepoint: 58900 ns, Total: 185300 ns
[2020-03-27T04:54:19.334+0000][1][safepoint    ] Safepoint "RevokeBias", Time since last: 436200 ns, Reaching safepoint: 137400 ns, At safepoint: 13100 ns, Total: 150500 ns
[2020-03-27T04:54:19.334+0000][1][safepoint    ] Safepoint "RevokeBias", Time since last: 426100 ns, Reaching safepoint: 114700 ns, At safepoint: 10200 ns, Total: 124900 ns
[2020-03-27T04:54:19.335+0000][1][safepoint    ] Safepoint "RevokeBias", Time since last: 444600 ns, Reaching safepoint: 130400 ns, At safepoint: 11600 ns, Total: 142000 ns
[2020-03-27T04:54:19.336+0000][1][safepoint    ] Safepoint "RevokeBias", Time since last: 792599 ns, Reaching safepoint: 120300 ns, At safepoint: 11500 ns, Total: 131800 ns
[2020-03-27T04:54:19.337+0000][1][safepoint    ] Safepoint "RevokeBias", Time since last: 1219000 ns, Reaching safepoint: 92400 ns, At safepoint: 20800 ns, Total: 113200 ns
[2020-03-27T04:54:19.339+0000][1][safepoint    ] Safepoint "RevokeBias", Time since last: 1782700 ns, Reaching safepoint: 89400 ns, At safepoint: 11000 ns, Total: 100400 ns
[2020-03-27T04:54:19.340+0000][1][safepoint    ] Safepoint "RevokeBias", Time since last: 1393400 ns, Reaching safepoint: 11200 ns, At safepoint: 10300 ns, Total: 21500 ns
[2020-03-27T04:54:19.342+0000][1][safepoint    ] Safepoint "RevokeBias", Time since last: 1425700 ns, Reaching safepoint: 93700 ns, At safepoint: 12100 ns, Total: 105800 ns
[2020-03-27T04:54:19.349+0000][1][safepoint    ] Safepoint "RevokeBias", Time since last: 2875300 ns, Reaching safepoint: 3880100 ns, At safepoint: 29300 ns, Total: 3909400 ns
[2020-03-27T04:54:19.349+0000][1][safepoint    ] Safepoint "RevokeBias", Time since last: 493100 ns, Reaching safepoint: 13400 ns, At safepoint: 15400 ns, Total: 28800 ns
[2020-03-27T04:54:19.350+0000][1][safepoint    ] Safepoint "RevokeBias", Time since last: 281100 ns, Reaching safepoint: 93900 ns, At safepoint: 23400 ns, Total: 117300 ns
[2020-03-27T04:54:19.350+0000][1][safepoint    ] Safepoint "RevokeBias", Time since last: 407000 ns, Reaching safepoint: 10100 ns, At safepoint: 16300 ns, Total: 26400 ns
[2020-03-27T04:54:19.351+0000][1][safepoint    ] Safepoint "RevokeBias", Time since last: 334200 ns, Reaching safepoint: 85800 ns, At safepoint: 33200 ns, Total: 119000 ns
[2020-03-27T04:54:19.351+0000][1][safepoint    ] Safepoint "RevokeBias", Time since last: 386400 ns, Reaching safepoint: 87000 ns, At safepoint: 25700 ns, Total: 112700 ns
[2020-03-27T04:54:19.352+0000][1][safepoint    ] Safepoint "RevokeBias", Time since last: 391800 ns, Reaching safepoint: 120500 ns, At safepoint: 51700 ns, Total: 172200 ns
[2020-03-27T04:54:19.352+0000][1][safepoint    ] Safepoint "RevokeBias", Time since last: 421600 ns, Reaching safepoint: 86100 ns, At safepoint: 22700 ns, Total: 108800 ns
[2020-03-27T04:54:19.353+0000][1][safepoint    ] Safepoint "RevokeBias", Time since last: 415700 ns, Reaching safepoint: 123500 ns, At safepoint: 23800 ns, Total: 147300 ns
[2020-03-27T04:54:19.353+0000][1][safepoint    ] Safepoint "RevokeBias", Time since last: 392800 ns, Reaching safepoint: 132700 ns, At safepoint: 22900 ns, Total: 155600 ns
[2020-03-27T04:54:19.354+0000][1][safepoint    ] Safepoint "BulkRevokeBias", Time since last: 454100 ns, Reaching safepoint: 106500 ns, At safepoint: 55600 ns, Total: 162100 ns
[2020-03-27T04:54:19.358+0000][1][safepoint    ] Safepoint "RevokeBias", Time since last: 4223499 ns, Reaching safepoint: 130700 ns, At safepoint: 15000 ns, Total: 145700 ns
[2020-03-27T04:54:19.359+0000][1][safepoint    ] Safepoint "RevokeBias", Time since last: 474400 ns, Reaching safepoint: 90000 ns, At safepoint: 11500 ns, Total: 101500 ns
[2020-03-27T04:54:19.359+0000][1][safepoint    ] Safepoint "RevokeBias", Time since last: 443900 ns, Reaching safepoint: 100900 ns, At safepoint: 27600 ns, Total: 128500 ns
[2020-03-27T04:54:19.360+0000][1][safepoint    ] Safepoint "RevokeBias", Time since last: 809800 ns, Reaching safepoint: 92700 ns, At safepoint: 21700 ns, Total: 114400 ns
[2020-03-27T04:54:19.361+0000][1][safepoint    ] Safepoint "RevokeBias", Time since last: 453000 ns, Reaching safepoint: 90800 ns, At safepoint: 8300 ns, Total: 99100 ns
[2020-03-27T04:54:19.361+0000][1][safepoint    ] Safepoint "RevokeBias", Time since last: 459600 ns, Reaching safepoint: 149500 ns, At safepoint: 11900 ns, Total: 161400 ns
[2020-03-27T04:54:19.362+0000][1][safepoint    ] Safepoint "RevokeBias", Time since last: 687400 ns, Reaching safepoint: 92000 ns, At safepoint: 8000 ns, Total: 100000 ns
[2020-03-27T04:54:19.363+0000][1][safepoint    ] Safepoint "RevokeBias", Time since last: 643200 ns, Reaching safepoint: 91700 ns, At safepoint: 8000 ns, Total: 99700 ns
[2020-03-27T04:54:19.364+0000][1][safepoint    ] Safepoint "RevokeBias", Time since last: 461500 ns, Reaching safepoint: 136700 ns, At safepoint: 10500 ns, Total: 147200 ns
[2020-03-27T04:54:19.364+0000][1][safepoint    ] Safepoint "RevokeBias", Time since last: 699200 ns, Reaching safepoint: 87400 ns, At safepoint: 19400 ns, Total: 106800 ns
[2020-03-27T04:54:19.365+0000][1][safepoint    ] Safepoint "RevokeBias", Time since last: 643700 ns, Reaching safepoint: 10100 ns, At safepoint: 9400 ns, Total: 19500 ns
[2020-03-27T04:54:19.366+0000][1][safepoint    ] Safepoint "RevokeBias", Time since last: 906700 ns, Reaching safepoint: 89400 ns, At safepoint: 13700 ns, Total: 103100 ns
[2020-03-27T04:54:19.367+0000][1][safepoint    ] Safepoint "RevokeBias", Time since last: 459000 ns, Reaching safepoint: 87200 ns, At safepoint: 23400 ns, Total: 110600 ns
[2020-03-27T04:54:19.367+0000][1][safepoint    ] Safepoint "RevokeBias", Time since last: 420800 ns, Reaching safepoint: 8700 ns, At safepoint: 13000 ns, Total: 21700 ns
[2020-03-27T04:54:19.367+0000][1][safepoint    ] Safepoint "RevokeBias", Time since last: 343200 ns, Reaching safepoint: 30400 ns, At safepoint: 8900 ns, Total: 39300 ns
[2020-03-27T04:54:19.368+0000][1][safepoint    ] Safepoint "RevokeBias", Time since last: 304400 ns, Reaching safepoint: 8000 ns, At safepoint: 7700 ns, Total: 15700 ns
[2020-03-27T04:54:19.368+0000][1][safepoint    ] Safepoint "RevokeBias", Time since last: 340700 ns, Reaching safepoint: 16300 ns, At safepoint: 8400 ns, Total: 24700 ns
[2020-03-27T04:54:19.371+0000][1][safepoint    ] Safepoint "RevokeBias", Time since last: 2466300 ns, Reaching safepoint: 128300 ns, At safepoint: 13700 ns, Total: 142000 ns
[2020-03-27T04:54:19.371+0000][1][safepoint    ] Safepoint "RevokeBias", Time since last: 423300 ns, Reaching safepoint: 87800 ns, At safepoint: 8300 ns, Total: 96100 ns
[2020-03-27T04:54:19.372+0000][1][safepoint    ] Safepoint "RevokeBias", Time since last: 587800 ns, Reaching safepoint: 120900 ns, At safepoint: 9300 ns, Total: 130200 ns
[2020-03-27T04:54:19.373+0000][1][safepoint    ] Safepoint "RevokeBias", Time since last: 497900 ns, Reaching safepoint: 123300 ns, At safepoint: 8200 ns, Total: 131500 ns
[2020-03-27T04:54:19.373+0000][1][safepoint    ] Safepoint "RevokeBias", Time since last: 436400 ns, Reaching safepoint: 90600 ns, At safepoint: 7800 ns, Total: 98400 ns
[2020-03-27T04:54:19.387+0000][1][safepoint    ] Safepoint "RevokeBias", Time since last: 13656099 ns, Reaching safepoint: 122500 ns, At safepoint: 22000 ns, Total: 144500 ns
[2020-03-27T04:54:19.388+0000][1][safepoint    ] Safepoint "RevokeBias", Time since last: 610200 ns, Reaching safepoint: 119800 ns, At safepoint: 13800 ns, Total: 133600 ns
[2020-03-27T04:54:19.390+0000][1][safepoint    ] Safepoint "RevokeBias", Time since last: 2322000 ns, Reaching safepoint: 30400 ns, At safepoint: 18900 ns, Total: 49300 ns
[2020-03-27T04:54:19.391+0000][1][safepoint    ] Safepoint "RevokeBias", Time since last: 593100 ns, Reaching safepoint: 8700 ns, At safepoint: 16500 ns, Total: 25200 ns
[2020-03-27T04:54:19.393+0000][1][safepoint    ] Safepoint "RevokeBias", Time since last: 2088300 ns, Reaching safepoint: 90000 ns, At safepoint: 22700 ns, Total: 112700 ns
[2020-03-27T04:54:19.393+0000][1][safepoint    ] Safepoint "RevokeBias", Time since last: 407999 ns, Reaching safepoint: 144200 ns, At safepoint: 19600 ns, Total: 163800 ns
[2020-03-27T04:54:19.394+0000][1][safepoint    ] Safepoint "RevokeBias", Time since last: 453500 ns, Reaching safepoint: 8700 ns, At safepoint: 18500 ns, Total: 27200 ns
[2020-03-27T04:54:19.394+0000][1][safepoint    ] Safepoint "RevokeBias", Time since last: 268600 ns, Reaching safepoint: 7600 ns, At safepoint: 14700 ns, Total: 22300 ns
[2020-03-27T04:54:19.395+0000][1][safepoint    ] Safepoint "RevokeBias", Time since last: 292700 ns, Reaching safepoint: 11400 ns, At safepoint: 21500 ns, Total: 32900 ns
[2020-03-27T04:54:19.397+0000][1][gc,heap,exit ] Heap
[2020-03-27T04:54:19.397+0000][1][gc,heap,exit ]  par new generation   total 39296K, used 22052K [0x00000000e0000000, 0x00000000e2aa0000, 0x00000000ea660000)
[2020-03-27T04:54:19.398+0000][1][gc,heap,exit ]   eden space 34944K,  53% used [0x00000000e0000000, 0x00000000e1229548, 0x00000000e2220000)
[2020-03-27T04:54:19.398+0000][1][gc,heap,exit ]   from space 4352K,  79% used [0x00000000e2660000, 0x00000000e29bfd70, 0x00000000e2aa0000)
[2020-03-27T04:54:19.398+0000][1][gc,heap,exit ]   to   space 4352K,   0% used [0x00000000e2220000, 0x00000000e2220000, 0x00000000e2660000)
[2020-03-27T04:54:19.399+0000][1][gc,heap,exit ]  concurrent mark-sweep generation total 87424K, used 57893K [0x00000000ea660000, 0x00000000efbc0000, 0x0000000100000000)
[2020-03-27T04:54:19.399+0000][1][gc,heap,exit ]  Metaspace       used 72992K, capacity 78888K, committed 79124K, reserved 1116160K
[2020-03-27T04:54:19.400+0000][1][gc,heap,exit ]   class space    used 9860K, capacity 12301K, committed 12356K, reserved 1048576K
