[2020-03-27T07:51:55.882+0000][1][gc] Using Concurrent Mark Sweep
[2020-03-27T07:51:55.883+0000][1][gc,heap,coops] Heap address: 0x00000000e0000000, size: 512 MB, Compressed Oops mode: 32-bit
[2020-03-27T07:51:55.921+0000][1][safepoint    ] Safepoint "EnableBiasedLocking", Time since last: 28185795 ns, Reaching safepoint: 96700 ns, At safepoint: 18700 ns, Total: 115400 ns
[2020-03-27T07:51:55.931+0000][1][safepoint    ] Safepoint "Deoptimize", Time since last: 9955698 ns, Reaching safepoint: 95100 ns, At safepoint: 10200 ns, Total: 105300 ns
[2020-03-27T07:51:55.932+0000][1][safepoint    ] Safepoint "RevokeBias", Time since last: 420100 ns, Reaching safepoint: 5500 ns, At safepoint: 15900 ns, Total: 21400 ns
[2020-03-27T07:51:56.119+0000][1][safepoint    ] Safepoint "Deoptimize", Time since last: 186776168 ns, Reaching safepoint: 25200 ns, At safepoint: 27600 ns, Total: 52800 ns
[2020-03-27T07:51:56.280+0000][1][safepoint    ] Safepoint "Deoptimize", Time since last: 160839772 ns, Reaching safepoint: 95000 ns, At safepoint: 54100 ns, Total: 149100 ns
[2020-03-27T07:51:57.281+0000][1][safepoint    ] Safepoint "Cleanup", Time since last: 1001279029 ns, Reaching safepoint: 40800 ns, At safepoint: 2800 ns, Total: 43600 ns
[2020-03-27T07:51:57.404+0000][1][safepoint    ] Safepoint "Deoptimize", Time since last: 122701679 ns, Reaching safepoint: 74800 ns, At safepoint: 296299 ns, Total: 371099 ns
[2020-03-27T07:51:57.565+0000][1][safepoint    ] Safepoint "Deoptimize", Time since last: 160856273 ns, Reaching safepoint: 382300 ns, At safepoint: 60000 ns, Total: 442300 ns
[2020-03-27T07:51:58.162+0000][1][safepoint    ] Safepoint "Deoptimize", Time since last: 596519497 ns, Reaching safepoint: 43500 ns, At safepoint: 79300 ns, Total: 122800 ns
[2020-03-27T07:51:58.415+0000][1][safepoint    ] Safepoint "Deoptimize", Time since last: 253042057 ns, Reaching safepoint: 165300 ns, At safepoint: 122500 ns, Total: 287800 ns
[2020-03-27T07:51:58.853+0000][1][safepoint    ] Safepoint "Deoptimize", Time since last: 437001525 ns, Reaching safepoint: 120000 ns, At safepoint: 306500 ns, Total: 426500 ns
[2020-03-27T07:51:58.985+0000][1][safepoint    ] Safepoint "Deoptimize", Time since last: 130624477 ns, Reaching safepoint: 1159800 ns, At safepoint: 116500 ns, Total: 1276300 ns
[2020-03-27T07:51:58.986+0000][1][safepoint    ] Safepoint "Deoptimize", Time since last: 740700 ns, Reaching safepoint: 371700 ns, At safepoint: 102100 ns, Total: 473800 ns
[2020-03-27T07:51:59.093+0000][1][safepoint    ] Safepoint "Deoptimize", Time since last: 106606282 ns, Reaching safepoint: 23900 ns, At safepoint: 203600 ns, Total: 227500 ns
[2020-03-27T07:51:59.095+0000][1][safepoint    ] Safepoint "Deoptimize", Time since last: 2217399 ns, Reaching safepoint: 14200 ns, At safepoint: 118100 ns, Total: 132300 ns
[2020-03-27T07:51:59.109+0000][1][safepoint    ] Safepoint "RevokeBias", Time since last: 13819798 ns, Reaching safepoint: 86500 ns, At safepoint: 12600 ns, Total: 99100 ns
[2020-03-27T07:51:59.110+0000][1][safepoint    ] Safepoint "RevokeBias", Time since last: 587500 ns, Reaching safepoint: 52600 ns, At safepoint: 10100 ns, Total: 62700 ns
[2020-03-27T07:51:59.121+0000][1][safepoint    ] Safepoint "RevokeBias", Time since last: 11222798 ns, Reaching safepoint: 109900 ns, At safepoint: 22600 ns, Total: 132500 ns
[2020-03-27T07:51:59.122+0000][1][safepoint    ] Safepoint "RevokeBias", Time since last: 801000 ns, Reaching safepoint: 213200 ns, At safepoint: 14300 ns, Total: 227500 ns
[2020-03-27T07:51:59.123+0000][1][safepoint    ] Safepoint "RevokeBias", Time since last: 455499 ns, Reaching safepoint: 124500 ns, At safepoint: 38200 ns, Total: 162700 ns
[2020-03-27T07:51:59.124+0000][1][safepoint    ] Safepoint "RevokeBias", Time since last: 1806400 ns, Reaching safepoint: 55600 ns, At safepoint: 10900 ns, Total: 66500 ns
[2020-03-27T07:51:59.152+0000][1][safepoint    ] Safepoint "RevokeBias", Time since last: 27262595 ns, Reaching safepoint: 97800 ns, At safepoint: 8400 ns, Total: 106200 ns
[2020-03-27T07:52:00.045+0000][1][safepoint    ] Safepoint "Deoptimize", Time since last: 893220047 ns, Reaching safepoint: 53400 ns, At safepoint: 159300 ns, Total: 212700 ns
[2020-03-27T07:52:00.450+0000][1][safepoint    ] Safepoint "RevokeBias", Time since last: 404624231 ns, Reaching safepoint: 112800 ns, At safepoint: 16600 ns, Total: 129400 ns
[2020-03-27T07:52:00.571+0000][1][gc,start     ] GC(0) Pause Young (Allocation Failure)
[2020-03-27T07:52:00.575+0000][1][gc,task      ] GC(0) Using 2 workers of 2 for evacuation
[2020-03-27T07:52:00.588+0000][1][gc,age       ] GC(0) Desired survivor size 8716288 bytes, new threshold 1 (max threshold 6)
[2020-03-27T07:52:00.589+0000][1][gc,age       ] GC(0) Age table with threshold 1 (max threshold 6)
[2020-03-27T07:52:00.600+0000][1][gc,age       ] GC(0) - age   1:    9266976 bytes,    9266976 total
[2020-03-27T07:52:00.600+0000][1][gc,heap      ] GC(0) ParNew: 136320K->9110K(153344K)
[2020-03-27T07:52:00.601+0000][1][gc,heap      ] GC(0) CMS: 0K->0K(353920K)
[2020-03-27T07:52:00.601+0000][1][gc,metaspace ] GC(0) Metaspace: 17207K->17207K(1064960K)
[2020-03-27T07:52:00.601+0000][1][gc           ] GC(0) Pause Young (Allocation Failure) 133M->8M(495M) 30.076ms
[2020-03-27T07:52:00.602+0000][1][gc,cpu       ] GC(0) User=0.02s Sys=0.00s Real=0.03s
[2020-03-27T07:52:00.602+0000][1][safepoint    ] Safepoint "GenCollectForAllocation", Time since last: 121267787 ns, Reaching safepoint: 101700 ns, At safepoint: 30610396 ns, Total: 30712096 ns
[2020-03-27T07:52:00.603+0000][1][safepoint    ] Safepoint "RevokeBias", Time since last: 1120000 ns, Reaching safepoint: 101700 ns, At safepoint: 29800 ns, Total: 131500 ns
[2020-03-27T07:52:00.604+0000][1][safepoint    ] Safepoint "RevokeBias", Time since last: 891800 ns, Reaching safepoint: 65200 ns, At safepoint: 37500 ns, Total: 102700 ns
[2020-03-27T07:52:00.605+0000][1][safepoint    ] Safepoint "RevokeBias", Time since last: 406400 ns, Reaching safepoint: 91300 ns, At safepoint: 19000 ns, Total: 110300 ns
[2020-03-27T07:52:00.605+0000][1][safepoint    ] Safepoint "RevokeBias", Time since last: 237600 ns, Reaching safepoint: 112300 ns, At safepoint: 31100 ns, Total: 143400 ns
[2020-03-27T07:52:00.605+0000][1][safepoint    ] Safepoint "RevokeBias", Time since last: 243400 ns, Reaching safepoint: 110700 ns, At safepoint: 32800 ns, Total: 143500 ns
[2020-03-27T07:52:00.606+0000][1][safepoint    ] Safepoint "RevokeBias", Time since last: 600300 ns, Reaching safepoint: 63200 ns, At safepoint: 15300 ns, Total: 78500 ns
[2020-03-27T07:52:00.606+0000][1][safepoint    ] Safepoint "RevokeBias", Time since last: 185600 ns, Reaching safepoint: 20400 ns, At safepoint: 13300 ns, Total: 33700 ns
[2020-03-27T07:52:00.607+0000][1][safepoint    ] Safepoint "RevokeBias", Time since last: 206800 ns, Reaching safepoint: 30700 ns, At safepoint: 12800 ns, Total: 43500 ns
[2020-03-27T07:52:00.607+0000][1][safepoint    ] Safepoint "RevokeBias", Time since last: 249300 ns, Reaching safepoint: 103800 ns, At safepoint: 17900 ns, Total: 121700 ns
[2020-03-27T07:52:00.607+0000][1][safepoint    ] Safepoint "RevokeBias", Time since last: 184000 ns, Reaching safepoint: 7500 ns, At safepoint: 14100 ns, Total: 21600 ns
[2020-03-27T07:52:00.608+0000][1][safepoint    ] Safepoint "RevokeBias", Time since last: 864200 ns, Reaching safepoint: 77300 ns, At safepoint: 25200 ns, Total: 102500 ns
[2020-03-27T07:52:00.608+0000][1][safepoint    ] Safepoint "RevokeBias", Time since last: 261600 ns, Reaching safepoint: 10100 ns, At safepoint: 19300 ns, Total: 29400 ns
[2020-03-27T07:52:00.609+0000][1][safepoint    ] Safepoint "RevokeBias", Time since last: 234400 ns, Reaching safepoint: 8600 ns, At safepoint: 15000 ns, Total: 23600 ns
[2020-03-27T07:52:00.609+0000][1][safepoint    ] Safepoint "RevokeBias", Time since last: 165100 ns, Reaching safepoint: 7500 ns, At safepoint: 12800 ns, Total: 20300 ns
[2020-03-27T07:52:00.609+0000][1][safepoint    ] Safepoint "RevokeBias", Time since last: 182600 ns, Reaching safepoint: 8000 ns, At safepoint: 39600 ns, Total: 47600 ns
[2020-03-27T07:52:00.609+0000][1][safepoint    ] Safepoint "RevokeBias", Time since last: 149200 ns, Reaching safepoint: 95900 ns, At safepoint: 20000 ns, Total: 115900 ns
[2020-03-27T07:52:00.610+0000][1][safepoint    ] Safepoint "RevokeBias", Time since last: 225100 ns, Reaching safepoint: 95500 ns, At safepoint: 14100 ns, Total: 109600 ns
[2020-03-27T07:52:00.610+0000][1][safepoint    ] Safepoint "RevokeBias", Time since last: 194800 ns, Reaching safepoint: 7700 ns, At safepoint: 18200 ns, Total: 25900 ns
[2020-03-27T07:52:00.610+0000][1][safepoint    ] Safepoint "RevokeBias", Time since last: 218200 ns, Reaching safepoint: 49300 ns, At safepoint: 16200 ns, Total: 65500 ns
[2020-03-27T07:52:00.610+0000][1][safepoint    ] Safepoint "RevokeBias", Time since last: 191099 ns, Reaching safepoint: 40000 ns, At safepoint: 16800 ns, Total: 56800 ns
[2020-03-27T07:52:00.611+0000][1][safepoint    ] Safepoint "RevokeBias", Time since last: 186500 ns, Reaching safepoint: 41100 ns, At safepoint: 26300 ns, Total: 67400 ns
[2020-03-27T07:52:00.611+0000][1][safepoint    ] Safepoint "RevokeBias", Time since last: 177900 ns, Reaching safepoint: 283000 ns, At safepoint: 15200 ns, Total: 298200 ns
[2020-03-27T07:52:00.611+0000][1][safepoint    ] Safepoint "RevokeBias", Time since last: 167800 ns, Reaching safepoint: 57100 ns, At safepoint: 23700 ns, Total: 80800 ns
[2020-03-27T07:52:00.612+0000][1][safepoint    ] Safepoint "RevokeBias", Time since last: 156300 ns, Reaching safepoint: 7700 ns, At safepoint: 13700 ns, Total: 21400 ns
[2020-03-27T07:52:00.612+0000][1][safepoint    ] Safepoint "RevokeBias", Time since last: 236800 ns, Reaching safepoint: 8400 ns, At safepoint: 30100 ns, Total: 38500 ns
[2020-03-27T07:52:00.612+0000][1][safepoint    ] Safepoint "RevokeBias", Time since last: 155200 ns, Reaching safepoint: 7500 ns, At safepoint: 27100 ns, Total: 34600 ns
[2020-03-27T07:52:00.612+0000][1][safepoint    ] Safepoint "RevokeBias", Time since last: 193000 ns, Reaching safepoint: 112800 ns, At safepoint: 18100 ns, Total: 130900 ns
[2020-03-27T07:52:00.613+0000][1][safepoint    ] Safepoint "RevokeBias", Time since last: 509900 ns, Reaching safepoint: 7900 ns, At safepoint: 22500 ns, Total: 30400 ns
[2020-03-27T07:52:00.614+0000][1][safepoint    ] Safepoint "RevokeBias", Time since last: 361500 ns, Reaching safepoint: 205700 ns, At safepoint: 29200 ns, Total: 234900 ns
[2020-03-27T07:52:00.614+0000][1][safepoint    ] Safepoint "RevokeBias", Time since last: 308700 ns, Reaching safepoint: 8400 ns, At safepoint: 25500 ns, Total: 33900 ns
[2020-03-27T07:52:00.616+0000][1][safepoint    ] Safepoint "RevokeBias", Time since last: 1930600 ns, Reaching safepoint: 79700 ns, At safepoint: 22400 ns, Total: 102100 ns
[2020-03-27T07:52:00.616+0000][1][safepoint    ] Safepoint "RevokeBias", Time since last: 289600 ns, Reaching safepoint: 87500 ns, At safepoint: 30500 ns, Total: 118000 ns
[2020-03-27T07:52:00.617+0000][1][safepoint    ] Safepoint "RevokeBias", Time since last: 264600 ns, Reaching safepoint: 8100 ns, At safepoint: 15600 ns, Total: 23700 ns
[2020-03-27T07:52:00.617+0000][1][safepoint    ] Safepoint "RevokeBias", Time since last: 307200 ns, Reaching safepoint: 27200 ns, At safepoint: 16500 ns, Total: 43700 ns
[2020-03-27T07:52:00.617+0000][1][safepoint    ] Safepoint "RevokeBias", Time since last: 207300 ns, Reaching safepoint: 8600 ns, At safepoint: 44800 ns, Total: 53400 ns
[2020-03-27T07:52:00.618+0000][1][safepoint    ] Safepoint "RevokeBias", Time since last: 473500 ns, Reaching safepoint: 81200 ns, At safepoint: 19300 ns, Total: 100500 ns
[2020-03-27T07:52:00.618+0000][1][safepoint    ] Safepoint "RevokeBias", Time since last: 245200 ns, Reaching safepoint: 103200 ns, At safepoint: 22200 ns, Total: 125400 ns
[2020-03-27T07:52:00.619+0000][1][safepoint    ] Safepoint "BulkRevokeBias", Time since last: 235300 ns, Reaching safepoint: 243500 ns, At safepoint: 37700 ns, Total: 281200 ns
[2020-03-27T07:52:00.620+0000][1][safepoint    ] Safepoint "RevokeBias", Time since last: 215700 ns, Reaching safepoint: 618599 ns, At safepoint: 14500 ns, Total: 633099 ns
[2020-03-27T07:52:00.620+0000][1][safepoint    ] Safepoint "BulkRevokeBias", Time since last: 681300 ns, Reaching safepoint: 7900 ns, At safepoint: 33200 ns, Total: 41100 ns
[2020-03-27T07:52:01.067+0000][1][gc,start     ] GC(1) Pause Young (Allocation Failure)
[2020-03-27T07:52:01.067+0000][1][gc,task      ] GC(1) Using 2 workers of 2 for evacuation
[2020-03-27T07:52:01.103+0000][1][gc,age       ] GC(1) Desired survivor size 8716288 bytes, new threshold 6 (max threshold 6)
[2020-03-27T07:52:01.105+0000][1][gc,age       ] GC(1) Age table with threshold 6 (max threshold 6)
[2020-03-27T07:52:01.105+0000][1][gc,age       ] GC(1) - age   1:    2912824 bytes,    2912824 total
[2020-03-27T07:52:01.106+0000][1][gc,heap      ] GC(1) ParNew: 145430K->5575K(153344K)
[2020-03-27T07:52:01.106+0000][1][gc,heap      ] GC(1) CMS: 0K->9509K(353920K)
[2020-03-27T07:52:01.107+0000][1][gc,metaspace ] GC(1) Metaspace: 18575K->18575K(1067008K)
[2020-03-27T07:52:01.107+0000][1][gc           ] GC(1) Pause Young (Allocation Failure) 142M->14M(495M) 40.500ms
[2020-03-27T07:52:01.107+0000][1][gc,cpu       ] GC(1) User=0.03s Sys=0.00s Real=0.04s
[2020-03-27T07:52:01.108+0000][1][safepoint    ] Safepoint "GenCollectForAllocation", Time since last: 444252151 ns, Reaching safepoint: 2058200 ns, At safepoint: 41084396 ns, Total: 43142596 ns
[2020-03-27T07:52:01.109+0000][1][safepoint    ] Safepoint "RevokeBias", Time since last: 1214099 ns, Reaching safepoint: 87700 ns, At safepoint: 20200 ns, Total: 107900 ns
[2020-03-27T07:52:01.109+0000][1][safepoint    ] Safepoint "RevokeBias", Time since last: 283300 ns, Reaching safepoint: 107100 ns, At safepoint: 16800 ns, Total: 123900 ns
[2020-03-27T07:52:01.112+0000][1][safepoint    ] Safepoint "RevokeBias", Time since last: 195200 ns, Reaching safepoint: 1935100 ns, At safepoint: 28400 ns, Total: 1963500 ns
[2020-03-27T07:52:01.115+0000][1][safepoint    ] Safepoint "RevokeBias", Time since last: 1976900 ns, Reaching safepoint: 1673600 ns, At safepoint: 22000 ns, Total: 1695600 ns
[2020-03-27T07:52:01.116+0000][1][safepoint    ] Safepoint "RevokeBias", Time since last: 423600 ns, Reaching safepoint: 98200 ns, At safepoint: 31300 ns, Total: 129500 ns
[2020-03-27T07:52:01.116+0000][1][safepoint    ] Safepoint "RevokeBias", Time since last: 284000 ns, Reaching safepoint: 78200 ns, At safepoint: 65300 ns, Total: 143500 ns
[2020-03-27T07:52:01.117+0000][1][safepoint    ] Safepoint "RevokeBias", Time since last: 208300 ns, Reaching safepoint: 125400 ns, At safepoint: 13100 ns, Total: 138500 ns
[2020-03-27T07:52:01.117+0000][1][safepoint    ] Safepoint "RevokeBias", Time since last: 178500 ns, Reaching safepoint: 81800 ns, At safepoint: 52500 ns, Total: 134300 ns
[2020-03-27T07:52:01.118+0000][1][safepoint    ] Safepoint "RevokeBias", Time since last: 246400 ns, Reaching safepoint: 409599 ns, At safepoint: 14900 ns, Total: 424499 ns
[2020-03-27T07:52:01.118+0000][1][safepoint    ] Safepoint "RevokeBias", Time since last: 209400 ns, Reaching safepoint: 78200 ns, At safepoint: 12100 ns, Total: 90300 ns
[2020-03-27T07:52:01.118+0000][1][safepoint    ] Safepoint "RevokeBias", Time since last: 241000 ns, Reaching safepoint: 173500 ns, At safepoint: 11600 ns, Total: 185100 ns
[2020-03-27T07:52:01.119+0000][1][safepoint    ] Safepoint "RevokeBias", Time since last: 300000 ns, Reaching safepoint: 84700 ns, At safepoint: 13200 ns, Total: 97900 ns
[2020-03-27T07:52:01.119+0000][1][safepoint    ] Safepoint "RevokeBias", Time since last: 219700 ns, Reaching safepoint: 138100 ns, At safepoint: 21000 ns, Total: 159100 ns
[2020-03-27T07:52:01.119+0000][1][safepoint    ] Safepoint "RevokeBias", Time since last: 205600 ns, Reaching safepoint: 91700 ns, At safepoint: 9400 ns, Total: 101100 ns
[2020-03-27T07:52:01.120+0000][1][safepoint    ] Safepoint "RevokeBias", Time since last: 172700 ns, Reaching safepoint: 85600 ns, At safepoint: 22700 ns, Total: 108300 ns
[2020-03-27T07:52:01.120+0000][1][safepoint    ] Safepoint "RevokeBias", Time since last: 175500 ns, Reaching safepoint: 7200 ns, At safepoint: 10800 ns, Total: 18000 ns
[2020-03-27T07:52:01.120+0000][1][safepoint    ] Safepoint "RevokeBias", Time since last: 182700 ns, Reaching safepoint: 85800 ns, At safepoint: 12200 ns, Total: 98000 ns
[2020-03-27T07:52:01.120+0000][1][safepoint    ] Safepoint "RevokeBias", Time since last: 206200 ns, Reaching safepoint: 8300 ns, At safepoint: 11300 ns, Total: 19600 ns
[2020-03-27T07:52:01.121+0000][1][safepoint    ] Safepoint "RevokeBias", Time since last: 163300 ns, Reaching safepoint: 116200 ns, At safepoint: 13400 ns, Total: 129600 ns
[2020-03-27T07:52:01.121+0000][1][safepoint    ] Safepoint "RevokeBias", Time since last: 169800 ns, Reaching safepoint: 83000 ns, At safepoint: 11800 ns, Total: 94800 ns
[2020-03-27T07:52:01.121+0000][1][safepoint    ] Safepoint "RevokeBias", Time since last: 165500 ns, Reaching safepoint: 184100 ns, At safepoint: 28500 ns, Total: 212600 ns
[2020-03-27T07:52:01.121+0000][1][safepoint    ] Safepoint "RevokeBias", Time since last: 166900 ns, Reaching safepoint: 41700 ns, At safepoint: 17300 ns, Total: 59000 ns
[2020-03-27T07:52:01.122+0000][1][safepoint    ] Safepoint "RevokeBias", Time since last: 220700 ns, Reaching safepoint: 82000 ns, At safepoint: 10700 ns, Total: 92700 ns
[2020-03-27T07:52:01.123+0000][1][safepoint    ] Safepoint "RevokeBias", Time since last: 155800 ns, Reaching safepoint: 928800 ns, At safepoint: 25300 ns, Total: 954100 ns
[2020-03-27T07:52:01.138+0000][1][safepoint    ] Safepoint "RevokeBias", Time since last: 12618899 ns, Reaching safepoint: 2015299 ns, At safepoint: 48100 ns, Total: 2063399 ns
[2020-03-27T07:52:01.499+0000][1][gc,start     ] GC(2) Pause Young (Allocation Failure)
[2020-03-27T07:52:01.500+0000][1][gc,task      ] GC(2) Using 2 workers of 2 for evacuation
[2020-03-27T07:52:01.514+0000][1][gc,age       ] GC(2) Desired survivor size 8716288 bytes, new threshold 6 (max threshold 6)
[2020-03-27T07:52:01.515+0000][1][gc,age       ] GC(2) Age table with threshold 6 (max threshold 6)
[2020-03-27T07:52:01.535+0000][1][gc,age       ] GC(2) - age   1:    2856880 bytes,    2856880 total
[2020-03-27T07:52:01.535+0000][1][gc,age       ] GC(2) - age   2:    1582088 bytes,    4438968 total
[2020-03-27T07:52:01.536+0000][1][gc,heap      ] GC(2) ParNew: 141895K->6151K(153344K)
[2020-03-27T07:52:01.536+0000][1][gc,heap      ] GC(2) CMS: 9509K->9509K(353920K)
[2020-03-27T07:52:01.536+0000][1][gc,metaspace ] GC(2) Metaspace: 19100K->19100K(1067008K)
[2020-03-27T07:52:01.537+0000][1][gc           ] GC(2) Pause Young (Allocation Failure) 147M->15M(495M) 37.651ms
[2020-03-27T07:52:01.537+0000][1][gc,cpu       ] GC(2) User=0.01s Sys=0.00s Real=0.04s
[2020-03-27T07:52:01.537+0000][1][safepoint    ] Safepoint "GenCollectForAllocation", Time since last: 361411760 ns, Reaching safepoint: 37100 ns, At safepoint: 38276396 ns, Total: 38313496 ns
[2020-03-27T07:52:01.538+0000][1][safepoint    ] Safepoint "BulkRevokeBias", Time since last: 296200 ns, Reaching safepoint: 89100 ns, At safepoint: 43900 ns, Total: 133000 ns
[2020-03-27T07:52:01.538+0000][1][safepoint    ] Safepoint "RevokeBias", Time since last: 249100 ns, Reaching safepoint: 83300 ns, At safepoint: 22800 ns, Total: 106100 ns
[2020-03-27T07:52:01.538+0000][1][safepoint    ] Safepoint "RevokeBias", Time since last: 223000 ns, Reaching safepoint: 104000 ns, At safepoint: 15400 ns, Total: 119400 ns
[2020-03-27T07:52:01.539+0000][1][safepoint    ] Safepoint "RevokeBias", Time since last: 150200 ns, Reaching safepoint: 64300 ns, At safepoint: 15700 ns, Total: 80000 ns
[2020-03-27T07:52:01.539+0000][1][safepoint    ] Safepoint "RevokeBias", Time since last: 207100 ns, Reaching safepoint: 42300 ns, At safepoint: 16300 ns, Total: 58600 ns
[2020-03-27T07:52:01.539+0000][1][safepoint    ] Safepoint "RevokeBias", Time since last: 192400 ns, Reaching safepoint: 91500 ns, At safepoint: 11100 ns, Total: 102600 ns
[2020-03-27T07:52:01.540+0000][1][safepoint    ] Safepoint "RevokeBias", Time since last: 213100 ns, Reaching safepoint: 80000 ns, At safepoint: 27700 ns, Total: 107700 ns
[2020-03-27T07:52:01.540+0000][1][safepoint    ] Safepoint "RevokeBias", Time since last: 207700 ns, Reaching safepoint: 87400 ns, At safepoint: 14500 ns, Total: 101900 ns
[2020-03-27T07:52:01.540+0000][1][safepoint    ] Safepoint "RevokeBias", Time since last: 189500 ns, Reaching safepoint: 38600 ns, At safepoint: 15700 ns, Total: 54300 ns
[2020-03-27T07:52:01.540+0000][1][safepoint    ] Safepoint "RevokeBias", Time since last: 207600 ns, Reaching safepoint: 82800 ns, At safepoint: 15800 ns, Total: 98600 ns
[2020-03-27T07:52:01.541+0000][1][safepoint    ] Safepoint "RevokeBias", Time since last: 173700 ns, Reaching safepoint: 7800 ns, At safepoint: 13100 ns, Total: 20900 ns
[2020-03-27T07:52:01.567+0000][1][safepoint    ] Safepoint "Deoptimize", Time since last: 25907697 ns, Reaching safepoint: 22400 ns, At safepoint: 199200 ns, Total: 221600 ns
[2020-03-27T07:52:01.627+0000][1][safepoint    ] Safepoint "Deoptimize", Time since last: 60192193 ns, Reaching safepoint: 89400 ns, At safepoint: 168300 ns, Total: 257700 ns
[2020-03-27T07:52:01.633+0000][1][safepoint    ] Safepoint "RevokeBias", Time since last: 5677400 ns, Reaching safepoint: 101000 ns, At safepoint: 15200 ns, Total: 116200 ns
[2020-03-27T07:52:01.637+0000][1][safepoint    ] Safepoint "RevokeBias", Time since last: 4159599 ns, Reaching safepoint: 85700 ns, At safepoint: 13200 ns, Total: 98900 ns
[2020-03-27T07:52:01.688+0000][1][safepoint    ] Safepoint "RevokeBias", Time since last: 50840794 ns, Reaching safepoint: 89300 ns, At safepoint: 17500 ns, Total: 106800 ns
[2020-03-27T07:52:01.693+0000][1][safepoint    ] Safepoint "RevokeBias", Time since last: 4597400 ns, Reaching safepoint: 55400 ns, At safepoint: 19200 ns, Total: 74600 ns
[2020-03-27T07:52:01.705+0000][1][safepoint    ] Safepoint "RevokeBias", Time since last: 12252799 ns, Reaching safepoint: 86500 ns, At safepoint: 22300 ns, Total: 108800 ns
[2020-03-27T07:52:01.758+0000][1][safepoint    ] Safepoint "RevokeBias", Time since last: 52451794 ns, Reaching safepoint: 92200 ns, At safepoint: 20500 ns, Total: 112700 ns
[2020-03-27T07:52:01.760+0000][1][safepoint    ] Safepoint "RevokeBias", Time since last: 2197600 ns, Reaching safepoint: 14000 ns, At safepoint: 16600 ns, Total: 30600 ns
[2020-03-27T07:52:01.838+0000][1][safepoint    ] Safepoint "RevokeBias", Time since last: 77665991 ns, Reaching safepoint: 19100 ns, At safepoint: 17200 ns, Total: 36300 ns
[2020-03-27T07:52:01.840+0000][1][safepoint    ] Safepoint "RevokeBias", Time since last: 1820100 ns, Reaching safepoint: 11900 ns, At safepoint: 19200 ns, Total: 31100 ns
[2020-03-27T07:52:01.852+0000][1][gc,start     ] GC(3) Pause Young (Allocation Failure)
[2020-03-27T07:52:01.853+0000][1][gc,task      ] GC(3) Using 2 workers of 2 for evacuation
[2020-03-27T07:52:01.997+0000][1][gc,age       ] GC(3) Desired survivor size 8716288 bytes, new threshold 6 (max threshold 6)
[2020-03-27T07:52:02.032+0000][1][gc,age       ] GC(3) Age table with threshold 6 (max threshold 6)
[2020-03-27T07:52:02.032+0000][1][gc,age       ] GC(3) - age   1:    2324496 bytes,    2324496 total
[2020-03-27T07:52:02.033+0000][1][gc,age       ] GC(3) - age   2:    1675120 bytes,    3999616 total
[2020-03-27T07:52:02.033+0000][1][gc,age       ] GC(3) - age   3:    1582064 bytes,    5581680 total
[2020-03-27T07:52:02.033+0000][1][gc,heap      ] GC(3) ParNew: 142471K->7732K(153344K)
[2020-03-27T07:52:02.035+0000][1][gc,heap      ] GC(3) CMS: 9509K->9509K(353920K)
[2020-03-27T07:52:02.035+0000][1][gc,metaspace ] GC(3) Metaspace: 19361K->19361K(1067008K)
[2020-03-27T07:52:02.035+0000][1][gc           ] GC(3) Pause Young (Allocation Failure) 148M->16M(495M) 182.947ms
[2020-03-27T07:52:02.036+0000][1][gc,cpu       ] GC(3) User=0.01s Sys=0.00s Real=0.19s
[2020-03-27T07:52:02.036+0000][1][safepoint    ] Safepoint "GenCollectForAllocation", Time since last: 12770998 ns, Reaching safepoint: 19000 ns, At safepoint: 183448780 ns, Total: 183467780 ns
[2020-03-27T07:52:02.042+0000][1][safepoint    ] Safepoint "RevokeBias", Time since last: 6067899 ns, Reaching safepoint: 89300 ns, At safepoint: 34900 ns, Total: 124200 ns
[2020-03-27T07:52:02.044+0000][1][safepoint    ] Safepoint "RevokeBias", Time since last: 861800 ns, Reaching safepoint: 890400 ns, At safepoint: 36000 ns, Total: 926400 ns
[2020-03-27T07:52:02.045+0000][1][safepoint    ] Safepoint "RevokeBias", Time since last: 1198900 ns, Reaching safepoint: 14600 ns, At safepoint: 44000 ns, Total: 58600 ns
[2020-03-27T07:52:02.047+0000][1][safepoint    ] Safepoint "BulkRevokeBias", Time since last: 1509900 ns, Reaching safepoint: 16300 ns, At safepoint: 40900 ns, Total: 57200 ns
[2020-03-27T07:52:02.051+0000][1][safepoint    ] Safepoint "BulkRevokeBias", Time since last: 3634000 ns, Reaching safepoint: 282299 ns, At safepoint: 84900 ns, Total: 367199 ns
[2020-03-27T07:52:02.137+0000][1][safepoint    ] Safepoint "RevokeBias", Time since last: 86443491 ns, Reaching safepoint: 176700 ns, At safepoint: 20800 ns, Total: 197500 ns
[2020-03-27T07:52:02.157+0000][1][safepoint    ] Safepoint "RevokeBias", Time since last: 16573298 ns, Reaching safepoint: 2693400 ns, At safepoint: 20000 ns, Total: 2713400 ns
[2020-03-27T07:52:02.222+0000][1][safepoint    ] Safepoint "RevokeBias", Time since last: 61048793 ns, Reaching safepoint: 4574500 ns, At safepoint: 25300 ns, Total: 4599800 ns
[2020-03-27T07:52:02.235+0000][1][safepoint    ] Safepoint "RevokeBias", Time since last: 11290998 ns, Reaching safepoint: 1046100 ns, At safepoint: 23500 ns, Total: 1069600 ns
[2020-03-27T07:52:02.241+0000][1][safepoint    ] Safepoint "RevokeBias", Time since last: 4433300 ns, Reaching safepoint: 1541500 ns, At safepoint: 20099 ns, Total: 1561599 ns
[2020-03-27T07:52:02.308+0000][1][safepoint    ] Safepoint "RevokeBias", Time since last: 65457893 ns, Reaching safepoint: 2194800 ns, At safepoint: 21200 ns, Total: 2216000 ns
[2020-03-27T07:52:02.310+0000][1][safepoint    ] Safepoint "RevokeBias", Time since last: 1215200 ns, Reaching safepoint: 81000 ns, At safepoint: 14500 ns, Total: 95500 ns
[2020-03-27T07:52:02.401+0000][1][safepoint    ] Safepoint "RevokeBias", Time since last: 89703390 ns, Reaching safepoint: 2187300 ns, At safepoint: 24800 ns, Total: 2212100 ns
[2020-03-27T07:52:02.411+0000][1][safepoint    ] Safepoint "RevokeBias", Time since last: 9072599 ns, Reaching safepoint: 110900 ns, At safepoint: 20100 ns, Total: 131000 ns
[2020-03-27T07:52:02.496+0000][1][safepoint    ] Safepoint "RevokeBias", Time since last: 83617390 ns, Reaching safepoint: 1262500 ns, At safepoint: 20200 ns, Total: 1282700 ns
[2020-03-27T07:52:02.500+0000][1][safepoint    ] Safepoint "RevokeBias", Time since last: 4149100 ns, Reaching safepoint: 53500 ns, At safepoint: 28700 ns, Total: 82200 ns
[2020-03-27T07:52:02.532+0000][1][gc,start     ] GC(4) Pause Young (Allocation Failure)
[2020-03-27T07:52:02.532+0000][1][gc,task      ] GC(4) Using 2 workers of 2 for evacuation
[2020-03-27T07:52:02.550+0000][1][gc,age       ] GC(4) Desired survivor size 8716288 bytes, new threshold 6 (max threshold 6)
[2020-03-27T07:52:02.550+0000][1][gc,age       ] GC(4) Age table with threshold 6 (max threshold 6)
[2020-03-27T07:52:02.551+0000][1][gc,age       ] GC(4) - age   1:    1153512 bytes,    1153512 total
[2020-03-27T07:52:02.551+0000][1][gc,age       ] GC(4) - age   2:    2301520 bytes,    3455032 total
[2020-03-27T07:52:02.551+0000][1][gc,age       ] GC(4) - age   3:    1674272 bytes,    5129304 total
[2020-03-27T07:52:02.551+0000][1][gc,age       ] GC(4) - age   4:    1577752 bytes,    6707056 total
[2020-03-27T07:52:02.552+0000][1][gc,heap      ] GC(4) ParNew: 144052K->7582K(153344K)
[2020-03-27T07:52:02.552+0000][1][gc,heap      ] GC(4) CMS: 9509K->9509K(353920K)
[2020-03-27T07:52:02.552+0000][1][gc,metaspace ] GC(4) Metaspace: 19831K->19831K(1067008K)
[2020-03-27T07:52:02.552+0000][1][gc           ] GC(4) Pause Young (Allocation Failure) 149M->16M(495M) 20.901ms
[2020-03-27T07:52:02.553+0000][1][gc,cpu       ] GC(4) User=0.01s Sys=0.00s Real=0.02s
[2020-03-27T07:52:02.553+0000][1][safepoint    ] Safepoint "GenCollectForAllocation", Time since last: 28747697 ns, Reaching safepoint: 2991799 ns, At safepoint: 21376698 ns, Total: 24368497 ns
[2020-03-27T07:52:02.585+0000][1][safepoint    ] Safepoint "RevokeBias", Time since last: 22766897 ns, Reaching safepoint: 8979000 ns, At safepoint: 42800 ns, Total: 9021800 ns
[2020-03-27T07:52:02.600+0000][1][safepoint    ] Safepoint "RevokeBias", Time since last: 13502098 ns, Reaching safepoint: 1299200 ns, At safepoint: 33000 ns, Total: 1332200 ns
[2020-03-27T07:52:02.604+0000][1][safepoint    ] Safepoint "RevokeBias", Time since last: 1512700 ns, Reaching safepoint: 2541699 ns, At safepoint: 101500 ns, Total: 2643199 ns
[2020-03-27T07:52:02.646+0000][1][safepoint    ] Safepoint "RevokeBias", Time since last: 42192796 ns, Reaching safepoint: 128700 ns, At safepoint: 22800 ns, Total: 151500 ns
[2020-03-27T07:52:02.650+0000][1][safepoint    ] Safepoint "RevokeBias", Time since last: 4043199 ns, Reaching safepoint: 87500 ns, At safepoint: 26800 ns, Total: 114300 ns
[2020-03-27T07:52:02.673+0000][1][safepoint    ] Safepoint "CollectForMetadataAllocation", Time since last: 22854398 ns, Reaching safepoint: 84700 ns, At safepoint: 45000 ns, Total: 129700 ns
[2020-03-27T07:52:02.712+0000][1][safepoint    ] Safepoint "CollectForMetadataAllocation", Time since last: 38435295 ns, Reaching safepoint: 106900 ns, At safepoint: 70600 ns, Total: 177500 ns
[2020-03-27T07:52:02.748+0000][1][safepoint    ] Safepoint "CollectForMetadataAllocation", Time since last: 36280396 ns, Reaching safepoint: 29200 ns, At safepoint: 68600 ns, Total: 97800 ns
[2020-03-27T07:52:02.968+0000][1][gc,start     ] GC(5) Pause Young (Allocation Failure)
[2020-03-27T07:52:02.969+0000][1][gc,task      ] GC(5) Using 2 workers of 2 for evacuation
[2020-03-27T07:52:02.993+0000][1][gc,age       ] GC(5) Desired survivor size 8716288 bytes, new threshold 6 (max threshold 6)
[2020-03-27T07:52:02.995+0000][1][gc,age       ] GC(5) Age table with threshold 6 (max threshold 6)
[2020-03-27T07:52:02.995+0000][1][gc,age       ] GC(5) - age   1:    2656760 bytes,    2656760 total
[2020-03-27T07:52:02.995+0000][1][gc,age       ] GC(5) - age   2:     355504 bytes,    3012264 total
[2020-03-27T07:52:02.997+0000][1][gc,age       ] GC(5) - age   3:    2301040 bytes,    5313304 total
[2020-03-27T07:52:02.997+0000][1][gc,age       ] GC(5) - age   4:    1674272 bytes,    6987576 total
[2020-03-27T07:52:02.997+0000][1][gc,age       ] GC(5) - age   5:    1577752 bytes,    8565328 total
[2020-03-27T07:52:02.997+0000][1][gc,heap      ] GC(5) ParNew: 143902K->12352K(153344K)
[2020-03-27T07:52:03.001+0000][1][gc,heap      ] GC(5) CMS: 9509K->9509K(353920K)
[2020-03-27T07:52:03.001+0000][1][gc,metaspace ] GC(5) Metaspace: 20765K->20765K(1069056K)
[2020-03-27T07:52:03.001+0000][1][gc           ] GC(5) Pause Young (Allocation Failure) 149M->21M(495M) 33.089ms
[2020-03-27T07:52:03.001+0000][1][gc,cpu       ] GC(5) User=0.03s Sys=0.00s Real=0.03s
[2020-03-27T07:52:03.002+0000][1][safepoint    ] Safepoint "GenCollectForAllocation", Time since last: 219927176 ns, Reaching safepoint: 28100 ns, At safepoint: 33555096 ns, Total: 33583196 ns
[2020-03-27T07:52:03.002+0000][1][gc,start     ] GC(6) Pause Initial Mark
[2020-03-27T07:52:03.005+0000][1][gc           ] GC(6) Pause Initial Mark 23M->23M(495M) 2.679ms
[2020-03-27T07:52:03.005+0000][1][gc,cpu       ] GC(6) User=0.01s Sys=0.00s Real=0.00s
[2020-03-27T07:52:03.005+0000][1][safepoint    ] Safepoint "CMS_Initial_Mark", Time since last: 258200 ns, Reaching safepoint: 89400 ns, At safepoint: 3354500 ns, Total: 3443900 ns
[2020-03-27T07:52:03.006+0000][1][gc           ] GC(6) Concurrent Mark
[2020-03-27T07:52:03.015+0000][1][gc           ] GC(6) Concurrent Mark 9.359ms
[2020-03-27T07:52:03.018+0000][1][gc,cpu       ] GC(6) User=0.01s Sys=0.00s Real=0.01s
[2020-03-27T07:52:03.022+0000][1][gc           ] GC(6) Concurrent Preclean
[2020-03-27T07:52:03.022+0000][1][gc           ] GC(6) Concurrent Preclean 0.937ms
[2020-03-27T07:52:03.023+0000][1][gc,cpu       ] GC(6) User=0.01s Sys=0.00s Real=0.00s
[2020-03-27T07:52:03.023+0000][1][gc           ] GC(6) Concurrent Abortable Preclean
[2020-03-27T07:52:03.268+0000][1][gc,start     ] GC(7) Pause Young (Allocation Failure)
[2020-03-27T07:52:03.268+0000][1][gc,task      ] GC(7) Using 2 workers of 2 for evacuation
[2020-03-27T07:52:03.292+0000][1][gc,age       ] GC(7) Desired survivor size 8716288 bytes, new threshold 6 (max threshold 6)
[2020-03-27T07:52:03.292+0000][1][gc,age       ] GC(7) Age table with threshold 6 (max threshold 6)
[2020-03-27T07:52:03.293+0000][1][gc,age       ] GC(7) - age   1:     411016 bytes,     411016 total
[2020-03-27T07:52:03.293+0000][1][gc,age       ] GC(7) - age   2:    1015528 bytes,    1426544 total
[2020-03-27T07:52:03.293+0000][1][gc,age       ] GC(7) - age   3:     355504 bytes,    1782048 total
[2020-03-27T07:52:03.293+0000][1][gc,age       ] GC(7) - age   4:    2300704 bytes,    4082752 total
[2020-03-27T07:52:03.294+0000][1][gc,age       ] GC(7) - age   5:    1674272 bytes,    5757024 total
[2020-03-27T07:52:03.294+0000][1][gc,age       ] GC(7) - age   6:    1577752 bytes,    7334776 total
[2020-03-27T07:52:03.294+0000][1][gc,heap      ] GC(7) ParNew: 148672K->11726K(153344K)
[2020-03-27T07:52:03.294+0000][1][gc,heap      ] GC(7) CMS: 9509K->9509K(353920K)
[2020-03-27T07:52:03.294+0000][1][gc,metaspace ] GC(7) Metaspace: 20893K->20893K(1069056K)
[2020-03-27T07:52:03.295+0000][1][gc           ] GC(7) Pause Young (Allocation Failure) 154M->20M(495M) 27.046ms
[2020-03-27T07:52:03.295+0000][1][gc,cpu       ] GC(7) User=0.03s Sys=0.00s Real=0.02s
[2020-03-27T07:52:03.295+0000][1][gc           ] GC(6) Concurrent Abortable Preclean 271.830ms
[2020-03-27T07:52:03.295+0000][1][gc,cpu       ] GC(6) User=0.26s Sys=0.01s Real=0.27s
[2020-03-27T07:52:03.295+0000][1][safepoint    ] Safepoint "GenCollectForAllocation", Time since last: 262125871 ns, Reaching safepoint: 41300 ns, At safepoint: 27461897 ns, Total: 27503197 ns
[2020-03-27T07:52:03.296+0000][1][gc,start     ] GC(6) Pause Remark
[2020-03-27T07:52:03.302+0000][1][gc           ] GC(6) Pause Remark 23M->23M(495M) 6.271ms
[2020-03-27T07:52:03.302+0000][1][gc,cpu       ] GC(6) User=0.01s Sys=0.00s Real=0.00s
[2020-03-27T07:52:03.303+0000][1][safepoint    ] Safepoint "CMS_Final_Remark", Time since last: 610900 ns, Reaching safepoint: 75800 ns, At safepoint: 7098099 ns, Total: 7173899 ns
[2020-03-27T07:52:03.310+0000][1][gc           ] GC(6) Concurrent Sweep
[2020-03-27T07:52:03.314+0000][1][gc           ] GC(6) Concurrent Sweep 4.397ms
[2020-03-27T07:52:03.314+0000][1][gc,cpu       ] GC(6) User=0.00s Sys=0.00s Real=0.00s
[2020-03-27T07:52:03.315+0000][1][gc           ] GC(6) Concurrent Reset
[2020-03-27T07:52:03.316+0000][1][gc           ] GC(6) Concurrent Reset 1.056ms
[2020-03-27T07:52:03.316+0000][1][gc,cpu       ] GC(6) User=0.01s Sys=0.00s Real=0.01s
[2020-03-27T07:52:03.316+0000][1][gc,heap      ] GC(6) Old: 9509K->9506K(353920K)
[2020-03-27T07:52:03.529+0000][1][gc,start     ] GC(8) Pause Young (Allocation Failure)
[2020-03-27T07:52:03.530+0000][1][gc,task      ] GC(8) Using 2 workers of 2 for evacuation
[2020-03-27T07:52:03.552+0000][1][gc,age       ] GC(8) Desired survivor size 8716288 bytes, new threshold 6 (max threshold 6)
[2020-03-27T07:52:03.553+0000][1][gc,age       ] GC(8) Age table with threshold 6 (max threshold 6)
[2020-03-27T07:52:03.553+0000][1][gc,age       ] GC(8) - age   1:    1869392 bytes,    1869392 total
[2020-03-27T07:52:03.554+0000][1][gc,age       ] GC(8) - age   2:     389608 bytes,    2259000 total
[2020-03-27T07:52:03.554+0000][1][gc,age       ] GC(8) - age   3:    1015280 bytes,    3274280 total
[2020-03-27T07:52:03.554+0000][1][gc,age       ] GC(8) - age   4:     355448 bytes,    3629728 total
[2020-03-27T07:52:03.554+0000][1][gc,age       ] GC(8) - age   5:    2299784 bytes,    5929512 total
[2020-03-27T07:52:03.555+0000][1][gc,age       ] GC(8) - age   6:    1674272 bytes,    7603784 total
[2020-03-27T07:52:03.555+0000][1][gc,heap      ] GC(8) ParNew: 148046K->10989K(153344K)
[2020-03-27T07:52:03.555+0000][1][gc,heap      ] GC(8) CMS: 9506K->11062K(353920K)
[2020-03-27T07:52:03.555+0000][1][gc,metaspace ] GC(8) Metaspace: 21059K->21059K(1069056K)
[2020-03-27T07:52:03.556+0000][1][gc           ] GC(8) Pause Young (Allocation Failure) 153M->21M(495M) 26.449ms
[2020-03-27T07:52:03.556+0000][1][gc,cpu       ] GC(8) User=0.02s Sys=0.00s Real=0.03s
[2020-03-27T07:52:03.556+0000][1][safepoint    ] Safepoint "GenCollectForAllocation", Time since last: 225746075 ns, Reaching safepoint: 545400 ns, At safepoint: 26961997 ns, Total: 27507397 ns
[2020-03-27T07:52:03.637+0000][1][safepoint    ] Safepoint "Deoptimize", Time since last: 78795292 ns, Reaching safepoint: 1599499 ns, At safepoint: 275200 ns, Total: 1874699 ns
[2020-03-27T07:52:04.246+0000][1][safepoint    ] Safepoint "RevokeBias", Time since last: 609132133 ns, Reaching safepoint: 296100 ns, At safepoint: 23700 ns, Total: 319800 ns
[2020-03-27T07:52:04.312+0000][1][safepoint    ] Safepoint "Deoptimize", Time since last: 65467893 ns, Reaching safepoint: 199400 ns, At safepoint: 205300 ns, Total: 404700 ns
[2020-03-27T07:52:04.325+0000][1][safepoint    ] Safepoint "Deoptimize", Time since last: 10248299 ns, Reaching safepoint: 90400 ns, At safepoint: 2558399 ns, Total: 2648799 ns
[2020-03-27T07:52:05.326+0000][1][safepoint    ] Safepoint "Cleanup", Time since last: 1000979990 ns, Reaching safepoint: 228500 ns, At safepoint: 5600 ns, Total: 234100 ns
[2020-03-27T07:52:05.342+0000][1][gc,start     ] GC(9) Pause Young (Allocation Failure)
[2020-03-27T07:52:05.342+0000][1][gc,task      ] GC(9) Using 2 workers of 2 for evacuation
[2020-03-27T07:52:05.396+0000][1][gc,age       ] GC(9) Desired survivor size 8716288 bytes, new threshold 1 (max threshold 6)
[2020-03-27T07:52:05.396+0000][1][gc,age       ] GC(9) Age table with threshold 1 (max threshold 6)
[2020-03-27T07:52:05.396+0000][1][gc,age       ] GC(9) - age   1:   11579480 bytes,   11579480 total
[2020-03-27T07:52:05.397+0000][1][gc,age       ] GC(9) - age   2:     291552 bytes,   11871032 total
[2020-03-27T07:52:05.397+0000][1][gc,age       ] GC(9) - age   3:     387192 bytes,   12258224 total
[2020-03-27T07:52:05.397+0000][1][gc,age       ] GC(9) - age   4:    1012272 bytes,   13270496 total
[2020-03-27T07:52:05.398+0000][1][gc,age       ] GC(9) - age   5:     354328 bytes,   13624824 total
[2020-03-27T07:52:05.398+0000][1][gc,age       ] GC(9) - age   6:    2295528 bytes,   15920352 total
[2020-03-27T07:52:05.398+0000][1][gc,heap      ] GC(9) ParNew: 147309K->17024K(153344K)
[2020-03-27T07:52:05.398+0000][1][gc,heap      ] GC(9) CMS: 11062K->12707K(353920K)
[2020-03-27T07:52:05.399+0000][1][gc,metaspace ] GC(9) Metaspace: 27944K->27944K(1075200K)
[2020-03-27T07:52:05.399+0000][1][gc           ] GC(9) Pause Young (Allocation Failure) 154M->29M(495M) 57.521ms
[2020-03-27T07:52:05.399+0000][1][gc,cpu       ] GC(9) User=0.05s Sys=0.01s Real=0.06s
[2020-03-27T07:52:05.400+0000][1][safepoint    ] Safepoint "GenCollectForAllocation", Time since last: 15391598 ns, Reaching safepoint: 20000 ns, At safepoint: 58129594 ns, Total: 58149594 ns
[2020-03-27T07:52:05.771+0000][1][safepoint    ] Safepoint "RevokeBias", Time since last: 371215659 ns, Reaching safepoint: 38000 ns, At safepoint: 48500 ns, Total: 86500 ns
[2020-03-27T07:52:06.775+0000][1][safepoint    ] Safepoint "Cleanup", Time since last: 1000706789 ns, Reaching safepoint: 3677500 ns, At safepoint: 13700 ns, Total: 3691200 ns
[2020-03-27T07:52:06.835+0000][1][safepoint    ] Safepoint "RevokeBias", Time since last: 59139493 ns, Reaching safepoint: 30900 ns, At safepoint: 29600 ns, Total: 60500 ns
[2020-03-27T07:52:06.927+0000][1][gc,start     ] GC(10) Pause Young (Allocation Failure)
[2020-03-27T07:52:06.927+0000][1][gc,task      ] GC(10) Using 2 workers of 2 for evacuation
[2020-03-27T07:52:07.031+0000][1][gc,age       ] GC(10) Desired survivor size 8716288 bytes, new threshold 1 (max threshold 6)
[2020-03-27T07:52:07.034+0000][1][gc,age       ] GC(10) Age table with threshold 1 (max threshold 6)
[2020-03-27T07:52:07.034+0000][1][gc,age       ] GC(10) - age   1:   15087672 bytes,   15087672 total
[2020-03-27T07:52:07.034+0000][1][gc,heap      ] GC(10) ParNew: 153344K->17024K(153344K)
[2020-03-27T07:52:07.035+0000][1][gc,heap      ] GC(10) CMS: 12707K->31137K(353920K)
[2020-03-27T07:52:07.035+0000][1][gc,metaspace ] GC(10) Metaspace: 29418K->29418K(1077248K)
[2020-03-27T07:52:07.035+0000][1][gc           ] GC(10) Pause Young (Allocation Failure) 162M->47M(495M) 108.548ms
[2020-03-27T07:52:07.036+0000][1][gc,cpu       ] GC(10) User=0.07s Sys=0.00s Real=0.11s
[2020-03-27T07:52:07.036+0000][1][safepoint    ] Safepoint "GenCollectForAllocation", Time since last: 92146390 ns, Reaching safepoint: 38400 ns, At safepoint: 109032688 ns, Total: 109071088 ns
[2020-03-27T07:52:07.143+0000][1][safepoint    ] Safepoint "RevokeBias", Time since last: 106415088 ns, Reaching safepoint: 879100 ns, At safepoint: 19600 ns, Total: 898700 ns
[2020-03-27T07:52:07.153+0000][1][safepoint    ] Safepoint "RevokeBias", Time since last: 8473099 ns, Reaching safepoint: 954500 ns, At safepoint: 25600 ns, Total: 980100 ns
[2020-03-27T07:52:07.186+0000][1][safepoint    ] Safepoint "RevokeBias", Time since last: 31729497 ns, Reaching safepoint: 1239400 ns, At safepoint: 23700 ns, Total: 1263100 ns
[2020-03-27T07:52:07.190+0000][1][safepoint    ] Safepoint "RevokeBias", Time since last: 4478099 ns, Reaching safepoint: 161100 ns, At safepoint: 19100 ns, Total: 180200 ns
[2020-03-27T07:52:07.200+0000][1][safepoint    ] Safepoint "RevokeBias", Time since last: 8521499 ns, Reaching safepoint: 1515700 ns, At safepoint: 20400 ns, Total: 1536100 ns
[2020-03-27T07:52:07.208+0000][1][safepoint    ] Safepoint "RevokeBias", Time since last: 5238099 ns, Reaching safepoint: 2020300 ns, At safepoint: 23400 ns, Total: 2043700 ns
[2020-03-27T07:52:07.221+0000][1][safepoint    ] Safepoint "RevokeBias", Time since last: 13260199 ns, Reaching safepoint: 475300 ns, At safepoint: 20100 ns, Total: 495400 ns
[2020-03-27T07:52:07.226+0000][1][safepoint    ] Safepoint "RevokeBias", Time since last: 5077399 ns, Reaching safepoint: 67500 ns, At safepoint: 18000 ns, Total: 85500 ns
[2020-03-27T07:52:07.232+0000][1][safepoint    ] Safepoint "RevokeBias", Time since last: 5018599 ns, Reaching safepoint: 385800 ns, At safepoint: 36300 ns, Total: 422100 ns
[2020-03-27T07:52:07.610+0000][1][gc,start     ] GC(11) Pause Young (Allocation Failure)
[2020-03-27T07:52:07.610+0000][1][gc,task      ] GC(11) Using 2 workers of 2 for evacuation
[2020-03-27T07:52:07.653+0000][1][gc,age       ] GC(11) Desired survivor size 8716288 bytes, new threshold 6 (max threshold 6)
[2020-03-27T07:52:07.654+0000][1][gc,age       ] GC(11) Age table with threshold 6 (max threshold 6)
[2020-03-27T07:52:07.654+0000][1][gc,age       ] GC(11) - age   1:    1659664 bytes,    1659664 total
[2020-03-27T07:52:07.654+0000][1][gc,heap      ] GC(11) ParNew: 153344K->14428K(153344K)
[2020-03-27T07:52:07.655+0000][1][gc,heap      ] GC(11) CMS: 31137K->46411K(353920K)
[2020-03-27T07:52:07.655+0000][1][gc,metaspace ] GC(11) Metaspace: 33677K->33677K(1081344K)
[2020-03-27T07:52:07.655+0000][1][gc           ] GC(11) Pause Young (Allocation Failure) 180M->59M(495M) 45.443ms
[2020-03-27T07:52:07.655+0000][1][gc,cpu       ] GC(11) User=0.05s Sys=0.00s Real=0.04s
[2020-03-27T07:52:07.656+0000][1][safepoint    ] Safepoint "GenCollectForAllocation", Time since last: 377644059 ns, Reaching safepoint: 45600 ns, At safepoint: 46022195 ns, Total: 46067795 ns
[2020-03-27T07:52:07.855+0000][1][safepoint    ] Safepoint "RevokeBias", Time since last: 198966178 ns, Reaching safepoint: 32000 ns, At safepoint: 19000 ns, Total: 51000 ns
[2020-03-27T07:52:07.894+0000][1][safepoint    ] Safepoint "CollectForMetadataAllocation", Time since last: 38876795 ns, Reaching safepoint: 25000 ns, At safepoint: 44700 ns, Total: 69700 ns
[2020-03-27T07:52:07.935+0000][1][safepoint    ] Safepoint "CollectForMetadataAllocation", Time since last: 41495896 ns, Reaching safepoint: 30700 ns, At safepoint: 59600 ns, Total: 90300 ns
[2020-03-27T07:52:07.972+0000][1][safepoint    ] Safepoint "CollectForMetadataAllocation", Time since last: 36505196 ns, Reaching safepoint: 24000 ns, At safepoint: 72300 ns, Total: 96300 ns
[2020-03-27T07:52:07.990+0000][1][safepoint    ] Safepoint "CollectForMetadataAllocation", Time since last: 17974698 ns, Reaching safepoint: 19200 ns, At safepoint: 73600 ns, Total: 92800 ns
[2020-03-27T07:52:08.014+0000][1][safepoint    ] Safepoint "CollectForMetadataAllocation", Time since last: 23684897 ns, Reaching safepoint: 20000 ns, At safepoint: 80700 ns, Total: 100700 ns
[2020-03-27T07:52:08.034+0000][1][safepoint    ] Safepoint "CollectForMetadataAllocation", Time since last: 20543798 ns, Reaching safepoint: 23900 ns, At safepoint: 74100 ns, Total: 98000 ns
[2020-03-27T07:52:08.060+0000][1][safepoint    ] Safepoint "CollectForMetadataAllocation", Time since last: 25720197 ns, Reaching safepoint: 28000 ns, At safepoint: 71500 ns, Total: 99500 ns
[2020-03-27T07:52:08.083+0000][1][safepoint    ] Safepoint "CollectForMetadataAllocation", Time since last: 23262897 ns, Reaching safepoint: 20300 ns, At safepoint: 73000 ns, Total: 93300 ns
[2020-03-27T07:52:08.116+0000][1][safepoint    ] Safepoint "CollectForMetadataAllocation", Time since last: 31994397 ns, Reaching safepoint: 26300 ns, At safepoint: 90600 ns, Total: 116900 ns
[2020-03-27T07:52:08.147+0000][1][safepoint    ] Safepoint "CollectForMetadataAllocation", Time since last: 31193596 ns, Reaching safepoint: 16600 ns, At safepoint: 319900 ns, Total: 336500 ns
[2020-03-27T07:52:08.174+0000][1][safepoint    ] Safepoint "Deoptimize", Time since last: 26604197 ns, Reaching safepoint: 66300 ns, At safepoint: 631600 ns, Total: 697900 ns
[2020-03-27T07:52:08.182+0000][1][safepoint    ] Safepoint "Deoptimize", Time since last: 7315100 ns, Reaching safepoint: 20200 ns, At safepoint: 220399 ns, Total: 240599 ns
[2020-03-27T07:52:08.189+0000][1][safepoint    ] Safepoint "CollectForMetadataAllocation", Time since last: 6566500 ns, Reaching safepoint: 23100 ns, At safepoint: 77700 ns, Total: 100800 ns
[2020-03-27T07:52:08.231+0000][1][safepoint    ] Safepoint "CollectForMetadataAllocation", Time since last: 42741295 ns, Reaching safepoint: 22900 ns, At safepoint: 83200 ns, Total: 106100 ns
[2020-03-27T07:52:08.253+0000][1][safepoint    ] Safepoint "CollectForMetadataAllocation", Time since last: 21096098 ns, Reaching safepoint: 28400 ns, At safepoint: 79300 ns, Total: 107700 ns
[2020-03-27T07:52:08.259+0000][1][safepoint    ] Safepoint "Deoptimize", Time since last: 6364199 ns, Reaching safepoint: 18800 ns, At safepoint: 314800 ns, Total: 333600 ns
[2020-03-27T07:52:08.262+0000][1][safepoint    ] Safepoint "RevokeBias", Time since last: 2996700 ns, Reaching safepoint: 84400 ns, At safepoint: 27400 ns, Total: 111800 ns
[2020-03-27T07:52:08.277+0000][1][safepoint    ] Safepoint "RevokeBias", Time since last: 14688298 ns, Reaching safepoint: 20900 ns, At safepoint: 23800 ns, Total: 44700 ns
[2020-03-27T07:52:08.301+0000][1][safepoint    ] Safepoint "CollectForMetadataAllocation", Time since last: 23724697 ns, Reaching safepoint: 105000 ns, At safepoint: 87000 ns, Total: 192000 ns
[2020-03-27T07:52:08.318+0000][1][safepoint    ] Safepoint "CollectForMetadataAllocation", Time since last: 16520199 ns, Reaching safepoint: 84900 ns, At safepoint: 51999 ns, Total: 136899 ns
[2020-03-27T07:52:08.341+0000][1][safepoint    ] Safepoint "CollectForMetadataAllocation", Time since last: 22874298 ns, Reaching safepoint: 85200 ns, At safepoint: 72400 ns, Total: 157600 ns
[2020-03-27T07:52:08.385+0000][1][safepoint    ] Safepoint "CollectForMetadataAllocation", Time since last: 43895495 ns, Reaching safepoint: 16700 ns, At safepoint: 99800 ns, Total: 116500 ns
[2020-03-27T07:52:08.406+0000][1][safepoint    ] Safepoint "CollectForMetadataAllocation", Time since last: 21409198 ns, Reaching safepoint: 16800 ns, At safepoint: 77300 ns, Total: 94100 ns
[2020-03-27T07:52:08.439+0000][1][safepoint    ] Safepoint "CollectForMetadataAllocation", Time since last: 32208196 ns, Reaching safepoint: 18800 ns, At safepoint: 52300 ns, Total: 71100 ns
[2020-03-27T07:52:08.453+0000][1][safepoint    ] Safepoint "CollectForMetadataAllocation", Time since last: 14316399 ns, Reaching safepoint: 97900 ns, At safepoint: 75200 ns, Total: 173100 ns
[2020-03-27T07:52:08.473+0000][1][safepoint    ] Safepoint "CollectForMetadataAllocation", Time since last: 19392403 ns, Reaching safepoint: 82900 ns, At safepoint: 74000 ns, Total: 156900 ns
[2020-03-27T07:52:08.507+0000][1][safepoint    ] Safepoint "CollectForMetadataAllocation", Time since last: 34629006 ns, Reaching safepoint: 85400 ns, At safepoint: 49100 ns, Total: 134500 ns
[2020-03-27T07:52:08.538+0000][1][safepoint    ] Safepoint "CollectForMetadataAllocation", Time since last: 30114605 ns, Reaching safepoint: 88200 ns, At safepoint: 80900 ns, Total: 169100 ns
[2020-03-27T07:52:08.562+0000][1][safepoint    ] Safepoint "CollectForMetadataAllocation", Time since last: 23929204 ns, Reaching safepoint: 84000 ns, At safepoint: 70200 ns, Total: 154200 ns
[2020-03-27T07:52:08.586+0000][1][safepoint    ] Safepoint "CollectForMetadataAllocation", Time since last: 24509904 ns, Reaching safepoint: 97400 ns, At safepoint: 70900 ns, Total: 168300 ns
[2020-03-27T07:52:08.620+0000][1][safepoint    ] Safepoint "CollectForMetadataAllocation", Time since last: 33143306 ns, Reaching safepoint: 105800 ns, At safepoint: 77300 ns, Total: 183100 ns
[2020-03-27T07:52:08.641+0000][1][safepoint    ] Safepoint "CollectForMetadataAllocation", Time since last: 21111604 ns, Reaching safepoint: 85100 ns, At safepoint: 85200 ns, Total: 170300 ns
[2020-03-27T07:52:08.657+0000][1][safepoint    ] Safepoint "CollectForMetadataAllocation", Time since last: 15452802 ns, Reaching safepoint: 88000 ns, At safepoint: 74000 ns, Total: 162000 ns
[2020-03-27T07:52:08.697+0000][1][safepoint    ] Safepoint "CollectForMetadataAllocation", Time since last: 39918907 ns, Reaching safepoint: 83200 ns, At safepoint: 71500 ns, Total: 154700 ns
[2020-03-27T07:52:08.729+0000][1][safepoint    ] Safepoint "CollectForMetadataAllocation", Time since last: 31853505 ns, Reaching safepoint: 85300 ns, At safepoint: 68100 ns, Total: 153400 ns
[2020-03-27T07:52:08.757+0000][1][safepoint    ] Safepoint "CollectForMetadataAllocation", Time since last: 28405805 ns, Reaching safepoint: 134700 ns, At safepoint: 80700 ns, Total: 215400 ns
[2020-03-27T07:52:08.796+0000][1][safepoint    ] Safepoint "CollectForMetadataAllocation", Time since last: 38500207 ns, Reaching safepoint: 87200 ns, At safepoint: 45600 ns, Total: 132800 ns
[2020-03-27T07:52:08.819+0000][1][safepoint    ] Safepoint "CollectForMetadataAllocation", Time since last: 22367904 ns, Reaching safepoint: 88200 ns, At safepoint: 80600 ns, Total: 168800 ns
[2020-03-27T07:52:08.861+0000][1][safepoint    ] Safepoint "CollectForMetadataAllocation", Time since last: 41924507 ns, Reaching safepoint: 51500 ns, At safepoint: 41900 ns, Total: 93400 ns
[2020-03-27T07:52:08.882+0000][1][safepoint    ] Safepoint "CollectForMetadataAllocation", Time since last: 20989003 ns, Reaching safepoint: 93300 ns, At safepoint: 69800 ns, Total: 163100 ns
[2020-03-27T07:52:08.979+0000][1][safepoint    ] Safepoint "CollectForMetadataAllocation", Time since last: 96912717 ns, Reaching safepoint: 99300 ns, At safepoint: 81500 ns, Total: 180800 ns
[2020-03-27T07:52:09.001+0000][1][safepoint    ] Safepoint "CollectForMetadataAllocation", Time since last: 21908204 ns, Reaching safepoint: 90800 ns, At safepoint: 95900 ns, Total: 186700 ns
[2020-03-27T07:52:09.022+0000][1][safepoint    ] Safepoint "CollectForMetadataAllocation", Time since last: 20744003 ns, Reaching safepoint: 92600 ns, At safepoint: 70700 ns, Total: 163300 ns
[2020-03-27T07:52:09.049+0000][1][safepoint    ] Safepoint "Deoptimize", Time since last: 26720105 ns, Reaching safepoint: 99300 ns, At safepoint: 249700 ns, Total: 349000 ns
[2020-03-27T07:52:09.050+0000][1][safepoint    ] Safepoint "CollectForMetadataAllocation", Time since last: 1197800 ns, Reaching safepoint: 79000 ns, At safepoint: 94400 ns, Total: 173400 ns
[2020-03-27T07:52:09.439+0000][1][safepoint    ] Safepoint "CollectForMetadataAllocation", Time since last: 388899966 ns, Reaching safepoint: 62900 ns, At safepoint: 59100 ns, Total: 122000 ns
[2020-03-27T07:52:09.591+0000][1][safepoint    ] Safepoint "CollectForMetadataAllocation", Time since last: 151341925 ns, Reaching safepoint: 26700 ns, At safepoint: 63500 ns, Total: 90200 ns
[2020-03-27T07:52:09.658+0000][1][gc,start     ] GC(12) Pause Initial Mark
[2020-03-27T07:52:09.681+0000][1][gc           ] GC(12) Pause Initial Mark 151M->151M(495M) 23.574ms
[2020-03-27T07:52:09.682+0000][1][gc,cpu       ] GC(12) User=0.02s Sys=0.00s Real=0.02s
[2020-03-27T07:52:09.682+0000][1][safepoint    ] Safepoint "CMS_Initial_Mark", Time since last: 67102812 ns, Reaching safepoint: 93300 ns, At safepoint: 24508604 ns, Total: 24601904 ns
[2020-03-27T07:52:09.683+0000][1][gc           ] GC(12) Concurrent Mark
[2020-03-27T07:52:09.794+0000][1][gc           ] GC(12) Concurrent Mark 110.784ms
[2020-03-27T07:52:09.795+0000][1][gc,cpu       ] GC(12) User=0.11s Sys=0.00s Real=0.11s
[2020-03-27T07:52:09.799+0000][1][gc           ] GC(12) Concurrent Preclean
[2020-03-27T07:52:09.803+0000][1][gc           ] GC(12) Concurrent Preclean 4.293ms
[2020-03-27T07:52:09.805+0000][1][gc,cpu       ] GC(12) User=0.00s Sys=0.00s Real=0.00s
[2020-03-27T07:52:09.805+0000][1][gc           ] GC(12) Concurrent Abortable Preclean
[2020-03-27T07:52:09.888+0000][1][safepoint    ] Safepoint "CollectForMetadataAllocation", Time since last: 205808135 ns, Reaching safepoint: 25600 ns, At safepoint: 95500 ns, Total: 121100 ns
[2020-03-27T07:52:09.968+0000][1][safepoint    ] Safepoint "Deoptimize", Time since last: 79074013 ns, Reaching safepoint: 30400 ns, At safepoint: 350000 ns, Total: 380400 ns
[2020-03-27T07:52:10.099+0000][1][safepoint    ] Safepoint "CollectForMetadataAllocation", Time since last: 131522123 ns, Reaching safepoint: 29400 ns, At safepoint: 68600 ns, Total: 98000 ns
[2020-03-27T07:52:10.164+0000][1][safepoint    ] Safepoint "CollectForMetadataAllocation", Time since last: 64581811 ns, Reaching safepoint: 37400 ns, At safepoint: 79400 ns, Total: 116800 ns
[2020-03-27T07:52:10.241+0000][1][safepoint    ] Safepoint "CollectForMetadataAllocation", Time since last: 76331513 ns, Reaching safepoint: 79200 ns, At safepoint: 146800 ns, Total: 226000 ns
[2020-03-27T07:52:10.284+0000][1][safepoint    ] Safepoint "CollectForMetadataAllocation", Time since last: 43146507 ns, Reaching safepoint: 17700 ns, At safepoint: 71900 ns, Total: 89600 ns
[2020-03-27T07:52:10.360+0000][1][safepoint    ] Safepoint "CollectForMetadataAllocation", Time since last: 76207213 ns, Reaching safepoint: 27100 ns, At safepoint: 71800 ns, Total: 98900 ns
[2020-03-27T07:52:10.420+0000][1][safepoint    ] Safepoint "CollectForMetadataAllocation", Time since last: 59804510 ns, Reaching safepoint: 33000 ns, At safepoint: 72100 ns, Total: 105100 ns
[2020-03-27T07:52:10.444+0000][1][safepoint    ] Safepoint "RevokeBias", Time since last: 23997804 ns, Reaching safepoint: 19900 ns, At safepoint: 22100 ns, Total: 42000 ns
[2020-03-27T07:52:10.456+0000][1][safepoint    ] Safepoint "RevokeBias", Time since last: 12013002 ns, Reaching safepoint: 38900 ns, At safepoint: 28200 ns, Total: 67100 ns
[2020-03-27T07:52:10.476+0000][1][safepoint    ] Safepoint "RevokeBias", Time since last: 18232403 ns, Reaching safepoint: 1980101 ns, At safepoint: 26400 ns, Total: 2006501 ns
[2020-03-27T07:52:10.527+0000][1][safepoint    ] Safepoint "CollectForMetadataAllocation", Time since last: 50564108 ns, Reaching safepoint: 89500 ns, At safepoint: 79000 ns, Total: 168500 ns
[2020-03-27T07:52:10.584+0000][1][safepoint    ] Safepoint "CollectForMetadataAllocation", Time since last: 52975709 ns, Reaching safepoint: 3623301 ns, At safepoint: 79100 ns, Total: 3702401 ns
[2020-03-27T07:52:10.632+0000][1][gc,start     ] GC(13) Pause Young (Allocation Failure)
[2020-03-27T07:52:10.632+0000][1][gc,task      ] GC(13) Using 2 workers of 2 for evacuation
[2020-03-27T07:52:10.662+0000][1][gc,age       ] GC(13) Desired survivor size 8716288 bytes, new threshold 2 (max threshold 6)
[2020-03-27T07:52:10.663+0000][1][gc,age       ] GC(13) Age table with threshold 2 (max threshold 6)
[2020-03-27T07:52:10.663+0000][1][gc,age       ] GC(13) - age   1:    8101640 bytes,    8101640 total
[2020-03-27T07:52:10.663+0000][1][gc,age       ] GC(13) - age   2:    1587560 bytes,    9689200 total
[2020-03-27T07:52:10.664+0000][1][gc,heap      ] GC(13) ParNew: 150748K->11739K(153344K)
[2020-03-27T07:52:10.664+0000][1][gc,heap      ] GC(13) CMS: 46411K->46411K(353920K)
[2020-03-27T07:52:10.664+0000][1][gc,metaspace ] GC(13) Metaspace: 49167K->49167K(1095680K)
[2020-03-27T07:52:10.665+0000][1][gc           ] GC(13) Pause Young (Allocation Failure) 192M->56M(495M) 32.936ms
[2020-03-27T07:52:10.665+0000][1][gc,cpu       ] GC(13) User=0.04s Sys=0.00s Real=0.03s
[2020-03-27T07:52:10.665+0000][1][safepoint    ] Safepoint "GenCollectForAllocation", Time since last: 47811108 ns, Reaching safepoint: 27600 ns, At safepoint: 33567406 ns, Total: 33595006 ns
[2020-03-27T07:52:10.675+0000][1][safepoint    ] Safepoint "RevokeBias", Time since last: 7573501 ns, Reaching safepoint: 1593800 ns, At safepoint: 68700 ns, Total: 1662500 ns
[2020-03-27T07:52:10.675+0000][1][safepoint    ] Safepoint "RevokeBias", Time since last: 534000 ns, Reaching safepoint: 299500 ns, At safepoint: 26000 ns, Total: 325500 ns
[2020-03-27T07:52:10.680+0000][1][safepoint    ] Safepoint "RevokeBias", Time since last: 358400 ns, Reaching safepoint: 3816701 ns, At safepoint: 47300 ns, Total: 3864001 ns
[2020-03-27T07:52:10.680+0000][1][safepoint    ] Safepoint "RevokeBias", Time since last: 425700 ns, Reaching safepoint: 20100 ns, At safepoint: 20400 ns, Total: 40500 ns
[2020-03-27T07:52:10.681+0000][1][safepoint    ] Safepoint "RevokeBias", Time since last: 353000 ns, Reaching safepoint: 27000 ns, At safepoint: 105700 ns, Total: 132700 ns
[2020-03-27T07:52:10.681+0000][1][safepoint    ] Safepoint "RevokeBias", Time since last: 360300 ns, Reaching safepoint: 173000 ns, At safepoint: 19800 ns, Total: 192800 ns
[2020-03-27T07:52:10.682+0000][1][safepoint    ] Safepoint "RevokeBias", Time since last: 336400 ns, Reaching safepoint: 18300 ns, At safepoint: 77300 ns, Total: 95600 ns
[2020-03-27T07:52:10.682+0000][1][safepoint    ] Safepoint "RevokeBias", Time since last: 508500 ns, Reaching safepoint: 18300 ns, At safepoint: 16600 ns, Total: 34900 ns
[2020-03-27T07:52:10.684+0000][1][safepoint    ] Safepoint "RevokeBias", Time since last: 1669101 ns, Reaching safepoint: 25300 ns, At safepoint: 21500 ns, Total: 46800 ns
[2020-03-27T07:52:10.684+0000][1][safepoint    ] Safepoint "RevokeBias", Time since last: 360600 ns, Reaching safepoint: 17700 ns, At safepoint: 18700 ns, Total: 36400 ns
[2020-03-27T07:52:10.691+0000][1][safepoint    ] Safepoint "CollectForMetadataAllocation", Time since last: 6433101 ns, Reaching safepoint: 70000 ns, At safepoint: 114400 ns, Total: 184400 ns
[2020-03-27T07:52:10.695+0000][1][safepoint    ] Safepoint "RevokeBias", Time since last: 504400 ns, Reaching safepoint: 3321001 ns, At safepoint: 34300 ns, Total: 3355301 ns
[2020-03-27T07:52:10.695+0000][1][safepoint    ] Safepoint "RevokeBias", Time since last: 486300 ns, Reaching safepoint: 22500 ns, At safepoint: 23400 ns, Total: 45900 ns
[2020-03-27T07:52:10.696+0000][1][safepoint    ] Safepoint "RevokeBias", Time since last: 320900 ns, Reaching safepoint: 69400 ns, At safepoint: 43100 ns, Total: 112500 ns
[2020-03-27T07:52:10.696+0000][1][safepoint    ] Safepoint "BulkRevokeBias", Time since last: 369800 ns, Reaching safepoint: 88800 ns, At safepoint: 44500 ns, Total: 133300 ns
[2020-03-27T07:52:10.762+0000][1][safepoint    ] Safepoint "CollectForMetadataAllocation", Time since last: 63364611 ns, Reaching safepoint: 2033200 ns, At safepoint: 96800 ns, Total: 2130000 ns
[2020-03-27T07:52:10.870+0000][1][safepoint    ] Safepoint "CollectForMetadataAllocation", Time since last: 108221418 ns, Reaching safepoint: 285600 ns, At safepoint: 67300 ns, Total: 352900 ns
[2020-03-27T07:52:10.891+0000][1][safepoint    ] Safepoint "RevokeBias", Time since last: 17517903 ns, Reaching safepoint: 2723501 ns, At safepoint: 46100 ns, Total: 2769601 ns
[2020-03-27T07:52:10.894+0000][1][safepoint    ] Safepoint "RevokeBias", Time since last: 2016300 ns, Reaching safepoint: 1024100 ns, At safepoint: 33100 ns, Total: 1057200 ns
[2020-03-27T07:52:10.898+0000][1][safepoint    ] Safepoint "RevokeBias", Time since last: 2069901 ns, Reaching safepoint: 1874700 ns, At safepoint: 28800 ns, Total: 1903500 ns
[2020-03-27T07:52:10.900+0000][1][safepoint    ] Safepoint "RevokeBias", Time since last: 986400 ns, Reaching safepoint: 1008600 ns, At safepoint: 46500 ns, Total: 1055100 ns
[2020-03-27T07:52:10.942+0000][1][safepoint    ] Safepoint "CollectForMetadataAllocation", Time since last: 41911007 ns, Reaching safepoint: 39000 ns, At safepoint: 72400 ns, Total: 111400 ns
[2020-03-27T07:52:11.013+0000][1][safepoint    ] Safepoint "RevokeBias", Time since last: 70890612 ns, Reaching safepoint: 42500 ns, At safepoint: 51000 ns, Total: 93500 ns
[2020-03-27T07:52:11.014+0000][1][safepoint    ] Safepoint "RevokeBias", Time since last: 1466101 ns, Reaching safepoint: 20600 ns, At safepoint: 23300 ns, Total: 43900 ns
[2020-03-27T07:52:11.018+0000][1][safepoint    ] Safepoint "RevokeBias", Time since last: 3395400 ns, Reaching safepoint: 58900 ns, At safepoint: 33800 ns, Total: 92700 ns
[2020-03-27T07:52:11.026+0000][1][safepoint    ] Safepoint "RevokeBias", Time since last: 3936001 ns, Reaching safepoint: 3991701 ns, At safepoint: 47000 ns, Total: 4038701 ns
[2020-03-27T07:52:11.027+0000][1][safepoint    ] Safepoint "RevokeBias", Time since last: 1207100 ns, Reaching safepoint: 26000 ns, At safepoint: 34700 ns, Total: 60700 ns
[2020-03-27T07:52:11.033+0000][1][safepoint    ] Safepoint "RevokeBias", Time since last: 6049301 ns, Reaching safepoint: 37100 ns, At safepoint: 50800 ns, Total: 87900 ns
[2020-03-27T07:52:11.044+0000][1][safepoint    ] Safepoint "RevokeBias", Time since last: 8314501 ns, Reaching safepoint: 2228601 ns, At safepoint: 20700 ns, Total: 2249301 ns
[2020-03-27T07:52:11.047+0000][1][safepoint    ] Safepoint "RevokeBias", Time since last: 3146100 ns, Reaching safepoint: 32900 ns, At safepoint: 25700 ns, Total: 58600 ns
[2020-03-27T07:52:11.048+0000][1][safepoint    ] Safepoint "RevokeBias", Time since last: 454400 ns, Reaching safepoint: 737600 ns, At safepoint: 48400 ns, Total: 786000 ns
[2020-03-27T07:52:11.054+0000][1][safepoint    ] Safepoint "RevokeBias", Time since last: 360300 ns, Reaching safepoint: 5168301 ns, At safepoint: 56200 ns, Total: 5224501 ns
[2020-03-27T07:52:11.058+0000][1][safepoint    ] Safepoint "RevokeBias", Time since last: 2153201 ns, Reaching safepoint: 1821200 ns, At safepoint: 66800 ns, Total: 1888000 ns
[2020-03-27T07:52:11.062+0000][1][safepoint    ] Safepoint "RevokeBias", Time since last: 3895701 ns, Reaching safepoint: 74900 ns, At safepoint: 105000 ns, Total: 179900 ns
[2020-03-27T07:52:11.064+0000][1][safepoint    ] Safepoint "CollectForMetadataAllocation", Time since last: 1829900 ns, Reaching safepoint: 30500 ns, At safepoint: 95100 ns, Total: 125600 ns
[2020-03-27T07:52:11.068+0000][1][safepoint    ] Safepoint "RevokeBias", Time since last: 4058501 ns, Reaching safepoint: 32500 ns, At safepoint: 39200 ns, Total: 71700 ns
[2020-03-27T07:52:11.068+0000][1][safepoint    ] Safepoint "RevokeBias", Time since last: 362700 ns, Reaching safepoint: 17600 ns, At safepoint: 24000 ns, Total: 41600 ns
[2020-03-27T07:52:11.072+0000][1][safepoint    ] Safepoint "RevokeBias", Time since last: 517800 ns, Reaching safepoint: 2821000 ns, At safepoint: 19400 ns, Total: 2840400 ns
[2020-03-27T07:52:11.073+0000][1][safepoint    ] Safepoint "RevokeBias", Time since last: 442300 ns, Reaching safepoint: 537801 ns, At safepoint: 46100 ns, Total: 583901 ns
[2020-03-27T07:52:11.077+0000][1][safepoint    ] Safepoint "RevokeBias", Time since last: 894200 ns, Reaching safepoint: 3064800 ns, At safepoint: 27900 ns, Total: 3092700 ns
[2020-03-27T07:52:11.079+0000][1][safepoint    ] Safepoint "RevokeBias", Time since last: 528700 ns, Reaching safepoint: 1462401 ns, At safepoint: 27300 ns, Total: 1489701 ns
[2020-03-27T07:52:11.091+0000][1][safepoint    ] Safepoint "RevokeBias", Time since last: 9949801 ns, Reaching safepoint: 1940601 ns, At safepoint: 41100 ns, Total: 1981701 ns
[2020-03-27T07:52:11.092+0000][1][safepoint    ] Safepoint "RevokeBias", Time since last: 1319300 ns, Reaching safepoint: 20800 ns, At safepoint: 16900 ns, Total: 37700 ns
[2020-03-27T07:52:11.115+0000][1][safepoint    ] Safepoint "RevokeBias", Time since last: 20736703 ns, Reaching safepoint: 1931701 ns, At safepoint: 23500 ns, Total: 1955201 ns
[2020-03-27T07:52:11.115+0000][1][safepoint    ] Safepoint "RevokeBias", Time since last: 582100 ns, Reaching safepoint: 41300 ns, At safepoint: 40500 ns, Total: 81800 ns
[2020-03-27T07:52:11.117+0000][1][safepoint    ] Safepoint "RevokeBias", Time since last: 519800 ns, Reaching safepoint: 787600 ns, At safepoint: 27700 ns, Total: 815300 ns
[2020-03-27T07:52:11.120+0000][1][safepoint    ] Safepoint "RevokeBias", Time since last: 3131801 ns, Reaching safepoint: 31800 ns, At safepoint: 22100 ns, Total: 53900 ns
[2020-03-27T07:52:11.122+0000][1][safepoint    ] Safepoint "BulkRevokeBias", Time since last: 537100 ns, Reaching safepoint: 1253900 ns, At safepoint: 77900 ns, Total: 1331800 ns
[2020-03-27T07:52:11.124+0000][1][safepoint    ] Safepoint "RevokeBias", Time since last: 385000 ns, Reaching safepoint: 1535300 ns, At safepoint: 26700 ns, Total: 1562000 ns
[2020-03-27T07:52:11.124+0000][1][safepoint    ] Safepoint "RevokeBias", Time since last: 354700 ns, Reaching safepoint: 41300 ns, At safepoint: 53500 ns, Total: 94800 ns
[2020-03-27T07:52:11.125+0000][1][safepoint    ] Safepoint "RevokeBias", Time since last: 502600 ns, Reaching safepoint: 18900 ns, At safepoint: 25400 ns, Total: 44300 ns
[2020-03-27T07:52:11.128+0000][1][safepoint    ] Safepoint "RevokeBias", Time since last: 827201 ns, Reaching safepoint: 2150600 ns, At safepoint: 36500 ns, Total: 2187100 ns
[2020-03-27T07:52:11.133+0000][1][safepoint    ] Safepoint "RevokeBias", Time since last: 575000 ns, Reaching safepoint: 4397201 ns, At safepoint: 48900 ns, Total: 4446101 ns
[2020-03-27T07:52:11.134+0000][1][safepoint    ] Safepoint "RevokeBias", Time since last: 521000 ns, Reaching safepoint: 419000 ns, At safepoint: 18400 ns, Total: 437400 ns
[2020-03-27T07:52:11.135+0000][1][safepoint    ] Safepoint "RevokeBias", Time since last: 1652600 ns, Reaching safepoint: 23200 ns, At safepoint: 24200 ns, Total: 47400 ns
[2020-03-27T07:52:11.136+0000][1][safepoint    ] Safepoint "RevokeBias", Time since last: 345100 ns, Reaching safepoint: 15500 ns, At safepoint: 17500 ns, Total: 33000 ns
[2020-03-27T07:52:11.136+0000][1][safepoint    ] Safepoint "RevokeBias", Time since last: 344100 ns, Reaching safepoint: 13200 ns, At safepoint: 66700 ns, Total: 79900 ns
[2020-03-27T07:52:11.143+0000][1][safepoint    ] Safepoint "RevokeBias", Time since last: 378500 ns, Reaching safepoint: 6110901 ns, At safepoint: 41000 ns, Total: 6151901 ns
[2020-03-27T07:52:11.143+0000][1][safepoint    ] Safepoint "RevokeBias", Time since last: 565301 ns, Reaching safepoint: 124400 ns, At safepoint: 24700 ns, Total: 149100 ns
[2020-03-27T07:52:11.144+0000][1][safepoint    ] Safepoint "RevokeBias", Time since last: 363200 ns, Reaching safepoint: 47800 ns, At safepoint: 36100 ns, Total: 83900 ns
[2020-03-27T07:52:11.144+0000][1][safepoint    ] Safepoint "RevokeBias", Time since last: 343300 ns, Reaching safepoint: 14900 ns, At safepoint: 17100 ns, Total: 32000 ns
[2020-03-27T07:52:11.147+0000][1][safepoint    ] Safepoint "RevokeBias", Time since last: 361800 ns, Reaching safepoint: 2913500 ns, At safepoint: 21600 ns, Total: 2935100 ns
[2020-03-27T07:52:11.148+0000][1][safepoint    ] Safepoint "RevokeBias", Time since last: 388900 ns, Reaching safepoint: 106000 ns, At safepoint: 62300 ns, Total: 168300 ns
[2020-03-27T07:52:11.148+0000][1][safepoint    ] Safepoint "RevokeBias", Time since last: 361200 ns, Reaching safepoint: 17300 ns, At safepoint: 15900 ns, Total: 33200 ns
[2020-03-27T07:52:11.149+0000][1][safepoint    ] Safepoint "RevokeBias", Time since last: 293400 ns, Reaching safepoint: 15000 ns, At safepoint: 13500 ns, Total: 28500 ns
[2020-03-27T07:52:11.149+0000][1][safepoint    ] Safepoint "RevokeBias", Time since last: 383501 ns, Reaching safepoint: 14600 ns, At safepoint: 14500 ns, Total: 29100 ns
[2020-03-27T07:52:11.154+0000][1][safepoint    ] Safepoint "RevokeBias", Time since last: 254200 ns, Reaching safepoint: 4174600 ns, At safepoint: 31100 ns, Total: 4205700 ns
[2020-03-27T07:52:11.154+0000][1][safepoint    ] Safepoint "RevokeBias", Time since last: 542200 ns, Reaching safepoint: 94400 ns, At safepoint: 31100 ns, Total: 125500 ns
[2020-03-27T07:52:11.155+0000][1][safepoint    ] Safepoint "RevokeBias", Time since last: 345700 ns, Reaching safepoint: 16900 ns, At safepoint: 15400 ns, Total: 32300 ns
[2020-03-27T07:52:11.166+0000][1][safepoint    ] Safepoint "CollectForMetadataAllocation", Time since last: 7919102 ns, Reaching safepoint: 3021600 ns, At safepoint: 80600 ns, Total: 3102200 ns
[2020-03-27T07:52:11.168+0000][1][safepoint    ] Safepoint "RevokeBias", Time since last: 1334101 ns, Reaching safepoint: 569600 ns, At safepoint: 26200 ns, Total: 595800 ns
[2020-03-27T07:52:11.170+0000][1][safepoint    ] Safepoint "BulkRevokeBias", Time since last: 363700 ns, Reaching safepoint: 1612000 ns, At safepoint: 83400 ns, Total: 1695400 ns
[2020-03-27T07:52:11.172+0000][1][safepoint    ] Safepoint "RevokeBias", Time since last: 476000 ns, Reaching safepoint: 1436400 ns, At safepoint: 38900 ns, Total: 1475300 ns
[2020-03-27T07:52:11.174+0000][1][safepoint    ] Safepoint "RevokeBias", Time since last: 524100 ns, Reaching safepoint: 1705901 ns, At safepoint: 28100 ns, Total: 1734001 ns
[2020-03-27T07:52:11.174+0000][1][safepoint    ] Safepoint "RevokeBias", Time since last: 460500 ns, Reaching safepoint: 89900 ns, At safepoint: 31000 ns, Total: 120900 ns
[2020-03-27T07:52:11.175+0000][1][safepoint    ] Safepoint "RevokeBias", Time since last: 428500 ns, Reaching safepoint: 460600 ns, At safepoint: 22000 ns, Total: 482600 ns
[2020-03-27T07:52:11.176+0000][1][safepoint    ] Safepoint "RevokeBias", Time since last: 345900 ns, Reaching safepoint: 425500 ns, At safepoint: 39700 ns, Total: 465200 ns
[2020-03-27T07:52:11.180+0000][1][safepoint    ] Safepoint "RevokeBias", Time since last: 429900 ns, Reaching safepoint: 2977901 ns, At safepoint: 34900 ns, Total: 3012801 ns
[2020-03-27T07:52:11.180+0000][1][safepoint    ] Safepoint "RevokeBias", Time since last: 657800 ns, Reaching safepoint: 93100 ns, At safepoint: 17600 ns, Total: 110700 ns
[2020-03-27T07:52:11.181+0000][1][safepoint    ] Safepoint "RevokeBias", Time since last: 409300 ns, Reaching safepoint: 90900 ns, At safepoint: 20600 ns, Total: 111500 ns
[2020-03-27T07:52:11.181+0000][1][safepoint    ] Safepoint "RevokeBias", Time since last: 354000 ns, Reaching safepoint: 87600 ns, At safepoint: 20800 ns, Total: 108400 ns
[2020-03-27T07:52:11.185+0000][1][safepoint    ] Safepoint "RevokeBias", Time since last: 348400 ns, Reaching safepoint: 2854701 ns, At safepoint: 24800 ns, Total: 2879501 ns
[2020-03-27T07:52:11.185+0000][1][safepoint    ] Safepoint "RevokeBias", Time since last: 365600 ns, Reaching safepoint: 86300 ns, At safepoint: 16100 ns, Total: 102400 ns
[2020-03-27T07:52:11.186+0000][1][safepoint    ] Safepoint "RevokeBias", Time since last: 566100 ns, Reaching safepoint: 20900 ns, At safepoint: 20700 ns, Total: 41600 ns
[2020-03-27T07:52:11.190+0000][1][safepoint    ] Safepoint "RevokeBias", Time since last: 712800 ns, Reaching safepoint: 3179400 ns, At safepoint: 19700 ns, Total: 3199100 ns
[2020-03-27T07:52:11.190+0000][1][safepoint    ] Safepoint "RevokeBias", Time since last: 674201 ns, Reaching safepoint: 92100 ns, At safepoint: 25600 ns, Total: 117700 ns
[2020-03-27T07:52:11.191+0000][1][safepoint    ] Safepoint "RevokeBias", Time since last: 378600 ns, Reaching safepoint: 88100 ns, At safepoint: 23800 ns, Total: 111900 ns
[2020-03-27T07:52:11.192+0000][1][safepoint    ] Safepoint "RevokeBias", Time since last: 442800 ns, Reaching safepoint: 745900 ns, At safepoint: 10400 ns, Total: 756300 ns
[2020-03-27T07:52:11.193+0000][1][safepoint    ] Safepoint "RevokeBias", Time since last: 410700 ns, Reaching safepoint: 93700 ns, At safepoint: 31600 ns, Total: 125300 ns
[2020-03-27T07:52:11.194+0000][1][safepoint    ] Safepoint "Deoptimize", Time since last: 1289200 ns, Reaching safepoint: 24500 ns, At safepoint: 337800 ns, Total: 362300 ns
[2020-03-27T07:52:11.200+0000][1][safepoint    ] Safepoint "RevokeBias", Time since last: 3593101 ns, Reaching safepoint: 1737800 ns, At safepoint: 38400 ns, Total: 1776200 ns
[2020-03-27T07:52:11.202+0000][1][safepoint    ] Safepoint "RevokeBias", Time since last: 573700 ns, Reaching safepoint: 1383200 ns, At safepoint: 36200 ns, Total: 1419400 ns
[2020-03-27T07:52:11.209+0000][1][safepoint    ] Safepoint "CollectForMetadataAllocation", Time since last: 4960601 ns, Reaching safepoint: 2011301 ns, At safepoint: 77000 ns, Total: 2088301 ns
[2020-03-27T07:52:11.211+0000][1][safepoint    ] Safepoint "RevokeBias", Time since last: 1683200 ns, Reaching safepoint: 228100 ns, At safepoint: 27400 ns, Total: 255500 ns
[2020-03-27T07:52:11.213+0000][1][safepoint    ] Safepoint "RevokeBias", Time since last: 370700 ns, Reaching safepoint: 1608700 ns, At safepoint: 30600 ns, Total: 1639300 ns
[2020-03-27T07:52:11.215+0000][1][safepoint    ] Safepoint "RevokeBias", Time since last: 350200 ns, Reaching safepoint: 1610901 ns, At safepoint: 41700 ns, Total: 1652601 ns
[2020-03-27T07:52:11.217+0000][1][safepoint    ] Safepoint "RevokeBias", Time since last: 663200 ns, Reaching safepoint: 1292800 ns, At safepoint: 28800 ns, Total: 1321600 ns
[2020-03-27T07:52:11.219+0000][1][safepoint    ] Safepoint "RevokeBias", Time since last: 1960400 ns, Reaching safepoint: 29800 ns, At safepoint: 6700 ns, Total: 36500 ns
[2020-03-27T07:52:11.219+0000][1][safepoint    ] Safepoint "RevokeBias", Time since last: 604200 ns, Reaching safepoint: 16400 ns, At safepoint: 4300 ns, Total: 20700 ns
[2020-03-27T07:52:11.265+0000][1][safepoint    ] Safepoint "RevokeBias", Time since last: 45639608 ns, Reaching safepoint: 34800 ns, At safepoint: 5900 ns, Total: 40700 ns
[2020-03-27T07:52:11.275+0000][1][safepoint    ] Safepoint "CollectForMetadataAllocation", Time since last: 9922602 ns, Reaching safepoint: 29500 ns, At safepoint: 40500 ns, Total: 70000 ns
[2020-03-27T07:52:11.352+0000][1][safepoint    ] Safepoint "CollectForMetadataAllocation", Time since last: 77049713 ns, Reaching safepoint: 38100 ns, At safepoint: 71100 ns, Total: 109200 ns
[2020-03-27T07:52:11.421+0000][1][safepoint    ] Safepoint "CollectForMetadataAllocation", Time since last: 68527212 ns, Reaching safepoint: 52100 ns, At safepoint: 45900 ns, Total: 98000 ns
[2020-03-27T07:52:11.485+0000][1][safepoint    ] Safepoint "CollectForMetadataAllocation", Time since last: 62166910 ns, Reaching safepoint: 1751000 ns, At safepoint: 82400 ns, Total: 1833400 ns
[2020-03-27T07:52:11.529+0000][1][safepoint    ] Safepoint "CollectForMetadataAllocation", Time since last: 39275907 ns, Reaching safepoint: 4644101 ns, At safepoint: 86600 ns, Total: 4730701 ns
[2020-03-27T07:52:11.533+0000][1][safepoint    ] Safepoint "RevokeBias", Time since last: 4350401 ns, Reaching safepoint: 30400 ns, At safepoint: 17100 ns, Total: 47500 ns
[2020-03-27T07:52:11.592+0000][1][safepoint    ] Safepoint "CollectForMetadataAllocation", Time since last: 57234309 ns, Reaching safepoint: 1544601 ns, At safepoint: 66000 ns, Total: 1610601 ns
[2020-03-27T07:52:11.646+0000][1][safepoint    ] Safepoint "CollectForMetadataAllocation", Time since last: 54390409 ns, Reaching safepoint: 26300 ns, At safepoint: 85300 ns, Total: 111600 ns
[2020-03-27T07:52:11.646+0000][1][gc           ] GC(12) Concurrent Abortable Preclean 1841.496ms
[2020-03-27T07:52:11.649+0000][1][gc,cpu       ] GC(12) User=1.77s Sys=0.04s Real=1.85s
[2020-03-27T07:52:11.650+0000][1][gc,start     ] GC(12) Pause Remark
[2020-03-27T07:52:11.679+0000][1][gc           ] GC(12) Pause Remark 127M->127M(495M) 29.495ms
[2020-03-27T07:52:11.680+0000][1][gc,cpu       ] GC(12) User=0.02s Sys=0.00s Real=0.03s
[2020-03-27T07:52:11.680+0000][1][safepoint    ] Safepoint "CMS_Final_Remark", Time since last: 2757300 ns, Reaching safepoint: 525700 ns, At safepoint: 30565406 ns, Total: 31091106 ns
[2020-03-27T07:52:11.683+0000][1][gc           ] GC(12) Concurrent Sweep
[2020-03-27T07:52:11.710+0000][1][safepoint    ] Safepoint "CollectForMetadataAllocation", Time since last: 29018304 ns, Reaching safepoint: 1155001 ns, At safepoint: 9300 ns, Total: 1164301 ns
[2020-03-27T07:52:11.712+0000][1][gc           ] GC(12) Concurrent Sweep 29.612ms
[2020-03-27T07:52:11.713+0000][1][gc,cpu       ] GC(12) User=0.02s Sys=0.00s Real=0.03s
[2020-03-27T07:52:11.713+0000][1][safepoint    ] Safepoint "CollectForMetadataAllocation", Time since last: 1952900 ns, Reaching safepoint: 147300 ns, At safepoint: 143300 ns, Total: 290600 ns
[2020-03-27T07:52:11.716+0000][1][gc           ] GC(12) Concurrent Reset
[2020-03-27T07:52:11.717+0000][1][gc           ] GC(12) Concurrent Reset 1.585ms
[2020-03-27T07:52:11.719+0000][1][gc,cpu       ] GC(12) User=0.00s Sys=0.00s Real=0.00s
[2020-03-27T07:52:11.721+0000][1][gc,heap      ] GC(12) Old: 46411K->46210K(353920K)
[2020-03-27T07:52:11.856+0000][1][safepoint    ] Safepoint "RevokeBias", Time since last: 143120924 ns, Reaching safepoint: 41100 ns, At safepoint: 13000 ns, Total: 54100 ns
[2020-03-27T07:52:11.901+0000][1][safepoint    ] Safepoint "RevokeBias", Time since last: 44729108 ns, Reaching safepoint: 95800 ns, At safepoint: 9100 ns, Total: 104900 ns
[2020-03-27T07:52:11.923+0000][1][safepoint    ] Safepoint "RevokeBias", Time since last: 22113404 ns, Reaching safepoint: 351700 ns, At safepoint: 12700 ns, Total: 364400 ns
[2020-03-27T07:52:12.054+0000][1][safepoint    ] Safepoint "RevokeBias", Time since last: 130269022 ns, Reaching safepoint: 636300 ns, At safepoint: 14900 ns, Total: 651200 ns
[2020-03-27T07:52:12.071+0000][1][safepoint    ] Safepoint "RevokeBias", Time since last: 16960303 ns, Reaching safepoint: 21000 ns, At safepoint: 11100 ns, Total: 32100 ns
[2020-03-27T07:52:12.176+0000][1][safepoint    ] Safepoint "RevokeBias", Time since last: 104847818 ns, Reaching safepoint: 92400 ns, At safepoint: 11100 ns, Total: 103500 ns
[2020-03-27T07:52:12.269+0000][1][safepoint    ] Safepoint "RevokeBias", Time since last: 93084315 ns, Reaching safepoint: 94500 ns, At safepoint: 12400 ns, Total: 106900 ns
[2020-03-27T07:52:12.345+0000][1][safepoint    ] Safepoint "RevokeBias", Time since last: 76136713 ns, Reaching safepoint: 90400 ns, At safepoint: 10600 ns, Total: 101000 ns
[2020-03-27T07:52:12.540+0000][1][gc,start     ] GC(14) Pause Young (Allocation Failure)
[2020-03-27T07:52:12.541+0000][1][gc,task      ] GC(14) Using 2 workers of 2 for evacuation
[2020-03-27T07:52:12.568+0000][1][gc,age       ] GC(14) Desired survivor size 8716288 bytes, new threshold 2 (max threshold 6)
[2020-03-27T07:52:12.569+0000][1][gc,age       ] GC(14) Age table with threshold 2 (max threshold 6)
[2020-03-27T07:52:12.569+0000][1][gc,age       ] GC(14) - age   1:    2689112 bytes,    2689112 total
[2020-03-27T07:52:12.570+0000][1][gc,age       ] GC(14) - age   2:    7885944 bytes,   10575056 total
[2020-03-27T07:52:12.570+0000][1][gc,heap      ] GC(14) ParNew: 148059K->16138K(153344K)
[2020-03-27T07:52:12.570+0000][1][gc,heap      ] GC(14) CMS: 46210K->47779K(353920K)
[2020-03-27T07:52:12.570+0000][1][gc,metaspace ] GC(14) Metaspace: 60748K->60748K(1105920K)
[2020-03-27T07:52:12.571+0000][1][gc           ] GC(14) Pause Young (Allocation Failure) 189M->62M(495M) 30.480ms
[2020-03-27T07:52:12.571+0000][1][gc,cpu       ] GC(14) User=0.04s Sys=0.00s Real=0.03s
[2020-03-27T07:52:12.571+0000][1][safepoint    ] Safepoint "GenCollectForAllocation", Time since last: 193751733 ns, Reaching safepoint: 1079400 ns, At safepoint: 31097206 ns, Total: 32176606 ns
[2020-03-27T07:52:12.572+0000][1][safepoint    ] Safepoint "RevokeBias", Time since last: 773200 ns, Reaching safepoint: 45400 ns, At safepoint: 26500 ns, Total: 71900 ns
[2020-03-27T07:52:12.574+0000][1][safepoint    ] Safepoint "RevokeBias", Time since last: 391800 ns, Reaching safepoint: 993100 ns, At safepoint: 11200 ns, Total: 1004300 ns
[2020-03-27T07:52:12.576+0000][1][safepoint    ] Safepoint "BulkRevokeBias", Time since last: 339400 ns, Reaching safepoint: 2126100 ns, At safepoint: 86700 ns, Total: 2212800 ns
[2020-03-27T07:52:13.226+0000][1][safepoint    ] Safepoint "Deoptimize", Time since last: 649212510 ns, Reaching safepoint: 70100 ns, At safepoint: 286500 ns, Total: 356600 ns
[2020-03-27T07:52:14.209+0000][1][safepoint    ] Safepoint "RevokeBias", Time since last: 983363767 ns, Reaching safepoint: 61600 ns, At safepoint: 13400 ns, Total: 75000 ns
[2020-03-27T07:52:14.308+0000][1][safepoint    ] Safepoint "Deoptimize", Time since last: 98193317 ns, Reaching safepoint: 26600 ns, At safepoint: 286300 ns, Total: 312900 ns
[2020-03-27T07:52:14.397+0000][1][safepoint    ] Safepoint "RevokeBias", Time since last: 88772515 ns, Reaching safepoint: 873100 ns, At safepoint: 24400 ns, Total: 897500 ns
[2020-03-27T07:52:14.398+0000][1][safepoint    ] Safepoint "RevokeBias", Time since last: 847200 ns, Reaching safepoint: 37300 ns, At safepoint: 18800 ns, Total: 56100 ns
[2020-03-27T07:52:14.401+0000][1][safepoint    ] Safepoint "RevokeBias", Time since last: 2365401 ns, Reaching safepoint: 47300 ns, At safepoint: 16400 ns, Total: 63700 ns
[2020-03-27T07:52:14.402+0000][1][safepoint    ] Safepoint "RevokeBias", Time since last: 989500 ns, Reaching safepoint: 78100 ns, At safepoint: 15800 ns, Total: 93900 ns
[2020-03-27T07:52:14.402+0000][1][safepoint    ] Safepoint "RevokeBias", Time since last: 425700 ns, Reaching safepoint: 100900 ns, At safepoint: 15600 ns, Total: 116500 ns
[2020-03-27T07:52:14.403+0000][1][safepoint    ] Safepoint "RevokeBias", Time since last: 532100 ns, Reaching safepoint: 51400 ns, At safepoint: 12900 ns, Total: 64300 ns
[2020-03-27T07:52:14.404+0000][1][safepoint    ] Safepoint "RevokeBias", Time since last: 645200 ns, Reaching safepoint: 36400 ns, At safepoint: 12600 ns, Total: 49000 ns
[2020-03-27T07:52:14.404+0000][1][safepoint    ] Safepoint "RevokeBias", Time since last: 440200 ns, Reaching safepoint: 43400 ns, At safepoint: 17400 ns, Total: 60800 ns
[2020-03-27T07:52:14.405+0000][1][safepoint    ] Safepoint "RevokeBias", Time since last: 360200 ns, Reaching safepoint: 161100 ns, At safepoint: 53000 ns, Total: 214100 ns
[2020-03-27T07:52:14.406+0000][1][safepoint    ] Safepoint "BulkRevokeBias", Time since last: 757100 ns, Reaching safepoint: 39000 ns, At safepoint: 56900 ns, Total: 95900 ns
[2020-03-27T07:52:14.407+0000][1][safepoint    ] Safepoint "RevokeBias", Time since last: 1095901 ns, Reaching safepoint: 58300 ns, At safepoint: 14700 ns, Total: 73000 ns
[2020-03-27T07:52:14.407+0000][1][safepoint    ] Safepoint "RevokeBias", Time since last: 338200 ns, Reaching safepoint: 91500 ns, At safepoint: 12300 ns, Total: 103800 ns
[2020-03-27T07:52:14.412+0000][1][safepoint    ] Safepoint "Deoptimize", Time since last: 4454400 ns, Reaching safepoint: 73900 ns, At safepoint: 310300 ns, Total: 384200 ns
[2020-03-27T07:52:14.413+0000][1][safepoint    ] Safepoint "RevokeBias", Time since last: 818501 ns, Reaching safepoint: 10700 ns, At safepoint: 7600 ns, Total: 18300 ns
[2020-03-27T07:52:14.588+0000][1][safepoint    ] Safepoint "Deoptimize", Time since last: 174466529 ns, Reaching safepoint: 334800 ns, At safepoint: 295700 ns, Total: 630500 ns
[2020-03-27T07:52:15.156+0000][1][safepoint    ] Safepoint "RevokeBias", Time since last: 567614196 ns, Reaching safepoint: 156200 ns, At safepoint: 23000 ns, Total: 179200 ns
[2020-03-27T07:52:15.157+0000][1][safepoint    ] Safepoint "RevokeBias", Time since last: 1149301 ns, Reaching safepoint: 76500 ns, At safepoint: 26200 ns, Total: 102700 ns
[2020-03-27T07:52:15.160+0000][1][safepoint    ] Safepoint "RevokeBias", Time since last: 2590500 ns, Reaching safepoint: 147000 ns, At safepoint: 84900 ns, Total: 231900 ns
[2020-03-27T07:52:15.160+0000][1][safepoint    ] Safepoint "RevokeBias", Time since last: 538300 ns, Reaching safepoint: 80300 ns, At safepoint: 46700 ns, Total: 127000 ns
[2020-03-27T07:52:15.171+0000][1][safepoint    ] Safepoint "RevokeBias", Time since last: 10462402 ns, Reaching safepoint: 365300 ns, At safepoint: 16000 ns, Total: 381300 ns
[2020-03-27T07:52:15.173+0000][1][safepoint    ] Safepoint "RevokeBias", Time since last: 1613300 ns, Reaching safepoint: 16800 ns, At safepoint: 12900 ns, Total: 29700 ns
[2020-03-27T07:52:15.174+0000][1][safepoint    ] Safepoint "RevokeBias", Time since last: 659400 ns, Reaching safepoint: 82601 ns, At safepoint: 13100 ns, Total: 95701 ns
[2020-03-27T07:52:15.174+0000][1][safepoint    ] Safepoint "RevokeBias", Time since last: 518900 ns, Reaching safepoint: 12400 ns, At safepoint: 25500 ns, Total: 37900 ns
[2020-03-27T07:52:15.175+0000][1][safepoint    ] Safepoint "RevokeBias", Time since last: 556300 ns, Reaching safepoint: 9500 ns, At safepoint: 8000 ns, Total: 17500 ns
[2020-03-27T07:52:15.176+0000][1][safepoint    ] Safepoint "RevokeBias", Time since last: 698000 ns, Reaching safepoint: 10000 ns, At safepoint: 7500 ns, Total: 17500 ns
[2020-03-27T07:52:15.177+0000][1][safepoint    ] Safepoint "RevokeBias", Time since last: 1319000 ns, Reaching safepoint: 14600 ns, At safepoint: 11300 ns, Total: 25900 ns
[2020-03-27T07:52:15.178+0000][1][safepoint    ] Safepoint "RevokeBias", Time since last: 667100 ns, Reaching safepoint: 12200 ns, At safepoint: 10000 ns, Total: 22200 ns
[2020-03-27T07:52:15.179+0000][1][safepoint    ] Safepoint "RevokeBias", Time since last: 1907700 ns, Reaching safepoint: 15300 ns, At safepoint: 21300 ns, Total: 36600 ns
[2020-03-27T07:52:15.195+0000][1][safepoint    ] Safepoint "RevokeBias", Time since last: 15467103 ns, Reaching safepoint: 91900 ns, At safepoint: 15000 ns, Total: 106900 ns
[2020-03-27T07:52:15.197+0000][1][safepoint    ] Safepoint "RevokeBias", Time since last: 1843200 ns, Reaching safepoint: 88000 ns, At safepoint: 11500 ns, Total: 99500 ns
[2020-03-27T07:52:15.198+0000][1][safepoint    ] Safepoint "RevokeBias", Time since last: 578401 ns, Reaching safepoint: 94200 ns, At safepoint: 11500 ns, Total: 105700 ns
[2020-03-27T07:52:15.198+0000][1][safepoint    ] Safepoint "RevokeBias", Time since last: 417900 ns, Reaching safepoint: 91900 ns, At safepoint: 13800 ns, Total: 105700 ns
[2020-03-27T07:52:15.199+0000][1][safepoint    ] Safepoint "RevokeBias", Time since last: 362100 ns, Reaching safepoint: 87700 ns, At safepoint: 11700 ns, Total: 99400 ns
[2020-03-27T07:52:15.200+0000][1][safepoint    ] Safepoint "RevokeBias", Time since last: 572700 ns, Reaching safepoint: 461200 ns, At safepoint: 11200 ns, Total: 472400 ns
[2020-03-27T07:52:15.200+0000][1][safepoint    ] Safepoint "RevokeBias", Time since last: 588700 ns, Reaching safepoint: 86100 ns, At safepoint: 11600 ns, Total: 97700 ns
[2020-03-27T07:52:15.201+0000][1][safepoint    ] Safepoint "RevokeBias", Time since last: 345900 ns, Reaching safepoint: 87000 ns, At safepoint: 13400 ns, Total: 100400 ns
[2020-03-27T07:52:15.231+0000][1][safepoint    ] Safepoint "RevokeBias", Time since last: 29651005 ns, Reaching safepoint: 32900 ns, At safepoint: 13700 ns, Total: 46600 ns
[2020-03-27T07:52:15.239+0000][1][safepoint    ] Safepoint "RevokeBias", Time since last: 8226102 ns, Reaching safepoint: 21900 ns, At safepoint: 11700 ns, Total: 33600 ns
[2020-03-27T07:52:15.254+0000][1][safepoint    ] Safepoint "RevokeBias", Time since last: 15216202 ns, Reaching safepoint: 111200 ns, At safepoint: 9900 ns, Total: 121100 ns
[2020-03-27T07:52:15.256+0000][1][safepoint    ] Safepoint "RevokeBias", Time since last: 1643600 ns, Reaching safepoint: 131600 ns, At safepoint: 13100 ns, Total: 144700 ns
[2020-03-27T07:52:15.261+0000][1][safepoint    ] Safepoint "RevokeBias", Time since last: 5087201 ns, Reaching safepoint: 124000 ns, At safepoint: 33500 ns, Total: 157500 ns
[2020-03-27T07:52:15.267+0000][1][safepoint    ] Safepoint "RevokeBias", Time since last: 5793701 ns, Reaching safepoint: 236700 ns, At safepoint: 13600 ns, Total: 250300 ns
[2020-03-27T07:52:15.268+0000][1][safepoint    ] Safepoint "RevokeBias", Time since last: 598200 ns, Reaching safepoint: 51500 ns, At safepoint: 10600 ns, Total: 62100 ns
[2020-03-27T07:52:15.268+0000][1][safepoint    ] Safepoint "RevokeBias", Time since last: 349601 ns, Reaching safepoint: 10900 ns, At safepoint: 8200 ns, Total: 19100 ns
[2020-03-27T07:52:15.269+0000][1][safepoint    ] Safepoint "RevokeBias", Time since last: 422700 ns, Reaching safepoint: 13200 ns, At safepoint: 8600 ns, Total: 21800 ns
[2020-03-27T07:52:15.269+0000][1][safepoint    ] Safepoint "RevokeBias", Time since last: 401600 ns, Reaching safepoint: 11300 ns, At safepoint: 7200 ns, Total: 18500 ns
[2020-03-27T07:52:15.269+0000][1][safepoint    ] Safepoint "RevokeBias", Time since last: 337300 ns, Reaching safepoint: 11100 ns, At safepoint: 7500 ns, Total: 18600 ns
[2020-03-27T07:52:15.270+0000][1][safepoint    ] Safepoint "RevokeBias", Time since last: 357200 ns, Reaching safepoint: 11400 ns, At safepoint: 9900 ns, Total: 21300 ns
[2020-03-27T07:52:15.270+0000][1][safepoint    ] Safepoint "RevokeBias", Time since last: 283600 ns, Reaching safepoint: 10700 ns, At safepoint: 8400 ns, Total: 19100 ns
[2020-03-27T07:52:15.271+0000][1][safepoint    ] Safepoint "RevokeBias", Time since last: 389600 ns, Reaching safepoint: 25400 ns, At safepoint: 8300 ns, Total: 33700 ns
[2020-03-27T07:52:15.271+0000][1][safepoint    ] Safepoint "RevokeBias", Time since last: 295300 ns, Reaching safepoint: 35500 ns, At safepoint: 7300 ns, Total: 42800 ns
[2020-03-27T07:52:15.287+0000][1][safepoint    ] Safepoint "RevokeBias", Time since last: 15792803 ns, Reaching safepoint: 234100 ns, At safepoint: 60000 ns, Total: 294100 ns
[2020-03-27T07:52:15.306+0000][1][safepoint    ] Safepoint "RevokeBias", Time since last: 18608303 ns, Reaching safepoint: 177200 ns, At safepoint: 35500 ns, Total: 212700 ns
[2020-03-27T07:52:15.311+0000][1][safepoint    ] Safepoint "RevokeBias", Time since last: 3743701 ns, Reaching safepoint: 1270600 ns, At safepoint: 14800 ns, Total: 1285400 ns
[2020-03-27T07:52:15.313+0000][1][safepoint    ] Safepoint "RevokeBias", Time since last: 1551100 ns, Reaching safepoint: 283400 ns, At safepoint: 26800 ns, Total: 310200 ns
[2020-03-27T07:52:15.315+0000][1][gc,start     ] GC(15) Pause Young (Allocation Failure)
[2020-03-27T07:52:15.316+0000][1][gc,task      ] GC(15) Using 2 workers of 2 for evacuation
[2020-03-27T07:52:15.347+0000][1][gc,age       ] GC(15) Desired survivor size 8716288 bytes, new threshold 6 (max threshold 6)
[2020-03-27T07:52:15.347+0000][1][gc,age       ] GC(15) Age table with threshold 6 (max threshold 6)
[2020-03-27T07:52:15.348+0000][1][gc,age       ] GC(15) - age   1:    5588688 bytes,    5588688 total
[2020-03-27T07:52:15.348+0000][1][gc,age       ] GC(15) - age   2:    2411128 bytes,    7999816 total
[2020-03-27T07:52:15.348+0000][1][gc,heap      ] GC(15) ParNew: 152458K->14644K(153344K)
[2020-03-27T07:52:15.349+0000][1][gc,heap      ] GC(15) CMS: 47779K->55607K(353920K)
[2020-03-27T07:52:15.350+0000][1][gc,metaspace ] GC(15) Metaspace: 73781K->73781K(1116160K)
[2020-03-27T07:52:15.350+0000][1][gc           ] GC(15) Pause Young (Allocation Failure) 195M->68M(495M) 35.237ms
[2020-03-27T07:52:15.350+0000][1][gc,cpu       ] GC(15) User=0.05s Sys=0.00s Real=0.04s
[2020-03-27T07:52:15.351+0000][1][safepoint    ] Safepoint "GenCollectForAllocation", Time since last: 2049000 ns, Reaching safepoint: 140600 ns, At safepoint: 35926007 ns, Total: 36066607 ns
[2020-03-27T07:52:15.369+0000][1][safepoint    ] Safepoint "RevokeBias", Time since last: 18251603 ns, Reaching safepoint: 25300 ns, At safepoint: 14500 ns, Total: 39800 ns
[2020-03-27T07:52:15.374+0000][1][safepoint    ] Safepoint "RevokeBias", Time since last: 4526400 ns, Reaching safepoint: 25000 ns, At safepoint: 13400 ns, Total: 38400 ns
[2020-03-27T07:52:15.375+0000][1][safepoint    ] Safepoint "RevokeBias", Time since last: 1010101 ns, Reaching safepoint: 33800 ns, At safepoint: 13200 ns, Total: 47000 ns
[2020-03-27T07:52:15.375+0000][1][safepoint    ] Safepoint "RevokeBias", Time since last: 389700 ns, Reaching safepoint: 12600 ns, At safepoint: 120400 ns, Total: 133000 ns
[2020-03-27T07:52:15.376+0000][1][safepoint    ] Safepoint "RevokeBias", Time since last: 469300 ns, Reaching safepoint: 12000 ns, At safepoint: 9300 ns, Total: 21300 ns
[2020-03-27T07:52:15.376+0000][1][safepoint    ] Safepoint "RevokeBias", Time since last: 605400 ns, Reaching safepoint: 14000 ns, At safepoint: 11000 ns, Total: 25000 ns
[2020-03-27T07:52:15.377+0000][1][safepoint    ] Safepoint "RevokeBias", Time since last: 422200 ns, Reaching safepoint: 11700 ns, At safepoint: 9600 ns, Total: 21300 ns
[2020-03-27T07:52:15.377+0000][1][safepoint    ] Safepoint "RevokeBias", Time since last: 445300 ns, Reaching safepoint: 12200 ns, At safepoint: 9200 ns, Total: 21400 ns
[2020-03-27T07:52:15.398+0000][1][safepoint    ] Safepoint "RevokeBias", Time since last: 20602004 ns, Reaching safepoint: 26200 ns, At safepoint: 13100 ns, Total: 39300 ns
[2020-03-27T07:52:15.406+0000][1][safepoint    ] Safepoint "RevokeBias", Time since last: 7509101 ns, Reaching safepoint: 27300 ns, At safepoint: 19400 ns, Total: 46700 ns
[2020-03-27T07:52:15.416+0000][1][safepoint    ] Safepoint "RevokeBias", Time since last: 10625802 ns, Reaching safepoint: 35900 ns, At safepoint: 192900 ns, Total: 228800 ns
[2020-03-27T07:52:15.419+0000][1][safepoint    ] Safepoint "RevokeBias", Time since last: 736700 ns, Reaching safepoint: 1966300 ns, At safepoint: 13200 ns, Total: 1979500 ns
[2020-03-27T07:52:15.420+0000][1][safepoint    ] Safepoint "RevokeBias", Time since last: 537800 ns, Reaching safepoint: 123400 ns, At safepoint: 26500 ns, Total: 149900 ns
[2020-03-27T07:52:15.443+0000][1][safepoint    ] Safepoint "RevokeBias", Time since last: 18584303 ns, Reaching safepoint: 4177401 ns, At safepoint: 13700 ns, Total: 4191101 ns
[2020-03-27T07:52:15.516+0000][1][safepoint    ] Safepoint "RevokeBias", Time since last: 73167912 ns, Reaching safepoint: 122200 ns, At safepoint: 16800 ns, Total: 139000 ns
[2020-03-27T07:52:15.536+0000][1][safepoint    ] Safepoint "RevokeBias", Time since last: 20096604 ns, Reaching safepoint: 65500 ns, At safepoint: 15700 ns, Total: 81200 ns
[2020-03-27T07:52:15.584+0000][1][safepoint    ] Safepoint "RevokeBias", Time since last: 47443008 ns, Reaching safepoint: 35500 ns, At safepoint: 19000 ns, Total: 54500 ns
[2020-03-27T07:52:15.587+0000][1][safepoint    ] Safepoint "RevokeBias", Time since last: 3106500 ns, Reaching safepoint: 29900 ns, At safepoint: 19200 ns, Total: 49100 ns
[2020-03-27T07:52:15.587+0000][1][safepoint    ] Safepoint "RevokeBias", Time since last: 488501 ns, Reaching safepoint: 99500 ns, At safepoint: 15400 ns, Total: 114900 ns
[2020-03-27T07:52:15.590+0000][1][safepoint    ] Safepoint "RevokeBias", Time since last: 2755000 ns, Reaching safepoint: 120600 ns, At safepoint: 17800 ns, Total: 138400 ns
[2020-03-27T07:52:15.595+0000][1][safepoint    ] Safepoint "RevokeBias", Time since last: 4469901 ns, Reaching safepoint: 110300 ns, At safepoint: 15400 ns, Total: 125700 ns
[2020-03-27T07:52:15.605+0000][1][safepoint    ] Safepoint "RevokeBias", Time since last: 7561301 ns, Reaching safepoint: 2195501 ns, At safepoint: 14100 ns, Total: 2209601 ns
[2020-03-27T07:52:15.605+0000][1][safepoint    ] Safepoint "RevokeBias", Time since last: 611100 ns, Reaching safepoint: 97900 ns, At safepoint: 10500 ns, Total: 108400 ns
[2020-03-27T07:52:15.606+0000][1][safepoint    ] Safepoint "RevokeBias", Time since last: 352300 ns, Reaching safepoint: 88500 ns, At safepoint: 8800 ns, Total: 97300 ns
[2020-03-27T07:52:15.608+0000][1][safepoint    ] Safepoint "RevokeBias", Time since last: 2528100 ns, Reaching safepoint: 65300 ns, At safepoint: 12400 ns, Total: 77700 ns
[2020-03-27T07:52:15.609+0000][1][safepoint    ] Safepoint "RevokeBias", Time since last: 534500 ns, Reaching safepoint: 103600 ns, At safepoint: 10500 ns, Total: 114100 ns
[2020-03-27T07:52:15.610+0000][1][safepoint    ] Safepoint "RevokeBias", Time since last: 408900 ns, Reaching safepoint: 137900 ns, At safepoint: 10600 ns, Total: 148500 ns
[2020-03-27T07:52:15.631+0000][1][safepoint    ] Safepoint "RevokeBias", Time since last: 20692304 ns, Reaching safepoint: 810900 ns, At safepoint: 17200 ns, Total: 828100 ns
[2020-03-27T07:52:15.632+0000][1][safepoint    ] Safepoint "BulkRevokeBias", Time since last: 574900 ns, Reaching safepoint: 92100 ns, At safepoint: 263000 ns, Total: 355100 ns
[2020-03-27T07:52:15.642+0000][1][safepoint    ] Safepoint "RevokeBias", Time since last: 9593702 ns, Reaching safepoint: 109800 ns, At safepoint: 272400 ns, Total: 382200 ns
[2020-03-27T07:52:15.645+0000][1][safepoint    ] Safepoint "RevokeBias", Time since last: 3186100 ns, Reaching safepoint: 108100 ns, At safepoint: 59800 ns, Total: 167900 ns
[2020-03-27T07:52:15.663+0000][1][safepoint    ] Safepoint "RevokeBias", Time since last: 12072202 ns, Reaching safepoint: 5450101 ns, At safepoint: 38800 ns, Total: 5488901 ns
[2020-03-27T07:52:15.664+0000][1][safepoint    ] Safepoint "RevokeBias", Time since last: 608801 ns, Reaching safepoint: 52100 ns, At safepoint: 19100 ns, Total: 71200 ns
[2020-03-27T07:52:15.664+0000][1][safepoint    ] Safepoint "RevokeBias", Time since last: 343800 ns, Reaching safepoint: 53900 ns, At safepoint: 23000 ns, Total: 76900 ns
[2020-03-27T07:52:15.667+0000][1][safepoint    ] Safepoint "RevokeBias", Time since last: 2850600 ns, Reaching safepoint: 153300 ns, At safepoint: 61800 ns, Total: 215100 ns
[2020-03-27T07:52:15.704+0000][1][safepoint    ] Safepoint "RevokeBias", Time since last: 36474906 ns, Reaching safepoint: 162600 ns, At safepoint: 8200 ns, Total: 170800 ns
[2020-03-27T07:52:15.731+0000][1][safepoint    ] Safepoint "RevokeBias", Time since last: 26965605 ns, Reaching safepoint: 274200 ns, At safepoint: 9000 ns, Total: 283200 ns
[2020-03-27T07:52:15.735+0000][1][safepoint    ] Safepoint "RevokeBias", Time since last: 3591201 ns, Reaching safepoint: 173800 ns, At safepoint: 27900 ns, Total: 201700 ns
[2020-03-27T07:52:15.781+0000][1][safepoint    ] Safepoint "RevokeBias", Time since last: 46329507 ns, Reaching safepoint: 221900 ns, At safepoint: 193300 ns, Total: 415200 ns
[2020-03-27T07:52:15.789+0000][1][safepoint    ] Safepoint "RevokeBias", Time since last: 6438002 ns, Reaching safepoint: 506600 ns, At safepoint: 24000 ns, Total: 530600 ns
[2020-03-27T07:52:15.796+0000][1][safepoint    ] Safepoint "RevokeBias", Time since last: 7476601 ns, Reaching safepoint: 174300 ns, At safepoint: 9200 ns, Total: 183500 ns
[2020-03-27T07:52:15.809+0000][1][safepoint    ] Safepoint "RevokeBias", Time since last: 9652602 ns, Reaching safepoint: 2810200 ns, At safepoint: 20900 ns, Total: 2831100 ns
[2020-03-27T07:52:15.815+0000][1][safepoint    ] Safepoint "RevokeBias", Time since last: 6127301 ns, Reaching safepoint: 122600 ns, At safepoint: 22300 ns, Total: 144900 ns
[2020-03-27T07:52:15.833+0000][1][safepoint    ] Safepoint "RevokeBias", Time since last: 17632003 ns, Reaching safepoint: 309400 ns, At safepoint: 20100 ns, Total: 329500 ns
[2020-03-27T07:52:15.836+0000][1][safepoint    ] Safepoint "RevokeBias", Time since last: 2499201 ns, Reaching safepoint: 132800 ns, At safepoint: 21400 ns, Total: 154200 ns
[2020-03-27T07:52:15.861+0000][1][safepoint    ] Safepoint "RevokeBias", Time since last: 25467004 ns, Reaching safepoint: 91700 ns, At safepoint: 20600 ns, Total: 112300 ns
[2020-03-27T07:52:15.862+0000][1][safepoint    ] Safepoint "RevokeBias", Time since last: 569800 ns, Reaching safepoint: 72900 ns, At safepoint: 5200 ns, Total: 78100 ns
[2020-03-27T07:52:15.862+0000][1][safepoint    ] Safepoint "RevokeBias", Time since last: 467400 ns, Reaching safepoint: 92600 ns, At safepoint: 6300 ns, Total: 98900 ns
[2020-03-27T07:52:15.863+0000][1][safepoint    ] Safepoint "RevokeBias", Time since last: 199800 ns, Reaching safepoint: 143500 ns, At safepoint: 4700 ns, Total: 148200 ns
[2020-03-27T07:52:15.863+0000][1][safepoint    ] Safepoint "RevokeBias", Time since last: 562300 ns, Reaching safepoint: 74300 ns, At safepoint: 4200 ns, Total: 78500 ns
[2020-03-27T07:52:15.865+0000][1][safepoint    ] Safepoint "RevokeBias", Time since last: 1437701 ns, Reaching safepoint: 76600 ns, At safepoint: 6700 ns, Total: 83300 ns
[2020-03-27T07:52:15.865+0000][1][safepoint    ] Safepoint "RevokeBias", Time since last: 435800 ns, Reaching safepoint: 88800 ns, At safepoint: 4800 ns, Total: 93600 ns
[2020-03-27T07:52:15.875+0000][1][safepoint    ] Safepoint "RevokeBias", Time since last: 9421901 ns, Reaching safepoint: 404600 ns, At safepoint: 8300 ns, Total: 412900 ns
[2020-03-27T07:52:15.876+0000][1][safepoint    ] Safepoint "RevokeBias", Time since last: 490000 ns, Reaching safepoint: 727701 ns, At safepoint: 5500 ns, Total: 733201 ns
[2020-03-27T07:52:15.970+0000][1][safepoint    ] Safepoint "Deoptimize", Time since last: 91174415 ns, Reaching safepoint: 2016000 ns, At safepoint: 325100 ns, Total: 2341100 ns
[2020-03-27T07:52:16.057+0000][1][safepoint    ] Safepoint "RevokeBias", Time since last: 84836915 ns, Reaching safepoint: 2112100 ns, At safepoint: 7600 ns, Total: 2119700 ns
[2020-03-27T07:52:16.058+0000][1][safepoint    ] Safepoint "RevokeBias", Time since last: 715500 ns, Reaching safepoint: 83400 ns, At safepoint: 4400 ns, Total: 87800 ns
[2020-03-27T07:52:16.060+0000][1][safepoint    ] Safepoint "RevokeBias", Time since last: 2467701 ns, Reaching safepoint: 37000 ns, At safepoint: 4400 ns, Total: 41400 ns
[2020-03-27T07:52:16.063+0000][1][safepoint    ] Safepoint "RevokeBias", Time since last: 2386200 ns, Reaching safepoint: 24300 ns, At safepoint: 17300 ns, Total: 41600 ns
[2020-03-27T07:52:16.068+0000][1][safepoint    ] Safepoint "RevokeBias", Time since last: 5038101 ns, Reaching safepoint: 31400 ns, At safepoint: 5500 ns, Total: 36900 ns
[2020-03-27T07:52:16.068+0000][1][safepoint    ] Safepoint "RevokeBias", Time since last: 523300 ns, Reaching safepoint: 23900 ns, At safepoint: 3400 ns, Total: 27300 ns
[2020-03-27T07:52:16.069+0000][1][safepoint    ] Safepoint "RevokeBias", Time since last: 428800 ns, Reaching safepoint: 19300 ns, At safepoint: 3200 ns, Total: 22500 ns
[2020-03-27T07:52:16.071+0000][1][safepoint    ] Safepoint "RevokeBias", Time since last: 1906400 ns, Reaching safepoint: 21200 ns, At safepoint: 13600 ns, Total: 34800 ns
[2020-03-27T07:52:16.077+0000][1][safepoint    ] Safepoint "RevokeBias", Time since last: 6257202 ns, Reaching safepoint: 37500 ns, At safepoint: 5400 ns, Total: 42900 ns
[2020-03-27T07:52:16.080+0000][1][safepoint    ] Safepoint "RevokeBias", Time since last: 3124000 ns, Reaching safepoint: 32600 ns, At safepoint: 4900 ns, Total: 37500 ns
[2020-03-27T07:52:16.084+0000][1][safepoint    ] Safepoint "RevokeBias", Time since last: 4328801 ns, Reaching safepoint: 107400 ns, At safepoint: 6000 ns, Total: 113400 ns
[2020-03-27T07:52:16.085+0000][1][safepoint    ] Safepoint "RevokeBias", Time since last: 450400 ns, Reaching safepoint: 94600 ns, At safepoint: 2400 ns, Total: 97000 ns
[2020-03-27T07:52:16.086+0000][1][safepoint    ] Safepoint "RevokeBias", Time since last: 817400 ns, Reaching safepoint: 90100 ns, At safepoint: 6400 ns, Total: 96500 ns
[2020-03-27T07:52:16.098+0000][1][safepoint    ] Safepoint "RevokeBias", Time since last: 9770002 ns, Reaching safepoint: 2646300 ns, At safepoint: 11800 ns, Total: 2658100 ns
[2020-03-27T07:52:16.104+0000][1][safepoint    ] Safepoint "RevokeBias", Time since last: 4585001 ns, Reaching safepoint: 593400 ns, At safepoint: 6400 ns, Total: 599800 ns
[2020-03-27T07:52:16.104+0000][1][safepoint    ] Safepoint "RevokeBias", Time since last: 415100 ns, Reaching safepoint: 173400 ns, At safepoint: 2600 ns, Total: 176000 ns
[2020-03-27T07:52:16.105+0000][1][safepoint    ] Safepoint "RevokeBias", Time since last: 381800 ns, Reaching safepoint: 175600 ns, At safepoint: 2400 ns, Total: 178000 ns
[2020-03-27T07:52:16.105+0000][1][safepoint    ] Safepoint "RevokeBias", Time since last: 383600 ns, Reaching safepoint: 87000 ns, At safepoint: 2400 ns, Total: 89400 ns
[2020-03-27T07:52:16.106+0000][1][safepoint    ] Safepoint "RevokeBias", Time since last: 480800 ns, Reaching safepoint: 89000 ns, At safepoint: 6000 ns, Total: 95000 ns
[2020-03-27T07:52:16.106+0000][1][safepoint    ] Safepoint "RevokeBias", Time since last: 374001 ns, Reaching safepoint: 143400 ns, At safepoint: 3900 ns, Total: 147300 ns
[2020-03-27T07:52:16.107+0000][1][safepoint    ] Safepoint "RevokeBias", Time since last: 409700 ns, Reaching safepoint: 113700 ns, At safepoint: 2300 ns, Total: 116000 ns
[2020-03-27T07:52:16.107+0000][1][safepoint    ] Safepoint "RevokeBias", Time since last: 413700 ns, Reaching safepoint: 117400 ns, At safepoint: 2400 ns, Total: 119800 ns
[2020-03-27T07:52:16.129+0000][1][safepoint    ] Safepoint "RevokeBias", Time since last: 19450603 ns, Reaching safepoint: 1905500 ns, At safepoint: 6500 ns, Total: 1912000 ns
[2020-03-27T07:52:16.130+0000][1][safepoint    ] Safepoint "RevokeBias", Time since last: 1008701 ns, Reaching safepoint: 52500 ns, At safepoint: 3100 ns, Total: 55600 ns
[2020-03-27T07:52:16.144+0000][1][safepoint    ] Safepoint "RevokeBias", Time since last: 12322902 ns, Reaching safepoint: 1477600 ns, At safepoint: 7200 ns, Total: 1484800 ns
[2020-03-27T07:52:16.144+0000][1][safepoint    ] Safepoint "RevokeBias", Time since last: 649500 ns, Reaching safepoint: 108400 ns, At safepoint: 2600 ns, Total: 111000 ns
[2020-03-27T07:52:16.145+0000][1][safepoint    ] Safepoint "RevokeBias", Time since last: 393600 ns, Reaching safepoint: 102400 ns, At safepoint: 2800 ns, Total: 105200 ns
[2020-03-27T07:52:16.147+0000][1][safepoint    ] Safepoint "RevokeBias", Time since last: 1882000 ns, Reaching safepoint: 92900 ns, At safepoint: 6600 ns, Total: 99500 ns
[2020-03-27T07:52:16.152+0000][1][safepoint    ] Safepoint "RevokeBias", Time since last: 4692701 ns, Reaching safepoint: 93000 ns, At safepoint: 8100 ns, Total: 101100 ns
[2020-03-27T07:52:16.155+0000][1][safepoint    ] Safepoint "RevokeBias", Time since last: 3736801 ns, Reaching safepoint: 109800 ns, At safepoint: 9000 ns, Total: 118800 ns
[2020-03-27T07:52:16.200+0000][1][safepoint    ] Safepoint "RevokeBias", Time since last: 43800907 ns, Reaching safepoint: 266500 ns, At safepoint: 5900 ns, Total: 272400 ns
[2020-03-27T07:52:16.315+0000][1][safepoint    ] Safepoint "RevokeBias", Time since last: 115124420 ns, Reaching safepoint: 112500 ns, At safepoint: 9800 ns, Total: 122300 ns
[2020-03-27T07:52:16.441+0000][1][safepoint    ] Safepoint "RevokeBias", Time since last: 126450721 ns, Reaching safepoint: 34400 ns, At safepoint: 4500 ns, Total: 38900 ns
[2020-03-27T07:52:16.442+0000][1][safepoint    ] Safepoint "RevokeBias", Time since last: 278400 ns, Reaching safepoint: 37900 ns, At safepoint: 3900 ns, Total: 41800 ns
[2020-03-27T07:52:16.494+0000][1][safepoint    ] Safepoint "RevokeBias", Time since last: 52063022 ns, Reaching safepoint: 37101 ns, At safepoint: 4300 ns, Total: 41401 ns
[2020-03-27T07:52:16.496+0000][1][safepoint    ] Safepoint "BulkRevokeBias", Time since last: 1631601 ns, Reaching safepoint: 39700 ns, At safepoint: 177101 ns, Total: 216801 ns
[2020-03-27T07:52:16.496+0000][1][safepoint    ] Safepoint "RevokeBias", Time since last: 398200 ns, Reaching safepoint: 42400 ns, At safepoint: 5200 ns, Total: 47600 ns
[2020-03-27T07:52:16.525+0000][1][safepoint    ] Safepoint "RevokeBias", Time since last: 29083132 ns, Reaching safepoint: 33800 ns, At safepoint: 4700 ns, Total: 38500 ns
[2020-03-27T07:52:16.526+0000][1][safepoint    ] Safepoint "RevokeBias", Time since last: 1115701 ns, Reaching safepoint: 43800 ns, At safepoint: 4700 ns, Total: 48500 ns
[2020-03-27T07:52:16.551+0000][1][safepoint    ] Safepoint "RevokeBias", Time since last: 24299726 ns, Reaching safepoint: 106900 ns, At safepoint: 6400 ns, Total: 113300 ns
[2020-03-27T07:52:16.578+0000][1][safepoint    ] Safepoint "BulkRevokeBias", Time since last: 26674129 ns, Reaching safepoint: 109201 ns, At safepoint: 414000 ns, Total: 523201 ns
[2020-03-27T07:52:16.692+0000][1][safepoint    ] Safepoint "RevokeBias", Time since last: 114482424 ns, Reaching safepoint: 34700 ns, At safepoint: 4600 ns, Total: 39300 ns
[2020-03-27T07:52:16.693+0000][1][safepoint    ] Safepoint "RevokeBias", Time since last: 970801 ns, Reaching safepoint: 29300 ns, At safepoint: 3701 ns, Total: 33001 ns
[2020-03-27T07:52:16.827+0000][1][safepoint    ] Safepoint "RevokeBias", Time since last: 132975844 ns, Reaching safepoint: 167500 ns, At safepoint: 46100 ns, Total: 213600 ns
[2020-03-27T07:52:16.888+0000][1][safepoint    ] Safepoint "RevokeBias", Time since last: 61141067 ns, Reaching safepoint: 33800 ns, At safepoint: 10300 ns, Total: 44100 ns
[2020-03-27T07:52:16.889+0000][1][safepoint    ] Safepoint "RevokeBias", Time since last: 1371901 ns, Reaching safepoint: 32700 ns, At safepoint: 106200 ns, Total: 138900 ns
[2020-03-27T07:52:16.890+0000][1][safepoint    ] Safepoint "RevokeBias", Time since last: 255701 ns, Reaching safepoint: 173500 ns, At safepoint: 32600 ns, Total: 206100 ns
[2020-03-27T07:52:16.918+0000][1][safepoint    ] Safepoint "RevokeBias", Time since last: 28386331 ns, Reaching safepoint: 198700 ns, At safepoint: 11000 ns, Total: 209700 ns
[2020-03-27T07:52:16.945+0000][1][safepoint    ] Safepoint "RevokeBias", Time since last: 26324528 ns, Reaching safepoint: 270501 ns, At safepoint: 45200 ns, Total: 315701 ns
[2020-03-27T07:52:16.947+0000][1][safepoint    ] Safepoint "RevokeBias", Time since last: 1639602 ns, Reaching safepoint: 478700 ns, At safepoint: 52400 ns, Total: 531100 ns
[2020-03-27T07:52:16.955+0000][1][safepoint    ] Safepoint "RevokeBias", Time since last: 7280608 ns, Reaching safepoint: 36300 ns, At safepoint: 81600 ns, Total: 117900 ns
[2020-03-27T07:52:16.955+0000][1][safepoint    ] Safepoint "RevokeBias", Time since last: 491601 ns, Reaching safepoint: 37900 ns, At safepoint: 106000 ns, Total: 143900 ns
[2020-03-27T07:52:16.966+0000][1][safepoint    ] Safepoint "RevokeBias", Time since last: 10354911 ns, Reaching safepoint: 388901 ns, At safepoint: 30000 ns, Total: 418901 ns
[2020-03-27T07:52:16.982+0000][1][safepoint    ] Safepoint "RevokeBias", Time since last: 15268916 ns, Reaching safepoint: 812901 ns, At safepoint: 52300 ns, Total: 865201 ns
[2020-03-27T07:52:16.983+0000][1][safepoint    ] Safepoint "RevokeBias", Time since last: 304000 ns, Reaching safepoint: 129401 ns, At safepoint: 97300 ns, Total: 226701 ns
[2020-03-27T07:52:17.089+0000][1][safepoint    ] Safepoint "RevokeBias", Time since last: 106334915 ns, Reaching safepoint: 122000 ns, At safepoint: 13400 ns, Total: 135400 ns
[2020-03-27T07:52:17.090+0000][1][safepoint    ] Safepoint "RevokeBias", Time since last: 1016801 ns, Reaching safepoint: 117201 ns, At safepoint: 18400 ns, Total: 135601 ns
[2020-03-27T07:52:17.122+0000][1][gc,start     ] GC(16) Pause Young (Allocation Failure)
[2020-03-27T07:52:17.122+0000][1][gc,task      ] GC(16) Using 2 workers of 2 for evacuation
[2020-03-27T07:52:17.148+0000][1][gc,age       ] GC(16) Desired survivor size 8716288 bytes, new threshold 2 (max threshold 6)
[2020-03-27T07:52:17.149+0000][1][gc,age       ] GC(16) Age table with threshold 2 (max threshold 6)
[2020-03-27T07:52:17.149+0000][1][gc,age       ] GC(16) - age   1:    8088288 bytes,    8088288 total
[2020-03-27T07:52:17.150+0000][1][gc,age       ] GC(16) - age   2:    5298304 bytes,   13386592 total
[2020-03-27T07:52:17.150+0000][1][gc,age       ] GC(16) - age   3:    2393256 bytes,   15779848 total
[2020-03-27T07:52:17.151+0000][1][gc,heap      ] GC(16) ParNew: 150964K->17024K(153344K)
[2020-03-27T07:52:17.151+0000][1][gc,heap      ] GC(16) CMS: 55607K->55607K(353920K)
[2020-03-27T07:52:17.151+0000][1][gc,metaspace ] GC(16) Metaspace: 80101K->80101K(1122304K)
[2020-03-27T07:52:17.151+0000][1][gc           ] GC(16) Pause Young (Allocation Failure) 201M->70M(495M) 29.646ms
[2020-03-27T07:52:17.152+0000][1][gc,cpu       ] GC(16) User=0.03s Sys=0.00s Real=0.03s
[2020-03-27T07:52:17.152+0000][1][safepoint    ] Safepoint "GenCollectForAllocation", Time since last: 31343834 ns, Reaching safepoint: 172100 ns, At safepoint: 30665833 ns, Total: 30837933 ns
[2020-03-27T07:52:17.157+0000][1][safepoint    ] Safepoint "Deoptimize", Time since last: 3855004 ns, Reaching safepoint: 175301 ns, At safepoint: 406900 ns, Total: 582201 ns
[2020-03-27T07:52:17.164+0000][1][safepoint    ] Safepoint "RevokeBias", Time since last: 6218707 ns, Reaching safepoint: 1145901 ns, At safepoint: 11900 ns, Total: 1157801 ns
[2020-03-27T07:52:17.165+0000][1][safepoint    ] Safepoint "RevokeBias", Time since last: 372900 ns, Reaching safepoint: 201601 ns, At safepoint: 30700 ns, Total: 232301 ns
[2020-03-27T07:52:17.231+0000][1][safepoint    ] Safepoint "RevokeBias", Time since last: 63963469 ns, Reaching safepoint: 1743402 ns, At safepoint: 21700 ns, Total: 1765102 ns
[2020-03-27T07:52:17.245+0000][1][safepoint    ] Safepoint "RevokeBias", Time since last: 13947415 ns, Reaching safepoint: 218200 ns, At safepoint: 12600 ns, Total: 230800 ns
[2020-03-27T07:52:17.250+0000][1][safepoint    ] Safepoint "RevokeBias", Time since last: 4918006 ns, Reaching safepoint: 298800 ns, At safepoint: 11100 ns, Total: 309900 ns
[2020-03-27T07:52:17.259+0000][1][safepoint    ] Safepoint "RevokeBias", Time since last: 6308507 ns, Reaching safepoint: 2234402 ns, At safepoint: 11300 ns, Total: 2245702 ns
[2020-03-27T07:52:17.261+0000][1][safepoint    ] Safepoint "RevokeBias", Time since last: 1430202 ns, Reaching safepoint: 556601 ns, At safepoint: 10700 ns, Total: 567301 ns
[2020-03-27T07:52:17.280+0000][1][safepoint    ] Safepoint "RevokeBias", Time since last: 17874319 ns, Reaching safepoint: 1126201 ns, At safepoint: 15300 ns, Total: 1141501 ns
[2020-03-27T07:52:17.282+0000][1][safepoint    ] Safepoint "RevokeBias", Time since last: 1841502 ns, Reaching safepoint: 343101 ns, At safepoint: 13800 ns, Total: 356901 ns
[2020-03-27T07:52:17.298+0000][1][safepoint    ] Safepoint "RevokeBias", Time since last: 15745317 ns, Reaching safepoint: 113600 ns, At safepoint: 15300 ns, Total: 128900 ns
[2020-03-27T07:52:17.368+0000][1][safepoint    ] Safepoint "RevokeBias", Time since last: 69939676 ns, Reaching safepoint: 686601 ns, At safepoint: 23300 ns, Total: 709901 ns
[2020-03-27T07:52:17.500+0000][1][safepoint    ] Safepoint "RevokeBias", Time since last: 131482342 ns, Reaching safepoint: 255901 ns, At safepoint: 12800 ns, Total: 268701 ns
[2020-03-27T07:52:17.523+0000][1][safepoint    ] Safepoint "RevokeBias", Time since last: 22973925 ns, Reaching safepoint: 42000 ns, At safepoint: 9200 ns, Total: 51200 ns
[2020-03-27T07:52:17.525+0000][1][safepoint    ] Safepoint "RevokeBias", Time since last: 1452001 ns, Reaching safepoint: 29200 ns, At safepoint: 8800 ns, Total: 38000 ns
[2020-03-27T07:52:17.611+0000][1][safepoint    ] Safepoint "RevokeBias", Time since last: 86585394 ns, Reaching safepoint: 252301 ns, At safepoint: 14800 ns, Total: 267101 ns
[2020-03-27T07:52:17.616+0000][1][safepoint    ] Safepoint "RevokeBias", Time since last: 4184504 ns, Reaching safepoint: 248501 ns, At safepoint: 12100 ns, Total: 260601 ns
[2020-03-27T07:52:17.617+0000][1][safepoint    ] Safepoint "RevokeBias", Time since last: 405300 ns, Reaching safepoint: 242200 ns, At safepoint: 9600 ns, Total: 251800 ns
[2020-03-27T07:52:17.617+0000][1][safepoint    ] Safepoint "RevokeBias", Time since last: 187601 ns, Reaching safepoint: 88700 ns, At safepoint: 7700 ns, Total: 96400 ns
[2020-03-27T07:52:17.617+0000][1][safepoint    ] Safepoint "RevokeBias", Time since last: 383200 ns, Reaching safepoint: 282200 ns, At safepoint: 13800 ns, Total: 296000 ns
[2020-03-27T07:52:17.618+0000][1][safepoint    ] Safepoint "RevokeBias", Time since last: 322001 ns, Reaching safepoint: 151500 ns, At safepoint: 14700 ns, Total: 166200 ns
[2020-03-27T07:52:17.619+0000][1][safepoint    ] Safepoint "RevokeBias", Time since last: 312300 ns, Reaching safepoint: 601101 ns, At safepoint: 12600 ns, Total: 613701 ns
[2020-03-27T07:52:17.620+0000][1][safepoint    ] Safepoint "RevokeBias", Time since last: 470400 ns, Reaching safepoint: 604201 ns, At safepoint: 11400 ns, Total: 615601 ns
[2020-03-27T07:52:17.620+0000][1][safepoint    ] Safepoint "RevokeBias", Time since last: 299400 ns, Reaching safepoint: 94901 ns, At safepoint: 9200 ns, Total: 104101 ns
[2020-03-27T07:52:17.621+0000][1][safepoint    ] Safepoint "RevokeBias", Time since last: 285500 ns, Reaching safepoint: 174600 ns, At safepoint: 13700 ns, Total: 188300 ns
[2020-03-27T07:52:17.621+0000][1][safepoint    ] Safepoint "RevokeBias", Time since last: 218100 ns, Reaching safepoint: 183800 ns, At safepoint: 9500 ns, Total: 193300 ns
[2020-03-27T07:52:17.622+0000][1][safepoint    ] Safepoint "RevokeBias", Time since last: 195701 ns, Reaching safepoint: 72800 ns, At safepoint: 23900 ns, Total: 96700 ns
[2020-03-27T07:52:17.622+0000][1][safepoint    ] Safepoint "RevokeBias", Time since last: 434900 ns, Reaching safepoint: 96400 ns, At safepoint: 7300 ns, Total: 103700 ns
[2020-03-27T07:52:17.657+0000][1][safepoint    ] Safepoint "RevokeBias", Time since last: 35200339 ns, Reaching safepoint: 108700 ns, At safepoint: 13900 ns, Total: 122600 ns
[2020-03-27T07:52:17.662+0000][1][safepoint    ] Safepoint "RevokeBias", Time since last: 4261604 ns, Reaching safepoint: 89800 ns, At safepoint: 15301 ns, Total: 105101 ns
[2020-03-27T07:52:17.662+0000][1][safepoint    ] Safepoint "RevokeBias", Time since last: 211400 ns, Reaching safepoint: 89600 ns, At safepoint: 11000 ns, Total: 100600 ns
[2020-03-27T07:52:17.676+0000][1][safepoint    ] Safepoint "RevokeBias", Time since last: 13490114 ns, Reaching safepoint: 110201 ns, At safepoint: 18100 ns, Total: 128301 ns
[2020-03-27T07:52:17.676+0000][1][safepoint    ] Safepoint "RevokeBias", Time since last: 283400 ns, Reaching safepoint: 113300 ns, At safepoint: 25300 ns, Total: 138600 ns
[2020-03-27T07:52:17.693+0000][1][safepoint    ] Safepoint "RevokeBias", Time since last: 16786018 ns, Reaching safepoint: 84200 ns, At safepoint: 186001 ns, Total: 270201 ns
[2020-03-27T07:52:17.694+0000][1][safepoint    ] Safepoint "RevokeBias", Time since last: 248800 ns, Reaching safepoint: 97100 ns, At safepoint: 9800 ns, Total: 106900 ns
[2020-03-27T07:52:17.711+0000][1][safepoint    ] Safepoint "RevokeBias", Time since last: 17492819 ns, Reaching safepoint: 243900 ns, At safepoint: 28200 ns, Total: 272100 ns
[2020-03-27T07:52:17.712+0000][1][safepoint    ] Safepoint "RevokeBias", Time since last: 375201 ns, Reaching safepoint: 99500 ns, At safepoint: 9300 ns, Total: 108800 ns
[2020-03-27T07:52:17.712+0000][1][safepoint    ] Safepoint "RevokeBias", Time since last: 211100 ns, Reaching safepoint: 123900 ns, At safepoint: 9000 ns, Total: 132900 ns
[2020-03-27T07:52:17.712+0000][1][safepoint    ] Safepoint "RevokeBias", Time since last: 222200 ns, Reaching safepoint: 105501 ns, At safepoint: 12300 ns, Total: 117801 ns
[2020-03-27T07:52:17.713+0000][1][safepoint    ] Safepoint "RevokeBias", Time since last: 251000 ns, Reaching safepoint: 60500 ns, At safepoint: 11500 ns, Total: 72000 ns
[2020-03-27T07:52:17.713+0000][1][safepoint    ] Safepoint "RevokeBias", Time since last: 406000 ns, Reaching safepoint: 82400 ns, At safepoint: 11000 ns, Total: 93400 ns
[2020-03-27T07:52:17.736+0000][1][safepoint    ] Safepoint "RevokeBias", Time since last: 22174125 ns, Reaching safepoint: 81500 ns, At safepoint: 11100 ns, Total: 92600 ns
[2020-03-27T07:52:17.739+0000][1][safepoint    ] Safepoint "RevokeBias", Time since last: 2972703 ns, Reaching safepoint: 86000 ns, At safepoint: 12600 ns, Total: 98600 ns
[2020-03-27T07:52:17.739+0000][1][safepoint    ] Safepoint "RevokeBias", Time since last: 559501 ns, Reaching safepoint: 26400 ns, At safepoint: 11800 ns, Total: 38200 ns
[2020-03-27T07:52:17.740+0000][1][safepoint    ] Safepoint "RevokeBias", Time since last: 379800 ns, Reaching safepoint: 20100 ns, At safepoint: 48800 ns, Total: 68900 ns
[2020-03-27T07:52:17.740+0000][1][safepoint    ] Safepoint "RevokeBias", Time since last: 254500 ns, Reaching safepoint: 19000 ns, At safepoint: 9000 ns, Total: 28000 ns
[2020-03-27T07:52:17.772+0000][1][safepoint    ] Safepoint "RevokeBias", Time since last: 31556135 ns, Reaching safepoint: 85100 ns, At safepoint: 16400 ns, Total: 101500 ns
[2020-03-27T07:52:17.772+0000][1][safepoint    ] Safepoint "RevokeBias", Time since last: 432300 ns, Reaching safepoint: 25500 ns, At safepoint: 134800 ns, Total: 160300 ns
[2020-03-27T07:52:17.773+0000][1][safepoint    ] Safepoint "RevokeBias", Time since last: 253001 ns, Reaching safepoint: 174400 ns, At safepoint: 103500 ns, Total: 277900 ns
[2020-03-27T07:52:17.773+0000][1][safepoint    ] Safepoint "RevokeBias", Time since last: 337300 ns, Reaching safepoint: 65700 ns, At safepoint: 75301 ns, Total: 141001 ns
[2020-03-27T07:52:17.774+0000][1][safepoint    ] Safepoint "RevokeBias", Time since last: 428100 ns, Reaching safepoint: 20800 ns, At safepoint: 45100 ns, Total: 65900 ns
[2020-03-27T07:52:17.775+0000][1][safepoint    ] Safepoint "RevokeBias", Time since last: 1228601 ns, Reaching safepoint: 74601 ns, At safepoint: 35800 ns, Total: 110401 ns
[2020-03-27T07:52:17.878+0000][1][safepoint    ] Safepoint "RevokeBias", Time since last: 103071812 ns, Reaching safepoint: 93900 ns, At safepoint: 19500 ns, Total: 113400 ns
[2020-03-27T07:52:18.058+0000][1][safepoint    ] Safepoint "RevokeBias", Time since last: 179212994 ns, Reaching safepoint: 362601 ns, At safepoint: 14500 ns, Total: 377101 ns
[2020-03-27T07:52:18.096+0000][1][safepoint    ] Safepoint "RevokeBias", Time since last: 38153241 ns, Reaching safepoint: 110200 ns, At safepoint: 14400 ns, Total: 124600 ns
[2020-03-27T07:52:18.118+0000][1][safepoint    ] Safepoint "RevokeBias", Time since last: 21447224 ns, Reaching safepoint: 211000 ns, At safepoint: 14700 ns, Total: 225700 ns
[2020-03-27T07:52:18.168+0000][1][safepoint    ] Safepoint "RevokeBias", Time since last: 49734754 ns, Reaching safepoint: 599801 ns, At safepoint: 39700 ns, Total: 639501 ns
[2020-03-27T07:52:18.170+0000][1][safepoint    ] Safepoint "RevokeBias", Time since last: 482700 ns, Reaching safepoint: 897301 ns, At safepoint: 26200 ns, Total: 923501 ns
[2020-03-27T07:52:18.171+0000][1][safepoint    ] Safepoint "RevokeBias", Time since last: 910501 ns, Reaching safepoint: 605101 ns, At safepoint: 54900 ns, Total: 660001 ns
[2020-03-27T07:52:18.173+0000][1][safepoint    ] Safepoint "RevokeBias", Time since last: 460500 ns, Reaching safepoint: 1734502 ns, At safepoint: 31000 ns, Total: 1765502 ns
[2020-03-27T07:52:18.174+0000][1][safepoint    ] Safepoint "RevokeBias", Time since last: 550901 ns, Reaching safepoint: 204000 ns, At safepoint: 26100 ns, Total: 230100 ns
[2020-03-27T07:52:18.175+0000][1][safepoint    ] Safepoint "RevokeBias", Time since last: 531401 ns, Reaching safepoint: 99100 ns, At safepoint: 25600 ns, Total: 124700 ns
[2020-03-27T07:52:18.358+0000][1][safepoint    ] Safepoint "RevokeBias", Time since last: 182895899 ns, Reaching safepoint: 58700 ns, At safepoint: 23200 ns, Total: 81900 ns
[2020-03-27T07:52:18.370+0000][1][safepoint    ] Safepoint "RevokeBias", Time since last: 12049113 ns, Reaching safepoint: 346400 ns, At safepoint: 50600 ns, Total: 397000 ns
[2020-03-27T07:52:18.371+0000][1][safepoint    ] Safepoint "RevokeBias", Time since last: 1077401 ns, Reaching safepoint: 37900 ns, At safepoint: 20400 ns, Total: 58300 ns
[2020-03-27T07:52:18.385+0000][1][safepoint    ] Safepoint "RevokeBias", Time since last: 13545415 ns, Reaching safepoint: 451701 ns, At safepoint: 55800 ns, Total: 507501 ns
[2020-03-27T07:52:18.392+0000][1][safepoint    ] Safepoint "RevokeBias", Time since last: 6391007 ns, Reaching safepoint: 495100 ns, At safepoint: 38600 ns, Total: 533700 ns
[2020-03-27T07:52:18.432+0000][1][gc,start     ] GC(17) Pause Young (Allocation Failure)
[2020-03-27T07:52:18.433+0000][1][gc,task      ] GC(17) Using 2 workers of 2 for evacuation
[2020-03-27T07:52:18.471+0000][1][gc,age       ] GC(17) Desired survivor size 8716288 bytes, new threshold 2 (max threshold 6)
[2020-03-27T07:52:18.471+0000][1][gc,age       ] GC(17) Age table with threshold 2 (max threshold 6)
[2020-03-27T07:52:18.471+0000][1][gc,age       ] GC(17) - age   1:    4447560 bytes,    4447560 total
[2020-03-27T07:52:18.472+0000][1][gc,age       ] GC(17) - age   2:    7860496 bytes,   12308056 total
[2020-03-27T07:52:18.472+0000][1][gc,heap      ] GC(17) ParNew: 153344K->16630K(153344K)
[2020-03-27T07:52:18.472+0000][1][gc,heap      ] GC(17) CMS: 55607K->63384K(353920K)
[2020-03-27T07:52:18.473+0000][1][gc,metaspace ] GC(17) Metaspace: 81233K->81233K(1124352K)
[2020-03-27T07:52:18.473+0000][1][gc           ] GC(17) Pause Young (Allocation Failure) 204M->78M(495M) 40.579ms
[2020-03-27T07:52:18.473+0000][1][gc,cpu       ] GC(17) User=0.03s Sys=0.01s Real=0.04s
[2020-03-27T07:52:18.474+0000][1][safepoint    ] Safepoint "GenCollectForAllocation", Time since last: 39655843 ns, Reaching safepoint: 444801 ns, At safepoint: 41370445 ns, Total: 41815246 ns
[2020-03-27T07:52:18.500+0000][1][safepoint    ] Safepoint "RevokeBias", Time since last: 25603727 ns, Reaching safepoint: 374701 ns, At safepoint: 142800 ns, Total: 517501 ns
[2020-03-27T07:52:18.501+0000][1][safepoint    ] Safepoint "RevokeBias", Time since last: 701201 ns, Reaching safepoint: 476000 ns, At safepoint: 31700 ns, Total: 507700 ns
[2020-03-27T07:52:18.508+0000][1][safepoint    ] Safepoint "RevokeBias", Time since last: 6957808 ns, Reaching safepoint: 233400 ns, At safepoint: 27200 ns, Total: 260600 ns
[2020-03-27T07:52:18.511+0000][1][safepoint    ] Safepoint "RevokeBias", Time since last: 1731202 ns, Reaching safepoint: 842701 ns, At safepoint: 26300 ns, Total: 869001 ns
[2020-03-27T07:52:18.517+0000][1][safepoint    ] Safepoint "RevokeBias", Time since last: 5385106 ns, Reaching safepoint: 353000 ns, At safepoint: 25800 ns, Total: 378800 ns
[2020-03-27T07:52:18.520+0000][1][safepoint    ] Safepoint "RevokeBias", Time since last: 2595703 ns, Reaching safepoint: 702901 ns, At safepoint: 26700 ns, Total: 729601 ns
[2020-03-27T07:52:18.522+0000][1][safepoint    ] Safepoint "RevokeBias", Time since last: 1362001 ns, Reaching safepoint: 212201 ns, At safepoint: 25700 ns, Total: 237901 ns
[2020-03-27T07:52:18.524+0000][1][safepoint    ] Safepoint "RevokeBias", Time since last: 1876002 ns, Reaching safepoint: 41700 ns, At safepoint: 23800 ns, Total: 65500 ns
[2020-03-27T07:52:18.525+0000][1][safepoint    ] Safepoint "RevokeBias", Time since last: 1226401 ns, Reaching safepoint: 443401 ns, At safepoint: 39700 ns, Total: 483101 ns
[2020-03-27T07:52:18.526+0000][1][safepoint    ] Safepoint "RevokeBias", Time since last: 720300 ns, Reaching safepoint: 130801 ns, At safepoint: 11400 ns, Total: 142201 ns
[2020-03-27T07:52:18.530+0000][1][safepoint    ] Safepoint "RevokeBias", Time since last: 206500 ns, Reaching safepoint: 3269003 ns, At safepoint: 17900 ns, Total: 3286903 ns
[2020-03-27T07:52:18.537+0000][1][safepoint    ] Safepoint "RevokeBias", Time since last: 7039308 ns, Reaching safepoint: 287700 ns, At safepoint: 219601 ns, Total: 507301 ns
[2020-03-27T07:52:18.541+0000][1][safepoint    ] Safepoint "RevokeBias", Time since last: 3009603 ns, Reaching safepoint: 339200 ns, At safepoint: 11500 ns, Total: 350700 ns
[2020-03-27T07:52:18.547+0000][1][safepoint    ] Safepoint "RevokeBias", Time since last: 2260603 ns, Reaching safepoint: 4133304 ns, At safepoint: 23900 ns, Total: 4157204 ns
[2020-03-27T07:52:18.551+0000][1][safepoint    ] Safepoint "RevokeBias", Time since last: 3784904 ns, Reaching safepoint: 331701 ns, At safepoint: 18500 ns, Total: 350201 ns
[2020-03-27T07:52:18.552+0000][1][safepoint    ] Safepoint "RevokeBias", Time since last: 489500 ns, Reaching safepoint: 264700 ns, At safepoint: 15300 ns, Total: 280000 ns
[2020-03-27T07:52:18.576+0000][1][safepoint    ] Safepoint "RevokeBias", Time since last: 23761426 ns, Reaching safepoint: 447901 ns, At safepoint: 163400 ns, Total: 611301 ns
[2020-03-27T07:52:18.577+0000][1][safepoint    ] Safepoint "RevokeBias", Time since last: 480500 ns, Reaching safepoint: 555301 ns, At safepoint: 12500 ns, Total: 567801 ns
[2020-03-27T07:52:18.598+0000][1][safepoint    ] Safepoint "RevokeBias", Time since last: 19137921 ns, Reaching safepoint: 1106601 ns, At safepoint: 13500 ns, Total: 1120101 ns
[2020-03-27T07:52:18.600+0000][1][safepoint    ] Safepoint "RevokeBias", Time since last: 230700 ns, Reaching safepoint: 1746702 ns, At safepoint: 18200 ns, Total: 1764902 ns
[2020-03-27T07:52:18.600+0000][1][safepoint    ] Safepoint "RevokeBias", Time since last: 262501 ns, Reaching safepoint: 372800 ns, At safepoint: 16100 ns, Total: 388900 ns
[2020-03-27T07:52:18.601+0000][1][safepoint    ] Safepoint "RevokeBias", Time since last: 216400 ns, Reaching safepoint: 98200 ns, At safepoint: 30200 ns, Total: 128400 ns
[2020-03-27T07:52:18.601+0000][1][safepoint    ] Safepoint "RevokeBias", Time since last: 321601 ns, Reaching safepoint: 141500 ns, At safepoint: 11900 ns, Total: 153400 ns
[2020-03-27T07:52:18.698+0000][1][safepoint    ] Safepoint "RevokeBias", Time since last: 97115405 ns, Reaching safepoint: 103300 ns, At safepoint: 17200 ns, Total: 120500 ns
[2020-03-27T07:52:18.762+0000][1][safepoint    ] Safepoint "RevokeBias", Time since last: 62597169 ns, Reaching safepoint: 964801 ns, At safepoint: 11400 ns, Total: 976201 ns
[2020-03-27T07:52:18.772+0000][1][safepoint    ] Safepoint "RevokeBias", Time since last: 10125011 ns, Reaching safepoint: 160900 ns, At safepoint: 38600 ns, Total: 199500 ns
[2020-03-27T07:52:18.774+0000][1][safepoint    ] Safepoint "RevokeBias", Time since last: 1543301 ns, Reaching safepoint: 458001 ns, At safepoint: 11300 ns, Total: 469301 ns
[2020-03-27T07:52:18.778+0000][1][safepoint    ] Safepoint "RevokeBias", Time since last: 1582702 ns, Reaching safepoint: 133000 ns, At safepoint: 2561603 ns, Total: 2694603 ns
[2020-03-27T07:52:18.779+0000][1][safepoint    ] Safepoint "RevokeBias", Time since last: 437900 ns, Reaching safepoint: 202300 ns, At safepoint: 9100 ns, Total: 211400 ns
[2020-03-27T07:52:18.781+0000][1][safepoint    ] Safepoint "RevokeBias", Time since last: 1629302 ns, Reaching safepoint: 149900 ns, At safepoint: 96300 ns, Total: 246200 ns
[2020-03-27T07:52:18.782+0000][1][safepoint    ] Safepoint "RevokeBias", Time since last: 1000001 ns, Reaching safepoint: 73101 ns, At safepoint: 26800 ns, Total: 99901 ns
[2020-03-27T07:52:18.785+0000][1][safepoint    ] Safepoint "RevokeBias", Time since last: 2648102 ns, Reaching safepoint: 305001 ns, At safepoint: 24100 ns, Total: 329101 ns
[2020-03-27T07:52:18.787+0000][1][safepoint    ] Safepoint "BulkRevokeBias", Time since last: 819901 ns, Reaching safepoint: 640900 ns, At safepoint: 328601 ns, Total: 969501 ns
[2020-03-27T07:52:18.787+0000][1][safepoint    ] Safepoint "RevokeBias", Time since last: 208000 ns, Reaching safepoint: 148000 ns, At safepoint: 13600 ns, Total: 161600 ns
[2020-03-27T07:52:18.793+0000][1][safepoint    ] Safepoint "RevokeBias", Time since last: 5404206 ns, Reaching safepoint: 548001 ns, At safepoint: 19100 ns, Total: 567101 ns
[2020-03-27T07:52:18.829+0000][1][safepoint    ] Safepoint "RevokeBias", Time since last: 34499837 ns, Reaching safepoint: 874501 ns, At safepoint: 20000 ns, Total: 894501 ns
[2020-03-27T07:52:18.853+0000][1][safepoint    ] Safepoint "RevokeBias", Time since last: 20396522 ns, Reaching safepoint: 3685704 ns, At safepoint: 22300 ns, Total: 3708004 ns
[2020-03-27T07:52:18.853+0000][1][safepoint    ] Safepoint "RevokeBias", Time since last: 539901 ns, Reaching safepoint: 144600 ns, At safepoint: 19400 ns, Total: 164000 ns
[2020-03-27T07:52:18.854+0000][1][safepoint    ] Safepoint "RevokeBias", Time since last: 493301 ns, Reaching safepoint: 186500 ns, At safepoint: 27600 ns, Total: 214100 ns
[2020-03-27T07:52:18.855+0000][1][safepoint    ] Safepoint "RevokeBias", Time since last: 347700 ns, Reaching safepoint: 83300 ns, At safepoint: 13500 ns, Total: 96800 ns
[2020-03-27T07:52:18.855+0000][1][safepoint    ] Safepoint "RevokeBias", Time since last: 310701 ns, Reaching safepoint: 106000 ns, At safepoint: 11900 ns, Total: 117900 ns
[2020-03-27T07:52:18.856+0000][1][safepoint    ] Safepoint "RevokeBias", Time since last: 365700 ns, Reaching safepoint: 204500 ns, At safepoint: 14000 ns, Total: 218500 ns
[2020-03-27T07:52:18.857+0000][1][safepoint    ] Safepoint "RevokeBias", Time since last: 767901 ns, Reaching safepoint: 211400 ns, At safepoint: 35700 ns, Total: 247100 ns
[2020-03-27T07:52:18.857+0000][1][safepoint    ] Safepoint "RevokeBias", Time since last: 277601 ns, Reaching safepoint: 141900 ns, At safepoint: 12500 ns, Total: 154400 ns
[2020-03-27T07:52:18.914+0000][1][safepoint    ] Safepoint "RevokeBias", Time since last: 56084661 ns, Reaching safepoint: 476600 ns, At safepoint: 7900 ns, Total: 484500 ns
[2020-03-27T07:52:18.916+0000][1][safepoint    ] Safepoint "RevokeBias", Time since last: 904801 ns, Reaching safepoint: 1100702 ns, At safepoint: 12200 ns, Total: 1112902 ns
[2020-03-27T07:52:18.926+0000][1][safepoint    ] Safepoint "RevokeBias", Time since last: 10616211 ns, Reaching safepoint: 58500 ns, At safepoint: 10400 ns, Total: 68900 ns
[2020-03-27T07:52:18.927+0000][1][safepoint    ] Safepoint "RevokeBias", Time since last: 804601 ns, Reaching safepoint: 119200 ns, At safepoint: 12200 ns, Total: 131400 ns
[2020-03-27T07:52:18.928+0000][1][safepoint    ] Safepoint "RevokeBias", Time since last: 317001 ns, Reaching safepoint: 111600 ns, At safepoint: 9300 ns, Total: 120900 ns
[2020-03-27T07:52:18.929+0000][1][safepoint    ] Safepoint "BulkRevokeBias", Time since last: 220400 ns, Reaching safepoint: 511500 ns, At safepoint: 388801 ns, Total: 900301 ns
[2020-03-27T07:52:18.939+0000][1][safepoint    ] Safepoint "Deoptimize", Time since last: 8785109 ns, Reaching safepoint: 824201 ns, At safepoint: 780401 ns, Total: 1604602 ns
[2020-03-27T07:52:18.962+0000][1][safepoint    ] Safepoint "RevokeBias", Time since last: 20087122 ns, Reaching safepoint: 2312703 ns, At safepoint: 16700 ns, Total: 2329403 ns
[2020-03-27T07:52:18.963+0000][1][safepoint    ] Safepoint "RevokeBias", Time since last: 645700 ns, Reaching safepoint: 535901 ns, At safepoint: 10500 ns, Total: 546401 ns
[2020-03-27T07:52:18.990+0000][1][safepoint    ] Safepoint "RevokeBias", Time since last: 27011929 ns, Reaching safepoint: 72500 ns, At safepoint: 12300 ns, Total: 84800 ns
[2020-03-27T07:52:18.990+0000][1][safepoint    ] Safepoint "RevokeBias", Time since last: 392801 ns, Reaching safepoint: 139300 ns, At safepoint: 15300 ns, Total: 154600 ns
[2020-03-27T07:52:18.991+0000][1][safepoint    ] Safepoint "RevokeBias", Time since last: 263100 ns, Reaching safepoint: 135800 ns, At safepoint: 13200 ns, Total: 149000 ns
[2020-03-27T07:52:18.998+0000][1][safepoint    ] Safepoint "RevokeBias", Time since last: 6251407 ns, Reaching safepoint: 500401 ns, At safepoint: 18400 ns, Total: 518801 ns
[2020-03-27T07:52:18.999+0000][1][safepoint    ] Safepoint "RevokeBias", Time since last: 1114001 ns, Reaching safepoint: 318500 ns, At safepoint: 18100 ns, Total: 336600 ns
[2020-03-27T07:52:19.031+0000][1][safepoint    ] Safepoint "RevokeBias", Time since last: 30962034 ns, Reaching safepoint: 541900 ns, At safepoint: 22901 ns, Total: 564801 ns
[2020-03-27T07:52:19.031+0000][1][safepoint    ] Safepoint "RevokeBias", Time since last: 507700 ns, Reaching safepoint: 106700 ns, At safepoint: 11600 ns, Total: 118300 ns
[2020-03-27T07:52:19.032+0000][1][safepoint    ] Safepoint "RevokeBias", Time since last: 358601 ns, Reaching safepoint: 124300 ns, At safepoint: 11600 ns, Total: 135900 ns
[2020-03-27T07:52:19.042+0000][1][safepoint    ] Safepoint "RevokeBias", Time since last: 10140911 ns, Reaching safepoint: 130800 ns, At safepoint: 7500 ns, Total: 138300 ns
[2020-03-27T07:52:19.051+0000][1][safepoint    ] Safepoint "RevokeBias", Time since last: 8824209 ns, Reaching safepoint: 128801 ns, At safepoint: 11200 ns, Total: 140001 ns
[2020-03-27T07:52:19.069+0000][1][safepoint    ] Safepoint "BulkRevokeBias", Time since last: 17695819 ns, Reaching safepoint: 74100 ns, At safepoint: 328200 ns, Total: 402300 ns
[2020-03-27T07:52:19.082+0000][1][safepoint    ] Safepoint "RevokeBias", Time since last: 12758414 ns, Reaching safepoint: 76900 ns, At safepoint: 11600 ns, Total: 88500 ns
[2020-03-27T07:52:19.083+0000][1][safepoint    ] Safepoint "RevokeBias", Time since last: 721601 ns, Reaching safepoint: 29500 ns, At safepoint: 6900 ns, Total: 36400 ns
[2020-03-27T07:52:19.084+0000][1][safepoint    ] Safepoint "RevokeBias", Time since last: 1460202 ns, Reaching safepoint: 29500 ns, At safepoint: 7600 ns, Total: 37100 ns
[2020-03-27T07:52:19.085+0000][1][safepoint    ] Safepoint "RevokeBias", Time since last: 419700 ns, Reaching safepoint: 94300 ns, At safepoint: 8900 ns, Total: 103200 ns
[2020-03-27T07:52:19.085+0000][1][safepoint    ] Safepoint "RevokeBias", Time since last: 357001 ns, Reaching safepoint: 19700 ns, At safepoint: 7200 ns, Total: 26900 ns
[2020-03-27T07:52:19.085+0000][1][safepoint    ] Safepoint "RevokeBias", Time since last: 352700 ns, Reaching safepoint: 87700 ns, At safepoint: 17900 ns, Total: 105600 ns
[2020-03-27T07:52:19.086+0000][1][safepoint    ] Safepoint "RevokeBias", Time since last: 521901 ns, Reaching safepoint: 20000 ns, At safepoint: 6300 ns, Total: 26300 ns
[2020-03-27T07:52:19.086+0000][1][safepoint    ] Safepoint "RevokeBias", Time since last: 315600 ns, Reaching safepoint: 19000 ns, At safepoint: 5900 ns, Total: 24900 ns
[2020-03-27T07:52:19.087+0000][1][safepoint    ] Safepoint "RevokeBias", Time since last: 510301 ns, Reaching safepoint: 20300 ns, At safepoint: 6000 ns, Total: 26300 ns
[2020-03-27T07:52:19.087+0000][1][safepoint    ] Safepoint "RevokeBias", Time since last: 324100 ns, Reaching safepoint: 88900 ns, At safepoint: 6700 ns, Total: 95600 ns
[2020-03-27T07:52:19.088+0000][1][safepoint    ] Safepoint "RevokeBias", Time since last: 383901 ns, Reaching safepoint: 19200 ns, At safepoint: 5800 ns, Total: 25000 ns
[2020-03-27T07:52:19.088+0000][1][safepoint    ] Safepoint "RevokeBias", Time since last: 456100 ns, Reaching safepoint: 18300 ns, At safepoint: 5800 ns, Total: 24100 ns
[2020-03-27T07:52:19.089+0000][1][safepoint    ] Safepoint "RevokeBias", Time since last: 530401 ns, Reaching safepoint: 94600 ns, At safepoint: 8200 ns, Total: 102800 ns
[2020-03-27T07:52:19.089+0000][1][safepoint    ] Safepoint "RevokeBias", Time since last: 238300 ns, Reaching safepoint: 21900 ns, At safepoint: 7000 ns, Total: 28900 ns
[2020-03-27T07:52:19.089+0000][1][safepoint    ] Safepoint "RevokeBias", Time since last: 240100 ns, Reaching safepoint: 88100 ns, At safepoint: 9300 ns, Total: 97400 ns
[2020-03-27T07:52:19.090+0000][1][safepoint    ] Safepoint "RevokeBias", Time since last: 241901 ns, Reaching safepoint: 19100 ns, At safepoint: 7100 ns, Total: 26200 ns
[2020-03-27T07:52:19.090+0000][1][safepoint    ] Safepoint "RevokeBias", Time since last: 212600 ns, Reaching safepoint: 18500 ns, At safepoint: 7300 ns, Total: 25800 ns
[2020-03-27T07:52:19.090+0000][1][safepoint    ] Safepoint "RevokeBias", Time since last: 216500 ns, Reaching safepoint: 18100 ns, At safepoint: 6600 ns, Total: 24700 ns
[2020-03-27T07:52:19.090+0000][1][safepoint    ] Safepoint "RevokeBias", Time since last: 175000 ns, Reaching safepoint: 87701 ns, At safepoint: 17200 ns, Total: 104901 ns
[2020-03-27T07:52:19.091+0000][1][safepoint    ] Safepoint "RevokeBias", Time since last: 873301 ns, Reaching safepoint: 19200 ns, At safepoint: 5700 ns, Total: 24900 ns
[2020-03-27T07:52:19.092+0000][1][safepoint    ] Safepoint "RevokeBias", Time since last: 166900 ns, Reaching safepoint: 18200 ns, At safepoint: 5900 ns, Total: 24100 ns
[2020-03-27T07:52:19.092+0000][1][safepoint    ] Safepoint "RevokeBias", Time since last: 175400 ns, Reaching safepoint: 90100 ns, At safepoint: 7800 ns, Total: 97900 ns
[2020-03-27T07:52:19.092+0000][1][safepoint    ] Safepoint "RevokeBias", Time since last: 194700 ns, Reaching safepoint: 88600 ns, At safepoint: 6600 ns, Total: 95200 ns
[2020-03-27T07:52:19.093+0000][1][safepoint    ] Safepoint "RevokeBias", Time since last: 919801 ns, Reaching safepoint: 92801 ns, At safepoint: 7900 ns, Total: 100701 ns
[2020-03-27T07:52:19.093+0000][1][safepoint    ] Safepoint "RevokeBias", Time since last: 207400 ns, Reaching safepoint: 90600 ns, At safepoint: 8100 ns, Total: 98700 ns
[2020-03-27T07:52:19.094+0000][1][safepoint    ] Safepoint "RevokeBias", Time since last: 673201 ns, Reaching safepoint: 89000 ns, At safepoint: 8100 ns, Total: 97100 ns
[2020-03-27T07:52:19.099+0000][1][safepoint    ] Safepoint "RevokeBias", Time since last: 4154904 ns, Reaching safepoint: 118000 ns, At safepoint: 9200 ns, Total: 127200 ns
[2020-03-27T07:52:19.101+0000][1][safepoint    ] Safepoint "RevokeBias", Time since last: 1972802 ns, Reaching safepoint: 100901 ns, At safepoint: 8500 ns, Total: 109401 ns
[2020-03-27T07:52:19.101+0000][1][safepoint    ] Safepoint "RevokeBias", Time since last: 411900 ns, Reaching safepoint: 93200 ns, At safepoint: 7400 ns, Total: 100600 ns
[2020-03-27T07:52:19.114+0000][1][safepoint    ] Safepoint "RevokeBias", Time since last: 12563214 ns, Reaching safepoint: 113500 ns, At safepoint: 7600 ns, Total: 121100 ns
[2020-03-27T07:52:19.124+0000][1][safepoint    ] Safepoint "BulkRevokeBias", Time since last: 9640810 ns, Reaching safepoint: 110201 ns, At safepoint: 157800 ns, Total: 268001 ns
[2020-03-27T07:52:19.221+0000][1][safepoint    ] Safepoint "RevokeBias", Time since last: 97667406 ns, Reaching safepoint: 53100 ns, At safepoint: 9200 ns, Total: 62300 ns
[2020-03-27T07:52:19.543+0000][1][safepoint    ] Safepoint "RevokeBias", Time since last: 321235649 ns, Reaching safepoint: 85600 ns, At safepoint: 13100 ns, Total: 98700 ns
[2020-03-27T07:52:19.545+0000][1][safepoint    ] Safepoint "RevokeBias", Time since last: 1751002 ns, Reaching safepoint: 54800 ns, At safepoint: 11600 ns, Total: 66400 ns
[2020-03-27T07:52:19.545+0000][1][safepoint    ] Safepoint "RevokeBias", Time since last: 703301 ns, Reaching safepoint: 42900 ns, At safepoint: 8900 ns, Total: 51800 ns
[2020-03-27T07:52:19.547+0000][1][safepoint    ] Safepoint "RevokeBias", Time since last: 1194501 ns, Reaching safepoint: 38800 ns, At safepoint: 8900 ns, Total: 47700 ns
[2020-03-27T07:52:19.557+0000][1][safepoint    ] Safepoint "RevokeBias", Time since last: 10194611 ns, Reaching safepoint: 138700 ns, At safepoint: 12700 ns, Total: 151400 ns
[2020-03-27T07:52:20.558+0000][1][safepoint    ] Safepoint "Cleanup", Time since last: 1000564787 ns, Reaching safepoint: 77000 ns, At safepoint: 3800 ns, Total: 80800 ns
[2020-03-27T07:52:21.558+0000][1][safepoint    ] Safepoint "Cleanup", Time since last: 1000640487 ns, Reaching safepoint: 62001 ns, At safepoint: 4100 ns, Total: 66101 ns
[2020-03-27T07:52:22.559+0000][1][safepoint    ] Safepoint "Cleanup", Time since last: 1000670587 ns, Reaching safepoint: 62900 ns, At safepoint: 5300 ns, Total: 68200 ns
[2020-03-27T07:52:23.346+0000][1][safepoint    ] Safepoint "RevokeBias", Time since last: 786870755 ns, Reaching safepoint: 119900 ns, At safepoint: 6600 ns, Total: 126500 ns
[2020-03-27T07:52:23.355+0000][1][safepoint    ] Safepoint "RevokeBias", Time since last: 9110210 ns, Reaching safepoint: 116700 ns, At safepoint: 9600 ns, Total: 126300 ns
[2020-03-27T07:52:23.356+0000][1][safepoint    ] Safepoint "RevokeBias", Time since last: 543000 ns, Reaching safepoint: 124700 ns, At safepoint: 8600 ns, Total: 133300 ns
[2020-03-27T07:52:23.362+0000][1][safepoint    ] Safepoint "RevokeBias", Time since last: 6192107 ns, Reaching safepoint: 119100 ns, At safepoint: 10600 ns, Total: 129700 ns
[2020-03-27T07:52:23.363+0000][1][safepoint    ] Safepoint "RevokeBias", Time since last: 1032201 ns, Reaching safepoint: 100701 ns, At safepoint: 5000 ns, Total: 105701 ns
[2020-03-27T07:52:23.379+0000][1][safepoint    ] Safepoint "RevokeBias", Time since last: 15768117 ns, Reaching safepoint: 114200 ns, At safepoint: 6000 ns, Total: 120200 ns
[2020-03-27T07:52:23.382+0000][1][safepoint    ] Safepoint "RevokeBias", Time since last: 2932503 ns, Reaching safepoint: 41200 ns, At safepoint: 14700 ns, Total: 55900 ns
[2020-03-27T07:52:23.444+0000][1][safepoint    ] Safepoint "Deoptimize", Time since last: 61336667 ns, Reaching safepoint: 132300 ns, At safepoint: 447600 ns, Total: 579900 ns
[2020-03-27T07:52:23.458+0000][1][safepoint    ] Safepoint "RevokeBias", Time since last: 13962415 ns, Reaching safepoint: 113201 ns, At safepoint: 10100 ns, Total: 123301 ns
[2020-03-27T07:52:23.575+0000][1][safepoint    ] Safepoint "RevokeBias", Time since last: 116277526 ns, Reaching safepoint: 57100 ns, At safepoint: 5600 ns, Total: 62700 ns
[2020-03-27T07:52:23.705+0000][1][safepoint    ] Safepoint "Deoptimize", Time since last: 129786041 ns, Reaching safepoint: 53800 ns, At safepoint: 466301 ns, Total: 520101 ns
[2020-03-27T07:52:24.238+0000][1][safepoint    ] Safepoint "RevokeBias", Time since last: 533009379 ns, Reaching safepoint: 90800 ns, At safepoint: 18100 ns, Total: 108900 ns
[2020-03-27T07:52:24.239+0000][1][safepoint    ] Safepoint "RevokeBias", Time since last: 528900 ns, Reaching safepoint: 188800 ns, At safepoint: 12001 ns, Total: 200801 ns
[2020-03-27T07:52:24.240+0000][1][safepoint    ] Safepoint "RevokeBias", Time since last: 687900 ns, Reaching safepoint: 138100 ns, At safepoint: 14900 ns, Total: 153000 ns
[2020-03-27T07:52:24.242+0000][1][safepoint    ] Safepoint "RevokeBias", Time since last: 2175503 ns, Reaching safepoint: 396200 ns, At safepoint: 32200 ns, Total: 428400 ns
[2020-03-27T07:52:24.243+0000][1][safepoint    ] Safepoint "RevokeBias", Time since last: 605001 ns, Reaching safepoint: 129800 ns, At safepoint: 34100 ns, Total: 163900 ns
[2020-03-27T07:52:24.244+0000][1][safepoint    ] Safepoint "RevokeBias", Time since last: 461701 ns, Reaching safepoint: 134400 ns, At safepoint: 77300 ns, Total: 211700 ns
[2020-03-27T07:52:24.244+0000][1][safepoint    ] Safepoint "RevokeBias", Time since last: 594300 ns, Reaching safepoint: 65701 ns, At safepoint: 23200 ns, Total: 88901 ns
[2020-03-27T07:52:24.245+0000][1][safepoint    ] Safepoint "RevokeBias", Time since last: 438200 ns, Reaching safepoint: 133000 ns, At safepoint: 21200 ns, Total: 154200 ns
[2020-03-27T07:52:24.245+0000][1][safepoint    ] Safepoint "RevokeBias", Time since last: 365401 ns, Reaching safepoint: 124500 ns, At safepoint: 54200 ns, Total: 178700 ns
[2020-03-27T07:52:24.246+0000][1][safepoint    ] Safepoint "RevokeBias", Time since last: 469100 ns, Reaching safepoint: 110000 ns, At safepoint: 13800 ns, Total: 123800 ns
[2020-03-27T07:52:24.247+0000][1][safepoint    ] Safepoint "RevokeBias", Time since last: 440901 ns, Reaching safepoint: 107000 ns, At safepoint: 15400 ns, Total: 122400 ns
[2020-03-27T07:52:24.263+0000][1][safepoint    ] Safepoint "RevokeBias", Time since last: 16073318 ns, Reaching safepoint: 215400 ns, At safepoint: 22200 ns, Total: 237600 ns
[2020-03-27T07:52:24.264+0000][1][safepoint    ] Safepoint "RevokeBias", Time since last: 679001 ns, Reaching safepoint: 112300 ns, At safepoint: 11700 ns, Total: 124000 ns
[2020-03-27T07:52:24.264+0000][1][safepoint    ] Safepoint "RevokeBias", Time since last: 472100 ns, Reaching safepoint: 120900 ns, At safepoint: 29100 ns, Total: 150000 ns
[2020-03-27T07:52:24.265+0000][1][safepoint    ] Safepoint "RevokeBias", Time since last: 407701 ns, Reaching safepoint: 144400 ns, At safepoint: 30200 ns, Total: 174600 ns
[2020-03-27T07:52:24.266+0000][1][safepoint    ] Safepoint "BulkRevokeBias", Time since last: 365900 ns, Reaching safepoint: 120100 ns, At safepoint: 296201 ns, Total: 416301 ns
[2020-03-27T07:52:24.387+0000][1][gc,start     ] GC(18) Pause Young (Allocation Failure)
[2020-03-27T07:52:24.390+0000][1][gc,task      ] GC(18) Using 2 workers of 2 for evacuation
[2020-03-27T07:52:24.422+0000][1][gc,age       ] GC(18) Desired survivor size 8716288 bytes, new threshold 2 (max threshold 6)
[2020-03-27T07:52:24.423+0000][1][gc,age       ] GC(18) Age table with threshold 2 (max threshold 6)
[2020-03-27T07:52:24.424+0000][1][gc,age       ] GC(18) - age   1:    6478296 bytes,    6478296 total
[2020-03-27T07:52:24.424+0000][1][gc,age       ] GC(18) - age   2:    4192752 bytes,   10671048 total
[2020-03-27T07:52:24.425+0000][1][gc,heap      ] GC(18) ParNew: 152950K->14687K(153344K)
[2020-03-27T07:52:24.425+0000][1][gc,heap      ] GC(18) CMS: 63384K->71080K(353920K)
[2020-03-27T07:52:24.426+0000][1][gc,metaspace ] GC(18) Metaspace: 85495K->85495K(1128448K)
[2020-03-27T07:52:24.426+0000][1][gc           ] GC(18) Pause Young (Allocation Failure) 211M->83M(495M) 39.992ms
[2020-03-27T07:52:24.427+0000][1][gc,cpu       ] GC(18) User=0.03s Sys=0.01s Real=0.04s
[2020-03-27T07:52:24.427+0000][1][safepoint    ] Safepoint "GenCollectForAllocation", Time since last: 119296529 ns, Reaching safepoint: 55300 ns, At safepoint: 41812746 ns, Total: 41868046 ns
[2020-03-27T07:52:24.455+0000][1][safepoint    ] Safepoint "RevokeBias", Time since last: 27796130 ns, Reaching safepoint: 57600 ns, At safepoint: 12700 ns, Total: 70300 ns
[2020-03-27T07:52:24.463+0000][1][safepoint    ] Safepoint "RevokeBias", Time since last: 7866409 ns, Reaching safepoint: 48500 ns, At safepoint: 14200 ns, Total: 62700 ns
[2020-03-27T07:52:24.589+0000][1][safepoint    ] Safepoint "RevokeBias", Time since last: 122839464 ns, Reaching safepoint: 3247431 ns, At safepoint: 7400 ns, Total: 3254831 ns
[2020-03-27T07:52:24.590+0000][1][safepoint    ] Safepoint "RevokeBias", Time since last: 1520415 ns, Reaching safepoint: 40800 ns, At safepoint: 4300 ns, Total: 45100 ns
[2020-03-27T07:52:24.626+0000][1][safepoint    ] Safepoint "RevokeBias", Time since last: 34648232 ns, Reaching safepoint: 545305 ns, At safepoint: 11800 ns, Total: 557105 ns
[2020-03-27T07:52:24.627+0000][1][safepoint    ] Safepoint "RevokeBias", Time since last: 888309 ns, Reaching safepoint: 718806 ns, At safepoint: 13601 ns, Total: 732407 ns
[2020-03-27T07:52:24.628+0000][1][safepoint    ] Safepoint "RevokeBias", Time since last: 471004 ns, Reaching safepoint: 32300 ns, At safepoint: 15001 ns, Total: 47301 ns
[2020-03-27T07:52:24.629+0000][1][safepoint    ] Safepoint "RevokeBias", Time since last: 974309 ns, Reaching safepoint: 55000 ns, At safepoint: 12900 ns, Total: 67900 ns
[2020-03-27T07:52:24.630+0000][1][safepoint    ] Safepoint "RevokeBias", Time since last: 996710 ns, Reaching safepoint: 80901 ns, At safepoint: 11400 ns, Total: 92301 ns
[2020-03-27T07:52:24.631+0000][1][safepoint    ] Safepoint "RevokeBias", Time since last: 724607 ns, Reaching safepoint: 40800 ns, At safepoint: 11100 ns, Total: 51900 ns
[2020-03-27T07:52:24.632+0000][1][safepoint    ] Safepoint "RevokeBias", Time since last: 952809 ns, Reaching safepoint: 103001 ns, At safepoint: 12301 ns, Total: 115302 ns
[2020-03-27T07:52:24.632+0000][1][safepoint    ] Safepoint "RevokeBias", Time since last: 447804 ns, Reaching safepoint: 45000 ns, At safepoint: 10900 ns, Total: 55900 ns
[2020-03-27T07:52:24.633+0000][1][safepoint    ] Safepoint "RevokeBias", Time since last: 484205 ns, Reaching safepoint: 66501 ns, At safepoint: 16000 ns, Total: 82501 ns
[2020-03-27T07:52:24.633+0000][1][safepoint    ] Safepoint "RevokeBias", Time since last: 417104 ns, Reaching safepoint: 39500 ns, At safepoint: 10000 ns, Total: 49500 ns
[2020-03-27T07:52:24.634+0000][1][safepoint    ] Safepoint "RevokeBias", Time since last: 497405 ns, Reaching safepoint: 21500 ns, At safepoint: 10100 ns, Total: 31600 ns
[2020-03-27T07:52:24.634+0000][1][safepoint    ] Safepoint "RevokeBias", Time since last: 312103 ns, Reaching safepoint: 65801 ns, At safepoint: 10700 ns, Total: 76501 ns
[2020-03-27T07:52:24.635+0000][1][safepoint    ] Safepoint "RevokeBias", Time since last: 429404 ns, Reaching safepoint: 51001 ns, At safepoint: 10900 ns, Total: 61901 ns
[2020-03-27T07:52:24.635+0000][1][safepoint    ] Safepoint "RevokeBias", Time since last: 368003 ns, Reaching safepoint: 37901 ns, At safepoint: 10100 ns, Total: 48001 ns
[2020-03-27T07:52:24.636+0000][1][safepoint    ] Safepoint "RevokeBias", Time since last: 497204 ns, Reaching safepoint: 22701 ns, At safepoint: 21300 ns, Total: 44001 ns
[2020-03-27T07:52:24.636+0000][1][safepoint    ] Safepoint "RevokeBias", Time since last: 354103 ns, Reaching safepoint: 82301 ns, At safepoint: 12100 ns, Total: 94401 ns
[2020-03-27T07:52:24.637+0000][1][safepoint    ] Safepoint "RevokeBias", Time since last: 656906 ns, Reaching safepoint: 69401 ns, At safepoint: 13200 ns, Total: 82601 ns
[2020-03-27T07:52:24.637+0000][1][safepoint    ] Safepoint "RevokeBias", Time since last: 610406 ns, Reaching safepoint: 23700 ns, At safepoint: 9300 ns, Total: 33000 ns
[2020-03-27T07:52:24.638+0000][1][safepoint    ] Safepoint "RevokeBias", Time since last: 487805 ns, Reaching safepoint: 23900 ns, At safepoint: 10100 ns, Total: 34000 ns
[2020-03-27T07:52:24.638+0000][1][safepoint    ] Safepoint "RevokeBias", Time since last: 409804 ns, Reaching safepoint: 61401 ns, At safepoint: 10900 ns, Total: 72301 ns
[2020-03-27T07:52:24.639+0000][1][safepoint    ] Safepoint "RevokeBias", Time since last: 373604 ns, Reaching safepoint: 33400 ns, At safepoint: 12300 ns, Total: 45700 ns
[2020-03-27T07:52:24.639+0000][1][safepoint    ] Safepoint "RevokeBias", Time since last: 438204 ns, Reaching safepoint: 58101 ns, At safepoint: 12300 ns, Total: 70401 ns
[2020-03-27T07:52:24.640+0000][1][safepoint    ] Safepoint "RevokeBias", Time since last: 684206 ns, Reaching safepoint: 23301 ns, At safepoint: 23300 ns, Total: 46601 ns
[2020-03-27T07:52:24.641+0000][1][safepoint    ] Safepoint "RevokeBias", Time since last: 384904 ns, Reaching safepoint: 103601 ns, At safepoint: 48500 ns, Total: 152101 ns
[2020-03-27T07:52:24.642+0000][1][safepoint    ] Safepoint "RevokeBias", Time since last: 1490414 ns, Reaching safepoint: 46101 ns, At safepoint: 13700 ns, Total: 59801 ns
[2020-03-27T07:52:24.643+0000][1][safepoint    ] Safepoint "RevokeBias", Time since last: 615206 ns, Reaching safepoint: 27500 ns, At safepoint: 33700 ns, Total: 61200 ns
[2020-03-27T07:52:24.643+0000][1][safepoint    ] Safepoint "RevokeBias", Time since last: 454105 ns, Reaching safepoint: 40600 ns, At safepoint: 24300 ns, Total: 64900 ns
[2020-03-27T07:52:24.700+0000][1][safepoint    ] Safepoint "RevokeBias", Time since last: 54787724 ns, Reaching safepoint: 2273922 ns, At safepoint: 17100 ns, Total: 2291022 ns
[2020-03-27T07:52:24.701+0000][1][safepoint    ] Safepoint "RevokeBias", Time since last: 489505 ns, Reaching safepoint: 47500 ns, At safepoint: 121202 ns, Total: 168702 ns
[2020-03-27T07:52:24.703+0000][1][safepoint    ] Safepoint "RevokeBias", Time since last: 2086320 ns, Reaching safepoint: 177101 ns, At safepoint: 36001 ns, Total: 213102 ns
[2020-03-27T07:52:24.704+0000][1][safepoint    ] Safepoint "RevokeBias", Time since last: 369003 ns, Reaching safepoint: 127401 ns, At safepoint: 66301 ns, Total: 193702 ns
[2020-03-27T07:52:24.707+0000][1][safepoint    ] Safepoint "RevokeBias", Time since last: 378004 ns, Reaching safepoint: 2243721 ns, At safepoint: 44001 ns, Total: 2287722 ns
[2020-03-27T07:52:24.729+0000][1][safepoint    ] Safepoint "RevokeBias", Time since last: 21229303 ns, Reaching safepoint: 868808 ns, At safepoint: 56200 ns, Total: 925008 ns
[2020-03-27T07:52:24.730+0000][1][safepoint    ] Safepoint "RevokeBias", Time since last: 587506 ns, Reaching safepoint: 193202 ns, At safepoint: 18800 ns, Total: 212002 ns
[2020-03-27T07:52:24.730+0000][1][safepoint    ] Safepoint "RevokeBias", Time since last: 388304 ns, Reaching safepoint: 144401 ns, At safepoint: 38101 ns, Total: 182502 ns
[2020-03-27T07:52:24.732+0000][1][safepoint    ] Safepoint "RevokeBias", Time since last: 884108 ns, Reaching safepoint: 435504 ns, At safepoint: 46701 ns, Total: 482205 ns
[2020-03-27T07:52:24.732+0000][1][safepoint    ] Safepoint "RevokeBias", Time since last: 411204 ns, Reaching safepoint: 263502 ns, At safepoint: 45701 ns, Total: 309203 ns
[2020-03-27T07:52:24.743+0000][1][safepoint    ] Safepoint "RevokeBias", Time since last: 8802284 ns, Reaching safepoint: 1708816 ns, At safepoint: 17300 ns, Total: 1726116 ns
[2020-03-27T07:52:24.751+0000][1][safepoint    ] Safepoint "RevokeBias", Time since last: 7658874 ns, Reaching safepoint: 447304 ns, At safepoint: 17400 ns, Total: 464704 ns
[2020-03-27T07:52:24.794+0000][1][safepoint    ] Safepoint "RevokeBias", Time since last: 42621208 ns, Reaching safepoint: 83901 ns, At safepoint: 16300 ns, Total: 100201 ns
[2020-03-27T07:52:24.798+0000][1][safepoint    ] Safepoint "RevokeBias", Time since last: 4207640 ns, Reaching safepoint: 78801 ns, At safepoint: 40800 ns, Total: 119601 ns
[2020-03-27T07:52:24.799+0000][1][safepoint    ] Safepoint "RevokeBias", Time since last: 603106 ns, Reaching safepoint: 144301 ns, At safepoint: 36501 ns, Total: 180802 ns
[2020-03-27T07:52:24.804+0000][1][safepoint    ] Safepoint "RevokeBias", Time since last: 3324231 ns, Reaching safepoint: 55301 ns, At safepoint: 1527715 ns, Total: 1583016 ns
[2020-03-27T07:52:24.810+0000][1][safepoint    ] Safepoint "RevokeBias", Time since last: 5793755 ns, Reaching safepoint: 781007 ns, At safepoint: 31301 ns, Total: 812308 ns
[2020-03-27T07:52:24.822+0000][1][safepoint    ] Safepoint "RevokeBias", Time since last: 11140506 ns, Reaching safepoint: 179902 ns, At safepoint: 111801 ns, Total: 291703 ns
[2020-03-27T07:52:24.830+0000][1][safepoint    ] Safepoint "RevokeBias", Time since last: 7754074 ns, Reaching safepoint: 91601 ns, At safepoint: 114801 ns, Total: 206402 ns
[2020-03-27T07:52:24.833+0000][1][safepoint    ] Safepoint "RevokeBias", Time since last: 3346732 ns, Reaching safepoint: 333303 ns, At safepoint: 15801 ns, Total: 349104 ns
[2020-03-27T07:52:24.839+0000][1][safepoint    ] Safepoint "RevokeBias", Time since last: 5187249 ns, Reaching safepoint: 63401 ns, At safepoint: 13200 ns, Total: 76601 ns
[2020-03-27T07:52:24.840+0000][1][safepoint    ] Safepoint "RevokeBias", Time since last: 511705 ns, Reaching safepoint: 860008 ns, At safepoint: 203402 ns, Total: 1063410 ns
[2020-03-27T07:52:24.843+0000][1][safepoint    ] Safepoint "RevokeBias", Time since last: 2376323 ns, Reaching safepoint: 91201 ns, At safepoint: 15000 ns, Total: 106201 ns
[2020-03-27T07:52:24.848+0000][1][safepoint    ] Safepoint "RevokeBias", Time since last: 3865837 ns, Reaching safepoint: 1586215 ns, At safepoint: 18700 ns, Total: 1604915 ns
[2020-03-27T07:52:24.849+0000][1][safepoint    ] Safepoint "RevokeBias", Time since last: 1106311 ns, Reaching safepoint: 92401 ns, At safepoint: 64800 ns, Total: 157201 ns
[2020-03-27T07:52:24.867+0000][1][safepoint    ] Safepoint "RevokeBias", Time since last: 17942472 ns, Reaching safepoint: 81201 ns, At safepoint: 30600 ns, Total: 111801 ns
[2020-03-27T07:52:24.878+0000][1][safepoint    ] Safepoint "RevokeBias", Time since last: 10491600 ns, Reaching safepoint: 70201 ns, At safepoint: 157002 ns, Total: 227203 ns
[2020-03-27T07:52:24.880+0000][1][safepoint    ] Safepoint "RevokeBias", Time since last: 1987519 ns, Reaching safepoint: 56500 ns, At safepoint: 21900 ns, Total: 78400 ns
[2020-03-27T07:52:24.882+0000][1][safepoint    ] Safepoint "RevokeBias", Time since last: 2025420 ns, Reaching safepoint: 108801 ns, At safepoint: 19900 ns, Total: 128701 ns
[2020-03-27T07:52:24.896+0000][1][safepoint    ] Safepoint "RevokeBias", Time since last: 13434228 ns, Reaching safepoint: 89001 ns, At safepoint: 192202 ns, Total: 281203 ns
[2020-03-27T07:52:24.899+0000][1][safepoint    ] Safepoint "RevokeBias", Time since last: 2355723 ns, Reaching safepoint: 85500 ns, At safepoint: 37701 ns, Total: 123201 ns
[2020-03-27T07:52:24.900+0000][1][safepoint    ] Safepoint "RevokeBias", Time since last: 1167911 ns, Reaching safepoint: 51300 ns, At safepoint: 46301 ns, Total: 97601 ns
[2020-03-27T07:52:24.901+0000][1][safepoint    ] Safepoint "RevokeBias", Time since last: 811808 ns, Reaching safepoint: 192802 ns, At safepoint: 69100 ns, Total: 261902 ns
[2020-03-27T07:52:24.902+0000][1][safepoint    ] Safepoint "RevokeBias", Time since last: 1036110 ns, Reaching safepoint: 62001 ns, At safepoint: 22600 ns, Total: 84601 ns
[2020-03-27T07:52:24.904+0000][1][safepoint    ] Safepoint "RevokeBias", Time since last: 1279312 ns, Reaching safepoint: 408804 ns, At safepoint: 26300 ns, Total: 435104 ns
[2020-03-27T07:52:24.906+0000][1][safepoint    ] Safepoint "RevokeBias", Time since last: 1783717 ns, Reaching safepoint: 466305 ns, At safepoint: 33100 ns, Total: 499405 ns
[2020-03-27T07:52:24.907+0000][1][safepoint    ] Safepoint "RevokeBias", Time since last: 703807 ns, Reaching safepoint: 127201 ns, At safepoint: 35600 ns, Total: 162801 ns
[2020-03-27T07:52:24.908+0000][1][safepoint    ] Safepoint "RevokeBias", Time since last: 617906 ns, Reaching safepoint: 123002 ns, At safepoint: 24000 ns, Total: 147002 ns
[2020-03-27T07:52:24.909+0000][1][safepoint    ] Safepoint "RevokeBias", Time since last: 917309 ns, Reaching safepoint: 615805 ns, At safepoint: 25401 ns, Total: 641206 ns
[2020-03-27T07:52:24.911+0000][1][safepoint    ] Safepoint "RevokeBias", Time since last: 1111810 ns, Reaching safepoint: 146702 ns, At safepoint: 31600 ns, Total: 178302 ns
[2020-03-27T07:52:24.912+0000][1][safepoint    ] Safepoint "RevokeBias", Time since last: 604606 ns, Reaching safepoint: 443804 ns, At safepoint: 24100 ns, Total: 467904 ns
[2020-03-27T07:52:24.914+0000][1][safepoint    ] Safepoint "RevokeBias", Time since last: 1935919 ns, Reaching safepoint: 59700 ns, At safepoint: 43001 ns, Total: 102701 ns
[2020-03-27T07:52:24.959+0000][1][safepoint    ] Safepoint "RevokeBias", Time since last: 45563636 ns, Reaching safepoint: 87601 ns, At safepoint: 19100 ns, Total: 106701 ns
[2020-03-27T07:52:25.000+0000][1][safepoint    ] Safepoint "RevokeBias", Time since last: 39787880 ns, Reaching safepoint: 127702 ns, At safepoint: 469704 ns, Total: 597406 ns
[2020-03-27T07:52:25.001+0000][1][safepoint    ] Safepoint "RevokeBias", Time since last: 1163311 ns, Reaching safepoint: 141402 ns, At safepoint: 132301 ns, Total: 273703 ns
[2020-03-27T07:52:25.002+0000][1][safepoint    ] Safepoint "RevokeBias", Time since last: 1012109 ns, Reaching safepoint: 127902 ns, At safepoint: 93701 ns, Total: 221603 ns
[2020-03-27T07:52:25.004+0000][1][safepoint    ] Safepoint "RevokeBias", Time since last: 1121310 ns, Reaching safepoint: 94801 ns, At safepoint: 170902 ns, Total: 265703 ns
[2020-03-27T07:52:25.009+0000][1][safepoint    ] Safepoint "Deoptimize", Time since last: 5043648 ns, Reaching safepoint: 78701 ns, At safepoint: 532105 ns, Total: 610806 ns
[2020-03-27T07:52:25.158+0000][1][safepoint    ] Safepoint "RevokeBias", Time since last: 148311419 ns, Reaching safepoint: 241902 ns, At safepoint: 19800 ns, Total: 261702 ns
[2020-03-27T07:52:25.235+0000][1][safepoint    ] Safepoint "RevokeBias", Time since last: 76423431 ns, Reaching safepoint: 180402 ns, At safepoint: 14100 ns, Total: 194502 ns
[2020-03-27T07:52:25.238+0000][1][safepoint    ] Safepoint "RevokeBias", Time since last: 3109930 ns, Reaching safepoint: 143701 ns, At safepoint: 36201 ns, Total: 179902 ns
[2020-03-27T07:52:25.238+0000][1][safepoint    ] Safepoint "RevokeBias", Time since last: 347503 ns, Reaching safepoint: 146202 ns, At safepoint: 24900 ns, Total: 171102 ns
[2020-03-27T07:52:25.239+0000][1][safepoint    ] Safepoint "RevokeBias", Time since last: 223702 ns, Reaching safepoint: 192202 ns, At safepoint: 13400 ns, Total: 205602 ns
[2020-03-27T07:52:25.239+0000][1][safepoint    ] Safepoint "RevokeBias", Time since last: 185502 ns, Reaching safepoint: 203502 ns, At safepoint: 11500 ns, Total: 215002 ns
[2020-03-27T07:52:25.240+0000][1][safepoint    ] Safepoint "RevokeBias", Time since last: 224602 ns, Reaching safepoint: 149201 ns, At safepoint: 10200 ns, Total: 159401 ns
[2020-03-27T07:52:25.240+0000][1][safepoint    ] Safepoint "RevokeBias", Time since last: 266603 ns, Reaching safepoint: 107201 ns, At safepoint: 9300 ns, Total: 116501 ns
[2020-03-27T07:52:25.241+0000][1][safepoint    ] Safepoint "RevokeBias", Time since last: 802108 ns, Reaching safepoint: 89801 ns, At safepoint: 11200 ns, Total: 101001 ns
[2020-03-27T07:52:25.242+0000][1][safepoint    ] Safepoint "BulkRevokeBias", Time since last: 726507 ns, Reaching safepoint: 77000 ns, At safepoint: 641207 ns, Total: 718207 ns
[2020-03-27T07:52:25.243+0000][1][safepoint    ] Safepoint "RevokeBias", Time since last: 270102 ns, Reaching safepoint: 119801 ns, At safepoint: 9600 ns, Total: 129401 ns
[2020-03-27T07:52:25.243+0000][1][safepoint    ] Safepoint "RevokeBias", Time since last: 265203 ns, Reaching safepoint: 69101 ns, At safepoint: 10200 ns, Total: 79301 ns
[2020-03-27T07:52:25.243+0000][1][safepoint    ] Safepoint "RevokeBias", Time since last: 223502 ns, Reaching safepoint: 127201 ns, At safepoint: 8700 ns, Total: 135901 ns
[2020-03-27T07:52:25.244+0000][1][safepoint    ] Safepoint "RevokeBias", Time since last: 357403 ns, Reaching safepoint: 86801 ns, At safepoint: 9000 ns, Total: 95801 ns
[2020-03-27T07:52:25.245+0000][1][safepoint    ] Safepoint "RevokeBias", Time since last: 597906 ns, Reaching safepoint: 123101 ns, At safepoint: 10500 ns, Total: 133601 ns
[2020-03-27T07:52:25.245+0000][1][safepoint    ] Safepoint "RevokeBias", Time since last: 444505 ns, Reaching safepoint: 131401 ns, At safepoint: 9900 ns, Total: 141301 ns
[2020-03-27T07:52:25.246+0000][1][safepoint    ] Safepoint "RevokeBias", Time since last: 383504 ns, Reaching safepoint: 114801 ns, At safepoint: 9800 ns, Total: 124601 ns
[2020-03-27T07:52:25.246+0000][1][safepoint    ] Safepoint "RevokeBias", Time since last: 376303 ns, Reaching safepoint: 115402 ns, At safepoint: 9500 ns, Total: 124902 ns
[2020-03-27T07:52:25.247+0000][1][safepoint    ] Safepoint "RevokeBias", Time since last: 377903 ns, Reaching safepoint: 120201 ns, At safepoint: 12801 ns, Total: 133002 ns
[2020-03-27T07:52:25.247+0000][1][safepoint    ] Safepoint "RevokeBias", Time since last: 441504 ns, Reaching safepoint: 80801 ns, At safepoint: 11600 ns, Total: 92401 ns
[2020-03-27T07:52:25.269+0000][1][safepoint    ] Safepoint "RevokeBias", Time since last: 21677007 ns, Reaching safepoint: 168102 ns, At safepoint: 57700 ns, Total: 225802 ns
[2020-03-27T07:52:25.311+0000][1][safepoint    ] Safepoint "RevokeBias", Time since last: 41724099 ns, Reaching safepoint: 99001 ns, At safepoint: 118601 ns, Total: 217602 ns
[2020-03-27T07:52:25.318+0000][1][safepoint    ] Safepoint "RevokeBias", Time since last: 6905867 ns, Reaching safepoint: 340603 ns, At safepoint: 47400 ns, Total: 388003 ns
[2020-03-27T07:52:25.342+0000][1][safepoint    ] Safepoint "RevokeBias", Time since last: 20995601 ns, Reaching safepoint: 2206821 ns, At safepoint: 137602 ns, Total: 2344423 ns
[2020-03-27T07:52:25.473+0000][1][safepoint    ] Safepoint "RevokeBias", Time since last: 131268655 ns, Reaching safepoint: 320503 ns, At safepoint: 64101 ns, Total: 384604 ns
[2020-03-27T07:52:25.488+0000][1][safepoint    ] Safepoint "RevokeBias", Time since last: 14712041 ns, Reaching safepoint: 67900 ns, At safepoint: 111001 ns, Total: 178901 ns
[2020-03-27T07:52:25.596+0000][1][safepoint    ] Safepoint "RevokeBias", Time since last: 107250627 ns, Reaching safepoint: 208202 ns, At safepoint: 220102 ns, Total: 428304 ns
[2020-03-27T07:52:25.628+0000][1][safepoint    ] Safepoint "RevokeBias", Time since last: 32088607 ns, Reaching safepoint: 79000 ns, At safepoint: 230303 ns, Total: 309303 ns
[2020-03-27T07:52:25.653+0000][1][safepoint    ] Safepoint "RevokeBias", Time since last: 24741436 ns, Reaching safepoint: 64801 ns, At safepoint: 89901 ns, Total: 154702 ns
[2020-03-27T07:52:25.654+0000][1][safepoint    ] Safepoint "RevokeBias", Time since last: 264902 ns, Reaching safepoint: 44001 ns, At safepoint: 95501 ns, Total: 139502 ns
[2020-03-27T07:52:25.654+0000][1][safepoint    ] Safepoint "RevokeBias", Time since last: 200502 ns, Reaching safepoint: 35700 ns, At safepoint: 68701 ns, Total: 104401 ns
[2020-03-27T07:52:25.659+0000][1][safepoint    ] Safepoint "RevokeBias", Time since last: 4389142 ns, Reaching safepoint: 53300 ns, At safepoint: 109201 ns, Total: 162501 ns
[2020-03-27T07:52:25.659+0000][1][safepoint    ] Safepoint "RevokeBias", Time since last: 373804 ns, Reaching safepoint: 145201 ns, At safepoint: 88901 ns, Total: 234102 ns
[2020-03-27T07:52:25.660+0000][1][safepoint    ] Safepoint "RevokeBias", Time since last: 349203 ns, Reaching safepoint: 111901 ns, At safepoint: 146402 ns, Total: 258303 ns
[2020-03-27T07:52:25.660+0000][1][safepoint    ] Safepoint "RevokeBias", Time since last: 222902 ns, Reaching safepoint: 121301 ns, At safepoint: 84601 ns, Total: 205902 ns
[2020-03-27T07:52:25.661+0000][1][safepoint    ] Safepoint "RevokeBias", Time since last: 257202 ns, Reaching safepoint: 94301 ns, At safepoint: 84301 ns, Total: 178602 ns
[2020-03-27T07:52:25.661+0000][1][safepoint    ] Safepoint "RevokeBias", Time since last: 353003 ns, Reaching safepoint: 97301 ns, At safepoint: 67601 ns, Total: 164902 ns
[2020-03-27T07:52:25.783+0000][1][safepoint    ] Safepoint "RevokeBias", Time since last: 121624764 ns, Reaching safepoint: 149901 ns, At safepoint: 111201 ns, Total: 261102 ns
[2020-03-27T07:52:25.807+0000][1][safepoint    ] Safepoint "RevokeBias", Time since last: 23478125 ns, Reaching safepoint: 139801 ns, At safepoint: 144001 ns, Total: 283802 ns
[2020-03-27T07:52:25.811+0000][1][safepoint    ] Safepoint "RevokeBias", Time since last: 3999839 ns, Reaching safepoint: 117601 ns, At safepoint: 136401 ns, Total: 254002 ns
[2020-03-27T07:52:25.811+0000][1][safepoint    ] Safepoint "RevokeBias", Time since last: 273003 ns, Reaching safepoint: 122201 ns, At safepoint: 77601 ns, Total: 199802 ns
[2020-03-27T07:52:25.812+0000][1][safepoint    ] Safepoint "RevokeBias", Time since last: 238102 ns, Reaching safepoint: 92401 ns, At safepoint: 72300 ns, Total: 164701 ns
[2020-03-27T07:52:25.812+0000][1][safepoint    ] Safepoint "RevokeBias", Time since last: 228003 ns, Reaching safepoint: 94901 ns, At safepoint: 63800 ns, Total: 158701 ns
[2020-03-27T07:52:25.836+0000][1][gc,start     ] GC(19) Pause Young (Allocation Failure)
[2020-03-27T07:52:25.837+0000][1][gc,task      ] GC(19) Using 2 workers of 2 for evacuation
[2020-03-27T07:52:25.874+0000][1][gc,age       ] GC(19) Desired survivor size 8716288 bytes, new threshold 6 (max threshold 6)
[2020-03-27T07:52:25.875+0000][1][gc,age       ] GC(19) Age table with threshold 6 (max threshold 6)
[2020-03-27T07:52:25.876+0000][1][gc,age       ] GC(19) - age   1:    1736096 bytes,    1736096 total
[2020-03-27T07:52:25.877+0000][1][gc,age       ] GC(19) - age   2:    6433712 bytes,    8169808 total
[2020-03-27T07:52:25.877+0000][1][gc,heap      ] GC(19) ParNew: 150683K->10263K(153344K)
[2020-03-27T07:52:25.878+0000][1][gc,heap      ] GC(19) CMS: 71080K->74839K(353920K)
[2020-03-27T07:52:25.878+0000][1][gc,metaspace ] GC(19) Metaspace: 88342K->88342K(1130496K)
[2020-03-27T07:52:25.879+0000][1][gc           ] GC(19) Pause Young (Allocation Failure) 216M->83M(495M) 42.517ms
[2020-03-27T07:52:25.879+0000][1][gc,cpu       ] GC(19) User=0.02s Sys=0.00s Real=0.04s
[2020-03-27T07:52:25.881+0000][1][safepoint    ] Safepoint "GenCollectForAllocation", Time since last: 21822009 ns, Reaching safepoint: 1654916 ns, At safepoint: 44957530 ns, Total: 46612446 ns
[2020-03-27T07:52:25.891+0000][1][safepoint    ] Safepoint "RevokeBias", Time since last: 10164497 ns, Reaching safepoint: 153502 ns, At safepoint: 17300 ns, Total: 170802 ns
[2020-03-27T07:52:25.896+0000][1][safepoint    ] Safepoint "RevokeBias", Time since last: 4796046 ns, Reaching safepoint: 122401 ns, At safepoint: 64400 ns, Total: 186801 ns
[2020-03-27T07:52:25.909+0000][1][safepoint    ] Safepoint "RevokeBias", Time since last: 12358719 ns, Reaching safepoint: 278602 ns, At safepoint: 18600 ns, Total: 297202 ns
[2020-03-27T07:52:25.909+0000][1][safepoint    ] Safepoint "RevokeBias", Time since last: 500805 ns, Reaching safepoint: 121001 ns, At safepoint: 13601 ns, Total: 134602 ns
[2020-03-27T07:52:25.932+0000][1][safepoint    ] Safepoint "RevokeBias", Time since last: 22087311 ns, Reaching safepoint: 394704 ns, At safepoint: 17800 ns, Total: 412504 ns
[2020-03-27T07:52:25.933+0000][1][safepoint    ] Safepoint "RevokeBias", Time since last: 469304 ns, Reaching safepoint: 194602 ns, At safepoint: 26400 ns, Total: 221002 ns
[2020-03-27T07:52:25.935+0000][1][safepoint    ] Safepoint "RevokeBias", Time since last: 2371423 ns, Reaching safepoint: 170902 ns, At safepoint: 111501 ns, Total: 282403 ns
[2020-03-27T07:52:25.938+0000][1][safepoint    ] Safepoint "RevokeBias", Time since last: 2793927 ns, Reaching safepoint: 84400 ns, At safepoint: 293703 ns, Total: 378103 ns
[2020-03-27T07:52:26.000+0000][1][safepoint    ] Safepoint "RevokeBias", Time since last: 60397078 ns, Reaching safepoint: 534405 ns, At safepoint: 693307 ns, Total: 1227712 ns
[2020-03-27T07:52:26.003+0000][1][safepoint    ] Safepoint "RevokeBias", Time since last: 2303222 ns, Reaching safepoint: 298703 ns, At safepoint: 318303 ns, Total: 617006 ns
[2020-03-27T07:52:26.006+0000][1][safepoint    ] Safepoint "BulkRevokeBias", Time since last: 1640815 ns, Reaching safepoint: 219102 ns, At safepoint: 1399414 ns, Total: 1618516 ns
[2020-03-27T07:52:26.020+0000][1][safepoint    ] Safepoint "RevokeBias", Time since last: 13439628 ns, Reaching safepoint: 347804 ns, At safepoint: 104401 ns, Total: 452205 ns
[2020-03-27T07:52:26.058+0000][1][safepoint    ] Safepoint "RevokeBias", Time since last: 36763951 ns, Reaching safepoint: 686607 ns, At safepoint: 108101 ns, Total: 794708 ns
[2020-03-27T07:52:26.067+0000][1][safepoint    ] Safepoint "RevokeBias", Time since last: 8335080 ns, Reaching safepoint: 476004 ns, At safepoint: 114001 ns, Total: 590005 ns
[2020-03-27T07:52:26.068+0000][1][safepoint    ] Safepoint "RevokeBias", Time since last: 1007610 ns, Reaching safepoint: 175202 ns, At safepoint: 240102 ns, Total: 415304 ns
[2020-03-27T07:52:26.070+0000][1][safepoint    ] Safepoint "BulkRevokeBias", Time since last: 428604 ns, Reaching safepoint: 159702 ns, At safepoint: 1060710 ns, Total: 1220412 ns
[2020-03-27T07:52:26.070+0000][1][safepoint    ] Safepoint "RevokeBias", Time since last: 749807 ns, Reaching safepoint: 105101 ns, At safepoint: 30900 ns, Total: 136001 ns
[2020-03-27T07:52:26.071+0000][1][safepoint    ] Safepoint "RevokeBias", Time since last: 644606 ns, Reaching safepoint: 48701 ns, At safepoint: 99301 ns, Total: 148002 ns
[2020-03-27T07:52:26.105+0000][1][safepoint    ] Safepoint "RevokeBias", Time since last: 33375819 ns, Reaching safepoint: 142502 ns, At safepoint: 15800 ns, Total: 158302 ns
[2020-03-27T07:52:26.109+0000][1][safepoint    ] Safepoint "RevokeBias", Time since last: 4151039 ns, Reaching safepoint: 56401 ns, At safepoint: 13500 ns, Total: 69901 ns
[2020-03-27T07:52:26.111+0000][1][safepoint    ] Safepoint "RevokeBias", Time since last: 2028819 ns, Reaching safepoint: 54001 ns, At safepoint: 16300 ns, Total: 70301 ns
[2020-03-27T07:52:26.115+0000][1][safepoint    ] Safepoint "RevokeBias", Time since last: 3981738 ns, Reaching safepoint: 64701 ns, At safepoint: 15700 ns, Total: 80401 ns
[2020-03-27T07:52:26.117+0000][1][safepoint    ] Safepoint "RevokeBias", Time since last: 1823117 ns, Reaching safepoint: 48901 ns, At safepoint: 13400 ns, Total: 62301 ns
[2020-03-27T07:52:26.120+0000][1][safepoint    ] Safepoint "RevokeBias", Time since last: 2649025 ns, Reaching safepoint: 66101 ns, At safepoint: 15400 ns, Total: 81501 ns
[2020-03-27T07:52:26.122+0000][1][safepoint    ] Safepoint "RevokeBias", Time since last: 2525024 ns, Reaching safepoint: 54201 ns, At safepoint: 13900 ns, Total: 68101 ns
[2020-03-27T07:52:26.124+0000][1][safepoint    ] Safepoint "RevokeBias", Time since last: 1782317 ns, Reaching safepoint: 45900 ns, At safepoint: 12201 ns, Total: 58101 ns
[2020-03-27T07:52:26.128+0000][1][safepoint    ] Safepoint "RevokeBias", Time since last: 3413032 ns, Reaching safepoint: 70901 ns, At safepoint: 28700 ns, Total: 99601 ns
[2020-03-27T07:52:26.132+0000][1][safepoint    ] Safepoint "RevokeBias", Time since last: 4429943 ns, Reaching safepoint: 59800 ns, At safepoint: 14500 ns, Total: 74300 ns
[2020-03-27T07:52:26.181+0000][1][safepoint    ] Safepoint "RevokeBias", Time since last: 48203261 ns, Reaching safepoint: 520405 ns, At safepoint: 14801 ns, Total: 535206 ns
[2020-03-27T07:52:26.184+0000][1][safepoint    ] Safepoint "RevokeBias", Time since last: 2269021 ns, Reaching safepoint: 308303 ns, At safepoint: 24900 ns, Total: 333203 ns
[2020-03-27T07:52:26.185+0000][1][safepoint    ] Safepoint "RevokeBias", Time since last: 489205 ns, Reaching safepoint: 1083410 ns, At safepoint: 33701 ns, Total: 1117111 ns
[2020-03-27T07:52:26.188+0000][1][safepoint    ] Safepoint "RevokeBias", Time since last: 411904 ns, Reaching safepoint: 2180521 ns, At safepoint: 173801 ns, Total: 2354322 ns
[2020-03-27T07:52:26.189+0000][1][safepoint    ] Safepoint "RevokeBias", Time since last: 833608 ns, Reaching safepoint: 408904 ns, At safepoint: 45101 ns, Total: 454005 ns
[2020-03-27T07:52:26.193+0000][1][safepoint    ] Safepoint "RevokeBias", Time since last: 3716935 ns, Reaching safepoint: 203002 ns, At safepoint: 187302 ns, Total: 390304 ns
[2020-03-27T07:52:26.209+0000][1][safepoint    ] Safepoint "RevokeBias", Time since last: 15809251 ns, Reaching safepoint: 157102 ns, At safepoint: 15900 ns, Total: 173002 ns
[2020-03-27T07:52:26.370+0000][1][safepoint    ] Safepoint "RevokeBias", Time since last: 160711337 ns, Reaching safepoint: 145602 ns, At safepoint: 13500 ns, Total: 159102 ns
[2020-03-27T07:52:26.573+0000][1][safepoint    ] Safepoint "RevokeBias", Time since last: 202232335 ns, Reaching safepoint: 750707 ns, At safepoint: 94601 ns, Total: 845308 ns
[2020-03-27T07:52:26.580+0000][1][safepoint    ] Safepoint "RevokeBias", Time since last: 6269660 ns, Reaching safepoint: 365203 ns, At safepoint: 195902 ns, Total: 561105 ns
[2020-03-27T07:52:26.581+0000][1][safepoint    ] Safepoint "RevokeBias", Time since last: 482305 ns, Reaching safepoint: 225702 ns, At safepoint: 159601 ns, Total: 385303 ns
[2020-03-27T07:52:26.582+0000][1][safepoint    ] Safepoint "RevokeBias", Time since last: 257603 ns, Reaching safepoint: 201202 ns, At safepoint: 104001 ns, Total: 305203 ns
[2020-03-27T07:52:26.655+0000][1][safepoint    ] Safepoint "RevokeBias", Time since last: 72933197 ns, Reaching safepoint: 144602 ns, At safepoint: 15900 ns, Total: 160502 ns
[2020-03-27T07:52:27.127+0000][1][safepoint    ] Safepoint "ICBufferFull", Time since last: 470322802 ns, Reaching safepoint: 1894401 ns, At safepoint: 7200 ns, Total: 1901601 ns
[2020-03-27T07:52:27.173+0000][1][gc,start     ] GC(20) Pause Young (Allocation Failure)
[2020-03-27T07:52:27.178+0000][1][gc,task      ] GC(20) Using 2 workers of 2 for evacuation
[2020-03-27T07:52:27.277+0000][1][gc,age       ] GC(20) Desired survivor size 8716288 bytes, new threshold 3 (max threshold 6)
[2020-03-27T07:52:27.278+0000][1][gc,age       ] GC(20) Age table with threshold 3 (max threshold 6)
[2020-03-27T07:52:27.278+0000][1][gc,age       ] GC(20) - age   1:    7312896 bytes,    7312896 total
[2020-03-27T07:52:27.278+0000][1][gc,age       ] GC(20) - age   2:    1026072 bytes,    8338968 total
[2020-03-27T07:52:27.279+0000][1][gc,age       ] GC(20) - age   3:    5556448 bytes,   13895416 total
[2020-03-27T07:52:27.280+0000][1][gc,heap      ] GC(20) ParNew: 146583K->17024K(153344K)
[2020-03-27T07:52:27.280+0000][1][gc,heap      ] GC(20) CMS: 74839K->74839K(353920K)
[2020-03-27T07:52:27.280+0000][1][gc,metaspace ] GC(20) Metaspace: 88966K->88966K(1130496K)
[2020-03-27T07:52:27.281+0000][1][gc           ] GC(20) Pause Young (Allocation Failure) 216M->89M(495M) 108.702ms
[2020-03-27T07:52:27.281+0000][1][gc,cpu       ] GC(20) User=0.02s Sys=0.01s Real=0.11s
[2020-03-27T07:52:27.283+0000][1][safepoint    ] Safepoint "GenCollectForAllocation", Time since last: 43339909 ns, Reaching safepoint: 1133700 ns, At safepoint: 111981623 ns, Total: 113115323 ns
[2020-03-27T07:52:27.448+0000][1][safepoint    ] Safepoint "RevokeBias", Time since last: 160146934 ns, Reaching safepoint: 4135301 ns, At safepoint: 61800 ns, Total: 4197101 ns
[2020-03-27T07:52:27.454+0000][1][safepoint    ] Safepoint "RevokeBias", Time since last: 2367000 ns, Reaching safepoint: 4395001 ns, At safepoint: 41800 ns, Total: 4436801 ns
[2020-03-27T07:52:27.457+0000][1][safepoint    ] Safepoint "RevokeBias", Time since last: 2298001 ns, Reaching safepoint: 265400 ns, At safepoint: 15600 ns, Total: 281000 ns
[2020-03-27T07:52:27.459+0000][1][safepoint    ] Safepoint "RevokeBias", Time since last: 1941200 ns, Reaching safepoint: 163400 ns, At safepoint: 14900 ns, Total: 178300 ns
[2020-03-27T07:52:27.559+0000][1][safepoint    ] Safepoint "RevokeBias", Time since last: 98634421 ns, Reaching safepoint: 611700 ns, At safepoint: 111100 ns, Total: 722800 ns
[2020-03-27T07:52:27.597+0000][1][safepoint    ] Safepoint "RevokeBias", Time since last: 38095308 ns, Reaching safepoint: 182400 ns, At safepoint: 16200 ns, Total: 198600 ns
[2020-03-27T07:52:27.900+0000][1][safepoint    ] Safepoint "RevokeBias", Time since last: 303558063 ns, Reaching safepoint: 82200 ns, At safepoint: 25600 ns, Total: 107800 ns
[2020-03-27T07:52:28.661+0000][1][safepoint    ] Safepoint "BulkRevokeBias", Time since last: 760245959 ns, Reaching safepoint: 60500 ns, At safepoint: 210200 ns, Total: 270700 ns
[2020-03-27T07:52:28.662+0000][1][safepoint    ] Safepoint "BulkRevokeBias", Time since last: 769000 ns, Reaching safepoint: 83300 ns, At safepoint: 212600 ns, Total: 295900 ns
[2020-03-27T07:52:28.664+0000][1][safepoint    ] Safepoint "RevokeBias", Time since last: 1684701 ns, Reaching safepoint: 325600 ns, At safepoint: 9200 ns, Total: 334800 ns
[2020-03-27T07:52:28.665+0000][1][safepoint    ] Safepoint "RevokeBias", Time since last: 789200 ns, Reaching safepoint: 143100 ns, At safepoint: 19900 ns, Total: 163000 ns
[2020-03-27T07:52:29.666+0000][1][safepoint    ] Safepoint "Cleanup", Time since last: 1000800409 ns, Reaching safepoint: 74700 ns, At safepoint: 22900 ns, Total: 97600 ns
[2020-03-27T07:52:30.667+0000][1][safepoint    ] Safepoint "Cleanup", Time since last: 1000937209 ns, Reaching safepoint: 174500 ns, At safepoint: 22200 ns, Total: 196700 ns
[2020-03-27T07:52:31.669+0000][1][safepoint    ] Safepoint "Cleanup", Time since last: 1001676509 ns, Reaching safepoint: 174700 ns, At safepoint: 121600 ns, Total: 296300 ns
[2020-03-27T07:52:32.671+0000][1][safepoint    ] Safepoint "Cleanup", Time since last: 1002068644 ns, Reaching safepoint: 185900 ns, At safepoint: 82700 ns, Total: 268600 ns
[2020-03-27T07:52:33.674+0000][1][safepoint    ] Safepoint "Cleanup", Time since last: 1002287448 ns, Reaching safepoint: 185700 ns, At safepoint: 85300 ns, Total: 271000 ns
[2020-03-27T07:52:34.176+0000][1][safepoint    ] Safepoint "BulkRevokeBias", Time since last: 501282724 ns, Reaching safepoint: 113900 ns, At safepoint: 509100 ns, Total: 623000 ns
[2020-03-27T07:52:34.291+0000][1][safepoint    ] Safepoint "RevokeBias", Time since last: 115531952 ns, Reaching safepoint: 69800 ns, At safepoint: 23300 ns, Total: 93100 ns
[2020-03-27T07:52:34.293+0000][1][safepoint    ] Safepoint "RevokeBias", Time since last: 1532801 ns, Reaching safepoint: 39300 ns, At safepoint: 19000 ns, Total: 58300 ns
[2020-03-27T07:52:34.309+0000][1][safepoint    ] Safepoint "RevokeBias", Time since last: 15329707 ns, Reaching safepoint: 165600 ns, At safepoint: 23400 ns, Total: 189000 ns
[2020-03-27T07:52:34.312+0000][1][safepoint    ] Safepoint "RevokeBias", Time since last: 3355801 ns, Reaching safepoint: 409100 ns, At safepoint: 12700 ns, Total: 421800 ns
[2020-03-27T07:52:34.316+0000][1][safepoint    ] Safepoint "RevokeBias", Time since last: 3069802 ns, Reaching safepoint: 129600 ns, At safepoint: 10100 ns, Total: 139700 ns
[2020-03-27T07:52:34.316+0000][1][safepoint    ] Safepoint "RevokeBias", Time since last: 666900 ns, Reaching safepoint: 29800 ns, At safepoint: 11600 ns, Total: 41400 ns
[2020-03-27T07:52:34.317+0000][1][safepoint    ] Safepoint "RevokeBias", Time since last: 645900 ns, Reaching safepoint: 145000 ns, At safepoint: 11600 ns, Total: 156600 ns
[2020-03-27T07:52:34.318+0000][1][safepoint    ] Safepoint "RevokeBias", Time since last: 544601 ns, Reaching safepoint: 150000 ns, At safepoint: 30700 ns, Total: 180700 ns
[2020-03-27T07:52:34.318+0000][1][safepoint    ] Safepoint "RevokeBias", Time since last: 380600 ns, Reaching safepoint: 154200 ns, At safepoint: 23900 ns, Total: 178100 ns
[2020-03-27T07:52:34.326+0000][1][safepoint    ] Safepoint "RevokeBias", Time since last: 7270803 ns, Reaching safepoint: 203800 ns, At safepoint: 13200 ns, Total: 217000 ns
[2020-03-27T07:52:34.714+0000][1][gc,start     ] GC(21) Pause Young (Allocation Failure)
[2020-03-27T07:52:34.715+0000][1][gc,task      ] GC(21) Using 2 workers of 2 for evacuation
[2020-03-27T07:52:34.726+0000][1][gc,age       ] GC(21) Desired survivor size 8716288 bytes, new threshold 6 (max threshold 6)
[2020-03-27T07:52:34.727+0000][1][gc,age       ] GC(21) Age table with threshold 6 (max threshold 6)
[2020-03-27T07:52:34.728+0000][1][gc,age       ] GC(21) - age   1:    1927384 bytes,    1927384 total
[2020-03-27T07:52:34.728+0000][1][gc,age       ] GC(21) - age   2:     212592 bytes,    2139976 total
[2020-03-27T07:52:34.729+0000][1][gc,age       ] GC(21) - age   3:    1019448 bytes,    3159424 total
[2020-03-27T07:52:34.729+0000][1][gc,heap      ] GC(21) ParNew: 153344K->12314K(153344K)
[2020-03-27T07:52:34.730+0000][1][gc,heap      ] GC(21) CMS: 74839K->78128K(353920K)
[2020-03-27T07:52:34.730+0000][1][gc,metaspace ] GC(21) Metaspace: 89298K->89298K(1130496K)
[2020-03-27T07:52:34.731+0000][1][gc           ] GC(21) Pause Young (Allocation Failure) 222M->88M(495M) 16.414ms
[2020-03-27T07:52:34.731+0000][1][gc,cpu       ] GC(21) User=0.02s Sys=0.00s Real=0.02s
[2020-03-27T07:52:34.732+0000][1][safepoint    ] Safepoint "GenCollectForAllocation", Time since last: 388117574 ns, Reaching safepoint: 325500 ns, At safepoint: 17315108 ns, Total: 17640608 ns
[2020-03-27T07:52:34.739+0000][1][safepoint    ] Safepoint "RevokeBias", Time since last: 6916503 ns, Reaching safepoint: 210200 ns, At safepoint: 26500 ns, Total: 236700 ns
[2020-03-27T07:52:34.740+0000][1][safepoint    ] Safepoint "RevokeBias", Time since last: 1022800 ns, Reaching safepoint: 127700 ns, At safepoint: 26700 ns, Total: 154400 ns
[2020-03-27T07:52:34.742+0000][1][safepoint    ] Safepoint "RevokeBias", Time since last: 1141301 ns, Reaching safepoint: 1087600 ns, At safepoint: 24200 ns, Total: 1111800 ns
[2020-03-27T07:52:34.743+0000][1][safepoint    ] Safepoint "RevokeBias", Time since last: 1204001 ns, Reaching safepoint: 61800 ns, At safepoint: 21400 ns, Total: 83200 ns
[2020-03-27T07:52:34.805+0000][1][safepoint    ] Safepoint "RevokeBias", Time since last: 61269927 ns, Reaching safepoint: 169000 ns, At safepoint: 17800 ns, Total: 186800 ns
[2020-03-27T07:52:35.661+0000][1][safepoint    ] Safepoint "RevokeBias", Time since last: 855852283 ns, Reaching safepoint: 200200 ns, At safepoint: 18600 ns, Total: 218800 ns
[2020-03-27T07:52:35.662+0000][1][safepoint    ] Safepoint "RevokeBias", Time since last: 443400 ns, Reaching safepoint: 121100 ns, At safepoint: 23300 ns, Total: 144400 ns
[2020-03-27T07:52:35.662+0000][1][safepoint    ] Safepoint "RevokeBias", Time since last: 636801 ns, Reaching safepoint: 116700 ns, At safepoint: 22400 ns, Total: 139100 ns
[2020-03-27T07:52:36.664+0000][1][safepoint    ] Safepoint "Cleanup", Time since last: 1001157447 ns, Reaching safepoint: 64600 ns, At safepoint: 18400 ns, Total: 83000 ns
[2020-03-27T07:52:37.665+0000][1][safepoint    ] Safepoint "Cleanup", Time since last: 1000855148 ns, Reaching safepoint: 275100 ns, At safepoint: 86800 ns, Total: 361900 ns
[2020-03-27T07:52:38.667+0000][1][safepoint    ] Safepoint "Cleanup", Time since last: 1001917848 ns, Reaching safepoint: 152300 ns, At safepoint: 62000 ns, Total: 214300 ns
[2020-03-27T07:52:39.669+0000][1][safepoint    ] Safepoint "Cleanup", Time since last: 1001721548 ns, Reaching safepoint: 80200 ns, At safepoint: 27900 ns, Total: 108100 ns
[2020-03-27T07:52:40.670+0000][1][safepoint    ] Safepoint "Cleanup", Time since last: 1000996074 ns, Reaching safepoint: 209400 ns, At safepoint: 144500 ns, Total: 353900 ns
[2020-03-27T07:52:41.672+0000][1][safepoint    ] Safepoint "Cleanup", Time since last: 1001999776 ns, Reaching safepoint: 66300 ns, At safepoint: 26600 ns, Total: 92900 ns
[2020-03-27T07:52:42.673+0000][1][safepoint    ] Safepoint "Cleanup", Time since last: 1001034976 ns, Reaching safepoint: 84400 ns, At safepoint: 27700 ns, Total: 112100 ns
[2020-03-27T07:52:43.675+0000][1][safepoint    ] Safepoint "Cleanup", Time since last: 1001198876 ns, Reaching safepoint: 208900 ns, At safepoint: 24000 ns, Total: 232900 ns
[2020-03-27T07:52:44.189+0000][1][safepoint    ] Safepoint "RevokeBias", Time since last: 513786837 ns, Reaching safepoint: 179300 ns, At safepoint: 62700 ns, Total: 242000 ns
[2020-03-27T07:52:44.192+0000][1][safepoint    ] Safepoint "RevokeBias", Time since last: 2718899 ns, Reaching safepoint: 196000 ns, At safepoint: 46700 ns, Total: 242700 ns
[2020-03-27T07:52:44.236+0000][1][safepoint    ] Safepoint "RevokeBias", Time since last: 43978795 ns, Reaching safepoint: 59700 ns, At safepoint: 26700 ns, Total: 86400 ns
[2020-03-27T07:52:44.237+0000][1][safepoint    ] Safepoint "RevokeBias", Time since last: 1429400 ns, Reaching safepoint: 49400 ns, At safepoint: 10200 ns, Total: 59600 ns
[2020-03-27T07:52:44.240+0000][1][safepoint    ] Safepoint "RevokeBias", Time since last: 2650299 ns, Reaching safepoint: 45900 ns, At safepoint: 21300 ns, Total: 67200 ns
[2020-03-27T07:52:44.280+0000][1][safepoint    ] Safepoint "RevokeBias", Time since last: 39207996 ns, Reaching safepoint: 393599 ns, At safepoint: 16200 ns, Total: 409799 ns
[2020-03-27T07:52:44.927+0000][1][safepoint    ] Safepoint "RevokeBias", Time since last: 646374721 ns, Reaching safepoint: 260400 ns, At safepoint: 416899 ns, Total: 677299 ns
[2020-03-27T07:52:44.927+0000][1][safepoint    ] Safepoint "RevokeBias", Time since last: 559200 ns, Reaching safepoint: 40400 ns, At safepoint: 19600 ns, Total: 60000 ns
[2020-03-27T07:52:44.928+0000][1][safepoint    ] Safepoint "RevokeBias", Time since last: 1027100 ns, Reaching safepoint: 35700 ns, At safepoint: 10000 ns, Total: 45700 ns
[2020-03-27T07:52:44.929+0000][1][safepoint    ] Safepoint "RevokeBias", Time since last: 950600 ns, Reaching safepoint: 60600 ns, At safepoint: 23300 ns, Total: 83900 ns
[2020-03-27T07:52:44.978+0000][1][safepoint    ] Safepoint "RevokeBias", Time since last: 48666594 ns, Reaching safepoint: 212400 ns, At safepoint: 41300 ns, Total: 253700 ns
[2020-03-27T07:52:45.979+0000][1][safepoint    ] Safepoint "Cleanup", Time since last: 1000508176 ns, Reaching safepoint: 91500 ns, At safepoint: 16700 ns, Total: 108200 ns
[2020-03-27T07:52:46.608+0000][1][safepoint    ] Safepoint "RevokeBias", Time since last: 629115122 ns, Reaching safepoint: 118400 ns, At safepoint: 55800 ns, Total: 174200 ns
[2020-03-27T07:52:46.610+0000][1][safepoint    ] Safepoint "RevokeBias", Time since last: 1118400 ns, Reaching safepoint: 117900 ns, At safepoint: 24300 ns, Total: 142200 ns
[2020-03-27T07:52:46.731+0000][1][safepoint    ] Safepoint "RevokeBias", Time since last: 121287785 ns, Reaching safepoint: 160500 ns, At safepoint: 81500 ns, Total: 242000 ns
[2020-03-27T07:52:46.733+0000][1][safepoint    ] Safepoint "RevokeBias", Time since last: 1650600 ns, Reaching safepoint: 118500 ns, At safepoint: 98800 ns, Total: 217300 ns
[2020-03-27T07:52:46.771+0000][1][safepoint    ] Safepoint "RevokeBias", Time since last: 38411995 ns, Reaching safepoint: 55900 ns, At safepoint: 25300 ns, Total: 81200 ns
[2020-03-27T07:52:46.772+0000][1][safepoint    ] Safepoint "RevokeBias", Time since last: 623200 ns, Reaching safepoint: 138400 ns, At safepoint: 43800 ns, Total: 182200 ns
[2020-03-27T07:52:46.813+0000][1][safepoint    ] Safepoint "RevokeBias", Time since last: 40694995 ns, Reaching safepoint: 66300 ns, At safepoint: 22600 ns, Total: 88900 ns
[2020-03-27T07:52:46.814+0000][1][safepoint    ] Safepoint "RevokeBias", Time since last: 670600 ns, Reaching safepoint: 56900 ns, At safepoint: 23100 ns, Total: 80000 ns
[2020-03-27T07:52:46.814+0000][1][safepoint    ] Safepoint "RevokeBias", Time since last: 451300 ns, Reaching safepoint: 31600 ns, At safepoint: 24400 ns, Total: 56000 ns
[2020-03-27T07:52:47.816+0000][1][safepoint    ] Safepoint "Cleanup", Time since last: 1001020076 ns, Reaching safepoint: 125900 ns, At safepoint: 47500 ns, Total: 173400 ns
[2020-03-27T07:52:47.927+0000][1][safepoint    ] Safepoint "RevokeBias", Time since last: 111441586 ns, Reaching safepoint: 190000 ns, At safepoint: 186800 ns, Total: 376800 ns
[2020-03-27T07:52:47.990+0000][1][safepoint    ] Safepoint "RevokeBias", Time since last: 62508893 ns, Reaching safepoint: 59400 ns, At safepoint: 27600 ns, Total: 87000 ns
[2020-03-27T07:52:47.991+0000][1][safepoint    ] Safepoint "RevokeBias", Time since last: 676299 ns, Reaching safepoint: 198600 ns, At safepoint: 40800 ns, Total: 239400 ns
[2020-03-27T07:52:48.031+0000][1][safepoint    ] Safepoint "RevokeBias", Time since last: 39605996 ns, Reaching safepoint: 61500 ns, At safepoint: 37300 ns, Total: 98800 ns
[2020-03-27T07:52:48.031+0000][1][safepoint    ] Safepoint "RevokeBias", Time since last: 523199 ns, Reaching safepoint: 56100 ns, At safepoint: 25000 ns, Total: 81100 ns
[2020-03-27T07:52:48.032+0000][1][safepoint    ] Safepoint "RevokeBias", Time since last: 709500 ns, Reaching safepoint: 42400 ns, At safepoint: 25100 ns, Total: 67500 ns
[2020-03-27T07:52:49.033+0000][1][safepoint    ] Safepoint "Cleanup", Time since last: 1001175330 ns, Reaching safepoint: 82000 ns, At safepoint: 25300 ns, Total: 107300 ns
[2020-03-27T07:52:50.034+0000][1][safepoint    ] Safepoint "Cleanup", Time since last: 1000773468 ns, Reaching safepoint: 78400 ns, At safepoint: 21500 ns, Total: 99900 ns
[2020-03-27T07:52:51.035+0000][1][safepoint    ] Safepoint "Cleanup", Time since last: 1000893168 ns, Reaching safepoint: 205000 ns, At safepoint: 83100 ns, Total: 288100 ns
[2020-03-27T07:52:52.038+0000][1][safepoint    ] Safepoint "Cleanup", Time since last: 1002471368 ns, Reaching safepoint: 205900 ns, At safepoint: 80200 ns, Total: 286100 ns
[2020-03-27T07:52:53.040+0000][1][safepoint    ] Safepoint "Cleanup", Time since last: 1002164867 ns, Reaching safepoint: 202300 ns, At safepoint: 36300 ns, Total: 238600 ns
[2020-03-27T07:52:53.800+0000][1][safepoint    ] Safepoint "RevokeBias", Time since last: 759524524 ns, Reaching safepoint: 187500 ns, At safepoint: 14200 ns, Total: 201700 ns
[2020-03-27T07:52:53.817+0000][1][safepoint    ] Safepoint "RevokeBias", Time since last: 16549797 ns, Reaching safepoint: 142299 ns, At safepoint: 14000 ns, Total: 156299 ns
[2020-03-27T07:52:54.242+0000][1][safepoint    ] Safepoint "RevokeBias", Time since last: 424477402 ns, Reaching safepoint: 217900 ns, At safepoint: 24600 ns, Total: 242500 ns
[2020-03-27T07:52:54.280+0000][1][safepoint    ] Safepoint "RevokeBias", Time since last: 38189891 ns, Reaching safepoint: 472600 ns, At safepoint: 20900 ns, Total: 493500 ns
[2020-03-27T07:52:55.281+0000][1][safepoint    ] Safepoint "Cleanup", Time since last: 1000754868 ns, Reaching safepoint: 297400 ns, At safepoint: 82600 ns, Total: 380000 ns
[2020-03-27T07:52:56.284+0000][1][safepoint    ] Safepoint "Cleanup", Time since last: 1001930568 ns, Reaching safepoint: 303600 ns, At safepoint: 79400 ns, Total: 383000 ns
[2020-03-27T07:52:57.286+0000][1][safepoint    ] Safepoint "Cleanup", Time since last: 1002097976 ns, Reaching safepoint: 277400 ns, At safepoint: 73300 ns, Total: 350700 ns
[2020-03-27T07:52:58.288+0000][1][safepoint    ] Safepoint "Cleanup", Time since last: 1001738829 ns, Reaching safepoint: 304900 ns, At safepoint: 25200 ns, Total: 330100 ns
[2020-03-27T07:52:59.130+0000][1][safepoint    ] Safepoint "RevokeBias", Time since last: 841406488 ns, Reaching safepoint: 195000 ns, At safepoint: 89300 ns, Total: 284300 ns
[2020-03-27T07:53:00.132+0000][1][safepoint    ] Safepoint "Cleanup", Time since last: 1002058029 ns, Reaching safepoint: 221900 ns, At safepoint: 25800 ns, Total: 247700 ns
[2020-03-27T07:53:01.134+0000][1][safepoint    ] Safepoint "Cleanup", Time since last: 1002071528 ns, Reaching safepoint: 67900 ns, At safepoint: 15700 ns, Total: 83600 ns
[2020-03-27T07:53:02.135+0000][1][safepoint    ] Safepoint "Cleanup", Time since last: 1000815930 ns, Reaching safepoint: 69000 ns, At safepoint: 16500 ns, Total: 85500 ns
[2020-03-27T07:53:03.136+0000][1][safepoint    ] Safepoint "Cleanup", Time since last: 1001004229 ns, Reaching safepoint: 85800 ns, At safepoint: 22100 ns, Total: 107900 ns
[2020-03-27T07:53:04.138+0000][1][safepoint    ] Safepoint "Cleanup", Time since last: 1001008329 ns, Reaching safepoint: 296600 ns, At safepoint: 76200 ns, Total: 372800 ns
[2020-03-27T07:53:04.185+0000][1][gc,start     ] GC(22) Pause Young (Allocation Failure)
[2020-03-27T07:53:04.186+0000][1][gc,task      ] GC(22) Using 2 workers of 2 for evacuation
[2020-03-27T07:53:04.193+0000][1][gc,age       ] GC(22) Desired survivor size 8716288 bytes, new threshold 1 (max threshold 6)
[2020-03-27T07:53:04.194+0000][1][gc,age       ] GC(22) Age table with threshold 1 (max threshold 6)
[2020-03-27T07:53:04.194+0000][1][gc,age       ] GC(22) - age   1:   10260840 bytes,   10260840 total
[2020-03-27T07:53:04.195+0000][1][gc,age       ] GC(22) - age   2:     689464 bytes,   10950304 total
[2020-03-27T07:53:04.195+0000][1][gc,age       ] GC(22) - age   3:     212384 bytes,   11162688 total
[2020-03-27T07:53:04.196+0000][1][gc,age       ] GC(22) - age   4:    1019040 bytes,   12181728 total
[2020-03-27T07:53:04.196+0000][1][gc,heap      ] GC(22) ParNew: 148634K->15400K(153344K)
[2020-03-27T07:53:04.197+0000][1][gc,heap      ] GC(22) CMS: 78128K->78128K(353920K)
[2020-03-27T07:53:04.198+0000][1][gc,metaspace ] GC(22) Metaspace: 89788K->89788K(1132544K)
[2020-03-27T07:53:04.198+0000][1][gc           ] GC(22) Pause Young (Allocation Failure) 221M->91M(495M) 13.306ms
[2020-03-27T07:53:04.199+0000][1][gc,cpu       ] GC(22) User=0.01s Sys=0.00s Real=0.02s
[2020-03-27T07:53:04.199+0000][1][safepoint    ] Safepoint "GenCollectForAllocation", Time since last: 47009482 ns, Reaching safepoint: 65500 ns, At safepoint: 14462095 ns, Total: 14527595 ns
[2020-03-27T07:53:04.241+0000][1][safepoint    ] Safepoint "BulkRevokeBias", Time since last: 40999385 ns, Reaching safepoint: 437600 ns, At safepoint: 247200 ns, Total: 684800 ns
[2020-03-27T07:53:05.242+0000][1][safepoint    ] Safepoint "Cleanup", Time since last: 1000946899 ns, Reaching safepoint: 327994 ns, At safepoint: 28200 ns, Total: 356194 ns
[2020-03-27T07:53:06.244+0000][1][safepoint    ] Safepoint "Cleanup", Time since last: 1002088817 ns, Reaching safepoint: 87999 ns, At safepoint: 24699 ns, Total: 112698 ns
[2020-03-27T07:53:07.246+0000][1][safepoint    ] Safepoint "Cleanup", Time since last: 1001303446 ns, Reaching safepoint: 217100 ns, At safepoint: 86300 ns, Total: 303400 ns
[2020-03-27T07:53:08.249+0000][1][safepoint    ] Safepoint "Cleanup", Time since last: 1002496266 ns, Reaching safepoint: 284800 ns, At safepoint: 21700 ns, Total: 306500 ns
[2020-03-27T07:53:09.251+0000][1][safepoint    ] Safepoint "Cleanup", Time since last: 1002251466 ns, Reaching safepoint: 140900 ns, At safepoint: 28800 ns, Total: 169700 ns
[2020-03-27T07:53:10.253+0000][1][safepoint    ] Safepoint "Cleanup", Time since last: 1001149367 ns, Reaching safepoint: 303600 ns, At safepoint: 81700 ns, Total: 385300 ns
[2020-03-27T07:53:11.256+0000][1][safepoint    ] Safepoint "Cleanup", Time since last: 1002371867 ns, Reaching safepoint: 214400 ns, At safepoint: 253899 ns, Total: 468299 ns
[2020-03-27T07:53:12.258+0000][1][safepoint    ] Safepoint "Cleanup", Time since last: 1002188867 ns, Reaching safepoint: 124100 ns, At safepoint: 43600 ns, Total: 167700 ns
[2020-03-27T07:53:12.473+0000][1][safepoint    ] Safepoint "RevokeBias", Time since last: 214401607 ns, Reaching safepoint: 84100 ns, At safepoint: 23800 ns, Total: 107900 ns
[2020-03-27T07:53:12.473+0000][1][safepoint    ] Safepoint "RevokeBias", Time since last: 642300 ns, Reaching safepoint: 40400 ns, At safepoint: 15400 ns, Total: 55800 ns
[2020-03-27T07:53:12.474+0000][1][safepoint    ] Safepoint "RevokeBias", Time since last: 821699 ns, Reaching safepoint: 119100 ns, At safepoint: 22000 ns, Total: 141100 ns
[2020-03-27T07:53:12.475+0000][1][safepoint    ] Safepoint "RevokeBias", Time since last: 499300 ns, Reaching safepoint: 244100 ns, At safepoint: 19900 ns, Total: 264000 ns
[2020-03-27T07:53:12.476+0000][1][safepoint    ] Safepoint "RevokeBias", Time since last: 587200 ns, Reaching safepoint: 114400 ns, At safepoint: 17200 ns, Total: 131600 ns
[2020-03-27T07:53:12.477+0000][1][safepoint    ] Safepoint "RevokeBias", Time since last: 1147999 ns, Reaching safepoint: 357300 ns, At safepoint: 20400 ns, Total: 377700 ns
[2020-03-27T07:53:12.478+0000][1][safepoint    ] Safepoint "RevokeBias", Time since last: 479000 ns, Reaching safepoint: 30700 ns, At safepoint: 6200 ns, Total: 36900 ns
[2020-03-27T07:53:12.479+0000][1][safepoint    ] Safepoint "RevokeBias", Time since last: 857600 ns, Reaching safepoint: 125699 ns, At safepoint: 6100 ns, Total: 131799 ns
[2020-03-27T07:53:12.480+0000][1][safepoint    ] Safepoint "RevokeBias", Time since last: 1278800 ns, Reaching safepoint: 35200 ns, At safepoint: 14600 ns, Total: 49800 ns
[2020-03-27T07:53:12.482+0000][1][safepoint    ] Safepoint "RevokeBias", Time since last: 2009099 ns, Reaching safepoint: 144500 ns, At safepoint: 9600 ns, Total: 154100 ns
[2020-03-27T07:53:12.483+0000][1][safepoint    ] Safepoint "RevokeBias", Time since last: 494000 ns, Reaching safepoint: 203800 ns, At safepoint: 21500 ns, Total: 225300 ns
[2020-03-27T07:53:12.484+0000][1][safepoint    ] Safepoint "RevokeBias", Time since last: 1260799 ns, Reaching safepoint: 118200 ns, At safepoint: 26800 ns, Total: 145000 ns
[2020-03-27T07:53:12.485+0000][1][safepoint    ] Safepoint "RevokeBias", Time since last: 419200 ns, Reaching safepoint: 174800 ns, At safepoint: 55000 ns, Total: 229800 ns
[2020-03-27T07:53:12.490+0000][1][safepoint    ] Safepoint "BulkRevokeBias", Time since last: 4526698 ns, Reaching safepoint: 134500 ns, At safepoint: 244400 ns, Total: 378900 ns
[2020-03-27T07:53:12.498+0000][1][safepoint    ] Safepoint "RevokeBias", Time since last: 8299696 ns, Reaching safepoint: 232100 ns, At safepoint: 19600 ns, Total: 251700 ns
[2020-03-27T07:53:12.499+0000][1][safepoint    ] Safepoint "RevokeBias", Time since last: 616600 ns, Reaching safepoint: 69900 ns, At safepoint: 17600 ns, Total: 87500 ns
[2020-03-27T07:53:12.503+0000][1][safepoint    ] Safepoint "RevokeBias", Time since last: 3606198 ns, Reaching safepoint: 30800 ns, At safepoint: 20300 ns, Total: 51100 ns
[2020-03-27T07:53:12.503+0000][1][safepoint    ] Safepoint "RevokeBias", Time since last: 571200 ns, Reaching safepoint: 79100 ns, At safepoint: 6000 ns, Total: 85100 ns
[2020-03-27T07:53:12.504+0000][1][safepoint    ] Safepoint "RevokeBias", Time since last: 887299 ns, Reaching safepoint: 28400 ns, At safepoint: 22600 ns, Total: 51000 ns
[2020-03-27T07:53:12.505+0000][1][safepoint    ] Safepoint "RevokeBias", Time since last: 693900 ns, Reaching safepoint: 27100 ns, At safepoint: 14000 ns, Total: 41100 ns
[2020-03-27T07:53:12.506+0000][1][safepoint    ] Safepoint "RevokeBias", Time since last: 717500 ns, Reaching safepoint: 28200 ns, At safepoint: 36700 ns, Total: 64900 ns
[2020-03-27T07:53:12.506+0000][1][safepoint    ] Safepoint "RevokeBias", Time since last: 512299 ns, Reaching safepoint: 27700 ns, At safepoint: 20200 ns, Total: 47900 ns
[2020-03-27T07:53:12.508+0000][1][safepoint    ] Safepoint "RevokeBias", Time since last: 1130700 ns, Reaching safepoint: 28400 ns, At safepoint: 4700 ns, Total: 33100 ns
[2020-03-27T07:53:12.510+0000][1][safepoint    ] Safepoint "RevokeBias", Time since last: 2175199 ns, Reaching safepoint: 496000 ns, At safepoint: 23000 ns, Total: 519000 ns
[2020-03-27T07:53:12.997+0000][1][safepoint    ] Safepoint "RevokeBias", Time since last: 486639984 ns, Reaching safepoint: 253199 ns, At safepoint: 99500 ns, Total: 352699 ns
[2020-03-27T07:53:13.007+0000][1][safepoint    ] Safepoint "RevokeBias", Time since last: 9055394 ns, Reaching safepoint: 263699 ns, At safepoint: 90900 ns, Total: 354599 ns
[2020-03-27T07:53:13.010+0000][1][safepoint    ] Safepoint "RevokeBias", Time since last: 3120298 ns, Reaching safepoint: 155300 ns, At safepoint: 60400 ns, Total: 215700 ns
[2020-03-27T07:53:13.013+0000][1][safepoint    ] Safepoint "RevokeBias", Time since last: 2252498 ns, Reaching safepoint: 338800 ns, At safepoint: 33500 ns, Total: 372300 ns
[2020-03-27T07:53:13.015+0000][1][safepoint    ] Safepoint "RevokeBias", Time since last: 1859998 ns, Reaching safepoint: 266900 ns, At safepoint: 30600 ns, Total: 297500 ns
[2020-03-27T07:53:13.018+0000][1][safepoint    ] Safepoint "RevokeBias", Time since last: 3451498 ns, Reaching safepoint: 110400 ns, At safepoint: 19299 ns, Total: 129699 ns
[2020-03-27T07:53:13.020+0000][1][safepoint    ] Safepoint "RevokeBias", Time since last: 1418599 ns, Reaching safepoint: 107300 ns, At safepoint: 38700 ns, Total: 146000 ns
[2020-03-27T07:53:13.024+0000][1][safepoint    ] Safepoint "RevokeBias", Time since last: 4104497 ns, Reaching safepoint: 133700 ns, At safepoint: 33900 ns, Total: 167600 ns
[2020-03-27T07:53:13.026+0000][1][safepoint    ] Safepoint "RevokeBias", Time since last: 1267999 ns, Reaching safepoint: 126200 ns, At safepoint: 47100 ns, Total: 173300 ns
[2020-03-27T07:53:13.027+0000][1][safepoint    ] Safepoint "RevokeBias", Time since last: 1075099 ns, Reaching safepoint: 100500 ns, At safepoint: 29000 ns, Total: 129500 ns
[2020-03-27T07:53:13.029+0000][1][safepoint    ] Safepoint "RevokeBias", Time since last: 2017599 ns, Reaching safepoint: 61700 ns, At safepoint: 34500 ns, Total: 96200 ns
[2020-03-27T07:53:13.030+0000][1][safepoint    ] Safepoint "RevokeBias", Time since last: 929599 ns, Reaching safepoint: 61000 ns, At safepoint: 34200 ns, Total: 95200 ns
[2020-03-27T07:53:13.031+0000][1][safepoint    ] Safepoint "RevokeBias", Time since last: 914599 ns, Reaching safepoint: 89900 ns, At safepoint: 12300 ns, Total: 102200 ns
[2020-03-27T07:53:13.033+0000][1][safepoint    ] Safepoint "RevokeBias", Time since last: 2018198 ns, Reaching safepoint: 53000 ns, At safepoint: 52600 ns, Total: 105600 ns
[2020-03-27T07:53:13.035+0000][1][safepoint    ] Safepoint "BulkRevokeBias", Time since last: 1442999 ns, Reaching safepoint: 211900 ns, At safepoint: 445700 ns, Total: 657600 ns
[2020-03-27T07:53:13.038+0000][1][safepoint    ] Safepoint "RevokeBias", Time since last: 1822398 ns, Reaching safepoint: 386500 ns, At safepoint: 38300 ns, Total: 424800 ns
[2020-03-27T07:53:13.043+0000][1][safepoint    ] Safepoint "RevokeBias", Time since last: 4242397 ns, Reaching safepoint: 699999 ns, At safepoint: 49300 ns, Total: 749299 ns
[2020-03-27T07:53:13.043+0000][1][safepoint    ] Safepoint "RevokeBias", Time since last: 445500 ns, Reaching safepoint: 193800 ns, At safepoint: 117000 ns, Total: 310800 ns
[2020-03-27T07:53:13.046+0000][1][safepoint    ] Safepoint "RevokeBias", Time since last: 452799 ns, Reaching safepoint: 1816799 ns, At safepoint: 27800 ns, Total: 1844599 ns
[2020-03-27T07:53:13.047+0000][1][safepoint    ] Safepoint "RevokeBias", Time since last: 479900 ns, Reaching safepoint: 388899 ns, At safepoint: 45900 ns, Total: 434799 ns
[2020-03-27T07:53:13.051+0000][1][safepoint    ] Safepoint "RevokeBias", Time since last: 3921997 ns, Reaching safepoint: 211700 ns, At safepoint: 27000 ns, Total: 238700 ns
[2020-03-27T07:53:13.055+0000][1][safepoint    ] Safepoint "RevokeBias", Time since last: 3553598 ns, Reaching safepoint: 375599 ns, At safepoint: 19600 ns, Total: 395199 ns
[2020-03-27T07:53:13.056+0000][1][safepoint    ] Safepoint "RevokeBias", Time since last: 1382499 ns, Reaching safepoint: 121400 ns, At safepoint: 27000 ns, Total: 148400 ns
[2020-03-27T07:53:13.057+0000][1][safepoint    ] Safepoint "RevokeBias", Time since last: 447500 ns, Reaching safepoint: 156100 ns, At safepoint: 27500 ns, Total: 183600 ns
[2020-03-27T07:53:13.057+0000][1][safepoint    ] Safepoint "RevokeBias", Time since last: 387999 ns, Reaching safepoint: 131400 ns, At safepoint: 37500 ns, Total: 168900 ns
[2020-03-27T07:53:13.060+0000][1][safepoint    ] Safepoint "RevokeBias", Time since last: 2774198 ns, Reaching safepoint: 217500 ns, At safepoint: 35600 ns, Total: 253100 ns
[2020-03-27T07:53:13.063+0000][1][safepoint    ] Safepoint "RevokeBias", Time since last: 1976799 ns, Reaching safepoint: 379699 ns, At safepoint: 24500 ns, Total: 404199 ns
[2020-03-27T07:53:13.064+0000][1][safepoint    ] Safepoint "RevokeBias", Time since last: 679000 ns, Reaching safepoint: 173700 ns, At safepoint: 80800 ns, Total: 254500 ns
[2020-03-27T07:53:13.065+0000][1][safepoint    ] Safepoint "RevokeBias", Time since last: 999899 ns, Reaching safepoint: 222200 ns, At safepoint: 30100 ns, Total: 252300 ns
[2020-03-27T07:53:13.066+0000][1][safepoint    ] Safepoint "RevokeBias", Time since last: 635799 ns, Reaching safepoint: 114400 ns, At safepoint: 39000 ns, Total: 153400 ns
[2020-03-27T07:53:13.066+0000][1][safepoint    ] Safepoint "RevokeBias", Time since last: 292400 ns, Reaching safepoint: 45400 ns, At safepoint: 40100 ns, Total: 85500 ns
[2020-03-27T07:53:13.067+0000][1][safepoint    ] Safepoint "RevokeBias", Time since last: 530799 ns, Reaching safepoint: 40700 ns, At safepoint: 32400 ns, Total: 73100 ns
[2020-03-27T07:53:13.072+0000][1][safepoint    ] Safepoint "RevokeBias", Time since last: 5328496 ns, Reaching safepoint: 150200 ns, At safepoint: 14700 ns, Total: 164900 ns
[2020-03-27T07:53:13.073+0000][1][safepoint    ] Safepoint "RevokeBias", Time since last: 548800 ns, Reaching safepoint: 117900 ns, At safepoint: 14000 ns, Total: 131900 ns
[2020-03-27T07:53:13.074+0000][1][safepoint    ] Safepoint "RevokeBias", Time since last: 702299 ns, Reaching safepoint: 476900 ns, At safepoint: 29800 ns, Total: 506700 ns
[2020-03-27T07:53:13.075+0000][1][safepoint    ] Safepoint "RevokeBias", Time since last: 1063899 ns, Reaching safepoint: 184800 ns, At safepoint: 33000 ns, Total: 217800 ns
[2020-03-27T07:53:13.076+0000][1][safepoint    ] Safepoint "RevokeBias", Time since last: 504399 ns, Reaching safepoint: 288600 ns, At safepoint: 96500 ns, Total: 385100 ns
[2020-03-27T07:53:13.078+0000][1][safepoint    ] Safepoint "RevokeBias", Time since last: 867599 ns, Reaching safepoint: 610000 ns, At safepoint: 20300 ns, Total: 630300 ns
[2020-03-27T07:53:13.078+0000][1][safepoint    ] Safepoint "RevokeBias", Time since last: 369200 ns, Reaching safepoint: 252399 ns, At safepoint: 18400 ns, Total: 270799 ns
[2020-03-27T07:53:13.080+0000][1][safepoint    ] Safepoint "RevokeBias", Time since last: 1048200 ns, Reaching safepoint: 263899 ns, At safepoint: 188200 ns, Total: 452099 ns
[2020-03-27T07:53:13.088+0000][1][safepoint    ] Safepoint "RevokeBias", Time since last: 7702195 ns, Reaching safepoint: 329999 ns, At safepoint: 198100 ns, Total: 528099 ns
[2020-03-27T07:53:13.090+0000][1][safepoint    ] Safepoint "RevokeBias", Time since last: 1493699 ns, Reaching safepoint: 675700 ns, At safepoint: 19099 ns, Total: 694799 ns
[2020-03-27T07:53:13.097+0000][1][safepoint    ] Safepoint "RevokeBias", Time since last: 6214596 ns, Reaching safepoint: 569899 ns, At safepoint: 71100 ns, Total: 640999 ns
[2020-03-27T07:53:13.104+0000][1][safepoint    ] Safepoint "RevokeBias", Time since last: 6668895 ns, Reaching safepoint: 289800 ns, At safepoint: 33200 ns, Total: 323000 ns
[2020-03-27T07:53:13.105+0000][1][safepoint    ] Safepoint "RevokeBias", Time since last: 530300 ns, Reaching safepoint: 130900 ns, At safepoint: 18500 ns, Total: 149400 ns
[2020-03-27T07:53:13.106+0000][1][safepoint    ] Safepoint "RevokeBias", Time since last: 806599 ns, Reaching safepoint: 322400 ns, At safepoint: 20500 ns, Total: 342900 ns
[2020-03-27T07:53:13.107+0000][1][safepoint    ] Safepoint "RevokeBias", Time since last: 421299 ns, Reaching safepoint: 175600 ns, At safepoint: 25500 ns, Total: 201100 ns
[2020-03-27T07:53:13.108+0000][1][safepoint    ] Safepoint "RevokeBias", Time since last: 535400 ns, Reaching safepoint: 328400 ns, At safepoint: 15000 ns, Total: 343400 ns
[2020-03-27T07:53:13.109+0000][1][safepoint    ] Safepoint "RevokeBias", Time since last: 575799 ns, Reaching safepoint: 565600 ns, At safepoint: 32300 ns, Total: 597900 ns
[2020-03-27T07:53:13.109+0000][1][safepoint    ] Safepoint "RevokeBias", Time since last: 423599 ns, Reaching safepoint: 316100 ns, At safepoint: 32000 ns, Total: 348100 ns
[2020-03-27T07:53:13.110+0000][1][safepoint    ] Safepoint "RevokeBias", Time since last: 377100 ns, Reaching safepoint: 250300 ns, At safepoint: 17000 ns, Total: 267300 ns
[2020-03-27T07:53:13.113+0000][1][safepoint    ] Safepoint "RevokeBias", Time since last: 2185598 ns, Reaching safepoint: 310600 ns, At safepoint: 27400 ns, Total: 338000 ns
[2020-03-27T07:53:13.113+0000][1][safepoint    ] Safepoint "RevokeBias", Time since last: 417699 ns, Reaching safepoint: 293200 ns, At safepoint: 17000 ns, Total: 310200 ns
[2020-03-27T07:53:13.114+0000][1][safepoint    ] Safepoint "RevokeBias", Time since last: 406100 ns, Reaching safepoint: 276300 ns, At safepoint: 12500 ns, Total: 288800 ns
[2020-03-27T07:53:13.115+0000][1][safepoint    ] Safepoint "RevokeBias", Time since last: 314999 ns, Reaching safepoint: 301200 ns, At safepoint: 25800 ns, Total: 327000 ns
[2020-03-27T07:53:13.115+0000][1][safepoint    ] Safepoint "RevokeBias", Time since last: 486400 ns, Reaching safepoint: 160000 ns, At safepoint: 14000 ns, Total: 174000 ns
[2020-03-27T07:53:13.116+0000][1][safepoint    ] Safepoint "RevokeBias", Time since last: 382399 ns, Reaching safepoint: 163700 ns, At safepoint: 54800 ns, Total: 218500 ns
[2020-03-27T07:53:13.117+0000][1][safepoint    ] Safepoint "RevokeBias", Time since last: 443400 ns, Reaching safepoint: 286600 ns, At safepoint: 14100 ns, Total: 300700 ns
[2020-03-27T07:53:13.117+0000][1][safepoint    ] Safepoint "RevokeBias", Time since last: 212400 ns, Reaching safepoint: 323399 ns, At safepoint: 15500 ns, Total: 338899 ns
[2020-03-27T07:53:13.120+0000][1][safepoint    ] Safepoint "RevokeBias", Time since last: 2098199 ns, Reaching safepoint: 283399 ns, At safepoint: 11400 ns, Total: 294799 ns
[2020-03-27T07:53:13.121+0000][1][safepoint    ] Safepoint "RevokeBias", Time since last: 358800 ns, Reaching safepoint: 718200 ns, At safepoint: 10500 ns, Total: 728700 ns
[2020-03-27T07:53:13.121+0000][1][safepoint    ] Safepoint "RevokeBias", Time since last: 704599 ns, Reaching safepoint: 59700 ns, At safepoint: 7200 ns, Total: 66900 ns
[2020-03-27T07:53:13.126+0000][1][safepoint    ] Safepoint "RevokeBias", Time since last: 4066397 ns, Reaching safepoint: 180200 ns, At safepoint: 283200 ns, Total: 463400 ns
[2020-03-27T07:53:13.127+0000][1][safepoint    ] Safepoint "RevokeBias", Time since last: 977799 ns, Reaching safepoint: 78600 ns, At safepoint: 14500 ns, Total: 93100 ns
[2020-03-27T07:53:13.144+0000][1][safepoint    ] Safepoint "RevokeBias", Time since last: 16374788 ns, Reaching safepoint: 216099 ns, At safepoint: 20200 ns, Total: 236299 ns
[2020-03-27T07:53:13.145+0000][1][safepoint    ] Safepoint "RevokeBias", Time since last: 1345499 ns, Reaching safepoint: 177400 ns, At safepoint: 34400 ns, Total: 211800 ns
[2020-03-27T07:53:13.148+0000][1][safepoint    ] Safepoint "RevokeBias", Time since last: 2213599 ns, Reaching safepoint: 277899 ns, At safepoint: 56900 ns, Total: 334799 ns
[2020-03-27T07:53:13.149+0000][1][safepoint    ] Safepoint "RevokeBias", Time since last: 1170899 ns, Reaching safepoint: 194600 ns, At safepoint: 31000 ns, Total: 225600 ns
[2020-03-27T07:53:13.213+0000][1][safepoint    ] Safepoint "RevokeBias", Time since last: 63676352 ns, Reaching safepoint: 100700 ns, At safepoint: 26000 ns, Total: 126700 ns
[2020-03-27T07:53:13.258+0000][1][safepoint    ] Safepoint "RevokeBias", Time since last: 44866567 ns, Reaching safepoint: 142900 ns, At safepoint: 26699 ns, Total: 169599 ns
[2020-03-27T07:53:13.297+0000][1][safepoint    ] Safepoint "RevokeBias", Time since last: 38800071 ns, Reaching safepoint: 113500 ns, At safepoint: 29000 ns, Total: 142500 ns
[2020-03-27T07:53:13.298+0000][1][safepoint    ] Safepoint "RevokeBias", Time since last: 559200 ns, Reaching safepoint: 47000 ns, At safepoint: 21500 ns, Total: 68500 ns
[2020-03-27T07:53:13.298+0000][1][safepoint    ] Safepoint "RevokeBias", Time since last: 494099 ns, Reaching safepoint: 38500 ns, At safepoint: 20400 ns, Total: 58900 ns
[2020-03-27T07:53:13.299+0000][1][safepoint    ] Safepoint "RevokeBias", Time since last: 553300 ns, Reaching safepoint: 32500 ns, At safepoint: 32000 ns, Total: 64500 ns
[2020-03-27T07:53:13.340+0000][1][safepoint    ] Safepoint "RevokeBias", Time since last: 40677669 ns, Reaching safepoint: 99000 ns, At safepoint: 13000 ns, Total: 112000 ns
[2020-03-27T07:53:13.340+0000][1][safepoint    ] Safepoint "RevokeBias", Time since last: 607700 ns, Reaching safepoint: 72800 ns, At safepoint: 24000 ns, Total: 96800 ns
[2020-03-27T07:53:13.370+0000][1][safepoint    ] Safepoint "RevokeBias", Time since last: 30020677 ns, Reaching safepoint: 141800 ns, At safepoint: 28600 ns, Total: 170400 ns
[2020-03-27T07:53:13.372+0000][1][safepoint    ] Safepoint "RevokeBias", Time since last: 1548999 ns, Reaching safepoint: 68500 ns, At safepoint: 24900 ns, Total: 93400 ns
[2020-03-27T07:53:13.379+0000][1][safepoint    ] Safepoint "RevokeBias", Time since last: 7017895 ns, Reaching safepoint: 142399 ns, At safepoint: 10900 ns, Total: 153299 ns
[2020-03-27T07:53:13.445+0000][1][safepoint    ] Safepoint "RevokeBias", Time since last: 65074452 ns, Reaching safepoint: 321299 ns, At safepoint: 15600 ns, Total: 336899 ns
[2020-03-27T07:53:13.450+0000][1][safepoint    ] Safepoint "RevokeBias", Time since last: 4839697 ns, Reaching safepoint: 56100 ns, At safepoint: 21000 ns, Total: 77100 ns
[2020-03-27T07:53:13.455+0000][1][safepoint    ] Safepoint "RevokeBias", Time since last: 5473195 ns, Reaching safepoint: 77100 ns, At safepoint: 22800 ns, Total: 99900 ns
[2020-03-27T07:53:13.458+0000][1][safepoint    ] Safepoint "RevokeBias", Time since last: 2858198 ns, Reaching safepoint: 77900 ns, At safepoint: 15100 ns, Total: 93000 ns
[2020-03-27T07:53:13.459+0000][1][safepoint    ] Safepoint "RevokeBias", Time since last: 582000 ns, Reaching safepoint: 204800 ns, At safepoint: 15700 ns, Total: 220500 ns
[2020-03-27T07:53:13.499+0000][1][safepoint    ] Safepoint "RevokeBias", Time since last: 39670370 ns, Reaching safepoint: 62200 ns, At safepoint: 17900 ns, Total: 80100 ns
[2020-03-27T07:53:13.501+0000][1][safepoint    ] Safepoint "RevokeBias", Time since last: 2324198 ns, Reaching safepoint: 71300 ns, At safepoint: 25800 ns, Total: 97100 ns
[2020-03-27T07:53:13.502+0000][1][safepoint    ] Safepoint "RevokeBias", Time since last: 491000 ns, Reaching safepoint: 36199 ns, At safepoint: 20700 ns, Total: 56899 ns
[2020-03-27T07:53:13.509+0000][1][safepoint    ] Safepoint "RevokeBias", Time since last: 7410495 ns, Reaching safepoint: 104000 ns, At safepoint: 6300 ns, Total: 110300 ns
[2020-03-27T07:53:13.510+0000][1][safepoint    ] Safepoint "RevokeBias", Time since last: 784399 ns, Reaching safepoint: 139100 ns, At safepoint: 6200 ns, Total: 145300 ns
[2020-03-27T07:53:13.511+0000][1][safepoint    ] Safepoint "RevokeBias", Time since last: 382800 ns, Reaching safepoint: 72000 ns, At safepoint: 5400 ns, Total: 77400 ns
[2020-03-27T07:53:13.511+0000][1][safepoint    ] Safepoint "RevokeBias", Time since last: 343100 ns, Reaching safepoint: 83699 ns, At safepoint: 14700 ns, Total: 98399 ns
[2020-03-27T07:53:13.512+0000][1][safepoint    ] Safepoint "RevokeBias", Time since last: 772200 ns, Reaching safepoint: 32200 ns, At safepoint: 15200 ns, Total: 47400 ns
[2020-03-27T07:53:13.513+0000][1][safepoint    ] Safepoint "RevokeBias", Time since last: 908499 ns, Reaching safepoint: 31400 ns, At safepoint: 18100 ns, Total: 49500 ns
[2020-03-27T07:53:13.514+0000][1][safepoint    ] Safepoint "RevokeBias", Time since last: 1037699 ns, Reaching safepoint: 34500 ns, At safepoint: 15600 ns, Total: 50100 ns
[2020-03-27T07:53:13.515+0000][1][safepoint    ] Safepoint "RevokeBias", Time since last: 1314499 ns, Reaching safepoint: 111500 ns, At safepoint: 35500 ns, Total: 147000 ns
[2020-03-27T07:53:13.530+0000][1][safepoint    ] Safepoint "RevokeBias", Time since last: 14545389 ns, Reaching safepoint: 147400 ns, At safepoint: 7700 ns, Total: 155100 ns
[2020-03-27T07:53:13.531+0000][1][safepoint    ] Safepoint "RevokeBias", Time since last: 655400 ns, Reaching safepoint: 107800 ns, At safepoint: 5100 ns, Total: 112900 ns
[2020-03-27T07:53:13.534+0000][1][safepoint    ] Safepoint "RevokeBias", Time since last: 2819597 ns, Reaching safepoint: 46100 ns, At safepoint: 15000 ns, Total: 61100 ns
[2020-03-27T07:53:13.536+0000][1][safepoint    ] Safepoint "RevokeBias", Time since last: 2719798 ns, Reaching safepoint: 62400 ns, At safepoint: 14400 ns, Total: 76800 ns
[2020-03-27T07:53:13.546+0000][1][safepoint    ] Safepoint "RevokeBias", Time since last: 9185693 ns, Reaching safepoint: 134700 ns, At safepoint: 25000 ns, Total: 159700 ns
[2020-03-27T07:53:13.550+0000][1][safepoint    ] Safepoint "RevokeBias", Time since last: 3655798 ns, Reaching safepoint: 18500 ns, At safepoint: 35900 ns, Total: 54400 ns
[2020-03-27T07:53:13.556+0000][1][safepoint    ] Safepoint "RevokeBias", Time since last: 6210195 ns, Reaching safepoint: 16200 ns, At safepoint: 22100 ns, Total: 38300 ns
[2020-03-27T07:53:13.589+0000][1][safepoint    ] Safepoint "RevokeBias", Time since last: 32950775 ns, Reaching safepoint: 94000 ns, At safepoint: 22300 ns, Total: 116300 ns
[2020-03-27T07:53:13.590+0000][1][gc,heap,exit ] Heap
[2020-03-27T07:53:13.590+0000][1][gc,heap,exit ]  par new generation   total 153344K, used 117865K [0x00000000e0000000, 0x00000000ea660000, 0x00000000ea660000)
[2020-03-27T07:53:13.591+0000][1][gc,heap,exit ]   eden space 136320K,  75% used [0x00000000e0000000, 0x00000000e6410650, 0x00000000e8520000)
[2020-03-27T07:53:13.591+0000][1][gc,heap,exit ]   from space 17024K,  90% used [0x00000000e95c0000, 0x00000000ea4ca040, 0x00000000ea660000)
[2020-03-27T07:53:13.591+0000][1][gc,heap,exit ]   to   space 17024K,   0% used [0x00000000e8520000, 0x00000000e8520000, 0x00000000e95c0000)
[2020-03-27T07:53:13.592+0000][1][gc,heap,exit ]  concurrent mark-sweep generation total 353920K, used 78128K [0x00000000ea660000, 0x0000000100000000, 0x0000000100000000)
[2020-03-27T07:53:13.592+0000][1][gc,heap,exit ]  Metaspace       used 90171K, capacity 97225K, committed 97332K, reserved 1132544K
[2020-03-27T07:53:13.593+0000][1][gc,heap,exit ]   class space    used 11962K, capacity 14869K, committed 14880K, reserved 1048576K
