[2020-05-28T10:56:04.287+0000][1][gc] Using Concurrent Mark Sweep
[2020-05-28T10:56:04.299+0000][1][gc,heap,coops] Heap address: 0x00000000e0000000, size: 512 MB, Compressed Oops mode: 32-bit
[2020-05-28T10:56:04.825+0000][1][safepoint    ] Safepoint "EnableBiasedLocking", Time since last: 307074600 ns, Reaching safepoint: 324200 ns, At safepoint: 87900 ns, Total: 412100 ns
[2020-05-28T10:56:04.857+0000][1][safepoint    ] Safepoint "RevokeBias", Time since last: 29333700 ns, Reaching safepoint: 2697800 ns, At safepoint: 75900 ns, Total: 2773700 ns
[2020-05-28T10:56:04.888+0000][1][safepoint    ] Safepoint "Deoptimize", Time since last: 29871000 ns, Reaching safepoint: 491800 ns, At safepoint: 644300 ns, Total: 1136100 ns
[2020-05-28T10:56:05.890+0000][1][safepoint    ] Safepoint "Cleanup", Time since last: 1001530700 ns, Reaching safepoint: 471800 ns, At safepoint: 11700 ns, Total: 483500 ns
[2020-05-28T10:56:06.036+0000][1][safepoint    ] Safepoint "RevokeBias", Time since last: 137971600 ns, Reaching safepoint: 7937000 ns, At safepoint: 47500 ns, Total: 7984500 ns
[2020-05-28T10:56:06.042+0000][1][safepoint    ] Safepoint "Deoptimize", Time since last: 5989900 ns, Reaching safepoint: 20400 ns, At safepoint: 37900 ns, Total: 58300 ns
[2020-05-28T10:56:06.045+0000][1][safepoint    ] Safepoint "Deoptimize", Time since last: 3219700 ns, Reaching safepoint: 17500 ns, At safepoint: 37100 ns, Total: 54600 ns
[2020-05-28T10:56:06.411+0000][1][safepoint    ] Safepoint "Deoptimize", Time since last: 364232700 ns, Reaching safepoint: 825500 ns, At safepoint: 68900 ns, Total: 894400 ns
[2020-05-28T10:56:07.415+0000][1][safepoint    ] Safepoint "Cleanup", Time since last: 1001651500 ns, Reaching safepoint: 3134100 ns, At safepoint: 68000 ns, Total: 3202100 ns
[2020-05-28T10:56:08.426+0000][1][safepoint    ] Safepoint "Cleanup", Time since last: 1002319100 ns, Reaching safepoint: 8067000 ns, At safepoint: 14100 ns, Total: 8081100 ns
[2020-05-28T10:56:09.429+0000][1][safepoint    ] Safepoint "Cleanup", Time since last: 1003152700 ns, Reaching safepoint: 314200 ns, At safepoint: 8800 ns, Total: 323000 ns
[2020-05-28T10:56:09.497+0000][1][safepoint    ] Safepoint "Deoptimize", Time since last: 67172700 ns, Reaching safepoint: 959000 ns, At safepoint: 107900 ns, Total: 1066900 ns
[2020-05-28T10:56:09.740+0000][1][safepoint    ] Safepoint "Deoptimize", Time since last: 241915200 ns, Reaching safepoint: 24100 ns, At safepoint: 104300 ns, Total: 128400 ns
[2020-05-28T10:56:10.142+0000][1][safepoint    ] Safepoint "Deoptimize", Time since last: 402767200 ns, Reaching safepoint: 58000 ns, At safepoint: 88800 ns, Total: 146800 ns
[2020-05-28T10:56:11.168+0000][1][safepoint    ] Safepoint "Cleanup", Time since last: 1000883800 ns, Reaching safepoint: 25067600 ns, At safepoint: 60200 ns, Total: 25127800 ns
[2020-05-28T10:56:12.171+0000][1][safepoint    ] Safepoint "Cleanup", Time since last: 1000576100 ns, Reaching safepoint: 2281400 ns, At safepoint: 7700 ns, Total: 2289100 ns
[2020-05-28T10:56:12.354+0000][1][safepoint    ] Safepoint "Deoptimize", Time since last: 182383000 ns, Reaching safepoint: 30800 ns, At safepoint: 114700 ns, Total: 145500 ns
[2020-05-28T10:56:13.009+0000][1][safepoint    ] Safepoint "Deoptimize", Time since last: 655396600 ns, Reaching safepoint: 124600 ns, At safepoint: 111800 ns, Total: 236400 ns
[2020-05-28T10:56:13.857+0000][1][safepoint    ] Safepoint "RevokeBias", Time since last: 847713200 ns, Reaching safepoint: 184800 ns, At safepoint: 100600 ns, Total: 285400 ns
[2020-05-28T10:56:14.721+0000][1][safepoint    ] Safepoint "Deoptimize", Time since last: 862902100 ns, Reaching safepoint: 183100 ns, At safepoint: 197400 ns, Total: 380500 ns
[2020-05-28T10:56:15.665+0000][1][safepoint    ] Safepoint "Deoptimize", Time since last: 944525200 ns, Reaching safepoint: 50500 ns, At safepoint: 162700 ns, Total: 213200 ns
[2020-05-28T10:56:15.667+0000][1][safepoint    ] Safepoint "Deoptimize", Time since last: 841400 ns, Reaching safepoint: 14900 ns, At safepoint: 179000 ns, Total: 193900 ns
[2020-05-28T10:56:15.988+0000][1][safepoint    ] Safepoint "Deoptimize", Time since last: 321341600 ns, Reaching safepoint: 113400 ns, At safepoint: 209100 ns, Total: 322500 ns
[2020-05-28T10:56:16.000+0000][1][safepoint    ] Safepoint "Deoptimize", Time since last: 11751900 ns, Reaching safepoint: 104200 ns, At safepoint: 340100 ns, Total: 444300 ns
[2020-05-28T10:56:16.097+0000][1][safepoint    ] Safepoint "RevokeBias", Time since last: 93591100 ns, Reaching safepoint: 3285500 ns, At safepoint: 64200 ns, Total: 3349700 ns
[2020-05-28T10:56:16.101+0000][1][safepoint    ] Safepoint "RevokeBias", Time since last: 853900 ns, Reaching safepoint: 3214800 ns, At safepoint: 53900 ns, Total: 3268700 ns
[2020-05-28T10:56:16.123+0000][1][safepoint    ] Safepoint "RevokeBias", Time since last: 14346300 ns, Reaching safepoint: 6666100 ns, At safepoint: 78300 ns, Total: 6744400 ns
[2020-05-28T10:56:16.123+0000][1][safepoint    ] Safepoint "RevokeBias", Time since last: 673900 ns, Reaching safepoint: 86800 ns, At safepoint: 41200 ns, Total: 128000 ns
[2020-05-28T10:56:16.127+0000][1][safepoint    ] Safepoint "RevokeBias", Time since last: 1646300 ns, Reaching safepoint: 2307000 ns, At safepoint: 69300 ns, Total: 2376300 ns
[2020-05-28T10:56:16.149+0000][1][safepoint    ] Safepoint "Deoptimize", Time since last: 21258200 ns, Reaching safepoint: 119500 ns, At safepoint: 161400 ns, Total: 280900 ns
[2020-05-28T10:56:17.153+0000][1][safepoint    ] Safepoint "Cleanup", Time since last: 1000613100 ns, Reaching safepoint: 3352100 ns, At safepoint: 8100 ns, Total: 3360200 ns
[2020-05-28T10:56:18.163+0000][1][safepoint    ] Safepoint "Cleanup", Time since last: 1001829800 ns, Reaching safepoint: 8641300 ns, At safepoint: 10900 ns, Total: 8652200 ns
[2020-05-28T10:56:19.166+0000][1][safepoint    ] Safepoint "Cleanup", Time since last: 1000566200 ns, Reaching safepoint: 2174600 ns, At safepoint: 34400 ns, Total: 2209000 ns
[2020-05-28T10:56:20.167+0000][1][safepoint    ] Safepoint "Cleanup", Time since last: 1000684900 ns, Reaching safepoint: 437600 ns, At safepoint: 11500 ns, Total: 449100 ns
[2020-05-28T10:56:21.174+0000][1][safepoint    ] Safepoint "Cleanup", Time since last: 1000598800 ns, Reaching safepoint: 6235600 ns, At safepoint: 10500 ns, Total: 6246100 ns
[2020-05-28T10:56:21.934+0000][1][safepoint    ] Safepoint "RevokeBias", Time since last: 760203300 ns, Reaching safepoint: 35700 ns, At safepoint: 41300 ns, Total: 77000 ns
[2020-05-28T10:56:22.936+0000][1][safepoint    ] Safepoint "Cleanup", Time since last: 1000757600 ns, Reaching safepoint: 1022100 ns, At safepoint: 8900 ns, Total: 1031000 ns
[2020-05-28T10:56:23.892+0000][1][safepoint    ] Safepoint "Deoptimize", Time since last: 955102100 ns, Reaching safepoint: 336200 ns, At safepoint: 273800 ns, Total: 610000 ns
[2020-05-28T10:56:23.898+0000][1][safepoint    ] Safepoint "Deoptimize", Time since last: 3141400 ns, Reaching safepoint: 122000 ns, At safepoint: 2778700 ns, Total: 2900700 ns
[2020-05-28T10:56:24.433+0000][1][gc,start     ] GC(0) Pause Young (Allocation Failure)
[2020-05-28T10:56:24.435+0000][1][gc,task      ] GC(0) Using 3 workers of 3 for evacuation
[2020-05-28T10:56:24.842+0000][1][gc,age       ] GC(0) Desired survivor size 8945664 bytes, new threshold 1 (max threshold 6)
[2020-05-28T10:56:24.843+0000][1][gc,age       ] GC(0) Age table with threshold 1 (max threshold 6)
[2020-05-28T10:56:24.844+0000][1][gc,age       ] GC(0) - age   1:    9797768 bytes,    9797768 total
[2020-05-28T10:56:24.845+0000][1][gc,heap      ] GC(0) ParNew: 139776K->9664K(157248K)
[2020-05-28T10:56:24.845+0000][1][gc,heap      ] GC(0) CMS: 0K->0K(349568K)
[2020-05-28T10:56:24.846+0000][1][gc,metaspace ] GC(0) Metaspace: 17583K->17583K(1064960K)
[2020-05-28T10:56:24.846+0000][1][gc           ] GC(0) Pause Young (Allocation Failure) 136M->9M(494M) 413.042ms
[2020-05-28T10:56:24.847+0000][1][gc,cpu       ] GC(0) User=0.05s Sys=0.02s Real=0.41s
[2020-05-28T10:56:24.847+0000][1][safepoint    ] Safepoint "GenCollectForAllocation", Time since last: 535143300 ns, Reaching safepoint: 55500 ns, At safepoint: 413803200 ns, Total: 413858700 ns
[2020-05-28T10:56:24.854+0000][1][safepoint    ] Safepoint "RevokeBias", Time since last: 5964500 ns, Reaching safepoint: 135500 ns, At safepoint: 930600 ns, Total: 1066100 ns
[2020-05-28T10:56:24.865+0000][1][safepoint    ] Safepoint "RevokeBias", Time since last: 6765400 ns, Reaching safepoint: 4316100 ns, At safepoint: 109100 ns, Total: 4425200 ns
[2020-05-28T10:56:24.869+0000][1][safepoint    ] Safepoint "RevokeBias", Time since last: 1825000 ns, Reaching safepoint: 1724200 ns, At safepoint: 94600 ns, Total: 1818800 ns
[2020-05-28T10:56:24.874+0000][1][safepoint    ] Safepoint "RevokeBias", Time since last: 4205800 ns, Reaching safepoint: 815700 ns, At safepoint: 98200 ns, Total: 913900 ns
[2020-05-28T10:56:24.876+0000][1][safepoint    ] Safepoint "RevokeBias", Time since last: 1098100 ns, Reaching safepoint: 846500 ns, At safepoint: 72400 ns, Total: 918900 ns
[2020-05-28T10:56:24.877+0000][1][safepoint    ] Safepoint "RevokeBias", Time since last: 1334400 ns, Reaching safepoint: 142400 ns, At safepoint: 73000 ns, Total: 215400 ns
[2020-05-28T10:56:24.878+0000][1][safepoint    ] Safepoint "RevokeBias", Time since last: 465300 ns, Reaching safepoint: 120200 ns, At safepoint: 80600 ns, Total: 200800 ns
[2020-05-28T10:56:24.879+0000][1][safepoint    ] Safepoint "RevokeBias", Time since last: 312100 ns, Reaching safepoint: 103200 ns, At safepoint: 56700 ns, Total: 159900 ns
[2020-05-28T10:56:24.879+0000][1][safepoint    ] Safepoint "RevokeBias", Time since last: 405000 ns, Reaching safepoint: 128800 ns, At safepoint: 41900 ns, Total: 170700 ns
[2020-05-28T10:56:24.880+0000][1][safepoint    ] Safepoint "RevokeBias", Time since last: 377700 ns, Reaching safepoint: 251900 ns, At safepoint: 60400 ns, Total: 312300 ns
[2020-05-28T10:56:24.881+0000][1][safepoint    ] Safepoint "RevokeBias", Time since last: 486400 ns, Reaching safepoint: 211600 ns, At safepoint: 105200 ns, Total: 316800 ns
[2020-05-28T10:56:24.881+0000][1][safepoint    ] Safepoint "RevokeBias", Time since last: 488500 ns, Reaching safepoint: 144900 ns, At safepoint: 65300 ns, Total: 210200 ns
[2020-05-28T10:56:24.886+0000][1][safepoint    ] Safepoint "RevokeBias", Time since last: 3971900 ns, Reaching safepoint: 117700 ns, At safepoint: 88600 ns, Total: 206300 ns
[2020-05-28T10:56:24.888+0000][1][safepoint    ] Safepoint "RevokeBias", Time since last: 665800 ns, Reaching safepoint: 1939400 ns, At safepoint: 73400 ns, Total: 2012800 ns
[2020-05-28T10:56:24.890+0000][1][safepoint    ] Safepoint "RevokeBias", Time since last: 544300 ns, Reaching safepoint: 1040700 ns, At safepoint: 89600 ns, Total: 1130300 ns
[2020-05-28T10:56:24.891+0000][1][safepoint    ] Safepoint "RevokeBias", Time since last: 451200 ns, Reaching safepoint: 320200 ns, At safepoint: 56400 ns, Total: 376600 ns
[2020-05-28T10:56:24.899+0000][1][safepoint    ] Safepoint "RevokeBias", Time since last: 5657500 ns, Reaching safepoint: 2386800 ns, At safepoint: 80000 ns, Total: 2466800 ns
[2020-05-28T10:56:24.900+0000][1][safepoint    ] Safepoint "RevokeBias", Time since last: 655000 ns, Reaching safepoint: 229000 ns, At safepoint: 64400 ns, Total: 293400 ns
[2020-05-28T10:56:24.901+0000][1][safepoint    ] Safepoint "RevokeBias", Time since last: 1195600 ns, Reaching safepoint: 225200 ns, At safepoint: 84500 ns, Total: 309700 ns
[2020-05-28T10:56:24.905+0000][1][safepoint    ] Safepoint "RevokeBias", Time since last: 2115300 ns, Reaching safepoint: 1554000 ns, At safepoint: 69600 ns, Total: 1623600 ns
[2020-05-28T10:56:24.906+0000][1][safepoint    ] Safepoint "RevokeBias", Time since last: 642100 ns, Reaching safepoint: 119800 ns, At safepoint: 60000 ns, Total: 179800 ns
[2020-05-28T10:56:24.907+0000][1][safepoint    ] Safepoint "RevokeBias", Time since last: 656600 ns, Reaching safepoint: 131000 ns, At safepoint: 44500 ns, Total: 175500 ns
[2020-05-28T10:56:24.908+0000][1][safepoint    ] Safepoint "RevokeBias", Time since last: 536700 ns, Reaching safepoint: 582200 ns, At safepoint: 68200 ns, Total: 650400 ns
[2020-05-28T10:56:24.910+0000][1][safepoint    ] Safepoint "RevokeBias", Time since last: 550900 ns, Reaching safepoint: 1563500 ns, At safepoint: 342300 ns, Total: 1905800 ns
[2020-05-28T10:56:24.913+0000][1][safepoint    ] Safepoint "RevokeBias", Time since last: 2224000 ns, Reaching safepoint: 278900 ns, At safepoint: 62900 ns, Total: 341800 ns
[2020-05-28T10:56:24.914+0000][1][safepoint    ] Safepoint "RevokeBias", Time since last: 879600 ns, Reaching safepoint: 115000 ns, At safepoint: 59900 ns, Total: 174900 ns
[2020-05-28T10:56:24.915+0000][1][safepoint    ] Safepoint "RevokeBias", Time since last: 503700 ns, Reaching safepoint: 109500 ns, At safepoint: 95000 ns, Total: 204500 ns
[2020-05-28T10:56:24.915+0000][1][safepoint    ] Safepoint "RevokeBias", Time since last: 382200 ns, Reaching safepoint: 106800 ns, At safepoint: 57600 ns, Total: 164400 ns
[2020-05-28T10:56:24.916+0000][1][safepoint    ] Safepoint "RevokeBias", Time since last: 339600 ns, Reaching safepoint: 125900 ns, At safepoint: 40100 ns, Total: 166000 ns
[2020-05-28T10:56:24.916+0000][1][safepoint    ] Safepoint "RevokeBias", Time since last: 345600 ns, Reaching safepoint: 87800 ns, At safepoint: 54500 ns, Total: 142300 ns
[2020-05-28T10:56:24.917+0000][1][safepoint    ] Safepoint "RevokeBias", Time since last: 303600 ns, Reaching safepoint: 85800 ns, At safepoint: 79900 ns, Total: 165700 ns
[2020-05-28T10:56:24.917+0000][1][safepoint    ] Safepoint "RevokeBias", Time since last: 320800 ns, Reaching safepoint: 108200 ns, At safepoint: 65100 ns, Total: 173300 ns
[2020-05-28T10:56:24.918+0000][1][safepoint    ] Safepoint "RevokeBias", Time since last: 292000 ns, Reaching safepoint: 269200 ns, At safepoint: 54800 ns, Total: 324000 ns
[2020-05-28T10:56:24.919+0000][1][safepoint    ] Safepoint "RevokeBias", Time since last: 498700 ns, Reaching safepoint: 809700 ns, At safepoint: 55900 ns, Total: 865600 ns
[2020-05-28T10:56:24.933+0000][1][safepoint    ] Safepoint "RevokeBias", Time since last: 4082400 ns, Reaching safepoint: 10009800 ns, At safepoint: 142400 ns, Total: 10152200 ns
[2020-05-28T10:56:24.935+0000][1][safepoint    ] Safepoint "RevokeBias", Time since last: 1106800 ns, Reaching safepoint: 31100 ns, At safepoint: 180000 ns, Total: 211100 ns
[2020-05-28T10:56:24.935+0000][1][safepoint    ] Safepoint "RevokeBias", Time since last: 471400 ns, Reaching safepoint: 218900 ns, At safepoint: 41200 ns, Total: 260100 ns
[2020-05-28T10:56:24.936+0000][1][safepoint    ] Safepoint "BulkRevokeBias", Time since last: 418100 ns, Reaching safepoint: 169600 ns, At safepoint: 108700 ns, Total: 278300 ns
[2020-05-28T10:56:24.946+0000][1][safepoint    ] Safepoint "BulkRevokeBias", Time since last: 7776100 ns, Reaching safepoint: 399900 ns, At safepoint: 1293200 ns, Total: 1693100 ns
[2020-05-28T10:56:25.041+0000][1][safepoint    ] Safepoint "Deoptimize", Time since last: 94890100 ns, Reaching safepoint: 149600 ns, At safepoint: 300600 ns, Total: 450200 ns
[2020-05-28T10:56:25.078+0000][1][safepoint    ] Safepoint "RevokeBias", Time since last: 36780800 ns, Reaching safepoint: 106200 ns, At safepoint: 15900 ns, Total: 122100 ns
[2020-05-28T10:56:25.084+0000][1][safepoint    ] Safepoint "RevokeBias", Time since last: 5858800 ns, Reaching safepoint: 94500 ns, At safepoint: 10800 ns, Total: 105300 ns
[2020-05-28T10:56:26.096+0000][1][safepoint    ] Safepoint "Cleanup", Time since last: 1011924900 ns, Reaching safepoint: 148100 ns, At safepoint: 8800 ns, Total: 156900 ns
[2020-05-28T10:56:26.624+0000][1][gc,start     ] GC(1) Pause Young (Allocation Failure)
[2020-05-28T10:56:26.625+0000][1][gc,task      ] GC(1) Using 3 workers of 3 for evacuation
[2020-05-28T10:56:27.545+0000][1][gc,age       ] GC(1) Desired survivor size 8945664 bytes, new threshold 6 (max threshold 6)
[2020-05-28T10:56:27.547+0000][1][gc,age       ] GC(1) Age table with threshold 6 (max threshold 6)
[2020-05-28T10:56:27.547+0000][1][gc,age       ] GC(1) - age   1:    2317112 bytes,    2317112 total
[2020-05-28T10:56:27.548+0000][1][gc,heap      ] GC(1) ParNew: 149440K->6079K(157248K)
[2020-05-28T10:56:27.548+0000][1][gc,heap      ] GC(1) CMS: 0K->10229K(349568K)
[2020-05-28T10:56:27.549+0000][1][gc,metaspace ] GC(1) Metaspace: 18876K->18876K(1067008K)
[2020-05-28T10:56:27.557+0000][1][gc           ] GC(1) Pause Young (Allocation Failure) 145M->15M(494M) 933.402ms
[2020-05-28T10:56:27.563+0000][1][gc,cpu       ] GC(1) User=0.19s Sys=0.05s Real=0.94s
[2020-05-28T10:56:27.564+0000][1][safepoint    ] Safepoint "GenCollectForAllocation", Time since last: 527688400 ns, Reaching safepoint: 111900 ns, At safepoint: 940113700 ns, Total: 940225600 ns
[2020-05-28T10:56:27.565+0000][1][safepoint    ] Safepoint "RevokeBias", Time since last: 1373500 ns, Reaching safepoint: 110700 ns, At safepoint: 55000 ns, Total: 165700 ns
[2020-05-28T10:56:27.578+0000][1][safepoint    ] Safepoint "RevokeBias", Time since last: 4681900 ns, Reaching safepoint: 4871800 ns, At safepoint: 2791000 ns, Total: 7662800 ns
[2020-05-28T10:56:27.581+0000][1][safepoint    ] Safepoint "RevokeBias", Time since last: 723200 ns, Reaching safepoint: 2780500 ns, At safepoint: 99700 ns, Total: 2880200 ns
[2020-05-28T10:56:27.588+0000][1][safepoint    ] Safepoint "RevokeBias", Time since last: 4711600 ns, Reaching safepoint: 117900 ns, At safepoint: 1881500 ns, Total: 1999400 ns
[2020-05-28T10:56:27.589+0000][1][safepoint    ] Safepoint "RevokeBias", Time since last: 1113400 ns, Reaching safepoint: 106600 ns, At safepoint: 43300 ns, Total: 149900 ns
[2020-05-28T10:56:27.590+0000][1][safepoint    ] Safepoint "RevokeBias", Time since last: 744900 ns, Reaching safepoint: 99200 ns, At safepoint: 36200 ns, Total: 135400 ns
[2020-05-28T10:56:27.597+0000][1][safepoint    ] Safepoint "RevokeBias", Time since last: 1260000 ns, Reaching safepoint: 5835700 ns, At safepoint: 36900 ns, Total: 5872600 ns
[2020-05-28T10:56:27.600+0000][1][safepoint    ] Safepoint "RevokeBias", Time since last: 2436500 ns, Reaching safepoint: 254400 ns, At safepoint: 35300 ns, Total: 289700 ns
[2020-05-28T10:56:27.605+0000][1][safepoint    ] Safepoint "RevokeBias", Time since last: 2489100 ns, Reaching safepoint: 1935400 ns, At safepoint: 37000 ns, Total: 1972400 ns
[2020-05-28T10:56:27.605+0000][1][safepoint    ] Safepoint "RevokeBias", Time since last: 443700 ns, Reaching safepoint: 95000 ns, At safepoint: 27000 ns, Total: 122000 ns
[2020-05-28T10:56:27.607+0000][1][safepoint    ] Safepoint "RevokeBias", Time since last: 812100 ns, Reaching safepoint: 647600 ns, At safepoint: 28200 ns, Total: 675800 ns
[2020-05-28T10:56:27.608+0000][1][safepoint    ] Safepoint "RevokeBias", Time since last: 1641700 ns, Reaching safepoint: 93900 ns, At safepoint: 26500 ns, Total: 120400 ns
[2020-05-28T10:56:28.174+0000][1][safepoint    ] Safepoint "RevokeBias", Time since last: 565380800 ns, Reaching safepoint: 54000 ns, At safepoint: 21800 ns, Total: 75800 ns
[2020-05-28T10:56:28.366+0000][1][safepoint    ] Safepoint "RevokeBias", Time since last: 191926900 ns, Reaching safepoint: 47800 ns, At safepoint: 19600 ns, Total: 67400 ns
[2020-05-28T10:56:28.749+0000][1][safepoint    ] Safepoint "Deoptimize", Time since last: 381694100 ns, Reaching safepoint: 1301800 ns, At safepoint: 314300 ns, Total: 1616100 ns
[2020-05-28T10:56:28.925+0000][1][safepoint    ] Safepoint "Deoptimize", Time since last: 175672800 ns, Reaching safepoint: 124300 ns, At safepoint: 316400 ns, Total: 440700 ns
[2020-05-28T10:56:29.276+0000][1][gc,start     ] GC(2) Pause Young (Allocation Failure)
[2020-05-28T10:56:29.278+0000][1][gc,task      ] GC(2) Using 3 workers of 3 for evacuation
[2020-05-28T10:56:29.291+0000][1][gc,age       ] GC(2) Desired survivor size 8945664 bytes, new threshold 6 (max threshold 6)
[2020-05-28T10:56:29.292+0000][1][gc,age       ] GC(2) Age table with threshold 6 (max threshold 6)
[2020-05-28T10:56:29.294+0000][1][gc,age       ] GC(2) - age   1:    3311496 bytes,    3311496 total
[2020-05-28T10:56:29.294+0000][1][gc,age       ] GC(2) - age   2:     838248 bytes,    4149744 total
[2020-05-28T10:56:29.295+0000][1][gc,heap      ] GC(2) ParNew: 145855K->5553K(157248K)
[2020-05-28T10:56:29.295+0000][1][gc,heap      ] GC(2) CMS: 10229K->10229K(349568K)
[2020-05-28T10:56:29.298+0000][1][gc,metaspace ] GC(2) Metaspace: 19860K->19860K(1067008K)
[2020-05-28T10:56:29.299+0000][1][gc           ] GC(2) Pause Young (Allocation Failure) 152M->15M(494M) 23.179ms
[2020-05-28T10:56:29.300+0000][1][gc,cpu       ] GC(2) User=0.02s Sys=0.00s Real=0.02s
[2020-05-28T10:56:29.300+0000][1][safepoint    ] Safepoint "GenCollectForAllocation", Time since last: 350522500 ns, Reaching safepoint: 48200 ns, At safepoint: 24345100 ns, Total: 24393300 ns
[2020-05-28T10:56:29.302+0000][1][safepoint    ] Safepoint "BulkRevokeBias", Time since last: 1842400 ns, Reaching safepoint: 97600 ns, At safepoint: 272000 ns, Total: 369600 ns
[2020-05-28T10:56:29.311+0000][1][safepoint    ] Safepoint "RevokeBias", Time since last: 7117800 ns, Reaching safepoint: 1570800 ns, At safepoint: 213800 ns, Total: 1784600 ns
[2020-05-28T10:56:29.314+0000][1][safepoint    ] Safepoint "RevokeBias", Time since last: 1610700 ns, Reaching safepoint: 101900 ns, At safepoint: 744300 ns, Total: 846200 ns
[2020-05-28T10:56:29.315+0000][1][safepoint    ] Safepoint "RevokeBias", Time since last: 1075800 ns, Reaching safepoint: 93700 ns, At safepoint: 44600 ns, Total: 138300 ns
[2020-05-28T10:56:29.317+0000][1][safepoint    ] Safepoint "RevokeBias", Time since last: 1895700 ns, Reaching safepoint: 32300 ns, At safepoint: 35600 ns, Total: 67900 ns
[2020-05-28T10:56:29.318+0000][1][safepoint    ] Safepoint "RevokeBias", Time since last: 491400 ns, Reaching safepoint: 161700 ns, At safepoint: 29800 ns, Total: 191500 ns
[2020-05-28T10:56:29.318+0000][1][safepoint    ] Safepoint "RevokeBias", Time since last: 477800 ns, Reaching safepoint: 94100 ns, At safepoint: 29400 ns, Total: 123500 ns
[2020-05-28T10:56:29.319+0000][1][safepoint    ] Safepoint "RevokeBias", Time since last: 378300 ns, Reaching safepoint: 119000 ns, At safepoint: 71400 ns, Total: 190400 ns
[2020-05-28T10:56:29.320+0000][1][safepoint    ] Safepoint "RevokeBias", Time since last: 347200 ns, Reaching safepoint: 1074900 ns, At safepoint: 37100 ns, Total: 1112000 ns
[2020-05-28T10:56:29.321+0000][1][safepoint    ] Safepoint "RevokeBias", Time since last: 525800 ns, Reaching safepoint: 23400 ns, At safepoint: 37000 ns, Total: 60400 ns
[2020-05-28T10:56:29.322+0000][1][safepoint    ] Safepoint "RevokeBias", Time since last: 423500 ns, Reaching safepoint: 640300 ns, At safepoint: 40300 ns, Total: 680600 ns
[2020-05-28T10:56:29.323+0000][1][safepoint    ] Safepoint "RevokeBias", Time since last: 1064100 ns, Reaching safepoint: 100500 ns, At safepoint: 36000 ns, Total: 136500 ns
[2020-05-28T10:56:29.324+0000][1][safepoint    ] Safepoint "RevokeBias", Time since last: 495400 ns, Reaching safepoint: 173900 ns, At safepoint: 30200 ns, Total: 204100 ns
[2020-05-28T10:56:29.325+0000][1][safepoint    ] Safepoint "RevokeBias", Time since last: 555200 ns, Reaching safepoint: 205800 ns, At safepoint: 27900 ns, Total: 233700 ns
[2020-05-28T10:56:29.325+0000][1][safepoint    ] Safepoint "RevokeBias", Time since last: 415300 ns, Reaching safepoint: 92000 ns, At safepoint: 23500 ns, Total: 115500 ns
[2020-05-28T10:56:29.326+0000][1][safepoint    ] Safepoint "RevokeBias", Time since last: 383800 ns, Reaching safepoint: 236700 ns, At safepoint: 28500 ns, Total: 265200 ns
[2020-05-28T10:56:29.327+0000][1][safepoint    ] Safepoint "RevokeBias", Time since last: 1458700 ns, Reaching safepoint: 27200 ns, At safepoint: 30700 ns, Total: 57900 ns
[2020-05-28T10:56:29.336+0000][1][safepoint    ] Safepoint "RevokeBias", Time since last: 7443100 ns, Reaching safepoint: 1027300 ns, At safepoint: 52400 ns, Total: 1079700 ns
[2020-05-28T10:56:29.352+0000][1][safepoint    ] Safepoint "RevokeBias", Time since last: 15984800 ns, Reaching safepoint: 42400 ns, At safepoint: 52700 ns, Total: 95100 ns
[2020-05-28T10:56:29.354+0000][1][safepoint    ] Safepoint "RevokeBias", Time since last: 2549900 ns, Reaching safepoint: 40700 ns, At safepoint: 45300 ns, Total: 86000 ns
[2020-05-28T10:56:29.355+0000][1][safepoint    ] Safepoint "RevokeBias", Time since last: 659300 ns, Reaching safepoint: 24500 ns, At safepoint: 32200 ns, Total: 56700 ns
[2020-05-28T10:56:29.356+0000][1][safepoint    ] Safepoint "RevokeBias", Time since last: 331100 ns, Reaching safepoint: 25900 ns, At safepoint: 30200 ns, Total: 56100 ns
[2020-05-28T10:56:30.307+0000][1][safepoint    ] Safepoint "CollectForMetadataAllocation", Time since last: 948851600 ns, Reaching safepoint: 2693800 ns, At safepoint: 141000 ns, Total: 2834800 ns
[2020-05-28T10:56:30.360+0000][1][gc,start     ] GC(3) Pause Young (Allocation Failure)
[2020-05-28T10:56:30.361+0000][1][gc,task      ] GC(3) Using 3 workers of 3 for evacuation
[2020-05-28T10:56:30.461+0000][1][gc,age       ] GC(3) Desired survivor size 8945664 bytes, new threshold 6 (max threshold 6)
[2020-05-28T10:56:30.461+0000][1][gc,age       ] GC(3) Age table with threshold 6 (max threshold 6)
[2020-05-28T10:56:30.463+0000][1][gc,age       ] GC(3) - age   1:    2603808 bytes,    2603808 total
[2020-05-28T10:56:30.469+0000][1][gc,age       ] GC(3) - age   2:    2820416 bytes,    5424224 total
[2020-05-28T10:56:30.469+0000][1][gc,age       ] GC(3) - age   3:     838168 bytes,    6262392 total
[2020-05-28T10:56:30.469+0000][1][gc,heap      ] GC(3) ParNew: 145329K->8306K(157248K)
[2020-05-28T10:56:30.470+0000][1][gc,heap      ] GC(3) CMS: 10229K->10229K(349568K)
[2020-05-28T10:56:30.470+0000][1][gc,metaspace ] GC(3) Metaspace: 20182K->20182K(1069056K)
[2020-05-28T10:56:30.471+0000][1][gc           ] GC(3) Pause Young (Allocation Failure) 151M->18M(494M) 110.708ms
[2020-05-28T10:56:30.471+0000][1][gc,cpu       ] GC(3) User=0.03s Sys=0.01s Real=0.12s
[2020-05-28T10:56:30.471+0000][1][safepoint    ] Safepoint "GenCollectForAllocation", Time since last: 52440300 ns, Reaching safepoint: 110100 ns, At safepoint: 111390700 ns, Total: 111500800 ns
[2020-05-28T10:56:30.476+0000][1][gc,start     ] GC(4) Pause Initial Mark
[2020-05-28T10:56:30.480+0000][1][gc           ] GC(4) Pause Initial Mark 20M->20M(494M) 4.343ms
[2020-05-28T10:56:30.481+0000][1][gc,cpu       ] GC(4) User=0.01s Sys=0.00s Real=0.01s
[2020-05-28T10:56:30.481+0000][1][safepoint    ] Safepoint "CMS_Initial_Mark", Time since last: 4408300 ns, Reaching safepoint: 291400 ns, At safepoint: 5313500 ns, Total: 5604900 ns
[2020-05-28T10:56:30.482+0000][1][gc           ] GC(4) Concurrent Mark
[2020-05-28T10:56:30.487+0000][1][safepoint    ] Safepoint "RevokeBias", Time since last: 441900 ns, Reaching safepoint: 5307400 ns, At safepoint: 36600 ns, Total: 5344000 ns
[2020-05-28T10:56:30.496+0000][1][safepoint    ] Safepoint "RevokeBias", Time since last: 5538400 ns, Reaching safepoint: 3398900 ns, At safepoint: 101500 ns, Total: 3500400 ns
[2020-05-28T10:56:30.497+0000][1][safepoint    ] Safepoint "RevokeBias", Time since last: 584700 ns, Reaching safepoint: 274000 ns, At safepoint: 71000 ns, Total: 345000 ns
[2020-05-28T10:56:30.498+0000][1][safepoint    ] Safepoint "RevokeBias", Time since last: 762300 ns, Reaching safepoint: 264500 ns, At safepoint: 37900 ns, Total: 302400 ns
[2020-05-28T10:56:30.500+0000][1][safepoint    ] Safepoint "RevokeBias", Time since last: 881800 ns, Reaching safepoint: 1292800 ns, At safepoint: 40900 ns, Total: 1333700 ns
[2020-05-28T10:56:30.506+0000][1][safepoint    ] Safepoint "RevokeBias", Time since last: 909100 ns, Reaching safepoint: 4590900 ns, At safepoint: 43100 ns, Total: 4634000 ns
[2020-05-28T10:56:30.512+0000][1][safepoint    ] Safepoint "RevokeBias", Time since last: 888200 ns, Reaching safepoint: 5331500 ns, At safepoint: 57100 ns, Total: 5388600 ns
[2020-05-28T10:56:30.537+0000][1][gc           ] GC(4) Concurrent Mark 55.215ms
[2020-05-28T10:56:30.537+0000][1][gc,cpu       ] GC(4) User=0.03s Sys=0.00s Real=0.05s
[2020-05-28T10:56:30.543+0000][1][gc           ] GC(4) Concurrent Preclean
[2020-05-28T10:56:30.545+0000][1][gc           ] GC(4) Concurrent Preclean 2.142ms
[2020-05-28T10:56:30.545+0000][1][gc,cpu       ] GC(4) User=0.00s Sys=0.00s Real=0.00s
[2020-05-28T10:56:30.546+0000][1][gc           ] GC(4) Concurrent Abortable Preclean
[2020-05-28T10:56:31.241+0000][1][safepoint    ] Safepoint "CollectForMetadataAllocation", Time since last: 729001500 ns, Reaching safepoint: 121200 ns, At safepoint: 108800 ns, Total: 230000 ns
[2020-05-28T10:56:31.242+0000][1][gc           ] GC(4) Concurrent Abortable Preclean 695.959ms
[2020-05-28T10:56:31.243+0000][1][gc,cpu       ] GC(4) User=0.46s Sys=0.02s Real=0.70s
[2020-05-28T10:56:31.244+0000][1][gc,start     ] GC(4) Pause Remark
[2020-05-28T10:56:31.333+0000][1][gc           ] GC(4) Pause Remark 104M->104M(494M) 88.878ms
[2020-05-28T10:56:31.333+0000][1][gc,cpu       ] GC(4) User=0.03s Sys=0.00s Real=0.09s
[2020-05-28T10:56:31.334+0000][1][safepoint    ] Safepoint "CMS_Final_Remark", Time since last: 2182600 ns, Reaching safepoint: 93700 ns, At safepoint: 90122400 ns, Total: 90216100 ns
[2020-05-28T10:56:31.334+0000][1][gc           ] GC(4) Concurrent Sweep
[2020-05-28T10:56:31.346+0000][1][gc           ] GC(4) Concurrent Sweep 11.783ms
[2020-05-28T10:56:31.351+0000][1][gc,cpu       ] GC(4) User=0.02s Sys=0.00s Real=0.02s
[2020-05-28T10:56:31.352+0000][1][gc           ] GC(4) Concurrent Reset
[2020-05-28T10:56:31.355+0000][1][gc           ] GC(4) Concurrent Reset 3.411ms
[2020-05-28T10:56:31.359+0000][1][gc,cpu       ] GC(4) User=0.00s Sys=0.00s Real=0.00s
[2020-05-28T10:56:31.359+0000][1][gc,heap      ] GC(4) Old: 10229K->10223K(349568K)
[2020-05-28T10:56:31.770+0000][1][gc,start     ] GC(5) Pause Young (Allocation Failure)
[2020-05-28T10:56:31.771+0000][1][gc,task      ] GC(5) Using 3 workers of 3 for evacuation
[2020-05-28T10:56:31.796+0000][1][gc,age       ] GC(5) Desired survivor size 8945664 bytes, new threshold 6 (max threshold 6)
[2020-05-28T10:56:31.797+0000][1][gc,age       ] GC(5) Age table with threshold 6 (max threshold 6)
[2020-05-28T10:56:31.797+0000][1][gc,age       ] GC(5) - age   1:    1770984 bytes,    1770984 total
[2020-05-28T10:56:31.798+0000][1][gc,age       ] GC(5) - age   2:    1265768 bytes,    3036752 total
[2020-05-28T10:56:31.798+0000][1][gc,age       ] GC(5) - age   3:    2819776 bytes,    5856528 total
[2020-05-28T10:56:31.799+0000][1][gc,age       ] GC(5) - age   4:     838168 bytes,    6694696 total
[2020-05-28T10:56:31.800+0000][1][gc,heap      ] GC(5) ParNew: 148082K->7302K(157248K)
[2020-05-28T10:56:31.800+0000][1][gc,heap      ] GC(5) CMS: 10223K->10223K(349568K)
[2020-05-28T10:56:31.800+0000][1][gc,metaspace ] GC(5) Metaspace: 20564K->20564K(1069056K)
[2020-05-28T10:56:31.801+0000][1][gc           ] GC(5) Pause Young (Allocation Failure) 154M->17M(494M) 30.746ms
[2020-05-28T10:56:31.801+0000][1][gc,cpu       ] GC(5) User=0.02s Sys=0.00s Real=0.04s
[2020-05-28T10:56:31.801+0000][1][safepoint    ] Safepoint "GenCollectForAllocation", Time since last: 429993500 ns, Reaching safepoint: 6244400 ns, At safepoint: 31519900 ns, Total: 37764300 ns
[2020-05-28T10:56:31.802+0000][1][safepoint    ] Safepoint "RevokeBias", Time since last: 485200 ns, Reaching safepoint: 115400 ns, At safepoint: 124700 ns, Total: 240100 ns
[2020-05-28T10:56:31.803+0000][1][safepoint    ] Safepoint "RevokeBias", Time since last: 307000 ns, Reaching safepoint: 24500 ns, At safepoint: 50000 ns, Total: 74500 ns
[2020-05-28T10:56:31.803+0000][1][safepoint    ] Safepoint "BulkRevokeBias", Time since last: 450800 ns, Reaching safepoint: 66400 ns, At safepoint: 91500 ns, Total: 157900 ns
[2020-05-28T10:56:31.804+0000][1][safepoint    ] Safepoint "BulkRevokeBias", Time since last: 364400 ns, Reaching safepoint: 83400 ns, At safepoint: 90200 ns, Total: 173600 ns
[2020-05-28T10:56:32.081+0000][1][safepoint    ] Safepoint "RevokeBias", Time since last: 276981800 ns, Reaching safepoint: 53500 ns, At safepoint: 24600 ns, Total: 78100 ns
[2020-05-28T10:56:32.884+0000][1][gc,start     ] GC(6) Pause Young (Allocation Failure)
[2020-05-28T10:56:32.884+0000][1][gc,task      ] GC(6) Using 3 workers of 3 for evacuation
[2020-05-28T10:56:32.980+0000][1][gc,age       ] GC(6) Desired survivor size 8945664 bytes, new threshold 6 (max threshold 6)
[2020-05-28T10:56:32.980+0000][1][gc,age       ] GC(6) Age table with threshold 6 (max threshold 6)
[2020-05-28T10:56:32.980+0000][1][gc,age       ] GC(6) - age   1:    2468456 bytes,    2468456 total
[2020-05-28T10:56:32.981+0000][1][gc,age       ] GC(6) - age   2:    1492784 bytes,    3961240 total
[2020-05-28T10:56:32.981+0000][1][gc,age       ] GC(6) - age   3:    1264904 bytes,    5226144 total
[2020-05-28T10:56:32.981+0000][1][gc,age       ] GC(6) - age   4:    2818648 bytes,    8044792 total
[2020-05-28T10:56:32.982+0000][1][gc,age       ] GC(6) - age   5:     837856 bytes,    8882648 total
[2020-05-28T10:56:32.982+0000][1][gc,heap      ] GC(6) ParNew: 147078K->12544K(157248K)
[2020-05-28T10:56:32.982+0000][1][gc,heap      ] GC(6) CMS: 10223K->10223K(349568K)
[2020-05-28T10:56:32.983+0000][1][gc,metaspace ] GC(6) Metaspace: 21358K->21358K(1069056K)
[2020-05-28T10:56:32.983+0000][1][gc           ] GC(6) Pause Young (Allocation Failure) 153M->22M(494M) 99.209ms
[2020-05-28T10:56:32.983+0000][1][gc,cpu       ] GC(6) User=0.02s Sys=0.01s Real=0.10s
[2020-05-28T10:56:32.984+0000][1][safepoint    ] Safepoint "GenCollectForAllocation", Time since last: 800554271 ns, Reaching safepoint: 2493592 ns, At safepoint: 99773142 ns, Total: 102266734 ns
[2020-05-28T10:56:33.930+0000][1][gc,start     ] GC(7) Pause Young (Allocation Failure)
[2020-05-28T10:56:33.934+0000][1][gc,task      ] GC(7) Using 3 workers of 3 for evacuation
[2020-05-28T10:56:33.971+0000][1][gc,age       ] GC(7) Desired survivor size 8945664 bytes, new threshold 6 (max threshold 6)
[2020-05-28T10:56:33.972+0000][1][gc,age       ] GC(7) Age table with threshold 6 (max threshold 6)
[2020-05-28T10:56:33.973+0000][1][gc,age       ] GC(7) - age   1:    1022656 bytes,    1022656 total
[2020-05-28T10:56:33.973+0000][1][gc,age       ] GC(7) - age   2:     740800 bytes,    1763456 total
[2020-05-28T10:56:33.976+0000][1][gc,age       ] GC(7) - age   3:    1492784 bytes,    3256240 total
[2020-05-28T10:56:33.976+0000][1][gc,age       ] GC(7) - age   4:    1264880 bytes,    4521120 total
[2020-05-28T10:56:33.977+0000][1][gc,age       ] GC(7) - age   5:    2818648 bytes,    7339768 total
[2020-05-28T10:56:33.978+0000][1][gc,age       ] GC(7) - age   6:     837832 bytes,    8177600 total
[2020-05-28T10:56:33.978+0000][1][gc,heap      ] GC(7) ParNew: 152320K->10765K(157248K)
[2020-05-28T10:56:33.979+0000][1][gc,heap      ] GC(7) CMS: 10223K->10223K(349568K)
[2020-05-28T10:56:33.979+0000][1][gc,metaspace ] GC(7) Metaspace: 21521K->21521K(1069056K)
[2020-05-28T10:56:33.980+0000][1][gc           ] GC(7) Pause Young (Allocation Failure) 158M->20M(494M) 50.277ms
[2020-05-28T10:56:33.981+0000][1][gc,cpu       ] GC(7) User=0.02s Sys=0.00s Real=0.06s
[2020-05-28T10:56:33.981+0000][1][safepoint    ] Safepoint "GenCollectForAllocation", Time since last: 941160493 ns, Reaching safepoint: 5284499 ns, At safepoint: 51026596 ns, Total: 56311095 ns
[2020-05-28T10:56:34.459+0000][1][safepoint    ] Safepoint "Deoptimize", Time since last: 477109462 ns, Reaching safepoint: 44400 ns, At safepoint: 296800 ns, Total: 341200 ns
[2020-05-28T10:56:35.468+0000][1][safepoint    ] Safepoint "Cleanup", Time since last: 1007189220 ns, Reaching safepoint: 2033100 ns, At safepoint: 13600 ns, Total: 2046700 ns
[2020-05-28T10:56:36.469+0000][1][safepoint    ] Safepoint "Cleanup", Time since last: 1001013420 ns, Reaching safepoint: 298800 ns, At safepoint: 14300 ns, Total: 313100 ns
[2020-05-28T10:56:37.081+0000][1][safepoint    ] Safepoint "Deoptimize", Time since last: 611670251 ns, Reaching safepoint: 47500 ns, At safepoint: 648500 ns, Total: 696000 ns
[2020-05-28T10:56:37.207+0000][1][safepoint    ] Safepoint "Deoptimize", Time since last: 125083790 ns, Reaching safepoint: 100100 ns, At safepoint: 348300 ns, Total: 448400 ns
[2020-05-28T10:56:37.244+0000][1][safepoint    ] Safepoint "Deoptimize", Time since last: 33200298 ns, Reaching safepoint: 255200 ns, At safepoint: 3407599 ns, Total: 3662799 ns
[2020-05-28T10:56:37.313+0000][1][safepoint    ] Safepoint "RevokeBias", Time since last: 68842095 ns, Reaching safepoint: 46000 ns, At safepoint: 23200 ns, Total: 69200 ns
[2020-05-28T10:56:37.314+0000][1][safepoint    ] Safepoint "RevokeBias", Time since last: 807000 ns, Reaching safepoint: 25500 ns, At safepoint: 13700 ns, Total: 39200 ns
[2020-05-28T10:56:38.314+0000][1][safepoint    ] Safepoint "Cleanup", Time since last: 1000623720 ns, Reaching safepoint: 237700 ns, At safepoint: 7600 ns, Total: 245300 ns
[2020-05-28T10:56:39.043+0000][1][gc,start     ] GC(8) Pause Young (Allocation Failure)
[2020-05-28T10:56:39.045+0000][1][gc,task      ] GC(8) Using 3 workers of 3 for evacuation
[2020-05-28T10:56:39.365+0000][1][gc,age       ] GC(8) Desired survivor size 8945664 bytes, new threshold 3 (max threshold 6)
[2020-05-28T10:56:39.366+0000][1][gc,age       ] GC(8) Age table with threshold 3 (max threshold 6)
[2020-05-28T10:56:39.366+0000][1][gc,age       ] GC(8) - age   1:    7778440 bytes,    7778440 total
[2020-05-28T10:56:39.367+0000][1][gc,age       ] GC(8) - age   2:     491208 bytes,    8269648 total
[2020-05-28T10:56:39.368+0000][1][gc,age       ] GC(8) - age   3:     739920 bytes,    9009568 total
[2020-05-28T10:56:39.375+0000][1][gc,age       ] GC(8) - age   4:    1490368 bytes,   10499936 total
[2020-05-28T10:56:39.378+0000][1][gc,age       ] GC(8) - age   5:    1258304 bytes,   11758240 total
[2020-05-28T10:56:39.379+0000][1][gc,age       ] GC(8) - age   6:    2813392 bytes,   14571632 total
[2020-05-28T10:56:39.380+0000][1][gc,heap      ] GC(8) ParNew: 150541K->17472K(157248K)
[2020-05-28T10:56:39.381+0000][1][gc,heap      ] GC(8) CMS: 10223K->11053K(349568K)
[2020-05-28T10:56:39.381+0000][1][gc,metaspace ] GC(8) Metaspace: 28068K->28068K(1075200K)
[2020-05-28T10:56:39.384+0000][1][gc           ] GC(8) Pause Young (Allocation Failure) 156M->27M(494M) 340.322ms
[2020-05-28T10:56:39.385+0000][1][gc,cpu       ] GC(8) User=0.07s Sys=0.01s Real=0.34s
[2020-05-28T10:56:39.385+0000][1][safepoint    ] Safepoint "GenCollectForAllocation", Time since last: 728924842 ns, Reaching safepoint: 62300 ns, At safepoint: 341946173 ns, Total: 342008473 ns
[2020-05-28T10:56:40.075+0000][1][safepoint    ] Safepoint "Deoptimize", Time since last: 689279345 ns, Reaching safepoint: 40400 ns, At safepoint: 362400 ns, Total: 402800 ns
[2020-05-28T10:56:41.081+0000][1][safepoint    ] Safepoint "Cleanup", Time since last: 1002589509 ns, Reaching safepoint: 3523700 ns, At safepoint: 11600 ns, Total: 3535300 ns
[2020-05-28T10:56:42.088+0000][1][safepoint    ] Safepoint "Cleanup", Time since last: 1003217494 ns, Reaching safepoint: 3631199 ns, At safepoint: 15800 ns, Total: 3646999 ns
[2020-05-28T10:56:43.097+0000][1][safepoint    ] Safepoint "Cleanup", Time since last: 1000727794 ns, Reaching safepoint: 8061200 ns, At safepoint: 12700 ns, Total: 8073900 ns
[2020-05-28T10:56:43.154+0000][1][gc,start     ] GC(9) Pause Young (Allocation Failure)
[2020-05-28T10:56:43.155+0000][1][gc,task      ] GC(9) Using 3 workers of 3 for evacuation
[2020-05-28T10:56:44.137+0000][1][gc,age       ] GC(9) Desired survivor size 8945664 bytes, new threshold 1 (max threshold 6)
[2020-05-28T10:56:44.139+0000][1][gc,age       ] GC(9) Age table with threshold 1 (max threshold 6)
[2020-05-28T10:56:44.139+0000][1][gc,age       ] GC(9) - age   1:   11339584 bytes,   11339584 total
[2020-05-28T10:56:44.140+0000][1][gc,age       ] GC(9) - age   2:    6062576 bytes,   17402160 total
[2020-05-28T10:56:44.140+0000][1][gc,age       ] GC(9) - age   3:     489008 bytes,   17891168 total
[2020-05-28T10:56:44.140+0000][1][gc,heap      ] GC(9) ParNew: 157248K->17472K(157248K)
[2020-05-28T10:56:44.141+0000][1][gc,heap      ] GC(9) CMS: 11053K->24528K(349568K)
[2020-05-28T10:56:44.141+0000][1][gc,metaspace ] GC(9) Metaspace: 28400K->28400K(1075200K)
[2020-05-28T10:56:44.141+0000][1][gc           ] GC(9) Pause Young (Allocation Failure) 164M->41M(494M) 987.316ms
[2020-05-28T10:56:44.141+0000][1][gc,cpu       ] GC(9) User=0.40s Sys=0.07s Real=0.99s
[2020-05-28T10:56:44.142+0000][1][safepoint    ] Safepoint "GenCollectForAllocation", Time since last: 56857394 ns, Reaching safepoint: 31500 ns, At safepoint: 987951495 ns, Total: 987982995 ns
[2020-05-28T10:56:44.438+0000][1][safepoint    ] Safepoint "RevokeBias", Time since last: 293982469 ns, Reaching safepoint: 2141500 ns, At safepoint: 50400 ns, Total: 2191900 ns
[2020-05-28T10:56:45.439+0000][1][safepoint    ] Safepoint "Cleanup", Time since last: 1000898294 ns, Reaching safepoint: 145400 ns, At safepoint: 9800 ns, Total: 155200 ns
[2020-05-28T10:56:45.989+0000][1][safepoint    ] Safepoint "RevokeBias", Time since last: 549924242 ns, Reaching safepoint: 38100 ns, At safepoint: 37100 ns, Total: 75200 ns
[2020-05-28T10:56:46.020+0000][1][safepoint    ] Safepoint "RevokeBias", Time since last: 30669897 ns, Reaching safepoint: 56800 ns, At safepoint: 42800 ns, Total: 99600 ns
[2020-05-28T10:56:46.244+0000][1][safepoint    ] Safepoint "RevokeBias", Time since last: 223816976 ns, Reaching safepoint: 39600 ns, At safepoint: 126400 ns, Total: 166000 ns
[2020-05-28T10:56:46.273+0000][1][safepoint    ] Safepoint "RevokeBias", Time since last: 28746097 ns, Reaching safepoint: 103200 ns, At safepoint: 40000 ns, Total: 143200 ns
[2020-05-28T10:56:46.313+0000][1][safepoint    ] Safepoint "RevokeBias", Time since last: 39929096 ns, Reaching safepoint: 34000 ns, At safepoint: 193100 ns, Total: 227100 ns
[2020-05-28T10:56:46.332+0000][1][safepoint    ] Safepoint "RevokeBias", Time since last: 19638698 ns, Reaching safepoint: 32900 ns, At safepoint: 36699 ns, Total: 69599 ns
[2020-05-28T10:56:46.345+0000][1][safepoint    ] Safepoint "RevokeBias", Time since last: 12254599 ns, Reaching safepoint: 29000 ns, At safepoint: 34300 ns, Total: 63300 ns
[2020-05-28T10:56:46.377+0000][1][safepoint    ] Safepoint "RevokeBias", Time since last: 31687997 ns, Reaching safepoint: 36300 ns, At safepoint: 38500 ns, Total: 74800 ns
[2020-05-28T10:56:46.962+0000][1][safepoint    ] Safepoint "CollectForMetadataAllocation", Time since last: 581113838 ns, Reaching safepoint: 1546100 ns, At safepoint: 2468500 ns, Total: 4014600 ns
[2020-05-28T10:56:47.130+0000][1][safepoint    ] Safepoint "CollectForMetadataAllocation", Time since last: 168672082 ns, Reaching safepoint: 30300 ns, At safepoint: 100800 ns, Total: 131100 ns
[2020-05-28T10:56:47.643+0000][1][gc,start     ] GC(10) Pause Young (Allocation Failure)
[2020-05-28T10:56:47.644+0000][1][gc,task      ] GC(10) Using 3 workers of 3 for evacuation
[2020-05-28T10:56:48.944+0000][1][gc,age       ] GC(10) Desired survivor size 8945664 bytes, new threshold 6 (max threshold 6)
[2020-05-28T10:56:48.945+0000][1][gc,age       ] GC(10) Age table with threshold 6 (max threshold 6)
[2020-05-28T10:56:48.946+0000][1][gc,age       ] GC(10) - age   1:    5358624 bytes,    5358624 total
[2020-05-28T10:56:48.947+0000][1][gc,heap      ] GC(10) ParNew: 157248K->16272K(157248K)
[2020-05-28T10:56:48.947+0000][1][gc,heap      ] GC(10) CMS: 24528K->43183K(349568K)
[2020-05-28T10:56:48.948+0000][1][gc,metaspace ] GC(10) Metaspace: 34288K->34288K(1081344K)
[2020-05-28T10:56:48.948+0000][1][gc           ] GC(10) Pause Young (Allocation Failure) 177M->58M(494M) 1305.174ms
[2020-05-28T10:56:48.952+0000][1][gc,cpu       ] GC(10) User=0.28s Sys=0.06s Real=1.31s
[2020-05-28T10:56:48.953+0000][1][safepoint    ] Safepoint "GenCollectForAllocation", Time since last: 511003046 ns, Reaching safepoint: 1624300 ns, At safepoint: 1310103981 ns, Total: 1311728281 ns
[2020-05-28T10:56:48.957+0000][1][gc,start     ] GC(11) Pause Initial Mark
[2020-05-28T10:56:48.969+0000][1][gc           ] GC(11) Pause Initial Mark 60M->60M(494M) 11.372ms
[2020-05-28T10:56:48.969+0000][1][gc,cpu       ] GC(11) User=0.01s Sys=0.00s Real=0.01s
[2020-05-28T10:56:48.970+0000][1][safepoint    ] Safepoint "CMS_Initial_Mark", Time since last: 3796099 ns, Reaching safepoint: 119200 ns, At safepoint: 12922900 ns, Total: 13042100 ns
[2020-05-28T10:56:48.976+0000][1][gc           ] GC(11) Concurrent Mark
[2020-05-28T10:56:49.148+0000][1][gc           ] GC(11) Concurrent Mark 171.877ms
[2020-05-28T10:56:49.157+0000][1][gc,cpu       ] GC(11) User=0.13s Sys=0.02s Real=0.18s
[2020-05-28T10:56:49.163+0000][1][gc           ] GC(11) Concurrent Preclean
[2020-05-28T10:56:49.171+0000][1][safepoint    ] Safepoint "CollectForMetadataAllocation", Time since last: 193377593 ns, Reaching safepoint: 6688700 ns, At safepoint: 601000 ns, Total: 7289700 ns
[2020-05-28T10:56:49.175+0000][1][gc           ] GC(11) Concurrent Preclean 11.646ms
[2020-05-28T10:56:49.175+0000][1][gc,cpu       ] GC(11) User=0.00s Sys=0.00s Real=0.01s
[2020-05-28T10:56:49.176+0000][1][gc           ] GC(11) Concurrent Abortable Preclean
[2020-05-28T10:56:49.876+0000][1][safepoint    ] Safepoint "CollectForMetadataAllocation", Time since last: 699454974 ns, Reaching safepoint: 2149200 ns, At safepoint: 2914800 ns, Total: 5064000 ns
[2020-05-28T10:56:50.639+0000][1][safepoint    ] Safepoint "CollectForMetadataAllocation", Time since last: 747604872 ns, Reaching safepoint: 15253399 ns, At safepoint: 979900 ns, Total: 16233299 ns
[2020-05-28T10:56:50.867+0000][1][safepoint    ] Safepoint "RevokeBias", Time since last: 228138192 ns, Reaching safepoint: 57200 ns, At safepoint: 95700 ns, Total: 152900 ns
[2020-05-28T10:56:51.208+0000][1][safepoint    ] Safepoint "CollectForMetadataAllocation", Time since last: 306378389 ns, Reaching safepoint: 28072998 ns, At safepoint: 6394500 ns, Total: 34467498 ns
[2020-05-28T10:56:51.638+0000][1][safepoint    ] Safepoint "CollectForMetadataAllocation", Time since last: 413208585 ns, Reaching safepoint: 14627599 ns, At safepoint: 2039200 ns, Total: 16666799 ns
[2020-05-28T10:56:52.635+0000][1][safepoint    ] Safepoint "CollectForMetadataAllocation", Time since last: 981878564 ns, Reaching safepoint: 10676600 ns, At safepoint: 2438200 ns, Total: 13114800 ns
[2020-05-28T10:56:53.595+0000][1][safepoint    ] Safepoint "CollectForMetadataAllocation", Time since last: 941772365 ns, Reaching safepoint: 17422699 ns, At safepoint: 2627700 ns, Total: 20050399 ns
[2020-05-28T10:56:53.907+0000][1][safepoint    ] Safepoint "RevokeBias", Time since last: 304348889 ns, Reaching safepoint: 7178299 ns, At safepoint: 90000 ns, Total: 7268299 ns
[2020-05-28T10:56:54.285+0000][1][safepoint    ] Safepoint "CollectForMetadataAllocation", Time since last: 377050787 ns, Reaching safepoint: 564900 ns, At safepoint: 1143899 ns, Total: 1708799 ns
[2020-05-28T10:56:54.330+0000][1][gc           ] GC(11) Concurrent Abortable Preclean 5147.459ms
[2020-05-28T10:56:54.349+0000][1][gc,cpu       ] GC(11) User=3.66s Sys=0.52s Real=5.17s
[2020-05-28T10:56:54.353+0000][1][gc,start     ] GC(11) Pause Remark
[2020-05-28T10:56:54.657+0000][1][gc           ] GC(11) Pause Remark 112M->112M(494M) 295.188ms
[2020-05-28T10:56:54.797+0000][1][gc,cpu       ] GC(11) User=0.03s Sys=0.03s Real=0.43s
[2020-05-28T10:56:54.901+0000][1][safepoint    ] Safepoint "CMS_Final_Remark", Time since last: 65052798 ns, Reaching safepoint: 1627000 ns, At safepoint: 548809880 ns, Total: 550436880 ns
[2020-05-28T10:56:55.083+0000][1][gc           ] GC(11) Concurrent Sweep
[2020-05-28T10:56:55.199+0000][1][gc           ] GC(11) Concurrent Sweep 126.122ms
[2020-05-28T10:56:55.213+0000][1][gc,cpu       ] GC(11) User=0.09s Sys=0.02s Real=0.15s
[2020-05-28T10:56:55.218+0000][1][gc           ] GC(11) Concurrent Reset
[2020-05-28T10:56:55.221+0000][1][gc           ] GC(11) Concurrent Reset 3.106ms
[2020-05-28T10:56:55.224+0000][1][gc,cpu       ] GC(11) User=0.01s Sys=0.00s Real=0.01s
[2020-05-28T10:56:55.225+0000][1][gc,heap      ] GC(11) Old: 43183K->43017K(349568K)
[2020-05-28T10:56:56.117+0000][1][safepoint    ] Safepoint "Cleanup", Time since last: 1155292957 ns, Reaching safepoint: 57438298 ns, At safepoint: 817700 ns, Total: 58255998 ns
[2020-05-28T10:56:57.183+0000][1][safepoint    ] Safepoint "Cleanup", Time since last: 1053502324 ns, Reaching safepoint: 15262004 ns, At safepoint: 16000 ns, Total: 15278004 ns
[2020-05-28T10:56:57.395+0000][1][safepoint    ] Safepoint "RevokeBias", Time since last: 203862457 ns, Reaching safepoint: 7531802 ns, At safepoint: 116800 ns, Total: 7648602 ns
[2020-05-28T10:56:57.620+0000][1][safepoint    ] Safepoint "Deoptimize", Time since last: 201176156 ns, Reaching safepoint: 20266406 ns, At safepoint: 4302701 ns, Total: 24569107 ns
[2020-05-28T10:56:58.798+0000][1][safepoint    ] Safepoint "Cleanup", Time since last: 1058720095 ns, Reaching safepoint: 117816632 ns, At safepoint: 52700 ns, Total: 117869332 ns
[2020-05-28T10:56:59.809+0000][1][safepoint    ] Safepoint "Cleanup", Time since last: 1004206480 ns, Reaching safepoint: 6180602 ns, At safepoint: 930600 ns, Total: 7111202 ns
[2020-05-28T10:57:00.901+0000][1][safepoint    ] Safepoint "Cleanup", Time since last: 1072477999 ns, Reaching safepoint: 20196605 ns, At safepoint: 22400 ns, Total: 20219005 ns
[2020-05-28T10:57:16.194+0000][1][safepoint    ] Safepoint "RevokeBias", Time since last: 15260654680 ns, Reaching safepoint: 18654802 ns, At safepoint: 11098002 ns, Total: 29752804 ns
[2020-05-28T10:57:16.410+0000][1][safepoint    ] Safepoint "RevokeBias", Time since last: 162219822 ns, Reaching safepoint: 27903904 ns, At safepoint: 14357402 ns, Total: 42261306 ns
[2020-05-28T10:57:16.806+0000][1][safepoint    ] Safepoint "RevokeBias", Time since last: 340544046 ns, Reaching safepoint: 33565505 ns, At safepoint: 31214204 ns, Total: 64779709 ns
[2020-05-28T10:57:28.117+0000][1][safepoint    ] Safepoint "Cleanup", Time since last: 11243358625 ns, Reaching safepoint: 52103201 ns, At safepoint: 6183801 ns, Total: 58287002 ns
