[2020-05-28T10:56:04.287+0000][1][gc] Using Concurrent Mark Sweep
[2020-05-28T10:56:04.299+0000][1][gc,heap,coops] Heap address: 0x00000000e0000000, size: 512 MB, Compressed Oops mode: 32-bit
[2020-05-28T10:56:04.815+0000][1][safepoint    ] Safepoint "EnableBiasedLocking", Time since last: 295121400 ns, Reaching safepoint: 586200 ns, At safepoint: 43900 ns, Total: 630100 ns
[2020-05-28T10:56:04.840+0000][1][safepoint    ] Safepoint "RevokeBias", Time since last: 23847800 ns, Reaching safepoint: 272200 ns, At safepoint: 167300 ns, Total: 439500 ns
[2020-05-28T10:56:04.899+0000][1][safepoint    ] Safepoint "Deoptimize", Time since last: 59694000 ns, Reaching safepoint: 24000 ns, At safepoint: 42000 ns, Total: 66000 ns
[2020-05-28T10:56:05.907+0000][1][safepoint    ] Safepoint "Cleanup", Time since last: 1001666600 ns, Reaching safepoint: 6509200 ns, At safepoint: 14000 ns, Total: 6523200 ns
[2020-05-28T10:56:06.021+0000][1][safepoint    ] Safepoint "Deoptimize", Time since last: 113971600 ns, Reaching safepoint: 28600 ns, At safepoint: 40100 ns, Total: 68700 ns
[2020-05-28T10:56:06.029+0000][1][safepoint    ] Safepoint "Deoptimize", Time since last: 7446400 ns, Reaching safepoint: 461800 ns, At safepoint: 50300 ns, Total: 512100 ns
[2020-05-28T10:56:06.395+0000][1][safepoint    ] Safepoint "Deoptimize", Time since last: 365654700 ns, Reaching safepoint: 83800 ns, At safepoint: 52100 ns, Total: 135900 ns
[2020-05-28T10:56:07.397+0000][1][safepoint    ] Safepoint "Cleanup", Time since last: 1001868000 ns, Reaching safepoint: 143400 ns, At safepoint: 6300 ns, Total: 149700 ns
[2020-05-28T10:56:08.401+0000][1][safepoint    ] Safepoint "Cleanup", Time since last: 1003320700 ns, Reaching safepoint: 278500 ns, At safepoint: 6600 ns, Total: 285100 ns
[2020-05-28T10:56:09.409+0000][1][safepoint    ] Safepoint "Cleanup", Time since last: 1001869400 ns, Reaching safepoint: 6006400 ns, At safepoint: 9500 ns, Total: 6015900 ns
[2020-05-28T10:56:09.437+0000][1][safepoint    ] Safepoint "Deoptimize", Time since last: 27999400 ns, Reaching safepoint: 23100 ns, At safepoint: 77200 ns, Total: 100300 ns
[2020-05-28T10:56:09.729+0000][1][safepoint    ] Safepoint "Deoptimize", Time since last: 291589700 ns, Reaching safepoint: 189900 ns, At safepoint: 584700 ns, Total: 774600 ns
[2020-05-28T10:56:10.135+0000][1][safepoint    ] Safepoint "Deoptimize", Time since last: 405276100 ns, Reaching safepoint: 55500 ns, At safepoint: 93100 ns, Total: 148600 ns
[2020-05-28T10:56:11.158+0000][1][safepoint    ] Safepoint "Cleanup", Time since last: 1004141500 ns, Reaching safepoint: 18710300 ns, At safepoint: 8000 ns, Total: 18718300 ns
[2020-05-28T10:56:12.163+0000][1][safepoint    ] Safepoint "Cleanup", Time since last: 1000623400 ns, Reaching safepoint: 4575200 ns, At safepoint: 8300 ns, Total: 4583500 ns
[2020-05-28T10:56:12.348+0000][1][safepoint    ] Safepoint "Deoptimize", Time since last: 184980200 ns, Reaching safepoint: 28300 ns, At safepoint: 112400 ns, Total: 140700 ns
[2020-05-28T10:56:13.008+0000][1][safepoint    ] Safepoint "Deoptimize", Time since last: 660102200 ns, Reaching safepoint: 60000 ns, At safepoint: 120900 ns, Total: 180900 ns
[2020-05-28T10:56:13.893+0000][1][safepoint    ] Safepoint "RevokeBias", Time since last: 885121000 ns, Reaching safepoint: 43700 ns, At safepoint: 95600 ns, Total: 139300 ns
[2020-05-28T10:56:14.721+0000][1][safepoint    ] Safepoint "Deoptimize", Time since last: 822747000 ns, Reaching safepoint: 2826100 ns, At safepoint: 1903800 ns, Total: 4729900 ns
[2020-05-28T10:56:15.728+0000][1][safepoint    ] Safepoint "Cleanup", Time since last: 1000527100 ns, Reaching safepoint: 6805300 ns, At safepoint: 11300 ns, Total: 6816600 ns
[2020-05-28T10:56:15.747+0000][1][safepoint    ] Safepoint "Deoptimize", Time since last: 16815200 ns, Reaching safepoint: 2047100 ns, At safepoint: 322700 ns, Total: 2369800 ns
[2020-05-28T10:56:15.757+0000][1][safepoint    ] Safepoint "Deoptimize", Time since last: 8749500 ns, Reaching safepoint: 753000 ns, At safepoint: 179300 ns, Total: 932300 ns
[2020-05-28T10:56:15.996+0000][1][safepoint    ] Safepoint "Deoptimize", Time since last: 238491800 ns, Reaching safepoint: 45200 ns, At safepoint: 321700 ns, Total: 366900 ns
[2020-05-28T10:56:16.025+0000][1][safepoint    ] Safepoint "Deoptimize", Time since last: 28608800 ns, Reaching safepoint: 32400 ns, At safepoint: 189000 ns, Total: 221400 ns
[2020-05-28T10:56:16.099+0000][1][safepoint    ] Safepoint "RevokeBias", Time since last: 73894300 ns, Reaching safepoint: 66300 ns, At safepoint: 22200 ns, Total: 88500 ns
[2020-05-28T10:56:16.118+0000][1][safepoint    ] Safepoint "RevokeBias", Time since last: 18609900 ns, Reaching safepoint: 362400 ns, At safepoint: 56500 ns, Total: 418900 ns
[2020-05-28T10:56:16.119+0000][1][safepoint    ] Safepoint "RevokeBias", Time since last: 1455300 ns, Reaching safepoint: 79400 ns, At safepoint: 49100 ns, Total: 128500 ns
[2020-05-28T10:56:16.122+0000][1][safepoint    ] Safepoint "RevokeBias", Time since last: 2240700 ns, Reaching safepoint: 113300 ns, At safepoint: 26600 ns, Total: 139900 ns
[2020-05-28T10:56:16.123+0000][1][safepoint    ] Safepoint "RevokeBias", Time since last: 1309500 ns, Reaching safepoint: 222700 ns, At safepoint: 20500 ns, Total: 243200 ns
[2020-05-28T10:56:16.147+0000][1][safepoint    ] Safepoint "Deoptimize", Time since last: 23926500 ns, Reaching safepoint: 36500 ns, At safepoint: 171700 ns, Total: 208200 ns
[2020-05-28T10:56:17.153+0000][1][safepoint    ] Safepoint "Cleanup", Time since last: 1001404300 ns, Reaching safepoint: 4360200 ns, At safepoint: 8500 ns, Total: 4368700 ns
[2020-05-28T10:56:18.155+0000][1][safepoint    ] Safepoint "Cleanup", Time since last: 1000629800 ns, Reaching safepoint: 923000 ns, At safepoint: 9300 ns, Total: 932300 ns
[2020-05-28T10:56:19.163+0000][1][safepoint    ] Safepoint "Cleanup", Time since last: 1004483800 ns, Reaching safepoint: 3538000 ns, At safepoint: 13700 ns, Total: 3551700 ns
[2020-05-28T10:56:20.164+0000][1][safepoint    ] Safepoint "Cleanup", Time since last: 1001043200 ns, Reaching safepoint: 193700 ns, At safepoint: 10000 ns, Total: 203700 ns
[2020-05-28T10:56:21.174+0000][1][safepoint    ] Safepoint "Cleanup", Time since last: 1000713900 ns, Reaching safepoint: 9567500 ns, At safepoint: 9500 ns, Total: 9577000 ns
[2020-05-28T10:56:21.922+0000][1][safepoint    ] Safepoint "RevokeBias", Time since last: 747667800 ns, Reaching safepoint: 43900 ns, At safepoint: 44000 ns, Total: 87900 ns
[2020-05-28T10:56:22.923+0000][1][safepoint    ] Safepoint "Cleanup", Time since last: 1000740900 ns, Reaching safepoint: 623100 ns, At safepoint: 11200 ns, Total: 634300 ns
[2020-05-28T10:56:23.892+0000][1][safepoint    ] Safepoint "Deoptimize", Time since last: 967821200 ns, Reaching safepoint: 75600 ns, At safepoint: 282200 ns, Total: 357800 ns
[2020-05-28T10:56:23.896+0000][1][safepoint    ] Safepoint "Deoptimize", Time since last: 3412800 ns, Reaching safepoint: 41000 ns, At safepoint: 522900 ns, Total: 563900 ns
[2020-05-28T10:56:24.535+0000][1][gc,start     ] GC(0) Pause Young (Allocation Failure)
[2020-05-28T10:56:24.536+0000][1][gc,task      ] GC(0) Using 3 workers of 3 for evacuation
[2020-05-28T10:56:25.009+0000][1][gc,age       ] GC(0) Desired survivor size 8945664 bytes, new threshold 1 (max threshold 6)
[2020-05-28T10:56:25.011+0000][1][gc,age       ] GC(0) Age table with threshold 1 (max threshold 6)
[2020-05-28T10:56:25.011+0000][1][gc,age       ] GC(0) - age   1:   10155096 bytes,   10155096 total
[2020-05-28T10:56:25.013+0000][1][gc,heap      ] GC(0) ParNew: 139776K->10014K(157248K)
[2020-05-28T10:56:25.014+0000][1][gc,heap      ] GC(0) CMS: 0K->0K(349568K)
[2020-05-28T10:56:25.015+0000][1][gc,metaspace ] GC(0) Metaspace: 17666K->17666K(1064960K)
[2020-05-28T10:56:25.015+0000][1][gc           ] GC(0) Pause Young (Allocation Failure) 136M->9M(494M) 480.599ms
[2020-05-28T10:56:25.016+0000][1][gc,cpu       ] GC(0) User=0.05s Sys=0.03s Real=0.48s
[2020-05-28T10:56:25.016+0000][1][safepoint    ] Safepoint "GenCollectForAllocation", Time since last: 638895500 ns, Reaching safepoint: 122500 ns, At safepoint: 481419500 ns, Total: 481542000 ns
[2020-05-28T10:56:25.017+0000][1][safepoint    ] Safepoint "RevokeBias", Time since last: 846200 ns, Reaching safepoint: 103400 ns, At safepoint: 57300 ns, Total: 160700 ns
[2020-05-28T10:56:25.018+0000][1][safepoint    ] Safepoint "RevokeBias", Time since last: 406300 ns, Reaching safepoint: 161400 ns, At safepoint: 80400 ns, Total: 241800 ns
[2020-05-28T10:56:25.023+0000][1][safepoint    ] Safepoint "RevokeBias", Time since last: 2082600 ns, Reaching safepoint: 177200 ns, At safepoint: 2763100 ns, Total: 2940300 ns
[2020-05-28T10:56:25.028+0000][1][safepoint    ] Safepoint "RevokeBias", Time since last: 1390800 ns, Reaching safepoint: 3850000 ns, At safepoint: 89600 ns, Total: 3939600 ns
[2020-05-28T10:56:25.030+0000][1][safepoint    ] Safepoint "RevokeBias", Time since last: 903100 ns, Reaching safepoint: 828100 ns, At safepoint: 80200 ns, Total: 908300 ns
[2020-05-28T10:56:25.031+0000][1][safepoint    ] Safepoint "RevokeBias", Time since last: 863000 ns, Reaching safepoint: 31000 ns, At safepoint: 91200 ns, Total: 122200 ns
[2020-05-28T10:56:25.033+0000][1][safepoint    ] Safepoint "RevokeBias", Time since last: 1453400 ns, Reaching safepoint: 473800 ns, At safepoint: 110100 ns, Total: 583900 ns
[2020-05-28T10:56:25.046+0000][1][safepoint    ] Safepoint "RevokeBias", Time since last: 10137400 ns, Reaching safepoint: 2911700 ns, At safepoint: 120100 ns, Total: 3031800 ns
[2020-05-28T10:56:25.049+0000][1][safepoint    ] Safepoint "RevokeBias", Time since last: 1688600 ns, Reaching safepoint: 1146100 ns, At safepoint: 66000 ns, Total: 1212100 ns
[2020-05-28T10:56:25.053+0000][1][safepoint    ] Safepoint "RevokeBias", Time since last: 1759500 ns, Reaching safepoint: 1985100 ns, At safepoint: 64900 ns, Total: 2050000 ns
[2020-05-28T10:56:25.056+0000][1][safepoint    ] Safepoint "RevokeBias", Time since last: 639100 ns, Reaching safepoint: 2326300 ns, At safepoint: 70400 ns, Total: 2396700 ns
[2020-05-28T10:56:25.059+0000][1][safepoint    ] Safepoint "RevokeBias", Time since last: 985700 ns, Reaching safepoint: 2114000 ns, At safepoint: 72700 ns, Total: 2186700 ns
[2020-05-28T10:56:25.063+0000][1][safepoint    ] Safepoint "RevokeBias", Time since last: 530800 ns, Reaching safepoint: 3269800 ns, At safepoint: 66400 ns, Total: 3336200 ns
[2020-05-28T10:56:25.064+0000][1][safepoint    ] Safepoint "RevokeBias", Time since last: 603700 ns, Reaching safepoint: 97500 ns, At safepoint: 62000 ns, Total: 159500 ns
[2020-05-28T10:56:25.064+0000][1][safepoint    ] Safepoint "RevokeBias", Time since last: 332000 ns, Reaching safepoint: 16600 ns, At safepoint: 16500 ns, Total: 33100 ns
[2020-05-28T10:56:25.065+0000][1][safepoint    ] Safepoint "RevokeBias", Time since last: 354900 ns, Reaching safepoint: 247700 ns, At safepoint: 69100 ns, Total: 316800 ns
[2020-05-28T10:56:25.066+0000][1][safepoint    ] Safepoint "RevokeBias", Time since last: 786600 ns, Reaching safepoint: 96400 ns, At safepoint: 53400 ns, Total: 149800 ns
[2020-05-28T10:56:25.066+0000][1][safepoint    ] Safepoint "RevokeBias", Time since last: 501700 ns, Reaching safepoint: 123400 ns, At safepoint: 56200 ns, Total: 179600 ns
[2020-05-28T10:56:25.067+0000][1][safepoint    ] Safepoint "RevokeBias", Time since last: 346400 ns, Reaching safepoint: 822800 ns, At safepoint: 60200 ns, Total: 883000 ns
[2020-05-28T10:56:25.068+0000][1][safepoint    ] Safepoint "RevokeBias", Time since last: 503000 ns, Reaching safepoint: 185900 ns, At safepoint: 54600 ns, Total: 240500 ns
[2020-05-28T10:56:25.069+0000][1][safepoint    ] Safepoint "RevokeBias", Time since last: 340700 ns, Reaching safepoint: 96500 ns, At safepoint: 45100 ns, Total: 141600 ns
[2020-05-28T10:56:25.069+0000][1][safepoint    ] Safepoint "RevokeBias", Time since last: 306000 ns, Reaching safepoint: 90400 ns, At safepoint: 86600 ns, Total: 177000 ns
[2020-05-28T10:56:25.071+0000][1][safepoint    ] Safepoint "RevokeBias", Time since last: 399400 ns, Reaching safepoint: 1193200 ns, At safepoint: 141700 ns, Total: 1334900 ns
[2020-05-28T10:56:25.072+0000][1][safepoint    ] Safepoint "RevokeBias", Time since last: 651300 ns, Reaching safepoint: 117400 ns, At safepoint: 85600 ns, Total: 203000 ns
[2020-05-28T10:56:25.074+0000][1][safepoint    ] Safepoint "RevokeBias", Time since last: 956300 ns, Reaching safepoint: 966300 ns, At safepoint: 73700 ns, Total: 1040000 ns
[2020-05-28T10:56:25.075+0000][1][safepoint    ] Safepoint "RevokeBias", Time since last: 553000 ns, Reaching safepoint: 222300 ns, At safepoint: 68900 ns, Total: 291200 ns
[2020-05-28T10:56:25.082+0000][1][safepoint    ] Safepoint "RevokeBias", Time since last: 394100 ns, Reaching safepoint: 6692100 ns, At safepoint: 138100 ns, Total: 6830200 ns
[2020-05-28T10:56:25.084+0000][1][safepoint    ] Safepoint "RevokeBias", Time since last: 785000 ns, Reaching safepoint: 1071200 ns, At safepoint: 55400 ns, Total: 1126600 ns
[2020-05-28T10:56:25.085+0000][1][safepoint    ] Safepoint "RevokeBias", Time since last: 796200 ns, Reaching safepoint: 138300 ns, At safepoint: 138500 ns, Total: 276800 ns
[2020-05-28T10:56:25.093+0000][1][safepoint    ] Safepoint "RevokeBias", Time since last: 7759300 ns, Reaching safepoint: 268500 ns, At safepoint: 57500 ns, Total: 326000 ns
[2020-05-28T10:56:25.106+0000][1][safepoint    ] Safepoint "RevokeBias", Time since last: 7392200 ns, Reaching safepoint: 5390300 ns, At safepoint: 51700 ns, Total: 5442000 ns
[2020-05-28T10:56:25.117+0000][1][safepoint    ] Safepoint "RevokeBias", Time since last: 1979800 ns, Reaching safepoint: 6387900 ns, At safepoint: 3229100 ns, Total: 9617000 ns
[2020-05-28T10:56:25.119+0000][1][safepoint    ] Safepoint "RevokeBias", Time since last: 1638700 ns, Reaching safepoint: 89800 ns, At safepoint: 61000 ns, Total: 150800 ns
[2020-05-28T10:56:25.120+0000][1][safepoint    ] Safepoint "RevokeBias", Time since last: 359200 ns, Reaching safepoint: 182500 ns, At safepoint: 42000 ns, Total: 224500 ns
[2020-05-28T10:56:25.121+0000][1][safepoint    ] Safepoint "RevokeBias", Time since last: 456900 ns, Reaching safepoint: 855500 ns, At safepoint: 249400 ns, Total: 1104900 ns
[2020-05-28T10:56:25.122+0000][1][safepoint    ] Safepoint "RevokeBias", Time since last: 703500 ns, Reaching safepoint: 254500 ns, At safepoint: 145600 ns, Total: 400100 ns
[2020-05-28T10:56:25.124+0000][1][safepoint    ] Safepoint "RevokeBias", Time since last: 556100 ns, Reaching safepoint: 616100 ns, At safepoint: 51700 ns, Total: 667800 ns
[2020-05-28T10:56:25.125+0000][1][safepoint    ] Safepoint "RevokeBias", Time since last: 717300 ns, Reaching safepoint: 155700 ns, At safepoint: 146900 ns, Total: 302600 ns
[2020-05-28T10:56:25.126+0000][1][safepoint    ] Safepoint "BulkRevokeBias", Time since last: 676000 ns, Reaching safepoint: 59500 ns, At safepoint: 336100 ns, Total: 395600 ns
[2020-05-28T10:56:25.127+0000][1][safepoint    ] Safepoint "BulkRevokeBias", Time since last: 545200 ns, Reaching safepoint: 315200 ns, At safepoint: 207700 ns, Total: 522900 ns
[2020-05-28T10:56:25.163+0000][1][safepoint    ] Safepoint "Deoptimize", Time since last: 35662600 ns, Reaching safepoint: 34800 ns, At safepoint: 309800 ns, Total: 344600 ns
[2020-05-28T10:56:25.185+0000][1][safepoint    ] Safepoint "RevokeBias", Time since last: 19206900 ns, Reaching safepoint: 2768000 ns, At safepoint: 32700 ns, Total: 2800700 ns
[2020-05-28T10:56:25.187+0000][1][safepoint    ] Safepoint "RevokeBias", Time since last: 2163200 ns, Reaching safepoint: 51400 ns, At safepoint: 14200 ns, Total: 65600 ns
[2020-05-28T10:56:25.343+0000][1][safepoint    ] Safepoint "RevokeBias", Time since last: 154853200 ns, Reaching safepoint: 998700 ns, At safepoint: 23100 ns, Total: 1021800 ns
[2020-05-28T10:56:25.480+0000][1][safepoint    ] Safepoint "RevokeBias", Time since last: 136916700 ns, Reaching safepoint: 206000 ns, At safepoint: 19000 ns, Total: 225000 ns
[2020-05-28T10:56:26.482+0000][1][safepoint    ] Safepoint "Cleanup", Time since last: 1001529800 ns, Reaching safepoint: 66500 ns, At safepoint: 8900 ns, Total: 75400 ns
[2020-05-28T10:56:26.701+0000][1][gc,start     ] GC(1) Pause Young (Allocation Failure)
[2020-05-28T10:56:26.702+0000][1][gc,task      ] GC(1) Using 3 workers of 3 for evacuation
[2020-05-28T10:56:27.598+0000][1][gc,age       ] GC(1) Desired survivor size 8945664 bytes, new threshold 6 (max threshold 6)
[2020-05-28T10:56:27.599+0000][1][gc,age       ] GC(1) Age table with threshold 6 (max threshold 6)
[2020-05-28T10:56:27.599+0000][1][gc,age       ] GC(1) - age   1:    2348632 bytes,    2348632 total
[2020-05-28T10:56:27.600+0000][1][gc,heap      ] GC(1) ParNew: 149790K->6284K(157248K)
[2020-05-28T10:56:27.600+0000][1][gc,heap      ] GC(1) CMS: 0K->10474K(349568K)
[2020-05-28T10:56:27.601+0000][1][gc,metaspace ] GC(1) Metaspace: 18927K->18927K(1067008K)
[2020-05-28T10:56:27.602+0000][1][gc           ] GC(1) Pause Young (Allocation Failure) 146M->16M(494M) 901.049ms
[2020-05-28T10:56:27.602+0000][1][gc,cpu       ] GC(1) User=0.13s Sys=0.04s Real=0.90s
[2020-05-28T10:56:27.603+0000][1][safepoint    ] Safepoint "GenCollectForAllocation", Time since last: 219127900 ns, Reaching safepoint: 32700 ns, At safepoint: 901929000 ns, Total: 901961700 ns
[2020-05-28T10:56:27.603+0000][1][safepoint    ] Safepoint "RevokeBias", Time since last: 530500 ns, Reaching safepoint: 58000 ns, At safepoint: 36800 ns, Total: 94800 ns
[2020-05-28T10:56:27.605+0000][1][safepoint    ] Safepoint "RevokeBias", Time since last: 946600 ns, Reaching safepoint: 184400 ns, At safepoint: 834700 ns, Total: 1019100 ns
[2020-05-28T10:56:27.608+0000][1][safepoint    ] Safepoint "RevokeBias", Time since last: 1694700 ns, Reaching safepoint: 455500 ns, At safepoint: 802400 ns, Total: 1257900 ns
[2020-05-28T10:56:27.610+0000][1][safepoint    ] Safepoint "RevokeBias", Time since last: 695300 ns, Reaching safepoint: 158000 ns, At safepoint: 831900 ns, Total: 989900 ns
[2020-05-28T10:56:27.612+0000][1][safepoint    ] Safepoint "RevokeBias", Time since last: 938000 ns, Reaching safepoint: 604500 ns, At safepoint: 198900 ns, Total: 803400 ns
[2020-05-28T10:56:27.613+0000][1][safepoint    ] Safepoint "RevokeBias", Time since last: 980500 ns, Reaching safepoint: 102000 ns, At safepoint: 32500 ns, Total: 134500 ns
[2020-05-28T10:56:27.614+0000][1][safepoint    ] Safepoint "RevokeBias", Time since last: 730400 ns, Reaching safepoint: 200700 ns, At safepoint: 37600 ns, Total: 238300 ns
[2020-05-28T10:56:27.614+0000][1][safepoint    ] Safepoint "RevokeBias", Time since last: 417600 ns, Reaching safepoint: 98100 ns, At safepoint: 31500 ns, Total: 129600 ns
[2020-05-28T10:56:27.615+0000][1][safepoint    ] Safepoint "RevokeBias", Time since last: 393700 ns, Reaching safepoint: 31000 ns, At safepoint: 29600 ns, Total: 60600 ns
[2020-05-28T10:56:27.615+0000][1][safepoint    ] Safepoint "RevokeBias", Time since last: 537700 ns, Reaching safepoint: 132500 ns, At safepoint: 31100 ns, Total: 163600 ns
[2020-05-28T10:56:27.616+0000][1][safepoint    ] Safepoint "RevokeBias", Time since last: 409800 ns, Reaching safepoint: 169300 ns, At safepoint: 30700 ns, Total: 200000 ns
[2020-05-28T10:56:27.617+0000][1][safepoint    ] Safepoint "RevokeBias", Time since last: 381800 ns, Reaching safepoint: 134500 ns, At safepoint: 121000 ns, Total: 255500 ns
[2020-05-28T10:56:27.620+0000][1][safepoint    ] Safepoint "RevokeBias", Time since last: 2556000 ns, Reaching safepoint: 155000 ns, At safepoint: 340500 ns, Total: 495500 ns
[2020-05-28T10:56:28.622+0000][1][safepoint    ] Safepoint "Cleanup", Time since last: 1002544500 ns, Reaching safepoint: 66000 ns, At safepoint: 10200 ns, Total: 76200 ns
[2020-05-28T10:56:28.736+0000][1][safepoint    ] Safepoint "Deoptimize", Time since last: 113415600 ns, Reaching safepoint: 131800 ns, At safepoint: 382600 ns, Total: 514400 ns
[2020-05-28T10:56:28.927+0000][1][safepoint    ] Safepoint "Deoptimize", Time since last: 189851800 ns, Reaching safepoint: 42000 ns, At safepoint: 343100 ns, Total: 385100 ns
[2020-05-28T10:56:29.218+0000][1][gc,start     ] GC(2) Pause Young (Allocation Failure)
[2020-05-28T10:56:29.218+0000][1][gc,task      ] GC(2) Using 3 workers of 3 for evacuation
[2020-05-28T10:56:29.298+0000][1][gc,age       ] GC(2) Desired survivor size 8945664 bytes, new threshold 6 (max threshold 6)
[2020-05-28T10:56:29.299+0000][1][gc,age       ] GC(2) Age table with threshold 6 (max threshold 6)
[2020-05-28T10:56:29.299+0000][1][gc,age       ] GC(2) - age   1:    3368720 bytes,    3368720 total
[2020-05-28T10:56:29.300+0000][1][gc,age       ] GC(2) - age   2:     614304 bytes,    3983024 total
[2020-05-28T10:56:29.300+0000][1][gc,heap      ] GC(2) ParNew: 146060K->4996K(157248K)
[2020-05-28T10:56:29.301+0000][1][gc,heap      ] GC(2) CMS: 10474K->10474K(349568K)
[2020-05-28T10:56:29.301+0000][1][gc,metaspace ] GC(2) Metaspace: 19897K->19897K(1067008K)
[2020-05-28T10:56:29.302+0000][1][gc           ] GC(2) Pause Young (Allocation Failure) 152M->15M(494M) 84.170ms
[2020-05-28T10:56:29.302+0000][1][gc,cpu       ] GC(2) User=0.03s Sys=0.00s Real=0.09s
[2020-05-28T10:56:29.302+0000][1][safepoint    ] Safepoint "GenCollectForAllocation", Time since last: 290953700 ns, Reaching safepoint: 113900 ns, At safepoint: 84791200 ns, Total: 84905100 ns
[2020-05-28T10:56:29.305+0000][1][safepoint    ] Safepoint "BulkRevokeBias", Time since last: 2391600 ns, Reaching safepoint: 77200 ns, At safepoint: 179600 ns, Total: 256800 ns
[2020-05-28T10:56:29.307+0000][1][safepoint    ] Safepoint "RevokeBias", Time since last: 1697900 ns, Reaching safepoint: 34100 ns, At safepoint: 134000 ns, Total: 168100 ns
[2020-05-28T10:56:29.308+0000][1][safepoint    ] Safepoint "RevokeBias", Time since last: 525500 ns, Reaching safepoint: 28200 ns, At safepoint: 45100 ns, Total: 73300 ns
[2020-05-28T10:56:29.308+0000][1][safepoint    ] Safepoint "RevokeBias", Time since last: 450700 ns, Reaching safepoint: 23900 ns, At safepoint: 28100 ns, Total: 52000 ns
[2020-05-28T10:56:29.309+0000][1][safepoint    ] Safepoint "RevokeBias", Time since last: 490100 ns, Reaching safepoint: 40800 ns, At safepoint: 312700 ns, Total: 353500 ns
[2020-05-28T10:56:29.310+0000][1][safepoint    ] Safepoint "RevokeBias", Time since last: 314300 ns, Reaching safepoint: 308100 ns, At safepoint: 35900 ns, Total: 344000 ns
[2020-05-28T10:56:29.311+0000][1][safepoint    ] Safepoint "RevokeBias", Time since last: 1162100 ns, Reaching safepoint: 207000 ns, At safepoint: 36100 ns, Total: 243100 ns
[2020-05-28T10:56:29.313+0000][1][safepoint    ] Safepoint "RevokeBias", Time since last: 1820600 ns, Reaching safepoint: 232400 ns, At safepoint: 212300 ns, Total: 444700 ns
[2020-05-28T10:56:29.314+0000][1][safepoint    ] Safepoint "RevokeBias", Time since last: 918000 ns, Reaching safepoint: 287400 ns, At safepoint: 36100 ns, Total: 323500 ns
[2020-05-28T10:56:29.320+0000][1][safepoint    ] Safepoint "RevokeBias", Time since last: 4766800 ns, Reaching safepoint: 127000 ns, At safepoint: 156000 ns, Total: 283000 ns
[2020-05-28T10:56:29.323+0000][1][safepoint    ] Safepoint "RevokeBias", Time since last: 430100 ns, Reaching safepoint: 214100 ns, At safepoint: 2450800 ns, Total: 2664900 ns
[2020-05-28T10:56:29.324+0000][1][safepoint    ] Safepoint "RevokeBias", Time since last: 1168400 ns, Reaching safepoint: 150100 ns, At safepoint: 140500 ns, Total: 290600 ns
[2020-05-28T10:56:29.325+0000][1][safepoint    ] Safepoint "RevokeBias", Time since last: 877800 ns, Reaching safepoint: 25800 ns, At safepoint: 187600 ns, Total: 213400 ns
[2020-05-28T10:56:29.326+0000][1][safepoint    ] Safepoint "RevokeBias", Time since last: 291200 ns, Reaching safepoint: 14200 ns, At safepoint: 44300 ns, Total: 58500 ns
[2020-05-28T10:56:29.327+0000][1][safepoint    ] Safepoint "RevokeBias", Time since last: 972400 ns, Reaching safepoint: 706900 ns, At safepoint: 163200 ns, Total: 870100 ns
[2020-05-28T10:56:29.328+0000][1][safepoint    ] Safepoint "RevokeBias", Time since last: 861800 ns, Reaching safepoint: 59100 ns, At safepoint: 55200 ns, Total: 114300 ns
[2020-05-28T10:56:29.329+0000][1][safepoint    ] Safepoint "RevokeBias", Time since last: 414200 ns, Reaching safepoint: 77900 ns, At safepoint: 145000 ns, Total: 222900 ns
[2020-05-28T10:56:29.330+0000][1][safepoint    ] Safepoint "RevokeBias", Time since last: 538700 ns, Reaching safepoint: 25000 ns, At safepoint: 304100 ns, Total: 329100 ns
[2020-05-28T10:56:29.331+0000][1][safepoint    ] Safepoint "RevokeBias", Time since last: 524000 ns, Reaching safepoint: 212000 ns, At safepoint: 57100 ns, Total: 269100 ns
[2020-05-28T10:56:30.377+0000][1][gc,start     ] GC(3) Pause Young (Allocation Failure)
[2020-05-28T10:56:30.378+0000][1][gc,task      ] GC(3) Using 3 workers of 3 for evacuation
[2020-05-28T10:56:30.496+0000][1][gc,age       ] GC(3) Desired survivor size 8945664 bytes, new threshold 6 (max threshold 6)
[2020-05-28T10:56:30.496+0000][1][gc,age       ] GC(3) Age table with threshold 6 (max threshold 6)
[2020-05-28T10:56:30.497+0000][1][gc,age       ] GC(3) - age   1:    2979816 bytes,    2979816 total
[2020-05-28T10:56:30.497+0000][1][gc,age       ] GC(3) - age   2:    2819056 bytes,    5798872 total
[2020-05-28T10:56:30.498+0000][1][gc,age       ] GC(3) - age   3:     614224 bytes,    6413096 total
[2020-05-28T10:56:30.498+0000][1][gc,heap      ] GC(3) ParNew: 144772K->8228K(157248K)
[2020-05-28T10:56:30.499+0000][1][gc,heap      ] GC(3) CMS: 10474K->10474K(349568K)
[2020-05-28T10:56:30.499+0000][1][gc,metaspace ] GC(3) Metaspace: 20217K->20217K(1069056K)
[2020-05-28T10:56:30.500+0000][1][gc           ] GC(3) Pause Young (Allocation Failure) 151M->18M(494M) 122.728ms
[2020-05-28T10:56:30.500+0000][1][gc,cpu       ] GC(3) User=0.02s Sys=0.01s Real=0.12s
[2020-05-28T10:56:30.500+0000][1][safepoint    ] Safepoint "GenCollectForAllocation", Time since last: 1046323000 ns, Reaching safepoint: 50100 ns, At safepoint: 123464000 ns, Total: 123514100 ns
[2020-05-28T10:56:30.501+0000][1][safepoint    ] Safepoint "RevokeBias", Time since last: 461800 ns, Reaching safepoint: 86200 ns, At safepoint: 37600 ns, Total: 123800 ns
[2020-05-28T10:56:30.502+0000][1][safepoint    ] Safepoint "RevokeBias", Time since last: 523900 ns, Reaching safepoint: 557700 ns, At safepoint: 36800 ns, Total: 594500 ns
[2020-05-28T10:56:30.510+0000][1][safepoint    ] Safepoint "RevokeBias", Time since last: 5209200 ns, Reaching safepoint: 2836100 ns, At safepoint: 75300 ns, Total: 2911400 ns
[2020-05-28T10:56:30.527+0000][1][safepoint    ] Safepoint "RevokeBias", Time since last: 826300 ns, Reaching safepoint: 15689900 ns, At safepoint: 85100 ns, Total: 15775000 ns
[2020-05-28T10:56:30.529+0000][1][safepoint    ] Safepoint "RevokeBias", Time since last: 1353500 ns, Reaching safepoint: 425300 ns, At safepoint: 56700 ns, Total: 482000 ns
[2020-05-28T10:56:30.531+0000][1][safepoint    ] Safepoint "RevokeBias", Time since last: 518200 ns, Reaching safepoint: 2171000 ns, At safepoint: 54900 ns, Total: 2225900 ns
[2020-05-28T10:56:30.536+0000][1][safepoint    ] Safepoint "RevokeBias", Time since last: 675100 ns, Reaching safepoint: 3571600 ns, At safepoint: 51000 ns, Total: 3622600 ns
[2020-05-28T10:56:30.543+0000][1][safepoint    ] Safepoint "RevokeBias", Time since last: 643800 ns, Reaching safepoint: 6641900 ns, At safepoint: 206000 ns, Total: 6847900 ns
[2020-05-28T10:56:30.639+0000][1][safepoint    ] Safepoint "CollectForMetadataAllocation", Time since last: 95985100 ns, Reaching safepoint: 39700 ns, At safepoint: 125700 ns, Total: 165400 ns
[2020-05-28T10:56:31.009+0000][1][safepoint    ] Safepoint "RevokeBias", Time since last: 368204400 ns, Reaching safepoint: 1723200 ns, At safepoint: 22900 ns, Total: 1746100 ns
[2020-05-28T10:56:31.011+0000][1][safepoint    ] Safepoint "RevokeBias", Time since last: 984800 ns, Reaching safepoint: 922100 ns, At safepoint: 24900 ns, Total: 947000 ns
[2020-05-28T10:56:31.025+0000][1][safepoint    ] Safepoint "CollectForMetadataAllocation", Time since last: 7022400 ns, Reaching safepoint: 6434500 ns, At safepoint: 119700 ns, Total: 6554200 ns
[2020-05-28T10:56:31.509+0000][1][gc,start     ] GC(4) Pause Young (Allocation Failure)
[2020-05-28T10:56:31.510+0000][1][gc,task      ] GC(4) Using 3 workers of 3 for evacuation
[2020-05-28T10:56:31.545+0000][1][gc,age       ] GC(4) Desired survivor size 8945664 bytes, new threshold 6 (max threshold 6)
[2020-05-28T10:56:31.549+0000][1][gc,age       ] GC(4) Age table with threshold 6 (max threshold 6)
[2020-05-28T10:56:31.550+0000][1][gc,age       ] GC(4) - age   1:    2507552 bytes,    2507552 total
[2020-05-28T10:56:31.550+0000][1][gc,age       ] GC(4) - age   2:    1265136 bytes,    3772688 total
[2020-05-28T10:56:31.550+0000][1][gc,age       ] GC(4) - age   3:    2818952 bytes,    6591640 total
[2020-05-28T10:56:31.551+0000][1][gc,age       ] GC(4) - age   4:     614224 bytes,    7205864 total
[2020-05-28T10:56:31.551+0000][1][gc,heap      ] GC(4) ParNew: 148004K->9051K(157248K)
[2020-05-28T10:56:31.551+0000][1][gc,heap      ] GC(4) CMS: 10474K->10474K(349568K)
[2020-05-28T10:56:31.552+0000][1][gc,metaspace ] GC(4) Metaspace: 20602K->20602K(1069056K)
[2020-05-28T10:56:31.552+0000][1][gc           ] GC(4) Pause Young (Allocation Failure) 154M->19M(494M) 42.920ms
[2020-05-28T10:56:31.552+0000][1][gc,cpu       ] GC(4) User=0.03s Sys=0.00s Real=0.05s
[2020-05-28T10:56:31.553+0000][1][safepoint    ] Safepoint "GenCollectForAllocation", Time since last: 484130100 ns, Reaching safepoint: 134700 ns, At safepoint: 43675600 ns, Total: 43810300 ns
[2020-05-28T10:56:31.553+0000][1][gc,start     ] GC(5) Pause Initial Mark
[2020-05-28T10:56:31.597+0000][1][gc           ] GC(5) Pause Initial Mark 21M->21M(494M) 44.003ms
[2020-05-28T10:56:31.598+0000][1][gc,cpu       ] GC(5) User=0.02s Sys=0.01s Real=0.04s
[2020-05-28T10:56:31.599+0000][1][safepoint    ] Safepoint "CMS_Initial_Mark", Time since last: 457100 ns, Reaching safepoint: 133200 ns, At safepoint: 45141400 ns, Total: 45274600 ns
[2020-05-28T10:56:31.599+0000][1][safepoint    ] Safepoint "BulkRevokeBias", Time since last: 497900 ns, Reaching safepoint: 100500 ns, At safepoint: 98900 ns, Total: 199400 ns
[2020-05-28T10:56:31.599+0000][1][gc           ] GC(5) Concurrent Mark
[2020-05-28T10:56:31.600+0000][1][safepoint    ] Safepoint "BulkRevokeBias", Time since last: 366600 ns, Reaching safepoint: 394900 ns, At safepoint: 83800 ns, Total: 478700 ns
[2020-05-28T10:56:31.899+0000][1][gc           ] GC(5) Concurrent Mark 299.823ms
[2020-05-28T10:56:31.900+0000][1][gc,cpu       ] GC(5) User=0.18s Sys=0.01s Real=0.30s
[2020-05-28T10:56:31.900+0000][1][safepoint    ] Safepoint "CollectForMetadataAllocation", Time since last: 187615800 ns, Reaching safepoint: 112406600 ns, At safepoint: 132400 ns, Total: 112539000 ns
[2020-05-28T10:56:31.900+0000][1][gc           ] GC(5) Concurrent Preclean
[2020-05-28T10:56:31.902+0000][1][gc           ] GC(5) Concurrent Preclean 1.232ms
[2020-05-28T10:56:31.902+0000][1][gc,cpu       ] GC(5) User=0.00s Sys=0.00s Real=0.01s
[2020-05-28T10:56:31.902+0000][1][gc           ] GC(5) Concurrent Abortable Preclean
[2020-05-28T10:56:32.082+0000][1][safepoint    ] Safepoint "CollectForMetadataAllocation", Time since last: 178221900 ns, Reaching safepoint: 3049100 ns, At safepoint: 296200 ns, Total: 3345300 ns
[2020-05-28T10:56:33.295+0000][1][gc,start     ] GC(6) Pause Young (Allocation Failure)
[2020-05-28T10:56:33.296+0000][1][gc,task      ] GC(6) Using 3 workers of 3 for evacuation
[2020-05-28T10:56:33.349+0000][1][gc,age       ] GC(6) Desired survivor size 8945664 bytes, new threshold 6 (max threshold 6)
[2020-05-28T10:56:33.350+0000][1][gc,age       ] GC(6) Age table with threshold 6 (max threshold 6)
[2020-05-28T10:56:33.350+0000][1][gc,age       ] GC(6) - age   1:     775648 bytes,     775648 total
[2020-05-28T10:56:33.350+0000][1][gc,age       ] GC(6) - age   2:    1489648 bytes,    2265296 total
[2020-05-28T10:56:33.351+0000][1][gc,age       ] GC(6) - age   3:    1264848 bytes,    3530144 total
[2020-05-28T10:56:33.351+0000][1][gc,age       ] GC(6) - age   4:    2818640 bytes,    6348784 total
[2020-05-28T10:56:33.351+0000][1][gc,age       ] GC(6) - age   5:     613912 bytes,    6962696 total
[2020-05-28T10:56:33.352+0000][1][gc,heap      ] GC(6) ParNew: 148827K->11058K(157248K)
[2020-05-28T10:56:33.352+0000][1][gc,heap      ] GC(6) CMS: 10474K->10474K(349568K)
[2020-05-28T10:56:33.352+0000][1][gc,metaspace ] GC(6) Metaspace: 21418K->21418K(1069056K)
[2020-05-28T10:56:33.353+0000][1][gc           ] GC(6) Pause Young (Allocation Failure) 155M->21M(494M) 57.925ms
[2020-05-28T10:56:33.353+0000][1][gc,cpu       ] GC(6) User=0.04s Sys=0.00s Real=0.06s
[2020-05-28T10:56:33.353+0000][1][safepoint    ] Safepoint "GenCollectForAllocation", Time since last: 1203016727 ns, Reaching safepoint: 9960365 ns, At safepoint: 58683390 ns, Total: 68643755 ns
[2020-05-28T10:56:33.731+0000][1][safepoint    ] Safepoint "CollectForMetadataAllocation", Time since last: 372288831 ns, Reaching safepoint: 4975200 ns, At safepoint: 123200 ns, Total: 5098400 ns
[2020-05-28T10:56:33.737+0000][1][safepoint    ] Safepoint "RevokeBias", Time since last: 2865100 ns, Reaching safepoint: 3023700 ns, At safepoint: 18300 ns, Total: 3042000 ns
[2020-05-28T10:56:33.924+0000][1][gc           ] GC(5) Concurrent Abortable Preclean 2021.477ms
[2020-05-28T10:56:33.925+0000][1][gc,cpu       ] GC(5) User=1.17s Sys=0.07s Real=2.02s
[2020-05-28T10:56:33.936+0000][1][gc,start     ] GC(5) Pause Remark
[2020-05-28T10:56:34.004+0000][1][gc           ] GC(5) Pause Remark 115M->115M(494M) 68.693ms
[2020-05-28T10:56:34.005+0000][1][gc,cpu       ] GC(5) User=0.04s Sys=0.00s Real=0.07s
[2020-05-28T10:56:34.017+0000][1][safepoint    ] Safepoint "CMS_Final_Remark", Time since last: 190921584 ns, Reaching safepoint: 8053000 ns, At safepoint: 80770793 ns, Total: 88823793 ns
[2020-05-28T10:56:34.017+0000][1][gc           ] GC(5) Concurrent Sweep
[2020-05-28T10:56:34.035+0000][1][gc           ] GC(5) Concurrent Sweep 17.806ms
[2020-05-28T10:56:34.036+0000][1][gc,cpu       ] GC(5) User=0.01s Sys=0.00s Real=0.02s
[2020-05-28T10:56:34.037+0000][1][gc           ] GC(5) Concurrent Reset
[2020-05-28T10:56:34.044+0000][1][gc           ] GC(5) Concurrent Reset 6.854ms
[2020-05-28T10:56:34.052+0000][1][gc,cpu       ] GC(5) User=0.01s Sys=0.00s Real=0.02s
[2020-05-28T10:56:34.054+0000][1][gc,heap      ] GC(5) Old: 10474K->10467K(349568K)
[2020-05-28T10:56:34.342+0000][1][gc,start     ] GC(7) Pause Young (Allocation Failure)
[2020-05-28T10:56:34.344+0000][1][gc,task      ] GC(7) Using 3 workers of 3 for evacuation
[2020-05-28T10:56:34.373+0000][1][gc,age       ] GC(7) Desired survivor size 8945664 bytes, new threshold 6 (max threshold 6)
[2020-05-28T10:56:34.380+0000][1][gc,age       ] GC(7) Age table with threshold 6 (max threshold 6)
[2020-05-28T10:56:34.387+0000][1][gc,age       ] GC(7) - age   1:     918280 bytes,     918280 total
[2020-05-28T10:56:34.388+0000][1][gc,age       ] GC(7) - age   2:     754784 bytes,    1673064 total
[2020-05-28T10:56:34.389+0000][1][gc,age       ] GC(7) - age   3:    1489648 bytes,    3162712 total
[2020-05-28T10:56:34.389+0000][1][gc,age       ] GC(7) - age   4:    1264120 bytes,    4426832 total
[2020-05-28T10:56:34.389+0000][1][gc,age       ] GC(7) - age   5:    2817312 bytes,    7244144 total
[2020-05-28T10:56:34.390+0000][1][gc,age       ] GC(7) - age   6:     613888 bytes,    7858032 total
[2020-05-28T10:56:34.390+0000][1][gc,heap      ] GC(7) ParNew: 150834K->11264K(157248K)
[2020-05-28T10:56:34.392+0000][1][gc,heap      ] GC(7) CMS: 10467K->10467K(349568K)
[2020-05-28T10:56:34.398+0000][1][gc,metaspace ] GC(7) Metaspace: 21601K->21601K(1069056K)
[2020-05-28T10:56:34.399+0000][1][gc           ] GC(7) Pause Young (Allocation Failure) 157M->21M(494M) 57.046ms
[2020-05-28T10:56:34.399+0000][1][gc,cpu       ] GC(7) User=0.02s Sys=0.00s Real=0.05s
[2020-05-28T10:56:34.400+0000][1][safepoint    ] Safepoint "GenCollectForAllocation", Time since last: 320198475 ns, Reaching safepoint: 5129799 ns, At safepoint: 57912796 ns, Total: 63042595 ns
[2020-05-28T10:56:35.408+0000][1][safepoint    ] Safepoint "Cleanup", Time since last: 1003339420 ns, Reaching safepoint: 4865199 ns, At safepoint: 19300 ns, Total: 4884499 ns
[2020-05-28T10:56:36.418+0000][1][safepoint    ] Safepoint "Cleanup", Time since last: 1007707420 ns, Reaching safepoint: 2239000 ns, At safepoint: 18100 ns, Total: 2257100 ns
[2020-05-28T10:56:37.080+0000][1][safepoint    ] Safepoint "Deoptimize", Time since last: 661498147 ns, Reaching safepoint: 54400 ns, At safepoint: 315600 ns, Total: 370000 ns
[2020-05-28T10:56:37.156+0000][1][safepoint    ] Safepoint "Deoptimize", Time since last: 76135494 ns, Reaching safepoint: 34400 ns, At safepoint: 310700 ns, Total: 345100 ns
[2020-05-28T10:56:37.232+0000][1][safepoint    ] Safepoint "Deoptimize", Time since last: 74753294 ns, Reaching safepoint: 111500 ns, At safepoint: 415100 ns, Total: 526600 ns
[2020-05-28T10:56:37.321+0000][1][safepoint    ] Safepoint "RevokeBias", Time since last: 81304694 ns, Reaching safepoint: 8003799 ns, At safepoint: 28300 ns, Total: 8032099 ns
[2020-05-28T10:56:37.325+0000][1][safepoint    ] Safepoint "RevokeBias", Time since last: 1865100 ns, Reaching safepoint: 2564500 ns, At safepoint: 26600 ns, Total: 2591100 ns
[2020-05-28T10:56:38.328+0000][1][safepoint    ] Safepoint "Cleanup", Time since last: 1000748320 ns, Reaching safepoint: 2292000 ns, At safepoint: 15600 ns, Total: 2307600 ns
[2020-05-28T10:56:39.329+0000][1][safepoint    ] Safepoint "Cleanup", Time since last: 1000645420 ns, Reaching safepoint: 57500 ns, At safepoint: 34700 ns, Total: 92200 ns
[2020-05-28T10:56:39.339+0000][1][gc,start     ] GC(8) Pause Young (Allocation Failure)
[2020-05-28T10:56:39.346+0000][1][gc,task      ] GC(8) Using 3 workers of 3 for evacuation
[2020-05-28T10:56:39.595+0000][1][gc,age       ] GC(8) Desired survivor size 8945664 bytes, new threshold 2 (max threshold 6)
[2020-05-28T10:56:39.595+0000][1][gc,age       ] GC(8) Age table with threshold 2 (max threshold 6)
[2020-05-28T10:56:39.596+0000][1][gc,age       ] GC(8) - age   1:    8564816 bytes,    8564816 total
[2020-05-28T10:56:39.596+0000][1][gc,age       ] GC(8) - age   2:     478680 bytes,    9043496 total
[2020-05-28T10:56:39.596+0000][1][gc,age       ] GC(8) - age   3:     753936 bytes,    9797432 total
[2020-05-28T10:56:39.596+0000][1][gc,age       ] GC(8) - age   4:    1487056 bytes,   11284488 total
[2020-05-28T10:56:39.597+0000][1][gc,age       ] GC(8) - age   5:    1257544 bytes,   12542032 total
[2020-05-28T10:56:39.597+0000][1][gc,age       ] GC(8) - age   6:    2811992 bytes,   15354024 total
[2020-05-28T10:56:39.597+0000][1][gc,heap      ] GC(8) ParNew: 151040K->17472K(157248K)
[2020-05-28T10:56:39.598+0000][1][gc,heap      ] GC(8) CMS: 10467K->11077K(349568K)
[2020-05-28T10:56:39.598+0000][1][gc,metaspace ] GC(8) Metaspace: 28226K->28226K(1075200K)
[2020-05-28T10:56:39.599+0000][1][gc           ] GC(8) Pause Young (Allocation Failure) 157M->27M(494M) 260.347ms
[2020-05-28T10:56:39.599+0000][1][gc,cpu       ] GC(8) User=0.05s Sys=0.02s Real=0.26s
[2020-05-28T10:56:39.600+0000][1][safepoint    ] Safepoint "GenCollectForAllocation", Time since last: 9385800 ns, Reaching safepoint: 24999 ns, At safepoint: 260966780 ns, Total: 260991779 ns
[2020-05-28T10:56:40.605+0000][1][safepoint    ] Safepoint "Cleanup", Time since last: 1003223220 ns, Reaching safepoint: 1974700 ns, At safepoint: 16100 ns, Total: 1990800 ns
[2020-05-28T10:56:41.609+0000][1][safepoint    ] Safepoint "Cleanup", Time since last: 1000776095 ns, Reaching safepoint: 3286000 ns, At safepoint: 18500 ns, Total: 3304500 ns
[2020-05-28T10:56:41.803+0000][1][safepoint    ] Safepoint "RevokeBias", Time since last: 194531679 ns, Reaching safepoint: 37200 ns, At safepoint: 37900 ns, Total: 75100 ns
[2020-05-28T10:56:42.363+0000][1][safepoint    ] Safepoint "Deoptimize", Time since last: 558715141 ns, Reaching safepoint: 172500 ns, At safepoint: 447900 ns, Total: 620400 ns
[2020-05-28T10:56:42.894+0000][1][gc,start     ] GC(9) Pause Young (Allocation Failure)
[2020-05-28T10:56:42.895+0000][1][gc,task      ] GC(9) Using 3 workers of 3 for evacuation
[2020-05-28T10:56:44.090+0000][1][gc,age       ] GC(9) Desired survivor size 8945664 bytes, new threshold 1 (max threshold 6)
[2020-05-28T10:56:44.095+0000][1][gc,age       ] GC(9) Age table with threshold 1 (max threshold 6)
[2020-05-28T10:56:44.104+0000][1][gc,age       ] GC(9) - age   1:   11804320 bytes,   11804320 total
[2020-05-28T10:56:44.105+0000][1][gc,age       ] GC(9) - age   2:    6086872 bytes,   17891192 total
[2020-05-28T10:56:44.105+0000][1][gc,heap      ] GC(9) ParNew: 157248K->17472K(157248K)
[2020-05-28T10:56:44.105+0000][1][gc,heap      ] GC(9) CMS: 11077K->26199K(349568K)
[2020-05-28T10:56:44.106+0000][1][gc,metaspace ] GC(9) Metaspace: 28439K->28439K(1075200K)
[2020-05-28T10:56:44.106+0000][1][gc           ] GC(9) Pause Young (Allocation Failure) 164M->42M(494M) 1212.258ms
[2020-05-28T10:56:44.107+0000][1][gc,cpu       ] GC(9) User=0.23s Sys=0.06s Real=1.21s
[2020-05-28T10:56:44.114+0000][1][safepoint    ] Safepoint "GenCollectForAllocation", Time since last: 531062944 ns, Reaching safepoint: 53000 ns, At safepoint: 1219849971 ns, Total: 1219902971 ns
[2020-05-28T10:56:45.123+0000][1][safepoint    ] Safepoint "Cleanup", Time since last: 1007314194 ns, Reaching safepoint: 1698999 ns, At safepoint: 17200 ns, Total: 1716199 ns
[2020-05-28T10:56:46.000+0000][1][safepoint    ] Safepoint "RevokeBias", Time since last: 876128608 ns, Reaching safepoint: 835200 ns, At safepoint: 40100 ns, Total: 875300 ns
[2020-05-28T10:56:46.051+0000][1][safepoint    ] Safepoint "RevokeBias", Time since last: 47310395 ns, Reaching safepoint: 4063299 ns, At safepoint: 44500 ns, Total: 4107799 ns
[2020-05-28T10:56:46.218+0000][1][safepoint    ] Safepoint "RevokeBias", Time since last: 166260983 ns, Reaching safepoint: 27300 ns, At safepoint: 27400 ns, Total: 54700 ns
[2020-05-28T10:56:46.238+0000][1][safepoint    ] Safepoint "RevokeBias", Time since last: 20440897 ns, Reaching safepoint: 27000 ns, At safepoint: 35400 ns, Total: 62400 ns
[2020-05-28T10:56:46.277+0000][1][safepoint    ] Safepoint "RevokeBias", Time since last: 39012196 ns, Reaching safepoint: 27400 ns, At safepoint: 29600 ns, Total: 57000 ns
[2020-05-28T10:56:46.290+0000][1][safepoint    ] Safepoint "RevokeBias", Time since last: 12514299 ns, Reaching safepoint: 220500 ns, At safepoint: 31000 ns, Total: 251500 ns
[2020-05-28T10:56:46.304+0000][1][safepoint    ] Safepoint "RevokeBias", Time since last: 12214799 ns, Reaching safepoint: 1616700 ns, At safepoint: 44000 ns, Total: 1660700 ns
[2020-05-28T10:56:46.329+0000][1][safepoint    ] Safepoint "RevokeBias", Time since last: 24833497 ns, Reaching safepoint: 35900 ns, At safepoint: 36600 ns, Total: 72500 ns
[2020-05-28T10:56:47.336+0000][1][safepoint    ] Safepoint "Cleanup", Time since last: 1001585894 ns, Reaching safepoint: 6131399 ns, At safepoint: 20500 ns, Total: 6151899 ns
[2020-05-28T10:56:47.684+0000][1][gc,start     ] GC(10) Pause Young (Allocation Failure)
[2020-05-28T10:56:47.685+0000][1][gc,task      ] GC(10) Using 3 workers of 3 for evacuation
[2020-05-28T10:56:48.857+0000][1][gc,age       ] GC(10) Desired survivor size 8945664 bytes, new threshold 6 (max threshold 6)
[2020-05-28T10:56:48.858+0000][1][gc,age       ] GC(10) Age table with threshold 6 (max threshold 6)
[2020-05-28T10:56:48.859+0000][1][gc,age       ] GC(10) - age   1:    4190736 bytes,    4190736 total
[2020-05-28T10:56:48.859+0000][1][gc,heap      ] GC(10) ParNew: 157248K->16380K(157248K)
[2020-05-28T10:56:48.861+0000][1][gc,heap      ] GC(10) CMS: 26199K->44285K(349568K)
[2020-05-28T10:56:48.863+0000][1][gc,metaspace ] GC(10) Metaspace: 34281K->34281K(1081344K)
[2020-05-28T10:56:48.864+0000][1][gc           ] GC(10) Pause Young (Allocation Failure) 179M->59M(494M) 1180.412ms
[2020-05-28T10:56:48.865+0000][1][gc,cpu       ] GC(10) User=0.14s Sys=0.06s Real=1.18s
[2020-05-28T10:56:48.866+0000][1][safepoint    ] Safepoint "GenCollectForAllocation", Time since last: 346856964 ns, Reaching safepoint: 406800 ns, At safepoint: 1182873088 ns, Total: 1183279888 ns
[2020-05-28T10:56:49.871+0000][1][safepoint    ] Safepoint "Cleanup", Time since last: 1001015363 ns, Reaching safepoint: 3894400 ns, At safepoint: 16100 ns, Total: 3910500 ns
[2020-05-28T10:56:50.972+0000][1][safepoint    ] Safepoint "Cleanup", Time since last: 1099985459 ns, Reaching safepoint: 204900 ns, At safepoint: 8100 ns, Total: 213000 ns
[2020-05-28T10:56:51.286+0000][1][safepoint    ] Safepoint "CollectForMetadataAllocation", Time since last: 313088788 ns, Reaching safepoint: 108600 ns, At safepoint: 1106700 ns, Total: 1215300 ns
[2020-05-28T10:56:51.997+0000][1][safepoint    ] Safepoint "CollectForMetadataAllocation", Time since last: 710851674 ns, Reaching safepoint: 89700 ns, At safepoint: 154900 ns, Total: 244600 ns
[2020-05-28T10:56:52.485+0000][1][safepoint    ] Safepoint "CollectForMetadataAllocation", Time since last: 470789683 ns, Reaching safepoint: 9746199 ns, At safepoint: 7043400 ns, Total: 16789599 ns
[2020-05-28T10:56:52.892+0000][1][gc,start     ] GC(11) Pause Initial Mark
[2020-05-28T10:56:53.018+0000][1][gc           ] GC(11) Pause Initial Mark 102M->102M(494M) 122.768ms
[2020-05-28T10:56:53.023+0000][1][gc,cpu       ] GC(11) User=0.02s Sys=0.00s Real=0.14s
[2020-05-28T10:56:53.034+0000][1][safepoint    ] Safepoint "CMS_Initial_Mark", Time since last: 396491385 ns, Reaching safepoint: 7150300 ns, At safepoint: 145485495 ns, Total: 152635795 ns
[2020-05-28T10:56:53.036+0000][1][gc           ] GC(11) Concurrent Mark
[2020-05-28T10:56:53.164+0000][1][gc           ] GC(11) Concurrent Mark 127.216ms
[2020-05-28T10:56:53.176+0000][1][gc,cpu       ] GC(11) User=0.10s Sys=0.01s Real=0.14s
[2020-05-28T10:56:53.179+0000][1][gc           ] GC(11) Concurrent Preclean
[2020-05-28T10:56:53.188+0000][1][gc           ] GC(11) Concurrent Preclean 8.902ms
[2020-05-28T10:56:53.189+0000][1][gc,cpu       ] GC(11) User=0.00s Sys=0.00s Real=0.01s
[2020-05-28T10:56:53.189+0000][1][gc           ] GC(11) Concurrent Abortable Preclean
[2020-05-28T10:56:53.256+0000][1][safepoint    ] Safepoint "CollectForMetadataAllocation", Time since last: 207233992 ns, Reaching safepoint: 9172100 ns, At safepoint: 6096000 ns, Total: 15268100 ns
[2020-05-28T10:56:53.769+0000][1][safepoint    ] Safepoint "CollectForMetadataAllocation", Time since last: 494680081 ns, Reaching safepoint: 11203400 ns, At safepoint: 6742900 ns, Total: 17946300 ns
[2020-05-28T10:56:54.224+0000][1][safepoint    ] Safepoint "CollectForMetadataAllocation", Time since last: 443273883 ns, Reaching safepoint: 10770400 ns, At safepoint: 1064700 ns, Total: 11835100 ns
[2020-05-28T10:56:55.268+0000][1][safepoint    ] Safepoint "CollectForMetadataAllocation", Time since last: 1027035962 ns, Reaching safepoint: 15433099 ns, At safepoint: 1119500 ns, Total: 16552599 ns
[2020-05-28T10:56:55.420+0000][1][safepoint    ] Safepoint "CollectForMetadataAllocation", Time since last: 144319995 ns, Reaching safepoint: 7186800 ns, At safepoint: 1307199 ns, Total: 8493999 ns
[2020-05-28T10:56:55.660+0000][1][safepoint    ] Safepoint "CollectForMetadataAllocation", Time since last: 231324092 ns, Reaching safepoint: 5309500 ns, At safepoint: 2855600 ns, Total: 8165100 ns
[2020-05-28T10:56:56.070+0000][1][safepoint    ] Safepoint "RevokeBias", Time since last: 407799385 ns, Reaching safepoint: 1211200 ns, At safepoint: 898099 ns, Total: 2109299 ns
[2020-05-28T10:56:56.293+0000][1][safepoint    ] Safepoint "Deoptimize", Time since last: 202928993 ns, Reaching safepoint: 12326300 ns, At safepoint: 7925299 ns, Total: 20251599 ns
[2020-05-28T10:56:56.536+0000][1][safepoint    ] Safepoint "RevokeBias", Time since last: 243102191 ns, Reaching safepoint: 177400 ns, At safepoint: 89300 ns, Total: 266700 ns
[2020-05-28T10:56:56.669+0000][1][safepoint    ] Safepoint "CollectForMetadataAllocation", Time since last: 130002195 ns, Reaching safepoint: 92400 ns, At safepoint: 2743200 ns, Total: 2835600 ns
[2020-05-28T10:56:56.756+0000][1][safepoint    ] Safepoint "RevokeBias", Time since last: 73476398 ns, Reaching safepoint: 13063899 ns, At safepoint: 125500 ns, Total: 13189399 ns
[2020-05-28T10:56:57.186+0000][1][safepoint    ] Safepoint "CollectForMetadataAllocation", Time since last: 428318652 ns, Reaching safepoint: 115500 ns, At safepoint: 1856201 ns, Total: 1971701 ns
[2020-05-28T10:56:57.834+0000][1][safepoint    ] Safepoint "CollectForMetadataAllocation", Time since last: 636155477 ns, Reaching safepoint: 9919203 ns, At safepoint: 2173500 ns, Total: 12092703 ns
[2020-05-28T10:56:58.343+0000][1][gc           ] GC(11) Concurrent Abortable Preclean 5145.231ms
[2020-05-28T10:56:58.466+0000][1][gc,cpu       ] GC(11) User=1.79s Sys=0.39s Real=5.26s
[2020-05-28T10:56:58.518+0000][1][gc,start     ] GC(11) Pause Remark
[2020-05-28T10:56:58.719+0000][1][gc           ] GC(11) Pause Remark 119M->119M(494M) 190.885ms
[2020-05-28T10:56:58.780+0000][1][gc,cpu       ] GC(11) User=0.04s Sys=0.01s Real=0.26s
[2020-05-28T10:56:58.790+0000][1][safepoint    ] Safepoint "CMS_Final_Remark", Time since last: 669366587 ns, Reaching safepoint: 8665302 ns, At safepoint: 274235577 ns, Total: 282900879 ns
[2020-05-28T10:56:58.798+0000][1][gc           ] GC(11) Concurrent Sweep
[2020-05-28T10:56:58.832+0000][1][gc           ] GC(11) Concurrent Sweep 34.245ms
[2020-05-28T10:56:58.833+0000][1][gc,cpu       ] GC(11) User=0.01s Sys=0.00s Real=0.04s
[2020-05-28T10:56:58.849+0000][1][gc           ] GC(11) Concurrent Reset
[2020-05-28T10:56:58.851+0000][1][gc           ] GC(11) Concurrent Reset 2.222ms
[2020-05-28T10:56:58.852+0000][1][gc,cpu       ] GC(11) User=0.00s Sys=0.00s Real=0.01s
[2020-05-28T10:56:58.855+0000][1][gc,heap      ] GC(11) Old: 44285K->44118K(349568K)
[2020-05-28T10:56:59.818+0000][1][safepoint    ] Safepoint "Cleanup", Time since last: 1008267080 ns, Reaching safepoint: 23079107 ns, At safepoint: 44900 ns, Total: 23124007 ns
[2020-05-28T10:57:01.914+0000][1][safepoint    ] Safepoint "Cleanup", Time since last: 2066097775 ns, Reaching safepoint: 29434308 ns, At safepoint: 60100 ns, Total: 29494408 ns
[2020-05-28T10:57:07.060+0000][1][safepoint    ] Safepoint "Cleanup", Time since last: 5120119701 ns, Reaching safepoint: 24028401 ns, At safepoint: 32300 ns, Total: 24060701 ns
[2020-05-28T10:57:10.236+0000][1][safepoint    ] Safepoint "Cleanup", Time since last: 3149902963 ns, Reaching safepoint: 22383801 ns, At safepoint: 47700 ns, Total: 22431501 ns
[2020-05-28T10:57:12.400+0000][1][safepoint    ] Safepoint "Cleanup", Time since last: 2119485109 ns, Reaching safepoint: 40029102 ns, At safepoint: 2503100 ns, Total: 42532202 ns
[2020-05-28T10:57:16.194+0000][1][safepoint    ] Safepoint "RevokeBias", Time since last: 3769463321 ns, Reaching safepoint: 18658302 ns, At safepoint: 11098102 ns, Total: 29756404 ns
[2020-05-28T10:57:16.636+0000][1][safepoint    ] Safepoint "RevokeBias", Time since last: 398705054 ns, Reaching safepoint: 19481503 ns, At safepoint: 8374201 ns, Total: 27855704 ns
[2020-05-28T10:57:26.919+0000][1][safepoint    ] Safepoint "Cleanup", Time since last: 10176423422 ns, Reaching safepoint: 113799602 ns, At safepoint: 42900 ns, Total: 113842502 ns
[2020-05-28T10:57:42.208+0000][1][safepoint    ] Safepoint "Cleanup", Time since last: 15279376942 ns, Reaching safepoint: 20870201 ns, At safepoint: 39500 ns, Total: 20909701 ns
