[2020-05-28T11:09:35.167+0000][1][gc] Using Concurrent Mark Sweep
[2020-05-28T11:09:35.180+0000][1][gc,heap,coops] Heap address: 0x00000000e0000000, size: 512 MB, Compressed Oops mode: 32-bit
[2020-05-28T11:09:35.570+0000][1][safepoint    ] Safepoint "EnableBiasedLocking", Time since last: 266761600 ns, Reaching safepoint: 42400 ns, At safepoint: 127200 ns, Total: 169600 ns
[2020-05-28T11:09:35.582+0000][1][safepoint    ] Safepoint "RevokeBias", Time since last: 11573300 ns, Reaching safepoint: 516500 ns, At safepoint: 93700 ns, Total: 610200 ns
[2020-05-28T11:09:35.613+0000][1][safepoint    ] Safepoint "Deoptimize", Time since last: 30769600 ns, Reaching safepoint: 23500 ns, At safepoint: 22000 ns, Total: 45500 ns
[2020-05-28T11:09:36.545+0000][1][safepoint    ] Safepoint "RevokeBias", Time since last: 931562900 ns, Reaching safepoint: 89900 ns, At safepoint: 36600 ns, Total: 126500 ns
[2020-05-28T11:09:36.566+0000][1][safepoint    ] Safepoint "Deoptimize", Time since last: 20774000 ns, Reaching safepoint: 234200 ns, At safepoint: 36900 ns, Total: 271100 ns
[2020-05-28T11:09:36.799+0000][1][safepoint    ] Safepoint "Deoptimize", Time since last: 232779700 ns, Reaching safepoint: 122200 ns, At safepoint: 193900 ns, Total: 316100 ns
[2020-05-28T11:09:37.800+0000][1][safepoint    ] Safepoint "Cleanup", Time since last: 1001309400 ns, Reaching safepoint: 143400 ns, At safepoint: 6400 ns, Total: 149800 ns
[2020-05-28T11:09:38.806+0000][1][safepoint    ] Safepoint "Cleanup", Time since last: 1001306300 ns, Reaching safepoint: 5046500 ns, At safepoint: 10600 ns, Total: 5057100 ns
[2020-05-28T11:09:39.167+0000][1][safepoint    ] Safepoint "Deoptimize", Time since last: 360489600 ns, Reaching safepoint: 73600 ns, At safepoint: 94400 ns, Total: 168000 ns
[2020-05-28T11:09:39.455+0000][1][safepoint    ] Safepoint "Deoptimize", Time since last: 287877300 ns, Reaching safepoint: 36500 ns, At safepoint: 82100 ns, Total: 118600 ns
[2020-05-28T11:09:39.665+0000][1][safepoint    ] Safepoint "Deoptimize", Time since last: 209442300 ns, Reaching safepoint: 51200 ns, At safepoint: 119800 ns, Total: 171000 ns
[2020-05-28T11:09:40.668+0000][1][safepoint    ] Safepoint "Cleanup", Time since last: 1002122800 ns, Reaching safepoint: 1216500 ns, At safepoint: 14300 ns, Total: 1230800 ns
[2020-05-28T11:09:41.544+0000][1][safepoint    ] Safepoint "Deoptimize", Time since last: 872922200 ns, Reaching safepoint: 2587100 ns, At safepoint: 174400 ns, Total: 2761500 ns
[2020-05-28T11:09:41.998+0000][1][safepoint    ] Safepoint "Deoptimize", Time since last: 454486900 ns, Reaching safepoint: 56900 ns, At safepoint: 118000 ns, Total: 174900 ns
[2020-05-28T11:09:42.674+0000][1][safepoint    ] Safepoint "RevokeBias", Time since last: 675266600 ns, Reaching safepoint: 131600 ns, At safepoint: 76200 ns, Total: 207800 ns
[2020-05-28T11:09:43.361+0000][1][safepoint    ] Safepoint "Deoptimize", Time since last: 686358900 ns, Reaching safepoint: 100500 ns, At safepoint: 168900 ns, Total: 269400 ns
[2020-05-28T11:09:44.151+0000][1][safepoint    ] Safepoint "Deoptimize", Time since last: 789422800 ns, Reaching safepoint: 937600 ns, At safepoint: 206400 ns, Total: 1144000 ns
[2020-05-28T11:09:44.157+0000][1][safepoint    ] Safepoint "Deoptimize", Time since last: 5268900 ns, Reaching safepoint: 23100 ns, At safepoint: 179300 ns, Total: 202400 ns
[2020-05-28T11:09:44.274+0000][1][safepoint    ] Safepoint "Deoptimize", Time since last: 117271000 ns, Reaching safepoint: 209100 ns, At safepoint: 176400 ns, Total: 385500 ns
[2020-05-28T11:09:44.291+0000][1][safepoint    ] Safepoint "Deoptimize", Time since last: 16768900 ns, Reaching safepoint: 32800 ns, At safepoint: 162800 ns, Total: 195600 ns
[2020-05-28T11:09:44.320+0000][1][safepoint    ] Safepoint "RevokeBias", Time since last: 27129500 ns, Reaching safepoint: 1777000 ns, At safepoint: 62200 ns, Total: 1839200 ns
[2020-05-28T11:09:44.321+0000][1][safepoint    ] Safepoint "RevokeBias", Time since last: 901300 ns, Reaching safepoint: 249000 ns, At safepoint: 52100 ns, Total: 301100 ns
[2020-05-28T11:09:44.322+0000][1][safepoint    ] Safepoint "RevokeBias", Time since last: 498900 ns, Reaching safepoint: 180000 ns, At safepoint: 42500 ns, Total: 222500 ns
[2020-05-28T11:09:44.323+0000][1][safepoint    ] Safepoint "RevokeBias", Time since last: 673200 ns, Reaching safepoint: 87000 ns, At safepoint: 26000 ns, Total: 113000 ns
[2020-05-28T11:09:44.335+0000][1][safepoint    ] Safepoint "RevokeBias", Time since last: 11986200 ns, Reaching safepoint: 53200 ns, At safepoint: 40700 ns, Total: 93900 ns
[2020-05-28T11:09:44.376+0000][1][safepoint    ] Safepoint "Deoptimize", Time since last: 38421800 ns, Reaching safepoint: 2661800 ns, At safepoint: 177600 ns, Total: 2839400 ns
[2020-05-28T11:09:45.379+0000][1][safepoint    ] Safepoint "Cleanup", Time since last: 1001067500 ns, Reaching safepoint: 2164900 ns, At safepoint: 7900 ns, Total: 2172800 ns
[2020-05-28T11:09:46.382+0000][1][safepoint    ] Safepoint "Cleanup", Time since last: 1000730700 ns, Reaching safepoint: 2145200 ns, At safepoint: 16000 ns, Total: 2161200 ns
[2020-05-28T11:09:46.540+0000][1][safepoint    ] Safepoint "Deoptimize", Time since last: 157491400 ns, Reaching safepoint: 42400 ns, At safepoint: 327400 ns, Total: 369800 ns
[2020-05-28T11:09:47.541+0000][1][safepoint    ] Safepoint "Cleanup", Time since last: 1000584100 ns, Reaching safepoint: 243800 ns, At safepoint: 13000 ns, Total: 256800 ns
[2020-05-28T11:09:48.514+0000][1][safepoint    ] Safepoint "RevokeBias", Time since last: 972832600 ns, Reaching safepoint: 44000 ns, At safepoint: 54900 ns, Total: 98900 ns
[2020-05-28T11:09:49.515+0000][1][safepoint    ] Safepoint "Cleanup", Time since last: 1000665100 ns, Reaching safepoint: 154600 ns, At safepoint: 42400 ns, Total: 197000 ns
[2020-05-28T11:09:49.649+0000][1][safepoint    ] Safepoint "Deoptimize", Time since last: 134180400 ns, Reaching safepoint: 40800 ns, At safepoint: 347700 ns, Total: 388500 ns
[2020-05-28T11:09:49.652+0000][1][safepoint    ] Safepoint "Deoptimize", Time since last: 2370400 ns, Reaching safepoint: 24700 ns, At safepoint: 275900 ns, Total: 300600 ns
[2020-05-28T11:09:49.976+0000][1][gc,start     ] GC(0) Pause Young (Allocation Failure)
[2020-05-28T11:09:50.013+0000][1][gc,task      ] GC(0) Using 3 workers of 3 for evacuation
[2020-05-28T11:09:50.296+0000][1][gc,age       ] GC(0) Desired survivor size 8945664 bytes, new threshold 1 (max threshold 6)
[2020-05-28T11:09:50.297+0000][1][gc,age       ] GC(0) Age table with threshold 1 (max threshold 6)
[2020-05-28T11:09:50.301+0000][1][gc,age       ] GC(0) - age   1:    9694928 bytes,    9694928 total
[2020-05-28T11:09:50.302+0000][1][gc,heap      ] GC(0) ParNew: 139776K->9564K(157248K)
[2020-05-28T11:09:50.302+0000][1][gc,heap      ] GC(0) CMS: 0K->0K(349568K)
[2020-05-28T11:09:50.304+0000][1][gc,metaspace ] GC(0) Metaspace: 17555K->17555K(1064960K)
[2020-05-28T11:09:50.313+0000][1][gc           ] GC(0) Pause Young (Allocation Failure) 136M->9M(494M) 340.117ms
[2020-05-28T11:09:50.313+0000][1][gc,cpu       ] GC(0) User=0.05s Sys=0.02s Real=0.34s
[2020-05-28T11:09:50.315+0000][1][safepoint    ] Safepoint "GenCollectForAllocation", Time since last: 316301900 ns, Reaching safepoint: 52000 ns, At safepoint: 346360100 ns, Total: 346412100 ns
[2020-05-28T11:09:50.324+0000][1][safepoint    ] Safepoint "RevokeBias", Time since last: 8020000 ns, Reaching safepoint: 559600 ns, At safepoint: 966300 ns, Total: 1525900 ns
[2020-05-28T11:09:50.327+0000][1][safepoint    ] Safepoint "RevokeBias", Time since last: 1397900 ns, Reaching safepoint: 291300 ns, At safepoint: 1318500 ns, Total: 1609800 ns
[2020-05-28T11:09:50.329+0000][1][safepoint    ] Safepoint "RevokeBias", Time since last: 774600 ns, Reaching safepoint: 508900 ns, At safepoint: 75800 ns, Total: 584700 ns
[2020-05-28T11:09:50.333+0000][1][safepoint    ] Safepoint "RevokeBias", Time since last: 543100 ns, Reaching safepoint: 999000 ns, At safepoint: 2939500 ns, Total: 3938500 ns
[2020-05-28T11:09:50.339+0000][1][safepoint    ] Safepoint "RevokeBias", Time since last: 5804300 ns, Reaching safepoint: 142400 ns, At safepoint: 58200 ns, Total: 200600 ns
[2020-05-28T11:09:50.342+0000][1][safepoint    ] Safepoint "RevokeBias", Time since last: 2129300 ns, Reaching safepoint: 737800 ns, At safepoint: 84100 ns, Total: 821900 ns
[2020-05-28T11:09:50.346+0000][1][safepoint    ] Safepoint "RevokeBias", Time since last: 2932500 ns, Reaching safepoint: 839200 ns, At safepoint: 257500 ns, Total: 1096700 ns
[2020-05-28T11:09:50.348+0000][1][safepoint    ] Safepoint "RevokeBias", Time since last: 944100 ns, Reaching safepoint: 516000 ns, At safepoint: 56400 ns, Total: 572400 ns
[2020-05-28T11:09:50.349+0000][1][safepoint    ] Safepoint "RevokeBias", Time since last: 969100 ns, Reaching safepoint: 151900 ns, At safepoint: 79400 ns, Total: 231300 ns
[2020-05-28T11:09:50.350+0000][1][safepoint    ] Safepoint "RevokeBias", Time since last: 795100 ns, Reaching safepoint: 124200 ns, At safepoint: 413800 ns, Total: 538000 ns
[2020-05-28T11:09:50.353+0000][1][safepoint    ] Safepoint "RevokeBias", Time since last: 1904600 ns, Reaching safepoint: 148600 ns, At safepoint: 428100 ns, Total: 576700 ns
[2020-05-28T11:09:50.354+0000][1][safepoint    ] Safepoint "RevokeBias", Time since last: 1097500 ns, Reaching safepoint: 114000 ns, At safepoint: 77900 ns, Total: 191900 ns
[2020-05-28T11:09:50.355+0000][1][safepoint    ] Safepoint "RevokeBias", Time since last: 516600 ns, Reaching safepoint: 227000 ns, At safepoint: 52100 ns, Total: 279100 ns
[2020-05-28T11:09:50.356+0000][1][safepoint    ] Safepoint "RevokeBias", Time since last: 602900 ns, Reaching safepoint: 245800 ns, At safepoint: 186200 ns, Total: 432000 ns
[2020-05-28T11:09:50.356+0000][1][safepoint    ] Safepoint "RevokeBias", Time since last: 450900 ns, Reaching safepoint: 103900 ns, At safepoint: 43300 ns, Total: 147200 ns
[2020-05-28T11:09:50.357+0000][1][safepoint    ] Safepoint "RevokeBias", Time since last: 686200 ns, Reaching safepoint: 133200 ns, At safepoint: 63400 ns, Total: 196600 ns
[2020-05-28T11:09:50.358+0000][1][safepoint    ] Safepoint "RevokeBias", Time since last: 786100 ns, Reaching safepoint: 115800 ns, At safepoint: 79400 ns, Total: 195200 ns
[2020-05-28T11:09:50.361+0000][1][safepoint    ] Safepoint "RevokeBias", Time since last: 1406700 ns, Reaching safepoint: 998800 ns, At safepoint: 422900 ns, Total: 1421700 ns
[2020-05-28T11:09:50.363+0000][1][safepoint    ] Safepoint "RevokeBias", Time since last: 1506100 ns, Reaching safepoint: 120800 ns, At safepoint: 83300 ns, Total: 204100 ns
[2020-05-28T11:09:50.364+0000][1][safepoint    ] Safepoint "RevokeBias", Time since last: 904000 ns, Reaching safepoint: 78500 ns, At safepoint: 72200 ns, Total: 150700 ns
[2020-05-28T11:09:50.366+0000][1][safepoint    ] Safepoint "RevokeBias", Time since last: 1240300 ns, Reaching safepoint: 169400 ns, At safepoint: 111600 ns, Total: 281000 ns
[2020-05-28T11:09:50.367+0000][1][safepoint    ] Safepoint "RevokeBias", Time since last: 871700 ns, Reaching safepoint: 539100 ns, At safepoint: 100900 ns, Total: 640000 ns
[2020-05-28T11:09:50.369+0000][1][safepoint    ] Safepoint "RevokeBias", Time since last: 999700 ns, Reaching safepoint: 626800 ns, At safepoint: 79800 ns, Total: 706600 ns
[2020-05-28T11:09:50.373+0000][1][safepoint    ] Safepoint "RevokeBias", Time since last: 3229300 ns, Reaching safepoint: 613900 ns, At safepoint: 80300 ns, Total: 694200 ns
[2020-05-28T11:09:50.374+0000][1][safepoint    ] Safepoint "RevokeBias", Time since last: 533200 ns, Reaching safepoint: 959500 ns, At safepoint: 59200 ns, Total: 1018700 ns
[2020-05-28T11:09:50.376+0000][1][safepoint    ] Safepoint "RevokeBias", Time since last: 798700 ns, Reaching safepoint: 155700 ns, At safepoint: 66200 ns, Total: 221900 ns
[2020-05-28T11:09:50.377+0000][1][safepoint    ] Safepoint "RevokeBias", Time since last: 1620500 ns, Reaching safepoint: 119600 ns, At safepoint: 73200 ns, Total: 192800 ns
[2020-05-28T11:09:50.382+0000][1][safepoint    ] Safepoint "RevokeBias", Time since last: 3426800 ns, Reaching safepoint: 516400 ns, At safepoint: 1211800 ns, Total: 1728200 ns
[2020-05-28T11:09:50.398+0000][1][safepoint    ] Safepoint "RevokeBias", Time since last: 4480000 ns, Reaching safepoint: 10909500 ns, At safepoint: 192100 ns, Total: 11101600 ns
[2020-05-28T11:09:50.402+0000][1][safepoint    ] Safepoint "RevokeBias", Time since last: 700200 ns, Reaching safepoint: 3660500 ns, At safepoint: 66900 ns, Total: 3727400 ns
[2020-05-28T11:09:50.403+0000][1][safepoint    ] Safepoint "RevokeBias", Time since last: 657800 ns, Reaching safepoint: 103500 ns, At safepoint: 48400 ns, Total: 151900 ns
[2020-05-28T11:09:50.404+0000][1][safepoint    ] Safepoint "RevokeBias", Time since last: 398600 ns, Reaching safepoint: 523500 ns, At safepoint: 71600 ns, Total: 595100 ns
[2020-05-28T11:09:50.405+0000][1][safepoint    ] Safepoint "RevokeBias", Time since last: 435400 ns, Reaching safepoint: 654900 ns, At safepoint: 59000 ns, Total: 713900 ns
[2020-05-28T11:09:50.406+0000][1][safepoint    ] Safepoint "RevokeBias", Time since last: 560100 ns, Reaching safepoint: 128800 ns, At safepoint: 252700 ns, Total: 381500 ns
[2020-05-28T11:09:50.407+0000][1][safepoint    ] Safepoint "RevokeBias", Time since last: 478700 ns, Reaching safepoint: 382400 ns, At safepoint: 52900 ns, Total: 435300 ns
[2020-05-28T11:09:50.408+0000][1][safepoint    ] Safepoint "RevokeBias", Time since last: 392100 ns, Reaching safepoint: 168200 ns, At safepoint: 56700 ns, Total: 224900 ns
[2020-05-28T11:09:50.409+0000][1][safepoint    ] Safepoint "RevokeBias", Time since last: 375300 ns, Reaching safepoint: 534700 ns, At safepoint: 62500 ns, Total: 597200 ns
[2020-05-28T11:09:50.409+0000][1][safepoint    ] Safepoint "BulkRevokeBias", Time since last: 533100 ns, Reaching safepoint: 97100 ns, At safepoint: 73200 ns, Total: 170300 ns
[2020-05-28T11:09:50.411+0000][1][safepoint    ] Safepoint "BulkRevokeBias", Time since last: 837200 ns, Reaching safepoint: 19700 ns, At safepoint: 905500 ns, Total: 925200 ns
[2020-05-28T11:09:50.590+0000][1][safepoint    ] Safepoint "Deoptimize", Time since last: 178438400 ns, Reaching safepoint: 93400 ns, At safepoint: 323000 ns, Total: 416400 ns
[2020-05-28T11:09:50.623+0000][1][safepoint    ] Safepoint "RevokeBias", Time since last: 32956700 ns, Reaching safepoint: 38400 ns, At safepoint: 102300 ns, Total: 140700 ns
[2020-05-28T11:09:50.631+0000][1][safepoint    ] Safepoint "RevokeBias", Time since last: 8429600 ns, Reaching safepoint: 32800 ns, At safepoint: 13300 ns, Total: 46100 ns
[2020-05-28T11:09:51.632+0000][1][gc,start     ] GC(1) Pause Young (Allocation Failure)
[2020-05-28T11:09:51.633+0000][1][gc,task      ] GC(1) Using 3 workers of 3 for evacuation
[2020-05-28T11:09:52.265+0000][1][gc,age       ] GC(1) Desired survivor size 8945664 bytes, new threshold 6 (max threshold 6)
[2020-05-28T11:09:52.266+0000][1][gc,age       ] GC(1) Age table with threshold 6 (max threshold 6)
[2020-05-28T11:09:52.267+0000][1][gc,age       ] GC(1) - age   1:    2413280 bytes,    2413280 total
[2020-05-28T11:09:52.267+0000][1][gc,heap      ] GC(1) ParNew: 149340K->6018K(157248K)
[2020-05-28T11:09:52.267+0000][1][gc,heap      ] GC(1) CMS: 0K->10125K(349568K)
[2020-05-28T11:09:52.268+0000][1][gc,metaspace ] GC(1) Metaspace: 18930K->18930K(1067008K)
[2020-05-28T11:09:52.269+0000][1][gc           ] GC(1) Pause Young (Allocation Failure) 145M->15M(494M) 636.886ms
[2020-05-28T11:09:52.270+0000][1][gc,cpu       ] GC(1) User=0.27s Sys=0.04s Real=0.63s
[2020-05-28T11:09:52.270+0000][1][safepoint    ] Safepoint "GenCollectForAllocation", Time since last: 1000837900 ns, Reaching safepoint: 146900 ns, At safepoint: 637937300 ns, Total: 638084200 ns
[2020-05-28T11:09:52.278+0000][1][safepoint    ] Safepoint "RevokeBias", Time since last: 6652700 ns, Reaching safepoint: 606000 ns, At safepoint: 46400 ns, Total: 652400 ns
[2020-05-28T11:09:52.280+0000][1][safepoint    ] Safepoint "RevokeBias", Time since last: 1341400 ns, Reaching safepoint: 992500 ns, At safepoint: 246600 ns, Total: 1239100 ns
[2020-05-28T11:09:52.291+0000][1][safepoint    ] Safepoint "RevokeBias", Time since last: 1091800 ns, Reaching safepoint: 9159500 ns, At safepoint: 602400 ns, Total: 9761900 ns
[2020-05-28T11:09:52.293+0000][1][safepoint    ] Safepoint "RevokeBias", Time since last: 427000 ns, Reaching safepoint: 155500 ns, At safepoint: 1738900 ns, Total: 1894400 ns
[2020-05-28T11:09:52.321+0000][1][safepoint    ] Safepoint "RevokeBias", Time since last: 1284200 ns, Reaching safepoint: 21863400 ns, At safepoint: 4675300 ns, Total: 26538700 ns
[2020-05-28T11:09:52.354+0000][1][safepoint    ] Safepoint "RevokeBias", Time since last: 1459100 ns, Reaching safepoint: 29710500 ns, At safepoint: 1988400 ns, Total: 31698900 ns
[2020-05-28T11:09:52.356+0000][1][safepoint    ] Safepoint "RevokeBias", Time since last: 1281200 ns, Reaching safepoint: 393600 ns, At safepoint: 332800 ns, Total: 726400 ns
[2020-05-28T11:09:52.358+0000][1][safepoint    ] Safepoint "RevokeBias", Time since last: 490400 ns, Reaching safepoint: 705700 ns, At safepoint: 357900 ns, Total: 1063600 ns
[2020-05-28T11:09:52.359+0000][1][safepoint    ] Safepoint "RevokeBias", Time since last: 621200 ns, Reaching safepoint: 184100 ns, At safepoint: 353800 ns, Total: 537900 ns
[2020-05-28T11:09:52.360+0000][1][safepoint    ] Safepoint "RevokeBias", Time since last: 524200 ns, Reaching safepoint: 139100 ns, At safepoint: 288400 ns, Total: 427500 ns
[2020-05-28T11:09:52.361+0000][1][safepoint    ] Safepoint "RevokeBias", Time since last: 995600 ns, Reaching safepoint: 309300 ns, At safepoint: 44600 ns, Total: 353900 ns
[2020-05-28T11:09:52.363+0000][1][safepoint    ] Safepoint "RevokeBias", Time since last: 1440100 ns, Reaching safepoint: 369200 ns, At safepoint: 64000 ns, Total: 433200 ns
[2020-05-28T11:09:52.364+0000][1][safepoint    ] Safepoint "RevokeBias", Time since last: 401900 ns, Reaching safepoint: 468600 ns, At safepoint: 55900 ns, Total: 524500 ns
[2020-05-28T11:09:52.801+0000][1][safepoint    ] Safepoint "RevokeBias", Time since last: 436330700 ns, Reaching safepoint: 60300 ns, At safepoint: 20700 ns, Total: 81000 ns
[2020-05-28T11:09:52.977+0000][1][safepoint    ] Safepoint "RevokeBias", Time since last: 169251300 ns, Reaching safepoint: 7495400 ns, At safepoint: 34200 ns, Total: 7529600 ns
[2020-05-28T11:09:53.394+0000][1][safepoint    ] Safepoint "Deoptimize", Time since last: 414651400 ns, Reaching safepoint: 1332400 ns, At safepoint: 286600 ns, Total: 1619000 ns
[2020-05-28T11:09:53.531+0000][1][safepoint    ] Safepoint "Deoptimize", Time since last: 133314700 ns, Reaching safepoint: 4112300 ns, At safepoint: 387400 ns, Total: 4499700 ns
[2020-05-28T11:09:53.871+0000][1][gc,start     ] GC(2) Pause Young (Allocation Failure)
[2020-05-28T11:09:53.871+0000][1][gc,task      ] GC(2) Using 3 workers of 3 for evacuation
[2020-05-28T11:09:53.896+0000][1][gc,age       ] GC(2) Desired survivor size 8945664 bytes, new threshold 6 (max threshold 6)
[2020-05-28T11:09:53.897+0000][1][gc,age       ] GC(2) Age table with threshold 6 (max threshold 6)
[2020-05-28T11:09:53.897+0000][1][gc,age       ] GC(2) - age   1:    3311176 bytes,    3311176 total
[2020-05-28T11:09:53.897+0000][1][gc,age       ] GC(2) - age   2:     957752 bytes,    4268928 total
[2020-05-28T11:09:53.898+0000][1][gc,heap      ] GC(2) ParNew: 145794K->5574K(157248K)
[2020-05-28T11:09:53.898+0000][1][gc,heap      ] GC(2) CMS: 10125K->10125K(349568K)
[2020-05-28T11:09:53.898+0000][1][gc,metaspace ] GC(2) Metaspace: 19939K->19939K(1067008K)
[2020-05-28T11:09:53.899+0000][1][gc           ] GC(2) Pause Young (Allocation Failure) 152M->15M(494M) 27.535ms
[2020-05-28T11:09:53.899+0000][1][gc,cpu       ] GC(2) User=0.03s Sys=0.00s Real=0.02s
[2020-05-28T11:09:53.899+0000][1][safepoint    ] Safepoint "GenCollectForAllocation", Time since last: 339122200 ns, Reaching safepoint: 222400 ns, At safepoint: 28383400 ns, Total: 28605800 ns
[2020-05-28T11:09:53.900+0000][1][safepoint    ] Safepoint "RevokeBias", Time since last: 493300 ns, Reaching safepoint: 103500 ns, At safepoint: 114000 ns, Total: 217500 ns
[2020-05-28T11:09:53.900+0000][1][safepoint    ] Safepoint "RevokeBias", Time since last: 380300 ns, Reaching safepoint: 91300 ns, At safepoint: 31600 ns, Total: 122900 ns
[2020-05-28T11:09:53.901+0000][1][safepoint    ] Safepoint "RevokeBias", Time since last: 376400 ns, Reaching safepoint: 90700 ns, At safepoint: 70700 ns, Total: 161400 ns
[2020-05-28T11:09:53.901+0000][1][safepoint    ] Safepoint "RevokeBias", Time since last: 401800 ns, Reaching safepoint: 91500 ns, At safepoint: 28100 ns, Total: 119600 ns
[2020-05-28T11:09:53.902+0000][1][safepoint    ] Safepoint "RevokeBias", Time since last: 432800 ns, Reaching safepoint: 98700 ns, At safepoint: 31000 ns, Total: 129700 ns
[2020-05-28T11:09:53.903+0000][1][safepoint    ] Safepoint "RevokeBias", Time since last: 383200 ns, Reaching safepoint: 87300 ns, At safepoint: 25300 ns, Total: 112600 ns
[2020-05-28T11:09:53.903+0000][1][safepoint    ] Safepoint "RevokeBias", Time since last: 409700 ns, Reaching safepoint: 93200 ns, At safepoint: 55700 ns, Total: 148900 ns
[2020-05-28T11:09:53.904+0000][1][safepoint    ] Safepoint "RevokeBias", Time since last: 382200 ns, Reaching safepoint: 291000 ns, At safepoint: 26700 ns, Total: 317700 ns
[2020-05-28T11:09:53.904+0000][1][safepoint    ] Safepoint "RevokeBias", Time since last: 371700 ns, Reaching safepoint: 284100 ns, At safepoint: 27000 ns, Total: 311100 ns
[2020-05-28T11:09:53.905+0000][1][safepoint    ] Safepoint "RevokeBias", Time since last: 354800 ns, Reaching safepoint: 375900 ns, At safepoint: 43600 ns, Total: 419500 ns
[2020-05-28T11:09:53.906+0000][1][safepoint    ] Safepoint "RevokeBias", Time since last: 379000 ns, Reaching safepoint: 222000 ns, At safepoint: 31800 ns, Total: 253800 ns
[2020-05-28T11:09:53.906+0000][1][safepoint    ] Safepoint "RevokeBias", Time since last: 340000 ns, Reaching safepoint: 20600 ns, At safepoint: 23700 ns, Total: 44300 ns
[2020-05-28T11:09:53.907+0000][1][safepoint    ] Safepoint "RevokeBias", Time since last: 303400 ns, Reaching safepoint: 21000 ns, At safepoint: 25500 ns, Total: 46500 ns
[2020-05-28T11:09:53.907+0000][1][safepoint    ] Safepoint "RevokeBias", Time since last: 317400 ns, Reaching safepoint: 19400 ns, At safepoint: 24000 ns, Total: 43400 ns
[2020-05-28T11:09:53.908+0000][1][safepoint    ] Safepoint "RevokeBias", Time since last: 296100 ns, Reaching safepoint: 349500 ns, At safepoint: 24400 ns, Total: 373900 ns
[2020-05-28T11:09:53.908+0000][1][safepoint    ] Safepoint "RevokeBias", Time since last: 315500 ns, Reaching safepoint: 385300 ns, At safepoint: 27800 ns, Total: 413100 ns
[2020-05-28T11:09:53.910+0000][1][safepoint    ] Safepoint "RevokeBias", Time since last: 671300 ns, Reaching safepoint: 1007500 ns, At safepoint: 30900 ns, Total: 1038400 ns
[2020-05-28T11:09:53.911+0000][1][safepoint    ] Safepoint "RevokeBias", Time since last: 420700 ns, Reaching safepoint: 89000 ns, At safepoint: 23600 ns, Total: 112600 ns
[2020-05-28T11:09:54.635+0000][1][gc,start     ] GC(3) Pause Young (Allocation Failure)
[2020-05-28T11:09:54.638+0000][1][gc,task      ] GC(3) Using 3 workers of 3 for evacuation
[2020-05-28T11:09:54.795+0000][1][gc,age       ] GC(3) Desired survivor size 8945664 bytes, new threshold 6 (max threshold 6)
[2020-05-28T11:09:54.796+0000][1][gc,age       ] GC(3) Age table with threshold 6 (max threshold 6)
[2020-05-28T11:09:54.797+0000][1][gc,age       ] GC(3) - age   1:    2609864 bytes,    2609864 total
[2020-05-28T11:09:54.797+0000][1][gc,age       ] GC(3) - age   2:    2819176 bytes,    5429040 total
[2020-05-28T11:09:54.797+0000][1][gc,age       ] GC(3) - age   3:     957616 bytes,    6386656 total
[2020-05-28T11:09:54.798+0000][1][gc,heap      ] GC(3) ParNew: 145350K->8515K(157248K)
[2020-05-28T11:09:54.799+0000][1][gc,heap      ] GC(3) CMS: 10125K->10125K(349568K)
[2020-05-28T11:09:54.799+0000][1][gc,metaspace ] GC(3) Metaspace: 20254K->20254K(1069056K)
[2020-05-28T11:09:54.799+0000][1][gc           ] GC(3) Pause Young (Allocation Failure) 151M->18M(494M) 163.924ms
[2020-05-28T11:09:54.800+0000][1][gc,cpu       ] GC(3) User=0.06s Sys=0.01s Real=0.16s
[2020-05-28T11:09:54.800+0000][1][safepoint    ] Safepoint "GenCollectForAllocation", Time since last: 720361900 ns, Reaching safepoint: 4382900 ns, At safepoint: 164580600 ns, Total: 168963500 ns
[2020-05-28T11:09:54.800+0000][1][safepoint    ] Safepoint "RevokeBias", Time since last: 381100 ns, Reaching safepoint: 70700 ns, At safepoint: 70800 ns, Total: 141500 ns
[2020-05-28T11:09:54.801+0000][1][safepoint    ] Safepoint "RevokeBias", Time since last: 312400 ns, Reaching safepoint: 80100 ns, At safepoint: 61800 ns, Total: 141900 ns
[2020-05-28T11:09:54.801+0000][1][safepoint    ] Safepoint "RevokeBias", Time since last: 356300 ns, Reaching safepoint: 76000 ns, At safepoint: 34800 ns, Total: 110800 ns
[2020-05-28T11:09:54.802+0000][1][safepoint    ] Safepoint "RevokeBias", Time since last: 325800 ns, Reaching safepoint: 74700 ns, At safepoint: 25400 ns, Total: 100100 ns
[2020-05-28T11:09:54.802+0000][1][safepoint    ] Safepoint "RevokeBias", Time since last: 335600 ns, Reaching safepoint: 73200 ns, At safepoint: 33900 ns, Total: 107100 ns
[2020-05-28T11:09:54.803+0000][1][safepoint    ] Safepoint "RevokeBias", Time since last: 302300 ns, Reaching safepoint: 73200 ns, At safepoint: 25600 ns, Total: 98800 ns
[2020-05-28T11:09:54.803+0000][1][safepoint    ] Safepoint "RevokeBias", Time since last: 364100 ns, Reaching safepoint: 61200 ns, At safepoint: 44900 ns, Total: 106100 ns
[2020-05-28T11:09:54.804+0000][1][safepoint    ] Safepoint "RevokeBias", Time since last: 380900 ns, Reaching safepoint: 64300 ns, At safepoint: 26200 ns, Total: 90500 ns
[2020-05-28T11:09:54.849+0000][1][safepoint    ] Safepoint "CollectForMetadataAllocation", Time since last: 44293800 ns, Reaching safepoint: 695000 ns, At safepoint: 496900 ns, Total: 1191900 ns
[2020-05-28T11:09:55.295+0000][1][safepoint    ] Safepoint "CollectForMetadataAllocation", Time since last: 445945400 ns, Reaching safepoint: 123000 ns, At safepoint: 106800 ns, Total: 229800 ns
[2020-05-28T11:09:55.725+0000][1][gc,start     ] GC(4) Pause Young (Allocation Failure)
[2020-05-28T11:09:55.726+0000][1][gc,task      ] GC(4) Using 3 workers of 3 for evacuation
[2020-05-28T11:09:55.746+0000][1][gc,age       ] GC(4) Desired survivor size 8945664 bytes, new threshold 6 (max threshold 6)
[2020-05-28T11:09:55.746+0000][1][gc,age       ] GC(4) Age table with threshold 6 (max threshold 6)
[2020-05-28T11:09:55.747+0000][1][gc,age       ] GC(4) - age   1:    1677568 bytes,    1677568 total
[2020-05-28T11:09:55.747+0000][1][gc,age       ] GC(4) - age   2:    1264840 bytes,    2942408 total
[2020-05-28T11:09:55.747+0000][1][gc,age       ] GC(4) - age   3:    2819072 bytes,    5761480 total
[2020-05-28T11:09:55.748+0000][1][gc,age       ] GC(4) - age   4:     957616 bytes,    6719096 total
[2020-05-28T11:09:55.748+0000][1][gc,heap      ] GC(4) ParNew: 148291K->9316K(157248K)
[2020-05-28T11:09:55.748+0000][1][gc,heap      ] GC(4) CMS: 10125K->10125K(349568K)
[2020-05-28T11:09:55.749+0000][1][gc,metaspace ] GC(4) Metaspace: 20639K->20639K(1069056K)
[2020-05-28T11:09:55.749+0000][1][gc           ] GC(4) Pause Young (Allocation Failure) 154M->18M(494M) 23.824ms
[2020-05-28T11:09:55.749+0000][1][gc,cpu       ] GC(4) User=0.02s Sys=0.00s Real=0.02s
[2020-05-28T11:09:55.750+0000][1][safepoint    ] Safepoint "GenCollectForAllocation", Time since last: 429883700 ns, Reaching safepoint: 42400 ns, At safepoint: 24401600 ns, Total: 24444000 ns
[2020-05-28T11:09:55.750+0000][1][gc,start     ] GC(5) Pause Initial Mark
[2020-05-28T11:09:55.755+0000][1][gc           ] GC(5) Pause Initial Mark 21M->21M(494M) 4.480ms
[2020-05-28T11:09:55.755+0000][1][gc,cpu       ] GC(5) User=0.01s Sys=0.00s Real=0.01s
[2020-05-28T11:09:55.756+0000][1][safepoint    ] Safepoint "CMS_Initial_Mark", Time since last: 532200 ns, Reaching safepoint: 127600 ns, At safepoint: 5625000 ns, Total: 5752600 ns
[2020-05-28T11:09:55.757+0000][1][gc           ] GC(5) Concurrent Mark
[2020-05-28T11:09:55.758+0000][1][safepoint    ] Safepoint "RevokeBias", Time since last: 1011000 ns, Reaching safepoint: 834500 ns, At safepoint: 444500 ns, Total: 1279000 ns
[2020-05-28T11:09:55.759+0000][1][safepoint    ] Safepoint "BulkRevokeBias", Time since last: 426400 ns, Reaching safepoint: 244500 ns, At safepoint: 216100 ns, Total: 460600 ns
[2020-05-28T11:09:55.760+0000][1][safepoint    ] Safepoint "BulkRevokeBias", Time since last: 507600 ns, Reaching safepoint: 55300 ns, At safepoint: 287400 ns, Total: 342700 ns
[2020-05-28T11:09:55.813+0000][1][gc           ] GC(5) Concurrent Mark 56.463ms
[2020-05-28T11:09:55.821+0000][1][gc,cpu       ] GC(5) User=0.05s Sys=0.00s Real=0.07s
[2020-05-28T11:09:55.824+0000][1][gc           ] GC(5) Concurrent Preclean
[2020-05-28T11:09:55.827+0000][1][gc           ] GC(5) Concurrent Preclean 3.008ms
[2020-05-28T11:09:55.828+0000][1][gc,cpu       ] GC(5) User=0.00s Sys=0.00s Real=0.00s
[2020-05-28T11:09:55.832+0000][1][gc           ] GC(5) Concurrent Abortable Preclean
[2020-05-28T11:09:55.873+0000][1][safepoint    ] Safepoint "CollectForMetadataAllocation", Time since last: 107787700 ns, Reaching safepoint: 5424800 ns, At safepoint: 131400 ns, Total: 5556200 ns
[2020-05-28T11:09:56.019+0000][1][safepoint    ] Safepoint "CollectForMetadataAllocation", Time since last: 143856600 ns, Reaching safepoint: 1973200 ns, At safepoint: 124500 ns, Total: 2097700 ns
[2020-05-28T11:09:56.925+0000][1][gc,start     ] GC(6) Pause Young (Allocation Failure)
[2020-05-28T11:09:56.926+0000][1][gc,task      ] GC(6) Using 3 workers of 3 for evacuation
[2020-05-28T11:09:56.975+0000][1][gc,age       ] GC(6) Desired survivor size 8945664 bytes, new threshold 5 (max threshold 6)
[2020-05-28T11:09:56.976+0000][1][gc,age       ] GC(6) Age table with threshold 5 (max threshold 6)
[2020-05-28T11:09:56.976+0000][1][gc,age       ] GC(6) - age   1:    2591536 bytes,    2591536 total
[2020-05-28T11:09:56.977+0000][1][gc,age       ] GC(6) - age   2:    1489368 bytes,    4080904 total
[2020-05-28T11:09:56.977+0000][1][gc,age       ] GC(6) - age   3:    1264552 bytes,    5345456 total
[2020-05-28T11:09:56.978+0000][1][gc,age       ] GC(6) - age   4:    2818760 bytes,    8164216 total
[2020-05-28T11:09:56.978+0000][1][gc,age       ] GC(6) - age   5:     957344 bytes,    9121560 total
[2020-05-28T11:09:56.978+0000][1][gc,heap      ] GC(6) ParNew: 149092K->12637K(157248K)
[2020-05-28T11:09:56.978+0000][1][gc,heap      ] GC(6) CMS: 10125K->10125K(349568K)
[2020-05-28T11:09:56.979+0000][1][gc,metaspace ] GC(6) Metaspace: 21447K->21447K(1069056K)
[2020-05-28T11:09:56.979+0000][1][gc           ] GC(6) Pause Young (Allocation Failure) 155M->22M(494M) 53.964ms
[2020-05-28T11:09:56.980+0000][1][gc,cpu       ] GC(6) User=0.02s Sys=0.00s Real=0.05s
[2020-05-28T11:09:56.980+0000][1][safepoint    ] Safepoint "GenCollectForAllocation", Time since last: 898856300 ns, Reaching safepoint: 7079500 ns, At safepoint: 54688400 ns, Total: 61767900 ns
[2020-05-28T11:09:57.314+0000][1][safepoint    ] Safepoint "CollectForMetadataAllocation", Time since last: 333967000 ns, Reaching safepoint: 68000 ns, At safepoint: 96700 ns, Total: 164700 ns
[2020-05-28T11:09:57.728+0000][1][gc           ] GC(5) Concurrent Abortable Preclean 1895.881ms
[2020-05-28T11:09:57.729+0000][1][gc,cpu       ] GC(5) User=1.15s Sys=0.06s Real=1.89s
[2020-05-28T11:09:57.738+0000][1][gc,start     ] GC(5) Pause Remark
[2020-05-28T11:09:57.831+0000][1][gc           ] GC(5) Pause Remark 157M->157M(494M) 92.813ms
[2020-05-28T11:09:57.833+0000][1][gc,cpu       ] GC(5) User=0.05s Sys=0.00s Real=0.10s
[2020-05-28T11:09:57.834+0000][1][safepoint    ] Safepoint "CMS_Final_Remark", Time since last: 417907300 ns, Reaching safepoint: 5974500 ns, At safepoint: 95689100 ns, Total: 101663600 ns
[2020-05-28T11:09:57.834+0000][1][gc           ] GC(5) Concurrent Sweep
[2020-05-28T11:09:57.848+0000][1][gc           ] GC(5) Concurrent Sweep 14.125ms
[2020-05-28T11:09:57.851+0000][1][gc,cpu       ] GC(5) User=0.01s Sys=0.00s Real=0.01s
[2020-05-28T11:09:57.851+0000][1][gc           ] GC(5) Concurrent Reset
[2020-05-28T11:09:57.855+0000][1][gc           ] GC(5) Concurrent Reset 3.851ms
[2020-05-28T11:09:57.856+0000][1][gc,cpu       ] GC(5) User=0.00s Sys=0.00s Real=0.00s
[2020-05-28T11:09:57.857+0000][1][gc,heap      ] GC(5) Old: 10125K->10118K(349568K)
[2020-05-28T11:09:57.871+0000][1][gc,start     ] GC(7) Pause Young (Allocation Failure)
[2020-05-28T11:09:57.874+0000][1][gc,task      ] GC(7) Using 3 workers of 3 for evacuation
[2020-05-28T11:09:57.962+0000][1][gc,age       ] GC(7) Desired survivor size 8945664 bytes, new threshold 6 (max threshold 6)
[2020-05-28T11:09:57.963+0000][1][gc,age       ] GC(7) Age table with threshold 6 (max threshold 6)
[2020-05-28T11:09:57.963+0000][1][gc,age       ] GC(7) - age   1:    1167360 bytes,    1167360 total
[2020-05-28T11:09:57.964+0000][1][gc,age       ] GC(7) - age   2:     744680 bytes,    1912040 total
[2020-05-28T11:09:57.964+0000][1][gc,age       ] GC(7) - age   3:    1489368 bytes,    3401408 total
[2020-05-28T11:09:57.964+0000][1][gc,age       ] GC(7) - age   4:    1263856 bytes,    4665264 total
[2020-05-28T11:09:57.964+0000][1][gc,age       ] GC(7) - age   5:    2817400 bytes,    7482664 total
[2020-05-28T11:09:57.965+0000][1][gc,heap      ] GC(7) ParNew: 152413K->11013K(157248K)
[2020-05-28T11:09:57.965+0000][1][gc,heap      ] GC(7) CMS: 10118K->11067K(349568K)
[2020-05-28T11:09:57.965+0000][1][gc,metaspace ] GC(7) Metaspace: 21628K->21628K(1069056K)
[2020-05-28T11:09:57.966+0000][1][gc           ] GC(7) Pause Young (Allocation Failure) 158M->21M(494M) 95.013ms
[2020-05-28T11:09:57.966+0000][1][gc,cpu       ] GC(7) User=0.04s Sys=0.00s Real=0.10s
[2020-05-28T11:09:57.966+0000][1][safepoint    ] Safepoint "GenCollectForAllocation", Time since last: 36511900 ns, Reaching safepoint: 450500 ns, At safepoint: 95665700 ns, Total: 96116200 ns
[2020-05-28T11:09:58.127+0000][1][safepoint    ] Safepoint "Deoptimize", Time since last: 159917800 ns, Reaching safepoint: 160900 ns, At safepoint: 347400 ns, Total: 508300 ns
[2020-05-28T11:09:59.128+0000][1][safepoint    ] Safepoint "Cleanup", Time since last: 1001073700 ns, Reaching safepoint: 239000 ns, At safepoint: 10100 ns, Total: 249100 ns
[2020-05-28T11:10:00.102+0000][1][safepoint    ] Safepoint "Deoptimize", Time since last: 971593900 ns, Reaching safepoint: 1536700 ns, At safepoint: 886100 ns, Total: 2422800 ns
[2020-05-28T11:10:00.160+0000][1][safepoint    ] Safepoint "Deoptimize", Time since last: 56090000 ns, Reaching safepoint: 1203600 ns, At safepoint: 617600 ns, Total: 1821200 ns
[2020-05-28T11:10:00.185+0000][1][safepoint    ] Safepoint "Deoptimize", Time since last: 23999600 ns, Reaching safepoint: 1004700 ns, At safepoint: 308400 ns, Total: 1313100 ns
[2020-05-28T11:10:00.266+0000][1][safepoint    ] Safepoint "RevokeBias", Time since last: 80556000 ns, Reaching safepoint: 43400 ns, At safepoint: 21800 ns, Total: 65200 ns
[2020-05-28T11:10:01.271+0000][1][safepoint    ] Safepoint "Cleanup", Time since last: 1002254800 ns, Reaching safepoint: 3118300 ns, At safepoint: 16200 ns, Total: 3134500 ns
[2020-05-28T11:10:01.937+0000][1][gc,start     ] GC(8) Pause Young (Allocation Failure)
[2020-05-28T11:10:01.938+0000][1][gc,task      ] GC(8) Using 3 workers of 3 for evacuation
[2020-05-28T11:10:02.053+0000][1][gc,age       ] GC(8) Desired survivor size 8945664 bytes, new threshold 3 (max threshold 6)
[2020-05-28T11:10:02.054+0000][1][gc,age       ] GC(8) Age table with threshold 3 (max threshold 6)
[2020-05-28T11:10:02.054+0000][1][gc,age       ] GC(8) - age   1:    7715720 bytes,    7715720 total
[2020-05-28T11:10:02.054+0000][1][gc,age       ] GC(8) - age   2:     489040 bytes,    8204760 total
[2020-05-28T11:10:02.055+0000][1][gc,age       ] GC(8) - age   3:     743768 bytes,    8948528 total
[2020-05-28T11:10:02.055+0000][1][gc,age       ] GC(8) - age   4:    1486952 bytes,   10435480 total
[2020-05-28T11:10:02.055+0000][1][gc,age       ] GC(8) - age   5:    1257584 bytes,   11693064 total
[2020-05-28T11:10:02.055+0000][1][gc,age       ] GC(8) - age   6:    2811808 bytes,   14504872 total
[2020-05-28T11:10:02.056+0000][1][gc,heap      ] GC(8) ParNew: 150789K->17472K(157248K)
[2020-05-28T11:10:02.056+0000][1][gc,heap      ] GC(8) CMS: 11067K->11067K(349568K)
[2020-05-28T11:10:02.056+0000][1][gc,metaspace ] GC(8) Metaspace: 28237K->28237K(1075200K)
[2020-05-28T11:10:02.057+0000][1][gc           ] GC(8) Pause Young (Allocation Failure) 158M->27M(494M) 120.130ms
[2020-05-28T11:10:02.058+0000][1][gc,cpu       ] GC(8) User=0.04s Sys=0.01s Real=0.12s
[2020-05-28T11:10:02.058+0000][1][safepoint    ] Safepoint "GenCollectForAllocation", Time since last: 665886600 ns, Reaching safepoint: 72000 ns, At safepoint: 120942700 ns, Total: 121014700 ns
[2020-05-28T11:10:03.062+0000][1][safepoint    ] Safepoint "Cleanup", Time since last: 1003976800 ns, Reaching safepoint: 163700 ns, At safepoint: 9200 ns, Total: 172900 ns
[2020-05-28T11:10:04.063+0000][1][safepoint    ] Safepoint "Cleanup", Time since last: 1000649000 ns, Reaching safepoint: 130400 ns, At safepoint: 21000 ns, Total: 151400 ns
[2020-05-28T11:10:05.073+0000][1][safepoint    ] Safepoint "Cleanup", Time since last: 1005140448 ns, Reaching safepoint: 4937777 ns, At safepoint: 15200 ns, Total: 4952977 ns
[2020-05-28T11:10:05.592+0000][1][gc,start     ] GC(9) Pause Young (Allocation Failure)
[2020-05-28T11:10:05.593+0000][1][gc,task      ] GC(9) Using 3 workers of 3 for evacuation
[2020-05-28T11:10:06.326+0000][1][gc,age       ] GC(9) Desired survivor size 8945664 bytes, new threshold 1 (max threshold 6)
[2020-05-28T11:10:06.327+0000][1][gc,age       ] GC(9) Age table with threshold 1 (max threshold 6)
[2020-05-28T11:10:06.327+0000][1][gc,age       ] GC(9) - age   1:   11651368 bytes,   11651368 total
[2020-05-28T11:10:06.327+0000][1][gc,age       ] GC(9) - age   2:    5750472 bytes,   17401840 total
[2020-05-28T11:10:06.328+0000][1][gc,age       ] GC(9) - age   3:     489040 bytes,   17890880 total
[2020-05-28T11:10:06.328+0000][1][gc,heap      ] GC(9) ParNew: 157248K->17472K(157248K)
[2020-05-28T11:10:06.329+0000][1][gc,heap      ] GC(9) CMS: 11067K->24623K(349568K)
[2020-05-28T11:10:06.329+0000][1][gc,metaspace ] GC(9) Metaspace: 28306K->28306K(1075200K)
[2020-05-28T11:10:06.329+0000][1][gc           ] GC(9) Pause Young (Allocation Failure) 164M->41M(494M) 737.384ms
[2020-05-28T11:10:06.330+0000][1][gc,cpu       ] GC(9) User=0.11s Sys=0.03s Real=0.73s
[2020-05-28T11:10:06.332+0000][1][safepoint    ] Safepoint "GenCollectForAllocation", Time since last: 511633546 ns, Reaching safepoint: 7352399 ns, At safepoint: 739896887 ns, Total: 747249286 ns
[2020-05-28T11:10:06.336+0000][1][safepoint    ] Safepoint "RevokeBias", Time since last: 3831900 ns, Reaching safepoint: 27800 ns, At safepoint: 29100 ns, Total: 56900 ns
[2020-05-28T11:10:06.549+0000][1][safepoint    ] Safepoint "Deoptimize", Time since last: 211660867 ns, Reaching safepoint: 1543200 ns, At safepoint: 350800 ns, Total: 1894000 ns
[2020-05-28T11:10:06.834+0000][1][safepoint    ] Safepoint "RevokeBias", Time since last: 284633656 ns, Reaching safepoint: 150700 ns, At safepoint: 51300 ns, Total: 202000 ns
[2020-05-28T11:10:07.840+0000][1][safepoint    ] Safepoint "Cleanup", Time since last: 1000655847 ns, Reaching safepoint: 4704799 ns, At safepoint: 21500 ns, Total: 4726299 ns
[2020-05-28T11:10:07.875+0000][1][safepoint    ] Safepoint "RevokeBias", Time since last: 35208595 ns, Reaching safepoint: 118200 ns, At safepoint: 49900 ns, Total: 168100 ns
[2020-05-28T11:10:08.014+0000][1][safepoint    ] Safepoint "RevokeBias", Time since last: 136442079 ns, Reaching safepoint: 2347199 ns, At safepoint: 43500 ns, Total: 2390699 ns
[2020-05-28T11:10:08.030+0000][1][safepoint    ] Safepoint "RevokeBias", Time since last: 13988098 ns, Reaching safepoint: 2251900 ns, At safepoint: 48800 ns, Total: 2300700 ns
[2020-05-28T11:10:08.063+0000][1][safepoint    ] Safepoint "RevokeBias", Time since last: 32772595 ns, Reaching safepoint: 134700 ns, At safepoint: 36900 ns, Total: 171600 ns
[2020-05-28T11:10:08.086+0000][1][safepoint    ] Safepoint "RevokeBias", Time since last: 17962797 ns, Reaching safepoint: 4936499 ns, At safepoint: 54200 ns, Total: 4990699 ns
[2020-05-28T11:10:08.101+0000][1][safepoint    ] Safepoint "RevokeBias", Time since last: 11296799 ns, Reaching safepoint: 3767399 ns, At safepoint: 66900 ns, Total: 3834299 ns
[2020-05-28T11:10:08.118+0000][1][safepoint    ] Safepoint "RevokeBias", Time since last: 16250198 ns, Reaching safepoint: 665199 ns, At safepoint: 39400 ns, Total: 704599 ns
[2020-05-28T11:10:08.128+0000][1][safepoint    ] Safepoint "RevokeBias", Time since last: 8149199 ns, Reaching safepoint: 1893400 ns, At safepoint: 44700 ns, Total: 1938100 ns
[2020-05-28T11:10:09.140+0000][1][safepoint    ] Safepoint "Cleanup", Time since last: 1003544246 ns, Reaching safepoint: 8511899 ns, At safepoint: 14500 ns, Total: 8526399 ns
[2020-05-28T11:10:09.151+0000][1][gc,start     ] GC(10) Pause Young (Allocation Failure)
[2020-05-28T11:10:09.170+0000][1][gc,task      ] GC(10) Using 3 workers of 3 for evacuation
[2020-05-28T11:10:10.459+0000][1][gc,age       ] GC(10) Desired survivor size 8945664 bytes, new threshold 6 (max threshold 6)
[2020-05-28T11:10:10.502+0000][1][gc,age       ] GC(10) Age table with threshold 6 (max threshold 6)
[2020-05-28T11:10:10.504+0000][1][gc,age       ] GC(10) - age   1:    5416176 bytes,    5416176 total
[2020-05-28T11:10:10.527+0000][1][gc,heap      ] GC(10) ParNew: 157248K->16231K(157248K)
[2020-05-28T11:10:10.527+0000][1][gc,heap      ] GC(10) CMS: 24623K->43124K(349568K)
[2020-05-28T11:10:10.529+0000][1][gc,metaspace ] GC(10) Metaspace: 34326K->34326K(1081344K)
[2020-05-28T11:10:10.537+0000][1][gc           ] GC(10) Pause Young (Allocation Failure) 177M->57M(494M) 1385.178ms
[2020-05-28T11:10:10.539+0000][1][gc,cpu       ] GC(10) User=0.14s Sys=0.07s Real=1.39s
[2020-05-28T11:10:10.547+0000][1][safepoint    ] Safepoint "GenCollectForAllocation", Time since last: 7759198 ns, Reaching safepoint: 48900 ns, At safepoint: 1399028086 ns, Total: 1399076986 ns
[2020-05-28T11:10:11.565+0000][1][safepoint    ] Safepoint "Cleanup", Time since last: 1008038445 ns, Reaching safepoint: 6653599 ns, At safepoint: 19100 ns, Total: 6672699 ns
[2020-05-28T11:10:12.631+0000][1][safepoint    ] Safepoint "Cleanup", Time since last: 1048228203 ns, Reaching safepoint: 16149306 ns, At safepoint: 14000 ns, Total: 16163306 ns
[2020-05-28T11:10:13.646+0000][1][safepoint    ] Safepoint "Cleanup", Time since last: 1007822872 ns, Reaching safepoint: 12235204 ns, At safepoint: 14900 ns, Total: 12250104 ns
[2020-05-28T11:10:13.841+0000][1][safepoint    ] Safepoint "CollectForMetadataAllocation", Time since last: 179258266 ns, Reaching safepoint: 11390005 ns, At safepoint: 4392101 ns, Total: 15782106 ns
[2020-05-28T11:10:14.631+0000][1][gc,start     ] GC(11) Pause Initial Mark
[2020-05-28T11:10:14.878+0000][1][gc           ] GC(11) Pause Initial Mark 102M->102M(494M) 239.442ms
[2020-05-28T11:10:15.015+0000][1][gc,cpu       ] GC(11) User=0.03s Sys=0.01s Real=0.38s
[2020-05-28T11:10:15.168+0000][1][safepoint    ] Safepoint "CMS_Initial_Mark", Time since last: 747922876 ns, Reaching safepoint: 28435311 ns, At safepoint: 546794401 ns, Total: 575229712 ns
[2020-05-28T11:10:15.295+0000][1][gc           ] GC(11) Concurrent Mark
[2020-05-28T11:10:16.089+0000][1][gc           ] GC(11) Concurrent Mark 759.930ms
[2020-05-28T11:10:16.438+0000][1][gc,cpu       ] GC(11) User=0.07s Sys=0.06s Real=1.05s
[2020-05-28T11:10:16.563+0000][1][gc           ] GC(11) Concurrent Preclean
[2020-05-28T11:10:16.616+0000][1][gc           ] GC(11) Concurrent Preclean 63.400ms
[2020-05-28T11:10:16.620+0000][1][gc,cpu       ] GC(11) User=0.00s Sys=0.01s Real=0.06s
[2020-05-28T11:10:16.620+0000][1][gc           ] GC(11) Concurrent Abortable Preclean
[2020-05-28T11:10:17.087+0000][1][safepoint    ] Safepoint "CollectForMetadataAllocation", Time since last: 1916807307 ns, Reaching safepoint: 4096102 ns, At safepoint: 1572200 ns, Total: 5668302 ns
[2020-05-28T11:10:18.289+0000][1][safepoint    ] Safepoint "Cleanup", Time since last: 1053583478 ns, Reaching safepoint: 143942694 ns, At safepoint: 44800 ns, Total: 143987494 ns
[2020-05-28T11:10:21.826+0000][1][gc           ] GC(11) Concurrent Abortable Preclean 5199.791ms
[2020-05-28T11:10:21.982+0000][1][gc,cpu       ] GC(11) User=1.50s Sys=0.34s Real=5.35s
[2020-05-28T11:10:22.158+0000][1][gc,start     ] GC(11) Pause Remark
[2020-05-28T11:10:22.998+0000][1][gc           ] GC(11) Pause Remark 105M->105M(494M) 848.075ms
[2020-05-28T11:10:23.040+0000][1][gc,cpu       ] GC(11) User=0.08s Sys=0.03s Real=0.89s
[2020-05-28T11:10:23.049+0000][1][safepoint    ] Safepoint "CMS_Final_Remark", Time since last: 3817086245 ns, Reaching safepoint: 27441105 ns, At safepoint: 918162072 ns, Total: 945603177 ns
[2020-05-28T11:10:23.060+0000][1][gc           ] GC(11) Concurrent Sweep
[2020-05-28T11:10:23.200+0000][1][safepoint    ] Safepoint "CollectForMetadataAllocation", Time since last: 108698421 ns, Reaching safepoint: 43016508 ns, At safepoint: 1494300 ns, Total: 44510808 ns
[2020-05-28T11:10:23.285+0000][1][gc           ] GC(11) Concurrent Sweep 217.447ms
[2020-05-28T11:10:23.303+0000][1][safepoint    ] Safepoint "CollectForMetadataAllocation", Time since last: 88942917 ns, Reaching safepoint: 11223202 ns, At safepoint: 2685600 ns, Total: 13908802 ns
[2020-05-28T11:10:23.330+0000][1][gc,cpu       ] GC(11) User=0.05s Sys=0.03s Real=0.27s
[2020-05-28T11:10:23.360+0000][1][gc           ] GC(11) Concurrent Reset
[2020-05-28T11:10:23.368+0000][1][gc           ] GC(11) Concurrent Reset 7.408ms
[2020-05-28T11:10:23.369+0000][1][gc,cpu       ] GC(11) User=0.00s Sys=0.00s Real=0.01s
[2020-05-28T11:10:23.369+0000][1][gc,heap      ] GC(11) Old: 43124K->42957K(349568K)
[2020-05-28T11:10:24.387+0000][1][safepoint    ] Safepoint "Cleanup", Time since last: 1062748499 ns, Reaching safepoint: 19065304 ns, At safepoint: 34800 ns, Total: 19100104 ns
[2020-05-28T11:10:25.499+0000][1][safepoint    ] Safepoint "Cleanup", Time since last: 1090255404 ns, Reaching safepoint: 22796104 ns, At safepoint: 23100 ns, Total: 22819204 ns
[2020-05-28T11:10:26.594+0000][1][safepoint    ] Safepoint "Cleanup", Time since last: 1080974302 ns, Reaching safepoint: 14586903 ns, At safepoint: 63400 ns, Total: 14650303 ns
[2020-05-28T11:10:27.723+0000][1][safepoint    ] Safepoint "Cleanup", Time since last: 1089239404 ns, Reaching safepoint: 29990306 ns, At safepoint: 3524800 ns, Total: 33515106 ns
[2020-05-28T11:10:29.924+0000][1][safepoint    ] Safepoint "Cleanup", Time since last: 2177301980 ns, Reaching safepoint: 26570504 ns, At safepoint: 1706701 ns, Total: 28277205 ns
[2020-05-28T11:10:30.447+0000][1][safepoint    ] Safepoint "RevokeBias", Time since last: 523824479 ns, Reaching safepoint: 197800 ns, At safepoint: 1310400 ns, Total: 1508200 ns
[2020-05-28T11:10:30.614+0000][1][safepoint    ] Safepoint "Deoptimize", Time since last: 153751823 ns, Reaching safepoint: 2442801 ns, At safepoint: 8270001 ns, Total: 10712802 ns
[2020-05-28T11:10:31.670+0000][1][safepoint    ] Safepoint "Cleanup", Time since last: 1042011057 ns, Reaching safepoint: 16226703 ns, At safepoint: 60600 ns, Total: 16287303 ns
[2020-05-28T11:10:32.759+0000][1][safepoint    ] Safepoint "Cleanup", Time since last: 1081578063 ns, Reaching safepoint: 7584301 ns, At safepoint: 33001 ns, Total: 7617302 ns
[2020-05-28T11:10:33.987+0000][1][safepoint    ] Safepoint "Cleanup", Time since last: 1067391861 ns, Reaching safepoint: 92309914 ns, At safepoint: 35159705 ns, Total: 127469619 ns
[2020-05-28T11:10:45.368+0000][1][safepoint    ] Safepoint "RevokeBias", Time since last: 11045378409 ns, Reaching safepoint: 298146506 ns, At safepoint: 48178701 ns, Total: 346325207 ns
[2020-05-28T11:10:55.683+0000][1][safepoint    ] Safepoint "Cleanup", Time since last: 10309755221 ns, Reaching safepoint: 18256301 ns, At safepoint: 15800 ns, Total: 18272101 ns
[2020-05-28T11:10:56.748+0000][1][safepoint    ] Safepoint "Cleanup", Time since last: 1051917432 ns, Reaching safepoint: 18323401 ns, At safepoint: 45100 ns, Total: 18368501 ns
[2020-05-28T11:10:57.842+0000][1][safepoint    ] Safepoint "Cleanup", Time since last: 1077689834 ns, Reaching safepoint: 20088500 ns, At safepoint: 79800 ns, Total: 20168300 ns
[2020-05-28T11:10:58.968+0000][1][safepoint    ] Safepoint "Cleanup", Time since last: 1100433235 ns, Reaching safepoint: 21948800 ns, At safepoint: 64000 ns, Total: 22012800 ns
[2020-05-28T11:11:03.206+0000][1][safepoint    ] Safepoint "Cleanup", Time since last: 4224639232 ns, Reaching safepoint: 16778700 ns, At safepoint: 31800 ns, Total: 16810500 ns
[2020-05-28T11:11:05.579+0000][1][safepoint    ] Safepoint "RevokeBias", Time since last: 2320154067 ns, Reaching safepoint: 30121301 ns, At safepoint: 16442700 ns, Total: 46564001 ns
[2020-05-28T11:11:05.791+0000][1][safepoint    ] Safepoint "RevokeBias", Time since last: 154799505 ns, Reaching safepoint: 40244401 ns, At safepoint: 8275100 ns, Total: 48519501 ns
[2020-05-28T11:11:07.003+0000][1][safepoint    ] Safepoint "Cleanup", Time since last: 1157144033 ns, Reaching safepoint: 62085102 ns, At safepoint: 3393100 ns, Total: 65478202 ns
[2020-05-28T11:11:08.091+0000][1][safepoint    ] Safepoint "Cleanup", Time since last: 1076833431 ns, Reaching safepoint: 15501100 ns, At safepoint: 42300 ns, Total: 15543400 ns
[2020-05-28T11:11:09.224+0000][1][safepoint    ] Safepoint "Cleanup", Time since last: 1114587632 ns, Reaching safepoint: 18438501 ns, At safepoint: 35900 ns, Total: 18474401 ns
[2020-05-28T11:11:11.148+0000][1][safepoint    ] Safepoint "RevokeBias", Time since last: 1912638655 ns, Reaching safepoint: 9748700 ns, At safepoint: 82500 ns, Total: 9831200 ns
[2020-05-28T11:11:11.295+0000][1][safepoint    ] Safepoint "RevokeBias", Time since last: 134632604 ns, Reaching safepoint: 9968100 ns, At safepoint: 4098400 ns, Total: 14066500 ns
[2020-05-28T11:11:11.630+0000][1][safepoint    ] Safepoint "RevokeBias", Time since last: 255929508 ns, Reaching safepoint: 53126702 ns, At safepoint: 19328900 ns, Total: 72455602 ns
[2020-05-28T11:11:12.151+0000][1][safepoint    ] Safepoint "RevokeBias", Time since last: 238974508 ns, Reaching safepoint: 249878007 ns, At safepoint: 27889601 ns, Total: 277767608 ns
[2020-05-28T11:11:12.423+0000][1][safepoint    ] Safepoint "RevokeBias", Time since last: 234652607 ns, Reaching safepoint: 32554001 ns, At safepoint: 15388501 ns, Total: 47942502 ns
[2020-05-28T11:11:12.533+0000][1][safepoint    ] Safepoint "RevokeBias", Time since last: 84581602 ns, Reaching safepoint: 18976301 ns, At safepoint: 6723800 ns, Total: 25700101 ns
[2020-05-28T11:11:12.556+0000][1][safepoint    ] Safepoint "RevokeBias", Time since last: 18188101 ns, Reaching safepoint: 4538700 ns, At safepoint: 133000 ns, Total: 4671700 ns
[2020-05-28T11:11:12.563+0000][1][safepoint    ] Safepoint "RevokeBias", Time since last: 4668800 ns, Reaching safepoint: 2234600 ns, At safepoint: 249000 ns, Total: 2483600 ns
[2020-05-28T11:11:12.568+0000][1][safepoint    ] Safepoint "RevokeBias", Time since last: 1588300 ns, Reaching safepoint: 3344900 ns, At safepoint: 132200 ns, Total: 3477100 ns
[2020-05-28T11:11:12.573+0000][1][safepoint    ] Safepoint "RevokeBias", Time since last: 4232700 ns, Reaching safepoint: 55200 ns, At safepoint: 106400 ns, Total: 161600 ns
[2020-05-28T11:11:12.575+0000][1][safepoint    ] Safepoint "RevokeBias", Time since last: 1681400 ns, Reaching safepoint: 115500 ns, At safepoint: 126500 ns, Total: 242000 ns
[2020-05-28T11:11:12.575+0000][1][safepoint    ] Safepoint "RevokeBias", Time since last: 388900 ns, Reaching safepoint: 26700 ns, At safepoint: 54900 ns, Total: 81600 ns
[2020-05-28T11:11:12.576+0000][1][safepoint    ] Safepoint "RevokeBias", Time since last: 837000 ns, Reaching safepoint: 52400 ns, At safepoint: 71300 ns, Total: 123700 ns
[2020-05-28T11:11:12.579+0000][1][safepoint    ] Safepoint "RevokeBias", Time since last: 601600 ns, Reaching safepoint: 2229701 ns, At safepoint: 41800 ns, Total: 2271501 ns
[2020-05-28T11:11:12.592+0000][1][safepoint    ] Safepoint "RevokeBias", Time since last: 768400 ns, Reaching safepoint: 12330500 ns, At safepoint: 101200 ns, Total: 12431700 ns
[2020-05-28T11:11:12.596+0000][1][safepoint    ] Safepoint "RevokeBias", Time since last: 2131600 ns, Reaching safepoint: 993600 ns, At safepoint: 1046200 ns, Total: 2039800 ns
[2020-05-28T11:11:12.604+0000][1][safepoint    ] Safepoint "RevokeBias", Time since last: 506900 ns, Reaching safepoint: 6782800 ns, At safepoint: 52700 ns, Total: 6835500 ns
[2020-05-28T11:11:12.604+0000][1][safepoint    ] Safepoint "RevokeBias", Time since last: 504100 ns, Reaching safepoint: 36700 ns, At safepoint: 84100 ns, Total: 120800 ns
[2020-05-28T11:11:12.605+0000][1][safepoint    ] Safepoint "RevokeBias", Time since last: 331200 ns, Reaching safepoint: 409900 ns, At safepoint: 202500 ns, Total: 612400 ns
[2020-05-28T11:11:12.608+0000][1][safepoint    ] Safepoint "RevokeBias", Time since last: 2587000 ns, Reaching safepoint: 31700 ns, At safepoint: 63500 ns, Total: 95200 ns
[2020-05-28T11:11:12.609+0000][1][safepoint    ] Safepoint "RevokeBias", Time since last: 1187400 ns, Reaching safepoint: 29100 ns, At safepoint: 122400 ns, Total: 151500 ns
[2020-05-28T11:11:12.610+0000][1][safepoint    ] Safepoint "RevokeBias", Time since last: 505900 ns, Reaching safepoint: 58300 ns, At safepoint: 186700 ns, Total: 245000 ns
[2020-05-28T11:11:12.611+0000][1][safepoint    ] Safepoint "RevokeBias", Time since last: 542301 ns, Reaching safepoint: 638100 ns, At safepoint: 76100 ns, Total: 714200 ns
[2020-05-28T11:11:12.613+0000][1][safepoint    ] Safepoint "BulkRevokeBias", Time since last: 1150500 ns, Reaching safepoint: 181500 ns, At safepoint: 380900 ns, Total: 562400 ns
[2020-05-28T11:11:12.616+0000][1][safepoint    ] Safepoint "RevokeBias", Time since last: 504300 ns, Reaching safepoint: 1199000 ns, At safepoint: 949700 ns, Total: 2148700 ns
[2020-05-28T11:11:12.619+0000][1][safepoint    ] Safepoint "RevokeBias", Time since last: 575300 ns, Reaching safepoint: 2466700 ns, At safepoint: 76900 ns, Total: 2543600 ns
[2020-05-28T11:11:12.619+0000][1][safepoint    ] Safepoint "RevokeBias", Time since last: 458300 ns, Reaching safepoint: 104300 ns, At safepoint: 49000 ns, Total: 153300 ns
[2020-05-28T11:11:12.622+0000][1][safepoint    ] Safepoint "RevokeBias", Time since last: 2160000 ns, Reaching safepoint: 59600 ns, At safepoint: 69600 ns, Total: 129200 ns
[2020-05-28T11:11:12.626+0000][1][safepoint    ] Safepoint "RevokeBias", Time since last: 413300 ns, Reaching safepoint: 3497000 ns, At safepoint: 44300 ns, Total: 3541300 ns
[2020-05-28T11:11:12.629+0000][1][safepoint    ] Safepoint "RevokeBias", Time since last: 847900 ns, Reaching safepoint: 2309600 ns, At safepoint: 95300 ns, Total: 2404900 ns
[2020-05-28T11:11:12.632+0000][1][safepoint    ] Safepoint "RevokeBias", Time since last: 645100 ns, Reaching safepoint: 2643800 ns, At safepoint: 54100 ns, Total: 2697900 ns
[2020-05-28T11:11:12.640+0000][1][safepoint    ] Safepoint "RevokeBias", Time since last: 3959600 ns, Reaching safepoint: 3325200 ns, At safepoint: 64700 ns, Total: 3389900 ns
[2020-05-28T11:11:12.644+0000][1][safepoint    ] Safepoint "RevokeBias", Time since last: 1705100 ns, Reaching safepoint: 2152201 ns, At safepoint: 60600 ns, Total: 2212801 ns
[2020-05-28T11:11:12.645+0000][1][safepoint    ] Safepoint "RevokeBias", Time since last: 1637400 ns, Reaching safepoint: 27800 ns, At safepoint: 63400 ns, Total: 91200 ns
[2020-05-28T11:11:12.646+0000][1][safepoint    ] Safepoint "RevokeBias", Time since last: 532200 ns, Reaching safepoint: 24000 ns, At safepoint: 67800 ns, Total: 91800 ns
[2020-05-28T11:11:12.648+0000][1][safepoint    ] Safepoint "RevokeBias", Time since last: 1900900 ns, Reaching safepoint: 24700 ns, At safepoint: 92700 ns, Total: 117400 ns
[2020-05-28T11:11:12.650+0000][1][safepoint    ] Safepoint "RevokeBias", Time since last: 1290100 ns, Reaching safepoint: 363300 ns, At safepoint: 67300 ns, Total: 430600 ns
[2020-05-28T11:11:12.651+0000][1][safepoint    ] Safepoint "RevokeBias", Time since last: 541100 ns, Reaching safepoint: 1057800 ns, At safepoint: 79900 ns, Total: 1137700 ns
[2020-05-28T11:11:12.653+0000][1][safepoint    ] Safepoint "RevokeBias", Time since last: 629100 ns, Reaching safepoint: 912600 ns, At safepoint: 60900 ns, Total: 973500 ns
[2020-05-28T11:11:12.656+0000][1][safepoint    ] Safepoint "RevokeBias", Time since last: 639800 ns, Reaching safepoint: 2229500 ns, At safepoint: 232400 ns, Total: 2461900 ns
[2020-05-28T11:11:12.659+0000][1][safepoint    ] Safepoint "RevokeBias", Time since last: 615400 ns, Reaching safepoint: 2193800 ns, At safepoint: 73300 ns, Total: 2267100 ns
[2020-05-28T11:11:12.746+0000][1][safepoint    ] Safepoint "RevokeBias", Time since last: 1009300 ns, Reaching safepoint: 75532702 ns, At safepoint: 5746500 ns, Total: 81279202 ns
[2020-05-28T11:11:12.849+0000][1][safepoint    ] Safepoint "RevokeBias", Time since last: 81577503 ns, Reaching safepoint: 24065301 ns, At safepoint: 1055200 ns, Total: 25120501 ns
[2020-05-28T11:11:12.958+0000][1][safepoint    ] Safepoint "RevokeBias", Time since last: 91976803 ns, Reaching safepoint: 15019000 ns, At safepoint: 1524400 ns, Total: 16543400 ns
[2020-05-28T11:11:13.109+0000][1][safepoint    ] Safepoint "RevokeBias", Time since last: 142797704 ns, Reaching safepoint: 6117701 ns, At safepoint: 1862300 ns, Total: 7980001 ns
[2020-05-28T11:11:13.485+0000][1][safepoint    ] Safepoint "RevokeBias", Time since last: 346751710 ns, Reaching safepoint: 23678501 ns, At safepoint: 6762200 ns, Total: 30440701 ns
[2020-05-28T11:11:16.673+0000][1][safepoint    ] Safepoint "Cleanup", Time since last: 3159001097 ns, Reaching safepoint: 29674201 ns, At safepoint: 38600 ns, Total: 29712801 ns
[2020-05-28T11:11:19.834+0000][1][safepoint    ] Safepoint "Cleanup", Time since last: 3153852592 ns, Reaching safepoint: 6896400 ns, At safepoint: 263600 ns, Total: 7160000 ns
[2020-05-28T11:11:25.019+0000][1][safepoint    ] Safepoint "Cleanup", Time since last: 5118621066 ns, Reaching safepoint: 39217700 ns, At safepoint: 4993000 ns, Total: 44210700 ns
[2020-05-28T11:11:29.390+0000][1][safepoint    ] Safepoint "Cleanup", Time since last: 4296925238 ns, Reaching safepoint: 77896098 ns, At safepoint: 47500 ns, Total: 77943598 ns
[2020-05-28T11:11:34.099+0000][1][safepoint    ] Safepoint "Cleanup", Time since last: 4313643651 ns, Reaching safepoint: 410746886 ns, At safepoint: 2457000 ns, Total: 413203886 ns
[2020-05-28T11:12:08.871+0000][1][safepoint    ] Safepoint "Cleanup", Time since last: 34672090445 ns, Reaching safepoint: 80934300 ns, At safepoint: 12161300 ns, Total: 93095600 ns
[2020-05-28T11:12:47.810+0000][1][safepoint    ] Safepoint "Cleanup", Time since last: 38803677790 ns, Reaching safepoint: 108615801 ns, At safepoint: 5061600 ns, Total: 113677401 ns
[2020-05-28T11:13:02.434+0000][1][safepoint    ] Safepoint "Cleanup", Time since last: 14548450883 ns, Reaching safepoint: 89082627 ns, At safepoint: 2535501 ns, Total: 91618128 ns
[2020-05-28T11:13:13.740+0000][1][safepoint    ] Safepoint "Cleanup", Time since last: 11264204028 ns, Reaching safepoint: 42042299 ns, At safepoint: 16900 ns, Total: 42059199 ns
[2020-05-28T11:13:15.071+0000][1][safepoint    ] Safepoint "Cleanup", Time since last: 1245409845 ns, Reaching safepoint: 64859997 ns, At safepoint: 9293500 ns, Total: 74153497 ns
[2020-05-28T11:13:16.448+0000][1][safepoint    ] Safepoint "Cleanup", Time since last: 1238068645 ns, Reaching safepoint: 138348494 ns, At safepoint: 3073000 ns, Total: 141421494 ns
[2020-05-28T11:13:18.107+0000][1][safepoint    ] Safepoint "Cleanup", Time since last: 1570230531 ns, Reaching safepoint: 77188096 ns, At safepoint: 19509599 ns, Total: 96697695 ns
[2020-05-28T11:13:29.363+0000][1][safepoint    ] Safepoint "Cleanup", Time since last: 11139899969 ns, Reaching safepoint: 108096198 ns, At safepoint: 14173699 ns, Total: 122269897 ns
[2020-05-28T11:13:37.811+0000][1][safepoint    ] Safepoint "Cleanup", Time since last: 8370822135 ns, Reaching safepoint: 75236801 ns, At safepoint: 5931100 ns, Total: 81167901 ns
[2020-05-28T11:13:39.576+0000][1][safepoint    ] Safepoint "Cleanup", Time since last: 1410600707 ns, Reaching safepoint: 327065802 ns, At safepoint: 8708400 ns, Total: 335774202 ns
[2020-05-28T11:13:45.153+0000][1][safepoint    ] Safepoint "Cleanup", Time since last: 5466612927 ns, Reaching safepoint: 98086900 ns, At safepoint: 20514400 ns, Total: 118601300 ns
[2020-05-28T11:13:46.777+0000][1][safepoint    ] Safepoint "Cleanup", Time since last: 1278782307 ns, Reaching safepoint: 355915801 ns, At safepoint: 2806400 ns, Total: 358722201 ns
[2020-05-28T11:13:48.187+0000][1][safepoint    ] Safepoint "Cleanup", Time since last: 1308799907 ns, Reaching safepoint: 79857200 ns, At safepoint: 7837600 ns, Total: 87694800 ns
[2020-05-28T11:13:50.371+0000][1][safepoint    ] Safepoint "Cleanup", Time since last: 2162355710 ns, Reaching safepoint: 35148201 ns, At safepoint: 56100 ns, Total: 35204301 ns
[2020-05-28T11:14:02.649+0000][1][safepoint    ] Safepoint "Cleanup", Time since last: 12250929352 ns, Reaching safepoint: 20952100 ns, At safepoint: 24900 ns, Total: 20977000 ns
[2020-05-28T11:14:03.817+0000][1][safepoint    ] Safepoint "Cleanup", Time since last: 1144552505 ns, Reaching safepoint: 27286100 ns, At safepoint: 2234500 ns, Total: 29520600 ns
