[2020-05-28T10:03:16.715+0000][57][gc] Using Concurrent Mark Sweep
[2020-05-28T10:03:16.728+0000][57][gc,heap,coops] Heap address: 0x00000000e0000000, size: 512 MB, Compressed Oops mode: 32-bit
[2020-05-28T10:03:17.364+0000][57][safepoint    ] Safepoint "EnableBiasedLocking", Time since last: 322981835 ns, Reaching safepoint: 29900 ns, At safepoint: 56900 ns, Total: 86800 ns
[2020-05-28T10:03:17.368+0000][57][gc,heap,exit ] Heap
[2020-05-28T10:03:17.371+0000][57][gc,heap,exit ]  par new generation   total 153344K, used 8179K [0x00000000e0000000, 0x00000000ea660000, 0x00000000ea660000)
[2020-05-28T10:03:17.372+0000][57][gc,heap,exit ]   eden space 136320K,   6% used [0x00000000e0000000, 0x00000000e07fce60, 0x00000000e8520000)
[2020-05-28T10:03:17.373+0000][57][gc,heap,exit ]   from space 17024K,   0% used [0x00000000e8520000, 0x00000000e8520000, 0x00000000e95c0000)
[2020-05-28T10:03:17.374+0000][57][gc,heap,exit ]   to   space 17024K,   0% used [0x00000000e95c0000, 0x00000000e95c0000, 0x00000000ea660000)
[2020-05-28T10:03:17.376+0000][57][gc,heap,exit ]  concurrent mark-sweep generation total 353920K, used 0K [0x00000000ea660000, 0x0000000100000000, 0x0000000100000000)
[2020-05-28T10:03:17.379+0000][57][gc,heap,exit ]  Metaspace       used 163K, capacity 4480K, committed 4480K, reserved 1056768K
[2020-05-28T10:03:17.380+0000][57][gc,heap,exit ]   class space    used 6K, capacity 384K, committed 384K, reserved 1048576K
