[2020-05-28T11:09:35.167+0000][1][gc] Using Concurrent Mark Sweep
[2020-05-28T11:09:35.177+0000][1][gc,heap,coops] Heap address: 0x00000000e0000000, size: 512 MB, Compressed Oops mode: 32-bit
[2020-05-28T11:09:35.568+0000][1][safepoint    ] Safepoint "EnableBiasedLocking", Time since last: 268014700 ns, Reaching safepoint: 35300 ns, At safepoint: 53900 ns, Total: 89200 ns
[2020-05-28T11:09:35.579+0000][1][safepoint    ] Safepoint "RevokeBias", Time since last: 11263700 ns, Reaching safepoint: 376000 ns, At safepoint: 57500 ns, Total: 433500 ns
[2020-05-28T11:09:35.616+0000][1][safepoint    ] Safepoint "Deoptimize", Time since last: 36975200 ns, Reaching safepoint: 138200 ns, At safepoint: 23700 ns, Total: 161900 ns
[2020-05-28T11:09:36.553+0000][1][safepoint    ] Safepoint "Deoptimize", Time since last: 936635500 ns, Reaching safepoint: 156700 ns, At safepoint: 33800 ns, Total: 190500 ns
[2020-05-28T11:09:36.564+0000][1][safepoint    ] Safepoint "Deoptimize", Time since last: 10922500 ns, Reaching safepoint: 18700 ns, At safepoint: 38100 ns, Total: 56800 ns
[2020-05-28T11:09:36.837+0000][1][safepoint    ] Safepoint "Deoptimize", Time since last: 272913400 ns, Reaching safepoint: 45600 ns, At safepoint: 77200 ns, Total: 122800 ns
[2020-05-28T11:09:37.838+0000][1][safepoint    ] Safepoint "Cleanup", Time since last: 1000721000 ns, Reaching safepoint: 62100 ns, At safepoint: 9300 ns, Total: 71400 ns
[2020-05-28T11:09:38.839+0000][1][safepoint    ] Safepoint "Cleanup", Time since last: 1001103800 ns, Reaching safepoint: 294700 ns, At safepoint: 7700 ns, Total: 302400 ns
[2020-05-28T11:09:39.184+0000][1][safepoint    ] Safepoint "Deoptimize", Time since last: 344294800 ns, Reaching safepoint: 39100 ns, At safepoint: 70900 ns, Total: 110000 ns
[2020-05-28T11:09:39.463+0000][1][safepoint    ] Safepoint "Deoptimize", Time since last: 279281700 ns, Reaching safepoint: 52800 ns, At safepoint: 119000 ns, Total: 171800 ns
[2020-05-28T11:09:39.666+0000][1][safepoint    ] Safepoint "Deoptimize", Time since last: 202671400 ns, Reaching safepoint: 46200 ns, At safepoint: 121300 ns, Total: 167500 ns
[2020-05-28T11:09:40.673+0000][1][safepoint    ] Safepoint "Cleanup", Time since last: 1000651800 ns, Reaching safepoint: 6320700 ns, At safepoint: 9300 ns, Total: 6330000 ns
[2020-05-28T11:09:41.197+0000][1][safepoint    ] Safepoint "Deoptimize", Time since last: 523550400 ns, Reaching safepoint: 367200 ns, At safepoint: 107200 ns, Total: 474400 ns
[2020-05-28T11:09:41.649+0000][1][safepoint    ] Safepoint "Deoptimize", Time since last: 451732600 ns, Reaching safepoint: 120900 ns, At safepoint: 134300 ns, Total: 255200 ns
[2020-05-28T11:09:42.456+0000][1][safepoint    ] Safepoint "RevokeBias", Time since last: 806840400 ns, Reaching safepoint: 40100 ns, At safepoint: 82000 ns, Total: 122100 ns
[2020-05-28T11:09:43.207+0000][1][safepoint    ] Safepoint "Deoptimize", Time since last: 750356000 ns, Reaching safepoint: 140800 ns, At safepoint: 235500 ns, Total: 376300 ns
[2020-05-28T11:09:43.924+0000][1][safepoint    ] Safepoint "Deoptimize", Time since last: 716329700 ns, Reaching safepoint: 483700 ns, At safepoint: 517100 ns, Total: 1000800 ns
[2020-05-28T11:09:43.927+0000][1][safepoint    ] Safepoint "Deoptimize", Time since last: 1813800 ns, Reaching safepoint: 1016000 ns, At safepoint: 184800 ns, Total: 1200800 ns
[2020-05-28T11:09:44.087+0000][1][safepoint    ] Safepoint "Deoptimize", Time since last: 159474000 ns, Reaching safepoint: 43800 ns, At safepoint: 171000 ns, Total: 214800 ns
[2020-05-28T11:09:44.095+0000][1][safepoint    ] Safepoint "Deoptimize", Time since last: 7797700 ns, Reaching safepoint: 27100 ns, At safepoint: 154200 ns, Total: 181300 ns
[2020-05-28T11:09:44.125+0000][1][safepoint    ] Safepoint "RevokeBias", Time since last: 27939000 ns, Reaching safepoint: 2325200 ns, At safepoint: 70000 ns, Total: 2395200 ns
[2020-05-28T11:09:44.131+0000][1][safepoint    ] Safepoint "RevokeBias", Time since last: 3800800 ns, Reaching safepoint: 2234400 ns, At safepoint: 36200 ns, Total: 2270600 ns
[2020-05-28T11:09:44.137+0000][1][safepoint    ] Safepoint "RevokeBias", Time since last: 3420800 ns, Reaching safepoint: 792200 ns, At safepoint: 1419800 ns, Total: 2212000 ns
[2020-05-28T11:09:44.145+0000][1][safepoint    ] Safepoint "RevokeBias", Time since last: 4735700 ns, Reaching safepoint: 3373600 ns, At safepoint: 83400 ns, Total: 3457000 ns
[2020-05-28T11:09:45.042+0000][1][safepoint    ] Safepoint "RevokeBias", Time since last: 897049100 ns, Reaching safepoint: 68300 ns, At safepoint: 18400 ns, Total: 86700 ns
[2020-05-28T11:09:46.049+0000][1][safepoint    ] Safepoint "Cleanup", Time since last: 1000682400 ns, Reaching safepoint: 6450100 ns, At safepoint: 18000 ns, Total: 6468100 ns
[2020-05-28T11:09:46.360+0000][1][safepoint    ] Safepoint "Deoptimize", Time since last: 310300100 ns, Reaching safepoint: 109600 ns, At safepoint: 254200 ns, Total: 363800 ns
[2020-05-28T11:09:47.361+0000][1][safepoint    ] Safepoint "Cleanup", Time since last: 1000606200 ns, Reaching safepoint: 93600 ns, At safepoint: 9400 ns, Total: 103000 ns
[2020-05-28T11:09:48.362+0000][1][safepoint    ] Safepoint "Cleanup", Time since last: 1000760400 ns, Reaching safepoint: 225300 ns, At safepoint: 28600 ns, Total: 253900 ns
[2020-05-28T11:09:48.364+0000][1][safepoint    ] Safepoint "RevokeBias", Time since last: 1842500 ns, Reaching safepoint: 103100 ns, At safepoint: 39400 ns, Total: 142500 ns
[2020-05-28T11:09:48.926+0000][1][safepoint    ] Safepoint "RevokeBias", Time since last: 560473400 ns, Reaching safepoint: 1845000 ns, At safepoint: 58100 ns, Total: 1903100 ns
[2020-05-28T11:09:49.696+0000][1][safepoint    ] Safepoint "Deoptimize", Time since last: 768994300 ns, Reaching safepoint: 94400 ns, At safepoint: 260800 ns, Total: 355200 ns
[2020-05-28T11:09:49.698+0000][1][safepoint    ] Safepoint "Deoptimize", Time since last: 2204300 ns, Reaching safepoint: 26600 ns, At safepoint: 316200 ns, Total: 342800 ns
[2020-05-28T11:09:50.067+0000][1][gc,start     ] GC(0) Pause Young (Allocation Failure)
[2020-05-28T11:09:50.070+0000][1][gc,task      ] GC(0) Using 3 workers of 3 for evacuation
[2020-05-28T11:09:50.389+0000][1][gc,age       ] GC(0) Desired survivor size 8945664 bytes, new threshold 1 (max threshold 6)
[2020-05-28T11:09:50.390+0000][1][gc,age       ] GC(0) Age table with threshold 1 (max threshold 6)
[2020-05-28T11:09:50.390+0000][1][gc,age       ] GC(0) - age   1:    9961256 bytes,    9961256 total
[2020-05-28T11:09:50.391+0000][1][gc,heap      ] GC(0) ParNew: 139776K->9824K(157248K)
[2020-05-28T11:09:50.391+0000][1][gc,heap      ] GC(0) CMS: 0K->0K(349568K)
[2020-05-28T11:09:50.391+0000][1][gc,metaspace ] GC(0) Metaspace: 17500K->17500K(1064960K)
[2020-05-28T11:09:50.392+0000][1][gc           ] GC(0) Pause Young (Allocation Failure) 136M->9M(494M) 324.533ms
[2020-05-28T11:09:50.392+0000][1][gc,cpu       ] GC(0) User=0.05s Sys=0.02s Real=0.33s
[2020-05-28T11:09:50.393+0000][1][safepoint    ] Safepoint "GenCollectForAllocation", Time since last: 369209900 ns, Reaching safepoint: 51000 ns, At safepoint: 325449000 ns, Total: 325500000 ns
[2020-05-28T11:09:50.397+0000][1][safepoint    ] Safepoint "RevokeBias", Time since last: 2740000 ns, Reaching safepoint: 1640700 ns, At safepoint: 204800 ns, Total: 1845500 ns
[2020-05-28T11:09:50.399+0000][1][safepoint    ] Safepoint "RevokeBias", Time since last: 970100 ns, Reaching safepoint: 215600 ns, At safepoint: 367200 ns, Total: 582800 ns
[2020-05-28T11:09:50.400+0000][1][safepoint    ] Safepoint "RevokeBias", Time since last: 647900 ns, Reaching safepoint: 177600 ns, At safepoint: 300200 ns, Total: 477800 ns
[2020-05-28T11:09:50.404+0000][1][safepoint    ] Safepoint "RevokeBias", Time since last: 3215500 ns, Reaching safepoint: 196900 ns, At safepoint: 354600 ns, Total: 551500 ns
[2020-05-28T11:09:50.411+0000][1][safepoint    ] Safepoint "RevokeBias", Time since last: 5440400 ns, Reaching safepoint: 867700 ns, At safepoint: 727600 ns, Total: 1595300 ns
[2020-05-28T11:09:50.413+0000][1][safepoint    ] Safepoint "RevokeBias", Time since last: 1291400 ns, Reaching safepoint: 179200 ns, At safepoint: 266600 ns, Total: 445800 ns
[2020-05-28T11:09:50.414+0000][1][safepoint    ] Safepoint "RevokeBias", Time since last: 1537600 ns, Reaching safepoint: 91200 ns, At safepoint: 218900 ns, Total: 310100 ns
[2020-05-28T11:09:50.416+0000][1][safepoint    ] Safepoint "RevokeBias", Time since last: 881900 ns, Reaching safepoint: 73900 ns, At safepoint: 268900 ns, Total: 342800 ns
[2020-05-28T11:09:50.417+0000][1][safepoint    ] Safepoint "RevokeBias", Time since last: 982500 ns, Reaching safepoint: 25600 ns, At safepoint: 57900 ns, Total: 83500 ns
[2020-05-28T11:09:50.423+0000][1][safepoint    ] Safepoint "RevokeBias", Time since last: 5069500 ns, Reaching safepoint: 680800 ns, At safepoint: 65300 ns, Total: 746100 ns
[2020-05-28T11:09:50.424+0000][1][safepoint    ] Safepoint "RevokeBias", Time since last: 517500 ns, Reaching safepoint: 1146400 ns, At safepoint: 79400 ns, Total: 1225800 ns
[2020-05-28T11:09:50.425+0000][1][safepoint    ] Safepoint "RevokeBias", Time since last: 496900 ns, Reaching safepoint: 276000 ns, At safepoint: 61900 ns, Total: 337900 ns
[2020-05-28T11:09:50.427+0000][1][safepoint    ] Safepoint "RevokeBias", Time since last: 487900 ns, Reaching safepoint: 1462500 ns, At safepoint: 66400 ns, Total: 1528900 ns
[2020-05-28T11:09:50.428+0000][1][safepoint    ] Safepoint "RevokeBias", Time since last: 517600 ns, Reaching safepoint: 743300 ns, At safepoint: 71500 ns, Total: 814800 ns
[2020-05-28T11:09:50.429+0000][1][safepoint    ] Safepoint "RevokeBias", Time since last: 473700 ns, Reaching safepoint: 112500 ns, At safepoint: 61500 ns, Total: 174000 ns
[2020-05-28T11:09:50.430+0000][1][safepoint    ] Safepoint "RevokeBias", Time since last: 439600 ns, Reaching safepoint: 262400 ns, At safepoint: 58100 ns, Total: 320500 ns
[2020-05-28T11:09:50.430+0000][1][safepoint    ] Safepoint "RevokeBias", Time since last: 490100 ns, Reaching safepoint: 94600 ns, At safepoint: 48100 ns, Total: 142700 ns
[2020-05-28T11:09:50.431+0000][1][safepoint    ] Safepoint "RevokeBias", Time since last: 344900 ns, Reaching safepoint: 196900 ns, At safepoint: 53600 ns, Total: 250500 ns
[2020-05-28T11:09:50.433+0000][1][safepoint    ] Safepoint "RevokeBias", Time since last: 1668400 ns, Reaching safepoint: 106700 ns, At safepoint: 66000 ns, Total: 172700 ns
[2020-05-28T11:09:50.434+0000][1][safepoint    ] Safepoint "RevokeBias", Time since last: 522900 ns, Reaching safepoint: 625600 ns, At safepoint: 68400 ns, Total: 694000 ns
[2020-05-28T11:09:50.437+0000][1][safepoint    ] Safepoint "RevokeBias", Time since last: 829600 ns, Reaching safepoint: 1449400 ns, At safepoint: 102000 ns, Total: 1551400 ns
[2020-05-28T11:09:50.439+0000][1][safepoint    ] Safepoint "RevokeBias", Time since last: 402000 ns, Reaching safepoint: 1721800 ns, At safepoint: 61400 ns, Total: 1783200 ns
[2020-05-28T11:09:50.439+0000][1][safepoint    ] Safepoint "RevokeBias", Time since last: 361900 ns, Reaching safepoint: 118000 ns, At safepoint: 54700 ns, Total: 172700 ns
[2020-05-28T11:09:50.440+0000][1][safepoint    ] Safepoint "RevokeBias", Time since last: 435700 ns, Reaching safepoint: 416000 ns, At safepoint: 68500 ns, Total: 484500 ns
[2020-05-28T11:09:50.443+0000][1][safepoint    ] Safepoint "RevokeBias", Time since last: 370200 ns, Reaching safepoint: 821000 ns, At safepoint: 1178700 ns, Total: 1999700 ns
[2020-05-28T11:09:50.445+0000][1][safepoint    ] Safepoint "RevokeBias", Time since last: 531900 ns, Reaching safepoint: 1411900 ns, At safepoint: 99000 ns, Total: 1510900 ns
[2020-05-28T11:09:50.447+0000][1][safepoint    ] Safepoint "RevokeBias", Time since last: 514400 ns, Reaching safepoint: 2204600 ns, At safepoint: 62400 ns, Total: 2267000 ns
[2020-05-28T11:09:50.449+0000][1][safepoint    ] Safepoint "RevokeBias", Time since last: 565400 ns, Reaching safepoint: 844900 ns, At safepoint: 61400 ns, Total: 906300 ns
[2020-05-28T11:09:50.450+0000][1][safepoint    ] Safepoint "RevokeBias", Time since last: 781000 ns, Reaching safepoint: 605700 ns, At safepoint: 55900 ns, Total: 661600 ns
[2020-05-28T11:09:50.452+0000][1][safepoint    ] Safepoint "RevokeBias", Time since last: 447400 ns, Reaching safepoint: 1171400 ns, At safepoint: 86200 ns, Total: 1257600 ns
[2020-05-28T11:09:50.453+0000][1][safepoint    ] Safepoint "RevokeBias", Time since last: 303500 ns, Reaching safepoint: 545700 ns, At safepoint: 43800 ns, Total: 589500 ns
[2020-05-28T11:09:50.455+0000][1][safepoint    ] Safepoint "RevokeBias", Time since last: 344200 ns, Reaching safepoint: 1859800 ns, At safepoint: 66600 ns, Total: 1926400 ns
[2020-05-28T11:09:50.456+0000][1][safepoint    ] Safepoint "RevokeBias", Time since last: 417300 ns, Reaching safepoint: 336900 ns, At safepoint: 46100 ns, Total: 383000 ns
[2020-05-28T11:09:50.457+0000][1][safepoint    ] Safepoint "RevokeBias", Time since last: 297400 ns, Reaching safepoint: 338800 ns, At safepoint: 67500 ns, Total: 406300 ns
[2020-05-28T11:09:50.457+0000][1][safepoint    ] Safepoint "RevokeBias", Time since last: 412100 ns, Reaching safepoint: 182400 ns, At safepoint: 33900 ns, Total: 216300 ns
[2020-05-28T11:09:50.462+0000][1][safepoint    ] Safepoint "RevokeBias", Time since last: 1028300 ns, Reaching safepoint: 3376200 ns, At safepoint: 167000 ns, Total: 3543200 ns
[2020-05-28T11:09:50.463+0000][1][safepoint    ] Safepoint "RevokeBias", Time since last: 664700 ns, Reaching safepoint: 78000 ns, At safepoint: 40000 ns, Total: 118000 ns
[2020-05-28T11:09:50.464+0000][1][safepoint    ] Safepoint "BulkRevokeBias", Time since last: 419300 ns, Reaching safepoint: 381700 ns, At safepoint: 71400 ns, Total: 453100 ns
[2020-05-28T11:09:50.464+0000][1][safepoint    ] Safepoint "BulkRevokeBias", Time since last: 383600 ns, Reaching safepoint: 241000 ns, At safepoint: 85600 ns, Total: 326600 ns
[2020-05-28T11:09:50.487+0000][1][safepoint    ] Safepoint "RevokeBias", Time since last: 22768800 ns, Reaching safepoint: 224600 ns, At safepoint: 20700 ns, Total: 245300 ns
[2020-05-28T11:09:50.490+0000][1][safepoint    ] Safepoint "RevokeBias", Time since last: 1931700 ns, Reaching safepoint: 927700 ns, At safepoint: 27800 ns, Total: 955500 ns
[2020-05-28T11:09:50.578+0000][1][safepoint    ] Safepoint "Deoptimize", Time since last: 87564200 ns, Reaching safepoint: 118000 ns, At safepoint: 327800 ns, Total: 445800 ns
[2020-05-28T11:09:50.620+0000][1][safepoint    ] Safepoint "RevokeBias", Time since last: 41924800 ns, Reaching safepoint: 37700 ns, At safepoint: 14900 ns, Total: 52600 ns
[2020-05-28T11:09:50.632+0000][1][safepoint    ] Safepoint "RevokeBias", Time since last: 11100400 ns, Reaching safepoint: 404900 ns, At safepoint: 13900 ns, Total: 418800 ns
[2020-05-28T11:09:51.636+0000][1][safepoint    ] Safepoint "Cleanup", Time since last: 1001637600 ns, Reaching safepoint: 2530600 ns, At safepoint: 13200 ns, Total: 2543800 ns
[2020-05-28T11:09:51.667+0000][1][gc,start     ] GC(1) Pause Young (Allocation Failure)
[2020-05-28T11:09:51.667+0000][1][gc,task      ] GC(1) Using 3 workers of 3 for evacuation
[2020-05-28T11:09:52.289+0000][1][gc,age       ] GC(1) Desired survivor size 8945664 bytes, new threshold 6 (max threshold 6)
[2020-05-28T11:09:52.289+0000][1][gc,age       ] GC(1) Age table with threshold 6 (max threshold 6)
[2020-05-28T11:09:52.290+0000][1][gc,age       ] GC(1) - age   1:    2256712 bytes,    2256712 total
[2020-05-28T11:09:52.290+0000][1][gc,heap      ] GC(1) ParNew: 149600K->6225K(157248K)
[2020-05-28T11:09:52.290+0000][1][gc,heap      ] GC(1) CMS: 0K->10403K(349568K)
[2020-05-28T11:09:52.292+0000][1][gc,metaspace ] GC(1) Metaspace: 18835K->18835K(1067008K)
[2020-05-28T11:09:52.294+0000][1][gc           ] GC(1) Pause Young (Allocation Failure) 146M->16M(494M) 627.176ms
[2020-05-28T11:09:52.294+0000][1][gc,cpu       ] GC(1) User=0.10s Sys=0.04s Real=0.63s
[2020-05-28T11:09:52.295+0000][1][safepoint    ] Safepoint "GenCollectForAllocation", Time since last: 30787900 ns, Reaching safepoint: 33800 ns, At safepoint: 628057500 ns, Total: 628091300 ns
[2020-05-28T11:09:52.308+0000][1][safepoint    ] Safepoint "RevokeBias", Time since last: 2589100 ns, Reaching safepoint: 10198400 ns, At safepoint: 62400 ns, Total: 10260800 ns
[2020-05-28T11:09:52.312+0000][1][safepoint    ] Safepoint "RevokeBias", Time since last: 1034900 ns, Reaching safepoint: 3251400 ns, At safepoint: 95900 ns, Total: 3347300 ns
[2020-05-28T11:09:52.322+0000][1][safepoint    ] Safepoint "RevokeBias", Time since last: 1538400 ns, Reaching safepoint: 8909900 ns, At safepoint: 88600 ns, Total: 8998500 ns
[2020-05-28T11:09:52.338+0000][1][safepoint    ] Safepoint "RevokeBias", Time since last: 5047400 ns, Reaching safepoint: 10690500 ns, At safepoint: 69000 ns, Total: 10759500 ns
[2020-05-28T11:09:52.342+0000][1][safepoint    ] Safepoint "RevokeBias", Time since last: 1798900 ns, Reaching safepoint: 2314800 ns, At safepoint: 51900 ns, Total: 2366700 ns
[2020-05-28T11:09:52.343+0000][1][safepoint    ] Safepoint "RevokeBias", Time since last: 743800 ns, Reaching safepoint: 245200 ns, At safepoint: 89600 ns, Total: 334800 ns
[2020-05-28T11:09:52.345+0000][1][safepoint    ] Safepoint "RevokeBias", Time since last: 1202000 ns, Reaching safepoint: 34400 ns, At safepoint: 35500 ns, Total: 69900 ns
[2020-05-28T11:09:52.345+0000][1][safepoint    ] Safepoint "RevokeBias", Time since last: 412100 ns, Reaching safepoint: 67000 ns, At safepoint: 29600 ns, Total: 96600 ns
[2020-05-28T11:09:52.347+0000][1][safepoint    ] Safepoint "RevokeBias", Time since last: 399100 ns, Reaching safepoint: 1180200 ns, At safepoint: 57800 ns, Total: 1238000 ns
[2020-05-28T11:09:52.348+0000][1][safepoint    ] Safepoint "RevokeBias", Time since last: 814300 ns, Reaching safepoint: 32500 ns, At safepoint: 62100 ns, Total: 94600 ns
[2020-05-28T11:09:52.350+0000][1][safepoint    ] Safepoint "RevokeBias", Time since last: 2502800 ns, Reaching safepoint: 39600 ns, At safepoint: 72800 ns, Total: 112400 ns
[2020-05-28T11:09:52.352+0000][1][safepoint    ] Safepoint "RevokeBias", Time since last: 1120700 ns, Reaching safepoint: 131600 ns, At safepoint: 42000 ns, Total: 173600 ns
[2020-05-28T11:09:52.821+0000][1][safepoint    ] Safepoint "RevokeBias", Time since last: 468823700 ns, Reaching safepoint: 142700 ns, At safepoint: 95800 ns, Total: 238500 ns
[2020-05-28T11:09:52.927+0000][1][safepoint    ] Safepoint "RevokeBias", Time since last: 106394500 ns, Reaching safepoint: 101000 ns, At safepoint: 21300 ns, Total: 122300 ns
[2020-05-28T11:09:53.326+0000][1][safepoint    ] Safepoint "Deoptimize", Time since last: 397781900 ns, Reaching safepoint: 84800 ns, At safepoint: 831100 ns, Total: 915900 ns
[2020-05-28T11:09:53.509+0000][1][safepoint    ] Safepoint "Deoptimize", Time since last: 181147300 ns, Reaching safepoint: 1908100 ns, At safepoint: 304100 ns, Total: 2212200 ns
[2020-05-28T11:09:53.812+0000][1][gc,start     ] GC(2) Pause Young (Allocation Failure)
[2020-05-28T11:09:53.813+0000][1][gc,task      ] GC(2) Using 3 workers of 3 for evacuation
[2020-05-28T11:09:53.870+0000][1][gc,age       ] GC(2) Desired survivor size 8945664 bytes, new threshold 6 (max threshold 6)
[2020-05-28T11:09:53.871+0000][1][gc,age       ] GC(2) Age table with threshold 6 (max threshold 6)
[2020-05-28T11:09:53.871+0000][1][gc,age       ] GC(2) - age   1:    3323960 bytes,    3323960 total
[2020-05-28T11:09:53.873+0000][1][gc,age       ] GC(2) - age   2:     681400 bytes,    4005360 total
[2020-05-28T11:09:53.873+0000][1][gc,heap      ] GC(2) ParNew: 146001K->4208K(157248K)
[2020-05-28T11:09:53.874+0000][1][gc,heap      ] GC(2) CMS: 10403K->10403K(349568K)
[2020-05-28T11:09:53.874+0000][1][gc,metaspace ] GC(2) Metaspace: 19826K->19826K(1067008K)
[2020-05-28T11:09:53.874+0000][1][gc           ] GC(2) Pause Young (Allocation Failure) 152M->14M(494M) 62.125ms
[2020-05-28T11:09:53.874+0000][1][gc,cpu       ] GC(2) User=0.02s Sys=0.00s Real=0.06s
[2020-05-28T11:09:53.875+0000][1][safepoint    ] Safepoint "GenCollectForAllocation", Time since last: 299209900 ns, Reaching safepoint: 3330000 ns, At safepoint: 62618800 ns, Total: 65948800 ns
[2020-05-28T11:09:53.875+0000][1][safepoint    ] Safepoint "RevokeBias", Time since last: 450700 ns, Reaching safepoint: 124600 ns, At safepoint: 101100 ns, Total: 225700 ns
[2020-05-28T11:09:53.878+0000][1][safepoint    ] Safepoint "RevokeBias", Time since last: 307100 ns, Reaching safepoint: 2435600 ns, At safepoint: 60200 ns, Total: 2495800 ns
[2020-05-28T11:09:53.879+0000][1][safepoint    ] Safepoint "RevokeBias", Time since last: 1148200 ns, Reaching safepoint: 78700 ns, At safepoint: 83100 ns, Total: 161800 ns
[2020-05-28T11:09:53.880+0000][1][safepoint    ] Safepoint "RevokeBias", Time since last: 541900 ns, Reaching safepoint: 251300 ns, At safepoint: 28200 ns, Total: 279500 ns
[2020-05-28T11:09:53.881+0000][1][safepoint    ] Safepoint "RevokeBias", Time since last: 422000 ns, Reaching safepoint: 97100 ns, At safepoint: 101600 ns, Total: 198700 ns
[2020-05-28T11:09:53.881+0000][1][safepoint    ] Safepoint "RevokeBias", Time since last: 492700 ns, Reaching safepoint: 176400 ns, At safepoint: 30900 ns, Total: 207300 ns
[2020-05-28T11:09:53.882+0000][1][safepoint    ] Safepoint "RevokeBias", Time since last: 388500 ns, Reaching safepoint: 185300 ns, At safepoint: 39800 ns, Total: 225100 ns
[2020-05-28T11:09:53.883+0000][1][safepoint    ] Safepoint "RevokeBias", Time since last: 312800 ns, Reaching safepoint: 154900 ns, At safepoint: 37700 ns, Total: 192600 ns
[2020-05-28T11:09:53.883+0000][1][safepoint    ] Safepoint "RevokeBias", Time since last: 367200 ns, Reaching safepoint: 167000 ns, At safepoint: 49600 ns, Total: 216600 ns
[2020-05-28T11:09:53.884+0000][1][safepoint    ] Safepoint "RevokeBias", Time since last: 269100 ns, Reaching safepoint: 152800 ns, At safepoint: 33300 ns, Total: 186100 ns
[2020-05-28T11:09:53.884+0000][1][safepoint    ] Safepoint "RevokeBias", Time since last: 653000 ns, Reaching safepoint: 65600 ns, At safepoint: 30800 ns, Total: 96400 ns
[2020-05-28T11:09:53.885+0000][1][safepoint    ] Safepoint "RevokeBias", Time since last: 358700 ns, Reaching safepoint: 76000 ns, At safepoint: 35200 ns, Total: 111200 ns
[2020-05-28T11:09:53.885+0000][1][safepoint    ] Safepoint "RevokeBias", Time since last: 458700 ns, Reaching safepoint: 64300 ns, At safepoint: 34600 ns, Total: 98900 ns
[2020-05-28T11:09:53.886+0000][1][safepoint    ] Safepoint "RevokeBias", Time since last: 353600 ns, Reaching safepoint: 83700 ns, At safepoint: 34200 ns, Total: 117900 ns
[2020-05-28T11:09:53.886+0000][1][safepoint    ] Safepoint "RevokeBias", Time since last: 386500 ns, Reaching safepoint: 65000 ns, At safepoint: 30900 ns, Total: 95900 ns
[2020-05-28T11:09:53.887+0000][1][safepoint    ] Safepoint "RevokeBias", Time since last: 357400 ns, Reaching safepoint: 70900 ns, At safepoint: 34200 ns, Total: 105100 ns
[2020-05-28T11:09:53.887+0000][1][safepoint    ] Safepoint "RevokeBias", Time since last: 334100 ns, Reaching safepoint: 67300 ns, At safepoint: 35300 ns, Total: 102600 ns
[2020-05-28T11:09:53.888+0000][1][safepoint    ] Safepoint "RevokeBias", Time since last: 307400 ns, Reaching safepoint: 75800 ns, At safepoint: 34000 ns, Total: 109800 ns
[2020-05-28T11:09:53.888+0000][1][safepoint    ] Safepoint "RevokeBias", Time since last: 296300 ns, Reaching safepoint: 67100 ns, At safepoint: 62900 ns, Total: 130000 ns
[2020-05-28T11:09:53.889+0000][1][safepoint    ] Safepoint "RevokeBias", Time since last: 309600 ns, Reaching safepoint: 180500 ns, At safepoint: 228400 ns, Total: 408900 ns
[2020-05-28T11:09:54.662+0000][1][gc,start     ] GC(3) Pause Young (Allocation Failure)
[2020-05-28T11:09:54.663+0000][1][gc,task      ] GC(3) Using 3 workers of 3 for evacuation
[2020-05-28T11:09:54.831+0000][1][gc,age       ] GC(3) Desired survivor size 8945664 bytes, new threshold 6 (max threshold 6)
[2020-05-28T11:09:54.836+0000][1][gc,age       ] GC(3) Age table with threshold 6 (max threshold 6)
[2020-05-28T11:09:54.836+0000][1][gc,age       ] GC(3) - age   1:    2918120 bytes,    2918120 total
[2020-05-28T11:09:54.836+0000][1][gc,age       ] GC(3) - age   2:    2819624 bytes,    5737744 total
[2020-05-28T11:09:54.837+0000][1][gc,age       ] GC(3) - age   3:     681320 bytes,    6419064 total
[2020-05-28T11:09:54.837+0000][1][gc,heap      ] GC(3) ParNew: 143984K->8245K(157248K)
[2020-05-28T11:09:54.837+0000][1][gc,heap      ] GC(3) CMS: 10403K->10403K(349568K)
[2020-05-28T11:09:54.838+0000][1][gc,metaspace ] GC(3) Metaspace: 20145K->20145K(1067008K)
[2020-05-28T11:09:54.838+0000][1][gc           ] GC(3) Pause Young (Allocation Failure) 150M->18M(494M) 176.311ms
[2020-05-28T11:09:54.840+0000][1][gc,cpu       ] GC(3) User=0.13s Sys=0.01s Real=0.17s
[2020-05-28T11:09:54.843+0000][1][safepoint    ] Safepoint "GenCollectForAllocation", Time since last: 769138600 ns, Reaching safepoint: 4144600 ns, At safepoint: 180921000 ns, Total: 185065600 ns
[2020-05-28T11:09:54.847+0000][1][safepoint    ] Safepoint "RevokeBias", Time since last: 3443800 ns, Reaching safepoint: 441600 ns, At safepoint: 55200 ns, Total: 496800 ns
[2020-05-28T11:09:54.848+0000][1][safepoint    ] Safepoint "RevokeBias", Time since last: 1079600 ns, Reaching safepoint: 365600 ns, At safepoint: 47200 ns, Total: 412800 ns
[2020-05-28T11:09:54.850+0000][1][safepoint    ] Safepoint "RevokeBias", Time since last: 964000 ns, Reaching safepoint: 121700 ns, At safepoint: 48300 ns, Total: 170000 ns
[2020-05-28T11:09:54.850+0000][1][safepoint    ] Safepoint "RevokeBias", Time since last: 540500 ns, Reaching safepoint: 92800 ns, At safepoint: 39800 ns, Total: 132600 ns
[2020-05-28T11:09:54.851+0000][1][safepoint    ] Safepoint "RevokeBias", Time since last: 1026500 ns, Reaching safepoint: 101000 ns, At safepoint: 43200 ns, Total: 144200 ns
[2020-05-28T11:09:54.853+0000][1][safepoint    ] Safepoint "RevokeBias", Time since last: 930500 ns, Reaching safepoint: 114400 ns, At safepoint: 97900 ns, Total: 212300 ns
[2020-05-28T11:09:54.853+0000][1][safepoint    ] Safepoint "RevokeBias", Time since last: 603700 ns, Reaching safepoint: 98500 ns, At safepoint: 33900 ns, Total: 132400 ns
[2020-05-28T11:09:54.854+0000][1][safepoint    ] Safepoint "RevokeBias", Time since last: 350700 ns, Reaching safepoint: 432300 ns, At safepoint: 34100 ns, Total: 466400 ns
[2020-05-28T11:09:54.937+0000][1][safepoint    ] Safepoint "CollectForMetadataAllocation", Time since last: 82756500 ns, Reaching safepoint: 77800 ns, At safepoint: 320000 ns, Total: 397800 ns
[2020-05-28T11:09:55.387+0000][1][safepoint    ] Safepoint "CollectForMetadataAllocation", Time since last: 449922300 ns, Reaching safepoint: 118500 ns, At safepoint: 144700 ns, Total: 263200 ns
[2020-05-28T11:09:55.753+0000][1][gc,start     ] GC(4) Pause Young (Allocation Failure)
[2020-05-28T11:09:55.753+0000][1][gc,task      ] GC(4) Using 3 workers of 3 for evacuation
[2020-05-28T11:09:55.783+0000][1][gc,age       ] GC(4) Desired survivor size 8945664 bytes, new threshold 6 (max threshold 6)
[2020-05-28T11:09:55.783+0000][1][gc,age       ] GC(4) Age table with threshold 6 (max threshold 6)
[2020-05-28T11:09:55.785+0000][1][gc,age       ] GC(4) - age   1:    2125344 bytes,    2125344 total
[2020-05-28T11:09:55.791+0000][1][gc,age       ] GC(4) - age   2:    1264768 bytes,    3390112 total
[2020-05-28T11:09:55.794+0000][1][gc,age       ] GC(4) - age   3:    2819520 bytes,    6209632 total
[2020-05-28T11:09:55.799+0000][1][gc,age       ] GC(4) - age   4:     681320 bytes,    6890952 total
[2020-05-28T11:09:55.801+0000][1][gc,heap      ] GC(4) ParNew: 148021K->10873K(157248K)
[2020-05-28T11:09:55.805+0000][1][gc,heap      ] GC(4) CMS: 10403K->10403K(349568K)
[2020-05-28T11:09:55.809+0000][1][gc,metaspace ] GC(4) Metaspace: 20533K->20533K(1069056K)
[2020-05-28T11:09:55.812+0000][1][gc           ] GC(4) Pause Young (Allocation Failure) 154M->20M(494M) 59.655ms
[2020-05-28T11:09:55.814+0000][1][gc,cpu       ] GC(4) User=0.01s Sys=0.00s Real=0.06s
[2020-05-28T11:09:55.816+0000][1][safepoint    ] Safepoint "GenCollectForAllocation", Time since last: 365005800 ns, Reaching safepoint: 118400 ns, At safepoint: 63570200 ns, Total: 63688600 ns
[2020-05-28T11:09:55.820+0000][1][gc,start     ] GC(5) Pause Initial Mark
[2020-05-28T11:09:55.826+0000][1][gc           ] GC(5) Pause Initial Mark 23M->23M(494M) 6.140ms
[2020-05-28T11:09:55.827+0000][1][gc,cpu       ] GC(5) User=0.00s Sys=0.00s Real=0.01s
[2020-05-28T11:09:55.830+0000][1][safepoint    ] Safepoint "CMS_Initial_Mark", Time since last: 3913500 ns, Reaching safepoint: 116400 ns, At safepoint: 9976600 ns, Total: 10093000 ns
[2020-05-28T11:09:55.841+0000][1][gc           ] GC(5) Concurrent Mark
[2020-05-28T11:09:55.846+0000][1][safepoint    ] Safepoint "RevokeBias", Time since last: 10447900 ns, Reaching safepoint: 5063400 ns, At safepoint: 115800 ns, Total: 5179200 ns
[2020-05-28T11:09:55.851+0000][1][safepoint    ] Safepoint "BulkRevokeBias", Time since last: 5426600 ns, Reaching safepoint: 127100 ns, At safepoint: 72000 ns, Total: 199100 ns
[2020-05-28T11:09:55.858+0000][1][safepoint    ] Safepoint "BulkRevokeBias", Time since last: 5602600 ns, Reaching safepoint: 1132200 ns, At safepoint: 73700 ns, Total: 1205900 ns
[2020-05-28T11:09:55.904+0000][1][gc           ] GC(5) Concurrent Mark 63.057ms
[2020-05-28T11:09:55.911+0000][1][gc,cpu       ] GC(5) User=0.04s Sys=0.01s Real=0.07s
[2020-05-28T11:09:55.912+0000][1][gc           ] GC(5) Concurrent Preclean
[2020-05-28T11:09:55.915+0000][1][gc           ] GC(5) Concurrent Preclean 2.759ms
[2020-05-28T11:09:55.915+0000][1][gc,cpu       ] GC(5) User=0.00s Sys=0.00s Real=0.00s
[2020-05-28T11:09:55.916+0000][1][gc           ] GC(5) Concurrent Abortable Preclean
[2020-05-28T11:09:56.035+0000][1][safepoint    ] Safepoint "CollectForMetadataAllocation", Time since last: 168805700 ns, Reaching safepoint: 7823700 ns, At safepoint: 101600 ns, Total: 7925300 ns
[2020-05-28T11:09:56.169+0000][1][safepoint    ] Safepoint "CollectForMetadataAllocation", Time since last: 133090100 ns, Reaching safepoint: 1215500 ns, At safepoint: 93600 ns, Total: 1309100 ns
[2020-05-28T11:09:56.893+0000][1][gc           ] GC(5) Concurrent Abortable Preclean 976.815ms
[2020-05-28T11:09:56.893+0000][1][gc,cpu       ] GC(5) User=0.49s Sys=0.06s Real=0.98s
[2020-05-28T11:09:56.894+0000][1][gc,start     ] GC(5) Pause Remark
[2020-05-28T11:09:56.997+0000][1][gc           ] GC(5) Pause Remark 142M->142M(494M) 103.368ms
[2020-05-28T11:09:56.999+0000][1][gc,cpu       ] GC(5) User=0.06s Sys=0.01s Real=0.10s
[2020-05-28T11:09:57.012+0000][1][safepoint    ] Safepoint "CMS_Final_Remark", Time since last: 724193500 ns, Reaching safepoint: 56100 ns, At safepoint: 118412700 ns, Total: 118468800 ns
[2020-05-28T11:09:57.018+0000][1][gc           ] GC(5) Concurrent Sweep
[2020-05-28T11:09:57.030+0000][1][gc           ] GC(5) Concurrent Sweep 11.812ms
[2020-05-28T11:09:57.033+0000][1][gc,cpu       ] GC(5) User=0.00s Sys=0.00s Real=0.02s
[2020-05-28T11:09:57.037+0000][1][gc           ] GC(5) Concurrent Reset
[2020-05-28T11:09:57.039+0000][1][gc           ] GC(5) Concurrent Reset 2.182ms
[2020-05-28T11:09:57.041+0000][1][gc,cpu       ] GC(5) User=0.01s Sys=0.00s Real=0.01s
[2020-05-28T11:09:57.042+0000][1][gc,heap      ] GC(5) Old: 10403K->10396K(349568K)
[2020-05-28T11:09:57.111+0000][1][gc,start     ] GC(6) Pause Young (Allocation Failure)
[2020-05-28T11:09:57.115+0000][1][gc,task      ] GC(6) Using 3 workers of 3 for evacuation
[2020-05-28T11:09:57.192+0000][1][gc,age       ] GC(6) Desired survivor size 8945664 bytes, new threshold 5 (max threshold 6)
[2020-05-28T11:09:57.192+0000][1][gc,age       ] GC(6) Age table with threshold 5 (max threshold 6)
[2020-05-28T11:09:57.193+0000][1][gc,age       ] GC(6) - age   1:    2731504 bytes,    2731504 total
[2020-05-28T11:09:57.193+0000][1][gc,age       ] GC(6) - age   2:    1489608 bytes,    4221112 total
[2020-05-28T11:09:57.193+0000][1][gc,age       ] GC(6) - age   3:    1264384 bytes,    5485496 total
[2020-05-28T11:09:57.194+0000][1][gc,age       ] GC(6) - age   4:    2817848 bytes,    8303344 total
[2020-05-28T11:09:57.194+0000][1][gc,age       ] GC(6) - age   5:     681008 bytes,    8984352 total
[2020-05-28T11:09:57.194+0000][1][gc,heap      ] GC(6) ParNew: 150649K->12812K(157248K)
[2020-05-28T11:09:57.195+0000][1][gc,heap      ] GC(6) CMS: 10396K->10396K(349568K)
[2020-05-28T11:09:57.195+0000][1][gc,metaspace ] GC(6) Metaspace: 21343K->21343K(1069056K)
[2020-05-28T11:09:57.196+0000][1][gc           ] GC(6) Pause Young (Allocation Failure) 157M->22M(494M) 85.067ms
[2020-05-28T11:09:57.196+0000][1][gc,cpu       ] GC(6) User=0.05s Sys=0.00s Real=0.09s
[2020-05-28T11:09:57.197+0000][1][safepoint    ] Safepoint "GenCollectForAllocation", Time since last: 95438700 ns, Reaching safepoint: 3492300 ns, At safepoint: 85794700 ns, Total: 89287000 ns
[2020-05-28T11:09:57.935+0000][1][gc,start     ] GC(7) Pause Young (Allocation Failure)
[2020-05-28T11:09:57.936+0000][1][gc,task      ] GC(7) Using 3 workers of 3 for evacuation
[2020-05-28T11:09:57.989+0000][1][gc,age       ] GC(7) Desired survivor size 8945664 bytes, new threshold 6 (max threshold 6)
[2020-05-28T11:09:57.989+0000][1][gc,age       ] GC(7) Age table with threshold 6 (max threshold 6)
[2020-05-28T11:09:57.990+0000][1][gc,age       ] GC(7) - age   1:     737368 bytes,     737368 total
[2020-05-28T11:09:57.990+0000][1][gc,age       ] GC(7) - age   2:     741120 bytes,    1478488 total
[2020-05-28T11:09:57.990+0000][1][gc,age       ] GC(7) - age   3:    1489608 bytes,    2968096 total
[2020-05-28T11:09:57.991+0000][1][gc,age       ] GC(7) - age   4:    1263784 bytes,    4231880 total
[2020-05-28T11:09:57.991+0000][1][gc,age       ] GC(7) - age   5:    2817848 bytes,    7049728 total
[2020-05-28T11:09:57.991+0000][1][gc,heap      ] GC(7) ParNew: 152588K->10909K(157248K)
[2020-05-28T11:09:57.992+0000][1][gc,heap      ] GC(7) CMS: 10396K->11073K(349568K)
[2020-05-28T11:09:57.992+0000][1][gc,metaspace ] GC(7) Metaspace: 21499K->21499K(1069056K)
[2020-05-28T11:09:57.992+0000][1][gc           ] GC(7) Pause Young (Allocation Failure) 159M->21M(494M) 57.384ms
[2020-05-28T11:09:57.993+0000][1][gc,cpu       ] GC(7) User=0.02s Sys=0.01s Real=0.06s
[2020-05-28T11:09:57.993+0000][1][safepoint    ] Safepoint "GenCollectForAllocation", Time since last: 736735300 ns, Reaching safepoint: 1602700 ns, At safepoint: 58144600 ns, Total: 59747300 ns
[2020-05-28T11:09:58.167+0000][1][safepoint    ] Safepoint "Deoptimize", Time since last: 173572100 ns, Reaching safepoint: 113500 ns, At safepoint: 281100 ns, Total: 394600 ns
[2020-05-28T11:09:59.169+0000][1][safepoint    ] Safepoint "Cleanup", Time since last: 1000737000 ns, Reaching safepoint: 1148800 ns, At safepoint: 15300 ns, Total: 1164100 ns
[2020-05-28T11:10:00.101+0000][1][safepoint    ] Safepoint "Deoptimize", Time since last: 931449000 ns, Reaching safepoint: 197800 ns, At safepoint: 316200 ns, Total: 514000 ns
[2020-05-28T11:10:00.161+0000][1][safepoint    ] Safepoint "Deoptimize", Time since last: 57801300 ns, Reaching safepoint: 269600 ns, At safepoint: 1292600 ns, Total: 1562200 ns
[2020-05-28T11:10:00.188+0000][1][safepoint    ] Safepoint "Deoptimize", Time since last: 27396000 ns, Reaching safepoint: 44400 ns, At safepoint: 358800 ns, Total: 403200 ns
[2020-05-28T11:10:00.225+0000][1][safepoint    ] Safepoint "RevokeBias", Time since last: 37195700 ns, Reaching safepoint: 39700 ns, At safepoint: 18200 ns, Total: 57900 ns
[2020-05-28T11:10:00.226+0000][1][safepoint    ] Safepoint "RevokeBias", Time since last: 640100 ns, Reaching safepoint: 141900 ns, At safepoint: 18600 ns, Total: 160500 ns
[2020-05-28T11:10:00.227+0000][1][safepoint    ] Safepoint "RevokeBias", Time since last: 481200 ns, Reaching safepoint: 96900 ns, At safepoint: 16100 ns, Total: 113000 ns
[2020-05-28T11:10:01.232+0000][1][safepoint    ] Safepoint "Cleanup", Time since last: 1000429000 ns, Reaching safepoint: 5017500 ns, At safepoint: 36700 ns, Total: 5054200 ns
[2020-05-28T11:10:02.025+0000][1][gc,start     ] GC(8) Pause Young (Allocation Failure)
[2020-05-28T11:10:02.026+0000][1][gc,task      ] GC(8) Using 3 workers of 3 for evacuation
[2020-05-28T11:10:02.159+0000][1][gc,age       ] GC(8) Desired survivor size 8945664 bytes, new threshold 3 (max threshold 6)
[2020-05-28T11:10:02.160+0000][1][gc,age       ] GC(8) Age table with threshold 3 (max threshold 6)
[2020-05-28T11:10:02.160+0000][1][gc,age       ] GC(8) - age   1:    8278824 bytes,    8278824 total
[2020-05-28T11:10:02.161+0000][1][gc,age       ] GC(8) - age   2:     492432 bytes,    8771256 total
[2020-05-28T11:10:02.161+0000][1][gc,age       ] GC(8) - age   3:     740208 bytes,    9511464 total
[2020-05-28T11:10:02.162+0000][1][gc,age       ] GC(8) - age   4:    1487192 bytes,   10998656 total
[2020-05-28T11:10:02.162+0000][1][gc,age       ] GC(8) - age   5:    1257416 bytes,   12256072 total
[2020-05-28T11:10:02.162+0000][1][gc,age       ] GC(8) - age   6:    2812320 bytes,   15068392 total
[2020-05-28T11:10:02.162+0000][1][gc,heap      ] GC(8) ParNew: 150685K->17472K(157248K)
[2020-05-28T11:10:02.163+0000][1][gc,heap      ] GC(8) CMS: 11073K->11073K(349568K)
[2020-05-28T11:10:02.163+0000][1][gc,metaspace ] GC(8) Metaspace: 28042K->28042K(1075200K)
[2020-05-28T11:10:02.163+0000][1][gc           ] GC(8) Pause Young (Allocation Failure) 157M->27M(494M) 138.282ms
[2020-05-28T11:10:02.164+0000][1][gc,cpu       ] GC(8) User=0.04s Sys=0.01s Real=0.14s
[2020-05-28T11:10:02.164+0000][1][safepoint    ] Safepoint "GenCollectForAllocation", Time since last: 789165900 ns, Reaching safepoint: 3614000 ns, At safepoint: 138877900 ns, Total: 142491900 ns
[2020-05-28T11:10:02.664+0000][1][safepoint    ] Safepoint "Deoptimize", Time since last: 500006900 ns, Reaching safepoint: 32200 ns, At safepoint: 295100 ns, Total: 327300 ns
[2020-05-28T11:10:03.680+0000][1][safepoint    ] Safepoint "Cleanup", Time since last: 1003505400 ns, Reaching safepoint: 12222700 ns, At safepoint: 17000 ns, Total: 12239700 ns
[2020-05-28T11:10:04.682+0000][1][safepoint    ] Safepoint "Cleanup", Time since last: 1001833948 ns, Reaching safepoint: 128200 ns, At safepoint: 12400 ns, Total: 140600 ns
[2020-05-28T11:10:05.374+0000][1][gc,start     ] GC(9) Pause Young (Allocation Failure)
[2020-05-28T11:10:05.382+0000][1][gc,task      ] GC(9) Using 3 workers of 3 for evacuation
[2020-05-28T11:10:06.020+0000][1][gc,age       ] GC(9) Desired survivor size 8945664 bytes, new threshold 1 (max threshold 6)
[2020-05-28T11:10:06.022+0000][1][gc,age       ] GC(9) Age table with threshold 1 (max threshold 6)
[2020-05-28T11:10:06.032+0000][1][gc,age       ] GC(9) - age   1:   10427464 bytes,   10427464 total
[2020-05-28T11:10:06.033+0000][1][gc,age       ] GC(9) - age   2:    6973520 bytes,   17400984 total
[2020-05-28T11:10:06.033+0000][1][gc,age       ] GC(9) - age   3:     490232 bytes,   17891216 total
[2020-05-28T11:10:06.034+0000][1][gc,heap      ] GC(9) ParNew: 157248K->17472K(157248K)
[2020-05-28T11:10:06.034+0000][1][gc,heap      ] GC(9) CMS: 11073K->24675K(349568K)
[2020-05-28T11:10:06.035+0000][1][gc,metaspace ] GC(9) Metaspace: 28373K->28373K(1075200K)
[2020-05-28T11:10:06.035+0000][1][gc           ] GC(9) Pause Young (Allocation Failure) 164M->41M(494M) 660.958ms
[2020-05-28T11:10:06.035+0000][1][gc,cpu       ] GC(9) User=0.17s Sys=0.04s Real=0.66s
[2020-05-28T11:10:06.035+0000][1][safepoint    ] Safepoint "GenCollectForAllocation", Time since last: 691801855 ns, Reaching safepoint: 32900 ns, At safepoint: 661538100 ns, Total: 661571000 ns
[2020-05-28T11:10:06.298+0000][1][safepoint    ] Safepoint "RevokeBias", Time since last: 261896260 ns, Reaching safepoint: 453400 ns, At safepoint: 46000 ns, Total: 499400 ns
[2020-05-28T11:10:06.747+0000][1][safepoint    ] Safepoint "RevokeBias", Time since last: 448531731 ns, Reaching safepoint: 130100 ns, At safepoint: 51400 ns, Total: 181500 ns
[2020-05-28T11:10:07.752+0000][1][safepoint    ] Safepoint "Cleanup", Time since last: 1001623046 ns, Reaching safepoint: 3924800 ns, At safepoint: 21200 ns, Total: 3946000 ns
[2020-05-28T11:10:07.812+0000][1][safepoint    ] Safepoint "RevokeBias", Time since last: 59766990 ns, Reaching safepoint: 51800 ns, At safepoint: 39000 ns, Total: 90800 ns
[2020-05-28T11:10:07.969+0000][1][safepoint    ] Safepoint "RevokeBias", Time since last: 157150076 ns, Reaching safepoint: 42500 ns, At safepoint: 44800 ns, Total: 87300 ns
[2020-05-28T11:10:08.016+0000][1][safepoint    ] Safepoint "RevokeBias", Time since last: 46227193 ns, Reaching safepoint: 31500 ns, At safepoint: 52500 ns, Total: 84000 ns
[2020-05-28T11:10:08.040+0000][1][safepoint    ] Safepoint "RevokeBias", Time since last: 24191996 ns, Reaching safepoint: 39200 ns, At safepoint: 32000 ns, Total: 71200 ns
[2020-05-28T11:10:09.068+0000][1][safepoint    ] Safepoint "Cleanup", Time since last: 1003312347 ns, Reaching safepoint: 23055896 ns, At safepoint: 24300 ns, Total: 23080196 ns
[2020-05-28T11:10:09.151+0000][1][gc,start     ] GC(10) Pause Young (Allocation Failure)
[2020-05-28T11:10:09.170+0000][1][gc,task      ] GC(10) Using 3 workers of 3 for evacuation
[2020-05-28T11:10:10.454+0000][1][gc,age       ] GC(10) Desired survivor size 8945664 bytes, new threshold 6 (max threshold 6)
[2020-05-28T11:10:10.501+0000][1][gc,age       ] GC(10) Age table with threshold 6 (max threshold 6)
[2020-05-28T11:10:10.504+0000][1][gc,age       ] GC(10) - age   1:    5362904 bytes,    5362904 total
[2020-05-28T11:10:10.527+0000][1][gc,heap      ] GC(10) ParNew: 157248K->16313K(157248K)
[2020-05-28T11:10:10.527+0000][1][gc,heap      ] GC(10) CMS: 24675K->43185K(349568K)
[2020-05-28T11:10:10.529+0000][1][gc,metaspace ] GC(10) Metaspace: 34295K->34295K(1081344K)
[2020-05-28T11:10:10.537+0000][1][gc           ] GC(10) Pause Young (Allocation Failure) 177M->58M(494M) 1385.239ms
[2020-05-28T11:10:10.539+0000][1][gc,cpu       ] GC(10) User=0.27s Sys=0.08s Real=1.39s
[2020-05-28T11:10:10.547+0000][1][safepoint    ] Safepoint "GenCollectForAllocation", Time since last: 81656987 ns, Reaching safepoint: 97300 ns, At safepoint: 1399209286 ns, Total: 1399306586 ns
[2020-05-28T11:10:11.562+0000][1][safepoint    ] Safepoint "Cleanup", Time since last: 1004829746 ns, Reaching safepoint: 8891098 ns, At safepoint: 34400 ns, Total: 8925498 ns
[2020-05-28T11:10:11.819+0000][1][safepoint    ] Safepoint "CollectForMetadataAllocation", Time since last: 247833562 ns, Reaching safepoint: 6322099 ns, At safepoint: 2458100 ns, Total: 8780199 ns
[2020-05-28T11:10:12.576+0000][1][gc,start     ] GC(11) Pause Initial Mark
[2020-05-28T11:10:12.673+0000][1][gc           ] GC(11) Pause Initial Mark 98M->98M(494M) 97.321ms
[2020-05-28T11:10:12.675+0000][1][gc,cpu       ] GC(11) User=0.02s Sys=0.01s Real=0.10s
[2020-05-28T11:10:12.675+0000][1][safepoint    ] Safepoint "CMS_Initial_Mark", Time since last: 747917726 ns, Reaching safepoint: 9980503 ns, At safepoint: 100064437 ns, Total: 110044940 ns
[2020-05-28T11:10:12.676+0000][1][gc           ] GC(11) Concurrent Mark
[2020-05-28T11:10:12.829+0000][1][gc           ] GC(11) Concurrent Mark 140.099ms
[2020-05-28T11:10:12.892+0000][1][gc,cpu       ] GC(11) User=0.14s Sys=0.02s Real=0.22s
[2020-05-28T11:10:12.892+0000][1][gc           ] GC(11) Concurrent Preclean
[2020-05-28T11:10:12.905+0000][1][gc           ] GC(11) Concurrent Preclean 12.527ms
[2020-05-28T11:10:12.909+0000][1][gc,cpu       ] GC(11) User=0.01s Sys=0.00s Real=0.01s
[2020-05-28T11:10:12.910+0000][1][gc           ] GC(11) Concurrent Abortable Preclean
[2020-05-28T11:10:13.626+0000][1][safepoint    ] Safepoint "CollectForMetadataAllocation", Time since last: 921539240 ns, Reaching safepoint: 23283409 ns, At safepoint: 5799802 ns, Total: 29083211 ns
[2020-05-28T11:10:17.198+0000][1][safepoint    ] Safepoint "CollectForMetadataAllocation", Time since last: 3555396611 ns, Reaching safepoint: 11619105 ns, At safepoint: 3824301 ns, Total: 15443406 ns
[2020-05-28T11:10:17.979+0000][1][gc           ] GC(11) Concurrent Abortable Preclean 5057.899ms
[2020-05-28T11:10:18.103+0000][1][gc,cpu       ] GC(11) User=2.45s Sys=0.37s Real=5.19s
[2020-05-28T11:10:18.319+0000][1][gc,start     ] GC(11) Pause Remark
[2020-05-28T11:10:19.998+0000][1][gc           ] GC(11) Pause Remark 101M->101M(494M) 1655.726ms
[2020-05-28T11:10:20.116+0000][1][gc,cpu       ] GC(11) User=0.06s Sys=0.04s Real=1.79s
[2020-05-28T11:10:20.203+0000][1][safepoint    ] Safepoint "CMS_Final_Remark", Time since last: 1081802431 ns, Reaching safepoint: 35704398 ns, At safepoint: 1884217913 ns, Total: 1919922311 ns
[2020-05-28T11:10:20.343+0000][1][gc           ] GC(11) Concurrent Sweep
[2020-05-28T11:10:20.682+0000][1][gc           ] GC(11) Concurrent Sweep 340.746ms
[2020-05-28T11:10:20.837+0000][1][gc,cpu       ] GC(11) User=0.04s Sys=0.03s Real=0.48s
[2020-05-28T11:10:21.060+0000][1][gc           ] GC(11) Concurrent Reset
[2020-05-28T11:10:21.268+0000][1][gc           ] GC(11) Concurrent Reset 225.147ms
[2020-05-28T11:10:21.452+0000][1][gc,cpu       ] GC(11) User=0.01s Sys=0.02s Real=0.40s
[2020-05-28T11:10:21.614+0000][1][gc,heap      ] GC(11) Old: 43185K->43016K(349568K)
[2020-05-28T11:10:23.413+0000][1][safepoint    ] Safepoint "Cleanup", Time since last: 3147762067 ns, Reaching safepoint: 58406011 ns, At safepoint: 5779301 ns, Total: 64185312 ns
[2020-05-28T11:10:24.554+0000][1][safepoint    ] Safepoint "Cleanup", Time since last: 1119165210 ns, Reaching safepoint: 14824803 ns, At safepoint: 23400 ns, Total: 14848203 ns
[2020-05-28T11:10:25.683+0000][1][safepoint    ] Safepoint "Cleanup", Time since last: 1125746710 ns, Reaching safepoint: 12229503 ns, At safepoint: 39700 ns, Total: 12269203 ns
[2020-05-28T11:10:26.764+0000][1][safepoint    ] Safepoint "Cleanup", Time since last: 1065912499 ns, Reaching safepoint: 15558303 ns, At safepoint: 48100 ns, Total: 15606403 ns
[2020-05-28T11:10:27.850+0000][1][safepoint    ] Safepoint "Cleanup", Time since last: 1054077197 ns, Reaching safepoint: 27158206 ns, At safepoint: 1879300 ns, Total: 29037506 ns
[2020-05-28T11:10:29.001+0000][1][safepoint    ] Safepoint "Cleanup", Time since last: 1133386412 ns, Reaching safepoint: 20106704 ns, At safepoint: 19700 ns, Total: 20126404 ns
[2020-05-28T11:10:29.147+0000][1][safepoint    ] Safepoint "RevokeBias", Time since last: 137032425 ns, Reaching safepoint: 7817401 ns, At safepoint: 135100 ns, Total: 7952501 ns
[2020-05-28T11:10:29.375+0000][1][safepoint    ] Safepoint "Deoptimize", Time since last: 213984432 ns, Reaching safepoint: 6297801 ns, At safepoint: 8813202 ns, Total: 15111003 ns
[2020-05-28T11:10:30.443+0000][1][safepoint    ] Safepoint "Cleanup", Time since last: 1056137559 ns, Reaching safepoint: 9976102 ns, At safepoint: 29200 ns, Total: 10005302 ns
[2020-05-28T11:10:31.531+0000][1][safepoint    ] Safepoint "Cleanup", Time since last: 1074320762 ns, Reaching safepoint: 14510303 ns, At safepoint: 52400 ns, Total: 14562703 ns
[2020-05-28T11:10:32.626+0000][1][safepoint    ] Safepoint "Cleanup", Time since last: 1082424363 ns, Reaching safepoint: 14019702 ns, At safepoint: 43300 ns, Total: 14063002 ns
[2020-05-28T11:10:45.000+0000][1][safepoint    ] Safepoint "Cleanup", Time since last: 12252323707 ns, Reaching safepoint: 98025803 ns, At safepoint: 11594300 ns, Total: 109620103 ns
[2020-05-28T11:10:45.484+0000][1][safepoint    ] Safepoint "RevokeBias", Time since last: 377216808 ns, Reaching safepoint: 76488601 ns, At safepoint: 16226001 ns, Total: 92714602 ns
[2020-05-28T11:10:52.833+0000][1][safepoint    ] Safepoint "Cleanup", Time since last: 7349107449 ns, Reaching safepoint: 21935001 ns, At safepoint: 2314900 ns, Total: 24249901 ns
[2020-05-28T11:10:57.009+0000][1][safepoint    ] Safepoint "Cleanup", Time since last: 4158801510 ns, Reaching safepoint: 18384900 ns, At safepoint: 37200 ns, Total: 18422100 ns
[2020-05-28T11:10:58.133+0000][1][safepoint    ] Safepoint "Cleanup", Time since last: 1079228234 ns, Reaching safepoint: 21705401 ns, At safepoint: 18100 ns, Total: 21723501 ns
[2020-05-28T11:10:59.347+0000][1][safepoint    ] Safepoint "Cleanup", Time since last: 1164191836 ns, Reaching safepoint: 48512301 ns, At safepoint: 4883901 ns, Total: 53396202 ns
[2020-05-28T11:11:02.555+0000][1][safepoint    ] Safepoint "Cleanup", Time since last: 3156519098 ns, Reaching safepoint: 69847202 ns, At safepoint: 1290800 ns, Total: 71138002 ns
[2020-05-28T11:11:03.694+0000][1][safepoint    ] Safepoint "Cleanup", Time since last: 1116525134 ns, Reaching safepoint: 22492500 ns, At safepoint: 33500 ns, Total: 22526000 ns
[2020-05-28T11:11:05.579+0000][1][safepoint    ] Safepoint "RevokeBias", Time since last: 1832167553 ns, Reaching safepoint: 30186001 ns, At safepoint: 16301600 ns, Total: 46487601 ns
[2020-05-28T11:11:06.688+0000][1][safepoint    ] Safepoint "Cleanup", Time since last: 1097272632 ns, Reaching safepoint: 18170600 ns, At safepoint: 48200 ns, Total: 18218800 ns
[2020-05-28T11:11:07.811+0000][1][safepoint    ] Safepoint "Cleanup", Time since last: 1100248032 ns, Reaching safepoint: 21552900 ns, At safepoint: 35500 ns, Total: 21588400 ns
[2020-05-28T11:11:08.910+0000][1][safepoint    ] Safepoint "Cleanup", Time since last: 1067032731 ns, Reaching safepoint: 33160101 ns, At safepoint: 72500 ns, Total: 33232601 ns
[2020-05-28T11:11:10.037+0000][1][safepoint    ] Safepoint "Cleanup", Time since last: 1108139832 ns, Reaching safepoint: 18058000 ns, At safepoint: 35100 ns, Total: 18093100 ns
[2020-05-28T11:11:10.996+0000][1][safepoint    ] Safepoint "RevokeBias", Time since last: 863504225 ns, Reaching safepoint: 54476302 ns, At safepoint: 25740400 ns, Total: 80216702 ns
[2020-05-28T11:11:11.155+0000][1][safepoint    ] Safepoint "RevokeBias", Time since last: 166612005 ns, Reaching safepoint: 7815900 ns, At safepoint: 164700 ns, Total: 7980600 ns
[2020-05-28T11:11:11.295+0000][1][safepoint    ] Safepoint "BulkRevokeBias", Time since last: 126444304 ns, Reaching safepoint: 9939800 ns, At safepoint: 3874200 ns, Total: 13814000 ns
[2020-05-28T11:11:11.696+0000][1][safepoint    ] Safepoint "RevokeBias", Time since last: 334495111 ns, Reaching safepoint: 56057701 ns, At safepoint: 9884001 ns, Total: 65941702 ns
[2020-05-28T11:11:11.794+0000][1][safepoint    ] Safepoint "RevokeBias", Time since last: 74826002 ns, Reaching safepoint: 22182201 ns, At safepoint: 959500 ns, Total: 23141701 ns
[2020-05-28T11:11:12.038+0000][1][safepoint    ] Safepoint "RevokeBias", Time since last: 207243006 ns, Reaching safepoint: 35184601 ns, At safepoint: 2187100 ns, Total: 37371701 ns
[2020-05-28T11:11:12.240+0000][1][safepoint    ] Safepoint "RevokeBias", Time since last: 148496605 ns, Reaching safepoint: 39791901 ns, At safepoint: 13867400 ns, Total: 53659301 ns
[2020-05-28T11:11:12.499+0000][1][safepoint    ] Safepoint "RevokeBias", Time since last: 140662704 ns, Reaching safepoint: 105232304 ns, At safepoint: 9768900 ns, Total: 115001204 ns
[2020-05-28T11:11:12.551+0000][1][safepoint    ] Safepoint "RevokeBias", Time since last: 53860102 ns, Reaching safepoint: 578500 ns, At safepoint: 191900 ns, Total: 770400 ns
[2020-05-28T11:11:12.553+0000][1][safepoint    ] Safepoint "RevokeBias", Time since last: 1913800 ns, Reaching safepoint: 146300 ns, At safepoint: 83700 ns, Total: 230000 ns
[2020-05-28T11:11:12.560+0000][1][safepoint    ] Safepoint "RevokeBias", Time since last: 3905600 ns, Reaching safepoint: 3321900 ns, At safepoint: 161400 ns, Total: 3483300 ns
[2020-05-28T11:11:12.565+0000][1][safepoint    ] Safepoint "RevokeBias", Time since last: 3754300 ns, Reaching safepoint: 791300 ns, At safepoint: 62800 ns, Total: 854100 ns
[2020-05-28T11:11:12.572+0000][1][safepoint    ] Safepoint "RevokeBias", Time since last: 4010700 ns, Reaching safepoint: 3437200 ns, At safepoint: 116800 ns, Total: 3554000 ns
[2020-05-28T11:11:12.576+0000][1][safepoint    ] Safepoint "RevokeBias", Time since last: 2549000 ns, Reaching safepoint: 828100 ns, At safepoint: 208000 ns, Total: 1036100 ns
[2020-05-28T11:11:12.584+0000][1][safepoint    ] Safepoint "RevokeBias", Time since last: 392100 ns, Reaching safepoint: 7816401 ns, At safepoint: 146900 ns, Total: 7963301 ns
[2020-05-28T11:11:12.585+0000][1][safepoint    ] Safepoint "RevokeBias", Time since last: 434700 ns, Reaching safepoint: 29400 ns, At safepoint: 55500 ns, Total: 84900 ns
[2020-05-28T11:11:12.586+0000][1][safepoint    ] Safepoint "RevokeBias", Time since last: 701600 ns, Reaching safepoint: 22900 ns, At safepoint: 52900 ns, Total: 75800 ns
[2020-05-28T11:11:12.590+0000][1][safepoint    ] Safepoint "RevokeBias", Time since last: 669400 ns, Reaching safepoint: 3241000 ns, At safepoint: 59700 ns, Total: 3300700 ns
[2020-05-28T11:11:12.596+0000][1][safepoint    ] Safepoint "RevokeBias", Time since last: 522500 ns, Reaching safepoint: 5494200 ns, At safepoint: 40400 ns, Total: 5534600 ns
[2020-05-28T11:11:12.599+0000][1][safepoint    ] Safepoint "RevokeBias", Time since last: 403400 ns, Reaching safepoint: 3195900 ns, At safepoint: 69400 ns, Total: 3265300 ns
[2020-05-28T11:11:12.605+0000][1][safepoint    ] Safepoint "RevokeBias", Time since last: 4528800 ns, Reaching safepoint: 921800 ns, At safepoint: 73000 ns, Total: 994800 ns
[2020-05-28T11:11:12.608+0000][1][safepoint    ] Safepoint "RevokeBias", Time since last: 2887000 ns, Reaching safepoint: 529200 ns, At safepoint: 90800 ns, Total: 620000 ns
[2020-05-28T11:11:12.612+0000][1][safepoint    ] Safepoint "RevokeBias", Time since last: 981400 ns, Reaching safepoint: 2684401 ns, At safepoint: 91500 ns, Total: 2775901 ns
[2020-05-28T11:11:12.614+0000][1][safepoint    ] Safepoint "BulkRevokeBias", Time since last: 500700 ns, Reaching safepoint: 1103400 ns, At safepoint: 215100 ns, Total: 1318500 ns
[2020-05-28T11:11:12.616+0000][1][safepoint    ] Safepoint "RevokeBias", Time since last: 1276800 ns, Reaching safepoint: 342400 ns, At safepoint: 412300 ns, Total: 754700 ns
[2020-05-28T11:11:12.617+0000][1][safepoint    ] Safepoint "RevokeBias", Time since last: 1105800 ns, Reaching safepoint: 260800 ns, At safepoint: 111300 ns, Total: 372100 ns
[2020-05-28T11:11:12.746+0000][1][safepoint    ] Safepoint "RevokeBias", Time since last: 47107201 ns, Reaching safepoint: 70993302 ns, At safepoint: 5604700 ns, Total: 76598002 ns
[2020-05-28T11:11:12.849+0000][1][safepoint    ] Safepoint "RevokeBias", Time since last: 81682103 ns, Reaching safepoint: 24089201 ns, At safepoint: 878000 ns, Total: 24967201 ns
[2020-05-28T11:11:12.958+0000][1][safepoint    ] Safepoint "RevokeBias", Time since last: 92133803 ns, Reaching safepoint: 15040600 ns, At safepoint: 1562600 ns, Total: 16603200 ns
[2020-05-28T11:11:13.109+0000][1][safepoint    ] Safepoint "RevokeBias", Time since last: 144572904 ns, Reaching safepoint: 5483401 ns, At safepoint: 568400 ns, Total: 6051801 ns
[2020-05-28T11:11:13.402+0000][1][safepoint    ] Safepoint "RevokeBias", Time since last: 203085306 ns, Reaching safepoint: 48052101 ns, At safepoint: 28603601 ns, Total: 76655702 ns
[2020-05-28T11:11:13.485+0000][1][safepoint    ] Safepoint "RevokeBias", Time since last: 72443802 ns, Reaching safepoint: 13506301 ns, At safepoint: 8422000 ns, Total: 21928301 ns
[2020-05-28T11:11:13.678+0000][1][safepoint    ] Safepoint "RevokeBias", Time since last: 147671105 ns, Reaching safepoint: 28394100 ns, At safepoint: 13551801 ns, Total: 41945901 ns
[2020-05-28T11:11:13.884+0000][1][safepoint    ] Safepoint "RevokeBias", Time since last: 187672606 ns, Reaching safepoint: 24254400 ns, At safepoint: 1686400 ns, Total: 25940800 ns
[2020-05-28T11:11:14.072+0000][1][safepoint    ] Safepoint "RevokeBias", Time since last: 158485105 ns, Reaching safepoint: 25543701 ns, At safepoint: 3627200 ns, Total: 29170901 ns
[2020-05-28T11:11:14.258+0000][1][safepoint    ] Safepoint "RevokeBias", Time since last: 175140805 ns, Reaching safepoint: 8602601 ns, At safepoint: 1728300 ns, Total: 10330901 ns
[2020-05-28T11:11:14.378+0000][1][safepoint    ] Safepoint "RevokeBias", Time since last: 112419203 ns, Reaching safepoint: 5271200 ns, At safepoint: 2820100 ns, Total: 8091300 ns
[2020-05-28T11:11:14.491+0000][1][safepoint    ] Safepoint "RevokeBias", Time since last: 102598204 ns, Reaching safepoint: 9820100 ns, At safepoint: 78700 ns, Total: 9898800 ns
[2020-05-28T11:11:14.605+0000][1][safepoint    ] Safepoint "RevokeBias", Time since last: 92136703 ns, Reaching safepoint: 18370300 ns, At safepoint: 4189000 ns, Total: 22559300 ns
[2020-05-28T11:11:14.808+0000][1][safepoint    ] Safepoint "RevokeBias", Time since last: 159759205 ns, Reaching safepoint: 33279501 ns, At safepoint: 3594000 ns, Total: 36873501 ns
[2020-05-28T11:11:15.062+0000][1][safepoint    ] Safepoint "RevokeBias", Time since last: 203316607 ns, Reaching safepoint: 32270701 ns, At safepoint: 11624600 ns, Total: 43895301 ns
[2020-05-28T11:11:15.276+0000][1][safepoint    ] Safepoint "RevokeBias", Time since last: 165203805 ns, Reaching safepoint: 34341301 ns, At safepoint: 16806001 ns, Total: 51147302 ns
[2020-05-28T11:11:15.441+0000][1][safepoint    ] Safepoint "RevokeBias", Time since last: 132968004 ns, Reaching safepoint: 7585800 ns, At safepoint: 21518501 ns, Total: 29104301 ns
[2020-05-28T11:11:15.666+0000][1][safepoint    ] Safepoint "RevokeBias", Time since last: 179569605 ns, Reaching safepoint: 37538701 ns, At safepoint: 10808700 ns, Total: 48347401 ns
[2020-05-28T11:11:15.910+0000][1][safepoint    ] Safepoint "RevokeBias", Time since last: 211291107 ns, Reaching safepoint: 30943901 ns, At safepoint: 4597800 ns, Total: 35541701 ns
[2020-05-28T11:11:18.983+0000][1][safepoint    ] Safepoint "Cleanup", Time since last: 2990248991 ns, Reaching safepoint: 55600002 ns, At safepoint: 8579500 ns, Total: 64179502 ns
[2020-05-28T11:11:20.157+0000][1][safepoint    ] Safepoint "Cleanup", Time since last: 1189271421 ns, Reaching safepoint: 9369300 ns, At safepoint: 52400 ns, Total: 9421700 ns
[2020-05-28T11:11:29.390+0000][1][safepoint    ] Safepoint "Cleanup", Time since last: 9210236404 ns, Reaching safepoint: 13958599 ns, At safepoint: 43600 ns, Total: 14002199 ns
[2020-05-28T11:12:06.254+0000][1][safepoint    ] Safepoint "Cleanup", Time since last: 36683033645 ns, Reaching safepoint: 130997373 ns, At safepoint: 18369197 ns, Total: 149366570 ns
[2020-05-28T11:12:45.465+0000][1][safepoint    ] Safepoint "Cleanup", Time since last: 39077629441 ns, Reaching safepoint: 128845601 ns, At safepoint: 16817500 ns, Total: 145663101 ns
[2020-05-28T11:13:00.973+0000][1][safepoint    ] Safepoint "Cleanup", Time since last: 15359966691 ns, Reaching safepoint: 163077301 ns, At safepoint: 4534500 ns, Total: 167611801 ns
[2020-05-28T11:13:04.248+0000][1][safepoint    ] Safepoint "Cleanup", Time since last: 3232991579 ns, Reaching safepoint: 35251611 ns, At safepoint: 7818202 ns, Total: 43069813 ns
[2020-05-28T11:13:12.527+0000][1][safepoint    ] Safepoint "Cleanup", Time since last: 8219792826 ns, Reaching safepoint: 45836198 ns, At safepoint: 7004000 ns, Total: 52840198 ns
[2020-05-28T11:13:13.779+0000][1][safepoint    ] Safepoint "Cleanup", Time since last: 1202584447 ns, Reaching safepoint: 57223198 ns, At safepoint: 2167500 ns, Total: 59390698 ns
[2020-05-28T11:13:15.071+0000][1][safepoint    ] Safepoint "Cleanup", Time since last: 1199471647 ns, Reaching safepoint: 64772997 ns, At safepoint: 9304000 ns, Total: 74076997 ns
[2020-05-28T11:13:19.450+0000][1][safepoint    ] Safepoint "Cleanup", Time since last: 4273358511 ns, Reaching safepoint: 113280596 ns, At safepoint: 57000 ns, Total: 113337596 ns
[2020-05-28T11:13:22.359+0000][1][safepoint    ] Safepoint "Cleanup", Time since last: 1795795969 ns, Reaching safepoint: 1052447481 ns, At safepoint: 28645099 ns, Total: 1081092580 ns
[2020-05-28T11:13:23.974+0000][1][safepoint    ] Safepoint "Cleanup", Time since last: 1567351073 ns, Reaching safepoint: 57880699 ns, At safepoint: 12760699 ns, Total: 70641398 ns
[2020-05-28T11:13:33.190+0000][1][safepoint    ] Safepoint "Cleanup", Time since last: 8334365409 ns, Reaching safepoint: 849196904 ns, At safepoint: 15325301 ns, Total: 864522205 ns
[2020-05-28T11:13:37.032+0000][1][safepoint    ] Safepoint "Cleanup", Time since last: 3709879420 ns, Reaching safepoint: 131866001 ns, At safepoint: 10685400 ns, Total: 142551401 ns
[2020-05-28T11:13:41.477+0000][1][safepoint    ] Safepoint "Cleanup", Time since last: 4416691023 ns, Reaching safepoint: 39450100 ns, At safepoint: 1808400 ns, Total: 41258500 ns
[2020-05-28T11:13:42.846+0000][1][safepoint    ] Safepoint "Cleanup", Time since last: 1235584506 ns, Reaching safepoint: 109142401 ns, At safepoint: 24381100 ns, Total: 133523501 ns
[2020-05-28T11:13:44.382+0000][1][safepoint    ] Safepoint "Cleanup", Time since last: 1365534307 ns, Reaching safepoint: 157488000 ns, At safepoint: 7052101 ns, Total: 164540101 ns
[2020-05-28T11:13:48.822+0000][1][safepoint    ] Safepoint "Cleanup", Time since last: 4284148320 ns, Reaching safepoint: 164303401 ns, At safepoint: 11652700 ns, Total: 175956101 ns
[2020-05-28T11:14:01.195+0000][1][safepoint    ] Safepoint "Cleanup", Time since last: 12365942554 ns, Reaching safepoint: 12123800 ns, At safepoint: 29600 ns, Total: 12153400 ns
[2020-05-28T11:14:03.328+0000][1][safepoint    ] Safepoint "Cleanup", Time since last: 2086035609 ns, Reaching safepoint: 29558400 ns, At safepoint: 5878300 ns, Total: 35436700 ns
[2020-05-28T11:14:04.513+0000][1][safepoint    ] Safepoint "Cleanup", Time since last: 1126065905 ns, Reaching safepoint: 44650201 ns, At safepoint: 1940500 ns, Total: 46590701 ns
[2020-05-28T11:14:06.803+0000][1][safepoint    ] Safepoint "Cleanup", Time since last: 2170654515 ns, Reaching safepoint: 115731601 ns, At safepoint: 10405400 ns, Total: 126137001 ns
[2020-05-28T11:14:27.122+0000][1][safepoint    ] Safepoint "Cleanup", Time since last: 1262958709 ns, Reaching safepoint: 18541547113 ns, At safepoint: 19127300 ns, Total: 18560674413 ns
