[2020-05-28T10:56:00.602+0000][72][gc] Using Concurrent Mark Sweep
[2020-05-28T10:56:00.650+0000][72][gc,heap,coops] Heap address: 0x00000000e0000000, size: 512 MB, Compressed Oops mode: 32-bit
[2020-05-28T10:56:01.374+0000][72][safepoint    ] Safepoint "EnableBiasedLocking", Time since last: 344334300 ns, Reaching safepoint: 129700 ns, At safepoint: 62100 ns, Total: 191800 ns
[2020-05-28T10:56:01.383+0000][72][gc,heap,exit ] Heap
[2020-05-28T10:56:01.383+0000][72][gc,heap,exit ]  par new generation   total 157248K, used 8386K [0x00000000e0000000, 0x00000000eaaa0000, 0x00000000eaaa0000)
[2020-05-28T10:56:01.384+0000][72][gc,heap,exit ]   eden space 139776K,   6% used [0x00000000e0000000, 0x00000000e0830bc8, 0x00000000e8880000)
[2020-05-28T10:56:01.385+0000][72][gc,heap,exit ]   from space 17472K,   0% used [0x00000000e8880000, 0x00000000e8880000, 0x00000000e9990000)
[2020-05-28T10:56:01.386+0000][72][gc,heap,exit ]   to   space 17472K,   0% used [0x00000000e9990000, 0x00000000e9990000, 0x00000000eaaa0000)
[2020-05-28T10:56:01.388+0000][72][gc,heap,exit ]  concurrent mark-sweep generation total 349568K, used 0K [0x00000000eaaa0000, 0x0000000100000000, 0x0000000100000000)
[2020-05-28T10:56:01.388+0000][72][gc,heap,exit ]  Metaspace       used 164K, capacity 4480K, committed 4480K, reserved 1056768K
[2020-05-28T10:56:01.389+0000][72][gc,heap,exit ]   class space    used 6K, capacity 384K, committed 384K, reserved 1048576K
